C:[29/10/2012 13:34:47.97][172.16.8.250][1342] SELECT pre_cod_asig1,pre_cod_asig2,pre_cod_asig3,pre_cod_asig4,pre_cod_asig5,pre_cod_asig6,pre_cod_asig7 FROM tblaca009 WHERE pensum='5' AND c_uni_ca='5' AND c_asigna='355570' [1][0] OK
C:[29/10/2012 13:34:47.97][172.16.8.250][1355] SELECT c_asigna FROM dace004 WHERE exp_e='10-20805809' AND c_asigna='355447' AND status IN ('0','3','B') [1][0] OK
C:[29/10/2012 13:34:47.97][172.16.8.250][1342] SELECT pre_cod_asig1,pre_cod_asig2,pre_cod_asig3,pre_cod_asig4,pre_cod_asig5,pre_cod_asig6,pre_cod_asig7 FROM tblaca009 WHERE pensum='5' AND c_uni_ca='5' AND c_asigna='355571' [1][0] OK
C:[29/10/2012 13:34:47.97][172.16.8.250][1355] SELECT c_asigna FROM dace004 WHERE exp_e='10-20805809' AND c_asigna='355447' AND status IN ('0','3','B') [1][0] OK
C:[29/10/2012 13:34:47.97][172.16.8.250][1342] SELECT pre_cod_asig1,pre_cod_asig2,pre_cod_asig3,pre_cod_asig4,pre_cod_asig5,pre_cod_asig6,pre_cod_asig7 FROM tblaca009 WHERE pensum='5' AND c_uni_ca='5' AND c_asigna='355572' [1][0] OK
C:[29/10/2012 13:34:47.97][172.16.8.250][1355] SELECT c_asigna FROM dace004 WHERE exp_e='10-20805809' AND c_asigna='300428' AND status IN ('0','3','B') [1][0] OK
C:[29/10/2012 13:34:47.97][172.16.8.250][1342] SELECT pre_cod_asig1,pre_cod_asig2,pre_cod_asig3,pre_cod_asig4,pre_cod_asig5,pre_cod_asig6,pre_cod_asig7 FROM tblaca009 WHERE pensum='5' AND c_uni_ca='5' AND c_asigna='355573' [1][0] OK
C:[29/10/2012 13:34:47.97][172.16.8.250][1355] SELECT c_asigna FROM dace004 WHERE exp_e='10-20805809' AND c_asigna='355448' AND status IN ('0','3','B') [1][0] OK
C:[29/10/2012 13:34:47.97][172.16.8.250][1342] SELECT pre_cod_asig1,pre_cod_asig2,pre_cod_asig3,pre_cod_asig4,pre_cod_asig5,pre_cod_asig6,pre_cod_asig7 FROM tblaca009 WHERE pensum='5' AND c_uni_ca='5' AND c_asigna='355595' [1][0] OK
C:[29/10/2012 13:34:47.97][172.16.8.250][1355] SELECT c_asigna FROM dace004 WHERE exp_e='10-20805809' AND c_asigna='351451' AND status IN ('0','3','B') [1][0] OK
C:[29/10/2012 13:34:47.97][172.16.8.250][1355] SELECT c_asigna FROM dace004 WHERE exp_e='10-20805809' AND c_asigna='355350' AND status IN ('0','3','B') [1][0] OK
C:[29/10/2012 13:34:47.97][172.16.8.250][1355] SELECT c_asigna FROM dace004 WHERE exp_e='10-20805809' AND c_asigna='300318' AND status IN ('0','3','B') [1][0] OK
C:[29/10/2012 13:34:47.47][172.16.8.250][1386] SELECT par_cod_asig1,par_cod_asig2,par_cod_asig3 FROM tblaca009 WHERE pensum='5' AND c_uni_ca='5' AND c_asigna='355570' [1][0] OK
C:[29/10/2012 13:34:47.47][172.16.8.250][1386] SELECT par_cod_asig1,par_cod_asig2,par_cod_asig3 FROM tblaca009 WHERE pensum='5' AND c_uni_ca='5' AND c_asigna='355571' [1][0] OK
C:[29/10/2012 13:34:47.47][172.16.8.250][1386] SELECT par_cod_asig1,par_cod_asig2,par_cod_asig3 FROM tblaca009 WHERE pensum='5' AND c_uni_ca='5' AND c_asigna='355572' [1][0] OK
C:[29/10/2012 13:34:47.47][172.16.8.250][1386] SELECT par_cod_asig1,par_cod_asig2,par_cod_asig3 FROM tblaca009 WHERE pensum='5' AND c_uni_ca='5' AND c_asigna='355573' [1][0] OK
C:[29/10/2012 13:34:47.47][172.16.8.250][1386] SELECT par_cod_asig1,par_cod_asig2,par_cod_asig3 FROM tblaca009 WHERE pensum='5' AND c_uni_ca='5' AND c_asigna='355595' [1][0] OK
C:[29/10/2012 13:34:47.11][172.16.8.250][1516] SELECT horas_lab FROM tblaca008 WHERE c_asigna='355570' AND horas_teoricas > 0 [1][0] OK
C:[29/10/2012 13:35:24.76][172.16.8.250][1342] SELECT pre_cod_asig1,pre_cod_asig2,pre_cod_asig3,pre_cod_asig4,pre_cod_asig5,pre_cod_asig6,pre_cod_asig7 FROM tblaca009 WHERE pensum='5' AND c_uni_ca='5' AND c_asigna='355570' [1][0] OK
C:[29/10/2012 13:35:24.76][172.16.8.250][1355] SELECT c_asigna FROM dace004 WHERE exp_e='10-20805809' AND c_asigna='355447' AND status IN ('0','3','B') [1][0] OK
C:[29/10/2012 13:35:24.76][172.16.8.250][1342] SELECT pre_cod_asig1,pre_cod_asig2,pre_cod_asig3,pre_cod_asig4,pre_cod_asig5,pre_cod_asig6,pre_cod_asig7 FROM tblaca009 WHERE pensum='5' AND c_uni_ca='5' AND c_asigna='355571' [1][0] OK
C:[29/10/2012 13:35:24.76][172.16.8.250][1355] SELECT c_asigna FROM dace004 WHERE exp_e='10-20805809' AND c_asigna='355447' AND status IN ('0','3','B') [1][0] OK
C:[29/10/2012 13:35:24.76][172.16.8.250][1342] SELECT pre_cod_asig1,pre_cod_asig2,pre_cod_asig3,pre_cod_asig4,pre_cod_asig5,pre_cod_asig6,pre_cod_asig7 FROM tblaca009 WHERE pensum='5' AND c_uni_ca='5' AND c_asigna='355572' [1][0] OK
C:[29/10/2012 13:35:24.76][172.16.8.250][1355] SELECT c_asigna FROM dace004 WHERE exp_e='10-20805809' AND c_asigna='300428' AND status IN ('0','3','B') [1][0] OK
C:[29/10/2012 13:35:24.76][172.16.8.250][1342] SELECT pre_cod_asig1,pre_cod_asig2,pre_cod_asig3,pre_cod_asig4,pre_cod_asig5,pre_cod_asig6,pre_cod_asig7 FROM tblaca009 WHERE pensum='5' AND c_uni_ca='5' AND c_asigna='355573' [1][0] OK
C:[29/10/2012 13:35:24.76][172.16.8.250][1355] SELECT c_asigna FROM dace004 WHERE exp_e='10-20805809' AND c_asigna='355448' AND status IN ('0','3','B') [1][0] OK
C:[29/10/2012 13:35:24.76][172.16.8.250][1342] SELECT pre_cod_asig1,pre_cod_asig2,pre_cod_asig3,pre_cod_asig4,pre_cod_asig5,pre_cod_asig6,pre_cod_asig7 FROM tblaca009 WHERE pensum='5' AND c_uni_ca='5' AND c_asigna='355595' [1][0] OK
C:[29/10/2012 13:35:24.76][172.16.8.250][1355] SELECT c_asigna FROM dace004 WHERE exp_e='10-20805809' AND c_asigna='351451' AND status IN ('0','3','B') [1][0] OK
C:[29/10/2012 13:35:24.76][172.16.8.250][1355] SELECT c_asigna FROM dace004 WHERE exp_e='10-20805809' AND c_asigna='355350' AND status IN ('0','3','B') [1][0] OK
C:[29/10/2012 13:35:24.76][172.16.8.250][1355] SELECT c_asigna FROM dace004 WHERE exp_e='10-20805809' AND c_asigna='300318' AND status IN ('0','3','B') [1][0] OK
C:[29/10/2012 13:35:25.26][172.16.8.250][1386] SELECT par_cod_asig1,par_cod_asig2,par_cod_asig3 FROM tblaca009 WHERE pensum='5' AND c_uni_ca='5' AND c_asigna='355570' [1][0] OK
C:[29/10/2012 13:35:25.26][172.16.8.250][1386] SELECT par_cod_asig1,par_cod_asig2,par_cod_asig3 FROM tblaca009 WHERE pensum='5' AND c_uni_ca='5' AND c_asigna='355571' [1][0] OK
C:[29/10/2012 13:35:25.26][172.16.8.250][1386] SELECT par_cod_asig1,par_cod_asig2,par_cod_asig3 FROM tblaca009 WHERE pensum='5' AND c_uni_ca='5' AND c_asigna='355572' [1][0] OK
C:[29/10/2012 13:35:25.26][172.16.8.250][1386] SELECT par_cod_asig1,par_cod_asig2,par_cod_asig3 FROM tblaca009 WHERE pensum='5' AND c_uni_ca='5' AND c_asigna='355573' [1][0] OK
C:[29/10/2012 13:35:25.26][172.16.8.250][1386] SELECT par_cod_asig1,par_cod_asig2,par_cod_asig3 FROM tblaca009 WHERE pensum='5' AND c_uni_ca='5' AND c_asigna='355595' [1][0] OK
C:[29/10/2012 13:35:25.90][172.16.8.250][1516] SELECT horas_lab FROM tblaca008 WHERE c_asigna='355570' AND horas_teoricas > 0 [1][0] OK
C:[29/10/2012 13:37:01.31][172.16.8.250][1342] SELECT pre_cod_asig1,pre_cod_asig2,pre_cod_asig3,pre_cod_asig4,pre_cod_asig5,pre_cod_asig6,pre_cod_asig7 FROM tblaca009 WHERE pensum='5' AND c_uni_ca='5' AND c_asigna='355570' [1][0] OK
C:[29/10/2012 13:37:01.31][172.16.8.250][1355] SELECT c_asigna FROM dace004 WHERE exp_e='10-20805809' AND c_asigna='355447' AND status IN ('0','3','B') [1][0] OK
C:[29/10/2012 13:37:01.31][172.16.8.250][1342] SELECT pre_cod_asig1,pre_cod_asig2,pre_cod_asig3,pre_cod_asig4,pre_cod_asig5,pre_cod_asig6,pre_cod_asig7 FROM tblaca009 WHERE pensum='5' AND c_uni_ca='5' AND c_asigna='355571' [1][0] OK
C:[29/10/2012 13:37:01.31][172.16.8.250][1355] SELECT c_asigna FROM dace004 WHERE exp_e='10-20805809' AND c_asigna='355447' AND status IN ('0','3','B') [1][0] OK
C:[29/10/2012 13:37:01.31][172.16.8.250][1342] SELECT pre_cod_asig1,pre_cod_asig2,pre_cod_asig3,pre_cod_asig4,pre_cod_asig5,pre_cod_asig6,pre_cod_asig7 FROM tblaca009 WHERE pensum='5' AND c_uni_ca='5' AND c_asigna='355572' [1][0] OK
C:[29/10/2012 13:37:01.31][172.16.8.250][1355] SELECT c_asigna FROM dace004 WHERE exp_e='10-20805809' AND c_asigna='300428' AND status IN ('0','3','B') [1][0] OK
C:[29/10/2012 13:37:01.31][172.16.8.250][1342] SELECT pre_cod_asig1,pre_cod_asig2,pre_cod_asig3,pre_cod_asig4,pre_cod_asig5,pre_cod_asig6,pre_cod_asig7 FROM tblaca009 WHERE pensum='5' AND c_uni_ca='5' AND c_asigna='355573' [1][0] OK
C:[29/10/2012 13:37:01.31][172.16.8.250][1355] SELECT c_asigna FROM dace004 WHERE exp_e='10-20805809' AND c_asigna='355448' AND status IN ('0','3','B') [1][0] OK
C:[29/10/2012 13:37:01.31][172.16.8.250][1342] SELECT pre_cod_asig1,pre_cod_asig2,pre_cod_asig3,pre_cod_asig4,pre_cod_asig5,pre_cod_asig6,pre_cod_asig7 FROM tblaca009 WHERE pensum='5' AND c_uni_ca='5' AND c_asigna='355595' [1][0] OK
C:[29/10/2012 13:37:01.31][172.16.8.250][1355] SELECT c_asigna FROM dace004 WHERE exp_e='10-20805809' AND c_asigna='351451' AND status IN ('0','3','B') [1][0] OK
C:[29/10/2012 13:37:01.31][172.16.8.250][1355] SELECT c_asigna FROM dace004 WHERE exp_e='10-20805809' AND c_asigna='355350' AND status IN ('0','3','B') [1][0] OK
C:[29/10/2012 13:37:01.31][172.16.8.250][1355] SELECT c_asigna FROM dace004 WHERE exp_e='10-20805809' AND c_asigna='300318' AND status IN ('0','3','B') [1][0] OK
C:[29/10/2012 13:37:01.82][172.16.8.250][1386] SELECT par_cod_asig1,par_cod_asig2,par_cod_asig3 FROM tblaca009 WHERE pensum='5' AND c_uni_ca='5' AND c_asigna='355570' [1][0] OK
C:[29/10/2012 13:37:01.82][172.16.8.250][1386] SELECT par_cod_asig1,par_cod_asig2,par_cod_asig3 FROM tblaca009 WHERE pensum='5' AND c_uni_ca='5' AND c_asigna='355571' [1][0] OK
C:[29/10/2012 13:37:01.82][172.16.8.250][1386] SELECT par_cod_asig1,par_cod_asig2,par_cod_asig3 FROM tblaca009 WHERE pensum='5' AND c_uni_ca='5' AND c_asigna='355572' [1][0] OK
C:[29/10/2012 13:37:01.82][172.16.8.250][1386] SELECT par_cod_asig1,par_cod_asig2,par_cod_asig3 FROM tblaca009 WHERE pensum='5' AND c_uni_ca='5' AND c_asigna='355573' [1][0] OK
C:[29/10/2012 13:37:01.82][172.16.8.250][1386] SELECT par_cod_asig1,par_cod_asig2,par_cod_asig3 FROM tblaca009 WHERE pensum='5' AND c_uni_ca='5' AND c_asigna='355595' [1][0] OK
C:[29/10/2012 13:37:01.45][172.16.8.250][1516] SELECT horas_lab FROM tblaca008 WHERE c_asigna='355570' AND horas_teoricas > 0 [1][0] OK
C:[29/10/2012 13:37:23.85][172.16.8.250][1342] SELECT pre_cod_asig1,pre_cod_asig2,pre_cod_asig3,pre_cod_asig4,pre_cod_asig5,pre_cod_asig6,pre_cod_asig7 FROM tblaca009 WHERE pensum='5' AND c_uni_ca='5' AND c_asigna='355570' [1][0] OK
C:[29/10/2012 13:37:23.85][172.16.8.250][1355] SELECT c_asigna FROM dace004 WHERE exp_e='10-20805809' AND c_asigna='355447' AND status IN ('0','3','B') [1][0] OK
C:[29/10/2012 13:37:23.85][172.16.8.250][1342] SELECT pre_cod_asig1,pre_cod_asig2,pre_cod_asig3,pre_cod_asig4,pre_cod_asig5,pre_cod_asig6,pre_cod_asig7 FROM tblaca009 WHERE pensum='5' AND c_uni_ca='5' AND c_asigna='355571' [1][0] OK
C:[29/10/2012 13:37:23.85][172.16.8.250][1355] SELECT c_asigna FROM dace004 WHERE exp_e='10-20805809' AND c_asigna='355447' AND status IN ('0','3','B') [1][0] OK
C:[29/10/2012 13:37:23.85][172.16.8.250][1342] SELECT pre_cod_asig1,pre_cod_asig2,pre_cod_asig3,pre_cod_asig4,pre_cod_asig5,pre_cod_asig6,pre_cod_asig7 FROM tblaca009 WHERE pensum='5' AND c_uni_ca='5' AND c_asigna='355572' [1][0] OK
C:[29/10/2012 13:37:23.85][172.16.8.250][1355] SELECT c_asigna FROM dace004 WHERE exp_e='10-20805809' AND c_asigna='300428' AND status IN ('0','3','B') [1][0] OK
C:[29/10/2012 13:37:23.85][172.16.8.250][1342] SELECT pre_cod_asig1,pre_cod_asig2,pre_cod_asig3,pre_cod_asig4,pre_cod_asig5,pre_cod_asig6,pre_cod_asig7 FROM tblaca009 WHERE pensum='5' AND c_uni_ca='5' AND c_asigna='355573' [1][0] OK
C:[29/10/2012 13:37:23.85][172.16.8.250][1355] SELECT c_asigna FROM dace004 WHERE exp_e='10-20805809' AND c_asigna='355448' AND status IN ('0','3','B') [1][0] OK
C:[29/10/2012 13:37:23.85][172.16.8.250][1342] SELECT pre_cod_asig1,pre_cod_asig2,pre_cod_asig3,pre_cod_asig4,pre_cod_asig5,pre_cod_asig6,pre_cod_asig7 FROM tblaca009 WHERE pensum='5' AND c_uni_ca='5' AND c_asigna='355595' [1][0] OK
C:[29/10/2012 13:37:23.85][172.16.8.250][1355] SELECT c_asigna FROM dace004 WHERE exp_e='10-20805809' AND c_asigna='351451' AND status IN ('0','3','B') [1][0] OK
C:[29/10/2012 13:37:23.85][172.16.8.250][1355] SELECT c_asigna FROM dace004 WHERE exp_e='10-20805809' AND c_asigna='355350' AND status IN ('0','3','B') [1][0] OK
C:[29/10/2012 13:37:23.85][172.16.8.250][1355] SELECT c_asigna FROM dace004 WHERE exp_e='10-20805809' AND c_asigna='300318' AND status IN ('0','3','B') [1][0] OK
C:[29/10/2012 13:37:24.35][172.16.8.250][1386] SELECT par_cod_asig1,par_cod_asig2,par_cod_asig3 FROM tblaca009 WHERE pensum='5' AND c_uni_ca='5' AND c_asigna='355570' [1][0] OK
C:[29/10/2012 13:37:24.35][172.16.8.250][1386] SELECT par_cod_asig1,par_cod_asig2,par_cod_asig3 FROM tblaca009 WHERE pensum='5' AND c_uni_ca='5' AND c_asigna='355571' [1][0] OK
C:[29/10/2012 13:37:24.35][172.16.8.250][1386] SELECT par_cod_asig1,par_cod_asig2,par_cod_asig3 FROM tblaca009 WHERE pensum='5' AND c_uni_ca='5' AND c_asigna='355572' [1][0] OK
C:[29/10/2012 13:37:24.35][172.16.8.250][1386] SELECT par_cod_asig1,par_cod_asig2,par_cod_asig3 FROM tblaca009 WHERE pensum='5' AND c_uni_ca='5' AND c_asigna='355573' [1][0] OK
C:[29/10/2012 13:37:24.35][172.16.8.250][1386] SELECT par_cod_asig1,par_cod_asig2,par_cod_asig3 FROM tblaca009 WHERE pensum='5' AND c_uni_ca='5' AND c_asigna='355595' [1][0] OK
C:[29/10/2012 13:37:24.98][172.16.8.250][1516] SELECT horas_lab FROM tblaca008 WHERE c_asigna='355570' AND horas_teoricas > 0 [1][0] OK
C:[29/10/2012 13:41:54.59][172.16.8.250][1342] SELECT pre_cod_asig1,pre_cod_asig2,pre_cod_asig3,pre_cod_asig4,pre_cod_asig5,pre_cod_asig6,pre_cod_asig7 FROM tblaca009 WHERE pensum='5' AND c_uni_ca='5' AND c_asigna='355570' [1][0] OK
C:[29/10/2012 13:41:54.59][172.16.8.250][1355] SELECT c_asigna FROM dace004 WHERE exp_e='10-20805809' AND c_asigna='355447' AND status IN ('0','3','B') [1][0] OK
C:[29/10/2012 13:41:54.59][172.16.8.250][1342] SELECT pre_cod_asig1,pre_cod_asig2,pre_cod_asig3,pre_cod_asig4,pre_cod_asig5,pre_cod_asig6,pre_cod_asig7 FROM tblaca009 WHERE pensum='5' AND c_uni_ca='5' AND c_asigna='355571' [1][0] OK
C:[29/10/2012 13:41:54.59][172.16.8.250][1355] SELECT c_asigna FROM dace004 WHERE exp_e='10-20805809' AND c_asigna='355447' AND status IN ('0','3','B') [1][0] OK
C:[29/10/2012 13:41:54.59][172.16.8.250][1342] SELECT pre_cod_asig1,pre_cod_asig2,pre_cod_asig3,pre_cod_asig4,pre_cod_asig5,pre_cod_asig6,pre_cod_asig7 FROM tblaca009 WHERE pensum='5' AND c_uni_ca='5' AND c_asigna='355572' [1][0] OK
C:[29/10/2012 13:41:54.59][172.16.8.250][1355] SELECT c_asigna FROM dace004 WHERE exp_e='10-20805809' AND c_asigna='300428' AND status IN ('0','3','B') [1][0] OK
C:[29/10/2012 13:41:54.59][172.16.8.250][1342] SELECT pre_cod_asig1,pre_cod_asig2,pre_cod_asig3,pre_cod_asig4,pre_cod_asig5,pre_cod_asig6,pre_cod_asig7 FROM tblaca009 WHERE pensum='5' AND c_uni_ca='5' AND c_asigna='355573' [1][0] OK
C:[29/10/2012 13:41:54.59][172.16.8.250][1355] SELECT c_asigna FROM dace004 WHERE exp_e='10-20805809' AND c_asigna='355448' AND status IN ('0','3','B') [1][0] OK
C:[29/10/2012 13:41:54.59][172.16.8.250][1342] SELECT pre_cod_asig1,pre_cod_asig2,pre_cod_asig3,pre_cod_asig4,pre_cod_asig5,pre_cod_asig6,pre_cod_asig7 FROM tblaca009 WHERE pensum='5' AND c_uni_ca='5' AND c_asigna='355595' [1][0] OK
C:[29/10/2012 13:41:54.59][172.16.8.250][1355] SELECT c_asigna FROM dace004 WHERE exp_e='10-20805809' AND c_asigna='351451' AND status IN ('0','3','B') [1][0] OK
C:[29/10/2012 13:41:54.59][172.16.8.250][1355] SELECT c_asigna FROM dace004 WHERE exp_e='10-20805809' AND c_asigna='355350' AND status IN ('0','3','B') [1][0] OK
C:[29/10/2012 13:41:54.59][172.16.8.250][1355] SELECT c_asigna FROM dace004 WHERE exp_e='10-20805809' AND c_asigna='300318' AND status IN ('0','3','B') [1][0] OK
C:[29/10/2012 13:41:55.09][172.16.8.250][1386] SELECT par_cod_asig1,par_cod_asig2,par_cod_asig3 FROM tblaca009 WHERE pensum='5' AND c_uni_ca='5' AND c_asigna='355570' [1][0] OK
C:[29/10/2012 13:41:55.09][172.16.8.250][1386] SELECT par_cod_asig1,par_cod_asig2,par_cod_asig3 FROM tblaca009 WHERE pensum='5' AND c_uni_ca='5' AND c_asigna='355571' [1][0] OK
C:[29/10/2012 13:41:55.09][172.16.8.250][1386] SELECT par_cod_asig1,par_cod_asig2,par_cod_asig3 FROM tblaca009 WHERE pensum='5' AND c_uni_ca='5' AND c_asigna='355572' [1][0] OK
C:[29/10/2012 13:41:55.09][172.16.8.250][1386] SELECT par_cod_asig1,par_cod_asig2,par_cod_asig3 FROM tblaca009 WHERE pensum='5' AND c_uni_ca='5' AND c_asigna='355573' [1][0] OK
C:[29/10/2012 13:41:55.09][172.16.8.250][1386] SELECT par_cod_asig1,par_cod_asig2,par_cod_asig3 FROM tblaca009 WHERE pensum='5' AND c_uni_ca='5' AND c_asigna='355595' [1][0] OK
C:[29/10/2012 13:41:55.73][172.16.8.250][1516] SELECT horas_lab FROM tblaca008 WHERE c_asigna='355570' AND horas_teoricas > 0 [1][0] OK
C:[29/10/2012 13:42:55.35][172.16.8.250][1342] SELECT pre_cod_asig1,pre_cod_asig2,pre_cod_asig3,pre_cod_asig4,pre_cod_asig5,pre_cod_asig6,pre_cod_asig7 FROM tblaca009 WHERE pensum='5' AND c_uni_ca='5' AND c_asigna='355570' [1][0] OK
C:[29/10/2012 13:42:55.35][172.16.8.250][1355] SELECT c_asigna FROM dace004 WHERE exp_e='10-20805809' AND c_asigna='355447' AND status IN ('0','3','B') [1][0] OK
C:[29/10/2012 13:42:55.35][172.16.8.250][1342] SELECT pre_cod_asig1,pre_cod_asig2,pre_cod_asig3,pre_cod_asig4,pre_cod_asig5,pre_cod_asig6,pre_cod_asig7 FROM tblaca009 WHERE pensum='5' AND c_uni_ca='5' AND c_asigna='355571' [1][0] OK
C:[29/10/2012 13:42:55.35][172.16.8.250][1355] SELECT c_asigna FROM dace004 WHERE exp_e='10-20805809' AND c_asigna='355447' AND status IN ('0','3','B') [1][0] OK
C:[29/10/2012 13:42:55.35][172.16.8.250][1342] SELECT pre_cod_asig1,pre_cod_asig2,pre_cod_asig3,pre_cod_asig4,pre_cod_asig5,pre_cod_asig6,pre_cod_asig7 FROM tblaca009 WHERE pensum='5' AND c_uni_ca='5' AND c_asigna='355572' [1][0] OK
C:[29/10/2012 13:42:55.35][172.16.8.250][1355] SELECT c_asigna FROM dace004 WHERE exp_e='10-20805809' AND c_asigna='300428' AND status IN ('0','3','B') [1][0] OK
C:[29/10/2012 13:42:55.35][172.16.8.250][1342] SELECT pre_cod_asig1,pre_cod_asig2,pre_cod_asig3,pre_cod_asig4,pre_cod_asig5,pre_cod_asig6,pre_cod_asig7 FROM tblaca009 WHERE pensum='5' AND c_uni_ca='5' AND c_asigna='355573' [1][0] OK
C:[29/10/2012 13:42:55.35][172.16.8.250][1355] SELECT c_asigna FROM dace004 WHERE exp_e='10-20805809' AND c_asigna='355448' AND status IN ('0','3','B') [1][0] OK
C:[29/10/2012 13:42:55.35][172.16.8.250][1342] SELECT pre_cod_asig1,pre_cod_asig2,pre_cod_asig3,pre_cod_asig4,pre_cod_asig5,pre_cod_asig6,pre_cod_asig7 FROM tblaca009 WHERE pensum='5' AND c_uni_ca='5' AND c_asigna='355595' [1][0] OK
C:[29/10/2012 13:42:55.35][172.16.8.250][1355] SELECT c_asigna FROM dace004 WHERE exp_e='10-20805809' AND c_asigna='351451' AND status IN ('0','3','B') [1][0] OK
C:[29/10/2012 13:42:55.35][172.16.8.250][1355] SELECT c_asigna FROM dace004 WHERE exp_e='10-20805809' AND c_asigna='355350' AND status IN ('0','3','B') [1][0] OK
C:[29/10/2012 13:42:55.35][172.16.8.250][1355] SELECT c_asigna FROM dace004 WHERE exp_e='10-20805809' AND c_asigna='300318' AND status IN ('0','3','B') [1][0] OK
C:[29/10/2012 13:42:55.85][172.16.8.250][1386] SELECT par_cod_asig1,par_cod_asig2,par_cod_asig3 FROM tblaca009 WHERE pensum='5' AND c_uni_ca='5' AND c_asigna='355570' [1][0] OK
C:[29/10/2012 13:42:55.85][172.16.8.250][1386] SELECT par_cod_asig1,par_cod_asig2,par_cod_asig3 FROM tblaca009 WHERE pensum='5' AND c_uni_ca='5' AND c_asigna='355571' [1][0] OK
C:[29/10/2012 13:42:55.85][172.16.8.250][1386] SELECT par_cod_asig1,par_cod_asig2,par_cod_asig3 FROM tblaca009 WHERE pensum='5' AND c_uni_ca='5' AND c_asigna='355572' [1][0] OK
C:[29/10/2012 13:42:55.85][172.16.8.250][1386] SELECT par_cod_asig1,par_cod_asig2,par_cod_asig3 FROM tblaca009 WHERE pensum='5' AND c_uni_ca='5' AND c_asigna='355573' [1][0] OK
C:[29/10/2012 13:42:55.85][172.16.8.250][1386] SELECT par_cod_asig1,par_cod_asig2,par_cod_asig3 FROM tblaca009 WHERE pensum='5' AND c_uni_ca='5' AND c_asigna='355595' [1][0] OK
C:[29/10/2012 13:42:55.49][172.16.8.250][1516] SELECT horas_lab FROM tblaca008 WHERE c_asigna='355570' AND horas_teoricas > 0 [1][0] OK
C:[29/10/2012 13:44:24.39][172.16.8.250][1342] SELECT pre_cod_asig1,pre_cod_asig2,pre_cod_asig3,pre_cod_asig4,pre_cod_asig5,pre_cod_asig6,pre_cod_asig7 FROM tblaca009 WHERE pensum='5' AND c_uni_ca='5' AND c_asigna='355570' [1][0] OK
C:[29/10/2012 13:44:24.39][172.16.8.250][1355] SELECT c_asigna FROM dace004 WHERE exp_e='10-20805809' AND c_asigna='355447' AND status IN ('0','3','B') [1][0] OK
C:[29/10/2012 13:44:24.39][172.16.8.250][1342] SELECT pre_cod_asig1,pre_cod_asig2,pre_cod_asig3,pre_cod_asig4,pre_cod_asig5,pre_cod_asig6,pre_cod_asig7 FROM tblaca009 WHERE pensum='5' AND c_uni_ca='5' AND c_asigna='355571' [1][0] OK
C:[29/10/2012 13:44:24.39][172.16.8.250][1355] SELECT c_asigna FROM dace004 WHERE exp_e='10-20805809' AND c_asigna='355447' AND status IN ('0','3','B') [1][0] OK
C:[29/10/2012 13:44:24.39][172.16.8.250][1342] SELECT pre_cod_asig1,pre_cod_asig2,pre_cod_asig3,pre_cod_asig4,pre_cod_asig5,pre_cod_asig6,pre_cod_asig7 FROM tblaca009 WHERE pensum='5' AND c_uni_ca='5' AND c_asigna='355572' [1][0] OK
C:[29/10/2012 13:44:24.39][172.16.8.250][1355] SELECT c_asigna FROM dace004 WHERE exp_e='10-20805809' AND c_asigna='300428' AND status IN ('0','3','B') [1][0] OK
C:[29/10/2012 13:44:24.39][172.16.8.250][1342] SELECT pre_cod_asig1,pre_cod_asig2,pre_cod_asig3,pre_cod_asig4,pre_cod_asig5,pre_cod_asig6,pre_cod_asig7 FROM tblaca009 WHERE pensum='5' AND c_uni_ca='5' AND c_asigna='355573' [1][0] OK
C:[29/10/2012 13:44:24.39][172.16.8.250][1355] SELECT c_asigna FROM dace004 WHERE exp_e='10-20805809' AND c_asigna='355448' AND status IN ('0','3','B') [1][0] OK
C:[29/10/2012 13:44:24.39][172.16.8.250][1342] SELECT pre_cod_asig1,pre_cod_asig2,pre_cod_asig3,pre_cod_asig4,pre_cod_asig5,pre_cod_asig6,pre_cod_asig7 FROM tblaca009 WHERE pensum='5' AND c_uni_ca='5' AND c_asigna='355595' [1][0] OK
C:[29/10/2012 13:44:24.39][172.16.8.250][1355] SELECT c_asigna FROM dace004 WHERE exp_e='10-20805809' AND c_asigna='351451' AND status IN ('0','3','B') [1][0] OK
C:[29/10/2012 13:44:24.39][172.16.8.250][1355] SELECT c_asigna FROM dace004 WHERE exp_e='10-20805809' AND c_asigna='355350' AND status IN ('0','3','B') [1][0] OK
C:[29/10/2012 13:44:24.39][172.16.8.250][1355] SELECT c_asigna FROM dace004 WHERE exp_e='10-20805809' AND c_asigna='300318' AND status IN ('0','3','B') [1][0] OK
C:[29/10/2012 13:44:24.45][172.16.8.250][1386] SELECT par_cod_asig1,par_cod_asig2,par_cod_asig3 FROM tblaca009 WHERE pensum='5' AND c_uni_ca='5' AND c_asigna='355570' [1][0] OK
C:[29/10/2012 13:44:24.45][172.16.8.250][1386] SELECT par_cod_asig1,par_cod_asig2,par_cod_asig3 FROM tblaca009 WHERE pensum='5' AND c_uni_ca='5' AND c_asigna='355571' [1][0] OK
C:[29/10/2012 13:44:24.45][172.16.8.250][1386] SELECT par_cod_asig1,par_cod_asig2,par_cod_asig3 FROM tblaca009 WHERE pensum='5' AND c_uni_ca='5' AND c_asigna='355572' [1][0] OK
C:[29/10/2012 13:44:24.45][172.16.8.250][1386] SELECT par_cod_asig1,par_cod_asig2,par_cod_asig3 FROM tblaca009 WHERE pensum='5' AND c_uni_ca='5' AND c_asigna='355573' [1][0] OK
C:[29/10/2012 13:44:24.45][172.16.8.250][1386] SELECT par_cod_asig1,par_cod_asig2,par_cod_asig3 FROM tblaca009 WHERE pensum='5' AND c_uni_ca='5' AND c_asigna='355595' [1][0] OK
C:[29/10/2012 13:44:24.09][172.16.8.250][1516] SELECT horas_lab FROM tblaca008 WHERE c_asigna='355570' AND horas_teoricas > 0 [1][0] OK
C:[29/10/2012 13:44:57.83][172.16.8.250][1342] SELECT pre_cod_asig1,pre_cod_asig2,pre_cod_asig3,pre_cod_asig4,pre_cod_asig5,pre_cod_asig6,pre_cod_asig7 FROM tblaca009 WHERE pensum='5' AND c_uni_ca='5' AND c_asigna='355570' [1][0] OK
C:[29/10/2012 13:44:57.83][172.16.8.250][1355] SELECT c_asigna FROM dace004 WHERE exp_e='10-20805809' AND c_asigna='355447' AND status IN ('0','3','B') [1][0] OK
C:[29/10/2012 13:44:57.83][172.16.8.250][1342] SELECT pre_cod_asig1,pre_cod_asig2,pre_cod_asig3,pre_cod_asig4,pre_cod_asig5,pre_cod_asig6,pre_cod_asig7 FROM tblaca009 WHERE pensum='5' AND c_uni_ca='5' AND c_asigna='355571' [1][0] OK
C:[29/10/2012 13:44:57.83][172.16.8.250][1355] SELECT c_asigna FROM dace004 WHERE exp_e='10-20805809' AND c_asigna='355447' AND status IN ('0','3','B') [1][0] OK
C:[29/10/2012 13:44:57.83][172.16.8.250][1342] SELECT pre_cod_asig1,pre_cod_asig2,pre_cod_asig3,pre_cod_asig4,pre_cod_asig5,pre_cod_asig6,pre_cod_asig7 FROM tblaca009 WHERE pensum='5' AND c_uni_ca='5' AND c_asigna='355572' [1][0] OK
C:[29/10/2012 13:44:57.83][172.16.8.250][1355] SELECT c_asigna FROM dace004 WHERE exp_e='10-20805809' AND c_asigna='300428' AND status IN ('0','3','B') [1][0] OK
C:[29/10/2012 13:44:57.83][172.16.8.250][1342] SELECT pre_cod_asig1,pre_cod_asig2,pre_cod_asig3,pre_cod_asig4,pre_cod_asig5,pre_cod_asig6,pre_cod_asig7 FROM tblaca009 WHERE pensum='5' AND c_uni_ca='5' AND c_asigna='355573' [1][0] OK
C:[29/10/2012 13:44:57.83][172.16.8.250][1355] SELECT c_asigna FROM dace004 WHERE exp_e='10-20805809' AND c_asigna='355448' AND status IN ('0','3','B') [1][0] OK
C:[29/10/2012 13:44:57.83][172.16.8.250][1342] SELECT pre_cod_asig1,pre_cod_asig2,pre_cod_asig3,pre_cod_asig4,pre_cod_asig5,pre_cod_asig6,pre_cod_asig7 FROM tblaca009 WHERE pensum='5' AND c_uni_ca='5' AND c_asigna='355595' [1][0] OK
C:[29/10/2012 13:44:57.83][172.16.8.250][1355] SELECT c_asigna FROM dace004 WHERE exp_e='10-20805809' AND c_asigna='351451' AND status IN ('0','3','B') [1][0] OK
C:[29/10/2012 13:44:57.83][172.16.8.250][1355] SELECT c_asigna FROM dace004 WHERE exp_e='10-20805809' AND c_asigna='355350' AND status IN ('0','3','B') [1][0] OK
C:[29/10/2012 13:44:57.83][172.16.8.250][1355] SELECT c_asigna FROM dace004 WHERE exp_e='10-20805809' AND c_asigna='300318' AND status IN ('0','3','B') [1][0] OK
C:[29/10/2012 13:44:57.33][172.16.8.250][1386] SELECT par_cod_asig1,par_cod_asig2,par_cod_asig3 FROM tblaca009 WHERE pensum='5' AND c_uni_ca='5' AND c_asigna='355570' [1][0] OK
C:[29/10/2012 13:44:57.33][172.16.8.250][1386] SELECT par_cod_asig1,par_cod_asig2,par_cod_asig3 FROM tblaca009 WHERE pensum='5' AND c_uni_ca='5' AND c_asigna='355571' [1][0] OK
C:[29/10/2012 13:44:57.33][172.16.8.250][1386] SELECT par_cod_asig1,par_cod_asig2,par_cod_asig3 FROM tblaca009 WHERE pensum='5' AND c_uni_ca='5' AND c_asigna='355572' [1][0] OK
C:[29/10/2012 13:44:57.33][172.16.8.250][1386] SELECT par_cod_asig1,par_cod_asig2,par_cod_asig3 FROM tblaca009 WHERE pensum='5' AND c_uni_ca='5' AND c_asigna='355573' [1][0] OK
C:[29/10/2012 13:44:57.33][172.16.8.250][1386] SELECT par_cod_asig1,par_cod_asig2,par_cod_asig3 FROM tblaca009 WHERE pensum='5' AND c_uni_ca='5' AND c_asigna='355595' [1][0] OK
C:[29/10/2012 13:44:57.97][172.16.8.250][1516] SELECT horas_lab FROM tblaca008 WHERE c_asigna='355570' AND horas_teoricas > 0 [1][0] OK
C:[29/10/2012 13:45:25.06][172.16.8.250][1342] SELECT pre_cod_asig1,pre_cod_asig2,pre_cod_asig3,pre_cod_asig4,pre_cod_asig5,pre_cod_asig6,pre_cod_asig7 FROM tblaca009 WHERE pensum='5' AND c_uni_ca='5' AND c_asigna='355570' [1][0] OK
C:[29/10/2012 13:45:25.06][172.16.8.250][1355] SELECT c_asigna FROM dace004 WHERE exp_e='10-20805809' AND c_asigna='355447' AND status IN ('0','3','B') [1][0] OK
C:[29/10/2012 13:45:25.06][172.16.8.250][1342] SELECT pre_cod_asig1,pre_cod_asig2,pre_cod_asig3,pre_cod_asig4,pre_cod_asig5,pre_cod_asig6,pre_cod_asig7 FROM tblaca009 WHERE pensum='5' AND c_uni_ca='5' AND c_asigna='355571' [1][0] OK
C:[29/10/2012 13:45:25.06][172.16.8.250][1355] SELECT c_asigna FROM dace004 WHERE exp_e='10-20805809' AND c_asigna='355447' AND status IN ('0','3','B') [1][0] OK
C:[29/10/2012 13:45:25.06][172.16.8.250][1342] SELECT pre_cod_asig1,pre_cod_asig2,pre_cod_asig3,pre_cod_asig4,pre_cod_asig5,pre_cod_asig6,pre_cod_asig7 FROM tblaca009 WHERE pensum='5' AND c_uni_ca='5' AND c_asigna='355572' [1][0] OK
C:[29/10/2012 13:45:25.06][172.16.8.250][1355] SELECT c_asigna FROM dace004 WHERE exp_e='10-20805809' AND c_asigna='300428' AND status IN ('0','3','B') [1][0] OK
C:[29/10/2012 13:45:25.06][172.16.8.250][1342] SELECT pre_cod_asig1,pre_cod_asig2,pre_cod_asig3,pre_cod_asig4,pre_cod_asig5,pre_cod_asig6,pre_cod_asig7 FROM tblaca009 WHERE pensum='5' AND c_uni_ca='5' AND c_asigna='355573' [1][0] OK
C:[29/10/2012 13:45:25.06][172.16.8.250][1355] SELECT c_asigna FROM dace004 WHERE exp_e='10-20805809' AND c_asigna='355448' AND status IN ('0','3','B') [1][0] OK
C:[29/10/2012 13:45:25.06][172.16.8.250][1342] SELECT pre_cod_asig1,pre_cod_asig2,pre_cod_asig3,pre_cod_asig4,pre_cod_asig5,pre_cod_asig6,pre_cod_asig7 FROM tblaca009 WHERE pensum='5' AND c_uni_ca='5' AND c_asigna='355595' [1][0] OK
C:[29/10/2012 13:45:25.06][172.16.8.250][1355] SELECT c_asigna FROM dace004 WHERE exp_e='10-20805809' AND c_asigna='351451' AND status IN ('0','3','B') [1][0] OK
C:[29/10/2012 13:45:25.06][172.16.8.250][1355] SELECT c_asigna FROM dace004 WHERE exp_e='10-20805809' AND c_asigna='355350' AND status IN ('0','3','B') [1][0] OK
C:[29/10/2012 13:45:25.06][172.16.8.250][1355] SELECT c_asigna FROM dace004 WHERE exp_e='10-20805809' AND c_asigna='300318' AND status IN ('0','3','B') [1][0] OK
C:[29/10/2012 13:45:25.57][172.16.8.250][1386] SELECT par_cod_asig1,par_cod_asig2,par_cod_asig3 FROM tblaca009 WHERE pensum='5' AND c_uni_ca='5' AND c_asigna='355570' [1][0] OK
C:[29/10/2012 13:45:25.57][172.16.8.250][1386] SELECT par_cod_asig1,par_cod_asig2,par_cod_asig3 FROM tblaca009 WHERE pensum='5' AND c_uni_ca='5' AND c_asigna='355571' [1][0] OK
C:[29/10/2012 13:45:25.57][172.16.8.250][1386] SELECT par_cod_asig1,par_cod_asig2,par_cod_asig3 FROM tblaca009 WHERE pensum='5' AND c_uni_ca='5' AND c_asigna='355572' [1][0] OK
C:[29/10/2012 13:45:25.57][172.16.8.250][1386] SELECT par_cod_asig1,par_cod_asig2,par_cod_asig3 FROM tblaca009 WHERE pensum='5' AND c_uni_ca='5' AND c_asigna='355573' [1][0] OK
C:[29/10/2012 13:45:25.57][172.16.8.250][1386] SELECT par_cod_asig1,par_cod_asig2,par_cod_asig3 FROM tblaca009 WHERE pensum='5' AND c_uni_ca='5' AND c_asigna='355595' [1][0] OK
C:[29/10/2012 13:45:25.20][172.16.8.250][1516] SELECT horas_lab FROM tblaca008 WHERE c_asigna='355570' AND horas_teoricas > 0 [1][0] OK
C:[29/10/2012 13:45:35.28][172.16.8.250][1342] SELECT pre_cod_asig1,pre_cod_asig2,pre_cod_asig3,pre_cod_asig4,pre_cod_asig5,pre_cod_asig6,pre_cod_asig7 FROM tblaca009 WHERE pensum='5' AND c_uni_ca='5' AND c_asigna='355570' [1][0] OK
C:[29/10/2012 13:45:35.28][172.16.8.250][1355] SELECT c_asigna FROM dace004 WHERE exp_e='10-20805809' AND c_asigna='355447' AND status IN ('0','3','B') [1][0] OK
C:[29/10/2012 13:45:35.28][172.16.8.250][1342] SELECT pre_cod_asig1,pre_cod_asig2,pre_cod_asig3,pre_cod_asig4,pre_cod_asig5,pre_cod_asig6,pre_cod_asig7 FROM tblaca009 WHERE pensum='5' AND c_uni_ca='5' AND c_asigna='355571' [1][0] OK
C:[29/10/2012 13:45:35.28][172.16.8.250][1355] SELECT c_asigna FROM dace004 WHERE exp_e='10-20805809' AND c_asigna='355447' AND status IN ('0','3','B') [1][0] OK
C:[29/10/2012 13:45:35.28][172.16.8.250][1342] SELECT pre_cod_asig1,pre_cod_asig2,pre_cod_asig3,pre_cod_asig4,pre_cod_asig5,pre_cod_asig6,pre_cod_asig7 FROM tblaca009 WHERE pensum='5' AND c_uni_ca='5' AND c_asigna='355572' [1][0] OK
C:[29/10/2012 13:45:35.28][172.16.8.250][1355] SELECT c_asigna FROM dace004 WHERE exp_e='10-20805809' AND c_asigna='300428' AND status IN ('0','3','B') [1][0] OK
C:[29/10/2012 13:45:35.28][172.16.8.250][1342] SELECT pre_cod_asig1,pre_cod_asig2,pre_cod_asig3,pre_cod_asig4,pre_cod_asig5,pre_cod_asig6,pre_cod_asig7 FROM tblaca009 WHERE pensum='5' AND c_uni_ca='5' AND c_asigna='355573' [1][0] OK
C:[29/10/2012 13:45:35.28][172.16.8.250][1355] SELECT c_asigna FROM dace004 WHERE exp_e='10-20805809' AND c_asigna='355448' AND status IN ('0','3','B') [1][0] OK
C:[29/10/2012 13:45:35.28][172.16.8.250][1342] SELECT pre_cod_asig1,pre_cod_asig2,pre_cod_asig3,pre_cod_asig4,pre_cod_asig5,pre_cod_asig6,pre_cod_asig7 FROM tblaca009 WHERE pensum='5' AND c_uni_ca='5' AND c_asigna='355595' [1][0] OK
C:[29/10/2012 13:45:35.28][172.16.8.250][1355] SELECT c_asigna FROM dace004 WHERE exp_e='10-20805809' AND c_asigna='351451' AND status IN ('0','3','B') [1][0] OK
C:[29/10/2012 13:45:35.28][172.16.8.250][1355] SELECT c_asigna FROM dace004 WHERE exp_e='10-20805809' AND c_asigna='355350' AND status IN ('0','3','B') [1][0] OK
C:[29/10/2012 13:45:35.28][172.16.8.250][1355] SELECT c_asigna FROM dace004 WHERE exp_e='10-20805809' AND c_asigna='300318' AND status IN ('0','3','B') [1][0] OK
C:[29/10/2012 13:45:35.78][172.16.8.250][1386] SELECT par_cod_asig1,par_cod_asig2,par_cod_asig3 FROM tblaca009 WHERE pensum='5' AND c_uni_ca='5' AND c_asigna='355570' [1][0] OK
C:[29/10/2012 13:45:35.78][172.16.8.250][1386] SELECT par_cod_asig1,par_cod_asig2,par_cod_asig3 FROM tblaca009 WHERE pensum='5' AND c_uni_ca='5' AND c_asigna='355571' [1][0] OK
C:[29/10/2012 13:45:35.78][172.16.8.250][1386] SELECT par_cod_asig1,par_cod_asig2,par_cod_asig3 FROM tblaca009 WHERE pensum='5' AND c_uni_ca='5' AND c_asigna='355572' [1][0] OK
C:[29/10/2012 13:45:35.78][172.16.8.250][1386] SELECT par_cod_asig1,par_cod_asig2,par_cod_asig3 FROM tblaca009 WHERE pensum='5' AND c_uni_ca='5' AND c_asigna='355573' [1][0] OK
C:[29/10/2012 13:45:35.78][172.16.8.250][1386] SELECT par_cod_asig1,par_cod_asig2,par_cod_asig3 FROM tblaca009 WHERE pensum='5' AND c_uni_ca='5' AND c_asigna='355595' [1][0] OK
C:[29/10/2012 13:45:36.41][172.16.8.250][1516] SELECT horas_lab FROM tblaca008 WHERE c_asigna='355570' AND horas_teoricas > 0 [1][0] OK
C:[29/10/2012 13:45:49.98][172.16.8.250][1342] SELECT pre_cod_asig1,pre_cod_asig2,pre_cod_asig3,pre_cod_asig4,pre_cod_asig5,pre_cod_asig6,pre_cod_asig7 FROM tblaca009 WHERE pensum='5' AND c_uni_ca='5' AND c_asigna='355570' [1][0] OK
C:[29/10/2012 13:45:49.98][172.16.8.250][1355] SELECT c_asigna FROM dace004 WHERE exp_e='10-20805809' AND c_asigna='355447' AND status IN ('0','3','B') [1][0] OK
C:[29/10/2012 13:45:49.98][172.16.8.250][1342] SELECT pre_cod_asig1,pre_cod_asig2,pre_cod_asig3,pre_cod_asig4,pre_cod_asig5,pre_cod_asig6,pre_cod_asig7 FROM tblaca009 WHERE pensum='5' AND c_uni_ca='5' AND c_asigna='355571' [1][0] OK
C:[29/10/2012 13:45:49.98][172.16.8.250][1355] SELECT c_asigna FROM dace004 WHERE exp_e='10-20805809' AND c_asigna='355447' AND status IN ('0','3','B') [1][0] OK
C:[29/10/2012 13:45:49.98][172.16.8.250][1342] SELECT pre_cod_asig1,pre_cod_asig2,pre_cod_asig3,pre_cod_asig4,pre_cod_asig5,pre_cod_asig6,pre_cod_asig7 FROM tblaca009 WHERE pensum='5' AND c_uni_ca='5' AND c_asigna='355572' [1][0] OK
C:[29/10/2012 13:45:49.98][172.16.8.250][1355] SELECT c_asigna FROM dace004 WHERE exp_e='10-20805809' AND c_asigna='300428' AND status IN ('0','3','B') [1][0] OK
C:[29/10/2012 13:45:49.98][172.16.8.250][1342] SELECT pre_cod_asig1,pre_cod_asig2,pre_cod_asig3,pre_cod_asig4,pre_cod_asig5,pre_cod_asig6,pre_cod_asig7 FROM tblaca009 WHERE pensum='5' AND c_uni_ca='5' AND c_asigna='355573' [1][0] OK
C:[29/10/2012 13:45:49.98][172.16.8.250][1355] SELECT c_asigna FROM dace004 WHERE exp_e='10-20805809' AND c_asigna='355448' AND status IN ('0','3','B') [1][0] OK
C:[29/10/2012 13:45:49.98][172.16.8.250][1342] SELECT pre_cod_asig1,pre_cod_asig2,pre_cod_asig3,pre_cod_asig4,pre_cod_asig5,pre_cod_asig6,pre_cod_asig7 FROM tblaca009 WHERE pensum='5' AND c_uni_ca='5' AND c_asigna='355595' [1][0] OK
C:[29/10/2012 13:45:49.98][172.16.8.250][1355] SELECT c_asigna FROM dace004 WHERE exp_e='10-20805809' AND c_asigna='351451' AND status IN ('0','3','B') [1][0] OK
C:[29/10/2012 13:45:49.98][172.16.8.250][1355] SELECT c_asigna FROM dace004 WHERE exp_e='10-20805809' AND c_asigna='355350' AND status IN ('0','3','B') [1][0] OK
C:[29/10/2012 13:45:49.98][172.16.8.250][1355] SELECT c_asigna FROM dace004 WHERE exp_e='10-20805809' AND c_asigna='300318' AND status IN ('0','3','B') [1][0] OK
C:[29/10/2012 13:45:49.48][172.16.8.250][1386] SELECT par_cod_asig1,par_cod_asig2,par_cod_asig3 FROM tblaca009 WHERE pensum='5' AND c_uni_ca='5' AND c_asigna='355570' [1][0] OK
C:[29/10/2012 13:45:49.48][172.16.8.250][1386] SELECT par_cod_asig1,par_cod_asig2,par_cod_asig3 FROM tblaca009 WHERE pensum='5' AND c_uni_ca='5' AND c_asigna='355571' [1][0] OK
C:[29/10/2012 13:45:49.48][172.16.8.250][1386] SELECT par_cod_asig1,par_cod_asig2,par_cod_asig3 FROM tblaca009 WHERE pensum='5' AND c_uni_ca='5' AND c_asigna='355572' [1][0] OK
C:[29/10/2012 13:45:49.48][172.16.8.250][1386] SELECT par_cod_asig1,par_cod_asig2,par_cod_asig3 FROM tblaca009 WHERE pensum='5' AND c_uni_ca='5' AND c_asigna='355573' [1][0] OK
C:[29/10/2012 13:45:49.48][172.16.8.250][1386] SELECT par_cod_asig1,par_cod_asig2,par_cod_asig3 FROM tblaca009 WHERE pensum='5' AND c_uni_ca='5' AND c_asigna='355595' [1][0] OK
C:[29/10/2012 13:45:49.12][172.16.8.250][1516] SELECT horas_lab FROM tblaca008 WHERE c_asigna='355570' AND horas_teoricas > 0 [1][0] OK
C:[29/10/2012 13:47:47.24][172.16.8.250][1342] SELECT pre_cod_asig1,pre_cod_asig2,pre_cod_asig3,pre_cod_asig4,pre_cod_asig5,pre_cod_asig6,pre_cod_asig7 FROM tblaca009 WHERE pensum='5' AND c_uni_ca='5' AND c_asigna='355570' [1][0] OK
C:[29/10/2012 13:47:47.24][172.16.8.250][1355] SELECT c_asigna FROM dace004 WHERE exp_e='10-20805809' AND c_asigna='355447' AND status IN ('0','3','B') [1][0] OK
C:[29/10/2012 13:47:47.24][172.16.8.250][1342] SELECT pre_cod_asig1,pre_cod_asig2,pre_cod_asig3,pre_cod_asig4,pre_cod_asig5,pre_cod_asig6,pre_cod_asig7 FROM tblaca009 WHERE pensum='5' AND c_uni_ca='5' AND c_asigna='355571' [1][0] OK
C:[29/10/2012 13:47:47.24][172.16.8.250][1355] SELECT c_asigna FROM dace004 WHERE exp_e='10-20805809' AND c_asigna='355447' AND status IN ('0','3','B') [1][0] OK
C:[29/10/2012 13:47:47.24][172.16.8.250][1342] SELECT pre_cod_asig1,pre_cod_asig2,pre_cod_asig3,pre_cod_asig4,pre_cod_asig5,pre_cod_asig6,pre_cod_asig7 FROM tblaca009 WHERE pensum='5' AND c_uni_ca='5' AND c_asigna='355572' [1][0] OK
C:[29/10/2012 13:47:47.24][172.16.8.250][1355] SELECT c_asigna FROM dace004 WHERE exp_e='10-20805809' AND c_asigna='300428' AND status IN ('0','3','B') [1][0] OK
C:[29/10/2012 13:47:47.24][172.16.8.250][1342] SELECT pre_cod_asig1,pre_cod_asig2,pre_cod_asig3,pre_cod_asig4,pre_cod_asig5,pre_cod_asig6,pre_cod_asig7 FROM tblaca009 WHERE pensum='5' AND c_uni_ca='5' AND c_asigna='355573' [1][0] OK
C:[29/10/2012 13:47:47.24][172.16.8.250][1355] SELECT c_asigna FROM dace004 WHERE exp_e='10-20805809' AND c_asigna='355448' AND status IN ('0','3','B') [1][0] OK
C:[29/10/2012 13:47:47.24][172.16.8.250][1342] SELECT pre_cod_asig1,pre_cod_asig2,pre_cod_asig3,pre_cod_asig4,pre_cod_asig5,pre_cod_asig6,pre_cod_asig7 FROM tblaca009 WHERE pensum='5' AND c_uni_ca='5' AND c_asigna='355595' [1][0] OK
C:[29/10/2012 13:47:47.24][172.16.8.250][1355] SELECT c_asigna FROM dace004 WHERE exp_e='10-20805809' AND c_asigna='351451' AND status IN ('0','3','B') [1][0] OK
C:[29/10/2012 13:47:47.24][172.16.8.250][1355] SELECT c_asigna FROM dace004 WHERE exp_e='10-20805809' AND c_asigna='355350' AND status IN ('0','3','B') [1][0] OK
C:[29/10/2012 13:47:47.24][172.16.8.250][1355] SELECT c_asigna FROM dace004 WHERE exp_e='10-20805809' AND c_asigna='300318' AND status IN ('0','3','B') [1][0] OK
C:[29/10/2012 13:47:47.74][172.16.8.250][1386] SELECT par_cod_asig1,par_cod_asig2,par_cod_asig3 FROM tblaca009 WHERE pensum='5' AND c_uni_ca='5' AND c_asigna='355570' [1][0] OK
C:[29/10/2012 13:47:47.74][172.16.8.250][1386] SELECT par_cod_asig1,par_cod_asig2,par_cod_asig3 FROM tblaca009 WHERE pensum='5' AND c_uni_ca='5' AND c_asigna='355571' [1][0] OK
C:[29/10/2012 13:47:47.74][172.16.8.250][1386] SELECT par_cod_asig1,par_cod_asig2,par_cod_asig3 FROM tblaca009 WHERE pensum='5' AND c_uni_ca='5' AND c_asigna='355572' [1][0] OK
C:[29/10/2012 13:47:47.74][172.16.8.250][1386] SELECT par_cod_asig1,par_cod_asig2,par_cod_asig3 FROM tblaca009 WHERE pensum='5' AND c_uni_ca='5' AND c_asigna='355573' [1][0] OK
C:[29/10/2012 13:47:47.74][172.16.8.250][1386] SELECT par_cod_asig1,par_cod_asig2,par_cod_asig3 FROM tblaca009 WHERE pensum='5' AND c_uni_ca='5' AND c_asigna='355595' [1][0] OK
C:[29/10/2012 13:47:47.38][172.16.8.250][1516] SELECT horas_lab FROM tblaca008 WHERE c_asigna='355570' AND horas_teoricas > 0 [1][0] OK
C:[29/10/2012 13:48:39.55][172.16.8.250][1342] SELECT pre_cod_asig1,pre_cod_asig2,pre_cod_asig3,pre_cod_asig4,pre_cod_asig5,pre_cod_asig6,pre_cod_asig7 FROM tblaca009 WHERE pensum='5' AND c_uni_ca='4' AND c_asigna='300218' [1][0] OK
C:[29/10/2012 13:48:39.55][172.16.8.250][1342] SELECT pre_cod_asig1,pre_cod_asig2,pre_cod_asig3,pre_cod_asig4,pre_cod_asig5,pre_cod_asig6,pre_cod_asig7 FROM tblaca009 WHERE pensum='5' AND c_uni_ca='4' AND c_asigna='300222' [1][0] OK
C:[29/10/2012 13:48:39.55][172.16.8.250][1355] SELECT c_asigna FROM dace004 WHERE exp_e='95-15782275' AND c_asigna='300112' AND status IN ('0','3','B') [1][0] OK
C:[29/10/2012 13:48:39.55][172.16.8.250][1342] SELECT pre_cod_asig1,pre_cod_asig2,pre_cod_asig3,pre_cod_asig4,pre_cod_asig5,pre_cod_asig6,pre_cod_asig7 FROM tblaca009 WHERE pensum='5' AND c_uni_ca='4' AND c_asigna='300209' [1][0] OK
C:[29/10/2012 13:48:39.55][172.16.8.250][1355] SELECT c_asigna FROM dace004 WHERE exp_e='95-15782275' AND c_asigna='300101' AND status IN ('0','3','B') [1][0] OK
C:[29/10/2012 13:48:39.55][172.16.8.250][1342] SELECT pre_cod_asig1,pre_cod_asig2,pre_cod_asig3,pre_cod_asig4,pre_cod_asig5,pre_cod_asig6,pre_cod_asig7 FROM tblaca009 WHERE pensum='5' AND c_uni_ca='4' AND c_asigna='300213' [1][0] OK
C:[29/10/2012 13:48:39.55][172.16.8.250][1355] SELECT c_asigna FROM dace004 WHERE exp_e='95-15782275' AND c_asigna='300101' AND status IN ('0','3','B') [1][0] OK
C:[29/10/2012 13:48:39.55][172.16.8.250][1342] SELECT pre_cod_asig1,pre_cod_asig2,pre_cod_asig3,pre_cod_asig4,pre_cod_asig5,pre_cod_asig6,pre_cod_asig7 FROM tblaca009 WHERE pensum='5' AND c_uni_ca='4' AND c_asigna='300226' [1][0] OK
C:[29/10/2012 13:48:39.55][172.16.8.250][1355] SELECT c_asigna FROM dace004 WHERE exp_e='95-15782275' AND c_asigna='300116' AND status IN ('0','3','B') [1][0] OK
C:[29/10/2012 13:48:39.55][172.16.8.250][1342] SELECT pre_cod_asig1,pre_cod_asig2,pre_cod_asig3,pre_cod_asig4,pre_cod_asig5,pre_cod_asig6,pre_cod_asig7 FROM tblaca009 WHERE pensum='5' AND c_uni_ca='4' AND c_asigna='300228' [1][0] OK
C:[29/10/2012 13:48:39.55][172.16.8.250][1355] SELECT c_asigna FROM dace004 WHERE exp_e='95-15782275' AND c_asigna='300101' AND status IN ('0','3','B') [1][0] OK
C:[29/10/2012 13:48:39.92][172.16.8.250][1386] SELECT par_cod_asig1,par_cod_asig2,par_cod_asig3 FROM tblaca009 WHERE pensum='5' AND c_uni_ca='4' AND c_asigna='300218' [1][0] OK
C:[29/10/2012 13:48:39.92][172.16.8.250][1400] SELECT c_asigna FROM dace004 WHERE exp_e='95-15782275' AND c_asigna='300228' AND status IN ('0','3','B','C') [0][0] OK
C:[29/10/2012 13:48:39.92][172.16.8.250][1386] SELECT par_cod_asig1,par_cod_asig2,par_cod_asig3 FROM tblaca009 WHERE pensum='5' AND c_uni_ca='4' AND c_asigna='300222' [1][0] OK
C:[29/10/2012 13:48:39.92][172.16.8.250][1386] SELECT par_cod_asig1,par_cod_asig2,par_cod_asig3 FROM tblaca009 WHERE pensum='5' AND c_uni_ca='4' AND c_asigna='300209' [1][0] OK
C:[29/10/2012 13:48:39.92][172.16.8.250][1386] SELECT par_cod_asig1,par_cod_asig2,par_cod_asig3 FROM tblaca009 WHERE pensum='5' AND c_uni_ca='4' AND c_asigna='300213' [1][0] OK
C:[29/10/2012 13:48:39.92][172.16.8.250][1400] SELECT c_asigna FROM dace004 WHERE exp_e='95-15782275' AND c_asigna='300209' AND status IN ('0','3','B','C') [0][0] OK
C:[29/10/2012 13:48:39.92][172.16.8.250][1386] SELECT par_cod_asig1,par_cod_asig2,par_cod_asig3 FROM tblaca009 WHERE pensum='5' AND c_uni_ca='4' AND c_asigna='300226' [1][0] OK
C:[29/10/2012 13:48:39.92][172.16.8.250][1386] SELECT par_cod_asig1,par_cod_asig2,par_cod_asig3 FROM tblaca009 WHERE pensum='5' AND c_uni_ca='4' AND c_asigna='300228' [1][0] OK
C:[29/10/2012 13:48:40.94][172.16.8.250][1516] SELECT horas_lab FROM tblaca008 WHERE c_asigna='300218' AND horas_teoricas > 0 [0][0] OK
C:[29/10/2012 13:48:40.94][172.16.8.250][1516] SELECT horas_lab FROM tblaca008 WHERE c_asigna='300222' AND horas_teoricas > 0 [1][0] OK
C:[29/10/2012 13:50:30.70][172.16.8.250][1342] SELECT pre_cod_asig1,pre_cod_asig2,pre_cod_asig3,pre_cod_asig4,pre_cod_asig5,pre_cod_asig6,pre_cod_asig7 FROM tblaca009 WHERE pensum='5' AND c_uni_ca='4' AND c_asigna='300209' [1][0] OK
C:[29/10/2012 13:50:30.70][172.16.8.250][1355] SELECT c_asigna FROM dace004 WHERE exp_e='95-15782275' AND c_asigna='300101' AND status IN ('0','3','B') [1][0] OK
C:[29/10/2012 13:50:30.70][172.16.8.250][1342] SELECT pre_cod_asig1,pre_cod_asig2,pre_cod_asig3,pre_cod_asig4,pre_cod_asig5,pre_cod_asig6,pre_cod_asig7 FROM tblaca009 WHERE pensum='5' AND c_uni_ca='4' AND c_asigna='300213' [1][0] OK
C:[29/10/2012 13:50:30.70][172.16.8.250][1355] SELECT c_asigna FROM dace004 WHERE exp_e='95-15782275' AND c_asigna='300101' AND status IN ('0','3','B') [1][0] OK
C:[29/10/2012 13:50:30.70][172.16.8.250][1342] SELECT pre_cod_asig1,pre_cod_asig2,pre_cod_asig3,pre_cod_asig4,pre_cod_asig5,pre_cod_asig6,pre_cod_asig7 FROM tblaca009 WHERE pensum='5' AND c_uni_ca='4' AND c_asigna='300218' [1][0] OK
C:[29/10/2012 13:50:30.70][172.16.8.250][1342] SELECT pre_cod_asig1,pre_cod_asig2,pre_cod_asig3,pre_cod_asig4,pre_cod_asig5,pre_cod_asig6,pre_cod_asig7 FROM tblaca009 WHERE pensum='5' AND c_uni_ca='4' AND c_asigna='300222' [1][0] OK
C:[29/10/2012 13:50:30.70][172.16.8.250][1355] SELECT c_asigna FROM dace004 WHERE exp_e='95-15782275' AND c_asigna='300112' AND status IN ('0','3','B') [1][0] OK
C:[29/10/2012 13:50:30.70][172.16.8.250][1342] SELECT pre_cod_asig1,pre_cod_asig2,pre_cod_asig3,pre_cod_asig4,pre_cod_asig5,pre_cod_asig6,pre_cod_asig7 FROM tblaca009 WHERE pensum='5' AND c_uni_ca='4' AND c_asigna='300226' [1][0] OK
C:[29/10/2012 13:50:30.70][172.16.8.250][1355] SELECT c_asigna FROM dace004 WHERE exp_e='95-15782275' AND c_asigna='300116' AND status IN ('0','3','B') [1][0] OK
C:[29/10/2012 13:50:30.70][172.16.8.250][1342] SELECT pre_cod_asig1,pre_cod_asig2,pre_cod_asig3,pre_cod_asig4,pre_cod_asig5,pre_cod_asig6,pre_cod_asig7 FROM tblaca009 WHERE pensum='5' AND c_uni_ca='4' AND c_asigna='300228' [1][0] OK
C:[29/10/2012 13:50:30.70][172.16.8.250][1355] SELECT c_asigna FROM dace004 WHERE exp_e='95-15782275' AND c_asigna='300101' AND status IN ('0','3','B') [1][0] OK
C:[29/10/2012 13:50:31.08][172.16.8.250][1386] SELECT par_cod_asig1,par_cod_asig2,par_cod_asig3 FROM tblaca009 WHERE pensum='5' AND c_uni_ca='4' AND c_asigna='300209' [1][0] OK
C:[29/10/2012 13:50:31.08][172.16.8.250][1386] SELECT par_cod_asig1,par_cod_asig2,par_cod_asig3 FROM tblaca009 WHERE pensum='5' AND c_uni_ca='4' AND c_asigna='300213' [1][0] OK
C:[29/10/2012 13:50:31.08][172.16.8.250][1400] SELECT c_asigna FROM dace004 WHERE exp_e='95-15782275' AND c_asigna='300209' AND status IN ('0','3','B','C') [0][0] OK
C:[29/10/2012 13:50:31.08][172.16.8.250][1386] SELECT par_cod_asig1,par_cod_asig2,par_cod_asig3 FROM tblaca009 WHERE pensum='5' AND c_uni_ca='4' AND c_asigna='300218' [1][0] OK
C:[29/10/2012 13:50:31.08][172.16.8.250][1400] SELECT c_asigna FROM dace004 WHERE exp_e='95-15782275' AND c_asigna='300228' AND status IN ('0','3','B','C') [0][0] OK
C:[29/10/2012 13:50:31.08][172.16.8.250][1386] SELECT par_cod_asig1,par_cod_asig2,par_cod_asig3 FROM tblaca009 WHERE pensum='5' AND c_uni_ca='4' AND c_asigna='300222' [1][0] OK
C:[29/10/2012 13:50:31.08][172.16.8.250][1386] SELECT par_cod_asig1,par_cod_asig2,par_cod_asig3 FROM tblaca009 WHERE pensum='5' AND c_uni_ca='4' AND c_asigna='300226' [1][0] OK
C:[29/10/2012 13:50:31.08][172.16.8.250][1386] SELECT par_cod_asig1,par_cod_asig2,par_cod_asig3 FROM tblaca009 WHERE pensum='5' AND c_uni_ca='4' AND c_asigna='300228' [1][0] OK
C:[29/10/2012 13:51:57.40][172.16.8.250][1342] SELECT pre_cod_asig1,pre_cod_asig2,pre_cod_asig3,pre_cod_asig4,pre_cod_asig5,pre_cod_asig6,pre_cod_asig7 FROM tblaca009 WHERE pensum='5' AND c_uni_ca='4' AND c_asigna='300209' [1][0] OK
C:[29/10/2012 13:51:57.40][172.16.8.250][1355] SELECT c_asigna FROM dace004 WHERE exp_e='95-15782275' AND c_asigna='300101' AND status IN ('0','3','B') [1][0] OK
C:[29/10/2012 13:51:57.40][172.16.8.250][1342] SELECT pre_cod_asig1,pre_cod_asig2,pre_cod_asig3,pre_cod_asig4,pre_cod_asig5,pre_cod_asig6,pre_cod_asig7 FROM tblaca009 WHERE pensum='5' AND c_uni_ca='4' AND c_asigna='300213' [1][0] OK
C:[29/10/2012 13:51:57.40][172.16.8.250][1355] SELECT c_asigna FROM dace004 WHERE exp_e='95-15782275' AND c_asigna='300101' AND status IN ('0','3','B') [1][0] OK
C:[29/10/2012 13:51:57.40][172.16.8.250][1342] SELECT pre_cod_asig1,pre_cod_asig2,pre_cod_asig3,pre_cod_asig4,pre_cod_asig5,pre_cod_asig6,pre_cod_asig7 FROM tblaca009 WHERE pensum='5' AND c_uni_ca='4' AND c_asigna='300218' [1][0] OK
C:[29/10/2012 13:51:57.40][172.16.8.250][1342] SELECT pre_cod_asig1,pre_cod_asig2,pre_cod_asig3,pre_cod_asig4,pre_cod_asig5,pre_cod_asig6,pre_cod_asig7 FROM tblaca009 WHERE pensum='5' AND c_uni_ca='4' AND c_asigna='300222' [1][0] OK
C:[29/10/2012 13:51:57.40][172.16.8.250][1355] SELECT c_asigna FROM dace004 WHERE exp_e='95-15782275' AND c_asigna='300112' AND status IN ('0','3','B') [1][0] OK
C:[29/10/2012 13:51:57.40][172.16.8.250][1342] SELECT pre_cod_asig1,pre_cod_asig2,pre_cod_asig3,pre_cod_asig4,pre_cod_asig5,pre_cod_asig6,pre_cod_asig7 FROM tblaca009 WHERE pensum='5' AND c_uni_ca='4' AND c_asigna='300226' [1][0] OK
C:[29/10/2012 13:51:57.40][172.16.8.250][1355] SELECT c_asigna FROM dace004 WHERE exp_e='95-15782275' AND c_asigna='300116' AND status IN ('0','3','B') [1][0] OK
C:[29/10/2012 13:51:57.40][172.16.8.250][1342] SELECT pre_cod_asig1,pre_cod_asig2,pre_cod_asig3,pre_cod_asig4,pre_cod_asig5,pre_cod_asig6,pre_cod_asig7 FROM tblaca009 WHERE pensum='5' AND c_uni_ca='4' AND c_asigna='300228' [1][0] OK
C:[29/10/2012 13:51:57.40][172.16.8.250][1355] SELECT c_asigna FROM dace004 WHERE exp_e='95-15782275' AND c_asigna='300101' AND status IN ('0','3','B') [1][0] OK
C:[29/10/2012 13:51:57.77][172.16.8.250][1386] SELECT par_cod_asig1,par_cod_asig2,par_cod_asig3 FROM tblaca009 WHERE pensum='5' AND c_uni_ca='4' AND c_asigna='300209' [1][0] OK
C:[29/10/2012 13:51:57.77][172.16.8.250][1386] SELECT par_cod_asig1,par_cod_asig2,par_cod_asig3 FROM tblaca009 WHERE pensum='5' AND c_uni_ca='4' AND c_asigna='300213' [1][0] OK
C:[29/10/2012 13:51:57.77][172.16.8.250][1400] SELECT c_asigna FROM dace004 WHERE exp_e='95-15782275' AND c_asigna='300209' AND status IN ('0','3','B','C') [0][0] OK
C:[29/10/2012 13:51:57.77][172.16.8.250][1386] SELECT par_cod_asig1,par_cod_asig2,par_cod_asig3 FROM tblaca009 WHERE pensum='5' AND c_uni_ca='4' AND c_asigna='300218' [1][0] OK
C:[29/10/2012 13:51:57.77][172.16.8.250][1400] SELECT c_asigna FROM dace004 WHERE exp_e='95-15782275' AND c_asigna='300228' AND status IN ('0','3','B','C') [0][0] OK
C:[29/10/2012 13:51:57.77][172.16.8.250][1386] SELECT par_cod_asig1,par_cod_asig2,par_cod_asig3 FROM tblaca009 WHERE pensum='5' AND c_uni_ca='4' AND c_asigna='300222' [1][0] OK
C:[29/10/2012 13:51:57.77][172.16.8.250][1386] SELECT par_cod_asig1,par_cod_asig2,par_cod_asig3 FROM tblaca009 WHERE pensum='5' AND c_uni_ca='4' AND c_asigna='300226' [1][0] OK
C:[29/10/2012 13:51:57.77][172.16.8.250][1386] SELECT par_cod_asig1,par_cod_asig2,par_cod_asig3 FROM tblaca009 WHERE pensum='5' AND c_uni_ca='4' AND c_asigna='300228' [1][0] OK
C:[29/10/2012 13:52:16.78][172.16.8.250][1342] SELECT pre_cod_asig1,pre_cod_asig2,pre_cod_asig3,pre_cod_asig4,pre_cod_asig5,pre_cod_asig6,pre_cod_asig7 FROM tblaca009 WHERE pensum='5' AND c_uni_ca='4' AND c_asigna='300209' [1][0] OK
C:[29/10/2012 13:52:16.78][172.16.8.250][1355] SELECT c_asigna FROM dace004 WHERE exp_e='95-15782275' AND c_asigna='300101' AND status IN ('0','3','B') [1][0] OK
C:[29/10/2012 13:52:16.78][172.16.8.250][1342] SELECT pre_cod_asig1,pre_cod_asig2,pre_cod_asig3,pre_cod_asig4,pre_cod_asig5,pre_cod_asig6,pre_cod_asig7 FROM tblaca009 WHERE pensum='5' AND c_uni_ca='4' AND c_asigna='300213' [1][0] OK
C:[29/10/2012 13:52:16.78][172.16.8.250][1355] SELECT c_asigna FROM dace004 WHERE exp_e='95-15782275' AND c_asigna='300101' AND status IN ('0','3','B') [1][0] OK
C:[29/10/2012 13:52:16.78][172.16.8.250][1342] SELECT pre_cod_asig1,pre_cod_asig2,pre_cod_asig3,pre_cod_asig4,pre_cod_asig5,pre_cod_asig6,pre_cod_asig7 FROM tblaca009 WHERE pensum='5' AND c_uni_ca='4' AND c_asigna='300218' [1][0] OK
C:[29/10/2012 13:52:16.78][172.16.8.250][1342] SELECT pre_cod_asig1,pre_cod_asig2,pre_cod_asig3,pre_cod_asig4,pre_cod_asig5,pre_cod_asig6,pre_cod_asig7 FROM tblaca009 WHERE pensum='5' AND c_uni_ca='4' AND c_asigna='300222' [1][0] OK
C:[29/10/2012 13:52:16.78][172.16.8.250][1355] SELECT c_asigna FROM dace004 WHERE exp_e='95-15782275' AND c_asigna='300112' AND status IN ('0','3','B') [1][0] OK
C:[29/10/2012 13:52:16.78][172.16.8.250][1342] SELECT pre_cod_asig1,pre_cod_asig2,pre_cod_asig3,pre_cod_asig4,pre_cod_asig5,pre_cod_asig6,pre_cod_asig7 FROM tblaca009 WHERE pensum='5' AND c_uni_ca='4' AND c_asigna='300226' [1][0] OK
C:[29/10/2012 13:52:16.78][172.16.8.250][1355] SELECT c_asigna FROM dace004 WHERE exp_e='95-15782275' AND c_asigna='300116' AND status IN ('0','3','B') [1][0] OK
C:[29/10/2012 13:52:16.78][172.16.8.250][1342] SELECT pre_cod_asig1,pre_cod_asig2,pre_cod_asig3,pre_cod_asig4,pre_cod_asig5,pre_cod_asig6,pre_cod_asig7 FROM tblaca009 WHERE pensum='5' AND c_uni_ca='4' AND c_asigna='300228' [1][0] OK
C:[29/10/2012 13:52:16.78][172.16.8.250][1355] SELECT c_asigna FROM dace004 WHERE exp_e='95-15782275' AND c_asigna='300101' AND status IN ('0','3','B') [1][0] OK
C:[29/10/2012 13:52:17.16][172.16.8.250][1386] SELECT par_cod_asig1,par_cod_asig2,par_cod_asig3 FROM tblaca009 WHERE pensum='5' AND c_uni_ca='4' AND c_asigna='300209' [1][0] OK
C:[29/10/2012 13:52:17.16][172.16.8.250][1386] SELECT par_cod_asig1,par_cod_asig2,par_cod_asig3 FROM tblaca009 WHERE pensum='5' AND c_uni_ca='4' AND c_asigna='300213' [1][0] OK
C:[29/10/2012 13:52:17.16][172.16.8.250][1400] SELECT c_asigna FROM dace004 WHERE exp_e='95-15782275' AND c_asigna='300209' AND status IN ('0','3','B','C') [0][0] OK
C:[29/10/2012 13:52:17.16][172.16.8.250][1386] SELECT par_cod_asig1,par_cod_asig2,par_cod_asig3 FROM tblaca009 WHERE pensum='5' AND c_uni_ca='4' AND c_asigna='300218' [1][0] OK
C:[29/10/2012 13:52:17.16][172.16.8.250][1400] SELECT c_asigna FROM dace004 WHERE exp_e='95-15782275' AND c_asigna='300228' AND status IN ('0','3','B','C') [0][0] OK
C:[29/10/2012 13:52:17.16][172.16.8.250][1386] SELECT par_cod_asig1,par_cod_asig2,par_cod_asig3 FROM tblaca009 WHERE pensum='5' AND c_uni_ca='4' AND c_asigna='300222' [1][0] OK
C:[29/10/2012 13:52:17.16][172.16.8.250][1386] SELECT par_cod_asig1,par_cod_asig2,par_cod_asig3 FROM tblaca009 WHERE pensum='5' AND c_uni_ca='4' AND c_asigna='300226' [1][0] OK
C:[29/10/2012 13:52:17.16][172.16.8.250][1386] SELECT par_cod_asig1,par_cod_asig2,par_cod_asig3 FROM tblaca009 WHERE pensum='5' AND c_uni_ca='4' AND c_asigna='300228' [1][0] OK
C:[29/10/2012 13:52:30.43][172.16.8.250][1342] SELECT pre_cod_asig1,pre_cod_asig2,pre_cod_asig3,pre_cod_asig4,pre_cod_asig5,pre_cod_asig6,pre_cod_asig7 FROM tblaca009 WHERE pensum='5' AND c_uni_ca='4' AND c_asigna='300209' [1][0] OK
C:[29/10/2012 13:52:30.43][172.16.8.250][1355] SELECT c_asigna FROM dace004 WHERE exp_e='95-15782275' AND c_asigna='300101' AND status IN ('0','3','B') [1][0] OK
C:[29/10/2012 13:52:30.43][172.16.8.250][1342] SELECT pre_cod_asig1,pre_cod_asig2,pre_cod_asig3,pre_cod_asig4,pre_cod_asig5,pre_cod_asig6,pre_cod_asig7 FROM tblaca009 WHERE pensum='5' AND c_uni_ca='4' AND c_asigna='300213' [1][0] OK
C:[29/10/2012 13:52:30.43][172.16.8.250][1355] SELECT c_asigna FROM dace004 WHERE exp_e='95-15782275' AND c_asigna='300101' AND status IN ('0','3','B') [1][0] OK
C:[29/10/2012 13:52:30.43][172.16.8.250][1342] SELECT pre_cod_asig1,pre_cod_asig2,pre_cod_asig3,pre_cod_asig4,pre_cod_asig5,pre_cod_asig6,pre_cod_asig7 FROM tblaca009 WHERE pensum='5' AND c_uni_ca='4' AND c_asigna='300218' [1][0] OK
C:[29/10/2012 13:52:30.43][172.16.8.250][1342] SELECT pre_cod_asig1,pre_cod_asig2,pre_cod_asig3,pre_cod_asig4,pre_cod_asig5,pre_cod_asig6,pre_cod_asig7 FROM tblaca009 WHERE pensum='5' AND c_uni_ca='4' AND c_asigna='300222' [1][0] OK
C:[29/10/2012 13:52:30.43][172.16.8.250][1355] SELECT c_asigna FROM dace004 WHERE exp_e='95-15782275' AND c_asigna='300112' AND status IN ('0','3','B') [1][0] OK
C:[29/10/2012 13:52:30.43][172.16.8.250][1342] SELECT pre_cod_asig1,pre_cod_asig2,pre_cod_asig3,pre_cod_asig4,pre_cod_asig5,pre_cod_asig6,pre_cod_asig7 FROM tblaca009 WHERE pensum='5' AND c_uni_ca='4' AND c_asigna='300226' [1][0] OK
C:[29/10/2012 13:52:30.43][172.16.8.250][1355] SELECT c_asigna FROM dace004 WHERE exp_e='95-15782275' AND c_asigna='300116' AND status IN ('0','3','B') [1][0] OK
C:[29/10/2012 13:52:30.43][172.16.8.250][1342] SELECT pre_cod_asig1,pre_cod_asig2,pre_cod_asig3,pre_cod_asig4,pre_cod_asig5,pre_cod_asig6,pre_cod_asig7 FROM tblaca009 WHERE pensum='5' AND c_uni_ca='4' AND c_asigna='300228' [1][0] OK
C:[29/10/2012 13:52:30.43][172.16.8.250][1355] SELECT c_asigna FROM dace004 WHERE exp_e='95-15782275' AND c_asigna='300101' AND status IN ('0','3','B') [1][0] OK
C:[29/10/2012 13:52:31.80][172.16.8.250][1386] SELECT par_cod_asig1,par_cod_asig2,par_cod_asig3 FROM tblaca009 WHERE pensum='5' AND c_uni_ca='4' AND c_asigna='300209' [1][0] OK
C:[29/10/2012 13:52:31.80][172.16.8.250][1386] SELECT par_cod_asig1,par_cod_asig2,par_cod_asig3 FROM tblaca009 WHERE pensum='5' AND c_uni_ca='4' AND c_asigna='300213' [1][0] OK
C:[29/10/2012 13:52:31.80][172.16.8.250][1400] SELECT c_asigna FROM dace004 WHERE exp_e='95-15782275' AND c_asigna='300209' AND status IN ('0','3','B','C') [0][0] OK
C:[29/10/2012 13:52:31.80][172.16.8.250][1386] SELECT par_cod_asig1,par_cod_asig2,par_cod_asig3 FROM tblaca009 WHERE pensum='5' AND c_uni_ca='4' AND c_asigna='300218' [1][0] OK
C:[29/10/2012 13:52:31.80][172.16.8.250][1400] SELECT c_asigna FROM dace004 WHERE exp_e='95-15782275' AND c_asigna='300228' AND status IN ('0','3','B','C') [0][0] OK
C:[29/10/2012 13:52:31.80][172.16.8.250][1386] SELECT par_cod_asig1,par_cod_asig2,par_cod_asig3 FROM tblaca009 WHERE pensum='5' AND c_uni_ca='4' AND c_asigna='300222' [1][0] OK
C:[29/10/2012 13:52:31.80][172.16.8.250][1386] SELECT par_cod_asig1,par_cod_asig2,par_cod_asig3 FROM tblaca009 WHERE pensum='5' AND c_uni_ca='4' AND c_asigna='300226' [1][0] OK
C:[29/10/2012 13:52:31.80][172.16.8.250][1386] SELECT par_cod_asig1,par_cod_asig2,par_cod_asig3 FROM tblaca009 WHERE pensum='5' AND c_uni_ca='4' AND c_asigna='300228' [1][0] OK
C:[29/10/2012 13:53:02.71][172.16.8.250][1342] SELECT pre_cod_asig1,pre_cod_asig2,pre_cod_asig3,pre_cod_asig4,pre_cod_asig5,pre_cod_asig6,pre_cod_asig7 FROM tblaca009 WHERE pensum='5' AND c_uni_ca='4' AND c_asigna='300209' [1][0] OK
C:[29/10/2012 13:53:02.71][172.16.8.250][1355] SELECT c_asigna FROM dace004 WHERE exp_e='95-15782275' AND c_asigna='300101' AND status IN ('0','3','B') [1][0] OK
C:[29/10/2012 13:53:02.71][172.16.8.250][1342] SELECT pre_cod_asig1,pre_cod_asig2,pre_cod_asig3,pre_cod_asig4,pre_cod_asig5,pre_cod_asig6,pre_cod_asig7 FROM tblaca009 WHERE pensum='5' AND c_uni_ca='4' AND c_asigna='300213' [1][0] OK
C:[29/10/2012 13:53:02.71][172.16.8.250][1355] SELECT c_asigna FROM dace004 WHERE exp_e='95-15782275' AND c_asigna='300101' AND status IN ('0','3','B') [1][0] OK
C:[29/10/2012 13:53:02.71][172.16.8.250][1342] SELECT pre_cod_asig1,pre_cod_asig2,pre_cod_asig3,pre_cod_asig4,pre_cod_asig5,pre_cod_asig6,pre_cod_asig7 FROM tblaca009 WHERE pensum='5' AND c_uni_ca='4' AND c_asigna='300218' [1][0] OK
C:[29/10/2012 13:53:02.71][172.16.8.250][1342] SELECT pre_cod_asig1,pre_cod_asig2,pre_cod_asig3,pre_cod_asig4,pre_cod_asig5,pre_cod_asig6,pre_cod_asig7 FROM tblaca009 WHERE pensum='5' AND c_uni_ca='4' AND c_asigna='300222' [1][0] OK
C:[29/10/2012 13:53:02.71][172.16.8.250][1355] SELECT c_asigna FROM dace004 WHERE exp_e='95-15782275' AND c_asigna='300112' AND status IN ('0','3','B') [1][0] OK
C:[29/10/2012 13:53:02.71][172.16.8.250][1342] SELECT pre_cod_asig1,pre_cod_asig2,pre_cod_asig3,pre_cod_asig4,pre_cod_asig5,pre_cod_asig6,pre_cod_asig7 FROM tblaca009 WHERE pensum='5' AND c_uni_ca='4' AND c_asigna='300226' [1][0] OK
C:[29/10/2012 13:53:02.71][172.16.8.250][1355] SELECT c_asigna FROM dace004 WHERE exp_e='95-15782275' AND c_asigna='300116' AND status IN ('0','3','B') [1][0] OK
C:[29/10/2012 13:53:02.71][172.16.8.250][1342] SELECT pre_cod_asig1,pre_cod_asig2,pre_cod_asig3,pre_cod_asig4,pre_cod_asig5,pre_cod_asig6,pre_cod_asig7 FROM tblaca009 WHERE pensum='5' AND c_uni_ca='4' AND c_asigna='300228' [1][0] OK
C:[29/10/2012 13:53:02.71][172.16.8.250][1355] SELECT c_asigna FROM dace004 WHERE exp_e='95-15782275' AND c_asigna='300101' AND status IN ('0','3','B') [1][0] OK
C:[29/10/2012 13:53:02.08][172.16.8.250][1386] SELECT par_cod_asig1,par_cod_asig2,par_cod_asig3 FROM tblaca009 WHERE pensum='5' AND c_uni_ca='4' AND c_asigna='300209' [1][0] OK
C:[29/10/2012 13:53:02.08][172.16.8.250][1386] SELECT par_cod_asig1,par_cod_asig2,par_cod_asig3 FROM tblaca009 WHERE pensum='5' AND c_uni_ca='4' AND c_asigna='300213' [1][0] OK
C:[29/10/2012 13:53:02.08][172.16.8.250][1400] SELECT c_asigna FROM dace004 WHERE exp_e='95-15782275' AND c_asigna='300209' AND status IN ('0','3','B','C') [0][0] OK
C:[29/10/2012 13:53:02.08][172.16.8.250][1386] SELECT par_cod_asig1,par_cod_asig2,par_cod_asig3 FROM tblaca009 WHERE pensum='5' AND c_uni_ca='4' AND c_asigna='300218' [1][0] OK
C:[29/10/2012 13:53:02.08][172.16.8.250][1400] SELECT c_asigna FROM dace004 WHERE exp_e='95-15782275' AND c_asigna='300228' AND status IN ('0','3','B','C') [0][0] OK
C:[29/10/2012 13:53:02.08][172.16.8.250][1386] SELECT par_cod_asig1,par_cod_asig2,par_cod_asig3 FROM tblaca009 WHERE pensum='5' AND c_uni_ca='4' AND c_asigna='300222' [1][0] OK
C:[29/10/2012 13:53:02.08][172.16.8.250][1386] SELECT par_cod_asig1,par_cod_asig2,par_cod_asig3 FROM tblaca009 WHERE pensum='5' AND c_uni_ca='4' AND c_asigna='300226' [1][0] OK
C:[29/10/2012 13:53:02.08][172.16.8.250][1386] SELECT par_cod_asig1,par_cod_asig2,par_cod_asig3 FROM tblaca009 WHERE pensum='5' AND c_uni_ca='4' AND c_asigna='300228' [1][0] OK
C:[29/10/2012 13:53:50.88][172.16.8.250][1342] SELECT pre_cod_asig1,pre_cod_asig2,pre_cod_asig3,pre_cod_asig4,pre_cod_asig5,pre_cod_asig6,pre_cod_asig7 FROM tblaca009 WHERE pensum='5' AND c_uni_ca='4' AND c_asigna='300209' [1][0] OK
C:[29/10/2012 13:53:50.88][172.16.8.250][1355] SELECT c_asigna FROM dace004 WHERE exp_e='95-15782275' AND c_asigna='300101' AND status IN ('0','3','B') [1][0] OK
C:[29/10/2012 13:53:50.88][172.16.8.250][1342] SELECT pre_cod_asig1,pre_cod_asig2,pre_cod_asig3,pre_cod_asig4,pre_cod_asig5,pre_cod_asig6,pre_cod_asig7 FROM tblaca009 WHERE pensum='5' AND c_uni_ca='4' AND c_asigna='300213' [1][0] OK
C:[29/10/2012 13:53:50.88][172.16.8.250][1355] SELECT c_asigna FROM dace004 WHERE exp_e='95-15782275' AND c_asigna='300101' AND status IN ('0','3','B') [1][0] OK
C:[29/10/2012 13:53:50.88][172.16.8.250][1342] SELECT pre_cod_asig1,pre_cod_asig2,pre_cod_asig3,pre_cod_asig4,pre_cod_asig5,pre_cod_asig6,pre_cod_asig7 FROM tblaca009 WHERE pensum='5' AND c_uni_ca='4' AND c_asigna='300218' [1][0] OK
C:[29/10/2012 13:53:50.88][172.16.8.250][1342] SELECT pre_cod_asig1,pre_cod_asig2,pre_cod_asig3,pre_cod_asig4,pre_cod_asig5,pre_cod_asig6,pre_cod_asig7 FROM tblaca009 WHERE pensum='5' AND c_uni_ca='4' AND c_asigna='300222' [1][0] OK
C:[29/10/2012 13:53:50.88][172.16.8.250][1355] SELECT c_asigna FROM dace004 WHERE exp_e='95-15782275' AND c_asigna='300112' AND status IN ('0','3','B') [1][0] OK
C:[29/10/2012 13:53:50.88][172.16.8.250][1342] SELECT pre_cod_asig1,pre_cod_asig2,pre_cod_asig3,pre_cod_asig4,pre_cod_asig5,pre_cod_asig6,pre_cod_asig7 FROM tblaca009 WHERE pensum='5' AND c_uni_ca='4' AND c_asigna='300226' [1][0] OK
C:[29/10/2012 13:53:50.88][172.16.8.250][1355] SELECT c_asigna FROM dace004 WHERE exp_e='95-15782275' AND c_asigna='300116' AND status IN ('0','3','B') [1][0] OK
C:[29/10/2012 13:53:50.88][172.16.8.250][1342] SELECT pre_cod_asig1,pre_cod_asig2,pre_cod_asig3,pre_cod_asig4,pre_cod_asig5,pre_cod_asig6,pre_cod_asig7 FROM tblaca009 WHERE pensum='5' AND c_uni_ca='4' AND c_asigna='300228' [1][0] OK
C:[29/10/2012 13:53:50.88][172.16.8.250][1355] SELECT c_asigna FROM dace004 WHERE exp_e='95-15782275' AND c_asigna='300101' AND status IN ('0','3','B') [1][0] OK
C:[29/10/2012 13:53:50.26][172.16.8.250][1386] SELECT par_cod_asig1,par_cod_asig2,par_cod_asig3 FROM tblaca009 WHERE pensum='5' AND c_uni_ca='4' AND c_asigna='300209' [1][0] OK
C:[29/10/2012 13:53:50.26][172.16.8.250][1386] SELECT par_cod_asig1,par_cod_asig2,par_cod_asig3 FROM tblaca009 WHERE pensum='5' AND c_uni_ca='4' AND c_asigna='300213' [1][0] OK
C:[29/10/2012 13:53:50.26][172.16.8.250][1400] SELECT c_asigna FROM dace004 WHERE exp_e='95-15782275' AND c_asigna='300209' AND status IN ('0','3','B','C') [0][0] OK
C:[29/10/2012 13:53:50.26][172.16.8.250][1386] SELECT par_cod_asig1,par_cod_asig2,par_cod_asig3 FROM tblaca009 WHERE pensum='5' AND c_uni_ca='4' AND c_asigna='300218' [1][0] OK
C:[29/10/2012 13:53:50.26][172.16.8.250][1400] SELECT c_asigna FROM dace004 WHERE exp_e='95-15782275' AND c_asigna='300228' AND status IN ('0','3','B','C') [0][0] OK
C:[29/10/2012 13:53:50.26][172.16.8.250][1386] SELECT par_cod_asig1,par_cod_asig2,par_cod_asig3 FROM tblaca009 WHERE pensum='5' AND c_uni_ca='4' AND c_asigna='300222' [1][0] OK
C:[29/10/2012 13:53:50.26][172.16.8.250][1386] SELECT par_cod_asig1,par_cod_asig2,par_cod_asig3 FROM tblaca009 WHERE pensum='5' AND c_uni_ca='4' AND c_asigna='300226' [1][0] OK
C:[29/10/2012 13:53:50.26][172.16.8.250][1386] SELECT par_cod_asig1,par_cod_asig2,par_cod_asig3 FROM tblaca009 WHERE pensum='5' AND c_uni_ca='4' AND c_asigna='300228' [1][0] OK
C:[29/10/2012 13:54:18.22][172.16.8.250][1342] SELECT pre_cod_asig1,pre_cod_asig2,pre_cod_asig3,pre_cod_asig4,pre_cod_asig5,pre_cod_asig6,pre_cod_asig7 FROM tblaca009 WHERE pensum='5' AND c_uni_ca='4' AND c_asigna='300209' [1][0] OK
C:[29/10/2012 13:54:18.22][172.16.8.250][1355] SELECT c_asigna FROM dace004 WHERE exp_e='95-15782275' AND c_asigna='300101' AND status IN ('0','3','B') [1][0] OK
C:[29/10/2012 13:54:18.22][172.16.8.250][1342] SELECT pre_cod_asig1,pre_cod_asig2,pre_cod_asig3,pre_cod_asig4,pre_cod_asig5,pre_cod_asig6,pre_cod_asig7 FROM tblaca009 WHERE pensum='5' AND c_uni_ca='4' AND c_asigna='300213' [1][0] OK
C:[29/10/2012 13:54:18.22][172.16.8.250][1355] SELECT c_asigna FROM dace004 WHERE exp_e='95-15782275' AND c_asigna='300101' AND status IN ('0','3','B') [1][0] OK
C:[29/10/2012 13:54:18.22][172.16.8.250][1342] SELECT pre_cod_asig1,pre_cod_asig2,pre_cod_asig3,pre_cod_asig4,pre_cod_asig5,pre_cod_asig6,pre_cod_asig7 FROM tblaca009 WHERE pensum='5' AND c_uni_ca='4' AND c_asigna='300218' [1][0] OK
C:[29/10/2012 13:54:18.22][172.16.8.250][1342] SELECT pre_cod_asig1,pre_cod_asig2,pre_cod_asig3,pre_cod_asig4,pre_cod_asig5,pre_cod_asig6,pre_cod_asig7 FROM tblaca009 WHERE pensum='5' AND c_uni_ca='4' AND c_asigna='300222' [1][0] OK
C:[29/10/2012 13:54:18.22][172.16.8.250][1355] SELECT c_asigna FROM dace004 WHERE exp_e='95-15782275' AND c_asigna='300112' AND status IN ('0','3','B') [1][0] OK
C:[29/10/2012 13:54:18.22][172.16.8.250][1342] SELECT pre_cod_asig1,pre_cod_asig2,pre_cod_asig3,pre_cod_asig4,pre_cod_asig5,pre_cod_asig6,pre_cod_asig7 FROM tblaca009 WHERE pensum='5' AND c_uni_ca='4' AND c_asigna='300226' [1][0] OK
C:[29/10/2012 13:54:18.22][172.16.8.250][1355] SELECT c_asigna FROM dace004 WHERE exp_e='95-15782275' AND c_asigna='300116' AND status IN ('0','3','B') [1][0] OK
C:[29/10/2012 13:54:18.22][172.16.8.250][1342] SELECT pre_cod_asig1,pre_cod_asig2,pre_cod_asig3,pre_cod_asig4,pre_cod_asig5,pre_cod_asig6,pre_cod_asig7 FROM tblaca009 WHERE pensum='5' AND c_uni_ca='4' AND c_asigna='300228' [1][0] OK
C:[29/10/2012 13:54:18.22][172.16.8.250][1355] SELECT c_asigna FROM dace004 WHERE exp_e='95-15782275' AND c_asigna='300101' AND status IN ('0','3','B') [1][0] OK
C:[29/10/2012 13:54:18.58][172.16.8.250][1386] SELECT par_cod_asig1,par_cod_asig2,par_cod_asig3 FROM tblaca009 WHERE pensum='5' AND c_uni_ca='4' AND c_asigna='300209' [1][0] OK
C:[29/10/2012 13:54:18.58][172.16.8.250][1386] SELECT par_cod_asig1,par_cod_asig2,par_cod_asig3 FROM tblaca009 WHERE pensum='5' AND c_uni_ca='4' AND c_asigna='300213' [1][0] OK
C:[29/10/2012 13:54:18.58][172.16.8.250][1400] SELECT c_asigna FROM dace004 WHERE exp_e='95-15782275' AND c_asigna='300209' AND status IN ('0','3','B','C') [0][0] OK
C:[29/10/2012 13:54:18.58][172.16.8.250][1386] SELECT par_cod_asig1,par_cod_asig2,par_cod_asig3 FROM tblaca009 WHERE pensum='5' AND c_uni_ca='4' AND c_asigna='300218' [1][0] OK
C:[29/10/2012 13:54:18.58][172.16.8.250][1400] SELECT c_asigna FROM dace004 WHERE exp_e='95-15782275' AND c_asigna='300228' AND status IN ('0','3','B','C') [0][0] OK
C:[29/10/2012 13:54:18.58][172.16.8.250][1386] SELECT par_cod_asig1,par_cod_asig2,par_cod_asig3 FROM tblaca009 WHERE pensum='5' AND c_uni_ca='4' AND c_asigna='300222' [1][0] OK
C:[29/10/2012 13:54:18.58][172.16.8.250][1386] SELECT par_cod_asig1,par_cod_asig2,par_cod_asig3 FROM tblaca009 WHERE pensum='5' AND c_uni_ca='4' AND c_asigna='300226' [1][0] OK
C:[29/10/2012 13:54:18.58][172.16.8.250][1386] SELECT par_cod_asig1,par_cod_asig2,par_cod_asig3 FROM tblaca009 WHERE pensum='5' AND c_uni_ca='4' AND c_asigna='300228' [1][0] OK
C:[29/10/2012 13:54:38.70][172.16.8.250][1342] SELECT pre_cod_asig1,pre_cod_asig2,pre_cod_asig3,pre_cod_asig4,pre_cod_asig5,pre_cod_asig6,pre_cod_asig7 FROM tblaca009 WHERE pensum='5' AND c_uni_ca='4' AND c_asigna='300209' [1][0] OK
C:[29/10/2012 13:54:38.70][172.16.8.250][1355] SELECT c_asigna FROM dace004 WHERE exp_e='95-15782275' AND c_asigna='300101' AND status IN ('0','3','B') [1][0] OK
C:[29/10/2012 13:54:38.70][172.16.8.250][1342] SELECT pre_cod_asig1,pre_cod_asig2,pre_cod_asig3,pre_cod_asig4,pre_cod_asig5,pre_cod_asig6,pre_cod_asig7 FROM tblaca009 WHERE pensum='5' AND c_uni_ca='4' AND c_asigna='300213' [1][0] OK
C:[29/10/2012 13:54:38.70][172.16.8.250][1355] SELECT c_asigna FROM dace004 WHERE exp_e='95-15782275' AND c_asigna='300101' AND status IN ('0','3','B') [1][0] OK
C:[29/10/2012 13:54:38.70][172.16.8.250][1342] SELECT pre_cod_asig1,pre_cod_asig2,pre_cod_asig3,pre_cod_asig4,pre_cod_asig5,pre_cod_asig6,pre_cod_asig7 FROM tblaca009 WHERE pensum='5' AND c_uni_ca='4' AND c_asigna='300218' [1][0] OK
C:[29/10/2012 13:54:38.70][172.16.8.250][1342] SELECT pre_cod_asig1,pre_cod_asig2,pre_cod_asig3,pre_cod_asig4,pre_cod_asig5,pre_cod_asig6,pre_cod_asig7 FROM tblaca009 WHERE pensum='5' AND c_uni_ca='4' AND c_asigna='300222' [1][0] OK
C:[29/10/2012 13:54:38.70][172.16.8.250][1355] SELECT c_asigna FROM dace004 WHERE exp_e='95-15782275' AND c_asigna='300112' AND status IN ('0','3','B') [1][0] OK
C:[29/10/2012 13:54:38.70][172.16.8.250][1342] SELECT pre_cod_asig1,pre_cod_asig2,pre_cod_asig3,pre_cod_asig4,pre_cod_asig5,pre_cod_asig6,pre_cod_asig7 FROM tblaca009 WHERE pensum='5' AND c_uni_ca='4' AND c_asigna='300226' [1][0] OK
C:[29/10/2012 13:54:38.70][172.16.8.250][1355] SELECT c_asigna FROM dace004 WHERE exp_e='95-15782275' AND c_asigna='300116' AND status IN ('0','3','B') [1][0] OK
C:[29/10/2012 13:54:38.70][172.16.8.250][1342] SELECT pre_cod_asig1,pre_cod_asig2,pre_cod_asig3,pre_cod_asig4,pre_cod_asig5,pre_cod_asig6,pre_cod_asig7 FROM tblaca009 WHERE pensum='5' AND c_uni_ca='4' AND c_asigna='300228' [1][0] OK
C:[29/10/2012 13:54:38.70][172.16.8.250][1355] SELECT c_asigna FROM dace004 WHERE exp_e='95-15782275' AND c_asigna='300101' AND status IN ('0','3','B') [1][0] OK
C:[29/10/2012 13:54:38.08][172.16.8.250][1386] SELECT par_cod_asig1,par_cod_asig2,par_cod_asig3 FROM tblaca009 WHERE pensum='5' AND c_uni_ca='4' AND c_asigna='300209' [1][0] OK
C:[29/10/2012 13:54:38.08][172.16.8.250][1386] SELECT par_cod_asig1,par_cod_asig2,par_cod_asig3 FROM tblaca009 WHERE pensum='5' AND c_uni_ca='4' AND c_asigna='300213' [1][0] OK
C:[29/10/2012 13:54:38.08][172.16.8.250][1400] SELECT c_asigna FROM dace004 WHERE exp_e='95-15782275' AND c_asigna='300209' AND status IN ('0','3','B','C') [0][0] OK
C:[29/10/2012 13:54:38.08][172.16.8.250][1386] SELECT par_cod_asig1,par_cod_asig2,par_cod_asig3 FROM tblaca009 WHERE pensum='5' AND c_uni_ca='4' AND c_asigna='300218' [1][0] OK
C:[29/10/2012 13:54:38.08][172.16.8.250][1400] SELECT c_asigna FROM dace004 WHERE exp_e='95-15782275' AND c_asigna='300228' AND status IN ('0','3','B','C') [0][0] OK
C:[29/10/2012 13:54:38.08][172.16.8.250][1386] SELECT par_cod_asig1,par_cod_asig2,par_cod_asig3 FROM tblaca009 WHERE pensum='5' AND c_uni_ca='4' AND c_asigna='300222' [1][0] OK
C:[29/10/2012 13:54:38.08][172.16.8.250][1386] SELECT par_cod_asig1,par_cod_asig2,par_cod_asig3 FROM tblaca009 WHERE pensum='5' AND c_uni_ca='4' AND c_asigna='300226' [1][0] OK
C:[29/10/2012 13:54:38.08][172.16.8.250][1386] SELECT par_cod_asig1,par_cod_asig2,par_cod_asig3 FROM tblaca009 WHERE pensum='5' AND c_uni_ca='4' AND c_asigna='300228' [1][0] OK
C:[29/10/2012 13:54:54.21][172.16.8.250][1342] SELECT pre_cod_asig1,pre_cod_asig2,pre_cod_asig3,pre_cod_asig4,pre_cod_asig5,pre_cod_asig6,pre_cod_asig7 FROM tblaca009 WHERE pensum='5' AND c_uni_ca='4' AND c_asigna='300209' [1][0] OK
C:[29/10/2012 13:54:54.21][172.16.8.250][1355] SELECT c_asigna FROM dace004 WHERE exp_e='95-15782275' AND c_asigna='300101' AND status IN ('0','3','B') [1][0] OK
C:[29/10/2012 13:54:54.21][172.16.8.250][1342] SELECT pre_cod_asig1,pre_cod_asig2,pre_cod_asig3,pre_cod_asig4,pre_cod_asig5,pre_cod_asig6,pre_cod_asig7 FROM tblaca009 WHERE pensum='5' AND c_uni_ca='4' AND c_asigna='300213' [1][0] OK
C:[29/10/2012 13:54:54.21][172.16.8.250][1355] SELECT c_asigna FROM dace004 WHERE exp_e='95-15782275' AND c_asigna='300101' AND status IN ('0','3','B') [1][0] OK
C:[29/10/2012 13:54:54.21][172.16.8.250][1342] SELECT pre_cod_asig1,pre_cod_asig2,pre_cod_asig3,pre_cod_asig4,pre_cod_asig5,pre_cod_asig6,pre_cod_asig7 FROM tblaca009 WHERE pensum='5' AND c_uni_ca='4' AND c_asigna='300218' [1][0] OK
C:[29/10/2012 13:54:54.21][172.16.8.250][1342] SELECT pre_cod_asig1,pre_cod_asig2,pre_cod_asig3,pre_cod_asig4,pre_cod_asig5,pre_cod_asig6,pre_cod_asig7 FROM tblaca009 WHERE pensum='5' AND c_uni_ca='4' AND c_asigna='300222' [1][0] OK
C:[29/10/2012 13:54:54.21][172.16.8.250][1355] SELECT c_asigna FROM dace004 WHERE exp_e='95-15782275' AND c_asigna='300112' AND status IN ('0','3','B') [1][0] OK
C:[29/10/2012 13:54:54.21][172.16.8.250][1342] SELECT pre_cod_asig1,pre_cod_asig2,pre_cod_asig3,pre_cod_asig4,pre_cod_asig5,pre_cod_asig6,pre_cod_asig7 FROM tblaca009 WHERE pensum='5' AND c_uni_ca='4' AND c_asigna='300226' [1][0] OK
C:[29/10/2012 13:54:54.21][172.16.8.250][1355] SELECT c_asigna FROM dace004 WHERE exp_e='95-15782275' AND c_asigna='300116' AND status IN ('0','3','B') [1][0] OK
C:[29/10/2012 13:54:54.21][172.16.8.250][1342] SELECT pre_cod_asig1,pre_cod_asig2,pre_cod_asig3,pre_cod_asig4,pre_cod_asig5,pre_cod_asig6,pre_cod_asig7 FROM tblaca009 WHERE pensum='5' AND c_uni_ca='4' AND c_asigna='300228' [1][0] OK
C:[29/10/2012 13:54:54.21][172.16.8.250][1355] SELECT c_asigna FROM dace004 WHERE exp_e='95-15782275' AND c_asigna='300101' AND status IN ('0','3','B') [1][0] OK
C:[29/10/2012 13:54:54.58][172.16.8.250][1386] SELECT par_cod_asig1,par_cod_asig2,par_cod_asig3 FROM tblaca009 WHERE pensum='5' AND c_uni_ca='4' AND c_asigna='300209' [1][0] OK
C:[29/10/2012 13:54:54.58][172.16.8.250][1386] SELECT par_cod_asig1,par_cod_asig2,par_cod_asig3 FROM tblaca009 WHERE pensum='5' AND c_uni_ca='4' AND c_asigna='300213' [1][0] OK
C:[29/10/2012 13:54:54.58][172.16.8.250][1400] SELECT c_asigna FROM dace004 WHERE exp_e='95-15782275' AND c_asigna='300209' AND status IN ('0','3','B','C') [0][0] OK
C:[29/10/2012 13:54:54.58][172.16.8.250][1386] SELECT par_cod_asig1,par_cod_asig2,par_cod_asig3 FROM tblaca009 WHERE pensum='5' AND c_uni_ca='4' AND c_asigna='300218' [1][0] OK
C:[29/10/2012 13:54:54.58][172.16.8.250][1400] SELECT c_asigna FROM dace004 WHERE exp_e='95-15782275' AND c_asigna='300228' AND status IN ('0','3','B','C') [0][0] OK
C:[29/10/2012 13:54:54.58][172.16.8.250][1386] SELECT par_cod_asig1,par_cod_asig2,par_cod_asig3 FROM tblaca009 WHERE pensum='5' AND c_uni_ca='4' AND c_asigna='300222' [1][0] OK
C:[29/10/2012 13:54:54.58][172.16.8.250][1386] SELECT par_cod_asig1,par_cod_asig2,par_cod_asig3 FROM tblaca009 WHERE pensum='5' AND c_uni_ca='4' AND c_asigna='300226' [1][0] OK
C:[29/10/2012 13:54:54.58][172.16.8.250][1386] SELECT par_cod_asig1,par_cod_asig2,par_cod_asig3 FROM tblaca009 WHERE pensum='5' AND c_uni_ca='4' AND c_asigna='300228' [1][0] OK
C:[29/10/2012 13:55:16.65][172.16.8.250][1342] SELECT pre_cod_asig1,pre_cod_asig2,pre_cod_asig3,pre_cod_asig4,pre_cod_asig5,pre_cod_asig6,pre_cod_asig7 FROM tblaca009 WHERE pensum='5' AND c_uni_ca='4' AND c_asigna='300209' [1][0] OK
C:[29/10/2012 13:55:16.65][172.16.8.250][1355] SELECT c_asigna FROM dace004 WHERE exp_e='95-15782275' AND c_asigna='300101' AND status IN ('0','3','B') [1][0] OK
C:[29/10/2012 13:55:16.65][172.16.8.250][1342] SELECT pre_cod_asig1,pre_cod_asig2,pre_cod_asig3,pre_cod_asig4,pre_cod_asig5,pre_cod_asig6,pre_cod_asig7 FROM tblaca009 WHERE pensum='5' AND c_uni_ca='4' AND c_asigna='300213' [1][0] OK
C:[29/10/2012 13:55:16.65][172.16.8.250][1355] SELECT c_asigna FROM dace004 WHERE exp_e='95-15782275' AND c_asigna='300101' AND status IN ('0','3','B') [1][0] OK
C:[29/10/2012 13:55:16.65][172.16.8.250][1342] SELECT pre_cod_asig1,pre_cod_asig2,pre_cod_asig3,pre_cod_asig4,pre_cod_asig5,pre_cod_asig6,pre_cod_asig7 FROM tblaca009 WHERE pensum='5' AND c_uni_ca='4' AND c_asigna='300218' [1][0] OK
C:[29/10/2012 13:55:16.65][172.16.8.250][1342] SELECT pre_cod_asig1,pre_cod_asig2,pre_cod_asig3,pre_cod_asig4,pre_cod_asig5,pre_cod_asig6,pre_cod_asig7 FROM tblaca009 WHERE pensum='5' AND c_uni_ca='4' AND c_asigna='300222' [1][0] OK
C:[29/10/2012 13:55:16.65][172.16.8.250][1355] SELECT c_asigna FROM dace004 WHERE exp_e='95-15782275' AND c_asigna='300112' AND status IN ('0','3','B') [1][0] OK
C:[29/10/2012 13:55:16.65][172.16.8.250][1342] SELECT pre_cod_asig1,pre_cod_asig2,pre_cod_asig3,pre_cod_asig4,pre_cod_asig5,pre_cod_asig6,pre_cod_asig7 FROM tblaca009 WHERE pensum='5' AND c_uni_ca='4' AND c_asigna='300226' [1][0] OK
C:[29/10/2012 13:55:16.65][172.16.8.250][1355] SELECT c_asigna FROM dace004 WHERE exp_e='95-15782275' AND c_asigna='300116' AND status IN ('0','3','B') [1][0] OK
C:[29/10/2012 13:55:16.65][172.16.8.250][1342] SELECT pre_cod_asig1,pre_cod_asig2,pre_cod_asig3,pre_cod_asig4,pre_cod_asig5,pre_cod_asig6,pre_cod_asig7 FROM tblaca009 WHERE pensum='5' AND c_uni_ca='4' AND c_asigna='300228' [1][0] OK
C:[29/10/2012 13:55:16.65][172.16.8.250][1355] SELECT c_asigna FROM dace004 WHERE exp_e='95-15782275' AND c_asigna='300101' AND status IN ('0','3','B') [1][0] OK
C:[29/10/2012 13:55:17.02][172.16.8.250][1386] SELECT par_cod_asig1,par_cod_asig2,par_cod_asig3 FROM tblaca009 WHERE pensum='5' AND c_uni_ca='4' AND c_asigna='300209' [1][0] OK
C:[29/10/2012 13:55:17.02][172.16.8.250][1386] SELECT par_cod_asig1,par_cod_asig2,par_cod_asig3 FROM tblaca009 WHERE pensum='5' AND c_uni_ca='4' AND c_asigna='300213' [1][0] OK
C:[29/10/2012 13:55:17.02][172.16.8.250][1400] SELECT c_asigna FROM dace004 WHERE exp_e='95-15782275' AND c_asigna='300209' AND status IN ('0','3','B','C') [0][0] OK
C:[29/10/2012 13:55:17.02][172.16.8.250][1386] SELECT par_cod_asig1,par_cod_asig2,par_cod_asig3 FROM tblaca009 WHERE pensum='5' AND c_uni_ca='4' AND c_asigna='300218' [1][0] OK
C:[29/10/2012 13:55:17.02][172.16.8.250][1400] SELECT c_asigna FROM dace004 WHERE exp_e='95-15782275' AND c_asigna='300228' AND status IN ('0','3','B','C') [0][0] OK
C:[29/10/2012 13:55:17.02][172.16.8.250][1386] SELECT par_cod_asig1,par_cod_asig2,par_cod_asig3 FROM tblaca009 WHERE pensum='5' AND c_uni_ca='4' AND c_asigna='300222' [1][0] OK
C:[29/10/2012 13:55:17.02][172.16.8.250][1386] SELECT par_cod_asig1,par_cod_asig2,par_cod_asig3 FROM tblaca009 WHERE pensum='5' AND c_uni_ca='4' AND c_asigna='300226' [1][0] OK
C:[29/10/2012 13:55:17.02][172.16.8.250][1386] SELECT par_cod_asig1,par_cod_asig2,par_cod_asig3 FROM tblaca009 WHERE pensum='5' AND c_uni_ca='4' AND c_asigna='300228' [1][0] OK
C:[29/10/2012 13:58:01.28][172.16.8.250][1342] SELECT pre_cod_asig1,pre_cod_asig2,pre_cod_asig3,pre_cod_asig4,pre_cod_asig5,pre_cod_asig6,pre_cod_asig7 FROM tblaca009 WHERE pensum='5' AND c_uni_ca='4' AND c_asigna='300218' [1][0] OK
C:[29/10/2012 13:58:01.28][172.16.8.250][1342] SELECT pre_cod_asig1,pre_cod_asig2,pre_cod_asig3,pre_cod_asig4,pre_cod_asig5,pre_cod_asig6,pre_cod_asig7 FROM tblaca009 WHERE pensum='5' AND c_uni_ca='4' AND c_asigna='300226' [1][0] OK
C:[29/10/2012 13:58:01.28][172.16.8.250][1355] SELECT c_asigna FROM dace004 WHERE exp_e='95-15782275' AND c_asigna='300116' AND status IN ('0','3','B') [1][0] OK
C:[29/10/2012 13:58:01.28][172.16.8.250][1342] SELECT pre_cod_asig1,pre_cod_asig2,pre_cod_asig3,pre_cod_asig4,pre_cod_asig5,pre_cod_asig6,pre_cod_asig7 FROM tblaca009 WHERE pensum='5' AND c_uni_ca='4' AND c_asigna='300209' [1][0] OK
C:[29/10/2012 13:58:01.28][172.16.8.250][1355] SELECT c_asigna FROM dace004 WHERE exp_e='95-15782275' AND c_asigna='300101' AND status IN ('0','3','B') [1][0] OK
C:[29/10/2012 13:58:01.28][172.16.8.250][1342] SELECT pre_cod_asig1,pre_cod_asig2,pre_cod_asig3,pre_cod_asig4,pre_cod_asig5,pre_cod_asig6,pre_cod_asig7 FROM tblaca009 WHERE pensum='5' AND c_uni_ca='4' AND c_asigna='300213' [1][0] OK
C:[29/10/2012 13:58:01.28][172.16.8.250][1355] SELECT c_asigna FROM dace004 WHERE exp_e='95-15782275' AND c_asigna='300101' AND status IN ('0','3','B') [1][0] OK
C:[29/10/2012 13:58:01.28][172.16.8.250][1342] SELECT pre_cod_asig1,pre_cod_asig2,pre_cod_asig3,pre_cod_asig4,pre_cod_asig5,pre_cod_asig6,pre_cod_asig7 FROM tblaca009 WHERE pensum='5' AND c_uni_ca='4' AND c_asigna='300222' [1][0] OK
C:[29/10/2012 13:58:01.28][172.16.8.250][1355] SELECT c_asigna FROM dace004 WHERE exp_e='95-15782275' AND c_asigna='300112' AND status IN ('0','3','B') [1][0] OK
C:[29/10/2012 13:58:01.28][172.16.8.250][1342] SELECT pre_cod_asig1,pre_cod_asig2,pre_cod_asig3,pre_cod_asig4,pre_cod_asig5,pre_cod_asig6,pre_cod_asig7 FROM tblaca009 WHERE pensum='5' AND c_uni_ca='4' AND c_asigna='300228' [1][0] OK
C:[29/10/2012 13:58:01.28][172.16.8.250][1355] SELECT c_asigna FROM dace004 WHERE exp_e='95-15782275' AND c_asigna='300101' AND status IN ('0','3','B') [1][0] OK
C:[29/10/2012 13:58:02.65][172.16.8.250][1386] SELECT par_cod_asig1,par_cod_asig2,par_cod_asig3 FROM tblaca009 WHERE pensum='5' AND c_uni_ca='4' AND c_asigna='300218' [1][0] OK
C:[29/10/2012 13:58:02.65][172.16.8.250][1400] SELECT c_asigna FROM dace004 WHERE exp_e='95-15782275' AND c_asigna='300228' AND status IN ('0','3','B','C') [0][0] OK
C:[29/10/2012 13:58:02.65][172.16.8.250][1386] SELECT par_cod_asig1,par_cod_asig2,par_cod_asig3 FROM tblaca009 WHERE pensum='5' AND c_uni_ca='4' AND c_asigna='300226' [1][0] OK
C:[29/10/2012 13:58:02.65][172.16.8.250][1386] SELECT par_cod_asig1,par_cod_asig2,par_cod_asig3 FROM tblaca009 WHERE pensum='5' AND c_uni_ca='4' AND c_asigna='300209' [1][0] OK
C:[29/10/2012 13:58:02.65][172.16.8.250][1386] SELECT par_cod_asig1,par_cod_asig2,par_cod_asig3 FROM tblaca009 WHERE pensum='5' AND c_uni_ca='4' AND c_asigna='300213' [1][0] OK
C:[29/10/2012 13:58:02.65][172.16.8.250][1400] SELECT c_asigna FROM dace004 WHERE exp_e='95-15782275' AND c_asigna='300209' AND status IN ('0','3','B','C') [0][0] OK
C:[29/10/2012 13:58:02.65][172.16.8.250][1386] SELECT par_cod_asig1,par_cod_asig2,par_cod_asig3 FROM tblaca009 WHERE pensum='5' AND c_uni_ca='4' AND c_asigna='300222' [1][0] OK
C:[29/10/2012 13:58:02.65][172.16.8.250][1386] SELECT par_cod_asig1,par_cod_asig2,par_cod_asig3 FROM tblaca009 WHERE pensum='5' AND c_uni_ca='4' AND c_asigna='300228' [1][0] OK
C:[29/10/2012 13:58:02.66][172.16.8.250][1516] SELECT horas_lab FROM tblaca008 WHERE c_asigna='300218' AND horas_teoricas > 0 [0][0] OK
C:[29/10/2012 13:58:02.66][172.16.8.250][1516] SELECT horas_lab FROM tblaca008 WHERE c_asigna='300226' AND horas_teoricas > 0 [1][0] OK
C:[29/10/2012 14:04:02.76][172.16.8.250][1342] SELECT pre_cod_asig1,pre_cod_asig2,pre_cod_asig3,pre_cod_asig4,pre_cod_asig5,pre_cod_asig6,pre_cod_asig7 FROM tblaca009 WHERE pensum='5' AND c_uni_ca='4' AND c_asigna='300218' [1][0] OK
C:[29/10/2012 14:04:02.76][172.16.8.250][1342] SELECT pre_cod_asig1,pre_cod_asig2,pre_cod_asig3,pre_cod_asig4,pre_cod_asig5,pre_cod_asig6,pre_cod_asig7 FROM tblaca009 WHERE pensum='5' AND c_uni_ca='4' AND c_asigna='300226' [1][0] OK
C:[29/10/2012 14:04:02.76][172.16.8.250][1355] SELECT c_asigna FROM dace004 WHERE exp_e='95-15782275' AND c_asigna='300116' AND status IN ('0','3','B') [1][0] OK
C:[29/10/2012 14:04:02.76][172.16.8.250][1342] SELECT pre_cod_asig1,pre_cod_asig2,pre_cod_asig3,pre_cod_asig4,pre_cod_asig5,pre_cod_asig6,pre_cod_asig7 FROM tblaca009 WHERE pensum='5' AND c_uni_ca='4' AND c_asigna='300209' [1][0] OK
C:[29/10/2012 14:04:02.76][172.16.8.250][1355] SELECT c_asigna FROM dace004 WHERE exp_e='95-15782275' AND c_asigna='300101' AND status IN ('0','3','B') [1][0] OK
C:[29/10/2012 14:04:02.76][172.16.8.250][1342] SELECT pre_cod_asig1,pre_cod_asig2,pre_cod_asig3,pre_cod_asig4,pre_cod_asig5,pre_cod_asig6,pre_cod_asig7 FROM tblaca009 WHERE pensum='5' AND c_uni_ca='4' AND c_asigna='300213' [1][0] OK
C:[29/10/2012 14:04:02.76][172.16.8.250][1355] SELECT c_asigna FROM dace004 WHERE exp_e='95-15782275' AND c_asigna='300101' AND status IN ('0','3','B') [1][0] OK
C:[29/10/2012 14:04:02.76][172.16.8.250][1342] SELECT pre_cod_asig1,pre_cod_asig2,pre_cod_asig3,pre_cod_asig4,pre_cod_asig5,pre_cod_asig6,pre_cod_asig7 FROM tblaca009 WHERE pensum='5' AND c_uni_ca='4' AND c_asigna='300222' [1][0] OK
C:[29/10/2012 14:04:02.76][172.16.8.250][1355] SELECT c_asigna FROM dace004 WHERE exp_e='95-15782275' AND c_asigna='300112' AND status IN ('0','3','B') [1][0] OK
C:[29/10/2012 14:04:02.76][172.16.8.250][1342] SELECT pre_cod_asig1,pre_cod_asig2,pre_cod_asig3,pre_cod_asig4,pre_cod_asig5,pre_cod_asig6,pre_cod_asig7 FROM tblaca009 WHERE pensum='5' AND c_uni_ca='4' AND c_asigna='300228' [1][0] OK
C:[29/10/2012 14:04:02.76][172.16.8.250][1355] SELECT c_asigna FROM dace004 WHERE exp_e='95-15782275' AND c_asigna='300101' AND status IN ('0','3','B') [1][0] OK
C:[29/10/2012 14:04:02.14][172.16.8.250][1386] SELECT par_cod_asig1,par_cod_asig2,par_cod_asig3 FROM tblaca009 WHERE pensum='5' AND c_uni_ca='4' AND c_asigna='300218' [1][0] OK
C:[29/10/2012 14:04:02.14][172.16.8.250][1400] SELECT c_asigna FROM dace004 WHERE exp_e='95-15782275' AND c_asigna='300228' AND status IN ('0','3','B','C') [0][0] OK
C:[29/10/2012 14:04:02.14][172.16.8.250][1386] SELECT par_cod_asig1,par_cod_asig2,par_cod_asig3 FROM tblaca009 WHERE pensum='5' AND c_uni_ca='4' AND c_asigna='300226' [1][0] OK
C:[29/10/2012 14:04:02.14][172.16.8.250][1386] SELECT par_cod_asig1,par_cod_asig2,par_cod_asig3 FROM tblaca009 WHERE pensum='5' AND c_uni_ca='4' AND c_asigna='300209' [1][0] OK
C:[29/10/2012 14:04:02.14][172.16.8.250][1386] SELECT par_cod_asig1,par_cod_asig2,par_cod_asig3 FROM tblaca009 WHERE pensum='5' AND c_uni_ca='4' AND c_asigna='300213' [1][0] OK
C:[29/10/2012 14:04:02.14][172.16.8.250][1400] SELECT c_asigna FROM dace004 WHERE exp_e='95-15782275' AND c_asigna='300209' AND status IN ('0','3','B','C') [0][0] OK
C:[29/10/2012 14:04:02.14][172.16.8.250][1386] SELECT par_cod_asig1,par_cod_asig2,par_cod_asig3 FROM tblaca009 WHERE pensum='5' AND c_uni_ca='4' AND c_asigna='300222' [1][0] OK
C:[29/10/2012 14:04:02.14][172.16.8.250][1386] SELECT par_cod_asig1,par_cod_asig2,par_cod_asig3 FROM tblaca009 WHERE pensum='5' AND c_uni_ca='4' AND c_asigna='300228' [1][0] OK
C:[29/10/2012 14:04:03.15][172.16.8.250][1516] SELECT horas_lab FROM tblaca008 WHERE c_asigna='300218' AND horas_teoricas > 0 [0][0] OK
C:[29/10/2012 14:04:03.15][172.16.8.250][1516] SELECT horas_lab FROM tblaca008 WHERE c_asigna='300226' AND horas_teoricas > 0 [1][0] OK
C:[29/10/2012 14:04:03.39][172.16.8.250][1547] SELECT sum(u_creditos*1) FROM dace006 a, tblaca009 b WHERE a.exp_e='95-15782275' AND a.lapso='2012-2' AND b.pensum='5' AND b.c_uni_ca='4' AND status IN ('7','A','2') AND a.c_asigna=b.c_asigna  [1][0] OK
C:[29/10/2012 14:04:03.51][172.16.8.250][1566] SELECT sum(u_creditos*1) FROM dace006 a, tblaca009 b WHERE a.exp_e='95-15782275' AND a.lapso='2012-2' AND b.pensum='5' AND b.c_uni_ca='4' AND status IN ('7','A','2') AND a.c_asigna=b.c_asigna AND a.c_asigna IN ('300209','300213','300222','300228') [1][0] OK
C:[29/10/2012 14:04:13.29][172.16.8.250][1342] SELECT pre_cod_asig1,pre_cod_asig2,pre_cod_asig3,pre_cod_asig4,pre_cod_asig5,pre_cod_asig6,pre_cod_asig7 FROM tblaca009 WHERE pensum='5' AND c_uni_ca='4' AND c_asigna='300218' [1][0] OK
C:[29/10/2012 14:04:13.29][172.16.8.250][1342] SELECT pre_cod_asig1,pre_cod_asig2,pre_cod_asig3,pre_cod_asig4,pre_cod_asig5,pre_cod_asig6,pre_cod_asig7 FROM tblaca009 WHERE pensum='5' AND c_uni_ca='4' AND c_asigna='300226' [1][0] OK
C:[29/10/2012 14:04:13.29][172.16.8.250][1355] SELECT c_asigna FROM dace004 WHERE exp_e='95-15782275' AND c_asigna='300116' AND status IN ('0','3','B') [1][0] OK
C:[29/10/2012 14:04:13.29][172.16.8.250][1342] SELECT pre_cod_asig1,pre_cod_asig2,pre_cod_asig3,pre_cod_asig4,pre_cod_asig5,pre_cod_asig6,pre_cod_asig7 FROM tblaca009 WHERE pensum='5' AND c_uni_ca='4' AND c_asigna='300209' [1][0] OK
C:[29/10/2012 14:04:13.29][172.16.8.250][1355] SELECT c_asigna FROM dace004 WHERE exp_e='95-15782275' AND c_asigna='300101' AND status IN ('0','3','B') [1][0] OK
C:[29/10/2012 14:04:13.29][172.16.8.250][1342] SELECT pre_cod_asig1,pre_cod_asig2,pre_cod_asig3,pre_cod_asig4,pre_cod_asig5,pre_cod_asig6,pre_cod_asig7 FROM tblaca009 WHERE pensum='5' AND c_uni_ca='4' AND c_asigna='300213' [1][0] OK
C:[29/10/2012 14:04:13.29][172.16.8.250][1355] SELECT c_asigna FROM dace004 WHERE exp_e='95-15782275' AND c_asigna='300101' AND status IN ('0','3','B') [1][0] OK
C:[29/10/2012 14:04:13.29][172.16.8.250][1342] SELECT pre_cod_asig1,pre_cod_asig2,pre_cod_asig3,pre_cod_asig4,pre_cod_asig5,pre_cod_asig6,pre_cod_asig7 FROM tblaca009 WHERE pensum='5' AND c_uni_ca='4' AND c_asigna='300222' [1][0] OK
C:[29/10/2012 14:04:13.29][172.16.8.250][1355] SELECT c_asigna FROM dace004 WHERE exp_e='95-15782275' AND c_asigna='300112' AND status IN ('0','3','B') [1][0] OK
C:[29/10/2012 14:04:13.29][172.16.8.250][1342] SELECT pre_cod_asig1,pre_cod_asig2,pre_cod_asig3,pre_cod_asig4,pre_cod_asig5,pre_cod_asig6,pre_cod_asig7 FROM tblaca009 WHERE pensum='5' AND c_uni_ca='4' AND c_asigna='300228' [1][0] OK
C:[29/10/2012 14:04:13.29][172.16.8.250][1355] SELECT c_asigna FROM dace004 WHERE exp_e='95-15782275' AND c_asigna='300101' AND status IN ('0','3','B') [1][0] OK
C:[29/10/2012 14:04:14.66][172.16.8.250][1386] SELECT par_cod_asig1,par_cod_asig2,par_cod_asig3 FROM tblaca009 WHERE pensum='5' AND c_uni_ca='4' AND c_asigna='300218' [1][0] OK
C:[29/10/2012 14:04:14.66][172.16.8.250][1400] SELECT c_asigna FROM dace004 WHERE exp_e='95-15782275' AND c_asigna='300228' AND status IN ('0','3','B','C') [0][0] OK
C:[29/10/2012 14:04:14.66][172.16.8.250][1386] SELECT par_cod_asig1,par_cod_asig2,par_cod_asig3 FROM tblaca009 WHERE pensum='5' AND c_uni_ca='4' AND c_asigna='300226' [1][0] OK
C:[29/10/2012 14:04:14.66][172.16.8.250][1386] SELECT par_cod_asig1,par_cod_asig2,par_cod_asig3 FROM tblaca009 WHERE pensum='5' AND c_uni_ca='4' AND c_asigna='300209' [1][0] OK
C:[29/10/2012 14:04:14.66][172.16.8.250][1386] SELECT par_cod_asig1,par_cod_asig2,par_cod_asig3 FROM tblaca009 WHERE pensum='5' AND c_uni_ca='4' AND c_asigna='300213' [1][0] OK
C:[29/10/2012 14:04:14.66][172.16.8.250][1400] SELECT c_asigna FROM dace004 WHERE exp_e='95-15782275' AND c_asigna='300209' AND status IN ('0','3','B','C') [0][0] OK
C:[29/10/2012 14:04:14.66][172.16.8.250][1386] SELECT par_cod_asig1,par_cod_asig2,par_cod_asig3 FROM tblaca009 WHERE pensum='5' AND c_uni_ca='4' AND c_asigna='300222' [1][0] OK
C:[29/10/2012 14:04:14.66][172.16.8.250][1386] SELECT par_cod_asig1,par_cod_asig2,par_cod_asig3 FROM tblaca009 WHERE pensum='5' AND c_uni_ca='4' AND c_asigna='300228' [1][0] OK
C:[29/10/2012 14:04:14.67][172.16.8.250][1516] SELECT horas_lab FROM tblaca008 WHERE c_asigna='300218' AND horas_teoricas > 0 [0][0] OK
C:[29/10/2012 14:04:14.67][172.16.8.250][1516] SELECT horas_lab FROM tblaca008 WHERE c_asigna='300226' AND horas_teoricas > 0 [1][0] OK
C:[29/10/2012 14:04:14.92][172.16.8.250][1547] SELECT sum(u_creditos*1) FROM dace006 a, tblaca009 b WHERE a.exp_e='95-15782275' AND a.lapso='2012-2' AND b.pensum='5' AND b.c_uni_ca='4' AND status IN ('7','A','2') AND a.c_asigna=b.c_asigna  [1][0] OK
C:[29/10/2012 14:04:14.04][172.16.8.250][1566] SELECT sum(u_creditos*1) FROM dace006 a, tblaca009 b WHERE a.exp_e='95-15782275' AND a.lapso='2012-2' AND b.pensum='5' AND b.c_uni_ca='4' AND status IN ('7','A','2') AND a.c_asigna=b.c_asigna AND a.c_asigna IN ('300209','300213','300222','300228') [1][0] OK
C:[29/10/2012 14:07:13.39][172.16.8.250][1342] SELECT pre_cod_asig1,pre_cod_asig2,pre_cod_asig3,pre_cod_asig4,pre_cod_asig5,pre_cod_asig6,pre_cod_asig7 FROM tblaca009 WHERE pensum='5' AND c_uni_ca='3' AND c_asigna='300422' [1][0] OK
C:[29/10/2012 14:07:13.39][172.16.8.250][1355] SELECT c_asigna FROM dace004 WHERE exp_e='11-21251117' AND c_asigna='300105' AND status IN ('0','3','B') [1][0] OK
C:[29/10/2012 14:07:13.39][172.16.8.250][1355] SELECT c_asigna FROM dace004 WHERE exp_e='11-21251117' AND c_asigna='300314' AND status IN ('0','3','B') [1][0] OK
C:[29/10/2012 14:07:13.39][172.16.8.250][1342] SELECT pre_cod_asig1,pre_cod_asig2,pre_cod_asig3,pre_cod_asig4,pre_cod_asig5,pre_cod_asig6,pre_cod_asig7 FROM tblaca009 WHERE pensum='5' AND c_uni_ca='3' AND c_asigna='310548' [1][0] OK
C:[29/10/2012 14:07:13.39][172.16.8.250][1355] SELECT c_asigna FROM dace004 WHERE exp_e='11-21251117' AND c_asigna='300428' AND status IN ('0','3','B') [1][0] OK
C:[29/10/2012 14:07:13.39][172.16.8.250][1355] SELECT c_asigna FROM dace004 WHERE exp_e='11-21251117' AND c_asigna='300313' AND status IN ('0','3','B') [1][0] OK
C:[29/10/2012 14:07:13.39][172.16.8.250][1355] SELECT c_asigna FROM dace004 WHERE exp_e='11-21251117' AND c_asigna='300222' AND status IN ('0','3','B') [1][0] OK
C:[29/10/2012 14:07:13.39][172.16.8.250][1355] SELECT c_asigna FROM dace004 WHERE exp_e='11-21251117' AND c_asigna='300226' AND status IN ('0','3','B') [1][0] OK
C:[29/10/2012 14:07:13.39][172.16.8.250][1355] SELECT c_asigna FROM dace004 WHERE exp_e='11-21251117' AND c_asigna='300209' AND status IN ('0','3','B') [1][0] OK
C:[29/10/2012 14:07:13.39][172.16.8.250][1342] SELECT pre_cod_asig1,pre_cod_asig2,pre_cod_asig3,pre_cod_asig4,pre_cod_asig5,pre_cod_asig6,pre_cod_asig7 FROM tblaca009 WHERE pensum='5' AND c_uni_ca='3' AND c_asigna='311551' [1][0] OK
C:[29/10/2012 14:07:13.39][172.16.8.250][1355] SELECT c_asigna FROM dace004 WHERE exp_e='11-21251117' AND c_asigna='311430' AND status IN ('0','3','B') [1][0] OK
C:[29/10/2012 14:07:13.39][172.16.8.250][1355] SELECT c_asigna FROM dace004 WHERE exp_e='11-21251117' AND c_asigna='311431' AND status IN ('0','3','B') [1][0] OK
C:[29/10/2012 14:07:13.39][172.16.8.250][1355] SELECT c_asigna FROM dace004 WHERE exp_e='11-21251117' AND c_asigna='300222' AND status IN ('0','3','B') [1][0] OK
C:[29/10/2012 14:07:13.39][172.16.8.250][1355] SELECT c_asigna FROM dace004 WHERE exp_e='11-21251117' AND c_asigna='300226' AND status IN ('0','3','B') [1][0] OK
C:[29/10/2012 14:07:13.39][172.16.8.250][1355] SELECT c_asigna FROM dace004 WHERE exp_e='11-21251117' AND c_asigna='300209' AND status IN ('0','3','B') [1][0] OK
C:[29/10/2012 14:07:13.39][172.16.8.250][1355] SELECT c_asigna FROM dace004 WHERE exp_e='11-21251117' AND c_asigna='311320' AND status IN ('0','3','B') [1][0] OK
C:[29/10/2012 14:07:13.39][172.16.8.250][1342] SELECT pre_cod_asig1,pre_cod_asig2,pre_cod_asig3,pre_cod_asig4,pre_cod_asig5,pre_cod_asig6,pre_cod_asig7 FROM tblaca009 WHERE pensum='5' AND c_uni_ca='3' AND c_asigna='311554' [1][0] OK
C:[29/10/2012 14:07:13.39][172.16.8.250][1355] SELECT c_asigna FROM dace004 WHERE exp_e='11-21251117' AND c_asigna='300318' AND status IN ('0','3','B') [1][0] OK
C:[29/10/2012 14:07:13.39][172.16.8.250][1355] SELECT c_asigna FROM dace004 WHERE exp_e='11-21251117' AND c_asigna='300428' AND status IN ('0','3','B') [1][0] OK
C:[29/10/2012 14:07:13.39][172.16.8.250][1342] SELECT pre_cod_asig1,pre_cod_asig2,pre_cod_asig3,pre_cod_asig4,pre_cod_asig5,pre_cod_asig6,pre_cod_asig7 FROM tblaca009 WHERE pensum='5' AND c_uni_ca='3' AND c_asigna='311556' [1][0] OK
C:[29/10/2012 14:07:13.39][172.16.8.250][1355] SELECT c_asigna FROM dace004 WHERE exp_e='11-21251117' AND c_asigna='311434' AND status IN ('0','3','B') [1][0] OK
C:[29/10/2012 14:07:13.39][172.16.8.250][1355] SELECT c_asigna FROM dace004 WHERE exp_e='11-21251117' AND c_asigna='300222' AND status IN ('0','3','B') [1][0] OK
C:[29/10/2012 14:07:13.39][172.16.8.250][1355] SELECT c_asigna FROM dace004 WHERE exp_e='11-21251117' AND c_asigna='300226' AND status IN ('0','3','B') [1][0] OK
C:[29/10/2012 14:07:13.39][172.16.8.250][1355] SELECT c_asigna FROM dace004 WHERE exp_e='11-21251117' AND c_asigna='300209' AND status IN ('0','3','B') [1][0] OK
C:[29/10/2012 14:07:13.39][172.16.8.250][1342] SELECT pre_cod_asig1,pre_cod_asig2,pre_cod_asig3,pre_cod_asig4,pre_cod_asig5,pre_cod_asig6,pre_cod_asig7 FROM tblaca009 WHERE pensum='5' AND c_uni_ca='3' AND c_asigna='312444' [1][0] OK
C:[29/10/2012 14:07:13.39][172.16.8.250][1355] SELECT c_asigna FROM dace004 WHERE exp_e='11-21251117' AND c_asigna='312333' AND status IN ('0','3','B') [1][0] OK
C:[29/10/2012 14:07:13.39][172.16.8.250][1342] SELECT pre_cod_asig1,pre_cod_asig2,pre_cod_asig3,pre_cod_asig4,pre_cod_asig5,pre_cod_asig6,pre_cod_asig7 FROM tblaca009 WHERE pensum='5' AND c_uni_ca='3' AND c_asigna='314662' [1][0] OK
C:[29/10/2012 14:07:13.39][172.16.8.250][1355] SELECT c_asigna FROM dace004 WHERE exp_e='11-21251117' AND c_asigna='311552' AND status IN ('0','3','B') [1][0] OK
C:[29/10/2012 14:07:13.39][172.16.8.250][1342] SELECT pre_cod_asig1,pre_cod_asig2,pre_cod_asig3,pre_cod_asig4,pre_cod_asig5,pre_cod_asig6,pre_cod_asig7 FROM tblaca009 WHERE pensum='5' AND c_uni_ca='3' AND c_asigna='315552' [1][0] OK
C:[29/10/2012 14:07:13.39][172.16.8.250][1355] SELECT c_asigna FROM dace004 WHERE exp_e='11-21251117' AND c_asigna='311430' AND status IN ('0','3','B') [1][0] OK
C:[29/10/2012 14:07:13.39][172.16.8.250][1355] SELECT c_asigna FROM dace004 WHERE exp_e='11-21251117' AND c_asigna='300222' AND status IN ('0','3','B') [1][0] OK
C:[29/10/2012 14:07:13.39][172.16.8.250][1355] SELECT c_asigna FROM dace004 WHERE exp_e='11-21251117' AND c_asigna='300226' AND status IN ('0','3','B') [1][0] OK
C:[29/10/2012 14:07:13.39][172.16.8.250][1355] SELECT c_asigna FROM dace004 WHERE exp_e='11-21251117' AND c_asigna='300209' AND status IN ('0','3','B') [1][0] OK
C:[29/10/2012 14:07:14.52][172.16.8.250][1386] SELECT par_cod_asig1,par_cod_asig2,par_cod_asig3 FROM tblaca009 WHERE pensum='5' AND c_uni_ca='3' AND c_asigna='300422' [1][0] OK
C:[29/10/2012 14:07:14.52][172.16.8.250][1386] SELECT par_cod_asig1,par_cod_asig2,par_cod_asig3 FROM tblaca009 WHERE pensum='5' AND c_uni_ca='3' AND c_asigna='310548' [1][0] OK
C:[29/10/2012 14:07:14.52][172.16.8.250][1386] SELECT par_cod_asig1,par_cod_asig2,par_cod_asig3 FROM tblaca009 WHERE pensum='5' AND c_uni_ca='3' AND c_asigna='311551' [1][0] OK
C:[29/10/2012 14:07:14.52][172.16.8.250][1386] SELECT par_cod_asig1,par_cod_asig2,par_cod_asig3 FROM tblaca009 WHERE pensum='5' AND c_uni_ca='3' AND c_asigna='311554' [1][0] OK
C:[29/10/2012 14:07:14.52][172.16.8.250][1386] SELECT par_cod_asig1,par_cod_asig2,par_cod_asig3 FROM tblaca009 WHERE pensum='5' AND c_uni_ca='3' AND c_asigna='311556' [1][0] OK
C:[29/10/2012 14:07:14.52][172.16.8.250][1400] SELECT c_asigna FROM dace004 WHERE exp_e='11-21251117' AND c_asigna='311551' AND status IN ('0','3','B','C') [0][0] OK
C:[29/10/2012 14:07:14.52][172.16.8.250][1386] SELECT par_cod_asig1,par_cod_asig2,par_cod_asig3 FROM tblaca009 WHERE pensum='5' AND c_uni_ca='3' AND c_asigna='312444' [1][0] OK
C:[29/10/2012 14:07:14.52][172.16.8.250][1386] SELECT par_cod_asig1,par_cod_asig2,par_cod_asig3 FROM tblaca009 WHERE pensum='5' AND c_uni_ca='3' AND c_asigna='314662' [1][0] OK
C:[29/10/2012 14:07:14.52][172.16.8.250][1386] SELECT par_cod_asig1,par_cod_asig2,par_cod_asig3 FROM tblaca009 WHERE pensum='5' AND c_uni_ca='3' AND c_asigna='315552' [1][0] OK
C:[29/10/2012 14:07:14.67][172.16.8.250][1548] SELECT sum(u_creditos*1) FROM dace006 a, tblaca009 b WHERE a.exp_e='11-21251117' AND a.lapso='2012-2' AND b.pensum='5' AND b.c_uni_ca='3' AND status IN ('7','A','2') AND a.c_asigna=b.c_asigna  [1][0] OK
C:[29/10/2012 14:07:14.77][172.16.8.250][1567] SELECT sum(u_creditos*1) FROM dace006 a, tblaca009 b WHERE a.exp_e='11-21251117' AND a.lapso='2012-2' AND b.pensum='5' AND b.c_uni_ca='3' AND status IN ('7','A','2') AND a.c_asigna=b.c_asigna AND a.c_asigna IN ('300422','310548','311551','311554','311556','312444','314662','315552') [1][0] OK
C:[29/10/2012 14:07:14.90][172.16.8.250][1583] SELECT MAX(semestre) FROM dace006 a, tblaca009 b WHERE a.exp_e='11-21251117' AND a.lapso='2012-2' AND b.pensum='5' AND b.c_uni_ca='3' AND status IN ('7','A','2') AND a.c_asigna=b.c_asigna  [1][0] OK
C:[29/10/2012 14:10:09.06][172.16.8.250][1342] SELECT pre_cod_asig1,pre_cod_asig2,pre_cod_asig3,pre_cod_asig4,pre_cod_asig5,pre_cod_asig6,pre_cod_asig7 FROM tblaca009 WHERE pensum='5' AND c_uni_ca='3' AND c_asigna='300422' [1][0] OK
C:[29/10/2012 14:10:09.06][172.16.8.250][1355] SELECT c_asigna FROM dace004 WHERE exp_e='11-21251117' AND c_asigna='300105' AND status IN ('0','3','B') [1][0] OK
C:[29/10/2012 14:10:09.06][172.16.8.250][1355] SELECT c_asigna FROM dace004 WHERE exp_e='11-21251117' AND c_asigna='300314' AND status IN ('0','3','B') [1][0] OK
C:[29/10/2012 14:10:09.06][172.16.8.250][1342] SELECT pre_cod_asig1,pre_cod_asig2,pre_cod_asig3,pre_cod_asig4,pre_cod_asig5,pre_cod_asig6,pre_cod_asig7 FROM tblaca009 WHERE pensum='5' AND c_uni_ca='3' AND c_asigna='310548' [1][0] OK
C:[29/10/2012 14:10:09.06][172.16.8.250][1355] SELECT c_asigna FROM dace004 WHERE exp_e='11-21251117' AND c_asigna='300428' AND status IN ('0','3','B') [1][0] OK
C:[29/10/2012 14:10:09.06][172.16.8.250][1355] SELECT c_asigna FROM dace004 WHERE exp_e='11-21251117' AND c_asigna='300313' AND status IN ('0','3','B') [1][0] OK
C:[29/10/2012 14:10:09.06][172.16.8.250][1355] SELECT c_asigna FROM dace004 WHERE exp_e='11-21251117' AND c_asigna='300222' AND status IN ('0','3','B') [1][0] OK
C:[29/10/2012 14:10:09.06][172.16.8.250][1355] SELECT c_asigna FROM dace004 WHERE exp_e='11-21251117' AND c_asigna='300226' AND status IN ('0','3','B') [1][0] OK
C:[29/10/2012 14:10:09.06][172.16.8.250][1355] SELECT c_asigna FROM dace004 WHERE exp_e='11-21251117' AND c_asigna='300209' AND status IN ('0','3','B') [1][0] OK
C:[29/10/2012 14:10:09.06][172.16.8.250][1342] SELECT pre_cod_asig1,pre_cod_asig2,pre_cod_asig3,pre_cod_asig4,pre_cod_asig5,pre_cod_asig6,pre_cod_asig7 FROM tblaca009 WHERE pensum='5' AND c_uni_ca='3' AND c_asigna='311551' [1][0] OK
C:[29/10/2012 14:10:09.06][172.16.8.250][1355] SELECT c_asigna FROM dace004 WHERE exp_e='11-21251117' AND c_asigna='311430' AND status IN ('0','3','B') [1][0] OK
C:[29/10/2012 14:10:09.06][172.16.8.250][1355] SELECT c_asigna FROM dace004 WHERE exp_e='11-21251117' AND c_asigna='311431' AND status IN ('0','3','B') [1][0] OK
C:[29/10/2012 14:10:09.06][172.16.8.250][1355] SELECT c_asigna FROM dace004 WHERE exp_e='11-21251117' AND c_asigna='300222' AND status IN ('0','3','B') [1][0] OK
C:[29/10/2012 14:10:09.06][172.16.8.250][1355] SELECT c_asigna FROM dace004 WHERE exp_e='11-21251117' AND c_asigna='300226' AND status IN ('0','3','B') [1][0] OK
C:[29/10/2012 14:10:09.06][172.16.8.250][1355] SELECT c_asigna FROM dace004 WHERE exp_e='11-21251117' AND c_asigna='300209' AND status IN ('0','3','B') [1][0] OK
C:[29/10/2012 14:10:09.06][172.16.8.250][1355] SELECT c_asigna FROM dace004 WHERE exp_e='11-21251117' AND c_asigna='311320' AND status IN ('0','3','B') [1][0] OK
C:[29/10/2012 14:10:09.06][172.16.8.250][1342] SELECT pre_cod_asig1,pre_cod_asig2,pre_cod_asig3,pre_cod_asig4,pre_cod_asig5,pre_cod_asig6,pre_cod_asig7 FROM tblaca009 WHERE pensum='5' AND c_uni_ca='3' AND c_asigna='311554' [1][0] OK
C:[29/10/2012 14:10:09.06][172.16.8.250][1355] SELECT c_asigna FROM dace004 WHERE exp_e='11-21251117' AND c_asigna='300318' AND status IN ('0','3','B') [1][0] OK
C:[29/10/2012 14:10:09.06][172.16.8.250][1355] SELECT c_asigna FROM dace004 WHERE exp_e='11-21251117' AND c_asigna='300428' AND status IN ('0','3','B') [1][0] OK
C:[29/10/2012 14:10:09.06][172.16.8.250][1342] SELECT pre_cod_asig1,pre_cod_asig2,pre_cod_asig3,pre_cod_asig4,pre_cod_asig5,pre_cod_asig6,pre_cod_asig7 FROM tblaca009 WHERE pensum='5' AND c_uni_ca='3' AND c_asigna='311556' [1][0] OK
C:[29/10/2012 14:10:09.06][172.16.8.250][1355] SELECT c_asigna FROM dace004 WHERE exp_e='11-21251117' AND c_asigna='311434' AND status IN ('0','3','B') [1][0] OK
C:[29/10/2012 14:10:09.06][172.16.8.250][1355] SELECT c_asigna FROM dace004 WHERE exp_e='11-21251117' AND c_asigna='300222' AND status IN ('0','3','B') [1][0] OK
C:[29/10/2012 14:10:09.06][172.16.8.250][1355] SELECT c_asigna FROM dace004 WHERE exp_e='11-21251117' AND c_asigna='300226' AND status IN ('0','3','B') [1][0] OK
C:[29/10/2012 14:10:09.06][172.16.8.250][1355] SELECT c_asigna FROM dace004 WHERE exp_e='11-21251117' AND c_asigna='300209' AND status IN ('0','3','B') [1][0] OK
C:[29/10/2012 14:10:09.06][172.16.8.250][1342] SELECT pre_cod_asig1,pre_cod_asig2,pre_cod_asig3,pre_cod_asig4,pre_cod_asig5,pre_cod_asig6,pre_cod_asig7 FROM tblaca009 WHERE pensum='5' AND c_uni_ca='3' AND c_asigna='312444' [1][0] OK
C:[29/10/2012 14:10:09.06][172.16.8.250][1355] SELECT c_asigna FROM dace004 WHERE exp_e='11-21251117' AND c_asigna='312333' AND status IN ('0','3','B') [1][0] OK
C:[29/10/2012 14:10:09.06][172.16.8.250][1342] SELECT pre_cod_asig1,pre_cod_asig2,pre_cod_asig3,pre_cod_asig4,pre_cod_asig5,pre_cod_asig6,pre_cod_asig7 FROM tblaca009 WHERE pensum='5' AND c_uni_ca='3' AND c_asigna='314662' [1][0] OK
C:[29/10/2012 14:10:09.06][172.16.8.250][1355] SELECT c_asigna FROM dace004 WHERE exp_e='11-21251117' AND c_asigna='311552' AND status IN ('0','3','B') [1][0] OK
C:[29/10/2012 14:10:09.06][172.16.8.250][1342] SELECT pre_cod_asig1,pre_cod_asig2,pre_cod_asig3,pre_cod_asig4,pre_cod_asig5,pre_cod_asig6,pre_cod_asig7 FROM tblaca009 WHERE pensum='5' AND c_uni_ca='3' AND c_asigna='315552' [1][0] OK
C:[29/10/2012 14:10:09.06][172.16.8.250][1355] SELECT c_asigna FROM dace004 WHERE exp_e='11-21251117' AND c_asigna='311430' AND status IN ('0','3','B') [1][0] OK
C:[29/10/2012 14:10:09.06][172.16.8.250][1355] SELECT c_asigna FROM dace004 WHERE exp_e='11-21251117' AND c_asigna='300222' AND status IN ('0','3','B') [1][0] OK
C:[29/10/2012 14:10:09.06][172.16.8.250][1355] SELECT c_asigna FROM dace004 WHERE exp_e='11-21251117' AND c_asigna='300226' AND status IN ('0','3','B') [1][0] OK
C:[29/10/2012 14:10:09.06][172.16.8.250][1355] SELECT c_asigna FROM dace004 WHERE exp_e='11-21251117' AND c_asigna='300209' AND status IN ('0','3','B') [1][0] OK
C:[29/10/2012 14:10:10.19][172.16.8.250][1386] SELECT par_cod_asig1,par_cod_asig2,par_cod_asig3 FROM tblaca009 WHERE pensum='5' AND c_uni_ca='3' AND c_asigna='300422' [1][0] OK
C:[29/10/2012 14:10:10.19][172.16.8.250][1386] SELECT par_cod_asig1,par_cod_asig2,par_cod_asig3 FROM tblaca009 WHERE pensum='5' AND c_uni_ca='3' AND c_asigna='310548' [1][0] OK
C:[29/10/2012 14:10:10.19][172.16.8.250][1386] SELECT par_cod_asig1,par_cod_asig2,par_cod_asig3 FROM tblaca009 WHERE pensum='5' AND c_uni_ca='3' AND c_asigna='311551' [1][0] OK
C:[29/10/2012 14:10:10.19][172.16.8.250][1386] SELECT par_cod_asig1,par_cod_asig2,par_cod_asig3 FROM tblaca009 WHERE pensum='5' AND c_uni_ca='3' AND c_asigna='311554' [1][0] OK
C:[29/10/2012 14:10:10.19][172.16.8.250][1386] SELECT par_cod_asig1,par_cod_asig2,par_cod_asig3 FROM tblaca009 WHERE pensum='5' AND c_uni_ca='3' AND c_asigna='311556' [1][0] OK
C:[29/10/2012 14:10:10.19][172.16.8.250][1400] SELECT c_asigna FROM dace004 WHERE exp_e='11-21251117' AND c_asigna='311551' AND status IN ('0','3','B','C') [0][0] OK
C:[29/10/2012 14:10:10.19][172.16.8.250][1386] SELECT par_cod_asig1,par_cod_asig2,par_cod_asig3 FROM tblaca009 WHERE pensum='5' AND c_uni_ca='3' AND c_asigna='312444' [1][0] OK
C:[29/10/2012 14:10:10.19][172.16.8.250][1386] SELECT par_cod_asig1,par_cod_asig2,par_cod_asig3 FROM tblaca009 WHERE pensum='5' AND c_uni_ca='3' AND c_asigna='314662' [1][0] OK
C:[29/10/2012 14:10:10.19][172.16.8.250][1386] SELECT par_cod_asig1,par_cod_asig2,par_cod_asig3 FROM tblaca009 WHERE pensum='5' AND c_uni_ca='3' AND c_asigna='315552' [1][0] OK
C:[29/10/2012 14:10:11.89][172.16.8.250][1516] SELECT horas_lab FROM tblaca008 WHERE c_asigna='300422' AND horas_teoricas > 0 [0][0] OK
C:[29/10/2012 14:10:11.00][172.16.8.250][1548] SELECT sum(u_creditos*1) FROM dace006 a, tblaca009 b WHERE a.exp_e='11-21251117' AND a.lapso='2012-2' AND b.pensum='5' AND b.c_uni_ca='3' AND status IN ('7','A','2') AND a.c_asigna=b.c_asigna  [1][0] OK
C:[29/10/2012 14:10:11.13][172.16.8.250][1567] SELECT sum(u_creditos*1) FROM dace006 a, tblaca009 b WHERE a.exp_e='11-21251117' AND a.lapso='2012-2' AND b.pensum='5' AND b.c_uni_ca='3' AND status IN ('7','A','2') AND a.c_asigna=b.c_asigna AND a.c_asigna IN ('310548','311551','311554','311556','312444','314662','315552') [1][0] OK
C:[29/10/2012 14:10:11.25][172.16.8.250][1583] SELECT MAX(semestre) FROM dace006 a, tblaca009 b WHERE a.exp_e='11-21251117' AND a.lapso='2012-2' AND b.pensum='5' AND b.c_uni_ca='3' AND status IN ('7','A','2') AND a.c_asigna=b.c_asigna  [1][0] OK
C:[29/10/2012 14:10:11.38][172.16.8.250][1602] SELECT MIN(semestre) FROM dace006 a, tblaca009 b WHERE a.exp_e='11-21251117' AND a.lapso='2012-2' AND b.pensum='5' AND b.c_uni_ca='3' AND status IN ('7','A','2') AND a.c_asigna=b.c_asigna AND a.c_asigna IN ('300422') [1][0] OK
C:[29/10/2012 14:20:37.12][172.16.8.250][1342] SELECT pre_cod_asig1,pre_cod_asig2,pre_cod_asig3,pre_cod_asig4,pre_cod_asig5,pre_cod_asig6,pre_cod_asig7 FROM tblaca009 WHERE pensum='5' AND c_uni_ca='3' AND c_asigna='300422' [1][0] OK
C:[29/10/2012 14:20:37.12][172.16.8.250][1355] SELECT c_asigna FROM dace004 WHERE exp_e='11-21251117' AND c_asigna='300105' AND status IN ('0','3','B') [1][0] OK
C:[29/10/2012 14:20:37.12][172.16.8.250][1355] SELECT c_asigna FROM dace004 WHERE exp_e='11-21251117' AND c_asigna='300314' AND status IN ('0','3','B') [1][0] OK
C:[29/10/2012 14:20:37.12][172.16.8.250][1342] SELECT pre_cod_asig1,pre_cod_asig2,pre_cod_asig3,pre_cod_asig4,pre_cod_asig5,pre_cod_asig6,pre_cod_asig7 FROM tblaca009 WHERE pensum='5' AND c_uni_ca='3' AND c_asigna='310548' [1][0] OK
C:[29/10/2012 14:20:37.12][172.16.8.250][1355] SELECT c_asigna FROM dace004 WHERE exp_e='11-21251117' AND c_asigna='300428' AND status IN ('0','3','B') [1][0] OK
C:[29/10/2012 14:20:37.12][172.16.8.250][1355] SELECT c_asigna FROM dace004 WHERE exp_e='11-21251117' AND c_asigna='300313' AND status IN ('0','3','B') [1][0] OK
C:[29/10/2012 14:20:37.12][172.16.8.250][1355] SELECT c_asigna FROM dace004 WHERE exp_e='11-21251117' AND c_asigna='300222' AND status IN ('0','3','B') [1][0] OK
C:[29/10/2012 14:20:37.12][172.16.8.250][1355] SELECT c_asigna FROM dace004 WHERE exp_e='11-21251117' AND c_asigna='300226' AND status IN ('0','3','B') [1][0] OK
C:[29/10/2012 14:20:37.12][172.16.8.250][1355] SELECT c_asigna FROM dace004 WHERE exp_e='11-21251117' AND c_asigna='300209' AND status IN ('0','3','B') [1][0] OK
C:[29/10/2012 14:20:37.12][172.16.8.250][1342] SELECT pre_cod_asig1,pre_cod_asig2,pre_cod_asig3,pre_cod_asig4,pre_cod_asig5,pre_cod_asig6,pre_cod_asig7 FROM tblaca009 WHERE pensum='5' AND c_uni_ca='3' AND c_asigna='311551' [1][0] OK
C:[29/10/2012 14:20:37.12][172.16.8.250][1355] SELECT c_asigna FROM dace004 WHERE exp_e='11-21251117' AND c_asigna='311430' AND status IN ('0','3','B') [1][0] OK
C:[29/10/2012 14:20:37.12][172.16.8.250][1355] SELECT c_asigna FROM dace004 WHERE exp_e='11-21251117' AND c_asigna='311431' AND status IN ('0','3','B') [1][0] OK
C:[29/10/2012 14:20:37.12][172.16.8.250][1355] SELECT c_asigna FROM dace004 WHERE exp_e='11-21251117' AND c_asigna='300222' AND status IN ('0','3','B') [1][0] OK
C:[29/10/2012 14:20:37.12][172.16.8.250][1355] SELECT c_asigna FROM dace004 WHERE exp_e='11-21251117' AND c_asigna='300226' AND status IN ('0','3','B') [1][0] OK
C:[29/10/2012 14:20:37.12][172.16.8.250][1355] SELECT c_asigna FROM dace004 WHERE exp_e='11-21251117' AND c_asigna='300209' AND status IN ('0','3','B') [1][0] OK
C:[29/10/2012 14:20:37.12][172.16.8.250][1355] SELECT c_asigna FROM dace004 WHERE exp_e='11-21251117' AND c_asigna='311320' AND status IN ('0','3','B') [1][0] OK
C:[29/10/2012 14:20:37.12][172.16.8.250][1342] SELECT pre_cod_asig1,pre_cod_asig2,pre_cod_asig3,pre_cod_asig4,pre_cod_asig5,pre_cod_asig6,pre_cod_asig7 FROM tblaca009 WHERE pensum='5' AND c_uni_ca='3' AND c_asigna='311554' [1][0] OK
C:[29/10/2012 14:20:37.12][172.16.8.250][1355] SELECT c_asigna FROM dace004 WHERE exp_e='11-21251117' AND c_asigna='300318' AND status IN ('0','3','B') [1][0] OK
C:[29/10/2012 14:20:37.12][172.16.8.250][1355] SELECT c_asigna FROM dace004 WHERE exp_e='11-21251117' AND c_asigna='300428' AND status IN ('0','3','B') [1][0] OK
C:[29/10/2012 14:20:37.12][172.16.8.250][1342] SELECT pre_cod_asig1,pre_cod_asig2,pre_cod_asig3,pre_cod_asig4,pre_cod_asig5,pre_cod_asig6,pre_cod_asig7 FROM tblaca009 WHERE pensum='5' AND c_uni_ca='3' AND c_asigna='311556' [1][0] OK
C:[29/10/2012 14:20:37.12][172.16.8.250][1355] SELECT c_asigna FROM dace004 WHERE exp_e='11-21251117' AND c_asigna='311434' AND status IN ('0','3','B') [1][0] OK
C:[29/10/2012 14:20:37.12][172.16.8.250][1355] SELECT c_asigna FROM dace004 WHERE exp_e='11-21251117' AND c_asigna='300222' AND status IN ('0','3','B') [1][0] OK
C:[29/10/2012 14:20:37.12][172.16.8.250][1355] SELECT c_asigna FROM dace004 WHERE exp_e='11-21251117' AND c_asigna='300226' AND status IN ('0','3','B') [1][0] OK
C:[29/10/2012 14:20:37.12][172.16.8.250][1355] SELECT c_asigna FROM dace004 WHERE exp_e='11-21251117' AND c_asigna='300209' AND status IN ('0','3','B') [1][0] OK
C:[29/10/2012 14:20:37.12][172.16.8.250][1342] SELECT pre_cod_asig1,pre_cod_asig2,pre_cod_asig3,pre_cod_asig4,pre_cod_asig5,pre_cod_asig6,pre_cod_asig7 FROM tblaca009 WHERE pensum='5' AND c_uni_ca='3' AND c_asigna='312444' [1][0] OK
C:[29/10/2012 14:20:37.12][172.16.8.250][1355] SELECT c_asigna FROM dace004 WHERE exp_e='11-21251117' AND c_asigna='312333' AND status IN ('0','3','B') [1][0] OK
C:[29/10/2012 14:20:37.12][172.16.8.250][1342] SELECT pre_cod_asig1,pre_cod_asig2,pre_cod_asig3,pre_cod_asig4,pre_cod_asig5,pre_cod_asig6,pre_cod_asig7 FROM tblaca009 WHERE pensum='5' AND c_uni_ca='3' AND c_asigna='314662' [1][0] OK
C:[29/10/2012 14:20:37.12][172.16.8.250][1355] SELECT c_asigna FROM dace004 WHERE exp_e='11-21251117' AND c_asigna='311552' AND status IN ('0','3','B') [1][0] OK
C:[29/10/2012 14:20:37.12][172.16.8.250][1342] SELECT pre_cod_asig1,pre_cod_asig2,pre_cod_asig3,pre_cod_asig4,pre_cod_asig5,pre_cod_asig6,pre_cod_asig7 FROM tblaca009 WHERE pensum='5' AND c_uni_ca='3' AND c_asigna='315552' [1][0] OK
C:[29/10/2012 14:20:37.12][172.16.8.250][1355] SELECT c_asigna FROM dace004 WHERE exp_e='11-21251117' AND c_asigna='311430' AND status IN ('0','3','B') [1][0] OK
C:[29/10/2012 14:20:37.12][172.16.8.250][1355] SELECT c_asigna FROM dace004 WHERE exp_e='11-21251117' AND c_asigna='300222' AND status IN ('0','3','B') [1][0] OK
C:[29/10/2012 14:20:37.12][172.16.8.250][1355] SELECT c_asigna FROM dace004 WHERE exp_e='11-21251117' AND c_asigna='300226' AND status IN ('0','3','B') [1][0] OK
C:[29/10/2012 14:20:37.12][172.16.8.250][1355] SELECT c_asigna FROM dace004 WHERE exp_e='11-21251117' AND c_asigna='300209' AND status IN ('0','3','B') [1][0] OK
C:[29/10/2012 14:20:38.24][172.16.8.250][1386] SELECT par_cod_asig1,par_cod_asig2,par_cod_asig3 FROM tblaca009 WHERE pensum='5' AND c_uni_ca='3' AND c_asigna='300422' [1][0] OK
C:[29/10/2012 14:20:38.24][172.16.8.250][1386] SELECT par_cod_asig1,par_cod_asig2,par_cod_asig3 FROM tblaca009 WHERE pensum='5' AND c_uni_ca='3' AND c_asigna='310548' [1][0] OK
C:[29/10/2012 14:20:38.24][172.16.8.250][1386] SELECT par_cod_asig1,par_cod_asig2,par_cod_asig3 FROM tblaca009 WHERE pensum='5' AND c_uni_ca='3' AND c_asigna='311551' [1][0] OK
C:[29/10/2012 14:20:38.24][172.16.8.250][1386] SELECT par_cod_asig1,par_cod_asig2,par_cod_asig3 FROM tblaca009 WHERE pensum='5' AND c_uni_ca='3' AND c_asigna='311554' [1][0] OK
C:[29/10/2012 14:20:38.24][172.16.8.250][1386] SELECT par_cod_asig1,par_cod_asig2,par_cod_asig3 FROM tblaca009 WHERE pensum='5' AND c_uni_ca='3' AND c_asigna='311556' [1][0] OK
C:[29/10/2012 14:20:38.24][172.16.8.250][1400] SELECT c_asigna FROM dace004 WHERE exp_e='11-21251117' AND c_asigna='311551' AND status IN ('0','3','B','C') [0][0] OK
C:[29/10/2012 14:20:38.24][172.16.8.250][1386] SELECT par_cod_asig1,par_cod_asig2,par_cod_asig3 FROM tblaca009 WHERE pensum='5' AND c_uni_ca='3' AND c_asigna='312444' [1][0] OK
C:[29/10/2012 14:20:38.24][172.16.8.250][1386] SELECT par_cod_asig1,par_cod_asig2,par_cod_asig3 FROM tblaca009 WHERE pensum='5' AND c_uni_ca='3' AND c_asigna='314662' [1][0] OK
C:[29/10/2012 14:20:38.24][172.16.8.250][1386] SELECT par_cod_asig1,par_cod_asig2,par_cod_asig3 FROM tblaca009 WHERE pensum='5' AND c_uni_ca='3' AND c_asigna='315552' [1][0] OK
C:[29/10/2012 14:20:39.39][172.16.8.250][1548] SELECT sum(u_creditos*1) FROM dace006 a, tblaca009 b WHERE a.exp_e='11-21251117' AND a.lapso='2012-2' AND b.pensum='5' AND b.c_uni_ca='3' AND status IN ('7','A','2') AND a.c_asigna=b.c_asigna  [1][0] OK
C:[29/10/2012 14:20:39.50][172.16.8.250][1567] SELECT sum(u_creditos*1) FROM dace006 a, tblaca009 b WHERE a.exp_e='11-21251117' AND a.lapso='2012-2' AND b.pensum='5' AND b.c_uni_ca='3' AND status IN ('7','A','2') AND a.c_asigna=b.c_asigna AND a.c_asigna IN ('300422','310548','311551','311554','311556','312444','314662','315552') [1][0] OK
C:[29/10/2012 14:20:39.62][172.16.8.250][1583] SELECT MAX(semestre) FROM dace006 a, tblaca009 b WHERE a.exp_e='11-21251117' AND a.lapso='2012-2' AND b.pensum='5' AND b.c_uni_ca='3' AND status IN ('7','A','2') AND a.c_asigna=b.c_asigna  [1][0] OK
C:[29/10/2012 14:20:39.74][172.16.8.250][1602] SELECT MIN(semestre) FROM dace006 a, tblaca009 b WHERE a.exp_e='11-21251117' AND a.lapso='2012-2' AND b.pensum='5' AND b.c_uni_ca='3' AND status IN ('7','A','2') AND a.c_asigna=b.c_asigna AND a.c_asigna IN () [0][0]  {[MERANT][ODBC SQLBase driver][SQLBase]00915 PRS IVC Invalid constant}
C:[29/10/2012 14:24:09.67][172.16.8.250][1342] SELECT pre_cod_asig1,pre_cod_asig2,pre_cod_asig3,pre_cod_asig4,pre_cod_asig5,pre_cod_asig6,pre_cod_asig7 FROM tblaca009 WHERE pensum='5' AND c_uni_ca='3' AND c_asigna='300422' [1][0] OK
C:[29/10/2012 14:24:09.67][172.16.8.250][1355] SELECT c_asigna FROM dace004 WHERE exp_e='11-21251117' AND c_asigna='300105' AND status IN ('0','3','B') [1][0] OK
C:[29/10/2012 14:24:09.67][172.16.8.250][1355] SELECT c_asigna FROM dace004 WHERE exp_e='11-21251117' AND c_asigna='300314' AND status IN ('0','3','B') [1][0] OK
C:[29/10/2012 14:24:09.67][172.16.8.250][1342] SELECT pre_cod_asig1,pre_cod_asig2,pre_cod_asig3,pre_cod_asig4,pre_cod_asig5,pre_cod_asig6,pre_cod_asig7 FROM tblaca009 WHERE pensum='5' AND c_uni_ca='3' AND c_asigna='310548' [1][0] OK
C:[29/10/2012 14:24:09.67][172.16.8.250][1355] SELECT c_asigna FROM dace004 WHERE exp_e='11-21251117' AND c_asigna='300428' AND status IN ('0','3','B') [1][0] OK
C:[29/10/2012 14:24:09.67][172.16.8.250][1355] SELECT c_asigna FROM dace004 WHERE exp_e='11-21251117' AND c_asigna='300313' AND status IN ('0','3','B') [1][0] OK
C:[29/10/2012 14:24:09.67][172.16.8.250][1355] SELECT c_asigna FROM dace004 WHERE exp_e='11-21251117' AND c_asigna='300222' AND status IN ('0','3','B') [1][0] OK
C:[29/10/2012 14:24:09.67][172.16.8.250][1355] SELECT c_asigna FROM dace004 WHERE exp_e='11-21251117' AND c_asigna='300226' AND status IN ('0','3','B') [1][0] OK
C:[29/10/2012 14:24:09.67][172.16.8.250][1355] SELECT c_asigna FROM dace004 WHERE exp_e='11-21251117' AND c_asigna='300209' AND status IN ('0','3','B') [1][0] OK
C:[29/10/2012 14:24:09.67][172.16.8.250][1342] SELECT pre_cod_asig1,pre_cod_asig2,pre_cod_asig3,pre_cod_asig4,pre_cod_asig5,pre_cod_asig6,pre_cod_asig7 FROM tblaca009 WHERE pensum='5' AND c_uni_ca='3' AND c_asigna='311551' [1][0] OK
C:[29/10/2012 14:24:09.67][172.16.8.250][1355] SELECT c_asigna FROM dace004 WHERE exp_e='11-21251117' AND c_asigna='311430' AND status IN ('0','3','B') [1][0] OK
C:[29/10/2012 14:24:09.67][172.16.8.250][1355] SELECT c_asigna FROM dace004 WHERE exp_e='11-21251117' AND c_asigna='311431' AND status IN ('0','3','B') [1][0] OK
C:[29/10/2012 14:24:09.67][172.16.8.250][1355] SELECT c_asigna FROM dace004 WHERE exp_e='11-21251117' AND c_asigna='300222' AND status IN ('0','3','B') [1][0] OK
C:[29/10/2012 14:24:09.67][172.16.8.250][1355] SELECT c_asigna FROM dace004 WHERE exp_e='11-21251117' AND c_asigna='300226' AND status IN ('0','3','B') [1][0] OK
C:[29/10/2012 14:24:09.67][172.16.8.250][1355] SELECT c_asigna FROM dace004 WHERE exp_e='11-21251117' AND c_asigna='300209' AND status IN ('0','3','B') [1][0] OK
C:[29/10/2012 14:24:09.67][172.16.8.250][1355] SELECT c_asigna FROM dace004 WHERE exp_e='11-21251117' AND c_asigna='311320' AND status IN ('0','3','B') [1][0] OK
C:[29/10/2012 14:24:09.67][172.16.8.250][1342] SELECT pre_cod_asig1,pre_cod_asig2,pre_cod_asig3,pre_cod_asig4,pre_cod_asig5,pre_cod_asig6,pre_cod_asig7 FROM tblaca009 WHERE pensum='5' AND c_uni_ca='3' AND c_asigna='311554' [1][0] OK
C:[29/10/2012 14:24:09.67][172.16.8.250][1355] SELECT c_asigna FROM dace004 WHERE exp_e='11-21251117' AND c_asigna='300318' AND status IN ('0','3','B') [1][0] OK
C:[29/10/2012 14:24:09.67][172.16.8.250][1355] SELECT c_asigna FROM dace004 WHERE exp_e='11-21251117' AND c_asigna='300428' AND status IN ('0','3','B') [1][0] OK
C:[29/10/2012 14:24:09.67][172.16.8.250][1342] SELECT pre_cod_asig1,pre_cod_asig2,pre_cod_asig3,pre_cod_asig4,pre_cod_asig5,pre_cod_asig6,pre_cod_asig7 FROM tblaca009 WHERE pensum='5' AND c_uni_ca='3' AND c_asigna='311556' [1][0] OK
C:[29/10/2012 14:24:09.67][172.16.8.250][1355] SELECT c_asigna FROM dace004 WHERE exp_e='11-21251117' AND c_asigna='311434' AND status IN ('0','3','B') [1][0] OK
C:[29/10/2012 14:24:09.67][172.16.8.250][1355] SELECT c_asigna FROM dace004 WHERE exp_e='11-21251117' AND c_asigna='300222' AND status IN ('0','3','B') [1][0] OK
C:[29/10/2012 14:24:09.67][172.16.8.250][1355] SELECT c_asigna FROM dace004 WHERE exp_e='11-21251117' AND c_asigna='300226' AND status IN ('0','3','B') [1][0] OK
C:[29/10/2012 14:24:09.67][172.16.8.250][1355] SELECT c_asigna FROM dace004 WHERE exp_e='11-21251117' AND c_asigna='300209' AND status IN ('0','3','B') [1][0] OK
C:[29/10/2012 14:24:09.67][172.16.8.250][1342] SELECT pre_cod_asig1,pre_cod_asig2,pre_cod_asig3,pre_cod_asig4,pre_cod_asig5,pre_cod_asig6,pre_cod_asig7 FROM tblaca009 WHERE pensum='5' AND c_uni_ca='3' AND c_asigna='312444' [1][0] OK
C:[29/10/2012 14:24:09.67][172.16.8.250][1355] SELECT c_asigna FROM dace004 WHERE exp_e='11-21251117' AND c_asigna='312333' AND status IN ('0','3','B') [1][0] OK
C:[29/10/2012 14:24:09.67][172.16.8.250][1342] SELECT pre_cod_asig1,pre_cod_asig2,pre_cod_asig3,pre_cod_asig4,pre_cod_asig5,pre_cod_asig6,pre_cod_asig7 FROM tblaca009 WHERE pensum='5' AND c_uni_ca='3' AND c_asigna='314662' [1][0] OK
C:[29/10/2012 14:24:09.67][172.16.8.250][1355] SELECT c_asigna FROM dace004 WHERE exp_e='11-21251117' AND c_asigna='311552' AND status IN ('0','3','B') [1][0] OK
C:[29/10/2012 14:24:09.67][172.16.8.250][1342] SELECT pre_cod_asig1,pre_cod_asig2,pre_cod_asig3,pre_cod_asig4,pre_cod_asig5,pre_cod_asig6,pre_cod_asig7 FROM tblaca009 WHERE pensum='5' AND c_uni_ca='3' AND c_asigna='315552' [1][0] OK
C:[29/10/2012 14:24:09.67][172.16.8.250][1355] SELECT c_asigna FROM dace004 WHERE exp_e='11-21251117' AND c_asigna='311430' AND status IN ('0','3','B') [1][0] OK
C:[29/10/2012 14:24:09.67][172.16.8.250][1355] SELECT c_asigna FROM dace004 WHERE exp_e='11-21251117' AND c_asigna='300222' AND status IN ('0','3','B') [1][0] OK
C:[29/10/2012 14:24:09.67][172.16.8.250][1355] SELECT c_asigna FROM dace004 WHERE exp_e='11-21251117' AND c_asigna='300226' AND status IN ('0','3','B') [1][0] OK
C:[29/10/2012 14:24:09.67][172.16.8.250][1355] SELECT c_asigna FROM dace004 WHERE exp_e='11-21251117' AND c_asigna='300209' AND status IN ('0','3','B') [1][0] OK
C:[29/10/2012 14:24:10.37][172.16.8.250][1386] SELECT par_cod_asig1,par_cod_asig2,par_cod_asig3 FROM tblaca009 WHERE pensum='5' AND c_uni_ca='3' AND c_asigna='300422' [1][0] OK
C:[29/10/2012 14:24:10.37][172.16.8.250][1386] SELECT par_cod_asig1,par_cod_asig2,par_cod_asig3 FROM tblaca009 WHERE pensum='5' AND c_uni_ca='3' AND c_asigna='310548' [1][0] OK
C:[29/10/2012 14:24:10.37][172.16.8.250][1386] SELECT par_cod_asig1,par_cod_asig2,par_cod_asig3 FROM tblaca009 WHERE pensum='5' AND c_uni_ca='3' AND c_asigna='311551' [1][0] OK
C:[29/10/2012 14:24:10.37][172.16.8.250][1386] SELECT par_cod_asig1,par_cod_asig2,par_cod_asig3 FROM tblaca009 WHERE pensum='5' AND c_uni_ca='3' AND c_asigna='311554' [1][0] OK
C:[29/10/2012 14:24:10.37][172.16.8.250][1386] SELECT par_cod_asig1,par_cod_asig2,par_cod_asig3 FROM tblaca009 WHERE pensum='5' AND c_uni_ca='3' AND c_asigna='311556' [1][0] OK
C:[29/10/2012 14:24:10.37][172.16.8.250][1400] SELECT c_asigna FROM dace004 WHERE exp_e='11-21251117' AND c_asigna='311551' AND status IN ('0','3','B','C') [0][0] OK
C:[29/10/2012 14:24:10.37][172.16.8.250][1386] SELECT par_cod_asig1,par_cod_asig2,par_cod_asig3 FROM tblaca009 WHERE pensum='5' AND c_uni_ca='3' AND c_asigna='312444' [1][0] OK
C:[29/10/2012 14:24:10.37][172.16.8.250][1386] SELECT par_cod_asig1,par_cod_asig2,par_cod_asig3 FROM tblaca009 WHERE pensum='5' AND c_uni_ca='3' AND c_asigna='314662' [1][0] OK
C:[29/10/2012 14:24:10.37][172.16.8.250][1386] SELECT par_cod_asig1,par_cod_asig2,par_cod_asig3 FROM tblaca009 WHERE pensum='5' AND c_uni_ca='3' AND c_asigna='315552' [1][0] OK
C:[29/10/2012 14:24:10.51][172.16.8.250][1548] SELECT sum(u_creditos*1) FROM dace006 a, tblaca009 b WHERE a.exp_e='11-21251117' AND a.lapso='2012-2' AND b.pensum='5' AND b.c_uni_ca='3' AND status IN ('7','A','2') AND a.c_asigna=b.c_asigna  [1][0] OK
C:[29/10/2012 14:24:10.62][172.16.8.250][1567] SELECT sum(u_creditos*1) FROM dace006 a, tblaca009 b WHERE a.exp_e='11-21251117' AND a.lapso='2012-2' AND b.pensum='5' AND b.c_uni_ca='3' AND status IN ('7','A','2') AND a.c_asigna=b.c_asigna AND a.c_asigna IN ('300422','310548','311551','311554','311556','312444','314662','315552') [1][0] OK
C:[29/10/2012 14:24:10.74][172.16.8.250][1583] SELECT MAX(semestre) FROM dace006 a, tblaca009 b WHERE a.exp_e='11-21251117' AND a.lapso='2012-2' AND b.pensum='5' AND b.c_uni_ca='3' AND status IN ('7','A','2') AND a.c_asigna=b.c_asigna  [1][0] OK
C:[29/10/2012 14:25:12.26][172.16.8.250][1342] SELECT pre_cod_asig1,pre_cod_asig2,pre_cod_asig3,pre_cod_asig4,pre_cod_asig5,pre_cod_asig6,pre_cod_asig7 FROM tblaca009 WHERE pensum='5' AND c_uni_ca='3' AND c_asigna='314662' [1][0] OK
C:[29/10/2012 14:25:12.26][172.16.8.250][1355] SELECT c_asigna FROM dace004 WHERE exp_e='11-21251117' AND c_asigna='311552' AND status IN ('0','3','B') [1][0] OK
C:[29/10/2012 14:25:12.26][172.16.8.250][1342] SELECT pre_cod_asig1,pre_cod_asig2,pre_cod_asig3,pre_cod_asig4,pre_cod_asig5,pre_cod_asig6,pre_cod_asig7 FROM tblaca009 WHERE pensum='5' AND c_uni_ca='3' AND c_asigna='300422' [1][0] OK
C:[29/10/2012 14:25:12.26][172.16.8.250][1355] SELECT c_asigna FROM dace004 WHERE exp_e='11-21251117' AND c_asigna='300105' AND status IN ('0','3','B') [1][0] OK
C:[29/10/2012 14:25:12.26][172.16.8.250][1355] SELECT c_asigna FROM dace004 WHERE exp_e='11-21251117' AND c_asigna='300314' AND status IN ('0','3','B') [1][0] OK
C:[29/10/2012 14:25:12.26][172.16.8.250][1342] SELECT pre_cod_asig1,pre_cod_asig2,pre_cod_asig3,pre_cod_asig4,pre_cod_asig5,pre_cod_asig6,pre_cod_asig7 FROM tblaca009 WHERE pensum='5' AND c_uni_ca='3' AND c_asigna='310548' [1][0] OK
C:[29/10/2012 14:25:12.26][172.16.8.250][1355] SELECT c_asigna FROM dace004 WHERE exp_e='11-21251117' AND c_asigna='300428' AND status IN ('0','3','B') [1][0] OK
C:[29/10/2012 14:25:12.26][172.16.8.250][1355] SELECT c_asigna FROM dace004 WHERE exp_e='11-21251117' AND c_asigna='300313' AND status IN ('0','3','B') [1][0] OK
C:[29/10/2012 14:25:12.26][172.16.8.250][1355] SELECT c_asigna FROM dace004 WHERE exp_e='11-21251117' AND c_asigna='300222' AND status IN ('0','3','B') [1][0] OK
C:[29/10/2012 14:25:12.26][172.16.8.250][1355] SELECT c_asigna FROM dace004 WHERE exp_e='11-21251117' AND c_asigna='300226' AND status IN ('0','3','B') [1][0] OK
C:[29/10/2012 14:25:12.26][172.16.8.250][1355] SELECT c_asigna FROM dace004 WHERE exp_e='11-21251117' AND c_asigna='300209' AND status IN ('0','3','B') [1][0] OK
C:[29/10/2012 14:25:12.26][172.16.8.250][1342] SELECT pre_cod_asig1,pre_cod_asig2,pre_cod_asig3,pre_cod_asig4,pre_cod_asig5,pre_cod_asig6,pre_cod_asig7 FROM tblaca009 WHERE pensum='5' AND c_uni_ca='3' AND c_asigna='311551' [1][0] OK
C:[29/10/2012 14:25:12.26][172.16.8.250][1355] SELECT c_asigna FROM dace004 WHERE exp_e='11-21251117' AND c_asigna='311430' AND status IN ('0','3','B') [1][0] OK
C:[29/10/2012 14:25:12.26][172.16.8.250][1355] SELECT c_asigna FROM dace004 WHERE exp_e='11-21251117' AND c_asigna='311431' AND status IN ('0','3','B') [1][0] OK
C:[29/10/2012 14:25:12.26][172.16.8.250][1355] SELECT c_asigna FROM dace004 WHERE exp_e='11-21251117' AND c_asigna='300222' AND status IN ('0','3','B') [1][0] OK
C:[29/10/2012 14:25:12.26][172.16.8.250][1355] SELECT c_asigna FROM dace004 WHERE exp_e='11-21251117' AND c_asigna='300226' AND status IN ('0','3','B') [1][0] OK
C:[29/10/2012 14:25:12.26][172.16.8.250][1355] SELECT c_asigna FROM dace004 WHERE exp_e='11-21251117' AND c_asigna='300209' AND status IN ('0','3','B') [1][0] OK
C:[29/10/2012 14:25:12.26][172.16.8.250][1355] SELECT c_asigna FROM dace004 WHERE exp_e='11-21251117' AND c_asigna='311320' AND status IN ('0','3','B') [1][0] OK
C:[29/10/2012 14:25:12.26][172.16.8.250][1342] SELECT pre_cod_asig1,pre_cod_asig2,pre_cod_asig3,pre_cod_asig4,pre_cod_asig5,pre_cod_asig6,pre_cod_asig7 FROM tblaca009 WHERE pensum='5' AND c_uni_ca='3' AND c_asigna='311554' [1][0] OK
C:[29/10/2012 14:25:12.26][172.16.8.250][1355] SELECT c_asigna FROM dace004 WHERE exp_e='11-21251117' AND c_asigna='300318' AND status IN ('0','3','B') [1][0] OK
C:[29/10/2012 14:25:12.26][172.16.8.250][1355] SELECT c_asigna FROM dace004 WHERE exp_e='11-21251117' AND c_asigna='300428' AND status IN ('0','3','B') [1][0] OK
C:[29/10/2012 14:25:12.26][172.16.8.250][1342] SELECT pre_cod_asig1,pre_cod_asig2,pre_cod_asig3,pre_cod_asig4,pre_cod_asig5,pre_cod_asig6,pre_cod_asig7 FROM tblaca009 WHERE pensum='5' AND c_uni_ca='3' AND c_asigna='311556' [1][0] OK
C:[29/10/2012 14:25:12.26][172.16.8.250][1355] SELECT c_asigna FROM dace004 WHERE exp_e='11-21251117' AND c_asigna='311434' AND status IN ('0','3','B') [1][0] OK
C:[29/10/2012 14:25:12.26][172.16.8.250][1355] SELECT c_asigna FROM dace004 WHERE exp_e='11-21251117' AND c_asigna='300222' AND status IN ('0','3','B') [1][0] OK
C:[29/10/2012 14:25:12.26][172.16.8.250][1355] SELECT c_asigna FROM dace004 WHERE exp_e='11-21251117' AND c_asigna='300226' AND status IN ('0','3','B') [1][0] OK
C:[29/10/2012 14:25:12.26][172.16.8.250][1355] SELECT c_asigna FROM dace004 WHERE exp_e='11-21251117' AND c_asigna='300209' AND status IN ('0','3','B') [1][0] OK
C:[29/10/2012 14:25:12.26][172.16.8.250][1342] SELECT pre_cod_asig1,pre_cod_asig2,pre_cod_asig3,pre_cod_asig4,pre_cod_asig5,pre_cod_asig6,pre_cod_asig7 FROM tblaca009 WHERE pensum='5' AND c_uni_ca='3' AND c_asigna='312444' [1][0] OK
C:[29/10/2012 14:25:12.26][172.16.8.250][1355] SELECT c_asigna FROM dace004 WHERE exp_e='11-21251117' AND c_asigna='312333' AND status IN ('0','3','B') [1][0] OK
C:[29/10/2012 14:25:12.26][172.16.8.250][1342] SELECT pre_cod_asig1,pre_cod_asig2,pre_cod_asig3,pre_cod_asig4,pre_cod_asig5,pre_cod_asig6,pre_cod_asig7 FROM tblaca009 WHERE pensum='5' AND c_uni_ca='3' AND c_asigna='315552' [1][0] OK
C:[29/10/2012 14:25:12.26][172.16.8.250][1355] SELECT c_asigna FROM dace004 WHERE exp_e='11-21251117' AND c_asigna='311430' AND status IN ('0','3','B') [1][0] OK
C:[29/10/2012 14:25:12.26][172.16.8.250][1355] SELECT c_asigna FROM dace004 WHERE exp_e='11-21251117' AND c_asigna='300222' AND status IN ('0','3','B') [1][0] OK
C:[29/10/2012 14:25:12.26][172.16.8.250][1355] SELECT c_asigna FROM dace004 WHERE exp_e='11-21251117' AND c_asigna='300226' AND status IN ('0','3','B') [1][0] OK
C:[29/10/2012 14:25:12.26][172.16.8.250][1355] SELECT c_asigna FROM dace004 WHERE exp_e='11-21251117' AND c_asigna='300209' AND status IN ('0','3','B') [1][0] OK
C:[29/10/2012 14:25:13.95][172.16.8.250][1386] SELECT par_cod_asig1,par_cod_asig2,par_cod_asig3 FROM tblaca009 WHERE pensum='5' AND c_uni_ca='3' AND c_asigna='314662' [1][0] OK
C:[29/10/2012 14:25:13.95][172.16.8.250][1386] SELECT par_cod_asig1,par_cod_asig2,par_cod_asig3 FROM tblaca009 WHERE pensum='5' AND c_uni_ca='3' AND c_asigna='300422' [1][0] OK
C:[29/10/2012 14:25:13.95][172.16.8.250][1386] SELECT par_cod_asig1,par_cod_asig2,par_cod_asig3 FROM tblaca009 WHERE pensum='5' AND c_uni_ca='3' AND c_asigna='310548' [1][0] OK
C:[29/10/2012 14:25:13.95][172.16.8.250][1386] SELECT par_cod_asig1,par_cod_asig2,par_cod_asig3 FROM tblaca009 WHERE pensum='5' AND c_uni_ca='3' AND c_asigna='311551' [1][0] OK
C:[29/10/2012 14:25:13.95][172.16.8.250][1386] SELECT par_cod_asig1,par_cod_asig2,par_cod_asig3 FROM tblaca009 WHERE pensum='5' AND c_uni_ca='3' AND c_asigna='311554' [1][0] OK
C:[29/10/2012 14:25:13.95][172.16.8.250][1386] SELECT par_cod_asig1,par_cod_asig2,par_cod_asig3 FROM tblaca009 WHERE pensum='5' AND c_uni_ca='3' AND c_asigna='311556' [1][0] OK
C:[29/10/2012 14:25:13.95][172.16.8.250][1400] SELECT c_asigna FROM dace004 WHERE exp_e='11-21251117' AND c_asigna='311551' AND status IN ('0','3','B','C') [0][0] OK
C:[29/10/2012 14:25:13.95][172.16.8.250][1386] SELECT par_cod_asig1,par_cod_asig2,par_cod_asig3 FROM tblaca009 WHERE pensum='5' AND c_uni_ca='3' AND c_asigna='312444' [1][0] OK
C:[29/10/2012 14:25:13.95][172.16.8.250][1386] SELECT par_cod_asig1,par_cod_asig2,par_cod_asig3 FROM tblaca009 WHERE pensum='5' AND c_uni_ca='3' AND c_asigna='315552' [1][0] OK
C:[29/10/2012 14:25:14.09][172.16.8.250][1516] SELECT horas_lab FROM tblaca008 WHERE c_asigna='314662' AND horas_teoricas > 0 [1][0] OK
C:[29/10/2012 14:25:14.20][172.16.8.250][1548] SELECT sum(u_creditos*1) FROM dace006 a, tblaca009 b WHERE a.exp_e='11-21251117' AND a.lapso='2012-2' AND b.pensum='5' AND b.c_uni_ca='3' AND status IN ('7','A','2') AND a.c_asigna=b.c_asigna  [1][0] OK
C:[29/10/2012 14:25:14.33][172.16.8.250][1567] SELECT sum(u_creditos*1) FROM dace006 a, tblaca009 b WHERE a.exp_e='11-21251117' AND a.lapso='2012-2' AND b.pensum='5' AND b.c_uni_ca='3' AND status IN ('7','A','2') AND a.c_asigna=b.c_asigna AND a.c_asigna IN ('300422','310548','311551','311554','311556','312444','315552') [1][0] OK
C:[29/10/2012 14:25:14.45][172.16.8.250][1583] SELECT MAX(semestre) FROM dace006 a, tblaca009 b WHERE a.exp_e='11-21251117' AND a.lapso='2012-2' AND b.pensum='5' AND b.c_uni_ca='3' AND status IN ('7','A','2') AND a.c_asigna=b.c_asigna  [1][0] OK
C:[29/10/2012 14:25:14.58][172.16.8.250][1604] SELECT MIN(semestre) FROM dace006 a, tblaca009 b WHERE a.exp_e='11-21251117' AND a.lapso='2012-2' AND b.pensum='5' AND b.c_uni_ca='3' AND status IN ('7','A','2') AND a.c_asigna=b.c_asigna AND a.c_asigna IN ('314662') [1][0] OK
C:[29/10/2012 14:25:40.75][172.16.8.250][1342] SELECT pre_cod_asig1,pre_cod_asig2,pre_cod_asig3,pre_cod_asig4,pre_cod_asig5,pre_cod_asig6,pre_cod_asig7 FROM tblaca009 WHERE pensum='5' AND c_uni_ca='3' AND c_asigna='300422' [1][0] OK
C:[29/10/2012 14:25:40.75][172.16.8.250][1355] SELECT c_asigna FROM dace004 WHERE exp_e='11-21251117' AND c_asigna='300105' AND status IN ('0','3','B') [1][0] OK
C:[29/10/2012 14:25:40.75][172.16.8.250][1355] SELECT c_asigna FROM dace004 WHERE exp_e='11-21251117' AND c_asigna='300314' AND status IN ('0','3','B') [1][0] OK
C:[29/10/2012 14:25:40.75][172.16.8.250][1342] SELECT pre_cod_asig1,pre_cod_asig2,pre_cod_asig3,pre_cod_asig4,pre_cod_asig5,pre_cod_asig6,pre_cod_asig7 FROM tblaca009 WHERE pensum='5' AND c_uni_ca='3' AND c_asigna='310548' [1][0] OK
C:[29/10/2012 14:25:40.75][172.16.8.250][1355] SELECT c_asigna FROM dace004 WHERE exp_e='11-21251117' AND c_asigna='300428' AND status IN ('0','3','B') [1][0] OK
C:[29/10/2012 14:25:40.75][172.16.8.250][1355] SELECT c_asigna FROM dace004 WHERE exp_e='11-21251117' AND c_asigna='300313' AND status IN ('0','3','B') [1][0] OK
C:[29/10/2012 14:25:40.75][172.16.8.250][1355] SELECT c_asigna FROM dace004 WHERE exp_e='11-21251117' AND c_asigna='300222' AND status IN ('0','3','B') [1][0] OK
C:[29/10/2012 14:25:40.75][172.16.8.250][1355] SELECT c_asigna FROM dace004 WHERE exp_e='11-21251117' AND c_asigna='300226' AND status IN ('0','3','B') [1][0] OK
C:[29/10/2012 14:25:40.75][172.16.8.250][1355] SELECT c_asigna FROM dace004 WHERE exp_e='11-21251117' AND c_asigna='300209' AND status IN ('0','3','B') [1][0] OK
C:[29/10/2012 14:25:40.75][172.16.8.250][1342] SELECT pre_cod_asig1,pre_cod_asig2,pre_cod_asig3,pre_cod_asig4,pre_cod_asig5,pre_cod_asig6,pre_cod_asig7 FROM tblaca009 WHERE pensum='5' AND c_uni_ca='3' AND c_asigna='311551' [1][0] OK
C:[29/10/2012 14:25:40.75][172.16.8.250][1355] SELECT c_asigna FROM dace004 WHERE exp_e='11-21251117' AND c_asigna='311430' AND status IN ('0','3','B') [1][0] OK
C:[29/10/2012 14:25:40.75][172.16.8.250][1355] SELECT c_asigna FROM dace004 WHERE exp_e='11-21251117' AND c_asigna='311431' AND status IN ('0','3','B') [1][0] OK
C:[29/10/2012 14:25:40.75][172.16.8.250][1355] SELECT c_asigna FROM dace004 WHERE exp_e='11-21251117' AND c_asigna='300222' AND status IN ('0','3','B') [1][0] OK
C:[29/10/2012 14:25:40.75][172.16.8.250][1355] SELECT c_asigna FROM dace004 WHERE exp_e='11-21251117' AND c_asigna='300226' AND status IN ('0','3','B') [1][0] OK
C:[29/10/2012 14:25:40.75][172.16.8.250][1355] SELECT c_asigna FROM dace004 WHERE exp_e='11-21251117' AND c_asigna='300209' AND status IN ('0','3','B') [1][0] OK
C:[29/10/2012 14:25:40.75][172.16.8.250][1355] SELECT c_asigna FROM dace004 WHERE exp_e='11-21251117' AND c_asigna='311320' AND status IN ('0','3','B') [1][0] OK
C:[29/10/2012 14:25:40.75][172.16.8.250][1342] SELECT pre_cod_asig1,pre_cod_asig2,pre_cod_asig3,pre_cod_asig4,pre_cod_asig5,pre_cod_asig6,pre_cod_asig7 FROM tblaca009 WHERE pensum='5' AND c_uni_ca='3' AND c_asigna='311554' [1][0] OK
C:[29/10/2012 14:25:40.75][172.16.8.250][1355] SELECT c_asigna FROM dace004 WHERE exp_e='11-21251117' AND c_asigna='300318' AND status IN ('0','3','B') [1][0] OK
C:[29/10/2012 14:25:40.75][172.16.8.250][1355] SELECT c_asigna FROM dace004 WHERE exp_e='11-21251117' AND c_asigna='300428' AND status IN ('0','3','B') [1][0] OK
C:[29/10/2012 14:25:40.75][172.16.8.250][1342] SELECT pre_cod_asig1,pre_cod_asig2,pre_cod_asig3,pre_cod_asig4,pre_cod_asig5,pre_cod_asig6,pre_cod_asig7 FROM tblaca009 WHERE pensum='5' AND c_uni_ca='3' AND c_asigna='311556' [1][0] OK
C:[29/10/2012 14:25:40.75][172.16.8.250][1355] SELECT c_asigna FROM dace004 WHERE exp_e='11-21251117' AND c_asigna='311434' AND status IN ('0','3','B') [1][0] OK
C:[29/10/2012 14:25:40.75][172.16.8.250][1355] SELECT c_asigna FROM dace004 WHERE exp_e='11-21251117' AND c_asigna='300222' AND status IN ('0','3','B') [1][0] OK
C:[29/10/2012 14:25:40.75][172.16.8.250][1355] SELECT c_asigna FROM dace004 WHERE exp_e='11-21251117' AND c_asigna='300226' AND status IN ('0','3','B') [1][0] OK
C:[29/10/2012 14:25:40.75][172.16.8.250][1355] SELECT c_asigna FROM dace004 WHERE exp_e='11-21251117' AND c_asigna='300209' AND status IN ('0','3','B') [1][0] OK
C:[29/10/2012 14:25:40.75][172.16.8.250][1342] SELECT pre_cod_asig1,pre_cod_asig2,pre_cod_asig3,pre_cod_asig4,pre_cod_asig5,pre_cod_asig6,pre_cod_asig7 FROM tblaca009 WHERE pensum='5' AND c_uni_ca='3' AND c_asigna='312444' [1][0] OK
C:[29/10/2012 14:25:40.75][172.16.8.250][1355] SELECT c_asigna FROM dace004 WHERE exp_e='11-21251117' AND c_asigna='312333' AND status IN ('0','3','B') [1][0] OK
C:[29/10/2012 14:25:40.75][172.16.8.250][1342] SELECT pre_cod_asig1,pre_cod_asig2,pre_cod_asig3,pre_cod_asig4,pre_cod_asig5,pre_cod_asig6,pre_cod_asig7 FROM tblaca009 WHERE pensum='5' AND c_uni_ca='3' AND c_asigna='314662' [1][0] OK
C:[29/10/2012 14:25:40.75][172.16.8.250][1355] SELECT c_asigna FROM dace004 WHERE exp_e='11-21251117' AND c_asigna='311552' AND status IN ('0','3','B') [1][0] OK
C:[29/10/2012 14:25:40.75][172.16.8.250][1342] SELECT pre_cod_asig1,pre_cod_asig2,pre_cod_asig3,pre_cod_asig4,pre_cod_asig5,pre_cod_asig6,pre_cod_asig7 FROM tblaca009 WHERE pensum='5' AND c_uni_ca='3' AND c_asigna='315552' [1][0] OK
C:[29/10/2012 14:25:40.75][172.16.8.250][1355] SELECT c_asigna FROM dace004 WHERE exp_e='11-21251117' AND c_asigna='311430' AND status IN ('0','3','B') [1][0] OK
C:[29/10/2012 14:25:40.75][172.16.8.250][1355] SELECT c_asigna FROM dace004 WHERE exp_e='11-21251117' AND c_asigna='300222' AND status IN ('0','3','B') [1][0] OK
C:[29/10/2012 14:25:40.75][172.16.8.250][1355] SELECT c_asigna FROM dace004 WHERE exp_e='11-21251117' AND c_asigna='300226' AND status IN ('0','3','B') [1][0] OK
C:[29/10/2012 14:25:40.75][172.16.8.250][1355] SELECT c_asigna FROM dace004 WHERE exp_e='11-21251117' AND c_asigna='300209' AND status IN ('0','3','B') [1][0] OK
C:[29/10/2012 14:25:41.87][172.16.8.250][1386] SELECT par_cod_asig1,par_cod_asig2,par_cod_asig3 FROM tblaca009 WHERE pensum='5' AND c_uni_ca='3' AND c_asigna='300422' [1][0] OK
C:[29/10/2012 14:25:41.87][172.16.8.250][1386] SELECT par_cod_asig1,par_cod_asig2,par_cod_asig3 FROM tblaca009 WHERE pensum='5' AND c_uni_ca='3' AND c_asigna='310548' [1][0] OK
C:[29/10/2012 14:25:41.87][172.16.8.250][1386] SELECT par_cod_asig1,par_cod_asig2,par_cod_asig3 FROM tblaca009 WHERE pensum='5' AND c_uni_ca='3' AND c_asigna='311551' [1][0] OK
C:[29/10/2012 14:25:41.87][172.16.8.250][1386] SELECT par_cod_asig1,par_cod_asig2,par_cod_asig3 FROM tblaca009 WHERE pensum='5' AND c_uni_ca='3' AND c_asigna='311554' [1][0] OK
C:[29/10/2012 14:25:41.87][172.16.8.250][1386] SELECT par_cod_asig1,par_cod_asig2,par_cod_asig3 FROM tblaca009 WHERE pensum='5' AND c_uni_ca='3' AND c_asigna='311556' [1][0] OK
C:[29/10/2012 14:25:41.87][172.16.8.250][1400] SELECT c_asigna FROM dace004 WHERE exp_e='11-21251117' AND c_asigna='311551' AND status IN ('0','3','B','C') [0][0] OK
C:[29/10/2012 14:25:41.87][172.16.8.250][1386] SELECT par_cod_asig1,par_cod_asig2,par_cod_asig3 FROM tblaca009 WHERE pensum='5' AND c_uni_ca='3' AND c_asigna='312444' [1][0] OK
C:[29/10/2012 14:25:41.87][172.16.8.250][1386] SELECT par_cod_asig1,par_cod_asig2,par_cod_asig3 FROM tblaca009 WHERE pensum='5' AND c_uni_ca='3' AND c_asigna='314662' [1][0] OK
C:[29/10/2012 14:25:41.87][172.16.8.250][1386] SELECT par_cod_asig1,par_cod_asig2,par_cod_asig3 FROM tblaca009 WHERE pensum='5' AND c_uni_ca='3' AND c_asigna='315552' [1][0] OK
C:[29/10/2012 14:25:41.02][172.16.8.250][1516] SELECT horas_lab FROM tblaca008 WHERE c_asigna='300422' AND horas_teoricas > 0 [0][0] OK
C:[29/10/2012 14:25:41.12][172.16.8.250][1548] SELECT sum(u_creditos*1) FROM dace006 a, tblaca009 b WHERE a.exp_e='11-21251117' AND a.lapso='2012-2' AND b.pensum='5' AND b.c_uni_ca='3' AND status IN ('7','A','2') AND a.c_asigna=b.c_asigna  [1][0] OK
C:[29/10/2012 14:25:41.25][172.16.8.250][1567] SELECT sum(u_creditos*1) FROM dace006 a, tblaca009 b WHERE a.exp_e='11-21251117' AND a.lapso='2012-2' AND b.pensum='5' AND b.c_uni_ca='3' AND status IN ('7','A','2') AND a.c_asigna=b.c_asigna AND a.c_asigna IN ('310548','311551','311554','311556','312444','314662','315552') [1][0] OK
C:[29/10/2012 14:25:41.37][172.16.8.250][1583] SELECT MAX(semestre) FROM dace006 a, tblaca009 b WHERE a.exp_e='11-21251117' AND a.lapso='2012-2' AND b.pensum='5' AND b.c_uni_ca='3' AND status IN ('7','A','2') AND a.c_asigna=b.c_asigna  [1][0] OK
C:[29/10/2012 14:25:41.50][172.16.8.250][1604] SELECT MIN(semestre) FROM dace006 a, tblaca009 b WHERE a.exp_e='11-21251117' AND a.lapso='2012-2' AND b.pensum='5' AND b.c_uni_ca='3' AND status IN ('7','A','2') AND a.c_asigna=b.c_asigna AND a.c_asigna IN ('300422') [1][0] OK
C:[29/10/2012 14:26:59.08][172.16.8.250][1342] SELECT pre_cod_asig1,pre_cod_asig2,pre_cod_asig3,pre_cod_asig4,pre_cod_asig5,pre_cod_asig6,pre_cod_asig7 FROM tblaca009 WHERE pensum='5' AND c_uni_ca='3' AND c_asigna='300422' [1][0] OK
C:[29/10/2012 14:26:59.08][172.16.8.250][1355] SELECT c_asigna FROM dace004 WHERE exp_e='11-21251117' AND c_asigna='300105' AND status IN ('0','3','B') [1][0] OK
C:[29/10/2012 14:26:59.08][172.16.8.250][1355] SELECT c_asigna FROM dace004 WHERE exp_e='11-21251117' AND c_asigna='300314' AND status IN ('0','3','B') [1][0] OK
C:[29/10/2012 14:26:59.08][172.16.8.250][1342] SELECT pre_cod_asig1,pre_cod_asig2,pre_cod_asig3,pre_cod_asig4,pre_cod_asig5,pre_cod_asig6,pre_cod_asig7 FROM tblaca009 WHERE pensum='5' AND c_uni_ca='3' AND c_asigna='310548' [1][0] OK
C:[29/10/2012 14:26:59.08][172.16.8.250][1355] SELECT c_asigna FROM dace004 WHERE exp_e='11-21251117' AND c_asigna='300428' AND status IN ('0','3','B') [1][0] OK
C:[29/10/2012 14:26:59.08][172.16.8.250][1355] SELECT c_asigna FROM dace004 WHERE exp_e='11-21251117' AND c_asigna='300313' AND status IN ('0','3','B') [1][0] OK
C:[29/10/2012 14:26:59.08][172.16.8.250][1355] SELECT c_asigna FROM dace004 WHERE exp_e='11-21251117' AND c_asigna='300222' AND status IN ('0','3','B') [1][0] OK
C:[29/10/2012 14:26:59.08][172.16.8.250][1355] SELECT c_asigna FROM dace004 WHERE exp_e='11-21251117' AND c_asigna='300226' AND status IN ('0','3','B') [1][0] OK
C:[29/10/2012 14:26:59.08][172.16.8.250][1355] SELECT c_asigna FROM dace004 WHERE exp_e='11-21251117' AND c_asigna='300209' AND status IN ('0','3','B') [1][0] OK
C:[29/10/2012 14:26:59.08][172.16.8.250][1342] SELECT pre_cod_asig1,pre_cod_asig2,pre_cod_asig3,pre_cod_asig4,pre_cod_asig5,pre_cod_asig6,pre_cod_asig7 FROM tblaca009 WHERE pensum='5' AND c_uni_ca='3' AND c_asigna='311551' [1][0] OK
C:[29/10/2012 14:26:59.08][172.16.8.250][1355] SELECT c_asigna FROM dace004 WHERE exp_e='11-21251117' AND c_asigna='311430' AND status IN ('0','3','B') [1][0] OK
C:[29/10/2012 14:26:59.08][172.16.8.250][1355] SELECT c_asigna FROM dace004 WHERE exp_e='11-21251117' AND c_asigna='311431' AND status IN ('0','3','B') [1][0] OK
C:[29/10/2012 14:26:59.08][172.16.8.250][1355] SELECT c_asigna FROM dace004 WHERE exp_e='11-21251117' AND c_asigna='300222' AND status IN ('0','3','B') [1][0] OK
C:[29/10/2012 14:26:59.08][172.16.8.250][1355] SELECT c_asigna FROM dace004 WHERE exp_e='11-21251117' AND c_asigna='300226' AND status IN ('0','3','B') [1][0] OK
C:[29/10/2012 14:26:59.08][172.16.8.250][1355] SELECT c_asigna FROM dace004 WHERE exp_e='11-21251117' AND c_asigna='300209' AND status IN ('0','3','B') [1][0] OK
C:[29/10/2012 14:26:59.08][172.16.8.250][1355] SELECT c_asigna FROM dace004 WHERE exp_e='11-21251117' AND c_asigna='311320' AND status IN ('0','3','B') [1][0] OK
C:[29/10/2012 14:26:59.08][172.16.8.250][1342] SELECT pre_cod_asig1,pre_cod_asig2,pre_cod_asig3,pre_cod_asig4,pre_cod_asig5,pre_cod_asig6,pre_cod_asig7 FROM tblaca009 WHERE pensum='5' AND c_uni_ca='3' AND c_asigna='311554' [1][0] OK
C:[29/10/2012 14:26:59.08][172.16.8.250][1355] SELECT c_asigna FROM dace004 WHERE exp_e='11-21251117' AND c_asigna='300318' AND status IN ('0','3','B') [1][0] OK
C:[29/10/2012 14:26:59.08][172.16.8.250][1355] SELECT c_asigna FROM dace004 WHERE exp_e='11-21251117' AND c_asigna='300428' AND status IN ('0','3','B') [1][0] OK
C:[29/10/2012 14:26:59.08][172.16.8.250][1342] SELECT pre_cod_asig1,pre_cod_asig2,pre_cod_asig3,pre_cod_asig4,pre_cod_asig5,pre_cod_asig6,pre_cod_asig7 FROM tblaca009 WHERE pensum='5' AND c_uni_ca='3' AND c_asigna='311556' [1][0] OK
C:[29/10/2012 14:26:59.08][172.16.8.250][1355] SELECT c_asigna FROM dace004 WHERE exp_e='11-21251117' AND c_asigna='311434' AND status IN ('0','3','B') [1][0] OK
C:[29/10/2012 14:26:59.08][172.16.8.250][1355] SELECT c_asigna FROM dace004 WHERE exp_e='11-21251117' AND c_asigna='300222' AND status IN ('0','3','B') [1][0] OK
C:[29/10/2012 14:26:59.08][172.16.8.250][1355] SELECT c_asigna FROM dace004 WHERE exp_e='11-21251117' AND c_asigna='300226' AND status IN ('0','3','B') [1][0] OK
C:[29/10/2012 14:26:59.08][172.16.8.250][1355] SELECT c_asigna FROM dace004 WHERE exp_e='11-21251117' AND c_asigna='300209' AND status IN ('0','3','B') [1][0] OK
C:[29/10/2012 14:26:59.08][172.16.8.250][1342] SELECT pre_cod_asig1,pre_cod_asig2,pre_cod_asig3,pre_cod_asig4,pre_cod_asig5,pre_cod_asig6,pre_cod_asig7 FROM tblaca009 WHERE pensum='5' AND c_uni_ca='3' AND c_asigna='312444' [1][0] OK
C:[29/10/2012 14:26:59.08][172.16.8.250][1355] SELECT c_asigna FROM dace004 WHERE exp_e='11-21251117' AND c_asigna='312333' AND status IN ('0','3','B') [1][0] OK
C:[29/10/2012 14:26:59.08][172.16.8.250][1342] SELECT pre_cod_asig1,pre_cod_asig2,pre_cod_asig3,pre_cod_asig4,pre_cod_asig5,pre_cod_asig6,pre_cod_asig7 FROM tblaca009 WHERE pensum='5' AND c_uni_ca='3' AND c_asigna='314662' [1][0] OK
C:[29/10/2012 14:26:59.08][172.16.8.250][1355] SELECT c_asigna FROM dace004 WHERE exp_e='11-21251117' AND c_asigna='311552' AND status IN ('0','3','B') [1][0] OK
C:[29/10/2012 14:26:59.08][172.16.8.250][1342] SELECT pre_cod_asig1,pre_cod_asig2,pre_cod_asig3,pre_cod_asig4,pre_cod_asig5,pre_cod_asig6,pre_cod_asig7 FROM tblaca009 WHERE pensum='5' AND c_uni_ca='3' AND c_asigna='315552' [1][0] OK
C:[29/10/2012 14:26:59.08][172.16.8.250][1355] SELECT c_asigna FROM dace004 WHERE exp_e='11-21251117' AND c_asigna='311430' AND status IN ('0','3','B') [1][0] OK
C:[29/10/2012 14:26:59.08][172.16.8.250][1355] SELECT c_asigna FROM dace004 WHERE exp_e='11-21251117' AND c_asigna='300222' AND status IN ('0','3','B') [1][0] OK
C:[29/10/2012 14:26:59.08][172.16.8.250][1355] SELECT c_asigna FROM dace004 WHERE exp_e='11-21251117' AND c_asigna='300226' AND status IN ('0','3','B') [1][0] OK
C:[29/10/2012 14:26:59.08][172.16.8.250][1355] SELECT c_asigna FROM dace004 WHERE exp_e='11-21251117' AND c_asigna='300209' AND status IN ('0','3','B') [1][0] OK
C:[29/10/2012 14:27:00.21][172.16.8.250][1386] SELECT par_cod_asig1,par_cod_asig2,par_cod_asig3 FROM tblaca009 WHERE pensum='5' AND c_uni_ca='3' AND c_asigna='300422' [1][0] OK
C:[29/10/2012 14:27:00.21][172.16.8.250][1386] SELECT par_cod_asig1,par_cod_asig2,par_cod_asig3 FROM tblaca009 WHERE pensum='5' AND c_uni_ca='3' AND c_asigna='310548' [1][0] OK
C:[29/10/2012 14:27:00.21][172.16.8.250][1386] SELECT par_cod_asig1,par_cod_asig2,par_cod_asig3 FROM tblaca009 WHERE pensum='5' AND c_uni_ca='3' AND c_asigna='311551' [1][0] OK
C:[29/10/2012 14:27:00.21][172.16.8.250][1386] SELECT par_cod_asig1,par_cod_asig2,par_cod_asig3 FROM tblaca009 WHERE pensum='5' AND c_uni_ca='3' AND c_asigna='311554' [1][0] OK
C:[29/10/2012 14:27:00.21][172.16.8.250][1386] SELECT par_cod_asig1,par_cod_asig2,par_cod_asig3 FROM tblaca009 WHERE pensum='5' AND c_uni_ca='3' AND c_asigna='311556' [1][0] OK
C:[29/10/2012 14:27:00.21][172.16.8.250][1400] SELECT c_asigna FROM dace004 WHERE exp_e='11-21251117' AND c_asigna='311551' AND status IN ('0','3','B','C') [0][0] OK
C:[29/10/2012 14:27:00.21][172.16.8.250][1386] SELECT par_cod_asig1,par_cod_asig2,par_cod_asig3 FROM tblaca009 WHERE pensum='5' AND c_uni_ca='3' AND c_asigna='312444' [1][0] OK
C:[29/10/2012 14:27:00.21][172.16.8.250][1386] SELECT par_cod_asig1,par_cod_asig2,par_cod_asig3 FROM tblaca009 WHERE pensum='5' AND c_uni_ca='3' AND c_asigna='314662' [1][0] OK
C:[29/10/2012 14:27:00.21][172.16.8.250][1386] SELECT par_cod_asig1,par_cod_asig2,par_cod_asig3 FROM tblaca009 WHERE pensum='5' AND c_uni_ca='3' AND c_asigna='315552' [1][0] OK
C:[29/10/2012 14:27:01.34][172.16.8.250][1516] SELECT horas_lab FROM tblaca008 WHERE c_asigna='300422' AND horas_teoricas > 0 [0][0] OK
C:[29/10/2012 14:27:01.46][172.16.8.250][1548] SELECT sum(u_creditos*1) FROM dace006 a, tblaca009 b WHERE a.exp_e='11-21251117' AND a.lapso='2012-2' AND b.pensum='5' AND b.c_uni_ca='3' AND status IN ('7','A','2') AND a.c_asigna=b.c_asigna  [1][0] OK
C:[29/10/2012 14:27:01.58][172.16.8.250][1567] SELECT sum(u_creditos*1) FROM dace006 a, tblaca009 b WHERE a.exp_e='11-21251117' AND a.lapso='2012-2' AND b.pensum='5' AND b.c_uni_ca='3' AND status IN ('7','A','2') AND a.c_asigna=b.c_asigna AND a.c_asigna IN ('310548','311551','311554','311556','312444','314662','315552') [1][0] OK
C:[29/10/2012 14:27:01.71][172.16.8.250][1583] SELECT MAX(semestre) FROM dace006 a, tblaca009 b WHERE a.exp_e='11-21251117' AND a.lapso='2012-2' AND b.pensum='5' AND b.c_uni_ca='3' AND status IN ('7','A','2') AND a.c_asigna=b.c_asigna  [1][0] OK
C:[29/10/2012 14:27:01.83][172.16.8.250][1606] SELECT MIN(semestre) FROM dace006 a, tblaca009 b WHERE a.exp_e='11-21251117' AND a.lapso='2012-2' AND b.pensum='5' AND b.c_uni_ca='3' AND status IN ('7','A','2') AND a.c_asigna=b.c_asigna AND a.c_asigna IN ('300422') [1][0] OK
C:[29/10/2012 14:27:46.53][172.16.8.250][1342] SELECT pre_cod_asig1,pre_cod_asig2,pre_cod_asig3,pre_cod_asig4,pre_cod_asig5,pre_cod_asig6,pre_cod_asig7 FROM tblaca009 WHERE pensum='5' AND c_uni_ca='3' AND c_asigna='300422' [1][0] OK
C:[29/10/2012 14:27:46.53][172.16.8.250][1355] SELECT c_asigna FROM dace004 WHERE exp_e='11-21251117' AND c_asigna='300105' AND status IN ('0','3','B') [1][0] OK
C:[29/10/2012 14:27:46.53][172.16.8.250][1355] SELECT c_asigna FROM dace004 WHERE exp_e='11-21251117' AND c_asigna='300314' AND status IN ('0','3','B') [1][0] OK
C:[29/10/2012 14:27:46.53][172.16.8.250][1342] SELECT pre_cod_asig1,pre_cod_asig2,pre_cod_asig3,pre_cod_asig4,pre_cod_asig5,pre_cod_asig6,pre_cod_asig7 FROM tblaca009 WHERE pensum='5' AND c_uni_ca='3' AND c_asigna='310548' [1][0] OK
C:[29/10/2012 14:27:46.53][172.16.8.250][1355] SELECT c_asigna FROM dace004 WHERE exp_e='11-21251117' AND c_asigna='300428' AND status IN ('0','3','B') [1][0] OK
C:[29/10/2012 14:27:46.53][172.16.8.250][1355] SELECT c_asigna FROM dace004 WHERE exp_e='11-21251117' AND c_asigna='300313' AND status IN ('0','3','B') [1][0] OK
C:[29/10/2012 14:27:46.53][172.16.8.250][1355] SELECT c_asigna FROM dace004 WHERE exp_e='11-21251117' AND c_asigna='300222' AND status IN ('0','3','B') [1][0] OK
C:[29/10/2012 14:27:46.53][172.16.8.250][1355] SELECT c_asigna FROM dace004 WHERE exp_e='11-21251117' AND c_asigna='300226' AND status IN ('0','3','B') [1][0] OK
C:[29/10/2012 14:27:46.53][172.16.8.250][1355] SELECT c_asigna FROM dace004 WHERE exp_e='11-21251117' AND c_asigna='300209' AND status IN ('0','3','B') [1][0] OK
C:[29/10/2012 14:27:46.53][172.16.8.250][1342] SELECT pre_cod_asig1,pre_cod_asig2,pre_cod_asig3,pre_cod_asig4,pre_cod_asig5,pre_cod_asig6,pre_cod_asig7 FROM tblaca009 WHERE pensum='5' AND c_uni_ca='3' AND c_asigna='311551' [1][0] OK
C:[29/10/2012 14:27:46.53][172.16.8.250][1355] SELECT c_asigna FROM dace004 WHERE exp_e='11-21251117' AND c_asigna='311430' AND status IN ('0','3','B') [1][0] OK
C:[29/10/2012 14:27:46.53][172.16.8.250][1355] SELECT c_asigna FROM dace004 WHERE exp_e='11-21251117' AND c_asigna='311431' AND status IN ('0','3','B') [1][0] OK
C:[29/10/2012 14:27:46.53][172.16.8.250][1355] SELECT c_asigna FROM dace004 WHERE exp_e='11-21251117' AND c_asigna='300222' AND status IN ('0','3','B') [1][0] OK
C:[29/10/2012 14:27:46.53][172.16.8.250][1355] SELECT c_asigna FROM dace004 WHERE exp_e='11-21251117' AND c_asigna='300226' AND status IN ('0','3','B') [1][0] OK
C:[29/10/2012 14:27:46.53][172.16.8.250][1355] SELECT c_asigna FROM dace004 WHERE exp_e='11-21251117' AND c_asigna='300209' AND status IN ('0','3','B') [1][0] OK
C:[29/10/2012 14:27:46.53][172.16.8.250][1355] SELECT c_asigna FROM dace004 WHERE exp_e='11-21251117' AND c_asigna='311320' AND status IN ('0','3','B') [1][0] OK
C:[29/10/2012 14:27:46.53][172.16.8.250][1342] SELECT pre_cod_asig1,pre_cod_asig2,pre_cod_asig3,pre_cod_asig4,pre_cod_asig5,pre_cod_asig6,pre_cod_asig7 FROM tblaca009 WHERE pensum='5' AND c_uni_ca='3' AND c_asigna='311554' [1][0] OK
C:[29/10/2012 14:27:46.53][172.16.8.250][1355] SELECT c_asigna FROM dace004 WHERE exp_e='11-21251117' AND c_asigna='300318' AND status IN ('0','3','B') [1][0] OK
C:[29/10/2012 14:27:46.53][172.16.8.250][1355] SELECT c_asigna FROM dace004 WHERE exp_e='11-21251117' AND c_asigna='300428' AND status IN ('0','3','B') [1][0] OK
C:[29/10/2012 14:27:46.53][172.16.8.250][1342] SELECT pre_cod_asig1,pre_cod_asig2,pre_cod_asig3,pre_cod_asig4,pre_cod_asig5,pre_cod_asig6,pre_cod_asig7 FROM tblaca009 WHERE pensum='5' AND c_uni_ca='3' AND c_asigna='311556' [1][0] OK
C:[29/10/2012 14:27:46.53][172.16.8.250][1355] SELECT c_asigna FROM dace004 WHERE exp_e='11-21251117' AND c_asigna='311434' AND status IN ('0','3','B') [1][0] OK
C:[29/10/2012 14:27:46.53][172.16.8.250][1355] SELECT c_asigna FROM dace004 WHERE exp_e='11-21251117' AND c_asigna='300222' AND status IN ('0','3','B') [1][0] OK
C:[29/10/2012 14:27:46.53][172.16.8.250][1355] SELECT c_asigna FROM dace004 WHERE exp_e='11-21251117' AND c_asigna='300226' AND status IN ('0','3','B') [1][0] OK
C:[29/10/2012 14:27:46.53][172.16.8.250][1355] SELECT c_asigna FROM dace004 WHERE exp_e='11-21251117' AND c_asigna='300209' AND status IN ('0','3','B') [1][0] OK
C:[29/10/2012 14:27:46.53][172.16.8.250][1342] SELECT pre_cod_asig1,pre_cod_asig2,pre_cod_asig3,pre_cod_asig4,pre_cod_asig5,pre_cod_asig6,pre_cod_asig7 FROM tblaca009 WHERE pensum='5' AND c_uni_ca='3' AND c_asigna='312444' [1][0] OK
C:[29/10/2012 14:27:46.53][172.16.8.250][1355] SELECT c_asigna FROM dace004 WHERE exp_e='11-21251117' AND c_asigna='312333' AND status IN ('0','3','B') [1][0] OK
C:[29/10/2012 14:27:46.53][172.16.8.250][1342] SELECT pre_cod_asig1,pre_cod_asig2,pre_cod_asig3,pre_cod_asig4,pre_cod_asig5,pre_cod_asig6,pre_cod_asig7 FROM tblaca009 WHERE pensum='5' AND c_uni_ca='3' AND c_asigna='314662' [1][0] OK
C:[29/10/2012 14:27:46.53][172.16.8.250][1355] SELECT c_asigna FROM dace004 WHERE exp_e='11-21251117' AND c_asigna='311552' AND status IN ('0','3','B') [1][0] OK
C:[29/10/2012 14:27:46.53][172.16.8.250][1342] SELECT pre_cod_asig1,pre_cod_asig2,pre_cod_asig3,pre_cod_asig4,pre_cod_asig5,pre_cod_asig6,pre_cod_asig7 FROM tblaca009 WHERE pensum='5' AND c_uni_ca='3' AND c_asigna='315552' [1][0] OK
C:[29/10/2012 14:27:46.53][172.16.8.250][1355] SELECT c_asigna FROM dace004 WHERE exp_e='11-21251117' AND c_asigna='311430' AND status IN ('0','3','B') [1][0] OK
C:[29/10/2012 14:27:46.53][172.16.8.250][1355] SELECT c_asigna FROM dace004 WHERE exp_e='11-21251117' AND c_asigna='300222' AND status IN ('0','3','B') [1][0] OK
C:[29/10/2012 14:27:46.53][172.16.8.250][1355] SELECT c_asigna FROM dace004 WHERE exp_e='11-21251117' AND c_asigna='300226' AND status IN ('0','3','B') [1][0] OK
C:[29/10/2012 14:27:46.53][172.16.8.250][1355] SELECT c_asigna FROM dace004 WHERE exp_e='11-21251117' AND c_asigna='300209' AND status IN ('0','3','B') [1][0] OK
C:[29/10/2012 14:27:47.66][172.16.8.250][1386] SELECT par_cod_asig1,par_cod_asig2,par_cod_asig3 FROM tblaca009 WHERE pensum='5' AND c_uni_ca='3' AND c_asigna='300422' [1][0] OK
C:[29/10/2012 14:27:47.66][172.16.8.250][1386] SELECT par_cod_asig1,par_cod_asig2,par_cod_asig3 FROM tblaca009 WHERE pensum='5' AND c_uni_ca='3' AND c_asigna='310548' [1][0] OK
C:[29/10/2012 14:27:47.66][172.16.8.250][1386] SELECT par_cod_asig1,par_cod_asig2,par_cod_asig3 FROM tblaca009 WHERE pensum='5' AND c_uni_ca='3' AND c_asigna='311551' [1][0] OK
C:[29/10/2012 14:27:47.66][172.16.8.250][1386] SELECT par_cod_asig1,par_cod_asig2,par_cod_asig3 FROM tblaca009 WHERE pensum='5' AND c_uni_ca='3' AND c_asigna='311554' [1][0] OK
C:[29/10/2012 14:27:47.66][172.16.8.250][1386] SELECT par_cod_asig1,par_cod_asig2,par_cod_asig3 FROM tblaca009 WHERE pensum='5' AND c_uni_ca='3' AND c_asigna='311556' [1][0] OK
C:[29/10/2012 14:27:47.66][172.16.8.250][1400] SELECT c_asigna FROM dace004 WHERE exp_e='11-21251117' AND c_asigna='311551' AND status IN ('0','3','B','C') [0][0] OK
C:[29/10/2012 14:27:47.66][172.16.8.250][1386] SELECT par_cod_asig1,par_cod_asig2,par_cod_asig3 FROM tblaca009 WHERE pensum='5' AND c_uni_ca='3' AND c_asigna='312444' [1][0] OK
C:[29/10/2012 14:27:47.66][172.16.8.250][1386] SELECT par_cod_asig1,par_cod_asig2,par_cod_asig3 FROM tblaca009 WHERE pensum='5' AND c_uni_ca='3' AND c_asigna='314662' [1][0] OK
C:[29/10/2012 14:27:47.66][172.16.8.250][1386] SELECT par_cod_asig1,par_cod_asig2,par_cod_asig3 FROM tblaca009 WHERE pensum='5' AND c_uni_ca='3' AND c_asigna='315552' [1][0] OK
C:[29/10/2012 14:27:47.80][172.16.8.250][1516] SELECT horas_lab FROM tblaca008 WHERE c_asigna='300422' AND horas_teoricas > 0 [0][0] OK
C:[29/10/2012 14:27:47.91][172.16.8.250][1548] SELECT sum(u_creditos*1) FROM dace006 a, tblaca009 b WHERE a.exp_e='11-21251117' AND a.lapso='2012-2' AND b.pensum='5' AND b.c_uni_ca='3' AND status IN ('7','A','2') AND a.c_asigna=b.c_asigna  [1][0] OK
C:[29/10/2012 14:27:47.03][172.16.8.250][1567] SELECT sum(u_creditos*1) FROM dace006 a, tblaca009 b WHERE a.exp_e='11-21251117' AND a.lapso='2012-2' AND b.pensum='5' AND b.c_uni_ca='3' AND status IN ('7','A','2') AND a.c_asigna=b.c_asigna AND a.c_asigna IN ('310548','311551','311554','311556','312444','314662','315552') [1][0] OK
C:[29/10/2012 14:27:47.16][172.16.8.250][1583] SELECT MAX(semestre) FROM dace006 a, tblaca009 b WHERE a.exp_e='11-21251117' AND a.lapso='2012-2' AND b.pensum='5' AND b.c_uni_ca='3' AND status IN ('7','A','2') AND a.c_asigna=b.c_asigna  [1][0] OK
C:[29/10/2012 14:27:47.29][172.16.8.250][1606] SELECT MIN(semestre) FROM dace006 a, tblaca009 b WHERE a.exp_e='11-21251117' AND a.lapso='2012-2' AND b.pensum='5' AND b.c_uni_ca='3' AND status IN ('7','A','2') AND a.c_asigna=b.c_asigna AND a.c_asigna IN ('300422') [1][0] OK
C:[29/10/2012 14:30:23.48][172.16.8.250][1342] SELECT pre_cod_asig1,pre_cod_asig2,pre_cod_asig3,pre_cod_asig4,pre_cod_asig5,pre_cod_asig6,pre_cod_asig7 FROM tblaca009 WHERE pensum='5' AND c_uni_ca='3' AND c_asigna='300422' [1][0] OK
C:[29/10/2012 14:30:23.48][172.16.8.250][1355] SELECT c_asigna FROM dace004 WHERE exp_e='11-21251117' AND c_asigna='300105' AND status IN ('0','3','B') [1][0] OK
C:[29/10/2012 14:30:23.48][172.16.8.250][1355] SELECT c_asigna FROM dace004 WHERE exp_e='11-21251117' AND c_asigna='300314' AND status IN ('0','3','B') [1][0] OK
C:[29/10/2012 14:30:23.48][172.16.8.250][1342] SELECT pre_cod_asig1,pre_cod_asig2,pre_cod_asig3,pre_cod_asig4,pre_cod_asig5,pre_cod_asig6,pre_cod_asig7 FROM tblaca009 WHERE pensum='5' AND c_uni_ca='3' AND c_asigna='310548' [1][0] OK
C:[29/10/2012 14:30:23.48][172.16.8.250][1355] SELECT c_asigna FROM dace004 WHERE exp_e='11-21251117' AND c_asigna='300428' AND status IN ('0','3','B') [1][0] OK
C:[29/10/2012 14:30:23.48][172.16.8.250][1355] SELECT c_asigna FROM dace004 WHERE exp_e='11-21251117' AND c_asigna='300313' AND status IN ('0','3','B') [1][0] OK
C:[29/10/2012 14:30:23.48][172.16.8.250][1355] SELECT c_asigna FROM dace004 WHERE exp_e='11-21251117' AND c_asigna='300222' AND status IN ('0','3','B') [1][0] OK
C:[29/10/2012 14:30:23.48][172.16.8.250][1355] SELECT c_asigna FROM dace004 WHERE exp_e='11-21251117' AND c_asigna='300226' AND status IN ('0','3','B') [1][0] OK
C:[29/10/2012 14:30:23.48][172.16.8.250][1355] SELECT c_asigna FROM dace004 WHERE exp_e='11-21251117' AND c_asigna='300209' AND status IN ('0','3','B') [1][0] OK
C:[29/10/2012 14:30:23.48][172.16.8.250][1342] SELECT pre_cod_asig1,pre_cod_asig2,pre_cod_asig3,pre_cod_asig4,pre_cod_asig5,pre_cod_asig6,pre_cod_asig7 FROM tblaca009 WHERE pensum='5' AND c_uni_ca='3' AND c_asigna='311551' [1][0] OK
C:[29/10/2012 14:30:23.48][172.16.8.250][1355] SELECT c_asigna FROM dace004 WHERE exp_e='11-21251117' AND c_asigna='311430' AND status IN ('0','3','B') [1][0] OK
C:[29/10/2012 14:30:23.48][172.16.8.250][1355] SELECT c_asigna FROM dace004 WHERE exp_e='11-21251117' AND c_asigna='311431' AND status IN ('0','3','B') [1][0] OK
C:[29/10/2012 14:30:23.48][172.16.8.250][1355] SELECT c_asigna FROM dace004 WHERE exp_e='11-21251117' AND c_asigna='300222' AND status IN ('0','3','B') [1][0] OK
C:[29/10/2012 14:30:23.48][172.16.8.250][1355] SELECT c_asigna FROM dace004 WHERE exp_e='11-21251117' AND c_asigna='300226' AND status IN ('0','3','B') [1][0] OK
C:[29/10/2012 14:30:23.48][172.16.8.250][1355] SELECT c_asigna FROM dace004 WHERE exp_e='11-21251117' AND c_asigna='300209' AND status IN ('0','3','B') [1][0] OK
C:[29/10/2012 14:30:23.48][172.16.8.250][1355] SELECT c_asigna FROM dace004 WHERE exp_e='11-21251117' AND c_asigna='311320' AND status IN ('0','3','B') [1][0] OK
C:[29/10/2012 14:30:23.48][172.16.8.250][1342] SELECT pre_cod_asig1,pre_cod_asig2,pre_cod_asig3,pre_cod_asig4,pre_cod_asig5,pre_cod_asig6,pre_cod_asig7 FROM tblaca009 WHERE pensum='5' AND c_uni_ca='3' AND c_asigna='311554' [1][0] OK
C:[29/10/2012 14:30:23.48][172.16.8.250][1355] SELECT c_asigna FROM dace004 WHERE exp_e='11-21251117' AND c_asigna='300318' AND status IN ('0','3','B') [1][0] OK
C:[29/10/2012 14:30:23.48][172.16.8.250][1355] SELECT c_asigna FROM dace004 WHERE exp_e='11-21251117' AND c_asigna='300428' AND status IN ('0','3','B') [1][0] OK
C:[29/10/2012 14:30:23.48][172.16.8.250][1342] SELECT pre_cod_asig1,pre_cod_asig2,pre_cod_asig3,pre_cod_asig4,pre_cod_asig5,pre_cod_asig6,pre_cod_asig7 FROM tblaca009 WHERE pensum='5' AND c_uni_ca='3' AND c_asigna='311556' [1][0] OK
C:[29/10/2012 14:30:23.48][172.16.8.250][1355] SELECT c_asigna FROM dace004 WHERE exp_e='11-21251117' AND c_asigna='311434' AND status IN ('0','3','B') [1][0] OK
C:[29/10/2012 14:30:23.48][172.16.8.250][1355] SELECT c_asigna FROM dace004 WHERE exp_e='11-21251117' AND c_asigna='300222' AND status IN ('0','3','B') [1][0] OK
C:[29/10/2012 14:30:23.48][172.16.8.250][1355] SELECT c_asigna FROM dace004 WHERE exp_e='11-21251117' AND c_asigna='300226' AND status IN ('0','3','B') [1][0] OK
C:[29/10/2012 14:30:23.48][172.16.8.250][1355] SELECT c_asigna FROM dace004 WHERE exp_e='11-21251117' AND c_asigna='300209' AND status IN ('0','3','B') [1][0] OK
C:[29/10/2012 14:30:23.48][172.16.8.250][1342] SELECT pre_cod_asig1,pre_cod_asig2,pre_cod_asig3,pre_cod_asig4,pre_cod_asig5,pre_cod_asig6,pre_cod_asig7 FROM tblaca009 WHERE pensum='5' AND c_uni_ca='3' AND c_asigna='312444' [1][0] OK
C:[29/10/2012 14:30:23.48][172.16.8.250][1355] SELECT c_asigna FROM dace004 WHERE exp_e='11-21251117' AND c_asigna='312333' AND status IN ('0','3','B') [1][0] OK
C:[29/10/2012 14:30:23.48][172.16.8.250][1342] SELECT pre_cod_asig1,pre_cod_asig2,pre_cod_asig3,pre_cod_asig4,pre_cod_asig5,pre_cod_asig6,pre_cod_asig7 FROM tblaca009 WHERE pensum='5' AND c_uni_ca='3' AND c_asigna='314662' [1][0] OK
C:[29/10/2012 14:30:23.48][172.16.8.250][1355] SELECT c_asigna FROM dace004 WHERE exp_e='11-21251117' AND c_asigna='311552' AND status IN ('0','3','B') [1][0] OK
C:[29/10/2012 14:30:23.48][172.16.8.250][1342] SELECT pre_cod_asig1,pre_cod_asig2,pre_cod_asig3,pre_cod_asig4,pre_cod_asig5,pre_cod_asig6,pre_cod_asig7 FROM tblaca009 WHERE pensum='5' AND c_uni_ca='3' AND c_asigna='315552' [1][0] OK
C:[29/10/2012 14:30:23.48][172.16.8.250][1355] SELECT c_asigna FROM dace004 WHERE exp_e='11-21251117' AND c_asigna='311430' AND status IN ('0','3','B') [1][0] OK
C:[29/10/2012 14:30:23.48][172.16.8.250][1355] SELECT c_asigna FROM dace004 WHERE exp_e='11-21251117' AND c_asigna='300222' AND status IN ('0','3','B') [1][0] OK
C:[29/10/2012 14:30:23.48][172.16.8.250][1355] SELECT c_asigna FROM dace004 WHERE exp_e='11-21251117' AND c_asigna='300226' AND status IN ('0','3','B') [1][0] OK
C:[29/10/2012 14:30:23.48][172.16.8.250][1355] SELECT c_asigna FROM dace004 WHERE exp_e='11-21251117' AND c_asigna='300209' AND status IN ('0','3','B') [1][0] OK
C:[29/10/2012 14:30:24.61][172.16.8.250][1386] SELECT par_cod_asig1,par_cod_asig2,par_cod_asig3 FROM tblaca009 WHERE pensum='5' AND c_uni_ca='3' AND c_asigna='300422' [1][0] OK
C:[29/10/2012 14:30:24.61][172.16.8.250][1386] SELECT par_cod_asig1,par_cod_asig2,par_cod_asig3 FROM tblaca009 WHERE pensum='5' AND c_uni_ca='3' AND c_asigna='310548' [1][0] OK
C:[29/10/2012 14:30:24.61][172.16.8.250][1386] SELECT par_cod_asig1,par_cod_asig2,par_cod_asig3 FROM tblaca009 WHERE pensum='5' AND c_uni_ca='3' AND c_asigna='311551' [1][0] OK
C:[29/10/2012 14:30:24.61][172.16.8.250][1386] SELECT par_cod_asig1,par_cod_asig2,par_cod_asig3 FROM tblaca009 WHERE pensum='5' AND c_uni_ca='3' AND c_asigna='311554' [1][0] OK
C:[29/10/2012 14:30:24.61][172.16.8.250][1386] SELECT par_cod_asig1,par_cod_asig2,par_cod_asig3 FROM tblaca009 WHERE pensum='5' AND c_uni_ca='3' AND c_asigna='311556' [1][0] OK
C:[29/10/2012 14:30:24.61][172.16.8.250][1400] SELECT c_asigna FROM dace004 WHERE exp_e='11-21251117' AND c_asigna='311551' AND status IN ('0','3','B','C') [0][0] OK
C:[29/10/2012 14:30:24.61][172.16.8.250][1386] SELECT par_cod_asig1,par_cod_asig2,par_cod_asig3 FROM tblaca009 WHERE pensum='5' AND c_uni_ca='3' AND c_asigna='312444' [1][0] OK
C:[29/10/2012 14:30:24.61][172.16.8.250][1386] SELECT par_cod_asig1,par_cod_asig2,par_cod_asig3 FROM tblaca009 WHERE pensum='5' AND c_uni_ca='3' AND c_asigna='314662' [1][0] OK
C:[29/10/2012 14:30:24.61][172.16.8.250][1386] SELECT par_cod_asig1,par_cod_asig2,par_cod_asig3 FROM tblaca009 WHERE pensum='5' AND c_uni_ca='3' AND c_asigna='315552' [1][0] OK
C:[29/10/2012 14:30:24.75][172.16.8.250][1516] SELECT horas_lab FROM tblaca008 WHERE c_asigna='300422' AND horas_teoricas > 0 [0][0] OK
C:[29/10/2012 14:30:24.86][172.16.8.250][1548] SELECT sum(u_creditos*1) FROM dace006 a, tblaca009 b WHERE a.exp_e='11-21251117' AND a.lapso='2012-2' AND b.pensum='5' AND b.c_uni_ca='3' AND status IN ('7','A','2') AND a.c_asigna=b.c_asigna  [1][0] OK
C:[29/10/2012 14:30:24.98][172.16.8.250][1567] SELECT sum(u_creditos*1) FROM dace006 a, tblaca009 b WHERE a.exp_e='11-21251117' AND a.lapso='2012-2' AND b.pensum='5' AND b.c_uni_ca='3' AND status IN ('7','A','2') AND a.c_asigna=b.c_asigna AND a.c_asigna IN ('310548','311551','311554','311556','312444','314662','315552') [1][0] OK
C:[29/10/2012 14:30:24.11][172.16.8.250][1583] SELECT MAX(semestre) FROM dace006 a, tblaca009 b WHERE a.exp_e='11-21251117' AND a.lapso='2012-2' AND b.pensum='5' AND b.c_uni_ca='3' AND status IN ('7','A','2') AND a.c_asigna=b.c_asigna  [1][0] OK
C:[29/10/2012 14:30:24.24][172.16.8.250][1604] SELECT MIN(semestre) FROM dace006 a, tblaca009 b WHERE a.exp_e='11-21251117' AND a.lapso='2012-2' AND b.pensum='5' AND b.c_uni_ca='3' AND status IN ('7','A','2') AND a.c_asigna=b.c_asigna AND a.c_asigna IN ('300422') [1][0] OK
C:[29/10/2012 14:35:45.72][172.16.8.250][1342] SELECT pre_cod_asig1,pre_cod_asig2,pre_cod_asig3,pre_cod_asig4,pre_cod_asig5,pre_cod_asig6,pre_cod_asig7 FROM tblaca009 WHERE pensum='5' AND c_uni_ca='5' AND c_asigna='300226' [1][0] OK
C:[29/10/2012 14:35:45.72][172.16.8.250][1355] SELECT c_asigna FROM dace004 WHERE exp_e='09-20507433' AND c_asigna='300116' AND status IN ('0','3','B') [1][0] OK
C:[29/10/2012 14:35:45.72][172.16.8.250][1342] SELECT pre_cod_asig1,pre_cod_asig2,pre_cod_asig3,pre_cod_asig4,pre_cod_asig5,pre_cod_asig6,pre_cod_asig7 FROM tblaca009 WHERE pensum='5' AND c_uni_ca='5' AND c_asigna='300422' [1][0] OK
C:[29/10/2012 14:35:45.72][172.16.8.250][1355] SELECT c_asigna FROM dace004 WHERE exp_e='09-20507433' AND c_asigna='300105' AND status IN ('0','3','B') [1][0] OK
C:[29/10/2012 14:35:45.72][172.16.8.250][1355] SELECT c_asigna FROM dace004 WHERE exp_e='09-20507433' AND c_asigna='300314' AND status IN ('0','3','B') [1][0] OK
C:[29/10/2012 14:35:45.72][172.16.8.250][1342] SELECT pre_cod_asig1,pre_cod_asig2,pre_cod_asig3,pre_cod_asig4,pre_cod_asig5,pre_cod_asig6,pre_cod_asig7 FROM tblaca009 WHERE pensum='5' AND c_uni_ca='5' AND c_asigna='351451' [1][0] OK
C:[29/10/2012 14:35:45.72][172.16.8.250][1355] SELECT c_asigna FROM dace004 WHERE exp_e='09-20507433' AND c_asigna='351330' AND status IN ('0','3','B') [1][0] OK
C:[29/10/2012 14:35:45.72][172.16.8.250][1355] SELECT c_asigna FROM dace004 WHERE exp_e='09-20507433' AND c_asigna='355350' AND status IN ('0','3','B') [1][0] OK
C:[29/10/2012 14:35:45.72][172.16.8.250][1355] SELECT c_asigna FROM dace004 WHERE exp_e='09-20507433' AND c_asigna='300318' AND status IN ('0','3','B') [1][0] OK
C:[29/10/2012 14:35:45.72][172.16.8.250][1355] SELECT c_asigna FROM dace004 WHERE exp_e='09-20507433' AND c_asigna='300209' AND status IN ('0','3','B') [1][0] OK
C:[29/10/2012 14:35:45.72][172.16.8.250][1355] SELECT c_asigna FROM dace004 WHERE exp_e='09-20507433' AND c_asigna='300222' AND status IN ('0','3','B') [1][0] OK
C:[29/10/2012 14:35:45.72][172.16.8.250][1342] SELECT pre_cod_asig1,pre_cod_asig2,pre_cod_asig3,pre_cod_asig4,pre_cod_asig5,pre_cod_asig6,pre_cod_asig7 FROM tblaca009 WHERE pensum='5' AND c_uni_ca='5' AND c_asigna='352440' [1][0] OK
C:[29/10/2012 14:35:45.72][172.16.8.250][1355] SELECT c_asigna FROM dace004 WHERE exp_e='09-20507433' AND c_asigna='300317' AND status IN ('0','3','B') [1][0] OK
C:[29/10/2012 14:35:45.72][172.16.8.250][1355] SELECT c_asigna FROM dace004 WHERE exp_e='09-20507433' AND c_asigna='300013' AND status IN ('0','3','B') [1][0] OK
C:[29/10/2012 14:35:45.72][172.16.8.250][1355] SELECT c_asigna FROM dace004 WHERE exp_e='09-20507433' AND c_asigna='300113' AND status IN ('0','3','B') [1][0] OK
C:[29/10/2012 14:35:45.72][172.16.8.250][1342] SELECT pre_cod_asig1,pre_cod_asig2,pre_cod_asig3,pre_cod_asig4,pre_cod_asig5,pre_cod_asig6,pre_cod_asig7 FROM tblaca009 WHERE pensum='5' AND c_uni_ca='5' AND c_asigna='355570' [1][0] OK
C:[29/10/2012 14:35:45.72][172.16.8.250][1355] SELECT c_asigna FROM dace004 WHERE exp_e='09-20507433' AND c_asigna='355447' AND status IN ('0','3','B') [1][0] OK
C:[29/10/2012 14:35:45.72][172.16.8.250][1342] SELECT pre_cod_asig1,pre_cod_asig2,pre_cod_asig3,pre_cod_asig4,pre_cod_asig5,pre_cod_asig6,pre_cod_asig7 FROM tblaca009 WHERE pensum='5' AND c_uni_ca='5' AND c_asigna='355571' [1][0] OK
C:[29/10/2012 14:35:45.72][172.16.8.250][1355] SELECT c_asigna FROM dace004 WHERE exp_e='09-20507433' AND c_asigna='355447' AND status IN ('0','3','B') [1][0] OK
C:[29/10/2012 14:35:46.10][172.16.8.250][1386] SELECT par_cod_asig1,par_cod_asig2,par_cod_asig3 FROM tblaca009 WHERE pensum='5' AND c_uni_ca='5' AND c_asigna='300226' [1][0] OK
C:[29/10/2012 14:35:46.10][172.16.8.250][1386] SELECT par_cod_asig1,par_cod_asig2,par_cod_asig3 FROM tblaca009 WHERE pensum='5' AND c_uni_ca='5' AND c_asigna='300422' [1][0] OK
C:[29/10/2012 14:35:46.10][172.16.8.250][1386] SELECT par_cod_asig1,par_cod_asig2,par_cod_asig3 FROM tblaca009 WHERE pensum='5' AND c_uni_ca='5' AND c_asigna='351451' [1][0] OK
C:[29/10/2012 14:35:46.10][172.16.8.250][1386] SELECT par_cod_asig1,par_cod_asig2,par_cod_asig3 FROM tblaca009 WHERE pensum='5' AND c_uni_ca='5' AND c_asigna='352440' [1][0] OK
C:[29/10/2012 14:35:46.10][172.16.8.250][1386] SELECT par_cod_asig1,par_cod_asig2,par_cod_asig3 FROM tblaca009 WHERE pensum='5' AND c_uni_ca='5' AND c_asigna='355570' [1][0] OK
C:[29/10/2012 14:35:46.10][172.16.8.250][1386] SELECT par_cod_asig1,par_cod_asig2,par_cod_asig3 FROM tblaca009 WHERE pensum='5' AND c_uni_ca='5' AND c_asigna='355571' [1][0] OK
C:[29/10/2012 14:35:46.86][172.16.8.250][1516] SELECT horas_lab FROM tblaca008 WHERE c_asigna='300226' AND horas_teoricas > 0 [1][0] OK
C:[29/10/2012 14:35:46.97][172.16.8.250][1548] SELECT sum(u_creditos*1) FROM dace006 a, tblaca009 b WHERE a.exp_e='09-20507433' AND a.lapso='2012-2' AND b.pensum='5' AND b.c_uni_ca='5' AND status IN ('7','A','2') AND a.c_asigna=b.c_asigna  [1][0] OK
C:[29/10/2012 14:35:46.11][172.16.8.250][1567] SELECT sum(u_creditos*1) FROM dace006 a, tblaca009 b WHERE a.exp_e='09-20507433' AND a.lapso='2012-2' AND b.pensum='5' AND b.c_uni_ca='5' AND status IN ('7','A','2') AND a.c_asigna=b.c_asigna AND a.c_asigna IN ('300422','351451','352440','355570','355571') [1][0] OK
C:[29/10/2012 14:35:46.22][172.16.8.250][1583] SELECT MAX(semestre) FROM dace006 a, tblaca009 b WHERE a.exp_e='09-20507433' AND a.lapso='2012-2' AND b.pensum='5' AND b.c_uni_ca='5' AND status IN ('7','A','2') AND a.c_asigna=b.c_asigna  [1][0] OK
C:[29/10/2012 14:35:46.35][172.16.8.250][1604] SELECT MIN(semestre) FROM dace006 a, tblaca009 b WHERE a.exp_e='09-20507433' AND a.lapso='2012-2' AND b.pensum='5' AND b.c_uni_ca='5' AND status IN ('7','A','2') AND a.c_asigna=b.c_asigna AND a.c_asigna IN ('300226') [1][0] OK
C:[29/10/2012 14:35:59.48][172.16.8.250][1342] SELECT pre_cod_asig1,pre_cod_asig2,pre_cod_asig3,pre_cod_asig4,pre_cod_asig5,pre_cod_asig6,pre_cod_asig7 FROM tblaca009 WHERE pensum='5' AND c_uni_ca='5' AND c_asigna='300226' [1][0] OK
C:[29/10/2012 14:35:59.48][172.16.8.250][1355] SELECT c_asigna FROM dace004 WHERE exp_e='09-20507433' AND c_asigna='300116' AND status IN ('0','3','B') [1][0] OK
C:[29/10/2012 14:35:59.48][172.16.8.250][1342] SELECT pre_cod_asig1,pre_cod_asig2,pre_cod_asig3,pre_cod_asig4,pre_cod_asig5,pre_cod_asig6,pre_cod_asig7 FROM tblaca009 WHERE pensum='5' AND c_uni_ca='5' AND c_asigna='300422' [1][0] OK
C:[29/10/2012 14:35:59.48][172.16.8.250][1355] SELECT c_asigna FROM dace004 WHERE exp_e='09-20507433' AND c_asigna='300105' AND status IN ('0','3','B') [1][0] OK
C:[29/10/2012 14:35:59.48][172.16.8.250][1355] SELECT c_asigna FROM dace004 WHERE exp_e='09-20507433' AND c_asigna='300314' AND status IN ('0','3','B') [1][0] OK
C:[29/10/2012 14:35:59.48][172.16.8.250][1342] SELECT pre_cod_asig1,pre_cod_asig2,pre_cod_asig3,pre_cod_asig4,pre_cod_asig5,pre_cod_asig6,pre_cod_asig7 FROM tblaca009 WHERE pensum='5' AND c_uni_ca='5' AND c_asigna='351451' [1][0] OK
C:[29/10/2012 14:35:59.48][172.16.8.250][1355] SELECT c_asigna FROM dace004 WHERE exp_e='09-20507433' AND c_asigna='351330' AND status IN ('0','3','B') [1][0] OK
C:[29/10/2012 14:35:59.48][172.16.8.250][1355] SELECT c_asigna FROM dace004 WHERE exp_e='09-20507433' AND c_asigna='355350' AND status IN ('0','3','B') [1][0] OK
C:[29/10/2012 14:35:59.48][172.16.8.250][1355] SELECT c_asigna FROM dace004 WHERE exp_e='09-20507433' AND c_asigna='300318' AND status IN ('0','3','B') [1][0] OK
C:[29/10/2012 14:35:59.48][172.16.8.250][1355] SELECT c_asigna FROM dace004 WHERE exp_e='09-20507433' AND c_asigna='300209' AND status IN ('0','3','B') [1][0] OK
C:[29/10/2012 14:35:59.48][172.16.8.250][1355] SELECT c_asigna FROM dace004 WHERE exp_e='09-20507433' AND c_asigna='300222' AND status IN ('0','3','B') [1][0] OK
C:[29/10/2012 14:35:59.48][172.16.8.250][1342] SELECT pre_cod_asig1,pre_cod_asig2,pre_cod_asig3,pre_cod_asig4,pre_cod_asig5,pre_cod_asig6,pre_cod_asig7 FROM tblaca009 WHERE pensum='5' AND c_uni_ca='5' AND c_asigna='352440' [1][0] OK
C:[29/10/2012 14:35:59.48][172.16.8.250][1355] SELECT c_asigna FROM dace004 WHERE exp_e='09-20507433' AND c_asigna='300317' AND status IN ('0','3','B') [1][0] OK
C:[29/10/2012 14:35:59.48][172.16.8.250][1355] SELECT c_asigna FROM dace004 WHERE exp_e='09-20507433' AND c_asigna='300013' AND status IN ('0','3','B') [1][0] OK
C:[29/10/2012 14:35:59.48][172.16.8.250][1355] SELECT c_asigna FROM dace004 WHERE exp_e='09-20507433' AND c_asigna='300113' AND status IN ('0','3','B') [1][0] OK
C:[29/10/2012 14:35:59.48][172.16.8.250][1342] SELECT pre_cod_asig1,pre_cod_asig2,pre_cod_asig3,pre_cod_asig4,pre_cod_asig5,pre_cod_asig6,pre_cod_asig7 FROM tblaca009 WHERE pensum='5' AND c_uni_ca='5' AND c_asigna='355570' [1][0] OK
C:[29/10/2012 14:35:59.48][172.16.8.250][1355] SELECT c_asigna FROM dace004 WHERE exp_e='09-20507433' AND c_asigna='355447' AND status IN ('0','3','B') [1][0] OK
C:[29/10/2012 14:35:59.48][172.16.8.250][1342] SELECT pre_cod_asig1,pre_cod_asig2,pre_cod_asig3,pre_cod_asig4,pre_cod_asig5,pre_cod_asig6,pre_cod_asig7 FROM tblaca009 WHERE pensum='5' AND c_uni_ca='5' AND c_asigna='355571' [1][0] OK
C:[29/10/2012 14:35:59.48][172.16.8.250][1355] SELECT c_asigna FROM dace004 WHERE exp_e='09-20507433' AND c_asigna='355447' AND status IN ('0','3','B') [1][0] OK
C:[29/10/2012 14:36:00.87][172.16.8.250][1386] SELECT par_cod_asig1,par_cod_asig2,par_cod_asig3 FROM tblaca009 WHERE pensum='5' AND c_uni_ca='5' AND c_asigna='300226' [1][0] OK
C:[29/10/2012 14:36:00.87][172.16.8.250][1386] SELECT par_cod_asig1,par_cod_asig2,par_cod_asig3 FROM tblaca009 WHERE pensum='5' AND c_uni_ca='5' AND c_asigna='300422' [1][0] OK
C:[29/10/2012 14:36:00.87][172.16.8.250][1386] SELECT par_cod_asig1,par_cod_asig2,par_cod_asig3 FROM tblaca009 WHERE pensum='5' AND c_uni_ca='5' AND c_asigna='351451' [1][0] OK
C:[29/10/2012 14:36:00.87][172.16.8.250][1386] SELECT par_cod_asig1,par_cod_asig2,par_cod_asig3 FROM tblaca009 WHERE pensum='5' AND c_uni_ca='5' AND c_asigna='352440' [1][0] OK
C:[29/10/2012 14:36:00.87][172.16.8.250][1386] SELECT par_cod_asig1,par_cod_asig2,par_cod_asig3 FROM tblaca009 WHERE pensum='5' AND c_uni_ca='5' AND c_asigna='355570' [1][0] OK
C:[29/10/2012 14:36:00.87][172.16.8.250][1386] SELECT par_cod_asig1,par_cod_asig2,par_cod_asig3 FROM tblaca009 WHERE pensum='5' AND c_uni_ca='5' AND c_asigna='355571' [1][0] OK
C:[29/10/2012 14:36:00.62][172.16.8.250][1516] SELECT horas_lab FROM tblaca008 WHERE c_asigna='300226' AND horas_teoricas > 0 [1][0] OK
C:[29/10/2012 14:36:00.74][172.16.8.250][1548] SELECT sum(u_creditos*1) FROM dace006 a, tblaca009 b WHERE a.exp_e='09-20507433' AND a.lapso='2012-2' AND b.pensum='5' AND b.c_uni_ca='5' AND status IN ('7','A','2') AND a.c_asigna=b.c_asigna  [1][0] OK
C:[29/10/2012 14:36:00.86][172.16.8.250][1567] SELECT sum(u_creditos*1) FROM dace006 a, tblaca009 b WHERE a.exp_e='09-20507433' AND a.lapso='2012-2' AND b.pensum='5' AND b.c_uni_ca='5' AND status IN ('7','A','2') AND a.c_asigna=b.c_asigna AND a.c_asigna IN ('300422','351451','352440','355570','355571') [1][0] OK
C:[29/10/2012 14:36:00.99][172.16.8.250][1583] SELECT MAX(semestre) FROM dace006 a, tblaca009 b WHERE a.exp_e='09-20507433' AND a.lapso='2012-2' AND b.pensum='5' AND b.c_uni_ca='5' AND status IN ('7','A','2') AND a.c_asigna=b.c_asigna  [1][0] OK
C:[29/10/2012 14:36:00.11][172.16.8.250][1604] SELECT MIN(semestre) FROM dace006 a, tblaca009 b WHERE a.exp_e='09-20507433' AND a.lapso='2012-2' AND b.pensum='5' AND b.c_uni_ca='5' AND status IN ('7','A','2') AND a.c_asigna=b.c_asigna AND a.c_asigna IN ('300226') [1][0] OK
C:[29/10/2012 14:36:40.96][172.16.8.250][1342] SELECT pre_cod_asig1,pre_cod_asig2,pre_cod_asig3,pre_cod_asig4,pre_cod_asig5,pre_cod_asig6,pre_cod_asig7 FROM tblaca009 WHERE pensum='5' AND c_uni_ca='5' AND c_asigna='300226' [1][0] OK
C:[29/10/2012 14:36:40.96][172.16.8.250][1355] SELECT c_asigna FROM dace004 WHERE exp_e='09-20507433' AND c_asigna='300116' AND status IN ('0','3','B') [1][0] OK
C:[29/10/2012 14:36:40.96][172.16.8.250][1342] SELECT pre_cod_asig1,pre_cod_asig2,pre_cod_asig3,pre_cod_asig4,pre_cod_asig5,pre_cod_asig6,pre_cod_asig7 FROM tblaca009 WHERE pensum='5' AND c_uni_ca='5' AND c_asigna='300422' [1][0] OK
C:[29/10/2012 14:36:40.96][172.16.8.250][1355] SELECT c_asigna FROM dace004 WHERE exp_e='09-20507433' AND c_asigna='300105' AND status IN ('0','3','B') [1][0] OK
C:[29/10/2012 14:36:40.96][172.16.8.250][1355] SELECT c_asigna FROM dace004 WHERE exp_e='09-20507433' AND c_asigna='300314' AND status IN ('0','3','B') [1][0] OK
C:[29/10/2012 14:36:40.96][172.16.8.250][1342] SELECT pre_cod_asig1,pre_cod_asig2,pre_cod_asig3,pre_cod_asig4,pre_cod_asig5,pre_cod_asig6,pre_cod_asig7 FROM tblaca009 WHERE pensum='5' AND c_uni_ca='5' AND c_asigna='351451' [1][0] OK
C:[29/10/2012 14:36:40.96][172.16.8.250][1355] SELECT c_asigna FROM dace004 WHERE exp_e='09-20507433' AND c_asigna='351330' AND status IN ('0','3','B') [1][0] OK
C:[29/10/2012 14:36:40.96][172.16.8.250][1355] SELECT c_asigna FROM dace004 WHERE exp_e='09-20507433' AND c_asigna='355350' AND status IN ('0','3','B') [1][0] OK
C:[29/10/2012 14:36:40.96][172.16.8.250][1355] SELECT c_asigna FROM dace004 WHERE exp_e='09-20507433' AND c_asigna='300318' AND status IN ('0','3','B') [1][0] OK
C:[29/10/2012 14:36:40.96][172.16.8.250][1355] SELECT c_asigna FROM dace004 WHERE exp_e='09-20507433' AND c_asigna='300209' AND status IN ('0','3','B') [1][0] OK
C:[29/10/2012 14:36:40.96][172.16.8.250][1355] SELECT c_asigna FROM dace004 WHERE exp_e='09-20507433' AND c_asigna='300222' AND status IN ('0','3','B') [1][0] OK
C:[29/10/2012 14:36:40.96][172.16.8.250][1342] SELECT pre_cod_asig1,pre_cod_asig2,pre_cod_asig3,pre_cod_asig4,pre_cod_asig5,pre_cod_asig6,pre_cod_asig7 FROM tblaca009 WHERE pensum='5' AND c_uni_ca='5' AND c_asigna='352440' [1][0] OK
C:[29/10/2012 14:36:40.96][172.16.8.250][1355] SELECT c_asigna FROM dace004 WHERE exp_e='09-20507433' AND c_asigna='300317' AND status IN ('0','3','B') [1][0] OK
C:[29/10/2012 14:36:40.96][172.16.8.250][1355] SELECT c_asigna FROM dace004 WHERE exp_e='09-20507433' AND c_asigna='300013' AND status IN ('0','3','B') [1][0] OK
C:[29/10/2012 14:36:40.96][172.16.8.250][1355] SELECT c_asigna FROM dace004 WHERE exp_e='09-20507433' AND c_asigna='300113' AND status IN ('0','3','B') [1][0] OK
C:[29/10/2012 14:36:40.96][172.16.8.250][1342] SELECT pre_cod_asig1,pre_cod_asig2,pre_cod_asig3,pre_cod_asig4,pre_cod_asig5,pre_cod_asig6,pre_cod_asig7 FROM tblaca009 WHERE pensum='5' AND c_uni_ca='5' AND c_asigna='355570' [1][0] OK
C:[29/10/2012 14:36:40.96][172.16.8.250][1355] SELECT c_asigna FROM dace004 WHERE exp_e='09-20507433' AND c_asigna='355447' AND status IN ('0','3','B') [1][0] OK
C:[29/10/2012 14:36:40.96][172.16.8.250][1342] SELECT pre_cod_asig1,pre_cod_asig2,pre_cod_asig3,pre_cod_asig4,pre_cod_asig5,pre_cod_asig6,pre_cod_asig7 FROM tblaca009 WHERE pensum='5' AND c_uni_ca='5' AND c_asigna='355571' [1][0] OK
C:[29/10/2012 14:36:40.96][172.16.8.250][1355] SELECT c_asigna FROM dace004 WHERE exp_e='09-20507433' AND c_asigna='355447' AND status IN ('0','3','B') [1][0] OK
C:[29/10/2012 14:36:41.33][172.16.8.250][1386] SELECT par_cod_asig1,par_cod_asig2,par_cod_asig3 FROM tblaca009 WHERE pensum='5' AND c_uni_ca='5' AND c_asigna='300226' [1][0] OK
C:[29/10/2012 14:36:41.33][172.16.8.250][1386] SELECT par_cod_asig1,par_cod_asig2,par_cod_asig3 FROM tblaca009 WHERE pensum='5' AND c_uni_ca='5' AND c_asigna='300422' [1][0] OK
C:[29/10/2012 14:36:41.33][172.16.8.250][1386] SELECT par_cod_asig1,par_cod_asig2,par_cod_asig3 FROM tblaca009 WHERE pensum='5' AND c_uni_ca='5' AND c_asigna='351451' [1][0] OK
C:[29/10/2012 14:36:41.33][172.16.8.250][1386] SELECT par_cod_asig1,par_cod_asig2,par_cod_asig3 FROM tblaca009 WHERE pensum='5' AND c_uni_ca='5' AND c_asigna='352440' [1][0] OK
C:[29/10/2012 14:36:41.33][172.16.8.250][1386] SELECT par_cod_asig1,par_cod_asig2,par_cod_asig3 FROM tblaca009 WHERE pensum='5' AND c_uni_ca='5' AND c_asigna='355570' [1][0] OK
C:[29/10/2012 14:36:41.33][172.16.8.250][1386] SELECT par_cod_asig1,par_cod_asig2,par_cod_asig3 FROM tblaca009 WHERE pensum='5' AND c_uni_ca='5' AND c_asigna='355571' [1][0] OK
C:[29/10/2012 14:36:41.10][172.16.8.250][1516] SELECT horas_lab FROM tblaca008 WHERE c_asigna='300226' AND horas_teoricas > 0 [1][0] OK
C:[29/10/2012 14:36:41.77][172.16.8.250][1548] SELECT sum(u_creditos*1) FROM dace006 a, tblaca009 b WHERE a.exp_e='09-20507433' AND a.lapso='2012-2' AND b.pensum='5' AND b.c_uni_ca='5' AND status IN ('7','A','2') AND a.c_asigna=b.c_asigna  [1][0] OK
C:[29/10/2012 14:36:41.90][172.16.8.250][1567] SELECT sum(u_creditos*1) FROM dace006 a, tblaca009 b WHERE a.exp_e='09-20507433' AND a.lapso='2012-2' AND b.pensum='5' AND b.c_uni_ca='5' AND status IN ('7','A','2') AND a.c_asigna=b.c_asigna AND a.c_asigna IN ('300422','351451','352440','355570','355571') [1][0] OK
C:[29/10/2012 14:36:41.02][172.16.8.250][1583] SELECT MAX(semestre) FROM dace006 a, tblaca009 b WHERE a.exp_e='09-20507433' AND a.lapso='2012-2' AND b.pensum='5' AND b.c_uni_ca='5' AND status IN ('7','A','2') AND a.c_asigna=b.c_asigna  [1][0] OK
C:[29/10/2012 14:36:41.15][172.16.8.250][1604] SELECT MIN(semestre) FROM dace006 a, tblaca009 b WHERE a.exp_e='09-20507433' AND a.lapso='2012-2' AND b.pensum='5' AND b.c_uni_ca='5' AND status IN ('7','A','2') AND a.c_asigna=b.c_asigna AND a.c_asigna IN ('300226') [1][0] OK
C:[29/10/2012 14:37:28.14][172.16.8.250][1342] SELECT pre_cod_asig1,pre_cod_asig2,pre_cod_asig3,pre_cod_asig4,pre_cod_asig5,pre_cod_asig6,pre_cod_asig7 FROM tblaca009 WHERE pensum='5' AND c_uni_ca='5' AND c_asigna='300226' [1][0] OK
C:[29/10/2012 14:37:28.14][172.16.8.250][1355] SELECT c_asigna FROM dace004 WHERE exp_e='09-20507433' AND c_asigna='300116' AND status IN ('0','3','B') [1][0] OK
C:[29/10/2012 14:37:28.14][172.16.8.250][1342] SELECT pre_cod_asig1,pre_cod_asig2,pre_cod_asig3,pre_cod_asig4,pre_cod_asig5,pre_cod_asig6,pre_cod_asig7 FROM tblaca009 WHERE pensum='5' AND c_uni_ca='5' AND c_asigna='300422' [1][0] OK
C:[29/10/2012 14:37:28.14][172.16.8.250][1355] SELECT c_asigna FROM dace004 WHERE exp_e='09-20507433' AND c_asigna='300105' AND status IN ('0','3','B') [1][0] OK
C:[29/10/2012 14:37:28.14][172.16.8.250][1355] SELECT c_asigna FROM dace004 WHERE exp_e='09-20507433' AND c_asigna='300314' AND status IN ('0','3','B') [1][0] OK
C:[29/10/2012 14:37:28.14][172.16.8.250][1342] SELECT pre_cod_asig1,pre_cod_asig2,pre_cod_asig3,pre_cod_asig4,pre_cod_asig5,pre_cod_asig6,pre_cod_asig7 FROM tblaca009 WHERE pensum='5' AND c_uni_ca='5' AND c_asigna='351451' [1][0] OK
C:[29/10/2012 14:37:28.14][172.16.8.250][1355] SELECT c_asigna FROM dace004 WHERE exp_e='09-20507433' AND c_asigna='351330' AND status IN ('0','3','B') [1][0] OK
C:[29/10/2012 14:37:28.14][172.16.8.250][1355] SELECT c_asigna FROM dace004 WHERE exp_e='09-20507433' AND c_asigna='355350' AND status IN ('0','3','B') [1][0] OK
C:[29/10/2012 14:37:28.14][172.16.8.250][1355] SELECT c_asigna FROM dace004 WHERE exp_e='09-20507433' AND c_asigna='300318' AND status IN ('0','3','B') [1][0] OK
C:[29/10/2012 14:37:28.14][172.16.8.250][1355] SELECT c_asigna FROM dace004 WHERE exp_e='09-20507433' AND c_asigna='300209' AND status IN ('0','3','B') [1][0] OK
C:[29/10/2012 14:37:28.14][172.16.8.250][1355] SELECT c_asigna FROM dace004 WHERE exp_e='09-20507433' AND c_asigna='300222' AND status IN ('0','3','B') [1][0] OK
C:[29/10/2012 14:37:28.14][172.16.8.250][1342] SELECT pre_cod_asig1,pre_cod_asig2,pre_cod_asig3,pre_cod_asig4,pre_cod_asig5,pre_cod_asig6,pre_cod_asig7 FROM tblaca009 WHERE pensum='5' AND c_uni_ca='5' AND c_asigna='352440' [1][0] OK
C:[29/10/2012 14:37:28.14][172.16.8.250][1355] SELECT c_asigna FROM dace004 WHERE exp_e='09-20507433' AND c_asigna='300317' AND status IN ('0','3','B') [1][0] OK
C:[29/10/2012 14:37:28.14][172.16.8.250][1355] SELECT c_asigna FROM dace004 WHERE exp_e='09-20507433' AND c_asigna='300013' AND status IN ('0','3','B') [1][0] OK
C:[29/10/2012 14:37:28.14][172.16.8.250][1355] SELECT c_asigna FROM dace004 WHERE exp_e='09-20507433' AND c_asigna='300113' AND status IN ('0','3','B') [1][0] OK
C:[29/10/2012 14:37:28.14][172.16.8.250][1342] SELECT pre_cod_asig1,pre_cod_asig2,pre_cod_asig3,pre_cod_asig4,pre_cod_asig5,pre_cod_asig6,pre_cod_asig7 FROM tblaca009 WHERE pensum='5' AND c_uni_ca='5' AND c_asigna='355570' [1][0] OK
C:[29/10/2012 14:37:28.14][172.16.8.250][1355] SELECT c_asigna FROM dace004 WHERE exp_e='09-20507433' AND c_asigna='355447' AND status IN ('0','3','B') [1][0] OK
C:[29/10/2012 14:37:28.14][172.16.8.250][1342] SELECT pre_cod_asig1,pre_cod_asig2,pre_cod_asig3,pre_cod_asig4,pre_cod_asig5,pre_cod_asig6,pre_cod_asig7 FROM tblaca009 WHERE pensum='5' AND c_uni_ca='5' AND c_asigna='355571' [1][0] OK
C:[29/10/2012 14:37:28.14][172.16.8.250][1355] SELECT c_asigna FROM dace004 WHERE exp_e='09-20507433' AND c_asigna='355447' AND status IN ('0','3','B') [1][0] OK
C:[29/10/2012 14:37:29.52][172.16.8.250][1386] SELECT par_cod_asig1,par_cod_asig2,par_cod_asig3 FROM tblaca009 WHERE pensum='5' AND c_uni_ca='5' AND c_asigna='300226' [1][0] OK
C:[29/10/2012 14:37:29.52][172.16.8.250][1386] SELECT par_cod_asig1,par_cod_asig2,par_cod_asig3 FROM tblaca009 WHERE pensum='5' AND c_uni_ca='5' AND c_asigna='300422' [1][0] OK
C:[29/10/2012 14:37:29.52][172.16.8.250][1386] SELECT par_cod_asig1,par_cod_asig2,par_cod_asig3 FROM tblaca009 WHERE pensum='5' AND c_uni_ca='5' AND c_asigna='351451' [1][0] OK
C:[29/10/2012 14:37:29.52][172.16.8.250][1386] SELECT par_cod_asig1,par_cod_asig2,par_cod_asig3 FROM tblaca009 WHERE pensum='5' AND c_uni_ca='5' AND c_asigna='352440' [1][0] OK
C:[29/10/2012 14:37:29.52][172.16.8.250][1386] SELECT par_cod_asig1,par_cod_asig2,par_cod_asig3 FROM tblaca009 WHERE pensum='5' AND c_uni_ca='5' AND c_asigna='355570' [1][0] OK
C:[29/10/2012 14:37:29.52][172.16.8.250][1386] SELECT par_cod_asig1,par_cod_asig2,par_cod_asig3 FROM tblaca009 WHERE pensum='5' AND c_uni_ca='5' AND c_asigna='355571' [1][0] OK
C:[29/10/2012 14:37:29.28][172.16.8.250][1516] SELECT horas_lab FROM tblaca008 WHERE c_asigna='300226' AND horas_teoricas > 0 [1][0] OK
C:[29/10/2012 14:37:29.40][172.16.8.250][1548] SELECT sum(u_creditos*1) FROM dace006 a, tblaca009 b WHERE a.exp_e='09-20507433' AND a.lapso='2012-2' AND b.pensum='5' AND b.c_uni_ca='5' AND status IN ('7','A','2') AND a.c_asigna=b.c_asigna  [1][0] OK
C:[29/10/2012 14:37:29.08][172.16.8.250][1567] SELECT sum(u_creditos*1) FROM dace006 a, tblaca009 b WHERE a.exp_e='09-20507433' AND a.lapso='2012-2' AND b.pensum='5' AND b.c_uni_ca='5' AND status IN ('7','A','2') AND a.c_asigna=b.c_asigna AND a.c_asigna IN ('300422','351451','352440','355570','355571') [1][0] OK
C:[29/10/2012 14:37:29.21][172.16.8.250][1583] SELECT MAX(semestre) FROM dace006 a, tblaca009 b WHERE a.exp_e='09-20507433' AND a.lapso='2012-2' AND b.pensum='5' AND b.c_uni_ca='5' AND status IN ('7','A','2') AND a.c_asigna=b.c_asigna  [1][0] OK
C:[29/10/2012 14:37:29.34][172.16.8.250][1604] SELECT MIN(semestre) FROM dace006 a, tblaca009 b WHERE a.exp_e='09-20507433' AND a.lapso='2012-2' AND b.pensum='5' AND b.c_uni_ca='5' AND status IN ('7','A','2') AND a.c_asigna=b.c_asigna AND a.c_asigna IN ('300226') [1][0] OK
C:[29/10/2012 14:38:28.35][172.16.8.250][1342] SELECT pre_cod_asig1,pre_cod_asig2,pre_cod_asig3,pre_cod_asig4,pre_cod_asig5,pre_cod_asig6,pre_cod_asig7 FROM tblaca009 WHERE pensum='5' AND c_uni_ca='5' AND c_asigna='300422' [1][0] OK
C:[29/10/2012 14:38:28.35][172.16.8.250][1355] SELECT c_asigna FROM dace004 WHERE exp_e='09-20507433' AND c_asigna='300105' AND status IN ('0','3','B') [1][0] OK
C:[29/10/2012 14:38:28.35][172.16.8.250][1355] SELECT c_asigna FROM dace004 WHERE exp_e='09-20507433' AND c_asigna='300314' AND status IN ('0','3','B') [1][0] OK
C:[29/10/2012 14:38:28.35][172.16.8.250][1342] SELECT pre_cod_asig1,pre_cod_asig2,pre_cod_asig3,pre_cod_asig4,pre_cod_asig5,pre_cod_asig6,pre_cod_asig7 FROM tblaca009 WHERE pensum='5' AND c_uni_ca='5' AND c_asigna='351451' [1][0] OK
C:[29/10/2012 14:38:28.35][172.16.8.250][1355] SELECT c_asigna FROM dace004 WHERE exp_e='09-20507433' AND c_asigna='351330' AND status IN ('0','3','B') [1][0] OK
C:[29/10/2012 14:38:28.35][172.16.8.250][1355] SELECT c_asigna FROM dace004 WHERE exp_e='09-20507433' AND c_asigna='355350' AND status IN ('0','3','B') [1][0] OK
C:[29/10/2012 14:38:28.35][172.16.8.250][1355] SELECT c_asigna FROM dace004 WHERE exp_e='09-20507433' AND c_asigna='300318' AND status IN ('0','3','B') [1][0] OK
C:[29/10/2012 14:38:28.35][172.16.8.250][1355] SELECT c_asigna FROM dace004 WHERE exp_e='09-20507433' AND c_asigna='300209' AND status IN ('0','3','B') [1][0] OK
C:[29/10/2012 14:38:28.35][172.16.8.250][1355] SELECT c_asigna FROM dace004 WHERE exp_e='09-20507433' AND c_asigna='300222' AND status IN ('0','3','B') [1][0] OK
C:[29/10/2012 14:38:28.35][172.16.8.250][1342] SELECT pre_cod_asig1,pre_cod_asig2,pre_cod_asig3,pre_cod_asig4,pre_cod_asig5,pre_cod_asig6,pre_cod_asig7 FROM tblaca009 WHERE pensum='5' AND c_uni_ca='5' AND c_asigna='300226' [1][0] OK
C:[29/10/2012 14:38:28.35][172.16.8.250][1355] SELECT c_asigna FROM dace004 WHERE exp_e='09-20507433' AND c_asigna='300116' AND status IN ('0','3','B') [1][0] OK
C:[29/10/2012 14:38:28.35][172.16.8.250][1342] SELECT pre_cod_asig1,pre_cod_asig2,pre_cod_asig3,pre_cod_asig4,pre_cod_asig5,pre_cod_asig6,pre_cod_asig7 FROM tblaca009 WHERE pensum='5' AND c_uni_ca='5' AND c_asigna='352440' [1][0] OK
C:[29/10/2012 14:38:28.35][172.16.8.250][1355] SELECT c_asigna FROM dace004 WHERE exp_e='09-20507433' AND c_asigna='300317' AND status IN ('0','3','B') [1][0] OK
C:[29/10/2012 14:38:28.35][172.16.8.250][1355] SELECT c_asigna FROM dace004 WHERE exp_e='09-20507433' AND c_asigna='300013' AND status IN ('0','3','B') [1][0] OK
C:[29/10/2012 14:38:28.35][172.16.8.250][1355] SELECT c_asigna FROM dace004 WHERE exp_e='09-20507433' AND c_asigna='300113' AND status IN ('0','3','B') [1][0] OK
C:[29/10/2012 14:38:28.35][172.16.8.250][1342] SELECT pre_cod_asig1,pre_cod_asig2,pre_cod_asig3,pre_cod_asig4,pre_cod_asig5,pre_cod_asig6,pre_cod_asig7 FROM tblaca009 WHERE pensum='5' AND c_uni_ca='5' AND c_asigna='355570' [1][0] OK
C:[29/10/2012 14:38:28.35][172.16.8.250][1355] SELECT c_asigna FROM dace004 WHERE exp_e='09-20507433' AND c_asigna='355447' AND status IN ('0','3','B') [1][0] OK
C:[29/10/2012 14:38:28.35][172.16.8.250][1342] SELECT pre_cod_asig1,pre_cod_asig2,pre_cod_asig3,pre_cod_asig4,pre_cod_asig5,pre_cod_asig6,pre_cod_asig7 FROM tblaca009 WHERE pensum='5' AND c_uni_ca='5' AND c_asigna='355571' [1][0] OK
C:[29/10/2012 14:38:28.35][172.16.8.250][1355] SELECT c_asigna FROM dace004 WHERE exp_e='09-20507433' AND c_asigna='355447' AND status IN ('0','3','B') [1][0] OK
C:[29/10/2012 14:38:29.72][172.16.8.250][1386] SELECT par_cod_asig1,par_cod_asig2,par_cod_asig3 FROM tblaca009 WHERE pensum='5' AND c_uni_ca='5' AND c_asigna='300422' [1][0] OK
C:[29/10/2012 14:38:29.72][172.16.8.250][1386] SELECT par_cod_asig1,par_cod_asig2,par_cod_asig3 FROM tblaca009 WHERE pensum='5' AND c_uni_ca='5' AND c_asigna='351451' [1][0] OK
C:[29/10/2012 14:38:29.72][172.16.8.250][1386] SELECT par_cod_asig1,par_cod_asig2,par_cod_asig3 FROM tblaca009 WHERE pensum='5' AND c_uni_ca='5' AND c_asigna='300226' [1][0] OK
C:[29/10/2012 14:38:29.72][172.16.8.250][1386] SELECT par_cod_asig1,par_cod_asig2,par_cod_asig3 FROM tblaca009 WHERE pensum='5' AND c_uni_ca='5' AND c_asigna='352440' [1][0] OK
C:[29/10/2012 14:38:29.72][172.16.8.250][1386] SELECT par_cod_asig1,par_cod_asig2,par_cod_asig3 FROM tblaca009 WHERE pensum='5' AND c_uni_ca='5' AND c_asigna='355570' [1][0] OK
C:[29/10/2012 14:38:29.72][172.16.8.250][1386] SELECT par_cod_asig1,par_cod_asig2,par_cod_asig3 FROM tblaca009 WHERE pensum='5' AND c_uni_ca='5' AND c_asigna='355571' [1][0] OK
C:[29/10/2012 14:38:29.49][172.16.8.250][1516] SELECT horas_lab FROM tblaca008 WHERE c_asigna='300422' AND horas_teoricas > 0 [0][0] OK
C:[29/10/2012 14:38:29.49][172.16.8.250][1516] SELECT horas_lab FROM tblaca008 WHERE c_asigna='351451' AND horas_teoricas > 0 [1][0] OK
C:[29/10/2012 14:38:29.72][172.16.8.250][1548] SELECT sum(u_creditos*1) FROM dace006 a, tblaca009 b WHERE a.exp_e='09-20507433' AND a.lapso='2012-2' AND b.pensum='5' AND b.c_uni_ca='5' AND status IN ('7','A','2') AND a.c_asigna=b.c_asigna  [1][0] OK
C:[29/10/2012 14:38:29.85][172.16.8.250][1567] SELECT sum(u_creditos*1) FROM dace006 a, tblaca009 b WHERE a.exp_e='09-20507433' AND a.lapso='2012-2' AND b.pensum='5' AND b.c_uni_ca='5' AND status IN ('7','A','2') AND a.c_asigna=b.c_asigna AND a.c_asigna IN ('300226','352440','355570','355571') [1][0] OK
C:[29/10/2012 14:38:29.97][172.16.8.250][1583] SELECT MAX(semestre) FROM dace006 a, tblaca009 b WHERE a.exp_e='09-20507433' AND a.lapso='2012-2' AND b.pensum='5' AND b.c_uni_ca='5' AND status IN ('7','A','2') AND a.c_asigna=b.c_asigna  [1][0] OK
C:[29/10/2012 14:38:29.10][172.16.8.250][1604] SELECT MIN(semestre) FROM dace006 a, tblaca009 b WHERE a.exp_e='09-20507433' AND a.lapso='2012-2' AND b.pensum='5' AND b.c_uni_ca='5' AND status IN ('7','A','2') AND a.c_asigna=b.c_asigna AND a.c_asigna IN ('300422','351451') [1][0] OK
C:[29/10/2012 14:38:54.93][172.16.8.250][1342] SELECT pre_cod_asig1,pre_cod_asig2,pre_cod_asig3,pre_cod_asig4,pre_cod_asig5,pre_cod_asig6,pre_cod_asig7 FROM tblaca009 WHERE pensum='5' AND c_uni_ca='5' AND c_asigna='300226' [1][0] OK
C:[29/10/2012 14:38:54.93][172.16.8.250][1355] SELECT c_asigna FROM dace004 WHERE exp_e='09-20507433' AND c_asigna='300116' AND status IN ('0','3','B') [1][0] OK
C:[29/10/2012 14:38:54.93][172.16.8.250][1342] SELECT pre_cod_asig1,pre_cod_asig2,pre_cod_asig3,pre_cod_asig4,pre_cod_asig5,pre_cod_asig6,pre_cod_asig7 FROM tblaca009 WHERE pensum='5' AND c_uni_ca='5' AND c_asigna='355571' [1][0] OK
C:[29/10/2012 14:38:54.93][172.16.8.250][1355] SELECT c_asigna FROM dace004 WHERE exp_e='09-20507433' AND c_asigna='355447' AND status IN ('0','3','B') [1][0] OK
C:[29/10/2012 14:38:54.93][172.16.8.250][1342] SELECT pre_cod_asig1,pre_cod_asig2,pre_cod_asig3,pre_cod_asig4,pre_cod_asig5,pre_cod_asig6,pre_cod_asig7 FROM tblaca009 WHERE pensum='5' AND c_uni_ca='5' AND c_asigna='300422' [1][0] OK
C:[29/10/2012 14:38:54.93][172.16.8.250][1355] SELECT c_asigna FROM dace004 WHERE exp_e='09-20507433' AND c_asigna='300105' AND status IN ('0','3','B') [1][0] OK
C:[29/10/2012 14:38:54.93][172.16.8.250][1355] SELECT c_asigna FROM dace004 WHERE exp_e='09-20507433' AND c_asigna='300314' AND status IN ('0','3','B') [1][0] OK
C:[29/10/2012 14:38:54.93][172.16.8.250][1342] SELECT pre_cod_asig1,pre_cod_asig2,pre_cod_asig3,pre_cod_asig4,pre_cod_asig5,pre_cod_asig6,pre_cod_asig7 FROM tblaca009 WHERE pensum='5' AND c_uni_ca='5' AND c_asigna='351451' [1][0] OK
C:[29/10/2012 14:38:54.93][172.16.8.250][1355] SELECT c_asigna FROM dace004 WHERE exp_e='09-20507433' AND c_asigna='351330' AND status IN ('0','3','B') [1][0] OK
C:[29/10/2012 14:38:54.93][172.16.8.250][1355] SELECT c_asigna FROM dace004 WHERE exp_e='09-20507433' AND c_asigna='355350' AND status IN ('0','3','B') [1][0] OK
C:[29/10/2012 14:38:54.93][172.16.8.250][1355] SELECT c_asigna FROM dace004 WHERE exp_e='09-20507433' AND c_asigna='300318' AND status IN ('0','3','B') [1][0] OK
C:[29/10/2012 14:38:54.93][172.16.8.250][1355] SELECT c_asigna FROM dace004 WHERE exp_e='09-20507433' AND c_asigna='300209' AND status IN ('0','3','B') [1][0] OK
C:[29/10/2012 14:38:54.93][172.16.8.250][1355] SELECT c_asigna FROM dace004 WHERE exp_e='09-20507433' AND c_asigna='300222' AND status IN ('0','3','B') [1][0] OK
C:[29/10/2012 14:38:54.93][172.16.8.250][1342] SELECT pre_cod_asig1,pre_cod_asig2,pre_cod_asig3,pre_cod_asig4,pre_cod_asig5,pre_cod_asig6,pre_cod_asig7 FROM tblaca009 WHERE pensum='5' AND c_uni_ca='5' AND c_asigna='352440' [1][0] OK
C:[29/10/2012 14:38:54.93][172.16.8.250][1355] SELECT c_asigna FROM dace004 WHERE exp_e='09-20507433' AND c_asigna='300317' AND status IN ('0','3','B') [1][0] OK
C:[29/10/2012 14:38:54.93][172.16.8.250][1355] SELECT c_asigna FROM dace004 WHERE exp_e='09-20507433' AND c_asigna='300013' AND status IN ('0','3','B') [1][0] OK
C:[29/10/2012 14:38:54.93][172.16.8.250][1355] SELECT c_asigna FROM dace004 WHERE exp_e='09-20507433' AND c_asigna='300113' AND status IN ('0','3','B') [1][0] OK
C:[29/10/2012 14:38:54.93][172.16.8.250][1342] SELECT pre_cod_asig1,pre_cod_asig2,pre_cod_asig3,pre_cod_asig4,pre_cod_asig5,pre_cod_asig6,pre_cod_asig7 FROM tblaca009 WHERE pensum='5' AND c_uni_ca='5' AND c_asigna='355570' [1][0] OK
C:[29/10/2012 14:38:54.93][172.16.8.250][1355] SELECT c_asigna FROM dace004 WHERE exp_e='09-20507433' AND c_asigna='355447' AND status IN ('0','3','B') [1][0] OK
C:[29/10/2012 14:38:54.30][172.16.8.250][1386] SELECT par_cod_asig1,par_cod_asig2,par_cod_asig3 FROM tblaca009 WHERE pensum='5' AND c_uni_ca='5' AND c_asigna='300226' [1][0] OK
C:[29/10/2012 14:38:54.30][172.16.8.250][1386] SELECT par_cod_asig1,par_cod_asig2,par_cod_asig3 FROM tblaca009 WHERE pensum='5' AND c_uni_ca='5' AND c_asigna='355571' [1][0] OK
C:[29/10/2012 14:38:54.30][172.16.8.250][1386] SELECT par_cod_asig1,par_cod_asig2,par_cod_asig3 FROM tblaca009 WHERE pensum='5' AND c_uni_ca='5' AND c_asigna='300422' [1][0] OK
C:[29/10/2012 14:38:54.30][172.16.8.250][1386] SELECT par_cod_asig1,par_cod_asig2,par_cod_asig3 FROM tblaca009 WHERE pensum='5' AND c_uni_ca='5' AND c_asigna='351451' [1][0] OK
C:[29/10/2012 14:38:54.30][172.16.8.250][1386] SELECT par_cod_asig1,par_cod_asig2,par_cod_asig3 FROM tblaca009 WHERE pensum='5' AND c_uni_ca='5' AND c_asigna='352440' [1][0] OK
C:[29/10/2012 14:38:54.30][172.16.8.250][1386] SELECT par_cod_asig1,par_cod_asig2,par_cod_asig3 FROM tblaca009 WHERE pensum='5' AND c_uni_ca='5' AND c_asigna='355570' [1][0] OK
C:[29/10/2012 14:38:54.07][172.16.8.250][1516] SELECT horas_lab FROM tblaca008 WHERE c_asigna='300226' AND horas_teoricas > 0 [1][0] OK
C:[29/10/2012 14:38:54.07][172.16.8.250][1516] SELECT horas_lab FROM tblaca008 WHERE c_asigna='355571' AND horas_teoricas > 0 [1][0] OK
C:[29/10/2012 14:38:54.30][172.16.8.250][1548] SELECT sum(u_creditos*1) FROM dace006 a, tblaca009 b WHERE a.exp_e='09-20507433' AND a.lapso='2012-2' AND b.pensum='5' AND b.c_uni_ca='5' AND status IN ('7','A','2') AND a.c_asigna=b.c_asigna  [1][0] OK
C:[29/10/2012 14:38:54.43][172.16.8.250][1567] SELECT sum(u_creditos*1) FROM dace006 a, tblaca009 b WHERE a.exp_e='09-20507433' AND a.lapso='2012-2' AND b.pensum='5' AND b.c_uni_ca='5' AND status IN ('7','A','2') AND a.c_asigna=b.c_asigna AND a.c_asigna IN ('300422','351451','352440','355570') [1][0] OK
C:[29/10/2012 14:38:55.55][172.16.8.250][1583] SELECT MAX(semestre) FROM dace006 a, tblaca009 b WHERE a.exp_e='09-20507433' AND a.lapso='2012-2' AND b.pensum='5' AND b.c_uni_ca='5' AND status IN ('7','A','2') AND a.c_asigna=b.c_asigna  [1][0] OK
C:[29/10/2012 14:38:55.68][172.16.8.250][1604] SELECT MIN(semestre) FROM dace006 a, tblaca009 b WHERE a.exp_e='09-20507433' AND a.lapso='2012-2' AND b.pensum='5' AND b.c_uni_ca='5' AND status IN ('7','A','2') AND a.c_asigna=b.c_asigna AND a.c_asigna IN ('300226','355571') [1][0] OK
C:[29/10/2012 16:30:44.73][172.16.8.247][1342] SELECT pre_cod_asig1,pre_cod_asig2,pre_cod_asig3,pre_cod_asig4,pre_cod_asig5,pre_cod_asig6,pre_cod_asig7 FROM tblaca009 WHERE pensum='5' AND c_uni_ca='4' AND c_asigna='334762' [1][0] OK
C:[29/10/2012 16:30:44.73][172.16.8.247][1342] SELECT pre_cod_asig1,pre_cod_asig2,pre_cod_asig3,pre_cod_asig4,pre_cod_asig5,pre_cod_asig6,pre_cod_asig7 FROM tblaca009 WHERE pensum='5' AND c_uni_ca='4' AND c_asigna='332604' [1][0] OK
C:[29/10/2012 16:30:44.73][172.16.8.247][1355] SELECT c_asigna FROM dace004 WHERE exp_e='09-20138495' AND c_asigna='332558' AND status IN ('0','3','B') [1][0] OK
C:[29/10/2012 16:30:44.73][172.16.8.247][1342] SELECT pre_cod_asig1,pre_cod_asig2,pre_cod_asig3,pre_cod_asig4,pre_cod_asig5,pre_cod_asig6,pre_cod_asig7 FROM tblaca009 WHERE pensum='5' AND c_uni_ca='4' AND c_asigna='333608' [1][0] OK
C:[29/10/2012 16:30:44.73][172.16.8.247][1355] SELECT c_asigna FROM dace004 WHERE exp_e='09-20138495' AND c_asigna='311561' AND status IN ('0','3','B') [1][0] OK
C:[29/10/2012 16:30:44.73][172.16.8.247][1355] SELECT c_asigna FROM dace004 WHERE exp_e='09-20138495' AND c_asigna='333564' AND status IN ('0','3','B') [1][0] OK
C:[29/10/2012 16:30:44.73][172.16.8.247][1342] SELECT pre_cod_asig1,pre_cod_asig2,pre_cod_asig3,pre_cod_asig4,pre_cod_asig5,pre_cod_asig6,pre_cod_asig7 FROM tblaca009 WHERE pensum='5' AND c_uni_ca='4' AND c_asigna='333611' [1][0] OK
C:[29/10/2012 16:30:44.73][172.16.8.247][1355] SELECT c_asigna FROM dace004 WHERE exp_e='09-20138495' AND c_asigna='333584' AND status IN ('0','3','B') [1][0] OK
C:[29/10/2012 16:30:44.73][172.16.8.247][1342] SELECT pre_cod_asig1,pre_cod_asig2,pre_cod_asig3,pre_cod_asig4,pre_cod_asig5,pre_cod_asig6,pre_cod_asig7 FROM tblaca009 WHERE pensum='5' AND c_uni_ca='4' AND c_asigna='333707' [1][0] OK
C:[29/10/2012 16:30:44.73][172.16.8.247][1355] SELECT c_asigna FROM dace004 WHERE exp_e='09-20138495' AND c_asigna='333584' AND status IN ('0','3','B') [1][0] OK
C:[29/10/2012 16:30:44.73][172.16.8.247][1342] SELECT pre_cod_asig1,pre_cod_asig2,pre_cod_asig3,pre_cod_asig4,pre_cod_asig5,pre_cod_asig6,pre_cod_asig7 FROM tblaca009 WHERE pensum='5' AND c_uni_ca='4' AND c_asigna='333737' [1][0] OK
C:[29/10/2012 16:30:44.73][172.16.8.247][1355] SELECT c_asigna FROM dace004 WHERE exp_e='09-20138495' AND c_asigna='333683' AND status IN ('0','3','B') [1][0] OK
C:[29/10/2012 16:30:44.73][172.16.8.247][1342] SELECT pre_cod_asig1,pre_cod_asig2,pre_cod_asig3,pre_cod_asig4,pre_cod_asig5,pre_cod_asig6,pre_cod_asig7 FROM tblaca009 WHERE pensum='5' AND c_uni_ca='4' AND c_asigna='333782' [1][0] OK
C:[29/10/2012 16:30:44.73][172.16.8.247][1355] SELECT c_asigna FROM dace004 WHERE exp_e='09-20138495' AND c_asigna='333606' AND status IN ('0','3','B') [1][0] OK
C:[29/10/2012 16:30:44.48][172.16.8.247][1386] SELECT par_cod_asig1,par_cod_asig2,par_cod_asig3 FROM tblaca009 WHERE pensum='5' AND c_uni_ca='4' AND c_asigna='334762' [1][0] OK
C:[29/10/2012 16:30:44.48][172.16.8.247][1386] SELECT par_cod_asig1,par_cod_asig2,par_cod_asig3 FROM tblaca009 WHERE pensum='5' AND c_uni_ca='4' AND c_asigna='332604' [1][0] OK
C:[29/10/2012 16:30:44.48][172.16.8.247][1386] SELECT par_cod_asig1,par_cod_asig2,par_cod_asig3 FROM tblaca009 WHERE pensum='5' AND c_uni_ca='4' AND c_asigna='333608' [1][0] OK
C:[29/10/2012 16:30:44.48][172.16.8.247][1386] SELECT par_cod_asig1,par_cod_asig2,par_cod_asig3 FROM tblaca009 WHERE pensum='5' AND c_uni_ca='4' AND c_asigna='333611' [1][0] OK
C:[29/10/2012 16:30:44.48][172.16.8.247][1386] SELECT par_cod_asig1,par_cod_asig2,par_cod_asig3 FROM tblaca009 WHERE pensum='5' AND c_uni_ca='4' AND c_asigna='333707' [1][0] OK
C:[29/10/2012 16:30:44.48][172.16.8.247][1400] SELECT c_asigna FROM dace004 WHERE exp_e='09-20138495' AND c_asigna='333782' AND status IN ('0','3','B','C') [0][0] OK
C:[29/10/2012 16:30:44.48][172.16.8.247][1386] SELECT par_cod_asig1,par_cod_asig2,par_cod_asig3 FROM tblaca009 WHERE pensum='5' AND c_uni_ca='4' AND c_asigna='333737' [1][0] OK
C:[29/10/2012 16:30:44.48][172.16.8.247][1386] SELECT par_cod_asig1,par_cod_asig2,par_cod_asig3 FROM tblaca009 WHERE pensum='5' AND c_uni_ca='4' AND c_asigna='333782' [1][0] OK
C:[29/10/2012 16:30:45.50][172.16.8.247][1516] SELECT horas_lab FROM tblaca008 WHERE c_asigna='334762' AND horas_teoricas > 0 [1][0] OK
C:[29/10/2012 16:30:45.61][172.16.8.247][1548] SELECT sum(u_creditos*1) FROM dace006 a, tblaca009 b WHERE a.exp_e='09-20138495' AND a.lapso='2012-2' AND b.pensum='5' AND b.c_uni_ca='4' AND status IN ('7','A','2') AND a.c_asigna=b.c_asigna  [1][0] OK
C:[29/10/2012 16:30:45.74][172.16.8.247][1567] SELECT sum(u_creditos*1) FROM dace006 a, tblaca009 b WHERE a.exp_e='09-20138495' AND a.lapso='2012-2' AND b.pensum='5' AND b.c_uni_ca='4' AND status IN ('7','A','2') AND a.c_asigna=b.c_asigna AND a.c_asigna IN ('332604','333608','333611','333707','333737','333782') [1][0] OK
C:[29/10/2012 16:30:45.86][172.16.8.247][1583] SELECT MAX(semestre) FROM dace006 a, tblaca009 b WHERE a.exp_e='09-20138495' AND a.lapso='2012-2' AND b.pensum='5' AND b.c_uni_ca='4' AND status IN ('7','A','2') AND a.c_asigna=b.c_asigna  [1][0] OK
C:[29/10/2012 16:30:45.99][172.16.8.247][1604] SELECT MIN(semestre) FROM dace006 a, tblaca009 b WHERE a.exp_e='09-20138495' AND a.lapso='2012-2' AND b.pensum='5' AND b.c_uni_ca='4' AND status IN ('7','A','2') AND a.c_asigna=b.c_asigna AND a.c_asigna IN ('334762') [1][0] OK
C:[29/10/2012 16:40:48.47][172.16.8.125][1342] SELECT pre_cod_asig1,pre_cod_asig2,pre_cod_asig3,pre_cod_asig4,pre_cod_asig5,pre_cod_asig6,pre_cod_asig7 FROM tblaca009 WHERE pensum='5' AND c_uni_ca='6' AND c_asigna='344965' [1][0] OK
C:[29/10/2012 16:40:48.47][172.16.8.125][1355] SELECT c_asigna FROM dace004 WHERE exp_e='05-17304144' AND c_asigna='344714' AND status IN ('0','3','B') [1][0] OK
C:[29/10/2012 16:40:48.47][172.16.8.125][1342] SELECT pre_cod_asig1,pre_cod_asig2,pre_cod_asig3,pre_cod_asig4,pre_cod_asig5,pre_cod_asig6,pre_cod_asig7 FROM tblaca009 WHERE pensum='5' AND c_uni_ca='6' AND c_asigna='300956' [1][0] OK
C:[29/10/2012 16:40:48.47][172.16.8.125][1355] SELECT c_asigna FROM dace004 WHERE exp_e='05-17304144' AND c_asigna='300422' AND status IN ('0','3','B') [1][0] OK
C:[29/10/2012 16:40:48.47][172.16.8.125][1355] SELECT c_asigna FROM dace004 WHERE exp_e='05-17304144' AND c_asigna='300105' AND status IN ('0','3','B') [1][0] OK
C:[29/10/2012 16:40:48.47][172.16.8.125][1355] SELECT c_asigna FROM dace004 WHERE exp_e='05-17304144' AND c_asigna='300314' AND status IN ('0','3','B') [1][0] OK
C:[29/10/2012 16:40:48.47][172.16.8.125][1342] SELECT pre_cod_asig1,pre_cod_asig2,pre_cod_asig3,pre_cod_asig4,pre_cod_asig5,pre_cod_asig6,pre_cod_asig7 FROM tblaca009 WHERE pensum='5' AND c_uni_ca='6' AND c_asigna='344939' [1][0] OK
C:[29/10/2012 16:40:48.47][172.16.8.125][1355] SELECT c_asigna FROM dace004 WHERE exp_e='05-17304144' AND c_asigna='344834' AND status IN ('0','3','B') [1][0] OK
C:[29/10/2012 16:40:48.47][172.16.8.125][1355] SELECT c_asigna FROM dace004 WHERE exp_e='05-17304144' AND c_asigna='344812' AND status IN ('0','3','B') [1][0] OK
C:[29/10/2012 16:40:48.47][172.16.8.125][1342] SELECT pre_cod_asig1,pre_cod_asig2,pre_cod_asig3,pre_cod_asig4,pre_cod_asig5,pre_cod_asig6,pre_cod_asig7 FROM tblaca009 WHERE pensum='5' AND c_uni_ca='6' AND c_asigna='344963' [1][0] OK
C:[29/10/2012 16:40:48.72][172.16.8.125][1386] SELECT par_cod_asig1,par_cod_asig2,par_cod_asig3 FROM tblaca009 WHERE pensum='5' AND c_uni_ca='6' AND c_asigna='344965' [1][0] OK
C:[29/10/2012 16:40:48.72][172.16.8.125][1386] SELECT par_cod_asig1,par_cod_asig2,par_cod_asig3 FROM tblaca009 WHERE pensum='5' AND c_uni_ca='6' AND c_asigna='300956' [1][0] OK
C:[29/10/2012 16:40:48.72][172.16.8.125][1386] SELECT par_cod_asig1,par_cod_asig2,par_cod_asig3 FROM tblaca009 WHERE pensum='5' AND c_uni_ca='6' AND c_asigna='344939' [1][0] OK
C:[29/10/2012 16:40:48.72][172.16.8.125][1386] SELECT par_cod_asig1,par_cod_asig2,par_cod_asig3 FROM tblaca009 WHERE pensum='5' AND c_uni_ca='6' AND c_asigna='344963' [1][0] OK
C:[29/10/2012 16:40:48.23][172.16.8.125][1516] SELECT horas_lab FROM tblaca008 WHERE c_asigna='344965' AND horas_teoricas > 0 [1][0] OK
C:[29/10/2012 16:40:48.35][172.16.8.125][1548] SELECT sum(u_creditos*1) FROM dace006 a, tblaca009 b WHERE a.exp_e='05-17304144' AND a.lapso='2012-2' AND b.pensum='5' AND b.c_uni_ca='6' AND status IN ('7','A','2') AND a.c_asigna=b.c_asigna  [1][0] OK
C:[29/10/2012 16:40:48.47][172.16.8.125][1567] SELECT sum(u_creditos*1) FROM dace006 a, tblaca009 b WHERE a.exp_e='05-17304144' AND a.lapso='2012-2' AND b.pensum='5' AND b.c_uni_ca='6' AND status IN ('7','A','2') AND a.c_asigna=b.c_asigna AND a.c_asigna IN ('300956','344939','344963') [1][0] OK
C:[29/10/2012 16:40:48.60][172.16.8.125][1583] SELECT MAX(semestre) FROM dace006 a, tblaca009 b WHERE a.exp_e='05-17304144' AND a.lapso='2012-2' AND b.pensum='5' AND b.c_uni_ca='6' AND status IN ('7','A','2') AND a.c_asigna=b.c_asigna  [1][0] OK
C:[29/10/2012 16:40:48.72][172.16.8.125][1604] SELECT MIN(semestre) FROM dace006 a, tblaca009 b WHERE a.exp_e='05-17304144' AND a.lapso='2012-2' AND b.pensum='5' AND b.c_uni_ca='6' AND status IN ('7','A','2') AND a.c_asigna=b.c_asigna AND a.c_asigna IN ('344965') [1][0] OK
C:[30/10/2012 09:17:30.09][172.16.8.247][1344] SELECT pre_cod_asig1,pre_cod_asig2,pre_cod_asig3,pre_cod_asig4,pre_cod_asig5,pre_cod_asig6,pre_cod_asig7 FROM tblaca009 WHERE pensum='5' AND c_uni_ca='4' AND c_asigna='333326' [1][0] OK
C:[30/10/2012 09:17:30.09][172.16.8.247][1344] SELECT pre_cod_asig1,pre_cod_asig2,pre_cod_asig3,pre_cod_asig4,pre_cod_asig5,pre_cod_asig6,pre_cod_asig7 FROM tblaca009 WHERE pensum='5' AND c_uni_ca='4' AND c_asigna='300207' [1][0] OK
C:[30/10/2012 09:17:30.09][172.16.8.247][1357] SELECT c_asigna FROM dace004 WHERE exp_e='11-25393512' AND c_asigna='300101' AND status IN ('0','3','B') [1][0] OK
C:[30/10/2012 09:17:30.09][172.16.8.247][1344] SELECT pre_cod_asig1,pre_cod_asig2,pre_cod_asig3,pre_cod_asig4,pre_cod_asig5,pre_cod_asig6,pre_cod_asig7 FROM tblaca009 WHERE pensum='5' AND c_uni_ca='4' AND c_asigna='300209' [1][0] OK
C:[30/10/2012 09:17:30.09][172.16.8.247][1357] SELECT c_asigna FROM dace004 WHERE exp_e='11-25393512' AND c_asigna='300101' AND status IN ('0','3','B') [1][0] OK
C:[30/10/2012 09:17:30.09][172.16.8.247][1344] SELECT pre_cod_asig1,pre_cod_asig2,pre_cod_asig3,pre_cod_asig4,pre_cod_asig5,pre_cod_asig6,pre_cod_asig7 FROM tblaca009 WHERE pensum='5' AND c_uni_ca='4' AND c_asigna='300213' [1][0] OK
C:[30/10/2012 09:17:30.09][172.16.8.247][1357] SELECT c_asigna FROM dace004 WHERE exp_e='11-25393512' AND c_asigna='300101' AND status IN ('0','3','B') [1][0] OK
C:[30/10/2012 09:17:30.09][172.16.8.247][1344] SELECT pre_cod_asig1,pre_cod_asig2,pre_cod_asig3,pre_cod_asig4,pre_cod_asig5,pre_cod_asig6,pre_cod_asig7 FROM tblaca009 WHERE pensum='5' AND c_uni_ca='4' AND c_asigna='300218' [1][0] OK
C:[30/10/2012 09:17:30.09][172.16.8.247][1344] SELECT pre_cod_asig1,pre_cod_asig2,pre_cod_asig3,pre_cod_asig4,pre_cod_asig5,pre_cod_asig6,pre_cod_asig7 FROM tblaca009 WHERE pensum='5' AND c_uni_ca='4' AND c_asigna='300228' [1][0] OK
C:[30/10/2012 09:17:30.09][172.16.8.247][1357] SELECT c_asigna FROM dace004 WHERE exp_e='11-25393512' AND c_asigna='300101' AND status IN ('0','3','B') [1][0] OK
C:[30/10/2012 09:17:30.09][172.16.8.247][1344] SELECT pre_cod_asig1,pre_cod_asig2,pre_cod_asig3,pre_cod_asig4,pre_cod_asig5,pre_cod_asig6,pre_cod_asig7 FROM tblaca009 WHERE pensum='5' AND c_uni_ca='4' AND c_asigna='300314' [1][0] OK
C:[30/10/2012 09:17:30.09][172.16.8.247][1357] SELECT c_asigna FROM dace004 WHERE exp_e='11-25393512' AND c_asigna='300106' AND status IN ('0','3','B') [1][0] OK
C:[30/10/2012 09:17:30.59][172.16.8.247][1388] SELECT par_cod_asig1,par_cod_asig2,par_cod_asig3 FROM tblaca009 WHERE pensum='5' AND c_uni_ca='4' AND c_asigna='333326' [1][0] OK
C:[30/10/2012 09:17:30.59][172.16.8.247][1388] SELECT par_cod_asig1,par_cod_asig2,par_cod_asig3 FROM tblaca009 WHERE pensum='5' AND c_uni_ca='4' AND c_asigna='300207' [1][0] OK
C:[30/10/2012 09:17:30.59][172.16.8.247][1388] SELECT par_cod_asig1,par_cod_asig2,par_cod_asig3 FROM tblaca009 WHERE pensum='5' AND c_uni_ca='4' AND c_asigna='300209' [1][0] OK
C:[30/10/2012 09:17:30.59][172.16.8.247][1388] SELECT par_cod_asig1,par_cod_asig2,par_cod_asig3 FROM tblaca009 WHERE pensum='5' AND c_uni_ca='4' AND c_asigna='300213' [1][0] OK
C:[30/10/2012 09:17:30.59][172.16.8.247][1402] SELECT c_asigna FROM dace004 WHERE exp_e='11-25393512' AND c_asigna='300209' AND status IN ('0','3','B','C') [0][0] OK
C:[30/10/2012 09:17:30.59][172.16.8.247][1388] SELECT par_cod_asig1,par_cod_asig2,par_cod_asig3 FROM tblaca009 WHERE pensum='5' AND c_uni_ca='4' AND c_asigna='300218' [1][0] OK
C:[30/10/2012 09:17:30.59][172.16.8.247][1402] SELECT c_asigna FROM dace004 WHERE exp_e='11-25393512' AND c_asigna='300228' AND status IN ('0','3','B','C') [0][0] OK
C:[30/10/2012 09:17:30.59][172.16.8.247][1388] SELECT par_cod_asig1,par_cod_asig2,par_cod_asig3 FROM tblaca009 WHERE pensum='5' AND c_uni_ca='4' AND c_asigna='300228' [1][0] OK
C:[30/10/2012 09:17:30.59][172.16.8.247][1388] SELECT par_cod_asig1,par_cod_asig2,par_cod_asig3 FROM tblaca009 WHERE pensum='5' AND c_uni_ca='4' AND c_asigna='300314' [1][0] OK
C:[30/10/2012 09:17:30.73][172.16.8.247][1518] SELECT horas_lab FROM tblaca008 WHERE c_asigna='333326' AND horas_teoricas > 0 [1][0] OK
C:[30/10/2012 09:17:30.84][172.16.8.247][1550] SELECT sum(u_creditos*1) FROM dace006 a, tblaca009 b WHERE a.exp_e='11-25393512' AND a.lapso='2012-2' AND b.pensum='5' AND b.c_uni_ca='4' AND status IN ('7','A','2') AND a.c_asigna=b.c_asigna  [1][0] OK
C:[30/10/2012 09:17:30.96][172.16.8.247][1569] SELECT sum(u_creditos*1) FROM dace006 a, tblaca009 b WHERE a.exp_e='11-25393512' AND a.lapso='2012-2' AND b.pensum='5' AND b.c_uni_ca='4' AND status IN ('7','A','2') AND a.c_asigna=b.c_asigna AND a.c_asigna IN ('300207','300209','300213','300218','300228','300314') [1][0] OK
C:[30/10/2012 09:17:30.09][172.16.8.247][1585] SELECT MAX(semestre) FROM dace006 a, tblaca009 b WHERE a.exp_e='11-25393512' AND a.lapso='2012-2' AND b.pensum='5' AND b.c_uni_ca='4' AND status IN ('7','A','2') AND a.c_asigna=b.c_asigna  [1][0] OK
C:[30/10/2012 09:17:31.21][172.16.8.247][1606] SELECT MIN(semestre) FROM dace006 a, tblaca009 b WHERE a.exp_e='11-25393512' AND a.lapso='2012-2' AND b.pensum='5' AND b.c_uni_ca='4' AND status IN ('7','A','2') AND a.c_asigna=b.c_asigna AND a.c_asigna IN ('333326') [1][0] OK
C:[30/10/2012 09:56:24.84][172.16.8.125][1344] SELECT pre_cod_asig1,pre_cod_asig2,pre_cod_asig3,pre_cod_asig4,pre_cod_asig5,pre_cod_asig6,pre_cod_asig7 FROM tblaca009 WHERE pensum='5' AND c_uni_ca='2' AND c_asigna='300676' [1][0] OK
C:[30/10/2012 09:56:24.84][172.16.8.125][1344] SELECT pre_cod_asig1,pre_cod_asig2,pre_cod_asig3,pre_cod_asig4,pre_cod_asig5,pre_cod_asig6,pre_cod_asig7 FROM tblaca009 WHERE pensum='5' AND c_uni_ca='2' AND c_asigna='300422' [1][0] OK
C:[30/10/2012 09:56:24.84][172.16.8.125][1357] SELECT c_asigna FROM dace004 WHERE exp_e='09-19905577' AND c_asigna='300105' AND status IN ('0','3','B') [1][0] OK
C:[30/10/2012 09:56:24.84][172.16.8.125][1357] SELECT c_asigna FROM dace004 WHERE exp_e='09-19905577' AND c_asigna='300314' AND status IN ('0','3','B') [1][0] OK
C:[30/10/2012 09:56:24.84][172.16.8.125][1344] SELECT pre_cod_asig1,pre_cod_asig2,pre_cod_asig3,pre_cod_asig4,pre_cod_asig5,pre_cod_asig6,pre_cod_asig7 FROM tblaca009 WHERE pensum='5' AND c_uni_ca='2' AND c_asigna='322605' [1][0] OK
C:[30/10/2012 09:56:24.84][172.16.8.125][1357] SELECT c_asigna FROM dace004 WHERE exp_e='09-19905577' AND c_asigna='322436' AND status IN ('0','3','B') [1][0] OK
C:[30/10/2012 09:56:24.84][172.16.8.125][1344] SELECT pre_cod_asig1,pre_cod_asig2,pre_cod_asig3,pre_cod_asig4,pre_cod_asig5,pre_cod_asig6,pre_cod_asig7 FROM tblaca009 WHERE pensum='5' AND c_uni_ca='2' AND c_asigna='322681' [1][0] OK
C:[30/10/2012 09:56:24.84][172.16.8.125][1357] SELECT c_asigna FROM dace004 WHERE exp_e='09-19905577' AND c_asigna='320437' AND status IN ('0','3','B') [1][0] OK
C:[30/10/2012 09:56:24.84][172.16.8.125][1357] SELECT c_asigna FROM dace004 WHERE exp_e='09-19905577' AND c_asigna='322449' AND status IN ('0','3','B') [1][0] OK
C:[30/10/2012 09:56:24.84][172.16.8.125][1357] SELECT c_asigna FROM dace004 WHERE exp_e='09-19905577' AND c_asigna='300313' AND status IN ('0','3','B') [1][0] OK
C:[30/10/2012 09:56:24.84][172.16.8.125][1357] SELECT c_asigna FROM dace004 WHERE exp_e='09-19905577' AND c_asigna='300209' AND status IN ('0','3','B') [1][0] OK
C:[30/10/2012 09:56:24.84][172.16.8.125][1357] SELECT c_asigna FROM dace004 WHERE exp_e='09-19905577' AND c_asigna='300226' AND status IN ('0','3','B') [1][0] OK
C:[30/10/2012 09:56:24.84][172.16.8.125][1344] SELECT pre_cod_asig1,pre_cod_asig2,pre_cod_asig3,pre_cod_asig4,pre_cod_asig5,pre_cod_asig6,pre_cod_asig7 FROM tblaca009 WHERE pensum='5' AND c_uni_ca='2' AND c_asigna='322683' [1][0] OK
C:[30/10/2012 09:56:24.84][172.16.8.125][1357] SELECT c_asigna FROM dace004 WHERE exp_e='09-19905577' AND c_asigna='322560' AND status IN ('0','3','B') [1][0] OK
C:[30/10/2012 09:56:24.84][172.16.8.125][1344] SELECT pre_cod_asig1,pre_cod_asig2,pre_cod_asig3,pre_cod_asig4,pre_cod_asig5,pre_cod_asig6,pre_cod_asig7 FROM tblaca009 WHERE pensum='5' AND c_uni_ca='2' AND c_asigna='322703' [1][0] OK
C:[30/10/2012 09:56:24.84][172.16.8.125][1357] SELECT c_asigna FROM dace004 WHERE exp_e='09-19905577' AND c_asigna='322669' AND status IN ('0','3','B') [1][0] OK
C:[30/10/2012 09:56:24.84][172.16.8.125][1344] SELECT pre_cod_asig1,pre_cod_asig2,pre_cod_asig3,pre_cod_asig4,pre_cod_asig5,pre_cod_asig6,pre_cod_asig7 FROM tblaca009 WHERE pensum='5' AND c_uni_ca='2' AND c_asigna='322780' [1][0] OK
C:[30/10/2012 09:56:24.84][172.16.8.125][1357] SELECT c_asigna FROM dace004 WHERE exp_e='09-19905577' AND c_asigna='322678' AND status IN ('0','3','B') [1][0] OK
C:[30/10/2012 09:56:24.09][172.16.8.125][1388] SELECT par_cod_asig1,par_cod_asig2,par_cod_asig3 FROM tblaca009 WHERE pensum='5' AND c_uni_ca='2' AND c_asigna='300676' [1][0] OK
C:[30/10/2012 09:56:24.09][172.16.8.125][1388] SELECT par_cod_asig1,par_cod_asig2,par_cod_asig3 FROM tblaca009 WHERE pensum='5' AND c_uni_ca='2' AND c_asigna='300422' [1][0] OK
C:[30/10/2012 09:56:24.09][172.16.8.125][1388] SELECT par_cod_asig1,par_cod_asig2,par_cod_asig3 FROM tblaca009 WHERE pensum='5' AND c_uni_ca='2' AND c_asigna='322605' [1][0] OK
C:[30/10/2012 09:56:24.09][172.16.8.125][1388] SELECT par_cod_asig1,par_cod_asig2,par_cod_asig3 FROM tblaca009 WHERE pensum='5' AND c_uni_ca='2' AND c_asigna='322681' [1][0] OK
C:[30/10/2012 09:56:24.09][172.16.8.125][1388] SELECT par_cod_asig1,par_cod_asig2,par_cod_asig3 FROM tblaca009 WHERE pensum='5' AND c_uni_ca='2' AND c_asigna='322683' [1][0] OK
C:[30/10/2012 09:56:24.09][172.16.8.125][1402] SELECT c_asigna FROM dace004 WHERE exp_e='09-19905577' AND c_asigna='322681' AND status IN ('0','3','B','C') [0][0] OK
C:[30/10/2012 09:56:24.09][172.16.8.125][1388] SELECT par_cod_asig1,par_cod_asig2,par_cod_asig3 FROM tblaca009 WHERE pensum='5' AND c_uni_ca='2' AND c_asigna='322703' [1][0] OK
C:[30/10/2012 09:56:24.09][172.16.8.125][1388] SELECT par_cod_asig1,par_cod_asig2,par_cod_asig3 FROM tblaca009 WHERE pensum='5' AND c_uni_ca='2' AND c_asigna='322780' [1][0] OK
C:[30/10/2012 09:56:25.11][172.16.8.125][1518] SELECT horas_lab FROM tblaca008 WHERE c_asigna='300676' AND horas_teoricas > 0 [1][0] OK
C:[30/10/2012 09:56:25.22][172.16.8.125][1550] SELECT sum(u_creditos*1) FROM dace006 a, tblaca009 b WHERE a.exp_e='09-19905577' AND a.lapso='2012-2' AND b.pensum='5' AND b.c_uni_ca='2' AND status IN ('7','A','2') AND a.c_asigna=b.c_asigna  [1][0] OK
C:[30/10/2012 09:56:25.36][172.16.8.125][1569] SELECT sum(u_creditos*1) FROM dace006 a, tblaca009 b WHERE a.exp_e='09-19905577' AND a.lapso='2012-2' AND b.pensum='5' AND b.c_uni_ca='2' AND status IN ('7','A','2') AND a.c_asigna=b.c_asigna AND a.c_asigna IN ('300422','322605','322681','322683','322703','322780') [1][0] OK
C:[30/10/2012 09:56:25.47][172.16.8.125][1585] SELECT MAX(semestre) FROM dace006 a, tblaca009 b WHERE a.exp_e='09-19905577' AND a.lapso='2012-2' AND b.pensum='5' AND b.c_uni_ca='2' AND status IN ('7','A','2') AND a.c_asigna=b.c_asigna  [1][0] OK
C:[30/10/2012 09:56:25.60][172.16.8.125][1606] SELECT MIN(semestre) FROM dace006 a, tblaca009 b WHERE a.exp_e='09-19905577' AND a.lapso='2012-2' AND b.pensum='5' AND b.c_uni_ca='2' AND status IN ('7','A','2') AND a.c_asigna=b.c_asigna AND a.c_asigna IN ('300676') [1][0] OK
C:[30/10/2012 10:19:54.40][172.16.12.2][1344] SELECT pre_cod_asig1,pre_cod_asig2,pre_cod_asig3,pre_cod_asig4,pre_cod_asig5,pre_cod_asig6,pre_cod_asig7 FROM tblaca009 WHERE pensum='5' AND c_uni_ca='4' AND c_asigna='300113' [1][0] OK
C:[30/10/2012 10:19:54.40][172.16.12.2][1344] SELECT pre_cod_asig1,pre_cod_asig2,pre_cod_asig3,pre_cod_asig4,pre_cod_asig5,pre_cod_asig6,pre_cod_asig7 FROM tblaca009 WHERE pensum='5' AND c_uni_ca='4' AND c_asigna='300207' [1][0] OK
C:[30/10/2012 10:19:54.40][172.16.12.2][1357] SELECT c_asigna FROM dace004 WHERE exp_e='11-25034691' AND c_asigna='300101' AND status IN ('0','3','B') [1][0] OK
C:[30/10/2012 10:19:54.77][172.16.12.2][1388] SELECT par_cod_asig1,par_cod_asig2,par_cod_asig3 FROM tblaca009 WHERE pensum='5' AND c_uni_ca='4' AND c_asigna='300113' [1][0] OK
C:[30/10/2012 10:19:54.77][172.16.12.2][1402] SELECT c_asigna FROM dace004 WHERE exp_e='11-25034691' AND c_asigna='300013' AND status IN ('0','3','B','C') [1][0] OK
C:[30/10/2012 10:19:54.77][172.16.12.2][1388] SELECT par_cod_asig1,par_cod_asig2,par_cod_asig3 FROM tblaca009 WHERE pensum='5' AND c_uni_ca='4' AND c_asigna='300207' [1][0] OK
C:[30/10/2012 10:19:54.16][172.16.12.2][1518] SELECT horas_lab FROM tblaca008 WHERE c_asigna='300113' AND horas_teoricas > 0 [0][0] OK
C:[30/10/2012 10:19:54.27][172.16.12.2][1550] SELECT sum(u_creditos*1) FROM dace006 a, tblaca009 b WHERE a.exp_e='11-25034691' AND a.lapso='2012-2' AND b.pensum='5' AND b.c_uni_ca='4' AND status IN ('7','A','2') AND a.c_asigna=b.c_asigna  [1][0] OK
C:[30/10/2012 10:19:54.41][172.16.12.2][1569] SELECT sum(u_creditos*1) FROM dace006 a, tblaca009 b WHERE a.exp_e='11-25034691' AND a.lapso='2012-2' AND b.pensum='5' AND b.c_uni_ca='4' AND status IN ('7','A','2') AND a.c_asigna=b.c_asigna AND a.c_asigna IN ('300207') [1][0] OK
C:[30/10/2012 10:19:54.52][172.16.12.2][1585] SELECT MAX(semestre) FROM dace006 a, tblaca009 b WHERE a.exp_e='11-25034691' AND a.lapso='2012-2' AND b.pensum='5' AND b.c_uni_ca='4' AND status IN ('7','A','2') AND a.c_asigna=b.c_asigna  [1][0] OK
C:[30/10/2012 10:19:54.65][172.16.12.2][1606] SELECT MIN(semestre) FROM dace006 a, tblaca009 b WHERE a.exp_e='11-25034691' AND a.lapso='2012-2' AND b.pensum='5' AND b.c_uni_ca='4' AND status IN ('7','A','2') AND a.c_asigna=b.c_asigna AND a.c_asigna IN ('300113') [1][0] OK
C:[30/10/2012 14:42:42.47][172.16.8.125][1344] SELECT pre_cod_asig1,pre_cod_asig2,pre_cod_asig3,pre_cod_asig4,pre_cod_asig5,pre_cod_asig6,pre_cod_asig7 FROM tblaca009 WHERE pensum='5' AND c_uni_ca='5' AND c_asigna='355951' [1][0] OK
C:[30/10/2012 14:42:42.47][172.16.8.125][1357] SELECT c_asigna FROM dace004 WHERE exp_e='07-19858498' AND c_asigna='355691' AND status IN ('0','3','B') [1][0] OK
C:[30/10/2012 14:42:42.47][172.16.8.125][1344] SELECT pre_cod_asig1,pre_cod_asig2,pre_cod_asig3,pre_cod_asig4,pre_cod_asig5,pre_cod_asig6,pre_cod_asig7 FROM tblaca009 WHERE pensum='5' AND c_uni_ca='5' AND c_asigna='355722' [1][0] OK
C:[30/10/2012 14:42:42.47][172.16.8.125][1357] SELECT c_asigna FROM dace004 WHERE exp_e='07-19858498' AND c_asigna='355691' AND status IN ('0','3','B') [1][0] OK
C:[30/10/2012 14:42:42.47][172.16.8.125][1357] SELECT c_asigna FROM dace004 WHERE exp_e='07-19858498' AND c_asigna='355595' AND status IN ('0','3','B') [1][0] OK
C:[30/10/2012 14:42:42.47][172.16.8.125][1344] SELECT pre_cod_asig1,pre_cod_asig2,pre_cod_asig3,pre_cod_asig4,pre_cod_asig5,pre_cod_asig6,pre_cod_asig7 FROM tblaca009 WHERE pensum='5' AND c_uni_ca='5' AND c_asigna='355723' [1][0] OK
C:[30/10/2012 14:42:42.47][172.16.8.125][1357] SELECT c_asigna FROM dace004 WHERE exp_e='07-19858498' AND c_asigna='355694' AND status IN ('0','3','B') [1][0] OK
C:[30/10/2012 14:42:42.47][172.16.8.125][1344] SELECT pre_cod_asig1,pre_cod_asig2,pre_cod_asig3,pre_cod_asig4,pre_cod_asig5,pre_cod_asig6,pre_cod_asig7 FROM tblaca009 WHERE pensum='5' AND c_uni_ca='5' AND c_asigna='355724' [1][0] OK
C:[30/10/2012 14:42:42.47][172.16.8.125][1357] SELECT c_asigna FROM dace004 WHERE exp_e='07-19858498' AND c_asigna='355692' AND status IN ('0','3','B') [1][0] OK
C:[30/10/2012 14:42:42.47][172.16.8.125][1344] SELECT pre_cod_asig1,pre_cod_asig2,pre_cod_asig3,pre_cod_asig4,pre_cod_asig5,pre_cod_asig6,pre_cod_asig7 FROM tblaca009 WHERE pensum='5' AND c_uni_ca='5' AND c_asigna='355725' [1][0] OK
C:[30/10/2012 14:42:42.47][172.16.8.125][1357] SELECT c_asigna FROM dace004 WHERE exp_e='07-19858498' AND c_asigna='355693' AND status IN ('0','3','B') [1][0] OK
C:[30/10/2012 14:42:42.47][172.16.8.125][1357] SELECT c_asigna FROM dace004 WHERE exp_e='07-19858498' AND c_asigna='355692' AND status IN ('0','3','B') [1][0] OK
C:[30/10/2012 14:42:42.31][172.16.8.125][1388] SELECT par_cod_asig1,par_cod_asig2,par_cod_asig3 FROM tblaca009 WHERE pensum='5' AND c_uni_ca='5' AND c_asigna='355951' [1][0] OK
C:[30/10/2012 14:42:42.31][172.16.8.125][1388] SELECT par_cod_asig1,par_cod_asig2,par_cod_asig3 FROM tblaca009 WHERE pensum='5' AND c_uni_ca='5' AND c_asigna='355722' [1][0] OK
C:[30/10/2012 14:42:42.31][172.16.8.125][1388] SELECT par_cod_asig1,par_cod_asig2,par_cod_asig3 FROM tblaca009 WHERE pensum='5' AND c_uni_ca='5' AND c_asigna='355723' [1][0] OK
C:[30/10/2012 14:42:42.31][172.16.8.125][1388] SELECT par_cod_asig1,par_cod_asig2,par_cod_asig3 FROM tblaca009 WHERE pensum='5' AND c_uni_ca='5' AND c_asigna='355724' [1][0] OK
C:[30/10/2012 14:42:42.31][172.16.8.125][1388] SELECT par_cod_asig1,par_cod_asig2,par_cod_asig3 FROM tblaca009 WHERE pensum='5' AND c_uni_ca='5' AND c_asigna='355725' [1][0] OK
C:[30/10/2012 14:42:42.61][172.16.8.125][1518] SELECT horas_lab FROM tblaca008 WHERE c_asigna='355951' AND horas_teoricas > 0 [1][0] OK
C:[30/10/2012 14:42:43.74][172.16.8.125][1550] SELECT sum(u_creditos*1) FROM dace006 a, tblaca009 b WHERE a.exp_e='07-19858498' AND a.lapso='2012-2' AND b.pensum='5' AND b.c_uni_ca='5' AND status IN ('7','A','2') AND a.c_asigna=b.c_asigna  [1][0] OK
C:[30/10/2012 14:42:43.85][172.16.8.125][1569] SELECT sum(u_creditos*1) FROM dace006 a, tblaca009 b WHERE a.exp_e='07-19858498' AND a.lapso='2012-2' AND b.pensum='5' AND b.c_uni_ca='5' AND status IN ('7','A','2') AND a.c_asigna=b.c_asigna AND a.c_asigna IN ('355722','355723','355724','355725') [1][0] OK
C:[30/10/2012 14:42:43.97][172.16.8.125][1585] SELECT MAX(semestre) FROM dace006 a, tblaca009 b WHERE a.exp_e='07-19858498' AND a.lapso='2012-2' AND b.pensum='5' AND b.c_uni_ca='5' AND status IN ('7','A','2') AND a.c_asigna=b.c_asigna  [1][0] OK
C:[30/10/2012 14:42:43.10][172.16.8.125][1606] SELECT MIN(semestre) FROM dace006 a, tblaca009 b WHERE a.exp_e='07-19858498' AND a.lapso='2012-2' AND b.pensum='5' AND b.c_uni_ca='5' AND status IN ('7','A','2') AND a.c_asigna=b.c_asigna AND a.c_asigna IN ('355951') [1][0] OK
C:[30/10/2012 14:52:55.94][172.16.8.125][1344] SELECT pre_cod_asig1,pre_cod_asig2,pre_cod_asig3,pre_cod_asig4,pre_cod_asig5,pre_cod_asig6,pre_cod_asig7 FROM tblaca009 WHERE pensum='5' AND c_uni_ca='4' AND c_asigna='334762' [1][0] OK
C:[30/10/2012 14:52:55.94][172.16.8.125][1344] SELECT pre_cod_asig1,pre_cod_asig2,pre_cod_asig3,pre_cod_asig4,pre_cod_asig5,pre_cod_asig6,pre_cod_asig7 FROM tblaca009 WHERE pensum='5' AND c_uni_ca='4' AND c_asigna='333838' [1][0] OK
C:[30/10/2012 14:52:55.94][172.16.8.125][1357] SELECT c_asigna FROM dace004 WHERE exp_e='08-20035138' AND c_asigna='333563' AND status IN ('0','3','B') [1][0] OK
C:[30/10/2012 14:52:55.94][172.16.8.125][1357] SELECT c_asigna FROM dace004 WHERE exp_e='08-20035138' AND c_asigna='333683' AND status IN ('0','3','B') [1][0] OK
C:[30/10/2012 14:52:55.94][172.16.8.125][1344] SELECT pre_cod_asig1,pre_cod_asig2,pre_cod_asig3,pre_cod_asig4,pre_cod_asig5,pre_cod_asig6,pre_cod_asig7 FROM tblaca009 WHERE pensum='5' AND c_uni_ca='4' AND c_asigna='300677' [1][0] OK
C:[30/10/2012 14:52:55.94][172.16.8.125][1344] SELECT pre_cod_asig1,pre_cod_asig2,pre_cod_asig3,pre_cod_asig4,pre_cod_asig5,pre_cod_asig6,pre_cod_asig7 FROM tblaca009 WHERE pensum='5' AND c_uni_ca='4' AND c_asigna='332604' [1][0] OK
C:[30/10/2012 14:52:55.94][172.16.8.125][1357] SELECT c_asigna FROM dace004 WHERE exp_e='08-20035138' AND c_asigna='332558' AND status IN ('0','3','B') [1][0] OK
C:[30/10/2012 14:52:55.94][172.16.8.125][1344] SELECT pre_cod_asig1,pre_cod_asig2,pre_cod_asig3,pre_cod_asig4,pre_cod_asig5,pre_cod_asig6,pre_cod_asig7 FROM tblaca009 WHERE pensum='5' AND c_uni_ca='4' AND c_asigna='333606' [1][0] OK
C:[30/10/2012 14:52:55.94][172.16.8.125][1357] SELECT c_asigna FROM dace004 WHERE exp_e='08-20035138' AND c_asigna='333584' AND status IN ('0','3','B') [1][0] OK
C:[30/10/2012 14:52:55.94][172.16.8.125][1344] SELECT pre_cod_asig1,pre_cod_asig2,pre_cod_asig3,pre_cod_asig4,pre_cod_asig5,pre_cod_asig6,pre_cod_asig7 FROM tblaca009 WHERE pensum='5' AND c_uni_ca='4' AND c_asigna='333608' [1][0] OK
C:[30/10/2012 14:52:55.94][172.16.8.125][1357] SELECT c_asigna FROM dace004 WHERE exp_e='08-20035138' AND c_asigna='311561' AND status IN ('0','3','B') [1][0] OK
C:[30/10/2012 14:52:55.94][172.16.8.125][1357] SELECT c_asigna FROM dace004 WHERE exp_e='08-20035138' AND c_asigna='333564' AND status IN ('0','3','B') [1][0] OK
C:[30/10/2012 14:52:55.94][172.16.8.125][1344] SELECT pre_cod_asig1,pre_cod_asig2,pre_cod_asig3,pre_cod_asig4,pre_cod_asig5,pre_cod_asig6,pre_cod_asig7 FROM tblaca009 WHERE pensum='5' AND c_uni_ca='4' AND c_asigna='333737' [1][0] OK
C:[30/10/2012 14:52:55.94][172.16.8.125][1357] SELECT c_asigna FROM dace004 WHERE exp_e='08-20035138' AND c_asigna='333683' AND status IN ('0','3','B') [1][0] OK
C:[30/10/2012 14:52:55.69][172.16.8.125][1388] SELECT par_cod_asig1,par_cod_asig2,par_cod_asig3 FROM tblaca009 WHERE pensum='5' AND c_uni_ca='4' AND c_asigna='334762' [1][0] OK
C:[30/10/2012 14:52:55.69][172.16.8.125][1388] SELECT par_cod_asig1,par_cod_asig2,par_cod_asig3 FROM tblaca009 WHERE pensum='5' AND c_uni_ca='4' AND c_asigna='333838' [1][0] OK
C:[30/10/2012 14:52:55.69][172.16.8.125][1388] SELECT par_cod_asig1,par_cod_asig2,par_cod_asig3 FROM tblaca009 WHERE pensum='5' AND c_uni_ca='4' AND c_asigna='300677' [1][0] OK
C:[30/10/2012 14:52:55.69][172.16.8.125][1388] SELECT par_cod_asig1,par_cod_asig2,par_cod_asig3 FROM tblaca009 WHERE pensum='5' AND c_uni_ca='4' AND c_asigna='332604' [1][0] OK
C:[30/10/2012 14:52:55.69][172.16.8.125][1388] SELECT par_cod_asig1,par_cod_asig2,par_cod_asig3 FROM tblaca009 WHERE pensum='5' AND c_uni_ca='4' AND c_asigna='333606' [1][0] OK
C:[30/10/2012 14:52:55.69][172.16.8.125][1388] SELECT par_cod_asig1,par_cod_asig2,par_cod_asig3 FROM tblaca009 WHERE pensum='5' AND c_uni_ca='4' AND c_asigna='333608' [1][0] OK
C:[30/10/2012 14:52:55.69][172.16.8.125][1388] SELECT par_cod_asig1,par_cod_asig2,par_cod_asig3 FROM tblaca009 WHERE pensum='5' AND c_uni_ca='4' AND c_asigna='333737' [1][0] OK
C:[30/10/2012 14:52:55.58][172.16.8.125][1518] SELECT horas_lab FROM tblaca008 WHERE c_asigna='334762' AND horas_teoricas > 0 [1][0] OK
C:[30/10/2012 14:52:55.58][172.16.8.125][1518] SELECT horas_lab FROM tblaca008 WHERE c_asigna='333838' AND horas_teoricas > 0 [1][0] OK
C:[30/10/2012 14:52:55.82][172.16.8.125][1550] SELECT sum(u_creditos*1) FROM dace006 a, tblaca009 b WHERE a.exp_e='08-20035138' AND a.lapso='2012-2' AND b.pensum='5' AND b.c_uni_ca='4' AND status IN ('7','A','2') AND a.c_asigna=b.c_asigna  [1][0] OK
C:[30/10/2012 14:52:55.95][172.16.8.125][1569] SELECT sum(u_creditos*1) FROM dace006 a, tblaca009 b WHERE a.exp_e='08-20035138' AND a.lapso='2012-2' AND b.pensum='5' AND b.c_uni_ca='4' AND status IN ('7','A','2') AND a.c_asigna=b.c_asigna AND a.c_asigna IN ('300677','332604','333606','333608','333737') [1][0] OK
C:[30/10/2012 14:52:55.07][172.16.8.125][1585] SELECT MAX(semestre) FROM dace006 a, tblaca009 b WHERE a.exp_e='08-20035138' AND a.lapso='2012-2' AND b.pensum='5' AND b.c_uni_ca='4' AND status IN ('7','A','2') AND a.c_asigna=b.c_asigna  [1][0] OK
C:[30/10/2012 14:52:55.19][172.16.8.125][1606] SELECT MIN(semestre) FROM dace006 a, tblaca009 b WHERE a.exp_e='08-20035138' AND a.lapso='2012-2' AND b.pensum='5' AND b.c_uni_ca='4' AND status IN ('7','A','2') AND a.c_asigna=b.c_asigna AND a.c_asigna IN ('334762','333838') [1][0] OK
C:[30/10/2012 15:08:32.60][172.16.8.247][1344] SELECT pre_cod_asig1,pre_cod_asig2,pre_cod_asig3,pre_cod_asig4,pre_cod_asig5,pre_cod_asig6,pre_cod_asig7 FROM tblaca009 WHERE pensum='5' AND c_uni_ca='5' AND c_asigna='355722' [1][0] OK
C:[30/10/2012 15:08:32.60][172.16.8.247][1357] SELECT c_asigna FROM dace004 WHERE exp_e='08-20506740' AND c_asigna='355691' AND status IN ('0','3','B') [1][0] OK
C:[30/10/2012 15:08:32.60][172.16.8.247][1357] SELECT c_asigna FROM dace004 WHERE exp_e='08-20506740' AND c_asigna='355595' AND status IN ('0','3','B') [1][0] OK
C:[30/10/2012 15:08:32.60][172.16.8.247][1344] SELECT pre_cod_asig1,pre_cod_asig2,pre_cod_asig3,pre_cod_asig4,pre_cod_asig5,pre_cod_asig6,pre_cod_asig7 FROM tblaca009 WHERE pensum='5' AND c_uni_ca='5' AND c_asigna='355692' [1][0] OK
C:[30/10/2012 15:08:32.60][172.16.8.247][1357] SELECT c_asigna FROM dace004 WHERE exp_e='08-20506740' AND c_asigna='355448' AND status IN ('0','3','B') [1][0] OK
C:[30/10/2012 15:08:32.60][172.16.8.247][1357] SELECT c_asigna FROM dace004 WHERE exp_e='08-20506740' AND c_asigna='355570' AND status IN ('0','3','B') [1][0] OK
C:[30/10/2012 15:08:32.60][172.16.8.247][1344] SELECT pre_cod_asig1,pre_cod_asig2,pre_cod_asig3,pre_cod_asig4,pre_cod_asig5,pre_cod_asig6,pre_cod_asig7 FROM tblaca009 WHERE pensum='5' AND c_uni_ca='5' AND c_asigna='355693' [1][0] OK
C:[30/10/2012 15:08:32.60][172.16.8.247][1357] SELECT c_asigna FROM dace004 WHERE exp_e='08-20506740' AND c_asigna='355572' AND status IN ('0','3','B') [1][0] OK
C:[30/10/2012 15:08:32.60][172.16.8.247][1357] SELECT c_asigna FROM dace004 WHERE exp_e='08-20506740' AND c_asigna='352440' AND status IN ('0','3','B') [1][0] OK
C:[30/10/2012 15:08:32.60][172.16.8.247][1357] SELECT c_asigna FROM dace004 WHERE exp_e='08-20506740' AND c_asigna='355573' AND status IN ('0','3','B') [1][0] OK
C:[30/10/2012 15:08:32.60][172.16.8.247][1357] SELECT c_asigna FROM dace004 WHERE exp_e='08-20506740' AND c_asigna='300226' AND status IN ('0','3','B') [1][0] OK
C:[30/10/2012 15:08:32.60][172.16.8.247][1357] SELECT c_asigna FROM dace004 WHERE exp_e='08-20506740' AND c_asigna='300222' AND status IN ('0','3','B') [1][0] OK
C:[30/10/2012 15:08:32.60][172.16.8.247][1357] SELECT c_asigna FROM dace004 WHERE exp_e='08-20506740' AND c_asigna='300013' AND status IN ('0','3','B') [1][0] OK
C:[30/10/2012 15:08:32.60][172.16.8.247][1357] SELECT c_asigna FROM dace004 WHERE exp_e='08-20506740' AND c_asigna='300113' AND status IN ('0','3','B') [1][0] OK
C:[30/10/2012 15:08:32.60][172.16.8.247][1344] SELECT pre_cod_asig1,pre_cod_asig2,pre_cod_asig3,pre_cod_asig4,pre_cod_asig5,pre_cod_asig6,pre_cod_asig7 FROM tblaca009 WHERE pensum='5' AND c_uni_ca='5' AND c_asigna='355723' [1][0] OK
C:[30/10/2012 15:08:32.60][172.16.8.247][1357] SELECT c_asigna FROM dace004 WHERE exp_e='08-20506740' AND c_asigna='355694' AND status IN ('0','3','B') [1][0] OK
C:[30/10/2012 15:08:32.60][172.16.8.247][1344] SELECT pre_cod_asig1,pre_cod_asig2,pre_cod_asig3,pre_cod_asig4,pre_cod_asig5,pre_cod_asig6,pre_cod_asig7 FROM tblaca009 WHERE pensum='5' AND c_uni_ca='5' AND c_asigna='355834' [1][0] OK
C:[30/10/2012 15:08:32.60][172.16.8.247][1357] SELECT c_asigna FROM dace004 WHERE exp_e='08-20506740' AND c_asigna='355694' AND status IN ('0','3','B') [1][0] OK
C:[30/10/2012 15:08:32.60][172.16.8.247][1344] SELECT pre_cod_asig1,pre_cod_asig2,pre_cod_asig3,pre_cod_asig4,pre_cod_asig5,pre_cod_asig6,pre_cod_asig7 FROM tblaca009 WHERE pensum='5' AND c_uni_ca='5' AND c_asigna='355835' [1][0] OK
C:[30/10/2012 15:08:32.60][172.16.8.247][1357] SELECT c_asigna FROM dace004 WHERE exp_e='08-20506740' AND c_asigna='355691' AND status IN ('0','3','B') [1][0] OK
C:[30/10/2012 15:08:33.10][172.16.8.247][1388] SELECT par_cod_asig1,par_cod_asig2,par_cod_asig3 FROM tblaca009 WHERE pensum='5' AND c_uni_ca='5' AND c_asigna='355722' [1][0] OK
C:[30/10/2012 15:08:33.10][172.16.8.247][1388] SELECT par_cod_asig1,par_cod_asig2,par_cod_asig3 FROM tblaca009 WHERE pensum='5' AND c_uni_ca='5' AND c_asigna='355692' [1][0] OK
C:[30/10/2012 15:08:33.10][172.16.8.247][1388] SELECT par_cod_asig1,par_cod_asig2,par_cod_asig3 FROM tblaca009 WHERE pensum='5' AND c_uni_ca='5' AND c_asigna='355693' [1][0] OK
C:[30/10/2012 15:08:33.10][172.16.8.247][1388] SELECT par_cod_asig1,par_cod_asig2,par_cod_asig3 FROM tblaca009 WHERE pensum='5' AND c_uni_ca='5' AND c_asigna='355723' [1][0] OK
C:[30/10/2012 15:08:33.10][172.16.8.247][1388] SELECT par_cod_asig1,par_cod_asig2,par_cod_asig3 FROM tblaca009 WHERE pensum='5' AND c_uni_ca='5' AND c_asigna='355834' [1][0] OK
C:[30/10/2012 15:08:33.10][172.16.8.247][1388] SELECT par_cod_asig1,par_cod_asig2,par_cod_asig3 FROM tblaca009 WHERE pensum='5' AND c_uni_ca='5' AND c_asigna='355835' [1][0] OK
C:[30/10/2012 15:08:33.86][172.16.8.247][1518] SELECT horas_lab FROM tblaca008 WHERE c_asigna='355722' AND horas_teoricas > 0 [1][0] OK
C:[30/10/2012 15:08:33.97][172.16.8.247][1550] SELECT sum(u_creditos*1) FROM dace006 a, tblaca009 b WHERE a.exp_e='08-20506740' AND a.lapso='2012-2' AND b.pensum='5' AND b.c_uni_ca='5' AND status IN ('7','A','2') AND a.c_asigna=b.c_asigna  [1][0] OK
C:[30/10/2012 15:08:33.11][172.16.8.247][1569] SELECT sum(u_creditos*1) FROM dace006 a, tblaca009 b WHERE a.exp_e='08-20506740' AND a.lapso='2012-2' AND b.pensum='5' AND b.c_uni_ca='5' AND status IN ('7','A','2') AND a.c_asigna=b.c_asigna AND a.c_asigna IN ('355692','355693','355723','355834','355835') [1][0] OK
C:[30/10/2012 15:08:33.22][172.16.8.247][1585] SELECT MAX(semestre) FROM dace006 a, tblaca009 b WHERE a.exp_e='08-20506740' AND a.lapso='2012-2' AND b.pensum='5' AND b.c_uni_ca='5' AND status IN ('7','A','2') AND a.c_asigna=b.c_asigna  [1][0] OK
C:[30/10/2012 15:08:33.35][172.16.8.247][1606] SELECT MIN(semestre) FROM dace006 a, tblaca009 b WHERE a.exp_e='08-20506740' AND a.lapso='2012-2' AND b.pensum='5' AND b.c_uni_ca='5' AND status IN ('7','A','2') AND a.c_asigna=b.c_asigna AND a.c_asigna IN ('355722') [1][0] OK
C:[31/10/2012 10:07:16.94][172.16.8.125][1344] SELECT pre_cod_asig1,pre_cod_asig2,pre_cod_asig3,pre_cod_asig4,pre_cod_asig5,pre_cod_asig6,pre_cod_asig7 FROM tblaca009 WHERE pensum='5' AND c_uni_ca='6' AND c_asigna='300013' [1][0] OK
C:[31/10/2012 10:07:16.94][172.16.8.125][1344] SELECT pre_cod_asig1,pre_cod_asig2,pre_cod_asig3,pre_cod_asig4,pre_cod_asig5,pre_cod_asig6,pre_cod_asig7 FROM tblaca009 WHERE pensum='5' AND c_uni_ca='6' AND c_asigna='300218' [1][0] OK
C:[31/10/2012 10:07:17.20][172.16.8.125][1388] SELECT par_cod_asig1,par_cod_asig2,par_cod_asig3 FROM tblaca009 WHERE pensum='5' AND c_uni_ca='6' AND c_asigna='300013' [1][0] OK
C:[31/10/2012 10:07:17.20][172.16.8.125][1388] SELECT par_cod_asig1,par_cod_asig2,par_cod_asig3 FROM tblaca009 WHERE pensum='5' AND c_uni_ca='6' AND c_asigna='300218' [1][0] OK
C:[31/10/2012 10:07:17.20][172.16.8.125][1402] SELECT c_asigna FROM dace004 WHERE exp_e='09-21197811' AND c_asigna='300228' AND status IN ('0','3','B','C') [1][0] OK
C:[31/10/2012 10:07:17.58][172.16.8.125][1518] SELECT horas_lab FROM tblaca008 WHERE c_asigna='300013' AND horas_teoricas > 0 [1][0] OK
C:[31/10/2012 10:07:17.69][172.16.8.125][1550] SELECT sum(u_creditos*1) FROM dace006 a, tblaca009 b WHERE a.exp_e='09-21197811' AND a.lapso='2012-2' AND b.pensum='5' AND b.c_uni_ca='6' AND status IN ('7','A','2') AND a.c_asigna=b.c_asigna  [1][0] OK
C:[31/10/2012 10:07:17.82][172.16.8.125][1569] SELECT sum(u_creditos*1) FROM dace006 a, tblaca009 b WHERE a.exp_e='09-21197811' AND a.lapso='2012-2' AND b.pensum='5' AND b.c_uni_ca='6' AND status IN ('7','A','2') AND a.c_asigna=b.c_asigna AND a.c_asigna IN ('300218') [1][0] OK
C:[31/10/2012 10:07:17.95][172.16.8.125][1585] SELECT MAX(semestre) FROM dace006 a, tblaca009 b WHERE a.exp_e='09-21197811' AND a.lapso='2012-2' AND b.pensum='5' AND b.c_uni_ca='6' AND status IN ('7','A','2') AND a.c_asigna=b.c_asigna  [1][0] OK
C:[31/10/2012 10:07:17.07][172.16.8.125][1606] SELECT MIN(semestre) FROM dace006 a, tblaca009 b WHERE a.exp_e='09-21197811' AND a.lapso='2012-2' AND b.pensum='5' AND b.c_uni_ca='6' AND status IN ('7','A','2') AND a.c_asigna=b.c_asigna AND a.c_asigna IN ('300013') [1][0] OK
C:[31/10/2012 11:06:23.67][172.16.8.125][1344] SELECT pre_cod_asig1,pre_cod_asig2,pre_cod_asig3,pre_cod_asig4,pre_cod_asig5,pre_cod_asig6,pre_cod_asig7 FROM tblaca009 WHERE pensum='5' AND c_uni_ca='3' AND c_asigna='300113' [1][0] OK
C:[31/10/2012 11:06:23.67][172.16.8.125][1344] SELECT pre_cod_asig1,pre_cod_asig2,pre_cod_asig3,pre_cod_asig4,pre_cod_asig5,pre_cod_asig6,pre_cod_asig7 FROM tblaca009 WHERE pensum='5' AND c_uni_ca='3' AND c_asigna='300013' [1][0] OK
C:[31/10/2012 11:06:23.67][172.16.8.125][1344] SELECT pre_cod_asig1,pre_cod_asig2,pre_cod_asig3,pre_cod_asig4,pre_cod_asig5,pre_cod_asig6,pre_cod_asig7 FROM tblaca009 WHERE pensum='5' AND c_uni_ca='3' AND c_asigna='300209' [1][0] OK
C:[31/10/2012 11:06:23.67][172.16.8.125][1357] SELECT c_asigna FROM dace004 WHERE exp_e='11-21248811' AND c_asigna='300101' AND status IN ('0','3','B') [1][0] OK
C:[31/10/2012 11:06:23.67][172.16.8.125][1344] SELECT pre_cod_asig1,pre_cod_asig2,pre_cod_asig3,pre_cod_asig4,pre_cod_asig5,pre_cod_asig6,pre_cod_asig7 FROM tblaca009 WHERE pensum='5' AND c_uni_ca='3' AND c_asigna='300226' [1][0] OK
C:[31/10/2012 11:06:23.67][172.16.8.125][1357] SELECT c_asigna FROM dace004 WHERE exp_e='11-21248811' AND c_asigna='300116' AND status IN ('0','3','B') [1][0] OK
C:[31/10/2012 11:06:23.67][172.16.8.125][1344] SELECT pre_cod_asig1,pre_cod_asig2,pre_cod_asig3,pre_cod_asig4,pre_cod_asig5,pre_cod_asig6,pre_cod_asig7 FROM tblaca009 WHERE pensum='5' AND c_uni_ca='3' AND c_asigna='300228' [1][0] OK
C:[31/10/2012 11:06:23.67][172.16.8.125][1357] SELECT c_asigna FROM dace004 WHERE exp_e='11-21248811' AND c_asigna='300101' AND status IN ('0','3','B') [1][0] OK
C:[31/10/2012 11:06:23.67][172.16.8.125][1388] SELECT par_cod_asig1,par_cod_asig2,par_cod_asig3 FROM tblaca009 WHERE pensum='5' AND c_uni_ca='3' AND c_asigna='300113' [1][0] OK
C:[31/10/2012 11:06:23.67][172.16.8.125][1402] SELECT c_asigna FROM dace004 WHERE exp_e='11-21248811' AND c_asigna='300013' AND status IN ('0','3','B','C') [0][0] OK
C:[31/10/2012 11:06:23.67][172.16.8.125][1388] SELECT par_cod_asig1,par_cod_asig2,par_cod_asig3 FROM tblaca009 WHERE pensum='5' AND c_uni_ca='3' AND c_asigna='300013' [1][0] OK
C:[31/10/2012 11:06:23.67][172.16.8.125][1388] SELECT par_cod_asig1,par_cod_asig2,par_cod_asig3 FROM tblaca009 WHERE pensum='5' AND c_uni_ca='3' AND c_asigna='300209' [1][0] OK
C:[31/10/2012 11:06:23.67][172.16.8.125][1388] SELECT par_cod_asig1,par_cod_asig2,par_cod_asig3 FROM tblaca009 WHERE pensum='5' AND c_uni_ca='3' AND c_asigna='300226' [1][0] OK
C:[31/10/2012 11:06:23.67][172.16.8.125][1388] SELECT par_cod_asig1,par_cod_asig2,par_cod_asig3 FROM tblaca009 WHERE pensum='5' AND c_uni_ca='3' AND c_asigna='300228' [1][0] OK
C:[31/10/2012 11:06:23.43][172.16.8.125][1518] SELECT horas_lab FROM tblaca008 WHERE c_asigna='300113' AND horas_teoricas > 0 [0][0] OK
C:[31/10/2012 11:06:23.54][172.16.8.125][1550] SELECT sum(u_creditos*1) FROM dace006 a, tblaca009 b WHERE a.exp_e='11-21248811' AND a.lapso='2012-2' AND b.pensum='5' AND b.c_uni_ca='3' AND status IN ('7','A','2') AND a.c_asigna=b.c_asigna  [1][0] OK
C:[31/10/2012 11:06:23.67][172.16.8.125][1569] SELECT sum(u_creditos*1) FROM dace006 a, tblaca009 b WHERE a.exp_e='11-21248811' AND a.lapso='2012-2' AND b.pensum='5' AND b.c_uni_ca='3' AND status IN ('7','A','2') AND a.c_asigna=b.c_asigna AND a.c_asigna IN ('300013','300209','300226','300228') [1][0] OK
C:[31/10/2012 11:06:23.79][172.16.8.125][1585] SELECT MAX(semestre) FROM dace006 a, tblaca009 b WHERE a.exp_e='11-21248811' AND a.lapso='2012-2' AND b.pensum='5' AND b.c_uni_ca='3' AND status IN ('7','A','2') AND a.c_asigna=b.c_asigna  [1][0] OK
C:[31/10/2012 11:06:23.92][172.16.8.125][1606] SELECT MIN(semestre) FROM dace006 a, tblaca009 b WHERE a.exp_e='11-21248811' AND a.lapso='2012-2' AND b.pensum='5' AND b.c_uni_ca='3' AND status IN ('7','A','2') AND a.c_asigna=b.c_asigna AND a.c_asigna IN ('300113') [1][0] OK
C:[01/11/2012 11:29:58.82][172.16.8.125][1344] SELECT pre_cod_asig1,pre_cod_asig2,pre_cod_asig3,pre_cod_asig4,pre_cod_asig5,pre_cod_asig6,pre_cod_asig7 FROM tblaca009 WHERE pensum='5' AND c_uni_ca='6' AND c_asigna='300218' [1][0] OK
C:[01/11/2012 11:29:58.82][172.16.8.125][1344] SELECT pre_cod_asig1,pre_cod_asig2,pre_cod_asig3,pre_cod_asig4,pre_cod_asig5,pre_cod_asig6,pre_cod_asig7 FROM tblaca009 WHERE pensum='5' AND c_uni_ca='6' AND c_asigna='300013' [1][0] OK
C:[01/11/2012 11:29:58.08][172.16.8.125][1388] SELECT par_cod_asig1,par_cod_asig2,par_cod_asig3 FROM tblaca009 WHERE pensum='5' AND c_uni_ca='6' AND c_asigna='300218' [1][0] OK
C:[01/11/2012 11:29:58.08][172.16.8.125][1402] SELECT c_asigna FROM dace004 WHERE exp_e='09-21197811' AND c_asigna='300228' AND status IN ('0','3','B','C') [1][0] OK
C:[01/11/2012 11:29:58.08][172.16.8.125][1388] SELECT par_cod_asig1,par_cod_asig2,par_cod_asig3 FROM tblaca009 WHERE pensum='5' AND c_uni_ca='6' AND c_asigna='300013' [1][0] OK
C:[01/11/2012 11:29:58.46][172.16.8.125][1518] SELECT horas_lab FROM tblaca008 WHERE c_asigna='300218' AND horas_teoricas > 0 [0][0] OK
C:[01/11/2012 11:29:58.57][172.16.8.125][1550] SELECT sum(u_creditos*1) FROM dace006 a, tblaca009 b WHERE a.exp_e='09-21197811' AND a.lapso='2012-2' AND b.pensum='5' AND b.c_uni_ca='6' AND status IN ('7','A','2') AND a.c_asigna=b.c_asigna  [1][0] OK
C:[01/11/2012 11:29:58.70][172.16.8.125][1569] SELECT sum(u_creditos*1) FROM dace006 a, tblaca009 b WHERE a.exp_e='09-21197811' AND a.lapso='2012-2' AND b.pensum='5' AND b.c_uni_ca='6' AND status IN ('7','A','2') AND a.c_asigna=b.c_asigna AND a.c_asigna IN ('300013') [1][0] OK
C:[01/11/2012 11:29:58.82][172.16.8.125][1585] SELECT MAX(semestre) FROM dace006 a, tblaca009 b WHERE a.exp_e='09-21197811' AND a.lapso='2012-2' AND b.pensum='5' AND b.c_uni_ca='6' AND status IN ('7','A','2') AND a.c_asigna=b.c_asigna  [1][0] OK
C:[01/11/2012 11:29:58.95][172.16.8.125][1606] SELECT MIN(semestre) FROM dace006 a, tblaca009 b WHERE a.exp_e='09-21197811' AND a.lapso='2012-2' AND b.pensum='5' AND b.c_uni_ca='6' AND status IN ('7','A','2') AND a.c_asigna=b.c_asigna AND a.c_asigna IN ('300218') [1][0] OK
C:[01/11/2012 17:08:07.85][172.16.8.125][1344] SELECT pre_cod_asig1,pre_cod_asig2,pre_cod_asig3,pre_cod_asig4,pre_cod_asig5,pre_cod_asig6,pre_cod_asig7 FROM tblaca009 WHERE pensum='5' AND c_uni_ca='4' AND c_asigna='333052' [1][0] OK
C:[01/11/2012 17:08:07.85][172.16.8.125][1344] SELECT pre_cod_asig1,pre_cod_asig2,pre_cod_asig3,pre_cod_asig4,pre_cod_asig5,pre_cod_asig6,pre_cod_asig7 FROM tblaca009 WHERE pensum='5' AND c_uni_ca='4' AND c_asigna='300956' [1][0] OK
C:[01/11/2012 17:08:07.85][172.16.8.125][1357] SELECT c_asigna FROM dace004 WHERE exp_e='07-19621875' AND c_asigna='300422' AND status IN ('0','3','B') [1][0] OK
C:[01/11/2012 17:08:07.85][172.16.8.125][1357] SELECT c_asigna FROM dace004 WHERE exp_e='07-19621875' AND c_asigna='300105' AND status IN ('0','3','B') [1][0] OK
C:[01/11/2012 17:08:07.85][172.16.8.125][1357] SELECT c_asigna FROM dace004 WHERE exp_e='07-19621875' AND c_asigna='300314' AND status IN ('0','3','B') [1][0] OK
C:[01/11/2012 17:08:07.85][172.16.8.125][1344] SELECT pre_cod_asig1,pre_cod_asig2,pre_cod_asig3,pre_cod_asig4,pre_cod_asig5,pre_cod_asig6,pre_cod_asig7 FROM tblaca009 WHERE pensum='5' AND c_uni_ca='4' AND c_asigna='333041' [1][0] OK
C:[01/11/2012 17:08:07.85][172.16.8.125][1344] SELECT pre_cod_asig1,pre_cod_asig2,pre_cod_asig3,pre_cod_asig4,pre_cod_asig5,pre_cod_asig6,pre_cod_asig7 FROM tblaca009 WHERE pensum='5' AND c_uni_ca='4' AND c_asigna='333056' [1][0] OK
C:[01/11/2012 17:08:07.85][172.16.8.125][1344] SELECT pre_cod_asig1,pre_cod_asig2,pre_cod_asig3,pre_cod_asig4,pre_cod_asig5,pre_cod_asig6,pre_cod_asig7 FROM tblaca009 WHERE pensum='5' AND c_uni_ca='4' AND c_asigna='333939' [1][0] OK
C:[01/11/2012 17:08:07.82][172.16.8.125][1388] SELECT par_cod_asig1,par_cod_asig2,par_cod_asig3 FROM tblaca009 WHERE pensum='5' AND c_uni_ca='4' AND c_asigna='333052' [1][0] OK
C:[01/11/2012 17:08:07.82][172.16.8.125][1388] SELECT par_cod_asig1,par_cod_asig2,par_cod_asig3 FROM tblaca009 WHERE pensum='5' AND c_uni_ca='4' AND c_asigna='300956' [1][0] OK
C:[01/11/2012 17:08:07.82][172.16.8.125][1388] SELECT par_cod_asig1,par_cod_asig2,par_cod_asig3 FROM tblaca009 WHERE pensum='5' AND c_uni_ca='4' AND c_asigna='333041' [1][0] OK
C:[01/11/2012 17:08:07.82][172.16.8.125][1388] SELECT par_cod_asig1,par_cod_asig2,par_cod_asig3 FROM tblaca009 WHERE pensum='5' AND c_uni_ca='4' AND c_asigna='333056' [1][0] OK
C:[01/11/2012 17:08:07.82][172.16.8.125][1388] SELECT par_cod_asig1,par_cod_asig2,par_cod_asig3 FROM tblaca009 WHERE pensum='5' AND c_uni_ca='4' AND c_asigna='333939' [1][0] OK
C:[01/11/2012 17:08:07.46][172.16.8.125][1518] SELECT horas_lab FROM tblaca008 WHERE c_asigna='333052' AND horas_teoricas > 0 [1][0] OK
C:[01/11/2012 17:08:07.57][172.16.8.125][1550] SELECT sum(u_creditos*1) FROM dace006 a, tblaca009 b WHERE a.exp_e='07-19621875' AND a.lapso='2012-2' AND b.pensum='5' AND b.c_uni_ca='4' AND status IN ('7','A','2') AND a.c_asigna=b.c_asigna  [1][0] OK
C:[01/11/2012 17:08:07.70][172.16.8.125][1569] SELECT sum(u_creditos*1) FROM dace006 a, tblaca009 b WHERE a.exp_e='07-19621875' AND a.lapso='2012-2' AND b.pensum='5' AND b.c_uni_ca='4' AND status IN ('7','A','2') AND a.c_asigna=b.c_asigna AND a.c_asigna IN ('300956','333041','333056','333939') [1][0] OK
C:[01/11/2012 17:08:07.82][172.16.8.125][1585] SELECT MAX(semestre) FROM dace006 a, tblaca009 b WHERE a.exp_e='07-19621875' AND a.lapso='2012-2' AND b.pensum='5' AND b.c_uni_ca='4' AND status IN ('7','A','2') AND a.c_asigna=b.c_asigna  [1][0] OK
C:[01/11/2012 17:08:07.95][172.16.8.125][1606] SELECT MIN(semestre) FROM dace006 a, tblaca009 b WHERE a.exp_e='07-19621875' AND a.lapso='2012-2' AND b.pensum='5' AND b.c_uni_ca='4' AND status IN ('7','A','2') AND a.c_asigna=b.c_asigna AND a.c_asigna IN ('333052') [1][0] OK
C:[05/11/2012 16:47:36.38][172.16.8.247][1344] SELECT pre_cod_asig1,pre_cod_asig2,pre_cod_asig3,pre_cod_asig4,pre_cod_asig5,pre_cod_asig6,pre_cod_asig7 FROM tblaca009 WHERE pensum='5' AND c_uni_ca='3' AND c_asigna='300870' [1][0] OK
C:[05/11/2012 16:47:36.38][172.16.8.247][1344] SELECT pre_cod_asig1,pre_cod_asig2,pre_cod_asig3,pre_cod_asig4,pre_cod_asig5,pre_cod_asig6,pre_cod_asig7 FROM tblaca009 WHERE pensum='5' AND c_uni_ca='3' AND c_asigna='300956' [1][0] OK
C:[05/11/2012 16:47:36.38][172.16.8.247][1357] SELECT c_asigna FROM dace004 WHERE exp_e='04-18787883' AND c_asigna='300422' AND status IN ('0','3','B') [1][0] OK
C:[05/11/2012 16:47:36.38][172.16.8.247][1357] SELECT c_asigna FROM dace004 WHERE exp_e='04-18787883' AND c_asigna='300105' AND status IN ('0','3','B') [1][0] OK
C:[05/11/2012 16:47:36.38][172.16.8.247][1357] SELECT c_asigna FROM dace004 WHERE exp_e='04-18787883' AND c_asigna='300314' AND status IN ('0','3','B') [1][0] OK
C:[05/11/2012 16:47:36.38][172.16.8.247][1344] SELECT pre_cod_asig1,pre_cod_asig2,pre_cod_asig3,pre_cod_asig4,pre_cod_asig5,pre_cod_asig6,pre_cod_asig7 FROM tblaca009 WHERE pensum='5' AND c_uni_ca='3' AND c_asigna='311046' [1][0] OK
C:[05/11/2012 16:47:36.38][172.16.8.247][1357] SELECT c_asigna FROM dace004 WHERE exp_e='04-18787883' AND c_asigna='311822' AND status IN ('0','3','B') [1][0] OK
C:[05/11/2012 16:47:36.38][172.16.8.247][1344] SELECT pre_cod_asig1,pre_cod_asig2,pre_cod_asig3,pre_cod_asig4,pre_cod_asig5,pre_cod_asig6,pre_cod_asig7 FROM tblaca009 WHERE pensum='5' AND c_uni_ca='3' AND c_asigna='311092' [1][0] OK
C:[05/11/2012 16:47:36.38][172.16.8.247][1357] SELECT c_asigna FROM dace004 WHERE exp_e='04-18787883' AND c_asigna='311704' AND status IN ('0','3','B') [1][0] OK
C:[05/11/2012 16:47:36.38][172.16.8.247][1344] SELECT pre_cod_asig1,pre_cod_asig2,pre_cod_asig3,pre_cod_asig4,pre_cod_asig5,pre_cod_asig6,pre_cod_asig7 FROM tblaca009 WHERE pensum='5' AND c_uni_ca='3' AND c_asigna='311100' [1][0] OK
C:[05/11/2012 16:47:36.38][172.16.8.247][1344] SELECT pre_cod_asig1,pre_cod_asig2,pre_cod_asig3,pre_cod_asig4,pre_cod_asig5,pre_cod_asig6,pre_cod_asig7 FROM tblaca009 WHERE pensum='5' AND c_uni_ca='3' AND c_asigna='311933' [1][0] OK
C:[05/11/2012 16:47:37.76][172.16.8.247][1388] SELECT par_cod_asig1,par_cod_asig2,par_cod_asig3 FROM tblaca009 WHERE pensum='5' AND c_uni_ca='3' AND c_asigna='300870' [1][0] OK
C:[05/11/2012 16:47:37.76][172.16.8.247][1388] SELECT par_cod_asig1,par_cod_asig2,par_cod_asig3 FROM tblaca009 WHERE pensum='5' AND c_uni_ca='3' AND c_asigna='300956' [1][0] OK
C:[05/11/2012 16:47:37.76][172.16.8.247][1388] SELECT par_cod_asig1,par_cod_asig2,par_cod_asig3 FROM tblaca009 WHERE pensum='5' AND c_uni_ca='3' AND c_asigna='311046' [1][0] OK
C:[05/11/2012 16:47:37.76][172.16.8.247][1388] SELECT par_cod_asig1,par_cod_asig2,par_cod_asig3 FROM tblaca009 WHERE pensum='5' AND c_uni_ca='3' AND c_asigna='311092' [1][0] OK
C:[05/11/2012 16:47:37.76][172.16.8.247][1388] SELECT par_cod_asig1,par_cod_asig2,par_cod_asig3 FROM tblaca009 WHERE pensum='5' AND c_uni_ca='3' AND c_asigna='311100' [1][0] OK
C:[05/11/2012 16:47:37.76][172.16.8.247][1388] SELECT par_cod_asig1,par_cod_asig2,par_cod_asig3 FROM tblaca009 WHERE pensum='5' AND c_uni_ca='3' AND c_asigna='311933' [1][0] OK
C:[05/11/2012 16:47:37.52][172.16.8.247][1518] SELECT horas_lab FROM tblaca008 WHERE c_asigna='300870' AND horas_teoricas > 0 [1][0] OK
C:[05/11/2012 16:47:37.63][172.16.8.247][1550] SELECT sum(u_creditos*1) FROM dace006 a, tblaca009 b WHERE a.exp_e='04-18787883' AND a.lapso='2012-2' AND b.pensum='5' AND b.c_uni_ca='3' AND status IN ('7','A','2') AND a.c_asigna=b.c_asigna  [1][0] OK
C:[05/11/2012 16:47:37.76][172.16.8.247][1569] SELECT sum(u_creditos*1) FROM dace006 a, tblaca009 b WHERE a.exp_e='04-18787883' AND a.lapso='2012-2' AND b.pensum='5' AND b.c_uni_ca='3' AND status IN ('7','A','2') AND a.c_asigna=b.c_asigna AND a.c_asigna IN ('300956','311046','311092','311100','311933') [1][0] OK
C:[05/11/2012 16:47:37.88][172.16.8.247][1585] SELECT MAX(semestre) FROM dace006 a, tblaca009 b WHERE a.exp_e='04-18787883' AND a.lapso='2012-2' AND b.pensum='5' AND b.c_uni_ca='3' AND status IN ('7','A','2') AND a.c_asigna=b.c_asigna  [1][0] OK
C:[05/11/2012 16:47:37.01][172.16.8.247][1606] SELECT MIN(semestre) FROM dace006 a, tblaca009 b WHERE a.exp_e='04-18787883' AND a.lapso='2012-2' AND b.pensum='5' AND b.c_uni_ca='3' AND status IN ('7','A','2') AND a.c_asigna=b.c_asigna AND a.c_asigna IN ('300870') [1][0] OK
C:[05/11/2012 17:16:18.37][172.16.8.125][1344] SELECT pre_cod_asig1,pre_cod_asig2,pre_cod_asig3,pre_cod_asig4,pre_cod_asig5,pre_cod_asig6,pre_cod_asig7 FROM tblaca009 WHERE pensum='5' AND c_uni_ca='3' AND c_asigna='310548' [1][0] OK
C:[05/11/2012 17:16:18.37][172.16.8.125][1357] SELECT c_asigna FROM dace004 WHERE exp_e='07-18415268' AND c_asigna='300428' AND status IN ('0','3','B') [1][0] OK
C:[05/11/2012 17:16:18.37][172.16.8.125][1357] SELECT c_asigna FROM dace004 WHERE exp_e='07-18415268' AND c_asigna='300313' AND status IN ('0','3','B') [1][0] OK
C:[05/11/2012 17:16:18.37][172.16.8.125][1357] SELECT c_asigna FROM dace004 WHERE exp_e='07-18415268' AND c_asigna='300222' AND status IN ('0','3','B') [1][0] OK
C:[05/11/2012 17:16:18.37][172.16.8.125][1357] SELECT c_asigna FROM dace004 WHERE exp_e='07-18415268' AND c_asigna='300226' AND status IN ('0','3','B') [1][0] OK
C:[05/11/2012 17:16:18.37][172.16.8.125][1357] SELECT c_asigna FROM dace004 WHERE exp_e='07-18415268' AND c_asigna='300209' AND status IN ('0','3','B') [1][0] OK
C:[05/11/2012 17:16:18.37][172.16.8.125][1344] SELECT pre_cod_asig1,pre_cod_asig2,pre_cod_asig3,pre_cod_asig4,pre_cod_asig5,pre_cod_asig6,pre_cod_asig7 FROM tblaca009 WHERE pensum='5' AND c_uni_ca='3' AND c_asigna='311320' [1][0] OK
C:[05/11/2012 17:16:18.37][172.16.8.125][1357] SELECT c_asigna FROM dace004 WHERE exp_e='07-18415268' AND c_asigna='300013' AND status IN ('0','3','B') [1][0] OK
C:[05/11/2012 17:16:18.37][172.16.8.125][1357] SELECT c_asigna FROM dace004 WHERE exp_e='07-18415268' AND c_asigna='300113' AND status IN ('0','3','B') [1][0] OK
C:[05/11/2012 17:16:18.37][172.16.8.125][1344] SELECT pre_cod_asig1,pre_cod_asig2,pre_cod_asig3,pre_cod_asig4,pre_cod_asig5,pre_cod_asig6,pre_cod_asig7 FROM tblaca009 WHERE pensum='5' AND c_uni_ca='3' AND c_asigna='311430' [1][0] OK
C:[05/11/2012 17:16:18.37][172.16.8.125][1357] SELECT c_asigna FROM dace004 WHERE exp_e='07-18415268' AND c_asigna='300317' AND status IN ('0','3','B') [1][0] OK
C:[05/11/2012 17:16:18.37][172.16.8.125][1357] SELECT c_asigna FROM dace004 WHERE exp_e='07-18415268' AND c_asigna='300318' AND status IN ('0','3','B') [1][0] OK
C:[05/11/2012 17:16:18.37][172.16.8.125][1357] SELECT c_asigna FROM dace004 WHERE exp_e='07-18415268' AND c_asigna='300313' AND status IN ('0','3','B') [1][0] OK
C:[05/11/2012 17:16:18.37][172.16.8.125][1357] SELECT c_asigna FROM dace004 WHERE exp_e='07-18415268' AND c_asigna='300222' AND status IN ('0','3','B') [1][0] OK
C:[05/11/2012 17:16:18.37][172.16.8.125][1357] SELECT c_asigna FROM dace004 WHERE exp_e='07-18415268' AND c_asigna='300226' AND status IN ('0','3','B') [1][0] OK
C:[05/11/2012 17:16:18.37][172.16.8.125][1357] SELECT c_asigna FROM dace004 WHERE exp_e='07-18415268' AND c_asigna='300209' AND status IN ('0','3','B') [1][0] OK
C:[05/11/2012 17:16:18.37][172.16.8.125][1344] SELECT pre_cod_asig1,pre_cod_asig2,pre_cod_asig3,pre_cod_asig4,pre_cod_asig5,pre_cod_asig6,pre_cod_asig7 FROM tblaca009 WHERE pensum='5' AND c_uni_ca='3' AND c_asigna='311552' [1][0] OK
C:[05/11/2012 17:16:18.37][172.16.8.125][1357] SELECT c_asigna FROM dace004 WHERE exp_e='07-18415268' AND c_asigna='300317' AND status IN ('0','3','B') [1][0] OK
C:[05/11/2012 17:16:18.37][172.16.8.125][1357] SELECT c_asigna FROM dace004 WHERE exp_e='07-18415268' AND c_asigna='300209' AND status IN ('0','3','B') [1][0] OK
C:[05/11/2012 17:16:18.37][172.16.8.125][1344] SELECT pre_cod_asig1,pre_cod_asig2,pre_cod_asig3,pre_cod_asig4,pre_cod_asig5,pre_cod_asig6,pre_cod_asig7 FROM tblaca009 WHERE pensum='5' AND c_uni_ca='3' AND c_asigna='311554' [1][0] OK
C:[05/11/2012 17:16:18.37][172.16.8.125][1357] SELECT c_asigna FROM dace004 WHERE exp_e='07-18415268' AND c_asigna='300318' AND status IN ('0','3','B') [1][0] OK
C:[05/11/2012 17:16:18.37][172.16.8.125][1357] SELECT c_asigna FROM dace004 WHERE exp_e='07-18415268' AND c_asigna='300428' AND status IN ('0','3','B') [1][0] OK
C:[05/11/2012 17:16:18.37][172.16.8.125][1344] SELECT pre_cod_asig1,pre_cod_asig2,pre_cod_asig3,pre_cod_asig4,pre_cod_asig5,pre_cod_asig6,pre_cod_asig7 FROM tblaca009 WHERE pensum='5' AND c_uni_ca='3' AND c_asigna='312333' [1][0] OK
C:[05/11/2012 17:16:18.37][172.16.8.125][1357] SELECT c_asigna FROM dace004 WHERE exp_e='07-18415268' AND c_asigna='300228' AND status IN ('0','3','B') [1][0] OK
C:[05/11/2012 17:16:19.37][172.16.8.125][1388] SELECT par_cod_asig1,par_cod_asig2,par_cod_asig3 FROM tblaca009 WHERE pensum='5' AND c_uni_ca='3' AND c_asigna='310548' [1][0] OK
C:[05/11/2012 17:16:19.37][172.16.8.125][1388] SELECT par_cod_asig1,par_cod_asig2,par_cod_asig3 FROM tblaca009 WHERE pensum='5' AND c_uni_ca='3' AND c_asigna='311320' [1][0] OK
C:[05/11/2012 17:16:19.37][172.16.8.125][1388] SELECT par_cod_asig1,par_cod_asig2,par_cod_asig3 FROM tblaca009 WHERE pensum='5' AND c_uni_ca='3' AND c_asigna='311430' [1][0] OK
C:[05/11/2012 17:16:19.37][172.16.8.125][1388] SELECT par_cod_asig1,par_cod_asig2,par_cod_asig3 FROM tblaca009 WHERE pensum='5' AND c_uni_ca='3' AND c_asigna='311552' [1][0] OK
C:[05/11/2012 17:16:19.37][172.16.8.125][1388] SELECT par_cod_asig1,par_cod_asig2,par_cod_asig3 FROM tblaca009 WHERE pensum='5' AND c_uni_ca='3' AND c_asigna='311554' [1][0] OK
C:[05/11/2012 17:16:19.37][172.16.8.125][1388] SELECT par_cod_asig1,par_cod_asig2,par_cod_asig3 FROM tblaca009 WHERE pensum='5' AND c_uni_ca='3' AND c_asigna='312333' [1][0] OK
C:[05/11/2012 17:16:19.13][172.16.8.125][1518] SELECT horas_lab FROM tblaca008 WHERE c_asigna='310548' AND horas_teoricas > 0 [1][0] OK
C:[05/11/2012 17:16:19.25][172.16.8.125][1550] SELECT sum(u_creditos*1) FROM dace006 a, tblaca009 b WHERE a.exp_e='07-18415268' AND a.lapso='2012-2' AND b.pensum='5' AND b.c_uni_ca='3' AND status IN ('7','A','2') AND a.c_asigna=b.c_asigna  [1][0] OK
C:[05/11/2012 17:16:19.37][172.16.8.125][1569] SELECT sum(u_creditos*1) FROM dace006 a, tblaca009 b WHERE a.exp_e='07-18415268' AND a.lapso='2012-2' AND b.pensum='5' AND b.c_uni_ca='3' AND status IN ('7','A','2') AND a.c_asigna=b.c_asigna AND a.c_asigna IN ('311320','311430','311552','311554','312333') [1][0] OK
C:[05/11/2012 17:16:20.50][172.16.8.125][1585] SELECT MAX(semestre) FROM dace006 a, tblaca009 b WHERE a.exp_e='07-18415268' AND a.lapso='2012-2' AND b.pensum='5' AND b.c_uni_ca='3' AND status IN ('7','A','2') AND a.c_asigna=b.c_asigna  [1][0] OK
C:[05/11/2012 17:16:20.62][172.16.8.125][1606] SELECT MIN(semestre) FROM dace006 a, tblaca009 b WHERE a.exp_e='07-18415268' AND a.lapso='2012-2' AND b.pensum='5' AND b.c_uni_ca='3' AND status IN ('7','A','2') AND a.c_asigna=b.c_asigna AND a.c_asigna IN ('310548') [1][0] OK
C:[06/11/2012 20:19:10.34][172.16.8.125][1344] SELECT pre_cod_asig1,pre_cod_asig2,pre_cod_asig3,pre_cod_asig4,pre_cod_asig5,pre_cod_asig6,pre_cod_asig7 FROM tblaca009 WHERE pensum='5' AND c_uni_ca='3' AND c_asigna='300890' [1][0] OK
C:[06/11/2012 20:19:10.34][172.16.8.125][1344] SELECT pre_cod_asig1,pre_cod_asig2,pre_cod_asig3,pre_cod_asig4,pre_cod_asig5,pre_cod_asig6,pre_cod_asig7 FROM tblaca009 WHERE pensum='5' AND c_uni_ca='3' AND c_asigna='300956' [1][0] OK
C:[06/11/2012 20:19:10.34][172.16.8.125][1357] SELECT c_asigna FROM dace004 WHERE exp_e='09-20506876' AND c_asigna='300422' AND status IN ('0','3','B') [1][0] OK
C:[06/11/2012 20:19:10.34][172.16.8.125][1357] SELECT c_asigna FROM dace004 WHERE exp_e='09-20506876' AND c_asigna='300105' AND status IN ('0','3','B') [1][0] OK
C:[06/11/2012 20:19:10.34][172.16.8.125][1357] SELECT c_asigna FROM dace004 WHERE exp_e='09-20506876' AND c_asigna='300314' AND status IN ('0','3','B') [1][0] OK
C:[06/11/2012 20:19:10.34][172.16.8.125][1344] SELECT pre_cod_asig1,pre_cod_asig2,pre_cod_asig3,pre_cod_asig4,pre_cod_asig5,pre_cod_asig6,pre_cod_asig7 FROM tblaca009 WHERE pensum='5' AND c_uni_ca='3' AND c_asigna='311098' [1][0] OK
C:[06/11/2012 20:19:10.34][172.16.8.125][1357] SELECT c_asigna FROM dace004 WHERE exp_e='09-20506876' AND c_asigna='311822' AND status IN ('0','3','B') [1][0] OK
C:[06/11/2012 20:19:10.34][172.16.8.125][1344] SELECT pre_cod_asig1,pre_cod_asig2,pre_cod_asig3,pre_cod_asig4,pre_cod_asig5,pre_cod_asig6,pre_cod_asig7 FROM tblaca009 WHERE pensum='5' AND c_uni_ca='3' AND c_asigna='311939' [1][0] OK
C:[06/11/2012 20:19:10.34][172.16.8.125][1344] SELECT pre_cod_asig1,pre_cod_asig2,pre_cod_asig3,pre_cod_asig4,pre_cod_asig5,pre_cod_asig6,pre_cod_asig7 FROM tblaca009 WHERE pensum='5' AND c_uni_ca='3' AND c_asigna='311986' [1][0] OK
C:[06/11/2012 20:19:10.34][172.16.8.125][1357] SELECT c_asigna FROM dace004 WHERE exp_e='09-20506876' AND c_asigna='311825' AND status IN ('0','3','B') [1][0] OK
C:[06/11/2012 20:19:10.60][172.16.8.125][1388] SELECT par_cod_asig1,par_cod_asig2,par_cod_asig3 FROM tblaca009 WHERE pensum='5' AND c_uni_ca='3' AND c_asigna='300890' [1][0] OK
C:[06/11/2012 20:19:10.60][172.16.8.125][1388] SELECT par_cod_asig1,par_cod_asig2,par_cod_asig3 FROM tblaca009 WHERE pensum='5' AND c_uni_ca='3' AND c_asigna='300956' [1][0] OK
C:[06/11/2012 20:19:10.60][172.16.8.125][1388] SELECT par_cod_asig1,par_cod_asig2,par_cod_asig3 FROM tblaca009 WHERE pensum='5' AND c_uni_ca='3' AND c_asigna='311098' [1][0] OK
C:[06/11/2012 20:19:10.60][172.16.8.125][1388] SELECT par_cod_asig1,par_cod_asig2,par_cod_asig3 FROM tblaca009 WHERE pensum='5' AND c_uni_ca='3' AND c_asigna='311939' [1][0] OK
C:[06/11/2012 20:19:10.60][172.16.8.125][1402] SELECT c_asigna FROM dace004 WHERE exp_e='09-20506876' AND c_asigna='300956' AND status IN ('0','3','B','C') [0][0] OK
C:[06/11/2012 20:19:10.60][172.16.8.125][1388] SELECT par_cod_asig1,par_cod_asig2,par_cod_asig3 FROM tblaca009 WHERE pensum='5' AND c_uni_ca='3' AND c_asigna='311986' [1][0] OK
C:[06/11/2012 20:19:10.35][172.16.8.125][1518] SELECT horas_lab FROM tblaca008 WHERE c_asigna='300890' AND horas_teoricas > 0 [1][0] OK
C:[06/11/2012 20:19:10.47][172.16.8.125][1550] SELECT sum(u_creditos*1) FROM dace006 a, tblaca009 b WHERE a.exp_e='09-20506876' AND a.lapso='2012-2' AND b.pensum='5' AND b.c_uni_ca='3' AND status IN ('7','A','2') AND a.c_asigna=b.c_asigna  [1][0] OK
C:[06/11/2012 20:19:10.59][172.16.8.125][1569] SELECT sum(u_creditos*1) FROM dace006 a, tblaca009 b WHERE a.exp_e='09-20506876' AND a.lapso='2012-2' AND b.pensum='5' AND b.c_uni_ca='3' AND status IN ('7','A','2') AND a.c_asigna=b.c_asigna AND a.c_asigna IN ('300956','311098','311939','311986') [1][0] OK
C:[06/11/2012 20:19:11.72][172.16.8.125][1585] SELECT MAX(semestre) FROM dace006 a, tblaca009 b WHERE a.exp_e='09-20506876' AND a.lapso='2012-2' AND b.pensum='5' AND b.c_uni_ca='3' AND status IN ('7','A','2') AND a.c_asigna=b.c_asigna  [1][0] OK
C:[06/11/2012 20:19:11.84][172.16.8.125][1606] SELECT MIN(semestre) FROM dace006 a, tblaca009 b WHERE a.exp_e='09-20506876' AND a.lapso='2012-2' AND b.pensum='5' AND b.c_uni_ca='3' AND status IN ('7','A','2') AND a.c_asigna=b.c_asigna AND a.c_asigna IN ('300890') [1][0] OK
C:[07/11/2012 09:57:01.72][172.16.8.247][1344] SELECT pre_cod_asig1,pre_cod_asig2,pre_cod_asig3,pre_cod_asig4,pre_cod_asig5,pre_cod_asig6,pre_cod_asig7 FROM tblaca009 WHERE pensum='5' AND c_uni_ca='3' AND c_asigna='311556' [1][0] OK
C:[07/11/2012 09:57:01.72][172.16.8.247][1357] SELECT c_asigna FROM dace004 WHERE exp_e='11-21251117' AND c_asigna='311434' AND status IN ('0','3','B') [1][0] OK
C:[07/11/2012 09:57:01.72][172.16.8.247][1357] SELECT c_asigna FROM dace004 WHERE exp_e='11-21251117' AND c_asigna='300222' AND status IN ('0','3','B') [1][0] OK
C:[07/11/2012 09:57:01.72][172.16.8.247][1357] SELECT c_asigna FROM dace004 WHERE exp_e='11-21251117' AND c_asigna='300226' AND status IN ('0','3','B') [1][0] OK
C:[07/11/2012 09:57:01.72][172.16.8.247][1357] SELECT c_asigna FROM dace004 WHERE exp_e='11-21251117' AND c_asigna='300209' AND status IN ('0','3','B') [1][0] OK
C:[07/11/2012 09:57:01.72][172.16.8.247][1344] SELECT pre_cod_asig1,pre_cod_asig2,pre_cod_asig3,pre_cod_asig4,pre_cod_asig5,pre_cod_asig6,pre_cod_asig7 FROM tblaca009 WHERE pensum='5' AND c_uni_ca='3' AND c_asigna='300422' [1][0] OK
C:[07/11/2012 09:57:01.72][172.16.8.247][1357] SELECT c_asigna FROM dace004 WHERE exp_e='11-21251117' AND c_asigna='300105' AND status IN ('0','3','B') [1][0] OK
C:[07/11/2012 09:57:01.72][172.16.8.247][1357] SELECT c_asigna FROM dace004 WHERE exp_e='11-21251117' AND c_asigna='300314' AND status IN ('0','3','B') [1][0] OK
C:[07/11/2012 09:57:01.72][172.16.8.247][1344] SELECT pre_cod_asig1,pre_cod_asig2,pre_cod_asig3,pre_cod_asig4,pre_cod_asig5,pre_cod_asig6,pre_cod_asig7 FROM tblaca009 WHERE pensum='5' AND c_uni_ca='3' AND c_asigna='310548' [1][0] OK
C:[07/11/2012 09:57:01.72][172.16.8.247][1357] SELECT c_asigna FROM dace004 WHERE exp_e='11-21251117' AND c_asigna='300428' AND status IN ('0','3','B') [1][0] OK
C:[07/11/2012 09:57:01.72][172.16.8.247][1357] SELECT c_asigna FROM dace004 WHERE exp_e='11-21251117' AND c_asigna='300313' AND status IN ('0','3','B') [1][0] OK
C:[07/11/2012 09:57:01.72][172.16.8.247][1357] SELECT c_asigna FROM dace004 WHERE exp_e='11-21251117' AND c_asigna='300222' AND status IN ('0','3','B') [1][0] OK
C:[07/11/2012 09:57:01.72][172.16.8.247][1357] SELECT c_asigna FROM dace004 WHERE exp_e='11-21251117' AND c_asigna='300226' AND status IN ('0','3','B') [1][0] OK
C:[07/11/2012 09:57:01.72][172.16.8.247][1357] SELECT c_asigna FROM dace004 WHERE exp_e='11-21251117' AND c_asigna='300209' AND status IN ('0','3','B') [1][0] OK
C:[07/11/2012 09:57:01.72][172.16.8.247][1344] SELECT pre_cod_asig1,pre_cod_asig2,pre_cod_asig3,pre_cod_asig4,pre_cod_asig5,pre_cod_asig6,pre_cod_asig7 FROM tblaca009 WHERE pensum='5' AND c_uni_ca='3' AND c_asigna='311551' [1][0] OK
C:[07/11/2012 09:57:01.72][172.16.8.247][1357] SELECT c_asigna FROM dace004 WHERE exp_e='11-21251117' AND c_asigna='311430' AND status IN ('0','3','B') [1][0] OK
C:[07/11/2012 09:57:01.72][172.16.8.247][1357] SELECT c_asigna FROM dace004 WHERE exp_e='11-21251117' AND c_asigna='311431' AND status IN ('0','3','B') [1][0] OK
C:[07/11/2012 09:57:01.72][172.16.8.247][1357] SELECT c_asigna FROM dace004 WHERE exp_e='11-21251117' AND c_asigna='300222' AND status IN ('0','3','B') [1][0] OK
C:[07/11/2012 09:57:01.72][172.16.8.247][1357] SELECT c_asigna FROM dace004 WHERE exp_e='11-21251117' AND c_asigna='300226' AND status IN ('0','3','B') [1][0] OK
C:[07/11/2012 09:57:01.72][172.16.8.247][1357] SELECT c_asigna FROM dace004 WHERE exp_e='11-21251117' AND c_asigna='300209' AND status IN ('0','3','B') [1][0] OK
C:[07/11/2012 09:57:01.72][172.16.8.247][1357] SELECT c_asigna FROM dace004 WHERE exp_e='11-21251117' AND c_asigna='311320' AND status IN ('0','3','B') [1][0] OK
C:[07/11/2012 09:57:01.72][172.16.8.247][1344] SELECT pre_cod_asig1,pre_cod_asig2,pre_cod_asig3,pre_cod_asig4,pre_cod_asig5,pre_cod_asig6,pre_cod_asig7 FROM tblaca009 WHERE pensum='5' AND c_uni_ca='3' AND c_asigna='311554' [1][0] OK
C:[07/11/2012 09:57:01.72][172.16.8.247][1357] SELECT c_asigna FROM dace004 WHERE exp_e='11-21251117' AND c_asigna='300318' AND status IN ('0','3','B') [1][0] OK
C:[07/11/2012 09:57:01.72][172.16.8.247][1357] SELECT c_asigna FROM dace004 WHERE exp_e='11-21251117' AND c_asigna='300428' AND status IN ('0','3','B') [1][0] OK
C:[07/11/2012 09:57:01.72][172.16.8.247][1344] SELECT pre_cod_asig1,pre_cod_asig2,pre_cod_asig3,pre_cod_asig4,pre_cod_asig5,pre_cod_asig6,pre_cod_asig7 FROM tblaca009 WHERE pensum='5' AND c_uni_ca='3' AND c_asigna='312444' [1][0] OK
C:[07/11/2012 09:57:01.72][172.16.8.247][1357] SELECT c_asigna FROM dace004 WHERE exp_e='11-21251117' AND c_asigna='312333' AND status IN ('0','3','B') [1][0] OK
C:[07/11/2012 09:57:01.72][172.16.8.247][1344] SELECT pre_cod_asig1,pre_cod_asig2,pre_cod_asig3,pre_cod_asig4,pre_cod_asig5,pre_cod_asig6,pre_cod_asig7 FROM tblaca009 WHERE pensum='5' AND c_uni_ca='3' AND c_asigna='314662' [1][0] OK
C:[07/11/2012 09:57:01.72][172.16.8.247][1357] SELECT c_asigna FROM dace004 WHERE exp_e='11-21251117' AND c_asigna='311552' AND status IN ('0','3','B') [1][0] OK
C:[07/11/2012 09:57:01.72][172.16.8.247][1344] SELECT pre_cod_asig1,pre_cod_asig2,pre_cod_asig3,pre_cod_asig4,pre_cod_asig5,pre_cod_asig6,pre_cod_asig7 FROM tblaca009 WHERE pensum='5' AND c_uni_ca='3' AND c_asigna='315552' [1][0] OK
C:[07/11/2012 09:57:01.72][172.16.8.247][1357] SELECT c_asigna FROM dace004 WHERE exp_e='11-21251117' AND c_asigna='311430' AND status IN ('0','3','B') [1][0] OK
C:[07/11/2012 09:57:01.72][172.16.8.247][1357] SELECT c_asigna FROM dace004 WHERE exp_e='11-21251117' AND c_asigna='300222' AND status IN ('0','3','B') [1][0] OK
C:[07/11/2012 09:57:01.72][172.16.8.247][1357] SELECT c_asigna FROM dace004 WHERE exp_e='11-21251117' AND c_asigna='300226' AND status IN ('0','3','B') [1][0] OK
C:[07/11/2012 09:57:01.72][172.16.8.247][1357] SELECT c_asigna FROM dace004 WHERE exp_e='11-21251117' AND c_asigna='300209' AND status IN ('0','3','B') [1][0] OK
C:[07/11/2012 09:57:02.85][172.16.8.247][1388] SELECT par_cod_asig1,par_cod_asig2,par_cod_asig3 FROM tblaca009 WHERE pensum='5' AND c_uni_ca='3' AND c_asigna='311556' [1][0] OK
C:[07/11/2012 09:57:02.85][172.16.8.247][1402] SELECT c_asigna FROM dace004 WHERE exp_e='11-21251117' AND c_asigna='311551' AND status IN ('0','3','B','C') [0][0] OK
C:[07/11/2012 09:57:02.85][172.16.8.247][1388] SELECT par_cod_asig1,par_cod_asig2,par_cod_asig3 FROM tblaca009 WHERE pensum='5' AND c_uni_ca='3' AND c_asigna='300422' [1][0] OK
C:[07/11/2012 09:57:02.85][172.16.8.247][1388] SELECT par_cod_asig1,par_cod_asig2,par_cod_asig3 FROM tblaca009 WHERE pensum='5' AND c_uni_ca='3' AND c_asigna='310548' [1][0] OK
C:[07/11/2012 09:57:02.85][172.16.8.247][1388] SELECT par_cod_asig1,par_cod_asig2,par_cod_asig3 FROM tblaca009 WHERE pensum='5' AND c_uni_ca='3' AND c_asigna='311551' [1][0] OK
C:[07/11/2012 09:57:02.85][172.16.8.247][1388] SELECT par_cod_asig1,par_cod_asig2,par_cod_asig3 FROM tblaca009 WHERE pensum='5' AND c_uni_ca='3' AND c_asigna='311554' [1][0] OK
C:[07/11/2012 09:57:02.85][172.16.8.247][1388] SELECT par_cod_asig1,par_cod_asig2,par_cod_asig3 FROM tblaca009 WHERE pensum='5' AND c_uni_ca='3' AND c_asigna='312444' [1][0] OK
C:[07/11/2012 09:57:02.85][172.16.8.247][1388] SELECT par_cod_asig1,par_cod_asig2,par_cod_asig3 FROM tblaca009 WHERE pensum='5' AND c_uni_ca='3' AND c_asigna='314662' [1][0] OK
C:[07/11/2012 09:57:02.85][172.16.8.247][1388] SELECT par_cod_asig1,par_cod_asig2,par_cod_asig3 FROM tblaca009 WHERE pensum='5' AND c_uni_ca='3' AND c_asigna='315552' [1][0] OK
C:[07/11/2012 09:57:02.99][172.16.8.247][1518] SELECT horas_lab FROM tblaca008 WHERE c_asigna='311556' AND horas_teoricas > 0 [0][0] OK
C:[07/11/2012 09:57:02.10][172.16.8.247][1550] SELECT sum(u_creditos*1) FROM dace006 a, tblaca009 b WHERE a.exp_e='11-21251117' AND a.lapso='2012-2' AND b.pensum='5' AND b.c_uni_ca='3' AND status IN ('7','A','2') AND a.c_asigna=b.c_asigna  [1][0] OK
C:[07/11/2012 09:57:02.23][172.16.8.247][1569] SELECT sum(u_creditos*1) FROM dace006 a, tblaca009 b WHERE a.exp_e='11-21251117' AND a.lapso='2012-2' AND b.pensum='5' AND b.c_uni_ca='3' AND status IN ('7','A','2') AND a.c_asigna=b.c_asigna AND a.c_asigna IN ('300422','310548','311551','311554','312444','314662','315552') [1][0] OK
C:[07/11/2012 09:57:02.35][172.16.8.247][1585] SELECT MAX(semestre) FROM dace006 a, tblaca009 b WHERE a.exp_e='11-21251117' AND a.lapso='2012-2' AND b.pensum='5' AND b.c_uni_ca='3' AND status IN ('7','A','2') AND a.c_asigna=b.c_asigna  [1][0] OK
C:[07/11/2012 09:57:02.48][172.16.8.247][1606] SELECT MIN(semestre) FROM dace006 a, tblaca009 b WHERE a.exp_e='11-21251117' AND a.lapso='2012-2' AND b.pensum='5' AND b.c_uni_ca='3' AND status IN ('7','A','2') AND a.c_asigna=b.c_asigna AND a.c_asigna IN ('311556') [1][0] OK
C:[07/11/2012 15:05:52.43][172.16.8.247][1344] SELECT pre_cod_asig1,pre_cod_asig2,pre_cod_asig3,pre_cod_asig4,pre_cod_asig5,pre_cod_asig6,pre_cod_asig7 FROM tblaca009 WHERE pensum='5' AND c_uni_ca='3' AND c_asigna='312444' [1][0] OK
C:[07/11/2012 15:05:52.43][172.16.8.247][1357] SELECT c_asigna FROM dace004 WHERE exp_e='07-20804222' AND c_asigna='312333' AND status IN ('0','3','B') [1][0] OK
C:[07/11/2012 15:05:52.43][172.16.8.247][1344] SELECT pre_cod_asig1,pre_cod_asig2,pre_cod_asig3,pre_cod_asig4,pre_cod_asig5,pre_cod_asig6,pre_cod_asig7 FROM tblaca009 WHERE pensum='5' AND c_uni_ca='3' AND c_asigna='311430' [1][0] OK
C:[07/11/2012 15:05:52.43][172.16.8.247][1357] SELECT c_asigna FROM dace004 WHERE exp_e='07-20804222' AND c_asigna='300317' AND status IN ('0','3','B') [1][0] OK
C:[07/11/2012 15:05:52.43][172.16.8.247][1357] SELECT c_asigna FROM dace004 WHERE exp_e='07-20804222' AND c_asigna='300318' AND status IN ('0','3','B') [1][0] OK
C:[07/11/2012 15:05:52.43][172.16.8.247][1357] SELECT c_asigna FROM dace004 WHERE exp_e='07-20804222' AND c_asigna='300313' AND status IN ('0','3','B') [1][0] OK
C:[07/11/2012 15:05:52.43][172.16.8.247][1357] SELECT c_asigna FROM dace004 WHERE exp_e='07-20804222' AND c_asigna='300222' AND status IN ('0','3','B') [1][0] OK
C:[07/11/2012 15:05:52.43][172.16.8.247][1357] SELECT c_asigna FROM dace004 WHERE exp_e='07-20804222' AND c_asigna='300226' AND status IN ('0','3','B') [1][0] OK
C:[07/11/2012 15:05:52.43][172.16.8.247][1357] SELECT c_asigna FROM dace004 WHERE exp_e='07-20804222' AND c_asigna='300209' AND status IN ('0','3','B') [1][0] OK
C:[07/11/2012 15:05:52.55][172.16.8.247][1388] SELECT par_cod_asig1,par_cod_asig2,par_cod_asig3 FROM tblaca009 WHERE pensum='5' AND c_uni_ca='3' AND c_asigna='312444' [1][0] OK
C:[07/11/2012 15:05:52.55][172.16.8.247][1388] SELECT par_cod_asig1,par_cod_asig2,par_cod_asig3 FROM tblaca009 WHERE pensum='5' AND c_uni_ca='3' AND c_asigna='311430' [1][0] OK
C:[07/11/2012 15:05:52.81][172.16.8.247][1518] SELECT horas_lab FROM tblaca008 WHERE c_asigna='312444' AND horas_teoricas > 0 [1][0] OK
C:[07/11/2012 15:05:52.92][172.16.8.247][1550] SELECT sum(u_creditos*1) FROM dace006 a, tblaca009 b WHERE a.exp_e='07-20804222' AND a.lapso='2012-2' AND b.pensum='5' AND b.c_uni_ca='3' AND status IN ('7','A','2') AND a.c_asigna=b.c_asigna  [1][0] OK
C:[07/11/2012 15:05:52.05][172.16.8.247][1569] SELECT sum(u_creditos*1) FROM dace006 a, tblaca009 b WHERE a.exp_e='07-20804222' AND a.lapso='2012-2' AND b.pensum='5' AND b.c_uni_ca='3' AND status IN ('7','A','2') AND a.c_asigna=b.c_asigna AND a.c_asigna IN ('311430') [1][0] OK
C:[07/11/2012 15:05:53.18][172.16.8.247][1585] SELECT MAX(semestre) FROM dace006 a, tblaca009 b WHERE a.exp_e='07-20804222' AND a.lapso='2012-2' AND b.pensum='5' AND b.c_uni_ca='3' AND status IN ('7','A','2') AND a.c_asigna=b.c_asigna  [1][0] OK
C:[07/11/2012 15:05:53.31][172.16.8.247][1606] SELECT MIN(semestre) FROM dace006 a, tblaca009 b WHERE a.exp_e='07-20804222' AND a.lapso='2012-2' AND b.pensum='5' AND b.c_uni_ca='3' AND status IN ('7','A','2') AND a.c_asigna=b.c_asigna AND a.c_asigna IN ('312444') [1][0] OK
C:[07/11/2012 16:45:03.69][190.94.232.62][1344] SELECT pre_cod_asig1,pre_cod_asig2,pre_cod_asig3,pre_cod_asig4,pre_cod_asig5,pre_cod_asig6,pre_cod_asig7 FROM tblaca009 WHERE pensum='5' AND c_uni_ca='5' AND c_asigna='300113' [1][0] OK
C:[07/11/2012 16:45:03.69][190.94.232.62][1344] SELECT pre_cod_asig1,pre_cod_asig2,pre_cod_asig3,pre_cod_asig4,pre_cod_asig5,pre_cod_asig6,pre_cod_asig7 FROM tblaca009 WHERE pensum='5' AND c_uni_ca='5' AND c_asigna='300013' [1][0] OK
C:[07/11/2012 16:45:03.69][190.94.232.62][1344] SELECT pre_cod_asig1,pre_cod_asig2,pre_cod_asig3,pre_cod_asig4,pre_cod_asig5,pre_cod_asig6,pre_cod_asig7 FROM tblaca009 WHERE pensum='5' AND c_uni_ca='5' AND c_asigna='300101' [1][0] OK
C:[07/11/2012 16:45:03.69][190.94.232.62][1344] SELECT pre_cod_asig1,pre_cod_asig2,pre_cod_asig3,pre_cod_asig4,pre_cod_asig5,pre_cod_asig6,pre_cod_asig7 FROM tblaca009 WHERE pensum='5' AND c_uni_ca='5' AND c_asigna='300226' [1][0] OK
C:[07/11/2012 16:45:03.69][190.94.232.62][1357] SELECT c_asigna FROM dace004 WHERE exp_e='12-24037667' AND c_asigna='300116' AND status IN ('0','3','B') [1][0] OK
C:[07/11/2012 16:45:04.31][190.94.232.62][1388] SELECT par_cod_asig1,par_cod_asig2,par_cod_asig3 FROM tblaca009 WHERE pensum='5' AND c_uni_ca='5' AND c_asigna='300113' [1][0] OK
C:[07/11/2012 16:45:04.31][190.94.232.62][1402] SELECT c_asigna FROM dace004 WHERE exp_e='12-24037667' AND c_asigna='300013' AND status IN ('0','3','B','C') [0][0] OK
C:[07/11/2012 16:45:04.31][190.94.232.62][1388] SELECT par_cod_asig1,par_cod_asig2,par_cod_asig3 FROM tblaca009 WHERE pensum='5' AND c_uni_ca='5' AND c_asigna='300013' [1][0] OK
C:[07/11/2012 16:45:04.31][190.94.232.62][1388] SELECT par_cod_asig1,par_cod_asig2,par_cod_asig3 FROM tblaca009 WHERE pensum='5' AND c_uni_ca='5' AND c_asigna='300101' [1][0] OK
C:[07/11/2012 16:45:04.31][190.94.232.62][1388] SELECT par_cod_asig1,par_cod_asig2,par_cod_asig3 FROM tblaca009 WHERE pensum='5' AND c_uni_ca='5' AND c_asigna='300226' [1][0] OK
C:[07/11/2012 16:45:04.95][190.94.232.62][1518] SELECT horas_lab FROM tblaca008 WHERE c_asigna='300113' AND horas_teoricas > 0 [0][0] OK
C:[07/11/2012 16:45:04.06][190.94.232.62][1550] SELECT sum(u_creditos*1) FROM dace006 a, tblaca009 b WHERE a.exp_e='12-24037667' AND a.lapso='2012-2' AND b.pensum='5' AND b.c_uni_ca='5' AND status IN ('7','A','2') AND a.c_asigna=b.c_asigna  [1][0] OK
C:[07/11/2012 16:45:04.20][190.94.232.62][1569] SELECT sum(u_creditos*1) FROM dace006 a, tblaca009 b WHERE a.exp_e='12-24037667' AND a.lapso='2012-2' AND b.pensum='5' AND b.c_uni_ca='5' AND status IN ('7','A','2') AND a.c_asigna=b.c_asigna AND a.c_asigna IN ('300013','300101','300226') [1][0] OK
C:[07/11/2012 16:45:04.31][190.94.232.62][1585] SELECT MAX(semestre) FROM dace006 a, tblaca009 b WHERE a.exp_e='12-24037667' AND a.lapso='2012-2' AND b.pensum='5' AND b.c_uni_ca='5' AND status IN ('7','A','2') AND a.c_asigna=b.c_asigna  [1][0] OK
C:[07/11/2012 16:45:04.44][190.94.232.62][1606] SELECT MIN(semestre) FROM dace006 a, tblaca009 b WHERE a.exp_e='12-24037667' AND a.lapso='2012-2' AND b.pensum='5' AND b.c_uni_ca='5' AND status IN ('7','A','2') AND a.c_asigna=b.c_asigna AND a.c_asigna IN ('300113') [1][0] OK
C:[07/11/2012 18:11:54.31][68.171.231.85][1344] SELECT pre_cod_asig1,pre_cod_asig2,pre_cod_asig3,pre_cod_asig4,pre_cod_asig5,pre_cod_asig6,pre_cod_asig7 FROM tblaca009 WHERE pensum='5' AND c_uni_ca='5' AND c_asigna='355692' [1][0] OK
C:[07/11/2012 18:11:54.31][68.171.231.85][1357] SELECT c_asigna FROM dace004 WHERE exp_e='06-19297141' AND c_asigna='355448' AND status IN ('0','3','B') [1][0] OK
C:[07/11/2012 18:11:54.31][68.171.231.85][1357] SELECT c_asigna FROM dace004 WHERE exp_e='06-19297141' AND c_asigna='355570' AND status IN ('0','3','B') [1][0] OK
C:[07/11/2012 18:11:54.31][68.171.231.85][1344] SELECT pre_cod_asig1,pre_cod_asig2,pre_cod_asig3,pre_cod_asig4,pre_cod_asig5,pre_cod_asig6,pre_cod_asig7 FROM tblaca009 WHERE pensum='5' AND c_uni_ca='5' AND c_asigna='300676' [1][0] OK
C:[07/11/2012 18:11:54.31][68.171.231.85][1344] SELECT pre_cod_asig1,pre_cod_asig2,pre_cod_asig3,pre_cod_asig4,pre_cod_asig5,pre_cod_asig6,pre_cod_asig7 FROM tblaca009 WHERE pensum='5' AND c_uni_ca='5' AND c_asigna='355723' [1][0] OK
C:[07/11/2012 18:11:54.31][68.171.231.85][1357] SELECT c_asigna FROM dace004 WHERE exp_e='06-19297141' AND c_asigna='355694' AND status IN ('0','3','B') [1][0] OK
C:[07/11/2012 18:11:54.31][68.171.231.85][1344] SELECT pre_cod_asig1,pre_cod_asig2,pre_cod_asig3,pre_cod_asig4,pre_cod_asig5,pre_cod_asig6,pre_cod_asig7 FROM tblaca009 WHERE pensum='5' AND c_uni_ca='5' AND c_asigna='355832' [1][0] OK
C:[07/11/2012 18:11:54.31][68.171.231.85][1357] SELECT c_asigna FROM dace004 WHERE exp_e='06-19297141' AND c_asigna='355694' AND status IN ('0','3','B') [1][0] OK
C:[07/11/2012 18:11:54.31][68.171.231.85][1344] SELECT pre_cod_asig1,pre_cod_asig2,pre_cod_asig3,pre_cod_asig4,pre_cod_asig5,pre_cod_asig6,pre_cod_asig7 FROM tblaca009 WHERE pensum='5' AND c_uni_ca='5' AND c_asigna='355833' [1][0] OK
C:[07/11/2012 18:11:54.31][68.171.231.85][1357] SELECT c_asigna FROM dace004 WHERE exp_e='06-19297141' AND c_asigna='355694' AND status IN ('0','3','B') [1][0] OK
C:[07/11/2012 18:11:54.31][68.171.231.85][1344] SELECT pre_cod_asig1,pre_cod_asig2,pre_cod_asig3,pre_cod_asig4,pre_cod_asig5,pre_cod_asig6,pre_cod_asig7 FROM tblaca009 WHERE pensum='5' AND c_uni_ca='5' AND c_asigna='355834' [1][0] OK
C:[07/11/2012 18:11:54.31][68.171.231.85][1357] SELECT c_asigna FROM dace004 WHERE exp_e='06-19297141' AND c_asigna='355694' AND status IN ('0','3','B') [1][0] OK
C:[07/11/2012 18:11:55.81][68.171.231.85][1388] SELECT par_cod_asig1,par_cod_asig2,par_cod_asig3 FROM tblaca009 WHERE pensum='5' AND c_uni_ca='5' AND c_asigna='355692' [1][0] OK
C:[07/11/2012 18:11:55.81][68.171.231.85][1388] SELECT par_cod_asig1,par_cod_asig2,par_cod_asig3 FROM tblaca009 WHERE pensum='5' AND c_uni_ca='5' AND c_asigna='300676' [1][0] OK
C:[07/11/2012 18:11:55.81][68.171.231.85][1388] SELECT par_cod_asig1,par_cod_asig2,par_cod_asig3 FROM tblaca009 WHERE pensum='5' AND c_uni_ca='5' AND c_asigna='355723' [1][0] OK
C:[07/11/2012 18:11:55.81][68.171.231.85][1388] SELECT par_cod_asig1,par_cod_asig2,par_cod_asig3 FROM tblaca009 WHERE pensum='5' AND c_uni_ca='5' AND c_asigna='355832' [1][0] OK
C:[07/11/2012 18:11:55.81][68.171.231.85][1388] SELECT par_cod_asig1,par_cod_asig2,par_cod_asig3 FROM tblaca009 WHERE pensum='5' AND c_uni_ca='5' AND c_asigna='355833' [1][0] OK
C:[07/11/2012 18:11:55.81][68.171.231.85][1388] SELECT par_cod_asig1,par_cod_asig2,par_cod_asig3 FROM tblaca009 WHERE pensum='5' AND c_uni_ca='5' AND c_asigna='355834' [1][0] OK
C:[07/11/2012 18:11:55.58][68.171.231.85][1518] SELECT horas_lab FROM tblaca008 WHERE c_asigna='355692' AND horas_teoricas > 0 [1][0] OK
C:[07/11/2012 18:11:55.69][68.171.231.85][1550] SELECT sum(u_creditos*1) FROM dace006 a, tblaca009 b WHERE a.exp_e='06-19297141' AND a.lapso='2012-2' AND b.pensum='5' AND b.c_uni_ca='5' AND status IN ('7','A','2') AND a.c_asigna=b.c_asigna  [1][0] OK
C:[07/11/2012 18:11:55.82][68.171.231.85][1569] SELECT sum(u_creditos*1) FROM dace006 a, tblaca009 b WHERE a.exp_e='06-19297141' AND a.lapso='2012-2' AND b.pensum='5' AND b.c_uni_ca='5' AND status IN ('7','A','2') AND a.c_asigna=b.c_asigna AND a.c_asigna IN ('300676','355723','355832','355833','355834') [1][0] OK
C:[07/11/2012 18:11:55.93][68.171.231.85][1585] SELECT MAX(semestre) FROM dace006 a, tblaca009 b WHERE a.exp_e='06-19297141' AND a.lapso='2012-2' AND b.pensum='5' AND b.c_uni_ca='5' AND status IN ('7','A','2') AND a.c_asigna=b.c_asigna  [1][0] OK
C:[07/11/2012 18:11:55.06][68.171.231.85][1606] SELECT MIN(semestre) FROM dace006 a, tblaca009 b WHERE a.exp_e='06-19297141' AND a.lapso='2012-2' AND b.pensum='5' AND b.c_uni_ca='5' AND status IN ('7','A','2') AND a.c_asigna=b.c_asigna AND a.c_asigna IN ('355692') [1][0] OK
C:[07/11/2012 19:57:49.86][190.198.144.203][1344] SELECT pre_cod_asig1,pre_cod_asig2,pre_cod_asig3,pre_cod_asig4,pre_cod_asig5,pre_cod_asig6,pre_cod_asig7 FROM tblaca009 WHERE pensum='5' AND c_uni_ca='5' AND c_asigna='355874' [1][0] OK
C:[07/11/2012 19:57:49.86][190.198.144.203][1357] SELECT c_asigna FROM dace004 WHERE exp_e='09-19159139' AND c_asigna='355448' AND status IN ('0','3','B') [1][0] OK
C:[07/11/2012 19:57:49.86][190.198.144.203][1344] SELECT pre_cod_asig1,pre_cod_asig2,pre_cod_asig3,pre_cod_asig4,pre_cod_asig5,pre_cod_asig6,pre_cod_asig7 FROM tblaca009 WHERE pensum='5' AND c_uni_ca='5' AND c_asigna='300422' [1][0] OK
C:[07/11/2012 19:57:49.86][190.198.144.203][1357] SELECT c_asigna FROM dace004 WHERE exp_e='09-19159139' AND c_asigna='300105' AND status IN ('0','3','B') [1][0] OK
C:[07/11/2012 19:57:49.86][190.198.144.203][1357] SELECT c_asigna FROM dace004 WHERE exp_e='09-19159139' AND c_asigna='300314' AND status IN ('0','3','B') [1][0] OK
C:[07/11/2012 19:57:49.86][190.198.144.203][1344] SELECT pre_cod_asig1,pre_cod_asig2,pre_cod_asig3,pre_cod_asig4,pre_cod_asig5,pre_cod_asig6,pre_cod_asig7 FROM tblaca009 WHERE pensum='5' AND c_uni_ca='5' AND c_asigna='351451' [1][0] OK
C:[07/11/2012 19:57:49.86][190.198.144.203][1357] SELECT c_asigna FROM dace004 WHERE exp_e='09-19159139' AND c_asigna='351330' AND status IN ('0','3','B') [1][0] OK
C:[07/11/2012 19:57:49.86][190.198.144.203][1357] SELECT c_asigna FROM dace004 WHERE exp_e='09-19159139' AND c_asigna='355350' AND status IN ('0','3','B') [1][0] OK
C:[07/11/2012 19:57:49.86][190.198.144.203][1357] SELECT c_asigna FROM dace004 WHERE exp_e='09-19159139' AND c_asigna='300318' AND status IN ('0','3','B') [1][0] OK
C:[07/11/2012 19:57:49.86][190.198.144.203][1357] SELECT c_asigna FROM dace004 WHERE exp_e='09-19159139' AND c_asigna='300209' AND status IN ('0','3','B') [1][0] OK
C:[07/11/2012 19:57:49.86][190.198.144.203][1357] SELECT c_asigna FROM dace004 WHERE exp_e='09-19159139' AND c_asigna='300222' AND status IN ('0','3','B') [1][0] OK
C:[07/11/2012 19:57:49.86][190.198.144.203][1344] SELECT pre_cod_asig1,pre_cod_asig2,pre_cod_asig3,pre_cod_asig4,pre_cod_asig5,pre_cod_asig6,pre_cod_asig7 FROM tblaca009 WHERE pensum='5' AND c_uni_ca='5' AND c_asigna='355447' [1][0] OK
C:[07/11/2012 19:57:49.86][190.198.144.203][1357] SELECT c_asigna FROM dace004 WHERE exp_e='09-19159139' AND c_asigna='351330' AND status IN ('0','3','B') [1][0] OK
C:[07/11/2012 19:57:49.86][190.198.144.203][1344] SELECT pre_cod_asig1,pre_cod_asig2,pre_cod_asig3,pre_cod_asig4,pre_cod_asig5,pre_cod_asig6,pre_cod_asig7 FROM tblaca009 WHERE pensum='5' AND c_uni_ca='5' AND c_asigna='355693' [1][0] OK
C:[07/11/2012 19:57:49.86][190.198.144.203][1357] SELECT c_asigna FROM dace004 WHERE exp_e='09-19159139' AND c_asigna='355572' AND status IN ('0','3','B') [1][0] OK
C:[07/11/2012 19:57:49.86][190.198.144.203][1357] SELECT c_asigna FROM dace004 WHERE exp_e='09-19159139' AND c_asigna='352440' AND status IN ('0','3','B') [1][0] OK
C:[07/11/2012 19:57:49.86][190.198.144.203][1357] SELECT c_asigna FROM dace004 WHERE exp_e='09-19159139' AND c_asigna='355573' AND status IN ('0','3','B') [1][0] OK
C:[07/11/2012 19:57:49.86][190.198.144.203][1357] SELECT c_asigna FROM dace004 WHERE exp_e='09-19159139' AND c_asigna='300226' AND status IN ('0','3','B') [1][0] OK
C:[07/11/2012 19:57:49.86][190.198.144.203][1357] SELECT c_asigna FROM dace004 WHERE exp_e='09-19159139' AND c_asigna='300222' AND status IN ('0','3','B') [1][0] OK
C:[07/11/2012 19:57:49.86][190.198.144.203][1357] SELECT c_asigna FROM dace004 WHERE exp_e='09-19159139' AND c_asigna='300013' AND status IN ('0','3','B') [1][0] OK
C:[07/11/2012 19:57:49.86][190.198.144.203][1357] SELECT c_asigna FROM dace004 WHERE exp_e='09-19159139' AND c_asigna='300113' AND status IN ('0','3','B') [1][0] OK
C:[07/11/2012 19:57:50.04][190.198.144.203][1388] SELECT par_cod_asig1,par_cod_asig2,par_cod_asig3 FROM tblaca009 WHERE pensum='5' AND c_uni_ca='5' AND c_asigna='355874' [1][0] OK
C:[07/11/2012 19:57:50.04][190.198.144.203][1388] SELECT par_cod_asig1,par_cod_asig2,par_cod_asig3 FROM tblaca009 WHERE pensum='5' AND c_uni_ca='5' AND c_asigna='300422' [1][0] OK
C:[07/11/2012 19:57:50.04][190.198.144.203][1388] SELECT par_cod_asig1,par_cod_asig2,par_cod_asig3 FROM tblaca009 WHERE pensum='5' AND c_uni_ca='5' AND c_asigna='351451' [1][0] OK
C:[07/11/2012 19:57:50.04][190.198.144.203][1388] SELECT par_cod_asig1,par_cod_asig2,par_cod_asig3 FROM tblaca009 WHERE pensum='5' AND c_uni_ca='5' AND c_asigna='355447' [1][0] OK
C:[07/11/2012 19:57:50.04][190.198.144.203][1388] SELECT par_cod_asig1,par_cod_asig2,par_cod_asig3 FROM tblaca009 WHERE pensum='5' AND c_uni_ca='5' AND c_asigna='355693' [1][0] OK
C:[07/11/2012 19:57:50.68][190.198.144.203][1518] SELECT horas_lab FROM tblaca008 WHERE c_asigna='355874' AND horas_teoricas > 0 [1][0] OK
C:[07/11/2012 19:57:50.80][190.198.144.203][1550] SELECT sum(u_creditos*1) FROM dace006 a, tblaca009 b WHERE a.exp_e='09-19159139' AND a.lapso='2012-2' AND b.pensum='5' AND b.c_uni_ca='5' AND status IN ('7','A','2') AND a.c_asigna=b.c_asigna  [1][0] OK
C:[07/11/2012 19:57:50.92][190.198.144.203][1569] SELECT sum(u_creditos*1) FROM dace006 a, tblaca009 b WHERE a.exp_e='09-19159139' AND a.lapso='2012-2' AND b.pensum='5' AND b.c_uni_ca='5' AND status IN ('7','A','2') AND a.c_asigna=b.c_asigna AND a.c_asigna IN ('300422','351451','355447','355693') [1][0] OK
C:[07/11/2012 19:57:50.05][190.198.144.203][1585] SELECT MAX(semestre) FROM dace006 a, tblaca009 b WHERE a.exp_e='09-19159139' AND a.lapso='2012-2' AND b.pensum='5' AND b.c_uni_ca='5' AND status IN ('7','A','2') AND a.c_asigna=b.c_asigna  [1][0] OK
C:[07/11/2012 19:57:50.17][190.198.144.203][1606] SELECT MIN(semestre) FROM dace006 a, tblaca009 b WHERE a.exp_e='09-19159139' AND a.lapso='2012-2' AND b.pensum='5' AND b.c_uni_ca='5' AND status IN ('7','A','2') AND a.c_asigna=b.c_asigna AND a.c_asigna IN ('355874') [1][0] OK
C:[07/11/2012 20:04:06.40][190.121.239.170][1344] SELECT pre_cod_asig1,pre_cod_asig2,pre_cod_asig3,pre_cod_asig4,pre_cod_asig5,pre_cod_asig6,pre_cod_asig7 FROM tblaca009 WHERE pensum='5' AND c_uni_ca='2' AND c_asigna='300422' [1][0] OK
C:[07/11/2012 20:04:06.40][190.121.239.170][1357] SELECT c_asigna FROM dace004 WHERE exp_e='11-24559886' AND c_asigna='300105' AND status IN ('0','3','B') [1][0] OK
C:[07/11/2012 20:04:06.40][190.121.239.170][1357] SELECT c_asigna FROM dace004 WHERE exp_e='11-24559886' AND c_asigna='300314' AND status IN ('0','3','B') [1][0] OK
C:[07/11/2012 20:04:06.40][190.121.239.170][1344] SELECT pre_cod_asig1,pre_cod_asig2,pre_cod_asig3,pre_cod_asig4,pre_cod_asig5,pre_cod_asig6,pre_cod_asig7 FROM tblaca009 WHERE pensum='5' AND c_uni_ca='2' AND c_asigna='300313' [1][0] OK
C:[07/11/2012 20:04:06.40][190.121.239.170][1357] SELECT c_asigna FROM dace004 WHERE exp_e='11-24559886' AND c_asigna='300213' AND status IN ('0','3','B') [1][0] OK
C:[07/11/2012 20:04:06.40][190.121.239.170][1357] SELECT c_asigna FROM dace004 WHERE exp_e='11-24559886' AND c_asigna='300226' AND status IN ('0','3','B') [1][0] OK
C:[07/11/2012 20:04:06.40][190.121.239.170][1357] SELECT c_asigna FROM dace004 WHERE exp_e='11-24559886' AND c_asigna='300209' AND status IN ('0','3','B') [1][0] OK
C:[07/11/2012 20:04:06.40][190.121.239.170][1344] SELECT pre_cod_asig1,pre_cod_asig2,pre_cod_asig3,pre_cod_asig4,pre_cod_asig5,pre_cod_asig6,pre_cod_asig7 FROM tblaca009 WHERE pensum='5' AND c_uni_ca='2' AND c_asigna='311561' [1][0] OK
C:[07/11/2012 20:04:06.40][190.121.239.170][1357] SELECT c_asigna FROM dace004 WHERE exp_e='11-24559886' AND c_asigna='300318' AND status IN ('0','3','B') [1][0] OK
C:[07/11/2012 20:04:06.40][190.121.239.170][1344] SELECT pre_cod_asig1,pre_cod_asig2,pre_cod_asig3,pre_cod_asig4,pre_cod_asig5,pre_cod_asig6,pre_cod_asig7 FROM tblaca009 WHERE pensum='5' AND c_uni_ca='2' AND c_asigna='320323' [1][0] OK
C:[07/11/2012 20:04:06.40][190.121.239.170][1357] SELECT c_asigna FROM dace004 WHERE exp_e='11-24559886' AND c_asigna='300228' AND status IN ('0','3','B') [1][0] OK
C:[07/11/2012 20:04:06.40][190.121.239.170][1357] SELECT c_asigna FROM dace004 WHERE exp_e='11-24559886' AND c_asigna='300218' AND status IN ('0','3','B') [1][0] OK
C:[07/11/2012 20:04:06.40][190.121.239.170][1344] SELECT pre_cod_asig1,pre_cod_asig2,pre_cod_asig3,pre_cod_asig4,pre_cod_asig5,pre_cod_asig6,pre_cod_asig7 FROM tblaca009 WHERE pensum='5' AND c_uni_ca='2' AND c_asigna='322436' [1][0] OK
C:[07/11/2012 20:04:06.40][190.121.239.170][1357] SELECT c_asigna FROM dace004 WHERE exp_e='11-24559886' AND c_asigna='300317' AND status IN ('0','3','B') [1][0] OK
C:[07/11/2012 20:04:06.40][190.121.239.170][1357] SELECT c_asigna FROM dace004 WHERE exp_e='11-24559886' AND c_asigna='320311' AND status IN ('0','3','B') [1][0] OK
C:[07/11/2012 20:04:07.28][190.121.239.170][1388] SELECT par_cod_asig1,par_cod_asig2,par_cod_asig3 FROM tblaca009 WHERE pensum='5' AND c_uni_ca='2' AND c_asigna='300422' [1][0] OK
C:[07/11/2012 20:04:07.28][190.121.239.170][1388] SELECT par_cod_asig1,par_cod_asig2,par_cod_asig3 FROM tblaca009 WHERE pensum='5' AND c_uni_ca='2' AND c_asigna='300313' [1][0] OK
C:[07/11/2012 20:04:07.28][190.121.239.170][1388] SELECT par_cod_asig1,par_cod_asig2,par_cod_asig3 FROM tblaca009 WHERE pensum='5' AND c_uni_ca='2' AND c_asigna='311561' [1][0] OK
C:[07/11/2012 20:04:07.28][190.121.239.170][1388] SELECT par_cod_asig1,par_cod_asig2,par_cod_asig3 FROM tblaca009 WHERE pensum='5' AND c_uni_ca='2' AND c_asigna='320323' [1][0] OK
C:[07/11/2012 20:04:07.28][190.121.239.170][1388] SELECT par_cod_asig1,par_cod_asig2,par_cod_asig3 FROM tblaca009 WHERE pensum='5' AND c_uni_ca='2' AND c_asigna='322436' [1][0] OK
C:[07/11/2012 20:04:07.92][190.121.239.170][1518] SELECT horas_lab FROM tblaca008 WHERE c_asigna='300422' AND horas_teoricas > 0 [0][0] OK
C:[07/11/2012 20:04:07.03][190.121.239.170][1550] SELECT sum(u_creditos*1) FROM dace006 a, tblaca009 b WHERE a.exp_e='11-24559886' AND a.lapso='2012-2' AND b.pensum='5' AND b.c_uni_ca='2' AND status IN ('7','A','2') AND a.c_asigna=b.c_asigna  [1][0] OK
C:[07/11/2012 20:04:07.16][190.121.239.170][1569] SELECT sum(u_creditos*1) FROM dace006 a, tblaca009 b WHERE a.exp_e='11-24559886' AND a.lapso='2012-2' AND b.pensum='5' AND b.c_uni_ca='2' AND status IN ('7','A','2') AND a.c_asigna=b.c_asigna AND a.c_asigna IN ('300313','311561','320323','322436') [1][0] OK
C:[07/11/2012 20:04:07.28][190.121.239.170][1585] SELECT MAX(semestre) FROM dace006 a, tblaca009 b WHERE a.exp_e='11-24559886' AND a.lapso='2012-2' AND b.pensum='5' AND b.c_uni_ca='2' AND status IN ('7','A','2') AND a.c_asigna=b.c_asigna  [1][0] OK
C:[07/11/2012 20:04:07.41][190.121.239.170][1606] SELECT MIN(semestre) FROM dace006 a, tblaca009 b WHERE a.exp_e='11-24559886' AND a.lapso='2012-2' AND b.pensum='5' AND b.c_uni_ca='2' AND status IN ('7','A','2') AND a.c_asigna=b.c_asigna AND a.c_asigna IN ('300422') [1][0] OK
C:[07/11/2012 20:20:39.08][190.204.212.125][1344] SELECT pre_cod_asig1,pre_cod_asig2,pre_cod_asig3,pre_cod_asig4,pre_cod_asig5,pre_cod_asig6,pre_cod_asig7 FROM tblaca009 WHERE pensum='5' AND c_uni_ca='3' AND c_asigna='300314' [1][0] OK
C:[07/11/2012 20:20:39.08][190.204.212.125][1357] SELECT c_asigna FROM dace004 WHERE exp_e='11-24890927' AND c_asigna='300106' AND status IN ('0','3','B') [1][0] OK
C:[07/11/2012 20:20:39.08][190.204.212.125][1344] SELECT pre_cod_asig1,pre_cod_asig2,pre_cod_asig3,pre_cod_asig4,pre_cod_asig5,pre_cod_asig6,pre_cod_asig7 FROM tblaca009 WHERE pensum='5' AND c_uni_ca='3' AND c_asigna='300318' [1][0] OK
C:[07/11/2012 20:20:39.08][190.204.212.125][1357] SELECT c_asigna FROM dace004 WHERE exp_e='11-24890927' AND c_asigna='300228' AND status IN ('0','3','B') [1][0] OK
C:[07/11/2012 20:20:39.08][190.204.212.125][1357] SELECT c_asigna FROM dace004 WHERE exp_e='11-24890927' AND c_asigna='300207' AND status IN ('0','3','B') [1][0] OK
C:[07/11/2012 20:20:39.08][190.204.212.125][1357] SELECT c_asigna FROM dace004 WHERE exp_e='11-24890927' AND c_asigna='300218' AND status IN ('0','3','B') [1][0] OK
C:[07/11/2012 20:20:39.08][190.204.212.125][1344] SELECT pre_cod_asig1,pre_cod_asig2,pre_cod_asig3,pre_cod_asig4,pre_cod_asig5,pre_cod_asig6,pre_cod_asig7 FROM tblaca009 WHERE pensum='5' AND c_uni_ca='3' AND c_asigna='300428' [1][0] OK
C:[07/11/2012 20:20:39.08][190.204.212.125][1357] SELECT c_asigna FROM dace004 WHERE exp_e='11-24890927' AND c_asigna='300317' AND status IN ('0','3','B') [1][0] OK
C:[07/11/2012 20:20:39.08][190.204.212.125][1357] SELECT c_asigna FROM dace004 WHERE exp_e='11-24890927' AND c_asigna='300209' AND status IN ('0','3','B') [1][0] OK
C:[07/11/2012 20:20:39.08][190.204.212.125][1344] SELECT pre_cod_asig1,pre_cod_asig2,pre_cod_asig3,pre_cod_asig4,pre_cod_asig5,pre_cod_asig6,pre_cod_asig7 FROM tblaca009 WHERE pensum='5' AND c_uni_ca='3' AND c_asigna='311320' [1][0] OK
C:[07/11/2012 20:20:39.08][190.204.212.125][1357] SELECT c_asigna FROM dace004 WHERE exp_e='11-24890927' AND c_asigna='300013' AND status IN ('0','3','B') [1][0] OK
C:[07/11/2012 20:20:39.08][190.204.212.125][1357] SELECT c_asigna FROM dace004 WHERE exp_e='11-24890927' AND c_asigna='300113' AND status IN ('0','3','B') [1][0] OK
C:[07/11/2012 20:20:39.08][190.204.212.125][1344] SELECT pre_cod_asig1,pre_cod_asig2,pre_cod_asig3,pre_cod_asig4,pre_cod_asig5,pre_cod_asig6,pre_cod_asig7 FROM tblaca009 WHERE pensum='5' AND c_uni_ca='3' AND c_asigna='311552' [1][0] OK
C:[07/11/2012 20:20:39.08][190.204.212.125][1357] SELECT c_asigna FROM dace004 WHERE exp_e='11-24890927' AND c_asigna='300317' AND status IN ('0','3','B') [1][0] OK
C:[07/11/2012 20:20:39.08][190.204.212.125][1357] SELECT c_asigna FROM dace004 WHERE exp_e='11-24890927' AND c_asigna='300209' AND status IN ('0','3','B') [1][0] OK
C:[07/11/2012 20:20:39.08][190.204.212.125][1344] SELECT pre_cod_asig1,pre_cod_asig2,pre_cod_asig3,pre_cod_asig4,pre_cod_asig5,pre_cod_asig6,pre_cod_asig7 FROM tblaca009 WHERE pensum='5' AND c_uni_ca='3' AND c_asigna='312333' [1][0] OK
C:[07/11/2012 20:20:39.08][190.204.212.125][1357] SELECT c_asigna FROM dace004 WHERE exp_e='11-24890927' AND c_asigna='300228' AND status IN ('0','3','B') [1][0] OK
C:[07/11/2012 20:20:39.21][190.204.212.125][1388] SELECT par_cod_asig1,par_cod_asig2,par_cod_asig3 FROM tblaca009 WHERE pensum='5' AND c_uni_ca='3' AND c_asigna='300314' [1][0] OK
C:[07/11/2012 20:20:39.21][190.204.212.125][1388] SELECT par_cod_asig1,par_cod_asig2,par_cod_asig3 FROM tblaca009 WHERE pensum='5' AND c_uni_ca='3' AND c_asigna='300318' [1][0] OK
C:[07/11/2012 20:20:39.21][190.204.212.125][1388] SELECT par_cod_asig1,par_cod_asig2,par_cod_asig3 FROM tblaca009 WHERE pensum='5' AND c_uni_ca='3' AND c_asigna='300428' [1][0] OK
C:[07/11/2012 20:20:39.21][190.204.212.125][1388] SELECT par_cod_asig1,par_cod_asig2,par_cod_asig3 FROM tblaca009 WHERE pensum='5' AND c_uni_ca='3' AND c_asigna='311320' [1][0] OK
C:[07/11/2012 20:20:39.21][190.204.212.125][1388] SELECT par_cod_asig1,par_cod_asig2,par_cod_asig3 FROM tblaca009 WHERE pensum='5' AND c_uni_ca='3' AND c_asigna='311552' [1][0] OK
C:[07/11/2012 20:20:39.21][190.204.212.125][1388] SELECT par_cod_asig1,par_cod_asig2,par_cod_asig3 FROM tblaca009 WHERE pensum='5' AND c_uni_ca='3' AND c_asigna='312333' [1][0] OK
C:[07/11/2012 20:20:39.98][190.204.212.125][1550] SELECT sum(u_creditos*1) FROM dace006 a, tblaca009 b WHERE a.exp_e='11-24890927' AND a.lapso='2012-2' AND b.pensum='5' AND b.c_uni_ca='3' AND status IN ('7','A','2') AND a.c_asigna=b.c_asigna  [1][0] OK
C:[07/11/2012 20:20:39.08][190.204.212.125][1569] SELECT sum(u_creditos*1) FROM dace006 a, tblaca009 b WHERE a.exp_e='11-24890927' AND a.lapso='2012-2' AND b.pensum='5' AND b.c_uni_ca='3' AND status IN ('7','A','2') AND a.c_asigna=b.c_asigna AND a.c_asigna IN ('300314','300318','300428','311320','311552','312333') [1][0] OK
C:[07/11/2012 20:20:39.20][190.204.212.125][1585] SELECT MAX(semestre) FROM dace006 a, tblaca009 b WHERE a.exp_e='11-24890927' AND a.lapso='2012-2' AND b.pensum='5' AND b.c_uni_ca='3' AND status IN ('7','A','2') AND a.c_asigna=b.c_asigna  [1][0] OK
C:[07/11/2012 21:24:24.88][190.74.188.33][1344] SELECT pre_cod_asig1,pre_cod_asig2,pre_cod_asig3,pre_cod_asig4,pre_cod_asig5,pre_cod_asig6,pre_cod_asig7 FROM tblaca009 WHERE pensum='5' AND c_uni_ca='3' AND c_asigna='311551' [1][0] OK
C:[07/11/2012 21:24:24.88][190.74.188.33][1357] SELECT c_asigna FROM dace004 WHERE exp_e='10-14725901' AND c_asigna='311430' AND status IN ('0','3','B') [1][0] OK
C:[07/11/2012 21:24:24.88][190.74.188.33][1357] SELECT c_asigna FROM dace004 WHERE exp_e='10-14725901' AND c_asigna='311431' AND status IN ('0','3','B') [1][0] OK
C:[07/11/2012 21:24:24.88][190.74.188.33][1357] SELECT c_asigna FROM dace004 WHERE exp_e='10-14725901' AND c_asigna='300222' AND status IN ('0','3','B') [1][0] OK
C:[07/11/2012 21:24:24.88][190.74.188.33][1357] SELECT c_asigna FROM dace004 WHERE exp_e='10-14725901' AND c_asigna='300226' AND status IN ('0','3','B') [1][0] OK
C:[07/11/2012 21:24:24.88][190.74.188.33][1357] SELECT c_asigna FROM dace004 WHERE exp_e='10-14725901' AND c_asigna='300209' AND status IN ('0','3','B') [1][0] OK
C:[07/11/2012 21:24:24.88][190.74.188.33][1357] SELECT c_asigna FROM dace004 WHERE exp_e='10-14725901' AND c_asigna='311320' AND status IN ('0','3','B') [1][0] OK
C:[07/11/2012 21:24:24.88][190.74.188.33][1344] SELECT pre_cod_asig1,pre_cod_asig2,pre_cod_asig3,pre_cod_asig4,pre_cod_asig5,pre_cod_asig6,pre_cod_asig7 FROM tblaca009 WHERE pensum='5' AND c_uni_ca='3' AND c_asigna='311552' [1][0] OK
C:[07/11/2012 21:24:24.88][190.74.188.33][1357] SELECT c_asigna FROM dace004 WHERE exp_e='10-14725901' AND c_asigna='300317' AND status IN ('0','3','B') [1][0] OK
C:[07/11/2012 21:24:24.88][190.74.188.33][1357] SELECT c_asigna FROM dace004 WHERE exp_e='10-14725901' AND c_asigna='300209' AND status IN ('0','3','B') [1][0] OK
C:[07/11/2012 21:24:25.12][190.74.188.33][1388] SELECT par_cod_asig1,par_cod_asig2,par_cod_asig3 FROM tblaca009 WHERE pensum='5' AND c_uni_ca='3' AND c_asigna='311551' [1][0] OK
C:[07/11/2012 21:24:25.12][190.74.188.33][1388] SELECT par_cod_asig1,par_cod_asig2,par_cod_asig3 FROM tblaca009 WHERE pensum='5' AND c_uni_ca='3' AND c_asigna='311552' [1][0] OK
C:[07/11/2012 21:24:25.39][190.74.188.33][1550] SELECT sum(u_creditos*1) FROM dace006 a, tblaca009 b WHERE a.exp_e='10-14725901' AND a.lapso='2012-2' AND b.pensum='5' AND b.c_uni_ca='3' AND status IN ('7','A','2') AND a.c_asigna=b.c_asigna  [1][0] OK
C:[07/11/2012 21:24:25.50][190.74.188.33][1569] SELECT sum(u_creditos*1) FROM dace006 a, tblaca009 b WHERE a.exp_e='10-14725901' AND a.lapso='2012-2' AND b.pensum='5' AND b.c_uni_ca='3' AND status IN ('7','A','2') AND a.c_asigna=b.c_asigna AND a.c_asigna IN ('311551','311552') [1][0] OK
C:[07/11/2012 21:24:25.62][190.74.188.33][1585] SELECT MAX(semestre) FROM dace006 a, tblaca009 b WHERE a.exp_e='10-14725901' AND a.lapso='2012-2' AND b.pensum='5' AND b.c_uni_ca='3' AND status IN ('7','A','2') AND a.c_asigna=b.c_asigna  [1][0] OK
C:[07/11/2012 21:27:12.66][190.74.188.33][1344] SELECT pre_cod_asig1,pre_cod_asig2,pre_cod_asig3,pre_cod_asig4,pre_cod_asig5,pre_cod_asig6,pre_cod_asig7 FROM tblaca009 WHERE pensum='5' AND c_uni_ca='3' AND c_asigna='311551' [1][0] OK
C:[07/11/2012 21:27:12.66][190.74.188.33][1357] SELECT c_asigna FROM dace004 WHERE exp_e='10-14725901' AND c_asigna='311430' AND status IN ('0','3','B') [1][0] OK
C:[07/11/2012 21:27:12.66][190.74.188.33][1357] SELECT c_asigna FROM dace004 WHERE exp_e='10-14725901' AND c_asigna='311431' AND status IN ('0','3','B') [1][0] OK
C:[07/11/2012 21:27:12.66][190.74.188.33][1357] SELECT c_asigna FROM dace004 WHERE exp_e='10-14725901' AND c_asigna='300222' AND status IN ('0','3','B') [1][0] OK
C:[07/11/2012 21:27:12.66][190.74.188.33][1357] SELECT c_asigna FROM dace004 WHERE exp_e='10-14725901' AND c_asigna='300226' AND status IN ('0','3','B') [1][0] OK
C:[07/11/2012 21:27:12.66][190.74.188.33][1357] SELECT c_asigna FROM dace004 WHERE exp_e='10-14725901' AND c_asigna='300209' AND status IN ('0','3','B') [1][0] OK
C:[07/11/2012 21:27:12.66][190.74.188.33][1357] SELECT c_asigna FROM dace004 WHERE exp_e='10-14725901' AND c_asigna='311320' AND status IN ('0','3','B') [1][0] OK
C:[07/11/2012 21:27:12.66][190.74.188.33][1344] SELECT pre_cod_asig1,pre_cod_asig2,pre_cod_asig3,pre_cod_asig4,pre_cod_asig5,pre_cod_asig6,pre_cod_asig7 FROM tblaca009 WHERE pensum='5' AND c_uni_ca='3' AND c_asigna='311552' [1][0] OK
C:[07/11/2012 21:27:12.66][190.74.188.33][1357] SELECT c_asigna FROM dace004 WHERE exp_e='10-14725901' AND c_asigna='300317' AND status IN ('0','3','B') [1][0] OK
C:[07/11/2012 21:27:12.66][190.74.188.33][1357] SELECT c_asigna FROM dace004 WHERE exp_e='10-14725901' AND c_asigna='300209' AND status IN ('0','3','B') [1][0] OK
C:[07/11/2012 21:27:12.91][190.74.188.33][1388] SELECT par_cod_asig1,par_cod_asig2,par_cod_asig3 FROM tblaca009 WHERE pensum='5' AND c_uni_ca='3' AND c_asigna='311551' [1][0] OK
C:[07/11/2012 21:27:12.91][190.74.188.33][1388] SELECT par_cod_asig1,par_cod_asig2,par_cod_asig3 FROM tblaca009 WHERE pensum='5' AND c_uni_ca='3' AND c_asigna='311552' [1][0] OK
C:[07/11/2012 21:27:12.19][190.74.188.33][1550] SELECT sum(u_creditos*1) FROM dace006 a, tblaca009 b WHERE a.exp_e='10-14725901' AND a.lapso='2012-2' AND b.pensum='5' AND b.c_uni_ca='3' AND status IN ('7','A','2') AND a.c_asigna=b.c_asigna  [1][0] OK
C:[07/11/2012 21:27:13.28][190.74.188.33][1569] SELECT sum(u_creditos*1) FROM dace006 a, tblaca009 b WHERE a.exp_e='10-14725901' AND a.lapso='2012-2' AND b.pensum='5' AND b.c_uni_ca='3' AND status IN ('7','A','2') AND a.c_asigna=b.c_asigna AND a.c_asigna IN ('311551','311552') [1][0] OK
C:[07/11/2012 21:27:13.41][190.74.188.33][1585] SELECT MAX(semestre) FROM dace006 a, tblaca009 b WHERE a.exp_e='10-14725901' AND a.lapso='2012-2' AND b.pensum='5' AND b.c_uni_ca='3' AND status IN ('7','A','2') AND a.c_asigna=b.c_asigna  [1][0] OK
C:[07/11/2012 22:20:00.58][181.183.225.127][1344] SELECT pre_cod_asig1,pre_cod_asig2,pre_cod_asig3,pre_cod_asig4,pre_cod_asig5,pre_cod_asig6,pre_cod_asig7 FROM tblaca009 WHERE pensum='5' AND c_uni_ca='2' AND c_asigna='300870' [1][0] OK
C:[07/11/2012 22:20:00.58][181.183.225.127][1344] SELECT pre_cod_asig1,pre_cod_asig2,pre_cod_asig3,pre_cod_asig4,pre_cod_asig5,pre_cod_asig6,pre_cod_asig7 FROM tblaca009 WHERE pensum='5' AND c_uni_ca='2' AND c_asigna='300956' [1][0] OK
C:[07/11/2012 22:20:00.58][181.183.225.127][1357] SELECT c_asigna FROM dace004 WHERE exp_e='08-20171659' AND c_asigna='300422' AND status IN ('0','3','B') [1][0] OK
C:[07/11/2012 22:20:00.58][181.183.225.127][1357] SELECT c_asigna FROM dace004 WHERE exp_e='08-20171659' AND c_asigna='300105' AND status IN ('0','3','B') [1][0] OK
C:[07/11/2012 22:20:00.58][181.183.225.127][1357] SELECT c_asigna FROM dace004 WHERE exp_e='08-20171659' AND c_asigna='300314' AND status IN ('0','3','B') [1][0] OK
C:[07/11/2012 22:20:00.58][181.183.225.127][1344] SELECT pre_cod_asig1,pre_cod_asig2,pre_cod_asig3,pre_cod_asig4,pre_cod_asig5,pre_cod_asig6,pre_cod_asig7 FROM tblaca009 WHERE pensum='5' AND c_uni_ca='2' AND c_asigna='322033' [1][0] OK
C:[07/11/2012 22:20:00.58][181.183.225.127][1344] SELECT pre_cod_asig1,pre_cod_asig2,pre_cod_asig3,pre_cod_asig4,pre_cod_asig5,pre_cod_asig6,pre_cod_asig7 FROM tblaca009 WHERE pensum='5' AND c_uni_ca='2' AND c_asigna='322055' [1][0] OK
C:[07/11/2012 22:20:00.58][181.183.225.127][1344] SELECT pre_cod_asig1,pre_cod_asig2,pre_cod_asig3,pre_cod_asig4,pre_cod_asig5,pre_cod_asig6,pre_cod_asig7 FROM tblaca009 WHERE pensum='5' AND c_uni_ca='2' AND c_asigna='322070' [1][0] OK
C:[07/11/2012 22:20:00.58][181.183.225.127][1344] SELECT pre_cod_asig1,pre_cod_asig2,pre_cod_asig3,pre_cod_asig4,pre_cod_asig5,pre_cod_asig6,pre_cod_asig7 FROM tblaca009 WHERE pensum='5' AND c_uni_ca='2' AND c_asigna='322782' [1][0] OK
C:[07/11/2012 22:20:00.58][181.183.225.127][1357] SELECT c_asigna FROM dace004 WHERE exp_e='08-20171659' AND c_asigna='322669' AND status IN ('0','3','B') [1][0] OK
C:[07/11/2012 22:20:00.58][181.183.225.127][1357] SELECT c_asigna FROM dace004 WHERE exp_e='08-20171659' AND c_asigna='322550' AND status IN ('0','3','B') [1][0] OK
C:[07/11/2012 22:20:00.58][181.183.225.127][1344] SELECT pre_cod_asig1,pre_cod_asig2,pre_cod_asig3,pre_cod_asig4,pre_cod_asig5,pre_cod_asig6,pre_cod_asig7 FROM tblaca009 WHERE pensum='5' AND c_uni_ca='2' AND c_asigna='322936' [1][0] OK
C:[07/11/2012 22:20:00.58][181.183.225.127][1357] SELECT c_asigna FROM dace004 WHERE exp_e='08-20171659' AND c_asigna='322801' AND status IN ('0','3','B') [1][0] OK
C:[07/11/2012 22:20:00.20][181.183.225.127][1388] SELECT par_cod_asig1,par_cod_asig2,par_cod_asig3 FROM tblaca009 WHERE pensum='5' AND c_uni_ca='2' AND c_asigna='300870' [1][0] OK
C:[07/11/2012 22:20:00.20][181.183.225.127][1388] SELECT par_cod_asig1,par_cod_asig2,par_cod_asig3 FROM tblaca009 WHERE pensum='5' AND c_uni_ca='2' AND c_asigna='300956' [1][0] OK
C:[07/11/2012 22:20:00.20][181.183.225.127][1388] SELECT par_cod_asig1,par_cod_asig2,par_cod_asig3 FROM tblaca009 WHERE pensum='5' AND c_uni_ca='2' AND c_asigna='322033' [1][0] OK
C:[07/11/2012 22:20:00.20][181.183.225.127][1388] SELECT par_cod_asig1,par_cod_asig2,par_cod_asig3 FROM tblaca009 WHERE pensum='5' AND c_uni_ca='2' AND c_asigna='322055' [1][0] OK
C:[07/11/2012 22:20:00.20][181.183.225.127][1388] SELECT par_cod_asig1,par_cod_asig2,par_cod_asig3 FROM tblaca009 WHERE pensum='5' AND c_uni_ca='2' AND c_asigna='322070' [1][0] OK
C:[07/11/2012 22:20:00.20][181.183.225.127][1388] SELECT par_cod_asig1,par_cod_asig2,par_cod_asig3 FROM tblaca009 WHERE pensum='5' AND c_uni_ca='2' AND c_asigna='322782' [1][0] OK
C:[07/11/2012 22:20:00.20][181.183.225.127][1388] SELECT par_cod_asig1,par_cod_asig2,par_cod_asig3 FROM tblaca009 WHERE pensum='5' AND c_uni_ca='2' AND c_asigna='322936' [1][0] OK
C:[07/11/2012 22:20:00.10][181.183.225.127][1550] SELECT sum(u_creditos*1) FROM dace006 a, tblaca009 b WHERE a.exp_e='08-20171659' AND a.lapso='2012-2' AND b.pensum='5' AND b.c_uni_ca='2' AND status IN ('7','A','2') AND a.c_asigna=b.c_asigna  [1][0] OK
C:[07/11/2012 22:20:00.20][181.183.225.127][1569] SELECT sum(u_creditos*1) FROM dace006 a, tblaca009 b WHERE a.exp_e='08-20171659' AND a.lapso='2012-2' AND b.pensum='5' AND b.c_uni_ca='2' AND status IN ('7','A','2') AND a.c_asigna=b.c_asigna AND a.c_asigna IN ('300870','300956','322033','322055','322070','322782','322936') [1][0] OK
C:[07/11/2012 22:20:00.33][181.183.225.127][1585] SELECT MAX(semestre) FROM dace006 a, tblaca009 b WHERE a.exp_e='08-20171659' AND a.lapso='2012-2' AND b.pensum='5' AND b.c_uni_ca='2' AND status IN ('7','A','2') AND a.c_asigna=b.c_asigna  [1][0] OK
C:[07/11/2012 22:26:26.42][181.183.225.127][1344] SELECT pre_cod_asig1,pre_cod_asig2,pre_cod_asig3,pre_cod_asig4,pre_cod_asig5,pre_cod_asig6,pre_cod_asig7 FROM tblaca009 WHERE pensum='5' AND c_uni_ca='2' AND c_asigna='300870' [1][0] OK
C:[07/11/2012 22:26:26.42][181.183.225.127][1344] SELECT pre_cod_asig1,pre_cod_asig2,pre_cod_asig3,pre_cod_asig4,pre_cod_asig5,pre_cod_asig6,pre_cod_asig7 FROM tblaca009 WHERE pensum='5' AND c_uni_ca='2' AND c_asigna='300956' [1][0] OK
C:[07/11/2012 22:26:26.42][181.183.225.127][1357] SELECT c_asigna FROM dace004 WHERE exp_e='08-20171659' AND c_asigna='300422' AND status IN ('0','3','B') [1][0] OK
C:[07/11/2012 22:26:26.42][181.183.225.127][1357] SELECT c_asigna FROM dace004 WHERE exp_e='08-20171659' AND c_asigna='300105' AND status IN ('0','3','B') [1][0] OK
C:[07/11/2012 22:26:26.42][181.183.225.127][1357] SELECT c_asigna FROM dace004 WHERE exp_e='08-20171659' AND c_asigna='300314' AND status IN ('0','3','B') [1][0] OK
C:[07/11/2012 22:26:26.42][181.183.225.127][1344] SELECT pre_cod_asig1,pre_cod_asig2,pre_cod_asig3,pre_cod_asig4,pre_cod_asig5,pre_cod_asig6,pre_cod_asig7 FROM tblaca009 WHERE pensum='5' AND c_uni_ca='2' AND c_asigna='322033' [1][0] OK
C:[07/11/2012 22:26:26.42][181.183.225.127][1344] SELECT pre_cod_asig1,pre_cod_asig2,pre_cod_asig3,pre_cod_asig4,pre_cod_asig5,pre_cod_asig6,pre_cod_asig7 FROM tblaca009 WHERE pensum='5' AND c_uni_ca='2' AND c_asigna='322055' [1][0] OK
C:[07/11/2012 22:26:26.42][181.183.225.127][1344] SELECT pre_cod_asig1,pre_cod_asig2,pre_cod_asig3,pre_cod_asig4,pre_cod_asig5,pre_cod_asig6,pre_cod_asig7 FROM tblaca009 WHERE pensum='5' AND c_uni_ca='2' AND c_asigna='322070' [1][0] OK
C:[07/11/2012 22:26:26.42][181.183.225.127][1344] SELECT pre_cod_asig1,pre_cod_asig2,pre_cod_asig3,pre_cod_asig4,pre_cod_asig5,pre_cod_asig6,pre_cod_asig7 FROM tblaca009 WHERE pensum='5' AND c_uni_ca='2' AND c_asigna='322782' [1][0] OK
C:[07/11/2012 22:26:26.42][181.183.225.127][1357] SELECT c_asigna FROM dace004 WHERE exp_e='08-20171659' AND c_asigna='322669' AND status IN ('0','3','B') [1][0] OK
C:[07/11/2012 22:26:26.42][181.183.225.127][1357] SELECT c_asigna FROM dace004 WHERE exp_e='08-20171659' AND c_asigna='322550' AND status IN ('0','3','B') [1][0] OK
C:[07/11/2012 22:26:26.42][181.183.225.127][1344] SELECT pre_cod_asig1,pre_cod_asig2,pre_cod_asig3,pre_cod_asig4,pre_cod_asig5,pre_cod_asig6,pre_cod_asig7 FROM tblaca009 WHERE pensum='5' AND c_uni_ca='2' AND c_asigna='322936' [1][0] OK
C:[07/11/2012 22:26:26.42][181.183.225.127][1357] SELECT c_asigna FROM dace004 WHERE exp_e='08-20171659' AND c_asigna='322801' AND status IN ('0','3','B') [1][0] OK
C:[07/11/2012 22:26:27.03][181.183.225.127][1388] SELECT par_cod_asig1,par_cod_asig2,par_cod_asig3 FROM tblaca009 WHERE pensum='5' AND c_uni_ca='2' AND c_asigna='300870' [1][0] OK
C:[07/11/2012 22:26:27.03][181.183.225.127][1388] SELECT par_cod_asig1,par_cod_asig2,par_cod_asig3 FROM tblaca009 WHERE pensum='5' AND c_uni_ca='2' AND c_asigna='300956' [1][0] OK
C:[07/11/2012 22:26:27.03][181.183.225.127][1388] SELECT par_cod_asig1,par_cod_asig2,par_cod_asig3 FROM tblaca009 WHERE pensum='5' AND c_uni_ca='2' AND c_asigna='322033' [1][0] OK
C:[07/11/2012 22:26:27.03][181.183.225.127][1388] SELECT par_cod_asig1,par_cod_asig2,par_cod_asig3 FROM tblaca009 WHERE pensum='5' AND c_uni_ca='2' AND c_asigna='322055' [1][0] OK
C:[07/11/2012 22:26:27.03][181.183.225.127][1388] SELECT par_cod_asig1,par_cod_asig2,par_cod_asig3 FROM tblaca009 WHERE pensum='5' AND c_uni_ca='2' AND c_asigna='322070' [1][0] OK
C:[07/11/2012 22:26:27.03][181.183.225.127][1388] SELECT par_cod_asig1,par_cod_asig2,par_cod_asig3 FROM tblaca009 WHERE pensum='5' AND c_uni_ca='2' AND c_asigna='322782' [1][0] OK
C:[07/11/2012 22:26:27.03][181.183.225.127][1388] SELECT par_cod_asig1,par_cod_asig2,par_cod_asig3 FROM tblaca009 WHERE pensum='5' AND c_uni_ca='2' AND c_asigna='322936' [1][0] OK
C:[07/11/2012 22:26:27.92][181.183.225.127][1518] SELECT horas_lab FROM tblaca008 WHERE c_asigna='300870' AND horas_teoricas > 0 [1][0] OK
C:[07/11/2012 22:26:27.03][181.183.225.127][1550] SELECT sum(u_creditos*1) FROM dace006 a, tblaca009 b WHERE a.exp_e='08-20171659' AND a.lapso='2012-2' AND b.pensum='5' AND b.c_uni_ca='2' AND status IN ('7','A','2') AND a.c_asigna=b.c_asigna  [1][0] OK
C:[07/11/2012 22:26:27.16][181.183.225.127][1569] SELECT sum(u_creditos*1) FROM dace006 a, tblaca009 b WHERE a.exp_e='08-20171659' AND a.lapso='2012-2' AND b.pensum='5' AND b.c_uni_ca='2' AND status IN ('7','A','2') AND a.c_asigna=b.c_asigna AND a.c_asigna IN ('300956','322033','322055','322070','322782','322936') [1][0] OK
C:[07/11/2012 22:26:27.27][181.183.225.127][1585] SELECT MAX(semestre) FROM dace006 a, tblaca009 b WHERE a.exp_e='08-20171659' AND a.lapso='2012-2' AND b.pensum='5' AND b.c_uni_ca='2' AND status IN ('7','A','2') AND a.c_asigna=b.c_asigna  [1][0] OK
C:[07/11/2012 22:26:27.40][181.183.225.127][1606] SELECT MIN(semestre) FROM dace006 a, tblaca009 b WHERE a.exp_e='08-20171659' AND a.lapso='2012-2' AND b.pensum='5' AND b.c_uni_ca='2' AND status IN ('7','A','2') AND a.c_asigna=b.c_asigna AND a.c_asigna IN ('300870') [1][0] OK
C:[07/11/2012 22:41:10.37][190.36.26.217][1344] SELECT pre_cod_asig1,pre_cod_asig2,pre_cod_asig3,pre_cod_asig4,pre_cod_asig5,pre_cod_asig6,pre_cod_asig7 FROM tblaca009 WHERE pensum='5' AND c_uni_ca='2' AND c_asigna='300870' [1][0] OK
C:[07/11/2012 22:41:10.37][190.36.26.217][1344] SELECT pre_cod_asig1,pre_cod_asig2,pre_cod_asig3,pre_cod_asig4,pre_cod_asig5,pre_cod_asig6,pre_cod_asig7 FROM tblaca009 WHERE pensum='5' AND c_uni_ca='2' AND c_asigna='322033' [1][0] OK
C:[07/11/2012 22:41:10.37][190.36.26.217][1344] SELECT pre_cod_asig1,pre_cod_asig2,pre_cod_asig3,pre_cod_asig4,pre_cod_asig5,pre_cod_asig6,pre_cod_asig7 FROM tblaca009 WHERE pensum='5' AND c_uni_ca='2' AND c_asigna='322904' [1][0] OK
C:[07/11/2012 22:41:10.37][190.36.26.217][1357] SELECT c_asigna FROM dace004 WHERE exp_e='07-19622183' AND c_asigna='322782' AND status IN ('0','3','B') [1][0] OK
C:[07/11/2012 22:41:10.37][190.36.26.217][1357] SELECT c_asigna FROM dace004 WHERE exp_e='07-19622183' AND c_asigna='322801' AND status IN ('0','3','B') [1][0] OK
C:[07/11/2012 22:41:10.37][190.36.26.217][1344] SELECT pre_cod_asig1,pre_cod_asig2,pre_cod_asig3,pre_cod_asig4,pre_cod_asig5,pre_cod_asig6,pre_cod_asig7 FROM tblaca009 WHERE pensum='5' AND c_uni_ca='2' AND c_asigna='322936' [1][0] OK
C:[07/11/2012 22:41:10.37][190.36.26.217][1357] SELECT c_asigna FROM dace004 WHERE exp_e='07-19622183' AND c_asigna='322801' AND status IN ('0','3','B') [1][0] OK
C:[07/11/2012 22:41:10.37][190.36.26.217][1344] SELECT pre_cod_asig1,pre_cod_asig2,pre_cod_asig3,pre_cod_asig4,pre_cod_asig5,pre_cod_asig6,pre_cod_asig7 FROM tblaca009 WHERE pensum='5' AND c_uni_ca='2' AND c_asigna='322939' [1][0] OK
C:[07/11/2012 22:41:10.37][190.36.26.217][1357] SELECT c_asigna FROM dace004 WHERE exp_e='07-19622183' AND c_asigna='322728' AND status IN ('0','3','B') [1][0] OK
C:[07/11/2012 22:41:10.37][190.36.26.217][1357] SELECT c_asigna FROM dace004 WHERE exp_e='07-19622183' AND c_asigna='324862' AND status IN ('0','3','B') [1][0] OK
C:[07/11/2012 22:41:11.61][190.36.26.217][1388] SELECT par_cod_asig1,par_cod_asig2,par_cod_asig3 FROM tblaca009 WHERE pensum='5' AND c_uni_ca='2' AND c_asigna='300870' [1][0] OK
C:[07/11/2012 22:41:11.61][190.36.26.217][1388] SELECT par_cod_asig1,par_cod_asig2,par_cod_asig3 FROM tblaca009 WHERE pensum='5' AND c_uni_ca='2' AND c_asigna='322033' [1][0] OK
C:[07/11/2012 22:41:11.61][190.36.26.217][1388] SELECT par_cod_asig1,par_cod_asig2,par_cod_asig3 FROM tblaca009 WHERE pensum='5' AND c_uni_ca='2' AND c_asigna='322904' [1][0] OK
C:[07/11/2012 22:41:11.61][190.36.26.217][1388] SELECT par_cod_asig1,par_cod_asig2,par_cod_asig3 FROM tblaca009 WHERE pensum='5' AND c_uni_ca='2' AND c_asigna='322936' [1][0] OK
C:[07/11/2012 22:41:11.61][190.36.26.217][1388] SELECT par_cod_asig1,par_cod_asig2,par_cod_asig3 FROM tblaca009 WHERE pensum='5' AND c_uni_ca='2' AND c_asigna='322939' [1][0] OK
C:[07/11/2012 22:41:11.61][190.36.26.217][1402] SELECT c_asigna FROM dace004 WHERE exp_e='07-19622183' AND c_asigna='300956' AND status IN ('0','3','B','C') [1][0] OK
C:[07/11/2012 22:41:11.38][190.36.26.217][1518] SELECT horas_lab FROM tblaca008 WHERE c_asigna='300870' AND horas_teoricas > 0 [1][0] OK
C:[07/11/2012 22:41:11.49][190.36.26.217][1550] SELECT sum(u_creditos*1) FROM dace006 a, tblaca009 b WHERE a.exp_e='07-19622183' AND a.lapso='2012-2' AND b.pensum='5' AND b.c_uni_ca='2' AND status IN ('7','A','2') AND a.c_asigna=b.c_asigna  [1][0] OK
C:[07/11/2012 22:41:11.61][190.36.26.217][1569] SELECT sum(u_creditos*1) FROM dace006 a, tblaca009 b WHERE a.exp_e='07-19622183' AND a.lapso='2012-2' AND b.pensum='5' AND b.c_uni_ca='2' AND status IN ('7','A','2') AND a.c_asigna=b.c_asigna AND a.c_asigna IN ('322033','322904','322936','322939') [1][0] OK
C:[07/11/2012 22:41:11.74][190.36.26.217][1585] SELECT MAX(semestre) FROM dace006 a, tblaca009 b WHERE a.exp_e='07-19622183' AND a.lapso='2012-2' AND b.pensum='5' AND b.c_uni_ca='2' AND status IN ('7','A','2') AND a.c_asigna=b.c_asigna  [1][0] OK
C:[07/11/2012 22:41:11.87][190.36.26.217][1606] SELECT MIN(semestre) FROM dace006 a, tblaca009 b WHERE a.exp_e='07-19622183' AND a.lapso='2012-2' AND b.pensum='5' AND b.c_uni_ca='2' AND status IN ('7','A','2') AND a.c_asigna=b.c_asigna AND a.c_asigna IN ('300870') [1][0] OK
C:[07/11/2012 22:46:26.24][190.36.26.217][1344] SELECT pre_cod_asig1,pre_cod_asig2,pre_cod_asig3,pre_cod_asig4,pre_cod_asig5,pre_cod_asig6,pre_cod_asig7 FROM tblaca009 WHERE pensum='5' AND c_uni_ca='2' AND c_asigna='300870' [1][0] OK
C:[07/11/2012 22:46:26.24][190.36.26.217][1344] SELECT pre_cod_asig1,pre_cod_asig2,pre_cod_asig3,pre_cod_asig4,pre_cod_asig5,pre_cod_asig6,pre_cod_asig7 FROM tblaca009 WHERE pensum='5' AND c_uni_ca='2' AND c_asigna='322033' [1][0] OK
C:[07/11/2012 22:46:26.24][190.36.26.217][1344] SELECT pre_cod_asig1,pre_cod_asig2,pre_cod_asig3,pre_cod_asig4,pre_cod_asig5,pre_cod_asig6,pre_cod_asig7 FROM tblaca009 WHERE pensum='5' AND c_uni_ca='2' AND c_asigna='322801' [1][0] OK
C:[07/11/2012 22:46:26.24][190.36.26.217][1357] SELECT c_asigna FROM dace004 WHERE exp_e='08-17973199' AND c_asigna='322780' AND status IN ('0','3','B') [1][0] OK
C:[07/11/2012 22:46:26.24][190.36.26.217][1357] SELECT c_asigna FROM dace004 WHERE exp_e='08-17973199' AND c_asigna='322605' AND status IN ('0','3','B') [1][0] OK
C:[07/11/2012 22:46:26.24][190.36.26.217][1344] SELECT pre_cod_asig1,pre_cod_asig2,pre_cod_asig3,pre_cod_asig4,pre_cod_asig5,pre_cod_asig6,pre_cod_asig7 FROM tblaca009 WHERE pensum='5' AND c_uni_ca='2' AND c_asigna='322826' [1][0] OK
C:[07/11/2012 22:46:26.24][190.36.26.217][1357] SELECT c_asigna FROM dace004 WHERE exp_e='08-17973199' AND c_asigna='322702' AND status IN ('0','3','B') [1][0] OK
C:[07/11/2012 22:46:26.24][190.36.26.217][1344] SELECT pre_cod_asig1,pre_cod_asig2,pre_cod_asig3,pre_cod_asig4,pre_cod_asig5,pre_cod_asig6,pre_cod_asig7 FROM tblaca009 WHERE pensum='5' AND c_uni_ca='2' AND c_asigna='322827' [1][0] OK
C:[07/11/2012 22:46:26.24][190.36.26.217][1357] SELECT c_asigna FROM dace004 WHERE exp_e='08-17973199' AND c_asigna='322703' AND status IN ('0','3','B') [1][0] OK
C:[07/11/2012 22:46:26.24][190.36.26.217][1357] SELECT c_asigna FROM dace004 WHERE exp_e='08-17973199' AND c_asigna='322782' AND status IN ('0','3','B') [1][0] OK
C:[07/11/2012 22:46:26.24][190.36.26.217][1357] SELECT c_asigna FROM dace004 WHERE exp_e='08-17973199' AND c_asigna='322449' AND status IN ('0','3','B') [1][0] OK
C:[07/11/2012 22:46:27.64][190.36.26.217][1388] SELECT par_cod_asig1,par_cod_asig2,par_cod_asig3 FROM tblaca009 WHERE pensum='5' AND c_uni_ca='2' AND c_asigna='300870' [1][0] OK
C:[07/11/2012 22:46:27.64][190.36.26.217][1388] SELECT par_cod_asig1,par_cod_asig2,par_cod_asig3 FROM tblaca009 WHERE pensum='5' AND c_uni_ca='2' AND c_asigna='322033' [1][0] OK
C:[07/11/2012 22:46:27.64][190.36.26.217][1388] SELECT par_cod_asig1,par_cod_asig2,par_cod_asig3 FROM tblaca009 WHERE pensum='5' AND c_uni_ca='2' AND c_asigna='322801' [1][0] OK
C:[07/11/2012 22:46:27.64][190.36.26.217][1388] SELECT par_cod_asig1,par_cod_asig2,par_cod_asig3 FROM tblaca009 WHERE pensum='5' AND c_uni_ca='2' AND c_asigna='322826' [1][0] OK
C:[07/11/2012 22:46:27.64][190.36.26.217][1388] SELECT par_cod_asig1,par_cod_asig2,par_cod_asig3 FROM tblaca009 WHERE pensum='5' AND c_uni_ca='2' AND c_asigna='322827' [1][0] OK
C:[07/11/2012 22:46:27.26][190.36.26.217][1518] SELECT horas_lab FROM tblaca008 WHERE c_asigna='300870' AND horas_teoricas > 0 [1][0] OK
C:[07/11/2012 22:46:27.40][190.36.26.217][1550] SELECT sum(u_creditos*1) FROM dace006 a, tblaca009 b WHERE a.exp_e='08-17973199' AND a.lapso='2012-2' AND b.pensum='5' AND b.c_uni_ca='2' AND status IN ('7','A','2') AND a.c_asigna=b.c_asigna  [1][0] OK
C:[07/11/2012 22:46:27.51][190.36.26.217][1569] SELECT sum(u_creditos*1) FROM dace006 a, tblaca009 b WHERE a.exp_e='08-17973199' AND a.lapso='2012-2' AND b.pensum='5' AND b.c_uni_ca='2' AND status IN ('7','A','2') AND a.c_asigna=b.c_asigna AND a.c_asigna IN ('322033','322801','322826','322827') [1][0] OK
C:[07/11/2012 22:46:27.62][190.36.26.217][1585] SELECT MAX(semestre) FROM dace006 a, tblaca009 b WHERE a.exp_e='08-17973199' AND a.lapso='2012-2' AND b.pensum='5' AND b.c_uni_ca='2' AND status IN ('7','A','2') AND a.c_asigna=b.c_asigna  [1][0] OK
C:[07/11/2012 22:46:27.75][190.36.26.217][1606] SELECT MIN(semestre) FROM dace006 a, tblaca009 b WHERE a.exp_e='08-17973199' AND a.lapso='2012-2' AND b.pensum='5' AND b.c_uni_ca='2' AND status IN ('7','A','2') AND a.c_asigna=b.c_asigna AND a.c_asigna IN ('300870') [1][0] OK
C:[07/11/2012 22:51:45.86][190.37.61.189][1344] SELECT pre_cod_asig1,pre_cod_asig2,pre_cod_asig3,pre_cod_asig4,pre_cod_asig5,pre_cod_asig6,pre_cod_asig7 FROM tblaca009 WHERE pensum='5' AND c_uni_ca='2' AND c_asigna='300870' [1][0] OK
C:[07/11/2012 22:51:45.86][190.37.61.189][1344] SELECT pre_cod_asig1,pre_cod_asig2,pre_cod_asig3,pre_cod_asig4,pre_cod_asig5,pre_cod_asig6,pre_cod_asig7 FROM tblaca009 WHERE pensum='5' AND c_uni_ca='2' AND c_asigna='300956' [1][0] OK
C:[07/11/2012 22:51:45.86][190.37.61.189][1357] SELECT c_asigna FROM dace004 WHERE exp_e='09-20223658' AND c_asigna='300422' AND status IN ('0','3','B') [1][0] OK
C:[07/11/2012 22:51:45.86][190.37.61.189][1357] SELECT c_asigna FROM dace004 WHERE exp_e='09-20223658' AND c_asigna='300105' AND status IN ('0','3','B') [1][0] OK
C:[07/11/2012 22:51:45.86][190.37.61.189][1357] SELECT c_asigna FROM dace004 WHERE exp_e='09-20223658' AND c_asigna='300314' AND status IN ('0','3','B') [1][0] OK
C:[07/11/2012 22:51:45.86][190.37.61.189][1344] SELECT pre_cod_asig1,pre_cod_asig2,pre_cod_asig3,pre_cod_asig4,pre_cod_asig5,pre_cod_asig6,pre_cod_asig7 FROM tblaca009 WHERE pensum='5' AND c_uni_ca='2' AND c_asigna='322033' [1][0] OK
C:[07/11/2012 22:51:45.86][190.37.61.189][1344] SELECT pre_cod_asig1,pre_cod_asig2,pre_cod_asig3,pre_cod_asig4,pre_cod_asig5,pre_cod_asig6,pre_cod_asig7 FROM tblaca009 WHERE pensum='5' AND c_uni_ca='2' AND c_asigna='322055' [1][0] OK
C:[07/11/2012 22:51:45.86][190.37.61.189][1344] SELECT pre_cod_asig1,pre_cod_asig2,pre_cod_asig3,pre_cod_asig4,pre_cod_asig5,pre_cod_asig6,pre_cod_asig7 FROM tblaca009 WHERE pensum='5' AND c_uni_ca='2' AND c_asigna='322826' [1][0] OK
C:[07/11/2012 22:51:45.86][190.37.61.189][1357] SELECT c_asigna FROM dace004 WHERE exp_e='09-20223658' AND c_asigna='322702' AND status IN ('0','3','B') [1][0] OK
C:[07/11/2012 22:51:45.86][190.37.61.189][1344] SELECT pre_cod_asig1,pre_cod_asig2,pre_cod_asig3,pre_cod_asig4,pre_cod_asig5,pre_cod_asig6,pre_cod_asig7 FROM tblaca009 WHERE pensum='5' AND c_uni_ca='2' AND c_asigna='322827' [1][0] OK
C:[07/11/2012 22:51:45.86][190.37.61.189][1357] SELECT c_asigna FROM dace004 WHERE exp_e='09-20223658' AND c_asigna='322703' AND status IN ('0','3','B') [1][0] OK
C:[07/11/2012 22:51:45.86][190.37.61.189][1357] SELECT c_asigna FROM dace004 WHERE exp_e='09-20223658' AND c_asigna='322782' AND status IN ('0','3','B') [1][0] OK
C:[07/11/2012 22:51:45.86][190.37.61.189][1357] SELECT c_asigna FROM dace004 WHERE exp_e='09-20223658' AND c_asigna='322449' AND status IN ('0','3','B') [1][0] OK
C:[07/11/2012 22:51:45.48][190.37.61.189][1388] SELECT par_cod_asig1,par_cod_asig2,par_cod_asig3 FROM tblaca009 WHERE pensum='5' AND c_uni_ca='2' AND c_asigna='300870' [1][0] OK
C:[07/11/2012 22:51:45.48][190.37.61.189][1388] SELECT par_cod_asig1,par_cod_asig2,par_cod_asig3 FROM tblaca009 WHERE pensum='5' AND c_uni_ca='2' AND c_asigna='300956' [1][0] OK
C:[07/11/2012 22:51:45.48][190.37.61.189][1388] SELECT par_cod_asig1,par_cod_asig2,par_cod_asig3 FROM tblaca009 WHERE pensum='5' AND c_uni_ca='2' AND c_asigna='322033' [1][0] OK
C:[07/11/2012 22:51:45.48][190.37.61.189][1388] SELECT par_cod_asig1,par_cod_asig2,par_cod_asig3 FROM tblaca009 WHERE pensum='5' AND c_uni_ca='2' AND c_asigna='322055' [1][0] OK
C:[07/11/2012 22:51:45.48][190.37.61.189][1388] SELECT par_cod_asig1,par_cod_asig2,par_cod_asig3 FROM tblaca009 WHERE pensum='5' AND c_uni_ca='2' AND c_asigna='322826' [1][0] OK
C:[07/11/2012 22:51:45.48][190.37.61.189][1388] SELECT par_cod_asig1,par_cod_asig2,par_cod_asig3 FROM tblaca009 WHERE pensum='5' AND c_uni_ca='2' AND c_asigna='322827' [1][0] OK
C:[07/11/2012 22:51:46.25][190.37.61.189][1518] SELECT horas_lab FROM tblaca008 WHERE c_asigna='300870' AND horas_teoricas > 0 [1][0] OK
C:[07/11/2012 22:51:46.35][190.37.61.189][1550] SELECT sum(u_creditos*1) FROM dace006 a, tblaca009 b WHERE a.exp_e='09-20223658' AND a.lapso='2012-2' AND b.pensum='5' AND b.c_uni_ca='2' AND status IN ('7','A','2') AND a.c_asigna=b.c_asigna  [1][0] OK
C:[07/11/2012 22:51:46.48][190.37.61.189][1569] SELECT sum(u_creditos*1) FROM dace006 a, tblaca009 b WHERE a.exp_e='09-20223658' AND a.lapso='2012-2' AND b.pensum='5' AND b.c_uni_ca='2' AND status IN ('7','A','2') AND a.c_asigna=b.c_asigna AND a.c_asigna IN ('300956','322033','322055','322826','322827') [1][0] OK
C:[07/11/2012 22:51:46.60][190.37.61.189][1585] SELECT MAX(semestre) FROM dace006 a, tblaca009 b WHERE a.exp_e='09-20223658' AND a.lapso='2012-2' AND b.pensum='5' AND b.c_uni_ca='2' AND status IN ('7','A','2') AND a.c_asigna=b.c_asigna  [1][0] OK
C:[07/11/2012 22:51:46.73][190.37.61.189][1606] SELECT MIN(semestre) FROM dace006 a, tblaca009 b WHERE a.exp_e='09-20223658' AND a.lapso='2012-2' AND b.pensum='5' AND b.c_uni_ca='2' AND status IN ('7','A','2') AND a.c_asigna=b.c_asigna AND a.c_asigna IN ('300870') [1][0] OK
C:[07/11/2012 22:56:57.89][190.37.61.189][1344] SELECT pre_cod_asig1,pre_cod_asig2,pre_cod_asig3,pre_cod_asig4,pre_cod_asig5,pre_cod_asig6,pre_cod_asig7 FROM tblaca009 WHERE pensum='5' AND c_uni_ca='2' AND c_asigna='300870' [1][0] OK
C:[07/11/2012 22:56:57.89][190.37.61.189][1344] SELECT pre_cod_asig1,pre_cod_asig2,pre_cod_asig3,pre_cod_asig4,pre_cod_asig5,pre_cod_asig6,pre_cod_asig7 FROM tblaca009 WHERE pensum='5' AND c_uni_ca='2' AND c_asigna='300956' [1][0] OK
C:[07/11/2012 22:56:57.89][190.37.61.189][1357] SELECT c_asigna FROM dace004 WHERE exp_e='08-20507260' AND c_asigna='300422' AND status IN ('0','3','B') [1][0] OK
C:[07/11/2012 22:56:57.89][190.37.61.189][1357] SELECT c_asigna FROM dace004 WHERE exp_e='08-20507260' AND c_asigna='300105' AND status IN ('0','3','B') [1][0] OK
C:[07/11/2012 22:56:57.89][190.37.61.189][1357] SELECT c_asigna FROM dace004 WHERE exp_e='08-20507260' AND c_asigna='300314' AND status IN ('0','3','B') [1][0] OK
C:[07/11/2012 22:56:57.89][190.37.61.189][1344] SELECT pre_cod_asig1,pre_cod_asig2,pre_cod_asig3,pre_cod_asig4,pre_cod_asig5,pre_cod_asig6,pre_cod_asig7 FROM tblaca009 WHERE pensum='5' AND c_uni_ca='2' AND c_asigna='322033' [1][0] OK
C:[07/11/2012 22:56:57.89][190.37.61.189][1344] SELECT pre_cod_asig1,pre_cod_asig2,pre_cod_asig3,pre_cod_asig4,pre_cod_asig5,pre_cod_asig6,pre_cod_asig7 FROM tblaca009 WHERE pensum='5' AND c_uni_ca='2' AND c_asigna='322826' [1][0] OK
C:[07/11/2012 22:56:57.89][190.37.61.189][1357] SELECT c_asigna FROM dace004 WHERE exp_e='08-20507260' AND c_asigna='322702' AND status IN ('0','3','B') [1][0] OK
C:[07/11/2012 22:56:57.89][190.37.61.189][1344] SELECT pre_cod_asig1,pre_cod_asig2,pre_cod_asig3,pre_cod_asig4,pre_cod_asig5,pre_cod_asig6,pre_cod_asig7 FROM tblaca009 WHERE pensum='5' AND c_uni_ca='2' AND c_asigna='322827' [1][0] OK
C:[07/11/2012 22:56:57.89][190.37.61.189][1357] SELECT c_asigna FROM dace004 WHERE exp_e='08-20507260' AND c_asigna='322703' AND status IN ('0','3','B') [1][0] OK
C:[07/11/2012 22:56:57.89][190.37.61.189][1357] SELECT c_asigna FROM dace004 WHERE exp_e='08-20507260' AND c_asigna='322782' AND status IN ('0','3','B') [1][0] OK
C:[07/11/2012 22:56:57.89][190.37.61.189][1357] SELECT c_asigna FROM dace004 WHERE exp_e='08-20507260' AND c_asigna='322449' AND status IN ('0','3','B') [1][0] OK
C:[07/11/2012 22:56:58.41][190.37.61.189][1388] SELECT par_cod_asig1,par_cod_asig2,par_cod_asig3 FROM tblaca009 WHERE pensum='5' AND c_uni_ca='2' AND c_asigna='300870' [1][0] OK
C:[07/11/2012 22:56:58.41][190.37.61.189][1388] SELECT par_cod_asig1,par_cod_asig2,par_cod_asig3 FROM tblaca009 WHERE pensum='5' AND c_uni_ca='2' AND c_asigna='300956' [1][0] OK
C:[07/11/2012 22:56:58.41][190.37.61.189][1388] SELECT par_cod_asig1,par_cod_asig2,par_cod_asig3 FROM tblaca009 WHERE pensum='5' AND c_uni_ca='2' AND c_asigna='322033' [1][0] OK
C:[07/11/2012 22:56:58.41][190.37.61.189][1388] SELECT par_cod_asig1,par_cod_asig2,par_cod_asig3 FROM tblaca009 WHERE pensum='5' AND c_uni_ca='2' AND c_asigna='322826' [1][0] OK
C:[07/11/2012 22:56:58.41][190.37.61.189][1388] SELECT par_cod_asig1,par_cod_asig2,par_cod_asig3 FROM tblaca009 WHERE pensum='5' AND c_uni_ca='2' AND c_asigna='322827' [1][0] OK
C:[07/11/2012 22:56:58.05][190.37.61.189][1518] SELECT horas_lab FROM tblaca008 WHERE c_asigna='300870' AND horas_teoricas > 0 [1][0] OK
C:[07/11/2012 22:56:58.15][190.37.61.189][1550] SELECT sum(u_creditos*1) FROM dace006 a, tblaca009 b WHERE a.exp_e='08-20507260' AND a.lapso='2012-2' AND b.pensum='5' AND b.c_uni_ca='2' AND status IN ('7','A','2') AND a.c_asigna=b.c_asigna  [1][0] OK
C:[07/11/2012 22:56:58.30][190.37.61.189][1569] SELECT sum(u_creditos*1) FROM dace006 a, tblaca009 b WHERE a.exp_e='08-20507260' AND a.lapso='2012-2' AND b.pensum='5' AND b.c_uni_ca='2' AND status IN ('7','A','2') AND a.c_asigna=b.c_asigna AND a.c_asigna IN ('300956','322033','322826','322827') [1][0] OK
C:[07/11/2012 22:56:58.39][190.37.61.189][1585] SELECT MAX(semestre) FROM dace006 a, tblaca009 b WHERE a.exp_e='08-20507260' AND a.lapso='2012-2' AND b.pensum='5' AND b.c_uni_ca='2' AND status IN ('7','A','2') AND a.c_asigna=b.c_asigna  [1][0] OK
C:[07/11/2012 22:56:58.52][190.37.61.189][1606] SELECT MIN(semestre) FROM dace006 a, tblaca009 b WHERE a.exp_e='08-20507260' AND a.lapso='2012-2' AND b.pensum='5' AND b.c_uni_ca='2' AND status IN ('7','A','2') AND a.c_asigna=b.c_asigna AND a.c_asigna IN ('300870') [1][0] OK
C:[08/11/2012 08:23:54.27][190.37.33.133][1344] SELECT pre_cod_asig1,pre_cod_asig2,pre_cod_asig3,pre_cod_asig4,pre_cod_asig5,pre_cod_asig6,pre_cod_asig7 FROM tblaca009 WHERE pensum='5' AND c_uni_ca='3' AND c_asigna='300956' [1][0] OK
C:[08/11/2012 08:23:54.27][190.37.33.133][1357] SELECT c_asigna FROM dace004 WHERE exp_e='06-18805136' AND c_asigna='300422' AND status IN ('0','3','B') [1][0] OK
C:[08/11/2012 08:23:54.27][190.37.33.133][1357] SELECT c_asigna FROM dace004 WHERE exp_e='06-18805136' AND c_asigna='300105' AND status IN ('0','3','B') [1][0] OK
C:[08/11/2012 08:23:54.27][190.37.33.133][1357] SELECT c_asigna FROM dace004 WHERE exp_e='06-18805136' AND c_asigna='300314' AND status IN ('0','3','B') [1][0] OK
C:[08/11/2012 08:23:54.27][190.37.33.133][1344] SELECT pre_cod_asig1,pre_cod_asig2,pre_cod_asig3,pre_cod_asig4,pre_cod_asig5,pre_cod_asig6,pre_cod_asig7 FROM tblaca009 WHERE pensum='5' AND c_uni_ca='3' AND c_asigna='300870' [1][0] OK
C:[08/11/2012 08:23:54.27][190.37.33.133][1344] SELECT pre_cod_asig1,pre_cod_asig2,pre_cod_asig3,pre_cod_asig4,pre_cod_asig5,pre_cod_asig6,pre_cod_asig7 FROM tblaca009 WHERE pensum='5' AND c_uni_ca='3' AND c_asigna='311095' [1][0] OK
C:[08/11/2012 08:23:54.27][190.37.33.133][1357] SELECT c_asigna FROM dace004 WHERE exp_e='06-18805136' AND c_asigna='311822' AND status IN ('0','3','B') [1][0] OK
C:[08/11/2012 08:23:54.27][190.37.33.133][1344] SELECT pre_cod_asig1,pre_cod_asig2,pre_cod_asig3,pre_cod_asig4,pre_cod_asig5,pre_cod_asig6,pre_cod_asig7 FROM tblaca009 WHERE pensum='5' AND c_uni_ca='3' AND c_asigna='311824' [1][0] OK
C:[08/11/2012 08:23:54.27][190.37.33.133][1357] SELECT c_asigna FROM dace004 WHERE exp_e='06-18805136' AND c_asigna='311796' AND status IN ('0','3','B') [1][0] OK
C:[08/11/2012 08:23:54.27][190.37.33.133][1344] SELECT pre_cod_asig1,pre_cod_asig2,pre_cod_asig3,pre_cod_asig4,pre_cod_asig5,pre_cod_asig6,pre_cod_asig7 FROM tblaca009 WHERE pensum='5' AND c_uni_ca='3' AND c_asigna='311827' [1][0] OK
C:[08/11/2012 08:23:54.27][190.37.33.133][1357] SELECT c_asigna FROM dace004 WHERE exp_e='06-18805136' AND c_asigna='311704' AND status IN ('0','3','B') [1][0] OK
C:[08/11/2012 08:23:54.27][190.37.33.133][1344] SELECT pre_cod_asig1,pre_cod_asig2,pre_cod_asig3,pre_cod_asig4,pre_cod_asig5,pre_cod_asig6,pre_cod_asig7 FROM tblaca009 WHERE pensum='5' AND c_uni_ca='3' AND c_asigna='311933' [1][0] OK
C:[08/11/2012 08:23:54.77][190.37.33.133][1388] SELECT par_cod_asig1,par_cod_asig2,par_cod_asig3 FROM tblaca009 WHERE pensum='5' AND c_uni_ca='3' AND c_asigna='300956' [1][0] OK
C:[08/11/2012 08:23:54.77][190.37.33.133][1388] SELECT par_cod_asig1,par_cod_asig2,par_cod_asig3 FROM tblaca009 WHERE pensum='5' AND c_uni_ca='3' AND c_asigna='300870' [1][0] OK
C:[08/11/2012 08:23:54.77][190.37.33.133][1388] SELECT par_cod_asig1,par_cod_asig2,par_cod_asig3 FROM tblaca009 WHERE pensum='5' AND c_uni_ca='3' AND c_asigna='311095' [1][0] OK
C:[08/11/2012 08:23:54.77][190.37.33.133][1388] SELECT par_cod_asig1,par_cod_asig2,par_cod_asig3 FROM tblaca009 WHERE pensum='5' AND c_uni_ca='3' AND c_asigna='311824' [1][0] OK
C:[08/11/2012 08:23:54.77][190.37.33.133][1388] SELECT par_cod_asig1,par_cod_asig2,par_cod_asig3 FROM tblaca009 WHERE pensum='5' AND c_uni_ca='3' AND c_asigna='311827' [1][0] OK
C:[08/11/2012 08:23:54.77][190.37.33.133][1388] SELECT par_cod_asig1,par_cod_asig2,par_cod_asig3 FROM tblaca009 WHERE pensum='5' AND c_uni_ca='3' AND c_asigna='311933' [1][0] OK
C:[08/11/2012 08:23:54.54][190.37.33.133][1518] SELECT horas_lab FROM tblaca008 WHERE c_asigna='300956' AND horas_teoricas > 0 [1][0] OK
C:[08/11/2012 08:23:54.64][190.37.33.133][1550] SELECT sum(u_creditos*1) FROM dace006 a, tblaca009 b WHERE a.exp_e='06-18805136' AND a.lapso='2012-2' AND b.pensum='5' AND b.c_uni_ca='3' AND status IN ('7','A','2') AND a.c_asigna=b.c_asigna  [1][0] OK
C:[08/11/2012 08:23:54.77][190.37.33.133][1569] SELECT sum(u_creditos*1) FROM dace006 a, tblaca009 b WHERE a.exp_e='06-18805136' AND a.lapso='2012-2' AND b.pensum='5' AND b.c_uni_ca='3' AND status IN ('7','A','2') AND a.c_asigna=b.c_asigna AND a.c_asigna IN ('300870','311095','311824','311827','311933') [1][0] OK
C:[08/11/2012 08:23:54.89][190.37.33.133][1585] SELECT MAX(semestre) FROM dace006 a, tblaca009 b WHERE a.exp_e='06-18805136' AND a.lapso='2012-2' AND b.pensum='5' AND b.c_uni_ca='3' AND status IN ('7','A','2') AND a.c_asigna=b.c_asigna  [1][0] OK
C:[08/11/2012 08:23:54.03][190.37.33.133][1606] SELECT MIN(semestre) FROM dace006 a, tblaca009 b WHERE a.exp_e='06-18805136' AND a.lapso='2012-2' AND b.pensum='5' AND b.c_uni_ca='3' AND status IN ('7','A','2') AND a.c_asigna=b.c_asigna AND a.c_asigna IN ('300956') [1][0] OK
C:[08/11/2012 10:37:22.96][200.109.196.109][1344] SELECT pre_cod_asig1,pre_cod_asig2,pre_cod_asig3,pre_cod_asig4,pre_cod_asig5,pre_cod_asig6,pre_cod_asig7 FROM tblaca009 WHERE pensum='5' AND c_uni_ca='5' AND c_asigna='300106' [1][0] OK
C:[08/11/2012 10:37:22.96][200.109.196.109][1344] SELECT pre_cod_asig1,pre_cod_asig2,pre_cod_asig3,pre_cod_asig4,pre_cod_asig5,pre_cod_asig6,pre_cod_asig7 FROM tblaca009 WHERE pensum='5' AND c_uni_ca='5' AND c_asigna='300013' [1][0] OK
C:[08/11/2012 10:37:22.96][200.109.196.109][1344] SELECT pre_cod_asig1,pre_cod_asig2,pre_cod_asig3,pre_cod_asig4,pre_cod_asig5,pre_cod_asig6,pre_cod_asig7 FROM tblaca009 WHERE pensum='5' AND c_uni_ca='5' AND c_asigna='300112' [1][0] OK
C:[08/11/2012 10:37:22.96][200.109.196.109][1344] SELECT pre_cod_asig1,pre_cod_asig2,pre_cod_asig3,pre_cod_asig4,pre_cod_asig5,pre_cod_asig6,pre_cod_asig7 FROM tblaca009 WHERE pensum='5' AND c_uni_ca='5' AND c_asigna='300213' [1][0] OK
C:[08/11/2012 10:37:22.96][200.109.196.109][1357] SELECT c_asigna FROM dace004 WHERE exp_e='09-20807042' AND c_asigna='300101' AND status IN ('0','3','B') [1][0] OK
C:[08/11/2012 10:37:22.59][200.109.196.109][1388] SELECT par_cod_asig1,par_cod_asig2,par_cod_asig3 FROM tblaca009 WHERE pensum='5' AND c_uni_ca='5' AND c_asigna='300106' [1][0] OK
C:[08/11/2012 10:37:22.59][200.109.196.109][1388] SELECT par_cod_asig1,par_cod_asig2,par_cod_asig3 FROM tblaca009 WHERE pensum='5' AND c_uni_ca='5' AND c_asigna='300013' [1][0] OK
C:[08/11/2012 10:37:22.59][200.109.196.109][1388] SELECT par_cod_asig1,par_cod_asig2,par_cod_asig3 FROM tblaca009 WHERE pensum='5' AND c_uni_ca='5' AND c_asigna='300112' [1][0] OK
C:[08/11/2012 10:37:22.59][200.109.196.109][1388] SELECT par_cod_asig1,par_cod_asig2,par_cod_asig3 FROM tblaca009 WHERE pensum='5' AND c_uni_ca='5' AND c_asigna='300213' [1][0] OK
C:[08/11/2012 10:37:22.59][200.109.196.109][1402] SELECT c_asigna FROM dace004 WHERE exp_e='09-20807042' AND c_asigna='300209' AND status IN ('0','3','B','C') [1][0] OK
C:[08/11/2012 10:37:22.22][200.109.196.109][1518] SELECT horas_lab FROM tblaca008 WHERE c_asigna='300106' AND horas_teoricas > 0 [0][0] OK
C:[08/11/2012 10:37:22.34][200.109.196.109][1550] SELECT sum(u_creditos*1) FROM dace006 a, tblaca009 b WHERE a.exp_e='09-20807042' AND a.lapso='2012-2' AND b.pensum='5' AND b.c_uni_ca='5' AND status IN ('7','A','2') AND a.c_asigna=b.c_asigna  [1][0] OK
C:[08/11/2012 10:37:22.46][200.109.196.109][1569] SELECT sum(u_creditos*1) FROM dace006 a, tblaca009 b WHERE a.exp_e='09-20807042' AND a.lapso='2012-2' AND b.pensum='5' AND b.c_uni_ca='5' AND status IN ('7','A','2') AND a.c_asigna=b.c_asigna AND a.c_asigna IN ('300013','300112','300213') [1][0] OK
C:[08/11/2012 10:37:22.59][200.109.196.109][1585] SELECT MAX(semestre) FROM dace006 a, tblaca009 b WHERE a.exp_e='09-20807042' AND a.lapso='2012-2' AND b.pensum='5' AND b.c_uni_ca='5' AND status IN ('7','A','2') AND a.c_asigna=b.c_asigna  [1][0] OK
C:[08/11/2012 10:37:22.71][200.109.196.109][1606] SELECT MIN(semestre) FROM dace006 a, tblaca009 b WHERE a.exp_e='09-20807042' AND a.lapso='2012-2' AND b.pensum='5' AND b.c_uni_ca='5' AND status IN ('7','A','2') AND a.c_asigna=b.c_asigna AND a.c_asigna IN ('300106') [1][0] OK
C:[08/11/2012 11:34:45.07][190.202.82.98][1344] SELECT pre_cod_asig1,pre_cod_asig2,pre_cod_asig3,pre_cod_asig4,pre_cod_asig5,pre_cod_asig6,pre_cod_asig7 FROM tblaca009 WHERE pensum='5' AND c_uni_ca='6' AND c_asigna='344951' [1][0] OK
C:[08/11/2012 11:34:45.07][190.202.82.98][1357] SELECT c_asigna FROM dace004 WHERE exp_e='02-15908444' AND c_asigna='344689' AND status IN ('0','3','B') [1][0] OK
C:[08/11/2012 11:34:45.07][190.202.82.98][1357] SELECT c_asigna FROM dace004 WHERE exp_e='02-15908444' AND c_asigna='344687' AND status IN ('0','3','B') [1][0] OK
C:[08/11/2012 11:34:45.07][190.202.82.98][1344] SELECT pre_cod_asig1,pre_cod_asig2,pre_cod_asig3,pre_cod_asig4,pre_cod_asig5,pre_cod_asig6,pre_cod_asig7 FROM tblaca009 WHERE pensum='5' AND c_uni_ca='6' AND c_asigna='344047' [1][0] OK
C:[08/11/2012 11:34:45.07][190.202.82.98][1357] SELECT c_asigna FROM dace004 WHERE exp_e='02-15908444' AND c_asigna='344715' AND status IN ('0','3','B') [1][0] OK
C:[08/11/2012 11:34:45.07][190.202.82.98][1357] SELECT c_asigna FROM dace004 WHERE exp_e='02-15908444' AND c_asigna='344843' AND status IN ('0','3','B') [1][0] OK
C:[08/11/2012 11:34:45.07][190.202.82.98][1357] SELECT c_asigna FROM dace004 WHERE exp_e='02-15908444' AND c_asigna='300313' AND status IN ('0','3','B') [0][0] OK
C:[08/11/2012 11:34:45.07][190.202.82.98][1344] SELECT pre_cod_asig1,pre_cod_asig2,pre_cod_asig3,pre_cod_asig4,pre_cod_asig5,pre_cod_asig6,pre_cod_asig7 FROM tblaca009 WHERE pensum='5' AND c_uni_ca='6' AND c_asigna='344732' [1][0] OK
C:[08/11/2012 11:34:45.07][190.202.82.98][1357] SELECT c_asigna FROM dace004 WHERE exp_e='02-15908444' AND c_asigna='344687' AND status IN ('0','3','B') [1][0] OK
C:[08/11/2012 11:34:45.07][190.202.82.98][1344] SELECT pre_cod_asig1,pre_cod_asig2,pre_cod_asig3,pre_cod_asig4,pre_cod_asig5,pre_cod_asig6,pre_cod_asig7 FROM tblaca009 WHERE pensum='5' AND c_uni_ca='6' AND c_asigna='344948' [1][0] OK
C:[08/11/2012 11:34:45.07][190.202.82.98][1344] SELECT pre_cod_asig1,pre_cod_asig2,pre_cod_asig3,pre_cod_asig4,pre_cod_asig5,pre_cod_asig6,pre_cod_asig7 FROM tblaca009 WHERE pensum='5' AND c_uni_ca='6' AND c_asigna='344953' [1][0] OK
C:[08/11/2012 11:34:45.07][190.202.82.98][1344] SELECT pre_cod_asig1,pre_cod_asig2,pre_cod_asig3,pre_cod_asig4,pre_cod_asig5,pre_cod_asig6,pre_cod_asig7 FROM tblaca009 WHERE pensum='5' AND c_uni_ca='6' AND c_asigna='344963' [1][0] OK
C:[08/11/2012 11:34:46.57][190.202.82.98][1388] SELECT par_cod_asig1,par_cod_asig2,par_cod_asig3 FROM tblaca009 WHERE pensum='5' AND c_uni_ca='6' AND c_asigna='344951' [1][0] OK
C:[08/11/2012 11:34:46.57][190.202.82.98][1388] SELECT par_cod_asig1,par_cod_asig2,par_cod_asig3 FROM tblaca009 WHERE pensum='5' AND c_uni_ca='6' AND c_asigna='344047' [1][0] OK
C:[08/11/2012 11:34:46.57][190.202.82.98][1388] SELECT par_cod_asig1,par_cod_asig2,par_cod_asig3 FROM tblaca009 WHERE pensum='5' AND c_uni_ca='6' AND c_asigna='344732' [1][0] OK
C:[08/11/2012 11:34:46.57][190.202.82.98][1388] SELECT par_cod_asig1,par_cod_asig2,par_cod_asig3 FROM tblaca009 WHERE pensum='5' AND c_uni_ca='6' AND c_asigna='344948' [1][0] OK
C:[08/11/2012 11:34:46.57][190.202.82.98][1388] SELECT par_cod_asig1,par_cod_asig2,par_cod_asig3 FROM tblaca009 WHERE pensum='5' AND c_uni_ca='6' AND c_asigna='344953' [1][0] OK
C:[08/11/2012 11:34:46.57][190.202.82.98][1388] SELECT par_cod_asig1,par_cod_asig2,par_cod_asig3 FROM tblaca009 WHERE pensum='5' AND c_uni_ca='6' AND c_asigna='344963' [1][0] OK
C:[08/11/2012 11:34:46.33][190.202.82.98][1518] SELECT horas_lab FROM tblaca008 WHERE c_asigna='344951' AND horas_teoricas > 0 [1][0] OK
C:[08/11/2012 11:34:46.44][190.202.82.98][1550] SELECT sum(u_creditos*1) FROM dace006 a, tblaca009 b WHERE a.exp_e='02-15908444' AND a.lapso='2012-2' AND b.pensum='5' AND b.c_uni_ca='6' AND status IN ('7','A','2') AND a.c_asigna=b.c_asigna  [1][0] OK
C:[08/11/2012 11:34:46.57][190.202.82.98][1569] SELECT sum(u_creditos*1) FROM dace006 a, tblaca009 b WHERE a.exp_e='02-15908444' AND a.lapso='2012-2' AND b.pensum='5' AND b.c_uni_ca='6' AND status IN ('7','A','2') AND a.c_asigna=b.c_asigna AND a.c_asigna IN ('344047','344732','344948','344953','344963') [1][0] OK
C:[08/11/2012 11:34:46.69][190.202.82.98][1585] SELECT MAX(semestre) FROM dace006 a, tblaca009 b WHERE a.exp_e='02-15908444' AND a.lapso='2012-2' AND b.pensum='5' AND b.c_uni_ca='6' AND status IN ('7','A','2') AND a.c_asigna=b.c_asigna  [1][0] OK
C:[08/11/2012 11:34:46.82][190.202.82.98][1606] SELECT MIN(semestre) FROM dace006 a, tblaca009 b WHERE a.exp_e='02-15908444' AND a.lapso='2012-2' AND b.pensum='5' AND b.c_uni_ca='6' AND status IN ('7','A','2') AND a.c_asigna=b.c_asigna AND a.c_asigna IN ('344951') [1][0] OK
C:[08/11/2012 11:35:45.26][190.202.82.98][1344] SELECT pre_cod_asig1,pre_cod_asig2,pre_cod_asig3,pre_cod_asig4,pre_cod_asig5,pre_cod_asig6,pre_cod_asig7 FROM tblaca009 WHERE pensum='5' AND c_uni_ca='6' AND c_asigna='344951' [1][0] OK
C:[08/11/2012 11:35:45.26][190.202.82.98][1357] SELECT c_asigna FROM dace004 WHERE exp_e='02-15908444' AND c_asigna='344689' AND status IN ('0','3','B') [1][0] OK
C:[08/11/2012 11:35:45.26][190.202.82.98][1357] SELECT c_asigna FROM dace004 WHERE exp_e='02-15908444' AND c_asigna='344687' AND status IN ('0','3','B') [1][0] OK
C:[08/11/2012 11:35:45.26][190.202.82.98][1344] SELECT pre_cod_asig1,pre_cod_asig2,pre_cod_asig3,pre_cod_asig4,pre_cod_asig5,pre_cod_asig6,pre_cod_asig7 FROM tblaca009 WHERE pensum='5' AND c_uni_ca='6' AND c_asigna='344047' [1][0] OK
C:[08/11/2012 11:35:45.26][190.202.82.98][1357] SELECT c_asigna FROM dace004 WHERE exp_e='02-15908444' AND c_asigna='344715' AND status IN ('0','3','B') [1][0] OK
C:[08/11/2012 11:35:45.26][190.202.82.98][1357] SELECT c_asigna FROM dace004 WHERE exp_e='02-15908444' AND c_asigna='344843' AND status IN ('0','3','B') [1][0] OK
C:[08/11/2012 11:35:45.26][190.202.82.98][1357] SELECT c_asigna FROM dace004 WHERE exp_e='02-15908444' AND c_asigna='300313' AND status IN ('0','3','B') [0][0] OK
C:[08/11/2012 11:35:45.26][190.202.82.98][1344] SELECT pre_cod_asig1,pre_cod_asig2,pre_cod_asig3,pre_cod_asig4,pre_cod_asig5,pre_cod_asig6,pre_cod_asig7 FROM tblaca009 WHERE pensum='5' AND c_uni_ca='6' AND c_asigna='344732' [1][0] OK
C:[08/11/2012 11:35:45.26][190.202.82.98][1357] SELECT c_asigna FROM dace004 WHERE exp_e='02-15908444' AND c_asigna='344687' AND status IN ('0','3','B') [1][0] OK
C:[08/11/2012 11:35:45.26][190.202.82.98][1344] SELECT pre_cod_asig1,pre_cod_asig2,pre_cod_asig3,pre_cod_asig4,pre_cod_asig5,pre_cod_asig6,pre_cod_asig7 FROM tblaca009 WHERE pensum='5' AND c_uni_ca='6' AND c_asigna='344948' [1][0] OK
C:[08/11/2012 11:35:45.26][190.202.82.98][1344] SELECT pre_cod_asig1,pre_cod_asig2,pre_cod_asig3,pre_cod_asig4,pre_cod_asig5,pre_cod_asig6,pre_cod_asig7 FROM tblaca009 WHERE pensum='5' AND c_uni_ca='6' AND c_asigna='344953' [1][0] OK
C:[08/11/2012 11:35:45.26][190.202.82.98][1344] SELECT pre_cod_asig1,pre_cod_asig2,pre_cod_asig3,pre_cod_asig4,pre_cod_asig5,pre_cod_asig6,pre_cod_asig7 FROM tblaca009 WHERE pensum='5' AND c_uni_ca='6' AND c_asigna='344963' [1][0] OK
C:[08/11/2012 11:35:45.76][190.202.82.98][1388] SELECT par_cod_asig1,par_cod_asig2,par_cod_asig3 FROM tblaca009 WHERE pensum='5' AND c_uni_ca='6' AND c_asigna='344951' [1][0] OK
C:[08/11/2012 11:35:45.76][190.202.82.98][1388] SELECT par_cod_asig1,par_cod_asig2,par_cod_asig3 FROM tblaca009 WHERE pensum='5' AND c_uni_ca='6' AND c_asigna='344047' [1][0] OK
C:[08/11/2012 11:35:45.76][190.202.82.98][1388] SELECT par_cod_asig1,par_cod_asig2,par_cod_asig3 FROM tblaca009 WHERE pensum='5' AND c_uni_ca='6' AND c_asigna='344732' [1][0] OK
C:[08/11/2012 11:35:45.76][190.202.82.98][1388] SELECT par_cod_asig1,par_cod_asig2,par_cod_asig3 FROM tblaca009 WHERE pensum='5' AND c_uni_ca='6' AND c_asigna='344948' [1][0] OK
C:[08/11/2012 11:35:45.76][190.202.82.98][1388] SELECT par_cod_asig1,par_cod_asig2,par_cod_asig3 FROM tblaca009 WHERE pensum='5' AND c_uni_ca='6' AND c_asigna='344953' [1][0] OK
C:[08/11/2012 11:35:45.76][190.202.82.98][1388] SELECT par_cod_asig1,par_cod_asig2,par_cod_asig3 FROM tblaca009 WHERE pensum='5' AND c_uni_ca='6' AND c_asigna='344963' [1][0] OK
C:[08/11/2012 11:35:46.52][190.202.82.98][1518] SELECT horas_lab FROM tblaca008 WHERE c_asigna='344951' AND horas_teoricas > 0 [1][0] OK
C:[08/11/2012 11:35:46.64][190.202.82.98][1550] SELECT sum(u_creditos*1) FROM dace006 a, tblaca009 b WHERE a.exp_e='02-15908444' AND a.lapso='2012-2' AND b.pensum='5' AND b.c_uni_ca='6' AND status IN ('7','A','2') AND a.c_asigna=b.c_asigna  [1][0] OK
C:[08/11/2012 11:35:46.76][190.202.82.98][1569] SELECT sum(u_creditos*1) FROM dace006 a, tblaca009 b WHERE a.exp_e='02-15908444' AND a.lapso='2012-2' AND b.pensum='5' AND b.c_uni_ca='6' AND status IN ('7','A','2') AND a.c_asigna=b.c_asigna AND a.c_asigna IN ('344047','344732','344948','344953','344963') [1][0] OK
C:[08/11/2012 11:35:46.88][190.202.82.98][1585] SELECT MAX(semestre) FROM dace006 a, tblaca009 b WHERE a.exp_e='02-15908444' AND a.lapso='2012-2' AND b.pensum='5' AND b.c_uni_ca='6' AND status IN ('7','A','2') AND a.c_asigna=b.c_asigna  [1][0] OK
C:[08/11/2012 11:35:46.01][190.202.82.98][1606] SELECT MIN(semestre) FROM dace006 a, tblaca009 b WHERE a.exp_e='02-15908444' AND a.lapso='2012-2' AND b.pensum='5' AND b.c_uni_ca='6' AND status IN ('7','A','2') AND a.c_asigna=b.c_asigna AND a.c_asigna IN ('344951') [1][0] OK
C:[08/11/2012 12:30:57.86][190.200.26.250][1344] SELECT pre_cod_asig1,pre_cod_asig2,pre_cod_asig3,pre_cod_asig4,pre_cod_asig5,pre_cod_asig6,pre_cod_asig7 FROM tblaca009 WHERE pensum='5' AND c_uni_ca='6' AND c_asigna='300113' [1][0] OK
C:[08/11/2012 12:30:57.86][190.200.26.250][1344] SELECT pre_cod_asig1,pre_cod_asig2,pre_cod_asig3,pre_cod_asig4,pre_cod_asig5,pre_cod_asig6,pre_cod_asig7 FROM tblaca009 WHERE pensum='5' AND c_uni_ca='6' AND c_asigna='300013' [1][0] OK
C:[08/11/2012 12:30:57.86][190.200.26.250][1344] SELECT pre_cod_asig1,pre_cod_asig2,pre_cod_asig3,pre_cod_asig4,pre_cod_asig5,pre_cod_asig6,pre_cod_asig7 FROM tblaca009 WHERE pensum='5' AND c_uni_ca='6' AND c_asigna='300101' [1][0] OK
C:[08/11/2012 12:30:57.86][190.200.26.250][1344] SELECT pre_cod_asig1,pre_cod_asig2,pre_cod_asig3,pre_cod_asig4,pre_cod_asig5,pre_cod_asig6,pre_cod_asig7 FROM tblaca009 WHERE pensum='5' AND c_uni_ca='6' AND c_asigna='300112' [1][0] OK
C:[08/11/2012 12:30:57.86][190.200.26.250][1344] SELECT pre_cod_asig1,pre_cod_asig2,pre_cod_asig3,pre_cod_asig4,pre_cod_asig5,pre_cod_asig6,pre_cod_asig7 FROM tblaca009 WHERE pensum='5' AND c_uni_ca='6' AND c_asigna='300116' [1][0] OK
C:[08/11/2012 12:30:57.49][190.200.26.250][1388] SELECT par_cod_asig1,par_cod_asig2,par_cod_asig3 FROM tblaca009 WHERE pensum='5' AND c_uni_ca='6' AND c_asigna='300113' [1][0] OK
C:[08/11/2012 12:30:57.49][190.200.26.250][1402] SELECT c_asigna FROM dace004 WHERE exp_e='12-22818287' AND c_asigna='300013' AND status IN ('0','3','B','C') [0][0] OK
C:[08/11/2012 12:30:57.49][190.200.26.250][1388] SELECT par_cod_asig1,par_cod_asig2,par_cod_asig3 FROM tblaca009 WHERE pensum='5' AND c_uni_ca='6' AND c_asigna='300013' [1][0] OK
C:[08/11/2012 12:30:57.49][190.200.26.250][1388] SELECT par_cod_asig1,par_cod_asig2,par_cod_asig3 FROM tblaca009 WHERE pensum='5' AND c_uni_ca='6' AND c_asigna='300101' [1][0] OK
C:[08/11/2012 12:30:57.49][190.200.26.250][1388] SELECT par_cod_asig1,par_cod_asig2,par_cod_asig3 FROM tblaca009 WHERE pensum='5' AND c_uni_ca='6' AND c_asigna='300112' [1][0] OK
C:[08/11/2012 12:30:57.49][190.200.26.250][1388] SELECT par_cod_asig1,par_cod_asig2,par_cod_asig3 FROM tblaca009 WHERE pensum='5' AND c_uni_ca='6' AND c_asigna='300116' [1][0] OK
C:[08/11/2012 12:30:57.25][190.200.26.250][1518] SELECT horas_lab FROM tblaca008 WHERE c_asigna='300113' AND horas_teoricas > 0 [0][0] OK
C:[08/11/2012 12:30:57.37][190.200.26.250][1550] SELECT sum(u_creditos*1) FROM dace006 a, tblaca009 b WHERE a.exp_e='12-22818287' AND a.lapso='2012-2' AND b.pensum='5' AND b.c_uni_ca='6' AND status IN ('7','A','2') AND a.c_asigna=b.c_asigna  [1][0] OK
C:[08/11/2012 12:30:57.49][190.200.26.250][1569] SELECT sum(u_creditos*1) FROM dace006 a, tblaca009 b WHERE a.exp_e='12-22818287' AND a.lapso='2012-2' AND b.pensum='5' AND b.c_uni_ca='6' AND status IN ('7','A','2') AND a.c_asigna=b.c_asigna AND a.c_asigna IN ('300013','300101','300112','300116') [1][0] OK
C:[08/11/2012 12:30:57.61][190.200.26.250][1585] SELECT MAX(semestre) FROM dace006 a, tblaca009 b WHERE a.exp_e='12-22818287' AND a.lapso='2012-2' AND b.pensum='5' AND b.c_uni_ca='6' AND status IN ('7','A','2') AND a.c_asigna=b.c_asigna  [1][0] OK
C:[08/11/2012 12:30:57.74][190.200.26.250][1606] SELECT MIN(semestre) FROM dace006 a, tblaca009 b WHERE a.exp_e='12-22818287' AND a.lapso='2012-2' AND b.pensum='5' AND b.c_uni_ca='6' AND status IN ('7','A','2') AND a.c_asigna=b.c_asigna AND a.c_asigna IN ('300113') [1][0] OK
C:[08/11/2012 13:21:39.99][190.37.209.247][1344] SELECT pre_cod_asig1,pre_cod_asig2,pre_cod_asig3,pre_cod_asig4,pre_cod_asig5,pre_cod_asig6,pre_cod_asig7 FROM tblaca009 WHERE pensum='5' AND c_uni_ca='4' AND c_asigna='333326' [1][0] OK
C:[08/11/2012 13:21:39.99][190.37.209.247][1344] SELECT pre_cod_asig1,pre_cod_asig2,pre_cod_asig3,pre_cod_asig4,pre_cod_asig5,pre_cod_asig6,pre_cod_asig7 FROM tblaca009 WHERE pensum='5' AND c_uni_ca='4' AND c_asigna='300101' [1][0] OK
C:[08/11/2012 13:21:39.99][190.37.209.247][1344] SELECT pre_cod_asig1,pre_cod_asig2,pre_cod_asig3,pre_cod_asig4,pre_cod_asig5,pre_cod_asig6,pre_cod_asig7 FROM tblaca009 WHERE pensum='5' AND c_uni_ca='4' AND c_asigna='300112' [1][0] OK
C:[08/11/2012 13:21:39.99][190.37.209.247][1344] SELECT pre_cod_asig1,pre_cod_asig2,pre_cod_asig3,pre_cod_asig4,pre_cod_asig5,pre_cod_asig6,pre_cod_asig7 FROM tblaca009 WHERE pensum='5' AND c_uni_ca='4' AND c_asigna='300226' [1][0] OK
C:[08/11/2012 13:21:39.99][190.37.209.247][1357] SELECT c_asigna FROM dace004 WHERE exp_e='11-24117198' AND c_asigna='300116' AND status IN ('0','3','B') [1][0] OK
C:[08/11/2012 13:21:39.99][190.37.209.247][1344] SELECT pre_cod_asig1,pre_cod_asig2,pre_cod_asig3,pre_cod_asig4,pre_cod_asig5,pre_cod_asig6,pre_cod_asig7 FROM tblaca009 WHERE pensum='5' AND c_uni_ca='4' AND c_asigna='330310' [1][0] OK
C:[08/11/2012 13:21:39.99][190.37.209.247][1357] SELECT c_asigna FROM dace004 WHERE exp_e='11-24117198' AND c_asigna='300013' AND status IN ('0','3','B') [1][0] OK
C:[08/11/2012 13:21:39.99][190.37.209.247][1357] SELECT c_asigna FROM dace004 WHERE exp_e='11-24117198' AND c_asigna='300113' AND status IN ('0','3','B') [1][0] OK
C:[08/11/2012 13:21:39.98][190.37.209.247][1388] SELECT par_cod_asig1,par_cod_asig2,par_cod_asig3 FROM tblaca009 WHERE pensum='5' AND c_uni_ca='4' AND c_asigna='333326' [1][0] OK
C:[08/11/2012 13:21:39.98][190.37.209.247][1388] SELECT par_cod_asig1,par_cod_asig2,par_cod_asig3 FROM tblaca009 WHERE pensum='5' AND c_uni_ca='4' AND c_asigna='300101' [1][0] OK
C:[08/11/2012 13:21:39.98][190.37.209.247][1388] SELECT par_cod_asig1,par_cod_asig2,par_cod_asig3 FROM tblaca009 WHERE pensum='5' AND c_uni_ca='4' AND c_asigna='300112' [1][0] OK
C:[08/11/2012 13:21:39.98][190.37.209.247][1388] SELECT par_cod_asig1,par_cod_asig2,par_cod_asig3 FROM tblaca009 WHERE pensum='5' AND c_uni_ca='4' AND c_asigna='300226' [1][0] OK
C:[08/11/2012 13:21:39.98][190.37.209.247][1388] SELECT par_cod_asig1,par_cod_asig2,par_cod_asig3 FROM tblaca009 WHERE pensum='5' AND c_uni_ca='4' AND c_asigna='330310' [1][0] OK
C:[08/11/2012 13:21:39.63][190.37.209.247][1518] SELECT horas_lab FROM tblaca008 WHERE c_asigna='333326' AND horas_teoricas > 0 [1][0] OK
C:[08/11/2012 13:21:39.74][190.37.209.247][1550] SELECT sum(u_creditos*1) FROM dace006 a, tblaca009 b WHERE a.exp_e='11-24117198' AND a.lapso='2012-2' AND b.pensum='5' AND b.c_uni_ca='4' AND status IN ('7','A','2') AND a.c_asigna=b.c_asigna  [1][0] OK
C:[08/11/2012 13:21:39.86][190.37.209.247][1569] SELECT sum(u_creditos*1) FROM dace006 a, tblaca009 b WHERE a.exp_e='11-24117198' AND a.lapso='2012-2' AND b.pensum='5' AND b.c_uni_ca='4' AND status IN ('7','A','2') AND a.c_asigna=b.c_asigna AND a.c_asigna IN ('300101','300112','300226','330310') [1][0] OK
C:[08/11/2012 13:21:39.99][190.37.209.247][1585] SELECT MAX(semestre) FROM dace006 a, tblaca009 b WHERE a.exp_e='11-24117198' AND a.lapso='2012-2' AND b.pensum='5' AND b.c_uni_ca='4' AND status IN ('7','A','2') AND a.c_asigna=b.c_asigna  [1][0] OK
C:[08/11/2012 13:21:39.13][190.37.209.247][1606] SELECT MIN(semestre) FROM dace006 a, tblaca009 b WHERE a.exp_e='11-24117198' AND a.lapso='2012-2' AND b.pensum='5' AND b.c_uni_ca='4' AND status IN ('7','A','2') AND a.c_asigna=b.c_asigna AND a.c_asigna IN ('333326') [1][0] OK
C:[08/11/2012 13:32:43.76][190.37.209.247][1344] SELECT pre_cod_asig1,pre_cod_asig2,pre_cod_asig3,pre_cod_asig4,pre_cod_asig5,pre_cod_asig6,pre_cod_asig7 FROM tblaca009 WHERE pensum='5' AND c_uni_ca='4' AND c_asigna='300101' [1][0] OK
C:[08/11/2012 13:32:43.76][190.37.209.247][1344] SELECT pre_cod_asig1,pre_cod_asig2,pre_cod_asig3,pre_cod_asig4,pre_cod_asig5,pre_cod_asig6,pre_cod_asig7 FROM tblaca009 WHERE pensum='5' AND c_uni_ca='4' AND c_asigna='300112' [1][0] OK
C:[08/11/2012 13:32:43.76][190.37.209.247][1344] SELECT pre_cod_asig1,pre_cod_asig2,pre_cod_asig3,pre_cod_asig4,pre_cod_asig5,pre_cod_asig6,pre_cod_asig7 FROM tblaca009 WHERE pensum='5' AND c_uni_ca='4' AND c_asigna='300226' [1][0] OK
C:[08/11/2012 13:32:43.76][190.37.209.247][1357] SELECT c_asigna FROM dace004 WHERE exp_e='11-24117198' AND c_asigna='300116' AND status IN ('0','3','B') [1][0] OK
C:[08/11/2012 13:32:43.76][190.37.209.247][1344] SELECT pre_cod_asig1,pre_cod_asig2,pre_cod_asig3,pre_cod_asig4,pre_cod_asig5,pre_cod_asig6,pre_cod_asig7 FROM tblaca009 WHERE pensum='5' AND c_uni_ca='4' AND c_asigna='330310' [1][0] OK
C:[08/11/2012 13:32:43.76][190.37.209.247][1357] SELECT c_asigna FROM dace004 WHERE exp_e='11-24117198' AND c_asigna='300013' AND status IN ('0','3','B') [1][0] OK
C:[08/11/2012 13:32:43.76][190.37.209.247][1357] SELECT c_asigna FROM dace004 WHERE exp_e='11-24117198' AND c_asigna='300113' AND status IN ('0','3','B') [1][0] OK
C:[08/11/2012 13:32:43.65][190.37.209.247][1388] SELECT par_cod_asig1,par_cod_asig2,par_cod_asig3 FROM tblaca009 WHERE pensum='5' AND c_uni_ca='4' AND c_asigna='300101' [1][0] OK
C:[08/11/2012 13:32:43.65][190.37.209.247][1388] SELECT par_cod_asig1,par_cod_asig2,par_cod_asig3 FROM tblaca009 WHERE pensum='5' AND c_uni_ca='4' AND c_asigna='300112' [1][0] OK
C:[08/11/2012 13:32:43.65][190.37.209.247][1388] SELECT par_cod_asig1,par_cod_asig2,par_cod_asig3 FROM tblaca009 WHERE pensum='5' AND c_uni_ca='4' AND c_asigna='300226' [1][0] OK
C:[08/11/2012 13:32:43.65][190.37.209.247][1388] SELECT par_cod_asig1,par_cod_asig2,par_cod_asig3 FROM tblaca009 WHERE pensum='5' AND c_uni_ca='4' AND c_asigna='330310' [1][0] OK
C:[08/11/2012 13:32:43.18][190.37.209.247][1550] SELECT sum(u_creditos*1) FROM dace006 a, tblaca009 b WHERE a.exp_e='11-24117198' AND a.lapso='2012-2' AND b.pensum='5' AND b.c_uni_ca='4' AND status IN ('7','A','2') AND a.c_asigna=b.c_asigna  [1][0] OK
C:[08/11/2012 13:32:44.28][190.37.209.247][1569] SELECT sum(u_creditos*1) FROM dace006 a, tblaca009 b WHERE a.exp_e='11-24117198' AND a.lapso='2012-2' AND b.pensum='5' AND b.c_uni_ca='4' AND status IN ('7','A','2') AND a.c_asigna=b.c_asigna AND a.c_asigna IN ('300101','300112','300226','330310') [1][0] OK
C:[08/11/2012 13:32:44.40][190.37.209.247][1585] SELECT MAX(semestre) FROM dace006 a, tblaca009 b WHERE a.exp_e='11-24117198' AND a.lapso='2012-2' AND b.pensum='5' AND b.c_uni_ca='4' AND status IN ('7','A','2') AND a.c_asigna=b.c_asigna  [1][0] OK
C:[08/11/2012 13:34:40.79][190.37.209.247][1344] SELECT pre_cod_asig1,pre_cod_asig2,pre_cod_asig3,pre_cod_asig4,pre_cod_asig5,pre_cod_asig6,pre_cod_asig7 FROM tblaca009 WHERE pensum='5' AND c_uni_ca='4' AND c_asigna='300101' [1][0] OK
C:[08/11/2012 13:34:40.79][190.37.209.247][1344] SELECT pre_cod_asig1,pre_cod_asig2,pre_cod_asig3,pre_cod_asig4,pre_cod_asig5,pre_cod_asig6,pre_cod_asig7 FROM tblaca009 WHERE pensum='5' AND c_uni_ca='4' AND c_asigna='300112' [1][0] OK
C:[08/11/2012 13:34:40.79][190.37.209.247][1344] SELECT pre_cod_asig1,pre_cod_asig2,pre_cod_asig3,pre_cod_asig4,pre_cod_asig5,pre_cod_asig6,pre_cod_asig7 FROM tblaca009 WHERE pensum='5' AND c_uni_ca='4' AND c_asigna='300226' [1][0] OK
C:[08/11/2012 13:34:40.79][190.37.209.247][1357] SELECT c_asigna FROM dace004 WHERE exp_e='11-24117198' AND c_asigna='300116' AND status IN ('0','3','B') [1][0] OK
C:[08/11/2012 13:34:40.79][190.37.209.247][1344] SELECT pre_cod_asig1,pre_cod_asig2,pre_cod_asig3,pre_cod_asig4,pre_cod_asig5,pre_cod_asig6,pre_cod_asig7 FROM tblaca009 WHERE pensum='5' AND c_uni_ca='4' AND c_asigna='330310' [1][0] OK
C:[08/11/2012 13:34:40.79][190.37.209.247][1357] SELECT c_asigna FROM dace004 WHERE exp_e='11-24117198' AND c_asigna='300013' AND status IN ('0','3','B') [1][0] OK
C:[08/11/2012 13:34:40.79][190.37.209.247][1357] SELECT c_asigna FROM dace004 WHERE exp_e='11-24117198' AND c_asigna='300113' AND status IN ('0','3','B') [1][0] OK
C:[08/11/2012 13:34:40.65][190.37.209.247][1388] SELECT par_cod_asig1,par_cod_asig2,par_cod_asig3 FROM tblaca009 WHERE pensum='5' AND c_uni_ca='4' AND c_asigna='300101' [1][0] OK
C:[08/11/2012 13:34:40.65][190.37.209.247][1388] SELECT par_cod_asig1,par_cod_asig2,par_cod_asig3 FROM tblaca009 WHERE pensum='5' AND c_uni_ca='4' AND c_asigna='300112' [1][0] OK
C:[08/11/2012 13:34:40.65][190.37.209.247][1388] SELECT par_cod_asig1,par_cod_asig2,par_cod_asig3 FROM tblaca009 WHERE pensum='5' AND c_uni_ca='4' AND c_asigna='300226' [1][0] OK
C:[08/11/2012 13:34:40.65][190.37.209.247][1388] SELECT par_cod_asig1,par_cod_asig2,par_cod_asig3 FROM tblaca009 WHERE pensum='5' AND c_uni_ca='4' AND c_asigna='330310' [1][0] OK
C:[08/11/2012 13:34:40.17][190.37.209.247][1550] SELECT sum(u_creditos*1) FROM dace006 a, tblaca009 b WHERE a.exp_e='11-24117198' AND a.lapso='2012-2' AND b.pensum='5' AND b.c_uni_ca='4' AND status IN ('7','A','2') AND a.c_asigna=b.c_asigna  [1][0] OK
C:[08/11/2012 13:34:40.27][190.37.209.247][1569] SELECT sum(u_creditos*1) FROM dace006 a, tblaca009 b WHERE a.exp_e='11-24117198' AND a.lapso='2012-2' AND b.pensum='5' AND b.c_uni_ca='4' AND status IN ('7','A','2') AND a.c_asigna=b.c_asigna AND a.c_asigna IN ('300101','300112','300226','330310') [1][0] OK
C:[08/11/2012 13:34:40.40][190.37.209.247][1585] SELECT MAX(semestre) FROM dace006 a, tblaca009 b WHERE a.exp_e='11-24117198' AND a.lapso='2012-2' AND b.pensum='5' AND b.c_uni_ca='4' AND status IN ('7','A','2') AND a.c_asigna=b.c_asigna  [1][0] OK
C:[08/11/2012 13:42:27.34][186.90.191.29][1344] SELECT pre_cod_asig1,pre_cod_asig2,pre_cod_asig3,pre_cod_asig4,pre_cod_asig5,pre_cod_asig6,pre_cod_asig7 FROM tblaca009 WHERE pensum='5' AND c_uni_ca='3' AND c_asigna='300113' [1][0] OK
C:[08/11/2012 13:42:27.34][186.90.191.29][1344] SELECT pre_cod_asig1,pre_cod_asig2,pre_cod_asig3,pre_cod_asig4,pre_cod_asig5,pre_cod_asig6,pre_cod_asig7 FROM tblaca009 WHERE pensum='5' AND c_uni_ca='3' AND c_asigna='300101' [1][0] OK
C:[08/11/2012 13:42:27.34][186.90.191.29][1344] SELECT pre_cod_asig1,pre_cod_asig2,pre_cod_asig3,pre_cod_asig4,pre_cod_asig5,pre_cod_asig6,pre_cod_asig7 FROM tblaca009 WHERE pensum='5' AND c_uni_ca='3' AND c_asigna='300112' [1][0] OK
C:[08/11/2012 13:42:27.34][186.90.191.29][1344] SELECT pre_cod_asig1,pre_cod_asig2,pre_cod_asig3,pre_cod_asig4,pre_cod_asig5,pre_cod_asig6,pre_cod_asig7 FROM tblaca009 WHERE pensum='5' AND c_uni_ca='3' AND c_asigna='300226' [1][0] OK
C:[08/11/2012 13:42:27.34][186.90.191.29][1357] SELECT c_asigna FROM dace004 WHERE exp_e='12-25081610' AND c_asigna='300116' AND status IN ('0','3','B') [1][0] OK
C:[08/11/2012 13:42:27.97][186.90.191.29][1388] SELECT par_cod_asig1,par_cod_asig2,par_cod_asig3 FROM tblaca009 WHERE pensum='5' AND c_uni_ca='3' AND c_asigna='300113' [1][0] OK
C:[08/11/2012 13:42:27.97][186.90.191.29][1402] SELECT c_asigna FROM dace004 WHERE exp_e='12-25081610' AND c_asigna='300013' AND status IN ('0','3','B','C') [1][0] OK
C:[08/11/2012 13:42:27.97][186.90.191.29][1388] SELECT par_cod_asig1,par_cod_asig2,par_cod_asig3 FROM tblaca009 WHERE pensum='5' AND c_uni_ca='3' AND c_asigna='300101' [1][0] OK
C:[08/11/2012 13:42:27.97][186.90.191.29][1388] SELECT par_cod_asig1,par_cod_asig2,par_cod_asig3 FROM tblaca009 WHERE pensum='5' AND c_uni_ca='3' AND c_asigna='300112' [1][0] OK
C:[08/11/2012 13:42:27.97][186.90.191.29][1388] SELECT par_cod_asig1,par_cod_asig2,par_cod_asig3 FROM tblaca009 WHERE pensum='5' AND c_uni_ca='3' AND c_asigna='300226' [1][0] OK
C:[08/11/2012 13:42:27.61][186.90.191.29][1518] SELECT horas_lab FROM tblaca008 WHERE c_asigna='300113' AND horas_teoricas > 0 [0][0] OK
C:[08/11/2012 13:42:27.72][186.90.191.29][1550] SELECT sum(u_creditos*1) FROM dace006 a, tblaca009 b WHERE a.exp_e='12-25081610' AND a.lapso='2012-2' AND b.pensum='5' AND b.c_uni_ca='3' AND status IN ('7','A','2') AND a.c_asigna=b.c_asigna  [1][0] OK
C:[08/11/2012 13:42:27.85][186.90.191.29][1569] SELECT sum(u_creditos*1) FROM dace006 a, tblaca009 b WHERE a.exp_e='12-25081610' AND a.lapso='2012-2' AND b.pensum='5' AND b.c_uni_ca='3' AND status IN ('7','A','2') AND a.c_asigna=b.c_asigna AND a.c_asigna IN ('300101','300112','300226') [1][0] OK
C:[08/11/2012 13:42:27.97][186.90.191.29][1585] SELECT MAX(semestre) FROM dace006 a, tblaca009 b WHERE a.exp_e='12-25081610' AND a.lapso='2012-2' AND b.pensum='5' AND b.c_uni_ca='3' AND status IN ('7','A','2') AND a.c_asigna=b.c_asigna  [1][0] OK
C:[08/11/2012 13:42:27.10][186.90.191.29][1606] SELECT MIN(semestre) FROM dace006 a, tblaca009 b WHERE a.exp_e='12-25081610' AND a.lapso='2012-2' AND b.pensum='5' AND b.c_uni_ca='3' AND status IN ('7','A','2') AND a.c_asigna=b.c_asigna AND a.c_asigna IN ('300113') [1][0] OK
C:[08/11/2012 14:47:28.09][190.37.209.247][1344] SELECT pre_cod_asig1,pre_cod_asig2,pre_cod_asig3,pre_cod_asig4,pre_cod_asig5,pre_cod_asig6,pre_cod_asig7 FROM tblaca009 WHERE pensum='5' AND c_uni_ca='2' AND c_asigna='300870' [1][0] OK
C:[08/11/2012 14:47:28.09][190.37.209.247][1344] SELECT pre_cod_asig1,pre_cod_asig2,pre_cod_asig3,pre_cod_asig4,pre_cod_asig5,pre_cod_asig6,pre_cod_asig7 FROM tblaca009 WHERE pensum='5' AND c_uni_ca='2' AND c_asigna='300956' [1][0] OK
C:[08/11/2012 14:47:28.09][190.37.209.247][1357] SELECT c_asigna FROM dace004 WHERE exp_e='07-19703933' AND c_asigna='300422' AND status IN ('0','3','B') [1][0] OK
C:[08/11/2012 14:47:28.09][190.37.209.247][1357] SELECT c_asigna FROM dace004 WHERE exp_e='07-19703933' AND c_asigna='300105' AND status IN ('0','3','B') [1][0] OK
C:[08/11/2012 14:47:28.09][190.37.209.247][1357] SELECT c_asigna FROM dace004 WHERE exp_e='07-19703933' AND c_asigna='300314' AND status IN ('0','3','B') [1][0] OK
C:[08/11/2012 14:47:28.09][190.37.209.247][1344] SELECT pre_cod_asig1,pre_cod_asig2,pre_cod_asig3,pre_cod_asig4,pre_cod_asig5,pre_cod_asig6,pre_cod_asig7 FROM tblaca009 WHERE pensum='5' AND c_uni_ca='2' AND c_asigna='322033' [1][0] OK
C:[08/11/2012 14:47:28.09][190.37.209.247][1344] SELECT pre_cod_asig1,pre_cod_asig2,pre_cod_asig3,pre_cod_asig4,pre_cod_asig5,pre_cod_asig6,pre_cod_asig7 FROM tblaca009 WHERE pensum='5' AND c_uni_ca='2' AND c_asigna='322070' [1][0] OK
C:[08/11/2012 14:47:28.09][190.37.209.247][1344] SELECT pre_cod_asig1,pre_cod_asig2,pre_cod_asig3,pre_cod_asig4,pre_cod_asig5,pre_cod_asig6,pre_cod_asig7 FROM tblaca009 WHERE pensum='5' AND c_uni_ca='2' AND c_asigna='322801' [1][0] OK
C:[08/11/2012 14:47:28.09][190.37.209.247][1357] SELECT c_asigna FROM dace004 WHERE exp_e='07-19703933' AND c_asigna='322780' AND status IN ('0','3','B') [1][0] OK
C:[08/11/2012 14:47:28.09][190.37.209.247][1357] SELECT c_asigna FROM dace004 WHERE exp_e='07-19703933' AND c_asigna='322605' AND status IN ('0','3','B') [1][0] OK
C:[08/11/2012 14:47:28.09][190.37.209.247][1344] SELECT pre_cod_asig1,pre_cod_asig2,pre_cod_asig3,pre_cod_asig4,pre_cod_asig5,pre_cod_asig6,pre_cod_asig7 FROM tblaca009 WHERE pensum='5' AND c_uni_ca='2' AND c_asigna='322827' [1][0] OK
C:[08/11/2012 14:47:28.09][190.37.209.247][1357] SELECT c_asigna FROM dace004 WHERE exp_e='07-19703933' AND c_asigna='322703' AND status IN ('0','3','B') [1][0] OK
C:[08/11/2012 14:47:28.09][190.37.209.247][1357] SELECT c_asigna FROM dace004 WHERE exp_e='07-19703933' AND c_asigna='322782' AND status IN ('0','3','B') [1][0] OK
C:[08/11/2012 14:47:28.09][190.37.209.247][1357] SELECT c_asigna FROM dace004 WHERE exp_e='07-19703933' AND c_asigna='322449' AND status IN ('0','3','B') [1][0] OK
C:[08/11/2012 14:47:28.83][190.37.209.247][1388] SELECT par_cod_asig1,par_cod_asig2,par_cod_asig3 FROM tblaca009 WHERE pensum='5' AND c_uni_ca='2' AND c_asigna='300870' [1][0] OK
C:[08/11/2012 14:47:28.83][190.37.209.247][1388] SELECT par_cod_asig1,par_cod_asig2,par_cod_asig3 FROM tblaca009 WHERE pensum='5' AND c_uni_ca='2' AND c_asigna='300956' [1][0] OK
C:[08/11/2012 14:47:28.83][190.37.209.247][1388] SELECT par_cod_asig1,par_cod_asig2,par_cod_asig3 FROM tblaca009 WHERE pensum='5' AND c_uni_ca='2' AND c_asigna='322033' [1][0] OK
C:[08/11/2012 14:47:28.83][190.37.209.247][1388] SELECT par_cod_asig1,par_cod_asig2,par_cod_asig3 FROM tblaca009 WHERE pensum='5' AND c_uni_ca='2' AND c_asigna='322070' [1][0] OK
C:[08/11/2012 14:47:28.83][190.37.209.247][1388] SELECT par_cod_asig1,par_cod_asig2,par_cod_asig3 FROM tblaca009 WHERE pensum='5' AND c_uni_ca='2' AND c_asigna='322801' [1][0] OK
C:[08/11/2012 14:47:28.83][190.37.209.247][1388] SELECT par_cod_asig1,par_cod_asig2,par_cod_asig3 FROM tblaca009 WHERE pensum='5' AND c_uni_ca='2' AND c_asigna='322827' [1][0] OK
C:[08/11/2012 14:47:29.61][190.37.209.247][1550] SELECT sum(u_creditos*1) FROM dace006 a, tblaca009 b WHERE a.exp_e='07-19703933' AND a.lapso='2012-2' AND b.pensum='5' AND b.c_uni_ca='2' AND status IN ('7','A','2') AND a.c_asigna=b.c_asigna  [1][0] OK
C:[08/11/2012 14:47:29.71][190.37.209.247][1569] SELECT sum(u_creditos*1) FROM dace006 a, tblaca009 b WHERE a.exp_e='07-19703933' AND a.lapso='2012-2' AND b.pensum='5' AND b.c_uni_ca='2' AND status IN ('7','A','2') AND a.c_asigna=b.c_asigna AND a.c_asigna IN ('300870','300956','322033','322070','322801','322827') [1][0] OK
C:[08/11/2012 14:47:29.83][190.37.209.247][1585] SELECT MAX(semestre) FROM dace006 a, tblaca009 b WHERE a.exp_e='07-19703933' AND a.lapso='2012-2' AND b.pensum='5' AND b.c_uni_ca='2' AND status IN ('7','A','2') AND a.c_asigna=b.c_asigna  [1][0] OK
C:[08/11/2012 14:52:23.50][190.37.209.247][1344] SELECT pre_cod_asig1,pre_cod_asig2,pre_cod_asig3,pre_cod_asig4,pre_cod_asig5,pre_cod_asig6,pre_cod_asig7 FROM tblaca009 WHERE pensum='5' AND c_uni_ca='6' AND c_asigna='300313' [1][0] OK
C:[08/11/2012 14:52:23.50][190.37.209.247][1357] SELECT c_asigna FROM dace004 WHERE exp_e='08-18246895' AND c_asigna='300213' AND status IN ('0','3','B') [1][0] OK
C:[08/11/2012 14:52:23.50][190.37.209.247][1357] SELECT c_asigna FROM dace004 WHERE exp_e='08-18246895' AND c_asigna='300226' AND status IN ('0','3','B') [1][0] OK
C:[08/11/2012 14:52:23.50][190.37.209.247][1357] SELECT c_asigna FROM dace004 WHERE exp_e='08-18246895' AND c_asigna='300222' AND status IN ('0','3','B') [1][0] OK
C:[08/11/2012 14:52:23.50][190.37.209.247][1357] SELECT c_asigna FROM dace004 WHERE exp_e='08-18246895' AND c_asigna='300209' AND status IN ('0','3','B') [1][0] OK
C:[08/11/2012 14:52:23.50][190.37.209.247][1344] SELECT pre_cod_asig1,pre_cod_asig2,pre_cod_asig3,pre_cod_asig4,pre_cod_asig5,pre_cod_asig6,pre_cod_asig7 FROM tblaca009 WHERE pensum='5' AND c_uni_ca='6' AND c_asigna='342436' [1][0] OK
C:[08/11/2012 14:52:23.50][190.37.209.247][1357] SELECT c_asigna FROM dace004 WHERE exp_e='08-18246895' AND c_asigna='300318' AND status IN ('0','3','B') [1][0] OK
C:[08/11/2012 14:52:23.50][190.37.209.247][1357] SELECT c_asigna FROM dace004 WHERE exp_e='08-18246895' AND c_asigna='300317' AND status IN ('0','3','B') [1][0] OK
C:[08/11/2012 14:52:23.50][190.37.209.247][1344] SELECT pre_cod_asig1,pre_cod_asig2,pre_cod_asig3,pre_cod_asig4,pre_cod_asig5,pre_cod_asig6,pre_cod_asig7 FROM tblaca009 WHERE pensum='5' AND c_uni_ca='6' AND c_asigna='342444' [1][0] OK
C:[08/11/2012 14:52:23.50][190.37.209.247][1357] SELECT c_asigna FROM dace004 WHERE exp_e='08-18246895' AND c_asigna='340323' AND status IN ('0','3','B') [1][0] OK
C:[08/11/2012 14:52:23.50][190.37.209.247][1344] SELECT pre_cod_asig1,pre_cod_asig2,pre_cod_asig3,pre_cod_asig4,pre_cod_asig5,pre_cod_asig6,pre_cod_asig7 FROM tblaca009 WHERE pensum='5' AND c_uni_ca='6' AND c_asigna='343568' [1][0] OK
C:[08/11/2012 14:52:23.50][190.37.209.247][1357] SELECT c_asigna FROM dace004 WHERE exp_e='08-18246895' AND c_asigna='340327' AND status IN ('0','3','B') [1][0] OK
C:[08/11/2012 14:52:23.50][190.37.209.247][1344] SELECT pre_cod_asig1,pre_cod_asig2,pre_cod_asig3,pre_cod_asig4,pre_cod_asig5,pre_cod_asig6,pre_cod_asig7 FROM tblaca009 WHERE pensum='5' AND c_uni_ca='6' AND c_asigna='344445' [1][0] OK
C:[08/11/2012 14:52:23.12][190.37.209.247][1388] SELECT par_cod_asig1,par_cod_asig2,par_cod_asig3 FROM tblaca009 WHERE pensum='5' AND c_uni_ca='6' AND c_asigna='300313' [1][0] OK
C:[08/11/2012 14:52:23.12][190.37.209.247][1388] SELECT par_cod_asig1,par_cod_asig2,par_cod_asig3 FROM tblaca009 WHERE pensum='5' AND c_uni_ca='6' AND c_asigna='342436' [1][0] OK
C:[08/11/2012 14:52:23.12][190.37.209.247][1388] SELECT par_cod_asig1,par_cod_asig2,par_cod_asig3 FROM tblaca009 WHERE pensum='5' AND c_uni_ca='6' AND c_asigna='342444' [1][0] OK
C:[08/11/2012 14:52:23.12][190.37.209.247][1388] SELECT par_cod_asig1,par_cod_asig2,par_cod_asig3 FROM tblaca009 WHERE pensum='5' AND c_uni_ca='6' AND c_asigna='343568' [1][0] OK
C:[08/11/2012 14:52:23.12][190.37.209.247][1388] SELECT par_cod_asig1,par_cod_asig2,par_cod_asig3 FROM tblaca009 WHERE pensum='5' AND c_uni_ca='6' AND c_asigna='344445' [1][0] OK
C:[08/11/2012 14:52:24.77][190.37.209.247][1518] SELECT horas_lab FROM tblaca008 WHERE c_asigna='300313' AND horas_teoricas > 0 [1][0] OK
C:[08/11/2012 14:52:24.89][190.37.209.247][1550] SELECT sum(u_creditos*1) FROM dace006 a, tblaca009 b WHERE a.exp_e='08-18246895' AND a.lapso='2012-2' AND b.pensum='5' AND b.c_uni_ca='6' AND status IN ('7','A','2') AND a.c_asigna=b.c_asigna  [1][0] OK
C:[08/11/2012 14:52:24.01][190.37.209.247][1569] SELECT sum(u_creditos*1) FROM dace006 a, tblaca009 b WHERE a.exp_e='08-18246895' AND a.lapso='2012-2' AND b.pensum='5' AND b.c_uni_ca='6' AND status IN ('7','A','2') AND a.c_asigna=b.c_asigna AND a.c_asigna IN ('342436','342444','343568','344445') [1][0] OK
C:[08/11/2012 14:52:24.14][190.37.209.247][1585] SELECT MAX(semestre) FROM dace006 a, tblaca009 b WHERE a.exp_e='08-18246895' AND a.lapso='2012-2' AND b.pensum='5' AND b.c_uni_ca='6' AND status IN ('7','A','2') AND a.c_asigna=b.c_asigna  [1][0] OK
C:[08/11/2012 14:52:24.26][190.37.209.247][1606] SELECT MIN(semestre) FROM dace006 a, tblaca009 b WHERE a.exp_e='08-18246895' AND a.lapso='2012-2' AND b.pensum='5' AND b.c_uni_ca='6' AND status IN ('7','A','2') AND a.c_asigna=b.c_asigna AND a.c_asigna IN ('300313') [1][0] OK
C:[08/11/2012 14:52:43.32][190.37.209.247][1344] SELECT pre_cod_asig1,pre_cod_asig2,pre_cod_asig3,pre_cod_asig4,pre_cod_asig5,pre_cod_asig6,pre_cod_asig7 FROM tblaca009 WHERE pensum='5' AND c_uni_ca='2' AND c_asigna='300870' [1][0] OK
C:[08/11/2012 14:52:43.32][190.37.209.247][1344] SELECT pre_cod_asig1,pre_cod_asig2,pre_cod_asig3,pre_cod_asig4,pre_cod_asig5,pre_cod_asig6,pre_cod_asig7 FROM tblaca009 WHERE pensum='5' AND c_uni_ca='2' AND c_asigna='322033' [1][0] OK
C:[08/11/2012 14:52:43.32][190.37.209.247][1344] SELECT pre_cod_asig1,pre_cod_asig2,pre_cod_asig3,pre_cod_asig4,pre_cod_asig5,pre_cod_asig6,pre_cod_asig7 FROM tblaca009 WHERE pensum='5' AND c_uni_ca='2' AND c_asigna='322055' [1][0] OK
C:[08/11/2012 14:52:43.32][190.37.209.247][1344] SELECT pre_cod_asig1,pre_cod_asig2,pre_cod_asig3,pre_cod_asig4,pre_cod_asig5,pre_cod_asig6,pre_cod_asig7 FROM tblaca009 WHERE pensum='5' AND c_uni_ca='2' AND c_asigna='322070' [1][0] OK
C:[08/11/2012 14:52:43.32][190.37.209.247][1344] SELECT pre_cod_asig1,pre_cod_asig2,pre_cod_asig3,pre_cod_asig4,pre_cod_asig5,pre_cod_asig6,pre_cod_asig7 FROM tblaca009 WHERE pensum='5' AND c_uni_ca='2' AND c_asigna='322782' [1][0] OK
C:[08/11/2012 14:52:43.32][190.37.209.247][1357] SELECT c_asigna FROM dace004 WHERE exp_e='07-19872702' AND c_asigna='322669' AND status IN ('0','3','B') [1][0] OK
C:[08/11/2012 14:52:43.32][190.37.209.247][1357] SELECT c_asigna FROM dace004 WHERE exp_e='07-19872702' AND c_asigna='322550' AND status IN ('0','3','B') [1][0] OK
C:[08/11/2012 14:52:43.32][190.37.209.247][1344] SELECT pre_cod_asig1,pre_cod_asig2,pre_cod_asig3,pre_cod_asig4,pre_cod_asig5,pre_cod_asig6,pre_cod_asig7 FROM tblaca009 WHERE pensum='5' AND c_uni_ca='2' AND c_asigna='322826' [1][0] OK
C:[08/11/2012 14:52:43.32][190.37.209.247][1357] SELECT c_asigna FROM dace004 WHERE exp_e='07-19872702' AND c_asigna='322702' AND status IN ('0','3','B') [1][0] OK
C:[08/11/2012 14:52:43.45][190.37.209.247][1388] SELECT par_cod_asig1,par_cod_asig2,par_cod_asig3 FROM tblaca009 WHERE pensum='5' AND c_uni_ca='2' AND c_asigna='300870' [1][0] OK
C:[08/11/2012 14:52:43.45][190.37.209.247][1388] SELECT par_cod_asig1,par_cod_asig2,par_cod_asig3 FROM tblaca009 WHERE pensum='5' AND c_uni_ca='2' AND c_asigna='322033' [1][0] OK
C:[08/11/2012 14:52:43.45][190.37.209.247][1388] SELECT par_cod_asig1,par_cod_asig2,par_cod_asig3 FROM tblaca009 WHERE pensum='5' AND c_uni_ca='2' AND c_asigna='322055' [1][0] OK
C:[08/11/2012 14:52:43.45][190.37.209.247][1388] SELECT par_cod_asig1,par_cod_asig2,par_cod_asig3 FROM tblaca009 WHERE pensum='5' AND c_uni_ca='2' AND c_asigna='322070' [1][0] OK
C:[08/11/2012 14:52:43.45][190.37.209.247][1388] SELECT par_cod_asig1,par_cod_asig2,par_cod_asig3 FROM tblaca009 WHERE pensum='5' AND c_uni_ca='2' AND c_asigna='322782' [1][0] OK
C:[08/11/2012 14:52:43.45][190.37.209.247][1388] SELECT par_cod_asig1,par_cod_asig2,par_cod_asig3 FROM tblaca009 WHERE pensum='5' AND c_uni_ca='2' AND c_asigna='322826' [1][0] OK
C:[08/11/2012 14:52:44.21][190.37.209.247][1518] SELECT horas_lab FROM tblaca008 WHERE c_asigna='300870' AND horas_teoricas > 0 [1][0] OK
C:[08/11/2012 14:52:44.32][190.37.209.247][1550] SELECT sum(u_creditos*1) FROM dace006 a, tblaca009 b WHERE a.exp_e='07-19872702' AND a.lapso='2012-2' AND b.pensum='5' AND b.c_uni_ca='2' AND status IN ('7','A','2') AND a.c_asigna=b.c_asigna  [1][0] OK
C:[08/11/2012 14:52:44.44][190.37.209.247][1569] SELECT sum(u_creditos*1) FROM dace006 a, tblaca009 b WHERE a.exp_e='07-19872702' AND a.lapso='2012-2' AND b.pensum='5' AND b.c_uni_ca='2' AND status IN ('7','A','2') AND a.c_asigna=b.c_asigna AND a.c_asigna IN ('322033','322055','322070','322782','322826') [1][0] OK
C:[08/11/2012 14:52:44.56][190.37.209.247][1585] SELECT MAX(semestre) FROM dace006 a, tblaca009 b WHERE a.exp_e='07-19872702' AND a.lapso='2012-2' AND b.pensum='5' AND b.c_uni_ca='2' AND status IN ('7','A','2') AND a.c_asigna=b.c_asigna  [1][0] OK
C:[08/11/2012 14:52:44.69][190.37.209.247][1606] SELECT MIN(semestre) FROM dace006 a, tblaca009 b WHERE a.exp_e='07-19872702' AND a.lapso='2012-2' AND b.pensum='5' AND b.c_uni_ca='2' AND status IN ('7','A','2') AND a.c_asigna=b.c_asigna AND a.c_asigna IN ('300870') [1][0] OK
C:[08/11/2012 14:54:26.89][190.37.209.247][1344] SELECT pre_cod_asig1,pre_cod_asig2,pre_cod_asig3,pre_cod_asig4,pre_cod_asig5,pre_cod_asig6,pre_cod_asig7 FROM tblaca009 WHERE pensum='5' AND c_uni_ca='6' AND c_asigna='300313' [1][0] OK
C:[08/11/2012 14:54:26.89][190.37.209.247][1357] SELECT c_asigna FROM dace004 WHERE exp_e='08-18246895' AND c_asigna='300213' AND status IN ('0','3','B') [1][0] OK
C:[08/11/2012 14:54:26.89][190.37.209.247][1357] SELECT c_asigna FROM dace004 WHERE exp_e='08-18246895' AND c_asigna='300226' AND status IN ('0','3','B') [1][0] OK
C:[08/11/2012 14:54:26.89][190.37.209.247][1357] SELECT c_asigna FROM dace004 WHERE exp_e='08-18246895' AND c_asigna='300222' AND status IN ('0','3','B') [1][0] OK
C:[08/11/2012 14:54:26.89][190.37.209.247][1357] SELECT c_asigna FROM dace004 WHERE exp_e='08-18246895' AND c_asigna='300209' AND status IN ('0','3','B') [1][0] OK
C:[08/11/2012 14:54:26.89][190.37.209.247][1344] SELECT pre_cod_asig1,pre_cod_asig2,pre_cod_asig3,pre_cod_asig4,pre_cod_asig5,pre_cod_asig6,pre_cod_asig7 FROM tblaca009 WHERE pensum='5' AND c_uni_ca='6' AND c_asigna='342436' [1][0] OK
C:[08/11/2012 14:54:26.89][190.37.209.247][1357] SELECT c_asigna FROM dace004 WHERE exp_e='08-18246895' AND c_asigna='300318' AND status IN ('0','3','B') [1][0] OK
C:[08/11/2012 14:54:26.89][190.37.209.247][1357] SELECT c_asigna FROM dace004 WHERE exp_e='08-18246895' AND c_asigna='300317' AND status IN ('0','3','B') [1][0] OK
C:[08/11/2012 14:54:26.89][190.37.209.247][1344] SELECT pre_cod_asig1,pre_cod_asig2,pre_cod_asig3,pre_cod_asig4,pre_cod_asig5,pre_cod_asig6,pre_cod_asig7 FROM tblaca009 WHERE pensum='5' AND c_uni_ca='6' AND c_asigna='342444' [1][0] OK
C:[08/11/2012 14:54:26.89][190.37.209.247][1357] SELECT c_asigna FROM dace004 WHERE exp_e='08-18246895' AND c_asigna='340323' AND status IN ('0','3','B') [1][0] OK
C:[08/11/2012 14:54:26.89][190.37.209.247][1344] SELECT pre_cod_asig1,pre_cod_asig2,pre_cod_asig3,pre_cod_asig4,pre_cod_asig5,pre_cod_asig6,pre_cod_asig7 FROM tblaca009 WHERE pensum='5' AND c_uni_ca='6' AND c_asigna='343568' [1][0] OK
C:[08/11/2012 14:54:26.89][190.37.209.247][1357] SELECT c_asigna FROM dace004 WHERE exp_e='08-18246895' AND c_asigna='340327' AND status IN ('0','3','B') [1][0] OK
C:[08/11/2012 14:54:26.89][190.37.209.247][1344] SELECT pre_cod_asig1,pre_cod_asig2,pre_cod_asig3,pre_cod_asig4,pre_cod_asig5,pre_cod_asig6,pre_cod_asig7 FROM tblaca009 WHERE pensum='5' AND c_uni_ca='6' AND c_asigna='344445' [1][0] OK
C:[08/11/2012 14:54:26.52][190.37.209.247][1388] SELECT par_cod_asig1,par_cod_asig2,par_cod_asig3 FROM tblaca009 WHERE pensum='5' AND c_uni_ca='6' AND c_asigna='300313' [1][0] OK
C:[08/11/2012 14:54:26.52][190.37.209.247][1388] SELECT par_cod_asig1,par_cod_asig2,par_cod_asig3 FROM tblaca009 WHERE pensum='5' AND c_uni_ca='6' AND c_asigna='342436' [1][0] OK
C:[08/11/2012 14:54:26.52][190.37.209.247][1388] SELECT par_cod_asig1,par_cod_asig2,par_cod_asig3 FROM tblaca009 WHERE pensum='5' AND c_uni_ca='6' AND c_asigna='342444' [1][0] OK
C:[08/11/2012 14:54:26.52][190.37.209.247][1388] SELECT par_cod_asig1,par_cod_asig2,par_cod_asig3 FROM tblaca009 WHERE pensum='5' AND c_uni_ca='6' AND c_asigna='343568' [1][0] OK
C:[08/11/2012 14:54:26.52][190.37.209.247][1388] SELECT par_cod_asig1,par_cod_asig2,par_cod_asig3 FROM tblaca009 WHERE pensum='5' AND c_uni_ca='6' AND c_asigna='344445' [1][0] OK
C:[08/11/2012 14:54:26.16][190.37.209.247][1518] SELECT horas_lab FROM tblaca008 WHERE c_asigna='300313' AND horas_teoricas > 0 [1][0] OK
C:[08/11/2012 14:54:26.27][190.37.209.247][1550] SELECT sum(u_creditos*1) FROM dace006 a, tblaca009 b WHERE a.exp_e='08-18246895' AND a.lapso='2012-2' AND b.pensum='5' AND b.c_uni_ca='6' AND status IN ('7','A','2') AND a.c_asigna=b.c_asigna  [1][0] OK
C:[08/11/2012 14:54:26.41][190.37.209.247][1569] SELECT sum(u_creditos*1) FROM dace006 a, tblaca009 b WHERE a.exp_e='08-18246895' AND a.lapso='2012-2' AND b.pensum='5' AND b.c_uni_ca='6' AND status IN ('7','A','2') AND a.c_asigna=b.c_asigna AND a.c_asigna IN ('342436','342444','343568','344445') [1][0] OK
C:[08/11/2012 14:54:26.52][190.37.209.247][1585] SELECT MAX(semestre) FROM dace006 a, tblaca009 b WHERE a.exp_e='08-18246895' AND a.lapso='2012-2' AND b.pensum='5' AND b.c_uni_ca='6' AND status IN ('7','A','2') AND a.c_asigna=b.c_asigna  [1][0] OK
C:[08/11/2012 14:54:26.65][190.37.209.247][1606] SELECT MIN(semestre) FROM dace006 a, tblaca009 b WHERE a.exp_e='08-18246895' AND a.lapso='2012-2' AND b.pensum='5' AND b.c_uni_ca='6' AND status IN ('7','A','2') AND a.c_asigna=b.c_asigna AND a.c_asigna IN ('300313') [1][0] OK
C:[08/11/2012 14:55:38.13][190.37.209.247][1344] SELECT pre_cod_asig1,pre_cod_asig2,pre_cod_asig3,pre_cod_asig4,pre_cod_asig5,pre_cod_asig6,pre_cod_asig7 FROM tblaca009 WHERE pensum='5' AND c_uni_ca='2' AND c_asigna='300870' [1][0] OK
C:[08/11/2012 14:55:38.13][190.37.209.247][1344] SELECT pre_cod_asig1,pre_cod_asig2,pre_cod_asig3,pre_cod_asig4,pre_cod_asig5,pre_cod_asig6,pre_cod_asig7 FROM tblaca009 WHERE pensum='5' AND c_uni_ca='2' AND c_asigna='300956' [1][0] OK
C:[08/11/2012 14:55:38.13][190.37.209.247][1357] SELECT c_asigna FROM dace004 WHERE exp_e='07-19703933' AND c_asigna='300422' AND status IN ('0','3','B') [1][0] OK
C:[08/11/2012 14:55:38.13][190.37.209.247][1357] SELECT c_asigna FROM dace004 WHERE exp_e='07-19703933' AND c_asigna='300105' AND status IN ('0','3','B') [1][0] OK
C:[08/11/2012 14:55:38.13][190.37.209.247][1357] SELECT c_asigna FROM dace004 WHERE exp_e='07-19703933' AND c_asigna='300314' AND status IN ('0','3','B') [1][0] OK
C:[08/11/2012 14:55:38.13][190.37.209.247][1344] SELECT pre_cod_asig1,pre_cod_asig2,pre_cod_asig3,pre_cod_asig4,pre_cod_asig5,pre_cod_asig6,pre_cod_asig7 FROM tblaca009 WHERE pensum='5' AND c_uni_ca='2' AND c_asigna='322033' [1][0] OK
C:[08/11/2012 14:55:38.13][190.37.209.247][1344] SELECT pre_cod_asig1,pre_cod_asig2,pre_cod_asig3,pre_cod_asig4,pre_cod_asig5,pre_cod_asig6,pre_cod_asig7 FROM tblaca009 WHERE pensum='5' AND c_uni_ca='2' AND c_asigna='322070' [1][0] OK
C:[08/11/2012 14:55:38.13][190.37.209.247][1344] SELECT pre_cod_asig1,pre_cod_asig2,pre_cod_asig3,pre_cod_asig4,pre_cod_asig5,pre_cod_asig6,pre_cod_asig7 FROM tblaca009 WHERE pensum='5' AND c_uni_ca='2' AND c_asigna='322801' [1][0] OK
C:[08/11/2012 14:55:38.13][190.37.209.247][1357] SELECT c_asigna FROM dace004 WHERE exp_e='07-19703933' AND c_asigna='322780' AND status IN ('0','3','B') [1][0] OK
C:[08/11/2012 14:55:38.13][190.37.209.247][1357] SELECT c_asigna FROM dace004 WHERE exp_e='07-19703933' AND c_asigna='322605' AND status IN ('0','3','B') [1][0] OK
C:[08/11/2012 14:55:38.13][190.37.209.247][1344] SELECT pre_cod_asig1,pre_cod_asig2,pre_cod_asig3,pre_cod_asig4,pre_cod_asig5,pre_cod_asig6,pre_cod_asig7 FROM tblaca009 WHERE pensum='5' AND c_uni_ca='2' AND c_asigna='322827' [1][0] OK
C:[08/11/2012 14:55:38.13][190.37.209.247][1357] SELECT c_asigna FROM dace004 WHERE exp_e='07-19703933' AND c_asigna='322703' AND status IN ('0','3','B') [1][0] OK
C:[08/11/2012 14:55:38.13][190.37.209.247][1357] SELECT c_asigna FROM dace004 WHERE exp_e='07-19703933' AND c_asigna='322782' AND status IN ('0','3','B') [1][0] OK
C:[08/11/2012 14:55:38.13][190.37.209.247][1357] SELECT c_asigna FROM dace004 WHERE exp_e='07-19703933' AND c_asigna='322449' AND status IN ('0','3','B') [1][0] OK
C:[08/11/2012 14:55:38.88][190.37.209.247][1388] SELECT par_cod_asig1,par_cod_asig2,par_cod_asig3 FROM tblaca009 WHERE pensum='5' AND c_uni_ca='2' AND c_asigna='300870' [1][0] OK
C:[08/11/2012 14:55:38.88][190.37.209.247][1388] SELECT par_cod_asig1,par_cod_asig2,par_cod_asig3 FROM tblaca009 WHERE pensum='5' AND c_uni_ca='2' AND c_asigna='300956' [1][0] OK
C:[08/11/2012 14:55:38.88][190.37.209.247][1388] SELECT par_cod_asig1,par_cod_asig2,par_cod_asig3 FROM tblaca009 WHERE pensum='5' AND c_uni_ca='2' AND c_asigna='322033' [1][0] OK
C:[08/11/2012 14:55:38.88][190.37.209.247][1388] SELECT par_cod_asig1,par_cod_asig2,par_cod_asig3 FROM tblaca009 WHERE pensum='5' AND c_uni_ca='2' AND c_asigna='322070' [1][0] OK
C:[08/11/2012 14:55:38.88][190.37.209.247][1388] SELECT par_cod_asig1,par_cod_asig2,par_cod_asig3 FROM tblaca009 WHERE pensum='5' AND c_uni_ca='2' AND c_asigna='322801' [1][0] OK
C:[08/11/2012 14:55:38.88][190.37.209.247][1388] SELECT par_cod_asig1,par_cod_asig2,par_cod_asig3 FROM tblaca009 WHERE pensum='5' AND c_uni_ca='2' AND c_asigna='322827' [1][0] OK
C:[08/11/2012 14:55:39.66][190.37.209.247][1550] SELECT sum(u_creditos*1) FROM dace006 a, tblaca009 b WHERE a.exp_e='07-19703933' AND a.lapso='2012-2' AND b.pensum='5' AND b.c_uni_ca='2' AND status IN ('7','A','2') AND a.c_asigna=b.c_asigna  [1][0] OK
C:[08/11/2012 14:55:39.74][190.37.209.247][1569] SELECT sum(u_creditos*1) FROM dace006 a, tblaca009 b WHERE a.exp_e='07-19703933' AND a.lapso='2012-2' AND b.pensum='5' AND b.c_uni_ca='2' AND status IN ('7','A','2') AND a.c_asigna=b.c_asigna AND a.c_asigna IN ('300870','300956','322033','322070','322801','322827') [1][0] OK
C:[08/11/2012 14:55:39.87][190.37.209.247][1585] SELECT MAX(semestre) FROM dace006 a, tblaca009 b WHERE a.exp_e='07-19703933' AND a.lapso='2012-2' AND b.pensum='5' AND b.c_uni_ca='2' AND status IN ('7','A','2') AND a.c_asigna=b.c_asigna  [1][0] OK
C:[08/11/2012 14:57:57.63][190.37.209.247][1344] SELECT pre_cod_asig1,pre_cod_asig2,pre_cod_asig3,pre_cod_asig4,pre_cod_asig5,pre_cod_asig6,pre_cod_asig7 FROM tblaca009 WHERE pensum='5' AND c_uni_ca='2' AND c_asigna='300870' [1][0] OK
C:[08/11/2012 14:57:57.63][190.37.209.247][1344] SELECT pre_cod_asig1,pre_cod_asig2,pre_cod_asig3,pre_cod_asig4,pre_cod_asig5,pre_cod_asig6,pre_cod_asig7 FROM tblaca009 WHERE pensum='5' AND c_uni_ca='2' AND c_asigna='300956' [1][0] OK
C:[08/11/2012 14:57:57.63][190.37.209.247][1357] SELECT c_asigna FROM dace004 WHERE exp_e='07-19703933' AND c_asigna='300422' AND status IN ('0','3','B') [1][0] OK
C:[08/11/2012 14:57:57.63][190.37.209.247][1357] SELECT c_asigna FROM dace004 WHERE exp_e='07-19703933' AND c_asigna='300105' AND status IN ('0','3','B') [1][0] OK
C:[08/11/2012 14:57:57.63][190.37.209.247][1357] SELECT c_asigna FROM dace004 WHERE exp_e='07-19703933' AND c_asigna='300314' AND status IN ('0','3','B') [1][0] OK
C:[08/11/2012 14:57:57.63][190.37.209.247][1344] SELECT pre_cod_asig1,pre_cod_asig2,pre_cod_asig3,pre_cod_asig4,pre_cod_asig5,pre_cod_asig6,pre_cod_asig7 FROM tblaca009 WHERE pensum='5' AND c_uni_ca='2' AND c_asigna='322033' [1][0] OK
C:[08/11/2012 14:57:57.63][190.37.209.247][1344] SELECT pre_cod_asig1,pre_cod_asig2,pre_cod_asig3,pre_cod_asig4,pre_cod_asig5,pre_cod_asig6,pre_cod_asig7 FROM tblaca009 WHERE pensum='5' AND c_uni_ca='2' AND c_asigna='322070' [1][0] OK
C:[08/11/2012 14:57:57.63][190.37.209.247][1344] SELECT pre_cod_asig1,pre_cod_asig2,pre_cod_asig3,pre_cod_asig4,pre_cod_asig5,pre_cod_asig6,pre_cod_asig7 FROM tblaca009 WHERE pensum='5' AND c_uni_ca='2' AND c_asigna='322801' [1][0] OK
C:[08/11/2012 14:57:57.63][190.37.209.247][1357] SELECT c_asigna FROM dace004 WHERE exp_e='07-19703933' AND c_asigna='322780' AND status IN ('0','3','B') [1][0] OK
C:[08/11/2012 14:57:57.63][190.37.209.247][1357] SELECT c_asigna FROM dace004 WHERE exp_e='07-19703933' AND c_asigna='322605' AND status IN ('0','3','B') [1][0] OK
C:[08/11/2012 14:57:57.63][190.37.209.247][1344] SELECT pre_cod_asig1,pre_cod_asig2,pre_cod_asig3,pre_cod_asig4,pre_cod_asig5,pre_cod_asig6,pre_cod_asig7 FROM tblaca009 WHERE pensum='5' AND c_uni_ca='2' AND c_asigna='322827' [1][0] OK
C:[08/11/2012 14:57:57.63][190.37.209.247][1357] SELECT c_asigna FROM dace004 WHERE exp_e='07-19703933' AND c_asigna='322703' AND status IN ('0','3','B') [1][0] OK
C:[08/11/2012 14:57:57.63][190.37.209.247][1357] SELECT c_asigna FROM dace004 WHERE exp_e='07-19703933' AND c_asigna='322782' AND status IN ('0','3','B') [1][0] OK
C:[08/11/2012 14:57:57.63][190.37.209.247][1357] SELECT c_asigna FROM dace004 WHERE exp_e='07-19703933' AND c_asigna='322449' AND status IN ('0','3','B') [1][0] OK
C:[08/11/2012 14:57:58.38][190.37.209.247][1388] SELECT par_cod_asig1,par_cod_asig2,par_cod_asig3 FROM tblaca009 WHERE pensum='5' AND c_uni_ca='2' AND c_asigna='300870' [1][0] OK
C:[08/11/2012 14:57:58.38][190.37.209.247][1388] SELECT par_cod_asig1,par_cod_asig2,par_cod_asig3 FROM tblaca009 WHERE pensum='5' AND c_uni_ca='2' AND c_asigna='300956' [1][0] OK
C:[08/11/2012 14:57:58.38][190.37.209.247][1388] SELECT par_cod_asig1,par_cod_asig2,par_cod_asig3 FROM tblaca009 WHERE pensum='5' AND c_uni_ca='2' AND c_asigna='322033' [1][0] OK
C:[08/11/2012 14:57:58.38][190.37.209.247][1388] SELECT par_cod_asig1,par_cod_asig2,par_cod_asig3 FROM tblaca009 WHERE pensum='5' AND c_uni_ca='2' AND c_asigna='322070' [1][0] OK
C:[08/11/2012 14:57:58.38][190.37.209.247][1388] SELECT par_cod_asig1,par_cod_asig2,par_cod_asig3 FROM tblaca009 WHERE pensum='5' AND c_uni_ca='2' AND c_asigna='322801' [1][0] OK
C:[08/11/2012 14:57:58.38][190.37.209.247][1388] SELECT par_cod_asig1,par_cod_asig2,par_cod_asig3 FROM tblaca009 WHERE pensum='5' AND c_uni_ca='2' AND c_asigna='322827' [1][0] OK
C:[08/11/2012 14:57:58.13][190.37.209.247][1518] SELECT horas_lab FROM tblaca008 WHERE c_asigna='300870' AND horas_teoricas > 0 [1][0] OK
C:[08/11/2012 14:57:58.25][190.37.209.247][1550] SELECT sum(u_creditos*1) FROM dace006 a, tblaca009 b WHERE a.exp_e='07-19703933' AND a.lapso='2012-2' AND b.pensum='5' AND b.c_uni_ca='2' AND status IN ('7','A','2') AND a.c_asigna=b.c_asigna  [1][0] OK
C:[08/11/2012 14:57:58.37][190.37.209.247][1569] SELECT sum(u_creditos*1) FROM dace006 a, tblaca009 b WHERE a.exp_e='07-19703933' AND a.lapso='2012-2' AND b.pensum='5' AND b.c_uni_ca='2' AND status IN ('7','A','2') AND a.c_asigna=b.c_asigna AND a.c_asigna IN ('300956','322033','322070','322801','322827') [1][0] OK
C:[08/11/2012 14:57:58.49][190.37.209.247][1585] SELECT MAX(semestre) FROM dace006 a, tblaca009 b WHERE a.exp_e='07-19703933' AND a.lapso='2012-2' AND b.pensum='5' AND b.c_uni_ca='2' AND status IN ('7','A','2') AND a.c_asigna=b.c_asigna  [1][0] OK
C:[08/11/2012 14:57:58.61][190.37.209.247][1606] SELECT MIN(semestre) FROM dace006 a, tblaca009 b WHERE a.exp_e='07-19703933' AND a.lapso='2012-2' AND b.pensum='5' AND b.c_uni_ca='2' AND status IN ('7','A','2') AND a.c_asigna=b.c_asigna AND a.c_asigna IN ('300870') [1][0] OK
C:[08/11/2012 15:51:05.79][190.37.209.247][1344] SELECT pre_cod_asig1,pre_cod_asig2,pre_cod_asig3,pre_cod_asig4,pre_cod_asig5,pre_cod_asig6,pre_cod_asig7 FROM tblaca009 WHERE pensum='5' AND c_uni_ca='2' AND c_asigna='300313' [1][0] OK
C:[08/11/2012 15:51:05.79][190.37.209.247][1357] SELECT c_asigna FROM dace004 WHERE exp_e='08-20286696' AND c_asigna='300213' AND status IN ('0','3','B') [1][0] OK
C:[08/11/2012 15:51:05.79][190.37.209.247][1357] SELECT c_asigna FROM dace004 WHERE exp_e='08-20286696' AND c_asigna='300226' AND status IN ('0','3','B') [1][0] OK
C:[08/11/2012 15:51:05.79][190.37.209.247][1357] SELECT c_asigna FROM dace004 WHERE exp_e='08-20286696' AND c_asigna='300209' AND status IN ('0','3','B') [1][0] OK
C:[08/11/2012 15:51:05.79][190.37.209.247][1344] SELECT pre_cod_asig1,pre_cod_asig2,pre_cod_asig3,pre_cod_asig4,pre_cod_asig5,pre_cod_asig6,pre_cod_asig7 FROM tblaca009 WHERE pensum='5' AND c_uni_ca='2' AND c_asigna='322436' [1][0] OK
C:[08/11/2012 15:51:05.79][190.37.209.247][1357] SELECT c_asigna FROM dace004 WHERE exp_e='08-20286696' AND c_asigna='300317' AND status IN ('0','3','B') [1][0] OK
C:[08/11/2012 15:51:05.79][190.37.209.247][1357] SELECT c_asigna FROM dace004 WHERE exp_e='08-20286696' AND c_asigna='320311' AND status IN ('0','3','B') [1][0] OK
C:[08/11/2012 15:51:05.67][190.37.209.247][1388] SELECT par_cod_asig1,par_cod_asig2,par_cod_asig3 FROM tblaca009 WHERE pensum='5' AND c_uni_ca='2' AND c_asigna='300313' [1][0] OK
C:[08/11/2012 15:51:05.67][190.37.209.247][1388] SELECT par_cod_asig1,par_cod_asig2,par_cod_asig3 FROM tblaca009 WHERE pensum='5' AND c_uni_ca='2' AND c_asigna='322436' [1][0] OK
C:[08/11/2012 15:51:06.92][190.37.209.247][1518] SELECT horas_lab FROM tblaca008 WHERE c_asigna='300313' AND horas_teoricas > 0 [1][0] OK
C:[08/11/2012 15:51:06.03][190.37.209.247][1550] SELECT sum(u_creditos*1) FROM dace006 a, tblaca009 b WHERE a.exp_e='08-20286696' AND a.lapso='2012-2' AND b.pensum='5' AND b.c_uni_ca='2' AND status IN ('7','A','2') AND a.c_asigna=b.c_asigna  [1][0] OK
C:[08/11/2012 15:51:06.17][190.37.209.247][1569] SELECT sum(u_creditos*1) FROM dace006 a, tblaca009 b WHERE a.exp_e='08-20286696' AND a.lapso='2012-2' AND b.pensum='5' AND b.c_uni_ca='2' AND status IN ('7','A','2') AND a.c_asigna=b.c_asigna AND a.c_asigna IN ('322436') [1][0] OK
C:[08/11/2012 15:51:06.29][190.37.209.247][1585] SELECT MAX(semestre) FROM dace006 a, tblaca009 b WHERE a.exp_e='08-20286696' AND a.lapso='2012-2' AND b.pensum='5' AND b.c_uni_ca='2' AND status IN ('7','A','2') AND a.c_asigna=b.c_asigna  [1][0] OK
C:[08/11/2012 15:51:06.42][190.37.209.247][1606] SELECT MIN(semestre) FROM dace006 a, tblaca009 b WHERE a.exp_e='08-20286696' AND a.lapso='2012-2' AND b.pensum='5' AND b.c_uni_ca='2' AND status IN ('7','A','2') AND a.c_asigna=b.c_asigna AND a.c_asigna IN ('300313') [1][0] OK
C:[08/11/2012 15:56:00.88][190.37.209.247][1344] SELECT pre_cod_asig1,pre_cod_asig2,pre_cod_asig3,pre_cod_asig4,pre_cod_asig5,pre_cod_asig6,pre_cod_asig7 FROM tblaca009 WHERE pensum='5' AND c_uni_ca='2' AND c_asigna='300313' [1][0] OK
C:[08/11/2012 15:56:00.88][190.37.209.247][1357] SELECT c_asigna FROM dace004 WHERE exp_e='08-20286696' AND c_asigna='300213' AND status IN ('0','3','B') [1][0] OK
C:[08/11/2012 15:56:00.88][190.37.209.247][1357] SELECT c_asigna FROM dace004 WHERE exp_e='08-20286696' AND c_asigna='300226' AND status IN ('0','3','B') [1][0] OK
C:[08/11/2012 15:56:00.88][190.37.209.247][1357] SELECT c_asigna FROM dace004 WHERE exp_e='08-20286696' AND c_asigna='300209' AND status IN ('0','3','B') [1][0] OK
C:[08/11/2012 15:56:00.88][190.37.209.247][1344] SELECT pre_cod_asig1,pre_cod_asig2,pre_cod_asig3,pre_cod_asig4,pre_cod_asig5,pre_cod_asig6,pre_cod_asig7 FROM tblaca009 WHERE pensum='5' AND c_uni_ca='2' AND c_asigna='322436' [1][0] OK
C:[08/11/2012 15:56:00.88][190.37.209.247][1357] SELECT c_asigna FROM dace004 WHERE exp_e='08-20286696' AND c_asigna='300317' AND status IN ('0','3','B') [1][0] OK
C:[08/11/2012 15:56:00.88][190.37.209.247][1357] SELECT c_asigna FROM dace004 WHERE exp_e='08-20286696' AND c_asigna='320311' AND status IN ('0','3','B') [1][0] OK
C:[08/11/2012 15:56:00.75][190.37.209.247][1388] SELECT par_cod_asig1,par_cod_asig2,par_cod_asig3 FROM tblaca009 WHERE pensum='5' AND c_uni_ca='2' AND c_asigna='300313' [1][0] OK
C:[08/11/2012 15:56:00.75][190.37.209.247][1388] SELECT par_cod_asig1,par_cod_asig2,par_cod_asig3 FROM tblaca009 WHERE pensum='5' AND c_uni_ca='2' AND c_asigna='322436' [1][0] OK
C:[08/11/2012 15:56:00.01][190.37.209.247][1518] SELECT horas_lab FROM tblaca008 WHERE c_asigna='300313' AND horas_teoricas > 0 [1][0] OK
C:[08/11/2012 15:56:00.14][190.37.209.247][1550] SELECT sum(u_creditos*1) FROM dace006 a, tblaca009 b WHERE a.exp_e='08-20286696' AND a.lapso='2012-2' AND b.pensum='5' AND b.c_uni_ca='2' AND status IN ('7','A','2') AND a.c_asigna=b.c_asigna  [1][0] OK
C:[08/11/2012 15:56:00.25][190.37.209.247][1569] SELECT sum(u_creditos*1) FROM dace006 a, tblaca009 b WHERE a.exp_e='08-20286696' AND a.lapso='2012-2' AND b.pensum='5' AND b.c_uni_ca='2' AND status IN ('7','A','2') AND a.c_asigna=b.c_asigna AND a.c_asigna IN ('322436') [1][0] OK
C:[08/11/2012 15:56:00.39][190.37.209.247][1585] SELECT MAX(semestre) FROM dace006 a, tblaca009 b WHERE a.exp_e='08-20286696' AND a.lapso='2012-2' AND b.pensum='5' AND b.c_uni_ca='2' AND status IN ('7','A','2') AND a.c_asigna=b.c_asigna  [1][0] OK
C:[08/11/2012 15:56:00.51][190.37.209.247][1606] SELECT MIN(semestre) FROM dace006 a, tblaca009 b WHERE a.exp_e='08-20286696' AND a.lapso='2012-2' AND b.pensum='5' AND b.c_uni_ca='2' AND status IN ('7','A','2') AND a.c_asigna=b.c_asigna AND a.c_asigna IN ('300313') [1][0] OK
C:[08/11/2012 17:45:25.02][186.88.129.84][1344] SELECT pre_cod_asig1,pre_cod_asig2,pre_cod_asig3,pre_cod_asig4,pre_cod_asig5,pre_cod_asig6,pre_cod_asig7 FROM tblaca009 WHERE pensum='5' AND c_uni_ca='2' AND c_asigna='322605' [1][0] OK
C:[08/11/2012 17:45:25.02][186.88.129.84][1357] SELECT c_asigna FROM dace004 WHERE exp_e='99-14837464' AND c_asigna='322436' AND status IN ('0','3','B') [1][0] OK
C:[08/11/2012 17:45:25.02][186.88.129.84][1344] SELECT pre_cod_asig1,pre_cod_asig2,pre_cod_asig3,pre_cod_asig4,pre_cod_asig5,pre_cod_asig6,pre_cod_asig7 FROM tblaca009 WHERE pensum='5' AND c_uni_ca='2' AND c_asigna='322433' [1][0] OK
C:[08/11/2012 17:45:25.02][186.88.129.84][1357] SELECT c_asigna FROM dace004 WHERE exp_e='99-14837464' AND c_asigna='320323' AND status IN ('0','3','B') [1][0] OK
C:[08/11/2012 17:45:25.02][186.88.129.84][1357] SELECT c_asigna FROM dace004 WHERE exp_e='99-14837464' AND c_asigna='300209' AND status IN ('0','3','B') [1][0] OK
C:[08/11/2012 17:45:25.02][186.88.129.84][1344] SELECT pre_cod_asig1,pre_cod_asig2,pre_cod_asig3,pre_cod_asig4,pre_cod_asig5,pre_cod_asig6,pre_cod_asig7 FROM tblaca009 WHERE pensum='5' AND c_uni_ca='2' AND c_asigna='322559' [1][0] OK
C:[08/11/2012 17:45:25.02][186.88.129.84][1357] SELECT c_asigna FROM dace004 WHERE exp_e='99-14837464' AND c_asigna='300428' AND status IN ('0','3','B') [1][0] OK
C:[08/11/2012 17:45:25.02][186.88.129.84][1357] SELECT c_asigna FROM dace004 WHERE exp_e='99-14837464' AND c_asigna='322436' AND status IN ('0','3','B') [1][0] OK
C:[08/11/2012 17:45:25.02][186.88.129.84][1344] SELECT pre_cod_asig1,pre_cod_asig2,pre_cod_asig3,pre_cod_asig4,pre_cod_asig5,pre_cod_asig6,pre_cod_asig7 FROM tblaca009 WHERE pensum='5' AND c_uni_ca='2' AND c_asigna='322669' [1][0] OK
C:[08/11/2012 17:45:25.02][186.88.129.84][1357] SELECT c_asigna FROM dace004 WHERE exp_e='99-14837464' AND c_asigna='322558' AND status IN ('0','3','B') [1][0] OK
C:[08/11/2012 17:45:25.02][186.88.129.84][1357] SELECT c_asigna FROM dace004 WHERE exp_e='99-14837464' AND c_asigna='323528' AND status IN ('0','3','B') [1][0] OK
C:[08/11/2012 17:45:25.37][186.88.129.84][1388] SELECT par_cod_asig1,par_cod_asig2,par_cod_asig3 FROM tblaca009 WHERE pensum='5' AND c_uni_ca='2' AND c_asigna='322605' [1][0] OK
C:[08/11/2012 17:45:25.37][186.88.129.84][1388] SELECT par_cod_asig1,par_cod_asig2,par_cod_asig3 FROM tblaca009 WHERE pensum='5' AND c_uni_ca='2' AND c_asigna='322433' [1][0] OK
C:[08/11/2012 17:45:25.37][186.88.129.84][1388] SELECT par_cod_asig1,par_cod_asig2,par_cod_asig3 FROM tblaca009 WHERE pensum='5' AND c_uni_ca='2' AND c_asigna='322559' [1][0] OK
C:[08/11/2012 17:45:25.37][186.88.129.84][1388] SELECT par_cod_asig1,par_cod_asig2,par_cod_asig3 FROM tblaca009 WHERE pensum='5' AND c_uni_ca='2' AND c_asigna='322669' [1][0] OK
C:[08/11/2012 17:45:25.88][186.88.129.84][1518] SELECT horas_lab FROM tblaca008 WHERE c_asigna='322605' AND horas_teoricas > 0 [1][0] OK
C:[08/11/2012 17:45:25.99][186.88.129.84][1550] SELECT sum(u_creditos*1) FROM dace006 a, tblaca009 b WHERE a.exp_e='99-14837464' AND a.lapso='2012-2' AND b.pensum='5' AND b.c_uni_ca='2' AND status IN ('7','A','2') AND a.c_asigna=b.c_asigna  [1][0] OK
C:[08/11/2012 17:45:25.12][186.88.129.84][1569] SELECT sum(u_creditos*1) FROM dace006 a, tblaca009 b WHERE a.exp_e='99-14837464' AND a.lapso='2012-2' AND b.pensum='5' AND b.c_uni_ca='2' AND status IN ('7','A','2') AND a.c_asigna=b.c_asigna AND a.c_asigna IN ('322433','322559','322669') [1][0] OK
C:[08/11/2012 17:45:25.24][186.88.129.84][1585] SELECT MAX(semestre) FROM dace006 a, tblaca009 b WHERE a.exp_e='99-14837464' AND a.lapso='2012-2' AND b.pensum='5' AND b.c_uni_ca='2' AND status IN ('7','A','2') AND a.c_asigna=b.c_asigna  [1][0] OK
C:[08/11/2012 17:45:25.36][186.88.129.84][1606] SELECT MIN(semestre) FROM dace006 a, tblaca009 b WHERE a.exp_e='99-14837464' AND a.lapso='2012-2' AND b.pensum='5' AND b.c_uni_ca='2' AND status IN ('7','A','2') AND a.c_asigna=b.c_asigna AND a.c_asigna IN ('322605') [1][0] OK
C:[08/11/2012 17:46:37.74][186.88.129.84][1344] SELECT pre_cod_asig1,pre_cod_asig2,pre_cod_asig3,pre_cod_asig4,pre_cod_asig5,pre_cod_asig6,pre_cod_asig7 FROM tblaca009 WHERE pensum='5' AND c_uni_ca='2' AND c_asigna='322433' [1][0] OK
C:[08/11/2012 17:46:37.74][186.88.129.84][1357] SELECT c_asigna FROM dace004 WHERE exp_e='99-14837464' AND c_asigna='320323' AND status IN ('0','3','B') [1][0] OK
C:[08/11/2012 17:46:37.74][186.88.129.84][1357] SELECT c_asigna FROM dace004 WHERE exp_e='99-14837464' AND c_asigna='300209' AND status IN ('0','3','B') [1][0] OK
C:[08/11/2012 17:46:37.74][186.88.129.84][1344] SELECT pre_cod_asig1,pre_cod_asig2,pre_cod_asig3,pre_cod_asig4,pre_cod_asig5,pre_cod_asig6,pre_cod_asig7 FROM tblaca009 WHERE pensum='5' AND c_uni_ca='2' AND c_asigna='322559' [1][0] OK
C:[08/11/2012 17:46:37.74][186.88.129.84][1357] SELECT c_asigna FROM dace004 WHERE exp_e='99-14837464' AND c_asigna='300428' AND status IN ('0','3','B') [1][0] OK
C:[08/11/2012 17:46:37.74][186.88.129.84][1357] SELECT c_asigna FROM dace004 WHERE exp_e='99-14837464' AND c_asigna='322436' AND status IN ('0','3','B') [1][0] OK
C:[08/11/2012 17:46:37.74][186.88.129.84][1344] SELECT pre_cod_asig1,pre_cod_asig2,pre_cod_asig3,pre_cod_asig4,pre_cod_asig5,pre_cod_asig6,pre_cod_asig7 FROM tblaca009 WHERE pensum='5' AND c_uni_ca='2' AND c_asigna='322669' [1][0] OK
C:[08/11/2012 17:46:37.74][186.88.129.84][1357] SELECT c_asigna FROM dace004 WHERE exp_e='99-14837464' AND c_asigna='322558' AND status IN ('0','3','B') [1][0] OK
C:[08/11/2012 17:46:37.74][186.88.129.84][1357] SELECT c_asigna FROM dace004 WHERE exp_e='99-14837464' AND c_asigna='323528' AND status IN ('0','3','B') [1][0] OK
C:[08/11/2012 17:46:37.88][186.88.129.84][1388] SELECT par_cod_asig1,par_cod_asig2,par_cod_asig3 FROM tblaca009 WHERE pensum='5' AND c_uni_ca='2' AND c_asigna='322433' [1][0] OK
C:[08/11/2012 17:46:37.88][186.88.129.84][1388] SELECT par_cod_asig1,par_cod_asig2,par_cod_asig3 FROM tblaca009 WHERE pensum='5' AND c_uni_ca='2' AND c_asigna='322559' [1][0] OK
C:[08/11/2012 17:46:37.88][186.88.129.84][1388] SELECT par_cod_asig1,par_cod_asig2,par_cod_asig3 FROM tblaca009 WHERE pensum='5' AND c_uni_ca='2' AND c_asigna='322669' [1][0] OK
C:[08/11/2012 17:46:37.26][186.88.129.84][1550] SELECT sum(u_creditos*1) FROM dace006 a, tblaca009 b WHERE a.exp_e='99-14837464' AND a.lapso='2012-2' AND b.pensum='5' AND b.c_uni_ca='2' AND status IN ('7','A','2') AND a.c_asigna=b.c_asigna  [1][0] OK
C:[08/11/2012 17:46:37.37][186.88.129.84][1569] SELECT sum(u_creditos*1) FROM dace006 a, tblaca009 b WHERE a.exp_e='99-14837464' AND a.lapso='2012-2' AND b.pensum='5' AND b.c_uni_ca='2' AND status IN ('7','A','2') AND a.c_asigna=b.c_asigna AND a.c_asigna IN ('322433','322559','322669') [1][0] OK
C:[08/11/2012 17:46:37.49][186.88.129.84][1585] SELECT MAX(semestre) FROM dace006 a, tblaca009 b WHERE a.exp_e='99-14837464' AND a.lapso='2012-2' AND b.pensum='5' AND b.c_uni_ca='2' AND status IN ('7','A','2') AND a.c_asigna=b.c_asigna  [1][0] OK
C:[08/11/2012 18:06:31.56][190.121.234.68][1344] SELECT pre_cod_asig1,pre_cod_asig2,pre_cod_asig3,pre_cod_asig4,pre_cod_asig5,pre_cod_asig6,pre_cod_asig7 FROM tblaca009 WHERE pensum='5' AND c_uni_ca='6' AND c_asigna='344613' [1][0] OK
C:[08/11/2012 18:06:31.56][190.121.234.68][1357] SELECT c_asigna FROM dace004 WHERE exp_e='94-11996938' AND c_asigna='344566' AND status IN ('0','3','B') [1][0] OK
C:[08/11/2012 18:06:31.56][190.121.234.68][1357] SELECT c_asigna FROM dace004 WHERE exp_e='94-11996938' AND c_asigna='300209' AND status IN ('0','3','B') [1][0] OK
C:[08/11/2012 18:06:31.56][190.121.234.68][1357] SELECT c_asigna FROM dace004 WHERE exp_e='94-11996938' AND c_asigna='300222' AND status IN ('0','3','B') [1][0] OK
C:[08/11/2012 18:06:31.56][190.121.234.68][1357] SELECT c_asigna FROM dace004 WHERE exp_e='94-11996938' AND c_asigna='300226' AND status IN ('0','3','B') [1][0] OK
C:[08/11/2012 18:06:31.56][190.121.234.68][1357] SELECT c_asigna FROM dace004 WHERE exp_e='94-11996938' AND c_asigna='300313' AND status IN ('0','3','B') [1][0] OK
C:[08/11/2012 18:06:31.56][190.121.234.68][1357] SELECT c_asigna FROM dace004 WHERE exp_e='94-11996938' AND c_asigna='300428' AND status IN ('0','3','B') [1][0] OK
C:[08/11/2012 18:06:31.56][190.121.234.68][1357] SELECT c_asigna FROM dace004 WHERE exp_e='94-11996938' AND c_asigna='300317' AND status IN ('0','3','B') [1][0] OK
C:[08/11/2012 18:06:31.57][190.121.234.68][1388] SELECT par_cod_asig1,par_cod_asig2,par_cod_asig3 FROM tblaca009 WHERE pensum='5' AND c_uni_ca='6' AND c_asigna='344613' [1][0] OK
C:[08/11/2012 18:06:31.71][190.121.234.68][1550] SELECT sum(u_creditos*1) FROM dace006 a, tblaca009 b WHERE a.exp_e='94-11996938' AND a.lapso='2012-2' AND b.pensum='5' AND b.c_uni_ca='6' AND status IN ('7','A','2') AND a.c_asigna=b.c_asigna  [1][0] OK
C:[08/11/2012 18:06:31.82][190.121.234.68][1569] SELECT sum(u_creditos*1) FROM dace006 a, tblaca009 b WHERE a.exp_e='94-11996938' AND a.lapso='2012-2' AND b.pensum='5' AND b.c_uni_ca='6' AND status IN ('7','A','2') AND a.c_asigna=b.c_asigna AND a.c_asigna IN ('344613') [1][0] OK
C:[08/11/2012 18:06:31.94][190.121.234.68][1585] SELECT MAX(semestre) FROM dace006 a, tblaca009 b WHERE a.exp_e='94-11996938' AND a.lapso='2012-2' AND b.pensum='5' AND b.c_uni_ca='6' AND status IN ('7','A','2') AND a.c_asigna=b.c_asigna  [1][0] OK
C:[08/11/2012 18:07:44.31][190.121.234.68][1344] SELECT pre_cod_asig1,pre_cod_asig2,pre_cod_asig3,pre_cod_asig4,pre_cod_asig5,pre_cod_asig6,pre_cod_asig7 FROM tblaca009 WHERE pensum='5' AND c_uni_ca='6' AND c_asigna='344613' [1][0] OK
C:[08/11/2012 18:07:44.31][190.121.234.68][1357] SELECT c_asigna FROM dace004 WHERE exp_e='94-11996938' AND c_asigna='344566' AND status IN ('0','3','B') [1][0] OK
C:[08/11/2012 18:07:44.31][190.121.234.68][1357] SELECT c_asigna FROM dace004 WHERE exp_e='94-11996938' AND c_asigna='300209' AND status IN ('0','3','B') [1][0] OK
C:[08/11/2012 18:07:44.31][190.121.234.68][1357] SELECT c_asigna FROM dace004 WHERE exp_e='94-11996938' AND c_asigna='300222' AND status IN ('0','3','B') [1][0] OK
C:[08/11/2012 18:07:44.31][190.121.234.68][1357] SELECT c_asigna FROM dace004 WHERE exp_e='94-11996938' AND c_asigna='300226' AND status IN ('0','3','B') [1][0] OK
C:[08/11/2012 18:07:44.31][190.121.234.68][1357] SELECT c_asigna FROM dace004 WHERE exp_e='94-11996938' AND c_asigna='300313' AND status IN ('0','3','B') [1][0] OK
C:[08/11/2012 18:07:44.31][190.121.234.68][1357] SELECT c_asigna FROM dace004 WHERE exp_e='94-11996938' AND c_asigna='300428' AND status IN ('0','3','B') [1][0] OK
C:[08/11/2012 18:07:44.31][190.121.234.68][1357] SELECT c_asigna FROM dace004 WHERE exp_e='94-11996938' AND c_asigna='300317' AND status IN ('0','3','B') [1][0] OK
C:[08/11/2012 18:07:45.30][190.121.234.68][1388] SELECT par_cod_asig1,par_cod_asig2,par_cod_asig3 FROM tblaca009 WHERE pensum='5' AND c_uni_ca='6' AND c_asigna='344613' [1][0] OK
C:[08/11/2012 18:07:45.01][190.121.234.68][1550] SELECT sum(u_creditos*1) FROM dace006 a, tblaca009 b WHERE a.exp_e='94-11996938' AND a.lapso='2012-2' AND b.pensum='5' AND b.c_uni_ca='6' AND status IN ('7','A','2') AND a.c_asigna=b.c_asigna  [1][0] OK
C:[08/11/2012 18:07:45.12][190.121.234.68][1569] SELECT sum(u_creditos*1) FROM dace006 a, tblaca009 b WHERE a.exp_e='94-11996938' AND a.lapso='2012-2' AND b.pensum='5' AND b.c_uni_ca='6' AND status IN ('7','A','2') AND a.c_asigna=b.c_asigna AND a.c_asigna IN ('344613') [1][0] OK
C:[08/11/2012 18:07:45.24][190.121.234.68][1585] SELECT MAX(semestre) FROM dace006 a, tblaca009 b WHERE a.exp_e='94-11996938' AND a.lapso='2012-2' AND b.pensum='5' AND b.c_uni_ca='6' AND status IN ('7','A','2') AND a.c_asigna=b.c_asigna  [1][0] OK
C:[08/11/2012 19:12:12.35][186.89.208.111][1344] SELECT pre_cod_asig1,pre_cod_asig2,pre_cod_asig3,pre_cod_asig4,pre_cod_asig5,pre_cod_asig6,pre_cod_asig7 FROM tblaca009 WHERE pensum='5' AND c_uni_ca='4' AND c_asigna='300013' [1][0] OK
C:[08/11/2012 19:12:12.35][186.89.208.111][1344] SELECT pre_cod_asig1,pre_cod_asig2,pre_cod_asig3,pre_cod_asig4,pre_cod_asig5,pre_cod_asig6,pre_cod_asig7 FROM tblaca009 WHERE pensum='5' AND c_uni_ca='4' AND c_asigna='300112' [1][0] OK
C:[08/11/2012 19:12:12.60][186.89.208.111][1388] SELECT par_cod_asig1,par_cod_asig2,par_cod_asig3 FROM tblaca009 WHERE pensum='5' AND c_uni_ca='4' AND c_asigna='300013' [1][0] OK
C:[08/11/2012 19:12:12.60][186.89.208.111][1388] SELECT par_cod_asig1,par_cod_asig2,par_cod_asig3 FROM tblaca009 WHERE pensum='5' AND c_uni_ca='4' AND c_asigna='300112' [1][0] OK
C:[08/11/2012 19:12:13.86][186.89.208.111][1518] SELECT horas_lab FROM tblaca008 WHERE c_asigna='300013' AND horas_teoricas > 0 [1][0] OK
C:[08/11/2012 19:12:13.98][186.89.208.111][1550] SELECT sum(u_creditos*1) FROM dace006 a, tblaca009 b WHERE a.exp_e='10-22828343' AND a.lapso='2012-2' AND b.pensum='5' AND b.c_uni_ca='4' AND status IN ('7','A','2') AND a.c_asigna=b.c_asigna  [1][0] OK
C:[08/11/2012 19:12:13.08][186.89.208.111][1569] SELECT sum(u_creditos*1) FROM dace006 a, tblaca009 b WHERE a.exp_e='10-22828343' AND a.lapso='2012-2' AND b.pensum='5' AND b.c_uni_ca='4' AND status IN ('7','A','2') AND a.c_asigna=b.c_asigna AND a.c_asigna IN ('300112') [1][0] OK
C:[08/11/2012 19:12:13.23][186.89.208.111][1585] SELECT MAX(semestre) FROM dace006 a, tblaca009 b WHERE a.exp_e='10-22828343' AND a.lapso='2012-2' AND b.pensum='5' AND b.c_uni_ca='4' AND status IN ('7','A','2') AND a.c_asigna=b.c_asigna  [1][0] OK
C:[08/11/2012 19:12:13.34][186.89.208.111][1606] SELECT MIN(semestre) FROM dace006 a, tblaca009 b WHERE a.exp_e='10-22828343' AND a.lapso='2012-2' AND b.pensum='5' AND b.c_uni_ca='4' AND status IN ('7','A','2') AND a.c_asigna=b.c_asigna AND a.c_asigna IN ('300013') [1][0] OK
C:[08/11/2012 21:01:50.49][190.94.239.236][1344] SELECT pre_cod_asig1,pre_cod_asig2,pre_cod_asig3,pre_cod_asig4,pre_cod_asig5,pre_cod_asig6,pre_cod_asig7 FROM tblaca009 WHERE pensum='5' AND c_uni_ca='3' AND c_asigna='300209' [1][0] OK
C:[08/11/2012 21:01:50.49][190.94.239.236][1357] SELECT c_asigna FROM dace004 WHERE exp_e='08-20505989' AND c_asigna='300101' AND status IN ('0','3','B') [1][0] OK
C:[08/11/2012 21:01:50.49][190.94.239.236][1344] SELECT pre_cod_asig1,pre_cod_asig2,pre_cod_asig3,pre_cod_asig4,pre_cod_asig5,pre_cod_asig6,pre_cod_asig7 FROM tblaca009 WHERE pensum='5' AND c_uni_ca='3' AND c_asigna='300213' [1][0] OK
C:[08/11/2012 21:01:50.49][190.94.239.236][1357] SELECT c_asigna FROM dace004 WHERE exp_e='08-20505989' AND c_asigna='300101' AND status IN ('0','3','B') [1][0] OK
C:[08/11/2012 21:01:50.49][190.94.239.236][1344] SELECT pre_cod_asig1,pre_cod_asig2,pre_cod_asig3,pre_cod_asig4,pre_cod_asig5,pre_cod_asig6,pre_cod_asig7 FROM tblaca009 WHERE pensum='5' AND c_uni_ca='3' AND c_asigna='311320' [1][0] OK
C:[08/11/2012 21:01:50.49][190.94.239.236][1357] SELECT c_asigna FROM dace004 WHERE exp_e='08-20505989' AND c_asigna='300013' AND status IN ('0','3','B') [1][0] OK
C:[08/11/2012 21:01:50.49][190.94.239.236][1357] SELECT c_asigna FROM dace004 WHERE exp_e='08-20505989' AND c_asigna='300113' AND status IN ('0','3','B') [1][0] OK
C:[08/11/2012 21:01:50.37][190.94.239.236][1388] SELECT par_cod_asig1,par_cod_asig2,par_cod_asig3 FROM tblaca009 WHERE pensum='5' AND c_uni_ca='3' AND c_asigna='300209' [1][0] OK
C:[08/11/2012 21:01:50.37][190.94.239.236][1388] SELECT par_cod_asig1,par_cod_asig2,par_cod_asig3 FROM tblaca009 WHERE pensum='5' AND c_uni_ca='3' AND c_asigna='300213' [1][0] OK
C:[08/11/2012 21:01:50.37][190.94.239.236][1402] SELECT c_asigna FROM dace004 WHERE exp_e='08-20505989' AND c_asigna='300209' AND status IN ('0','3','B','C') [0][0] OK
C:[08/11/2012 21:01:50.37][190.94.239.236][1388] SELECT par_cod_asig1,par_cod_asig2,par_cod_asig3 FROM tblaca009 WHERE pensum='5' AND c_uni_ca='3' AND c_asigna='311320' [1][0] OK
C:[08/11/2012 21:01:50.89][190.94.239.236][1550] SELECT sum(u_creditos*1) FROM dace006 a, tblaca009 b WHERE a.exp_e='08-20505989' AND a.lapso='2012-2' AND b.pensum='5' AND b.c_uni_ca='3' AND status IN ('7','A','2') AND a.c_asigna=b.c_asigna  [1][0] OK
C:[08/11/2012 21:01:50.00][190.94.239.236][1569] SELECT sum(u_creditos*1) FROM dace006 a, tblaca009 b WHERE a.exp_e='08-20505989' AND a.lapso='2012-2' AND b.pensum='5' AND b.c_uni_ca='3' AND status IN ('7','A','2') AND a.c_asigna=b.c_asigna AND a.c_asigna IN ('300209','300213','311320') [1][0] OK
C:[08/11/2012 21:01:50.13][190.94.239.236][1585] SELECT MAX(semestre) FROM dace006 a, tblaca009 b WHERE a.exp_e='08-20505989' AND a.lapso='2012-2' AND b.pensum='5' AND b.c_uni_ca='3' AND status IN ('7','A','2') AND a.c_asigna=b.c_asigna  [1][0] OK
C:[08/11/2012 21:16:24.17][190.204.211.111][1344] SELECT pre_cod_asig1,pre_cod_asig2,pre_cod_asig3,pre_cod_asig4,pre_cod_asig5,pre_cod_asig6,pre_cod_asig7 FROM tblaca009 WHERE pensum='5' AND c_uni_ca='5' AND c_asigna='355573' [1][0] OK
C:[08/11/2012 21:16:24.17][190.204.211.111][1357] SELECT c_asigna FROM dace004 WHERE exp_e='08-19728672' AND c_asigna='355448' AND status IN ('0','3','B') [1][0] OK
C:[08/11/2012 21:16:24.17][190.204.211.111][1344] SELECT pre_cod_asig1,pre_cod_asig2,pre_cod_asig3,pre_cod_asig4,pre_cod_asig5,pre_cod_asig6,pre_cod_asig7 FROM tblaca009 WHERE pensum='5' AND c_uni_ca='5' AND c_asigna='355720' [1][0] OK
C:[08/11/2012 21:16:24.17][190.204.211.111][1357] SELECT c_asigna FROM dace004 WHERE exp_e='08-19728672' AND c_asigna='355692' AND status IN ('0','3','B') [1][0] OK
C:[08/11/2012 21:16:24.17][190.204.211.111][1357] SELECT c_asigna FROM dace004 WHERE exp_e='08-19728672' AND c_asigna='355696' AND status IN ('0','3','B') [1][0] OK
C:[08/11/2012 21:16:24.17][190.204.211.111][1344] SELECT pre_cod_asig1,pre_cod_asig2,pre_cod_asig3,pre_cod_asig4,pre_cod_asig5,pre_cod_asig6,pre_cod_asig7 FROM tblaca009 WHERE pensum='5' AND c_uni_ca='5' AND c_asigna='355724' [1][0] OK
C:[08/11/2012 21:16:24.17][190.204.211.111][1357] SELECT c_asigna FROM dace004 WHERE exp_e='08-19728672' AND c_asigna='355692' AND status IN ('0','3','B') [1][0] OK
C:[08/11/2012 21:16:24.17][190.204.211.111][1344] SELECT pre_cod_asig1,pre_cod_asig2,pre_cod_asig3,pre_cod_asig4,pre_cod_asig5,pre_cod_asig6,pre_cod_asig7 FROM tblaca009 WHERE pensum='5' AND c_uni_ca='5' AND c_asigna='355725' [1][0] OK
C:[08/11/2012 21:16:24.17][190.204.211.111][1357] SELECT c_asigna FROM dace004 WHERE exp_e='08-19728672' AND c_asigna='355693' AND status IN ('0','3','B') [1][0] OK
C:[08/11/2012 21:16:24.17][190.204.211.111][1357] SELECT c_asigna FROM dace004 WHERE exp_e='08-19728672' AND c_asigna='355692' AND status IN ('0','3','B') [1][0] OK
C:[08/11/2012 21:16:24.17][190.204.211.111][1344] SELECT pre_cod_asig1,pre_cod_asig2,pre_cod_asig3,pre_cod_asig4,pre_cod_asig5,pre_cod_asig6,pre_cod_asig7 FROM tblaca009 WHERE pensum='5' AND c_uni_ca='5' AND c_asigna='355833' [1][0] OK
C:[08/11/2012 21:16:24.17][190.204.211.111][1357] SELECT c_asigna FROM dace004 WHERE exp_e='08-19728672' AND c_asigna='355694' AND status IN ('0','3','B') [1][0] OK
C:[08/11/2012 21:16:24.17][190.204.211.111][1344] SELECT pre_cod_asig1,pre_cod_asig2,pre_cod_asig3,pre_cod_asig4,pre_cod_asig5,pre_cod_asig6,pre_cod_asig7 FROM tblaca009 WHERE pensum='5' AND c_uni_ca='5' AND c_asigna='355834' [1][0] OK
C:[08/11/2012 21:16:24.17][190.204.211.111][1357] SELECT c_asigna FROM dace004 WHERE exp_e='08-19728672' AND c_asigna='355694' AND status IN ('0','3','B') [1][0] OK
C:[08/11/2012 21:16:24.91][190.204.211.111][1388] SELECT par_cod_asig1,par_cod_asig2,par_cod_asig3 FROM tblaca009 WHERE pensum='5' AND c_uni_ca='5' AND c_asigna='355573' [1][0] OK
C:[08/11/2012 21:16:24.91][190.204.211.111][1388] SELECT par_cod_asig1,par_cod_asig2,par_cod_asig3 FROM tblaca009 WHERE pensum='5' AND c_uni_ca='5' AND c_asigna='355720' [1][0] OK
C:[08/11/2012 21:16:24.91][190.204.211.111][1388] SELECT par_cod_asig1,par_cod_asig2,par_cod_asig3 FROM tblaca009 WHERE pensum='5' AND c_uni_ca='5' AND c_asigna='355724' [1][0] OK
C:[08/11/2012 21:16:24.91][190.204.211.111][1388] SELECT par_cod_asig1,par_cod_asig2,par_cod_asig3 FROM tblaca009 WHERE pensum='5' AND c_uni_ca='5' AND c_asigna='355725' [1][0] OK
C:[08/11/2012 21:16:24.91][190.204.211.111][1388] SELECT par_cod_asig1,par_cod_asig2,par_cod_asig3 FROM tblaca009 WHERE pensum='5' AND c_uni_ca='5' AND c_asigna='355833' [1][0] OK
C:[08/11/2012 21:16:24.91][190.204.211.111][1388] SELECT par_cod_asig1,par_cod_asig2,par_cod_asig3 FROM tblaca009 WHERE pensum='5' AND c_uni_ca='5' AND c_asigna='355834' [1][0] OK
C:[08/11/2012 21:16:25.66][190.204.211.111][1518] SELECT horas_lab FROM tblaca008 WHERE c_asigna='355573' AND horas_teoricas > 0 [1][0] OK
C:[08/11/2012 21:16:25.77][190.204.211.111][1550] SELECT sum(u_creditos*1) FROM dace006 a, tblaca009 b WHERE a.exp_e='08-19728672' AND a.lapso='2012-2' AND b.pensum='5' AND b.c_uni_ca='5' AND status IN ('7','A','2') AND a.c_asigna=b.c_asigna  [1][0] OK
C:[08/11/2012 21:16:25.89][190.204.211.111][1569] SELECT sum(u_creditos*1) FROM dace006 a, tblaca009 b WHERE a.exp_e='08-19728672' AND a.lapso='2012-2' AND b.pensum='5' AND b.c_uni_ca='5' AND status IN ('7','A','2') AND a.c_asigna=b.c_asigna AND a.c_asigna IN ('355720','355724','355725','355833','355834') [1][0] OK
C:[08/11/2012 21:16:25.02][190.204.211.111][1585] SELECT MAX(semestre) FROM dace006 a, tblaca009 b WHERE a.exp_e='08-19728672' AND a.lapso='2012-2' AND b.pensum='5' AND b.c_uni_ca='5' AND status IN ('7','A','2') AND a.c_asigna=b.c_asigna  [1][0] OK
C:[08/11/2012 21:16:25.14][190.204.211.111][1606] SELECT MIN(semestre) FROM dace006 a, tblaca009 b WHERE a.exp_e='08-19728672' AND a.lapso='2012-2' AND b.pensum='5' AND b.c_uni_ca='5' AND status IN ('7','A','2') AND a.c_asigna=b.c_asigna AND a.c_asigna IN ('355573') [1][0] OK
C:[09/11/2012 00:18:30.05][186.88.131.38][1344] SELECT pre_cod_asig1,pre_cod_asig2,pre_cod_asig3,pre_cod_asig4,pre_cod_asig5,pre_cod_asig6,pre_cod_asig7 FROM tblaca009 WHERE pensum='5' AND c_uni_ca='4' AND c_asigna='334762' [1][0] OK
C:[09/11/2012 00:18:30.05][186.88.131.38][1344] SELECT pre_cod_asig1,pre_cod_asig2,pre_cod_asig3,pre_cod_asig4,pre_cod_asig5,pre_cod_asig6,pre_cod_asig7 FROM tblaca009 WHERE pensum='5' AND c_uni_ca='4' AND c_asigna='334781' [1][0] OK
C:[09/11/2012 00:18:30.05][186.88.131.38][1357] SELECT c_asigna FROM dace004 WHERE exp_e='98-14119580' AND c_asigna='333444' AND status IN ('0','3','B') [2][0] OK
C:[09/11/2012 00:18:30.05][186.88.131.38][1357] SELECT c_asigna FROM dace004 WHERE exp_e='98-14119580' AND c_asigna='300209' AND status IN ('0','3','B') [1][0] OK
C:[09/11/2012 00:18:30.05][186.88.131.38][1357] SELECT c_asigna FROM dace004 WHERE exp_e='98-14119580' AND c_asigna='300313' AND status IN ('0','3','B') [1][0] OK
C:[09/11/2012 00:18:30.05][186.88.131.38][1357] SELECT c_asigna FROM dace004 WHERE exp_e='98-14119580' AND c_asigna='300222' AND status IN ('0','3','B') [1][0] OK
C:[09/11/2012 00:18:30.05][186.88.131.38][1357] SELECT c_asigna FROM dace004 WHERE exp_e='98-14119580' AND c_asigna='300226' AND status IN ('0','3','B') [1][0] OK
C:[09/11/2012 00:18:30.05][186.88.131.38][1357] SELECT c_asigna FROM dace004 WHERE exp_e='98-14119580' AND c_asigna='300317' AND status IN ('0','3','B') [1][0] OK
C:[09/11/2012 00:18:30.05][186.88.131.38][1388] SELECT par_cod_asig1,par_cod_asig2,par_cod_asig3 FROM tblaca009 WHERE pensum='5' AND c_uni_ca='4' AND c_asigna='334762' [1][0] OK
C:[09/11/2012 00:18:30.05][186.88.131.38][1388] SELECT par_cod_asig1,par_cod_asig2,par_cod_asig3 FROM tblaca009 WHERE pensum='5' AND c_uni_ca='4' AND c_asigna='334781' [1][0] OK
C:[09/11/2012 00:18:30.33][186.88.131.38][1518] SELECT horas_lab FROM tblaca008 WHERE c_asigna='334762' AND horas_teoricas > 0 [1][0] OK
C:[09/11/2012 00:18:30.33][186.88.131.38][1518] SELECT horas_lab FROM tblaca008 WHERE c_asigna='334781' AND horas_teoricas > 0 [1][0] OK
C:[09/11/2012 00:18:30.56][186.88.131.38][1550] SELECT sum(u_creditos*1) FROM dace006 a, tblaca009 b WHERE a.exp_e='98-14119580' AND a.lapso='2012-2' AND b.pensum='5' AND b.c_uni_ca='4' AND status IN ('7','A','2') AND a.c_asigna=b.c_asigna  [1][0] OK
C:[09/11/2012 00:18:30.68][186.88.131.38][1569] SELECT sum(u_creditos*1) FROM dace006 a, tblaca009 b WHERE a.exp_e='98-14119580' AND a.lapso='2012-2' AND b.pensum='5' AND b.c_uni_ca='4' AND status IN ('7','A','2') AND a.c_asigna=b.c_asigna AND a.c_asigna IN () [0][0]  {[MERANT][ODBC SQLBase driver][SQLBase]00915 PRS IVC Invalid constant}
C:[09/11/2012 00:18:30.91][186.88.131.38][1585] SELECT MAX(semestre) FROM dace006 a, tblaca009 b WHERE a.exp_e='98-14119580' AND a.lapso='2012-2' AND b.pensum='5' AND b.c_uni_ca='4' AND status IN ('7','A','2') AND a.c_asigna=b.c_asigna  [1][0] [MERANT][ODBC SQLBase driver][SQLBase]00915 PRS IVC Invalid constant
C:[09/11/2012 00:18:31.82][186.88.131.38][1606] SELECT MIN(semestre) FROM dace006 a, tblaca009 b WHERE a.exp_e='98-14119580' AND a.lapso='2012-2' AND b.pensum='5' AND b.c_uni_ca='4' AND status IN ('7','A','2') AND a.c_asigna=b.c_asigna AND a.c_asigna IN ('334762','334781') [1][0] [MERANT][ODBC SQLBase driver][SQLBase]00915 PRS IVC Invalid constant
C:[09/11/2012 00:19:38.75][186.88.131.38][1344] SELECT pre_cod_asig1,pre_cod_asig2,pre_cod_asig3,pre_cod_asig4,pre_cod_asig5,pre_cod_asig6,pre_cod_asig7 FROM tblaca009 WHERE pensum='5' AND c_uni_ca='4' AND c_asigna='334762' [1][0] OK
C:[09/11/2012 00:19:38.75][186.88.131.38][1344] SELECT pre_cod_asig1,pre_cod_asig2,pre_cod_asig3,pre_cod_asig4,pre_cod_asig5,pre_cod_asig6,pre_cod_asig7 FROM tblaca009 WHERE pensum='5' AND c_uni_ca='4' AND c_asigna='334781' [1][0] OK
C:[09/11/2012 00:19:38.75][186.88.131.38][1357] SELECT c_asigna FROM dace004 WHERE exp_e='98-14119580' AND c_asigna='333444' AND status IN ('0','3','B') [2][0] OK
C:[09/11/2012 00:19:38.75][186.88.131.38][1357] SELECT c_asigna FROM dace004 WHERE exp_e='98-14119580' AND c_asigna='300209' AND status IN ('0','3','B') [1][0] OK
C:[09/11/2012 00:19:38.75][186.88.131.38][1357] SELECT c_asigna FROM dace004 WHERE exp_e='98-14119580' AND c_asigna='300313' AND status IN ('0','3','B') [1][0] OK
C:[09/11/2012 00:19:38.75][186.88.131.38][1357] SELECT c_asigna FROM dace004 WHERE exp_e='98-14119580' AND c_asigna='300222' AND status IN ('0','3','B') [1][0] OK
C:[09/11/2012 00:19:38.75][186.88.131.38][1357] SELECT c_asigna FROM dace004 WHERE exp_e='98-14119580' AND c_asigna='300226' AND status IN ('0','3','B') [1][0] OK
C:[09/11/2012 00:19:38.75][186.88.131.38][1357] SELECT c_asigna FROM dace004 WHERE exp_e='98-14119580' AND c_asigna='300317' AND status IN ('0','3','B') [1][0] OK
C:[09/11/2012 00:19:38.76][186.88.131.38][1388] SELECT par_cod_asig1,par_cod_asig2,par_cod_asig3 FROM tblaca009 WHERE pensum='5' AND c_uni_ca='4' AND c_asigna='334762' [1][0] OK
C:[09/11/2012 00:19:38.76][186.88.131.38][1388] SELECT par_cod_asig1,par_cod_asig2,par_cod_asig3 FROM tblaca009 WHERE pensum='5' AND c_uni_ca='4' AND c_asigna='334781' [1][0] OK
C:[09/11/2012 00:19:38.01][186.88.131.38][1518] SELECT horas_lab FROM tblaca008 WHERE c_asigna='334762' AND horas_teoricas > 0 [1][0] OK
C:[09/11/2012 00:19:38.01][186.88.131.38][1518] SELECT horas_lab FROM tblaca008 WHERE c_asigna='334781' AND horas_teoricas > 0 [1][0] OK
C:[09/11/2012 00:19:38.26][186.88.131.38][1550] SELECT sum(u_creditos*1) FROM dace006 a, tblaca009 b WHERE a.exp_e='98-14119580' AND a.lapso='2012-2' AND b.pensum='5' AND b.c_uni_ca='4' AND status IN ('7','A','2') AND a.c_asigna=b.c_asigna  [1][0] OK
C:[09/11/2012 00:19:39.40][186.88.131.38][1569] SELECT sum(u_creditos*1) FROM dace006 a, tblaca009 b WHERE a.exp_e='98-14119580' AND a.lapso='2012-2' AND b.pensum='5' AND b.c_uni_ca='4' AND status IN ('7','A','2') AND a.c_asigna=b.c_asigna AND a.c_asigna IN () [0][0]  {[MERANT][ODBC SQLBase driver][SQLBase]00915 PRS IVC Invalid constant}
C:[09/11/2012 00:19:39.66][186.88.131.38][1585] SELECT MAX(semestre) FROM dace006 a, tblaca009 b WHERE a.exp_e='98-14119580' AND a.lapso='2012-2' AND b.pensum='5' AND b.c_uni_ca='4' AND status IN ('7','A','2') AND a.c_asigna=b.c_asigna  [1][0] [MERANT][ODBC SQLBase driver][SQLBase]00915 PRS IVC Invalid constant
C:[09/11/2012 00:19:39.50][186.88.131.38][1606] SELECT MIN(semestre) FROM dace006 a, tblaca009 b WHERE a.exp_e='98-14119580' AND a.lapso='2012-2' AND b.pensum='5' AND b.c_uni_ca='4' AND status IN ('7','A','2') AND a.c_asigna=b.c_asigna AND a.c_asigna IN ('334762','334781') [1][0] [MERANT][ODBC SQLBase driver][SQLBase]00915 PRS IVC Invalid constant
C:[09/11/2012 05:56:18.53][190.37.163.36][1344] SELECT pre_cod_asig1,pre_cod_asig2,pre_cod_asig3,pre_cod_asig4,pre_cod_asig5,pre_cod_asig6,pre_cod_asig7 FROM tblaca009 WHERE pensum='5' AND c_uni_ca='5' AND c_asigna='300218' [1][0] OK
C:[09/11/2012 05:56:18.53][190.37.163.36][1344] SELECT pre_cod_asig1,pre_cod_asig2,pre_cod_asig3,pre_cod_asig4,pre_cod_asig5,pre_cod_asig6,pre_cod_asig7 FROM tblaca009 WHERE pensum='5' AND c_uni_ca='5' AND c_asigna='300207' [1][0] OK
C:[09/11/2012 05:56:18.53][190.37.163.36][1357] SELECT c_asigna FROM dace004 WHERE exp_e='09-21327005' AND c_asigna='300101' AND status IN ('0','3','B') [1][0] OK
C:[09/11/2012 05:56:18.53][190.37.163.36][1344] SELECT pre_cod_asig1,pre_cod_asig2,pre_cod_asig3,pre_cod_asig4,pre_cod_asig5,pre_cod_asig6,pre_cod_asig7 FROM tblaca009 WHERE pensum='5' AND c_uni_ca='5' AND c_asigna='300209' [1][0] OK
C:[09/11/2012 05:56:18.53][190.37.163.36][1357] SELECT c_asigna FROM dace004 WHERE exp_e='09-21327005' AND c_asigna='300101' AND status IN ('0','3','B') [1][0] OK
C:[09/11/2012 05:56:18.53][190.37.163.36][1344] SELECT pre_cod_asig1,pre_cod_asig2,pre_cod_asig3,pre_cod_asig4,pre_cod_asig5,pre_cod_asig6,pre_cod_asig7 FROM tblaca009 WHERE pensum='5' AND c_uni_ca='5' AND c_asigna='300213' [1][0] OK
C:[09/11/2012 05:56:18.53][190.37.163.36][1357] SELECT c_asigna FROM dace004 WHERE exp_e='09-21327005' AND c_asigna='300101' AND status IN ('0','3','B') [1][0] OK
C:[09/11/2012 05:56:18.53][190.37.163.36][1344] SELECT pre_cod_asig1,pre_cod_asig2,pre_cod_asig3,pre_cod_asig4,pre_cod_asig5,pre_cod_asig6,pre_cod_asig7 FROM tblaca009 WHERE pensum='5' AND c_uni_ca='5' AND c_asigna='300228' [1][0] OK
C:[09/11/2012 05:56:18.53][190.37.163.36][1357] SELECT c_asigna FROM dace004 WHERE exp_e='09-21327005' AND c_asigna='300101' AND status IN ('0','3','B') [1][0] OK
C:[09/11/2012 05:56:18.65][190.37.163.36][1388] SELECT par_cod_asig1,par_cod_asig2,par_cod_asig3 FROM tblaca009 WHERE pensum='5' AND c_uni_ca='5' AND c_asigna='300218' [1][0] OK
C:[09/11/2012 05:56:18.65][190.37.163.36][1402] SELECT c_asigna FROM dace004 WHERE exp_e='09-21327005' AND c_asigna='300228' AND status IN ('0','3','B','C') [0][0] OK
C:[09/11/2012 05:56:18.65][190.37.163.36][1388] SELECT par_cod_asig1,par_cod_asig2,par_cod_asig3 FROM tblaca009 WHERE pensum='5' AND c_uni_ca='5' AND c_asigna='300207' [1][0] OK
C:[09/11/2012 05:56:18.65][190.37.163.36][1388] SELECT par_cod_asig1,par_cod_asig2,par_cod_asig3 FROM tblaca009 WHERE pensum='5' AND c_uni_ca='5' AND c_asigna='300209' [1][0] OK
C:[09/11/2012 05:56:18.65][190.37.163.36][1388] SELECT par_cod_asig1,par_cod_asig2,par_cod_asig3 FROM tblaca009 WHERE pensum='5' AND c_uni_ca='5' AND c_asigna='300213' [1][0] OK
C:[09/11/2012 05:56:18.65][190.37.163.36][1402] SELECT c_asigna FROM dace004 WHERE exp_e='09-21327005' AND c_asigna='300209' AND status IN ('0','3','B','C') [0][0] OK
C:[09/11/2012 05:56:18.65][190.37.163.36][1388] SELECT par_cod_asig1,par_cod_asig2,par_cod_asig3 FROM tblaca009 WHERE pensum='5' AND c_uni_ca='5' AND c_asigna='300228' [1][0] OK
C:[09/11/2012 05:56:18.54][190.37.163.36][1518] SELECT horas_lab FROM tblaca008 WHERE c_asigna='300218' AND horas_teoricas > 0 [0][0] OK
C:[09/11/2012 05:56:18.66][190.37.163.36][1550] SELECT sum(u_creditos*1) FROM dace006 a, tblaca009 b WHERE a.exp_e='09-21327005' AND a.lapso='2012-2' AND b.pensum='5' AND b.c_uni_ca='5' AND status IN ('7','A','2') AND a.c_asigna=b.c_asigna  [1][0] OK
C:[09/11/2012 05:56:18.79][190.37.163.36][1569] SELECT sum(u_creditos*1) FROM dace006 a, tblaca009 b WHERE a.exp_e='09-21327005' AND a.lapso='2012-2' AND b.pensum='5' AND b.c_uni_ca='5' AND status IN ('7','A','2') AND a.c_asigna=b.c_asigna AND a.c_asigna IN ('300207','300209','300213','300228') [1][0] OK
C:[09/11/2012 05:56:18.91][190.37.163.36][1585] SELECT MAX(semestre) FROM dace006 a, tblaca009 b WHERE a.exp_e='09-21327005' AND a.lapso='2012-2' AND b.pensum='5' AND b.c_uni_ca='5' AND status IN ('7','A','2') AND a.c_asigna=b.c_asigna  [1][0] OK
C:[09/11/2012 05:56:19.03][190.37.163.36][1606] SELECT MIN(semestre) FROM dace006 a, tblaca009 b WHERE a.exp_e='09-21327005' AND a.lapso='2012-2' AND b.pensum='5' AND b.c_uni_ca='5' AND status IN ('7','A','2') AND a.c_asigna=b.c_asigna AND a.c_asigna IN ('300218') [1][0] OK
C:[09/11/2012 06:53:43.32][186.89.181.199][1344] SELECT pre_cod_asig1,pre_cod_asig2,pre_cod_asig3,pre_cod_asig4,pre_cod_asig5,pre_cod_asig6,pre_cod_asig7 FROM tblaca009 WHERE pensum='5' AND c_uni_ca='6' AND c_asigna='300677' [1][0] OK
C:[09/11/2012 06:53:43.32][186.89.181.199][1344] SELECT pre_cod_asig1,pre_cod_asig2,pre_cod_asig3,pre_cod_asig4,pre_cod_asig5,pre_cod_asig6,pre_cod_asig7 FROM tblaca009 WHERE pensum='5' AND c_uni_ca='6' AND c_asigna='342559' [1][0] OK
C:[09/11/2012 06:53:43.32][186.89.181.199][1357] SELECT c_asigna FROM dace004 WHERE exp_e='08-19871591' AND c_asigna='342436' AND status IN ('0','3','B') [1][0] OK
C:[09/11/2012 06:53:43.32][186.89.181.199][1344] SELECT pre_cod_asig1,pre_cod_asig2,pre_cod_asig3,pre_cod_asig4,pre_cod_asig5,pre_cod_asig6,pre_cod_asig7 FROM tblaca009 WHERE pensum='5' AND c_uni_ca='6' AND c_asigna='342679' [1][0] OK
C:[09/11/2012 06:53:43.32][186.89.181.199][1357] SELECT c_asigna FROM dace004 WHERE exp_e='08-19871591' AND c_asigna='342567' AND status IN ('0','3','B') [1][0] OK
C:[09/11/2012 06:53:43.32][186.89.181.199][1344] SELECT pre_cod_asig1,pre_cod_asig2,pre_cod_asig3,pre_cod_asig4,pre_cod_asig5,pre_cod_asig6,pre_cod_asig7 FROM tblaca009 WHERE pensum='5' AND c_uni_ca='6' AND c_asigna='344566' [1][0] OK
C:[09/11/2012 06:53:43.32][186.89.181.199][1357] SELECT c_asigna FROM dace004 WHERE exp_e='08-19871591' AND c_asigna='344446' AND status IN ('0','3','B') [1][0] OK
C:[09/11/2012 06:53:43.32][186.89.181.199][1357] SELECT c_asigna FROM dace004 WHERE exp_e='08-19871591' AND c_asigna='300428' AND status IN ('0','3','B') [1][0] OK
C:[09/11/2012 06:53:43.32][186.89.181.199][1357] SELECT c_asigna FROM dace004 WHERE exp_e='08-19871591' AND c_asigna='300209' AND status IN ('0','3','B') [1][0] OK
C:[09/11/2012 06:53:43.32][186.89.181.199][1357] SELECT c_asigna FROM dace004 WHERE exp_e='08-19871591' AND c_asigna='300222' AND status IN ('0','3','B') [1][0] OK
C:[09/11/2012 06:53:43.32][186.89.181.199][1357] SELECT c_asigna FROM dace004 WHERE exp_e='08-19871591' AND c_asigna='300226' AND status IN ('0','3','B') [1][0] OK
C:[09/11/2012 06:53:43.32][186.89.181.199][1357] SELECT c_asigna FROM dace004 WHERE exp_e='08-19871591' AND c_asigna='300317' AND status IN ('0','3','B') [1][0] OK
C:[09/11/2012 06:53:43.32][186.89.181.199][1357] SELECT c_asigna FROM dace004 WHERE exp_e='08-19871591' AND c_asigna='300313' AND status IN ('0','3','B') [1][0] OK
C:[09/11/2012 06:53:43.32][186.89.181.199][1344] SELECT pre_cod_asig1,pre_cod_asig2,pre_cod_asig3,pre_cod_asig4,pre_cod_asig5,pre_cod_asig6,pre_cod_asig7 FROM tblaca009 WHERE pensum='5' AND c_uni_ca='6' AND c_asigna='344688' [1][0] OK
C:[09/11/2012 06:53:43.32][186.89.181.199][1357] SELECT c_asigna FROM dace004 WHERE exp_e='08-19871591' AND c_asigna='342567' AND status IN ('0','3','B') [1][0] OK
C:[09/11/2012 06:53:43.32][186.89.181.199][1357] SELECT c_asigna FROM dace004 WHERE exp_e='08-19871591' AND c_asigna='344565' AND status IN ('0','3','B') [1][0] OK
C:[09/11/2012 06:53:43.32][186.89.181.199][1388] SELECT par_cod_asig1,par_cod_asig2,par_cod_asig3 FROM tblaca009 WHERE pensum='5' AND c_uni_ca='6' AND c_asigna='300677' [1][0] OK
C:[09/11/2012 06:53:43.32][186.89.181.199][1388] SELECT par_cod_asig1,par_cod_asig2,par_cod_asig3 FROM tblaca009 WHERE pensum='5' AND c_uni_ca='6' AND c_asigna='342559' [1][0] OK
C:[09/11/2012 06:53:43.32][186.89.181.199][1388] SELECT par_cod_asig1,par_cod_asig2,par_cod_asig3 FROM tblaca009 WHERE pensum='5' AND c_uni_ca='6' AND c_asigna='342679' [1][0] OK
C:[09/11/2012 06:53:43.32][186.89.181.199][1388] SELECT par_cod_asig1,par_cod_asig2,par_cod_asig3 FROM tblaca009 WHERE pensum='5' AND c_uni_ca='6' AND c_asigna='344566' [1][0] OK
C:[09/11/2012 06:53:43.32][186.89.181.199][1388] SELECT par_cod_asig1,par_cod_asig2,par_cod_asig3 FROM tblaca009 WHERE pensum='5' AND c_uni_ca='6' AND c_asigna='344688' [1][0] OK
C:[09/11/2012 06:53:43.96][186.89.181.199][1518] SELECT horas_lab FROM tblaca008 WHERE c_asigna='300677' AND horas_teoricas > 0 [1][0] OK
C:[09/11/2012 06:53:43.07][186.89.181.199][1550] SELECT sum(u_creditos*1) FROM dace006 a, tblaca009 b WHERE a.exp_e='08-19871591' AND a.lapso='2012-2' AND b.pensum='5' AND b.c_uni_ca='6' AND status IN ('7','A','2') AND a.c_asigna=b.c_asigna  [1][0] OK
C:[09/11/2012 06:53:44.19][186.89.181.199][1569] SELECT sum(u_creditos*1) FROM dace006 a, tblaca009 b WHERE a.exp_e='08-19871591' AND a.lapso='2012-2' AND b.pensum='5' AND b.c_uni_ca='6' AND status IN ('7','A','2') AND a.c_asigna=b.c_asigna AND a.c_asigna IN ('342559','342679','344566','344688') [1][0] OK
C:[09/11/2012 06:53:44.32][186.89.181.199][1585] SELECT MAX(semestre) FROM dace006 a, tblaca009 b WHERE a.exp_e='08-19871591' AND a.lapso='2012-2' AND b.pensum='5' AND b.c_uni_ca='6' AND status IN ('7','A','2') AND a.c_asigna=b.c_asigna  [1][0] OK
C:[09/11/2012 06:53:44.44][186.89.181.199][1606] SELECT MIN(semestre) FROM dace006 a, tblaca009 b WHERE a.exp_e='08-19871591' AND a.lapso='2012-2' AND b.pensum='5' AND b.c_uni_ca='6' AND status IN ('7','A','2') AND a.c_asigna=b.c_asigna AND a.c_asigna IN ('300677') [1][0] OK
C:[09/11/2012 07:39:32.04][190.37.106.58][1344] SELECT pre_cod_asig1,pre_cod_asig2,pre_cod_asig3,pre_cod_asig4,pre_cod_asig5,pre_cod_asig6,pre_cod_asig7 FROM tblaca009 WHERE pensum='5' AND c_uni_ca='3' AND c_asigna='311981' [1][0] OK
C:[09/11/2012 07:39:32.04][190.37.106.58][1357] SELECT c_asigna FROM dace004 WHERE exp_e='05-17210583' AND c_asigna='311824' AND status IN ('0','3','B') [1][0] OK
C:[09/11/2012 07:39:32.04][190.37.106.58][1344] SELECT pre_cod_asig1,pre_cod_asig2,pre_cod_asig3,pre_cod_asig4,pre_cod_asig5,pre_cod_asig6,pre_cod_asig7 FROM tblaca009 WHERE pensum='5' AND c_uni_ca='3' AND c_asigna='311092' [1][0] OK
C:[09/11/2012 07:39:32.04][190.37.106.58][1357] SELECT c_asigna FROM dace004 WHERE exp_e='05-17210583' AND c_asigna='311704' AND status IN ('0','3','B') [1][0] OK
C:[09/11/2012 07:39:32.04][190.37.106.58][1344] SELECT pre_cod_asig1,pre_cod_asig2,pre_cod_asig3,pre_cod_asig4,pre_cod_asig5,pre_cod_asig6,pre_cod_asig7 FROM tblaca009 WHERE pensum='5' AND c_uni_ca='3' AND c_asigna='311673' [1][0] OK
C:[09/11/2012 07:39:32.04][190.37.106.58][1357] SELECT c_asigna FROM dace004 WHERE exp_e='05-17210583' AND c_asigna='311551' AND status IN ('0','3','B') [1][0] OK
C:[09/11/2012 07:39:32.04][190.37.106.58][1357] SELECT c_asigna FROM dace004 WHERE exp_e='05-17210583' AND c_asigna='311554' AND status IN ('0','3','B') [1][0] OK
C:[09/11/2012 07:39:32.04][190.37.106.58][1357] SELECT c_asigna FROM dace004 WHERE exp_e='05-17210583' AND c_asigna='311320' AND status IN ('0','3','B') [1][0] OK
C:[09/11/2012 07:39:32.04][190.37.106.58][1344] SELECT pre_cod_asig1,pre_cod_asig2,pre_cod_asig3,pre_cod_asig4,pre_cod_asig5,pre_cod_asig6,pre_cod_asig7 FROM tblaca009 WHERE pensum='5' AND c_uni_ca='3' AND c_asigna='311674' [1][0] OK
C:[09/11/2012 07:39:32.04][190.37.106.58][1357] SELECT c_asigna FROM dace004 WHERE exp_e='05-17210583' AND c_asigna='310548' AND status IN ('0','3','B') [1][0] OK
C:[09/11/2012 07:39:32.04][190.37.106.58][1357] SELECT c_asigna FROM dace004 WHERE exp_e='05-17210583' AND c_asigna='311551' AND status IN ('0','3','B') [1][0] OK
C:[09/11/2012 07:39:32.04][190.37.106.58][1357] SELECT c_asigna FROM dace004 WHERE exp_e='05-17210583' AND c_asigna='311320' AND status IN ('0','3','B') [1][0] OK
C:[09/11/2012 07:39:32.04][190.37.106.58][1344] SELECT pre_cod_asig1,pre_cod_asig2,pre_cod_asig3,pre_cod_asig4,pre_cod_asig5,pre_cod_asig6,pre_cod_asig7 FROM tblaca009 WHERE pensum='5' AND c_uni_ca='3' AND c_asigna='311775' [1][0] OK
C:[09/11/2012 07:39:32.04][190.37.106.58][1357] SELECT c_asigna FROM dace004 WHERE exp_e='05-17210583' AND c_asigna='311655' AND status IN ('0','3','B') [1][0] OK
C:[09/11/2012 07:39:32.79][190.37.106.58][1388] SELECT par_cod_asig1,par_cod_asig2,par_cod_asig3 FROM tblaca009 WHERE pensum='5' AND c_uni_ca='3' AND c_asigna='311981' [1][0] OK
C:[09/11/2012 07:39:32.79][190.37.106.58][1388] SELECT par_cod_asig1,par_cod_asig2,par_cod_asig3 FROM tblaca009 WHERE pensum='5' AND c_uni_ca='3' AND c_asigna='311092' [1][0] OK
C:[09/11/2012 07:39:32.79][190.37.106.58][1388] SELECT par_cod_asig1,par_cod_asig2,par_cod_asig3 FROM tblaca009 WHERE pensum='5' AND c_uni_ca='3' AND c_asigna='311673' [1][0] OK
C:[09/11/2012 07:39:32.79][190.37.106.58][1388] SELECT par_cod_asig1,par_cod_asig2,par_cod_asig3 FROM tblaca009 WHERE pensum='5' AND c_uni_ca='3' AND c_asigna='311674' [1][0] OK
C:[09/11/2012 07:39:32.79][190.37.106.58][1388] SELECT par_cod_asig1,par_cod_asig2,par_cod_asig3 FROM tblaca009 WHERE pensum='5' AND c_uni_ca='3' AND c_asigna='311775' [1][0] OK
C:[09/11/2012 07:39:32.43][190.37.106.58][1518] SELECT horas_lab FROM tblaca008 WHERE c_asigna='311981' AND horas_teoricas > 0 [1][0] OK
C:[09/11/2012 07:39:32.54][190.37.106.58][1550] SELECT sum(u_creditos*1) FROM dace006 a, tblaca009 b WHERE a.exp_e='05-17210583' AND a.lapso='2012-2' AND b.pensum='5' AND b.c_uni_ca='3' AND status IN ('7','A','2') AND a.c_asigna=b.c_asigna  [1][0] OK
C:[09/11/2012 07:39:32.67][190.37.106.58][1569] SELECT sum(u_creditos*1) FROM dace006 a, tblaca009 b WHERE a.exp_e='05-17210583' AND a.lapso='2012-2' AND b.pensum='5' AND b.c_uni_ca='3' AND status IN ('7','A','2') AND a.c_asigna=b.c_asigna AND a.c_asigna IN ('311092','311673','311674','311775') [1][0] OK
C:[09/11/2012 07:39:32.79][190.37.106.58][1585] SELECT MAX(semestre) FROM dace006 a, tblaca009 b WHERE a.exp_e='05-17210583' AND a.lapso='2012-2' AND b.pensum='5' AND b.c_uni_ca='3' AND status IN ('7','A','2') AND a.c_asigna=b.c_asigna  [1][0] OK
C:[09/11/2012 07:39:32.92][190.37.106.58][1606] SELECT MIN(semestre) FROM dace006 a, tblaca009 b WHERE a.exp_e='05-17210583' AND a.lapso='2012-2' AND b.pensum='5' AND b.c_uni_ca='3' AND status IN ('7','A','2') AND a.c_asigna=b.c_asigna AND a.c_asigna IN ('311981') [1][0] OK
C:[09/11/2012 08:38:08.73][190.37.209.247][1344] SELECT pre_cod_asig1,pre_cod_asig2,pre_cod_asig3,pre_cod_asig4,pre_cod_asig5,pre_cod_asig6,pre_cod_asig7 FROM tblaca009 WHERE pensum='5' AND c_uni_ca='2' AND c_asigna='322801' [1][0] OK
C:[09/11/2012 08:38:08.73][190.37.209.247][1357] SELECT c_asigna FROM dace004 WHERE exp_e='09-20285735' AND c_asigna='322780' AND status IN ('0','3','B') [1][0] OK
C:[09/11/2012 08:38:08.73][190.37.209.247][1357] SELECT c_asigna FROM dace004 WHERE exp_e='09-20285735' AND c_asigna='322605' AND status IN ('0','3','B') [1][0] OK
C:[09/11/2012 08:38:08.73][190.37.209.247][1344] SELECT pre_cod_asig1,pre_cod_asig2,pre_cod_asig3,pre_cod_asig4,pre_cod_asig5,pre_cod_asig6,pre_cod_asig7 FROM tblaca009 WHERE pensum='5' AND c_uni_ca='2' AND c_asigna='300313' [1][0] OK
C:[09/11/2012 08:38:08.73][190.37.209.247][1357] SELECT c_asigna FROM dace004 WHERE exp_e='09-20285735' AND c_asigna='300213' AND status IN ('0','3','B') [1][0] OK
C:[09/11/2012 08:38:08.73][190.37.209.247][1357] SELECT c_asigna FROM dace004 WHERE exp_e='09-20285735' AND c_asigna='300226' AND status IN ('0','3','B') [1][0] OK
C:[09/11/2012 08:38:08.73][190.37.209.247][1357] SELECT c_asigna FROM dace004 WHERE exp_e='09-20285735' AND c_asigna='300209' AND status IN ('0','3','B') [1][0] OK
C:[09/11/2012 08:38:08.73][190.37.209.247][1344] SELECT pre_cod_asig1,pre_cod_asig2,pre_cod_asig3,pre_cod_asig4,pre_cod_asig5,pre_cod_asig6,pre_cod_asig7 FROM tblaca009 WHERE pensum='5' AND c_uni_ca='2' AND c_asigna='300422' [1][0] OK
C:[09/11/2012 08:38:08.73][190.37.209.247][1357] SELECT c_asigna FROM dace004 WHERE exp_e='09-20285735' AND c_asigna='300105' AND status IN ('0','3','B') [1][0] OK
C:[09/11/2012 08:38:08.73][190.37.209.247][1357] SELECT c_asigna FROM dace004 WHERE exp_e='09-20285735' AND c_asigna='300314' AND status IN ('0','3','B') [1][0] OK
C:[09/11/2012 08:38:08.73][190.37.209.247][1344] SELECT pre_cod_asig1,pre_cod_asig2,pre_cod_asig3,pre_cod_asig4,pre_cod_asig5,pre_cod_asig6,pre_cod_asig7 FROM tblaca009 WHERE pensum='5' AND c_uni_ca='2' AND c_asigna='300677' [1][0] OK
C:[09/11/2012 08:38:08.73][190.37.209.247][1344] SELECT pre_cod_asig1,pre_cod_asig2,pre_cod_asig3,pre_cod_asig4,pre_cod_asig5,pre_cod_asig6,pre_cod_asig7 FROM tblaca009 WHERE pensum='5' AND c_uni_ca='2' AND c_asigna='322433' [1][0] OK
C:[09/11/2012 08:38:08.73][190.37.209.247][1357] SELECT c_asigna FROM dace004 WHERE exp_e='09-20285735' AND c_asigna='320323' AND status IN ('0','3','B') [1][0] OK
C:[09/11/2012 08:38:08.73][190.37.209.247][1357] SELECT c_asigna FROM dace004 WHERE exp_e='09-20285735' AND c_asigna='300209' AND status IN ('0','3','B') [1][0] OK
C:[09/11/2012 08:38:08.73][190.37.209.247][1344] SELECT pre_cod_asig1,pre_cod_asig2,pre_cod_asig3,pre_cod_asig4,pre_cod_asig5,pre_cod_asig6,pre_cod_asig7 FROM tblaca009 WHERE pensum='5' AND c_uni_ca='2' AND c_asigna='322669' [1][0] OK
C:[09/11/2012 08:38:08.73][190.37.209.247][1357] SELECT c_asigna FROM dace004 WHERE exp_e='09-20285735' AND c_asigna='322558' AND status IN ('0','3','B') [1][0] OK
C:[09/11/2012 08:38:08.73][190.37.209.247][1357] SELECT c_asigna FROM dace004 WHERE exp_e='09-20285735' AND c_asigna='323528' AND status IN ('0','3','B') [1][0] OK
C:[09/11/2012 08:38:09.85][190.37.209.247][1388] SELECT par_cod_asig1,par_cod_asig2,par_cod_asig3 FROM tblaca009 WHERE pensum='5' AND c_uni_ca='2' AND c_asigna='322801' [1][0] OK
C:[09/11/2012 08:38:09.85][190.37.209.247][1388] SELECT par_cod_asig1,par_cod_asig2,par_cod_asig3 FROM tblaca009 WHERE pensum='5' AND c_uni_ca='2' AND c_asigna='300313' [1][0] OK
C:[09/11/2012 08:38:09.85][190.37.209.247][1388] SELECT par_cod_asig1,par_cod_asig2,par_cod_asig3 FROM tblaca009 WHERE pensum='5' AND c_uni_ca='2' AND c_asigna='300422' [1][0] OK
C:[09/11/2012 08:38:09.85][190.37.209.247][1388] SELECT par_cod_asig1,par_cod_asig2,par_cod_asig3 FROM tblaca009 WHERE pensum='5' AND c_uni_ca='2' AND c_asigna='300677' [1][0] OK
C:[09/11/2012 08:38:09.85][190.37.209.247][1388] SELECT par_cod_asig1,par_cod_asig2,par_cod_asig3 FROM tblaca009 WHERE pensum='5' AND c_uni_ca='2' AND c_asigna='322433' [1][0] OK
C:[09/11/2012 08:38:09.85][190.37.209.247][1388] SELECT par_cod_asig1,par_cod_asig2,par_cod_asig3 FROM tblaca009 WHERE pensum='5' AND c_uni_ca='2' AND c_asigna='322669' [1][0] OK
C:[09/11/2012 08:38:09.62][190.37.209.247][1518] SELECT horas_lab FROM tblaca008 WHERE c_asigna='322801' AND horas_teoricas > 0 [1][0] OK
C:[09/11/2012 08:38:09.73][190.37.209.247][1550] SELECT sum(u_creditos*1) FROM dace006 a, tblaca009 b WHERE a.exp_e='09-20285735' AND a.lapso='2012-2' AND b.pensum='5' AND b.c_uni_ca='2' AND status IN ('7','A','2') AND a.c_asigna=b.c_asigna  [1][0] OK
C:[09/11/2012 08:38:09.86][190.37.209.247][1569] SELECT sum(u_creditos*1) FROM dace006 a, tblaca009 b WHERE a.exp_e='09-20285735' AND a.lapso='2012-2' AND b.pensum='5' AND b.c_uni_ca='2' AND status IN ('7','A','2') AND a.c_asigna=b.c_asigna AND a.c_asigna IN ('300313','300422','300677','322433','322669') [1][0] OK
C:[09/11/2012 08:38:09.98][190.37.209.247][1585] SELECT MAX(semestre) FROM dace006 a, tblaca009 b WHERE a.exp_e='09-20285735' AND a.lapso='2012-2' AND b.pensum='5' AND b.c_uni_ca='2' AND status IN ('7','A','2') AND a.c_asigna=b.c_asigna  [1][0] OK
C:[09/11/2012 08:38:09.10][190.37.209.247][1606] SELECT MIN(semestre) FROM dace006 a, tblaca009 b WHERE a.exp_e='09-20285735' AND a.lapso='2012-2' AND b.pensum='5' AND b.c_uni_ca='2' AND status IN ('7','A','2') AND a.c_asigna=b.c_asigna AND a.c_asigna IN ('322801') [1][0] OK
C:[09/11/2012 09:17:59.13][186.88.136.203][1344] SELECT pre_cod_asig1,pre_cod_asig2,pre_cod_asig3,pre_cod_asig4,pre_cod_asig5,pre_cod_asig6,pre_cod_asig7 FROM tblaca009 WHERE pensum='5' AND c_uni_ca='6' AND c_asigna='300013' [1][0] OK
C:[09/11/2012 09:17:59.13][186.88.136.203][1344] SELECT pre_cod_asig1,pre_cod_asig2,pre_cod_asig3,pre_cod_asig4,pre_cod_asig5,pre_cod_asig6,pre_cod_asig7 FROM tblaca009 WHERE pensum='5' AND c_uni_ca='6' AND c_asigna='300101' [1][0] OK
C:[09/11/2012 09:17:59.38][186.88.136.203][1388] SELECT par_cod_asig1,par_cod_asig2,par_cod_asig3 FROM tblaca009 WHERE pensum='5' AND c_uni_ca='6' AND c_asigna='300013' [1][0] OK
C:[09/11/2012 09:17:59.38][186.88.136.203][1388] SELECT par_cod_asig1,par_cod_asig2,par_cod_asig3 FROM tblaca009 WHERE pensum='5' AND c_uni_ca='6' AND c_asigna='300101' [1][0] OK
C:[09/11/2012 09:17:59.65][186.88.136.203][1550] SELECT sum(u_creditos*1) FROM dace006 a, tblaca009 b WHERE a.exp_e='10-20808682' AND a.lapso='2012-2' AND b.pensum='5' AND b.c_uni_ca='6' AND status IN ('7','A','2') AND a.c_asigna=b.c_asigna  [1][0] OK
C:[09/11/2012 09:17:59.75][186.88.136.203][1569] SELECT sum(u_creditos*1) FROM dace006 a, tblaca009 b WHERE a.exp_e='10-20808682' AND a.lapso='2012-2' AND b.pensum='5' AND b.c_uni_ca='6' AND status IN ('7','A','2') AND a.c_asigna=b.c_asigna AND a.c_asigna IN ('300013','300101') [1][0] OK
C:[09/11/2012 09:17:59.88][186.88.136.203][1585] SELECT MAX(semestre) FROM dace006 a, tblaca009 b WHERE a.exp_e='10-20808682' AND a.lapso='2012-2' AND b.pensum='5' AND b.c_uni_ca='6' AND status IN ('7','A','2') AND a.c_asigna=b.c_asigna  [1][0] OK
C:[09/11/2012 09:20:11.96][186.88.136.203][1344] SELECT pre_cod_asig1,pre_cod_asig2,pre_cod_asig3,pre_cod_asig4,pre_cod_asig5,pre_cod_asig6,pre_cod_asig7 FROM tblaca009 WHERE pensum='5' AND c_uni_ca='2' AND c_asigna='300013' [1][0] OK
C:[09/11/2012 09:20:11.96][186.88.136.203][1344] SELECT pre_cod_asig1,pre_cod_asig2,pre_cod_asig3,pre_cod_asig4,pre_cod_asig5,pre_cod_asig6,pre_cod_asig7 FROM tblaca009 WHERE pensum='5' AND c_uni_ca='2' AND c_asigna='300226' [1][0] OK
C:[09/11/2012 09:20:11.96][186.88.136.203][1357] SELECT c_asigna FROM dace004 WHERE exp_e='10-20808640' AND c_asigna='300116' AND status IN ('0','3','B') [1][0] OK
C:[09/11/2012 09:20:11.33][186.88.136.203][1388] SELECT par_cod_asig1,par_cod_asig2,par_cod_asig3 FROM tblaca009 WHERE pensum='5' AND c_uni_ca='2' AND c_asigna='300013' [1][0] OK
C:[09/11/2012 09:20:11.33][186.88.136.203][1388] SELECT par_cod_asig1,par_cod_asig2,par_cod_asig3 FROM tblaca009 WHERE pensum='5' AND c_uni_ca='2' AND c_asigna='300226' [1][0] OK
C:[09/11/2012 09:20:11.60][186.88.136.203][1550] SELECT sum(u_creditos*1) FROM dace006 a, tblaca009 b WHERE a.exp_e='10-20808640' AND a.lapso='2012-2' AND b.pensum='5' AND b.c_uni_ca='2' AND status IN ('7','A','2') AND a.c_asigna=b.c_asigna  [1][0] OK
C:[09/11/2012 09:20:11.71][186.88.136.203][1569] SELECT sum(u_creditos*1) FROM dace006 a, tblaca009 b WHERE a.exp_e='10-20808640' AND a.lapso='2012-2' AND b.pensum='5' AND b.c_uni_ca='2' AND status IN ('7','A','2') AND a.c_asigna=b.c_asigna AND a.c_asigna IN ('300013','300226') [1][0] OK
C:[09/11/2012 09:20:11.83][186.88.136.203][1585] SELECT MAX(semestre) FROM dace006 a, tblaca009 b WHERE a.exp_e='10-20808640' AND a.lapso='2012-2' AND b.pensum='5' AND b.c_uni_ca='2' AND status IN ('7','A','2') AND a.c_asigna=b.c_asigna  [1][0] OK
C:[09/11/2012 09:34:53.43][186.88.136.203][1344] SELECT pre_cod_asig1,pre_cod_asig2,pre_cod_asig3,pre_cod_asig4,pre_cod_asig5,pre_cod_asig6,pre_cod_asig7 FROM tblaca009 WHERE pensum='5' AND c_uni_ca='6' AND c_asigna='300013' [1][0] OK
C:[09/11/2012 09:34:53.43][186.88.136.203][1344] SELECT pre_cod_asig1,pre_cod_asig2,pre_cod_asig3,pre_cod_asig4,pre_cod_asig5,pre_cod_asig6,pre_cod_asig7 FROM tblaca009 WHERE pensum='5' AND c_uni_ca='6' AND c_asigna='300101' [1][0] OK
C:[09/11/2012 09:34:53.68][186.88.136.203][1388] SELECT par_cod_asig1,par_cod_asig2,par_cod_asig3 FROM tblaca009 WHERE pensum='5' AND c_uni_ca='6' AND c_asigna='300013' [1][0] OK
C:[09/11/2012 09:34:53.68][186.88.136.203][1388] SELECT par_cod_asig1,par_cod_asig2,par_cod_asig3 FROM tblaca009 WHERE pensum='5' AND c_uni_ca='6' AND c_asigna='300101' [1][0] OK
C:[09/11/2012 09:34:53.94][186.88.136.203][1550] SELECT sum(u_creditos*1) FROM dace006 a, tblaca009 b WHERE a.exp_e='10-20808682' AND a.lapso='2012-2' AND b.pensum='5' AND b.c_uni_ca='6' AND status IN ('7','A','2') AND a.c_asigna=b.c_asigna  [1][0] OK
C:[09/11/2012 09:34:53.05][186.88.136.203][1569] SELECT sum(u_creditos*1) FROM dace006 a, tblaca009 b WHERE a.exp_e='10-20808682' AND a.lapso='2012-2' AND b.pensum='5' AND b.c_uni_ca='6' AND status IN ('7','A','2') AND a.c_asigna=b.c_asigna AND a.c_asigna IN ('300013','300101') [1][0] OK
C:[09/11/2012 09:34:53.18][186.88.136.203][1585] SELECT MAX(semestre) FROM dace006 a, tblaca009 b WHERE a.exp_e='10-20808682' AND a.lapso='2012-2' AND b.pensum='5' AND b.c_uni_ca='6' AND status IN ('7','A','2') AND a.c_asigna=b.c_asigna  [1][0] OK
C:[09/11/2012 10:21:54.25][190.37.209.247][1344] SELECT pre_cod_asig1,pre_cod_asig2,pre_cod_asig3,pre_cod_asig4,pre_cod_asig5,pre_cod_asig6,pre_cod_asig7 FROM tblaca009 WHERE pensum='5' AND c_uni_ca='2' AND c_asigna='300106' [1][0] OK
C:[09/11/2012 10:21:54.25][190.37.209.247][1344] SELECT pre_cod_asig1,pre_cod_asig2,pre_cod_asig3,pre_cod_asig4,pre_cod_asig5,pre_cod_asig6,pre_cod_asig7 FROM tblaca009 WHERE pensum='5' AND c_uni_ca='2' AND c_asigna='300013' [1][0] OK
C:[09/11/2012 10:21:54.25][190.37.209.247][1344] SELECT pre_cod_asig1,pre_cod_asig2,pre_cod_asig3,pre_cod_asig4,pre_cod_asig5,pre_cod_asig6,pre_cod_asig7 FROM tblaca009 WHERE pensum='5' AND c_uni_ca='2' AND c_asigna='300101' [1][0] OK
C:[09/11/2012 10:21:54.25][190.37.209.247][1344] SELECT pre_cod_asig1,pre_cod_asig2,pre_cod_asig3,pre_cod_asig4,pre_cod_asig5,pre_cod_asig6,pre_cod_asig7 FROM tblaca009 WHERE pensum='5' AND c_uni_ca='2' AND c_asigna='300105' [1][0] OK
C:[09/11/2012 10:21:54.25][190.37.209.247][1344] SELECT pre_cod_asig1,pre_cod_asig2,pre_cod_asig3,pre_cod_asig4,pre_cod_asig5,pre_cod_asig6,pre_cod_asig7 FROM tblaca009 WHERE pensum='5' AND c_uni_ca='2' AND c_asigna='300113' [1][0] OK
C:[09/11/2012 10:21:54.25][190.37.209.247][1344] SELECT pre_cod_asig1,pre_cod_asig2,pre_cod_asig3,pre_cod_asig4,pre_cod_asig5,pre_cod_asig6,pre_cod_asig7 FROM tblaca009 WHERE pensum='5' AND c_uni_ca='2' AND c_asigna='300116' [1][0] OK
C:[09/11/2012 10:21:54.00][190.37.209.247][1388] SELECT par_cod_asig1,par_cod_asig2,par_cod_asig3 FROM tblaca009 WHERE pensum='5' AND c_uni_ca='2' AND c_asigna='300106' [1][0] OK
C:[09/11/2012 10:21:54.00][190.37.209.247][1388] SELECT par_cod_asig1,par_cod_asig2,par_cod_asig3 FROM tblaca009 WHERE pensum='5' AND c_uni_ca='2' AND c_asigna='300013' [1][0] OK
C:[09/11/2012 10:21:54.00][190.37.209.247][1388] SELECT par_cod_asig1,par_cod_asig2,par_cod_asig3 FROM tblaca009 WHERE pensum='5' AND c_uni_ca='2' AND c_asigna='300101' [1][0] OK
C:[09/11/2012 10:21:54.00][190.37.209.247][1388] SELECT par_cod_asig1,par_cod_asig2,par_cod_asig3 FROM tblaca009 WHERE pensum='5' AND c_uni_ca='2' AND c_asigna='300105' [1][0] OK
C:[09/11/2012 10:21:54.00][190.37.209.247][1388] SELECT par_cod_asig1,par_cod_asig2,par_cod_asig3 FROM tblaca009 WHERE pensum='5' AND c_uni_ca='2' AND c_asigna='300113' [1][0] OK
C:[09/11/2012 10:21:54.00][190.37.209.247][1402] SELECT c_asigna FROM dace004 WHERE exp_e='10-22828570' AND c_asigna='300013' AND status IN ('0','3','B','C') [0][0] OK
C:[09/11/2012 10:21:54.00][190.37.209.247][1388] SELECT par_cod_asig1,par_cod_asig2,par_cod_asig3 FROM tblaca009 WHERE pensum='5' AND c_uni_ca='2' AND c_asigna='300116' [1][0] OK
C:[09/11/2012 10:21:55.89][190.37.209.247][1518] SELECT horas_lab FROM tblaca008 WHERE c_asigna='300106' AND horas_teoricas > 0 [0][0] OK
C:[09/11/2012 10:21:55.00][190.37.209.247][1550] SELECT sum(u_creditos*1) FROM dace006 a, tblaca009 b WHERE a.exp_e='10-22828570' AND a.lapso='2012-2' AND b.pensum='5' AND b.c_uni_ca='2' AND status IN ('7','A','2') AND a.c_asigna=b.c_asigna  [1][0] OK
C:[09/11/2012 10:21:55.13][190.37.209.247][1569] SELECT sum(u_creditos*1) FROM dace006 a, tblaca009 b WHERE a.exp_e='10-22828570' AND a.lapso='2012-2' AND b.pensum='5' AND b.c_uni_ca='2' AND status IN ('7','A','2') AND a.c_asigna=b.c_asigna AND a.c_asigna IN ('300013','300101','300105','300113','300116') [1][0] OK
C:[09/11/2012 10:21:55.25][190.37.209.247][1585] SELECT MAX(semestre) FROM dace006 a, tblaca009 b WHERE a.exp_e='10-22828570' AND a.lapso='2012-2' AND b.pensum='5' AND b.c_uni_ca='2' AND status IN ('7','A','2') AND a.c_asigna=b.c_asigna  [1][0] OK
C:[09/11/2012 10:21:55.38][190.37.209.247][1606] SELECT MIN(semestre) FROM dace006 a, tblaca009 b WHERE a.exp_e='10-22828570' AND a.lapso='2012-2' AND b.pensum='5' AND b.c_uni_ca='2' AND status IN ('7','A','2') AND a.c_asigna=b.c_asigna AND a.c_asigna IN ('300106') [1][0] OK
C:[09/11/2012 10:48:22.82][200.84.87.129][1344] SELECT pre_cod_asig1,pre_cod_asig2,pre_cod_asig3,pre_cod_asig4,pre_cod_asig5,pre_cod_asig6,pre_cod_asig7 FROM tblaca009 WHERE pensum='5' AND c_uni_ca='2' AND c_asigna='322449' [1][0] OK
C:[09/11/2012 10:48:22.82][200.84.87.129][1357] SELECT c_asigna FROM dace004 WHERE exp_e='10-23501259' AND c_asigna='300222' AND status IN ('0','3','B') [1][0] OK
C:[09/11/2012 10:48:22.82][200.84.87.129][1344] SELECT pre_cod_asig1,pre_cod_asig2,pre_cod_asig3,pre_cod_asig4,pre_cod_asig5,pre_cod_asig6,pre_cod_asig7 FROM tblaca009 WHERE pensum='5' AND c_uni_ca='2' AND c_asigna='300105' [1][0] OK
C:[09/11/2012 10:48:22.82][200.84.87.129][1344] SELECT pre_cod_asig1,pre_cod_asig2,pre_cod_asig3,pre_cod_asig4,pre_cod_asig5,pre_cod_asig6,pre_cod_asig7 FROM tblaca009 WHERE pensum='5' AND c_uni_ca='2' AND c_asigna='300116' [1][0] OK
C:[09/11/2012 10:48:22.32][200.84.87.129][1388] SELECT par_cod_asig1,par_cod_asig2,par_cod_asig3 FROM tblaca009 WHERE pensum='5' AND c_uni_ca='2' AND c_asigna='322449' [1][0] OK
C:[09/11/2012 10:48:22.32][200.84.87.129][1388] SELECT par_cod_asig1,par_cod_asig2,par_cod_asig3 FROM tblaca009 WHERE pensum='5' AND c_uni_ca='2' AND c_asigna='300105' [1][0] OK
C:[09/11/2012 10:48:22.32][200.84.87.129][1388] SELECT par_cod_asig1,par_cod_asig2,par_cod_asig3 FROM tblaca009 WHERE pensum='5' AND c_uni_ca='2' AND c_asigna='300116' [1][0] OK
C:[09/11/2012 10:48:22.70][200.84.87.129][1518] SELECT horas_lab FROM tblaca008 WHERE c_asigna='322449' AND horas_teoricas > 0 [1][0] OK
C:[09/11/2012 10:48:22.82][200.84.87.129][1550] SELECT sum(u_creditos*1) FROM dace006 a, tblaca009 b WHERE a.exp_e='10-23501259' AND a.lapso='2012-2' AND b.pensum='5' AND b.c_uni_ca='2' AND status IN ('7','A','2') AND a.c_asigna=b.c_asigna  [1][0] OK
C:[09/11/2012 10:48:22.94][200.84.87.129][1569] SELECT sum(u_creditos*1) FROM dace006 a, tblaca009 b WHERE a.exp_e='10-23501259' AND a.lapso='2012-2' AND b.pensum='5' AND b.c_uni_ca='2' AND status IN ('7','A','2') AND a.c_asigna=b.c_asigna AND a.c_asigna IN ('300105','300116') [1][0] OK
C:[09/11/2012 10:48:23.07][200.84.87.129][1585] SELECT MAX(semestre) FROM dace006 a, tblaca009 b WHERE a.exp_e='10-23501259' AND a.lapso='2012-2' AND b.pensum='5' AND b.c_uni_ca='2' AND status IN ('7','A','2') AND a.c_asigna=b.c_asigna  [1][0] OK
C:[09/11/2012 10:48:23.19][200.84.87.129][1606] SELECT MIN(semestre) FROM dace006 a, tblaca009 b WHERE a.exp_e='10-23501259' AND a.lapso='2012-2' AND b.pensum='5' AND b.c_uni_ca='2' AND status IN ('7','A','2') AND a.c_asigna=b.c_asigna AND a.c_asigna IN ('322449') [1][0] OK
C:[09/11/2012 10:57:16.46][190.37.209.247][1344] SELECT pre_cod_asig1,pre_cod_asig2,pre_cod_asig3,pre_cod_asig4,pre_cod_asig5,pre_cod_asig6,pre_cod_asig7 FROM tblaca009 WHERE pensum='5' AND c_uni_ca='5' AND c_asigna='355874' [1][0] OK
C:[09/11/2012 10:57:16.46][190.37.209.247][1357] SELECT c_asigna FROM dace004 WHERE exp_e='08-20013556' AND c_asigna='355448' AND status IN ('0','3','B') [1][0] OK
C:[09/11/2012 10:57:16.46][190.37.209.247][1344] SELECT pre_cod_asig1,pre_cod_asig2,pre_cod_asig3,pre_cod_asig4,pre_cod_asig5,pre_cod_asig6,pre_cod_asig7 FROM tblaca009 WHERE pensum='5' AND c_uni_ca='5' AND c_asigna='355691' [1][0] OK
C:[09/11/2012 10:57:16.46][190.37.209.247][1357] SELECT c_asigna FROM dace004 WHERE exp_e='08-20013556' AND c_asigna='355571' AND status IN ('0','3','B') [1][0] OK
C:[09/11/2012 10:57:16.46][190.37.209.247][1344] SELECT pre_cod_asig1,pre_cod_asig2,pre_cod_asig3,pre_cod_asig4,pre_cod_asig5,pre_cod_asig6,pre_cod_asig7 FROM tblaca009 WHERE pensum='5' AND c_uni_ca='5' AND c_asigna='355693' [1][0] OK
C:[09/11/2012 10:57:16.46][190.37.209.247][1357] SELECT c_asigna FROM dace004 WHERE exp_e='08-20013556' AND c_asigna='355572' AND status IN ('0','3','B') [1][0] OK
C:[09/11/2012 10:57:16.46][190.37.209.247][1357] SELECT c_asigna FROM dace004 WHERE exp_e='08-20013556' AND c_asigna='352440' AND status IN ('0','3','B') [1][0] OK
C:[09/11/2012 10:57:16.46][190.37.209.247][1357] SELECT c_asigna FROM dace004 WHERE exp_e='08-20013556' AND c_asigna='355573' AND status IN ('0','3','B') [1][0] OK
C:[09/11/2012 10:57:16.46][190.37.209.247][1357] SELECT c_asigna FROM dace004 WHERE exp_e='08-20013556' AND c_asigna='300226' AND status IN ('0','3','B') [1][0] OK
C:[09/11/2012 10:57:16.46][190.37.209.247][1357] SELECT c_asigna FROM dace004 WHERE exp_e='08-20013556' AND c_asigna='300222' AND status IN ('0','3','B') [1][0] OK
C:[09/11/2012 10:57:16.46][190.37.209.247][1357] SELECT c_asigna FROM dace004 WHERE exp_e='08-20013556' AND c_asigna='300013' AND status IN ('0','3','B') [1][0] OK
C:[09/11/2012 10:57:16.46][190.37.209.247][1357] SELECT c_asigna FROM dace004 WHERE exp_e='08-20013556' AND c_asigna='300113' AND status IN ('0','3','B') [1][0] OK
C:[09/11/2012 10:57:16.46][190.37.209.247][1344] SELECT pre_cod_asig1,pre_cod_asig2,pre_cod_asig3,pre_cod_asig4,pre_cod_asig5,pre_cod_asig6,pre_cod_asig7 FROM tblaca009 WHERE pensum='5' AND c_uni_ca='5' AND c_asigna='355694' [1][0] OK
C:[09/11/2012 10:57:16.46][190.37.209.247][1357] SELECT c_asigna FROM dace004 WHERE exp_e='08-20013556' AND c_asigna='355572' AND status IN ('0','3','B') [1][0] OK
C:[09/11/2012 10:57:16.46][190.37.209.247][1357] SELECT c_asigna FROM dace004 WHERE exp_e='08-20013556' AND c_asigna='355571' AND status IN ('0','3','B') [1][0] OK
C:[09/11/2012 10:57:17.33][190.37.209.247][1388] SELECT par_cod_asig1,par_cod_asig2,par_cod_asig3 FROM tblaca009 WHERE pensum='5' AND c_uni_ca='5' AND c_asigna='355874' [1][0] OK
C:[09/11/2012 10:57:17.33][190.37.209.247][1388] SELECT par_cod_asig1,par_cod_asig2,par_cod_asig3 FROM tblaca009 WHERE pensum='5' AND c_uni_ca='5' AND c_asigna='355691' [1][0] OK
C:[09/11/2012 10:57:17.33][190.37.209.247][1388] SELECT par_cod_asig1,par_cod_asig2,par_cod_asig3 FROM tblaca009 WHERE pensum='5' AND c_uni_ca='5' AND c_asigna='355693' [1][0] OK
C:[09/11/2012 10:57:17.33][190.37.209.247][1388] SELECT par_cod_asig1,par_cod_asig2,par_cod_asig3 FROM tblaca009 WHERE pensum='5' AND c_uni_ca='5' AND c_asigna='355694' [1][0] OK
C:[09/11/2012 10:57:17.84][190.37.209.247][1518] SELECT horas_lab FROM tblaca008 WHERE c_asigna='355874' AND horas_teoricas > 0 [1][0] OK
C:[09/11/2012 10:57:17.96][190.37.209.247][1550] SELECT sum(u_creditos*1) FROM dace006 a, tblaca009 b WHERE a.exp_e='08-20013556' AND a.lapso='2012-2' AND b.pensum='5' AND b.c_uni_ca='5' AND status IN ('7','A','2') AND a.c_asigna=b.c_asigna  [1][0] OK
C:[09/11/2012 10:57:17.08][190.37.209.247][1569] SELECT sum(u_creditos*1) FROM dace006 a, tblaca009 b WHERE a.exp_e='08-20013556' AND a.lapso='2012-2' AND b.pensum='5' AND b.c_uni_ca='5' AND status IN ('7','A','2') AND a.c_asigna=b.c_asigna AND a.c_asigna IN ('355691','355693','355694') [1][0] OK
C:[09/11/2012 10:57:17.21][190.37.209.247][1585] SELECT MAX(semestre) FROM dace006 a, tblaca009 b WHERE a.exp_e='08-20013556' AND a.lapso='2012-2' AND b.pensum='5' AND b.c_uni_ca='5' AND status IN ('7','A','2') AND a.c_asigna=b.c_asigna  [1][0] OK
C:[09/11/2012 10:57:17.33][190.37.209.247][1606] SELECT MIN(semestre) FROM dace006 a, tblaca009 b WHERE a.exp_e='08-20013556' AND a.lapso='2012-2' AND b.pensum='5' AND b.c_uni_ca='5' AND status IN ('7','A','2') AND a.c_asigna=b.c_asigna AND a.c_asigna IN ('355874') [1][0] OK
C:[09/11/2012 11:17:26.37][190.37.209.247][1344] SELECT pre_cod_asig1,pre_cod_asig2,pre_cod_asig3,pre_cod_asig4,pre_cod_asig5,pre_cod_asig6,pre_cod_asig7 FROM tblaca009 WHERE pensum='5' AND c_uni_ca='6' AND c_asigna='300226' [1][0] OK
C:[09/11/2012 11:17:26.37][190.37.209.247][1357] SELECT c_asigna FROM dace004 WHERE exp_e='12-23656585' AND c_asigna='300116' AND status IN ('0','3','B') [1][0] OK
C:[09/11/2012 11:17:26.37][190.37.209.247][1344] SELECT pre_cod_asig1,pre_cod_asig2,pre_cod_asig3,pre_cod_asig4,pre_cod_asig5,pre_cod_asig6,pre_cod_asig7 FROM tblaca009 WHERE pensum='5' AND c_uni_ca='6' AND c_asigna='300101' [1][0] OK
C:[09/11/2012 11:17:26.37][190.37.209.247][1344] SELECT pre_cod_asig1,pre_cod_asig2,pre_cod_asig3,pre_cod_asig4,pre_cod_asig5,pre_cod_asig6,pre_cod_asig7 FROM tblaca009 WHERE pensum='5' AND c_uni_ca='6' AND c_asigna='300112' [1][0] OK
C:[09/11/2012 11:17:26.87][190.37.209.247][1388] SELECT par_cod_asig1,par_cod_asig2,par_cod_asig3 FROM tblaca009 WHERE pensum='5' AND c_uni_ca='6' AND c_asigna='300226' [1][0] OK
C:[09/11/2012 11:17:26.87][190.37.209.247][1388] SELECT par_cod_asig1,par_cod_asig2,par_cod_asig3 FROM tblaca009 WHERE pensum='5' AND c_uni_ca='6' AND c_asigna='300101' [1][0] OK
C:[09/11/2012 11:17:26.87][190.37.209.247][1388] SELECT par_cod_asig1,par_cod_asig2,par_cod_asig3 FROM tblaca009 WHERE pensum='5' AND c_uni_ca='6' AND c_asigna='300112' [1][0] OK
C:[09/11/2012 11:17:26.25][190.37.209.247][1518] SELECT horas_lab FROM tblaca008 WHERE c_asigna='300226' AND horas_teoricas > 0 [1][0] OK
C:[09/11/2012 11:17:27.37][190.37.209.247][1550] SELECT sum(u_creditos*1) FROM dace006 a, tblaca009 b WHERE a.exp_e='12-23656585' AND a.lapso='2012-2' AND b.pensum='5' AND b.c_uni_ca='6' AND status IN ('7','A','2') AND a.c_asigna=b.c_asigna  [1][0] OK
C:[09/11/2012 11:17:27.49][190.37.209.247][1569] SELECT sum(u_creditos*1) FROM dace006 a, tblaca009 b WHERE a.exp_e='12-23656585' AND a.lapso='2012-2' AND b.pensum='5' AND b.c_uni_ca='6' AND status IN ('7','A','2') AND a.c_asigna=b.c_asigna AND a.c_asigna IN ('300101','300112') [1][0] OK
C:[09/11/2012 11:17:27.62][190.37.209.247][1585] SELECT MAX(semestre) FROM dace006 a, tblaca009 b WHERE a.exp_e='12-23656585' AND a.lapso='2012-2' AND b.pensum='5' AND b.c_uni_ca='6' AND status IN ('7','A','2') AND a.c_asigna=b.c_asigna  [1][0] OK
C:[09/11/2012 11:17:27.74][190.37.209.247][1606] SELECT MIN(semestre) FROM dace006 a, tblaca009 b WHERE a.exp_e='12-23656585' AND a.lapso='2012-2' AND b.pensum='5' AND b.c_uni_ca='6' AND status IN ('7','A','2') AND a.c_asigna=b.c_asigna AND a.c_asigna IN ('300226') [1][0] OK
C:[09/11/2012 11:56:21.79][190.204.194.191][1344] SELECT pre_cod_asig1,pre_cod_asig2,pre_cod_asig3,pre_cod_asig4,pre_cod_asig5,pre_cod_asig6,pre_cod_asig7 FROM tblaca009 WHERE pensum='5' AND c_uni_ca='5' AND c_asigna='300226' [1][0] OK
C:[09/11/2012 11:56:21.79][190.204.194.191][1357] SELECT c_asigna FROM dace004 WHERE exp_e='05-18787583' AND c_asigna='300116' AND status IN ('0','3','B') [1][0] OK
C:[09/11/2012 11:56:21.79][190.204.194.191][1344] SELECT pre_cod_asig1,pre_cod_asig2,pre_cod_asig3,pre_cod_asig4,pre_cod_asig5,pre_cod_asig6,pre_cod_asig7 FROM tblaca009 WHERE pensum='5' AND c_uni_ca='5' AND c_asigna='300228' [1][0] OK
C:[09/11/2012 11:56:21.79][190.204.194.191][1357] SELECT c_asigna FROM dace004 WHERE exp_e='05-18787583' AND c_asigna='300101' AND status IN ('0','3','B') [1][0] OK
C:[09/11/2012 11:56:21.29][190.204.194.191][1388] SELECT par_cod_asig1,par_cod_asig2,par_cod_asig3 FROM tblaca009 WHERE pensum='5' AND c_uni_ca='5' AND c_asigna='300226' [1][0] OK
C:[09/11/2012 11:56:21.29][190.204.194.191][1388] SELECT par_cod_asig1,par_cod_asig2,par_cod_asig3 FROM tblaca009 WHERE pensum='5' AND c_uni_ca='5' AND c_asigna='300228' [1][0] OK
C:[09/11/2012 11:56:21.55][190.204.194.191][1518] SELECT horas_lab FROM tblaca008 WHERE c_asigna='300226' AND horas_teoricas > 0 [1][0] OK
C:[09/11/2012 11:56:21.67][190.204.194.191][1550] SELECT sum(u_creditos*1) FROM dace006 a, tblaca009 b WHERE a.exp_e='05-18787583' AND a.lapso='2012-2' AND b.pensum='5' AND b.c_uni_ca='5' AND status IN ('7','A','2') AND a.c_asigna=b.c_asigna  [1][0] OK
C:[09/11/2012 11:56:21.80][190.204.194.191][1569] SELECT sum(u_creditos*1) FROM dace006 a, tblaca009 b WHERE a.exp_e='05-18787583' AND a.lapso='2012-2' AND b.pensum='5' AND b.c_uni_ca='5' AND status IN ('7','A','2') AND a.c_asigna=b.c_asigna AND a.c_asigna IN ('300228') [1][0] OK
C:[09/11/2012 11:56:21.92][190.204.194.191][1585] SELECT MAX(semestre) FROM dace006 a, tblaca009 b WHERE a.exp_e='05-18787583' AND a.lapso='2012-2' AND b.pensum='5' AND b.c_uni_ca='5' AND status IN ('7','A','2') AND a.c_asigna=b.c_asigna  [1][0] OK
C:[09/11/2012 11:56:21.04][190.204.194.191][1606] SELECT MIN(semestre) FROM dace006 a, tblaca009 b WHERE a.exp_e='05-18787583' AND a.lapso='2012-2' AND b.pensum='5' AND b.c_uni_ca='5' AND status IN ('7','A','2') AND a.c_asigna=b.c_asigna AND a.c_asigna IN ('300226') [1][0] OK
C:[09/11/2012 12:36:24.14][190.198.92.36][1344] SELECT pre_cod_asig1,pre_cod_asig2,pre_cod_asig3,pre_cod_asig4,pre_cod_asig5,pre_cod_asig6,pre_cod_asig7 FROM tblaca009 WHERE pensum='5' AND c_uni_ca='6' AND c_asigna='300956' [1][0] OK
C:[09/11/2012 12:36:24.14][190.198.92.36][1357] SELECT c_asigna FROM dace004 WHERE exp_e='09-20503579' AND c_asigna='300422' AND status IN ('0','3','B') [1][0] OK
C:[09/11/2012 12:36:24.14][190.198.92.36][1357] SELECT c_asigna FROM dace004 WHERE exp_e='09-20503579' AND c_asigna='300105' AND status IN ('0','3','B') [1][0] OK
C:[09/11/2012 12:36:24.14][190.198.92.36][1357] SELECT c_asigna FROM dace004 WHERE exp_e='09-20503579' AND c_asigna='300314' AND status IN ('0','3','B') [1][0] OK
C:[09/11/2012 12:36:24.14][190.198.92.36][1344] SELECT pre_cod_asig1,pre_cod_asig2,pre_cod_asig3,pre_cod_asig4,pre_cod_asig5,pre_cod_asig6,pre_cod_asig7 FROM tblaca009 WHERE pensum='5' AND c_uni_ca='6' AND c_asigna='344843' [1][0] OK
C:[09/11/2012 12:36:24.14][190.198.92.36][1357] SELECT c_asigna FROM dace004 WHERE exp_e='09-20503579' AND c_asigna='344714' AND status IN ('0','3','B') [1][0] OK
C:[09/11/2012 12:36:24.14][190.198.92.36][1357] SELECT c_asigna FROM dace004 WHERE exp_e='09-20503579' AND c_asigna='344715' AND status IN ('0','3','B') [1][0] OK
C:[09/11/2012 12:36:24.14][190.198.92.36][1357] SELECT c_asigna FROM dace004 WHERE exp_e='09-20503579' AND c_asigna='300313' AND status IN ('0','3','B') [1][0] OK
C:[09/11/2012 12:36:24.14][190.198.92.36][1344] SELECT pre_cod_asig1,pre_cod_asig2,pre_cod_asig3,pre_cod_asig4,pre_cod_asig5,pre_cod_asig6,pre_cod_asig7 FROM tblaca009 WHERE pensum='5' AND c_uni_ca='6' AND c_asigna='344948' [1][0] OK
C:[09/11/2012 12:36:24.14][190.198.92.36][1344] SELECT pre_cod_asig1,pre_cod_asig2,pre_cod_asig3,pre_cod_asig4,pre_cod_asig5,pre_cod_asig6,pre_cod_asig7 FROM tblaca009 WHERE pensum='5' AND c_uni_ca='6' AND c_asigna='344951' [1][0] OK
C:[09/11/2012 12:36:24.14][190.198.92.36][1357] SELECT c_asigna FROM dace004 WHERE exp_e='09-20503579' AND c_asigna='344689' AND status IN ('0','3','B') [1][0] OK
C:[09/11/2012 12:36:24.14][190.198.92.36][1357] SELECT c_asigna FROM dace004 WHERE exp_e='09-20503579' AND c_asigna='344687' AND status IN ('0','3','B') [1][0] OK
C:[09/11/2012 12:36:24.14][190.198.92.36][1344] SELECT pre_cod_asig1,pre_cod_asig2,pre_cod_asig3,pre_cod_asig4,pre_cod_asig5,pre_cod_asig6,pre_cod_asig7 FROM tblaca009 WHERE pensum='5' AND c_uni_ca='6' AND c_asigna='344953' [1][0] OK
C:[09/11/2012 12:36:24.14][190.198.92.36][1344] SELECT pre_cod_asig1,pre_cod_asig2,pre_cod_asig3,pre_cod_asig4,pre_cod_asig5,pre_cod_asig6,pre_cod_asig7 FROM tblaca009 WHERE pensum='5' AND c_uni_ca='6' AND c_asigna='344963' [1][0] OK
C:[09/11/2012 12:36:24.89][190.198.92.36][1388] SELECT par_cod_asig1,par_cod_asig2,par_cod_asig3 FROM tblaca009 WHERE pensum='5' AND c_uni_ca='6' AND c_asigna='300956' [1][0] OK
C:[09/11/2012 12:36:24.89][190.198.92.36][1388] SELECT par_cod_asig1,par_cod_asig2,par_cod_asig3 FROM tblaca009 WHERE pensum='5' AND c_uni_ca='6' AND c_asigna='344843' [1][0] OK
C:[09/11/2012 12:36:24.89][190.198.92.36][1388] SELECT par_cod_asig1,par_cod_asig2,par_cod_asig3 FROM tblaca009 WHERE pensum='5' AND c_uni_ca='6' AND c_asigna='344948' [1][0] OK
C:[09/11/2012 12:36:24.89][190.198.92.36][1388] SELECT par_cod_asig1,par_cod_asig2,par_cod_asig3 FROM tblaca009 WHERE pensum='5' AND c_uni_ca='6' AND c_asigna='344951' [1][0] OK
C:[09/11/2012 12:36:24.89][190.198.92.36][1388] SELECT par_cod_asig1,par_cod_asig2,par_cod_asig3 FROM tblaca009 WHERE pensum='5' AND c_uni_ca='6' AND c_asigna='344953' [1][0] OK
C:[09/11/2012 12:36:24.89][190.198.92.36][1388] SELECT par_cod_asig1,par_cod_asig2,par_cod_asig3 FROM tblaca009 WHERE pensum='5' AND c_uni_ca='6' AND c_asigna='344963' [1][0] OK
C:[09/11/2012 12:36:25.65][190.198.92.36][1518] SELECT horas_lab FROM tblaca008 WHERE c_asigna='300956' AND horas_teoricas > 0 [1][0] OK
C:[09/11/2012 12:36:25.77][190.198.92.36][1550] SELECT sum(u_creditos*1) FROM dace006 a, tblaca009 b WHERE a.exp_e='09-20503579' AND a.lapso='2012-2' AND b.pensum='5' AND b.c_uni_ca='6' AND status IN ('7','A','2') AND a.c_asigna=b.c_asigna  [1][0] OK
C:[09/11/2012 12:36:25.89][190.198.92.36][1569] SELECT sum(u_creditos*1) FROM dace006 a, tblaca009 b WHERE a.exp_e='09-20503579' AND a.lapso='2012-2' AND b.pensum='5' AND b.c_uni_ca='6' AND status IN ('7','A','2') AND a.c_asigna=b.c_asigna AND a.c_asigna IN ('344843','344948','344951','344953','344963') [1][0] OK
C:[09/11/2012 12:36:25.01][190.198.92.36][1585] SELECT MAX(semestre) FROM dace006 a, tblaca009 b WHERE a.exp_e='09-20503579' AND a.lapso='2012-2' AND b.pensum='5' AND b.c_uni_ca='6' AND status IN ('7','A','2') AND a.c_asigna=b.c_asigna  [1][0] OK
C:[09/11/2012 12:36:25.14][190.198.92.36][1606] SELECT MIN(semestre) FROM dace006 a, tblaca009 b WHERE a.exp_e='09-20503579' AND a.lapso='2012-2' AND b.pensum='5' AND b.c_uni_ca='6' AND status IN ('7','A','2') AND a.c_asigna=b.c_asigna AND a.c_asigna IN ('300956') [1][0] OK
C:[09/11/2012 12:47:10.21][190.198.92.36][1344] SELECT pre_cod_asig1,pre_cod_asig2,pre_cod_asig3,pre_cod_asig4,pre_cod_asig5,pre_cod_asig6,pre_cod_asig7 FROM tblaca009 WHERE pensum='5' AND c_uni_ca='6' AND c_asigna='300956' [1][0] OK
C:[09/11/2012 12:47:10.21][190.198.92.36][1357] SELECT c_asigna FROM dace004 WHERE exp_e='09-20507076' AND c_asigna='300422' AND status IN ('0','3','B') [1][0] OK
C:[09/11/2012 12:47:10.21][190.198.92.36][1357] SELECT c_asigna FROM dace004 WHERE exp_e='09-20507076' AND c_asigna='300105' AND status IN ('0','3','B') [1][0] OK
C:[09/11/2012 12:47:10.21][190.198.92.36][1357] SELECT c_asigna FROM dace004 WHERE exp_e='09-20507076' AND c_asigna='300314' AND status IN ('0','3','B') [1][0] OK
C:[09/11/2012 12:47:10.21][190.198.92.36][1344] SELECT pre_cod_asig1,pre_cod_asig2,pre_cod_asig3,pre_cod_asig4,pre_cod_asig5,pre_cod_asig6,pre_cod_asig7 FROM tblaca009 WHERE pensum='5' AND c_uni_ca='6' AND c_asigna='311561' [1][0] OK
C:[09/11/2012 12:47:10.21][190.198.92.36][1357] SELECT c_asigna FROM dace004 WHERE exp_e='09-20507076' AND c_asigna='300318' AND status IN ('0','3','B') [1][0] OK
C:[09/11/2012 12:47:10.21][190.198.92.36][1344] SELECT pre_cod_asig1,pre_cod_asig2,pre_cod_asig3,pre_cod_asig4,pre_cod_asig5,pre_cod_asig6,pre_cod_asig7 FROM tblaca009 WHERE pensum='5' AND c_uni_ca='6' AND c_asigna='343568' [1][0] OK
C:[09/11/2012 12:47:10.21][190.198.92.36][1357] SELECT c_asigna FROM dace004 WHERE exp_e='09-20507076' AND c_asigna='340327' AND status IN ('0','3','B') [1][0] OK
C:[09/11/2012 12:47:10.21][190.198.92.36][1344] SELECT pre_cod_asig1,pre_cod_asig2,pre_cod_asig3,pre_cod_asig4,pre_cod_asig5,pre_cod_asig6,pre_cod_asig7 FROM tblaca009 WHERE pensum='5' AND c_uni_ca='6' AND c_asigna='344948' [1][0] OK
C:[09/11/2012 12:47:10.21][190.198.92.36][1344] SELECT pre_cod_asig1,pre_cod_asig2,pre_cod_asig3,pre_cod_asig4,pre_cod_asig5,pre_cod_asig6,pre_cod_asig7 FROM tblaca009 WHERE pensum='5' AND c_uni_ca='6' AND c_asigna='344951' [1][0] OK
C:[09/11/2012 12:47:10.21][190.198.92.36][1357] SELECT c_asigna FROM dace004 WHERE exp_e='09-20507076' AND c_asigna='344689' AND status IN ('0','3','B') [1][0] OK
C:[09/11/2012 12:47:10.21][190.198.92.36][1357] SELECT c_asigna FROM dace004 WHERE exp_e='09-20507076' AND c_asigna='344687' AND status IN ('0','3','B') [1][0] OK
C:[09/11/2012 12:47:10.21][190.198.92.36][1344] SELECT pre_cod_asig1,pre_cod_asig2,pre_cod_asig3,pre_cod_asig4,pre_cod_asig5,pre_cod_asig6,pre_cod_asig7 FROM tblaca009 WHERE pensum='5' AND c_uni_ca='6' AND c_asigna='344953' [1][0] OK
C:[09/11/2012 12:47:10.21][190.198.92.36][1344] SELECT pre_cod_asig1,pre_cod_asig2,pre_cod_asig3,pre_cod_asig4,pre_cod_asig5,pre_cod_asig6,pre_cod_asig7 FROM tblaca009 WHERE pensum='5' AND c_uni_ca='6' AND c_asigna='344963' [1][0] OK
C:[09/11/2012 12:47:11.96][190.198.92.36][1388] SELECT par_cod_asig1,par_cod_asig2,par_cod_asig3 FROM tblaca009 WHERE pensum='5' AND c_uni_ca='6' AND c_asigna='300956' [1][0] OK
C:[09/11/2012 12:47:11.96][190.198.92.36][1388] SELECT par_cod_asig1,par_cod_asig2,par_cod_asig3 FROM tblaca009 WHERE pensum='5' AND c_uni_ca='6' AND c_asigna='311561' [1][0] OK
C:[09/11/2012 12:47:11.96][190.198.92.36][1388] SELECT par_cod_asig1,par_cod_asig2,par_cod_asig3 FROM tblaca009 WHERE pensum='5' AND c_uni_ca='6' AND c_asigna='343568' [1][0] OK
C:[09/11/2012 12:47:11.96][190.198.92.36][1388] SELECT par_cod_asig1,par_cod_asig2,par_cod_asig3 FROM tblaca009 WHERE pensum='5' AND c_uni_ca='6' AND c_asigna='344948' [1][0] OK
C:[09/11/2012 12:47:11.96][190.198.92.36][1388] SELECT par_cod_asig1,par_cod_asig2,par_cod_asig3 FROM tblaca009 WHERE pensum='5' AND c_uni_ca='6' AND c_asigna='344951' [1][0] OK
C:[09/11/2012 12:47:11.96][190.198.92.36][1388] SELECT par_cod_asig1,par_cod_asig2,par_cod_asig3 FROM tblaca009 WHERE pensum='5' AND c_uni_ca='6' AND c_asigna='344953' [1][0] OK
C:[09/11/2012 12:47:11.96][190.198.92.36][1388] SELECT par_cod_asig1,par_cod_asig2,par_cod_asig3 FROM tblaca009 WHERE pensum='5' AND c_uni_ca='6' AND c_asigna='344963' [1][0] OK
C:[09/11/2012 12:47:11.86][190.198.92.36][1518] SELECT horas_lab FROM tblaca008 WHERE c_asigna='300956' AND horas_teoricas > 0 [1][0] OK
C:[09/11/2012 12:47:11.96][190.198.92.36][1550] SELECT sum(u_creditos*1) FROM dace006 a, tblaca009 b WHERE a.exp_e='09-20507076' AND a.lapso='2012-2' AND b.pensum='5' AND b.c_uni_ca='6' AND status IN ('7','A','2') AND a.c_asigna=b.c_asigna  [1][0] OK
C:[09/11/2012 12:47:11.09][190.198.92.36][1569] SELECT sum(u_creditos*1) FROM dace006 a, tblaca009 b WHERE a.exp_e='09-20507076' AND a.lapso='2012-2' AND b.pensum='5' AND b.c_uni_ca='6' AND status IN ('7','A','2') AND a.c_asigna=b.c_asigna AND a.c_asigna IN ('311561','343568','344948','344951','344953','344963') [1][0] OK
C:[09/11/2012 12:47:11.21][190.198.92.36][1585] SELECT MAX(semestre) FROM dace006 a, tblaca009 b WHERE a.exp_e='09-20507076' AND a.lapso='2012-2' AND b.pensum='5' AND b.c_uni_ca='6' AND status IN ('7','A','2') AND a.c_asigna=b.c_asigna  [1][0] OK
C:[09/11/2012 12:47:11.34][190.198.92.36][1606] SELECT MIN(semestre) FROM dace006 a, tblaca009 b WHERE a.exp_e='09-20507076' AND a.lapso='2012-2' AND b.pensum='5' AND b.c_uni_ca='6' AND status IN ('7','A','2') AND a.c_asigna=b.c_asigna AND a.c_asigna IN ('300956') [1][0] OK
C:[09/11/2012 12:56:42.23][190.198.149.78][1344] SELECT pre_cod_asig1,pre_cod_asig2,pre_cod_asig3,pre_cod_asig4,pre_cod_asig5,pre_cod_asig6,pre_cod_asig7 FROM tblaca009 WHERE pensum='5' AND c_uni_ca='5' AND c_asigna='355595' [1][0] OK
C:[09/11/2012 12:56:42.23][190.198.149.78][1357] SELECT c_asigna FROM dace004 WHERE exp_e='11-21250174' AND c_asigna='351451' AND status IN ('0','3','B') [1][0] OK
C:[09/11/2012 12:56:42.23][190.198.149.78][1357] SELECT c_asigna FROM dace004 WHERE exp_e='11-21250174' AND c_asigna='355350' AND status IN ('0','3','B') [1][0] OK
C:[09/11/2012 12:56:42.23][190.198.149.78][1357] SELECT c_asigna FROM dace004 WHERE exp_e='11-21250174' AND c_asigna='300318' AND status IN ('0','3','B') [1][0] OK
C:[09/11/2012 12:56:42.23][190.198.149.78][1344] SELECT pre_cod_asig1,pre_cod_asig2,pre_cod_asig3,pre_cod_asig4,pre_cod_asig5,pre_cod_asig6,pre_cod_asig7 FROM tblaca009 WHERE pensum='5' AND c_uni_ca='5' AND c_asigna='300422' [1][0] OK
C:[09/11/2012 12:56:42.23][190.198.149.78][1357] SELECT c_asigna FROM dace004 WHERE exp_e='11-21250174' AND c_asigna='300105' AND status IN ('0','3','B') [1][0] OK
C:[09/11/2012 12:56:42.23][190.198.149.78][1357] SELECT c_asigna FROM dace004 WHERE exp_e='11-21250174' AND c_asigna='300314' AND status IN ('0','3','B') [1][0] OK
C:[09/11/2012 12:56:42.23][190.198.149.78][1344] SELECT pre_cod_asig1,pre_cod_asig2,pre_cod_asig3,pre_cod_asig4,pre_cod_asig5,pre_cod_asig6,pre_cod_asig7 FROM tblaca009 WHERE pensum='5' AND c_uni_ca='5' AND c_asigna='352440' [1][0] OK
C:[09/11/2012 12:56:42.23][190.198.149.78][1357] SELECT c_asigna FROM dace004 WHERE exp_e='11-21250174' AND c_asigna='300317' AND status IN ('0','3','B') [1][0] OK
C:[09/11/2012 12:56:42.23][190.198.149.78][1357] SELECT c_asigna FROM dace004 WHERE exp_e='11-21250174' AND c_asigna='300013' AND status IN ('0','3','B') [1][0] OK
C:[09/11/2012 12:56:42.23][190.198.149.78][1357] SELECT c_asigna FROM dace004 WHERE exp_e='11-21250174' AND c_asigna='300113' AND status IN ('0','3','B') [1][0] OK
C:[09/11/2012 12:56:42.23][190.198.149.78][1344] SELECT pre_cod_asig1,pre_cod_asig2,pre_cod_asig3,pre_cod_asig4,pre_cod_asig5,pre_cod_asig6,pre_cod_asig7 FROM tblaca009 WHERE pensum='5' AND c_uni_ca='5' AND c_asigna='355447' [1][0] OK
C:[09/11/2012 12:56:42.23][190.198.149.78][1357] SELECT c_asigna FROM dace004 WHERE exp_e='11-21250174' AND c_asigna='351330' AND status IN ('0','3','B') [1][0] OK
C:[09/11/2012 12:56:42.23][190.198.149.78][1344] SELECT pre_cod_asig1,pre_cod_asig2,pre_cod_asig3,pre_cod_asig4,pre_cod_asig5,pre_cod_asig6,pre_cod_asig7 FROM tblaca009 WHERE pensum='5' AND c_uni_ca='5' AND c_asigna='355448' [1][0] OK
C:[09/11/2012 12:56:42.23][190.198.149.78][1357] SELECT c_asigna FROM dace004 WHERE exp_e='11-21250174' AND c_asigna='300313' AND status IN ('0','3','B') [1][0] OK
C:[09/11/2012 12:56:42.23][190.198.149.78][1357] SELECT c_asigna FROM dace004 WHERE exp_e='11-21250174' AND c_asigna='300209' AND status IN ('0','3','B') [1][0] OK
C:[09/11/2012 12:56:42.23][190.198.149.78][1357] SELECT c_asigna FROM dace004 WHERE exp_e='11-21250174' AND c_asigna='300226' AND status IN ('0','3','B') [1][0] OK
C:[09/11/2012 12:56:42.23][190.198.149.78][1357] SELECT c_asigna FROM dace004 WHERE exp_e='11-21250174' AND c_asigna='300222' AND status IN ('0','3','B') [1][0] OK
C:[09/11/2012 12:56:42.23][190.198.149.78][1344] SELECT pre_cod_asig1,pre_cod_asig2,pre_cod_asig3,pre_cod_asig4,pre_cod_asig5,pre_cod_asig6,pre_cod_asig7 FROM tblaca009 WHERE pensum='5' AND c_uni_ca='5' AND c_asigna='355572' [1][0] OK
C:[09/11/2012 12:56:42.23][190.198.149.78][1357] SELECT c_asigna FROM dace004 WHERE exp_e='11-21250174' AND c_asigna='300428' AND status IN ('0','3','B') [1][0] OK
C:[09/11/2012 12:56:43.73][190.198.149.78][1388] SELECT par_cod_asig1,par_cod_asig2,par_cod_asig3 FROM tblaca009 WHERE pensum='5' AND c_uni_ca='5' AND c_asigna='355595' [1][0] OK
C:[09/11/2012 12:56:43.73][190.198.149.78][1388] SELECT par_cod_asig1,par_cod_asig2,par_cod_asig3 FROM tblaca009 WHERE pensum='5' AND c_uni_ca='5' AND c_asigna='300422' [1][0] OK
C:[09/11/2012 12:56:43.73][190.198.149.78][1388] SELECT par_cod_asig1,par_cod_asig2,par_cod_asig3 FROM tblaca009 WHERE pensum='5' AND c_uni_ca='5' AND c_asigna='352440' [1][0] OK
C:[09/11/2012 12:56:43.73][190.198.149.78][1388] SELECT par_cod_asig1,par_cod_asig2,par_cod_asig3 FROM tblaca009 WHERE pensum='5' AND c_uni_ca='5' AND c_asigna='355447' [1][0] OK
C:[09/11/2012 12:56:43.73][190.198.149.78][1388] SELECT par_cod_asig1,par_cod_asig2,par_cod_asig3 FROM tblaca009 WHERE pensum='5' AND c_uni_ca='5' AND c_asigna='355448' [1][0] OK
C:[09/11/2012 12:56:43.73][190.198.149.78][1388] SELECT par_cod_asig1,par_cod_asig2,par_cod_asig3 FROM tblaca009 WHERE pensum='5' AND c_uni_ca='5' AND c_asigna='355572' [1][0] OK
C:[09/11/2012 12:56:43.49][190.198.149.78][1518] SELECT horas_lab FROM tblaca008 WHERE c_asigna='355595' AND horas_teoricas > 0 [1][0] OK
C:[09/11/2012 12:56:43.60][190.198.149.78][1550] SELECT sum(u_creditos*1) FROM dace006 a, tblaca009 b WHERE a.exp_e='11-21250174' AND a.lapso='2012-2' AND b.pensum='5' AND b.c_uni_ca='5' AND status IN ('7','A','2') AND a.c_asigna=b.c_asigna  [1][0] OK
C:[09/11/2012 12:56:43.73][190.198.149.78][1569] SELECT sum(u_creditos*1) FROM dace006 a, tblaca009 b WHERE a.exp_e='11-21250174' AND a.lapso='2012-2' AND b.pensum='5' AND b.c_uni_ca='5' AND status IN ('7','A','2') AND a.c_asigna=b.c_asigna AND a.c_asigna IN ('300422','352440','355447','355448','355572') [1][0] OK
C:[09/11/2012 12:56:43.85][190.198.149.78][1585] SELECT MAX(semestre) FROM dace006 a, tblaca009 b WHERE a.exp_e='11-21250174' AND a.lapso='2012-2' AND b.pensum='5' AND b.c_uni_ca='5' AND status IN ('7','A','2') AND a.c_asigna=b.c_asigna  [1][0] OK
C:[09/11/2012 12:56:43.98][190.198.149.78][1606] SELECT MIN(semestre) FROM dace006 a, tblaca009 b WHERE a.exp_e='11-21250174' AND a.lapso='2012-2' AND b.pensum='5' AND b.c_uni_ca='5' AND status IN ('7','A','2') AND a.c_asigna=b.c_asigna AND a.c_asigna IN ('355595') [1][0] OK
C:[09/11/2012 13:57:01.86][190.36.17.190][1344] SELECT pre_cod_asig1,pre_cod_asig2,pre_cod_asig3,pre_cod_asig4,pre_cod_asig5,pre_cod_asig6,pre_cod_asig7 FROM tblaca009 WHERE pensum='5' AND c_uni_ca='2' AND c_asigna='300676' [1][0] OK
C:[09/11/2012 13:57:01.86][190.36.17.190][1344] SELECT pre_cod_asig1,pre_cod_asig2,pre_cod_asig3,pre_cod_asig4,pre_cod_asig5,pre_cod_asig6,pre_cod_asig7 FROM tblaca009 WHERE pensum='5' AND c_uni_ca='2' AND c_asigna='322702' [1][0] OK
C:[09/11/2012 13:57:01.86][190.36.17.190][1357] SELECT c_asigna FROM dace004 WHERE exp_e='01-14509184' AND c_asigna='322683' AND status IN ('0','3','B') [1][0] OK
C:[09/11/2012 13:57:01.86][190.36.17.190][1357] SELECT c_asigna FROM dace004 WHERE exp_e='01-14509184' AND c_asigna='300313' AND status IN ('0','3','B') [1][0] OK
C:[09/11/2012 13:57:01.86][190.36.17.190][1344] SELECT pre_cod_asig1,pre_cod_asig2,pre_cod_asig3,pre_cod_asig4,pre_cod_asig5,pre_cod_asig6,pre_cod_asig7 FROM tblaca009 WHERE pensum='5' AND c_uni_ca='2' AND c_asigna='322904' [1][0] OK
C:[09/11/2012 13:57:01.86][190.36.17.190][1357] SELECT c_asigna FROM dace004 WHERE exp_e='01-14509184' AND c_asigna='322782' AND status IN ('0','3','B') [1][0] OK
C:[09/11/2012 13:57:01.86][190.36.17.190][1357] SELECT c_asigna FROM dace004 WHERE exp_e='01-14509184' AND c_asigna='322801' AND status IN ('0','3','B') [1][0] OK
C:[09/11/2012 13:57:01.86][190.36.17.190][1344] SELECT pre_cod_asig1,pre_cod_asig2,pre_cod_asig3,pre_cod_asig4,pre_cod_asig5,pre_cod_asig6,pre_cod_asig7 FROM tblaca009 WHERE pensum='5' AND c_uni_ca='2' AND c_asigna='322936' [1][0] OK
C:[09/11/2012 13:57:01.86][190.36.17.190][1357] SELECT c_asigna FROM dace004 WHERE exp_e='01-14509184' AND c_asigna='322801' AND status IN ('0','3','B') [1][0] OK
C:[09/11/2012 13:57:01.98][190.36.17.190][1388] SELECT par_cod_asig1,par_cod_asig2,par_cod_asig3 FROM tblaca009 WHERE pensum='5' AND c_uni_ca='2' AND c_asigna='300676' [1][0] OK
C:[09/11/2012 13:57:01.98][190.36.17.190][1388] SELECT par_cod_asig1,par_cod_asig2,par_cod_asig3 FROM tblaca009 WHERE pensum='5' AND c_uni_ca='2' AND c_asigna='322702' [1][0] OK
C:[09/11/2012 13:57:01.98][190.36.17.190][1388] SELECT par_cod_asig1,par_cod_asig2,par_cod_asig3 FROM tblaca009 WHERE pensum='5' AND c_uni_ca='2' AND c_asigna='322904' [1][0] OK
C:[09/11/2012 13:57:01.98][190.36.17.190][1388] SELECT par_cod_asig1,par_cod_asig2,par_cod_asig3 FROM tblaca009 WHERE pensum='5' AND c_uni_ca='2' AND c_asigna='322936' [1][0] OK
C:[09/11/2012 13:57:02.52][190.36.17.190][1518] SELECT horas_lab FROM tblaca008 WHERE c_asigna='300676' AND horas_teoricas > 0 [1][0] OK
C:[09/11/2012 13:57:02.61][190.36.17.190][1550] SELECT sum(u_creditos*1) FROM dace006 a, tblaca009 b WHERE a.exp_e='01-14509184' AND a.lapso='2012-2' AND b.pensum='5' AND b.c_uni_ca='2' AND status IN ('7','A','2') AND a.c_asigna=b.c_asigna  [1][0] OK
C:[09/11/2012 13:57:02.74][190.36.17.190][1569] SELECT sum(u_creditos*1) FROM dace006 a, tblaca009 b WHERE a.exp_e='01-14509184' AND a.lapso='2012-2' AND b.pensum='5' AND b.c_uni_ca='2' AND status IN ('7','A','2') AND a.c_asigna=b.c_asigna AND a.c_asigna IN ('322702','322904','322936') [1][0] OK
C:[09/11/2012 13:57:02.86][190.36.17.190][1585] SELECT MAX(semestre) FROM dace006 a, tblaca009 b WHERE a.exp_e='01-14509184' AND a.lapso='2012-2' AND b.pensum='5' AND b.c_uni_ca='2' AND status IN ('7','A','2') AND a.c_asigna=b.c_asigna  [1][0] OK
C:[09/11/2012 13:57:02.99][190.36.17.190][1606] SELECT MIN(semestre) FROM dace006 a, tblaca009 b WHERE a.exp_e='01-14509184' AND a.lapso='2012-2' AND b.pensum='5' AND b.c_uni_ca='2' AND status IN ('7','A','2') AND a.c_asigna=b.c_asigna AND a.c_asigna IN ('300676') [1][0] OK
C:[09/11/2012 14:06:52.77][190.37.209.247][1344] SELECT pre_cod_asig1,pre_cod_asig2,pre_cod_asig3,pre_cod_asig4,pre_cod_asig5,pre_cod_asig6,pre_cod_asig7 FROM tblaca009 WHERE pensum='5' AND c_uni_ca='3' AND c_asigna='300228' [1][0] OK
C:[09/11/2012 14:06:52.77][190.37.209.247][1357] SELECT c_asigna FROM dace004 WHERE exp_e='12-22259885' AND c_asigna='300101' AND status IN ('0','3','B') [1][0] OK
C:[09/11/2012 14:06:52.77][190.37.209.247][1344] SELECT pre_cod_asig1,pre_cod_asig2,pre_cod_asig3,pre_cod_asig4,pre_cod_asig5,pre_cod_asig6,pre_cod_asig7 FROM tblaca009 WHERE pensum='5' AND c_uni_ca='3' AND c_asigna='300112' [1][0] OK
C:[09/11/2012 14:06:52.77][190.37.209.247][1344] SELECT pre_cod_asig1,pre_cod_asig2,pre_cod_asig3,pre_cod_asig4,pre_cod_asig5,pre_cod_asig6,pre_cod_asig7 FROM tblaca009 WHERE pensum='5' AND c_uni_ca='3' AND c_asigna='300113' [1][0] OK
C:[09/11/2012 14:06:52.77][190.37.209.247][1344] SELECT pre_cod_asig1,pre_cod_asig2,pre_cod_asig3,pre_cod_asig4,pre_cod_asig5,pre_cod_asig6,pre_cod_asig7 FROM tblaca009 WHERE pensum='5' AND c_uni_ca='3' AND c_asigna='300207' [1][0] OK
C:[09/11/2012 14:06:52.77][190.37.209.247][1357] SELECT c_asigna FROM dace004 WHERE exp_e='12-22259885' AND c_asigna='300101' AND status IN ('0','3','B') [1][0] OK
C:[09/11/2012 14:06:52.77][190.37.209.247][1344] SELECT pre_cod_asig1,pre_cod_asig2,pre_cod_asig3,pre_cod_asig4,pre_cod_asig5,pre_cod_asig6,pre_cod_asig7 FROM tblaca009 WHERE pensum='5' AND c_uni_ca='3' AND c_asigna='300209' [1][0] OK
C:[09/11/2012 14:06:52.77][190.37.209.247][1357] SELECT c_asigna FROM dace004 WHERE exp_e='12-22259885' AND c_asigna='300101' AND status IN ('0','3','B') [1][0] OK
C:[09/11/2012 14:06:52.77][190.37.209.247][1344] SELECT pre_cod_asig1,pre_cod_asig2,pre_cod_asig3,pre_cod_asig4,pre_cod_asig5,pre_cod_asig6,pre_cod_asig7 FROM tblaca009 WHERE pensum='5' AND c_uni_ca='3' AND c_asigna='300226' [1][0] OK
C:[09/11/2012 14:06:52.77][190.37.209.247][1357] SELECT c_asigna FROM dace004 WHERE exp_e='12-22259885' AND c_asigna='300116' AND status IN ('0','3','B') [1][0] OK
C:[09/11/2012 14:06:52.03][190.37.209.247][1388] SELECT par_cod_asig1,par_cod_asig2,par_cod_asig3 FROM tblaca009 WHERE pensum='5' AND c_uni_ca='3' AND c_asigna='300228' [1][0] OK
C:[09/11/2012 14:06:52.03][190.37.209.247][1388] SELECT par_cod_asig1,par_cod_asig2,par_cod_asig3 FROM tblaca009 WHERE pensum='5' AND c_uni_ca='3' AND c_asigna='300112' [1][0] OK
C:[09/11/2012 14:06:52.03][190.37.209.247][1388] SELECT par_cod_asig1,par_cod_asig2,par_cod_asig3 FROM tblaca009 WHERE pensum='5' AND c_uni_ca='3' AND c_asigna='300113' [1][0] OK
C:[09/11/2012 14:06:52.03][190.37.209.247][1402] SELECT c_asigna FROM dace004 WHERE exp_e='12-22259885' AND c_asigna='300013' AND status IN ('0','3','B','C') [1][0] OK
C:[09/11/2012 14:06:52.03][190.37.209.247][1388] SELECT par_cod_asig1,par_cod_asig2,par_cod_asig3 FROM tblaca009 WHERE pensum='5' AND c_uni_ca='3' AND c_asigna='300207' [1][0] OK
C:[09/11/2012 14:06:52.03][190.37.209.247][1388] SELECT par_cod_asig1,par_cod_asig2,par_cod_asig3 FROM tblaca009 WHERE pensum='5' AND c_uni_ca='3' AND c_asigna='300209' [1][0] OK
C:[09/11/2012 14:06:52.03][190.37.209.247][1388] SELECT par_cod_asig1,par_cod_asig2,par_cod_asig3 FROM tblaca009 WHERE pensum='5' AND c_uni_ca='3' AND c_asigna='300226' [1][0] OK
C:[09/11/2012 14:06:52.92][190.37.209.247][1518] SELECT horas_lab FROM tblaca008 WHERE c_asigna='300228' AND horas_teoricas > 0 [1][0] OK
C:[09/11/2012 14:06:52.02][190.37.209.247][1550] SELECT sum(u_creditos*1) FROM dace006 a, tblaca009 b WHERE a.exp_e='12-22259885' AND a.lapso='2012-2' AND b.pensum='5' AND b.c_uni_ca='3' AND status IN ('7','A','2') AND a.c_asigna=b.c_asigna  [1][0] OK
C:[09/11/2012 14:06:52.15][190.37.209.247][1569] SELECT sum(u_creditos*1) FROM dace006 a, tblaca009 b WHERE a.exp_e='12-22259885' AND a.lapso='2012-2' AND b.pensum='5' AND b.c_uni_ca='3' AND status IN ('7','A','2') AND a.c_asigna=b.c_asigna AND a.c_asigna IN ('300112','300113','300207','300209','300226') [1][0] OK
C:[09/11/2012 14:06:52.27][190.37.209.247][1585] SELECT MAX(semestre) FROM dace006 a, tblaca009 b WHERE a.exp_e='12-22259885' AND a.lapso='2012-2' AND b.pensum='5' AND b.c_uni_ca='3' AND status IN ('7','A','2') AND a.c_asigna=b.c_asigna  [1][0] OK
C:[09/11/2012 14:06:52.40][190.37.209.247][1606] SELECT MIN(semestre) FROM dace006 a, tblaca009 b WHERE a.exp_e='12-22259885' AND a.lapso='2012-2' AND b.pensum='5' AND b.c_uni_ca='3' AND status IN ('7','A','2') AND a.c_asigna=b.c_asigna AND a.c_asigna IN ('300228') [1][0] OK
C:[09/11/2012 14:39:17.71][190.37.209.247][1344] SELECT pre_cod_asig1,pre_cod_asig2,pre_cod_asig3,pre_cod_asig4,pre_cod_asig5,pre_cod_asig6,pre_cod_asig7 FROM tblaca009 WHERE pensum='5' AND c_uni_ca='2' AND c_asigna='322605' [1][0] OK
C:[09/11/2012 14:39:17.71][190.37.209.247][1357] SELECT c_asigna FROM dace004 WHERE exp_e='08-21041452' AND c_asigna='322436' AND status IN ('0','3','B') [1][0] OK
C:[09/11/2012 14:39:17.71][190.37.209.247][1344] SELECT pre_cod_asig1,pre_cod_asig2,pre_cod_asig3,pre_cod_asig4,pre_cod_asig5,pre_cod_asig6,pre_cod_asig7 FROM tblaca009 WHERE pensum='5' AND c_uni_ca='2' AND c_asigna='300422' [1][0] OK
C:[09/11/2012 14:39:17.71][190.37.209.247][1357] SELECT c_asigna FROM dace004 WHERE exp_e='08-21041452' AND c_asigna='300105' AND status IN ('0','3','B') [1][0] OK
C:[09/11/2012 14:39:17.71][190.37.209.247][1357] SELECT c_asigna FROM dace004 WHERE exp_e='08-21041452' AND c_asigna='300314' AND status IN ('0','3','B') [1][0] OK
C:[09/11/2012 14:39:17.71][190.37.209.247][1344] SELECT pre_cod_asig1,pre_cod_asig2,pre_cod_asig3,pre_cod_asig4,pre_cod_asig5,pre_cod_asig6,pre_cod_asig7 FROM tblaca009 WHERE pensum='5' AND c_uni_ca='2' AND c_asigna='322550' [1][0] OK
C:[09/11/2012 14:39:17.71][190.37.209.247][1357] SELECT c_asigna FROM dace004 WHERE exp_e='08-21041452' AND c_asigna='322433' AND status IN ('0','3','B') [1][0] OK
C:[09/11/2012 14:39:17.71][190.37.209.247][1344] SELECT pre_cod_asig1,pre_cod_asig2,pre_cod_asig3,pre_cod_asig4,pre_cod_asig5,pre_cod_asig6,pre_cod_asig7 FROM tblaca009 WHERE pensum='5' AND c_uni_ca='2' AND c_asigna='322558' [1][0] OK
C:[09/11/2012 14:39:17.71][190.37.209.247][1357] SELECT c_asigna FROM dace004 WHERE exp_e='08-21041452' AND c_asigna='300428' AND status IN ('0','3','B') [1][0] OK
C:[09/11/2012 14:39:17.71][190.37.209.247][1357] SELECT c_asigna FROM dace004 WHERE exp_e='08-21041452' AND c_asigna='320323' AND status IN ('0','3','B') [1][0] OK
C:[09/11/2012 14:39:17.71][190.37.209.247][1344] SELECT pre_cod_asig1,pre_cod_asig2,pre_cod_asig3,pre_cod_asig4,pre_cod_asig5,pre_cod_asig6,pre_cod_asig7 FROM tblaca009 WHERE pensum='5' AND c_uni_ca='2' AND c_asigna='322559' [1][0] OK
C:[09/11/2012 14:39:17.71][190.37.209.247][1357] SELECT c_asigna FROM dace004 WHERE exp_e='08-21041452' AND c_asigna='300428' AND status IN ('0','3','B') [1][0] OK
C:[09/11/2012 14:39:17.71][190.37.209.247][1357] SELECT c_asigna FROM dace004 WHERE exp_e='08-21041452' AND c_asigna='322436' AND status IN ('0','3','B') [1][0] OK
C:[09/11/2012 14:39:17.71][190.37.209.247][1344] SELECT pre_cod_asig1,pre_cod_asig2,pre_cod_asig3,pre_cod_asig4,pre_cod_asig5,pre_cod_asig6,pre_cod_asig7 FROM tblaca009 WHERE pensum='5' AND c_uni_ca='2' AND c_asigna='322560' [1][0] OK
C:[09/11/2012 14:39:17.71][190.37.209.247][1344] SELECT pre_cod_asig1,pre_cod_asig2,pre_cod_asig3,pre_cod_asig4,pre_cod_asig5,pre_cod_asig6,pre_cod_asig7 FROM tblaca009 WHERE pensum='5' AND c_uni_ca='2' AND c_asigna='323528' [1][0] OK
C:[09/11/2012 14:39:18.16][190.37.209.247][1388] SELECT par_cod_asig1,par_cod_asig2,par_cod_asig3 FROM tblaca009 WHERE pensum='5' AND c_uni_ca='2' AND c_asigna='322605' [1][0] OK
C:[09/11/2012 14:39:18.16][190.37.209.247][1388] SELECT par_cod_asig1,par_cod_asig2,par_cod_asig3 FROM tblaca009 WHERE pensum='5' AND c_uni_ca='2' AND c_asigna='300422' [1][0] OK
C:[09/11/2012 14:39:18.16][190.37.209.247][1388] SELECT par_cod_asig1,par_cod_asig2,par_cod_asig3 FROM tblaca009 WHERE pensum='5' AND c_uni_ca='2' AND c_asigna='322550' [1][0] OK
C:[09/11/2012 14:39:18.16][190.37.209.247][1388] SELECT par_cod_asig1,par_cod_asig2,par_cod_asig3 FROM tblaca009 WHERE pensum='5' AND c_uni_ca='2' AND c_asigna='322558' [1][0] OK
C:[09/11/2012 14:39:18.16][190.37.209.247][1388] SELECT par_cod_asig1,par_cod_asig2,par_cod_asig3 FROM tblaca009 WHERE pensum='5' AND c_uni_ca='2' AND c_asigna='322559' [1][0] OK
C:[09/11/2012 14:39:18.16][190.37.209.247][1388] SELECT par_cod_asig1,par_cod_asig2,par_cod_asig3 FROM tblaca009 WHERE pensum='5' AND c_uni_ca='2' AND c_asigna='322560' [1][0] OK
C:[09/11/2012 14:39:18.16][190.37.209.247][1402] SELECT c_asigna FROM dace004 WHERE exp_e='08-21041452' AND c_asigna='323528' AND status IN ('0','3','B','C') [0][0] OK
C:[09/11/2012 14:39:18.16][190.37.209.247][1388] SELECT par_cod_asig1,par_cod_asig2,par_cod_asig3 FROM tblaca009 WHERE pensum='5' AND c_uni_ca='2' AND c_asigna='323528' [1][0] OK
C:[09/11/2012 14:39:18.17][190.37.209.247][1518] SELECT horas_lab FROM tblaca008 WHERE c_asigna='322605' AND horas_teoricas > 0 [1][0] OK
C:[09/11/2012 14:39:18.28][190.37.209.247][1550] SELECT sum(u_creditos*1) FROM dace006 a, tblaca009 b WHERE a.exp_e='08-21041452' AND a.lapso='2012-2' AND b.pensum='5' AND b.c_uni_ca='2' AND status IN ('7','A','2') AND a.c_asigna=b.c_asigna  [1][0] OK
C:[09/11/2012 14:39:18.41][190.37.209.247][1569] SELECT sum(u_creditos*1) FROM dace006 a, tblaca009 b WHERE a.exp_e='08-21041452' AND a.lapso='2012-2' AND b.pensum='5' AND b.c_uni_ca='2' AND status IN ('7','A','2') AND a.c_asigna=b.c_asigna AND a.c_asigna IN ('300422','322550','322558','322559','322560','323528') [1][0] OK
C:[09/11/2012 14:39:18.53][190.37.209.247][1585] SELECT MAX(semestre) FROM dace006 a, tblaca009 b WHERE a.exp_e='08-21041452' AND a.lapso='2012-2' AND b.pensum='5' AND b.c_uni_ca='2' AND status IN ('7','A','2') AND a.c_asigna=b.c_asigna  [1][0] OK
C:[09/11/2012 14:39:18.66][190.37.209.247][1606] SELECT MIN(semestre) FROM dace006 a, tblaca009 b WHERE a.exp_e='08-21041452' AND a.lapso='2012-2' AND b.pensum='5' AND b.c_uni_ca='2' AND status IN ('7','A','2') AND a.c_asigna=b.c_asigna AND a.c_asigna IN ('322605') [1][0] OK
C:[09/11/2012 14:40:57.15][190.37.209.247][1344] SELECT pre_cod_asig1,pre_cod_asig2,pre_cod_asig3,pre_cod_asig4,pre_cod_asig5,pre_cod_asig6,pre_cod_asig7 FROM tblaca009 WHERE pensum='5' AND c_uni_ca='2' AND c_asigna='300428' [1][0] OK
C:[09/11/2012 14:40:57.15][190.37.209.247][1357] SELECT c_asigna FROM dace004 WHERE exp_e='11-22574644' AND c_asigna='300317' AND status IN ('0','3','B') [1][0] OK
C:[09/11/2012 14:40:57.15][190.37.209.247][1357] SELECT c_asigna FROM dace004 WHERE exp_e='11-22574644' AND c_asigna='300209' AND status IN ('0','3','B') [1][0] OK
C:[09/11/2012 14:40:57.15][190.37.209.247][1344] SELECT pre_cod_asig1,pre_cod_asig2,pre_cod_asig3,pre_cod_asig4,pre_cod_asig5,pre_cod_asig6,pre_cod_asig7 FROM tblaca009 WHERE pensum='5' AND c_uni_ca='2' AND c_asigna='300318' [1][0] OK
C:[09/11/2012 14:40:57.15][190.37.209.247][1357] SELECT c_asigna FROM dace004 WHERE exp_e='11-22574644' AND c_asigna='300228' AND status IN ('0','3','B') [1][0] OK
C:[09/11/2012 14:40:57.15][190.37.209.247][1357] SELECT c_asigna FROM dace004 WHERE exp_e='11-22574644' AND c_asigna='300207' AND status IN ('0','3','B') [1][0] OK
C:[09/11/2012 14:40:57.15][190.37.209.247][1357] SELECT c_asigna FROM dace004 WHERE exp_e='11-22574644' AND c_asigna='300218' AND status IN ('0','3','B') [1][0] OK
C:[09/11/2012 14:40:57.15][190.37.209.247][1344] SELECT pre_cod_asig1,pre_cod_asig2,pre_cod_asig3,pre_cod_asig4,pre_cod_asig5,pre_cod_asig6,pre_cod_asig7 FROM tblaca009 WHERE pensum='5' AND c_uni_ca='2' AND c_asigna='320311' [1][0] OK
C:[09/11/2012 14:40:57.15][190.37.209.247][1357] SELECT c_asigna FROM dace004 WHERE exp_e='11-22574644' AND c_asigna='300013' AND status IN ('0','3','B') [1][0] OK
C:[09/11/2012 14:40:57.15][190.37.209.247][1357] SELECT c_asigna FROM dace004 WHERE exp_e='11-22574644' AND c_asigna='300113' AND status IN ('0','3','B') [1][0] OK
C:[09/11/2012 14:40:57.15][190.37.209.247][1344] SELECT pre_cod_asig1,pre_cod_asig2,pre_cod_asig3,pre_cod_asig4,pre_cod_asig5,pre_cod_asig6,pre_cod_asig7 FROM tblaca009 WHERE pensum='5' AND c_uni_ca='2' AND c_asigna='320323' [1][0] OK
C:[09/11/2012 14:40:57.15][190.37.209.247][1357] SELECT c_asigna FROM dace004 WHERE exp_e='11-22574644' AND c_asigna='300228' AND status IN ('0','3','B') [1][0] OK
C:[09/11/2012 14:40:57.15][190.37.209.247][1357] SELECT c_asigna FROM dace004 WHERE exp_e='11-22574644' AND c_asigna='300218' AND status IN ('0','3','B') [1][0] OK
C:[09/11/2012 14:40:57.15][190.37.209.247][1344] SELECT pre_cod_asig1,pre_cod_asig2,pre_cod_asig3,pre_cod_asig4,pre_cod_asig5,pre_cod_asig6,pre_cod_asig7 FROM tblaca009 WHERE pensum='5' AND c_uni_ca='2' AND c_asigna='322449' [1][0] OK
C:[09/11/2012 14:40:57.15][190.37.209.247][1357] SELECT c_asigna FROM dace004 WHERE exp_e='11-22574644' AND c_asigna='300222' AND status IN ('0','3','B') [1][0] OK
C:[09/11/2012 14:40:57.02][190.37.209.247][1388] SELECT par_cod_asig1,par_cod_asig2,par_cod_asig3 FROM tblaca009 WHERE pensum='5' AND c_uni_ca='2' AND c_asigna='300428' [1][0] OK
C:[09/11/2012 14:40:57.02][190.37.209.247][1388] SELECT par_cod_asig1,par_cod_asig2,par_cod_asig3 FROM tblaca009 WHERE pensum='5' AND c_uni_ca='2' AND c_asigna='300318' [1][0] OK
C:[09/11/2012 14:40:57.02][190.37.209.247][1388] SELECT par_cod_asig1,par_cod_asig2,par_cod_asig3 FROM tblaca009 WHERE pensum='5' AND c_uni_ca='2' AND c_asigna='320311' [1][0] OK
C:[09/11/2012 14:40:57.02][190.37.209.247][1388] SELECT par_cod_asig1,par_cod_asig2,par_cod_asig3 FROM tblaca009 WHERE pensum='5' AND c_uni_ca='2' AND c_asigna='320323' [1][0] OK
C:[09/11/2012 14:40:57.02][190.37.209.247][1388] SELECT par_cod_asig1,par_cod_asig2,par_cod_asig3 FROM tblaca009 WHERE pensum='5' AND c_uni_ca='2' AND c_asigna='322449' [1][0] OK
C:[09/11/2012 14:40:57.66][190.37.209.247][1518] SELECT horas_lab FROM tblaca008 WHERE c_asigna='300428' AND horas_teoricas > 0 [1][0] OK
C:[09/11/2012 14:40:57.78][190.37.209.247][1550] SELECT sum(u_creditos*1) FROM dace006 a, tblaca009 b WHERE a.exp_e='11-22574644' AND a.lapso='2012-2' AND b.pensum='5' AND b.c_uni_ca='2' AND status IN ('7','A','2') AND a.c_asigna=b.c_asigna  [1][0] OK
C:[09/11/2012 14:40:57.90][190.37.209.247][1569] SELECT sum(u_creditos*1) FROM dace006 a, tblaca009 b WHERE a.exp_e='11-22574644' AND a.lapso='2012-2' AND b.pensum='5' AND b.c_uni_ca='2' AND status IN ('7','A','2') AND a.c_asigna=b.c_asigna AND a.c_asigna IN ('300318','320311','320323','322449') [1][0] OK
C:[09/11/2012 14:40:58.04][190.37.209.247][1585] SELECT MAX(semestre) FROM dace006 a, tblaca009 b WHERE a.exp_e='11-22574644' AND a.lapso='2012-2' AND b.pensum='5' AND b.c_uni_ca='2' AND status IN ('7','A','2') AND a.c_asigna=b.c_asigna  [1][0] OK
C:[09/11/2012 14:40:58.15][190.37.209.247][1606] SELECT MIN(semestre) FROM dace006 a, tblaca009 b WHERE a.exp_e='11-22574644' AND a.lapso='2012-2' AND b.pensum='5' AND b.c_uni_ca='2' AND status IN ('7','A','2') AND a.c_asigna=b.c_asigna AND a.c_asigna IN ('300428') [1][0] OK
C:[09/11/2012 19:30:19.32][186.89.128.31][1344] SELECT pre_cod_asig1,pre_cod_asig2,pre_cod_asig3,pre_cod_asig4,pre_cod_asig5,pre_cod_asig6,pre_cod_asig7 FROM tblaca009 WHERE pensum='5' AND c_uni_ca='5' AND c_asigna='355951' [1][0] OK
C:[09/11/2012 19:30:19.32][186.89.128.31][1357] SELECT c_asigna FROM dace004 WHERE exp_e='08-20137316' AND c_asigna='355691' AND status IN ('0','3','B') [1][0] OK
C:[09/11/2012 19:30:19.32][186.89.128.31][1344] SELECT pre_cod_asig1,pre_cod_asig2,pre_cod_asig3,pre_cod_asig4,pre_cod_asig5,pre_cod_asig6,pre_cod_asig7 FROM tblaca009 WHERE pensum='5' AND c_uni_ca='5' AND c_asigna='355692' [1][0] OK
C:[09/11/2012 19:30:19.32][186.89.128.31][1357] SELECT c_asigna FROM dace004 WHERE exp_e='08-20137316' AND c_asigna='355448' AND status IN ('0','3','B') [1][0] OK
C:[09/11/2012 19:30:19.32][186.89.128.31][1357] SELECT c_asigna FROM dace004 WHERE exp_e='08-20137316' AND c_asigna='355570' AND status IN ('0','3','B') [1][0] OK
C:[09/11/2012 19:30:19.32][186.89.128.31][1344] SELECT pre_cod_asig1,pre_cod_asig2,pre_cod_asig3,pre_cod_asig4,pre_cod_asig5,pre_cod_asig6,pre_cod_asig7 FROM tblaca009 WHERE pensum='5' AND c_uni_ca='5' AND c_asigna='355693' [1][0] OK
C:[09/11/2012 19:30:19.32][186.89.128.31][1357] SELECT c_asigna FROM dace004 WHERE exp_e='08-20137316' AND c_asigna='355572' AND status IN ('0','3','B') [1][0] OK
C:[09/11/2012 19:30:19.32][186.89.128.31][1357] SELECT c_asigna FROM dace004 WHERE exp_e='08-20137316' AND c_asigna='352440' AND status IN ('0','3','B') [1][0] OK
C:[09/11/2012 19:30:19.32][186.89.128.31][1357] SELECT c_asigna FROM dace004 WHERE exp_e='08-20137316' AND c_asigna='355573' AND status IN ('0','3','B') [1][0] OK
C:[09/11/2012 19:30:19.32][186.89.128.31][1357] SELECT c_asigna FROM dace004 WHERE exp_e='08-20137316' AND c_asigna='300226' AND status IN ('0','3','B') [1][0] OK
C:[09/11/2012 19:30:19.32][186.89.128.31][1357] SELECT c_asigna FROM dace004 WHERE exp_e='08-20137316' AND c_asigna='300222' AND status IN ('0','3','B') [1][0] OK
C:[09/11/2012 19:30:19.32][186.89.128.31][1357] SELECT c_asigna FROM dace004 WHERE exp_e='08-20137316' AND c_asigna='300013' AND status IN ('0','3','B') [1][0] OK
C:[09/11/2012 19:30:19.32][186.89.128.31][1357] SELECT c_asigna FROM dace004 WHERE exp_e='08-20137316' AND c_asigna='300113' AND status IN ('0','3','B') [1][0] OK
C:[09/11/2012 19:30:19.32][186.89.128.31][1344] SELECT pre_cod_asig1,pre_cod_asig2,pre_cod_asig3,pre_cod_asig4,pre_cod_asig5,pre_cod_asig6,pre_cod_asig7 FROM tblaca009 WHERE pensum='5' AND c_uni_ca='5' AND c_asigna='355694' [1][0] OK
C:[09/11/2012 19:30:19.32][186.89.128.31][1357] SELECT c_asigna FROM dace004 WHERE exp_e='08-20137316' AND c_asigna='355572' AND status IN ('0','3','B') [1][0] OK
C:[09/11/2012 19:30:19.32][186.89.128.31][1357] SELECT c_asigna FROM dace004 WHERE exp_e='08-20137316' AND c_asigna='355571' AND status IN ('0','3','B') [1][0] OK
C:[09/11/2012 19:30:19.32][186.89.128.31][1344] SELECT pre_cod_asig1,pre_cod_asig2,pre_cod_asig3,pre_cod_asig4,pre_cod_asig5,pre_cod_asig6,pre_cod_asig7 FROM tblaca009 WHERE pensum='5' AND c_uni_ca='5' AND c_asigna='355696' [1][0] OK
C:[09/11/2012 19:30:19.32][186.89.128.31][1357] SELECT c_asigna FROM dace004 WHERE exp_e='08-20137316' AND c_asigna='355570' AND status IN ('0','3','B') [1][0] OK
C:[09/11/2012 19:30:19.32][186.89.128.31][1357] SELECT c_asigna FROM dace004 WHERE exp_e='08-20137316' AND c_asigna='355571' AND status IN ('0','3','B') [1][0] OK
C:[09/11/2012 19:30:20.70][186.89.128.31][1388] SELECT par_cod_asig1,par_cod_asig2,par_cod_asig3 FROM tblaca009 WHERE pensum='5' AND c_uni_ca='5' AND c_asigna='355951' [1][0] OK
C:[09/11/2012 19:30:20.70][186.89.128.31][1388] SELECT par_cod_asig1,par_cod_asig2,par_cod_asig3 FROM tblaca009 WHERE pensum='5' AND c_uni_ca='5' AND c_asigna='355692' [1][0] OK
C:[09/11/2012 19:30:20.70][186.89.128.31][1388] SELECT par_cod_asig1,par_cod_asig2,par_cod_asig3 FROM tblaca009 WHERE pensum='5' AND c_uni_ca='5' AND c_asigna='355693' [1][0] OK
C:[09/11/2012 19:30:20.70][186.89.128.31][1388] SELECT par_cod_asig1,par_cod_asig2,par_cod_asig3 FROM tblaca009 WHERE pensum='5' AND c_uni_ca='5' AND c_asigna='355694' [1][0] OK
C:[09/11/2012 19:30:20.70][186.89.128.31][1388] SELECT par_cod_asig1,par_cod_asig2,par_cod_asig3 FROM tblaca009 WHERE pensum='5' AND c_uni_ca='5' AND c_asigna='355696' [1][0] OK
C:[09/11/2012 19:30:20.33][186.89.128.31][1518] SELECT horas_lab FROM tblaca008 WHERE c_asigna='355951' AND horas_teoricas > 0 [1][0] OK
C:[09/11/2012 19:30:20.45][186.89.128.31][1550] SELECT sum(u_creditos*1) FROM dace006 a, tblaca009 b WHERE a.exp_e='08-20137316' AND a.lapso='2012-2' AND b.pensum='5' AND b.c_uni_ca='5' AND status IN ('7','A','2') AND a.c_asigna=b.c_asigna  [1][0] OK
C:[09/11/2012 19:30:20.58][186.89.128.31][1569] SELECT sum(u_creditos*1) FROM dace006 a, tblaca009 b WHERE a.exp_e='08-20137316' AND a.lapso='2012-2' AND b.pensum='5' AND b.c_uni_ca='5' AND status IN ('7','A','2') AND a.c_asigna=b.c_asigna AND a.c_asigna IN ('355692','355693','355694','355696') [1][0] OK
C:[09/11/2012 19:30:20.70][186.89.128.31][1585] SELECT MAX(semestre) FROM dace006 a, tblaca009 b WHERE a.exp_e='08-20137316' AND a.lapso='2012-2' AND b.pensum='5' AND b.c_uni_ca='5' AND status IN ('7','A','2') AND a.c_asigna=b.c_asigna  [1][0] OK
C:[09/11/2012 19:30:20.82][186.89.128.31][1606] SELECT MIN(semestre) FROM dace006 a, tblaca009 b WHERE a.exp_e='08-20137316' AND a.lapso='2012-2' AND b.pensum='5' AND b.c_uni_ca='5' AND status IN ('7','A','2') AND a.c_asigna=b.c_asigna AND a.c_asigna IN ('355951') [1][0] OK
C:[09/11/2012 23:23:49.17][186.95.25.148][1344] SELECT pre_cod_asig1,pre_cod_asig2,pre_cod_asig3,pre_cod_asig4,pre_cod_asig5,pre_cod_asig6,pre_cod_asig7 FROM tblaca009 WHERE pensum='5' AND c_uni_ca='2' AND c_asigna='322559' [1][0] OK
C:[09/11/2012 23:23:49.17][186.95.25.148][1357] SELECT c_asigna FROM dace004 WHERE exp_e='10-24889055' AND c_asigna='300428' AND status IN ('0','3','B') [1][0] OK
C:[09/11/2012 23:23:49.17][186.95.25.148][1357] SELECT c_asigna FROM dace004 WHERE exp_e='10-24889055' AND c_asigna='322436' AND status IN ('0','3','B') [1][0] OK
C:[09/11/2012 23:23:49.17][186.95.25.148][1344] SELECT pre_cod_asig1,pre_cod_asig2,pre_cod_asig3,pre_cod_asig4,pre_cod_asig5,pre_cod_asig6,pre_cod_asig7 FROM tblaca009 WHERE pensum='5' AND c_uni_ca='2' AND c_asigna='300313' [1][0] OK
C:[09/11/2012 23:23:49.17][186.95.25.148][1357] SELECT c_asigna FROM dace004 WHERE exp_e='10-24889055' AND c_asigna='300213' AND status IN ('0','3','B') [1][0] OK
C:[09/11/2012 23:23:49.17][186.95.25.148][1357] SELECT c_asigna FROM dace004 WHERE exp_e='10-24889055' AND c_asigna='300226' AND status IN ('0','3','B') [1][0] OK
C:[09/11/2012 23:23:49.17][186.95.25.148][1357] SELECT c_asigna FROM dace004 WHERE exp_e='10-24889055' AND c_asigna='300209' AND status IN ('0','3','B') [1][0] OK
C:[09/11/2012 23:23:49.17][186.95.25.148][1344] SELECT pre_cod_asig1,pre_cod_asig2,pre_cod_asig3,pre_cod_asig4,pre_cod_asig5,pre_cod_asig6,pre_cod_asig7 FROM tblaca009 WHERE pensum='5' AND c_uni_ca='2' AND c_asigna='300318' [1][0] OK
C:[09/11/2012 23:23:49.17][186.95.25.148][1357] SELECT c_asigna FROM dace004 WHERE exp_e='10-24889055' AND c_asigna='300228' AND status IN ('0','3','B') [1][0] OK
C:[09/11/2012 23:23:49.17][186.95.25.148][1357] SELECT c_asigna FROM dace004 WHERE exp_e='10-24889055' AND c_asigna='300207' AND status IN ('0','3','B') [1][0] OK
C:[09/11/2012 23:23:49.17][186.95.25.148][1357] SELECT c_asigna FROM dace004 WHERE exp_e='10-24889055' AND c_asigna='300218' AND status IN ('0','3','B') [1][0] OK
C:[09/11/2012 23:23:49.17][186.95.25.148][1344] SELECT pre_cod_asig1,pre_cod_asig2,pre_cod_asig3,pre_cod_asig4,pre_cod_asig5,pre_cod_asig6,pre_cod_asig7 FROM tblaca009 WHERE pensum='5' AND c_uni_ca='2' AND c_asigna='322433' [1][0] OK
C:[09/11/2012 23:23:49.17][186.95.25.148][1357] SELECT c_asigna FROM dace004 WHERE exp_e='10-24889055' AND c_asigna='320323' AND status IN ('0','3','B') [1][0] OK
C:[09/11/2012 23:23:49.17][186.95.25.148][1357] SELECT c_asigna FROM dace004 WHERE exp_e='10-24889055' AND c_asigna='300209' AND status IN ('0','3','B') [1][0] OK
C:[09/11/2012 23:23:49.17][186.95.25.148][1344] SELECT pre_cod_asig1,pre_cod_asig2,pre_cod_asig3,pre_cod_asig4,pre_cod_asig5,pre_cod_asig6,pre_cod_asig7 FROM tblaca009 WHERE pensum='5' AND c_uni_ca='2' AND c_asigna='322449' [1][0] OK
C:[09/11/2012 23:23:49.17][186.95.25.148][1357] SELECT c_asigna FROM dace004 WHERE exp_e='10-24889055' AND c_asigna='300222' AND status IN ('0','3','B') [1][0] OK
C:[09/11/2012 23:23:50.17][186.95.25.148][1388] SELECT par_cod_asig1,par_cod_asig2,par_cod_asig3 FROM tblaca009 WHERE pensum='5' AND c_uni_ca='2' AND c_asigna='322559' [1][0] OK
C:[09/11/2012 23:23:50.17][186.95.25.148][1388] SELECT par_cod_asig1,par_cod_asig2,par_cod_asig3 FROM tblaca009 WHERE pensum='5' AND c_uni_ca='2' AND c_asigna='300313' [1][0] OK
C:[09/11/2012 23:23:50.17][186.95.25.148][1388] SELECT par_cod_asig1,par_cod_asig2,par_cod_asig3 FROM tblaca009 WHERE pensum='5' AND c_uni_ca='2' AND c_asigna='300318' [1][0] OK
C:[09/11/2012 23:23:50.17][186.95.25.148][1388] SELECT par_cod_asig1,par_cod_asig2,par_cod_asig3 FROM tblaca009 WHERE pensum='5' AND c_uni_ca='2' AND c_asigna='322433' [1][0] OK
C:[09/11/2012 23:23:50.17][186.95.25.148][1388] SELECT par_cod_asig1,par_cod_asig2,par_cod_asig3 FROM tblaca009 WHERE pensum='5' AND c_uni_ca='2' AND c_asigna='322449' [1][0] OK
C:[09/11/2012 23:23:50.80][186.95.25.148][1518] SELECT horas_lab FROM tblaca008 WHERE c_asigna='322559' AND horas_teoricas > 0 [1][0] OK
C:[09/11/2012 23:23:50.92][186.95.25.148][1550] SELECT sum(u_creditos*1) FROM dace006 a, tblaca009 b WHERE a.exp_e='10-24889055' AND a.lapso='2012-2' AND b.pensum='5' AND b.c_uni_ca='2' AND status IN ('7','A','2') AND a.c_asigna=b.c_asigna  [1][0] OK
C:[09/11/2012 23:23:50.04][186.95.25.148][1569] SELECT sum(u_creditos*1) FROM dace006 a, tblaca009 b WHERE a.exp_e='10-24889055' AND a.lapso='2012-2' AND b.pensum='5' AND b.c_uni_ca='2' AND status IN ('7','A','2') AND a.c_asigna=b.c_asigna AND a.c_asigna IN ('300313','300318','322433','322449') [1][0] OK
C:[09/11/2012 23:23:50.17][186.95.25.148][1585] SELECT MAX(semestre) FROM dace006 a, tblaca009 b WHERE a.exp_e='10-24889055' AND a.lapso='2012-2' AND b.pensum='5' AND b.c_uni_ca='2' AND status IN ('7','A','2') AND a.c_asigna=b.c_asigna  [1][0] OK
C:[09/11/2012 23:23:50.30][186.95.25.148][1606] SELECT MIN(semestre) FROM dace006 a, tblaca009 b WHERE a.exp_e='10-24889055' AND a.lapso='2012-2' AND b.pensum='5' AND b.c_uni_ca='2' AND status IN ('7','A','2') AND a.c_asigna=b.c_asigna AND a.c_asigna IN ('322559') [1][0] OK
C:[10/11/2012 09:45:39.72][190.121.238.196][1344] SELECT pre_cod_asig1,pre_cod_asig2,pre_cod_asig3,pre_cod_asig4,pre_cod_asig5,pre_cod_asig6,pre_cod_asig7 FROM tblaca009 WHERE pensum='5' AND c_uni_ca='6' AND c_asigna='300113' [1][0] OK
C:[10/11/2012 09:45:39.72][190.121.238.196][1344] SELECT pre_cod_asig1,pre_cod_asig2,pre_cod_asig3,pre_cod_asig4,pre_cod_asig5,pre_cod_asig6,pre_cod_asig7 FROM tblaca009 WHERE pensum='5' AND c_uni_ca='6' AND c_asigna='300116' [1][0] OK
C:[10/11/2012 09:45:39.98][190.121.238.196][1388] SELECT par_cod_asig1,par_cod_asig2,par_cod_asig3 FROM tblaca009 WHERE pensum='5' AND c_uni_ca='6' AND c_asigna='300113' [1][0] OK
C:[10/11/2012 09:45:39.98][190.121.238.196][1402] SELECT c_asigna FROM dace004 WHERE exp_e='11-23501213' AND c_asigna='300013' AND status IN ('0','3','B','C') [1][0] OK
C:[10/11/2012 09:45:39.98][190.121.238.196][1388] SELECT par_cod_asig1,par_cod_asig2,par_cod_asig3 FROM tblaca009 WHERE pensum='5' AND c_uni_ca='6' AND c_asigna='300116' [1][0] OK
C:[10/11/2012 09:45:39.36][190.121.238.196][1518] SELECT horas_lab FROM tblaca008 WHERE c_asigna='300113' AND horas_teoricas > 0 [0][0] OK
C:[10/11/2012 09:45:39.47][190.121.238.196][1550] SELECT sum(u_creditos*1) FROM dace006 a, tblaca009 b WHERE a.exp_e='11-23501213' AND a.lapso='2012-2' AND b.pensum='5' AND b.c_uni_ca='6' AND status IN ('7','A','2') AND a.c_asigna=b.c_asigna  [1][0] OK
C:[10/11/2012 09:45:39.60][190.121.238.196][1569] SELECT sum(u_creditos*1) FROM dace006 a, tblaca009 b WHERE a.exp_e='11-23501213' AND a.lapso='2012-2' AND b.pensum='5' AND b.c_uni_ca='6' AND status IN ('7','A','2') AND a.c_asigna=b.c_asigna AND a.c_asigna IN ('300116') [1][0] OK
C:[10/11/2012 09:45:39.72][190.121.238.196][1585] SELECT MAX(semestre) FROM dace006 a, tblaca009 b WHERE a.exp_e='11-23501213' AND a.lapso='2012-2' AND b.pensum='5' AND b.c_uni_ca='6' AND status IN ('7','A','2') AND a.c_asigna=b.c_asigna  [1][0] OK
C:[10/11/2012 09:45:39.86][190.121.238.196][1606] SELECT MIN(semestre) FROM dace006 a, tblaca009 b WHERE a.exp_e='11-23501213' AND a.lapso='2012-2' AND b.pensum='5' AND b.c_uni_ca='6' AND status IN ('7','A','2') AND a.c_asigna=b.c_asigna AND a.c_asigna IN ('300113') [1][0] OK
C:[10/11/2012 09:50:26.97][186.88.110.47][1344] SELECT pre_cod_asig1,pre_cod_asig2,pre_cod_asig3,pre_cod_asig4,pre_cod_asig5,pre_cod_asig6,pre_cod_asig7 FROM tblaca009 WHERE pensum='5' AND c_uni_ca='4' AND c_asigna='300101' [1][0] OK
C:[10/11/2012 09:50:26.97][186.88.110.47][1344] SELECT pre_cod_asig1,pre_cod_asig2,pre_cod_asig3,pre_cod_asig4,pre_cod_asig5,pre_cod_asig6,pre_cod_asig7 FROM tblaca009 WHERE pensum='5' AND c_uni_ca='4' AND c_asigna='330310' [1][0] OK
C:[10/11/2012 09:50:26.97][186.88.110.47][1357] SELECT c_asigna FROM dace004 WHERE exp_e='08-21123729' AND c_asigna='300013' AND status IN ('0','3','B') [1][0] OK
C:[10/11/2012 09:50:26.97][186.88.110.47][1357] SELECT c_asigna FROM dace004 WHERE exp_e='08-21123729' AND c_asigna='300113' AND status IN ('0','3','B') [1][0] OK
C:[10/11/2012 09:50:26.47][186.88.110.47][1388] SELECT par_cod_asig1,par_cod_asig2,par_cod_asig3 FROM tblaca009 WHERE pensum='5' AND c_uni_ca='4' AND c_asigna='300101' [1][0] OK
C:[10/11/2012 09:50:26.47][186.88.110.47][1388] SELECT par_cod_asig1,par_cod_asig2,par_cod_asig3 FROM tblaca009 WHERE pensum='5' AND c_uni_ca='4' AND c_asigna='330310' [1][0] OK
C:[10/11/2012 09:50:26.74][186.88.110.47][1550] SELECT sum(u_creditos*1) FROM dace006 a, tblaca009 b WHERE a.exp_e='08-21123729' AND a.lapso='2012-2' AND b.pensum='5' AND b.c_uni_ca='4' AND status IN ('7','A','2') AND a.c_asigna=b.c_asigna  [1][0] OK
C:[10/11/2012 09:50:27.85][186.88.110.47][1569] SELECT sum(u_creditos*1) FROM dace006 a, tblaca009 b WHERE a.exp_e='08-21123729' AND a.lapso='2012-2' AND b.pensum='5' AND b.c_uni_ca='4' AND status IN ('7','A','2') AND a.c_asigna=b.c_asigna AND a.c_asigna IN ('300101','330310') [1][0] OK
C:[10/11/2012 09:50:27.97][186.88.110.47][1585] SELECT MAX(semestre) FROM dace006 a, tblaca009 b WHERE a.exp_e='08-21123729' AND a.lapso='2012-2' AND b.pensum='5' AND b.c_uni_ca='4' AND status IN ('7','A','2') AND a.c_asigna=b.c_asigna  [1][0] OK
C:[10/11/2012 22:40:03.00][190.38.214.66][1344] SELECT pre_cod_asig1,pre_cod_asig2,pre_cod_asig3,pre_cod_asig4,pre_cod_asig5,pre_cod_asig6,pre_cod_asig7 FROM tblaca009 WHERE pensum='5' AND c_uni_ca='3' AND c_asigna='300213' [1][0] OK
C:[10/11/2012 22:40:03.00][190.38.214.66][1357] SELECT c_asigna FROM dace004 WHERE exp_e='11-26138169' AND c_asigna='300101' AND status IN ('0','3','B') [1][0] OK
C:[10/11/2012 22:40:03.00][190.38.214.66][1344] SELECT pre_cod_asig1,pre_cod_asig2,pre_cod_asig3,pre_cod_asig4,pre_cod_asig5,pre_cod_asig6,pre_cod_asig7 FROM tblaca009 WHERE pensum='5' AND c_uni_ca='3' AND c_asigna='300207' [1][0] OK
C:[10/11/2012 22:40:03.00][190.38.214.66][1357] SELECT c_asigna FROM dace004 WHERE exp_e='11-26138169' AND c_asigna='300101' AND status IN ('0','3','B') [1][0] OK
C:[10/11/2012 22:40:03.00][190.38.214.66][1344] SELECT pre_cod_asig1,pre_cod_asig2,pre_cod_asig3,pre_cod_asig4,pre_cod_asig5,pre_cod_asig6,pre_cod_asig7 FROM tblaca009 WHERE pensum='5' AND c_uni_ca='3' AND c_asigna='300209' [1][0] OK
C:[10/11/2012 22:40:03.00][190.38.214.66][1357] SELECT c_asigna FROM dace004 WHERE exp_e='11-26138169' AND c_asigna='300101' AND status IN ('0','3','B') [1][0] OK
C:[10/11/2012 22:40:03.00][190.38.214.66][1344] SELECT pre_cod_asig1,pre_cod_asig2,pre_cod_asig3,pre_cod_asig4,pre_cod_asig5,pre_cod_asig6,pre_cod_asig7 FROM tblaca009 WHERE pensum='5' AND c_uni_ca='3' AND c_asigna='300218' [1][0] OK
C:[10/11/2012 22:40:03.00][190.38.214.66][1344] SELECT pre_cod_asig1,pre_cod_asig2,pre_cod_asig3,pre_cod_asig4,pre_cod_asig5,pre_cod_asig6,pre_cod_asig7 FROM tblaca009 WHERE pensum='5' AND c_uni_ca='3' AND c_asigna='300228' [1][0] OK
C:[10/11/2012 22:40:03.00][190.38.214.66][1357] SELECT c_asigna FROM dace004 WHERE exp_e='11-26138169' AND c_asigna='300101' AND status IN ('0','3','B') [1][0] OK
C:[10/11/2012 22:40:03.12][190.38.214.66][1388] SELECT par_cod_asig1,par_cod_asig2,par_cod_asig3 FROM tblaca009 WHERE pensum='5' AND c_uni_ca='3' AND c_asigna='300213' [1][0] OK
C:[10/11/2012 22:40:03.12][190.38.214.66][1402] SELECT c_asigna FROM dace004 WHERE exp_e='11-26138169' AND c_asigna='300209' AND status IN ('0','3','B','C') [0][0] OK
C:[10/11/2012 22:40:03.12][190.38.214.66][1388] SELECT par_cod_asig1,par_cod_asig2,par_cod_asig3 FROM tblaca009 WHERE pensum='5' AND c_uni_ca='3' AND c_asigna='300207' [1][0] OK
C:[10/11/2012 22:40:03.12][190.38.214.66][1388] SELECT par_cod_asig1,par_cod_asig2,par_cod_asig3 FROM tblaca009 WHERE pensum='5' AND c_uni_ca='3' AND c_asigna='300209' [1][0] OK
C:[10/11/2012 22:40:03.12][190.38.214.66][1388] SELECT par_cod_asig1,par_cod_asig2,par_cod_asig3 FROM tblaca009 WHERE pensum='5' AND c_uni_ca='3' AND c_asigna='300218' [1][0] OK
C:[10/11/2012 22:40:03.12][190.38.214.66][1402] SELECT c_asigna FROM dace004 WHERE exp_e='11-26138169' AND c_asigna='300228' AND status IN ('0','3','B','C') [0][0] OK
C:[10/11/2012 22:40:03.12][190.38.214.66][1388] SELECT par_cod_asig1,par_cod_asig2,par_cod_asig3 FROM tblaca009 WHERE pensum='5' AND c_uni_ca='3' AND c_asigna='300228' [1][0] OK
C:[10/11/2012 22:40:04.01][190.38.214.66][1518] SELECT horas_lab FROM tblaca008 WHERE c_asigna='300213' AND horas_teoricas > 0 [1][0] OK
C:[10/11/2012 22:40:04.12][190.38.214.66][1550] SELECT sum(u_creditos*1) FROM dace006 a, tblaca009 b WHERE a.exp_e='11-26138169' AND a.lapso='2012-2' AND b.pensum='5' AND b.c_uni_ca='3' AND status IN ('7','A','2') AND a.c_asigna=b.c_asigna  [1][0] OK
C:[10/11/2012 22:40:04.24][190.38.214.66][1569] SELECT sum(u_creditos*1) FROM dace006 a, tblaca009 b WHERE a.exp_e='11-26138169' AND a.lapso='2012-2' AND b.pensum='5' AND b.c_uni_ca='3' AND status IN ('7','A','2') AND a.c_asigna=b.c_asigna AND a.c_asigna IN ('300207','300209','300218','300228') [1][0] OK
C:[10/11/2012 22:40:04.37][190.38.214.66][1585] SELECT MAX(semestre) FROM dace006 a, tblaca009 b WHERE a.exp_e='11-26138169' AND a.lapso='2012-2' AND b.pensum='5' AND b.c_uni_ca='3' AND status IN ('7','A','2') AND a.c_asigna=b.c_asigna  [1][0] OK
C:[10/11/2012 22:40:04.50][190.38.214.66][1606] SELECT MIN(semestre) FROM dace006 a, tblaca009 b WHERE a.exp_e='11-26138169' AND a.lapso='2012-2' AND b.pensum='5' AND b.c_uni_ca='3' AND status IN ('7','A','2') AND a.c_asigna=b.c_asigna AND a.c_asigna IN ('300213') [1][0] OK
C:[10/11/2012 23:04:23.92][190.198.186.100][1344] SELECT pre_cod_asig1,pre_cod_asig2,pre_cod_asig3,pre_cod_asig4,pre_cod_asig5,pre_cod_asig6,pre_cod_asig7 FROM tblaca009 WHERE pensum='5' AND c_uni_ca='3' AND c_asigna='311988' [1][0] OK
C:[10/11/2012 23:04:23.92][190.198.186.100][1357] SELECT c_asigna FROM dace004 WHERE exp_e='08-20804164' AND c_asigna='311822' AND status IN ('0','3','B') [1][0] OK
C:[10/11/2012 23:04:23.92][190.198.186.100][1344] SELECT pre_cod_asig1,pre_cod_asig2,pre_cod_asig3,pre_cod_asig4,pre_cod_asig5,pre_cod_asig6,pre_cod_asig7 FROM tblaca009 WHERE pensum='5' AND c_uni_ca='3' AND c_asigna='311092' [1][0] OK
C:[10/11/2012 23:04:23.92][190.198.186.100][1357] SELECT c_asigna FROM dace004 WHERE exp_e='08-20804164' AND c_asigna='311704' AND status IN ('0','3','B') [1][0] OK
C:[10/11/2012 23:04:23.92][190.198.186.100][1344] SELECT pre_cod_asig1,pre_cod_asig2,pre_cod_asig3,pre_cod_asig4,pre_cod_asig5,pre_cod_asig6,pre_cod_asig7 FROM tblaca009 WHERE pensum='5' AND c_uni_ca='3' AND c_asigna='311098' [1][0] OK
C:[10/11/2012 23:04:23.92][190.198.186.100][1357] SELECT c_asigna FROM dace004 WHERE exp_e='08-20804164' AND c_asigna='311822' AND status IN ('0','3','B') [1][0] OK
C:[10/11/2012 23:04:23.92][190.198.186.100][1344] SELECT pre_cod_asig1,pre_cod_asig2,pre_cod_asig3,pre_cod_asig4,pre_cod_asig5,pre_cod_asig6,pre_cod_asig7 FROM tblaca009 WHERE pensum='5' AND c_uni_ca='3' AND c_asigna='311824' [1][0] OK
C:[10/11/2012 23:04:23.92][190.198.186.100][1357] SELECT c_asigna FROM dace004 WHERE exp_e='08-20804164' AND c_asigna='311796' AND status IN ('0','3','B') [1][0] OK
C:[10/11/2012 23:04:23.92][190.198.186.100][1344] SELECT pre_cod_asig1,pre_cod_asig2,pre_cod_asig3,pre_cod_asig4,pre_cod_asig5,pre_cod_asig6,pre_cod_asig7 FROM tblaca009 WHERE pensum='5' AND c_uni_ca='3' AND c_asigna='311825' [1][0] OK
C:[10/11/2012 23:04:23.92][190.198.186.100][1357] SELECT c_asigna FROM dace004 WHERE exp_e='08-20804164' AND c_asigna='311775' AND status IN ('0','3','B') [1][0] OK
C:[10/11/2012 23:04:23.92][190.198.186.100][1357] SELECT c_asigna FROM dace004 WHERE exp_e='08-20804164' AND c_asigna='311795' AND status IN ('0','3','B') [1][0] OK
C:[10/11/2012 23:04:23.92][190.198.186.100][1344] SELECT pre_cod_asig1,pre_cod_asig2,pre_cod_asig3,pre_cod_asig4,pre_cod_asig5,pre_cod_asig6,pre_cod_asig7 FROM tblaca009 WHERE pensum='5' AND c_uni_ca='3' AND c_asigna='311826' [1][0] OK
C:[10/11/2012 23:04:23.92][190.198.186.100][1357] SELECT c_asigna FROM dace004 WHERE exp_e='08-20804164' AND c_asigna='311799' AND status IN ('0','3','B') [1][0] OK
C:[10/11/2012 23:04:23.92][190.198.186.100][1344] SELECT pre_cod_asig1,pre_cod_asig2,pre_cod_asig3,pre_cod_asig4,pre_cod_asig5,pre_cod_asig6,pre_cod_asig7 FROM tblaca009 WHERE pensum='5' AND c_uni_ca='3' AND c_asigna='311827' [1][0] OK
C:[10/11/2012 23:04:23.92][190.198.186.100][1357] SELECT c_asigna FROM dace004 WHERE exp_e='08-20804164' AND c_asigna='311704' AND status IN ('0','3','B') [1][0] OK
C:[10/11/2012 23:04:24.80][190.198.186.100][1388] SELECT par_cod_asig1,par_cod_asig2,par_cod_asig3 FROM tblaca009 WHERE pensum='5' AND c_uni_ca='3' AND c_asigna='311988' [1][0] OK
C:[10/11/2012 23:04:24.80][190.198.186.100][1388] SELECT par_cod_asig1,par_cod_asig2,par_cod_asig3 FROM tblaca009 WHERE pensum='5' AND c_uni_ca='3' AND c_asigna='311092' [1][0] OK
C:[10/11/2012 23:04:24.80][190.198.186.100][1388] SELECT par_cod_asig1,par_cod_asig2,par_cod_asig3 FROM tblaca009 WHERE pensum='5' AND c_uni_ca='3' AND c_asigna='311098' [1][0] OK
C:[10/11/2012 23:04:24.80][190.198.186.100][1388] SELECT par_cod_asig1,par_cod_asig2,par_cod_asig3 FROM tblaca009 WHERE pensum='5' AND c_uni_ca='3' AND c_asigna='311824' [1][0] OK
C:[10/11/2012 23:04:24.80][190.198.186.100][1388] SELECT par_cod_asig1,par_cod_asig2,par_cod_asig3 FROM tblaca009 WHERE pensum='5' AND c_uni_ca='3' AND c_asigna='311825' [1][0] OK
C:[10/11/2012 23:04:24.80][190.198.186.100][1388] SELECT par_cod_asig1,par_cod_asig2,par_cod_asig3 FROM tblaca009 WHERE pensum='5' AND c_uni_ca='3' AND c_asigna='311826' [1][0] OK
C:[10/11/2012 23:04:24.80][190.198.186.100][1388] SELECT par_cod_asig1,par_cod_asig2,par_cod_asig3 FROM tblaca009 WHERE pensum='5' AND c_uni_ca='3' AND c_asigna='311827' [1][0] OK
C:[10/11/2012 23:04:24.69][190.198.186.100][1518] SELECT horas_lab FROM tblaca008 WHERE c_asigna='311988' AND horas_teoricas > 0 [1][0] OK
C:[10/11/2012 23:04:24.80][190.198.186.100][1550] SELECT sum(u_creditos*1) FROM dace006 a, tblaca009 b WHERE a.exp_e='08-20804164' AND a.lapso='2012-2' AND b.pensum='5' AND b.c_uni_ca='3' AND status IN ('7','A','2') AND a.c_asigna=b.c_asigna  [1][0] OK
C:[10/11/2012 23:04:24.92][190.198.186.100][1569] SELECT sum(u_creditos*1) FROM dace006 a, tblaca009 b WHERE a.exp_e='08-20804164' AND a.lapso='2012-2' AND b.pensum='5' AND b.c_uni_ca='3' AND status IN ('7','A','2') AND a.c_asigna=b.c_asigna AND a.c_asigna IN ('311092','311098','311824','311825','311826','311827') [1][0] OK
C:[10/11/2012 23:04:24.05][190.198.186.100][1585] SELECT MAX(semestre) FROM dace006 a, tblaca009 b WHERE a.exp_e='08-20804164' AND a.lapso='2012-2' AND b.pensum='5' AND b.c_uni_ca='3' AND status IN ('7','A','2') AND a.c_asigna=b.c_asigna  [1][0] OK
C:[10/11/2012 23:04:24.18][190.198.186.100][1606] SELECT MIN(semestre) FROM dace006 a, tblaca009 b WHERE a.exp_e='08-20804164' AND a.lapso='2012-2' AND b.pensum='5' AND b.c_uni_ca='3' AND status IN ('7','A','2') AND a.c_asigna=b.c_asigna AND a.c_asigna IN ('311988') [1][0] OK
C:[10/11/2012 23:06:10.94][190.198.186.100][1344] SELECT pre_cod_asig1,pre_cod_asig2,pre_cod_asig3,pre_cod_asig4,pre_cod_asig5,pre_cod_asig6,pre_cod_asig7 FROM tblaca009 WHERE pensum='5' AND c_uni_ca='3' AND c_asigna='311092' [1][0] OK
C:[10/11/2012 23:06:10.94][190.198.186.100][1357] SELECT c_asigna FROM dace004 WHERE exp_e='08-19419534' AND c_asigna='311704' AND status IN ('0','3','B') [1][0] OK
C:[10/11/2012 23:06:10.94][190.198.186.100][1344] SELECT pre_cod_asig1,pre_cod_asig2,pre_cod_asig3,pre_cod_asig4,pre_cod_asig5,pre_cod_asig6,pre_cod_asig7 FROM tblaca009 WHERE pensum='5' AND c_uni_ca='3' AND c_asigna='311098' [1][0] OK
C:[10/11/2012 23:06:10.94][190.198.186.100][1357] SELECT c_asigna FROM dace004 WHERE exp_e='08-19419534' AND c_asigna='311822' AND status IN ('0','3','B') [1][0] OK
C:[10/11/2012 23:06:10.94][190.198.186.100][1344] SELECT pre_cod_asig1,pre_cod_asig2,pre_cod_asig3,pre_cod_asig4,pre_cod_asig5,pre_cod_asig6,pre_cod_asig7 FROM tblaca009 WHERE pensum='5' AND c_uni_ca='3' AND c_asigna='311824' [1][0] OK
C:[10/11/2012 23:06:10.94][190.198.186.100][1357] SELECT c_asigna FROM dace004 WHERE exp_e='08-19419534' AND c_asigna='311796' AND status IN ('0','3','B') [1][0] OK
C:[10/11/2012 23:06:10.94][190.198.186.100][1344] SELECT pre_cod_asig1,pre_cod_asig2,pre_cod_asig3,pre_cod_asig4,pre_cod_asig5,pre_cod_asig6,pre_cod_asig7 FROM tblaca009 WHERE pensum='5' AND c_uni_ca='3' AND c_asigna='311825' [1][0] OK
C:[10/11/2012 23:06:10.94][190.198.186.100][1357] SELECT c_asigna FROM dace004 WHERE exp_e='08-19419534' AND c_asigna='311775' AND status IN ('0','3','B') [1][0] OK
C:[10/11/2012 23:06:10.94][190.198.186.100][1357] SELECT c_asigna FROM dace004 WHERE exp_e='08-19419534' AND c_asigna='311795' AND status IN ('0','3','B') [1][0] OK
C:[10/11/2012 23:06:10.94][190.198.186.100][1344] SELECT pre_cod_asig1,pre_cod_asig2,pre_cod_asig3,pre_cod_asig4,pre_cod_asig5,pre_cod_asig6,pre_cod_asig7 FROM tblaca009 WHERE pensum='5' AND c_uni_ca='3' AND c_asigna='311826' [1][0] OK
C:[10/11/2012 23:06:10.94][190.198.186.100][1357] SELECT c_asigna FROM dace004 WHERE exp_e='08-19419534' AND c_asigna='311799' AND status IN ('0','3','B') [1][0] OK
C:[10/11/2012 23:06:10.94][190.198.186.100][1344] SELECT pre_cod_asig1,pre_cod_asig2,pre_cod_asig3,pre_cod_asig4,pre_cod_asig5,pre_cod_asig6,pre_cod_asig7 FROM tblaca009 WHERE pensum='5' AND c_uni_ca='3' AND c_asigna='311827' [1][0] OK
C:[10/11/2012 23:06:10.94][190.198.186.100][1357] SELECT c_asigna FROM dace004 WHERE exp_e='08-19419534' AND c_asigna='311704' AND status IN ('0','3','B') [1][0] OK
C:[10/11/2012 23:06:10.94][190.198.186.100][1344] SELECT pre_cod_asig1,pre_cod_asig2,pre_cod_asig3,pre_cod_asig4,pre_cod_asig5,pre_cod_asig6,pre_cod_asig7 FROM tblaca009 WHERE pensum='5' AND c_uni_ca='3' AND c_asigna='311988' [1][0] OK
C:[10/11/2012 23:06:10.94][190.198.186.100][1357] SELECT c_asigna FROM dace004 WHERE exp_e='08-19419534' AND c_asigna='311822' AND status IN ('0','3','B') [1][0] OK
C:[10/11/2012 23:06:10.82][190.198.186.100][1388] SELECT par_cod_asig1,par_cod_asig2,par_cod_asig3 FROM tblaca009 WHERE pensum='5' AND c_uni_ca='3' AND c_asigna='311092' [1][0] OK
C:[10/11/2012 23:06:10.82][190.198.186.100][1388] SELECT par_cod_asig1,par_cod_asig2,par_cod_asig3 FROM tblaca009 WHERE pensum='5' AND c_uni_ca='3' AND c_asigna='311098' [1][0] OK
C:[10/11/2012 23:06:10.82][190.198.186.100][1388] SELECT par_cod_asig1,par_cod_asig2,par_cod_asig3 FROM tblaca009 WHERE pensum='5' AND c_uni_ca='3' AND c_asigna='311824' [1][0] OK
C:[10/11/2012 23:06:10.82][190.198.186.100][1388] SELECT par_cod_asig1,par_cod_asig2,par_cod_asig3 FROM tblaca009 WHERE pensum='5' AND c_uni_ca='3' AND c_asigna='311825' [1][0] OK
C:[10/11/2012 23:06:10.82][190.198.186.100][1388] SELECT par_cod_asig1,par_cod_asig2,par_cod_asig3 FROM tblaca009 WHERE pensum='5' AND c_uni_ca='3' AND c_asigna='311826' [1][0] OK
C:[10/11/2012 23:06:10.82][190.198.186.100][1388] SELECT par_cod_asig1,par_cod_asig2,par_cod_asig3 FROM tblaca009 WHERE pensum='5' AND c_uni_ca='3' AND c_asigna='311827' [1][0] OK
C:[10/11/2012 23:06:10.82][190.198.186.100][1388] SELECT par_cod_asig1,par_cod_asig2,par_cod_asig3 FROM tblaca009 WHERE pensum='5' AND c_uni_ca='3' AND c_asigna='311988' [1][0] OK
C:[10/11/2012 23:06:11.72][190.198.186.100][1550] SELECT sum(u_creditos*1) FROM dace006 a, tblaca009 b WHERE a.exp_e='08-19419534' AND a.lapso='2012-2' AND b.pensum='5' AND b.c_uni_ca='3' AND status IN ('7','A','2') AND a.c_asigna=b.c_asigna  [1][0] OK
C:[10/11/2012 23:06:11.82][190.198.186.100][1569] SELECT sum(u_creditos*1) FROM dace006 a, tblaca009 b WHERE a.exp_e='08-19419534' AND a.lapso='2012-2' AND b.pensum='5' AND b.c_uni_ca='3' AND status IN ('7','A','2') AND a.c_asigna=b.c_asigna AND a.c_asigna IN ('311092','311098','311824','311825','311826','311827','311988') [1][0] OK
C:[10/11/2012 23:06:11.94][190.198.186.100][1585] SELECT MAX(semestre) FROM dace006 a, tblaca009 b WHERE a.exp_e='08-19419534' AND a.lapso='2012-2' AND b.pensum='5' AND b.c_uni_ca='3' AND status IN ('7','A','2') AND a.c_asigna=b.c_asigna  [1][0] OK
C:[10/11/2012 23:06:52.64][190.198.186.100][1344] SELECT pre_cod_asig1,pre_cod_asig2,pre_cod_asig3,pre_cod_asig4,pre_cod_asig5,pre_cod_asig6,pre_cod_asig7 FROM tblaca009 WHERE pensum='5' AND c_uni_ca='3' AND c_asigna='311988' [1][0] OK
C:[10/11/2012 23:06:52.64][190.198.186.100][1357] SELECT c_asigna FROM dace004 WHERE exp_e='08-19419534' AND c_asigna='311822' AND status IN ('0','3','B') [1][0] OK
C:[10/11/2012 23:06:52.64][190.198.186.100][1344] SELECT pre_cod_asig1,pre_cod_asig2,pre_cod_asig3,pre_cod_asig4,pre_cod_asig5,pre_cod_asig6,pre_cod_asig7 FROM tblaca009 WHERE pensum='5' AND c_uni_ca='3' AND c_asigna='311092' [1][0] OK
C:[10/11/2012 23:06:52.64][190.198.186.100][1357] SELECT c_asigna FROM dace004 WHERE exp_e='08-19419534' AND c_asigna='311704' AND status IN ('0','3','B') [1][0] OK
C:[10/11/2012 23:06:52.64][190.198.186.100][1344] SELECT pre_cod_asig1,pre_cod_asig2,pre_cod_asig3,pre_cod_asig4,pre_cod_asig5,pre_cod_asig6,pre_cod_asig7 FROM tblaca009 WHERE pensum='5' AND c_uni_ca='3' AND c_asigna='311098' [1][0] OK
C:[10/11/2012 23:06:52.64][190.198.186.100][1357] SELECT c_asigna FROM dace004 WHERE exp_e='08-19419534' AND c_asigna='311822' AND status IN ('0','3','B') [1][0] OK
C:[10/11/2012 23:06:52.64][190.198.186.100][1344] SELECT pre_cod_asig1,pre_cod_asig2,pre_cod_asig3,pre_cod_asig4,pre_cod_asig5,pre_cod_asig6,pre_cod_asig7 FROM tblaca009 WHERE pensum='5' AND c_uni_ca='3' AND c_asigna='311824' [1][0] OK
C:[10/11/2012 23:06:52.64][190.198.186.100][1357] SELECT c_asigna FROM dace004 WHERE exp_e='08-19419534' AND c_asigna='311796' AND status IN ('0','3','B') [1][0] OK
C:[10/11/2012 23:06:52.64][190.198.186.100][1344] SELECT pre_cod_asig1,pre_cod_asig2,pre_cod_asig3,pre_cod_asig4,pre_cod_asig5,pre_cod_asig6,pre_cod_asig7 FROM tblaca009 WHERE pensum='5' AND c_uni_ca='3' AND c_asigna='311825' [1][0] OK
C:[10/11/2012 23:06:52.64][190.198.186.100][1357] SELECT c_asigna FROM dace004 WHERE exp_e='08-19419534' AND c_asigna='311775' AND status IN ('0','3','B') [1][0] OK
C:[10/11/2012 23:06:52.64][190.198.186.100][1357] SELECT c_asigna FROM dace004 WHERE exp_e='08-19419534' AND c_asigna='311795' AND status IN ('0','3','B') [1][0] OK
C:[10/11/2012 23:06:52.64][190.198.186.100][1344] SELECT pre_cod_asig1,pre_cod_asig2,pre_cod_asig3,pre_cod_asig4,pre_cod_asig5,pre_cod_asig6,pre_cod_asig7 FROM tblaca009 WHERE pensum='5' AND c_uni_ca='3' AND c_asigna='311826' [1][0] OK
C:[10/11/2012 23:06:52.64][190.198.186.100][1357] SELECT c_asigna FROM dace004 WHERE exp_e='08-19419534' AND c_asigna='311799' AND status IN ('0','3','B') [1][0] OK
C:[10/11/2012 23:06:52.64][190.198.186.100][1344] SELECT pre_cod_asig1,pre_cod_asig2,pre_cod_asig3,pre_cod_asig4,pre_cod_asig5,pre_cod_asig6,pre_cod_asig7 FROM tblaca009 WHERE pensum='5' AND c_uni_ca='3' AND c_asigna='311827' [1][0] OK
C:[10/11/2012 23:06:52.64][190.198.186.100][1357] SELECT c_asigna FROM dace004 WHERE exp_e='08-19419534' AND c_asigna='311704' AND status IN ('0','3','B') [1][0] OK
C:[10/11/2012 23:06:53.08][190.198.186.100][1388] SELECT par_cod_asig1,par_cod_asig2,par_cod_asig3 FROM tblaca009 WHERE pensum='5' AND c_uni_ca='3' AND c_asigna='311988' [1][0] OK
C:[10/11/2012 23:06:53.08][190.198.186.100][1388] SELECT par_cod_asig1,par_cod_asig2,par_cod_asig3 FROM tblaca009 WHERE pensum='5' AND c_uni_ca='3' AND c_asigna='311092' [1][0] OK
C:[10/11/2012 23:06:53.08][190.198.186.100][1388] SELECT par_cod_asig1,par_cod_asig2,par_cod_asig3 FROM tblaca009 WHERE pensum='5' AND c_uni_ca='3' AND c_asigna='311098' [1][0] OK
C:[10/11/2012 23:06:53.08][190.198.186.100][1388] SELECT par_cod_asig1,par_cod_asig2,par_cod_asig3 FROM tblaca009 WHERE pensum='5' AND c_uni_ca='3' AND c_asigna='311824' [1][0] OK
C:[10/11/2012 23:06:53.08][190.198.186.100][1388] SELECT par_cod_asig1,par_cod_asig2,par_cod_asig3 FROM tblaca009 WHERE pensum='5' AND c_uni_ca='3' AND c_asigna='311825' [1][0] OK
C:[10/11/2012 23:06:53.08][190.198.186.100][1388] SELECT par_cod_asig1,par_cod_asig2,par_cod_asig3 FROM tblaca009 WHERE pensum='5' AND c_uni_ca='3' AND c_asigna='311826' [1][0] OK
C:[10/11/2012 23:06:53.08][190.198.186.100][1388] SELECT par_cod_asig1,par_cod_asig2,par_cod_asig3 FROM tblaca009 WHERE pensum='5' AND c_uni_ca='3' AND c_asigna='311827' [1][0] OK
C:[10/11/2012 23:06:53.97][190.198.186.100][1518] SELECT horas_lab FROM tblaca008 WHERE c_asigna='311988' AND horas_teoricas > 0 [1][0] OK
C:[10/11/2012 23:06:53.08][190.198.186.100][1550] SELECT sum(u_creditos*1) FROM dace006 a, tblaca009 b WHERE a.exp_e='08-19419534' AND a.lapso='2012-2' AND b.pensum='5' AND b.c_uni_ca='3' AND status IN ('7','A','2') AND a.c_asigna=b.c_asigna  [1][0] OK
C:[10/11/2012 23:06:53.21][190.198.186.100][1569] SELECT sum(u_creditos*1) FROM dace006 a, tblaca009 b WHERE a.exp_e='08-19419534' AND a.lapso='2012-2' AND b.pensum='5' AND b.c_uni_ca='3' AND status IN ('7','A','2') AND a.c_asigna=b.c_asigna AND a.c_asigna IN ('311092','311098','311824','311825','311826','311827') [1][0] OK
C:[10/11/2012 23:06:53.34][190.198.186.100][1585] SELECT MAX(semestre) FROM dace006 a, tblaca009 b WHERE a.exp_e='08-19419534' AND a.lapso='2012-2' AND b.pensum='5' AND b.c_uni_ca='3' AND status IN ('7','A','2') AND a.c_asigna=b.c_asigna  [1][0] OK
C:[10/11/2012 23:06:53.46][190.198.186.100][1606] SELECT MIN(semestre) FROM dace006 a, tblaca009 b WHERE a.exp_e='08-19419534' AND a.lapso='2012-2' AND b.pensum='5' AND b.c_uni_ca='3' AND status IN ('7','A','2') AND a.c_asigna=b.c_asigna AND a.c_asigna IN ('311988') [1][0] OK
C:[11/11/2012 13:04:30.49][141.0.9.78][1344] SELECT pre_cod_asig1,pre_cod_asig2,pre_cod_asig3,pre_cod_asig4,pre_cod_asig5,pre_cod_asig6,pre_cod_asig7 FROM tblaca009 WHERE pensum='5' AND c_uni_ca='2' AND c_asigna='300112' [1][0] OK
C:[11/11/2012 13:04:30.49][141.0.9.78][1344] SELECT pre_cod_asig1,pre_cod_asig2,pre_cod_asig3,pre_cod_asig4,pre_cod_asig5,pre_cod_asig6,pre_cod_asig7 FROM tblaca009 WHERE pensum='5' AND c_uni_ca='2' AND c_asigna='300101' [1][0] OK
C:[11/11/2012 13:04:30.74][141.0.9.78][1388] SELECT par_cod_asig1,par_cod_asig2,par_cod_asig3 FROM tblaca009 WHERE pensum='5' AND c_uni_ca='2' AND c_asigna='300112' [1][0] OK
C:[11/11/2012 13:04:30.74][141.0.9.78][1388] SELECT par_cod_asig1,par_cod_asig2,par_cod_asig3 FROM tblaca009 WHERE pensum='5' AND c_uni_ca='2' AND c_asigna='300101' [1][0] OK
C:[11/11/2012 13:04:30.01][141.0.9.78][1518] SELECT horas_lab FROM tblaca008 WHERE c_asigna='300112' AND horas_teoricas > 0 [1][0] OK
C:[11/11/2012 13:04:30.12][141.0.9.78][1550] SELECT sum(u_creditos*1) FROM dace006 a, tblaca009 b WHERE a.exp_e='08-20299237' AND a.lapso='2012-2' AND b.pensum='5' AND b.c_uni_ca='2' AND status IN ('7','A','2') AND a.c_asigna=b.c_asigna  [1][0] OK
C:[11/11/2012 13:04:30.25][141.0.9.78][1569] SELECT sum(u_creditos*1) FROM dace006 a, tblaca009 b WHERE a.exp_e='08-20299237' AND a.lapso='2012-2' AND b.pensum='5' AND b.c_uni_ca='2' AND status IN ('7','A','2') AND a.c_asigna=b.c_asigna AND a.c_asigna IN ('300101') [1][0] OK
C:[11/11/2012 13:04:30.37][141.0.9.78][1585] SELECT MAX(semestre) FROM dace006 a, tblaca009 b WHERE a.exp_e='08-20299237' AND a.lapso='2012-2' AND b.pensum='5' AND b.c_uni_ca='2' AND status IN ('7','A','2') AND a.c_asigna=b.c_asigna  [1][0] OK
C:[11/11/2012 13:04:30.49][141.0.9.78][1606] SELECT MIN(semestre) FROM dace006 a, tblaca009 b WHERE a.exp_e='08-20299237' AND a.lapso='2012-2' AND b.pensum='5' AND b.c_uni_ca='2' AND status IN ('7','A','2') AND a.c_asigna=b.c_asigna AND a.c_asigna IN ('300112') [1][0] OK
C:[11/11/2012 15:31:30.07][190.202.219.178][1344] SELECT pre_cod_asig1,pre_cod_asig2,pre_cod_asig3,pre_cod_asig4,pre_cod_asig5,pre_cod_asig6,pre_cod_asig7 FROM tblaca009 WHERE pensum='5' AND c_uni_ca='4' AND c_asigna='330310' [1][0] OK
C:[11/11/2012 15:31:30.07][190.202.219.178][1357] SELECT c_asigna FROM dace004 WHERE exp_e='09-20503052' AND c_asigna='300013' AND status IN ('0','3','B') [1][0] OK
C:[11/11/2012 15:31:30.07][190.202.219.178][1357] SELECT c_asigna FROM dace004 WHERE exp_e='09-20503052' AND c_asigna='300113' AND status IN ('0','3','B') [1][0] OK
C:[11/11/2012 15:31:30.07][190.202.219.178][1344] SELECT pre_cod_asig1,pre_cod_asig2,pre_cod_asig3,pre_cod_asig4,pre_cod_asig5,pre_cod_asig6,pre_cod_asig7 FROM tblaca009 WHERE pensum='5' AND c_uni_ca='4' AND c_asigna='300207' [1][0] OK
C:[11/11/2012 15:31:30.07][190.202.219.178][1357] SELECT c_asigna FROM dace004 WHERE exp_e='09-20503052' AND c_asigna='300101' AND status IN ('0','3','B') [1][0] OK
C:[11/11/2012 15:31:30.07][190.202.219.178][1344] SELECT pre_cod_asig1,pre_cod_asig2,pre_cod_asig3,pre_cod_asig4,pre_cod_asig5,pre_cod_asig6,pre_cod_asig7 FROM tblaca009 WHERE pensum='5' AND c_uni_ca='4' AND c_asigna='300213' [1][0] OK
C:[11/11/2012 15:31:30.07][190.202.219.178][1357] SELECT c_asigna FROM dace004 WHERE exp_e='09-20503052' AND c_asigna='300101' AND status IN ('0','3','B') [1][0] OK
C:[11/11/2012 15:31:30.07][190.202.219.178][1344] SELECT pre_cod_asig1,pre_cod_asig2,pre_cod_asig3,pre_cod_asig4,pre_cod_asig5,pre_cod_asig6,pre_cod_asig7 FROM tblaca009 WHERE pensum='5' AND c_uni_ca='4' AND c_asigna='300222' [1][0] OK
C:[11/11/2012 15:31:30.07][190.202.219.178][1357] SELECT c_asigna FROM dace004 WHERE exp_e='09-20503052' AND c_asigna='300112' AND status IN ('0','3','B') [1][0] OK
C:[11/11/2012 15:31:30.07][190.202.219.178][1344] SELECT pre_cod_asig1,pre_cod_asig2,pre_cod_asig3,pre_cod_asig4,pre_cod_asig5,pre_cod_asig6,pre_cod_asig7 FROM tblaca009 WHERE pensum='5' AND c_uni_ca='4' AND c_asigna='300226' [1][0] OK
C:[11/11/2012 15:31:30.07][190.202.219.178][1357] SELECT c_asigna FROM dace004 WHERE exp_e='09-20503052' AND c_asigna='300116' AND status IN ('0','3','B') [1][0] OK
C:[11/11/2012 15:31:30.44][190.202.219.178][1388] SELECT par_cod_asig1,par_cod_asig2,par_cod_asig3 FROM tblaca009 WHERE pensum='5' AND c_uni_ca='4' AND c_asigna='330310' [1][0] OK
C:[11/11/2012 15:31:30.44][190.202.219.178][1388] SELECT par_cod_asig1,par_cod_asig2,par_cod_asig3 FROM tblaca009 WHERE pensum='5' AND c_uni_ca='4' AND c_asigna='300207' [1][0] OK
C:[11/11/2012 15:31:30.44][190.202.219.178][1388] SELECT par_cod_asig1,par_cod_asig2,par_cod_asig3 FROM tblaca009 WHERE pensum='5' AND c_uni_ca='4' AND c_asigna='300213' [1][0] OK
C:[11/11/2012 15:31:30.44][190.202.219.178][1402] SELECT c_asigna FROM dace004 WHERE exp_e='09-20503052' AND c_asigna='300209' AND status IN ('0','3','B','C') [1][0] OK
C:[11/11/2012 15:31:30.44][190.202.219.178][1388] SELECT par_cod_asig1,par_cod_asig2,par_cod_asig3 FROM tblaca009 WHERE pensum='5' AND c_uni_ca='4' AND c_asigna='300222' [1][0] OK
C:[11/11/2012 15:31:30.44][190.202.219.178][1388] SELECT par_cod_asig1,par_cod_asig2,par_cod_asig3 FROM tblaca009 WHERE pensum='5' AND c_uni_ca='4' AND c_asigna='300226' [1][0] OK
C:[11/11/2012 15:31:30.20][190.202.219.178][1518] SELECT horas_lab FROM tblaca008 WHERE c_asigna='330310' AND horas_teoricas > 0 [1][0] OK
C:[11/11/2012 15:31:30.32][190.202.219.178][1550] SELECT sum(u_creditos*1) FROM dace006 a, tblaca009 b WHERE a.exp_e='09-20503052' AND a.lapso='2012-2' AND b.pensum='5' AND b.c_uni_ca='4' AND status IN ('7','A','2') AND a.c_asigna=b.c_asigna  [1][0] OK
C:[11/11/2012 15:31:30.44][190.202.219.178][1569] SELECT sum(u_creditos*1) FROM dace006 a, tblaca009 b WHERE a.exp_e='09-20503052' AND a.lapso='2012-2' AND b.pensum='5' AND b.c_uni_ca='4' AND status IN ('7','A','2') AND a.c_asigna=b.c_asigna AND a.c_asigna IN ('300207','300213','300222','300226') [1][0] OK
C:[11/11/2012 15:31:30.57][190.202.219.178][1585] SELECT MAX(semestre) FROM dace006 a, tblaca009 b WHERE a.exp_e='09-20503052' AND a.lapso='2012-2' AND b.pensum='5' AND b.c_uni_ca='4' AND status IN ('7','A','2') AND a.c_asigna=b.c_asigna  [1][0] OK
C:[11/11/2012 15:31:30.69][190.202.219.178][1606] SELECT MIN(semestre) FROM dace006 a, tblaca009 b WHERE a.exp_e='09-20503052' AND a.lapso='2012-2' AND b.pensum='5' AND b.c_uni_ca='4' AND status IN ('7','A','2') AND a.c_asigna=b.c_asigna AND a.c_asigna IN ('330310') [1][0] OK
C:[11/11/2012 17:48:26.99][190.78.2.240][1344] SELECT pre_cod_asig1,pre_cod_asig2,pre_cod_asig3,pre_cod_asig4,pre_cod_asig5,pre_cod_asig6,pre_cod_asig7 FROM tblaca009 WHERE pensum='5' AND c_uni_ca='4' AND c_asigna='300207' [1][0] OK
C:[11/11/2012 17:48:26.99][190.78.2.240][1357] SELECT c_asigna FROM dace004 WHERE exp_e='08-21249304' AND c_asigna='300101' AND status IN ('0','3','B') [1][0] OK
C:[11/11/2012 17:48:26.99][190.78.2.240][1344] SELECT pre_cod_asig1,pre_cod_asig2,pre_cod_asig3,pre_cod_asig4,pre_cod_asig5,pre_cod_asig6,pre_cod_asig7 FROM tblaca009 WHERE pensum='5' AND c_uni_ca='4' AND c_asigna='300209' [1][0] OK
C:[11/11/2012 17:48:26.99][190.78.2.240][1357] SELECT c_asigna FROM dace004 WHERE exp_e='08-21249304' AND c_asigna='300101' AND status IN ('0','3','B') [1][0] OK
C:[11/11/2012 17:48:26.49][190.78.2.240][1388] SELECT par_cod_asig1,par_cod_asig2,par_cod_asig3 FROM tblaca009 WHERE pensum='5' AND c_uni_ca='4' AND c_asigna='300207' [1][0] OK
C:[11/11/2012 17:48:26.49][190.78.2.240][1388] SELECT par_cod_asig1,par_cod_asig2,par_cod_asig3 FROM tblaca009 WHERE pensum='5' AND c_uni_ca='4' AND c_asigna='300209' [1][0] OK
C:[11/11/2012 17:48:26.76][190.78.2.240][1550] SELECT sum(u_creditos*1) FROM dace006 a, tblaca009 b WHERE a.exp_e='08-21249304' AND a.lapso='2012-2' AND b.pensum='5' AND b.c_uni_ca='4' AND status IN ('7','A','2') AND a.c_asigna=b.c_asigna  [1][0] OK
C:[11/11/2012 17:48:26.86][190.78.2.240][1569] SELECT sum(u_creditos*1) FROM dace006 a, tblaca009 b WHERE a.exp_e='08-21249304' AND a.lapso='2012-2' AND b.pensum='5' AND b.c_uni_ca='4' AND status IN ('7','A','2') AND a.c_asigna=b.c_asigna AND a.c_asigna IN ('300207','300209') [1][0] OK
C:[11/11/2012 17:48:26.99][190.78.2.240][1585] SELECT MAX(semestre) FROM dace006 a, tblaca009 b WHERE a.exp_e='08-21249304' AND a.lapso='2012-2' AND b.pensum='5' AND b.c_uni_ca='4' AND status IN ('7','A','2') AND a.c_asigna=b.c_asigna  [1][0] OK
C:[11/11/2012 21:35:02.70][190.73.239.94][1344] SELECT pre_cod_asig1,pre_cod_asig2,pre_cod_asig3,pre_cod_asig4,pre_cod_asig5,pre_cod_asig6,pre_cod_asig7 FROM tblaca009 WHERE pensum='5' AND c_uni_ca='6' AND c_asigna='300112' [1][0] OK
C:[11/11/2012 21:35:02.70][190.73.239.94][1344] SELECT pre_cod_asig1,pre_cod_asig2,pre_cod_asig3,pre_cod_asig4,pre_cod_asig5,pre_cod_asig6,pre_cod_asig7 FROM tblaca009 WHERE pensum='5' AND c_uni_ca='6' AND c_asigna='300116' [1][0] OK
C:[11/11/2012 21:35:02.95][190.73.239.94][1388] SELECT par_cod_asig1,par_cod_asig2,par_cod_asig3 FROM tblaca009 WHERE pensum='5' AND c_uni_ca='6' AND c_asigna='300112' [1][0] OK
C:[11/11/2012 21:35:02.95][190.73.239.94][1388] SELECT par_cod_asig1,par_cod_asig2,par_cod_asig3 FROM tblaca009 WHERE pensum='5' AND c_uni_ca='6' AND c_asigna='300116' [1][0] OK
C:[11/11/2012 21:35:03.22][190.73.239.94][1550] SELECT sum(u_creditos*1) FROM dace006 a, tblaca009 b WHERE a.exp_e='11-20885615' AND a.lapso='2012-2' AND b.pensum='5' AND b.c_uni_ca='6' AND status IN ('7','A','2') AND a.c_asigna=b.c_asigna  [1][0] OK
C:[11/11/2012 21:35:03.32][190.73.239.94][1569] SELECT sum(u_creditos*1) FROM dace006 a, tblaca009 b WHERE a.exp_e='11-20885615' AND a.lapso='2012-2' AND b.pensum='5' AND b.c_uni_ca='6' AND status IN ('7','A','2') AND a.c_asigna=b.c_asigna AND a.c_asigna IN ('300112','300116') [1][0] OK
C:[11/11/2012 21:35:03.45][190.73.239.94][1585] SELECT MAX(semestre) FROM dace006 a, tblaca009 b WHERE a.exp_e='11-20885615' AND a.lapso='2012-2' AND b.pensum='5' AND b.c_uni_ca='6' AND status IN ('7','A','2') AND a.c_asigna=b.c_asigna  [1][0] OK
C:[12/11/2012 08:02:15.58][190.73.234.97][1344] SELECT pre_cod_asig1,pre_cod_asig2,pre_cod_asig3,pre_cod_asig4,pre_cod_asig5,pre_cod_asig6,pre_cod_asig7 FROM tblaca009 WHERE pensum='5' AND c_uni_ca='3' AND c_asigna='300218' [1][0] OK
C:[12/11/2012 08:02:15.58][190.73.234.97][1344] SELECT pre_cod_asig1,pre_cod_asig2,pre_cod_asig3,pre_cod_asig4,pre_cod_asig5,pre_cod_asig6,pre_cod_asig7 FROM tblaca009 WHERE pensum='5' AND c_uni_ca='3' AND c_asigna='300228' [1][0] OK
C:[12/11/2012 08:02:15.58][190.73.234.97][1357] SELECT c_asigna FROM dace004 WHERE exp_e='10-21197900' AND c_asigna='300101' AND status IN ('0','3','B') [1][0] OK
C:[12/11/2012 08:02:15.58][190.73.234.97][1344] SELECT pre_cod_asig1,pre_cod_asig2,pre_cod_asig3,pre_cod_asig4,pre_cod_asig5,pre_cod_asig6,pre_cod_asig7 FROM tblaca009 WHERE pensum='5' AND c_uni_ca='3' AND c_asigna='300207' [1][0] OK
C:[12/11/2012 08:02:15.58][190.73.234.97][1357] SELECT c_asigna FROM dace004 WHERE exp_e='10-21197900' AND c_asigna='300101' AND status IN ('0','3','B') [1][0] OK
C:[12/11/2012 08:02:15.58][190.73.234.97][1344] SELECT pre_cod_asig1,pre_cod_asig2,pre_cod_asig3,pre_cod_asig4,pre_cod_asig5,pre_cod_asig6,pre_cod_asig7 FROM tblaca009 WHERE pensum='5' AND c_uni_ca='3' AND c_asigna='300209' [1][0] OK
C:[12/11/2012 08:02:15.58][190.73.234.97][1357] SELECT c_asigna FROM dace004 WHERE exp_e='10-21197900' AND c_asigna='300101' AND status IN ('0','3','B') [1][0] OK
C:[12/11/2012 08:02:15.58][190.73.234.97][1344] SELECT pre_cod_asig1,pre_cod_asig2,pre_cod_asig3,pre_cod_asig4,pre_cod_asig5,pre_cod_asig6,pre_cod_asig7 FROM tblaca009 WHERE pensum='5' AND c_uni_ca='3' AND c_asigna='300314' [1][0] OK
C:[12/11/2012 08:02:15.58][190.73.234.97][1357] SELECT c_asigna FROM dace004 WHERE exp_e='10-21197900' AND c_asigna='300106' AND status IN ('0','3','B') [1][0] OK
C:[12/11/2012 08:02:15.70][190.73.234.97][1388] SELECT par_cod_asig1,par_cod_asig2,par_cod_asig3 FROM tblaca009 WHERE pensum='5' AND c_uni_ca='3' AND c_asigna='300218' [1][0] OK
C:[12/11/2012 08:02:15.70][190.73.234.97][1402] SELECT c_asigna FROM dace004 WHERE exp_e='10-21197900' AND c_asigna='300228' AND status IN ('0','3','B','C') [0][0] OK
C:[12/11/2012 08:02:15.70][190.73.234.97][1388] SELECT par_cod_asig1,par_cod_asig2,par_cod_asig3 FROM tblaca009 WHERE pensum='5' AND c_uni_ca='3' AND c_asigna='300228' [1][0] OK
C:[12/11/2012 08:02:15.70][190.73.234.97][1388] SELECT par_cod_asig1,par_cod_asig2,par_cod_asig3 FROM tblaca009 WHERE pensum='5' AND c_uni_ca='3' AND c_asigna='300207' [1][0] OK
C:[12/11/2012 08:02:15.70][190.73.234.97][1388] SELECT par_cod_asig1,par_cod_asig2,par_cod_asig3 FROM tblaca009 WHERE pensum='5' AND c_uni_ca='3' AND c_asigna='300209' [1][0] OK
C:[12/11/2012 08:02:15.70][190.73.234.97][1388] SELECT par_cod_asig1,par_cod_asig2,par_cod_asig3 FROM tblaca009 WHERE pensum='5' AND c_uni_ca='3' AND c_asigna='300314' [1][0] OK
C:[12/11/2012 08:02:15.46][190.73.234.97][1518] SELECT horas_lab FROM tblaca008 WHERE c_asigna='300218' AND horas_teoricas > 0 [0][0] OK
C:[12/11/2012 08:02:15.46][190.73.234.97][1518] SELECT horas_lab FROM tblaca008 WHERE c_asigna='300228' AND horas_teoricas > 0 [1][0] OK
C:[12/11/2012 08:02:15.70][190.73.234.97][1550] SELECT sum(u_creditos*1) FROM dace006 a, tblaca009 b WHERE a.exp_e='10-21197900' AND a.lapso='2012-2' AND b.pensum='5' AND b.c_uni_ca='3' AND status IN ('7','A','2') AND a.c_asigna=b.c_asigna  [1][0] OK
C:[12/11/2012 08:02:15.83][190.73.234.97][1569] SELECT sum(u_creditos*1) FROM dace006 a, tblaca009 b WHERE a.exp_e='10-21197900' AND a.lapso='2012-2' AND b.pensum='5' AND b.c_uni_ca='3' AND status IN ('7','A','2') AND a.c_asigna=b.c_asigna AND a.c_asigna IN ('300207','300209','300314') [1][0] OK
C:[12/11/2012 08:02:15.95][190.73.234.97][1585] SELECT MAX(semestre) FROM dace006 a, tblaca009 b WHERE a.exp_e='10-21197900' AND a.lapso='2012-2' AND b.pensum='5' AND b.c_uni_ca='3' AND status IN ('7','A','2') AND a.c_asigna=b.c_asigna  [1][0] OK
C:[12/11/2012 08:02:15.08][190.73.234.97][1606] SELECT MIN(semestre) FROM dace006 a, tblaca009 b WHERE a.exp_e='10-21197900' AND a.lapso='2012-2' AND b.pensum='5' AND b.c_uni_ca='3' AND status IN ('7','A','2') AND a.c_asigna=b.c_asigna AND a.c_asigna IN ('300218','300228') [1][0] OK
C:[12/11/2012 08:04:30.47][190.73.234.97][1344] SELECT pre_cod_asig1,pre_cod_asig2,pre_cod_asig3,pre_cod_asig4,pre_cod_asig5,pre_cod_asig6,pre_cod_asig7 FROM tblaca009 WHERE pensum='5' AND c_uni_ca='3' AND c_asigna='300228' [1][0] OK
C:[12/11/2012 08:04:30.47][190.73.234.97][1357] SELECT c_asigna FROM dace004 WHERE exp_e='10-21197900' AND c_asigna='300101' AND status IN ('0','3','B') [1][0] OK
C:[12/11/2012 08:04:30.47][190.73.234.97][1344] SELECT pre_cod_asig1,pre_cod_asig2,pre_cod_asig3,pre_cod_asig4,pre_cod_asig5,pre_cod_asig6,pre_cod_asig7 FROM tblaca009 WHERE pensum='5' AND c_uni_ca='3' AND c_asigna='300207' [1][0] OK
C:[12/11/2012 08:04:30.47][190.73.234.97][1357] SELECT c_asigna FROM dace004 WHERE exp_e='10-21197900' AND c_asigna='300101' AND status IN ('0','3','B') [1][0] OK
C:[12/11/2012 08:04:30.47][190.73.234.97][1344] SELECT pre_cod_asig1,pre_cod_asig2,pre_cod_asig3,pre_cod_asig4,pre_cod_asig5,pre_cod_asig6,pre_cod_asig7 FROM tblaca009 WHERE pensum='5' AND c_uni_ca='3' AND c_asigna='300209' [1][0] OK
C:[12/11/2012 08:04:30.47][190.73.234.97][1357] SELECT c_asigna FROM dace004 WHERE exp_e='10-21197900' AND c_asigna='300101' AND status IN ('0','3','B') [1][0] OK
C:[12/11/2012 08:04:30.47][190.73.234.97][1344] SELECT pre_cod_asig1,pre_cod_asig2,pre_cod_asig3,pre_cod_asig4,pre_cod_asig5,pre_cod_asig6,pre_cod_asig7 FROM tblaca009 WHERE pensum='5' AND c_uni_ca='3' AND c_asigna='300218' [1][0] OK
C:[12/11/2012 08:04:30.47][190.73.234.97][1344] SELECT pre_cod_asig1,pre_cod_asig2,pre_cod_asig3,pre_cod_asig4,pre_cod_asig5,pre_cod_asig6,pre_cod_asig7 FROM tblaca009 WHERE pensum='5' AND c_uni_ca='3' AND c_asigna='300314' [1][0] OK
C:[12/11/2012 08:04:30.47][190.73.234.97][1357] SELECT c_asigna FROM dace004 WHERE exp_e='10-21197900' AND c_asigna='300106' AND status IN ('0','3','B') [1][0] OK
C:[12/11/2012 08:04:30.59][190.73.234.97][1388] SELECT par_cod_asig1,par_cod_asig2,par_cod_asig3 FROM tblaca009 WHERE pensum='5' AND c_uni_ca='3' AND c_asigna='300228' [1][0] OK
C:[12/11/2012 08:04:30.59][190.73.234.97][1388] SELECT par_cod_asig1,par_cod_asig2,par_cod_asig3 FROM tblaca009 WHERE pensum='5' AND c_uni_ca='3' AND c_asigna='300207' [1][0] OK
C:[12/11/2012 08:04:30.59][190.73.234.97][1388] SELECT par_cod_asig1,par_cod_asig2,par_cod_asig3 FROM tblaca009 WHERE pensum='5' AND c_uni_ca='3' AND c_asigna='300209' [1][0] OK
C:[12/11/2012 08:04:30.59][190.73.234.97][1388] SELECT par_cod_asig1,par_cod_asig2,par_cod_asig3 FROM tblaca009 WHERE pensum='5' AND c_uni_ca='3' AND c_asigna='300218' [1][0] OK
C:[12/11/2012 08:04:30.59][190.73.234.97][1402] SELECT c_asigna FROM dace004 WHERE exp_e='10-21197900' AND c_asigna='300228' AND status IN ('0','3','B','C') [0][0] OK
C:[12/11/2012 08:04:30.59][190.73.234.97][1388] SELECT par_cod_asig1,par_cod_asig2,par_cod_asig3 FROM tblaca009 WHERE pensum='5' AND c_uni_ca='3' AND c_asigna='300314' [1][0] OK
C:[12/11/2012 08:04:30.35][190.73.234.97][1518] SELECT horas_lab FROM tblaca008 WHERE c_asigna='300228' AND horas_teoricas > 0 [1][0] OK
C:[12/11/2012 08:04:30.47][190.73.234.97][1550] SELECT sum(u_creditos*1) FROM dace006 a, tblaca009 b WHERE a.exp_e='10-21197900' AND a.lapso='2012-2' AND b.pensum='5' AND b.c_uni_ca='3' AND status IN ('7','A','2') AND a.c_asigna=b.c_asigna  [1][0] OK
C:[12/11/2012 08:04:30.60][190.73.234.97][1569] SELECT sum(u_creditos*1) FROM dace006 a, tblaca009 b WHERE a.exp_e='10-21197900' AND a.lapso='2012-2' AND b.pensum='5' AND b.c_uni_ca='3' AND status IN ('7','A','2') AND a.c_asigna=b.c_asigna AND a.c_asigna IN ('300207','300209','300218','300314') [1][0] OK
C:[12/11/2012 08:04:30.72][190.73.234.97][1585] SELECT MAX(semestre) FROM dace006 a, tblaca009 b WHERE a.exp_e='10-21197900' AND a.lapso='2012-2' AND b.pensum='5' AND b.c_uni_ca='3' AND status IN ('7','A','2') AND a.c_asigna=b.c_asigna  [1][0] OK
C:[12/11/2012 08:04:30.84][190.73.234.97][1606] SELECT MIN(semestre) FROM dace006 a, tblaca009 b WHERE a.exp_e='10-21197900' AND a.lapso='2012-2' AND b.pensum='5' AND b.c_uni_ca='3' AND status IN ('7','A','2') AND a.c_asigna=b.c_asigna AND a.c_asigna IN ('300228') [1][0] OK
C:[12/11/2012 10:39:06.63][190.121.234.68][1344] SELECT pre_cod_asig1,pre_cod_asig2,pre_cod_asig3,pre_cod_asig4,pre_cod_asig5,pre_cod_asig6,pre_cod_asig7 FROM tblaca009 WHERE pensum='5' AND c_uni_ca='6' AND c_asigna='344613' [1][0] OK
C:[12/11/2012 10:39:06.63][190.121.234.68][1357] SELECT c_asigna FROM dace004 WHERE exp_e='94-11996938' AND c_asigna='344566' AND status IN ('0','3','B') [1][0] OK
C:[12/11/2012 10:39:06.63][190.121.234.68][1357] SELECT c_asigna FROM dace004 WHERE exp_e='94-11996938' AND c_asigna='300209' AND status IN ('0','3','B') [1][0] OK
C:[12/11/2012 10:39:06.63][190.121.234.68][1357] SELECT c_asigna FROM dace004 WHERE exp_e='94-11996938' AND c_asigna='300222' AND status IN ('0','3','B') [1][0] OK
C:[12/11/2012 10:39:06.63][190.121.234.68][1357] SELECT c_asigna FROM dace004 WHERE exp_e='94-11996938' AND c_asigna='300226' AND status IN ('0','3','B') [1][0] OK
C:[12/11/2012 10:39:06.63][190.121.234.68][1357] SELECT c_asigna FROM dace004 WHERE exp_e='94-11996938' AND c_asigna='300313' AND status IN ('0','3','B') [1][0] OK
C:[12/11/2012 10:39:06.63][190.121.234.68][1357] SELECT c_asigna FROM dace004 WHERE exp_e='94-11996938' AND c_asigna='300428' AND status IN ('0','3','B') [1][0] OK
C:[12/11/2012 10:39:06.63][190.121.234.68][1357] SELECT c_asigna FROM dace004 WHERE exp_e='94-11996938' AND c_asigna='300317' AND status IN ('0','3','B') [1][0] OK
C:[12/11/2012 10:39:06.63][190.121.234.68][1388] SELECT par_cod_asig1,par_cod_asig2,par_cod_asig3 FROM tblaca009 WHERE pensum='5' AND c_uni_ca='6' AND c_asigna='344613' [1][0] OK
C:[12/11/2012 10:39:06.77][190.121.234.68][1550] SELECT sum(u_creditos*1) FROM dace006 a, tblaca009 b WHERE a.exp_e='94-11996938' AND a.lapso='2012-2' AND b.pensum='5' AND b.c_uni_ca='6' AND status IN ('7','A','2') AND a.c_asigna=b.c_asigna  [1][0] OK
C:[12/11/2012 10:39:06.88][190.121.234.68][1569] SELECT sum(u_creditos*1) FROM dace006 a, tblaca009 b WHERE a.exp_e='94-11996938' AND a.lapso='2012-2' AND b.pensum='5' AND b.c_uni_ca='6' AND status IN ('7','A','2') AND a.c_asigna=b.c_asigna AND a.c_asigna IN ('344613') [1][0] OK
C:[12/11/2012 10:39:06.01][190.121.234.68][1585] SELECT MAX(semestre) FROM dace006 a, tblaca009 b WHERE a.exp_e='94-11996938' AND a.lapso='2012-2' AND b.pensum='5' AND b.c_uni_ca='6' AND status IN ('7','A','2') AND a.c_asigna=b.c_asigna  [1][0] OK
C:[12/11/2012 12:50:48.49][200.109.201.242][1344] SELECT pre_cod_asig1,pre_cod_asig2,pre_cod_asig3,pre_cod_asig4,pre_cod_asig5,pre_cod_asig6,pre_cod_asig7 FROM tblaca009 WHERE pensum='5' AND c_uni_ca='3' AND c_asigna='300112' [1][0] OK
C:[12/11/2012 12:50:48.49][200.109.201.242][1344] SELECT pre_cod_asig1,pre_cod_asig2,pre_cod_asig3,pre_cod_asig4,pre_cod_asig5,pre_cod_asig6,pre_cod_asig7 FROM tblaca009 WHERE pensum='5' AND c_uni_ca='3' AND c_asigna='300113' [1][0] OK
C:[12/11/2012 12:50:48.49][200.109.201.242][1344] SELECT pre_cod_asig1,pre_cod_asig2,pre_cod_asig3,pre_cod_asig4,pre_cod_asig5,pre_cod_asig6,pre_cod_asig7 FROM tblaca009 WHERE pensum='5' AND c_uni_ca='3' AND c_asigna='300013' [1][0] OK
C:[12/11/2012 12:50:48.49][200.109.201.242][1344] SELECT pre_cod_asig1,pre_cod_asig2,pre_cod_asig3,pre_cod_asig4,pre_cod_asig5,pre_cod_asig6,pre_cod_asig7 FROM tblaca009 WHERE pensum='5' AND c_uni_ca='3' AND c_asigna='300101' [1][0] OK
C:[12/11/2012 12:50:48.49][200.109.201.242][1344] SELECT pre_cod_asig1,pre_cod_asig2,pre_cod_asig3,pre_cod_asig4,pre_cod_asig5,pre_cod_asig6,pre_cod_asig7 FROM tblaca009 WHERE pensum='5' AND c_uni_ca='3' AND c_asigna='300105' [1][0] OK
C:[12/11/2012 12:50:48.49][200.109.201.242][1344] SELECT pre_cod_asig1,pre_cod_asig2,pre_cod_asig3,pre_cod_asig4,pre_cod_asig5,pre_cod_asig6,pre_cod_asig7 FROM tblaca009 WHERE pensum='5' AND c_uni_ca='3' AND c_asigna='300106' [1][0] OK
C:[12/11/2012 12:50:48.25][200.109.201.242][1388] SELECT par_cod_asig1,par_cod_asig2,par_cod_asig3 FROM tblaca009 WHERE pensum='5' AND c_uni_ca='3' AND c_asigna='300112' [1][0] OK
C:[12/11/2012 12:50:48.25][200.109.201.242][1388] SELECT par_cod_asig1,par_cod_asig2,par_cod_asig3 FROM tblaca009 WHERE pensum='5' AND c_uni_ca='3' AND c_asigna='300113' [1][0] OK
C:[12/11/2012 12:50:48.25][200.109.201.242][1402] SELECT c_asigna FROM dace004 WHERE exp_e='12-20806673' AND c_asigna='300013' AND status IN ('0','3','B','C') [0][0] OK
C:[12/11/2012 12:50:48.25][200.109.201.242][1388] SELECT par_cod_asig1,par_cod_asig2,par_cod_asig3 FROM tblaca009 WHERE pensum='5' AND c_uni_ca='3' AND c_asigna='300013' [1][0] OK
C:[12/11/2012 12:50:48.25][200.109.201.242][1388] SELECT par_cod_asig1,par_cod_asig2,par_cod_asig3 FROM tblaca009 WHERE pensum='5' AND c_uni_ca='3' AND c_asigna='300101' [1][0] OK
C:[12/11/2012 12:50:48.25][200.109.201.242][1388] SELECT par_cod_asig1,par_cod_asig2,par_cod_asig3 FROM tblaca009 WHERE pensum='5' AND c_uni_ca='3' AND c_asigna='300105' [1][0] OK
C:[12/11/2012 12:50:48.25][200.109.201.242][1388] SELECT par_cod_asig1,par_cod_asig2,par_cod_asig3 FROM tblaca009 WHERE pensum='5' AND c_uni_ca='3' AND c_asigna='300106' [1][0] OK
C:[12/11/2012 12:50:48.14][200.109.201.242][1518] SELECT horas_lab FROM tblaca008 WHERE c_asigna='300112' AND horas_teoricas > 0 [1][0] OK
C:[12/11/2012 12:50:48.14][200.109.201.242][1518] SELECT horas_lab FROM tblaca008 WHERE c_asigna='300113' AND horas_teoricas > 0 [0][0] OK
C:[12/11/2012 12:50:48.37][200.109.201.242][1550] SELECT sum(u_creditos*1) FROM dace006 a, tblaca009 b WHERE a.exp_e='12-20806673' AND a.lapso='2012-2' AND b.pensum='5' AND b.c_uni_ca='3' AND status IN ('7','A','2') AND a.c_asigna=b.c_asigna  [1][0] OK
C:[12/11/2012 12:50:48.50][200.109.201.242][1569] SELECT sum(u_creditos*1) FROM dace006 a, tblaca009 b WHERE a.exp_e='12-20806673' AND a.lapso='2012-2' AND b.pensum='5' AND b.c_uni_ca='3' AND status IN ('7','A','2') AND a.c_asigna=b.c_asigna AND a.c_asigna IN ('300013','300101','300105','300106') [1][0] OK
C:[12/11/2012 12:50:48.62][200.109.201.242][1585] SELECT MAX(semestre) FROM dace006 a, tblaca009 b WHERE a.exp_e='12-20806673' AND a.lapso='2012-2' AND b.pensum='5' AND b.c_uni_ca='3' AND status IN ('7','A','2') AND a.c_asigna=b.c_asigna  [1][0] OK
C:[12/11/2012 12:50:48.75][200.109.201.242][1606] SELECT MIN(semestre) FROM dace006 a, tblaca009 b WHERE a.exp_e='12-20806673' AND a.lapso='2012-2' AND b.pensum='5' AND b.c_uni_ca='3' AND status IN ('7','A','2') AND a.c_asigna=b.c_asigna AND a.c_asigna IN ('300112','300113') [1][0] OK
C:[12/11/2012 12:57:04.72][190.94.249.9][1344] SELECT pre_cod_asig1,pre_cod_asig2,pre_cod_asig3,pre_cod_asig4,pre_cod_asig5,pre_cod_asig6,pre_cod_asig7 FROM tblaca009 WHERE pensum='5' AND c_uni_ca='5' AND c_asigna='355722' [1][0] OK
C:[12/11/2012 12:57:04.72][190.94.249.9][1357] SELECT c_asigna FROM dace004 WHERE exp_e='03-17288734' AND c_asigna='355691' AND status IN ('0','3','B') [1][0] OK
C:[12/11/2012 12:57:04.72][190.94.249.9][1357] SELECT c_asigna FROM dace004 WHERE exp_e='03-17288734' AND c_asigna='355595' AND status IN ('0','3','B') [1][0] OK
C:[12/11/2012 12:57:04.72][190.94.249.9][1344] SELECT pre_cod_asig1,pre_cod_asig2,pre_cod_asig3,pre_cod_asig4,pre_cod_asig5,pre_cod_asig6,pre_cod_asig7 FROM tblaca009 WHERE pensum='5' AND c_uni_ca='5' AND c_asigna='355725' [1][0] OK
C:[12/11/2012 12:57:04.72][190.94.249.9][1357] SELECT c_asigna FROM dace004 WHERE exp_e='03-17288734' AND c_asigna='355693' AND status IN ('0','3','B') [1][0] OK
C:[12/11/2012 12:57:04.72][190.94.249.9][1357] SELECT c_asigna FROM dace004 WHERE exp_e='03-17288734' AND c_asigna='355692' AND status IN ('0','3','B') [1][0] OK
C:[12/11/2012 12:57:05.47][190.94.249.9][1388] SELECT par_cod_asig1,par_cod_asig2,par_cod_asig3 FROM tblaca009 WHERE pensum='5' AND c_uni_ca='5' AND c_asigna='355722' [1][0] OK
C:[12/11/2012 12:57:05.47][190.94.249.9][1388] SELECT par_cod_asig1,par_cod_asig2,par_cod_asig3 FROM tblaca009 WHERE pensum='5' AND c_uni_ca='5' AND c_asigna='355725' [1][0] OK
C:[12/11/2012 12:57:05.74][190.94.249.9][1550] SELECT sum(u_creditos*1) FROM dace006 a, tblaca009 b WHERE a.exp_e='03-17288734' AND a.lapso='2012-2' AND b.pensum='5' AND b.c_uni_ca='5' AND status IN ('7','A','2') AND a.c_asigna=b.c_asigna  [1][0] OK
C:[12/11/2012 12:57:05.85][190.94.249.9][1569] SELECT sum(u_creditos*1) FROM dace006 a, tblaca009 b WHERE a.exp_e='03-17288734' AND a.lapso='2012-2' AND b.pensum='5' AND b.c_uni_ca='5' AND status IN ('7','A','2') AND a.c_asigna=b.c_asigna AND a.c_asigna IN ('355722','355725') [1][0] OK
C:[12/11/2012 12:57:05.97][190.94.249.9][1585] SELECT MAX(semestre) FROM dace006 a, tblaca009 b WHERE a.exp_e='03-17288734' AND a.lapso='2012-2' AND b.pensum='5' AND b.c_uni_ca='5' AND status IN ('7','A','2') AND a.c_asigna=b.c_asigna  [1][0] OK
C:[12/11/2012 13:27:38.65][201.243.126.9][1344] SELECT pre_cod_asig1,pre_cod_asig2,pre_cod_asig3,pre_cod_asig4,pre_cod_asig5,pre_cod_asig6,pre_cod_asig7 FROM tblaca009 WHERE pensum='5' AND c_uni_ca='6' AND c_asigna='342559' [1][0] OK
C:[12/11/2012 13:27:38.65][201.243.126.9][1357] SELECT c_asigna FROM dace004 WHERE exp_e='10-20804309' AND c_asigna='342436' AND status IN ('0','3','B') [1][0] OK
C:[12/11/2012 13:27:38.65][201.243.126.9][1344] SELECT pre_cod_asig1,pre_cod_asig2,pre_cod_asig3,pre_cod_asig4,pre_cod_asig5,pre_cod_asig6,pre_cod_asig7 FROM tblaca009 WHERE pensum='5' AND c_uni_ca='6' AND c_asigna='300422' [1][0] OK
C:[12/11/2012 13:27:38.65][201.243.126.9][1357] SELECT c_asigna FROM dace004 WHERE exp_e='10-20804309' AND c_asigna='300105' AND status IN ('0','3','B') [1][0] OK
C:[12/11/2012 13:27:38.65][201.243.126.9][1357] SELECT c_asigna FROM dace004 WHERE exp_e='10-20804309' AND c_asigna='300314' AND status IN ('0','3','B') [1][0] OK
C:[12/11/2012 13:27:38.65][201.243.126.9][1344] SELECT pre_cod_asig1,pre_cod_asig2,pre_cod_asig3,pre_cod_asig4,pre_cod_asig5,pre_cod_asig6,pre_cod_asig7 FROM tblaca009 WHERE pensum='5' AND c_uni_ca='6' AND c_asigna='311561' [1][0] OK
C:[12/11/2012 13:27:38.65][201.243.126.9][1357] SELECT c_asigna FROM dace004 WHERE exp_e='10-20804309' AND c_asigna='300318' AND status IN ('0','3','B') [1][0] OK
C:[12/11/2012 13:27:38.65][201.243.126.9][1344] SELECT pre_cod_asig1,pre_cod_asig2,pre_cod_asig3,pre_cod_asig4,pre_cod_asig5,pre_cod_asig6,pre_cod_asig7 FROM tblaca009 WHERE pensum='5' AND c_uni_ca='6' AND c_asigna='340323' [1][0] OK
C:[12/11/2012 13:27:38.65][201.243.126.9][1357] SELECT c_asigna FROM dace004 WHERE exp_e='10-20804309' AND c_asigna='300228' AND status IN ('0','3','B') [1][0] OK
C:[12/11/2012 13:27:38.65][201.243.126.9][1357] SELECT c_asigna FROM dace004 WHERE exp_e='10-20804309' AND c_asigna='300207' AND status IN ('0','3','B') [1][0] OK
C:[12/11/2012 13:27:38.65][201.243.126.9][1344] SELECT pre_cod_asig1,pre_cod_asig2,pre_cod_asig3,pre_cod_asig4,pre_cod_asig5,pre_cod_asig6,pre_cod_asig7 FROM tblaca009 WHERE pensum='5' AND c_uni_ca='6' AND c_asigna='343568' [1][0] OK
C:[12/11/2012 13:27:38.65][201.243.126.9][1357] SELECT c_asigna FROM dace004 WHERE exp_e='10-20804309' AND c_asigna='340327' AND status IN ('0','3','B') [1][0] OK
C:[12/11/2012 13:27:38.65][201.243.126.9][1344] SELECT pre_cod_asig1,pre_cod_asig2,pre_cod_asig3,pre_cod_asig4,pre_cod_asig5,pre_cod_asig6,pre_cod_asig7 FROM tblaca009 WHERE pensum='5' AND c_uni_ca='6' AND c_asigna='344445' [1][0] OK
C:[12/11/2012 13:27:38.85][201.243.126.9][1388] SELECT par_cod_asig1,par_cod_asig2,par_cod_asig3 FROM tblaca009 WHERE pensum='5' AND c_uni_ca='6' AND c_asigna='342559' [1][0] OK
C:[12/11/2012 13:27:38.85][201.243.126.9][1388] SELECT par_cod_asig1,par_cod_asig2,par_cod_asig3 FROM tblaca009 WHERE pensum='5' AND c_uni_ca='6' AND c_asigna='300422' [1][0] OK
C:[12/11/2012 13:27:38.85][201.243.126.9][1388] SELECT par_cod_asig1,par_cod_asig2,par_cod_asig3 FROM tblaca009 WHERE pensum='5' AND c_uni_ca='6' AND c_asigna='311561' [1][0] OK
C:[12/11/2012 13:27:38.85][201.243.126.9][1388] SELECT par_cod_asig1,par_cod_asig2,par_cod_asig3 FROM tblaca009 WHERE pensum='5' AND c_uni_ca='6' AND c_asigna='340323' [1][0] OK
C:[12/11/2012 13:27:38.85][201.243.126.9][1388] SELECT par_cod_asig1,par_cod_asig2,par_cod_asig3 FROM tblaca009 WHERE pensum='5' AND c_uni_ca='6' AND c_asigna='343568' [1][0] OK
C:[12/11/2012 13:27:38.85][201.243.126.9][1388] SELECT par_cod_asig1,par_cod_asig2,par_cod_asig3 FROM tblaca009 WHERE pensum='5' AND c_uni_ca='6' AND c_asigna='344445' [1][0] OK
C:[12/11/2012 13:27:38.61][201.243.126.9][1518] SELECT horas_lab FROM tblaca008 WHERE c_asigna='342559' AND horas_teoricas > 0 [1][0] OK
C:[12/11/2012 13:27:38.28][201.243.126.9][1550] SELECT sum(u_creditos*1) FROM dace006 a, tblaca009 b WHERE a.exp_e='10-20804309' AND a.lapso='2012-2' AND b.pensum='5' AND b.c_uni_ca='6' AND status IN ('7','A','2') AND a.c_asigna=b.c_asigna  [1][0] OK
C:[12/11/2012 13:27:38.40][201.243.126.9][1569] SELECT sum(u_creditos*1) FROM dace006 a, tblaca009 b WHERE a.exp_e='10-20804309' AND a.lapso='2012-2' AND b.pensum='5' AND b.c_uni_ca='6' AND status IN ('7','A','2') AND a.c_asigna=b.c_asigna AND a.c_asigna IN ('300422','311561','340323','343568','344445') [1][0] OK
C:[12/11/2012 13:27:38.53][201.243.126.9][1585] SELECT MAX(semestre) FROM dace006 a, tblaca009 b WHERE a.exp_e='10-20804309' AND a.lapso='2012-2' AND b.pensum='5' AND b.c_uni_ca='6' AND status IN ('7','A','2') AND a.c_asigna=b.c_asigna  [1][0] OK
C:[12/11/2012 13:27:38.66][201.243.126.9][1606] SELECT MIN(semestre) FROM dace006 a, tblaca009 b WHERE a.exp_e='10-20804309' AND a.lapso='2012-2' AND b.pensum='5' AND b.c_uni_ca='6' AND status IN ('7','A','2') AND a.c_asigna=b.c_asigna AND a.c_asigna IN ('342559') [1][0] OK
C:[12/11/2012 15:09:03.70][190.37.174.251][1344] SELECT pre_cod_asig1,pre_cod_asig2,pre_cod_asig3,pre_cod_asig4,pre_cod_asig5,pre_cod_asig6,pre_cod_asig7 FROM tblaca009 WHERE pensum='5' AND c_uni_ca='3' AND c_asigna='300207' [1][0] OK
C:[12/11/2012 15:09:03.70][190.37.174.251][1357] SELECT c_asigna FROM dace004 WHERE exp_e='09-19622892' AND c_asigna='300101' AND status IN ('0','3','B') [1][0] OK
C:[12/11/2012 15:09:03.70][190.37.174.251][1344] SELECT pre_cod_asig1,pre_cod_asig2,pre_cod_asig3,pre_cod_asig4,pre_cod_asig5,pre_cod_asig6,pre_cod_asig7 FROM tblaca009 WHERE pensum='5' AND c_uni_ca='3' AND c_asigna='300228' [1][0] OK
C:[12/11/2012 15:09:03.70][190.37.174.251][1357] SELECT c_asigna FROM dace004 WHERE exp_e='09-19622892' AND c_asigna='300101' AND status IN ('0','3','B') [1][0] OK
C:[12/11/2012 15:09:03.20][190.37.174.251][1388] SELECT par_cod_asig1,par_cod_asig2,par_cod_asig3 FROM tblaca009 WHERE pensum='5' AND c_uni_ca='3' AND c_asigna='300207' [1][0] OK
C:[12/11/2012 15:09:03.20][190.37.174.251][1388] SELECT par_cod_asig1,par_cod_asig2,par_cod_asig3 FROM tblaca009 WHERE pensum='5' AND c_uni_ca='3' AND c_asigna='300228' [1][0] OK
C:[12/11/2012 15:09:03.47][190.37.174.251][1518] SELECT horas_lab FROM tblaca008 WHERE c_asigna='300207' AND horas_teoricas > 0 [1][0] OK
C:[12/11/2012 15:09:03.47][190.37.174.251][1518] SELECT horas_lab FROM tblaca008 WHERE c_asigna='300228' AND horas_teoricas > 0 [1][0] OK
C:[12/11/2012 15:09:03.70][190.37.174.251][1550] SELECT sum(u_creditos*1) FROM dace006 a, tblaca009 b WHERE a.exp_e='09-19622892' AND a.lapso='2012-2' AND b.pensum='5' AND b.c_uni_ca='3' AND status IN ('7','A','2') AND a.c_asigna=b.c_asigna  [1][0] OK
C:[12/11/2012 15:09:03.83][190.37.174.251][1569] SELECT sum(u_creditos*1) FROM dace006 a, tblaca009 b WHERE a.exp_e='09-19622892' AND a.lapso='2012-2' AND b.pensum='5' AND b.c_uni_ca='3' AND status IN ('7','A','2') AND a.c_asigna=b.c_asigna AND a.c_asigna IN () [0][0]  {[MERANT][ODBC SQLBase driver][SQLBase]00915 PRS IVC Invalid constant}
C:[12/11/2012 15:09:03.04][190.37.174.251][1585] SELECT MAX(semestre) FROM dace006 a, tblaca009 b WHERE a.exp_e='09-19622892' AND a.lapso='2012-2' AND b.pensum='5' AND b.c_uni_ca='3' AND status IN ('7','A','2') AND a.c_asigna=b.c_asigna  [1][0] [MERANT][ODBC SQLBase driver][SQLBase]00915 PRS IVC Invalid constant
C:[12/11/2012 15:09:03.96][190.37.174.251][1606] SELECT MIN(semestre) FROM dace006 a, tblaca009 b WHERE a.exp_e='09-19622892' AND a.lapso='2012-2' AND b.pensum='5' AND b.c_uni_ca='3' AND status IN ('7','A','2') AND a.c_asigna=b.c_asigna AND a.c_asigna IN ('300207','300228') [1][0] [MERANT][ODBC SQLBase driver][SQLBase]00915 PRS IVC Invalid constant
C:[12/11/2012 15:11:00.13][190.37.174.251][1344] SELECT pre_cod_asig1,pre_cod_asig2,pre_cod_asig3,pre_cod_asig4,pre_cod_asig5,pre_cod_asig6,pre_cod_asig7 FROM tblaca009 WHERE pensum='5' AND c_uni_ca='3' AND c_asigna='300207' [1][0] OK
C:[12/11/2012 15:11:00.13][190.37.174.251][1357] SELECT c_asigna FROM dace004 WHERE exp_e='09-19622892' AND c_asigna='300101' AND status IN ('0','3','B') [1][0] OK
C:[12/11/2012 15:11:00.13][190.37.174.251][1344] SELECT pre_cod_asig1,pre_cod_asig2,pre_cod_asig3,pre_cod_asig4,pre_cod_asig5,pre_cod_asig6,pre_cod_asig7 FROM tblaca009 WHERE pensum='5' AND c_uni_ca='3' AND c_asigna='300228' [1][0] OK
C:[12/11/2012 15:11:00.13][190.37.174.251][1357] SELECT c_asigna FROM dace004 WHERE exp_e='09-19622892' AND c_asigna='300101' AND status IN ('0','3','B') [1][0] OK
C:[12/11/2012 15:11:00.63][190.37.174.251][1388] SELECT par_cod_asig1,par_cod_asig2,par_cod_asig3 FROM tblaca009 WHERE pensum='5' AND c_uni_ca='3' AND c_asigna='300207' [1][0] OK
C:[12/11/2012 15:11:00.63][190.37.174.251][1388] SELECT par_cod_asig1,par_cod_asig2,par_cod_asig3 FROM tblaca009 WHERE pensum='5' AND c_uni_ca='3' AND c_asigna='300228' [1][0] OK
C:[12/11/2012 15:11:00.90][190.37.174.251][1518] SELECT horas_lab FROM tblaca008 WHERE c_asigna='300207' AND horas_teoricas > 0 [1][0] OK
C:[12/11/2012 15:11:00.90][190.37.174.251][1518] SELECT horas_lab FROM tblaca008 WHERE c_asigna='300228' AND horas_teoricas > 0 [1][0] OK
C:[12/11/2012 15:11:00.13][190.37.174.251][1550] SELECT sum(u_creditos*1) FROM dace006 a, tblaca009 b WHERE a.exp_e='09-19622892' AND a.lapso='2012-2' AND b.pensum='5' AND b.c_uni_ca='3' AND status IN ('7','A','2') AND a.c_asigna=b.c_asigna  [1][0] OK
C:[12/11/2012 15:11:00.26][190.37.174.251][1569] SELECT sum(u_creditos*1) FROM dace006 a, tblaca009 b WHERE a.exp_e='09-19622892' AND a.lapso='2012-2' AND b.pensum='5' AND b.c_uni_ca='3' AND status IN ('7','A','2') AND a.c_asigna=b.c_asigna AND a.c_asigna IN () [0][0]  {[MERANT][ODBC SQLBase driver][SQLBase]00915 PRS IVC Invalid constant}
C:[12/11/2012 15:11:00.50][190.37.174.251][1585] SELECT MAX(semestre) FROM dace006 a, tblaca009 b WHERE a.exp_e='09-19622892' AND a.lapso='2012-2' AND b.pensum='5' AND b.c_uni_ca='3' AND status IN ('7','A','2') AND a.c_asigna=b.c_asigna  [1][0] [MERANT][ODBC SQLBase driver][SQLBase]00915 PRS IVC Invalid constant
C:[12/11/2012 15:11:00.39][190.37.174.251][1606] SELECT MIN(semestre) FROM dace006 a, tblaca009 b WHERE a.exp_e='09-19622892' AND a.lapso='2012-2' AND b.pensum='5' AND b.c_uni_ca='3' AND status IN ('7','A','2') AND a.c_asigna=b.c_asigna AND a.c_asigna IN ('300207','300228') [1][0] [MERANT][ODBC SQLBase driver][SQLBase]00915 PRS IVC Invalid constant
C:[12/11/2012 18:32:51.14][200.109.223.196][1344] SELECT pre_cod_asig1,pre_cod_asig2,pre_cod_asig3,pre_cod_asig4,pre_cod_asig5,pre_cod_asig6,pre_cod_asig7 FROM tblaca009 WHERE pensum='5' AND c_uni_ca='5' AND c_asigna='300116' [1][0] OK
C:[12/11/2012 18:32:51.14][200.109.223.196][1344] SELECT pre_cod_asig1,pre_cod_asig2,pre_cod_asig3,pre_cod_asig4,pre_cod_asig5,pre_cod_asig6,pre_cod_asig7 FROM tblaca009 WHERE pensum='5' AND c_uni_ca='5' AND c_asigna='300013' [1][0] OK
C:[12/11/2012 18:32:51.14][200.109.223.196][1344] SELECT pre_cod_asig1,pre_cod_asig2,pre_cod_asig3,pre_cod_asig4,pre_cod_asig5,pre_cod_asig6,pre_cod_asig7 FROM tblaca009 WHERE pensum='5' AND c_uni_ca='5' AND c_asigna='300113' [1][0] OK
C:[12/11/2012 18:32:51.14][200.109.223.196][1344] SELECT pre_cod_asig1,pre_cod_asig2,pre_cod_asig3,pre_cod_asig4,pre_cod_asig5,pre_cod_asig6,pre_cod_asig7 FROM tblaca009 WHERE pensum='5' AND c_uni_ca='5' AND c_asigna='300207' [1][0] OK
C:[12/11/2012 18:32:51.14][200.109.223.196][1357] SELECT c_asigna FROM dace004 WHERE exp_e='11-21250565' AND c_asigna='300101' AND status IN ('0','3','B') [1][0] OK
C:[12/11/2012 18:32:51.14][200.109.223.196][1344] SELECT pre_cod_asig1,pre_cod_asig2,pre_cod_asig3,pre_cod_asig4,pre_cod_asig5,pre_cod_asig6,pre_cod_asig7 FROM tblaca009 WHERE pensum='5' AND c_uni_ca='5' AND c_asigna='300209' [1][0] OK
C:[12/11/2012 18:32:51.14][200.109.223.196][1357] SELECT c_asigna FROM dace004 WHERE exp_e='11-21250565' AND c_asigna='300101' AND status IN ('0','3','B') [1][0] OK
C:[12/11/2012 18:32:52.02][200.109.223.196][1388] SELECT par_cod_asig1,par_cod_asig2,par_cod_asig3 FROM tblaca009 WHERE pensum='5' AND c_uni_ca='5' AND c_asigna='300116' [1][0] OK
C:[12/11/2012 18:32:52.02][200.109.223.196][1388] SELECT par_cod_asig1,par_cod_asig2,par_cod_asig3 FROM tblaca009 WHERE pensum='5' AND c_uni_ca='5' AND c_asigna='300013' [1][0] OK
C:[12/11/2012 18:32:52.02][200.109.223.196][1388] SELECT par_cod_asig1,par_cod_asig2,par_cod_asig3 FROM tblaca009 WHERE pensum='5' AND c_uni_ca='5' AND c_asigna='300113' [1][0] OK
C:[12/11/2012 18:32:52.02][200.109.223.196][1402] SELECT c_asigna FROM dace004 WHERE exp_e='11-21250565' AND c_asigna='300013' AND status IN ('0','3','B','C') [0][0] OK
C:[12/11/2012 18:32:52.02][200.109.223.196][1388] SELECT par_cod_asig1,par_cod_asig2,par_cod_asig3 FROM tblaca009 WHERE pensum='5' AND c_uni_ca='5' AND c_asigna='300207' [1][0] OK
C:[12/11/2012 18:32:52.02][200.109.223.196][1388] SELECT par_cod_asig1,par_cod_asig2,par_cod_asig3 FROM tblaca009 WHERE pensum='5' AND c_uni_ca='5' AND c_asigna='300209' [1][0] OK
C:[12/11/2012 18:32:52.78][200.109.223.196][1518] SELECT horas_lab FROM tblaca008 WHERE c_asigna='300116' AND horas_teoricas > 0 [1][0] OK
C:[12/11/2012 18:32:52.89][200.109.223.196][1550] SELECT sum(u_creditos*1) FROM dace006 a, tblaca009 b WHERE a.exp_e='11-21250565' AND a.lapso='2012-2' AND b.pensum='5' AND b.c_uni_ca='5' AND status IN ('7','A','2') AND a.c_asigna=b.c_asigna  [1][0] OK
C:[12/11/2012 18:32:52.02][200.109.223.196][1569] SELECT sum(u_creditos*1) FROM dace006 a, tblaca009 b WHERE a.exp_e='11-21250565' AND a.lapso='2012-2' AND b.pensum='5' AND b.c_uni_ca='5' AND status IN ('7','A','2') AND a.c_asigna=b.c_asigna AND a.c_asigna IN ('300013','300113','300207','300209') [1][0] OK
C:[12/11/2012 18:32:52.15][200.109.223.196][1585] SELECT MAX(semestre) FROM dace006 a, tblaca009 b WHERE a.exp_e='11-21250565' AND a.lapso='2012-2' AND b.pensum='5' AND b.c_uni_ca='5' AND status IN ('7','A','2') AND a.c_asigna=b.c_asigna  [1][0] OK
C:[12/11/2012 18:32:52.27][200.109.223.196][1606] SELECT MIN(semestre) FROM dace006 a, tblaca009 b WHERE a.exp_e='11-21250565' AND a.lapso='2012-2' AND b.pensum='5' AND b.c_uni_ca='5' AND status IN ('7','A','2') AND a.c_asigna=b.c_asigna AND a.c_asigna IN ('300116') [1][0] OK
C:[12/11/2012 19:23:52.57][190.75.178.150][1344] SELECT pre_cod_asig1,pre_cod_asig2,pre_cod_asig3,pre_cod_asig4,pre_cod_asig5,pre_cod_asig6,pre_cod_asig7 FROM tblaca009 WHERE pensum='5' AND c_uni_ca='5' AND c_asigna='300207' [1][0] OK
C:[12/11/2012 19:23:52.57][190.75.178.150][1357] SELECT c_asigna FROM dace004 WHERE exp_e='08-19420509' AND c_asigna='300101' AND status IN ('0','3','B') [1][0] OK
C:[12/11/2012 19:23:52.82][190.75.178.150][1388] SELECT par_cod_asig1,par_cod_asig2,par_cod_asig3 FROM tblaca009 WHERE pensum='5' AND c_uni_ca='5' AND c_asigna='300207' [1][0] OK
C:[12/11/2012 19:23:52.96][190.75.178.150][1550] SELECT sum(u_creditos*1) FROM dace006 a, tblaca009 b WHERE a.exp_e='08-19420509' AND a.lapso='2012-2' AND b.pensum='5' AND b.c_uni_ca='5' AND status IN ('7','A','2') AND a.c_asigna=b.c_asigna  [1][0] OK
C:[12/11/2012 19:23:52.07][190.75.178.150][1569] SELECT sum(u_creditos*1) FROM dace006 a, tblaca009 b WHERE a.exp_e='08-19420509' AND a.lapso='2012-2' AND b.pensum='5' AND b.c_uni_ca='5' AND status IN ('7','A','2') AND a.c_asigna=b.c_asigna AND a.c_asigna IN ('300207') [1][0] OK
C:[12/11/2012 19:23:52.19][190.75.178.150][1585] SELECT MAX(semestre) FROM dace006 a, tblaca009 b WHERE a.exp_e='08-19420509' AND a.lapso='2012-2' AND b.pensum='5' AND b.c_uni_ca='5' AND status IN ('7','A','2') AND a.c_asigna=b.c_asigna  [1][0] OK
C:[12/11/2012 20:05:18.85][190.36.24.58][1344] SELECT pre_cod_asig1,pre_cod_asig2,pre_cod_asig3,pre_cod_asig4,pre_cod_asig5,pre_cod_asig6,pre_cod_asig7 FROM tblaca009 WHERE pensum='5' AND c_uni_ca='3' AND c_asigna='311775' [1][0] OK
C:[12/11/2012 20:05:18.85][190.36.24.58][1357] SELECT c_asigna FROM dace004 WHERE exp_e='00-15137251' AND c_asigna='311655' AND status IN ('0','3','B') [1][0] OK
C:[12/11/2012 20:05:18.85][190.36.24.58][1344] SELECT pre_cod_asig1,pre_cod_asig2,pre_cod_asig3,pre_cod_asig4,pre_cod_asig5,pre_cod_asig6,pre_cod_asig7 FROM tblaca009 WHERE pensum='5' AND c_uni_ca='3' AND c_asigna='311795' [1][0] OK
C:[12/11/2012 20:05:18.85][190.36.24.58][1357] SELECT c_asigna FROM dace004 WHERE exp_e='00-15137251' AND c_asigna='311674' AND status IN ('0','3','B') [1][0] OK
C:[12/11/2012 20:05:18.85][190.36.24.58][1357] SELECT c_asigna FROM dace004 WHERE exp_e='00-15137251' AND c_asigna='311673' AND status IN ('0','3','B') [1][0] OK
C:[12/11/2012 20:05:18.47][190.36.24.58][1388] SELECT par_cod_asig1,par_cod_asig2,par_cod_asig3 FROM tblaca009 WHERE pensum='5' AND c_uni_ca='3' AND c_asigna='311775' [1][0] OK
C:[12/11/2012 20:05:18.47][190.36.24.58][1388] SELECT par_cod_asig1,par_cod_asig2,par_cod_asig3 FROM tblaca009 WHERE pensum='5' AND c_uni_ca='3' AND c_asigna='311795' [1][0] OK
C:[12/11/2012 20:05:18.74][190.36.24.58][1550] SELECT sum(u_creditos*1) FROM dace006 a, tblaca009 b WHERE a.exp_e='00-15137251' AND a.lapso='2012-2' AND b.pensum='5' AND b.c_uni_ca='3' AND status IN ('7','A','2') AND a.c_asigna=b.c_asigna  [1][0] OK
C:[12/11/2012 20:05:18.85][190.36.24.58][1569] SELECT sum(u_creditos*1) FROM dace006 a, tblaca009 b WHERE a.exp_e='00-15137251' AND a.lapso='2012-2' AND b.pensum='5' AND b.c_uni_ca='3' AND status IN ('7','A','2') AND a.c_asigna=b.c_asigna AND a.c_asigna IN ('311775','311795') [1][0] OK
C:[12/11/2012 20:05:18.97][190.36.24.58][1585] SELECT MAX(semestre) FROM dace006 a, tblaca009 b WHERE a.exp_e='00-15137251' AND a.lapso='2012-2' AND b.pensum='5' AND b.c_uni_ca='3' AND status IN ('7','A','2') AND a.c_asigna=b.c_asigna  [1][0] OK
C:[12/11/2012 20:06:29.73][190.36.24.58][1344] SELECT pre_cod_asig1,pre_cod_asig2,pre_cod_asig3,pre_cod_asig4,pre_cod_asig5,pre_cod_asig6,pre_cod_asig7 FROM tblaca009 WHERE pensum='5' AND c_uni_ca='3' AND c_asigna='311775' [1][0] OK
C:[12/11/2012 20:06:29.73][190.36.24.58][1357] SELECT c_asigna FROM dace004 WHERE exp_e='00-15137251' AND c_asigna='311655' AND status IN ('0','3','B') [1][0] OK
C:[12/11/2012 20:06:29.73][190.36.24.58][1344] SELECT pre_cod_asig1,pre_cod_asig2,pre_cod_asig3,pre_cod_asig4,pre_cod_asig5,pre_cod_asig6,pre_cod_asig7 FROM tblaca009 WHERE pensum='5' AND c_uni_ca='3' AND c_asigna='311795' [1][0] OK
C:[12/11/2012 20:06:29.73][190.36.24.58][1357] SELECT c_asigna FROM dace004 WHERE exp_e='00-15137251' AND c_asigna='311674' AND status IN ('0','3','B') [1][0] OK
C:[12/11/2012 20:06:29.73][190.36.24.58][1357] SELECT c_asigna FROM dace004 WHERE exp_e='00-15137251' AND c_asigna='311673' AND status IN ('0','3','B') [1][0] OK
C:[12/11/2012 20:06:29.35][190.36.24.58][1388] SELECT par_cod_asig1,par_cod_asig2,par_cod_asig3 FROM tblaca009 WHERE pensum='5' AND c_uni_ca='3' AND c_asigna='311775' [1][0] OK
C:[12/11/2012 20:06:29.35][190.36.24.58][1388] SELECT par_cod_asig1,par_cod_asig2,par_cod_asig3 FROM tblaca009 WHERE pensum='5' AND c_uni_ca='3' AND c_asigna='311795' [1][0] OK
C:[12/11/2012 20:06:29.62][190.36.24.58][1550] SELECT sum(u_creditos*1) FROM dace006 a, tblaca009 b WHERE a.exp_e='00-15137251' AND a.lapso='2012-2' AND b.pensum='5' AND b.c_uni_ca='3' AND status IN ('7','A','2') AND a.c_asigna=b.c_asigna  [1][0] OK
C:[12/11/2012 20:06:29.73][190.36.24.58][1569] SELECT sum(u_creditos*1) FROM dace006 a, tblaca009 b WHERE a.exp_e='00-15137251' AND a.lapso='2012-2' AND b.pensum='5' AND b.c_uni_ca='3' AND status IN ('7','A','2') AND a.c_asigna=b.c_asigna AND a.c_asigna IN ('311775','311795') [1][0] OK
C:[12/11/2012 20:06:29.85][190.36.24.58][1585] SELECT MAX(semestre) FROM dace006 a, tblaca009 b WHERE a.exp_e='00-15137251' AND a.lapso='2012-2' AND b.pensum='5' AND b.c_uni_ca='3' AND status IN ('7','A','2') AND a.c_asigna=b.c_asigna  [1][0] OK
C:[12/11/2012 20:16:56.67][190.94.234.109][1344] SELECT pre_cod_asig1,pre_cod_asig2,pre_cod_asig3,pre_cod_asig4,pre_cod_asig5,pre_cod_asig6,pre_cod_asig7 FROM tblaca009 WHERE pensum='5' AND c_uni_ca='5' AND c_asigna='300112' [1][0] OK
C:[12/11/2012 20:16:56.67][190.94.234.109][1344] SELECT pre_cod_asig1,pre_cod_asig2,pre_cod_asig3,pre_cod_asig4,pre_cod_asig5,pre_cod_asig6,pre_cod_asig7 FROM tblaca009 WHERE pensum='5' AND c_uni_ca='5' AND c_asigna='300113' [1][0] OK
C:[12/11/2012 20:16:56.67][190.94.234.109][1344] SELECT pre_cod_asig1,pre_cod_asig2,pre_cod_asig3,pre_cod_asig4,pre_cod_asig5,pre_cod_asig6,pre_cod_asig7 FROM tblaca009 WHERE pensum='5' AND c_uni_ca='5' AND c_asigna='300213' [1][0] OK
C:[12/11/2012 20:16:56.67][190.94.234.109][1357] SELECT c_asigna FROM dace004 WHERE exp_e='03-17209179' AND c_asigna='300101' AND status IN ('0','3','B') [1][0] OK
C:[12/11/2012 20:16:56.17][190.94.234.109][1388] SELECT par_cod_asig1,par_cod_asig2,par_cod_asig3 FROM tblaca009 WHERE pensum='5' AND c_uni_ca='5' AND c_asigna='300112' [1][0] OK
C:[12/11/2012 20:16:56.17][190.94.234.109][1388] SELECT par_cod_asig1,par_cod_asig2,par_cod_asig3 FROM tblaca009 WHERE pensum='5' AND c_uni_ca='5' AND c_asigna='300113' [1][0] OK
C:[12/11/2012 20:16:56.17][190.94.234.109][1402] SELECT c_asigna FROM dace004 WHERE exp_e='03-17209179' AND c_asigna='300013' AND status IN ('0','3','B','C') [1][0] OK
C:[12/11/2012 20:16:56.17][190.94.234.109][1388] SELECT par_cod_asig1,par_cod_asig2,par_cod_asig3 FROM tblaca009 WHERE pensum='5' AND c_uni_ca='5' AND c_asigna='300213' [1][0] OK
C:[12/11/2012 20:16:56.17][190.94.234.109][1402] SELECT c_asigna FROM dace004 WHERE exp_e='03-17209179' AND c_asigna='300209' AND status IN ('0','3','B','C') [1][0] OK
C:[12/11/2012 20:16:56.81][190.94.234.109][1550] SELECT sum(u_creditos*1) FROM dace006 a, tblaca009 b WHERE a.exp_e='03-17209179' AND a.lapso='2012-2' AND b.pensum='5' AND b.c_uni_ca='5' AND status IN ('7','A','2') AND a.c_asigna=b.c_asigna  [1][0] OK
C:[12/11/2012 20:16:56.93][190.94.234.109][1569] SELECT sum(u_creditos*1) FROM dace006 a, tblaca009 b WHERE a.exp_e='03-17209179' AND a.lapso='2012-2' AND b.pensum='5' AND b.c_uni_ca='5' AND status IN ('7','A','2') AND a.c_asigna=b.c_asigna AND a.c_asigna IN ('300112','300113','300213') [1][0] OK
C:[12/11/2012 20:16:56.05][190.94.234.109][1585] SELECT MAX(semestre) FROM dace006 a, tblaca009 b WHERE a.exp_e='03-17209179' AND a.lapso='2012-2' AND b.pensum='5' AND b.c_uni_ca='5' AND status IN ('7','A','2') AND a.c_asigna=b.c_asigna  [1][0] OK
C:[12/11/2012 21:00:50.39][190.37.240.181][1344] SELECT pre_cod_asig1,pre_cod_asig2,pre_cod_asig3,pre_cod_asig4,pre_cod_asig5,pre_cod_asig6,pre_cod_asig7 FROM tblaca009 WHERE pensum='5' AND c_uni_ca='5' AND c_asigna='355722' [1][0] OK
C:[12/11/2012 21:00:50.39][190.37.240.181][1357] SELECT c_asigna FROM dace004 WHERE exp_e='09-20804323' AND c_asigna='355691' AND status IN ('0','3','B') [1][0] OK
C:[12/11/2012 21:00:50.39][190.37.240.181][1357] SELECT c_asigna FROM dace004 WHERE exp_e='09-20804323' AND c_asigna='355595' AND status IN ('0','3','B') [1][0] OK
C:[12/11/2012 21:00:50.39][190.37.240.181][1344] SELECT pre_cod_asig1,pre_cod_asig2,pre_cod_asig3,pre_cod_asig4,pre_cod_asig5,pre_cod_asig6,pre_cod_asig7 FROM tblaca009 WHERE pensum='5' AND c_uni_ca='5' AND c_asigna='355693' [1][0] OK
C:[12/11/2012 21:00:50.39][190.37.240.181][1357] SELECT c_asigna FROM dace004 WHERE exp_e='09-20804323' AND c_asigna='355572' AND status IN ('0','3','B') [1][0] OK
C:[12/11/2012 21:00:50.39][190.37.240.181][1357] SELECT c_asigna FROM dace004 WHERE exp_e='09-20804323' AND c_asigna='352440' AND status IN ('0','3','B') [1][0] OK
C:[12/11/2012 21:00:50.39][190.37.240.181][1357] SELECT c_asigna FROM dace004 WHERE exp_e='09-20804323' AND c_asigna='355573' AND status IN ('0','3','B') [1][0] OK
C:[12/11/2012 21:00:50.39][190.37.240.181][1357] SELECT c_asigna FROM dace004 WHERE exp_e='09-20804323' AND c_asigna='300226' AND status IN ('0','3','B') [1][0] OK
C:[12/11/2012 21:00:50.39][190.37.240.181][1357] SELECT c_asigna FROM dace004 WHERE exp_e='09-20804323' AND c_asigna='300222' AND status IN ('0','3','B') [1][0] OK
C:[12/11/2012 21:00:50.39][190.37.240.181][1357] SELECT c_asigna FROM dace004 WHERE exp_e='09-20804323' AND c_asigna='300013' AND status IN ('0','3','B') [1][0] OK
C:[12/11/2012 21:00:50.39][190.37.240.181][1357] SELECT c_asigna FROM dace004 WHERE exp_e='09-20804323' AND c_asigna='300113' AND status IN ('0','3','B') [1][0] OK
C:[12/11/2012 21:00:50.39][190.37.240.181][1344] SELECT pre_cod_asig1,pre_cod_asig2,pre_cod_asig3,pre_cod_asig4,pre_cod_asig5,pre_cod_asig6,pre_cod_asig7 FROM tblaca009 WHERE pensum='5' AND c_uni_ca='5' AND c_asigna='355694' [1][0] OK
C:[12/11/2012 21:00:50.39][190.37.240.181][1357] SELECT c_asigna FROM dace004 WHERE exp_e='09-20804323' AND c_asigna='355572' AND status IN ('0','3','B') [1][0] OK
C:[12/11/2012 21:00:50.39][190.37.240.181][1357] SELECT c_asigna FROM dace004 WHERE exp_e='09-20804323' AND c_asigna='355571' AND status IN ('0','3','B') [1][0] OK
C:[12/11/2012 21:00:50.39][190.37.240.181][1344] SELECT pre_cod_asig1,pre_cod_asig2,pre_cod_asig3,pre_cod_asig4,pre_cod_asig5,pre_cod_asig6,pre_cod_asig7 FROM tblaca009 WHERE pensum='5' AND c_uni_ca='5' AND c_asigna='355696' [1][0] OK
C:[12/11/2012 21:00:50.39][190.37.240.181][1357] SELECT c_asigna FROM dace004 WHERE exp_e='09-20804323' AND c_asigna='355570' AND status IN ('0','3','B') [1][0] OK
C:[12/11/2012 21:00:50.39][190.37.240.181][1357] SELECT c_asigna FROM dace004 WHERE exp_e='09-20804323' AND c_asigna='355571' AND status IN ('0','3','B') [1][0] OK
C:[12/11/2012 21:00:50.39][190.37.240.181][1344] SELECT pre_cod_asig1,pre_cod_asig2,pre_cod_asig3,pre_cod_asig4,pre_cod_asig5,pre_cod_asig6,pre_cod_asig7 FROM tblaca009 WHERE pensum='5' AND c_uni_ca='5' AND c_asigna='355835' [1][0] OK
C:[12/11/2012 21:00:50.39][190.37.240.181][1357] SELECT c_asigna FROM dace004 WHERE exp_e='09-20804323' AND c_asigna='355691' AND status IN ('0','3','B') [1][0] OK
C:[12/11/2012 21:00:51.76][190.37.240.181][1388] SELECT par_cod_asig1,par_cod_asig2,par_cod_asig3 FROM tblaca009 WHERE pensum='5' AND c_uni_ca='5' AND c_asigna='355722' [1][0] OK
C:[12/11/2012 21:00:51.76][190.37.240.181][1388] SELECT par_cod_asig1,par_cod_asig2,par_cod_asig3 FROM tblaca009 WHERE pensum='5' AND c_uni_ca='5' AND c_asigna='355693' [1][0] OK
C:[12/11/2012 21:00:51.76][190.37.240.181][1388] SELECT par_cod_asig1,par_cod_asig2,par_cod_asig3 FROM tblaca009 WHERE pensum='5' AND c_uni_ca='5' AND c_asigna='355694' [1][0] OK
C:[12/11/2012 21:00:51.76][190.37.240.181][1388] SELECT par_cod_asig1,par_cod_asig2,par_cod_asig3 FROM tblaca009 WHERE pensum='5' AND c_uni_ca='5' AND c_asigna='355696' [1][0] OK
C:[12/11/2012 21:00:51.76][190.37.240.181][1388] SELECT par_cod_asig1,par_cod_asig2,par_cod_asig3 FROM tblaca009 WHERE pensum='5' AND c_uni_ca='5' AND c_asigna='355835' [1][0] OK
C:[12/11/2012 21:00:51.40][190.37.240.181][1518] SELECT horas_lab FROM tblaca008 WHERE c_asigna='355722' AND horas_teoricas > 0 [1][0] OK
C:[12/11/2012 21:00:51.52][190.37.240.181][1550] SELECT sum(u_creditos*1) FROM dace006 a, tblaca009 b WHERE a.exp_e='09-20804323' AND a.lapso='2012-2' AND b.pensum='5' AND b.c_uni_ca='5' AND status IN ('7','A','2') AND a.c_asigna=b.c_asigna  [1][0] OK
C:[12/11/2012 21:00:51.64][190.37.240.181][1569] SELECT sum(u_creditos*1) FROM dace006 a, tblaca009 b WHERE a.exp_e='09-20804323' AND a.lapso='2012-2' AND b.pensum='5' AND b.c_uni_ca='5' AND status IN ('7','A','2') AND a.c_asigna=b.c_asigna AND a.c_asigna IN ('355693','355694','355696','355835') [1][0] OK
C:[12/11/2012 21:00:51.76][190.37.240.181][1585] SELECT MAX(semestre) FROM dace006 a, tblaca009 b WHERE a.exp_e='09-20804323' AND a.lapso='2012-2' AND b.pensum='5' AND b.c_uni_ca='5' AND status IN ('7','A','2') AND a.c_asigna=b.c_asigna  [1][0] OK
C:[12/11/2012 21:00:51.89][190.37.240.181][1606] SELECT MIN(semestre) FROM dace006 a, tblaca009 b WHERE a.exp_e='09-20804323' AND a.lapso='2012-2' AND b.pensum='5' AND b.c_uni_ca='5' AND status IN ('7','A','2') AND a.c_asigna=b.c_asigna AND a.c_asigna IN ('355722') [1][0] OK
C:[12/11/2012 21:37:34.20][190.37.237.254][1344] SELECT pre_cod_asig1,pre_cod_asig2,pre_cod_asig3,pre_cod_asig4,pre_cod_asig5,pre_cod_asig6,pre_cod_asig7 FROM tblaca009 WHERE pensum='5' AND c_uni_ca='3' AND c_asigna='300112' [1][0] OK
C:[12/11/2012 21:37:34.20][190.37.237.254][1344] SELECT pre_cod_asig1,pre_cod_asig2,pre_cod_asig3,pre_cod_asig4,pre_cod_asig5,pre_cod_asig6,pre_cod_asig7 FROM tblaca009 WHERE pensum='5' AND c_uni_ca='3' AND c_asigna='300116' [1][0] OK
C:[12/11/2012 21:37:34.20][190.37.237.254][1344] SELECT pre_cod_asig1,pre_cod_asig2,pre_cod_asig3,pre_cod_asig4,pre_cod_asig5,pre_cod_asig6,pre_cod_asig7 FROM tblaca009 WHERE pensum='5' AND c_uni_ca='3' AND c_asigna='300207' [1][0] OK
C:[12/11/2012 21:37:34.20][190.37.237.254][1357] SELECT c_asigna FROM dace004 WHERE exp_e='11-22820428' AND c_asigna='300101' AND status IN ('0','3','B') [1][0] OK
C:[12/11/2012 21:37:34.20][190.37.237.254][1344] SELECT pre_cod_asig1,pre_cod_asig2,pre_cod_asig3,pre_cod_asig4,pre_cod_asig5,pre_cod_asig6,pre_cod_asig7 FROM tblaca009 WHERE pensum='5' AND c_uni_ca='3' AND c_asigna='300209' [1][0] OK
C:[12/11/2012 21:37:34.20][190.37.237.254][1357] SELECT c_asigna FROM dace004 WHERE exp_e='11-22820428' AND c_asigna='300101' AND status IN ('0','3','B') [1][0] OK
C:[12/11/2012 21:37:34.20][190.37.237.254][1344] SELECT pre_cod_asig1,pre_cod_asig2,pre_cod_asig3,pre_cod_asig4,pre_cod_asig5,pre_cod_asig6,pre_cod_asig7 FROM tblaca009 WHERE pensum='5' AND c_uni_ca='3' AND c_asigna='300213' [1][0] OK
C:[12/11/2012 21:37:34.20][190.37.237.254][1357] SELECT c_asigna FROM dace004 WHERE exp_e='11-22820428' AND c_asigna='300101' AND status IN ('0','3','B') [1][0] OK
C:[12/11/2012 21:37:34.20][190.37.237.254][1388] SELECT par_cod_asig1,par_cod_asig2,par_cod_asig3 FROM tblaca009 WHERE pensum='5' AND c_uni_ca='3' AND c_asigna='300112' [1][0] OK
C:[12/11/2012 21:37:34.20][190.37.237.254][1388] SELECT par_cod_asig1,par_cod_asig2,par_cod_asig3 FROM tblaca009 WHERE pensum='5' AND c_uni_ca='3' AND c_asigna='300116' [1][0] OK
C:[12/11/2012 21:37:34.20][190.37.237.254][1388] SELECT par_cod_asig1,par_cod_asig2,par_cod_asig3 FROM tblaca009 WHERE pensum='5' AND c_uni_ca='3' AND c_asigna='300207' [1][0] OK
C:[12/11/2012 21:37:34.20][190.37.237.254][1388] SELECT par_cod_asig1,par_cod_asig2,par_cod_asig3 FROM tblaca009 WHERE pensum='5' AND c_uni_ca='3' AND c_asigna='300209' [1][0] OK
C:[12/11/2012 21:37:34.20][190.37.237.254][1388] SELECT par_cod_asig1,par_cod_asig2,par_cod_asig3 FROM tblaca009 WHERE pensum='5' AND c_uni_ca='3' AND c_asigna='300213' [1][0] OK
C:[12/11/2012 21:37:34.20][190.37.237.254][1402] SELECT c_asigna FROM dace004 WHERE exp_e='11-22820428' AND c_asigna='300209' AND status IN ('0','3','B','C') [0][0] OK
C:[12/11/2012 21:37:34.97][190.37.237.254][1518] SELECT horas_lab FROM tblaca008 WHERE c_asigna='300112' AND horas_teoricas > 0 [1][0] OK
C:[12/11/2012 21:37:34.08][190.37.237.254][1550] SELECT sum(u_creditos*1) FROM dace006 a, tblaca009 b WHERE a.exp_e='11-22820428' AND a.lapso='2012-2' AND b.pensum='5' AND b.c_uni_ca='3' AND status IN ('7','A','2') AND a.c_asigna=b.c_asigna  [1][0] OK
C:[12/11/2012 21:37:34.20][190.37.237.254][1569] SELECT sum(u_creditos*1) FROM dace006 a, tblaca009 b WHERE a.exp_e='11-22820428' AND a.lapso='2012-2' AND b.pensum='5' AND b.c_uni_ca='3' AND status IN ('7','A','2') AND a.c_asigna=b.c_asigna AND a.c_asigna IN ('300116','300207','300209','300213') [1][0] OK
C:[12/11/2012 21:37:34.32][190.37.237.254][1585] SELECT MAX(semestre) FROM dace006 a, tblaca009 b WHERE a.exp_e='11-22820428' AND a.lapso='2012-2' AND b.pensum='5' AND b.c_uni_ca='3' AND status IN ('7','A','2') AND a.c_asigna=b.c_asigna  [1][0] OK
C:[12/11/2012 21:37:34.45][190.37.237.254][1606] SELECT MIN(semestre) FROM dace006 a, tblaca009 b WHERE a.exp_e='11-22820428' AND a.lapso='2012-2' AND b.pensum='5' AND b.c_uni_ca='3' AND status IN ('7','A','2') AND a.c_asigna=b.c_asigna AND a.c_asigna IN ('300112') [1][0] OK
C:[13/11/2012 08:18:42.20][201.243.218.156][1344] SELECT pre_cod_asig1,pre_cod_asig2,pre_cod_asig3,pre_cod_asig4,pre_cod_asig5,pre_cod_asig6,pre_cod_asig7 FROM tblaca009 WHERE pensum='5' AND c_uni_ca='6' AND c_asigna='300222' [1][0] OK
C:[13/11/2012 08:18:42.20][201.243.218.156][1357] SELECT c_asigna FROM dace004 WHERE exp_e='11-21236163' AND c_asigna='300112' AND status IN ('0','3','B') [1][0] OK
C:[13/11/2012 08:18:42.20][201.243.218.156][1344] SELECT pre_cod_asig1,pre_cod_asig2,pre_cod_asig3,pre_cod_asig4,pre_cod_asig5,pre_cod_asig6,pre_cod_asig7 FROM tblaca009 WHERE pensum='5' AND c_uni_ca='6' AND c_asigna='300213' [1][0] OK
C:[13/11/2012 08:18:42.20][201.243.218.156][1357] SELECT c_asigna FROM dace004 WHERE exp_e='11-21236163' AND c_asigna='300101' AND status IN ('0','3','B') [1][0] OK
C:[13/11/2012 08:18:42.20][201.243.218.156][1344] SELECT pre_cod_asig1,pre_cod_asig2,pre_cod_asig3,pre_cod_asig4,pre_cod_asig5,pre_cod_asig6,pre_cod_asig7 FROM tblaca009 WHERE pensum='5' AND c_uni_ca='6' AND c_asigna='300226' [1][0] OK
C:[13/11/2012 08:18:42.20][201.243.218.156][1357] SELECT c_asigna FROM dace004 WHERE exp_e='11-21236163' AND c_asigna='300116' AND status IN ('0','3','B') [1][0] OK
C:[13/11/2012 08:18:42.20][201.243.218.156][1344] SELECT pre_cod_asig1,pre_cod_asig2,pre_cod_asig3,pre_cod_asig4,pre_cod_asig5,pre_cod_asig6,pre_cod_asig7 FROM tblaca009 WHERE pensum='5' AND c_uni_ca='6' AND c_asigna='300228' [1][0] OK
C:[13/11/2012 08:18:42.20][201.243.218.156][1357] SELECT c_asigna FROM dace004 WHERE exp_e='11-21236163' AND c_asigna='300101' AND status IN ('0','3','B') [1][0] OK
C:[13/11/2012 08:18:42.20][201.243.218.156][1344] SELECT pre_cod_asig1,pre_cod_asig2,pre_cod_asig3,pre_cod_asig4,pre_cod_asig5,pre_cod_asig6,pre_cod_asig7 FROM tblaca009 WHERE pensum='5' AND c_uni_ca='6' AND c_asigna='300317' [1][0] OK
C:[13/11/2012 08:18:42.20][201.243.218.156][1357] SELECT c_asigna FROM dace004 WHERE exp_e='11-21236163' AND c_asigna='300207' AND status IN ('0','3','B') [1][0] OK
C:[13/11/2012 08:18:42.20][201.243.218.156][1357] SELECT c_asigna FROM dace004 WHERE exp_e='11-21236163' AND c_asigna='300209' AND status IN ('0','3','B') [1][0] OK
C:[13/11/2012 08:18:42.58][201.243.218.156][1388] SELECT par_cod_asig1,par_cod_asig2,par_cod_asig3 FROM tblaca009 WHERE pensum='5' AND c_uni_ca='6' AND c_asigna='300222' [1][0] OK
C:[13/11/2012 08:18:42.58][201.243.218.156][1388] SELECT par_cod_asig1,par_cod_asig2,par_cod_asig3 FROM tblaca009 WHERE pensum='5' AND c_uni_ca='6' AND c_asigna='300213' [1][0] OK
C:[13/11/2012 08:18:42.58][201.243.218.156][1402] SELECT c_asigna FROM dace004 WHERE exp_e='11-21236163' AND c_asigna='300209' AND status IN ('0','3','B','C') [1][0] OK
C:[13/11/2012 08:18:42.58][201.243.218.156][1388] SELECT par_cod_asig1,par_cod_asig2,par_cod_asig3 FROM tblaca009 WHERE pensum='5' AND c_uni_ca='6' AND c_asigna='300226' [1][0] OK
C:[13/11/2012 08:18:42.58][201.243.218.156][1388] SELECT par_cod_asig1,par_cod_asig2,par_cod_asig3 FROM tblaca009 WHERE pensum='5' AND c_uni_ca='6' AND c_asigna='300228' [1][0] OK
C:[13/11/2012 08:18:42.58][201.243.218.156][1388] SELECT par_cod_asig1,par_cod_asig2,par_cod_asig3 FROM tblaca009 WHERE pensum='5' AND c_uni_ca='6' AND c_asigna='300317' [1][0] OK
C:[13/11/2012 08:18:42.34][201.243.218.156][1518] SELECT horas_lab FROM tblaca008 WHERE c_asigna='300222' AND horas_teoricas > 0 [1][0] OK
C:[13/11/2012 08:18:43.45][201.243.218.156][1550] SELECT sum(u_creditos*1) FROM dace006 a, tblaca009 b WHERE a.exp_e='11-21236163' AND a.lapso='2012-2' AND b.pensum='5' AND b.c_uni_ca='6' AND status IN ('7','A','2') AND a.c_asigna=b.c_asigna  [1][0] OK
C:[13/11/2012 08:18:43.58][201.243.218.156][1569] SELECT sum(u_creditos*1) FROM dace006 a, tblaca009 b WHERE a.exp_e='11-21236163' AND a.lapso='2012-2' AND b.pensum='5' AND b.c_uni_ca='6' AND status IN ('7','A','2') AND a.c_asigna=b.c_asigna AND a.c_asigna IN ('300213','300226','300228','300317') [1][0] OK
C:[13/11/2012 08:18:43.70][201.243.218.156][1585] SELECT MAX(semestre) FROM dace006 a, tblaca009 b WHERE a.exp_e='11-21236163' AND a.lapso='2012-2' AND b.pensum='5' AND b.c_uni_ca='6' AND status IN ('7','A','2') AND a.c_asigna=b.c_asigna  [1][0] OK
C:[13/11/2012 08:18:43.83][201.243.218.156][1606] SELECT MIN(semestre) FROM dace006 a, tblaca009 b WHERE a.exp_e='11-21236163' AND a.lapso='2012-2' AND b.pensum='5' AND b.c_uni_ca='6' AND status IN ('7','A','2') AND a.c_asigna=b.c_asigna AND a.c_asigna IN ('300222') [1][0] OK
C:[13/11/2012 10:03:51.76][172.16.8.125][1344] SELECT pre_cod_asig1,pre_cod_asig2,pre_cod_asig3,pre_cod_asig4,pre_cod_asig5,pre_cod_asig6,pre_cod_asig7 FROM tblaca009 WHERE pensum='5' AND c_uni_ca='2' AND c_asigna='300956' [1][0] OK
C:[13/11/2012 10:03:51.76][172.16.8.125][1357] SELECT c_asigna FROM dace004 WHERE exp_e='08-19303617' AND c_asigna='300422' AND status IN ('0','3','B') [1][0] OK
C:[13/11/2012 10:03:51.76][172.16.8.125][1357] SELECT c_asigna FROM dace004 WHERE exp_e='08-19303617' AND c_asigna='300105' AND status IN ('0','3','B') [1][0] OK
C:[13/11/2012 10:03:51.76][172.16.8.125][1357] SELECT c_asigna FROM dace004 WHERE exp_e='08-19303617' AND c_asigna='300314' AND status IN ('0','3','B') [1][0] OK
C:[13/11/2012 10:03:51.76][172.16.8.125][1344] SELECT pre_cod_asig1,pre_cod_asig2,pre_cod_asig3,pre_cod_asig4,pre_cod_asig5,pre_cod_asig6,pre_cod_asig7 FROM tblaca009 WHERE pensum='5' AND c_uni_ca='2' AND c_asigna='300890' [1][0] OK
C:[13/11/2012 10:03:51.76][172.16.8.125][1344] SELECT pre_cod_asig1,pre_cod_asig2,pre_cod_asig3,pre_cod_asig4,pre_cod_asig5,pre_cod_asig6,pre_cod_asig7 FROM tblaca009 WHERE pensum='5' AND c_uni_ca='2' AND c_asigna='322033' [1][0] OK
C:[13/11/2012 10:03:51.76][172.16.8.125][1344] SELECT pre_cod_asig1,pre_cod_asig2,pre_cod_asig3,pre_cod_asig4,pre_cod_asig5,pre_cod_asig6,pre_cod_asig7 FROM tblaca009 WHERE pensum='5' AND c_uni_ca='2' AND c_asigna='322055' [1][0] OK
C:[13/11/2012 10:03:51.76][172.16.8.125][1344] SELECT pre_cod_asig1,pre_cod_asig2,pre_cod_asig3,pre_cod_asig4,pre_cod_asig5,pre_cod_asig6,pre_cod_asig7 FROM tblaca009 WHERE pensum='5' AND c_uni_ca='2' AND c_asigna='322780' [1][0] OK
C:[13/11/2012 10:03:51.76][172.16.8.125][1357] SELECT c_asigna FROM dace004 WHERE exp_e='08-19303617' AND c_asigna='322678' AND status IN ('0','3','B') [1][0] OK
C:[13/11/2012 10:03:51.76][172.16.8.125][1344] SELECT pre_cod_asig1,pre_cod_asig2,pre_cod_asig3,pre_cod_asig4,pre_cod_asig5,pre_cod_asig6,pre_cod_asig7 FROM tblaca009 WHERE pensum='5' AND c_uni_ca='2' AND c_asigna='322826' [1][0] OK
C:[13/11/2012 10:03:51.76][172.16.8.125][1357] SELECT c_asigna FROM dace004 WHERE exp_e='08-19303617' AND c_asigna='322702' AND status IN ('0','3','B') [1][0] OK
C:[13/11/2012 10:03:51.13][172.16.8.125][1388] SELECT par_cod_asig1,par_cod_asig2,par_cod_asig3 FROM tblaca009 WHERE pensum='5' AND c_uni_ca='2' AND c_asigna='300956' [1][0] OK
C:[13/11/2012 10:03:51.13][172.16.8.125][1388] SELECT par_cod_asig1,par_cod_asig2,par_cod_asig3 FROM tblaca009 WHERE pensum='5' AND c_uni_ca='2' AND c_asigna='300890' [1][0] OK
C:[13/11/2012 10:03:51.13][172.16.8.125][1388] SELECT par_cod_asig1,par_cod_asig2,par_cod_asig3 FROM tblaca009 WHERE pensum='5' AND c_uni_ca='2' AND c_asigna='322033' [1][0] OK
C:[13/11/2012 10:03:51.13][172.16.8.125][1388] SELECT par_cod_asig1,par_cod_asig2,par_cod_asig3 FROM tblaca009 WHERE pensum='5' AND c_uni_ca='2' AND c_asigna='322055' [1][0] OK
C:[13/11/2012 10:03:51.13][172.16.8.125][1388] SELECT par_cod_asig1,par_cod_asig2,par_cod_asig3 FROM tblaca009 WHERE pensum='5' AND c_uni_ca='2' AND c_asigna='322780' [1][0] OK
C:[13/11/2012 10:03:51.13][172.16.8.125][1388] SELECT par_cod_asig1,par_cod_asig2,par_cod_asig3 FROM tblaca009 WHERE pensum='5' AND c_uni_ca='2' AND c_asigna='322826' [1][0] OK
C:[13/11/2012 10:03:51.90][172.16.8.125][1518] SELECT horas_lab FROM tblaca008 WHERE c_asigna='300956' AND horas_teoricas > 0 [1][0] OK
C:[13/11/2012 10:03:51.01][172.16.8.125][1550] SELECT sum(u_creditos*1) FROM dace006 a, tblaca009 b WHERE a.exp_e='08-19303617' AND a.lapso='2012-2' AND b.pensum='5' AND b.c_uni_ca='2' AND status IN ('7','A','2') AND a.c_asigna=b.c_asigna  [1][0] OK
C:[13/11/2012 10:03:51.14][172.16.8.125][1569] SELECT sum(u_creditos*1) FROM dace006 a, tblaca009 b WHERE a.exp_e='08-19303617' AND a.lapso='2012-2' AND b.pensum='5' AND b.c_uni_ca='2' AND status IN ('7','A','2') AND a.c_asigna=b.c_asigna AND a.c_asigna IN ('300890','322033','322055','322780','322826') [1][0] OK
C:[13/11/2012 10:03:51.26][172.16.8.125][1585] SELECT MAX(semestre) FROM dace006 a, tblaca009 b WHERE a.exp_e='08-19303617' AND a.lapso='2012-2' AND b.pensum='5' AND b.c_uni_ca='2' AND status IN ('7','A','2') AND a.c_asigna=b.c_asigna  [1][0] OK
C:[13/11/2012 10:03:51.38][172.16.8.125][1606] SELECT MIN(semestre) FROM dace006 a, tblaca009 b WHERE a.exp_e='08-19303617' AND a.lapso='2012-2' AND b.pensum='5' AND b.c_uni_ca='2' AND status IN ('7','A','2') AND a.c_asigna=b.c_asigna AND a.c_asigna IN ('300956') [1][0] OK
C:[13/11/2012 10:53:28.97][172.16.12.215][1344] SELECT pre_cod_asig1,pre_cod_asig2,pre_cod_asig3,pre_cod_asig4,pre_cod_asig5,pre_cod_asig6,pre_cod_asig7 FROM tblaca009 WHERE pensum='5' AND c_uni_ca='5' AND c_asigna='351330' [1][0] OK
C:[13/11/2012 10:53:28.97][172.16.12.215][1357] SELECT c_asigna FROM dace004 WHERE exp_e='11-23730885' AND c_asigna='300218' AND status IN ('0','3','B') [1][0] OK
C:[13/11/2012 10:53:28.97][172.16.12.215][1344] SELECT pre_cod_asig1,pre_cod_asig2,pre_cod_asig3,pre_cod_asig4,pre_cod_asig5,pre_cod_asig6,pre_cod_asig7 FROM tblaca009 WHERE pensum='5' AND c_uni_ca='5' AND c_asigna='300313' [1][0] OK
C:[13/11/2012 10:53:28.97][172.16.12.215][1357] SELECT c_asigna FROM dace004 WHERE exp_e='11-23730885' AND c_asigna='300213' AND status IN ('0','3','B') [1][0] OK
C:[13/11/2012 10:53:28.97][172.16.12.215][1357] SELECT c_asigna FROM dace004 WHERE exp_e='11-23730885' AND c_asigna='300226' AND status IN ('0','3','B') [1][0] OK
C:[13/11/2012 10:53:28.97][172.16.12.215][1357] SELECT c_asigna FROM dace004 WHERE exp_e='11-23730885' AND c_asigna='300222' AND status IN ('0','3','B') [1][0] OK
C:[13/11/2012 10:53:28.97][172.16.12.215][1357] SELECT c_asigna FROM dace004 WHERE exp_e='11-23730885' AND c_asigna='300209' AND status IN ('0','3','B') [1][0] OK
C:[13/11/2012 10:53:28.97][172.16.12.215][1344] SELECT pre_cod_asig1,pre_cod_asig2,pre_cod_asig3,pre_cod_asig4,pre_cod_asig5,pre_cod_asig6,pre_cod_asig7 FROM tblaca009 WHERE pensum='5' AND c_uni_ca='5' AND c_asigna='300314' [1][0] OK
C:[13/11/2012 10:53:28.97][172.16.12.215][1357] SELECT c_asigna FROM dace004 WHERE exp_e='11-23730885' AND c_asigna='300106' AND status IN ('0','3','B') [1][0] OK
C:[13/11/2012 10:53:28.97][172.16.12.215][1344] SELECT pre_cod_asig1,pre_cod_asig2,pre_cod_asig3,pre_cod_asig4,pre_cod_asig5,pre_cod_asig6,pre_cod_asig7 FROM tblaca009 WHERE pensum='5' AND c_uni_ca='5' AND c_asigna='300317' [1][0] OK
C:[13/11/2012 10:53:28.97][172.16.12.215][1357] SELECT c_asigna FROM dace004 WHERE exp_e='11-23730885' AND c_asigna='300207' AND status IN ('0','3','B') [1][0] OK
C:[13/11/2012 10:53:28.97][172.16.12.215][1357] SELECT c_asigna FROM dace004 WHERE exp_e='11-23730885' AND c_asigna='300209' AND status IN ('0','3','B') [1][0] OK
C:[13/11/2012 10:53:28.97][172.16.12.215][1344] SELECT pre_cod_asig1,pre_cod_asig2,pre_cod_asig3,pre_cod_asig4,pre_cod_asig5,pre_cod_asig6,pre_cod_asig7 FROM tblaca009 WHERE pensum='5' AND c_uni_ca='5' AND c_asigna='300318' [1][0] OK
C:[13/11/2012 10:53:28.97][172.16.12.215][1357] SELECT c_asigna FROM dace004 WHERE exp_e='11-23730885' AND c_asigna='300228' AND status IN ('0','3','B') [1][0] OK
C:[13/11/2012 10:53:28.97][172.16.12.215][1357] SELECT c_asigna FROM dace004 WHERE exp_e='11-23730885' AND c_asigna='300207' AND status IN ('0','3','B') [1][0] OK
C:[13/11/2012 10:53:28.97][172.16.12.215][1357] SELECT c_asigna FROM dace004 WHERE exp_e='11-23730885' AND c_asigna='300218' AND status IN ('0','3','B') [1][0] OK
C:[13/11/2012 10:53:28.97][172.16.12.215][1344] SELECT pre_cod_asig1,pre_cod_asig2,pre_cod_asig3,pre_cod_asig4,pre_cod_asig5,pre_cod_asig6,pre_cod_asig7 FROM tblaca009 WHERE pensum='5' AND c_uni_ca='5' AND c_asigna='355350' [1][0] OK
C:[13/11/2012 10:53:28.97][172.16.12.215][1357] SELECT c_asigna FROM dace004 WHERE exp_e='11-23730885' AND c_asigna='300207' AND status IN ('0','3','B') [1][0] OK
C:[13/11/2012 10:53:28.97][172.16.12.215][1357] SELECT c_asigna FROM dace004 WHERE exp_e='11-23730885' AND c_asigna='300228' AND status IN ('0','3','B') [1][0] OK
C:[13/11/2012 10:53:29.35][172.16.12.215][1388] SELECT par_cod_asig1,par_cod_asig2,par_cod_asig3 FROM tblaca009 WHERE pensum='5' AND c_uni_ca='5' AND c_asigna='351330' [1][0] OK
C:[13/11/2012 10:53:29.35][172.16.12.215][1402] SELECT c_asigna FROM dace004 WHERE exp_e='11-23730885' AND c_asigna='300318' AND status IN ('0','3','B','C') [0][0] OK
C:[13/11/2012 10:53:29.35][172.16.12.215][1402] SELECT c_asigna FROM dace004 WHERE exp_e='11-23730885' AND c_asigna='300317' AND status IN ('0','3','B','C') [0][0] OK
C:[13/11/2012 10:53:29.35][172.16.12.215][1388] SELECT par_cod_asig1,par_cod_asig2,par_cod_asig3 FROM tblaca009 WHERE pensum='5' AND c_uni_ca='5' AND c_asigna='300313' [1][0] OK
C:[13/11/2012 10:53:29.35][172.16.12.215][1388] SELECT par_cod_asig1,par_cod_asig2,par_cod_asig3 FROM tblaca009 WHERE pensum='5' AND c_uni_ca='5' AND c_asigna='300314' [1][0] OK
C:[13/11/2012 10:53:29.35][172.16.12.215][1388] SELECT par_cod_asig1,par_cod_asig2,par_cod_asig3 FROM tblaca009 WHERE pensum='5' AND c_uni_ca='5' AND c_asigna='300317' [1][0] OK
C:[13/11/2012 10:53:29.35][172.16.12.215][1388] SELECT par_cod_asig1,par_cod_asig2,par_cod_asig3 FROM tblaca009 WHERE pensum='5' AND c_uni_ca='5' AND c_asigna='300318' [1][0] OK
C:[13/11/2012 10:53:29.35][172.16.12.215][1388] SELECT par_cod_asig1,par_cod_asig2,par_cod_asig3 FROM tblaca009 WHERE pensum='5' AND c_uni_ca='5' AND c_asigna='355350' [1][0] OK
C:[13/11/2012 10:53:29.36][172.16.12.215][1518] SELECT horas_lab FROM tblaca008 WHERE c_asigna='351330' AND horas_teoricas > 0 [1][0] OK
C:[13/11/2012 10:53:29.47][172.16.12.215][1550] SELECT sum(u_creditos*1) FROM dace006 a, tblaca009 b WHERE a.exp_e='11-23730885' AND a.lapso='2012-2' AND b.pensum='5' AND b.c_uni_ca='5' AND status IN ('7','A','2') AND a.c_asigna=b.c_asigna  [1][0] OK
C:[13/11/2012 10:53:29.60][172.16.12.215][1569] SELECT sum(u_creditos*1) FROM dace006 a, tblaca009 b WHERE a.exp_e='11-23730885' AND a.lapso='2012-2' AND b.pensum='5' AND b.c_uni_ca='5' AND status IN ('7','A','2') AND a.c_asigna=b.c_asigna AND a.c_asigna IN ('300313','300314','300317','300318','355350') [1][0] OK
C:[13/11/2012 10:53:29.72][172.16.12.215][1585] SELECT MAX(semestre) FROM dace006 a, tblaca009 b WHERE a.exp_e='11-23730885' AND a.lapso='2012-2' AND b.pensum='5' AND b.c_uni_ca='5' AND status IN ('7','A','2') AND a.c_asigna=b.c_asigna  [1][0] OK
C:[13/11/2012 10:53:29.85][172.16.12.215][1606] SELECT MIN(semestre) FROM dace006 a, tblaca009 b WHERE a.exp_e='11-23730885' AND a.lapso='2012-2' AND b.pensum='5' AND b.c_uni_ca='5' AND status IN ('7','A','2') AND a.c_asigna=b.c_asigna AND a.c_asigna IN ('351330') [1][0] OK
C:[13/11/2012 12:20:32.24][186.88.133.74][1344] SELECT pre_cod_asig1,pre_cod_asig2,pre_cod_asig3,pre_cod_asig4,pre_cod_asig5,pre_cod_asig6,pre_cod_asig7 FROM tblaca009 WHERE pensum='5' AND c_uni_ca='3' AND c_asigna='300228' [1][0] OK
C:[13/11/2012 12:20:32.24][186.88.133.74][1357] SELECT c_asigna FROM dace004 WHERE exp_e='06-18248448' AND c_asigna='300101' AND status IN ('0','3','B') [1][0] OK
C:[13/11/2012 12:20:32.24][186.88.133.74][1344] SELECT pre_cod_asig1,pre_cod_asig2,pre_cod_asig3,pre_cod_asig4,pre_cod_asig5,pre_cod_asig6,pre_cod_asig7 FROM tblaca009 WHERE pensum='5' AND c_uni_ca='3' AND c_asigna='300317' [1][0] OK
C:[13/11/2012 12:20:32.24][186.88.133.74][1357] SELECT c_asigna FROM dace004 WHERE exp_e='06-18248448' AND c_asigna='300207' AND status IN ('0','3','B') [1][0] OK
C:[13/11/2012 12:20:32.24][186.88.133.74][1357] SELECT c_asigna FROM dace004 WHERE exp_e='06-18248448' AND c_asigna='300209' AND status IN ('0','3','B') [1][0] OK
C:[13/11/2012 12:20:32.86][186.88.133.74][1388] SELECT par_cod_asig1,par_cod_asig2,par_cod_asig3 FROM tblaca009 WHERE pensum='5' AND c_uni_ca='3' AND c_asigna='300228' [1][0] OK
C:[13/11/2012 12:20:32.86][186.88.133.74][1388] SELECT par_cod_asig1,par_cod_asig2,par_cod_asig3 FROM tblaca009 WHERE pensum='5' AND c_uni_ca='3' AND c_asigna='300317' [1][0] OK
C:[13/11/2012 12:20:32.12][186.88.133.74][1518] SELECT horas_lab FROM tblaca008 WHERE c_asigna='300228' AND horas_teoricas > 0 [1][0] OK
C:[13/11/2012 12:20:32.12][186.88.133.74][1518] SELECT horas_lab FROM tblaca008 WHERE c_asigna='300317' AND horas_teoricas > 0 [1][0] OK
C:[13/11/2012 12:20:32.36][186.88.133.74][1550] SELECT sum(u_creditos*1) FROM dace006 a, tblaca009 b WHERE a.exp_e='06-18248448' AND a.lapso='2012-2' AND b.pensum='5' AND b.c_uni_ca='3' AND status IN ('7','A','2') AND a.c_asigna=b.c_asigna  [1][0] OK
C:[13/11/2012 12:20:32.49][186.88.133.74][1569] SELECT sum(u_creditos*1) FROM dace006 a, tblaca009 b WHERE a.exp_e='06-18248448' AND a.lapso='2012-2' AND b.pensum='5' AND b.c_uni_ca='3' AND status IN ('7','A','2') AND a.c_asigna=b.c_asigna AND a.c_asigna IN () [0][0]  {[MERANT][ODBC SQLBase driver][SQLBase]00915 PRS IVC Invalid constant}
C:[13/11/2012 12:20:32.65][186.88.133.74][1585] SELECT MAX(semestre) FROM dace006 a, tblaca009 b WHERE a.exp_e='06-18248448' AND a.lapso='2012-2' AND b.pensum='5' AND b.c_uni_ca='3' AND status IN ('7','A','2') AND a.c_asigna=b.c_asigna  [1][0] [MERANT][ODBC SQLBase driver][SQLBase]00915 PRS IVC Invalid constant
C:[13/11/2012 12:20:32.61][186.88.133.74][1606] SELECT MIN(semestre) FROM dace006 a, tblaca009 b WHERE a.exp_e='06-18248448' AND a.lapso='2012-2' AND b.pensum='5' AND b.c_uni_ca='3' AND status IN ('7','A','2') AND a.c_asigna=b.c_asigna AND a.c_asigna IN ('300228','300317') [1][0] [MERANT][ODBC SQLBase driver][SQLBase]00915 PRS IVC Invalid constant
C:[13/11/2012 12:23:30.40][190.121.239.151][1344] SELECT pre_cod_asig1,pre_cod_asig2,pre_cod_asig3,pre_cod_asig4,pre_cod_asig5,pre_cod_asig6,pre_cod_asig7 FROM tblaca009 WHERE pensum='5' AND c_uni_ca='6' AND c_asigna='344951' [1][0] OK
C:[13/11/2012 12:23:30.40][190.121.239.151][1357] SELECT c_asigna FROM dace004 WHERE exp_e='02-15908444' AND c_asigna='344689' AND status IN ('0','3','B') [1][0] OK
C:[13/11/2012 12:23:30.40][190.121.239.151][1357] SELECT c_asigna FROM dace004 WHERE exp_e='02-15908444' AND c_asigna='344687' AND status IN ('0','3','B') [1][0] OK
C:[13/11/2012 12:23:30.40][190.121.239.151][1344] SELECT pre_cod_asig1,pre_cod_asig2,pre_cod_asig3,pre_cod_asig4,pre_cod_asig5,pre_cod_asig6,pre_cod_asig7 FROM tblaca009 WHERE pensum='5' AND c_uni_ca='6' AND c_asigna='344047' [1][0] OK
C:[13/11/2012 12:23:30.40][190.121.239.151][1357] SELECT c_asigna FROM dace004 WHERE exp_e='02-15908444' AND c_asigna='344715' AND status IN ('0','3','B') [1][0] OK
C:[13/11/2012 12:23:30.40][190.121.239.151][1357] SELECT c_asigna FROM dace004 WHERE exp_e='02-15908444' AND c_asigna='344843' AND status IN ('0','3','B') [1][0] OK
C:[13/11/2012 12:23:30.40][190.121.239.151][1357] SELECT c_asigna FROM dace004 WHERE exp_e='02-15908444' AND c_asigna='300313' AND status IN ('0','3','B') [0][0] OK
C:[13/11/2012 12:23:30.40][190.121.239.151][1344] SELECT pre_cod_asig1,pre_cod_asig2,pre_cod_asig3,pre_cod_asig4,pre_cod_asig5,pre_cod_asig6,pre_cod_asig7 FROM tblaca009 WHERE pensum='5' AND c_uni_ca='6' AND c_asigna='344732' [1][0] OK
C:[13/11/2012 12:23:30.40][190.121.239.151][1357] SELECT c_asigna FROM dace004 WHERE exp_e='02-15908444' AND c_asigna='344687' AND status IN ('0','3','B') [1][0] OK
C:[13/11/2012 12:23:30.40][190.121.239.151][1344] SELECT pre_cod_asig1,pre_cod_asig2,pre_cod_asig3,pre_cod_asig4,pre_cod_asig5,pre_cod_asig6,pre_cod_asig7 FROM tblaca009 WHERE pensum='5' AND c_uni_ca='6' AND c_asigna='344948' [1][0] OK
C:[13/11/2012 12:23:30.40][190.121.239.151][1344] SELECT pre_cod_asig1,pre_cod_asig2,pre_cod_asig3,pre_cod_asig4,pre_cod_asig5,pre_cod_asig6,pre_cod_asig7 FROM tblaca009 WHERE pensum='5' AND c_uni_ca='6' AND c_asigna='344953' [1][0] OK
C:[13/11/2012 12:23:30.40][190.121.239.151][1344] SELECT pre_cod_asig1,pre_cod_asig2,pre_cod_asig3,pre_cod_asig4,pre_cod_asig5,pre_cod_asig6,pre_cod_asig7 FROM tblaca009 WHERE pensum='5' AND c_uni_ca='6' AND c_asigna='344963' [1][0] OK
C:[13/11/2012 12:23:30.90][190.121.239.151][1388] SELECT par_cod_asig1,par_cod_asig2,par_cod_asig3 FROM tblaca009 WHERE pensum='5' AND c_uni_ca='6' AND c_asigna='344951' [1][0] OK
C:[13/11/2012 12:23:30.90][190.121.239.151][1388] SELECT par_cod_asig1,par_cod_asig2,par_cod_asig3 FROM tblaca009 WHERE pensum='5' AND c_uni_ca='6' AND c_asigna='344047' [1][0] OK
C:[13/11/2012 12:23:30.90][190.121.239.151][1388] SELECT par_cod_asig1,par_cod_asig2,par_cod_asig3 FROM tblaca009 WHERE pensum='5' AND c_uni_ca='6' AND c_asigna='344732' [1][0] OK
C:[13/11/2012 12:23:30.90][190.121.239.151][1388] SELECT par_cod_asig1,par_cod_asig2,par_cod_asig3 FROM tblaca009 WHERE pensum='5' AND c_uni_ca='6' AND c_asigna='344948' [1][0] OK
C:[13/11/2012 12:23:30.90][190.121.239.151][1388] SELECT par_cod_asig1,par_cod_asig2,par_cod_asig3 FROM tblaca009 WHERE pensum='5' AND c_uni_ca='6' AND c_asigna='344953' [1][0] OK
C:[13/11/2012 12:23:30.90][190.121.239.151][1388] SELECT par_cod_asig1,par_cod_asig2,par_cod_asig3 FROM tblaca009 WHERE pensum='5' AND c_uni_ca='6' AND c_asigna='344963' [1][0] OK
C:[13/11/2012 12:23:31.67][190.121.239.151][1518] SELECT horas_lab FROM tblaca008 WHERE c_asigna='344951' AND horas_teoricas > 0 [1][0] OK
C:[13/11/2012 12:23:31.79][190.121.239.151][1550] SELECT sum(u_creditos*1) FROM dace006 a, tblaca009 b WHERE a.exp_e='02-15908444' AND a.lapso='2012-2' AND b.pensum='5' AND b.c_uni_ca='6' AND status IN ('7','A','2') AND a.c_asigna=b.c_asigna  [1][0] OK
C:[13/11/2012 12:23:31.90][190.121.239.151][1569] SELECT sum(u_creditos*1) FROM dace006 a, tblaca009 b WHERE a.exp_e='02-15908444' AND a.lapso='2012-2' AND b.pensum='5' AND b.c_uni_ca='6' AND status IN ('7','A','2') AND a.c_asigna=b.c_asigna AND a.c_asigna IN ('344047','344732','344948','344953','344963') [1][0] OK
C:[13/11/2012 12:23:31.02][190.121.239.151][1585] SELECT MAX(semestre) FROM dace006 a, tblaca009 b WHERE a.exp_e='02-15908444' AND a.lapso='2012-2' AND b.pensum='5' AND b.c_uni_ca='6' AND status IN ('7','A','2') AND a.c_asigna=b.c_asigna  [1][0] OK
C:[13/11/2012 12:23:31.15][190.121.239.151][1606] SELECT MIN(semestre) FROM dace006 a, tblaca009 b WHERE a.exp_e='02-15908444' AND a.lapso='2012-2' AND b.pensum='5' AND b.c_uni_ca='6' AND status IN ('7','A','2') AND a.c_asigna=b.c_asigna AND a.c_asigna IN ('344951') [1][0] OK
C:[13/11/2012 12:31:01.61][190.37.254.47][1344] SELECT pre_cod_asig1,pre_cod_asig2,pre_cod_asig3,pre_cod_asig4,pre_cod_asig5,pre_cod_asig6,pre_cod_asig7 FROM tblaca009 WHERE pensum='5' AND c_uni_ca='5' AND c_asigna='355722' [1][0] OK
C:[13/11/2012 12:31:01.61][190.37.254.47][1357] SELECT c_asigna FROM dace004 WHERE exp_e='07-19622163' AND c_asigna='355691' AND status IN ('0','3','B') [1][0] OK
C:[13/11/2012 12:31:01.61][190.37.254.47][1357] SELECT c_asigna FROM dace004 WHERE exp_e='07-19622163' AND c_asigna='355595' AND status IN ('0','3','B') [1][0] OK
C:[13/11/2012 12:31:01.61][190.37.254.47][1344] SELECT pre_cod_asig1,pre_cod_asig2,pre_cod_asig3,pre_cod_asig4,pre_cod_asig5,pre_cod_asig6,pre_cod_asig7 FROM tblaca009 WHERE pensum='5' AND c_uni_ca='5' AND c_asigna='354852' [1][0] OK
C:[13/11/2012 12:31:01.61][190.37.254.47][1344] SELECT pre_cod_asig1,pre_cod_asig2,pre_cod_asig3,pre_cod_asig4,pre_cod_asig5,pre_cod_asig6,pre_cod_asig7 FROM tblaca009 WHERE pensum='5' AND c_uni_ca='5' AND c_asigna='355720' [1][0] OK
C:[13/11/2012 12:31:01.61][190.37.254.47][1357] SELECT c_asigna FROM dace004 WHERE exp_e='07-19622163' AND c_asigna='355692' AND status IN ('0','3','B') [1][0] OK
C:[13/11/2012 12:31:01.61][190.37.254.47][1357] SELECT c_asigna FROM dace004 WHERE exp_e='07-19622163' AND c_asigna='355696' AND status IN ('0','3','B') [1][0] OK
C:[13/11/2012 12:31:01.61][190.37.254.47][1344] SELECT pre_cod_asig1,pre_cod_asig2,pre_cod_asig3,pre_cod_asig4,pre_cod_asig5,pre_cod_asig6,pre_cod_asig7 FROM tblaca009 WHERE pensum='5' AND c_uni_ca='5' AND c_asigna='355724' [1][0] OK
C:[13/11/2012 12:31:01.61][190.37.254.47][1357] SELECT c_asigna FROM dace004 WHERE exp_e='07-19622163' AND c_asigna='355692' AND status IN ('0','3','B') [1][0] OK
C:[13/11/2012 12:31:01.61][190.37.254.47][1344] SELECT pre_cod_asig1,pre_cod_asig2,pre_cod_asig3,pre_cod_asig4,pre_cod_asig5,pre_cod_asig6,pre_cod_asig7 FROM tblaca009 WHERE pensum='5' AND c_uni_ca='5' AND c_asigna='355725' [1][0] OK
C:[13/11/2012 12:31:01.61][190.37.254.47][1357] SELECT c_asigna FROM dace004 WHERE exp_e='07-19622163' AND c_asigna='355693' AND status IN ('0','3','B') [1][0] OK
C:[13/11/2012 12:31:01.61][190.37.254.47][1357] SELECT c_asigna FROM dace004 WHERE exp_e='07-19622163' AND c_asigna='355692' AND status IN ('0','3','B') [1][0] OK
C:[13/11/2012 12:31:01.61][190.37.254.47][1344] SELECT pre_cod_asig1,pre_cod_asig2,pre_cod_asig3,pre_cod_asig4,pre_cod_asig5,pre_cod_asig6,pre_cod_asig7 FROM tblaca009 WHERE pensum='5' AND c_uni_ca='5' AND c_asigna='355874' [1][0] OK
C:[13/11/2012 12:31:01.61][190.37.254.47][1357] SELECT c_asigna FROM dace004 WHERE exp_e='07-19622163' AND c_asigna='355448' AND status IN ('0','3','B') [1][0] OK
C:[13/11/2012 12:31:01.35][190.37.254.47][1388] SELECT par_cod_asig1,par_cod_asig2,par_cod_asig3 FROM tblaca009 WHERE pensum='5' AND c_uni_ca='5' AND c_asigna='355722' [1][0] OK
C:[13/11/2012 12:31:01.35][190.37.254.47][1388] SELECT par_cod_asig1,par_cod_asig2,par_cod_asig3 FROM tblaca009 WHERE pensum='5' AND c_uni_ca='5' AND c_asigna='354852' [1][0] OK
C:[13/11/2012 12:31:01.35][190.37.254.47][1388] SELECT par_cod_asig1,par_cod_asig2,par_cod_asig3 FROM tblaca009 WHERE pensum='5' AND c_uni_ca='5' AND c_asigna='355720' [1][0] OK
C:[13/11/2012 12:31:01.35][190.37.254.47][1388] SELECT par_cod_asig1,par_cod_asig2,par_cod_asig3 FROM tblaca009 WHERE pensum='5' AND c_uni_ca='5' AND c_asigna='355724' [1][0] OK
C:[13/11/2012 12:31:01.35][190.37.254.47][1388] SELECT par_cod_asig1,par_cod_asig2,par_cod_asig3 FROM tblaca009 WHERE pensum='5' AND c_uni_ca='5' AND c_asigna='355725' [1][0] OK
C:[13/11/2012 12:31:01.35][190.37.254.47][1388] SELECT par_cod_asig1,par_cod_asig2,par_cod_asig3 FROM tblaca009 WHERE pensum='5' AND c_uni_ca='5' AND c_asigna='355874' [1][0] OK
C:[13/11/2012 12:31:01.12][190.37.254.47][1518] SELECT horas_lab FROM tblaca008 WHERE c_asigna='355722' AND horas_teoricas > 0 [1][0] OK
C:[13/11/2012 12:31:01.23][190.37.254.47][1550] SELECT sum(u_creditos*1) FROM dace006 a, tblaca009 b WHERE a.exp_e='07-19622163' AND a.lapso='2012-2' AND b.pensum='5' AND b.c_uni_ca='5' AND status IN ('7','A','2') AND a.c_asigna=b.c_asigna  [1][0] OK
C:[13/11/2012 12:31:02.36][190.37.254.47][1569] SELECT sum(u_creditos*1) FROM dace006 a, tblaca009 b WHERE a.exp_e='07-19622163' AND a.lapso='2012-2' AND b.pensum='5' AND b.c_uni_ca='5' AND status IN ('7','A','2') AND a.c_asigna=b.c_asigna AND a.c_asigna IN ('354852','355720','355724','355725','355874') [1][0] OK
C:[13/11/2012 12:31:02.48][190.37.254.47][1585] SELECT MAX(semestre) FROM dace006 a, tblaca009 b WHERE a.exp_e='07-19622163' AND a.lapso='2012-2' AND b.pensum='5' AND b.c_uni_ca='5' AND status IN ('7','A','2') AND a.c_asigna=b.c_asigna  [1][0] OK
C:[13/11/2012 12:31:02.61][190.37.254.47][1606] SELECT MIN(semestre) FROM dace006 a, tblaca009 b WHERE a.exp_e='07-19622163' AND a.lapso='2012-2' AND b.pensum='5' AND b.c_uni_ca='5' AND status IN ('7','A','2') AND a.c_asigna=b.c_asigna AND a.c_asigna IN ('355722') [1][0] OK
C:[13/11/2012 12:42:09.80][190.206.254.56][1344] SELECT pre_cod_asig1,pre_cod_asig2,pre_cod_asig3,pre_cod_asig4,pre_cod_asig5,pre_cod_asig6,pre_cod_asig7 FROM tblaca009 WHERE pensum='5' AND c_uni_ca='5' AND c_asigna='355724' [1][0] OK
C:[13/11/2012 12:42:09.80][190.206.254.56][1357] SELECT c_asigna FROM dace004 WHERE exp_e='05-18666425' AND c_asigna='355692' AND status IN ('0','3','B') [1][0] OK
C:[13/11/2012 12:42:09.80][190.206.254.56][1344] SELECT pre_cod_asig1,pre_cod_asig2,pre_cod_asig3,pre_cod_asig4,pre_cod_asig5,pre_cod_asig6,pre_cod_asig7 FROM tblaca009 WHERE pensum='5' AND c_uni_ca='5' AND c_asigna='355696' [1][0] OK
C:[13/11/2012 12:42:09.80][190.206.254.56][1357] SELECT c_asigna FROM dace004 WHERE exp_e='05-18666425' AND c_asigna='355570' AND status IN ('0','3','B') [1][0] OK
C:[13/11/2012 12:42:09.80][190.206.254.56][1357] SELECT c_asigna FROM dace004 WHERE exp_e='05-18666425' AND c_asigna='355571' AND status IN ('0','3','B') [1][0] OK
C:[13/11/2012 12:42:09.80][190.206.254.56][1344] SELECT pre_cod_asig1,pre_cod_asig2,pre_cod_asig3,pre_cod_asig4,pre_cod_asig5,pre_cod_asig6,pre_cod_asig7 FROM tblaca009 WHERE pensum='5' AND c_uni_ca='5' AND c_asigna='355725' [1][0] OK
C:[13/11/2012 12:42:09.80][190.206.254.56][1357] SELECT c_asigna FROM dace004 WHERE exp_e='05-18666425' AND c_asigna='355693' AND status IN ('0','3','B') [1][0] OK
C:[13/11/2012 12:42:09.80][190.206.254.56][1357] SELECT c_asigna FROM dace004 WHERE exp_e='05-18666425' AND c_asigna='355692' AND status IN ('0','3','B') [1][0] OK
C:[13/11/2012 12:42:09.80][190.206.254.56][1344] SELECT pre_cod_asig1,pre_cod_asig2,pre_cod_asig3,pre_cod_asig4,pre_cod_asig5,pre_cod_asig6,pre_cod_asig7 FROM tblaca009 WHERE pensum='5' AND c_uni_ca='5' AND c_asigna='355833' [1][0] OK
C:[13/11/2012 12:42:09.80][190.206.254.56][1357] SELECT c_asigna FROM dace004 WHERE exp_e='05-18666425' AND c_asigna='355694' AND status IN ('0','3','B') [1][0] OK
C:[13/11/2012 12:42:09.80][190.206.254.56][1344] SELECT pre_cod_asig1,pre_cod_asig2,pre_cod_asig3,pre_cod_asig4,pre_cod_asig5,pre_cod_asig6,pre_cod_asig7 FROM tblaca009 WHERE pensum='5' AND c_uni_ca='5' AND c_asigna='355953' [1][0] OK
C:[13/11/2012 12:42:09.80][190.206.254.56][1357] SELECT c_asigna FROM dace004 WHERE exp_e='05-18666425' AND c_asigna='355691' AND status IN ('0','3','B') [1][0] OK
C:[13/11/2012 12:42:09.86][190.206.254.56][1388] SELECT par_cod_asig1,par_cod_asig2,par_cod_asig3 FROM tblaca009 WHERE pensum='5' AND c_uni_ca='5' AND c_asigna='355724' [1][0] OK
C:[13/11/2012 12:42:09.86][190.206.254.56][1388] SELECT par_cod_asig1,par_cod_asig2,par_cod_asig3 FROM tblaca009 WHERE pensum='5' AND c_uni_ca='5' AND c_asigna='355696' [1][0] OK
C:[13/11/2012 12:42:09.86][190.206.254.56][1388] SELECT par_cod_asig1,par_cod_asig2,par_cod_asig3 FROM tblaca009 WHERE pensum='5' AND c_uni_ca='5' AND c_asigna='355725' [1][0] OK
C:[13/11/2012 12:42:09.86][190.206.254.56][1388] SELECT par_cod_asig1,par_cod_asig2,par_cod_asig3 FROM tblaca009 WHERE pensum='5' AND c_uni_ca='5' AND c_asigna='355833' [1][0] OK
C:[13/11/2012 12:42:09.86][190.206.254.56][1388] SELECT par_cod_asig1,par_cod_asig2,par_cod_asig3 FROM tblaca009 WHERE pensum='5' AND c_uni_ca='5' AND c_asigna='355953' [1][0] OK
C:[13/11/2012 12:42:09.50][190.206.254.56][1518] SELECT horas_lab FROM tblaca008 WHERE c_asigna='355724' AND horas_teoricas > 0 [1][0] OK
C:[13/11/2012 12:42:09.61][190.206.254.56][1550] SELECT sum(u_creditos*1) FROM dace006 a, tblaca009 b WHERE a.exp_e='05-18666425' AND a.lapso='2012-2' AND b.pensum='5' AND b.c_uni_ca='5' AND status IN ('7','A','2') AND a.c_asigna=b.c_asigna  [1][0] OK
C:[13/11/2012 12:42:09.73][190.206.254.56][1569] SELECT sum(u_creditos*1) FROM dace006 a, tblaca009 b WHERE a.exp_e='05-18666425' AND a.lapso='2012-2' AND b.pensum='5' AND b.c_uni_ca='5' AND status IN ('7','A','2') AND a.c_asigna=b.c_asigna AND a.c_asigna IN ('355696','355725','355833','355953') [1][0] OK
C:[13/11/2012 12:42:09.86][190.206.254.56][1585] SELECT MAX(semestre) FROM dace006 a, tblaca009 b WHERE a.exp_e='05-18666425' AND a.lapso='2012-2' AND b.pensum='5' AND b.c_uni_ca='5' AND status IN ('7','A','2') AND a.c_asigna=b.c_asigna  [1][0] OK
C:[13/11/2012 12:42:09.99][190.206.254.56][1606] SELECT MIN(semestre) FROM dace006 a, tblaca009 b WHERE a.exp_e='05-18666425' AND a.lapso='2012-2' AND b.pensum='5' AND b.c_uni_ca='5' AND status IN ('7','A','2') AND a.c_asigna=b.c_asigna AND a.c_asigna IN ('355724') [1][0] OK
C:[13/11/2012 13:19:36.81][190.37.175.6][1344] SELECT pre_cod_asig1,pre_cod_asig2,pre_cod_asig3,pre_cod_asig4,pre_cod_asig5,pre_cod_asig6,pre_cod_asig7 FROM tblaca009 WHERE pensum='5' AND c_uni_ca='3' AND c_asigna='300112' [1][0] OK
C:[13/11/2012 13:19:36.81][190.37.175.6][1344] SELECT pre_cod_asig1,pre_cod_asig2,pre_cod_asig3,pre_cod_asig4,pre_cod_asig5,pre_cod_asig6,pre_cod_asig7 FROM tblaca009 WHERE pensum='5' AND c_uni_ca='3' AND c_asigna='300116' [1][0] OK
C:[13/11/2012 13:19:36.81][190.37.175.6][1344] SELECT pre_cod_asig1,pre_cod_asig2,pre_cod_asig3,pre_cod_asig4,pre_cod_asig5,pre_cod_asig6,pre_cod_asig7 FROM tblaca009 WHERE pensum='5' AND c_uni_ca='3' AND c_asigna='312333' [1][0] OK
C:[13/11/2012 13:19:36.81][190.37.175.6][1357] SELECT c_asigna FROM dace004 WHERE exp_e='07-18667882' AND c_asigna='300228' AND status IN ('0','3','B') [1][0] OK
C:[13/11/2012 13:19:36.81][190.37.175.6][1344] SELECT pre_cod_asig1,pre_cod_asig2,pre_cod_asig3,pre_cod_asig4,pre_cod_asig5,pre_cod_asig6,pre_cod_asig7 FROM tblaca009 WHERE pensum='5' AND c_uni_ca='3' AND c_asigna='315671' [1][0] OK
C:[13/11/2012 13:19:36.81][190.37.175.6][1357] SELECT c_asigna FROM dace004 WHERE exp_e='07-18667882' AND c_asigna='315552' AND status IN ('0','3','B') [1][0] OK
C:[13/11/2012 13:19:36.56][190.37.175.6][1388] SELECT par_cod_asig1,par_cod_asig2,par_cod_asig3 FROM tblaca009 WHERE pensum='5' AND c_uni_ca='3' AND c_asigna='300112' [1][0] OK
C:[13/11/2012 13:19:36.56][190.37.175.6][1388] SELECT par_cod_asig1,par_cod_asig2,par_cod_asig3 FROM tblaca009 WHERE pensum='5' AND c_uni_ca='3' AND c_asigna='300116' [1][0] OK
C:[13/11/2012 13:19:36.56][190.37.175.6][1388] SELECT par_cod_asig1,par_cod_asig2,par_cod_asig3 FROM tblaca009 WHERE pensum='5' AND c_uni_ca='3' AND c_asigna='312333' [1][0] OK
C:[13/11/2012 13:19:36.56][190.37.175.6][1388] SELECT par_cod_asig1,par_cod_asig2,par_cod_asig3 FROM tblaca009 WHERE pensum='5' AND c_uni_ca='3' AND c_asigna='315671' [1][0] OK
C:[13/11/2012 13:19:36.08][190.37.175.6][1550] SELECT sum(u_creditos*1) FROM dace006 a, tblaca009 b WHERE a.exp_e='07-18667882' AND a.lapso='2012-2' AND b.pensum='5' AND b.c_uni_ca='3' AND status IN ('7','A','2') AND a.c_asigna=b.c_asigna  [1][0] OK
C:[13/11/2012 13:19:36.18][190.37.175.6][1569] SELECT sum(u_creditos*1) FROM dace006 a, tblaca009 b WHERE a.exp_e='07-18667882' AND a.lapso='2012-2' AND b.pensum='5' AND b.c_uni_ca='3' AND status IN ('7','A','2') AND a.c_asigna=b.c_asigna AND a.c_asigna IN ('300112','300116','312333','315671') [1][0] OK
C:[13/11/2012 13:19:36.31][190.37.175.6][1585] SELECT MAX(semestre) FROM dace006 a, tblaca009 b WHERE a.exp_e='07-18667882' AND a.lapso='2012-2' AND b.pensum='5' AND b.c_uni_ca='3' AND status IN ('7','A','2') AND a.c_asigna=b.c_asigna  [1][0] OK
C:[13/11/2012 14:56:08.48][190.206.0.216][1344] SELECT pre_cod_asig1,pre_cod_asig2,pre_cod_asig3,pre_cod_asig4,pre_cod_asig5,pre_cod_asig6,pre_cod_asig7 FROM tblaca009 WHERE pensum='5' AND c_uni_ca='5' AND c_asigna='300209' [1][0] OK
C:[13/11/2012 14:56:08.48][190.206.0.216][1357] SELECT c_asigna FROM dace004 WHERE exp_e='08-19158713' AND c_asigna='300101' AND status IN ('0','3','B') [1][0] OK
C:[13/11/2012 14:56:09.73][190.206.0.216][1388] SELECT par_cod_asig1,par_cod_asig2,par_cod_asig3 FROM tblaca009 WHERE pensum='5' AND c_uni_ca='5' AND c_asigna='300209' [1][0] OK
C:[13/11/2012 14:56:09.87][190.206.0.216][1550] SELECT sum(u_creditos*1) FROM dace006 a, tblaca009 b WHERE a.exp_e='08-19158713' AND a.lapso='2012-2' AND b.pensum='5' AND b.c_uni_ca='5' AND status IN ('7','A','2') AND a.c_asigna=b.c_asigna  [1][0] OK
C:[13/11/2012 14:56:09.99][190.206.0.216][1569] SELECT sum(u_creditos*1) FROM dace006 a, tblaca009 b WHERE a.exp_e='08-19158713' AND a.lapso='2012-2' AND b.pensum='5' AND b.c_uni_ca='5' AND status IN ('7','A','2') AND a.c_asigna=b.c_asigna AND a.c_asigna IN ('300209') [1][0] OK
C:[13/11/2012 14:56:09.11][190.206.0.216][1585] SELECT MAX(semestre) FROM dace006 a, tblaca009 b WHERE a.exp_e='08-19158713' AND a.lapso='2012-2' AND b.pensum='5' AND b.c_uni_ca='5' AND status IN ('7','A','2') AND a.c_asigna=b.c_asigna  [1][0] OK
C:[13/11/2012 14:58:58.76][190.206.0.216][1344] SELECT pre_cod_asig1,pre_cod_asig2,pre_cod_asig3,pre_cod_asig4,pre_cod_asig5,pre_cod_asig6,pre_cod_asig7 FROM tblaca009 WHERE pensum='5' AND c_uni_ca='5' AND c_asigna='300209' [1][0] OK
C:[13/11/2012 14:58:58.76][190.206.0.216][1357] SELECT c_asigna FROM dace004 WHERE exp_e='08-19158713' AND c_asigna='300101' AND status IN ('0','3','B') [1][0] OK
C:[13/11/2012 14:58:58.01][190.206.0.216][1388] SELECT par_cod_asig1,par_cod_asig2,par_cod_asig3 FROM tblaca009 WHERE pensum='5' AND c_uni_ca='5' AND c_asigna='300209' [1][0] OK
C:[13/11/2012 14:58:58.15][190.206.0.216][1550] SELECT sum(u_creditos*1) FROM dace006 a, tblaca009 b WHERE a.exp_e='08-19158713' AND a.lapso='2012-2' AND b.pensum='5' AND b.c_uni_ca='5' AND status IN ('7','A','2') AND a.c_asigna=b.c_asigna  [1][0] OK
C:[13/11/2012 14:58:58.26][190.206.0.216][1569] SELECT sum(u_creditos*1) FROM dace006 a, tblaca009 b WHERE a.exp_e='08-19158713' AND a.lapso='2012-2' AND b.pensum='5' AND b.c_uni_ca='5' AND status IN ('7','A','2') AND a.c_asigna=b.c_asigna AND a.c_asigna IN ('300209') [1][0] OK
C:[13/11/2012 14:58:59.38][190.206.0.216][1585] SELECT MAX(semestre) FROM dace006 a, tblaca009 b WHERE a.exp_e='08-19158713' AND a.lapso='2012-2' AND b.pensum='5' AND b.c_uni_ca='5' AND status IN ('7','A','2') AND a.c_asigna=b.c_asigna  [1][0] OK
C:[13/11/2012 16:18:43.90][172.16.8.247][1344] SELECT pre_cod_asig1,pre_cod_asig2,pre_cod_asig3,pre_cod_asig4,pre_cod_asig5,pre_cod_asig6,pre_cod_asig7 FROM tblaca009 WHERE pensum='5' AND c_uni_ca='2' AND c_asigna='322550' [1][0] OK
C:[13/11/2012 16:18:43.90][172.16.8.247][1357] SELECT c_asigna FROM dace004 WHERE exp_e='95-12503861' AND c_asigna='322433' AND status IN ('0','3','B') [1][0] OK
C:[13/11/2012 16:18:43.90][172.16.8.247][1344] SELECT pre_cod_asig1,pre_cod_asig2,pre_cod_asig3,pre_cod_asig4,pre_cod_asig5,pre_cod_asig6,pre_cod_asig7 FROM tblaca009 WHERE pensum='5' AND c_uni_ca='2' AND c_asigna='322703' [1][0] OK
C:[13/11/2012 16:18:43.90][172.16.8.247][1357] SELECT c_asigna FROM dace004 WHERE exp_e='95-12503861' AND c_asigna='322669' AND status IN ('0','3','B') [1][0] OK
C:[13/11/2012 16:18:43.90][172.16.8.247][1344] SELECT pre_cod_asig1,pre_cod_asig2,pre_cod_asig3,pre_cod_asig4,pre_cod_asig5,pre_cod_asig6,pre_cod_asig7 FROM tblaca009 WHERE pensum='5' AND c_uni_ca='2' AND c_asigna='322728' [1][0] OK
C:[13/11/2012 16:18:43.90][172.16.8.247][1357] SELECT c_asigna FROM dace004 WHERE exp_e='95-12503861' AND c_asigna='311561' AND status IN ('0','3','B') [1][0] OK
C:[13/11/2012 16:18:43.90][172.16.8.247][1357] SELECT c_asigna FROM dace004 WHERE exp_e='95-12503861' AND c_asigna='322681' AND status IN ('0','3','B') [1][0] OK
C:[13/11/2012 16:18:43.90][172.16.8.247][1344] SELECT pre_cod_asig1,pre_cod_asig2,pre_cod_asig3,pre_cod_asig4,pre_cod_asig5,pre_cod_asig6,pre_cod_asig7 FROM tblaca009 WHERE pensum='5' AND c_uni_ca='2' AND c_asigna='322801' [1][0] OK
C:[13/11/2012 16:18:43.90][172.16.8.247][1357] SELECT c_asigna FROM dace004 WHERE exp_e='95-12503861' AND c_asigna='322780' AND status IN ('0','3','B') [1][0] OK
C:[13/11/2012 16:18:43.90][172.16.8.247][1357] SELECT c_asigna FROM dace004 WHERE exp_e='95-12503861' AND c_asigna='322605' AND status IN ('0','3','B') [1][0] OK
C:[13/11/2012 16:18:43.71][172.16.8.247][1388] SELECT par_cod_asig1,par_cod_asig2,par_cod_asig3 FROM tblaca009 WHERE pensum='5' AND c_uni_ca='2' AND c_asigna='322550' [1][0] OK
C:[13/11/2012 16:18:43.71][172.16.8.247][1388] SELECT par_cod_asig1,par_cod_asig2,par_cod_asig3 FROM tblaca009 WHERE pensum='5' AND c_uni_ca='2' AND c_asigna='322703' [1][0] OK
C:[13/11/2012 16:18:43.71][172.16.8.247][1388] SELECT par_cod_asig1,par_cod_asig2,par_cod_asig3 FROM tblaca009 WHERE pensum='5' AND c_uni_ca='2' AND c_asigna='322728' [1][0] OK
C:[13/11/2012 16:18:43.71][172.16.8.247][1388] SELECT par_cod_asig1,par_cod_asig2,par_cod_asig3 FROM tblaca009 WHERE pensum='5' AND c_uni_ca='2' AND c_asigna='322801' [1][0] OK
C:[13/11/2012 16:18:43.23][172.16.8.247][1518] SELECT horas_lab FROM tblaca008 WHERE c_asigna='322550' AND horas_teoricas > 0 [1][0] OK
C:[13/11/2012 16:18:43.34][172.16.8.247][1550] SELECT sum(u_creditos*1) FROM dace006 a, tblaca009 b WHERE a.exp_e='95-12503861' AND a.lapso='2012-2' AND b.pensum='5' AND b.c_uni_ca='2' AND status IN ('7','A','2') AND a.c_asigna=b.c_asigna  [1][0] OK
C:[13/11/2012 16:18:43.47][172.16.8.247][1569] SELECT sum(u_creditos*1) FROM dace006 a, tblaca009 b WHERE a.exp_e='95-12503861' AND a.lapso='2012-2' AND b.pensum='5' AND b.c_uni_ca='2' AND status IN ('7','A','2') AND a.c_asigna=b.c_asigna AND a.c_asigna IN ('322703','322728','322801') [1][0] OK
C:[13/11/2012 16:18:43.59][172.16.8.247][1585] SELECT MAX(semestre) FROM dace006 a, tblaca009 b WHERE a.exp_e='95-12503861' AND a.lapso='2012-2' AND b.pensum='5' AND b.c_uni_ca='2' AND status IN ('7','A','2') AND a.c_asigna=b.c_asigna  [1][0] OK
C:[13/11/2012 16:18:43.72][172.16.8.247][1606] SELECT MIN(semestre) FROM dace006 a, tblaca009 b WHERE a.exp_e='95-12503861' AND a.lapso='2012-2' AND b.pensum='5' AND b.c_uni_ca='2' AND status IN ('7','A','2') AND a.c_asigna=b.c_asigna AND a.c_asigna IN ('322550') [1][0] OK
C:[13/11/2012 16:36:48.41][172.16.8.247][1344] SELECT pre_cod_asig1,pre_cod_asig2,pre_cod_asig3,pre_cod_asig4,pre_cod_asig5,pre_cod_asig6,pre_cod_asig7 FROM tblaca009 WHERE pensum='5' AND c_uni_ca='2' AND c_asigna='322436' [1][0] OK
C:[13/11/2012 16:36:48.41][172.16.8.247][1357] SELECT c_asigna FROM dace004 WHERE exp_e='08-18078471' AND c_asigna='300317' AND status IN ('0','3','B') [1][0] OK
C:[13/11/2012 16:36:48.41][172.16.8.247][1357] SELECT c_asigna FROM dace004 WHERE exp_e='08-18078471' AND c_asigna='320311' AND status IN ('0','3','B') [1][0] OK
C:[13/11/2012 16:36:48.41][172.16.8.247][1344] SELECT pre_cod_asig1,pre_cod_asig2,pre_cod_asig3,pre_cod_asig4,pre_cod_asig5,pre_cod_asig6,pre_cod_asig7 FROM tblaca009 WHERE pensum='5' AND c_uni_ca='2' AND c_asigna='300313' [1][0] OK
C:[13/11/2012 16:36:48.41][172.16.8.247][1357] SELECT c_asigna FROM dace004 WHERE exp_e='08-18078471' AND c_asigna='300213' AND status IN ('0','3','B') [1][0] OK
C:[13/11/2012 16:36:48.41][172.16.8.247][1357] SELECT c_asigna FROM dace004 WHERE exp_e='08-18078471' AND c_asigna='300226' AND status IN ('0','3','B') [1][0] OK
C:[13/11/2012 16:36:48.41][172.16.8.247][1357] SELECT c_asigna FROM dace004 WHERE exp_e='08-18078471' AND c_asigna='300209' AND status IN ('0','3','B') [1][0] OK
C:[13/11/2012 16:36:48.41][172.16.8.247][1344] SELECT pre_cod_asig1,pre_cod_asig2,pre_cod_asig3,pre_cod_asig4,pre_cod_asig5,pre_cod_asig6,pre_cod_asig7 FROM tblaca009 WHERE pensum='5' AND c_uni_ca='2' AND c_asigna='300422' [1][0] OK
C:[13/11/2012 16:36:48.41][172.16.8.247][1357] SELECT c_asigna FROM dace004 WHERE exp_e='08-18078471' AND c_asigna='300105' AND status IN ('0','3','B') [1][0] OK
C:[13/11/2012 16:36:48.41][172.16.8.247][1357] SELECT c_asigna FROM dace004 WHERE exp_e='08-18078471' AND c_asigna='300314' AND status IN ('0','3','B') [1][0] OK
C:[13/11/2012 16:36:48.41][172.16.8.247][1344] SELECT pre_cod_asig1,pre_cod_asig2,pre_cod_asig3,pre_cod_asig4,pre_cod_asig5,pre_cod_asig6,pre_cod_asig7 FROM tblaca009 WHERE pensum='5' AND c_uni_ca='2' AND c_asigna='311561' [1][0] OK
C:[13/11/2012 16:36:48.41][172.16.8.247][1357] SELECT c_asigna FROM dace004 WHERE exp_e='08-18078471' AND c_asigna='300318' AND status IN ('0','3','B') [1][0] OK
C:[13/11/2012 16:36:48.41][172.16.8.247][1344] SELECT pre_cod_asig1,pre_cod_asig2,pre_cod_asig3,pre_cod_asig4,pre_cod_asig5,pre_cod_asig6,pre_cod_asig7 FROM tblaca009 WHERE pensum='5' AND c_uni_ca='2' AND c_asigna='322550' [1][0] OK
C:[13/11/2012 16:36:48.41][172.16.8.247][1357] SELECT c_asigna FROM dace004 WHERE exp_e='08-18078471' AND c_asigna='322433' AND status IN ('0','3','B') [1][0] OK
C:[13/11/2012 16:36:48.41][172.16.8.247][1344] SELECT pre_cod_asig1,pre_cod_asig2,pre_cod_asig3,pre_cod_asig4,pre_cod_asig5,pre_cod_asig6,pre_cod_asig7 FROM tblaca009 WHERE pensum='5' AND c_uni_ca='2' AND c_asigna='322558' [1][0] OK
C:[13/11/2012 16:36:48.41][172.16.8.247][1357] SELECT c_asigna FROM dace004 WHERE exp_e='08-18078471' AND c_asigna='300428' AND status IN ('0','3','B') [1][0] OK
C:[13/11/2012 16:36:48.41][172.16.8.247][1357] SELECT c_asigna FROM dace004 WHERE exp_e='08-18078471' AND c_asigna='320323' AND status IN ('0','3','B') [1][0] OK
C:[13/11/2012 16:36:49.53][172.16.8.247][1388] SELECT par_cod_asig1,par_cod_asig2,par_cod_asig3 FROM tblaca009 WHERE pensum='5' AND c_uni_ca='2' AND c_asigna='322436' [1][0] OK
C:[13/11/2012 16:36:49.53][172.16.8.247][1388] SELECT par_cod_asig1,par_cod_asig2,par_cod_asig3 FROM tblaca009 WHERE pensum='5' AND c_uni_ca='2' AND c_asigna='300313' [1][0] OK
C:[13/11/2012 16:36:49.53][172.16.8.247][1388] SELECT par_cod_asig1,par_cod_asig2,par_cod_asig3 FROM tblaca009 WHERE pensum='5' AND c_uni_ca='2' AND c_asigna='300422' [1][0] OK
C:[13/11/2012 16:36:49.53][172.16.8.247][1388] SELECT par_cod_asig1,par_cod_asig2,par_cod_asig3 FROM tblaca009 WHERE pensum='5' AND c_uni_ca='2' AND c_asigna='311561' [1][0] OK
C:[13/11/2012 16:36:49.53][172.16.8.247][1388] SELECT par_cod_asig1,par_cod_asig2,par_cod_asig3 FROM tblaca009 WHERE pensum='5' AND c_uni_ca='2' AND c_asigna='322550' [1][0] OK
C:[13/11/2012 16:36:49.53][172.16.8.247][1388] SELECT par_cod_asig1,par_cod_asig2,par_cod_asig3 FROM tblaca009 WHERE pensum='5' AND c_uni_ca='2' AND c_asigna='322558' [1][0] OK
C:[13/11/2012 16:36:49.29][172.16.8.247][1518] SELECT horas_lab FROM tblaca008 WHERE c_asigna='322436' AND horas_teoricas > 0 [1][0] OK
C:[13/11/2012 16:36:49.41][172.16.8.247][1550] SELECT sum(u_creditos*1) FROM dace006 a, tblaca009 b WHERE a.exp_e='08-18078471' AND a.lapso='2012-2' AND b.pensum='5' AND b.c_uni_ca='2' AND status IN ('7','A','2') AND a.c_asigna=b.c_asigna  [1][0] OK
C:[13/11/2012 16:36:49.53][172.16.8.247][1569] SELECT sum(u_creditos*1) FROM dace006 a, tblaca009 b WHERE a.exp_e='08-18078471' AND a.lapso='2012-2' AND b.pensum='5' AND b.c_uni_ca='2' AND status IN ('7','A','2') AND a.c_asigna=b.c_asigna AND a.c_asigna IN ('300313','300422','311561','322550','322558') [1][0] OK
C:[13/11/2012 16:36:49.65][172.16.8.247][1585] SELECT MAX(semestre) FROM dace006 a, tblaca009 b WHERE a.exp_e='08-18078471' AND a.lapso='2012-2' AND b.pensum='5' AND b.c_uni_ca='2' AND status IN ('7','A','2') AND a.c_asigna=b.c_asigna  [1][0] OK
C:[13/11/2012 16:36:49.78][172.16.8.247][1606] SELECT MIN(semestre) FROM dace006 a, tblaca009 b WHERE a.exp_e='08-18078471' AND a.lapso='2012-2' AND b.pensum='5' AND b.c_uni_ca='2' AND status IN ('7','A','2') AND a.c_asigna=b.c_asigna AND a.c_asigna IN ('322436') [1][0] OK
C:[13/11/2012 16:39:28.94][200.84.75.240][1344] SELECT pre_cod_asig1,pre_cod_asig2,pre_cod_asig3,pre_cod_asig4,pre_cod_asig5,pre_cod_asig6,pre_cod_asig7 FROM tblaca009 WHERE pensum='5' AND c_uni_ca='6' AND c_asigna='300226' [1][0] OK
C:[13/11/2012 16:39:28.94][200.84.75.240][1357] SELECT c_asigna FROM dace004 WHERE exp_e='07-20137818' AND c_asigna='300116' AND status IN ('0','3','B') [1][0] OK
C:[13/11/2012 16:39:28.19][200.84.75.240][1388] SELECT par_cod_asig1,par_cod_asig2,par_cod_asig3 FROM tblaca009 WHERE pensum='5' AND c_uni_ca='6' AND c_asigna='300226' [1][0] OK
C:[13/11/2012 16:39:28.33][200.84.75.240][1550] SELECT sum(u_creditos*1) FROM dace006 a, tblaca009 b WHERE a.exp_e='07-20137818' AND a.lapso='2012-2' AND b.pensum='5' AND b.c_uni_ca='6' AND status IN ('7','A','2') AND a.c_asigna=b.c_asigna  [1][0] OK
C:[13/11/2012 16:39:28.44][200.84.75.240][1569] SELECT sum(u_creditos*1) FROM dace006 a, tblaca009 b WHERE a.exp_e='07-20137818' AND a.lapso='2012-2' AND b.pensum='5' AND b.c_uni_ca='6' AND status IN ('7','A','2') AND a.c_asigna=b.c_asigna AND a.c_asigna IN ('300226') [1][0] OK
C:[13/11/2012 16:39:28.56][200.84.75.240][1585] SELECT MAX(semestre) FROM dace006 a, tblaca009 b WHERE a.exp_e='07-20137818' AND a.lapso='2012-2' AND b.pensum='5' AND b.c_uni_ca='6' AND status IN ('7','A','2') AND a.c_asigna=b.c_asigna  [1][0] OK
C:[13/11/2012 16:41:37.41][200.84.75.240][1344] SELECT pre_cod_asig1,pre_cod_asig2,pre_cod_asig3,pre_cod_asig4,pre_cod_asig5,pre_cod_asig6,pre_cod_asig7 FROM tblaca009 WHERE pensum='5' AND c_uni_ca='6' AND c_asigna='300226' [1][0] OK
C:[13/11/2012 16:41:37.41][200.84.75.240][1357] SELECT c_asigna FROM dace004 WHERE exp_e='07-20137818' AND c_asigna='300116' AND status IN ('0','3','B') [1][0] OK
C:[13/11/2012 16:41:38.66][200.84.75.240][1388] SELECT par_cod_asig1,par_cod_asig2,par_cod_asig3 FROM tblaca009 WHERE pensum='5' AND c_uni_ca='6' AND c_asigna='300226' [1][0] OK
C:[13/11/2012 16:41:38.80][200.84.75.240][1550] SELECT sum(u_creditos*1) FROM dace006 a, tblaca009 b WHERE a.exp_e='07-20137818' AND a.lapso='2012-2' AND b.pensum='5' AND b.c_uni_ca='6' AND status IN ('7','A','2') AND a.c_asigna=b.c_asigna  [1][0] OK
C:[13/11/2012 16:41:38.92][200.84.75.240][1569] SELECT sum(u_creditos*1) FROM dace006 a, tblaca009 b WHERE a.exp_e='07-20137818' AND a.lapso='2012-2' AND b.pensum='5' AND b.c_uni_ca='6' AND status IN ('7','A','2') AND a.c_asigna=b.c_asigna AND a.c_asigna IN ('300226') [1][0] OK
C:[13/11/2012 16:41:38.04][200.84.75.240][1585] SELECT MAX(semestre) FROM dace006 a, tblaca009 b WHERE a.exp_e='07-20137818' AND a.lapso='2012-2' AND b.pensum='5' AND b.c_uni_ca='6' AND status IN ('7','A','2') AND a.c_asigna=b.c_asigna  [1][0] OK
C:[13/11/2012 19:09:41.18][172.16.9.108][1344] SELECT pre_cod_asig1,pre_cod_asig2,pre_cod_asig3,pre_cod_asig4,pre_cod_asig5,pre_cod_asig6,pre_cod_asig7 FROM tblaca009 WHERE pensum='5' AND c_uni_ca='3' AND c_asigna='300676' [1][0] OK
C:[13/11/2012 19:09:41.18][172.16.9.108][1344] SELECT pre_cod_asig1,pre_cod_asig2,pre_cod_asig3,pre_cod_asig4,pre_cod_asig5,pre_cod_asig6,pre_cod_asig7 FROM tblaca009 WHERE pensum='5' AND c_uni_ca='3' AND c_asigna='300314' [1][0] OK
C:[13/11/2012 19:09:41.18][172.16.9.108][1357] SELECT c_asigna FROM dace004 WHERE exp_e='07-20136232' AND c_asigna='300106' AND status IN ('0','3','B') [1][0] OK
C:[13/11/2012 19:09:41.18][172.16.9.108][1344] SELECT pre_cod_asig1,pre_cod_asig2,pre_cod_asig3,pre_cod_asig4,pre_cod_asig5,pre_cod_asig6,pre_cod_asig7 FROM tblaca009 WHERE pensum='5' AND c_uni_ca='3' AND c_asigna='311552' [1][0] OK
C:[13/11/2012 19:09:41.18][172.16.9.108][1357] SELECT c_asigna FROM dace004 WHERE exp_e='07-20136232' AND c_asigna='300317' AND status IN ('0','3','B') [1][0] OK
C:[13/11/2012 19:09:41.18][172.16.9.108][1357] SELECT c_asigna FROM dace004 WHERE exp_e='07-20136232' AND c_asigna='300209' AND status IN ('0','3','B') [1][0] OK
C:[13/11/2012 19:09:41.18][172.16.9.108][1344] SELECT pre_cod_asig1,pre_cod_asig2,pre_cod_asig3,pre_cod_asig4,pre_cod_asig5,pre_cod_asig6,pre_cod_asig7 FROM tblaca009 WHERE pensum='5' AND c_uni_ca='3' AND c_asigna='311674' [1][0] OK
C:[13/11/2012 19:09:41.18][172.16.9.108][1357] SELECT c_asigna FROM dace004 WHERE exp_e='07-20136232' AND c_asigna='310548' AND status IN ('0','3','B') [1][0] OK
C:[13/11/2012 19:09:41.18][172.16.9.108][1357] SELECT c_asigna FROM dace004 WHERE exp_e='07-20136232' AND c_asigna='311551' AND status IN ('0','3','B') [1][0] OK
C:[13/11/2012 19:09:41.18][172.16.9.108][1357] SELECT c_asigna FROM dace004 WHERE exp_e='07-20136232' AND c_asigna='311320' AND status IN ('0','3','B') [1][0] OK
C:[13/11/2012 19:09:41.18][172.16.9.108][1344] SELECT pre_cod_asig1,pre_cod_asig2,pre_cod_asig3,pre_cod_asig4,pre_cod_asig5,pre_cod_asig6,pre_cod_asig7 FROM tblaca009 WHERE pensum='5' AND c_uni_ca='3' AND c_asigna='311704' [1][0] OK
C:[13/11/2012 19:09:41.18][172.16.9.108][1357] SELECT c_asigna FROM dace004 WHERE exp_e='07-20136232' AND c_asigna='315671' AND status IN ('0','3','B') [1][0] OK
C:[13/11/2012 19:09:41.18][172.16.9.108][1344] SELECT pre_cod_asig1,pre_cod_asig2,pre_cod_asig3,pre_cod_asig4,pre_cod_asig5,pre_cod_asig6,pre_cod_asig7 FROM tblaca009 WHERE pensum='5' AND c_uni_ca='3' AND c_asigna='311775' [1][0] OK
C:[13/11/2012 19:09:41.18][172.16.9.108][1357] SELECT c_asigna FROM dace004 WHERE exp_e='07-20136232' AND c_asigna='311655' AND status IN ('0','3','B') [1][0] OK
C:[13/11/2012 19:09:41.18][172.16.9.108][1344] SELECT pre_cod_asig1,pre_cod_asig2,pre_cod_asig3,pre_cod_asig4,pre_cod_asig5,pre_cod_asig6,pre_cod_asig7 FROM tblaca009 WHERE pensum='5' AND c_uni_ca='3' AND c_asigna='311796' [1][0] OK
C:[13/11/2012 19:09:41.18][172.16.9.108][1357] SELECT c_asigna FROM dace004 WHERE exp_e='07-20136232' AND c_asigna='315671' AND status IN ('0','3','B') [1][0] OK
C:[13/11/2012 19:09:41.18][172.16.9.108][1388] SELECT par_cod_asig1,par_cod_asig2,par_cod_asig3 FROM tblaca009 WHERE pensum='5' AND c_uni_ca='3' AND c_asigna='300676' [1][0] OK
C:[13/11/2012 19:09:41.18][172.16.9.108][1388] SELECT par_cod_asig1,par_cod_asig2,par_cod_asig3 FROM tblaca009 WHERE pensum='5' AND c_uni_ca='3' AND c_asigna='300314' [1][0] OK
C:[13/11/2012 19:09:41.18][172.16.9.108][1388] SELECT par_cod_asig1,par_cod_asig2,par_cod_asig3 FROM tblaca009 WHERE pensum='5' AND c_uni_ca='3' AND c_asigna='311552' [1][0] OK
C:[13/11/2012 19:09:41.18][172.16.9.108][1388] SELECT par_cod_asig1,par_cod_asig2,par_cod_asig3 FROM tblaca009 WHERE pensum='5' AND c_uni_ca='3' AND c_asigna='311674' [1][0] OK
C:[13/11/2012 19:09:41.18][172.16.9.108][1388] SELECT par_cod_asig1,par_cod_asig2,par_cod_asig3 FROM tblaca009 WHERE pensum='5' AND c_uni_ca='3' AND c_asigna='311704' [1][0] OK
C:[13/11/2012 19:09:41.18][172.16.9.108][1388] SELECT par_cod_asig1,par_cod_asig2,par_cod_asig3 FROM tblaca009 WHERE pensum='5' AND c_uni_ca='3' AND c_asigna='311775' [1][0] OK
C:[13/11/2012 19:09:41.18][172.16.9.108][1388] SELECT par_cod_asig1,par_cod_asig2,par_cod_asig3 FROM tblaca009 WHERE pensum='5' AND c_uni_ca='3' AND c_asigna='311796' [1][0] OK
C:[13/11/2012 19:09:41.08][172.16.9.108][1518] SELECT horas_lab FROM tblaca008 WHERE c_asigna='300676' AND horas_teoricas > 0 [1][0] OK
C:[13/11/2012 19:09:41.18][172.16.9.108][1550] SELECT sum(u_creditos*1) FROM dace006 a, tblaca009 b WHERE a.exp_e='07-20136232' AND a.lapso='2012-2' AND b.pensum='5' AND b.c_uni_ca='3' AND status IN ('7','A','2') AND a.c_asigna=b.c_asigna  [1][0] OK
C:[13/11/2012 19:09:41.31][172.16.9.108][1569] SELECT sum(u_creditos*1) FROM dace006 a, tblaca009 b WHERE a.exp_e='07-20136232' AND a.lapso='2012-2' AND b.pensum='5' AND b.c_uni_ca='3' AND status IN ('7','A','2') AND a.c_asigna=b.c_asigna AND a.c_asigna IN ('300314','311552','311674','311704','311775','311796') [1][0] OK
C:[13/11/2012 19:09:41.43][172.16.9.108][1585] SELECT MAX(semestre) FROM dace006 a, tblaca009 b WHERE a.exp_e='07-20136232' AND a.lapso='2012-2' AND b.pensum='5' AND b.c_uni_ca='3' AND status IN ('7','A','2') AND a.c_asigna=b.c_asigna  [1][0] OK
C:[13/11/2012 19:09:41.56][172.16.9.108][1606] SELECT MIN(semestre) FROM dace006 a, tblaca009 b WHERE a.exp_e='07-20136232' AND a.lapso='2012-2' AND b.pensum='5' AND b.c_uni_ca='3' AND status IN ('7','A','2') AND a.c_asigna=b.c_asigna AND a.c_asigna IN ('300676') [1][0] OK
C:[13/11/2012 19:27:24.60][172.16.8.125][1344] SELECT pre_cod_asig1,pre_cod_asig2,pre_cod_asig3,pre_cod_asig4,pre_cod_asig5,pre_cod_asig6,pre_cod_asig7 FROM tblaca009 WHERE pensum='5' AND c_uni_ca='5' AND c_asigna='355953' [1][0] OK
C:[13/11/2012 19:27:24.60][172.16.8.125][1357] SELECT c_asigna FROM dace004 WHERE exp_e='04-17538667' AND c_asigna='355691' AND status IN ('0','3','B') [1][0] OK
C:[13/11/2012 19:27:24.60][172.16.8.125][1344] SELECT pre_cod_asig1,pre_cod_asig2,pre_cod_asig3,pre_cod_asig4,pre_cod_asig5,pre_cod_asig6,pre_cod_asig7 FROM tblaca009 WHERE pensum='5' AND c_uni_ca='5' AND c_asigna='355573' [1][0] OK
C:[13/11/2012 19:27:24.60][172.16.8.125][1357] SELECT c_asigna FROM dace004 WHERE exp_e='04-17538667' AND c_asigna='355448' AND status IN ('0','3','B') [1][0] OK
C:[13/11/2012 19:27:24.60][172.16.8.125][1344] SELECT pre_cod_asig1,pre_cod_asig2,pre_cod_asig3,pre_cod_asig4,pre_cod_asig5,pre_cod_asig6,pre_cod_asig7 FROM tblaca009 WHERE pensum='5' AND c_uni_ca='5' AND c_asigna='355692' [1][0] OK
C:[13/11/2012 19:27:24.60][172.16.8.125][1357] SELECT c_asigna FROM dace004 WHERE exp_e='04-17538667' AND c_asigna='355448' AND status IN ('0','3','B') [1][0] OK
C:[13/11/2012 19:27:24.60][172.16.8.125][1357] SELECT c_asigna FROM dace004 WHERE exp_e='04-17538667' AND c_asigna='355570' AND status IN ('0','3','B') [1][0] OK
C:[13/11/2012 19:27:24.60][172.16.8.125][1344] SELECT pre_cod_asig1,pre_cod_asig2,pre_cod_asig3,pre_cod_asig4,pre_cod_asig5,pre_cod_asig6,pre_cod_asig7 FROM tblaca009 WHERE pensum='5' AND c_uni_ca='5' AND c_asigna='355832' [1][0] OK
C:[13/11/2012 19:27:24.60][172.16.8.125][1357] SELECT c_asigna FROM dace004 WHERE exp_e='04-17538667' AND c_asigna='355694' AND status IN ('0','3','B') [1][0] OK
C:[13/11/2012 19:27:24.60][172.16.8.125][1344] SELECT pre_cod_asig1,pre_cod_asig2,pre_cod_asig3,pre_cod_asig4,pre_cod_asig5,pre_cod_asig6,pre_cod_asig7 FROM tblaca009 WHERE pensum='5' AND c_uni_ca='5' AND c_asigna='355951' [1][0] OK
C:[13/11/2012 19:27:24.60][172.16.8.125][1357] SELECT c_asigna FROM dace004 WHERE exp_e='04-17538667' AND c_asigna='355691' AND status IN ('0','3','B') [1][0] OK
C:[13/11/2012 19:27:24.97][172.16.8.125][1388] SELECT par_cod_asig1,par_cod_asig2,par_cod_asig3 FROM tblaca009 WHERE pensum='5' AND c_uni_ca='5' AND c_asigna='355953' [1][0] OK
C:[13/11/2012 19:27:24.97][172.16.8.125][1388] SELECT par_cod_asig1,par_cod_asig2,par_cod_asig3 FROM tblaca009 WHERE pensum='5' AND c_uni_ca='5' AND c_asigna='355573' [1][0] OK
C:[13/11/2012 19:27:24.97][172.16.8.125][1388] SELECT par_cod_asig1,par_cod_asig2,par_cod_asig3 FROM tblaca009 WHERE pensum='5' AND c_uni_ca='5' AND c_asigna='355692' [1][0] OK
C:[13/11/2012 19:27:24.97][172.16.8.125][1388] SELECT par_cod_asig1,par_cod_asig2,par_cod_asig3 FROM tblaca009 WHERE pensum='5' AND c_uni_ca='5' AND c_asigna='355832' [1][0] OK
C:[13/11/2012 19:27:24.97][172.16.8.125][1388] SELECT par_cod_asig1,par_cod_asig2,par_cod_asig3 FROM tblaca009 WHERE pensum='5' AND c_uni_ca='5' AND c_asigna='355951' [1][0] OK
C:[13/11/2012 19:27:24.62][172.16.8.125][1518] SELECT horas_lab FROM tblaca008 WHERE c_asigna='355953' AND horas_teoricas > 0 [1][0] OK
C:[13/11/2012 19:27:24.73][172.16.8.125][1550] SELECT sum(u_creditos*1) FROM dace006 a, tblaca009 b WHERE a.exp_e='04-17538667' AND a.lapso='2012-2' AND b.pensum='5' AND b.c_uni_ca='5' AND status IN ('7','A','2') AND a.c_asigna=b.c_asigna  [1][0] OK
C:[13/11/2012 19:27:24.85][172.16.8.125][1569] SELECT sum(u_creditos*1) FROM dace006 a, tblaca009 b WHERE a.exp_e='04-17538667' AND a.lapso='2012-2' AND b.pensum='5' AND b.c_uni_ca='5' AND status IN ('7','A','2') AND a.c_asigna=b.c_asigna AND a.c_asigna IN ('355573','355692','355832','355951') [1][0] OK
C:[13/11/2012 19:27:24.98][172.16.8.125][1585] SELECT MAX(semestre) FROM dace006 a, tblaca009 b WHERE a.exp_e='04-17538667' AND a.lapso='2012-2' AND b.pensum='5' AND b.c_uni_ca='5' AND status IN ('7','A','2') AND a.c_asigna=b.c_asigna  [1][0] OK
C:[13/11/2012 19:27:24.10][172.16.8.125][1606] SELECT MIN(semestre) FROM dace006 a, tblaca009 b WHERE a.exp_e='04-17538667' AND a.lapso='2012-2' AND b.pensum='5' AND b.c_uni_ca='5' AND status IN ('7','A','2') AND a.c_asigna=b.c_asigna AND a.c_asigna IN ('355953') [1][0] OK
C:[13/11/2012 21:39:34.86][186.95.4.221][1344] SELECT pre_cod_asig1,pre_cod_asig2,pre_cod_asig3,pre_cod_asig4,pre_cod_asig5,pre_cod_asig6,pre_cod_asig7 FROM tblaca009 WHERE pensum='5' AND c_uni_ca='5' AND c_asigna='355951' [1][0] OK
C:[13/11/2012 21:39:34.86][186.95.4.221][1357] SELECT c_asigna FROM dace004 WHERE exp_e='08-25744115' AND c_asigna='355691' AND status IN ('0','3','B') [1][0] OK
C:[13/11/2012 21:39:34.86][186.95.4.221][1344] SELECT pre_cod_asig1,pre_cod_asig2,pre_cod_asig3,pre_cod_asig4,pre_cod_asig5,pre_cod_asig6,pre_cod_asig7 FROM tblaca009 WHERE pensum='5' AND c_uni_ca='5' AND c_asigna='355693' [1][0] OK
C:[13/11/2012 21:39:34.86][186.95.4.221][1357] SELECT c_asigna FROM dace004 WHERE exp_e='08-25744115' AND c_asigna='355572' AND status IN ('0','3','B') [1][0] OK
C:[13/11/2012 21:39:34.86][186.95.4.221][1357] SELECT c_asigna FROM dace004 WHERE exp_e='08-25744115' AND c_asigna='352440' AND status IN ('0','3','B') [1][0] OK
C:[13/11/2012 21:39:34.86][186.95.4.221][1357] SELECT c_asigna FROM dace004 WHERE exp_e='08-25744115' AND c_asigna='355573' AND status IN ('0','3','B') [1][0] OK
C:[13/11/2012 21:39:34.86][186.95.4.221][1357] SELECT c_asigna FROM dace004 WHERE exp_e='08-25744115' AND c_asigna='300226' AND status IN ('0','3','B') [1][0] OK
C:[13/11/2012 21:39:34.86][186.95.4.221][1357] SELECT c_asigna FROM dace004 WHERE exp_e='08-25744115' AND c_asigna='300222' AND status IN ('0','3','B') [1][0] OK
C:[13/11/2012 21:39:34.86][186.95.4.221][1357] SELECT c_asigna FROM dace004 WHERE exp_e='08-25744115' AND c_asigna='300013' AND status IN ('0','3','B') [1][0] OK
C:[13/11/2012 21:39:34.86][186.95.4.221][1357] SELECT c_asigna FROM dace004 WHERE exp_e='08-25744115' AND c_asigna='300113' AND status IN ('0','3','B') [1][0] OK
C:[13/11/2012 21:39:34.86][186.95.4.221][1344] SELECT pre_cod_asig1,pre_cod_asig2,pre_cod_asig3,pre_cod_asig4,pre_cod_asig5,pre_cod_asig6,pre_cod_asig7 FROM tblaca009 WHERE pensum='5' AND c_uni_ca='5' AND c_asigna='355694' [1][0] OK
C:[13/11/2012 21:39:34.86][186.95.4.221][1357] SELECT c_asigna FROM dace004 WHERE exp_e='08-25744115' AND c_asigna='355572' AND status IN ('0','3','B') [1][0] OK
C:[13/11/2012 21:39:34.86][186.95.4.221][1357] SELECT c_asigna FROM dace004 WHERE exp_e='08-25744115' AND c_asigna='355571' AND status IN ('0','3','B') [1][0] OK
C:[13/11/2012 21:39:34.86][186.95.4.221][1344] SELECT pre_cod_asig1,pre_cod_asig2,pre_cod_asig3,pre_cod_asig4,pre_cod_asig5,pre_cod_asig6,pre_cod_asig7 FROM tblaca009 WHERE pensum='5' AND c_uni_ca='5' AND c_asigna='355696' [1][0] OK
C:[13/11/2012 21:39:34.86][186.95.4.221][1357] SELECT c_asigna FROM dace004 WHERE exp_e='08-25744115' AND c_asigna='355570' AND status IN ('0','3','B') [1][0] OK
C:[13/11/2012 21:39:34.86][186.95.4.221][1357] SELECT c_asigna FROM dace004 WHERE exp_e='08-25744115' AND c_asigna='355571' AND status IN ('0','3','B') [1][0] OK
C:[13/11/2012 21:39:34.86][186.95.4.221][1344] SELECT pre_cod_asig1,pre_cod_asig2,pre_cod_asig3,pre_cod_asig4,pre_cod_asig5,pre_cod_asig6,pre_cod_asig7 FROM tblaca009 WHERE pensum='5' AND c_uni_ca='5' AND c_asigna='355724' [1][0] OK
C:[13/11/2012 21:39:34.86][186.95.4.221][1357] SELECT c_asigna FROM dace004 WHERE exp_e='08-25744115' AND c_asigna='355692' AND status IN ('0','3','B') [1][0] OK
C:[13/11/2012 21:39:34.86][186.95.4.221][1344] SELECT pre_cod_asig1,pre_cod_asig2,pre_cod_asig3,pre_cod_asig4,pre_cod_asig5,pre_cod_asig6,pre_cod_asig7 FROM tblaca009 WHERE pensum='5' AND c_uni_ca='5' AND c_asigna='355835' [1][0] OK
C:[13/11/2012 21:39:34.86][186.95.4.221][1357] SELECT c_asigna FROM dace004 WHERE exp_e='08-25744115' AND c_asigna='355691' AND status IN ('0','3','B') [1][0] OK
C:[13/11/2012 21:39:34.86][186.95.4.221][1344] SELECT pre_cod_asig1,pre_cod_asig2,pre_cod_asig3,pre_cod_asig4,pre_cod_asig5,pre_cod_asig6,pre_cod_asig7 FROM tblaca009 WHERE pensum='5' AND c_uni_ca='5' AND c_asigna='355874' [1][0] OK
C:[13/11/2012 21:39:34.86][186.95.4.221][1357] SELECT c_asigna FROM dace004 WHERE exp_e='08-25744115' AND c_asigna='355448' AND status IN ('0','3','B') [1][0] OK
C:[13/11/2012 21:39:34.86][186.95.4.221][1344] SELECT pre_cod_asig1,pre_cod_asig2,pre_cod_asig3,pre_cod_asig4,pre_cod_asig5,pre_cod_asig6,pre_cod_asig7 FROM tblaca009 WHERE pensum='5' AND c_uni_ca='5' AND c_asigna='355953' [1][0] OK
C:[13/11/2012 21:39:34.86][186.95.4.221][1357] SELECT c_asigna FROM dace004 WHERE exp_e='08-25744115' AND c_asigna='355691' AND status IN ('0','3','B') [1][0] OK
C:[13/11/2012 21:39:35.86][186.95.4.221][1388] SELECT par_cod_asig1,par_cod_asig2,par_cod_asig3 FROM tblaca009 WHERE pensum='5' AND c_uni_ca='5' AND c_asigna='355951' [1][0] OK
C:[13/11/2012 21:39:35.86][186.95.4.221][1388] SELECT par_cod_asig1,par_cod_asig2,par_cod_asig3 FROM tblaca009 WHERE pensum='5' AND c_uni_ca='5' AND c_asigna='355693' [1][0] OK
C:[13/11/2012 21:39:35.86][186.95.4.221][1388] SELECT par_cod_asig1,par_cod_asig2,par_cod_asig3 FROM tblaca009 WHERE pensum='5' AND c_uni_ca='5' AND c_asigna='355694' [1][0] OK
C:[13/11/2012 21:39:35.86][186.95.4.221][1388] SELECT par_cod_asig1,par_cod_asig2,par_cod_asig3 FROM tblaca009 WHERE pensum='5' AND c_uni_ca='5' AND c_asigna='355696' [1][0] OK
C:[13/11/2012 21:39:35.86][186.95.4.221][1388] SELECT par_cod_asig1,par_cod_asig2,par_cod_asig3 FROM tblaca009 WHERE pensum='5' AND c_uni_ca='5' AND c_asigna='355724' [1][0] OK
C:[13/11/2012 21:39:35.86][186.95.4.221][1388] SELECT par_cod_asig1,par_cod_asig2,par_cod_asig3 FROM tblaca009 WHERE pensum='5' AND c_uni_ca='5' AND c_asigna='355835' [1][0] OK
C:[13/11/2012 21:39:35.86][186.95.4.221][1388] SELECT par_cod_asig1,par_cod_asig2,par_cod_asig3 FROM tblaca009 WHERE pensum='5' AND c_uni_ca='5' AND c_asigna='355874' [1][0] OK
C:[13/11/2012 21:39:35.86][186.95.4.221][1388] SELECT par_cod_asig1,par_cod_asig2,par_cod_asig3 FROM tblaca009 WHERE pensum='5' AND c_uni_ca='5' AND c_asigna='355953' [1][0] OK
C:[13/11/2012 21:39:35.88][186.95.4.221][1518] SELECT horas_lab FROM tblaca008 WHERE c_asigna='355951' AND horas_teoricas > 0 [1][0] OK
C:[13/11/2012 21:39:35.99][186.95.4.221][1550] SELECT sum(u_creditos*1) FROM dace006 a, tblaca009 b WHERE a.exp_e='08-25744115' AND a.lapso='2012-2' AND b.pensum='5' AND b.c_uni_ca='5' AND status IN ('7','A','2') AND a.c_asigna=b.c_asigna  [1][0] OK
C:[13/11/2012 21:39:35.12][186.95.4.221][1569] SELECT sum(u_creditos*1) FROM dace006 a, tblaca009 b WHERE a.exp_e='08-25744115' AND a.lapso='2012-2' AND b.pensum='5' AND b.c_uni_ca='5' AND status IN ('7','A','2') AND a.c_asigna=b.c_asigna AND a.c_asigna IN ('355693','355694','355696','355724','355835','355874','355953') [1][0] OK
C:[13/11/2012 21:39:35.24][186.95.4.221][1585] SELECT MAX(semestre) FROM dace006 a, tblaca009 b WHERE a.exp_e='08-25744115' AND a.lapso='2012-2' AND b.pensum='5' AND b.c_uni_ca='5' AND status IN ('7','A','2') AND a.c_asigna=b.c_asigna  [1][0] OK
C:[13/11/2012 21:39:35.36][186.95.4.221][1606] SELECT MIN(semestre) FROM dace006 a, tblaca009 b WHERE a.exp_e='08-25744115' AND a.lapso='2012-2' AND b.pensum='5' AND b.c_uni_ca='5' AND status IN ('7','A','2') AND a.c_asigna=b.c_asigna AND a.c_asigna IN ('355951') [1][0] OK
C:[14/11/2012 10:43:14.58][172.16.8.247][1344] SELECT pre_cod_asig1,pre_cod_asig2,pre_cod_asig3,pre_cod_asig4,pre_cod_asig5,pre_cod_asig6,pre_cod_asig7 FROM tblaca009 WHERE pensum='5' AND c_uni_ca='6' AND c_asigna='300116' [1][0] OK
C:[14/11/2012 10:43:14.58][172.16.8.247][1344] SELECT pre_cod_asig1,pre_cod_asig2,pre_cod_asig3,pre_cod_asig4,pre_cod_asig5,pre_cod_asig6,pre_cod_asig7 FROM tblaca009 WHERE pensum='5' AND c_uni_ca='6' AND c_asigna='300013' [1][0] OK
C:[14/11/2012 10:43:14.58][172.16.8.247][1344] SELECT pre_cod_asig1,pre_cod_asig2,pre_cod_asig3,pre_cod_asig4,pre_cod_asig5,pre_cod_asig6,pre_cod_asig7 FROM tblaca009 WHERE pensum='5' AND c_uni_ca='6' AND c_asigna='300101' [1][0] OK
C:[14/11/2012 10:43:14.58][172.16.8.247][1344] SELECT pre_cod_asig1,pre_cod_asig2,pre_cod_asig3,pre_cod_asig4,pre_cod_asig5,pre_cod_asig6,pre_cod_asig7 FROM tblaca009 WHERE pensum='5' AND c_uni_ca='6' AND c_asigna='300105' [1][0] OK
C:[14/11/2012 10:43:14.58][172.16.8.247][1344] SELECT pre_cod_asig1,pre_cod_asig2,pre_cod_asig3,pre_cod_asig4,pre_cod_asig5,pre_cod_asig6,pre_cod_asig7 FROM tblaca009 WHERE pensum='5' AND c_uni_ca='6' AND c_asigna='300113' [1][0] OK
C:[14/11/2012 10:43:14.21][172.16.8.247][1388] SELECT par_cod_asig1,par_cod_asig2,par_cod_asig3 FROM tblaca009 WHERE pensum='5' AND c_uni_ca='6' AND c_asigna='300116' [1][0] OK
C:[14/11/2012 10:43:14.21][172.16.8.247][1388] SELECT par_cod_asig1,par_cod_asig2,par_cod_asig3 FROM tblaca009 WHERE pensum='5' AND c_uni_ca='6' AND c_asigna='300013' [1][0] OK
C:[14/11/2012 10:43:14.21][172.16.8.247][1388] SELECT par_cod_asig1,par_cod_asig2,par_cod_asig3 FROM tblaca009 WHERE pensum='5' AND c_uni_ca='6' AND c_asigna='300101' [1][0] OK
C:[14/11/2012 10:43:14.21][172.16.8.247][1388] SELECT par_cod_asig1,par_cod_asig2,par_cod_asig3 FROM tblaca009 WHERE pensum='5' AND c_uni_ca='6' AND c_asigna='300105' [1][0] OK
C:[14/11/2012 10:43:14.21][172.16.8.247][1388] SELECT par_cod_asig1,par_cod_asig2,par_cod_asig3 FROM tblaca009 WHERE pensum='5' AND c_uni_ca='6' AND c_asigna='300113' [1][0] OK
C:[14/11/2012 10:43:14.21][172.16.8.247][1402] SELECT c_asigna FROM dace004 WHERE exp_e='12-21251592' AND c_asigna='300013' AND status IN ('0','3','B','C') [0][0] OK
C:[14/11/2012 10:43:14.97][172.16.8.247][1518] SELECT horas_lab FROM tblaca008 WHERE c_asigna='300116' AND horas_teoricas > 0 [1][0] OK
C:[14/11/2012 10:43:14.08][172.16.8.247][1550] SELECT sum(u_creditos*1) FROM dace006 a, tblaca009 b WHERE a.exp_e='12-21251592' AND a.lapso='2012-2' AND b.pensum='5' AND b.c_uni_ca='6' AND status IN ('7','A','2') AND a.c_asigna=b.c_asigna  [1][0] OK
C:[14/11/2012 10:43:14.21][172.16.8.247][1569] SELECT sum(u_creditos*1) FROM dace006 a, tblaca009 b WHERE a.exp_e='12-21251592' AND a.lapso='2012-2' AND b.pensum='5' AND b.c_uni_ca='6' AND status IN ('7','A','2') AND a.c_asigna=b.c_asigna AND a.c_asigna IN ('300013','300101','300105','300113') [1][0] OK
C:[14/11/2012 10:43:14.33][172.16.8.247][1585] SELECT MAX(semestre) FROM dace006 a, tblaca009 b WHERE a.exp_e='12-21251592' AND a.lapso='2012-2' AND b.pensum='5' AND b.c_uni_ca='6' AND status IN ('7','A','2') AND a.c_asigna=b.c_asigna  [1][0] OK
C:[14/11/2012 10:43:14.46][172.16.8.247][1606] SELECT MIN(semestre) FROM dace006 a, tblaca009 b WHERE a.exp_e='12-21251592' AND a.lapso='2012-2' AND b.pensum='5' AND b.c_uni_ca='6' AND status IN ('7','A','2') AND a.c_asigna=b.c_asigna AND a.c_asigna IN ('300116') [1][0] OK
C:[14/11/2012 11:03:27.72][190.37.209.80][1344] SELECT pre_cod_asig1,pre_cod_asig2,pre_cod_asig3,pre_cod_asig4,pre_cod_asig5,pre_cod_asig6,pre_cod_asig7 FROM tblaca009 WHERE pensum='5' AND c_uni_ca='5' AND c_asigna='300112' [1][0] OK
C:[14/11/2012 11:03:27.72][190.37.209.80][1344] SELECT pre_cod_asig1,pre_cod_asig2,pre_cod_asig3,pre_cod_asig4,pre_cod_asig5,pre_cod_asig6,pre_cod_asig7 FROM tblaca009 WHERE pensum='5' AND c_uni_ca='5' AND c_asigna='300218' [1][0] OK
C:[14/11/2012 11:03:27.72][190.37.209.80][1344] SELECT pre_cod_asig1,pre_cod_asig2,pre_cod_asig3,pre_cod_asig4,pre_cod_asig5,pre_cod_asig6,pre_cod_asig7 FROM tblaca009 WHERE pensum='5' AND c_uni_ca='5' AND c_asigna='300209' [1][0] OK
C:[14/11/2012 11:03:27.72][190.37.209.80][1357] SELECT c_asigna FROM dace004 WHERE exp_e='11-18078296' AND c_asigna='300101' AND status IN ('0','3','B') [1][0] OK
C:[14/11/2012 11:03:27.72][190.37.209.80][1344] SELECT pre_cod_asig1,pre_cod_asig2,pre_cod_asig3,pre_cod_asig4,pre_cod_asig5,pre_cod_asig6,pre_cod_asig7 FROM tblaca009 WHERE pensum='5' AND c_uni_ca='5' AND c_asigna='300213' [1][0] OK
C:[14/11/2012 11:03:27.72][190.37.209.80][1357] SELECT c_asigna FROM dace004 WHERE exp_e='11-18078296' AND c_asigna='300101' AND status IN ('0','3','B') [1][0] OK
C:[14/11/2012 11:03:27.72][190.37.209.80][1344] SELECT pre_cod_asig1,pre_cod_asig2,pre_cod_asig3,pre_cod_asig4,pre_cod_asig5,pre_cod_asig6,pre_cod_asig7 FROM tblaca009 WHERE pensum='5' AND c_uni_ca='5' AND c_asigna='300228' [1][0] OK
C:[14/11/2012 11:03:27.72][190.37.209.80][1357] SELECT c_asigna FROM dace004 WHERE exp_e='11-18078296' AND c_asigna='300101' AND status IN ('0','3','B') [1][0] OK
C:[14/11/2012 11:03:27.71][190.37.209.80][1388] SELECT par_cod_asig1,par_cod_asig2,par_cod_asig3 FROM tblaca009 WHERE pensum='5' AND c_uni_ca='5' AND c_asigna='300112' [1][0] OK
C:[14/11/2012 11:03:27.71][190.37.209.80][1388] SELECT par_cod_asig1,par_cod_asig2,par_cod_asig3 FROM tblaca009 WHERE pensum='5' AND c_uni_ca='5' AND c_asigna='300218' [1][0] OK
C:[14/11/2012 11:03:27.71][190.37.209.80][1402] SELECT c_asigna FROM dace004 WHERE exp_e='11-18078296' AND c_asigna='300228' AND status IN ('0','3','B','C') [0][0] OK
C:[14/11/2012 11:03:27.71][190.37.209.80][1388] SELECT par_cod_asig1,par_cod_asig2,par_cod_asig3 FROM tblaca009 WHERE pensum='5' AND c_uni_ca='5' AND c_asigna='300209' [1][0] OK
C:[14/11/2012 11:03:27.71][190.37.209.80][1388] SELECT par_cod_asig1,par_cod_asig2,par_cod_asig3 FROM tblaca009 WHERE pensum='5' AND c_uni_ca='5' AND c_asigna='300213' [1][0] OK
C:[14/11/2012 11:03:27.71][190.37.209.80][1402] SELECT c_asigna FROM dace004 WHERE exp_e='11-18078296' AND c_asigna='300209' AND status IN ('0','3','B','C') [0][0] OK
C:[14/11/2012 11:03:27.71][190.37.209.80][1388] SELECT par_cod_asig1,par_cod_asig2,par_cod_asig3 FROM tblaca009 WHERE pensum='5' AND c_uni_ca='5' AND c_asigna='300228' [1][0] OK
C:[14/11/2012 11:03:28.60][190.37.209.80][1518] SELECT horas_lab FROM tblaca008 WHERE c_asigna='300112' AND horas_teoricas > 0 [1][0] OK
C:[14/11/2012 11:03:28.60][190.37.209.80][1518] SELECT horas_lab FROM tblaca008 WHERE c_asigna='300218' AND horas_teoricas > 0 [0][0] OK
C:[14/11/2012 11:03:28.85][190.37.209.80][1550] SELECT sum(u_creditos*1) FROM dace006 a, tblaca009 b WHERE a.exp_e='11-18078296' AND a.lapso='2012-2' AND b.pensum='5' AND b.c_uni_ca='5' AND status IN ('7','A','2') AND a.c_asigna=b.c_asigna  [1][0] OK
C:[14/11/2012 11:03:28.97][190.37.209.80][1569] SELECT sum(u_creditos*1) FROM dace006 a, tblaca009 b WHERE a.exp_e='11-18078296' AND a.lapso='2012-2' AND b.pensum='5' AND b.c_uni_ca='5' AND status IN ('7','A','2') AND a.c_asigna=b.c_asigna AND a.c_asigna IN ('300209','300213','300228') [1][0] OK
C:[14/11/2012 11:03:28.09][190.37.209.80][1585] SELECT MAX(semestre) FROM dace006 a, tblaca009 b WHERE a.exp_e='11-18078296' AND a.lapso='2012-2' AND b.pensum='5' AND b.c_uni_ca='5' AND status IN ('7','A','2') AND a.c_asigna=b.c_asigna  [1][0] OK
C:[14/11/2012 11:03:28.22][190.37.209.80][1606] SELECT MIN(semestre) FROM dace006 a, tblaca009 b WHERE a.exp_e='11-18078296' AND a.lapso='2012-2' AND b.pensum='5' AND b.c_uni_ca='5' AND status IN ('7','A','2') AND a.c_asigna=b.c_asigna AND a.c_asigna IN ('300112','300218') [1][0] OK
C:[14/11/2012 11:35:44.62][190.202.246.92][1344] SELECT pre_cod_asig1,pre_cod_asig2,pre_cod_asig3,pre_cod_asig4,pre_cod_asig5,pre_cod_asig6,pre_cod_asig7 FROM tblaca009 WHERE pensum='5' AND c_uni_ca='6' AND c_asigna='300207' [1][0] OK
C:[14/11/2012 11:35:44.62][190.202.246.92][1357] SELECT c_asigna FROM dace004 WHERE exp_e='09-21197649' AND c_asigna='300101' AND status IN ('0','3','B') [1][0] OK
C:[14/11/2012 11:35:44.62][190.202.246.92][1344] SELECT pre_cod_asig1,pre_cod_asig2,pre_cod_asig3,pre_cod_asig4,pre_cod_asig5,pre_cod_asig6,pre_cod_asig7 FROM tblaca009 WHERE pensum='5' AND c_uni_ca='6' AND c_asigna='300209' [1][0] OK
C:[14/11/2012 11:35:44.62][190.202.246.92][1357] SELECT c_asigna FROM dace004 WHERE exp_e='09-21197649' AND c_asigna='300101' AND status IN ('0','3','B') [1][0] OK
C:[14/11/2012 11:35:44.12][190.202.246.92][1388] SELECT par_cod_asig1,par_cod_asig2,par_cod_asig3 FROM tblaca009 WHERE pensum='5' AND c_uni_ca='6' AND c_asigna='300207' [1][0] OK
C:[14/11/2012 11:35:44.12][190.202.246.92][1388] SELECT par_cod_asig1,par_cod_asig2,par_cod_asig3 FROM tblaca009 WHERE pensum='5' AND c_uni_ca='6' AND c_asigna='300209' [1][0] OK
C:[14/11/2012 11:35:44.39][190.202.246.92][1550] SELECT sum(u_creditos*1) FROM dace006 a, tblaca009 b WHERE a.exp_e='09-21197649' AND a.lapso='2012-2' AND b.pensum='5' AND b.c_uni_ca='6' AND status IN ('7','A','2') AND a.c_asigna=b.c_asigna  [1][0] OK
C:[14/11/2012 11:35:44.50][190.202.246.92][1569] SELECT sum(u_creditos*1) FROM dace006 a, tblaca009 b WHERE a.exp_e='09-21197649' AND a.lapso='2012-2' AND b.pensum='5' AND b.c_uni_ca='6' AND status IN ('7','A','2') AND a.c_asigna=b.c_asigna AND a.c_asigna IN ('300207','300209') [1][0] OK
C:[14/11/2012 11:35:44.62][190.202.246.92][1585] SELECT MAX(semestre) FROM dace006 a, tblaca009 b WHERE a.exp_e='09-21197649' AND a.lapso='2012-2' AND b.pensum='5' AND b.c_uni_ca='6' AND status IN ('7','A','2') AND a.c_asigna=b.c_asigna  [1][0] OK
C:[14/11/2012 12:06:48.02][190.37.33.213][1344] SELECT pre_cod_asig1,pre_cod_asig2,pre_cod_asig3,pre_cod_asig4,pre_cod_asig5,pre_cod_asig6,pre_cod_asig7 FROM tblaca009 WHERE pensum='5' AND c_uni_ca='2' AND c_asigna='300112' [1][0] OK
C:[14/11/2012 12:06:48.02][190.37.33.213][1344] SELECT pre_cod_asig1,pre_cod_asig2,pre_cod_asig3,pre_cod_asig4,pre_cod_asig5,pre_cod_asig6,pre_cod_asig7 FROM tblaca009 WHERE pensum='5' AND c_uni_ca='2' AND c_asigna='300013' [1][0] OK
C:[14/11/2012 12:06:48.02][190.37.33.213][1344] SELECT pre_cod_asig1,pre_cod_asig2,pre_cod_asig3,pre_cod_asig4,pre_cod_asig5,pre_cod_asig6,pre_cod_asig7 FROM tblaca009 WHERE pensum='5' AND c_uni_ca='2' AND c_asigna='300101' [1][0] OK
C:[14/11/2012 12:06:48.02][190.37.33.213][1344] SELECT pre_cod_asig1,pre_cod_asig2,pre_cod_asig3,pre_cod_asig4,pre_cod_asig5,pre_cod_asig6,pre_cod_asig7 FROM tblaca009 WHERE pensum='5' AND c_uni_ca='2' AND c_asigna='300113' [1][0] OK
C:[14/11/2012 12:06:48.02][190.37.33.213][1344] SELECT pre_cod_asig1,pre_cod_asig2,pre_cod_asig3,pre_cod_asig4,pre_cod_asig5,pre_cod_asig6,pre_cod_asig7 FROM tblaca009 WHERE pensum='5' AND c_uni_ca='2' AND c_asigna='300116' [1][0] OK
C:[14/11/2012 12:06:48.65][190.37.33.213][1388] SELECT par_cod_asig1,par_cod_asig2,par_cod_asig3 FROM tblaca009 WHERE pensum='5' AND c_uni_ca='2' AND c_asigna='300112' [1][0] OK
C:[14/11/2012 12:06:48.65][190.37.33.213][1388] SELECT par_cod_asig1,par_cod_asig2,par_cod_asig3 FROM tblaca009 WHERE pensum='5' AND c_uni_ca='2' AND c_asigna='300013' [1][0] OK
C:[14/11/2012 12:06:48.65][190.37.33.213][1388] SELECT par_cod_asig1,par_cod_asig2,par_cod_asig3 FROM tblaca009 WHERE pensum='5' AND c_uni_ca='2' AND c_asigna='300101' [1][0] OK
C:[14/11/2012 12:06:48.65][190.37.33.213][1388] SELECT par_cod_asig1,par_cod_asig2,par_cod_asig3 FROM tblaca009 WHERE pensum='5' AND c_uni_ca='2' AND c_asigna='300113' [1][0] OK
C:[14/11/2012 12:06:48.65][190.37.33.213][1402] SELECT c_asigna FROM dace004 WHERE exp_e='12-25512419' AND c_asigna='300013' AND status IN ('0','3','B','C') [0][0] OK
C:[14/11/2012 12:06:48.65][190.37.33.213][1388] SELECT par_cod_asig1,par_cod_asig2,par_cod_asig3 FROM tblaca009 WHERE pensum='5' AND c_uni_ca='2' AND c_asigna='300116' [1][0] OK
C:[14/11/2012 12:06:48.41][190.37.33.213][1518] SELECT horas_lab FROM tblaca008 WHERE c_asigna='300112' AND horas_teoricas > 0 [1][0] OK
C:[14/11/2012 12:06:49.52][190.37.33.213][1550] SELECT sum(u_creditos*1) FROM dace006 a, tblaca009 b WHERE a.exp_e='12-25512419' AND a.lapso='2012-2' AND b.pensum='5' AND b.c_uni_ca='2' AND status IN ('7','A','2') AND a.c_asigna=b.c_asigna  [1][0] OK
C:[14/11/2012 12:06:49.65][190.37.33.213][1569] SELECT sum(u_creditos*1) FROM dace006 a, tblaca009 b WHERE a.exp_e='12-25512419' AND a.lapso='2012-2' AND b.pensum='5' AND b.c_uni_ca='2' AND status IN ('7','A','2') AND a.c_asigna=b.c_asigna AND a.c_asigna IN ('300013','300101','300113','300116') [1][0] OK
C:[14/11/2012 12:06:49.77][190.37.33.213][1585] SELECT MAX(semestre) FROM dace006 a, tblaca009 b WHERE a.exp_e='12-25512419' AND a.lapso='2012-2' AND b.pensum='5' AND b.c_uni_ca='2' AND status IN ('7','A','2') AND a.c_asigna=b.c_asigna  [1][0] OK
C:[14/11/2012 12:06:49.90][190.37.33.213][1606] SELECT MIN(semestre) FROM dace006 a, tblaca009 b WHERE a.exp_e='12-25512419' AND a.lapso='2012-2' AND b.pensum='5' AND b.c_uni_ca='2' AND status IN ('7','A','2') AND a.c_asigna=b.c_asigna AND a.c_asigna IN ('300112') [1][0] OK
C:[14/11/2012 13:17:23.86][172.16.12.208][1344] SELECT pre_cod_asig1,pre_cod_asig2,pre_cod_asig3,pre_cod_asig4,pre_cod_asig5,pre_cod_asig6,pre_cod_asig7 FROM tblaca009 WHERE pensum='5' AND c_uni_ca='3' AND c_asigna='300013' [1][0] OK
C:[14/11/2012 13:17:23.86][172.16.12.208][1344] SELECT pre_cod_asig1,pre_cod_asig2,pre_cod_asig3,pre_cod_asig4,pre_cod_asig5,pre_cod_asig6,pre_cod_asig7 FROM tblaca009 WHERE pensum='5' AND c_uni_ca='3' AND c_asigna='300113' [1][0] OK
C:[14/11/2012 13:17:23.86][172.16.12.208][1344] SELECT pre_cod_asig1,pre_cod_asig2,pre_cod_asig3,pre_cod_asig4,pre_cod_asig5,pre_cod_asig6,pre_cod_asig7 FROM tblaca009 WHERE pensum='5' AND c_uni_ca='3' AND c_asigna='300101' [1][0] OK
C:[14/11/2012 13:17:23.86][172.16.12.208][1344] SELECT pre_cod_asig1,pre_cod_asig2,pre_cod_asig3,pre_cod_asig4,pre_cod_asig5,pre_cod_asig6,pre_cod_asig7 FROM tblaca009 WHERE pensum='5' AND c_uni_ca='3' AND c_asigna='300116' [1][0] OK
C:[14/11/2012 13:17:23.36][172.16.12.208][1388] SELECT par_cod_asig1,par_cod_asig2,par_cod_asig3 FROM tblaca009 WHERE pensum='5' AND c_uni_ca='3' AND c_asigna='300013' [1][0] OK
C:[14/11/2012 13:17:23.36][172.16.12.208][1388] SELECT par_cod_asig1,par_cod_asig2,par_cod_asig3 FROM tblaca009 WHERE pensum='5' AND c_uni_ca='3' AND c_asigna='300113' [1][0] OK
C:[14/11/2012 13:17:23.36][172.16.12.208][1402] SELECT c_asigna FROM dace004 WHERE exp_e='12-24541152' AND c_asigna='300013' AND status IN ('0','3','B','C') [0][0] OK
C:[14/11/2012 13:17:23.36][172.16.12.208][1388] SELECT par_cod_asig1,par_cod_asig2,par_cod_asig3 FROM tblaca009 WHERE pensum='5' AND c_uni_ca='3' AND c_asigna='300101' [1][0] OK
C:[14/11/2012 13:17:23.36][172.16.12.208][1388] SELECT par_cod_asig1,par_cod_asig2,par_cod_asig3 FROM tblaca009 WHERE pensum='5' AND c_uni_ca='3' AND c_asigna='300116' [1][0] OK
C:[14/11/2012 13:17:23.99][172.16.12.208][1518] SELECT horas_lab FROM tblaca008 WHERE c_asigna='300013' AND horas_teoricas > 0 [1][0] OK
C:[14/11/2012 13:17:23.99][172.16.12.208][1518] SELECT horas_lab FROM tblaca008 WHERE c_asigna='300113' AND horas_teoricas > 0 [0][0] OK
C:[14/11/2012 13:17:23.23][172.16.12.208][1550] SELECT sum(u_creditos*1) FROM dace006 a, tblaca009 b WHERE a.exp_e='12-24541152' AND a.lapso='2012-2' AND b.pensum='5' AND b.c_uni_ca='3' AND status IN ('7','A','2') AND a.c_asigna=b.c_asigna  [1][0] OK
C:[14/11/2012 13:17:23.36][172.16.12.208][1569] SELECT sum(u_creditos*1) FROM dace006 a, tblaca009 b WHERE a.exp_e='12-24541152' AND a.lapso='2012-2' AND b.pensum='5' AND b.c_uni_ca='3' AND status IN ('7','A','2') AND a.c_asigna=b.c_asigna AND a.c_asigna IN ('300101','300116') [1][0] OK
C:[14/11/2012 13:17:23.49][172.16.12.208][1585] SELECT MAX(semestre) FROM dace006 a, tblaca009 b WHERE a.exp_e='12-24541152' AND a.lapso='2012-2' AND b.pensum='5' AND b.c_uni_ca='3' AND status IN ('7','A','2') AND a.c_asigna=b.c_asigna  [1][0] OK
C:[14/11/2012 13:17:23.61][172.16.12.208][1606] SELECT MIN(semestre) FROM dace006 a, tblaca009 b WHERE a.exp_e='12-24541152' AND a.lapso='2012-2' AND b.pensum='5' AND b.c_uni_ca='3' AND status IN ('7','A','2') AND a.c_asigna=b.c_asigna AND a.c_asigna IN ('300013','300113') [1][0] OK
C:[14/11/2012 16:13:31.50][172.16.12.135][1344] SELECT pre_cod_asig1,pre_cod_asig2,pre_cod_asig3,pre_cod_asig4,pre_cod_asig5,pre_cod_asig6,pre_cod_asig7 FROM tblaca009 WHERE pensum='5' AND c_uni_ca='2' AND c_asigna='322070' [1][0] OK
C:[14/11/2012 16:13:31.50][172.16.12.135][1344] SELECT pre_cod_asig1,pre_cod_asig2,pre_cod_asig3,pre_cod_asig4,pre_cod_asig5,pre_cod_asig6,pre_cod_asig7 FROM tblaca009 WHERE pensum='5' AND c_uni_ca='2' AND c_asigna='300890' [1][0] OK
C:[14/11/2012 16:13:31.50][172.16.12.135][1344] SELECT pre_cod_asig1,pre_cod_asig2,pre_cod_asig3,pre_cod_asig4,pre_cod_asig5,pre_cod_asig6,pre_cod_asig7 FROM tblaca009 WHERE pensum='5' AND c_uni_ca='2' AND c_asigna='300956' [1][0] OK
C:[14/11/2012 16:13:31.50][172.16.12.135][1357] SELECT c_asigna FROM dace004 WHERE exp_e='07-20124677' AND c_asigna='300422' AND status IN ('0','3','B') [1][0] OK
C:[14/11/2012 16:13:31.50][172.16.12.135][1357] SELECT c_asigna FROM dace004 WHERE exp_e='07-20124677' AND c_asigna='300105' AND status IN ('0','3','B') [1][0] OK
C:[14/11/2012 16:13:31.50][172.16.12.135][1357] SELECT c_asigna FROM dace004 WHERE exp_e='07-20124677' AND c_asigna='300314' AND status IN ('0','3','B') [1][0] OK
C:[14/11/2012 16:13:31.50][172.16.12.135][1344] SELECT pre_cod_asig1,pre_cod_asig2,pre_cod_asig3,pre_cod_asig4,pre_cod_asig5,pre_cod_asig6,pre_cod_asig7 FROM tblaca009 WHERE pensum='5' AND c_uni_ca='2' AND c_asigna='322033' [1][0] OK
C:[14/11/2012 16:13:31.50][172.16.12.135][1344] SELECT pre_cod_asig1,pre_cod_asig2,pre_cod_asig3,pre_cod_asig4,pre_cod_asig5,pre_cod_asig6,pre_cod_asig7 FROM tblaca009 WHERE pensum='5' AND c_uni_ca='2' AND c_asigna='322827' [1][0] OK
C:[14/11/2012 16:13:31.50][172.16.12.135][1357] SELECT c_asigna FROM dace004 WHERE exp_e='07-20124677' AND c_asigna='322703' AND status IN ('0','3','B') [1][0] OK
C:[14/11/2012 16:13:31.50][172.16.12.135][1357] SELECT c_asigna FROM dace004 WHERE exp_e='07-20124677' AND c_asigna='322782' AND status IN ('0','3','B') [1][0] OK
C:[14/11/2012 16:13:31.50][172.16.12.135][1357] SELECT c_asigna FROM dace004 WHERE exp_e='07-20124677' AND c_asigna='322449' AND status IN ('0','3','B') [1][0] OK
C:[14/11/2012 16:13:31.50][172.16.12.135][1344] SELECT pre_cod_asig1,pre_cod_asig2,pre_cod_asig3,pre_cod_asig4,pre_cod_asig5,pre_cod_asig6,pre_cod_asig7 FROM tblaca009 WHERE pensum='5' AND c_uni_ca='2' AND c_asigna='322904' [1][0] OK
C:[14/11/2012 16:13:31.50][172.16.12.135][1357] SELECT c_asigna FROM dace004 WHERE exp_e='07-20124677' AND c_asigna='322782' AND status IN ('0','3','B') [1][0] OK
C:[14/11/2012 16:13:31.50][172.16.12.135][1357] SELECT c_asigna FROM dace004 WHERE exp_e='07-20124677' AND c_asigna='322801' AND status IN ('0','3','B') [1][0] OK
C:[14/11/2012 16:13:31.50][172.16.12.135][1344] SELECT pre_cod_asig1,pre_cod_asig2,pre_cod_asig3,pre_cod_asig4,pre_cod_asig5,pre_cod_asig6,pre_cod_asig7 FROM tblaca009 WHERE pensum='5' AND c_uni_ca='2' AND c_asigna='322936' [1][0] OK
C:[14/11/2012 16:13:31.50][172.16.12.135][1357] SELECT c_asigna FROM dace004 WHERE exp_e='07-20124677' AND c_asigna='322801' AND status IN ('0','3','B') [1][0] OK
C:[14/11/2012 16:13:32.51][172.16.12.135][1388] SELECT par_cod_asig1,par_cod_asig2,par_cod_asig3 FROM tblaca009 WHERE pensum='5' AND c_uni_ca='2' AND c_asigna='322070' [1][0] OK
C:[14/11/2012 16:13:32.51][172.16.12.135][1388] SELECT par_cod_asig1,par_cod_asig2,par_cod_asig3 FROM tblaca009 WHERE pensum='5' AND c_uni_ca='2' AND c_asigna='300890' [1][0] OK
C:[14/11/2012 16:13:32.51][172.16.12.135][1388] SELECT par_cod_asig1,par_cod_asig2,par_cod_asig3 FROM tblaca009 WHERE pensum='5' AND c_uni_ca='2' AND c_asigna='300956' [1][0] OK
C:[14/11/2012 16:13:32.51][172.16.12.135][1388] SELECT par_cod_asig1,par_cod_asig2,par_cod_asig3 FROM tblaca009 WHERE pensum='5' AND c_uni_ca='2' AND c_asigna='322033' [1][0] OK
C:[14/11/2012 16:13:32.51][172.16.12.135][1388] SELECT par_cod_asig1,par_cod_asig2,par_cod_asig3 FROM tblaca009 WHERE pensum='5' AND c_uni_ca='2' AND c_asigna='322827' [1][0] OK
C:[14/11/2012 16:13:32.51][172.16.12.135][1388] SELECT par_cod_asig1,par_cod_asig2,par_cod_asig3 FROM tblaca009 WHERE pensum='5' AND c_uni_ca='2' AND c_asigna='322904' [1][0] OK
C:[14/11/2012 16:13:32.51][172.16.12.135][1388] SELECT par_cod_asig1,par_cod_asig2,par_cod_asig3 FROM tblaca009 WHERE pensum='5' AND c_uni_ca='2' AND c_asigna='322936' [1][0] OK
C:[14/11/2012 16:13:32.40][172.16.12.135][1518] SELECT horas_lab FROM tblaca008 WHERE c_asigna='322070' AND horas_teoricas > 0 [1][0] OK
C:[14/11/2012 16:13:32.50][172.16.12.135][1550] SELECT sum(u_creditos*1) FROM dace006 a, tblaca009 b WHERE a.exp_e='07-20124677' AND a.lapso='2012-2' AND b.pensum='5' AND b.c_uni_ca='2' AND status IN ('7','A','2') AND a.c_asigna=b.c_asigna  [1][0] OK
C:[14/11/2012 16:13:32.63][172.16.12.135][1569] SELECT sum(u_creditos*1) FROM dace006 a, tblaca009 b WHERE a.exp_e='07-20124677' AND a.lapso='2012-2' AND b.pensum='5' AND b.c_uni_ca='2' AND status IN ('7','A','2') AND a.c_asigna=b.c_asigna AND a.c_asigna IN ('300890','300956','322033','322827','322904','322936') [1][0] OK
C:[14/11/2012 16:13:32.75][172.16.12.135][1585] SELECT MAX(semestre) FROM dace006 a, tblaca009 b WHERE a.exp_e='07-20124677' AND a.lapso='2012-2' AND b.pensum='5' AND b.c_uni_ca='2' AND status IN ('7','A','2') AND a.c_asigna=b.c_asigna  [1][0] OK
C:[14/11/2012 16:13:32.88][172.16.12.135][1606] SELECT MIN(semestre) FROM dace006 a, tblaca009 b WHERE a.exp_e='07-20124677' AND a.lapso='2012-2' AND b.pensum='5' AND b.c_uni_ca='2' AND status IN ('7','A','2') AND a.c_asigna=b.c_asigna AND a.c_asigna IN ('322070') [1][0] OK
C:[14/11/2012 20:20:43.98][200.109.206.39][1344] SELECT pre_cod_asig1,pre_cod_asig2,pre_cod_asig3,pre_cod_asig4,pre_cod_asig5,pre_cod_asig6,pre_cod_asig7 FROM tblaca009 WHERE pensum='5' AND c_uni_ca='5' AND c_asigna='300222' [1][0] OK
C:[14/11/2012 20:20:43.98][200.109.206.39][1357] SELECT c_asigna FROM dace004 WHERE exp_e='11-21609113' AND c_asigna='300112' AND status IN ('0','3','B') [1][0] OK
C:[14/11/2012 20:20:43.98][200.109.206.39][1344] SELECT pre_cod_asig1,pre_cod_asig2,pre_cod_asig3,pre_cod_asig4,pre_cod_asig5,pre_cod_asig6,pre_cod_asig7 FROM tblaca009 WHERE pensum='5' AND c_uni_ca='5' AND c_asigna='300207' [1][0] OK
C:[14/11/2012 20:20:43.98][200.109.206.39][1357] SELECT c_asigna FROM dace004 WHERE exp_e='11-21609113' AND c_asigna='300101' AND status IN ('0','3','B') [1][0] OK
C:[14/11/2012 20:20:43.98][200.109.206.39][1344] SELECT pre_cod_asig1,pre_cod_asig2,pre_cod_asig3,pre_cod_asig4,pre_cod_asig5,pre_cod_asig6,pre_cod_asig7 FROM tblaca009 WHERE pensum='5' AND c_uni_ca='5' AND c_asigna='300209' [1][0] OK
C:[14/11/2012 20:20:43.98][200.109.206.39][1357] SELECT c_asigna FROM dace004 WHERE exp_e='11-21609113' AND c_asigna='300101' AND status IN ('0','3','B') [1][0] OK
C:[14/11/2012 20:20:43.98][200.109.206.39][1344] SELECT pre_cod_asig1,pre_cod_asig2,pre_cod_asig3,pre_cod_asig4,pre_cod_asig5,pre_cod_asig6,pre_cod_asig7 FROM tblaca009 WHERE pensum='5' AND c_uni_ca='5' AND c_asigna='300213' [1][0] OK
C:[14/11/2012 20:20:43.98][200.109.206.39][1357] SELECT c_asigna FROM dace004 WHERE exp_e='11-21609113' AND c_asigna='300101' AND status IN ('0','3','B') [1][0] OK
C:[14/11/2012 20:20:43.98][200.109.206.39][1344] SELECT pre_cod_asig1,pre_cod_asig2,pre_cod_asig3,pre_cod_asig4,pre_cod_asig5,pre_cod_asig6,pre_cod_asig7 FROM tblaca009 WHERE pensum='5' AND c_uni_ca='5' AND c_asigna='300228' [1][0] OK
C:[14/11/2012 20:20:43.98][200.109.206.39][1357] SELECT c_asigna FROM dace004 WHERE exp_e='11-21609113' AND c_asigna='300101' AND status IN ('0','3','B') [1][0] OK
C:[14/11/2012 20:20:43.23][200.109.206.39][1388] SELECT par_cod_asig1,par_cod_asig2,par_cod_asig3 FROM tblaca009 WHERE pensum='5' AND c_uni_ca='5' AND c_asigna='300222' [1][0] OK
C:[14/11/2012 20:20:43.23][200.109.206.39][1388] SELECT par_cod_asig1,par_cod_asig2,par_cod_asig3 FROM tblaca009 WHERE pensum='5' AND c_uni_ca='5' AND c_asigna='300207' [1][0] OK
C:[14/11/2012 20:20:43.23][200.109.206.39][1388] SELECT par_cod_asig1,par_cod_asig2,par_cod_asig3 FROM tblaca009 WHERE pensum='5' AND c_uni_ca='5' AND c_asigna='300209' [1][0] OK
C:[14/11/2012 20:20:43.23][200.109.206.39][1388] SELECT par_cod_asig1,par_cod_asig2,par_cod_asig3 FROM tblaca009 WHERE pensum='5' AND c_uni_ca='5' AND c_asigna='300213' [1][0] OK
C:[14/11/2012 20:20:43.23][200.109.206.39][1402] SELECT c_asigna FROM dace004 WHERE exp_e='11-21609113' AND c_asigna='300209' AND status IN ('0','3','B','C') [0][0] OK
C:[14/11/2012 20:20:43.23][200.109.206.39][1388] SELECT par_cod_asig1,par_cod_asig2,par_cod_asig3 FROM tblaca009 WHERE pensum='5' AND c_uni_ca='5' AND c_asigna='300228' [1][0] OK
C:[14/11/2012 20:20:43.99][200.109.206.39][1518] SELECT horas_lab FROM tblaca008 WHERE c_asigna='300222' AND horas_teoricas > 0 [1][0] OK
C:[14/11/2012 20:20:43.10][200.109.206.39][1550] SELECT sum(u_creditos*1) FROM dace006 a, tblaca009 b WHERE a.exp_e='11-21609113' AND a.lapso='2012-2' AND b.pensum='5' AND b.c_uni_ca='5' AND status IN ('7','A','2') AND a.c_asigna=b.c_asigna  [1][0] OK
C:[14/11/2012 20:20:43.23][200.109.206.39][1569] SELECT sum(u_creditos*1) FROM dace006 a, tblaca009 b WHERE a.exp_e='11-21609113' AND a.lapso='2012-2' AND b.pensum='5' AND b.c_uni_ca='5' AND status IN ('7','A','2') AND a.c_asigna=b.c_asigna AND a.c_asigna IN ('300207','300209','300213','300228') [1][0] OK
C:[14/11/2012 20:20:43.35][200.109.206.39][1585] SELECT MAX(semestre) FROM dace006 a, tblaca009 b WHERE a.exp_e='11-21609113' AND a.lapso='2012-2' AND b.pensum='5' AND b.c_uni_ca='5' AND status IN ('7','A','2') AND a.c_asigna=b.c_asigna  [1][0] OK
C:[14/11/2012 20:20:43.48][200.109.206.39][1606] SELECT MIN(semestre) FROM dace006 a, tblaca009 b WHERE a.exp_e='11-21609113' AND a.lapso='2012-2' AND b.pensum='5' AND b.c_uni_ca='5' AND status IN ('7','A','2') AND a.c_asigna=b.c_asigna AND a.c_asigna IN ('300222') [1][0] OK
C:[14/11/2012 22:51:04.06][190.37.61.158][1344] SELECT pre_cod_asig1,pre_cod_asig2,pre_cod_asig3,pre_cod_asig4,pre_cod_asig5,pre_cod_asig6,pre_cod_asig7 FROM tblaca009 WHERE pensum='5' AND c_uni_ca='5' AND c_asigna='355448' [1][0] OK
C:[14/11/2012 22:51:04.06][190.37.61.158][1357] SELECT c_asigna FROM dace004 WHERE exp_e='10-22587149' AND c_asigna='300313' AND status IN ('0','3','B') [1][0] OK
C:[14/11/2012 22:51:04.06][190.37.61.158][1357] SELECT c_asigna FROM dace004 WHERE exp_e='10-22587149' AND c_asigna='300209' AND status IN ('0','3','B') [1][0] OK
C:[14/11/2012 22:51:04.06][190.37.61.158][1357] SELECT c_asigna FROM dace004 WHERE exp_e='10-22587149' AND c_asigna='300226' AND status IN ('0','3','B') [1][0] OK
C:[14/11/2012 22:51:04.06][190.37.61.158][1357] SELECT c_asigna FROM dace004 WHERE exp_e='10-22587149' AND c_asigna='300222' AND status IN ('0','3','B') [1][0] OK
C:[14/11/2012 22:51:04.06][190.37.61.158][1344] SELECT pre_cod_asig1,pre_cod_asig2,pre_cod_asig3,pre_cod_asig4,pre_cod_asig5,pre_cod_asig6,pre_cod_asig7 FROM tblaca009 WHERE pensum='5' AND c_uni_ca='5' AND c_asigna='300228' [1][0] OK
C:[14/11/2012 22:51:04.06][190.37.61.158][1357] SELECT c_asigna FROM dace004 WHERE exp_e='10-22587149' AND c_asigna='300101' AND status IN ('0','3','B') [1][0] OK
C:[14/11/2012 22:51:04.06][190.37.61.158][1344] SELECT pre_cod_asig1,pre_cod_asig2,pre_cod_asig3,pre_cod_asig4,pre_cod_asig5,pre_cod_asig6,pre_cod_asig7 FROM tblaca009 WHERE pensum='5' AND c_uni_ca='5' AND c_asigna='300317' [1][0] OK
C:[14/11/2012 22:51:04.06][190.37.61.158][1357] SELECT c_asigna FROM dace004 WHERE exp_e='10-22587149' AND c_asigna='300207' AND status IN ('0','3','B') [1][0] OK
C:[14/11/2012 22:51:04.06][190.37.61.158][1357] SELECT c_asigna FROM dace004 WHERE exp_e='10-22587149' AND c_asigna='300209' AND status IN ('0','3','B') [1][0] OK
C:[14/11/2012 22:51:05.30][190.37.61.158][1388] SELECT par_cod_asig1,par_cod_asig2,par_cod_asig3 FROM tblaca009 WHERE pensum='5' AND c_uni_ca='5' AND c_asigna='355448' [1][0] OK
C:[14/11/2012 22:51:05.30][190.37.61.158][1388] SELECT par_cod_asig1,par_cod_asig2,par_cod_asig3 FROM tblaca009 WHERE pensum='5' AND c_uni_ca='5' AND c_asigna='300228' [1][0] OK
C:[14/11/2012 22:51:05.30][190.37.61.158][1388] SELECT par_cod_asig1,par_cod_asig2,par_cod_asig3 FROM tblaca009 WHERE pensum='5' AND c_uni_ca='5' AND c_asigna='300317' [1][0] OK
C:[14/11/2012 22:51:05.69][190.37.61.158][1518] SELECT horas_lab FROM tblaca008 WHERE c_asigna='355448' AND horas_teoricas > 0 [1][0] OK
C:[14/11/2012 22:51:05.81][190.37.61.158][1550] SELECT sum(u_creditos*1) FROM dace006 a, tblaca009 b WHERE a.exp_e='10-22587149' AND a.lapso='2012-2' AND b.pensum='5' AND b.c_uni_ca='5' AND status IN ('7','A','2') AND a.c_asigna=b.c_asigna  [1][0] OK
C:[14/11/2012 22:51:05.93][190.37.61.158][1569] SELECT sum(u_creditos*1) FROM dace006 a, tblaca009 b WHERE a.exp_e='10-22587149' AND a.lapso='2012-2' AND b.pensum='5' AND b.c_uni_ca='5' AND status IN ('7','A','2') AND a.c_asigna=b.c_asigna AND a.c_asigna IN ('300228','300317') [1][0] OK
C:[14/11/2012 22:51:05.06][190.37.61.158][1585] SELECT MAX(semestre) FROM dace006 a, tblaca009 b WHERE a.exp_e='10-22587149' AND a.lapso='2012-2' AND b.pensum='5' AND b.c_uni_ca='5' AND status IN ('7','A','2') AND a.c_asigna=b.c_asigna  [1][0] OK
C:[14/11/2012 22:51:05.18][190.37.61.158][1606] SELECT MIN(semestre) FROM dace006 a, tblaca009 b WHERE a.exp_e='10-22587149' AND a.lapso='2012-2' AND b.pensum='5' AND b.c_uni_ca='5' AND status IN ('7','A','2') AND a.c_asigna=b.c_asigna AND a.c_asigna IN ('355448') [1][0] OK
C:[14/11/2012 22:59:30.83][190.73.228.183][1344] SELECT pre_cod_asig1,pre_cod_asig2,pre_cod_asig3,pre_cod_asig4,pre_cod_asig5,pre_cod_asig6,pre_cod_asig7 FROM tblaca009 WHERE pensum='5' AND c_uni_ca='6' AND c_asigna='300213' [1][0] OK
C:[14/11/2012 22:59:30.83][190.73.228.183][1357] SELECT c_asigna FROM dace004 WHERE exp_e='04-16392765' AND c_asigna='300101' AND status IN ('0','3','B') [1][0] OK
C:[14/11/2012 22:59:30.08][190.73.228.183][1388] SELECT par_cod_asig1,par_cod_asig2,par_cod_asig3 FROM tblaca009 WHERE pensum='5' AND c_uni_ca='6' AND c_asigna='300213' [1][0] OK
C:[14/11/2012 22:59:30.08][190.73.228.183][1402] SELECT c_asigna FROM dace004 WHERE exp_e='04-16392765' AND c_asigna='300209' AND status IN ('0','3','B','C') [1][0] OK
C:[14/11/2012 22:59:31.35][190.73.228.183][1550] SELECT sum(u_creditos*1) FROM dace006 a, tblaca009 b WHERE a.exp_e='04-16392765' AND a.lapso='2012-2' AND b.pensum='5' AND b.c_uni_ca='6' AND status IN ('7','A','2') AND a.c_asigna=b.c_asigna  [1][0] OK
C:[14/11/2012 22:59:31.46][190.73.228.183][1569] SELECT sum(u_creditos*1) FROM dace006 a, tblaca009 b WHERE a.exp_e='04-16392765' AND a.lapso='2012-2' AND b.pensum='5' AND b.c_uni_ca='6' AND status IN ('7','A','2') AND a.c_asigna=b.c_asigna AND a.c_asigna IN ('300213') [1][0] OK
C:[14/11/2012 22:59:31.58][190.73.228.183][1585] SELECT MAX(semestre) FROM dace006 a, tblaca009 b WHERE a.exp_e='04-16392765' AND a.lapso='2012-2' AND b.pensum='5' AND b.c_uni_ca='6' AND status IN ('7','A','2') AND a.c_asigna=b.c_asigna  [1][0] OK
C:[15/11/2012 05:54:06.13][190.204.208.194][1344] SELECT pre_cod_asig1,pre_cod_asig2,pre_cod_asig3,pre_cod_asig4,pre_cod_asig5,pre_cod_asig6,pre_cod_asig7 FROM tblaca009 WHERE pensum='5' AND c_uni_ca='3' AND c_asigna='300207' [1][0] OK
C:[15/11/2012 05:54:06.13][190.204.208.194][1357] SELECT c_asigna FROM dace004 WHERE exp_e='11-18031288' AND c_asigna='300101' AND status IN ('0','3','B') [1][0] OK
C:[15/11/2012 05:54:06.13][190.204.208.194][1344] SELECT pre_cod_asig1,pre_cod_asig2,pre_cod_asig3,pre_cod_asig4,pre_cod_asig5,pre_cod_asig6,pre_cod_asig7 FROM tblaca009 WHERE pensum='5' AND c_uni_ca='3' AND c_asigna='300226' [1][0] OK
C:[15/11/2012 05:54:06.13][190.204.208.194][1357] SELECT c_asigna FROM dace004 WHERE exp_e='11-18031288' AND c_asigna='300116' AND status IN ('0','3','B') [1][0] OK
C:[15/11/2012 05:54:06.60][190.204.208.194][1388] SELECT par_cod_asig1,par_cod_asig2,par_cod_asig3 FROM tblaca009 WHERE pensum='5' AND c_uni_ca='3' AND c_asigna='300207' [1][0] OK
C:[15/11/2012 05:54:06.60][190.204.208.194][1388] SELECT par_cod_asig1,par_cod_asig2,par_cod_asig3 FROM tblaca009 WHERE pensum='5' AND c_uni_ca='3' AND c_asigna='300226' [1][0] OK
C:[15/11/2012 05:54:06.87][190.204.208.194][1550] SELECT sum(u_creditos*1) FROM dace006 a, tblaca009 b WHERE a.exp_e='11-18031288' AND a.lapso='2012-2' AND b.pensum='5' AND b.c_uni_ca='3' AND status IN ('7','A','2') AND a.c_asigna=b.c_asigna  [1][0] OK
C:[15/11/2012 05:54:06.98][190.204.208.194][1569] SELECT sum(u_creditos*1) FROM dace006 a, tblaca009 b WHERE a.exp_e='11-18031288' AND a.lapso='2012-2' AND b.pensum='5' AND b.c_uni_ca='3' AND status IN ('7','A','2') AND a.c_asigna=b.c_asigna AND a.c_asigna IN ('300207','300226') [1][0] OK
C:[15/11/2012 05:54:06.10][190.204.208.194][1585] SELECT MAX(semestre) FROM dace006 a, tblaca009 b WHERE a.exp_e='11-18031288' AND a.lapso='2012-2' AND b.pensum='5' AND b.c_uni_ca='3' AND status IN ('7','A','2') AND a.c_asigna=b.c_asigna  [1][0] OK
C:[15/11/2012 07:41:18.02][190.37.215.137][1344] SELECT pre_cod_asig1,pre_cod_asig2,pre_cod_asig3,pre_cod_asig4,pre_cod_asig5,pre_cod_asig6,pre_cod_asig7 FROM tblaca009 WHERE pensum='5' AND c_uni_ca='5' AND c_asigna='355448' [1][0] OK
C:[15/11/2012 07:41:18.02][190.37.215.137][1357] SELECT c_asigna FROM dace004 WHERE exp_e='05-18170939' AND c_asigna='300313' AND status IN ('0','3','B') [1][0] OK
C:[15/11/2012 07:41:18.02][190.37.215.137][1357] SELECT c_asigna FROM dace004 WHERE exp_e='05-18170939' AND c_asigna='300209' AND status IN ('0','3','B') [1][0] OK
C:[15/11/2012 07:41:18.02][190.37.215.137][1357] SELECT c_asigna FROM dace004 WHERE exp_e='05-18170939' AND c_asigna='300226' AND status IN ('0','3','B') [1][0] OK
C:[15/11/2012 07:41:18.02][190.37.215.137][1357] SELECT c_asigna FROM dace004 WHERE exp_e='05-18170939' AND c_asigna='300222' AND status IN ('0','3','B') [1][0] OK
C:[15/11/2012 07:41:18.02][190.37.215.137][1344] SELECT pre_cod_asig1,pre_cod_asig2,pre_cod_asig3,pre_cod_asig4,pre_cod_asig5,pre_cod_asig6,pre_cod_asig7 FROM tblaca009 WHERE pensum='5' AND c_uni_ca='5' AND c_asigna='300428' [1][0] OK
C:[15/11/2012 07:41:18.02][190.37.215.137][1357] SELECT c_asigna FROM dace004 WHERE exp_e='05-18170939' AND c_asigna='300317' AND status IN ('0','3','B') [1][0] OK
C:[15/11/2012 07:41:18.02][190.37.215.137][1357] SELECT c_asigna FROM dace004 WHERE exp_e='05-18170939' AND c_asigna='300209' AND status IN ('0','3','B') [1][0] OK
C:[15/11/2012 07:41:18.02][190.37.215.137][1344] SELECT pre_cod_asig1,pre_cod_asig2,pre_cod_asig3,pre_cod_asig4,pre_cod_asig5,pre_cod_asig6,pre_cod_asig7 FROM tblaca009 WHERE pensum='5' AND c_uni_ca='5' AND c_asigna='355350' [1][0] OK
C:[15/11/2012 07:41:18.02][190.37.215.137][1357] SELECT c_asigna FROM dace004 WHERE exp_e='05-18170939' AND c_asigna='300207' AND status IN ('0','3','B') [1][0] OK
C:[15/11/2012 07:41:18.02][190.37.215.137][1357] SELECT c_asigna FROM dace004 WHERE exp_e='05-18170939' AND c_asigna='300228' AND status IN ('0','3','B') [1][0] OK
C:[15/11/2012 07:41:18.39][190.37.215.137][1388] SELECT par_cod_asig1,par_cod_asig2,par_cod_asig3 FROM tblaca009 WHERE pensum='5' AND c_uni_ca='5' AND c_asigna='355448' [1][0] OK
C:[15/11/2012 07:41:18.39][190.37.215.137][1388] SELECT par_cod_asig1,par_cod_asig2,par_cod_asig3 FROM tblaca009 WHERE pensum='5' AND c_uni_ca='5' AND c_asigna='300428' [1][0] OK
C:[15/11/2012 07:41:18.39][190.37.215.137][1388] SELECT par_cod_asig1,par_cod_asig2,par_cod_asig3 FROM tblaca009 WHERE pensum='5' AND c_uni_ca='5' AND c_asigna='355350' [1][0] OK
C:[15/11/2012 07:41:18.78][190.37.215.137][1518] SELECT horas_lab FROM tblaca008 WHERE c_asigna='355448' AND horas_teoricas > 0 [1][0] OK
C:[15/11/2012 07:41:18.90][190.37.215.137][1550] SELECT sum(u_creditos*1) FROM dace006 a, tblaca009 b WHERE a.exp_e='05-18170939' AND a.lapso='2012-2' AND b.pensum='5' AND b.c_uni_ca='5' AND status IN ('7','A','2') AND a.c_asigna=b.c_asigna  [1][0] OK
C:[15/11/2012 07:41:18.02][190.37.215.137][1569] SELECT sum(u_creditos*1) FROM dace006 a, tblaca009 b WHERE a.exp_e='05-18170939' AND a.lapso='2012-2' AND b.pensum='5' AND b.c_uni_ca='5' AND status IN ('7','A','2') AND a.c_asigna=b.c_asigna AND a.c_asigna IN ('300428','355350') [1][0] OK
C:[15/11/2012 07:41:18.15][190.37.215.137][1585] SELECT MAX(semestre) FROM dace006 a, tblaca009 b WHERE a.exp_e='05-18170939' AND a.lapso='2012-2' AND b.pensum='5' AND b.c_uni_ca='5' AND status IN ('7','A','2') AND a.c_asigna=b.c_asigna  [1][0] OK
C:[15/11/2012 07:41:18.27][190.37.215.137][1606] SELECT MIN(semestre) FROM dace006 a, tblaca009 b WHERE a.exp_e='05-18170939' AND a.lapso='2012-2' AND b.pensum='5' AND b.c_uni_ca='5' AND status IN ('7','A','2') AND a.c_asigna=b.c_asigna AND a.c_asigna IN ('355448') [1][0] OK
C:[15/11/2012 08:26:10.61][190.37.215.137][1344] SELECT pre_cod_asig1,pre_cod_asig2,pre_cod_asig3,pre_cod_asig4,pre_cod_asig5,pre_cod_asig6,pre_cod_asig7 FROM tblaca009 WHERE pensum='5' AND c_uni_ca='5' AND c_asigna='300112' [1][0] OK
C:[15/11/2012 08:26:10.61][190.37.215.137][1344] SELECT pre_cod_asig1,pre_cod_asig2,pre_cod_asig3,pre_cod_asig4,pre_cod_asig5,pre_cod_asig6,pre_cod_asig7 FROM tblaca009 WHERE pensum='5' AND c_uni_ca='5' AND c_asigna='300013' [1][0] OK
C:[15/11/2012 08:26:10.61][190.37.215.137][1344] SELECT pre_cod_asig1,pre_cod_asig2,pre_cod_asig3,pre_cod_asig4,pre_cod_asig5,pre_cod_asig6,pre_cod_asig7 FROM tblaca009 WHERE pensum='5' AND c_uni_ca='5' AND c_asigna='300105' [1][0] OK
C:[15/11/2012 08:26:10.98][190.37.215.137][1388] SELECT par_cod_asig1,par_cod_asig2,par_cod_asig3 FROM tblaca009 WHERE pensum='5' AND c_uni_ca='5' AND c_asigna='300112' [1][0] OK
C:[15/11/2012 08:26:10.98][190.37.215.137][1388] SELECT par_cod_asig1,par_cod_asig2,par_cod_asig3 FROM tblaca009 WHERE pensum='5' AND c_uni_ca='5' AND c_asigna='300013' [1][0] OK
C:[15/11/2012 08:26:10.98][190.37.215.137][1388] SELECT par_cod_asig1,par_cod_asig2,par_cod_asig3 FROM tblaca009 WHERE pensum='5' AND c_uni_ca='5' AND c_asigna='300105' [1][0] OK
C:[15/11/2012 08:26:10.37][190.37.215.137][1518] SELECT horas_lab FROM tblaca008 WHERE c_asigna='300112' AND horas_teoricas > 0 [1][0] OK
C:[15/11/2012 08:26:10.48][190.37.215.137][1550] SELECT sum(u_creditos*1) FROM dace006 a, tblaca009 b WHERE a.exp_e='12-23504228' AND a.lapso='2012-2' AND b.pensum='5' AND b.c_uni_ca='5' AND status IN ('7','A','2') AND a.c_asigna=b.c_asigna  [1][0] OK
C:[15/11/2012 08:26:10.61][190.37.215.137][1569] SELECT sum(u_creditos*1) FROM dace006 a, tblaca009 b WHERE a.exp_e='12-23504228' AND a.lapso='2012-2' AND b.pensum='5' AND b.c_uni_ca='5' AND status IN ('7','A','2') AND a.c_asigna=b.c_asigna AND a.c_asigna IN ('300013','300105') [1][0] OK
C:[15/11/2012 08:26:10.73][190.37.215.137][1585] SELECT MAX(semestre) FROM dace006 a, tblaca009 b WHERE a.exp_e='12-23504228' AND a.lapso='2012-2' AND b.pensum='5' AND b.c_uni_ca='5' AND status IN ('7','A','2') AND a.c_asigna=b.c_asigna  [1][0] OK
C:[15/11/2012 08:26:10.86][190.37.215.137][1606] SELECT MIN(semestre) FROM dace006 a, tblaca009 b WHERE a.exp_e='12-23504228' AND a.lapso='2012-2' AND b.pensum='5' AND b.c_uni_ca='5' AND status IN ('7','A','2') AND a.c_asigna=b.c_asigna AND a.c_asigna IN ('300112') [1][0] OK
 {[MERANT][ODBC SQLBase driver][SQLBase]09268 GCI CCN Cannot connect}
*:[15/11/2012 08:47:36.61][190.37.215.137][1344] SELECT pre_cod_asig1,pre_cod_asig2,pre_cod_asig3,pre_cod_asig4,pre_cod_asig5,pre_cod_asig6,pre_cod_asig7 FROM tblaca009 WHERE pensum='' AND c_uni_ca='' AND c_asigna='300112' [0][0]  {[MERANT][ODBC SQLBase driver][SQLBase]09268 GCI CCN Cannot connect}
 {[MERANT][ODBC SQLBase driver][SQLBase]09268 GCI CCN Cannot connect}
*:[15/11/2012 08:47:48.73][190.37.215.137][1388] SELECT par_cod_asig1,par_cod_asig2,par_cod_asig3 FROM tblaca009 WHERE pensum='' AND c_uni_ca='' AND c_asigna='300112' [0][0]  {[MERANT][ODBC SQLBase driver][SQLBase]09268 GCI CCN Cannot connect}
C:[15/11/2012 08:48:11.93][190.37.215.137][1518] SELECT horas_lab FROM tblaca008 WHERE c_asigna='300112' AND horas_teoricas > 0 [1][0] [MERANT][ODBC SQLBase driver][SQLBase]09268 GCI CCN Cannot connect
C:[15/11/2012 08:48:11.00][190.37.215.137][1550] SELECT sum(u_creditos*1) FROM dace006 a, tblaca009 b WHERE a.exp_e='12-22590592' AND a.lapso='2012-2' AND b.pensum='' AND b.c_uni_ca='' AND status IN ('7','A','2') AND a.c_asigna=b.c_asigna  [1][0] [MERANT][ODBC SQLBase driver][SQLBase]09268 GCI CCN Cannot connect
C:[15/11/2012 08:48:11.81][190.37.215.137][1569] SELECT sum(u_creditos*1) FROM dace006 a, tblaca009 b WHERE a.exp_e='12-22590592' AND a.lapso='2012-2' AND b.pensum='' AND b.c_uni_ca='' AND status IN ('7','A','2') AND a.c_asigna=b.c_asigna AND a.c_asigna IN () [0][0]  {[MERANT][ODBC SQLBase driver][SQLBase]00915 PRS IVC Invalid constant}
C:[15/11/2012 08:48:11.08][190.37.215.137][1585] SELECT MAX(semestre) FROM dace006 a, tblaca009 b WHERE a.exp_e='12-22590592' AND a.lapso='2012-2' AND b.pensum='' AND b.c_uni_ca='' AND status IN ('7','A','2') AND a.c_asigna=b.c_asigna  [1][0] [MERANT][ODBC SQLBase driver][SQLBase]00915 PRS IVC Invalid constant
C:[15/11/2012 08:48:11.94][190.37.215.137][1606] SELECT MIN(semestre) FROM dace006 a, tblaca009 b WHERE a.exp_e='12-22590592' AND a.lapso='2012-2' AND b.pensum='' AND b.c_uni_ca='' AND status IN ('7','A','2') AND a.c_asigna=b.c_asigna AND a.c_asigna IN ('300112') [1][0] [MERANT][ODBC SQLBase driver][SQLBase]00915 PRS IVC Invalid constant
C:[15/11/2012 08:49:45.79][190.37.215.137][1344] SELECT pre_cod_asig1,pre_cod_asig2,pre_cod_asig3,pre_cod_asig4,pre_cod_asig5,pre_cod_asig6,pre_cod_asig7 FROM tblaca009 WHERE pensum='5' AND c_uni_ca='5' AND c_asigna='300112' [1][0] OK
C:[15/11/2012 08:49:45.79][190.37.215.137][1344] SELECT pre_cod_asig1,pre_cod_asig2,pre_cod_asig3,pre_cod_asig4,pre_cod_asig5,pre_cod_asig6,pre_cod_asig7 FROM tblaca009 WHERE pensum='5' AND c_uni_ca='5' AND c_asigna='300013' [1][0] OK
C:[15/11/2012 08:49:45.79][190.37.215.137][1344] SELECT pre_cod_asig1,pre_cod_asig2,pre_cod_asig3,pre_cod_asig4,pre_cod_asig5,pre_cod_asig6,pre_cod_asig7 FROM tblaca009 WHERE pensum='5' AND c_uni_ca='5' AND c_asigna='300101' [1][0] OK
C:[15/11/2012 08:49:45.79][190.37.215.137][1344] SELECT pre_cod_asig1,pre_cod_asig2,pre_cod_asig3,pre_cod_asig4,pre_cod_asig5,pre_cod_asig6,pre_cod_asig7 FROM tblaca009 WHERE pensum='5' AND c_uni_ca='5' AND c_asigna='300116' [1][0] OK
C:[15/11/2012 08:49:45.27][190.37.215.137][1388] SELECT par_cod_asig1,par_cod_asig2,par_cod_asig3 FROM tblaca009 WHERE pensum='5' AND c_uni_ca='5' AND c_asigna='300112' [1][0] OK
C:[15/11/2012 08:49:45.27][190.37.215.137][1388] SELECT par_cod_asig1,par_cod_asig2,par_cod_asig3 FROM tblaca009 WHERE pensum='5' AND c_uni_ca='5' AND c_asigna='300013' [1][0] OK
C:[15/11/2012 08:49:45.27][190.37.215.137][1388] SELECT par_cod_asig1,par_cod_asig2,par_cod_asig3 FROM tblaca009 WHERE pensum='5' AND c_uni_ca='5' AND c_asigna='300101' [1][0] OK
C:[15/11/2012 08:49:45.27][190.37.215.137][1388] SELECT par_cod_asig1,par_cod_asig2,par_cod_asig3 FROM tblaca009 WHERE pensum='5' AND c_uni_ca='5' AND c_asigna='300116' [1][0] OK
C:[15/11/2012 08:49:46.78][190.37.215.137][1518] SELECT horas_lab FROM tblaca008 WHERE c_asigna='300112' AND horas_teoricas > 0 [1][0] OK
C:[15/11/2012 08:49:46.90][190.37.215.137][1550] SELECT sum(u_creditos*1) FROM dace006 a, tblaca009 b WHERE a.exp_e='12-22590592' AND a.lapso='2012-2' AND b.pensum='5' AND b.c_uni_ca='5' AND status IN ('7','A','2') AND a.c_asigna=b.c_asigna  [1][0] OK
C:[15/11/2012 08:49:46.02][190.37.215.137][1569] SELECT sum(u_creditos*1) FROM dace006 a, tblaca009 b WHERE a.exp_e='12-22590592' AND a.lapso='2012-2' AND b.pensum='5' AND b.c_uni_ca='5' AND status IN ('7','A','2') AND a.c_asigna=b.c_asigna AND a.c_asigna IN ('300013','300101','300116') [1][0] OK
C:[15/11/2012 08:49:46.14][190.37.215.137][1585] SELECT MAX(semestre) FROM dace006 a, tblaca009 b WHERE a.exp_e='12-22590592' AND a.lapso='2012-2' AND b.pensum='5' AND b.c_uni_ca='5' AND status IN ('7','A','2') AND a.c_asigna=b.c_asigna  [1][0] OK
C:[15/11/2012 08:49:46.28][190.37.215.137][1606] SELECT MIN(semestre) FROM dace006 a, tblaca009 b WHERE a.exp_e='12-22590592' AND a.lapso='2012-2' AND b.pensum='5' AND b.c_uni_ca='5' AND status IN ('7','A','2') AND a.c_asigna=b.c_asigna AND a.c_asigna IN ('300112') [1][0] OK
C:[15/11/2012 09:08:43.38][200.35.74.132][1344] SELECT pre_cod_asig1,pre_cod_asig2,pre_cod_asig3,pre_cod_asig4,pre_cod_asig5,pre_cod_asig6,pre_cod_asig7 FROM tblaca009 WHERE pensum='5' AND c_uni_ca='4' AND c_asigna='300422' [1][0] OK
C:[15/11/2012 09:08:43.38][200.35.74.132][1357] SELECT c_asigna FROM dace004 WHERE exp_e='07-16759173' AND c_asigna='300105' AND status IN ('0','3','B') [1][0] OK
C:[15/11/2012 09:08:43.38][200.35.74.132][1357] SELECT c_asigna FROM dace004 WHERE exp_e='07-16759173' AND c_asigna='300314' AND status IN ('0','3','B') [1][0] OK
C:[15/11/2012 09:08:43.38][200.35.74.132][1344] SELECT pre_cod_asig1,pre_cod_asig2,pre_cod_asig3,pre_cod_asig4,pre_cod_asig5,pre_cod_asig6,pre_cod_asig7 FROM tblaca009 WHERE pensum='5' AND c_uni_ca='4' AND c_asigna='333584' [1][0] OK
C:[15/11/2012 09:08:43.38][200.35.74.132][1357] SELECT c_asigna FROM dace004 WHERE exp_e='07-16759173' AND c_asigna='300428' AND status IN ('0','3','B') [1][0] OK
C:[15/11/2012 09:08:43.38][200.35.74.132][1357] SELECT c_asigna FROM dace004 WHERE exp_e='07-16759173' AND c_asigna='333440' AND status IN ('0','3','B') [1][0] OK
C:[15/11/2012 09:08:43.38][200.35.74.132][1357] SELECT c_asigna FROM dace004 WHERE exp_e='07-16759173' AND c_asigna='300209' AND status IN ('0','3','B') [1][0] OK
C:[15/11/2012 09:08:43.38][200.35.74.132][1344] SELECT pre_cod_asig1,pre_cod_asig2,pre_cod_asig3,pre_cod_asig4,pre_cod_asig5,pre_cod_asig6,pre_cod_asig7 FROM tblaca009 WHERE pensum='5' AND c_uni_ca='4' AND c_asigna='333608' [1][0] OK
C:[15/11/2012 09:08:43.38][200.35.74.132][1357] SELECT c_asigna FROM dace004 WHERE exp_e='07-16759173' AND c_asigna='311561' AND status IN ('0','3','B') [1][0] OK
C:[15/11/2012 09:08:43.38][200.35.74.132][1357] SELECT c_asigna FROM dace004 WHERE exp_e='07-16759173' AND c_asigna='333564' AND status IN ('0','3','B') [1][0] OK
C:[15/11/2012 09:08:43.38][200.35.74.132][1344] SELECT pre_cod_asig1,pre_cod_asig2,pre_cod_asig3,pre_cod_asig4,pre_cod_asig5,pre_cod_asig6,pre_cod_asig7 FROM tblaca009 WHERE pensum='5' AND c_uni_ca='4' AND c_asigna='333683' [1][0] OK
C:[15/11/2012 09:08:43.38][200.35.74.132][1357] SELECT c_asigna FROM dace004 WHERE exp_e='07-16759173' AND c_asigna='333564' AND status IN ('0','3','B') [1][0] OK
C:[15/11/2012 09:08:43.38][200.35.74.132][1344] SELECT pre_cod_asig1,pre_cod_asig2,pre_cod_asig3,pre_cod_asig4,pre_cod_asig5,pre_cod_asig6,pre_cod_asig7 FROM tblaca009 WHERE pensum='5' AND c_uni_ca='4' AND c_asigna='334762' [1][0] OK
C:[15/11/2012 09:08:43.38][200.35.74.132][1344] SELECT pre_cod_asig1,pre_cod_asig2,pre_cod_asig3,pre_cod_asig4,pre_cod_asig5,pre_cod_asig6,pre_cod_asig7 FROM tblaca009 WHERE pensum='5' AND c_uni_ca='4' AND c_asigna='334781' [1][0] OK
C:[15/11/2012 09:08:43.38][200.35.74.132][1357] SELECT c_asigna FROM dace004 WHERE exp_e='07-16759173' AND c_asigna='333444' AND status IN ('0','3','B') [1][0] OK
C:[15/11/2012 09:08:43.38][200.35.74.132][1357] SELECT c_asigna FROM dace004 WHERE exp_e='07-16759173' AND c_asigna='300209' AND status IN ('0','3','B') [1][0] OK
C:[15/11/2012 09:08:43.38][200.35.74.132][1357] SELECT c_asigna FROM dace004 WHERE exp_e='07-16759173' AND c_asigna='300313' AND status IN ('0','3','B') [1][0] OK
C:[15/11/2012 09:08:43.38][200.35.74.132][1357] SELECT c_asigna FROM dace004 WHERE exp_e='07-16759173' AND c_asigna='300222' AND status IN ('0','3','B') [1][0] OK
C:[15/11/2012 09:08:43.38][200.35.74.132][1357] SELECT c_asigna FROM dace004 WHERE exp_e='07-16759173' AND c_asigna='300226' AND status IN ('0','3','B') [1][0] OK
C:[15/11/2012 09:08:43.38][200.35.74.132][1357] SELECT c_asigna FROM dace004 WHERE exp_e='07-16759173' AND c_asigna='300317' AND status IN ('0','3','B') [1][0] OK
C:[15/11/2012 09:08:44.44][200.35.74.132][1388] SELECT par_cod_asig1,par_cod_asig2,par_cod_asig3 FROM tblaca009 WHERE pensum='5' AND c_uni_ca='4' AND c_asigna='300422' [1][0] OK
C:[15/11/2012 09:08:44.44][200.35.74.132][1388] SELECT par_cod_asig1,par_cod_asig2,par_cod_asig3 FROM tblaca009 WHERE pensum='5' AND c_uni_ca='4' AND c_asigna='333584' [1][0] OK
C:[15/11/2012 09:08:44.44][200.35.74.132][1402] SELECT c_asigna FROM dace004 WHERE exp_e='07-16759173' AND c_asigna='333563' AND status IN ('0','3','B','C') [1][0] OK
C:[15/11/2012 09:08:44.44][200.35.74.132][1388] SELECT par_cod_asig1,par_cod_asig2,par_cod_asig3 FROM tblaca009 WHERE pensum='5' AND c_uni_ca='4' AND c_asigna='333608' [1][0] OK
C:[15/11/2012 09:08:44.44][200.35.74.132][1388] SELECT par_cod_asig1,par_cod_asig2,par_cod_asig3 FROM tblaca009 WHERE pensum='5' AND c_uni_ca='4' AND c_asigna='333683' [1][0] OK
C:[15/11/2012 09:08:44.44][200.35.74.132][1388] SELECT par_cod_asig1,par_cod_asig2,par_cod_asig3 FROM tblaca009 WHERE pensum='5' AND c_uni_ca='4' AND c_asigna='334762' [1][0] OK
C:[15/11/2012 09:08:44.44][200.35.74.132][1388] SELECT par_cod_asig1,par_cod_asig2,par_cod_asig3 FROM tblaca009 WHERE pensum='5' AND c_uni_ca='4' AND c_asigna='334781' [1][0] OK
C:[15/11/2012 09:08:44.33][200.35.74.132][1518] SELECT horas_lab FROM tblaca008 WHERE c_asigna='300422' AND horas_teoricas > 0 [0][0] OK
C:[15/11/2012 09:08:44.44][200.35.74.132][1550] SELECT sum(u_creditos*1) FROM dace006 a, tblaca009 b WHERE a.exp_e='07-16759173' AND a.lapso='2012-2' AND b.pensum='5' AND b.c_uni_ca='4' AND status IN ('7','A','2') AND a.c_asigna=b.c_asigna  [1][0] OK
C:[15/11/2012 09:08:44.57][200.35.74.132][1569] SELECT sum(u_creditos*1) FROM dace006 a, tblaca009 b WHERE a.exp_e='07-16759173' AND a.lapso='2012-2' AND b.pensum='5' AND b.c_uni_ca='4' AND status IN ('7','A','2') AND a.c_asigna=b.c_asigna AND a.c_asigna IN ('333584','333608','333683','334762','334781') [1][0] OK
C:[15/11/2012 09:08:44.70][200.35.74.132][1585] SELECT MAX(semestre) FROM dace006 a, tblaca009 b WHERE a.exp_e='07-16759173' AND a.lapso='2012-2' AND b.pensum='5' AND b.c_uni_ca='4' AND status IN ('7','A','2') AND a.c_asigna=b.c_asigna  [1][0] OK
C:[15/11/2012 09:08:44.82][200.35.74.132][1606] SELECT MIN(semestre) FROM dace006 a, tblaca009 b WHERE a.exp_e='07-16759173' AND a.lapso='2012-2' AND b.pensum='5' AND b.c_uni_ca='4' AND status IN ('7','A','2') AND a.c_asigna=b.c_asigna AND a.c_asigna IN ('300422') [1][0] OK
C:[15/11/2012 10:43:58.24][181.183.49.89][1344] SELECT pre_cod_asig1,pre_cod_asig2,pre_cod_asig3,pre_cod_asig4,pre_cod_asig5,pre_cod_asig6,pre_cod_asig7 FROM tblaca009 WHERE pensum='5' AND c_uni_ca='2' AND c_asigna='300207' [1][0] OK
C:[15/11/2012 10:43:58.24][181.183.49.89][1357] SELECT c_asigna FROM dace004 WHERE exp_e='09-18885006' AND c_asigna='300101' AND status IN ('0','3','B') [1][0] OK
C:[15/11/2012 10:43:58.24][181.183.49.89][1344] SELECT pre_cod_asig1,pre_cod_asig2,pre_cod_asig3,pre_cod_asig4,pre_cod_asig5,pre_cod_asig6,pre_cod_asig7 FROM tblaca009 WHERE pensum='5' AND c_uni_ca='2' AND c_asigna='300209' [1][0] OK
C:[15/11/2012 10:43:58.24][181.183.49.89][1357] SELECT c_asigna FROM dace004 WHERE exp_e='09-18885006' AND c_asigna='300101' AND status IN ('0','3','B') [1][0] OK
C:[15/11/2012 10:43:58.24][181.183.49.89][1344] SELECT pre_cod_asig1,pre_cod_asig2,pre_cod_asig3,pre_cod_asig4,pre_cod_asig5,pre_cod_asig6,pre_cod_asig7 FROM tblaca009 WHERE pensum='5' AND c_uni_ca='2' AND c_asigna='300218' [1][0] OK
C:[15/11/2012 10:43:58.24][181.183.49.89][1344] SELECT pre_cod_asig1,pre_cod_asig2,pre_cod_asig3,pre_cod_asig4,pre_cod_asig5,pre_cod_asig6,pre_cod_asig7 FROM tblaca009 WHERE pensum='5' AND c_uni_ca='2' AND c_asigna='300222' [1][0] OK
C:[15/11/2012 10:43:58.24][181.183.49.89][1357] SELECT c_asigna FROM dace004 WHERE exp_e='09-18885006' AND c_asigna='300112' AND status IN ('0','3','B') [1][0] OK
C:[15/11/2012 10:43:58.24][181.183.49.89][1344] SELECT pre_cod_asig1,pre_cod_asig2,pre_cod_asig3,pre_cod_asig4,pre_cod_asig5,pre_cod_asig6,pre_cod_asig7 FROM tblaca009 WHERE pensum='5' AND c_uni_ca='2' AND c_asigna='300228' [1][0] OK
C:[15/11/2012 10:43:58.24][181.183.49.89][1357] SELECT c_asigna FROM dace004 WHERE exp_e='09-18885006' AND c_asigna='300101' AND status IN ('0','3','B') [1][0] OK
C:[15/11/2012 10:43:58.36][181.183.49.89][1388] SELECT par_cod_asig1,par_cod_asig2,par_cod_asig3 FROM tblaca009 WHERE pensum='5' AND c_uni_ca='2' AND c_asigna='300207' [1][0] OK
C:[15/11/2012 10:43:58.36][181.183.49.89][1388] SELECT par_cod_asig1,par_cod_asig2,par_cod_asig3 FROM tblaca009 WHERE pensum='5' AND c_uni_ca='2' AND c_asigna='300209' [1][0] OK
C:[15/11/2012 10:43:58.36][181.183.49.89][1388] SELECT par_cod_asig1,par_cod_asig2,par_cod_asig3 FROM tblaca009 WHERE pensum='5' AND c_uni_ca='2' AND c_asigna='300218' [1][0] OK
C:[15/11/2012 10:43:58.36][181.183.49.89][1402] SELECT c_asigna FROM dace004 WHERE exp_e='09-18885006' AND c_asigna='300228' AND status IN ('0','3','B','C') [0][0] OK
C:[15/11/2012 10:43:58.36][181.183.49.89][1388] SELECT par_cod_asig1,par_cod_asig2,par_cod_asig3 FROM tblaca009 WHERE pensum='5' AND c_uni_ca='2' AND c_asigna='300222' [1][0] OK
C:[15/11/2012 10:43:58.36][181.183.49.89][1388] SELECT par_cod_asig1,par_cod_asig2,par_cod_asig3 FROM tblaca009 WHERE pensum='5' AND c_uni_ca='2' AND c_asigna='300228' [1][0] OK
C:[15/11/2012 10:43:59.13][181.183.49.89][1518] SELECT horas_lab FROM tblaca008 WHERE c_asigna='300207' AND horas_teoricas > 0 [1][0] OK
C:[15/11/2012 10:43:59.24][181.183.49.89][1550] SELECT sum(u_creditos*1) FROM dace006 a, tblaca009 b WHERE a.exp_e='09-18885006' AND a.lapso='2012-2' AND b.pensum='5' AND b.c_uni_ca='2' AND status IN ('7','A','2') AND a.c_asigna=b.c_asigna  [1][0] OK
C:[15/11/2012 10:43:59.36][181.183.49.89][1569] SELECT sum(u_creditos*1) FROM dace006 a, tblaca009 b WHERE a.exp_e='09-18885006' AND a.lapso='2012-2' AND b.pensum='5' AND b.c_uni_ca='2' AND status IN ('7','A','2') AND a.c_asigna=b.c_asigna AND a.c_asigna IN ('300209','300218','300222','300228') [1][0] OK
C:[15/11/2012 10:43:59.49][181.183.49.89][1585] SELECT MAX(semestre) FROM dace006 a, tblaca009 b WHERE a.exp_e='09-18885006' AND a.lapso='2012-2' AND b.pensum='5' AND b.c_uni_ca='2' AND status IN ('7','A','2') AND a.c_asigna=b.c_asigna  [1][0] OK
C:[15/11/2012 10:43:59.62][181.183.49.89][1606] SELECT MIN(semestre) FROM dace006 a, tblaca009 b WHERE a.exp_e='09-18885006' AND a.lapso='2012-2' AND b.pensum='5' AND b.c_uni_ca='2' AND status IN ('7','A','2') AND a.c_asigna=b.c_asigna AND a.c_asigna IN ('300207') [1][0] OK
C:[15/11/2012 11:01:30.06][190.205.23.83][1344] SELECT pre_cod_asig1,pre_cod_asig2,pre_cod_asig3,pre_cod_asig4,pre_cod_asig5,pre_cod_asig6,pre_cod_asig7 FROM tblaca009 WHERE pensum='5' AND c_uni_ca='6' AND c_asigna='300013' [1][0] OK
C:[15/11/2012 11:01:30.06][190.205.23.83][1344] SELECT pre_cod_asig1,pre_cod_asig2,pre_cod_asig3,pre_cod_asig4,pre_cod_asig5,pre_cod_asig6,pre_cod_asig7 FROM tblaca009 WHERE pensum='5' AND c_uni_ca='6' AND c_asigna='300101' [1][0] OK
C:[15/11/2012 11:01:30.06][190.205.23.83][1344] SELECT pre_cod_asig1,pre_cod_asig2,pre_cod_asig3,pre_cod_asig4,pre_cod_asig5,pre_cod_asig6,pre_cod_asig7 FROM tblaca009 WHERE pensum='5' AND c_uni_ca='6' AND c_asigna='300222' [1][0] OK
C:[15/11/2012 11:01:30.06][190.205.23.83][1357] SELECT c_asigna FROM dace004 WHERE exp_e='08-18338021' AND c_asigna='300112' AND status IN ('0','3','B') [1][0] OK
C:[15/11/2012 11:01:31.56][190.205.23.83][1388] SELECT par_cod_asig1,par_cod_asig2,par_cod_asig3 FROM tblaca009 WHERE pensum='5' AND c_uni_ca='6' AND c_asigna='300013' [1][0] OK
C:[15/11/2012 11:01:31.56][190.205.23.83][1388] SELECT par_cod_asig1,par_cod_asig2,par_cod_asig3 FROM tblaca009 WHERE pensum='5' AND c_uni_ca='6' AND c_asigna='300101' [1][0] OK
C:[15/11/2012 11:01:31.56][190.205.23.83][1388] SELECT par_cod_asig1,par_cod_asig2,par_cod_asig3 FROM tblaca009 WHERE pensum='5' AND c_uni_ca='6' AND c_asigna='300222' [1][0] OK
C:[15/11/2012 11:01:31.96][190.205.23.83][1550] SELECT sum(u_creditos*1) FROM dace006 a, tblaca009 b WHERE a.exp_e='08-18338021' AND a.lapso='2012-2' AND b.pensum='5' AND b.c_uni_ca='6' AND status IN ('7','A','2') AND a.c_asigna=b.c_asigna  [1][0] OK
C:[15/11/2012 11:01:31.07][190.205.23.83][1569] SELECT sum(u_creditos*1) FROM dace006 a, tblaca009 b WHERE a.exp_e='08-18338021' AND a.lapso='2012-2' AND b.pensum='5' AND b.c_uni_ca='6' AND status IN ('7','A','2') AND a.c_asigna=b.c_asigna AND a.c_asigna IN ('300013','300101','300222') [1][0] OK
C:[15/11/2012 11:01:31.19][190.205.23.83][1585] SELECT MAX(semestre) FROM dace006 a, tblaca009 b WHERE a.exp_e='08-18338021' AND a.lapso='2012-2' AND b.pensum='5' AND b.c_uni_ca='6' AND status IN ('7','A','2') AND a.c_asigna=b.c_asigna  [1][0] OK
C:[15/11/2012 13:02:52.94][181.183.29.97][1344] SELECT pre_cod_asig1,pre_cod_asig2,pre_cod_asig3,pre_cod_asig4,pre_cod_asig5,pre_cod_asig6,pre_cod_asig7 FROM tblaca009 WHERE pensum='5' AND c_uni_ca='4' AND c_asigna='333326' [1][0] OK
C:[15/11/2012 13:02:52.94][181.183.29.97][1344] SELECT pre_cod_asig1,pre_cod_asig2,pre_cod_asig3,pre_cod_asig4,pre_cod_asig5,pre_cod_asig6,pre_cod_asig7 FROM tblaca009 WHERE pensum='5' AND c_uni_ca='4' AND c_asigna='300207' [1][0] OK
C:[15/11/2012 13:02:52.94][181.183.29.97][1357] SELECT c_asigna FROM dace004 WHERE exp_e='10-20035864' AND c_asigna='300101' AND status IN ('0','3','B') [1][0] OK
C:[15/11/2012 13:02:52.94][181.183.29.97][1344] SELECT pre_cod_asig1,pre_cod_asig2,pre_cod_asig3,pre_cod_asig4,pre_cod_asig5,pre_cod_asig6,pre_cod_asig7 FROM tblaca009 WHERE pensum='5' AND c_uni_ca='4' AND c_asigna='300209' [1][0] OK
C:[15/11/2012 13:02:52.94][181.183.29.97][1357] SELECT c_asigna FROM dace004 WHERE exp_e='10-20035864' AND c_asigna='300101' AND status IN ('0','3','B') [1][0] OK
C:[15/11/2012 13:02:52.94][181.183.29.97][1344] SELECT pre_cod_asig1,pre_cod_asig2,pre_cod_asig3,pre_cod_asig4,pre_cod_asig5,pre_cod_asig6,pre_cod_asig7 FROM tblaca009 WHERE pensum='5' AND c_uni_ca='4' AND c_asigna='300213' [1][0] OK
C:[15/11/2012 13:02:52.94][181.183.29.97][1357] SELECT c_asigna FROM dace004 WHERE exp_e='10-20035864' AND c_asigna='300101' AND status IN ('0','3','B') [1][0] OK
C:[15/11/2012 13:02:52.94][181.183.29.97][1344] SELECT pre_cod_asig1,pre_cod_asig2,pre_cod_asig3,pre_cod_asig4,pre_cod_asig5,pre_cod_asig6,pre_cod_asig7 FROM tblaca009 WHERE pensum='5' AND c_uni_ca='4' AND c_asigna='300218' [1][0] OK
C:[15/11/2012 13:02:52.94][181.183.29.97][1344] SELECT pre_cod_asig1,pre_cod_asig2,pre_cod_asig3,pre_cod_asig4,pre_cod_asig5,pre_cod_asig6,pre_cod_asig7 FROM tblaca009 WHERE pensum='5' AND c_uni_ca='4' AND c_asigna='300228' [1][0] OK
C:[15/11/2012 13:02:52.94][181.183.29.97][1357] SELECT c_asigna FROM dace004 WHERE exp_e='10-20035864' AND c_asigna='300101' AND status IN ('0','3','B') [1][0] OK
C:[15/11/2012 13:02:52.94][181.183.29.97][1344] SELECT pre_cod_asig1,pre_cod_asig2,pre_cod_asig3,pre_cod_asig4,pre_cod_asig5,pre_cod_asig6,pre_cod_asig7 FROM tblaca009 WHERE pensum='5' AND c_uni_ca='4' AND c_asigna='330310' [1][0] OK
C:[15/11/2012 13:02:52.94][181.183.29.97][1357] SELECT c_asigna FROM dace004 WHERE exp_e='10-20035864' AND c_asigna='300013' AND status IN ('0','3','B') [1][0] OK
C:[15/11/2012 13:02:52.94][181.183.29.97][1357] SELECT c_asigna FROM dace004 WHERE exp_e='10-20035864' AND c_asigna='300113' AND status IN ('0','3','B') [1][0] OK
C:[15/11/2012 13:02:52.57][181.183.29.97][1388] SELECT par_cod_asig1,par_cod_asig2,par_cod_asig3 FROM tblaca009 WHERE pensum='5' AND c_uni_ca='4' AND c_asigna='333326' [1][0] OK
C:[15/11/2012 13:02:52.57][181.183.29.97][1388] SELECT par_cod_asig1,par_cod_asig2,par_cod_asig3 FROM tblaca009 WHERE pensum='5' AND c_uni_ca='4' AND c_asigna='300207' [1][0] OK
C:[15/11/2012 13:02:52.57][181.183.29.97][1388] SELECT par_cod_asig1,par_cod_asig2,par_cod_asig3 FROM tblaca009 WHERE pensum='5' AND c_uni_ca='4' AND c_asigna='300209' [1][0] OK
C:[15/11/2012 13:02:52.57][181.183.29.97][1388] SELECT par_cod_asig1,par_cod_asig2,par_cod_asig3 FROM tblaca009 WHERE pensum='5' AND c_uni_ca='4' AND c_asigna='300213' [1][0] OK
C:[15/11/2012 13:02:52.57][181.183.29.97][1402] SELECT c_asigna FROM dace004 WHERE exp_e='10-20035864' AND c_asigna='300209' AND status IN ('0','3','B','C') [0][0] OK
C:[15/11/2012 13:02:52.57][181.183.29.97][1388] SELECT par_cod_asig1,par_cod_asig2,par_cod_asig3 FROM tblaca009 WHERE pensum='5' AND c_uni_ca='4' AND c_asigna='300218' [1][0] OK
C:[15/11/2012 13:02:52.57][181.183.29.97][1402] SELECT c_asigna FROM dace004 WHERE exp_e='10-20035864' AND c_asigna='300228' AND status IN ('0','3','B','C') [0][0] OK
C:[15/11/2012 13:02:52.57][181.183.29.97][1388] SELECT par_cod_asig1,par_cod_asig2,par_cod_asig3 FROM tblaca009 WHERE pensum='5' AND c_uni_ca='4' AND c_asigna='300228' [1][0] OK
C:[15/11/2012 13:02:52.57][181.183.29.97][1388] SELECT par_cod_asig1,par_cod_asig2,par_cod_asig3 FROM tblaca009 WHERE pensum='5' AND c_uni_ca='4' AND c_asigna='330310' [1][0] OK
C:[15/11/2012 13:02:53.71][181.183.29.97][1518] SELECT horas_lab FROM tblaca008 WHERE c_asigna='333326' AND horas_teoricas > 0 [1][0] OK
C:[15/11/2012 13:02:53.82][181.183.29.97][1550] SELECT sum(u_creditos*1) FROM dace006 a, tblaca009 b WHERE a.exp_e='10-20035864' AND a.lapso='2012-2' AND b.pensum='5' AND b.c_uni_ca='4' AND status IN ('7','A','2') AND a.c_asigna=b.c_asigna  [1][0] OK
C:[15/11/2012 13:02:53.95][181.183.29.97][1569] SELECT sum(u_creditos*1) FROM dace006 a, tblaca009 b WHERE a.exp_e='10-20035864' AND a.lapso='2012-2' AND b.pensum='5' AND b.c_uni_ca='4' AND status IN ('7','A','2') AND a.c_asigna=b.c_asigna AND a.c_asigna IN ('300207','300209','300213','300218','300228','330310') [1][0] OK
C:[15/11/2012 13:02:53.07][181.183.29.97][1585] SELECT MAX(semestre) FROM dace006 a, tblaca009 b WHERE a.exp_e='10-20035864' AND a.lapso='2012-2' AND b.pensum='5' AND b.c_uni_ca='4' AND status IN ('7','A','2') AND a.c_asigna=b.c_asigna  [1][0] OK
C:[15/11/2012 13:02:53.20][181.183.29.97][1606] SELECT MIN(semestre) FROM dace006 a, tblaca009 b WHERE a.exp_e='10-20035864' AND a.lapso='2012-2' AND b.pensum='5' AND b.c_uni_ca='4' AND status IN ('7','A','2') AND a.c_asigna=b.c_asigna AND a.c_asigna IN ('333326') [1][0] OK
C:[15/11/2012 13:49:32.28][68.171.231.84][1344] SELECT pre_cod_asig1,pre_cod_asig2,pre_cod_asig3,pre_cod_asig4,pre_cod_asig5,pre_cod_asig6,pre_cod_asig7 FROM tblaca009 WHERE pensum='5' AND c_uni_ca='4' AND c_asigna='300677' [1][0] OK
C:[15/11/2012 13:49:32.28][68.171.231.84][1344] SELECT pre_cod_asig1,pre_cod_asig2,pre_cod_asig3,pre_cod_asig4,pre_cod_asig5,pre_cod_asig6,pre_cod_asig7 FROM tblaca009 WHERE pensum='5' AND c_uni_ca='4' AND c_asigna='300422' [1][0] OK
C:[15/11/2012 13:49:32.28][68.171.231.84][1357] SELECT c_asigna FROM dace004 WHERE exp_e='10-22818416' AND c_asigna='300105' AND status IN ('0','3','B') [1][0] OK
C:[15/11/2012 13:49:32.28][68.171.231.84][1357] SELECT c_asigna FROM dace004 WHERE exp_e='10-22818416' AND c_asigna='300314' AND status IN ('0','3','B') [1][0] OK
C:[15/11/2012 13:49:32.28][68.171.231.84][1344] SELECT pre_cod_asig1,pre_cod_asig2,pre_cod_asig3,pre_cod_asig4,pre_cod_asig5,pre_cod_asig6,pre_cod_asig7 FROM tblaca009 WHERE pensum='5' AND c_uni_ca='4' AND c_asigna='332558' [1][0] OK
C:[15/11/2012 13:49:32.28][68.171.231.84][1357] SELECT c_asigna FROM dace004 WHERE exp_e='10-22818416' AND c_asigna='330435' AND status IN ('0','3','B') [1][0] OK
C:[15/11/2012 13:49:32.28][68.171.231.84][1344] SELECT pre_cod_asig1,pre_cod_asig2,pre_cod_asig3,pre_cod_asig4,pre_cod_asig5,pre_cod_asig6,pre_cod_asig7 FROM tblaca009 WHERE pensum='5' AND c_uni_ca='4' AND c_asigna='333563' [1][0] OK
C:[15/11/2012 13:49:32.28][68.171.231.84][1357] SELECT c_asigna FROM dace004 WHERE exp_e='10-22818416' AND c_asigna='333440' AND status IN ('0','3','B') [1][0] OK
C:[15/11/2012 13:49:32.28][68.171.231.84][1357] SELECT c_asigna FROM dace004 WHERE exp_e='10-22818416' AND c_asigna='333442' AND status IN ('0','3','B') [1][0] OK
C:[15/11/2012 13:49:32.28][68.171.231.84][1357] SELECT c_asigna FROM dace004 WHERE exp_e='10-22818416' AND c_asigna='300209' AND status IN ('0','3','B') [1][0] OK
C:[15/11/2012 13:49:32.28][68.171.231.84][1344] SELECT pre_cod_asig1,pre_cod_asig2,pre_cod_asig3,pre_cod_asig4,pre_cod_asig5,pre_cod_asig6,pre_cod_asig7 FROM tblaca009 WHERE pensum='5' AND c_uni_ca='4' AND c_asigna='333564' [1][0] OK
C:[15/11/2012 13:49:32.28][68.171.231.84][1357] SELECT c_asigna FROM dace004 WHERE exp_e='10-22818416' AND c_asigna='333441' AND status IN ('0','3','B') [1][0] OK
C:[15/11/2012 13:49:32.28][68.171.231.84][1344] SELECT pre_cod_asig1,pre_cod_asig2,pre_cod_asig3,pre_cod_asig4,pre_cod_asig5,pre_cod_asig6,pre_cod_asig7 FROM tblaca009 WHERE pensum='5' AND c_uni_ca='4' AND c_asigna='333584' [1][0] OK
C:[15/11/2012 13:49:32.28][68.171.231.84][1357] SELECT c_asigna FROM dace004 WHERE exp_e='10-22818416' AND c_asigna='300428' AND status IN ('0','3','B') [1][0] OK
C:[15/11/2012 13:49:32.28][68.171.231.84][1357] SELECT c_asigna FROM dace004 WHERE exp_e='10-22818416' AND c_asigna='333440' AND status IN ('0','3','B') [1][0] OK
C:[15/11/2012 13:49:32.28][68.171.231.84][1357] SELECT c_asigna FROM dace004 WHERE exp_e='10-22818416' AND c_asigna='300209' AND status IN ('0','3','B') [1][0] OK
C:[15/11/2012 13:49:32.28][68.171.231.84][1344] SELECT pre_cod_asig1,pre_cod_asig2,pre_cod_asig3,pre_cod_asig4,pre_cod_asig5,pre_cod_asig6,pre_cod_asig7 FROM tblaca009 WHERE pensum='5' AND c_uni_ca='4' AND c_asigna='333585' [1][0] OK
C:[15/11/2012 13:49:32.28][68.171.231.84][1357] SELECT c_asigna FROM dace004 WHERE exp_e='10-22818416' AND c_asigna='333440' AND status IN ('0','3','B') [1][0] OK
C:[15/11/2012 13:49:32.28][68.171.231.84][1357] SELECT c_asigna FROM dace004 WHERE exp_e='10-22818416' AND c_asigna='333441' AND status IN ('0','3','B') [1][0] OK
C:[15/11/2012 13:49:32.28][68.171.231.84][1357] SELECT c_asigna FROM dace004 WHERE exp_e='10-22818416' AND c_asigna='300209' AND status IN ('0','3','B') [1][0] OK
C:[15/11/2012 13:49:32.77][68.171.231.84][1388] SELECT par_cod_asig1,par_cod_asig2,par_cod_asig3 FROM tblaca009 WHERE pensum='5' AND c_uni_ca='4' AND c_asigna='300677' [1][0] OK
C:[15/11/2012 13:49:32.77][68.171.231.84][1388] SELECT par_cod_asig1,par_cod_asig2,par_cod_asig3 FROM tblaca009 WHERE pensum='5' AND c_uni_ca='4' AND c_asigna='300422' [1][0] OK
C:[15/11/2012 13:49:32.77][68.171.231.84][1388] SELECT par_cod_asig1,par_cod_asig2,par_cod_asig3 FROM tblaca009 WHERE pensum='5' AND c_uni_ca='4' AND c_asigna='332558' [1][0] OK
C:[15/11/2012 13:49:32.77][68.171.231.84][1388] SELECT par_cod_asig1,par_cod_asig2,par_cod_asig3 FROM tblaca009 WHERE pensum='5' AND c_uni_ca='4' AND c_asigna='333563' [1][0] OK
C:[15/11/2012 13:49:32.77][68.171.231.84][1388] SELECT par_cod_asig1,par_cod_asig2,par_cod_asig3 FROM tblaca009 WHERE pensum='5' AND c_uni_ca='4' AND c_asigna='333564' [1][0] OK
C:[15/11/2012 13:49:32.77][68.171.231.84][1388] SELECT par_cod_asig1,par_cod_asig2,par_cod_asig3 FROM tblaca009 WHERE pensum='5' AND c_uni_ca='4' AND c_asigna='333584' [1][0] OK
C:[15/11/2012 13:49:32.77][68.171.231.84][1402] SELECT c_asigna FROM dace004 WHERE exp_e='10-22818416' AND c_asigna='333563' AND status IN ('0','3','B','C') [0][0] OK
C:[15/11/2012 13:49:32.77][68.171.231.84][1388] SELECT par_cod_asig1,par_cod_asig2,par_cod_asig3 FROM tblaca009 WHERE pensum='5' AND c_uni_ca='4' AND c_asigna='333585' [1][0] OK
C:[15/11/2012 13:49:33.79][68.171.231.84][1518] SELECT horas_lab FROM tblaca008 WHERE c_asigna='300677' AND horas_teoricas > 0 [1][0] OK
C:[15/11/2012 13:49:33.90][68.171.231.84][1550] SELECT sum(u_creditos*1) FROM dace006 a, tblaca009 b WHERE a.exp_e='10-22818416' AND a.lapso='2012-2' AND b.pensum='5' AND b.c_uni_ca='4' AND status IN ('7','A','2') AND a.c_asigna=b.c_asigna  [1][0] OK
C:[15/11/2012 13:49:33.03][68.171.231.84][1569] SELECT sum(u_creditos*1) FROM dace006 a, tblaca009 b WHERE a.exp_e='10-22818416' AND a.lapso='2012-2' AND b.pensum='5' AND b.c_uni_ca='4' AND status IN ('7','A','2') AND a.c_asigna=b.c_asigna AND a.c_asigna IN ('300422','332558','333563','333564','333584','333585') [1][0] OK
C:[15/11/2012 13:49:33.15][68.171.231.84][1585] SELECT MAX(semestre) FROM dace006 a, tblaca009 b WHERE a.exp_e='10-22818416' AND a.lapso='2012-2' AND b.pensum='5' AND b.c_uni_ca='4' AND status IN ('7','A','2') AND a.c_asigna=b.c_asigna  [1][0] OK
C:[15/11/2012 13:49:33.28][68.171.231.84][1606] SELECT MIN(semestre) FROM dace006 a, tblaca009 b WHERE a.exp_e='10-22818416' AND a.lapso='2012-2' AND b.pensum='5' AND b.c_uni_ca='4' AND status IN ('7','A','2') AND a.c_asigna=b.c_asigna AND a.c_asigna IN ('300677') [1][0] OK
C:[15/11/2012 13:57:38.60][190.206.254.103][1344] SELECT pre_cod_asig1,pre_cod_asig2,pre_cod_asig3,pre_cod_asig4,pre_cod_asig5,pre_cod_asig6,pre_cod_asig7 FROM tblaca009 WHERE pensum='5' AND c_uni_ca='4' AND c_asigna='333326' [1][0] OK
C:[15/11/2012 13:57:38.60][190.206.254.103][1344] SELECT pre_cod_asig1,pre_cod_asig2,pre_cod_asig3,pre_cod_asig4,pre_cod_asig5,pre_cod_asig6,pre_cod_asig7 FROM tblaca009 WHERE pensum='5' AND c_uni_ca='4' AND c_asigna='300013' [1][0] OK
C:[15/11/2012 13:57:38.60][190.206.254.103][1344] SELECT pre_cod_asig1,pre_cod_asig2,pre_cod_asig3,pre_cod_asig4,pre_cod_asig5,pre_cod_asig6,pre_cod_asig7 FROM tblaca009 WHERE pensum='5' AND c_uni_ca='4' AND c_asigna='300101' [1][0] OK
C:[15/11/2012 13:57:38.60][190.206.254.103][1344] SELECT pre_cod_asig1,pre_cod_asig2,pre_cod_asig3,pre_cod_asig4,pre_cod_asig5,pre_cod_asig6,pre_cod_asig7 FROM tblaca009 WHERE pensum='5' AND c_uni_ca='4' AND c_asigna='300112' [1][0] OK
C:[15/11/2012 13:57:38.60][190.206.254.103][1344] SELECT pre_cod_asig1,pre_cod_asig2,pre_cod_asig3,pre_cod_asig4,pre_cod_asig5,pre_cod_asig6,pre_cod_asig7 FROM tblaca009 WHERE pensum='5' AND c_uni_ca='4' AND c_asigna='300113' [1][0] OK
C:[15/11/2012 13:57:38.60][190.206.254.103][1344] SELECT pre_cod_asig1,pre_cod_asig2,pre_cod_asig3,pre_cod_asig4,pre_cod_asig5,pre_cod_asig6,pre_cod_asig7 FROM tblaca009 WHERE pensum='5' AND c_uni_ca='4' AND c_asigna='300116' [1][0] OK
C:[15/11/2012 13:57:38.60][190.206.254.103][1344] SELECT pre_cod_asig1,pre_cod_asig2,pre_cod_asig3,pre_cod_asig4,pre_cod_asig5,pre_cod_asig6,pre_cod_asig7 FROM tblaca009 WHERE pensum='5' AND c_uni_ca='4' AND c_asigna='300314' [1][0] OK
C:[15/11/2012 13:57:38.60][190.206.254.103][1357] SELECT c_asigna FROM dace004 WHERE exp_e='12-24855536' AND c_asigna='300106' AND status IN ('0','3','B') [1][0] OK
C:[15/11/2012 13:57:38.60][190.206.254.103][1388] SELECT par_cod_asig1,par_cod_asig2,par_cod_asig3 FROM tblaca009 WHERE pensum='5' AND c_uni_ca='4' AND c_asigna='333326' [1][0] OK
C:[15/11/2012 13:57:38.60][190.206.254.103][1388] SELECT par_cod_asig1,par_cod_asig2,par_cod_asig3 FROM tblaca009 WHERE pensum='5' AND c_uni_ca='4' AND c_asigna='300013' [1][0] OK
C:[15/11/2012 13:57:38.60][190.206.254.103][1388] SELECT par_cod_asig1,par_cod_asig2,par_cod_asig3 FROM tblaca009 WHERE pensum='5' AND c_uni_ca='4' AND c_asigna='300101' [1][0] OK
C:[15/11/2012 13:57:38.60][190.206.254.103][1388] SELECT par_cod_asig1,par_cod_asig2,par_cod_asig3 FROM tblaca009 WHERE pensum='5' AND c_uni_ca='4' AND c_asigna='300112' [1][0] OK
C:[15/11/2012 13:57:38.60][190.206.254.103][1388] SELECT par_cod_asig1,par_cod_asig2,par_cod_asig3 FROM tblaca009 WHERE pensum='5' AND c_uni_ca='4' AND c_asigna='300113' [1][0] OK
C:[15/11/2012 13:57:38.60][190.206.254.103][1402] SELECT c_asigna FROM dace004 WHERE exp_e='12-24855536' AND c_asigna='300013' AND status IN ('0','3','B','C') [0][0] OK
C:[15/11/2012 13:57:38.60][190.206.254.103][1388] SELECT par_cod_asig1,par_cod_asig2,par_cod_asig3 FROM tblaca009 WHERE pensum='5' AND c_uni_ca='4' AND c_asigna='300116' [1][0] OK
C:[15/11/2012 13:57:38.60][190.206.254.103][1388] SELECT par_cod_asig1,par_cod_asig2,par_cod_asig3 FROM tblaca009 WHERE pensum='5' AND c_uni_ca='4' AND c_asigna='300314' [1][0] OK
C:[15/11/2012 13:57:38.61][190.206.254.103][1518] SELECT horas_lab FROM tblaca008 WHERE c_asigna='333326' AND horas_teoricas > 0 [1][0] OK
C:[15/11/2012 13:57:38.73][190.206.254.103][1550] SELECT sum(u_creditos*1) FROM dace006 a, tblaca009 b WHERE a.exp_e='12-24855536' AND a.lapso='2012-2' AND b.pensum='5' AND b.c_uni_ca='4' AND status IN ('7','A','2') AND a.c_asigna=b.c_asigna  [1][0] OK
C:[15/11/2012 13:57:38.85][190.206.254.103][1569] SELECT sum(u_creditos*1) FROM dace006 a, tblaca009 b WHERE a.exp_e='12-24855536' AND a.lapso='2012-2' AND b.pensum='5' AND b.c_uni_ca='4' AND status IN ('7','A','2') AND a.c_asigna=b.c_asigna AND a.c_asigna IN ('300013','300101','300112','300113','300116','300314') [1][0] OK
C:[15/11/2012 13:57:38.98][190.206.254.103][1585] SELECT MAX(semestre) FROM dace006 a, tblaca009 b WHERE a.exp_e='12-24855536' AND a.lapso='2012-2' AND b.pensum='5' AND b.c_uni_ca='4' AND status IN ('7','A','2') AND a.c_asigna=b.c_asigna  [1][0] OK
C:[15/11/2012 13:57:38.10][190.206.254.103][1606] SELECT MIN(semestre) FROM dace006 a, tblaca009 b WHERE a.exp_e='12-24855536' AND a.lapso='2012-2' AND b.pensum='5' AND b.c_uni_ca='4' AND status IN ('7','A','2') AND a.c_asigna=b.c_asigna AND a.c_asigna IN ('333326') [1][0] OK
C:[15/11/2012 14:21:25.02][190.202.86.76][1344] SELECT pre_cod_asig1,pre_cod_asig2,pre_cod_asig3,pre_cod_asig4,pre_cod_asig5,pre_cod_asig6,pre_cod_asig7 FROM tblaca009 WHERE pensum='5' AND c_uni_ca='3' AND c_asigna='311674' [1][0] OK
C:[15/11/2012 14:21:25.02][190.202.86.76][1357] SELECT c_asigna FROM dace004 WHERE exp_e='11-17338154' AND c_asigna='310548' AND status IN ('0','3','B') [1][0] OK
C:[15/11/2012 14:21:25.02][190.202.86.76][1357] SELECT c_asigna FROM dace004 WHERE exp_e='11-17338154' AND c_asigna='311551' AND status IN ('0','3','B') [1][0] OK
C:[15/11/2012 14:21:25.02][190.202.86.76][1357] SELECT c_asigna FROM dace004 WHERE exp_e='11-17338154' AND c_asigna='311320' AND status IN ('0','3','B') [1][0] OK
C:[15/11/2012 14:21:25.02][190.202.86.76][1344] SELECT pre_cod_asig1,pre_cod_asig2,pre_cod_asig3,pre_cod_asig4,pre_cod_asig5,pre_cod_asig6,pre_cod_asig7 FROM tblaca009 WHERE pensum='5' AND c_uni_ca='3' AND c_asigna='311775' [1][0] OK
C:[15/11/2012 14:21:25.02][190.202.86.76][1357] SELECT c_asigna FROM dace004 WHERE exp_e='11-17338154' AND c_asigna='311655' AND status IN ('0','3','B') [1][0] OK
C:[15/11/2012 14:21:25.02][190.202.86.76][1344] SELECT pre_cod_asig1,pre_cod_asig2,pre_cod_asig3,pre_cod_asig4,pre_cod_asig5,pre_cod_asig6,pre_cod_asig7 FROM tblaca009 WHERE pensum='5' AND c_uni_ca='3' AND c_asigna='311092' [1][0] OK
C:[15/11/2012 14:21:25.02][190.202.86.76][1357] SELECT c_asigna FROM dace004 WHERE exp_e='11-17338154' AND c_asigna='311704' AND status IN ('0','3','B') [1][0] OK
C:[15/11/2012 14:21:25.02][190.202.86.76][1344] SELECT pre_cod_asig1,pre_cod_asig2,pre_cod_asig3,pre_cod_asig4,pre_cod_asig5,pre_cod_asig6,pre_cod_asig7 FROM tblaca009 WHERE pensum='5' AND c_uni_ca='3' AND c_asigna='311799' [1][0] OK
C:[15/11/2012 14:21:25.02][190.202.86.76][1357] SELECT c_asigna FROM dace004 WHERE exp_e='11-17338154' AND c_asigna='311673' AND status IN ('0','3','B') [1][0] OK
C:[15/11/2012 14:21:25.02][190.202.86.76][1344] SELECT pre_cod_asig1,pre_cod_asig2,pre_cod_asig3,pre_cod_asig4,pre_cod_asig5,pre_cod_asig6,pre_cod_asig7 FROM tblaca009 WHERE pensum='5' AND c_uni_ca='3' AND c_asigna='311824' [1][0] OK
C:[15/11/2012 14:21:25.02][190.202.86.76][1357] SELECT c_asigna FROM dace004 WHERE exp_e='11-17338154' AND c_asigna='311796' AND status IN ('0','3','B') [1][0] OK
C:[15/11/2012 14:21:25.02][190.202.86.76][1344] SELECT pre_cod_asig1,pre_cod_asig2,pre_cod_asig3,pre_cod_asig4,pre_cod_asig5,pre_cod_asig6,pre_cod_asig7 FROM tblaca009 WHERE pensum='5' AND c_uni_ca='3' AND c_asigna='311827' [1][0] OK
C:[15/11/2012 14:21:25.02][190.202.86.76][1357] SELECT c_asigna FROM dace004 WHERE exp_e='11-17338154' AND c_asigna='311704' AND status IN ('0','3','B') [1][0] OK
C:[15/11/2012 14:21:26.77][190.202.86.76][1388] SELECT par_cod_asig1,par_cod_asig2,par_cod_asig3 FROM tblaca009 WHERE pensum='5' AND c_uni_ca='3' AND c_asigna='311674' [1][0] OK
C:[15/11/2012 14:21:26.77][190.202.86.76][1388] SELECT par_cod_asig1,par_cod_asig2,par_cod_asig3 FROM tblaca009 WHERE pensum='5' AND c_uni_ca='3' AND c_asigna='311775' [1][0] OK
C:[15/11/2012 14:21:26.77][190.202.86.76][1388] SELECT par_cod_asig1,par_cod_asig2,par_cod_asig3 FROM tblaca009 WHERE pensum='5' AND c_uni_ca='3' AND c_asigna='311092' [1][0] OK
C:[15/11/2012 14:21:26.77][190.202.86.76][1388] SELECT par_cod_asig1,par_cod_asig2,par_cod_asig3 FROM tblaca009 WHERE pensum='5' AND c_uni_ca='3' AND c_asigna='311799' [1][0] OK
C:[15/11/2012 14:21:26.77][190.202.86.76][1388] SELECT par_cod_asig1,par_cod_asig2,par_cod_asig3 FROM tblaca009 WHERE pensum='5' AND c_uni_ca='3' AND c_asigna='311824' [1][0] OK
C:[15/11/2012 14:21:26.77][190.202.86.76][1388] SELECT par_cod_asig1,par_cod_asig2,par_cod_asig3 FROM tblaca009 WHERE pensum='5' AND c_uni_ca='3' AND c_asigna='311827' [1][0] OK
C:[15/11/2012 14:21:26.53][190.202.86.76][1518] SELECT horas_lab FROM tblaca008 WHERE c_asigna='311674' AND horas_teoricas > 0 [1][0] OK
C:[15/11/2012 14:21:26.53][190.202.86.76][1518] SELECT horas_lab FROM tblaca008 WHERE c_asigna='311775' AND horas_teoricas > 0 [1][0] OK
C:[15/11/2012 14:21:26.77][190.202.86.76][1550] SELECT sum(u_creditos*1) FROM dace006 a, tblaca009 b WHERE a.exp_e='11-17338154' AND a.lapso='2012-2' AND b.pensum='5' AND b.c_uni_ca='3' AND status IN ('7','A','2') AND a.c_asigna=b.c_asigna  [1][0] OK
C:[15/11/2012 14:21:26.89][190.202.86.76][1569] SELECT sum(u_creditos*1) FROM dace006 a, tblaca009 b WHERE a.exp_e='11-17338154' AND a.lapso='2012-2' AND b.pensum='5' AND b.c_uni_ca='3' AND status IN ('7','A','2') AND a.c_asigna=b.c_asigna AND a.c_asigna IN ('311092','311799','311824','311827') [1][0] OK
C:[15/11/2012 14:21:26.01][190.202.86.76][1585] SELECT MAX(semestre) FROM dace006 a, tblaca009 b WHERE a.exp_e='11-17338154' AND a.lapso='2012-2' AND b.pensum='5' AND b.c_uni_ca='3' AND status IN ('7','A','2') AND a.c_asigna=b.c_asigna  [1][0] OK
C:[15/11/2012 14:21:26.14][190.202.86.76][1606] SELECT MIN(semestre) FROM dace006 a, tblaca009 b WHERE a.exp_e='11-17338154' AND a.lapso='2012-2' AND b.pensum='5' AND b.c_uni_ca='3' AND status IN ('7','A','2') AND a.c_asigna=b.c_asigna AND a.c_asigna IN ('311674','311775') [1][0] OK
C:[15/11/2012 15:18:20.03][190.37.215.137][1344] SELECT pre_cod_asig1,pre_cod_asig2,pre_cod_asig3,pre_cod_asig4,pre_cod_asig5,pre_cod_asig6,pre_cod_asig7 FROM tblaca009 WHERE pensum='5' AND c_uni_ca='2' AND c_asigna='320311' [1][0] OK
C:[15/11/2012 15:18:20.03][190.37.215.137][1357] SELECT c_asigna FROM dace004 WHERE exp_e='11-24411683' AND c_asigna='300013' AND status IN ('0','3','B') [1][0] OK
C:[15/11/2012 15:18:20.03][190.37.215.137][1357] SELECT c_asigna FROM dace004 WHERE exp_e='11-24411683' AND c_asigna='300113' AND status IN ('0','3','B') [1][0] OK
C:[15/11/2012 15:18:20.03][190.37.215.137][1344] SELECT pre_cod_asig1,pre_cod_asig2,pre_cod_asig3,pre_cod_asig4,pre_cod_asig5,pre_cod_asig6,pre_cod_asig7 FROM tblaca009 WHERE pensum='5' AND c_uni_ca='2' AND c_asigna='300207' [1][0] OK
C:[15/11/2012 15:18:20.03][190.37.215.137][1357] SELECT c_asigna FROM dace004 WHERE exp_e='11-24411683' AND c_asigna='300101' AND status IN ('0','3','B') [1][0] OK
C:[15/11/2012 15:18:20.03][190.37.215.137][1344] SELECT pre_cod_asig1,pre_cod_asig2,pre_cod_asig3,pre_cod_asig4,pre_cod_asig5,pre_cod_asig6,pre_cod_asig7 FROM tblaca009 WHERE pensum='5' AND c_uni_ca='2' AND c_asigna='300209' [1][0] OK
C:[15/11/2012 15:18:20.03][190.37.215.137][1357] SELECT c_asigna FROM dace004 WHERE exp_e='11-24411683' AND c_asigna='300101' AND status IN ('0','3','B') [1][0] OK
C:[15/11/2012 15:18:20.03][190.37.215.137][1344] SELECT pre_cod_asig1,pre_cod_asig2,pre_cod_asig3,pre_cod_asig4,pre_cod_asig5,pre_cod_asig6,pre_cod_asig7 FROM tblaca009 WHERE pensum='5' AND c_uni_ca='2' AND c_asigna='300213' [1][0] OK
C:[15/11/2012 15:18:20.03][190.37.215.137][1357] SELECT c_asigna FROM dace004 WHERE exp_e='11-24411683' AND c_asigna='300101' AND status IN ('0','3','B') [1][0] OK
C:[15/11/2012 15:18:20.03][190.37.215.137][1344] SELECT pre_cod_asig1,pre_cod_asig2,pre_cod_asig3,pre_cod_asig4,pre_cod_asig5,pre_cod_asig6,pre_cod_asig7 FROM tblaca009 WHERE pensum='5' AND c_uni_ca='2' AND c_asigna='300218' [1][0] OK
C:[15/11/2012 15:18:20.03][190.37.215.137][1344] SELECT pre_cod_asig1,pre_cod_asig2,pre_cod_asig3,pre_cod_asig4,pre_cod_asig5,pre_cod_asig6,pre_cod_asig7 FROM tblaca009 WHERE pensum='5' AND c_uni_ca='2' AND c_asigna='300228' [1][0] OK
C:[15/11/2012 15:18:20.03][190.37.215.137][1357] SELECT c_asigna FROM dace004 WHERE exp_e='11-24411683' AND c_asigna='300101' AND status IN ('0','3','B') [1][0] OK
C:[15/11/2012 15:18:20.53][190.37.215.137][1388] SELECT par_cod_asig1,par_cod_asig2,par_cod_asig3 FROM tblaca009 WHERE pensum='5' AND c_uni_ca='2' AND c_asigna='320311' [1][0] OK
C:[15/11/2012 15:18:20.53][190.37.215.137][1388] SELECT par_cod_asig1,par_cod_asig2,par_cod_asig3 FROM tblaca009 WHERE pensum='5' AND c_uni_ca='2' AND c_asigna='300207' [1][0] OK
C:[15/11/2012 15:18:20.53][190.37.215.137][1388] SELECT par_cod_asig1,par_cod_asig2,par_cod_asig3 FROM tblaca009 WHERE pensum='5' AND c_uni_ca='2' AND c_asigna='300209' [1][0] OK
C:[15/11/2012 15:18:20.53][190.37.215.137][1388] SELECT par_cod_asig1,par_cod_asig2,par_cod_asig3 FROM tblaca009 WHERE pensum='5' AND c_uni_ca='2' AND c_asigna='300213' [1][0] OK
C:[15/11/2012 15:18:20.53][190.37.215.137][1402] SELECT c_asigna FROM dace004 WHERE exp_e='11-24411683' AND c_asigna='300209' AND status IN ('0','3','B','C') [0][0] OK
C:[15/11/2012 15:18:20.53][190.37.215.137][1388] SELECT par_cod_asig1,par_cod_asig2,par_cod_asig3 FROM tblaca009 WHERE pensum='5' AND c_uni_ca='2' AND c_asigna='300218' [1][0] OK
C:[15/11/2012 15:18:20.53][190.37.215.137][1402] SELECT c_asigna FROM dace004 WHERE exp_e='11-24411683' AND c_asigna='300228' AND status IN ('0','3','B','C') [0][0] OK
C:[15/11/2012 15:18:20.53][190.37.215.137][1388] SELECT par_cod_asig1,par_cod_asig2,par_cod_asig3 FROM tblaca009 WHERE pensum='5' AND c_uni_ca='2' AND c_asigna='300228' [1][0] OK
C:[15/11/2012 15:18:20.54][190.37.215.137][1518] SELECT horas_lab FROM tblaca008 WHERE c_asigna='320311' AND horas_teoricas > 0 [1][0] OK
C:[15/11/2012 15:18:20.66][190.37.215.137][1550] SELECT sum(u_creditos*1) FROM dace006 a, tblaca009 b WHERE a.exp_e='11-24411683' AND a.lapso='2012-2' AND b.pensum='5' AND b.c_uni_ca='2' AND status IN ('7','A','2') AND a.c_asigna=b.c_asigna  [1][0] OK
C:[15/11/2012 15:18:20.78][190.37.215.137][1569] SELECT sum(u_creditos*1) FROM dace006 a, tblaca009 b WHERE a.exp_e='11-24411683' AND a.lapso='2012-2' AND b.pensum='5' AND b.c_uni_ca='2' AND status IN ('7','A','2') AND a.c_asigna=b.c_asigna AND a.c_asigna IN ('300207','300209','300213','300218','300228') [1][0] OK
C:[15/11/2012 15:18:20.91][190.37.215.137][1585] SELECT MAX(semestre) FROM dace006 a, tblaca009 b WHERE a.exp_e='11-24411683' AND a.lapso='2012-2' AND b.pensum='5' AND b.c_uni_ca='2' AND status IN ('7','A','2') AND a.c_asigna=b.c_asigna  [1][0] OK
C:[15/11/2012 15:18:20.04][190.37.215.137][1606] SELECT MIN(semestre) FROM dace006 a, tblaca009 b WHERE a.exp_e='11-24411683' AND a.lapso='2012-2' AND b.pensum='5' AND b.c_uni_ca='2' AND status IN ('7','A','2') AND a.c_asigna=b.c_asigna AND a.c_asigna IN ('320311') [1][0] OK
C:[15/11/2012 15:55:03.26][190.37.215.137][1344] SELECT pre_cod_asig1,pre_cod_asig2,pre_cod_asig3,pre_cod_asig4,pre_cod_asig5,pre_cod_asig6,pre_cod_asig7 FROM tblaca009 WHERE pensum='5' AND c_uni_ca='4' AND c_asigna='300677' [1][0] OK
C:[15/11/2012 15:55:03.26][190.37.215.137][1344] SELECT pre_cod_asig1,pre_cod_asig2,pre_cod_asig3,pre_cod_asig4,pre_cod_asig5,pre_cod_asig6,pre_cod_asig7 FROM tblaca009 WHERE pensum='5' AND c_uni_ca='4' AND c_asigna='311561' [1][0] OK
C:[15/11/2012 15:55:03.26][190.37.215.137][1357] SELECT c_asigna FROM dace004 WHERE exp_e='10-20037619' AND c_asigna='300318' AND status IN ('0','3','B') [1][0] OK
C:[15/11/2012 15:55:03.26][190.37.215.137][1344] SELECT pre_cod_asig1,pre_cod_asig2,pre_cod_asig3,pre_cod_asig4,pre_cod_asig5,pre_cod_asig6,pre_cod_asig7 FROM tblaca009 WHERE pensum='5' AND c_uni_ca='4' AND c_asigna='332558' [1][0] OK
C:[15/11/2012 15:55:03.26][190.37.215.137][1357] SELECT c_asigna FROM dace004 WHERE exp_e='10-20037619' AND c_asigna='330435' AND status IN ('0','3','B') [1][0] OK
C:[15/11/2012 15:55:03.26][190.37.215.137][1344] SELECT pre_cod_asig1,pre_cod_asig2,pre_cod_asig3,pre_cod_asig4,pre_cod_asig5,pre_cod_asig6,pre_cod_asig7 FROM tblaca009 WHERE pensum='5' AND c_uni_ca='4' AND c_asigna='333564' [1][0] OK
C:[15/11/2012 15:55:03.26][190.37.215.137][1357] SELECT c_asigna FROM dace004 WHERE exp_e='10-20037619' AND c_asigna='333441' AND status IN ('0','3','B') [1][0] OK
C:[15/11/2012 15:55:03.26][190.37.215.137][1344] SELECT pre_cod_asig1,pre_cod_asig2,pre_cod_asig3,pre_cod_asig4,pre_cod_asig5,pre_cod_asig6,pre_cod_asig7 FROM tblaca009 WHERE pensum='5' AND c_uni_ca='4' AND c_asigna='333584' [1][0] OK
C:[15/11/2012 15:55:03.26][190.37.215.137][1357] SELECT c_asigna FROM dace004 WHERE exp_e='10-20037619' AND c_asigna='300428' AND status IN ('0','3','B') [1][0] OK
C:[15/11/2012 15:55:03.26][190.37.215.137][1357] SELECT c_asigna FROM dace004 WHERE exp_e='10-20037619' AND c_asigna='333440' AND status IN ('0','3','B') [1][0] OK
C:[15/11/2012 15:55:03.26][190.37.215.137][1357] SELECT c_asigna FROM dace004 WHERE exp_e='10-20037619' AND c_asigna='300209' AND status IN ('0','3','B') [1][0] OK
C:[15/11/2012 15:55:03.26][190.37.215.137][1344] SELECT pre_cod_asig1,pre_cod_asig2,pre_cod_asig3,pre_cod_asig4,pre_cod_asig5,pre_cod_asig6,pre_cod_asig7 FROM tblaca009 WHERE pensum='5' AND c_uni_ca='4' AND c_asigna='333585' [1][0] OK
C:[15/11/2012 15:55:03.26][190.37.215.137][1357] SELECT c_asigna FROM dace004 WHERE exp_e='10-20037619' AND c_asigna='333440' AND status IN ('0','3','B') [1][0] OK
C:[15/11/2012 15:55:03.26][190.37.215.137][1357] SELECT c_asigna FROM dace004 WHERE exp_e='10-20037619' AND c_asigna='333441' AND status IN ('0','3','B') [1][0] OK
C:[15/11/2012 15:55:03.26][190.37.215.137][1357] SELECT c_asigna FROM dace004 WHERE exp_e='10-20037619' AND c_asigna='300209' AND status IN ('0','3','B') [1][0] OK
C:[15/11/2012 15:55:03.13][190.37.215.137][1388] SELECT par_cod_asig1,par_cod_asig2,par_cod_asig3 FROM tblaca009 WHERE pensum='5' AND c_uni_ca='4' AND c_asigna='300677' [1][0] OK
C:[15/11/2012 15:55:03.13][190.37.215.137][1388] SELECT par_cod_asig1,par_cod_asig2,par_cod_asig3 FROM tblaca009 WHERE pensum='5' AND c_uni_ca='4' AND c_asigna='311561' [1][0] OK
C:[15/11/2012 15:55:03.13][190.37.215.137][1388] SELECT par_cod_asig1,par_cod_asig2,par_cod_asig3 FROM tblaca009 WHERE pensum='5' AND c_uni_ca='4' AND c_asigna='332558' [1][0] OK
C:[15/11/2012 15:55:03.13][190.37.215.137][1388] SELECT par_cod_asig1,par_cod_asig2,par_cod_asig3 FROM tblaca009 WHERE pensum='5' AND c_uni_ca='4' AND c_asigna='333564' [1][0] OK
C:[15/11/2012 15:55:03.13][190.37.215.137][1388] SELECT par_cod_asig1,par_cod_asig2,par_cod_asig3 FROM tblaca009 WHERE pensum='5' AND c_uni_ca='4' AND c_asigna='333584' [1][0] OK
C:[15/11/2012 15:55:03.13][190.37.215.137][1402] SELECT c_asigna FROM dace004 WHERE exp_e='10-20037619' AND c_asigna='333563' AND status IN ('0','3','B','C') [1][0] OK
C:[15/11/2012 15:55:03.13][190.37.215.137][1388] SELECT par_cod_asig1,par_cod_asig2,par_cod_asig3 FROM tblaca009 WHERE pensum='5' AND c_uni_ca='4' AND c_asigna='333585' [1][0] OK
C:[15/11/2012 15:55:03.02][190.37.215.137][1518] SELECT horas_lab FROM tblaca008 WHERE c_asigna='300677' AND horas_teoricas > 0 [1][0] OK
C:[15/11/2012 15:55:03.14][190.37.215.137][1550] SELECT sum(u_creditos*1) FROM dace006 a, tblaca009 b WHERE a.exp_e='10-20037619' AND a.lapso='2012-2' AND b.pensum='5' AND b.c_uni_ca='4' AND status IN ('7','A','2') AND a.c_asigna=b.c_asigna  [1][0] OK
C:[15/11/2012 15:55:03.26][190.37.215.137][1569] SELECT sum(u_creditos*1) FROM dace006 a, tblaca009 b WHERE a.exp_e='10-20037619' AND a.lapso='2012-2' AND b.pensum='5' AND b.c_uni_ca='4' AND status IN ('7','A','2') AND a.c_asigna=b.c_asigna AND a.c_asigna IN ('311561','332558','333564','333584','333585') [1][0] OK
C:[15/11/2012 15:55:03.38][190.37.215.137][1585] SELECT MAX(semestre) FROM dace006 a, tblaca009 b WHERE a.exp_e='10-20037619' AND a.lapso='2012-2' AND b.pensum='5' AND b.c_uni_ca='4' AND status IN ('7','A','2') AND a.c_asigna=b.c_asigna  [1][0] OK
C:[15/11/2012 15:55:04.51][190.37.215.137][1606] SELECT MIN(semestre) FROM dace006 a, tblaca009 b WHERE a.exp_e='10-20037619' AND a.lapso='2012-2' AND b.pensum='5' AND b.c_uni_ca='4' AND status IN ('7','A','2') AND a.c_asigna=b.c_asigna AND a.c_asigna IN ('300677') [1][0] OK
C:[16/11/2012 08:27:30.15][172.16.9.3][1344] SELECT pre_cod_asig1,pre_cod_asig2,pre_cod_asig3,pre_cod_asig4,pre_cod_asig5,pre_cod_asig6,pre_cod_asig7 FROM tblaca009 WHERE pensum='5' AND c_uni_ca='2' AND c_asigna='300113' [1][0] OK
C:[16/11/2012 08:27:30.15][172.16.9.3][1344] SELECT pre_cod_asig1,pre_cod_asig2,pre_cod_asig3,pre_cod_asig4,pre_cod_asig5,pre_cod_asig6,pre_cod_asig7 FROM tblaca009 WHERE pensum='5' AND c_uni_ca='2' AND c_asigna='300112' [1][0] OK
C:[16/11/2012 08:27:30.15][172.16.9.3][1344] SELECT pre_cod_asig1,pre_cod_asig2,pre_cod_asig3,pre_cod_asig4,pre_cod_asig5,pre_cod_asig6,pre_cod_asig7 FROM tblaca009 WHERE pensum='5' AND c_uni_ca='2' AND c_asigna='300207' [1][0] OK
C:[16/11/2012 08:27:30.15][172.16.9.3][1357] SELECT c_asigna FROM dace004 WHERE exp_e='10-21091369' AND c_asigna='300101' AND status IN ('0','3','B') [1][0] OK
C:[16/11/2012 08:27:30.15][172.16.9.3][1344] SELECT pre_cod_asig1,pre_cod_asig2,pre_cod_asig3,pre_cod_asig4,pre_cod_asig5,pre_cod_asig6,pre_cod_asig7 FROM tblaca009 WHERE pensum='5' AND c_uni_ca='2' AND c_asigna='300209' [1][0] OK
C:[16/11/2012 08:27:30.15][172.16.9.3][1357] SELECT c_asigna FROM dace004 WHERE exp_e='10-21091369' AND c_asigna='300101' AND status IN ('0','3','B') [1][0] OK
C:[16/11/2012 08:27:31.90][172.16.9.3][1388] SELECT par_cod_asig1,par_cod_asig2,par_cod_asig3 FROM tblaca009 WHERE pensum='5' AND c_uni_ca='2' AND c_asigna='300113' [1][0] OK
C:[16/11/2012 08:27:31.90][172.16.9.3][1402] SELECT c_asigna FROM dace004 WHERE exp_e='10-21091369' AND c_asigna='300013' AND status IN ('0','3','B','C') [1][0] OK
C:[16/11/2012 08:27:31.90][172.16.9.3][1388] SELECT par_cod_asig1,par_cod_asig2,par_cod_asig3 FROM tblaca009 WHERE pensum='5' AND c_uni_ca='2' AND c_asigna='300112' [1][0] OK
C:[16/11/2012 08:27:31.90][172.16.9.3][1388] SELECT par_cod_asig1,par_cod_asig2,par_cod_asig3 FROM tblaca009 WHERE pensum='5' AND c_uni_ca='2' AND c_asigna='300207' [1][0] OK
C:[16/11/2012 08:27:31.90][172.16.9.3][1388] SELECT par_cod_asig1,par_cod_asig2,par_cod_asig3 FROM tblaca009 WHERE pensum='5' AND c_uni_ca='2' AND c_asigna='300209' [1][0] OK
C:[16/11/2012 08:27:31.53][172.16.9.3][1518] SELECT horas_lab FROM tblaca008 WHERE c_asigna='300113' AND horas_teoricas > 0 [0][0] OK
C:[16/11/2012 08:27:31.65][172.16.9.3][1550] SELECT sum(u_creditos*1) FROM dace006 a, tblaca009 b WHERE a.exp_e='10-21091369' AND a.lapso='2012-2' AND b.pensum='5' AND b.c_uni_ca='2' AND status IN ('7','A','2') AND a.c_asigna=b.c_asigna  [1][0] OK
C:[16/11/2012 08:27:31.78][172.16.9.3][1569] SELECT sum(u_creditos*1) FROM dace006 a, tblaca009 b WHERE a.exp_e='10-21091369' AND a.lapso='2012-2' AND b.pensum='5' AND b.c_uni_ca='2' AND status IN ('7','A','2') AND a.c_asigna=b.c_asigna AND a.c_asigna IN ('300112','300207','300209') [1][0] OK
C:[16/11/2012 08:27:31.90][172.16.9.3][1585] SELECT MAX(semestre) FROM dace006 a, tblaca009 b WHERE a.exp_e='10-21091369' AND a.lapso='2012-2' AND b.pensum='5' AND b.c_uni_ca='2' AND status IN ('7','A','2') AND a.c_asigna=b.c_asigna  [1][0] OK
C:[16/11/2012 08:27:31.02][172.16.9.3][1606] SELECT MIN(semestre) FROM dace006 a, tblaca009 b WHERE a.exp_e='10-21091369' AND a.lapso='2012-2' AND b.pensum='5' AND b.c_uni_ca='2' AND status IN ('7','A','2') AND a.c_asigna=b.c_asigna AND a.c_asigna IN ('300113') [1][0] OK
C:[16/11/2012 08:49:39.78][172.16.8.247][1344] SELECT pre_cod_asig1,pre_cod_asig2,pre_cod_asig3,pre_cod_asig4,pre_cod_asig5,pre_cod_asig6,pre_cod_asig7 FROM tblaca009 WHERE pensum='5' AND c_uni_ca='3' AND c_asigna='300890' [1][0] OK
C:[16/11/2012 08:49:39.78][172.16.8.247][1344] SELECT pre_cod_asig1,pre_cod_asig2,pre_cod_asig3,pre_cod_asig4,pre_cod_asig5,pre_cod_asig6,pre_cod_asig7 FROM tblaca009 WHERE pensum='5' AND c_uni_ca='3' AND c_asigna='300870' [1][0] OK
C:[16/11/2012 08:49:39.78][172.16.8.247][1344] SELECT pre_cod_asig1,pre_cod_asig2,pre_cod_asig3,pre_cod_asig4,pre_cod_asig5,pre_cod_asig6,pre_cod_asig7 FROM tblaca009 WHERE pensum='5' AND c_uni_ca='3' AND c_asigna='300956' [1][0] OK
C:[16/11/2012 08:49:39.78][172.16.8.247][1357] SELECT c_asigna FROM dace004 WHERE exp_e='04-17444509' AND c_asigna='300422' AND status IN ('0','3','B') [1][0] OK
C:[16/11/2012 08:49:39.78][172.16.8.247][1357] SELECT c_asigna FROM dace004 WHERE exp_e='04-17444509' AND c_asigna='300105' AND status IN ('0','3','B') [1][0] OK
C:[16/11/2012 08:49:39.78][172.16.8.247][1357] SELECT c_asigna FROM dace004 WHERE exp_e='04-17444509' AND c_asigna='300314' AND status IN ('0','3','B') [1][0] OK
C:[16/11/2012 08:49:39.78][172.16.8.247][1344] SELECT pre_cod_asig1,pre_cod_asig2,pre_cod_asig3,pre_cod_asig4,pre_cod_asig5,pre_cod_asig6,pre_cod_asig7 FROM tblaca009 WHERE pensum='5' AND c_uni_ca='3' AND c_asigna='311094' [1][0] OK
C:[16/11/2012 08:49:39.78][172.16.8.247][1357] SELECT c_asigna FROM dace004 WHERE exp_e='04-17444509' AND c_asigna='311822' AND status IN ('0','3','B') [1][0] OK
C:[16/11/2012 08:49:39.78][172.16.8.247][1357] SELECT c_asigna FROM dace004 WHERE exp_e='04-17444509' AND c_asigna='311823' AND status IN ('0','3','B') [1][0] OK
C:[16/11/2012 08:49:39.78][172.16.8.247][1344] SELECT pre_cod_asig1,pre_cod_asig2,pre_cod_asig3,pre_cod_asig4,pre_cod_asig5,pre_cod_asig6,pre_cod_asig7 FROM tblaca009 WHERE pensum='5' AND c_uni_ca='3' AND c_asigna='311098' [1][0] OK
C:[16/11/2012 08:49:39.78][172.16.8.247][1357] SELECT c_asigna FROM dace004 WHERE exp_e='04-17444509' AND c_asigna='311822' AND status IN ('0','3','B') [1][0] OK
C:[16/11/2012 08:49:39.78][172.16.8.247][1344] SELECT pre_cod_asig1,pre_cod_asig2,pre_cod_asig3,pre_cod_asig4,pre_cod_asig5,pre_cod_asig6,pre_cod_asig7 FROM tblaca009 WHERE pensum='5' AND c_uni_ca='3' AND c_asigna='311824' [1][0] OK
C:[16/11/2012 08:49:39.78][172.16.8.247][1357] SELECT c_asigna FROM dace004 WHERE exp_e='04-17444509' AND c_asigna='311796' AND status IN ('0','3','B') [1][0] OK
C:[16/11/2012 08:49:39.40][172.16.8.247][1388] SELECT par_cod_asig1,par_cod_asig2,par_cod_asig3 FROM tblaca009 WHERE pensum='5' AND c_uni_ca='3' AND c_asigna='300890' [1][0] OK
C:[16/11/2012 08:49:39.40][172.16.8.247][1388] SELECT par_cod_asig1,par_cod_asig2,par_cod_asig3 FROM tblaca009 WHERE pensum='5' AND c_uni_ca='3' AND c_asigna='300870' [1][0] OK
C:[16/11/2012 08:49:39.40][172.16.8.247][1388] SELECT par_cod_asig1,par_cod_asig2,par_cod_asig3 FROM tblaca009 WHERE pensum='5' AND c_uni_ca='3' AND c_asigna='300956' [1][0] OK
C:[16/11/2012 08:49:39.40][172.16.8.247][1388] SELECT par_cod_asig1,par_cod_asig2,par_cod_asig3 FROM tblaca009 WHERE pensum='5' AND c_uni_ca='3' AND c_asigna='311094' [1][0] OK
C:[16/11/2012 08:49:39.40][172.16.8.247][1388] SELECT par_cod_asig1,par_cod_asig2,par_cod_asig3 FROM tblaca009 WHERE pensum='5' AND c_uni_ca='3' AND c_asigna='311098' [1][0] OK
C:[16/11/2012 08:49:39.40][172.16.8.247][1388] SELECT par_cod_asig1,par_cod_asig2,par_cod_asig3 FROM tblaca009 WHERE pensum='5' AND c_uni_ca='3' AND c_asigna='311824' [1][0] OK
C:[16/11/2012 08:49:39.17][172.16.8.247][1518] SELECT horas_lab FROM tblaca008 WHERE c_asigna='300890' AND horas_teoricas > 0 [1][0] OK
C:[16/11/2012 08:49:39.28][172.16.8.247][1550] SELECT sum(u_creditos*1) FROM dace006 a, tblaca009 b WHERE a.exp_e='04-17444509' AND a.lapso='2012-2' AND b.pensum='5' AND b.c_uni_ca='3' AND status IN ('7','A','2') AND a.c_asigna=b.c_asigna  [1][0] OK
C:[16/11/2012 08:49:39.41][172.16.8.247][1569] SELECT sum(u_creditos*1) FROM dace006 a, tblaca009 b WHERE a.exp_e='04-17444509' AND a.lapso='2012-2' AND b.pensum='5' AND b.c_uni_ca='3' AND status IN ('7','A','2') AND a.c_asigna=b.c_asigna AND a.c_asigna IN ('300870','300956','311094','311098','311824') [1][0] OK
C:[16/11/2012 08:49:39.53][172.16.8.247][1585] SELECT MAX(semestre) FROM dace006 a, tblaca009 b WHERE a.exp_e='04-17444509' AND a.lapso='2012-2' AND b.pensum='5' AND b.c_uni_ca='3' AND status IN ('7','A','2') AND a.c_asigna=b.c_asigna  [1][0] OK
C:[16/11/2012 08:49:39.66][172.16.8.247][1606] SELECT MIN(semestre) FROM dace006 a, tblaca009 b WHERE a.exp_e='04-17444509' AND a.lapso='2012-2' AND b.pensum='5' AND b.c_uni_ca='3' AND status IN ('7','A','2') AND a.c_asigna=b.c_asigna AND a.c_asigna IN ('300890') [1][0] OK
C:[16/11/2012 11:06:59.82][172.16.8.250][1344] SELECT pre_cod_asig1,pre_cod_asig2,pre_cod_asig3,pre_cod_asig4,pre_cod_asig5,pre_cod_asig6,pre_cod_asig7 FROM tblaca009 WHERE pensum='5' AND c_uni_ca='5' AND c_asigna='355572' [1][0] OK
C:[16/11/2012 11:06:59.82][172.16.8.250][1357] SELECT c_asigna FROM dace004 WHERE exp_e='05-18886220' AND c_asigna='300428' AND status IN ('0','3','B') [1][0] OK
C:[16/11/2012 11:06:59.82][172.16.8.250][1344] SELECT pre_cod_asig1,pre_cod_asig2,pre_cod_asig3,pre_cod_asig4,pre_cod_asig5,pre_cod_asig6,pre_cod_asig7 FROM tblaca009 WHERE pensum='5' AND c_uni_ca='5' AND c_asigna='355722' [1][0] OK
C:[16/11/2012 11:06:59.82][172.16.8.250][1357] SELECT c_asigna FROM dace004 WHERE exp_e='05-18886220' AND c_asigna='355691' AND status IN ('0','3','B') [1][0] OK
C:[16/11/2012 11:06:59.82][172.16.8.250][1357] SELECT c_asigna FROM dace004 WHERE exp_e='05-18886220' AND c_asigna='355595' AND status IN ('0','3','B') [1][0] OK
C:[16/11/2012 11:06:59.45][172.16.8.250][1388] SELECT par_cod_asig1,par_cod_asig2,par_cod_asig3 FROM tblaca009 WHERE pensum='5' AND c_uni_ca='5' AND c_asigna='355572' [1][0] OK
C:[16/11/2012 11:06:59.45][172.16.8.250][1388] SELECT par_cod_asig1,par_cod_asig2,par_cod_asig3 FROM tblaca009 WHERE pensum='5' AND c_uni_ca='5' AND c_asigna='355722' [1][0] OK
C:[16/11/2012 11:06:59.71][172.16.8.250][1518] SELECT horas_lab FROM tblaca008 WHERE c_asigna='355572' AND horas_teoricas > 0 [1][0] OK
C:[16/11/2012 11:06:59.82][172.16.8.250][1586] SELECT MAX(semestre) FROM dace006 a, tblaca009 b WHERE a.exp_e='05-18886220' AND a.lapso='2012-2' AND b.pensum='5' AND b.c_uni_ca='5' AND status IN ('7','A','2') AND a.c_asigna=b.c_asigna  [1][0] OK
C:[16/11/2012 11:06:59.95][172.16.8.250][1607] SELECT MIN(semestre) FROM dace006 a, tblaca009 b WHERE a.exp_e='05-18886220' AND a.lapso='2012-2' AND b.pensum='5' AND b.c_uni_ca='5' AND status IN ('7','A','2') AND a.c_asigna=b.c_asigna AND a.c_asigna IN ('355572') [1][0] OK
C:[16/11/2012 12:06:16.59][190.37.96.203][1344] SELECT pre_cod_asig1,pre_cod_asig2,pre_cod_asig3,pre_cod_asig4,pre_cod_asig5,pre_cod_asig6,pre_cod_asig7 FROM tblaca009 WHERE pensum='5' AND c_uni_ca='6' AND c_asigna='344965' [1][0] OK
C:[16/11/2012 12:06:16.59][190.37.96.203][1357] SELECT c_asigna FROM dace004 WHERE exp_e='07-19904823' AND c_asigna='344714' AND status IN ('0','3','B') [1][0] OK
C:[16/11/2012 12:06:16.59][190.37.96.203][1344] SELECT pre_cod_asig1,pre_cod_asig2,pre_cod_asig3,pre_cod_asig4,pre_cod_asig5,pre_cod_asig6,pre_cod_asig7 FROM tblaca009 WHERE pensum='5' AND c_uni_ca='6' AND c_asigna='300422' [1][0] OK
C:[16/11/2012 12:06:16.59][190.37.96.203][1357] SELECT c_asigna FROM dace004 WHERE exp_e='07-19904823' AND c_asigna='300105' AND status IN ('0','3','B') [1][0] OK
C:[16/11/2012 12:06:16.59][190.37.96.203][1357] SELECT c_asigna FROM dace004 WHERE exp_e='07-19904823' AND c_asigna='300314' AND status IN ('0','3','B') [1][0] OK
C:[16/11/2012 12:06:16.59][190.37.96.203][1344] SELECT pre_cod_asig1,pre_cod_asig2,pre_cod_asig3,pre_cod_asig4,pre_cod_asig5,pre_cod_asig6,pre_cod_asig7 FROM tblaca009 WHERE pensum='5' AND c_uni_ca='6' AND c_asigna='344716' [1][0] OK
C:[16/11/2012 12:06:16.59][190.37.96.203][1357] SELECT c_asigna FROM dace004 WHERE exp_e='07-19904823' AND c_asigna='344688' AND status IN ('0','3','B') [1][0] OK
C:[16/11/2012 12:06:16.59][190.37.96.203][1357] SELECT c_asigna FROM dace004 WHERE exp_e='07-19904823' AND c_asigna='342559' AND status IN ('0','3','B') [1][0] OK
C:[16/11/2012 12:06:16.59][190.37.96.203][1344] SELECT pre_cod_asig1,pre_cod_asig2,pre_cod_asig3,pre_cod_asig4,pre_cod_asig5,pre_cod_asig6,pre_cod_asig7 FROM tblaca009 WHERE pensum='5' AND c_uni_ca='6' AND c_asigna='344733' [1][0] OK
C:[16/11/2012 12:06:16.59][190.37.96.203][1344] SELECT pre_cod_asig1,pre_cod_asig2,pre_cod_asig3,pre_cod_asig4,pre_cod_asig5,pre_cod_asig6,pre_cod_asig7 FROM tblaca009 WHERE pensum='5' AND c_uni_ca='6' AND c_asigna='344951' [1][0] OK
C:[16/11/2012 12:06:16.59][190.37.96.203][1357] SELECT c_asigna FROM dace004 WHERE exp_e='07-19904823' AND c_asigna='344689' AND status IN ('0','3','B') [1][0] OK
C:[16/11/2012 12:06:16.59][190.37.96.203][1357] SELECT c_asigna FROM dace004 WHERE exp_e='07-19904823' AND c_asigna='344687' AND status IN ('0','3','B') [1][0] OK
C:[16/11/2012 12:06:17.09][190.37.96.203][1388] SELECT par_cod_asig1,par_cod_asig2,par_cod_asig3 FROM tblaca009 WHERE pensum='5' AND c_uni_ca='6' AND c_asigna='344965' [1][0] OK
C:[16/11/2012 12:06:17.09][190.37.96.203][1388] SELECT par_cod_asig1,par_cod_asig2,par_cod_asig3 FROM tblaca009 WHERE pensum='5' AND c_uni_ca='6' AND c_asigna='300422' [1][0] OK
C:[16/11/2012 12:06:17.09][190.37.96.203][1388] SELECT par_cod_asig1,par_cod_asig2,par_cod_asig3 FROM tblaca009 WHERE pensum='5' AND c_uni_ca='6' AND c_asigna='344716' [1][0] OK
C:[16/11/2012 12:06:17.09][190.37.96.203][1388] SELECT par_cod_asig1,par_cod_asig2,par_cod_asig3 FROM tblaca009 WHERE pensum='5' AND c_uni_ca='6' AND c_asigna='344733' [1][0] OK
C:[16/11/2012 12:06:17.09][190.37.96.203][1388] SELECT par_cod_asig1,par_cod_asig2,par_cod_asig3 FROM tblaca009 WHERE pensum='5' AND c_uni_ca='6' AND c_asigna='344951' [1][0] OK
C:[16/11/2012 12:06:17.73][190.37.96.203][1518] SELECT horas_lab FROM tblaca008 WHERE c_asigna='344965' AND horas_teoricas > 0 [1][0] OK
C:[16/11/2012 12:06:17.84][190.37.96.203][1586] SELECT MAX(semestre) FROM dace006 a, tblaca009 b WHERE a.exp_e='07-19904823' AND a.lapso='2012-2' AND b.pensum='5' AND b.c_uni_ca='6' AND status IN ('7','A','2') AND a.c_asigna=b.c_asigna  [1][0] OK
C:[16/11/2012 12:06:17.96][190.37.96.203][1607] SELECT MIN(semestre) FROM dace006 a, tblaca009 b WHERE a.exp_e='07-19904823' AND a.lapso='2012-2' AND b.pensum='5' AND b.c_uni_ca='6' AND status IN ('7','A','2') AND a.c_asigna=b.c_asigna AND a.c_asigna IN ('344965') [1][0] OK
C:[16/11/2012 12:25:22.37][190.204.200.231][1344] SELECT pre_cod_asig1,pre_cod_asig2,pre_cod_asig3,pre_cod_asig4,pre_cod_asig5,pre_cod_asig6,pre_cod_asig7 FROM tblaca009 WHERE pensum='5' AND c_uni_ca='5' AND c_asigna='355447' [1][0] OK
C:[16/11/2012 12:25:22.37][190.204.200.231][1357] SELECT c_asigna FROM dace004 WHERE exp_e='05-18401691' AND c_asigna='351330' AND status IN ('0','3','B') [1][0] OK
C:[16/11/2012 12:25:22.37][190.204.200.231][1344] SELECT pre_cod_asig1,pre_cod_asig2,pre_cod_asig3,pre_cod_asig4,pre_cod_asig5,pre_cod_asig6,pre_cod_asig7 FROM tblaca009 WHERE pensum='5' AND c_uni_ca='5' AND c_asigna='300222' [1][0] OK
C:[16/11/2012 12:25:22.37][190.204.200.231][1357] SELECT c_asigna FROM dace004 WHERE exp_e='05-18401691' AND c_asigna='300112' AND status IN ('0','3','B') [1][0] OK
C:[16/11/2012 12:25:22.37][190.204.200.231][1344] SELECT pre_cod_asig1,pre_cod_asig2,pre_cod_asig3,pre_cod_asig4,pre_cod_asig5,pre_cod_asig6,pre_cod_asig7 FROM tblaca009 WHERE pensum='5' AND c_uni_ca='5' AND c_asigna='355350' [1][0] OK
C:[16/11/2012 12:25:22.37][190.204.200.231][1357] SELECT c_asigna FROM dace004 WHERE exp_e='05-18401691' AND c_asigna='300207' AND status IN ('0','3','B') [1][0] OK
C:[16/11/2012 12:25:22.37][190.204.200.231][1357] SELECT c_asigna FROM dace004 WHERE exp_e='05-18401691' AND c_asigna='300228' AND status IN ('0','3','B') [1][0] OK
C:[16/11/2012 12:25:22.25][190.204.200.231][1388] SELECT par_cod_asig1,par_cod_asig2,par_cod_asig3 FROM tblaca009 WHERE pensum='5' AND c_uni_ca='5' AND c_asigna='355447' [1][0] OK
C:[16/11/2012 12:25:22.25][190.204.200.231][1388] SELECT par_cod_asig1,par_cod_asig2,par_cod_asig3 FROM tblaca009 WHERE pensum='5' AND c_uni_ca='5' AND c_asigna='300222' [1][0] OK
C:[16/11/2012 12:25:22.25][190.204.200.231][1388] SELECT par_cod_asig1,par_cod_asig2,par_cod_asig3 FROM tblaca009 WHERE pensum='5' AND c_uni_ca='5' AND c_asigna='355350' [1][0] OK
C:[16/11/2012 12:25:22.63][190.204.200.231][1518] SELECT horas_lab FROM tblaca008 WHERE c_asigna='355447' AND horas_teoricas > 0 [1][0] OK
C:[16/11/2012 12:25:22.75][190.204.200.231][1586] SELECT MAX(semestre) FROM dace006 a, tblaca009 b WHERE a.exp_e='05-18401691' AND a.lapso='2012-2' AND b.pensum='5' AND b.c_uni_ca='5' AND status IN ('7','A','2') AND a.c_asigna=b.c_asigna  [1][0] OK
C:[16/11/2012 12:25:22.87][190.204.200.231][1607] SELECT MIN(semestre) FROM dace006 a, tblaca009 b WHERE a.exp_e='05-18401691' AND a.lapso='2012-2' AND b.pensum='5' AND b.c_uni_ca='5' AND status IN ('7','A','2') AND a.c_asigna=b.c_asigna AND a.c_asigna IN ('355447') [1][0] OK
C:[16/11/2012 12:55:38.65][190.37.154.40][1344] SELECT pre_cod_asig1,pre_cod_asig2,pre_cod_asig3,pre_cod_asig4,pre_cod_asig5,pre_cod_asig6,pre_cod_asig7 FROM tblaca009 WHERE pensum='5' AND c_uni_ca='2' AND c_asigna='322433' [1][0] OK
C:[16/11/2012 12:55:38.65][190.37.154.40][1357] SELECT c_asigna FROM dace004 WHERE exp_e='09-19420830' AND c_asigna='320323' AND status IN ('0','3','B') [1][0] OK
C:[16/11/2012 12:55:38.65][190.37.154.40][1357] SELECT c_asigna FROM dace004 WHERE exp_e='09-19420830' AND c_asigna='300209' AND status IN ('0','3','B') [1][0] OK
C:[16/11/2012 12:55:38.02][190.37.154.40][1388] SELECT par_cod_asig1,par_cod_asig2,par_cod_asig3 FROM tblaca009 WHERE pensum='5' AND c_uni_ca='2' AND c_asigna='322433' [1][0] OK
C:[16/11/2012 12:55:38.16][190.37.154.40][1518] SELECT horas_lab FROM tblaca008 WHERE c_asigna='322433' AND horas_teoricas > 0 [1][0] OK
C:[16/11/2012 12:55:39.28][190.37.154.40][1586] SELECT MAX(semestre) FROM dace006 a, tblaca009 b WHERE a.exp_e='09-19420830' AND a.lapso='2012-2' AND b.pensum='5' AND b.c_uni_ca='2' AND status IN ('7','A','2') AND a.c_asigna=b.c_asigna  [1][0] OK
C:[16/11/2012 12:55:39.40][190.37.154.40][1607] SELECT MIN(semestre) FROM dace006 a, tblaca009 b WHERE a.exp_e='09-19420830' AND a.lapso='2012-2' AND b.pensum='5' AND b.c_uni_ca='2' AND status IN ('7','A','2') AND a.c_asigna=b.c_asigna AND a.c_asigna IN ('322433') [1][0] OK
C:[16/11/2012 13:33:57.86][190.77.212.37][1344] SELECT pre_cod_asig1,pre_cod_asig2,pre_cod_asig3,pre_cod_asig4,pre_cod_asig5,pre_cod_asig6,pre_cod_asig7 FROM tblaca009 WHERE pensum='5' AND c_uni_ca='3' AND c_asigna='300218' [1][0] OK
C:[16/11/2012 13:33:57.86][190.77.212.37][1344] SELECT pre_cod_asig1,pre_cod_asig2,pre_cod_asig3,pre_cod_asig4,pre_cod_asig5,pre_cod_asig6,pre_cod_asig7 FROM tblaca009 WHERE pensum='5' AND c_uni_ca='3' AND c_asigna='300116' [1][0] OK
C:[16/11/2012 13:33:57.86][190.77.212.37][1344] SELECT pre_cod_asig1,pre_cod_asig2,pre_cod_asig3,pre_cod_asig4,pre_cod_asig5,pre_cod_asig6,pre_cod_asig7 FROM tblaca009 WHERE pensum='5' AND c_uni_ca='3' AND c_asigna='300222' [1][0] OK
C:[16/11/2012 13:33:57.86][190.77.212.37][1357] SELECT c_asigna FROM dace004 WHERE exp_e='11-21251425' AND c_asigna='300112' AND status IN ('0','3','B') [1][0] OK
C:[16/11/2012 13:33:57.86][190.77.212.37][1344] SELECT pre_cod_asig1,pre_cod_asig2,pre_cod_asig3,pre_cod_asig4,pre_cod_asig5,pre_cod_asig6,pre_cod_asig7 FROM tblaca009 WHERE pensum='5' AND c_uni_ca='3' AND c_asigna='300228' [1][0] OK
C:[16/11/2012 13:33:57.86][190.77.212.37][1357] SELECT c_asigna FROM dace004 WHERE exp_e='11-21251425' AND c_asigna='300101' AND status IN ('0','3','B') [1][0] OK
C:[16/11/2012 13:33:58.61][190.77.212.37][1388] SELECT par_cod_asig1,par_cod_asig2,par_cod_asig3 FROM tblaca009 WHERE pensum='5' AND c_uni_ca='3' AND c_asigna='300218' [1][0] OK
C:[16/11/2012 13:33:58.61][190.77.212.37][1402] SELECT c_asigna FROM dace004 WHERE exp_e='11-21251425' AND c_asigna='300228' AND status IN ('0','3','B','C') [0][0] OK
C:[16/11/2012 13:33:58.61][190.77.212.37][1388] SELECT par_cod_asig1,par_cod_asig2,par_cod_asig3 FROM tblaca009 WHERE pensum='5' AND c_uni_ca='3' AND c_asigna='300116' [1][0] OK
C:[16/11/2012 13:33:58.61][190.77.212.37][1388] SELECT par_cod_asig1,par_cod_asig2,par_cod_asig3 FROM tblaca009 WHERE pensum='5' AND c_uni_ca='3' AND c_asigna='300222' [1][0] OK
C:[16/11/2012 13:33:58.61][190.77.212.37][1388] SELECT par_cod_asig1,par_cod_asig2,par_cod_asig3 FROM tblaca009 WHERE pensum='5' AND c_uni_ca='3' AND c_asigna='300228' [1][0] OK
C:[16/11/2012 13:33:58.26][190.77.212.37][1518] SELECT horas_lab FROM tblaca008 WHERE c_asigna='300218' AND horas_teoricas > 0 [0][0] OK
C:[16/11/2012 13:33:58.37][190.77.212.37][1586] SELECT MAX(semestre) FROM dace006 a, tblaca009 b WHERE a.exp_e='11-21251425' AND a.lapso='2012-2' AND b.pensum='5' AND b.c_uni_ca='3' AND status IN ('7','A','2') AND a.c_asigna=b.c_asigna  [1][0] OK
C:[16/11/2012 13:33:58.49][190.77.212.37][1607] SELECT MIN(semestre) FROM dace006 a, tblaca009 b WHERE a.exp_e='11-21251425' AND a.lapso='2012-2' AND b.pensum='5' AND b.c_uni_ca='3' AND status IN ('7','A','2') AND a.c_asigna=b.c_asigna AND a.c_asigna IN ('300218') [1][0] OK
C:[16/11/2012 14:04:58.21][172.16.12.2][1344] SELECT pre_cod_asig1,pre_cod_asig2,pre_cod_asig3,pre_cod_asig4,pre_cod_asig5,pre_cod_asig6,pre_cod_asig7 FROM tblaca009 WHERE pensum='5' AND c_uni_ca='5' AND c_asigna='352440' [1][0] OK
C:[16/11/2012 14:04:58.21][172.16.12.2][1357] SELECT c_asigna FROM dace004 WHERE exp_e='03-17068906' AND c_asigna='300317' AND status IN ('0','3','B') [1][0] OK
C:[16/11/2012 14:04:58.21][172.16.12.2][1357] SELECT c_asigna FROM dace004 WHERE exp_e='03-17068906' AND c_asigna='300013' AND status IN ('0','3','B') [1][0] OK
C:[16/11/2012 14:04:58.21][172.16.12.2][1357] SELECT c_asigna FROM dace004 WHERE exp_e='03-17068906' AND c_asigna='300113' AND status IN ('0','3','B') [1][0] OK
C:[16/11/2012 14:04:58.21][172.16.12.2][1344] SELECT pre_cod_asig1,pre_cod_asig2,pre_cod_asig3,pre_cod_asig4,pre_cod_asig5,pre_cod_asig6,pre_cod_asig7 FROM tblaca009 WHERE pensum='5' AND c_uni_ca='5' AND c_asigna='355722' [1][0] OK
C:[16/11/2012 14:04:58.21][172.16.12.2][1357] SELECT c_asigna FROM dace004 WHERE exp_e='03-17068906' AND c_asigna='355691' AND status IN ('0','3','B') [1][0] OK
C:[16/11/2012 14:04:58.21][172.16.12.2][1357] SELECT c_asigna FROM dace004 WHERE exp_e='03-17068906' AND c_asigna='355595' AND status IN ('0','3','B') [1][0] OK
C:[16/11/2012 14:04:58.09][172.16.12.2][1388] SELECT par_cod_asig1,par_cod_asig2,par_cod_asig3 FROM tblaca009 WHERE pensum='5' AND c_uni_ca='5' AND c_asigna='352440' [1][0] OK
C:[16/11/2012 14:04:58.09][172.16.12.2][1388] SELECT par_cod_asig1,par_cod_asig2,par_cod_asig3 FROM tblaca009 WHERE pensum='5' AND c_uni_ca='5' AND c_asigna='355722' [1][0] OK
C:[16/11/2012 14:04:58.35][172.16.12.2][1586] SELECT MAX(semestre) FROM dace006 a, tblaca009 b WHERE a.exp_e='03-17068906' AND a.lapso='2012-2' AND b.pensum='5' AND b.c_uni_ca='5' AND status IN ('7','A','2') AND a.c_asigna=b.c_asigna  [1][0] OK
C:[16/11/2012 14:05:37.49][172.16.12.2][1344] SELECT pre_cod_asig1,pre_cod_asig2,pre_cod_asig3,pre_cod_asig4,pre_cod_asig5,pre_cod_asig6,pre_cod_asig7 FROM tblaca009 WHERE pensum='5' AND c_uni_ca='5' AND c_asigna='355722' [1][0] OK
C:[16/11/2012 14:05:37.49][172.16.12.2][1357] SELECT c_asigna FROM dace004 WHERE exp_e='03-17068906' AND c_asigna='355691' AND status IN ('0','3','B') [1][0] OK
C:[16/11/2012 14:05:37.49][172.16.12.2][1357] SELECT c_asigna FROM dace004 WHERE exp_e='03-17068906' AND c_asigna='355595' AND status IN ('0','3','B') [1][0] OK
C:[16/11/2012 14:05:37.49][172.16.12.2][1344] SELECT pre_cod_asig1,pre_cod_asig2,pre_cod_asig3,pre_cod_asig4,pre_cod_asig5,pre_cod_asig6,pre_cod_asig7 FROM tblaca009 WHERE pensum='5' AND c_uni_ca='5' AND c_asigna='352440' [1][0] OK
C:[16/11/2012 14:05:37.49][172.16.12.2][1357] SELECT c_asigna FROM dace004 WHERE exp_e='03-17068906' AND c_asigna='300317' AND status IN ('0','3','B') [1][0] OK
C:[16/11/2012 14:05:37.49][172.16.12.2][1357] SELECT c_asigna FROM dace004 WHERE exp_e='03-17068906' AND c_asigna='300013' AND status IN ('0','3','B') [1][0] OK
C:[16/11/2012 14:05:37.49][172.16.12.2][1357] SELECT c_asigna FROM dace004 WHERE exp_e='03-17068906' AND c_asigna='300113' AND status IN ('0','3','B') [1][0] OK
C:[16/11/2012 14:05:37.37][172.16.12.2][1388] SELECT par_cod_asig1,par_cod_asig2,par_cod_asig3 FROM tblaca009 WHERE pensum='5' AND c_uni_ca='5' AND c_asigna='355722' [1][0] OK
C:[16/11/2012 14:05:37.37][172.16.12.2][1388] SELECT par_cod_asig1,par_cod_asig2,par_cod_asig3 FROM tblaca009 WHERE pensum='5' AND c_uni_ca='5' AND c_asigna='352440' [1][0] OK
C:[16/11/2012 14:05:37.63][172.16.12.2][1518] SELECT horas_lab FROM tblaca008 WHERE c_asigna='355722' AND horas_teoricas > 0 [1][0] OK
C:[16/11/2012 14:05:37.74][172.16.12.2][1586] SELECT MAX(semestre) FROM dace006 a, tblaca009 b WHERE a.exp_e='03-17068906' AND a.lapso='2012-2' AND b.pensum='5' AND b.c_uni_ca='5' AND status IN ('7','A','2') AND a.c_asigna=b.c_asigna  [1][0] OK
C:[16/11/2012 14:05:37.87][172.16.12.2][1607] SELECT MIN(semestre) FROM dace006 a, tblaca009 b WHERE a.exp_e='03-17068906' AND a.lapso='2012-2' AND b.pensum='5' AND b.c_uni_ca='5' AND status IN ('7','A','2') AND a.c_asigna=b.c_asigna AND a.c_asigna IN ('355722') [1][0] OK
C:[16/11/2012 14:21:13.21][172.16.8.247][1344] SELECT pre_cod_asig1,pre_cod_asig2,pre_cod_asig3,pre_cod_asig4,pre_cod_asig5,pre_cod_asig6,pre_cod_asig7 FROM tblaca009 WHERE pensum='5' AND c_uni_ca='3' AND c_asigna='300870' [1][0] OK
C:[16/11/2012 14:21:13.21][172.16.8.247][1344] SELECT pre_cod_asig1,pre_cod_asig2,pre_cod_asig3,pre_cod_asig4,pre_cod_asig5,pre_cod_asig6,pre_cod_asig7 FROM tblaca009 WHERE pensum='5' AND c_uni_ca='3' AND c_asigna='311094' [1][0] OK
C:[16/11/2012 14:21:13.21][172.16.8.247][1357] SELECT c_asigna FROM dace004 WHERE exp_e='04-17444509' AND c_asigna='311822' AND status IN ('0','3','B') [1][0] OK
C:[16/11/2012 14:21:13.21][172.16.8.247][1357] SELECT c_asigna FROM dace004 WHERE exp_e='04-17444509' AND c_asigna='311823' AND status IN ('0','3','B') [1][0] OK
C:[16/11/2012 14:21:13.21][172.16.8.247][1344] SELECT pre_cod_asig1,pre_cod_asig2,pre_cod_asig3,pre_cod_asig4,pre_cod_asig5,pre_cod_asig6,pre_cod_asig7 FROM tblaca009 WHERE pensum='5' AND c_uni_ca='3' AND c_asigna='300956' [1][0] OK
C:[16/11/2012 14:21:13.21][172.16.8.247][1357] SELECT c_asigna FROM dace004 WHERE exp_e='04-17444509' AND c_asigna='300422' AND status IN ('0','3','B') [1][0] OK
C:[16/11/2012 14:21:13.21][172.16.8.247][1357] SELECT c_asigna FROM dace004 WHERE exp_e='04-17444509' AND c_asigna='300105' AND status IN ('0','3','B') [1][0] OK
C:[16/11/2012 14:21:13.21][172.16.8.247][1357] SELECT c_asigna FROM dace004 WHERE exp_e='04-17444509' AND c_asigna='300314' AND status IN ('0','3','B') [1][0] OK
C:[16/11/2012 14:21:13.21][172.16.8.247][1344] SELECT pre_cod_asig1,pre_cod_asig2,pre_cod_asig3,pre_cod_asig4,pre_cod_asig5,pre_cod_asig6,pre_cod_asig7 FROM tblaca009 WHERE pensum='5' AND c_uni_ca='3' AND c_asigna='311098' [1][0] OK
C:[16/11/2012 14:21:13.21][172.16.8.247][1357] SELECT c_asigna FROM dace004 WHERE exp_e='04-17444509' AND c_asigna='311822' AND status IN ('0','3','B') [1][0] OK
C:[16/11/2012 14:21:13.21][172.16.8.247][1344] SELECT pre_cod_asig1,pre_cod_asig2,pre_cod_asig3,pre_cod_asig4,pre_cod_asig5,pre_cod_asig6,pre_cod_asig7 FROM tblaca009 WHERE pensum='5' AND c_uni_ca='3' AND c_asigna='311824' [1][0] OK
C:[16/11/2012 14:21:13.21][172.16.8.247][1357] SELECT c_asigna FROM dace004 WHERE exp_e='04-17444509' AND c_asigna='311796' AND status IN ('0','3','B') [1][0] OK
C:[16/11/2012 14:21:13.71][172.16.8.247][1388] SELECT par_cod_asig1,par_cod_asig2,par_cod_asig3 FROM tblaca009 WHERE pensum='5' AND c_uni_ca='3' AND c_asigna='300870' [1][0] OK
C:[16/11/2012 14:21:13.71][172.16.8.247][1388] SELECT par_cod_asig1,par_cod_asig2,par_cod_asig3 FROM tblaca009 WHERE pensum='5' AND c_uni_ca='3' AND c_asigna='311094' [1][0] OK
C:[16/11/2012 14:21:13.71][172.16.8.247][1388] SELECT par_cod_asig1,par_cod_asig2,par_cod_asig3 FROM tblaca009 WHERE pensum='5' AND c_uni_ca='3' AND c_asigna='300956' [1][0] OK
C:[16/11/2012 14:21:13.71][172.16.8.247][1388] SELECT par_cod_asig1,par_cod_asig2,par_cod_asig3 FROM tblaca009 WHERE pensum='5' AND c_uni_ca='3' AND c_asigna='311098' [1][0] OK
C:[16/11/2012 14:21:13.71][172.16.8.247][1388] SELECT par_cod_asig1,par_cod_asig2,par_cod_asig3 FROM tblaca009 WHERE pensum='5' AND c_uni_ca='3' AND c_asigna='311824' [1][0] OK
C:[16/11/2012 14:21:13.35][172.16.8.247][1518] SELECT horas_lab FROM tblaca008 WHERE c_asigna='300870' AND horas_teoricas > 0 [1][0] OK
C:[16/11/2012 14:21:13.35][172.16.8.247][1518] SELECT horas_lab FROM tblaca008 WHERE c_asigna='311094' AND horas_teoricas > 0 [1][0] OK
C:[16/11/2012 14:21:14.59][172.16.8.247][1586] SELECT MAX(semestre) FROM dace006 a, tblaca009 b WHERE a.exp_e='04-17444509' AND a.lapso='2012-2' AND b.pensum='5' AND b.c_uni_ca='3' AND status IN ('7','A','2') AND a.c_asigna=b.c_asigna  [1][0] OK
C:[16/11/2012 14:21:14.72][172.16.8.247][1607] SELECT MIN(semestre) FROM dace006 a, tblaca009 b WHERE a.exp_e='04-17444509' AND a.lapso='2012-2' AND b.pensum='5' AND b.c_uni_ca='3' AND status IN ('7','A','2') AND a.c_asigna=b.c_asigna AND a.c_asigna IN ('300870','311094') [1][0] OK
C:[16/11/2012 14:23:04.99][172.16.8.247][1344] SELECT pre_cod_asig1,pre_cod_asig2,pre_cod_asig3,pre_cod_asig4,pre_cod_asig5,pre_cod_asig6,pre_cod_asig7 FROM tblaca009 WHERE pensum='5' AND c_uni_ca='3' AND c_asigna='311098' [1][0] OK
C:[16/11/2012 14:23:04.99][172.16.8.247][1357] SELECT c_asigna FROM dace004 WHERE exp_e='04-17444509' AND c_asigna='311822' AND status IN ('0','3','B') [1][0] OK
C:[16/11/2012 14:23:04.99][172.16.8.247][1344] SELECT pre_cod_asig1,pre_cod_asig2,pre_cod_asig3,pre_cod_asig4,pre_cod_asig5,pre_cod_asig6,pre_cod_asig7 FROM tblaca009 WHERE pensum='5' AND c_uni_ca='3' AND c_asigna='300956' [1][0] OK
C:[16/11/2012 14:23:04.99][172.16.8.247][1357] SELECT c_asigna FROM dace004 WHERE exp_e='04-17444509' AND c_asigna='300422' AND status IN ('0','3','B') [1][0] OK
C:[16/11/2012 14:23:04.99][172.16.8.247][1357] SELECT c_asigna FROM dace004 WHERE exp_e='04-17444509' AND c_asigna='300105' AND status IN ('0','3','B') [1][0] OK
C:[16/11/2012 14:23:04.99][172.16.8.247][1357] SELECT c_asigna FROM dace004 WHERE exp_e='04-17444509' AND c_asigna='300314' AND status IN ('0','3','B') [1][0] OK
C:[16/11/2012 14:23:04.99][172.16.8.247][1344] SELECT pre_cod_asig1,pre_cod_asig2,pre_cod_asig3,pre_cod_asig4,pre_cod_asig5,pre_cod_asig6,pre_cod_asig7 FROM tblaca009 WHERE pensum='5' AND c_uni_ca='3' AND c_asigna='311824' [1][0] OK
C:[16/11/2012 14:23:04.99][172.16.8.247][1357] SELECT c_asigna FROM dace004 WHERE exp_e='04-17444509' AND c_asigna='311796' AND status IN ('0','3','B') [1][0] OK
C:[16/11/2012 14:23:04.99][172.16.8.247][1388] SELECT par_cod_asig1,par_cod_asig2,par_cod_asig3 FROM tblaca009 WHERE pensum='5' AND c_uni_ca='3' AND c_asigna='311098' [1][0] OK
C:[16/11/2012 14:23:04.99][172.16.8.247][1388] SELECT par_cod_asig1,par_cod_asig2,par_cod_asig3 FROM tblaca009 WHERE pensum='5' AND c_uni_ca='3' AND c_asigna='300956' [1][0] OK
C:[16/11/2012 14:23:04.99][172.16.8.247][1388] SELECT par_cod_asig1,par_cod_asig2,par_cod_asig3 FROM tblaca009 WHERE pensum='5' AND c_uni_ca='3' AND c_asigna='311824' [1][0] OK
C:[16/11/2012 14:23:04.38][172.16.8.247][1518] SELECT horas_lab FROM tblaca008 WHERE c_asigna='311098' AND horas_teoricas > 0 [1][0] OK
C:[16/11/2012 14:23:04.50][172.16.8.247][1586] SELECT MAX(semestre) FROM dace006 a, tblaca009 b WHERE a.exp_e='04-17444509' AND a.lapso='2012-2' AND b.pensum='5' AND b.c_uni_ca='3' AND status IN ('7','A','2') AND a.c_asigna=b.c_asigna  [1][0] OK
C:[16/11/2012 14:23:04.62][172.16.8.247][1607] SELECT MIN(semestre) FROM dace006 a, tblaca009 b WHERE a.exp_e='04-17444509' AND a.lapso='2012-2' AND b.pensum='5' AND b.c_uni_ca='3' AND status IN ('7','A','2') AND a.c_asigna=b.c_asigna AND a.c_asigna IN ('311098') [1][0] OK
C:[16/11/2012 14:58:29.78][172.16.12.2][1344] SELECT pre_cod_asig1,pre_cod_asig2,pre_cod_asig3,pre_cod_asig4,pre_cod_asig5,pre_cod_asig6,pre_cod_asig7 FROM tblaca009 WHERE pensum='5' AND c_uni_ca='5' AND c_asigna='351330' [1][0] OK
C:[16/11/2012 14:58:29.78][172.16.12.2][1357] SELECT c_asigna FROM dace004 WHERE exp_e='07-19157780' AND c_asigna='300218' AND status IN ('0','3','B') [1][0] OK
C:[16/11/2012 14:58:29.78][172.16.12.2][1344] SELECT pre_cod_asig1,pre_cod_asig2,pre_cod_asig3,pre_cod_asig4,pre_cod_asig5,pre_cod_asig6,pre_cod_asig7 FROM tblaca009 WHERE pensum='5' AND c_uni_ca='5' AND c_asigna='300222' [1][0] OK
C:[16/11/2012 14:58:29.78][172.16.12.2][1357] SELECT c_asigna FROM dace004 WHERE exp_e='07-19157780' AND c_asigna='300112' AND status IN ('0','3','B') [1][0] OK
C:[16/11/2012 14:58:29.28][172.16.12.2][1388] SELECT par_cod_asig1,par_cod_asig2,par_cod_asig3 FROM tblaca009 WHERE pensum='5' AND c_uni_ca='5' AND c_asigna='351330' [1][0] OK
C:[16/11/2012 14:58:29.28][172.16.12.2][1402] SELECT c_asigna FROM dace004 WHERE exp_e='07-19157780' AND c_asigna='300318' AND status IN ('0','3','B','C') [1][0] OK
C:[16/11/2012 14:58:29.28][172.16.12.2][1402] SELECT c_asigna FROM dace004 WHERE exp_e='07-19157780' AND c_asigna='300317' AND status IN ('0','3','B','C') [1][0] OK
C:[16/11/2012 14:58:29.28][172.16.12.2][1388] SELECT par_cod_asig1,par_cod_asig2,par_cod_asig3 FROM tblaca009 WHERE pensum='5' AND c_uni_ca='5' AND c_asigna='300222' [1][0] OK
C:[16/11/2012 14:58:29.79][172.16.12.2][1518] SELECT horas_lab FROM tblaca008 WHERE c_asigna='351330' AND horas_teoricas > 0 [1][0] OK
C:[16/11/2012 14:58:30.91][172.16.12.2][1586] SELECT MAX(semestre) FROM dace006 a, tblaca009 b WHERE a.exp_e='07-19157780' AND a.lapso='2012-2' AND b.pensum='5' AND b.c_uni_ca='5' AND status IN ('7','A','2') AND a.c_asigna=b.c_asigna  [1][0] OK
C:[16/11/2012 14:58:30.03][172.16.12.2][1607] SELECT MIN(semestre) FROM dace006 a, tblaca009 b WHERE a.exp_e='07-19157780' AND a.lapso='2012-2' AND b.pensum='5' AND b.c_uni_ca='5' AND status IN ('7','A','2') AND a.c_asigna=b.c_asigna AND a.c_asigna IN ('351330') [1][0] OK
C:[16/11/2012 15:20:27.11][172.16.12.2][1344] SELECT pre_cod_asig1,pre_cod_asig2,pre_cod_asig3,pre_cod_asig4,pre_cod_asig5,pre_cod_asig6,pre_cod_asig7 FROM tblaca009 WHERE pensum='5' AND c_uni_ca='5' AND c_asigna='355722' [1][0] OK
C:[16/11/2012 15:20:27.11][172.16.12.2][1357] SELECT c_asigna FROM dace004 WHERE exp_e='05-18886220' AND c_asigna='355691' AND status IN ('0','3','B') [1][0] OK
C:[16/11/2012 15:20:27.11][172.16.12.2][1357] SELECT c_asigna FROM dace004 WHERE exp_e='05-18886220' AND c_asigna='355595' AND status IN ('0','3','B') [1][0] OK
C:[16/11/2012 15:20:27.11][172.16.12.2][1344] SELECT pre_cod_asig1,pre_cod_asig2,pre_cod_asig3,pre_cod_asig4,pre_cod_asig5,pre_cod_asig6,pre_cod_asig7 FROM tblaca009 WHERE pensum='5' AND c_uni_ca='5' AND c_asigna='355573' [1][0] OK
C:[16/11/2012 15:20:27.11][172.16.12.2][1357] SELECT c_asigna FROM dace004 WHERE exp_e='05-18886220' AND c_asigna='355448' AND status IN ('0','3','B') [1][0] OK
C:[16/11/2012 15:20:27.11][172.16.12.2][1344] SELECT pre_cod_asig1,pre_cod_asig2,pre_cod_asig3,pre_cod_asig4,pre_cod_asig5,pre_cod_asig6,pre_cod_asig7 FROM tblaca009 WHERE pensum='5' AND c_uni_ca='5' AND c_asigna='355692' [1][0] OK
C:[16/11/2012 15:20:27.11][172.16.12.2][1357] SELECT c_asigna FROM dace004 WHERE exp_e='05-18886220' AND c_asigna='355448' AND status IN ('0','3','B') [1][0] OK
C:[16/11/2012 15:20:27.11][172.16.12.2][1357] SELECT c_asigna FROM dace004 WHERE exp_e='05-18886220' AND c_asigna='355570' AND status IN ('0','3','B') [1][0] OK
C:[16/11/2012 15:20:27.11][172.16.12.2][1344] SELECT pre_cod_asig1,pre_cod_asig2,pre_cod_asig3,pre_cod_asig4,pre_cod_asig5,pre_cod_asig6,pre_cod_asig7 FROM tblaca009 WHERE pensum='5' AND c_uni_ca='5' AND c_asigna='355951' [1][0] OK
C:[16/11/2012 15:20:27.11][172.16.12.2][1357] SELECT c_asigna FROM dace004 WHERE exp_e='05-18886220' AND c_asigna='355691' AND status IN ('0','3','B') [1][0] OK
C:[16/11/2012 15:20:27.36][172.16.12.2][1388] SELECT par_cod_asig1,par_cod_asig2,par_cod_asig3 FROM tblaca009 WHERE pensum='5' AND c_uni_ca='5' AND c_asigna='355722' [1][0] OK
C:[16/11/2012 15:20:27.36][172.16.12.2][1388] SELECT par_cod_asig1,par_cod_asig2,par_cod_asig3 FROM tblaca009 WHERE pensum='5' AND c_uni_ca='5' AND c_asigna='355573' [1][0] OK
C:[16/11/2012 15:20:27.36][172.16.12.2][1388] SELECT par_cod_asig1,par_cod_asig2,par_cod_asig3 FROM tblaca009 WHERE pensum='5' AND c_uni_ca='5' AND c_asigna='355692' [1][0] OK
C:[16/11/2012 15:20:27.36][172.16.12.2][1388] SELECT par_cod_asig1,par_cod_asig2,par_cod_asig3 FROM tblaca009 WHERE pensum='5' AND c_uni_ca='5' AND c_asigna='355951' [1][0] OK
C:[16/11/2012 15:20:27.87][172.16.12.2][1518] SELECT horas_lab FROM tblaca008 WHERE c_asigna='355722' AND horas_teoricas > 0 [1][0] OK
C:[16/11/2012 15:20:27.99][172.16.12.2][1586] SELECT MAX(semestre) FROM dace006 a, tblaca009 b WHERE a.exp_e='05-18886220' AND a.lapso='2012-2' AND b.pensum='5' AND b.c_uni_ca='5' AND status IN ('7','A','2') AND a.c_asigna=b.c_asigna  [1][0] OK
C:[16/11/2012 15:20:27.62][172.16.12.2][1607] SELECT MIN(semestre) FROM dace006 a, tblaca009 b WHERE a.exp_e='05-18886220' AND a.lapso='2012-2' AND b.pensum='5' AND b.c_uni_ca='5' AND status IN ('7','A','2') AND a.c_asigna=b.c_asigna AND a.c_asigna IN ('355722') [1][0] OK
C:[16/11/2012 15:36:43.32][172.16.8.247][1344] SELECT pre_cod_asig1,pre_cod_asig2,pre_cod_asig3,pre_cod_asig4,pre_cod_asig5,pre_cod_asig6,pre_cod_asig7 FROM tblaca009 WHERE pensum='5' AND c_uni_ca='2' AND c_asigna='300207' [1][0] OK
C:[16/11/2012 15:36:43.32][172.16.8.247][1357] SELECT c_asigna FROM dace004 WHERE exp_e='11-22825076' AND c_asigna='300101' AND status IN ('0','3','B') [1][0] OK
C:[16/11/2012 15:36:43.32][172.16.8.247][1344] SELECT pre_cod_asig1,pre_cod_asig2,pre_cod_asig3,pre_cod_asig4,pre_cod_asig5,pre_cod_asig6,pre_cod_asig7 FROM tblaca009 WHERE pensum='5' AND c_uni_ca='2' AND c_asigna='300209' [1][0] OK
C:[16/11/2012 15:36:43.32][172.16.8.247][1357] SELECT c_asigna FROM dace004 WHERE exp_e='11-22825076' AND c_asigna='300101' AND status IN ('0','3','B') [1][0] OK
C:[16/11/2012 15:36:43.32][172.16.8.247][1344] SELECT pre_cod_asig1,pre_cod_asig2,pre_cod_asig3,pre_cod_asig4,pre_cod_asig5,pre_cod_asig6,pre_cod_asig7 FROM tblaca009 WHERE pensum='5' AND c_uni_ca='2' AND c_asigna='300213' [1][0] OK
C:[16/11/2012 15:36:43.32][172.16.8.247][1357] SELECT c_asigna FROM dace004 WHERE exp_e='11-22825076' AND c_asigna='300101' AND status IN ('0','3','B') [1][0] OK
C:[16/11/2012 15:36:43.32][172.16.8.247][1344] SELECT pre_cod_asig1,pre_cod_asig2,pre_cod_asig3,pre_cod_asig4,pre_cod_asig5,pre_cod_asig6,pre_cod_asig7 FROM tblaca009 WHERE pensum='5' AND c_uni_ca='2' AND c_asigna='300222' [1][0] OK
C:[16/11/2012 15:36:43.32][172.16.8.247][1357] SELECT c_asigna FROM dace004 WHERE exp_e='11-22825076' AND c_asigna='300112' AND status IN ('0','3','B') [1][0] OK
C:[16/11/2012 15:36:43.32][172.16.8.247][1344] SELECT pre_cod_asig1,pre_cod_asig2,pre_cod_asig3,pre_cod_asig4,pre_cod_asig5,pre_cod_asig6,pre_cod_asig7 FROM tblaca009 WHERE pensum='5' AND c_uni_ca='2' AND c_asigna='300226' [1][0] OK
C:[16/11/2012 15:36:43.32][172.16.8.247][1357] SELECT c_asigna FROM dace004 WHERE exp_e='11-22825076' AND c_asigna='300116' AND status IN ('0','3','B') [1][0] OK
C:[16/11/2012 15:36:44.57][172.16.8.247][1388] SELECT par_cod_asig1,par_cod_asig2,par_cod_asig3 FROM tblaca009 WHERE pensum='5' AND c_uni_ca='2' AND c_asigna='300207' [1][0] OK
C:[16/11/2012 15:36:44.57][172.16.8.247][1388] SELECT par_cod_asig1,par_cod_asig2,par_cod_asig3 FROM tblaca009 WHERE pensum='5' AND c_uni_ca='2' AND c_asigna='300209' [1][0] OK
C:[16/11/2012 15:36:44.57][172.16.8.247][1388] SELECT par_cod_asig1,par_cod_asig2,par_cod_asig3 FROM tblaca009 WHERE pensum='5' AND c_uni_ca='2' AND c_asigna='300213' [1][0] OK
C:[16/11/2012 15:36:44.57][172.16.8.247][1402] SELECT c_asigna FROM dace004 WHERE exp_e='11-22825076' AND c_asigna='300209' AND status IN ('0','3','B','C') [0][0] OK
C:[16/11/2012 15:36:44.57][172.16.8.247][1388] SELECT par_cod_asig1,par_cod_asig2,par_cod_asig3 FROM tblaca009 WHERE pensum='5' AND c_uni_ca='2' AND c_asigna='300222' [1][0] OK
C:[16/11/2012 15:36:44.57][172.16.8.247][1388] SELECT par_cod_asig1,par_cod_asig2,par_cod_asig3 FROM tblaca009 WHERE pensum='5' AND c_uni_ca='2' AND c_asigna='300226' [1][0] OK
C:[16/11/2012 15:36:44.33][172.16.8.247][1518] SELECT horas_lab FROM tblaca008 WHERE c_asigna='300207' AND horas_teoricas > 0 [1][0] OK
C:[16/11/2012 15:36:44.44][172.16.8.247][1586] SELECT MAX(semestre) FROM dace006 a, tblaca009 b WHERE a.exp_e='11-22825076' AND a.lapso='2012-2' AND b.pensum='5' AND b.c_uni_ca='2' AND status IN ('7','A','2') AND a.c_asigna=b.c_asigna  [1][0] OK
C:[16/11/2012 15:36:44.57][172.16.8.247][1607] SELECT MIN(semestre) FROM dace006 a, tblaca009 b WHERE a.exp_e='11-22825076' AND a.lapso='2012-2' AND b.pensum='5' AND b.c_uni_ca='2' AND status IN ('7','A','2') AND a.c_asigna=b.c_asigna AND a.c_asigna IN ('300207') [1][0] OK
C:[16/11/2012 15:46:19.88][172.16.8.247][1344] SELECT pre_cod_asig1,pre_cod_asig2,pre_cod_asig3,pre_cod_asig4,pre_cod_asig5,pre_cod_asig6,pre_cod_asig7 FROM tblaca009 WHERE pensum='5' AND c_uni_ca='5' AND c_asigna='351330' [1][0] OK
C:[16/11/2012 15:46:19.88][172.16.8.247][1357] SELECT c_asigna FROM dace004 WHERE exp_e='09-20806184' AND c_asigna='300218' AND status IN ('0','3','B') [1][0] OK
C:[16/11/2012 15:46:19.88][172.16.8.247][1344] SELECT pre_cod_asig1,pre_cod_asig2,pre_cod_asig3,pre_cod_asig4,pre_cod_asig5,pre_cod_asig6,pre_cod_asig7 FROM tblaca009 WHERE pensum='5' AND c_uni_ca='5' AND c_asigna='355448' [1][0] OK
C:[16/11/2012 15:46:19.88][172.16.8.247][1357] SELECT c_asigna FROM dace004 WHERE exp_e='09-20806184' AND c_asigna='300313' AND status IN ('0','3','B') [1][0] OK
C:[16/11/2012 15:46:19.88][172.16.8.247][1357] SELECT c_asigna FROM dace004 WHERE exp_e='09-20806184' AND c_asigna='300209' AND status IN ('0','3','B') [1][0] OK
C:[16/11/2012 15:46:19.88][172.16.8.247][1357] SELECT c_asigna FROM dace004 WHERE exp_e='09-20806184' AND c_asigna='300226' AND status IN ('0','3','B') [1][0] OK
C:[16/11/2012 15:46:19.88][172.16.8.247][1357] SELECT c_asigna FROM dace004 WHERE exp_e='09-20806184' AND c_asigna='300222' AND status IN ('0','3','B') [1][0] OK
C:[16/11/2012 15:46:19.88][172.16.8.247][1344] SELECT pre_cod_asig1,pre_cod_asig2,pre_cod_asig3,pre_cod_asig4,pre_cod_asig5,pre_cod_asig6,pre_cod_asig7 FROM tblaca009 WHERE pensum='5' AND c_uni_ca='5' AND c_asigna='355572' [1][0] OK
C:[16/11/2012 15:46:19.88][172.16.8.247][1357] SELECT c_asigna FROM dace004 WHERE exp_e='09-20806184' AND c_asigna='300428' AND status IN ('0','3','B') [1][0] OK
C:[16/11/2012 15:46:19.88][172.16.8.247][1344] SELECT pre_cod_asig1,pre_cod_asig2,pre_cod_asig3,pre_cod_asig4,pre_cod_asig5,pre_cod_asig6,pre_cod_asig7 FROM tblaca009 WHERE pensum='5' AND c_uni_ca='5' AND c_asigna='300318' [1][0] OK
C:[16/11/2012 15:46:19.88][172.16.8.247][1357] SELECT c_asigna FROM dace004 WHERE exp_e='09-20806184' AND c_asigna='300228' AND status IN ('0','3','B') [1][0] OK
C:[16/11/2012 15:46:19.88][172.16.8.247][1357] SELECT c_asigna FROM dace004 WHERE exp_e='09-20806184' AND c_asigna='300207' AND status IN ('0','3','B') [1][0] OK
C:[16/11/2012 15:46:19.88][172.16.8.247][1357] SELECT c_asigna FROM dace004 WHERE exp_e='09-20806184' AND c_asigna='300218' AND status IN ('0','3','B') [1][0] OK
C:[16/11/2012 15:46:19.88][172.16.8.247][1344] SELECT pre_cod_asig1,pre_cod_asig2,pre_cod_asig3,pre_cod_asig4,pre_cod_asig5,pre_cod_asig6,pre_cod_asig7 FROM tblaca009 WHERE pensum='5' AND c_uni_ca='5' AND c_asigna='352440' [1][0] OK
C:[16/11/2012 15:46:19.88][172.16.8.247][1357] SELECT c_asigna FROM dace004 WHERE exp_e='09-20806184' AND c_asigna='300317' AND status IN ('0','3','B') [1][0] OK
C:[16/11/2012 15:46:19.88][172.16.8.247][1357] SELECT c_asigna FROM dace004 WHERE exp_e='09-20806184' AND c_asigna='300013' AND status IN ('0','3','B') [1][0] OK
C:[16/11/2012 15:46:19.88][172.16.8.247][1357] SELECT c_asigna FROM dace004 WHERE exp_e='09-20806184' AND c_asigna='300113' AND status IN ('0','3','B') [1][0] OK
C:[16/11/2012 15:46:19.88][172.16.8.247][1344] SELECT pre_cod_asig1,pre_cod_asig2,pre_cod_asig3,pre_cod_asig4,pre_cod_asig5,pre_cod_asig6,pre_cod_asig7 FROM tblaca009 WHERE pensum='5' AND c_uni_ca='5' AND c_asigna='355350' [1][0] OK
C:[16/11/2012 15:46:19.88][172.16.8.247][1357] SELECT c_asigna FROM dace004 WHERE exp_e='09-20806184' AND c_asigna='300207' AND status IN ('0','3','B') [1][0] OK
C:[16/11/2012 15:46:19.88][172.16.8.247][1357] SELECT c_asigna FROM dace004 WHERE exp_e='09-20806184' AND c_asigna='300228' AND status IN ('0','3','B') [1][0] OK
C:[16/11/2012 15:46:20.38][172.16.8.247][1388] SELECT par_cod_asig1,par_cod_asig2,par_cod_asig3 FROM tblaca009 WHERE pensum='5' AND c_uni_ca='5' AND c_asigna='351330' [1][0] OK
C:[16/11/2012 15:46:20.38][172.16.8.247][1402] SELECT c_asigna FROM dace004 WHERE exp_e='09-20806184' AND c_asigna='300318' AND status IN ('0','3','B','C') [0][0] OK
C:[16/11/2012 15:46:20.38][172.16.8.247][1402] SELECT c_asigna FROM dace004 WHERE exp_e='09-20806184' AND c_asigna='300317' AND status IN ('0','3','B','C') [1][0] OK
C:[16/11/2012 15:46:20.38][172.16.8.247][1388] SELECT par_cod_asig1,par_cod_asig2,par_cod_asig3 FROM tblaca009 WHERE pensum='5' AND c_uni_ca='5' AND c_asigna='355448' [1][0] OK
C:[16/11/2012 15:46:20.38][172.16.8.247][1388] SELECT par_cod_asig1,par_cod_asig2,par_cod_asig3 FROM tblaca009 WHERE pensum='5' AND c_uni_ca='5' AND c_asigna='355572' [1][0] OK
C:[16/11/2012 15:46:20.38][172.16.8.247][1388] SELECT par_cod_asig1,par_cod_asig2,par_cod_asig3 FROM tblaca009 WHERE pensum='5' AND c_uni_ca='5' AND c_asigna='300318' [1][0] OK
C:[16/11/2012 15:46:20.38][172.16.8.247][1388] SELECT par_cod_asig1,par_cod_asig2,par_cod_asig3 FROM tblaca009 WHERE pensum='5' AND c_uni_ca='5' AND c_asigna='352440' [1][0] OK
C:[16/11/2012 15:46:20.38][172.16.8.247][1388] SELECT par_cod_asig1,par_cod_asig2,par_cod_asig3 FROM tblaca009 WHERE pensum='5' AND c_uni_ca='5' AND c_asigna='355350' [1][0] OK
C:[16/11/2012 15:46:20.39][172.16.8.247][1518] SELECT horas_lab FROM tblaca008 WHERE c_asigna='351330' AND horas_teoricas > 0 [1][0] OK
C:[16/11/2012 15:46:20.39][172.16.8.247][1518] SELECT horas_lab FROM tblaca008 WHERE c_asigna='355448' AND horas_teoricas > 0 [1][0] OK
C:[16/11/2012 15:46:20.39][172.16.8.247][1518] SELECT horas_lab FROM tblaca008 WHERE c_asigna='355572' AND horas_teoricas > 0 [1][0] OK
C:[16/11/2012 15:46:20.75][172.16.8.247][1586] SELECT MAX(semestre) FROM dace006 a, tblaca009 b WHERE a.exp_e='09-20806184' AND a.lapso='2012-2' AND b.pensum='5' AND b.c_uni_ca='5' AND status IN ('7','A','2') AND a.c_asigna=b.c_asigna  [1][0] OK
C:[16/11/2012 15:46:20.88][172.16.8.247][1607] SELECT MIN(semestre) FROM dace006 a, tblaca009 b WHERE a.exp_e='09-20806184' AND a.lapso='2012-2' AND b.pensum='5' AND b.c_uni_ca='5' AND status IN ('7','A','2') AND a.c_asigna=b.c_asigna AND a.c_asigna IN ('351330','355448','355572') [1][0] OK
C:[16/11/2012 15:48:26.57][172.16.8.247][1344] SELECT pre_cod_asig1,pre_cod_asig2,pre_cod_asig3,pre_cod_asig4,pre_cod_asig5,pre_cod_asig6,pre_cod_asig7 FROM tblaca009 WHERE pensum='5' AND c_uni_ca='5' AND c_asigna='355448' [1][0] OK
C:[16/11/2012 15:48:26.57][172.16.8.247][1357] SELECT c_asigna FROM dace004 WHERE exp_e='09-20806184' AND c_asigna='300313' AND status IN ('0','3','B') [1][0] OK
C:[16/11/2012 15:48:26.57][172.16.8.247][1357] SELECT c_asigna FROM dace004 WHERE exp_e='09-20806184' AND c_asigna='300209' AND status IN ('0','3','B') [1][0] OK
C:[16/11/2012 15:48:26.57][172.16.8.247][1357] SELECT c_asigna FROM dace004 WHERE exp_e='09-20806184' AND c_asigna='300226' AND status IN ('0','3','B') [1][0] OK
C:[16/11/2012 15:48:26.57][172.16.8.247][1357] SELECT c_asigna FROM dace004 WHERE exp_e='09-20806184' AND c_asigna='300222' AND status IN ('0','3','B') [1][0] OK
C:[16/11/2012 15:48:26.57][172.16.8.247][1344] SELECT pre_cod_asig1,pre_cod_asig2,pre_cod_asig3,pre_cod_asig4,pre_cod_asig5,pre_cod_asig6,pre_cod_asig7 FROM tblaca009 WHERE pensum='5' AND c_uni_ca='5' AND c_asigna='355572' [1][0] OK
C:[16/11/2012 15:48:26.57][172.16.8.247][1357] SELECT c_asigna FROM dace004 WHERE exp_e='09-20806184' AND c_asigna='300428' AND status IN ('0','3','B') [1][0] OK
C:[16/11/2012 15:48:26.57][172.16.8.247][1344] SELECT pre_cod_asig1,pre_cod_asig2,pre_cod_asig3,pre_cod_asig4,pre_cod_asig5,pre_cod_asig6,pre_cod_asig7 FROM tblaca009 WHERE pensum='5' AND c_uni_ca='5' AND c_asigna='300318' [1][0] OK
C:[16/11/2012 15:48:26.57][172.16.8.247][1357] SELECT c_asigna FROM dace004 WHERE exp_e='09-20806184' AND c_asigna='300228' AND status IN ('0','3','B') [1][0] OK
C:[16/11/2012 15:48:26.57][172.16.8.247][1357] SELECT c_asigna FROM dace004 WHERE exp_e='09-20806184' AND c_asigna='300207' AND status IN ('0','3','B') [1][0] OK
C:[16/11/2012 15:48:26.57][172.16.8.247][1357] SELECT c_asigna FROM dace004 WHERE exp_e='09-20806184' AND c_asigna='300218' AND status IN ('0','3','B') [1][0] OK
C:[16/11/2012 15:48:26.57][172.16.8.247][1344] SELECT pre_cod_asig1,pre_cod_asig2,pre_cod_asig3,pre_cod_asig4,pre_cod_asig5,pre_cod_asig6,pre_cod_asig7 FROM tblaca009 WHERE pensum='5' AND c_uni_ca='5' AND c_asigna='351330' [1][0] OK
C:[16/11/2012 15:48:26.57][172.16.8.247][1357] SELECT c_asigna FROM dace004 WHERE exp_e='09-20806184' AND c_asigna='300218' AND status IN ('0','3','B') [1][0] OK
C:[16/11/2012 15:48:26.57][172.16.8.247][1344] SELECT pre_cod_asig1,pre_cod_asig2,pre_cod_asig3,pre_cod_asig4,pre_cod_asig5,pre_cod_asig6,pre_cod_asig7 FROM tblaca009 WHERE pensum='5' AND c_uni_ca='5' AND c_asigna='352440' [1][0] OK
C:[16/11/2012 15:48:26.57][172.16.8.247][1357] SELECT c_asigna FROM dace004 WHERE exp_e='09-20806184' AND c_asigna='300317' AND status IN ('0','3','B') [1][0] OK
C:[16/11/2012 15:48:26.57][172.16.8.247][1357] SELECT c_asigna FROM dace004 WHERE exp_e='09-20806184' AND c_asigna='300013' AND status IN ('0','3','B') [1][0] OK
C:[16/11/2012 15:48:26.57][172.16.8.247][1357] SELECT c_asigna FROM dace004 WHERE exp_e='09-20806184' AND c_asigna='300113' AND status IN ('0','3','B') [1][0] OK
C:[16/11/2012 15:48:26.57][172.16.8.247][1344] SELECT pre_cod_asig1,pre_cod_asig2,pre_cod_asig3,pre_cod_asig4,pre_cod_asig5,pre_cod_asig6,pre_cod_asig7 FROM tblaca009 WHERE pensum='5' AND c_uni_ca='5' AND c_asigna='355350' [1][0] OK
C:[16/11/2012 15:48:26.57][172.16.8.247][1357] SELECT c_asigna FROM dace004 WHERE exp_e='09-20806184' AND c_asigna='300207' AND status IN ('0','3','B') [1][0] OK
C:[16/11/2012 15:48:26.57][172.16.8.247][1357] SELECT c_asigna FROM dace004 WHERE exp_e='09-20806184' AND c_asigna='300228' AND status IN ('0','3','B') [1][0] OK
C:[16/11/2012 15:48:27.06][172.16.8.247][1388] SELECT par_cod_asig1,par_cod_asig2,par_cod_asig3 FROM tblaca009 WHERE pensum='5' AND c_uni_ca='5' AND c_asigna='355448' [1][0] OK
C:[16/11/2012 15:48:27.06][172.16.8.247][1388] SELECT par_cod_asig1,par_cod_asig2,par_cod_asig3 FROM tblaca009 WHERE pensum='5' AND c_uni_ca='5' AND c_asigna='355572' [1][0] OK
C:[16/11/2012 15:48:27.06][172.16.8.247][1388] SELECT par_cod_asig1,par_cod_asig2,par_cod_asig3 FROM tblaca009 WHERE pensum='5' AND c_uni_ca='5' AND c_asigna='300318' [1][0] OK
C:[16/11/2012 15:48:27.06][172.16.8.247][1388] SELECT par_cod_asig1,par_cod_asig2,par_cod_asig3 FROM tblaca009 WHERE pensum='5' AND c_uni_ca='5' AND c_asigna='351330' [1][0] OK
C:[16/11/2012 15:48:27.06][172.16.8.247][1402] SELECT c_asigna FROM dace004 WHERE exp_e='09-20806184' AND c_asigna='300318' AND status IN ('0','3','B','C') [0][0] OK
C:[16/11/2012 15:48:27.06][172.16.8.247][1402] SELECT c_asigna FROM dace004 WHERE exp_e='09-20806184' AND c_asigna='300317' AND status IN ('0','3','B','C') [1][0] OK
C:[16/11/2012 15:48:27.06][172.16.8.247][1388] SELECT par_cod_asig1,par_cod_asig2,par_cod_asig3 FROM tblaca009 WHERE pensum='5' AND c_uni_ca='5' AND c_asigna='352440' [1][0] OK
C:[16/11/2012 15:48:27.06][172.16.8.247][1388] SELECT par_cod_asig1,par_cod_asig2,par_cod_asig3 FROM tblaca009 WHERE pensum='5' AND c_uni_ca='5' AND c_asigna='355350' [1][0] OK
C:[16/11/2012 15:48:27.08][172.16.8.247][1518] SELECT horas_lab FROM tblaca008 WHERE c_asigna='355448' AND horas_teoricas > 0 [1][0] OK
C:[16/11/2012 15:48:27.08][172.16.8.247][1518] SELECT horas_lab FROM tblaca008 WHERE c_asigna='355572' AND horas_teoricas > 0 [1][0] OK
C:[16/11/2012 15:48:27.32][172.16.8.247][1586] SELECT MAX(semestre) FROM dace006 a, tblaca009 b WHERE a.exp_e='09-20806184' AND a.lapso='2012-2' AND b.pensum='5' AND b.c_uni_ca='5' AND status IN ('7','A','2') AND a.c_asigna=b.c_asigna  [1][0] OK
C:[16/11/2012 15:48:27.44][172.16.8.247][1607] SELECT MIN(semestre) FROM dace006 a, tblaca009 b WHERE a.exp_e='09-20806184' AND a.lapso='2012-2' AND b.pensum='5' AND b.c_uni_ca='5' AND status IN ('7','A','2') AND a.c_asigna=b.c_asigna AND a.c_asigna IN ('355448','355572') [1][0] OK
C:[16/11/2012 18:54:47.06][200.90.127.79][1344] SELECT pre_cod_asig1,pre_cod_asig2,pre_cod_asig3,pre_cod_asig4,pre_cod_asig5,pre_cod_asig6,pre_cod_asig7 FROM tblaca009 WHERE pensum='5' AND c_uni_ca='2' AND c_asigna='300101' [1][0] OK
C:[16/11/2012 18:54:47.06][200.90.127.79][1344] SELECT pre_cod_asig1,pre_cod_asig2,pre_cod_asig3,pre_cod_asig4,pre_cod_asig5,pre_cod_asig6,pre_cod_asig7 FROM tblaca009 WHERE pensum='5' AND c_uni_ca='2' AND c_asigna='300226' [1][0] OK
C:[16/11/2012 18:54:47.06][200.90.127.79][1357] SELECT c_asigna FROM dace004 WHERE exp_e='11-22838648' AND c_asigna='300116' AND status IN ('0','3','B') [1][0] OK
C:[16/11/2012 18:54:47.06][200.90.127.79][1344] SELECT pre_cod_asig1,pre_cod_asig2,pre_cod_asig3,pre_cod_asig4,pre_cod_asig5,pre_cod_asig6,pre_cod_asig7 FROM tblaca009 WHERE pensum='5' AND c_uni_ca='2' AND c_asigna='320311' [1][0] OK
C:[16/11/2012 18:54:47.06][200.90.127.79][1357] SELECT c_asigna FROM dace004 WHERE exp_e='11-22838648' AND c_asigna='300013' AND status IN ('0','3','B') [1][0] OK
C:[16/11/2012 18:54:47.06][200.90.127.79][1357] SELECT c_asigna FROM dace004 WHERE exp_e='11-22838648' AND c_asigna='300113' AND status IN ('0','3','B') [1][0] OK
C:[16/11/2012 18:54:47.06][200.90.127.79][1344] SELECT pre_cod_asig1,pre_cod_asig2,pre_cod_asig3,pre_cod_asig4,pre_cod_asig5,pre_cod_asig6,pre_cod_asig7 FROM tblaca009 WHERE pensum='5' AND c_uni_ca='2' AND c_asigna='322449' [1][0] OK
C:[16/11/2012 18:54:47.06][200.90.127.79][1357] SELECT c_asigna FROM dace004 WHERE exp_e='11-22838648' AND c_asigna='300222' AND status IN ('0','3','B') [1][0] OK
C:[16/11/2012 18:54:47.06][200.90.127.79][1388] SELECT par_cod_asig1,par_cod_asig2,par_cod_asig3 FROM tblaca009 WHERE pensum='5' AND c_uni_ca='2' AND c_asigna='300101' [1][0] OK
C:[16/11/2012 18:54:47.06][200.90.127.79][1388] SELECT par_cod_asig1,par_cod_asig2,par_cod_asig3 FROM tblaca009 WHERE pensum='5' AND c_uni_ca='2' AND c_asigna='300226' [1][0] OK
C:[16/11/2012 18:54:47.06][200.90.127.79][1388] SELECT par_cod_asig1,par_cod_asig2,par_cod_asig3 FROM tblaca009 WHERE pensum='5' AND c_uni_ca='2' AND c_asigna='320311' [1][0] OK
C:[16/11/2012 18:54:47.06][200.90.127.79][1388] SELECT par_cod_asig1,par_cod_asig2,par_cod_asig3 FROM tblaca009 WHERE pensum='5' AND c_uni_ca='2' AND c_asigna='322449' [1][0] OK
C:[16/11/2012 18:54:47.57][200.90.127.79][1518] SELECT horas_lab FROM tblaca008 WHERE c_asigna='300101' AND horas_teoricas > 0 [1][0] OK
C:[16/11/2012 18:54:47.57][200.90.127.79][1518] SELECT horas_lab FROM tblaca008 WHERE c_asigna='300226' AND horas_teoricas > 0 [1][0] OK
C:[16/11/2012 18:54:47.57][200.90.127.79][1518] SELECT horas_lab FROM tblaca008 WHERE c_asigna='320311' AND horas_teoricas > 0 [1][0] OK
C:[16/11/2012 18:54:47.57][200.90.127.79][1518] SELECT horas_lab FROM tblaca008 WHERE c_asigna='322449' AND horas_teoricas > 0 [1][0] OK
C:[16/11/2012 18:54:48.07][200.90.127.79][1586] SELECT MAX(semestre) FROM dace006 a, tblaca009 b WHERE a.exp_e='11-22838648' AND a.lapso='2012-2' AND b.pensum='5' AND b.c_uni_ca='2' AND status IN ('7','A','2') AND a.c_asigna=b.c_asigna  [1][0] OK
C:[16/11/2012 18:54:48.19][200.90.127.79][1607] SELECT MIN(semestre) FROM dace006 a, tblaca009 b WHERE a.exp_e='11-22838648' AND a.lapso='2012-2' AND b.pensum='5' AND b.c_uni_ca='2' AND status IN ('7','A','2') AND a.c_asigna=b.c_asigna AND a.c_asigna IN ('300101','300226','320311','322449') [1][0] OK
C:[16/11/2012 18:59:02.94][200.90.127.79][1344] SELECT pre_cod_asig1,pre_cod_asig2,pre_cod_asig3,pre_cod_asig4,pre_cod_asig5,pre_cod_asig6,pre_cod_asig7 FROM tblaca009 WHERE pensum='5' AND c_uni_ca='2' AND c_asigna='300101' [1][0] OK
C:[16/11/2012 18:59:02.94][200.90.127.79][1344] SELECT pre_cod_asig1,pre_cod_asig2,pre_cod_asig3,pre_cod_asig4,pre_cod_asig5,pre_cod_asig6,pre_cod_asig7 FROM tblaca009 WHERE pensum='5' AND c_uni_ca='2' AND c_asigna='300226' [1][0] OK
C:[16/11/2012 18:59:02.94][200.90.127.79][1357] SELECT c_asigna FROM dace004 WHERE exp_e='11-22838648' AND c_asigna='300116' AND status IN ('0','3','B') [1][0] OK
C:[16/11/2012 18:59:02.94][200.90.127.79][1344] SELECT pre_cod_asig1,pre_cod_asig2,pre_cod_asig3,pre_cod_asig4,pre_cod_asig5,pre_cod_asig6,pre_cod_asig7 FROM tblaca009 WHERE pensum='5' AND c_uni_ca='2' AND c_asigna='320311' [1][0] OK
C:[16/11/2012 18:59:02.94][200.90.127.79][1357] SELECT c_asigna FROM dace004 WHERE exp_e='11-22838648' AND c_asigna='300013' AND status IN ('0','3','B') [1][0] OK
C:[16/11/2012 18:59:02.94][200.90.127.79][1357] SELECT c_asigna FROM dace004 WHERE exp_e='11-22838648' AND c_asigna='300113' AND status IN ('0','3','B') [1][0] OK
C:[16/11/2012 18:59:02.94][200.90.127.79][1344] SELECT pre_cod_asig1,pre_cod_asig2,pre_cod_asig3,pre_cod_asig4,pre_cod_asig5,pre_cod_asig6,pre_cod_asig7 FROM tblaca009 WHERE pensum='5' AND c_uni_ca='2' AND c_asigna='322449' [1][0] OK
C:[16/11/2012 18:59:02.94][200.90.127.79][1357] SELECT c_asigna FROM dace004 WHERE exp_e='11-22838648' AND c_asigna='300222' AND status IN ('0','3','B') [1][0] OK
C:[16/11/2012 18:59:02.94][200.90.127.79][1388] SELECT par_cod_asig1,par_cod_asig2,par_cod_asig3 FROM tblaca009 WHERE pensum='5' AND c_uni_ca='2' AND c_asigna='300101' [1][0] OK
C:[16/11/2012 18:59:02.94][200.90.127.79][1388] SELECT par_cod_asig1,par_cod_asig2,par_cod_asig3 FROM tblaca009 WHERE pensum='5' AND c_uni_ca='2' AND c_asigna='300226' [1][0] OK
C:[16/11/2012 18:59:02.94][200.90.127.79][1388] SELECT par_cod_asig1,par_cod_asig2,par_cod_asig3 FROM tblaca009 WHERE pensum='5' AND c_uni_ca='2' AND c_asigna='320311' [1][0] OK
C:[16/11/2012 18:59:02.94][200.90.127.79][1388] SELECT par_cod_asig1,par_cod_asig2,par_cod_asig3 FROM tblaca009 WHERE pensum='5' AND c_uni_ca='2' AND c_asigna='322449' [1][0] OK
C:[16/11/2012 18:59:02.46][200.90.127.79][1518] SELECT horas_lab FROM tblaca008 WHERE c_asigna='300101' AND horas_teoricas > 0 [1][0] OK
C:[16/11/2012 18:59:02.46][200.90.127.79][1518] SELECT horas_lab FROM tblaca008 WHERE c_asigna='300226' AND horas_teoricas > 0 [1][0] OK
C:[16/11/2012 18:59:02.46][200.90.127.79][1518] SELECT horas_lab FROM tblaca008 WHERE c_asigna='320311' AND horas_teoricas > 0 [1][0] OK
C:[16/11/2012 18:59:02.46][200.90.127.79][1518] SELECT horas_lab FROM tblaca008 WHERE c_asigna='322449' AND horas_teoricas > 0 [1][0] OK
C:[16/11/2012 18:59:03.94][200.90.127.79][1586] SELECT MAX(semestre) FROM dace006 a, tblaca009 b WHERE a.exp_e='11-22838648' AND a.lapso='2012-2' AND b.pensum='5' AND b.c_uni_ca='2' AND status IN ('7','A','2') AND a.c_asigna=b.c_asigna  [1][0] OK
C:[16/11/2012 18:59:03.07][200.90.127.79][1607] SELECT MIN(semestre) FROM dace006 a, tblaca009 b WHERE a.exp_e='11-22838648' AND a.lapso='2012-2' AND b.pensum='5' AND b.c_uni_ca='2' AND status IN ('7','A','2') AND a.c_asigna=b.c_asigna AND a.c_asigna IN ('300101','300226','320311','322449') [1][0] OK
C:[16/11/2012 21:30:34.79][190.73.234.232][1344] SELECT pre_cod_asig1,pre_cod_asig2,pre_cod_asig3,pre_cod_asig4,pre_cod_asig5,pre_cod_asig6,pre_cod_asig7 FROM tblaca009 WHERE pensum='5' AND c_uni_ca='3' AND c_asigna='300013' [1][0] OK
C:[16/11/2012 21:30:34.31][190.73.234.232][1388] SELECT par_cod_asig1,par_cod_asig2,par_cod_asig3 FROM tblaca009 WHERE pensum='5' AND c_uni_ca='3' AND c_asigna='300013' [1][0] OK
C:[16/11/2012 21:30:34.05][190.73.234.232][1518] SELECT horas_lab FROM tblaca008 WHERE c_asigna='300013' AND horas_teoricas > 0 [1][0] OK
C:[16/11/2012 21:30:34.16][190.73.234.232][1586] SELECT MAX(semestre) FROM dace006 a, tblaca009 b WHERE a.exp_e='09-20805188' AND a.lapso='2012-2' AND b.pensum='5' AND b.c_uni_ca='3' AND status IN ('7','A','2') AND a.c_asigna=b.c_asigna  [1][0] OK
C:[16/11/2012 21:30:34.29][190.73.234.232][1607] SELECT MIN(semestre) FROM dace006 a, tblaca009 b WHERE a.exp_e='09-20805188' AND a.lapso='2012-2' AND b.pensum='5' AND b.c_uni_ca='3' AND status IN ('7','A','2') AND a.c_asigna=b.c_asigna AND a.c_asigna IN ('300013') [1][0] OK
C:[16/11/2012 22:03:05.52][190.198.190.128][1344] SELECT pre_cod_asig1,pre_cod_asig2,pre_cod_asig3,pre_cod_asig4,pre_cod_asig5,pre_cod_asig6,pre_cod_asig7 FROM tblaca009 WHERE pensum='5' AND c_uni_ca='2' AND c_asigna='320311' [1][0] OK
C:[16/11/2012 22:03:05.52][190.198.190.128][1357] SELECT c_asigna FROM dace004 WHERE exp_e='11-22824538' AND c_asigna='300013' AND status IN ('0','3','B') [1][0] OK
C:[16/11/2012 22:03:05.52][190.198.190.128][1357] SELECT c_asigna FROM dace004 WHERE exp_e='11-22824538' AND c_asigna='300113' AND status IN ('0','3','B') [1][0] OK
C:[16/11/2012 22:03:05.52][190.198.190.128][1344] SELECT pre_cod_asig1,pre_cod_asig2,pre_cod_asig3,pre_cod_asig4,pre_cod_asig5,pre_cod_asig6,pre_cod_asig7 FROM tblaca009 WHERE pensum='5' AND c_uni_ca='2' AND c_asigna='300101' [1][0] OK
C:[16/11/2012 22:03:05.02][190.198.190.128][1388] SELECT par_cod_asig1,par_cod_asig2,par_cod_asig3 FROM tblaca009 WHERE pensum='5' AND c_uni_ca='2' AND c_asigna='320311' [1][0] OK
C:[16/11/2012 22:03:05.02][190.198.190.128][1388] SELECT par_cod_asig1,par_cod_asig2,par_cod_asig3 FROM tblaca009 WHERE pensum='5' AND c_uni_ca='2' AND c_asigna='300101' [1][0] OK
C:[16/11/2012 22:03:05.28][190.198.190.128][1518] SELECT horas_lab FROM tblaca008 WHERE c_asigna='320311' AND horas_teoricas > 0 [1][0] OK
C:[16/11/2012 22:03:05.39][190.198.190.128][1586] SELECT MAX(semestre) FROM dace006 a, tblaca009 b WHERE a.exp_e='11-22824538' AND a.lapso='2012-2' AND b.pensum='5' AND b.c_uni_ca='2' AND status IN ('7','A','2') AND a.c_asigna=b.c_asigna  [1][0] OK
C:[16/11/2012 22:03:05.52][190.198.190.128][1607] SELECT MIN(semestre) FROM dace006 a, tblaca009 b WHERE a.exp_e='11-22824538' AND a.lapso='2012-2' AND b.pensum='5' AND b.c_uni_ca='2' AND status IN ('7','A','2') AND a.c_asigna=b.c_asigna AND a.c_asigna IN ('320311') [1][0] OK
C:[17/11/2012 09:29:40.01][190.37.106.104][1344] SELECT pre_cod_asig1,pre_cod_asig2,pre_cod_asig3,pre_cod_asig4,pre_cod_asig5,pre_cod_asig6,pre_cod_asig7 FROM tblaca009 WHERE pensum='5' AND c_uni_ca='5' AND c_asigna='355723' [1][0] OK
C:[17/11/2012 09:29:40.01][190.37.106.104][1357] SELECT c_asigna FROM dace004 WHERE exp_e='86-09948687' AND c_asigna='355694' AND status IN ('0','3','B') [1][0] OK
C:[17/11/2012 09:29:40.25][190.37.106.104][1388] SELECT par_cod_asig1,par_cod_asig2,par_cod_asig3 FROM tblaca009 WHERE pensum='5' AND c_uni_ca='5' AND c_asigna='355723' [1][0] OK
C:[17/11/2012 09:29:40.39][190.37.106.104][1518] SELECT horas_lab FROM tblaca008 WHERE c_asigna='355723' AND horas_teoricas > 0 [1][0] OK
C:[17/11/2012 09:29:40.50][190.37.106.104][1586] SELECT MAX(semestre) FROM dace006 a, tblaca009 b WHERE a.exp_e='86-09948687' AND a.lapso='2012-2' AND b.pensum='5' AND b.c_uni_ca='5' AND status IN ('7','A','2') AND a.c_asigna=b.c_asigna  [1][0] OK
C:[17/11/2012 09:29:40.63][190.37.106.104][1607] SELECT MIN(semestre) FROM dace006 a, tblaca009 b WHERE a.exp_e='86-09948687' AND a.lapso='2012-2' AND b.pensum='5' AND b.c_uni_ca='5' AND status IN ('7','A','2') AND a.c_asigna=b.c_asigna AND a.c_asigna IN ('355723') [1][0] OK
C:[17/11/2012 11:53:09.67][200.8.94.192][1344] SELECT pre_cod_asig1,pre_cod_asig2,pre_cod_asig3,pre_cod_asig4,pre_cod_asig5,pre_cod_asig6,pre_cod_asig7 FROM tblaca009 WHERE pensum='5' AND c_uni_ca='5' AND c_asigna='355724' [1][0] OK
C:[17/11/2012 11:53:09.67][200.8.94.192][1357] SELECT c_asigna FROM dace004 WHERE exp_e='07-19748864' AND c_asigna='355692' AND status IN ('0','3','B') [1][0] OK
C:[17/11/2012 11:53:09.67][200.8.94.192][1344] SELECT pre_cod_asig1,pre_cod_asig2,pre_cod_asig3,pre_cod_asig4,pre_cod_asig5,pre_cod_asig6,pre_cod_asig7 FROM tblaca009 WHERE pensum='5' AND c_uni_ca='5' AND c_asigna='300226' [1][0] OK
C:[17/11/2012 11:53:09.67][200.8.94.192][1357] SELECT c_asigna FROM dace004 WHERE exp_e='07-19748864' AND c_asigna='300116' AND status IN ('0','3','B') [1][0] OK
C:[17/11/2012 11:53:09.67][200.8.94.192][1344] SELECT pre_cod_asig1,pre_cod_asig2,pre_cod_asig3,pre_cod_asig4,pre_cod_asig5,pre_cod_asig6,pre_cod_asig7 FROM tblaca009 WHERE pensum='5' AND c_uni_ca='5' AND c_asigna='300422' [1][0] OK
C:[17/11/2012 11:53:09.67][200.8.94.192][1357] SELECT c_asigna FROM dace004 WHERE exp_e='07-19748864' AND c_asigna='300105' AND status IN ('0','3','B') [1][0] OK
C:[17/11/2012 11:53:09.67][200.8.94.192][1357] SELECT c_asigna FROM dace004 WHERE exp_e='07-19748864' AND c_asigna='300314' AND status IN ('0','3','B') [1][0] OK
C:[17/11/2012 11:53:09.67][200.8.94.192][1344] SELECT pre_cod_asig1,pre_cod_asig2,pre_cod_asig3,pre_cod_asig4,pre_cod_asig5,pre_cod_asig6,pre_cod_asig7 FROM tblaca009 WHERE pensum='5' AND c_uni_ca='5' AND c_asigna='300676' [1][0] OK
C:[17/11/2012 11:53:09.67][200.8.94.192][1344] SELECT pre_cod_asig1,pre_cod_asig2,pre_cod_asig3,pre_cod_asig4,pre_cod_asig5,pre_cod_asig6,pre_cod_asig7 FROM tblaca009 WHERE pensum='5' AND c_uni_ca='5' AND c_asigna='355595' [1][0] OK
C:[17/11/2012 11:53:09.67][200.8.94.192][1357] SELECT c_asigna FROM dace004 WHERE exp_e='07-19748864' AND c_asigna='351451' AND status IN ('0','3','B') [1][0] OK
C:[17/11/2012 11:53:09.67][200.8.94.192][1357] SELECT c_asigna FROM dace004 WHERE exp_e='07-19748864' AND c_asigna='355350' AND status IN ('0','3','B') [1][0] OK
C:[17/11/2012 11:53:09.67][200.8.94.192][1357] SELECT c_asigna FROM dace004 WHERE exp_e='07-19748864' AND c_asigna='300318' AND status IN ('0','3','B') [1][0] OK
C:[17/11/2012 11:53:09.67][200.8.94.192][1344] SELECT pre_cod_asig1,pre_cod_asig2,pre_cod_asig3,pre_cod_asig4,pre_cod_asig5,pre_cod_asig6,pre_cod_asig7 FROM tblaca009 WHERE pensum='5' AND c_uni_ca='5' AND c_asigna='355720' [1][0] OK
C:[17/11/2012 11:53:09.67][200.8.94.192][1357] SELECT c_asigna FROM dace004 WHERE exp_e='07-19748864' AND c_asigna='355692' AND status IN ('0','3','B') [1][0] OK
C:[17/11/2012 11:53:09.67][200.8.94.192][1357] SELECT c_asigna FROM dace004 WHERE exp_e='07-19748864' AND c_asigna='355696' AND status IN ('0','3','B') [1][0] OK
C:[17/11/2012 11:53:09.67][200.8.94.192][1344] SELECT pre_cod_asig1,pre_cod_asig2,pre_cod_asig3,pre_cod_asig4,pre_cod_asig5,pre_cod_asig6,pre_cod_asig7 FROM tblaca009 WHERE pensum='5' AND c_uni_ca='5' AND c_asigna='355723' [1][0] OK
C:[17/11/2012 11:53:09.67][200.8.94.192][1357] SELECT c_asigna FROM dace004 WHERE exp_e='07-19748864' AND c_asigna='355694' AND status IN ('0','3','B') [1][0] OK
C:[17/11/2012 11:53:10.79][200.8.94.192][1388] SELECT par_cod_asig1,par_cod_asig2,par_cod_asig3 FROM tblaca009 WHERE pensum='5' AND c_uni_ca='5' AND c_asigna='355724' [1][0] OK
C:[17/11/2012 11:53:10.79][200.8.94.192][1388] SELECT par_cod_asig1,par_cod_asig2,par_cod_asig3 FROM tblaca009 WHERE pensum='5' AND c_uni_ca='5' AND c_asigna='300226' [1][0] OK
C:[17/11/2012 11:53:10.79][200.8.94.192][1388] SELECT par_cod_asig1,par_cod_asig2,par_cod_asig3 FROM tblaca009 WHERE pensum='5' AND c_uni_ca='5' AND c_asigna='300422' [1][0] OK
C:[17/11/2012 11:53:10.79][200.8.94.192][1388] SELECT par_cod_asig1,par_cod_asig2,par_cod_asig3 FROM tblaca009 WHERE pensum='5' AND c_uni_ca='5' AND c_asigna='300676' [1][0] OK
C:[17/11/2012 11:53:10.79][200.8.94.192][1388] SELECT par_cod_asig1,par_cod_asig2,par_cod_asig3 FROM tblaca009 WHERE pensum='5' AND c_uni_ca='5' AND c_asigna='355595' [1][0] OK
C:[17/11/2012 11:53:10.79][200.8.94.192][1388] SELECT par_cod_asig1,par_cod_asig2,par_cod_asig3 FROM tblaca009 WHERE pensum='5' AND c_uni_ca='5' AND c_asigna='355720' [1][0] OK
C:[17/11/2012 11:53:10.79][200.8.94.192][1388] SELECT par_cod_asig1,par_cod_asig2,par_cod_asig3 FROM tblaca009 WHERE pensum='5' AND c_uni_ca='5' AND c_asigna='355723' [1][0] OK
C:[17/11/2012 11:53:10.68][200.8.94.192][1518] SELECT horas_lab FROM tblaca008 WHERE c_asigna='355724' AND horas_teoricas > 0 [1][0] OK
C:[17/11/2012 11:53:10.80][200.8.94.192][1586] SELECT MAX(semestre) FROM dace006 a, tblaca009 b WHERE a.exp_e='07-19748864' AND a.lapso='2012-2' AND b.pensum='5' AND b.c_uni_ca='5' AND status IN ('7','A','2') AND a.c_asigna=b.c_asigna  [1][0] OK
C:[17/11/2012 11:53:10.92][200.8.94.192][1607] SELECT MIN(semestre) FROM dace006 a, tblaca009 b WHERE a.exp_e='07-19748864' AND a.lapso='2012-2' AND b.pensum='5' AND b.c_uni_ca='5' AND status IN ('7','A','2') AND a.c_asigna=b.c_asigna AND a.c_asigna IN ('355724') [1][0] OK
C:[19/11/2012 08:38:52.69][172.16.9.247][1344] SELECT pre_cod_asig1,pre_cod_asig2,pre_cod_asig3,pre_cod_asig4,pre_cod_asig5,pre_cod_asig6,pre_cod_asig7 FROM tblaca009 WHERE pensum='5' AND c_uni_ca='3' AND c_asigna='300428' [1][0] OK
C:[19/11/2012 08:38:52.69][172.16.9.247][1357] SELECT c_asigna FROM dace004 WHERE exp_e='06-19039157' AND c_asigna='300317' AND status IN ('0','3','B') [1][0] OK
C:[19/11/2012 08:38:52.69][172.16.9.247][1357] SELECT c_asigna FROM dace004 WHERE exp_e='06-19039157' AND c_asigna='300209' AND status IN ('0','3','B') [1][0] OK
C:[19/11/2012 08:38:52.69][172.16.9.247][1344] SELECT pre_cod_asig1,pre_cod_asig2,pre_cod_asig3,pre_cod_asig4,pre_cod_asig5,pre_cod_asig6,pre_cod_asig7 FROM tblaca009 WHERE pensum='5' AND c_uni_ca='3' AND c_asigna='300116' [1][0] OK
C:[19/11/2012 08:38:52.20][172.16.9.247][1388] SELECT par_cod_asig1,par_cod_asig2,par_cod_asig3 FROM tblaca009 WHERE pensum='5' AND c_uni_ca='3' AND c_asigna='300428' [1][0] OK
C:[19/11/2012 08:38:52.20][172.16.9.247][1388] SELECT par_cod_asig1,par_cod_asig2,par_cod_asig3 FROM tblaca009 WHERE pensum='5' AND c_uni_ca='3' AND c_asigna='300116' [1][0] OK
C:[19/11/2012 08:38:52.46][172.16.9.247][1518] SELECT horas_lab FROM tblaca008 WHERE c_asigna='300428' AND horas_teoricas > 0 [1][0] OK
C:[19/11/2012 08:38:52.57][172.16.9.247][1586] SELECT MAX(semestre) FROM dace006 a, tblaca009 b WHERE a.exp_e='06-19039157' AND a.lapso='2012-2' AND b.pensum='5' AND b.c_uni_ca='3' AND status IN ('7','A','2') AND a.c_asigna=b.c_asigna  [1][0] OK
C:[19/11/2012 08:38:52.69][172.16.9.247][1607] SELECT MIN(semestre) FROM dace006 a, tblaca009 b WHERE a.exp_e='06-19039157' AND a.lapso='2012-2' AND b.pensum='5' AND b.c_uni_ca='3' AND status IN ('7','A','2') AND a.c_asigna=b.c_asigna AND a.c_asigna IN ('300428') [1][0] OK
C:[19/11/2012 08:44:48.03][181.183.120.254][1344] SELECT pre_cod_asig1,pre_cod_asig2,pre_cod_asig3,pre_cod_asig4,pre_cod_asig5,pre_cod_asig6,pre_cod_asig7 FROM tblaca009 WHERE pensum='5' AND c_uni_ca='5' AND c_asigna='300207' [1][0] OK
C:[19/11/2012 08:44:48.03][181.183.120.254][1357] SELECT c_asigna FROM dace004 WHERE exp_e='08-18667158' AND c_asigna='300101' AND status IN ('0','3','B') [1][0] OK
C:[19/11/2012 08:44:48.03][181.183.120.254][1344] SELECT pre_cod_asig1,pre_cod_asig2,pre_cod_asig3,pre_cod_asig4,pre_cod_asig5,pre_cod_asig6,pre_cod_asig7 FROM tblaca009 WHERE pensum='5' AND c_uni_ca='5' AND c_asigna='300209' [1][0] OK
C:[19/11/2012 08:44:48.03][181.183.120.254][1357] SELECT c_asigna FROM dace004 WHERE exp_e='08-18667158' AND c_asigna='300101' AND status IN ('0','3','B') [1][0] OK
C:[19/11/2012 08:44:48.53][181.183.120.254][1388] SELECT par_cod_asig1,par_cod_asig2,par_cod_asig3 FROM tblaca009 WHERE pensum='5' AND c_uni_ca='5' AND c_asigna='300207' [1][0] OK
C:[19/11/2012 08:44:48.53][181.183.120.254][1388] SELECT par_cod_asig1,par_cod_asig2,par_cod_asig3 FROM tblaca009 WHERE pensum='5' AND c_uni_ca='5' AND c_asigna='300209' [1][0] OK
C:[19/11/2012 08:44:48.79][181.183.120.254][1518] SELECT horas_lab FROM tblaca008 WHERE c_asigna='300207' AND horas_teoricas > 0 [1][0] OK
C:[19/11/2012 08:44:48.90][181.183.120.254][1586] SELECT MAX(semestre) FROM dace006 a, tblaca009 b WHERE a.exp_e='08-18667158' AND a.lapso='2012-2' AND b.pensum='5' AND b.c_uni_ca='5' AND status IN ('7','A','2') AND a.c_asigna=b.c_asigna  [1][0] OK
C:[19/11/2012 08:44:48.04][181.183.120.254][1607] SELECT MIN(semestre) FROM dace006 a, tblaca009 b WHERE a.exp_e='08-18667158' AND a.lapso='2012-2' AND b.pensum='5' AND b.c_uni_ca='5' AND status IN ('7','A','2') AND a.c_asigna=b.c_asigna AND a.c_asigna IN ('300207') [1][0] OK
C:[19/11/2012 09:49:33.51][190.206.44.248][1344] SELECT pre_cod_asig1,pre_cod_asig2,pre_cod_asig3,pre_cod_asig4,pre_cod_asig5,pre_cod_asig6,pre_cod_asig7 FROM tblaca009 WHERE pensum='5' AND c_uni_ca='2' AND c_asigna='300209' [1][0] OK
C:[19/11/2012 09:49:33.51][190.206.44.248][1357] SELECT c_asigna FROM dace004 WHERE exp_e='08-19804810' AND c_asigna='300101' AND status IN ('0','3','B') [1][0] OK
C:[19/11/2012 09:49:33.51][190.206.44.248][1344] SELECT pre_cod_asig1,pre_cod_asig2,pre_cod_asig3,pre_cod_asig4,pre_cod_asig5,pre_cod_asig6,pre_cod_asig7 FROM tblaca009 WHERE pensum='5' AND c_uni_ca='2' AND c_asigna='300226' [1][0] OK
C:[19/11/2012 09:49:33.51][190.206.44.248][1357] SELECT c_asigna FROM dace004 WHERE exp_e='08-19804810' AND c_asigna='300116' AND status IN ('0','3','B') [1][0] OK
C:[19/11/2012 09:49:33.01][190.206.44.248][1388] SELECT par_cod_asig1,par_cod_asig2,par_cod_asig3 FROM tblaca009 WHERE pensum='5' AND c_uni_ca='2' AND c_asigna='300209' [1][0] OK
C:[19/11/2012 09:49:33.01][190.206.44.248][1388] SELECT par_cod_asig1,par_cod_asig2,par_cod_asig3 FROM tblaca009 WHERE pensum='5' AND c_uni_ca='2' AND c_asigna='300226' [1][0] OK
C:[19/11/2012 09:49:33.27][190.206.44.248][1518] SELECT horas_lab FROM tblaca008 WHERE c_asigna='300209' AND horas_teoricas > 0 [1][0] OK
C:[19/11/2012 09:49:33.38][190.206.44.248][1586] SELECT MAX(semestre) FROM dace006 a, tblaca009 b WHERE a.exp_e='08-19804810' AND a.lapso='2012-2' AND b.pensum='5' AND b.c_uni_ca='2' AND status IN ('7','A','2') AND a.c_asigna=b.c_asigna  [1][0] OK
C:[19/11/2012 09:49:33.51][190.206.44.248][1607] SELECT MIN(semestre) FROM dace006 a, tblaca009 b WHERE a.exp_e='08-19804810' AND a.lapso='2012-2' AND b.pensum='5' AND b.c_uni_ca='2' AND status IN ('7','A','2') AND a.c_asigna=b.c_asigna AND a.c_asigna IN ('300209') [1][0] OK
C:[23/04/2013 16:19:49.28][186.89.184.241][1383] SELECT pre_cod_asig1,pre_cod_asig2,pre_cod_asig3,pre_cod_asig4,pre_cod_asig5,pre_cod_asig6,pre_cod_asig7 FROM tblaca009 WHERE pensum='5' AND c_uni_ca='6' AND c_asigna='344445' [1][0] OK
C:[23/04/2013 16:19:49.28][186.89.184.241][1383] SELECT pre_cod_asig1,pre_cod_asig2,pre_cod_asig3,pre_cod_asig4,pre_cod_asig5,pre_cod_asig6,pre_cod_asig7 FROM tblaca009 WHERE pensum='5' AND c_uni_ca='6' AND c_asigna='343568' [1][0] OK
C:[23/04/2013 16:19:49.28][186.89.184.241][1396] SELECT c_asigna FROM dace004 WHERE exp_e='12-15909987' AND c_asigna='340327' AND status IN ('0','3','B') [1][0] OK
C:[23/04/2013 16:19:49.28][186.89.184.241][1383] SELECT pre_cod_asig1,pre_cod_asig2,pre_cod_asig3,pre_cod_asig4,pre_cod_asig5,pre_cod_asig6,pre_cod_asig7 FROM tblaca009 WHERE pensum='5' AND c_uni_ca='6' AND c_asigna='340323' [1][0] OK
C:[23/04/2013 16:19:49.28][186.89.184.241][1396] SELECT c_asigna FROM dace004 WHERE exp_e='12-15909987' AND c_asigna='300228' AND status IN ('0','3','B') [1][0] OK
C:[23/04/2013 16:19:49.28][186.89.184.241][1396] SELECT c_asigna FROM dace004 WHERE exp_e='12-15909987' AND c_asigna='300207' AND status IN ('0','3','B') [1][0] OK
C:[23/04/2013 16:19:49.28][186.89.184.241][1383] SELECT pre_cod_asig1,pre_cod_asig2,pre_cod_asig3,pre_cod_asig4,pre_cod_asig5,pre_cod_asig6,pre_cod_asig7 FROM tblaca009 WHERE pensum='5' AND c_uni_ca='6' AND c_asigna='342436' [1][0] OK
C:[23/04/2013 16:19:49.28][186.89.184.241][1396] SELECT c_asigna FROM dace004 WHERE exp_e='12-15909987' AND c_asigna='300318' AND status IN ('0','3','B') [1][0] OK
C:[23/04/2013 16:19:49.28][186.89.184.241][1396] SELECT c_asigna FROM dace004 WHERE exp_e='12-15909987' AND c_asigna='300317' AND status IN ('0','3','B') [1][0] OK
C:[23/04/2013 16:19:49.40][186.89.184.241][1427] SELECT par_cod_asig1,par_cod_asig2,par_cod_asig3 FROM tblaca009 WHERE pensum='5' AND c_uni_ca='6' AND c_asigna='344445' [1][0] OK
C:[23/04/2013 16:19:49.40][186.89.184.241][1427] SELECT par_cod_asig1,par_cod_asig2,par_cod_asig3 FROM tblaca009 WHERE pensum='5' AND c_uni_ca='6' AND c_asigna='343568' [1][0] OK
C:[23/04/2013 16:19:49.40][186.89.184.241][1427] SELECT par_cod_asig1,par_cod_asig2,par_cod_asig3 FROM tblaca009 WHERE pensum='5' AND c_uni_ca='6' AND c_asigna='340323' [1][0] OK
C:[23/04/2013 16:19:49.40][186.89.184.241][1427] SELECT par_cod_asig1,par_cod_asig2,par_cod_asig3 FROM tblaca009 WHERE pensum='5' AND c_uni_ca='6' AND c_asigna='342436' [1][0] OK
C:[23/04/2013 16:19:49.91][186.89.184.241][1557] SELECT horas_lab FROM tblaca008 WHERE c_asigna='344445' AND horas_teoricas > 0 [1][0] OK
C:[23/04/2013 16:19:49.91][186.89.184.241][1557] SELECT horas_lab FROM tblaca008 WHERE c_asigna='343568' AND horas_teoricas > 0 [1][0] OK
C:[23/04/2013 16:19:49.15][186.89.184.241][1591] SELECT sum(u_creditos*1) FROM dace006 a, tblaca009 b WHERE a.exp_e='12-15909987' AND a.lapso='2013-1' AND b.pensum='5' AND b.c_uni_ca='6' AND status IN ('7','A','2') AND a.c_asigna=b.c_asigna  [1][0] OK
C:[23/04/2013 16:19:49.27][186.89.184.241][1610] SELECT sum(u_creditos*1) FROM dace006 a, tblaca009 b WHERE a.exp_e='12-15909987' AND a.lapso='2013-1' AND b.pensum='5' AND b.c_uni_ca='6' AND status IN ('7','A','2') AND a.c_asigna=b.c_asigna AND a.c_asigna IN ('340323','342436') [1][0] OK
C:[23/04/2013 16:19:49.40][186.89.184.241][1626] SELECT MAX(semestre) FROM dace006 a, tblaca009 b WHERE a.exp_e='12-15909987' AND a.lapso='2013-1' AND b.pensum='5' AND b.c_uni_ca='6' AND status IN ('7','A','2') AND a.c_asigna=b.c_asigna  [1][0] OK
C:[23/04/2013 16:19:49.53][186.89.184.241][1646] SELECT MIN(semestre) FROM dace006 a, tblaca009 b WHERE a.exp_e='12-15909987' AND a.lapso='2013-1' AND b.pensum='5' AND b.c_uni_ca='6' AND status IN ('7','A','2') AND a.c_asigna=b.c_asigna AND a.c_asigna IN ('344445','343568') [1][0] OK
C:[23/04/2013 16:49:06.16][186.89.184.241][1383] SELECT pre_cod_asig1,pre_cod_asig2,pre_cod_asig3,pre_cod_asig4,pre_cod_asig5,pre_cod_asig6,pre_cod_asig7 FROM tblaca009 WHERE pensum='5' AND c_uni_ca='6' AND c_asigna='344445' [1][0] OK
C:[23/04/2013 16:49:06.16][186.89.184.241][1383] SELECT pre_cod_asig1,pre_cod_asig2,pre_cod_asig3,pre_cod_asig4,pre_cod_asig5,pre_cod_asig6,pre_cod_asig7 FROM tblaca009 WHERE pensum='5' AND c_uni_ca='6' AND c_asigna='343568' [1][0] OK
C:[23/04/2013 16:49:06.16][186.89.184.241][1396] SELECT c_asigna FROM dace004 WHERE exp_e='12-15909987' AND c_asigna='340327' AND status IN ('0','3','B') [1][0] OK
C:[23/04/2013 16:49:06.16][186.89.184.241][1383] SELECT pre_cod_asig1,pre_cod_asig2,pre_cod_asig3,pre_cod_asig4,pre_cod_asig5,pre_cod_asig6,pre_cod_asig7 FROM tblaca009 WHERE pensum='5' AND c_uni_ca='6' AND c_asigna='311561' [1][0] OK
C:[23/04/2013 16:49:06.16][186.89.184.241][1396] SELECT c_asigna FROM dace004 WHERE exp_e='12-15909987' AND c_asigna='300318' AND status IN ('0','3','B') [1][0] OK
C:[23/04/2013 16:49:06.16][186.89.184.241][1383] SELECT pre_cod_asig1,pre_cod_asig2,pre_cod_asig3,pre_cod_asig4,pre_cod_asig5,pre_cod_asig6,pre_cod_asig7 FROM tblaca009 WHERE pensum='5' AND c_uni_ca='6' AND c_asigna='340323' [1][0] OK
C:[23/04/2013 16:49:06.16][186.89.184.241][1396] SELECT c_asigna FROM dace004 WHERE exp_e='12-15909987' AND c_asigna='300228' AND status IN ('0','3','B') [1][0] OK
C:[23/04/2013 16:49:06.16][186.89.184.241][1396] SELECT c_asigna FROM dace004 WHERE exp_e='12-15909987' AND c_asigna='300207' AND status IN ('0','3','B') [1][0] OK
C:[23/04/2013 16:49:06.16][186.89.184.241][1383] SELECT pre_cod_asig1,pre_cod_asig2,pre_cod_asig3,pre_cod_asig4,pre_cod_asig5,pre_cod_asig6,pre_cod_asig7 FROM tblaca009 WHERE pensum='5' AND c_uni_ca='6' AND c_asigna='342436' [1][0] OK
C:[23/04/2013 16:49:06.16][186.89.184.241][1396] SELECT c_asigna FROM dace004 WHERE exp_e='12-15909987' AND c_asigna='300318' AND status IN ('0','3','B') [1][0] OK
C:[23/04/2013 16:49:06.16][186.89.184.241][1396] SELECT c_asigna FROM dace004 WHERE exp_e='12-15909987' AND c_asigna='300317' AND status IN ('0','3','B') [1][0] OK
C:[23/04/2013 16:49:06.53][186.89.184.241][1427] SELECT par_cod_asig1,par_cod_asig2,par_cod_asig3 FROM tblaca009 WHERE pensum='5' AND c_uni_ca='6' AND c_asigna='344445' [1][0] OK
C:[23/04/2013 16:49:06.53][186.89.184.241][1427] SELECT par_cod_asig1,par_cod_asig2,par_cod_asig3 FROM tblaca009 WHERE pensum='5' AND c_uni_ca='6' AND c_asigna='343568' [1][0] OK
C:[23/04/2013 16:49:06.53][186.89.184.241][1427] SELECT par_cod_asig1,par_cod_asig2,par_cod_asig3 FROM tblaca009 WHERE pensum='5' AND c_uni_ca='6' AND c_asigna='311561' [1][0] OK
C:[23/04/2013 16:49:06.53][186.89.184.241][1427] SELECT par_cod_asig1,par_cod_asig2,par_cod_asig3 FROM tblaca009 WHERE pensum='5' AND c_uni_ca='6' AND c_asigna='340323' [1][0] OK
C:[23/04/2013 16:49:06.53][186.89.184.241][1427] SELECT par_cod_asig1,par_cod_asig2,par_cod_asig3 FROM tblaca009 WHERE pensum='5' AND c_uni_ca='6' AND c_asigna='342436' [1][0] OK
C:[23/04/2013 16:49:06.16][186.89.184.241][1557] SELECT horas_lab FROM tblaca008 WHERE c_asigna='344445' AND horas_teoricas > 0 [1][0] OK
C:[23/04/2013 16:49:06.16][186.89.184.241][1557] SELECT horas_lab FROM tblaca008 WHERE c_asigna='343568' AND horas_teoricas > 0 [1][0] OK
C:[23/04/2013 16:49:06.40][186.89.184.241][1591] SELECT sum(u_creditos*1) FROM dace006 a, tblaca009 b WHERE a.exp_e='12-15909987' AND a.lapso='2013-1' AND b.pensum='5' AND b.c_uni_ca='6' AND status IN ('7','A','2') AND a.c_asigna=b.c_asigna  [1][0] OK
C:[23/04/2013 16:49:06.53][186.89.184.241][1610] SELECT sum(u_creditos*1) FROM dace006 a, tblaca009 b WHERE a.exp_e='12-15909987' AND a.lapso='2013-1' AND b.pensum='5' AND b.c_uni_ca='6' AND status IN ('7','A','2') AND a.c_asigna=b.c_asigna AND a.c_asigna IN ('311561','340323','342436') [1][0] OK
C:[23/04/2013 16:49:06.66][186.89.184.241][1626] SELECT MAX(semestre) FROM dace006 a, tblaca009 b WHERE a.exp_e='12-15909987' AND a.lapso='2013-1' AND b.pensum='5' AND b.c_uni_ca='6' AND status IN ('7','A','2') AND a.c_asigna=b.c_asigna  [1][0] OK
C:[23/04/2013 16:49:06.78][186.89.184.241][1646] SELECT MIN(semestre) FROM dace006 a, tblaca009 b WHERE a.exp_e='12-15909987' AND a.lapso='2013-1' AND b.pensum='5' AND b.c_uni_ca='6' AND status IN ('7','A','2') AND a.c_asigna=b.c_asigna AND a.c_asigna IN ('344445','343568') [1][0] OK
C:[23/04/2013 16:49:30.98][200.84.68.246][1383] SELECT pre_cod_asig1,pre_cod_asig2,pre_cod_asig3,pre_cod_asig4,pre_cod_asig5,pre_cod_asig6,pre_cod_asig7 FROM tblaca009 WHERE pensum='5' AND c_uni_ca='4' AND c_asigna='333707' [1][0] OK
C:[23/04/2013 16:49:30.98][200.84.68.246][1396] SELECT c_asigna FROM dace004 WHERE exp_e='06-17040368' AND c_asigna='333584' AND status IN ('0','3','B') [1][0] OK
C:[23/04/2013 16:49:30.98][200.84.68.246][1383] SELECT pre_cod_asig1,pre_cod_asig2,pre_cod_asig3,pre_cod_asig4,pre_cod_asig5,pre_cod_asig6,pre_cod_asig7 FROM tblaca009 WHERE pensum='5' AND c_uni_ca='4' AND c_asigna='333782' [1][0] OK
C:[23/04/2013 16:49:30.98][200.84.68.246][1396] SELECT c_asigna FROM dace004 WHERE exp_e='06-17040368' AND c_asigna='333606' AND status IN ('0','3','B') [1][0] OK
C:[23/04/2013 16:49:30.98][200.84.68.246][1383] SELECT pre_cod_asig1,pre_cod_asig2,pre_cod_asig3,pre_cod_asig4,pre_cod_asig5,pre_cod_asig6,pre_cod_asig7 FROM tblaca009 WHERE pensum='5' AND c_uni_ca='4' AND c_asigna='333809' [1][0] OK
C:[23/04/2013 16:49:30.98][200.84.68.246][1396] SELECT c_asigna FROM dace004 WHERE exp_e='06-17040368' AND c_asigna='333683' AND status IN ('0','3','B') [1][0] OK
C:[23/04/2013 16:49:30.98][200.84.68.246][1396] SELECT c_asigna FROM dace004 WHERE exp_e='06-17040368' AND c_asigna='333710' AND status IN ('0','3','B') [1][0] OK
C:[23/04/2013 16:49:30.98][200.84.68.246][1383] SELECT pre_cod_asig1,pre_cod_asig2,pre_cod_asig3,pre_cod_asig4,pre_cod_asig5,pre_cod_asig6,pre_cod_asig7 FROM tblaca009 WHERE pensum='5' AND c_uni_ca='4' AND c_asigna='333831' [1][0] OK
C:[23/04/2013 16:49:30.98][200.84.68.246][1396] SELECT c_asigna FROM dace004 WHERE exp_e='06-17040368' AND c_asigna='333611' AND status IN ('0','3','B') [1][0] OK
C:[23/04/2013 16:49:31.11][200.84.68.246][1427] SELECT par_cod_asig1,par_cod_asig2,par_cod_asig3 FROM tblaca009 WHERE pensum='5' AND c_uni_ca='4' AND c_asigna='333707' [1][0] OK
C:[23/04/2013 16:49:31.11][200.84.68.246][1441] SELECT c_asigna FROM dace004 WHERE exp_e='06-17040368' AND c_asigna='333782' AND status IN ('0','3','B','C') [0][0] OK
C:[23/04/2013 16:49:31.11][200.84.68.246][1427] SELECT par_cod_asig1,par_cod_asig2,par_cod_asig3 FROM tblaca009 WHERE pensum='5' AND c_uni_ca='4' AND c_asigna='333782' [1][0] OK
C:[23/04/2013 16:49:31.11][200.84.68.246][1427] SELECT par_cod_asig1,par_cod_asig2,par_cod_asig3 FROM tblaca009 WHERE pensum='5' AND c_uni_ca='4' AND c_asigna='333809' [1][0] OK
C:[23/04/2013 16:49:31.11][200.84.68.246][1427] SELECT par_cod_asig1,par_cod_asig2,par_cod_asig3 FROM tblaca009 WHERE pensum='5' AND c_uni_ca='4' AND c_asigna='333831' [1][0] OK
C:[23/04/2013 16:49:31.74][200.84.68.246][1557] SELECT horas_lab FROM tblaca008 WHERE c_asigna='333707' AND horas_teoricas > 0 [1][0] OK
C:[23/04/2013 16:49:31.79][200.84.68.246][1591] SELECT sum(u_creditos*1) FROM dace006 a, tblaca009 b WHERE a.exp_e='06-17040368' AND a.lapso='2013-1' AND b.pensum='5' AND b.c_uni_ca='4' AND status IN ('7','A','2') AND a.c_asigna=b.c_asigna  [1][0] OK
C:[23/04/2013 16:49:31.92][200.84.68.246][1610] SELECT sum(u_creditos*1) FROM dace006 a, tblaca009 b WHERE a.exp_e='06-17040368' AND a.lapso='2013-1' AND b.pensum='5' AND b.c_uni_ca='4' AND status IN ('7','A','2') AND a.c_asigna=b.c_asigna AND a.c_asigna IN ('333782','333809','333831') [1][0] OK
C:[23/04/2013 16:49:31.04][200.84.68.246][1626] SELECT MAX(semestre) FROM dace006 a, tblaca009 b WHERE a.exp_e='06-17040368' AND a.lapso='2013-1' AND b.pensum='5' AND b.c_uni_ca='4' AND status IN ('7','A','2') AND a.c_asigna=b.c_asigna  [1][0] OK
C:[23/04/2013 16:49:31.17][200.84.68.246][1646] SELECT MIN(semestre) FROM dace006 a, tblaca009 b WHERE a.exp_e='06-17040368' AND a.lapso='2013-1' AND b.pensum='5' AND b.c_uni_ca='4' AND status IN ('7','A','2') AND a.c_asigna=b.c_asigna AND a.c_asigna IN ('333707') [1][0] OK
C:[23/04/2013 16:49:46.02][186.89.184.241][1383] SELECT pre_cod_asig1,pre_cod_asig2,pre_cod_asig3,pre_cod_asig4,pre_cod_asig5,pre_cod_asig6,pre_cod_asig7 FROM tblaca009 WHERE pensum='5' AND c_uni_ca='6' AND c_asigna='344445' [1][0] OK
C:[23/04/2013 16:49:46.02][186.89.184.241][1383] SELECT pre_cod_asig1,pre_cod_asig2,pre_cod_asig3,pre_cod_asig4,pre_cod_asig5,pre_cod_asig6,pre_cod_asig7 FROM tblaca009 WHERE pensum='5' AND c_uni_ca='6' AND c_asigna='311561' [1][0] OK
C:[23/04/2013 16:49:46.02][186.89.184.241][1396] SELECT c_asigna FROM dace004 WHERE exp_e='12-15909987' AND c_asigna='300318' AND status IN ('0','3','B') [1][0] OK
C:[23/04/2013 16:49:46.02][186.89.184.241][1383] SELECT pre_cod_asig1,pre_cod_asig2,pre_cod_asig3,pre_cod_asig4,pre_cod_asig5,pre_cod_asig6,pre_cod_asig7 FROM tblaca009 WHERE pensum='5' AND c_uni_ca='6' AND c_asigna='340323' [1][0] OK
C:[23/04/2013 16:49:46.02][186.89.184.241][1396] SELECT c_asigna FROM dace004 WHERE exp_e='12-15909987' AND c_asigna='300228' AND status IN ('0','3','B') [1][0] OK
C:[23/04/2013 16:49:46.02][186.89.184.241][1396] SELECT c_asigna FROM dace004 WHERE exp_e='12-15909987' AND c_asigna='300207' AND status IN ('0','3','B') [1][0] OK
C:[23/04/2013 16:49:46.02][186.89.184.241][1383] SELECT pre_cod_asig1,pre_cod_asig2,pre_cod_asig3,pre_cod_asig4,pre_cod_asig5,pre_cod_asig6,pre_cod_asig7 FROM tblaca009 WHERE pensum='5' AND c_uni_ca='6' AND c_asigna='342436' [1][0] OK
C:[23/04/2013 16:49:46.02][186.89.184.241][1396] SELECT c_asigna FROM dace004 WHERE exp_e='12-15909987' AND c_asigna='300318' AND status IN ('0','3','B') [1][0] OK
C:[23/04/2013 16:49:46.02][186.89.184.241][1396] SELECT c_asigna FROM dace004 WHERE exp_e='12-15909987' AND c_asigna='300317' AND status IN ('0','3','B') [1][0] OK
C:[23/04/2013 16:49:46.02][186.89.184.241][1383] SELECT pre_cod_asig1,pre_cod_asig2,pre_cod_asig3,pre_cod_asig4,pre_cod_asig5,pre_cod_asig6,pre_cod_asig7 FROM tblaca009 WHERE pensum='5' AND c_uni_ca='6' AND c_asigna='343568' [1][0] OK
C:[23/04/2013 16:49:46.02][186.89.184.241][1396] SELECT c_asigna FROM dace004 WHERE exp_e='12-15909987' AND c_asigna='340327' AND status IN ('0','3','B') [1][0] OK
C:[23/04/2013 16:49:47.39][186.89.184.241][1427] SELECT par_cod_asig1,par_cod_asig2,par_cod_asig3 FROM tblaca009 WHERE pensum='5' AND c_uni_ca='6' AND c_asigna='344445' [1][0] OK
C:[23/04/2013 16:49:47.39][186.89.184.241][1427] SELECT par_cod_asig1,par_cod_asig2,par_cod_asig3 FROM tblaca009 WHERE pensum='5' AND c_uni_ca='6' AND c_asigna='311561' [1][0] OK
C:[23/04/2013 16:49:47.39][186.89.184.241][1427] SELECT par_cod_asig1,par_cod_asig2,par_cod_asig3 FROM tblaca009 WHERE pensum='5' AND c_uni_ca='6' AND c_asigna='340323' [1][0] OK
C:[23/04/2013 16:49:47.39][186.89.184.241][1427] SELECT par_cod_asig1,par_cod_asig2,par_cod_asig3 FROM tblaca009 WHERE pensum='5' AND c_uni_ca='6' AND c_asigna='342436' [1][0] OK
C:[23/04/2013 16:49:47.39][186.89.184.241][1427] SELECT par_cod_asig1,par_cod_asig2,par_cod_asig3 FROM tblaca009 WHERE pensum='5' AND c_uni_ca='6' AND c_asigna='343568' [1][0] OK
C:[23/04/2013 16:49:47.03][186.89.184.241][1557] SELECT horas_lab FROM tblaca008 WHERE c_asigna='344445' AND horas_teoricas > 0 [1][0] OK
C:[23/04/2013 16:49:47.14][186.89.184.241][1591] SELECT sum(u_creditos*1) FROM dace006 a, tblaca009 b WHERE a.exp_e='12-15909987' AND a.lapso='2013-1' AND b.pensum='5' AND b.c_uni_ca='6' AND status IN ('7','A','2') AND a.c_asigna=b.c_asigna  [1][0] OK
C:[23/04/2013 16:49:47.27][186.89.184.241][1610] SELECT sum(u_creditos*1) FROM dace006 a, tblaca009 b WHERE a.exp_e='12-15909987' AND a.lapso='2013-1' AND b.pensum='5' AND b.c_uni_ca='6' AND status IN ('7','A','2') AND a.c_asigna=b.c_asigna AND a.c_asigna IN ('311561','340323','342436','343568') [1][0] OK
C:[23/04/2013 16:49:47.39][186.89.184.241][1626] SELECT MAX(semestre) FROM dace006 a, tblaca009 b WHERE a.exp_e='12-15909987' AND a.lapso='2013-1' AND b.pensum='5' AND b.c_uni_ca='6' AND status IN ('7','A','2') AND a.c_asigna=b.c_asigna  [1][0] OK
C:[23/04/2013 16:49:47.08][186.89.184.241][1646] SELECT MIN(semestre) FROM dace006 a, tblaca009 b WHERE a.exp_e='12-15909987' AND a.lapso='2013-1' AND b.pensum='5' AND b.c_uni_ca='6' AND status IN ('7','A','2') AND a.c_asigna=b.c_asigna AND a.c_asigna IN ('344445') [1][0] OK
C:[23/04/2013 16:51:16.65][186.89.184.241][1383] SELECT pre_cod_asig1,pre_cod_asig2,pre_cod_asig3,pre_cod_asig4,pre_cod_asig5,pre_cod_asig6,pre_cod_asig7 FROM tblaca009 WHERE pensum='5' AND c_uni_ca='6' AND c_asigna='344445' [1][0] OK
C:[23/04/2013 16:51:16.65][186.89.184.241][1383] SELECT pre_cod_asig1,pre_cod_asig2,pre_cod_asig3,pre_cod_asig4,pre_cod_asig5,pre_cod_asig6,pre_cod_asig7 FROM tblaca009 WHERE pensum='5' AND c_uni_ca='6' AND c_asigna='311561' [1][0] OK
C:[23/04/2013 16:51:16.65][186.89.184.241][1396] SELECT c_asigna FROM dace004 WHERE exp_e='12-15909987' AND c_asigna='300318' AND status IN ('0','3','B') [1][0] OK
C:[23/04/2013 16:51:16.65][186.89.184.241][1383] SELECT pre_cod_asig1,pre_cod_asig2,pre_cod_asig3,pre_cod_asig4,pre_cod_asig5,pre_cod_asig6,pre_cod_asig7 FROM tblaca009 WHERE pensum='5' AND c_uni_ca='6' AND c_asigna='340323' [1][0] OK
C:[23/04/2013 16:51:16.65][186.89.184.241][1396] SELECT c_asigna FROM dace004 WHERE exp_e='12-15909987' AND c_asigna='300228' AND status IN ('0','3','B') [1][0] OK
C:[23/04/2013 16:51:16.65][186.89.184.241][1396] SELECT c_asigna FROM dace004 WHERE exp_e='12-15909987' AND c_asigna='300207' AND status IN ('0','3','B') [1][0] OK
C:[23/04/2013 16:51:16.65][186.89.184.241][1383] SELECT pre_cod_asig1,pre_cod_asig2,pre_cod_asig3,pre_cod_asig4,pre_cod_asig5,pre_cod_asig6,pre_cod_asig7 FROM tblaca009 WHERE pensum='5' AND c_uni_ca='6' AND c_asigna='342436' [1][0] OK
C:[23/04/2013 16:51:16.65][186.89.184.241][1396] SELECT c_asigna FROM dace004 WHERE exp_e='12-15909987' AND c_asigna='300318' AND status IN ('0','3','B') [1][0] OK
C:[23/04/2013 16:51:16.65][186.89.184.241][1396] SELECT c_asigna FROM dace004 WHERE exp_e='12-15909987' AND c_asigna='300317' AND status IN ('0','3','B') [1][0] OK
C:[23/04/2013 16:51:16.65][186.89.184.241][1383] SELECT pre_cod_asig1,pre_cod_asig2,pre_cod_asig3,pre_cod_asig4,pre_cod_asig5,pre_cod_asig6,pre_cod_asig7 FROM tblaca009 WHERE pensum='5' AND c_uni_ca='6' AND c_asigna='343568' [1][0] OK
C:[23/04/2013 16:51:16.65][186.89.184.241][1396] SELECT c_asigna FROM dace004 WHERE exp_e='12-15909987' AND c_asigna='340327' AND status IN ('0','3','B') [1][0] OK
C:[23/04/2013 16:51:17.02][186.89.184.241][1427] SELECT par_cod_asig1,par_cod_asig2,par_cod_asig3 FROM tblaca009 WHERE pensum='5' AND c_uni_ca='6' AND c_asigna='344445' [1][0] OK
C:[23/04/2013 16:51:17.02][186.89.184.241][1427] SELECT par_cod_asig1,par_cod_asig2,par_cod_asig3 FROM tblaca009 WHERE pensum='5' AND c_uni_ca='6' AND c_asigna='311561' [1][0] OK
C:[23/04/2013 16:51:17.02][186.89.184.241][1427] SELECT par_cod_asig1,par_cod_asig2,par_cod_asig3 FROM tblaca009 WHERE pensum='5' AND c_uni_ca='6' AND c_asigna='340323' [1][0] OK
C:[23/04/2013 16:51:17.02][186.89.184.241][1427] SELECT par_cod_asig1,par_cod_asig2,par_cod_asig3 FROM tblaca009 WHERE pensum='5' AND c_uni_ca='6' AND c_asigna='342436' [1][0] OK
C:[23/04/2013 16:51:17.02][186.89.184.241][1427] SELECT par_cod_asig1,par_cod_asig2,par_cod_asig3 FROM tblaca009 WHERE pensum='5' AND c_uni_ca='6' AND c_asigna='343568' [1][0] OK
C:[23/04/2013 16:51:17.66][186.89.184.241][1557] SELECT horas_lab FROM tblaca008 WHERE c_asigna='344445' AND horas_teoricas > 0 [1][0] OK
C:[23/04/2013 16:51:17.77][186.89.184.241][1591] SELECT sum(u_creditos*1) FROM dace006 a, tblaca009 b WHERE a.exp_e='12-15909987' AND a.lapso='2013-1' AND b.pensum='5' AND b.c_uni_ca='6' AND status IN ('7','A','2') AND a.c_asigna=b.c_asigna  [1][0] OK
C:[23/04/2013 16:51:17.90][186.89.184.241][1610] SELECT sum(u_creditos*1) FROM dace006 a, tblaca009 b WHERE a.exp_e='12-15909987' AND a.lapso='2013-1' AND b.pensum='5' AND b.c_uni_ca='6' AND status IN ('7','A','2') AND a.c_asigna=b.c_asigna AND a.c_asigna IN ('311561','340323','342436','343568') [1][0] OK
C:[23/04/2013 16:51:17.02][186.89.184.241][1626] SELECT MAX(semestre) FROM dace006 a, tblaca009 b WHERE a.exp_e='12-15909987' AND a.lapso='2013-1' AND b.pensum='5' AND b.c_uni_ca='6' AND status IN ('7','A','2') AND a.c_asigna=b.c_asigna  [1][0] OK
C:[23/04/2013 16:51:17.14][186.89.184.241][1646] SELECT MIN(semestre) FROM dace006 a, tblaca009 b WHERE a.exp_e='12-15909987' AND a.lapso='2013-1' AND b.pensum='5' AND b.c_uni_ca='6' AND status IN ('7','A','2') AND a.c_asigna=b.c_asigna AND a.c_asigna IN ('344445') [1][0] OK
C:[23/04/2013 16:54:40.05][186.89.184.241][1383] SELECT pre_cod_asig1,pre_cod_asig2,pre_cod_asig3,pre_cod_asig4,pre_cod_asig5,pre_cod_asig6,pre_cod_asig7 FROM tblaca009 WHERE pensum='5' AND c_uni_ca='6' AND c_asigna='343568' [1][0] OK
C:[23/04/2013 16:54:40.05][186.89.184.241][1396] SELECT c_asigna FROM dace004 WHERE exp_e='12-15909987' AND c_asigna='340327' AND status IN ('0','3','B') [1][0] OK
C:[23/04/2013 16:54:40.05][186.89.184.241][1383] SELECT pre_cod_asig1,pre_cod_asig2,pre_cod_asig3,pre_cod_asig4,pre_cod_asig5,pre_cod_asig6,pre_cod_asig7 FROM tblaca009 WHERE pensum='5' AND c_uni_ca='6' AND c_asigna='311561' [1][0] OK
C:[23/04/2013 16:54:40.05][186.89.184.241][1396] SELECT c_asigna FROM dace004 WHERE exp_e='12-15909987' AND c_asigna='300318' AND status IN ('0','3','B') [1][0] OK
C:[23/04/2013 16:54:40.05][186.89.184.241][1383] SELECT pre_cod_asig1,pre_cod_asig2,pre_cod_asig3,pre_cod_asig4,pre_cod_asig5,pre_cod_asig6,pre_cod_asig7 FROM tblaca009 WHERE pensum='5' AND c_uni_ca='6' AND c_asigna='340323' [1][0] OK
C:[23/04/2013 16:54:40.05][186.89.184.241][1396] SELECT c_asigna FROM dace004 WHERE exp_e='12-15909987' AND c_asigna='300228' AND status IN ('0','3','B') [1][0] OK
C:[23/04/2013 16:54:40.05][186.89.184.241][1396] SELECT c_asigna FROM dace004 WHERE exp_e='12-15909987' AND c_asigna='300207' AND status IN ('0','3','B') [1][0] OK
C:[23/04/2013 16:54:40.05][186.89.184.241][1383] SELECT pre_cod_asig1,pre_cod_asig2,pre_cod_asig3,pre_cod_asig4,pre_cod_asig5,pre_cod_asig6,pre_cod_asig7 FROM tblaca009 WHERE pensum='5' AND c_uni_ca='6' AND c_asigna='342436' [1][0] OK
C:[23/04/2013 16:54:40.05][186.89.184.241][1396] SELECT c_asigna FROM dace004 WHERE exp_e='12-15909987' AND c_asigna='300318' AND status IN ('0','3','B') [1][0] OK
C:[23/04/2013 16:54:40.05][186.89.184.241][1396] SELECT c_asigna FROM dace004 WHERE exp_e='12-15909987' AND c_asigna='300317' AND status IN ('0','3','B') [1][0] OK
C:[23/04/2013 16:54:40.05][186.89.184.241][1383] SELECT pre_cod_asig1,pre_cod_asig2,pre_cod_asig3,pre_cod_asig4,pre_cod_asig5,pre_cod_asig6,pre_cod_asig7 FROM tblaca009 WHERE pensum='5' AND c_uni_ca='6' AND c_asigna='344445' [1][0] OK
C:[23/04/2013 16:54:40.42][186.89.184.241][1427] SELECT par_cod_asig1,par_cod_asig2,par_cod_asig3 FROM tblaca009 WHERE pensum='5' AND c_uni_ca='6' AND c_asigna='343568' [1][0] OK
C:[23/04/2013 16:54:40.42][186.89.184.241][1427] SELECT par_cod_asig1,par_cod_asig2,par_cod_asig3 FROM tblaca009 WHERE pensum='5' AND c_uni_ca='6' AND c_asigna='311561' [1][0] OK
C:[23/04/2013 16:54:40.42][186.89.184.241][1427] SELECT par_cod_asig1,par_cod_asig2,par_cod_asig3 FROM tblaca009 WHERE pensum='5' AND c_uni_ca='6' AND c_asigna='340323' [1][0] OK
C:[23/04/2013 16:54:40.42][186.89.184.241][1427] SELECT par_cod_asig1,par_cod_asig2,par_cod_asig3 FROM tblaca009 WHERE pensum='5' AND c_uni_ca='6' AND c_asigna='342436' [1][0] OK
C:[23/04/2013 16:54:40.42][186.89.184.241][1427] SELECT par_cod_asig1,par_cod_asig2,par_cod_asig3 FROM tblaca009 WHERE pensum='5' AND c_uni_ca='6' AND c_asigna='344445' [1][0] OK
C:[23/04/2013 16:54:41.06][186.89.184.241][1557] SELECT horas_lab FROM tblaca008 WHERE c_asigna='343568' AND horas_teoricas > 0 [1][0] OK
C:[23/04/2013 16:54:41.17][186.89.184.241][1591] SELECT sum(u_creditos*1) FROM dace006 a, tblaca009 b WHERE a.exp_e='12-15909987' AND a.lapso='2013-1' AND b.pensum='5' AND b.c_uni_ca='6' AND status IN ('7','A','2') AND a.c_asigna=b.c_asigna  [1][0] OK
C:[23/04/2013 16:54:41.30][186.89.184.241][1610] SELECT sum(u_creditos*1) FROM dace006 a, tblaca009 b WHERE a.exp_e='12-15909987' AND a.lapso='2013-1' AND b.pensum='5' AND b.c_uni_ca='6' AND status IN ('7','A','2') AND a.c_asigna=b.c_asigna AND a.c_asigna IN ('311561','340323','342436','344445') [1][0] OK
C:[23/04/2013 16:54:41.42][186.89.184.241][1626] SELECT MAX(semestre) FROM dace006 a, tblaca009 b WHERE a.exp_e='12-15909987' AND a.lapso='2013-1' AND b.pensum='5' AND b.c_uni_ca='6' AND status IN ('7','A','2') AND a.c_asigna=b.c_asigna  [1][0] OK
C:[23/04/2013 16:54:41.92][186.89.184.241][1646] SELECT MIN(semestre) FROM dace006 a, tblaca009 b WHERE a.exp_e='12-15909987' AND a.lapso='2013-1' AND b.pensum='5' AND b.c_uni_ca='6' AND status IN ('7','A','2') AND a.c_asigna=b.c_asigna AND a.c_asigna IN ('343568') [1][0] OK
C:[23/04/2013 17:25:16.92][181.183.156.12][1383] SELECT pre_cod_asig1,pre_cod_asig2,pre_cod_asig3,pre_cod_asig4,pre_cod_asig5,pre_cod_asig6,pre_cod_asig7 FROM tblaca009 WHERE pensum='5' AND c_uni_ca='6' AND c_asigna='300116' [1][0] OK
C:[23/04/2013 17:25:16.92][181.183.156.12][1383] SELECT pre_cod_asig1,pre_cod_asig2,pre_cod_asig3,pre_cod_asig4,pre_cod_asig5,pre_cod_asig6,pre_cod_asig7 FROM tblaca009 WHERE pensum='5' AND c_uni_ca='6' AND c_asigna='344951' [1][0] OK
C:[23/04/2013 17:25:16.92][181.183.156.12][1396] SELECT c_asigna FROM dace004 WHERE exp_e='06-18477001' AND c_asigna='344689' AND status IN ('0','3','B') [1][0] OK
C:[23/04/2013 17:25:16.92][181.183.156.12][1396] SELECT c_asigna FROM dace004 WHERE exp_e='06-18477001' AND c_asigna='344687' AND status IN ('0','3','B') [1][0] OK
C:[23/04/2013 17:25:16.42][181.183.156.12][1427] SELECT par_cod_asig1,par_cod_asig2,par_cod_asig3 FROM tblaca009 WHERE pensum='5' AND c_uni_ca='6' AND c_asigna='300116' [1][0] OK
C:[23/04/2013 17:25:16.42][181.183.156.12][1427] SELECT par_cod_asig1,par_cod_asig2,par_cod_asig3 FROM tblaca009 WHERE pensum='5' AND c_uni_ca='6' AND c_asigna='344951' [1][0] OK
C:[23/04/2013 17:25:16.49][181.183.156.12][1557] SELECT horas_lab FROM tblaca008 WHERE c_asigna='300116' AND horas_teoricas > 0 [1][0] OK
C:[23/04/2013 17:25:16.61][181.183.156.12][1591] SELECT sum(u_creditos*1) FROM dace006 a, tblaca009 b WHERE a.exp_e='06-18477001' AND a.lapso='2013-1' AND b.pensum='5' AND b.c_uni_ca='6' AND status IN ('7','A','2') AND a.c_asigna=b.c_asigna  [1][0] OK
C:[23/04/2013 17:25:16.73][181.183.156.12][1610] SELECT sum(u_creditos*1) FROM dace006 a, tblaca009 b WHERE a.exp_e='06-18477001' AND a.lapso='2013-1' AND b.pensum='5' AND b.c_uni_ca='6' AND status IN ('7','A','2') AND a.c_asigna=b.c_asigna AND a.c_asigna IN ('344951') [1][0] OK
C:[23/04/2013 17:25:16.86][181.183.156.12][1626] SELECT MAX(semestre) FROM dace006 a, tblaca009 b WHERE a.exp_e='06-18477001' AND a.lapso='2013-1' AND b.pensum='5' AND b.c_uni_ca='6' AND status IN ('7','A','2') AND a.c_asigna=b.c_asigna  [1][0] OK
C:[23/04/2013 17:25:16.98][181.183.156.12][1646] SELECT MIN(semestre) FROM dace006 a, tblaca009 b WHERE a.exp_e='06-18477001' AND a.lapso='2013-1' AND b.pensum='5' AND b.c_uni_ca='6' AND status IN ('7','A','2') AND a.c_asigna=b.c_asigna AND a.c_asigna IN ('300116') [1][0] OK
C:[23/04/2013 17:26:07.40][181.183.156.12][1383] SELECT pre_cod_asig1,pre_cod_asig2,pre_cod_asig3,pre_cod_asig4,pre_cod_asig5,pre_cod_asig6,pre_cod_asig7 FROM tblaca009 WHERE pensum='5' AND c_uni_ca='6' AND c_asigna='300116' [1][0] OK
C:[23/04/2013 17:26:07.40][181.183.156.12][1383] SELECT pre_cod_asig1,pre_cod_asig2,pre_cod_asig3,pre_cod_asig4,pre_cod_asig5,pre_cod_asig6,pre_cod_asig7 FROM tblaca009 WHERE pensum='5' AND c_uni_ca='6' AND c_asigna='344951' [1][0] OK
C:[23/04/2013 17:26:07.40][181.183.156.12][1396] SELECT c_asigna FROM dace004 WHERE exp_e='06-18477001' AND c_asigna='344689' AND status IN ('0','3','B') [1][0] OK
C:[23/04/2013 17:26:07.40][181.183.156.12][1396] SELECT c_asigna FROM dace004 WHERE exp_e='06-18477001' AND c_asigna='344687' AND status IN ('0','3','B') [1][0] OK
C:[23/04/2013 17:26:07.89][181.183.156.12][1427] SELECT par_cod_asig1,par_cod_asig2,par_cod_asig3 FROM tblaca009 WHERE pensum='5' AND c_uni_ca='6' AND c_asigna='300116' [1][0] OK
C:[23/04/2013 17:26:07.89][181.183.156.12][1427] SELECT par_cod_asig1,par_cod_asig2,par_cod_asig3 FROM tblaca009 WHERE pensum='5' AND c_uni_ca='6' AND c_asigna='344951' [1][0] OK
C:[23/04/2013 17:26:07.16][181.183.156.12][1557] SELECT horas_lab FROM tblaca008 WHERE c_asigna='300116' AND horas_teoricas > 0 [1][0] OK
C:[23/04/2013 17:26:07.27][181.183.156.12][1591] SELECT sum(u_creditos*1) FROM dace006 a, tblaca009 b WHERE a.exp_e='06-18477001' AND a.lapso='2013-1' AND b.pensum='5' AND b.c_uni_ca='6' AND status IN ('7','A','2') AND a.c_asigna=b.c_asigna  [1][0] OK
C:[23/04/2013 17:26:07.39][181.183.156.12][1610] SELECT sum(u_creditos*1) FROM dace006 a, tblaca009 b WHERE a.exp_e='06-18477001' AND a.lapso='2013-1' AND b.pensum='5' AND b.c_uni_ca='6' AND status IN ('7','A','2') AND a.c_asigna=b.c_asigna AND a.c_asigna IN ('344951') [1][0] OK
C:[23/04/2013 17:26:07.52][181.183.156.12][1626] SELECT MAX(semestre) FROM dace006 a, tblaca009 b WHERE a.exp_e='06-18477001' AND a.lapso='2013-1' AND b.pensum='5' AND b.c_uni_ca='6' AND status IN ('7','A','2') AND a.c_asigna=b.c_asigna  [1][0] OK
C:[23/04/2013 17:26:07.64][181.183.156.12][1646] SELECT MIN(semestre) FROM dace006 a, tblaca009 b WHERE a.exp_e='06-18477001' AND a.lapso='2013-1' AND b.pensum='5' AND b.c_uni_ca='6' AND status IN ('7','A','2') AND a.c_asigna=b.c_asigna AND a.c_asigna IN ('300116') [1][0] OK
C:[23/04/2013 17:28:50.83][190.39.16.139][1383] SELECT pre_cod_asig1,pre_cod_asig2,pre_cod_asig3,pre_cod_asig4,pre_cod_asig5,pre_cod_asig6,pre_cod_asig7 FROM tblaca009 WHERE pensum='5' AND c_uni_ca='4' AND c_asigna='300112' [1][0] OK
C:[23/04/2013 17:28:50.83][190.39.16.139][1383] SELECT pre_cod_asig1,pre_cod_asig2,pre_cod_asig3,pre_cod_asig4,pre_cod_asig5,pre_cod_asig6,pre_cod_asig7 FROM tblaca009 WHERE pensum='5' AND c_uni_ca='4' AND c_asigna='300101' [1][0] OK
C:[23/04/2013 17:28:50.08][190.39.16.139][1427] SELECT par_cod_asig1,par_cod_asig2,par_cod_asig3 FROM tblaca009 WHERE pensum='5' AND c_uni_ca='4' AND c_asigna='300112' [1][0] OK
C:[23/04/2013 17:28:50.08][190.39.16.139][1427] SELECT par_cod_asig1,par_cod_asig2,par_cod_asig3 FROM tblaca009 WHERE pensum='5' AND c_uni_ca='4' AND c_asigna='300101' [1][0] OK
C:[23/04/2013 17:28:50.28][190.39.16.139][1557] SELECT horas_lab FROM tblaca008 WHERE c_asigna='300112' AND horas_teoricas > 0 [1][0] OK
C:[23/04/2013 17:28:50.39][190.39.16.139][1591] SELECT sum(u_creditos*1) FROM dace006 a, tblaca009 b WHERE a.exp_e='11-24560434' AND a.lapso='2013-1' AND b.pensum='5' AND b.c_uni_ca='4' AND status IN ('7','A','2') AND a.c_asigna=b.c_asigna  [1][0] OK
C:[23/04/2013 17:28:50.52][190.39.16.139][1610] SELECT sum(u_creditos*1) FROM dace006 a, tblaca009 b WHERE a.exp_e='11-24560434' AND a.lapso='2013-1' AND b.pensum='5' AND b.c_uni_ca='4' AND status IN ('7','A','2') AND a.c_asigna=b.c_asigna AND a.c_asigna IN ('300101') [1][0] OK
C:[23/04/2013 17:28:50.64][190.39.16.139][1626] SELECT MAX(semestre) FROM dace006 a, tblaca009 b WHERE a.exp_e='11-24560434' AND a.lapso='2013-1' AND b.pensum='5' AND b.c_uni_ca='4' AND status IN ('7','A','2') AND a.c_asigna=b.c_asigna  [1][0] OK
C:[23/04/2013 17:28:50.77][190.39.16.139][1646] SELECT MIN(semestre) FROM dace006 a, tblaca009 b WHERE a.exp_e='11-24560434' AND a.lapso='2013-1' AND b.pensum='5' AND b.c_uni_ca='4' AND status IN ('7','A','2') AND a.c_asigna=b.c_asigna AND a.c_asigna IN ('300112') [1][0] OK
C:[23/04/2013 17:59:32.45][181.183.210.250][1383] SELECT pre_cod_asig1,pre_cod_asig2,pre_cod_asig3,pre_cod_asig4,pre_cod_asig5,pre_cod_asig6,pre_cod_asig7 FROM tblaca009 WHERE pensum='5' AND c_uni_ca='5' AND c_asigna='355947' [1][0] OK
C:[23/04/2013 17:59:32.45][181.183.210.250][1396] SELECT c_asigna FROM dace004 WHERE exp_e='06-18237188' AND c_asigna='355724' AND status IN ('0','3','B') [1][0] OK
C:[23/04/2013 17:59:32.45][181.183.210.250][1383] SELECT pre_cod_asig1,pre_cod_asig2,pre_cod_asig3,pre_cod_asig4,pre_cod_asig5,pre_cod_asig6,pre_cod_asig7 FROM tblaca009 WHERE pensum='5' AND c_uni_ca='5' AND c_asigna='355725' [1][0] OK
C:[23/04/2013 17:59:32.45][181.183.210.250][1396] SELECT c_asigna FROM dace004 WHERE exp_e='06-18237188' AND c_asigna='355693' AND status IN ('0','3','B') [1][0] OK
C:[23/04/2013 17:59:32.45][181.183.210.250][1396] SELECT c_asigna FROM dace004 WHERE exp_e='06-18237188' AND c_asigna='355692' AND status IN ('0','3','B') [1][0] OK
C:[23/04/2013 17:59:32.45][181.183.210.250][1383] SELECT pre_cod_asig1,pre_cod_asig2,pre_cod_asig3,pre_cod_asig4,pre_cod_asig5,pre_cod_asig6,pre_cod_asig7 FROM tblaca009 WHERE pensum='5' AND c_uni_ca='5' AND c_asigna='355959' [1][0] OK
C:[23/04/2013 17:59:33.20][181.183.210.250][1427] SELECT par_cod_asig1,par_cod_asig2,par_cod_asig3 FROM tblaca009 WHERE pensum='5' AND c_uni_ca='5' AND c_asigna='355947' [1][0] OK
C:[23/04/2013 17:59:33.20][181.183.210.250][1427] SELECT par_cod_asig1,par_cod_asig2,par_cod_asig3 FROM tblaca009 WHERE pensum='5' AND c_uni_ca='5' AND c_asigna='355725' [1][0] OK
C:[23/04/2013 17:59:33.20][181.183.210.250][1427] SELECT par_cod_asig1,par_cod_asig2,par_cod_asig3 FROM tblaca009 WHERE pensum='5' AND c_uni_ca='5' AND c_asigna='355959' [1][0] OK
C:[23/04/2013 17:59:33.20][181.183.210.250][1441] SELECT c_asigna FROM dace004 WHERE exp_e='06-18237188' AND c_asigna='300956' AND status IN ('0','3','B','C') [1][0] OK
C:[23/04/2013 17:59:33.71][181.183.210.250][1557] SELECT horas_lab FROM tblaca008 WHERE c_asigna='355947' AND horas_teoricas > 0 [1][0] OK
C:[23/04/2013 17:59:33.82][181.183.210.250][1591] SELECT sum(u_creditos*1) FROM dace006 a, tblaca009 b WHERE a.exp_e='06-18237188' AND a.lapso='2013-1' AND b.pensum='5' AND b.c_uni_ca='5' AND status IN ('7','A','2') AND a.c_asigna=b.c_asigna  [1][0] OK
C:[23/04/2013 17:59:33.95][181.183.210.250][1610] SELECT sum(u_creditos*1) FROM dace006 a, tblaca009 b WHERE a.exp_e='06-18237188' AND a.lapso='2013-1' AND b.pensum='5' AND b.c_uni_ca='5' AND status IN ('7','A','2') AND a.c_asigna=b.c_asigna AND a.c_asigna IN ('355725','355959') [1][0] OK
C:[23/04/2013 17:59:33.07][181.183.210.250][1626] SELECT MAX(semestre) FROM dace006 a, tblaca009 b WHERE a.exp_e='06-18237188' AND a.lapso='2013-1' AND b.pensum='5' AND b.c_uni_ca='5' AND status IN ('7','A','2') AND a.c_asigna=b.c_asigna  [1][0] OK
C:[23/04/2013 17:59:33.20][181.183.210.250][1646] SELECT MIN(semestre) FROM dace006 a, tblaca009 b WHERE a.exp_e='06-18237188' AND a.lapso='2013-1' AND b.pensum='5' AND b.c_uni_ca='5' AND status IN ('7','A','2') AND a.c_asigna=b.c_asigna AND a.c_asigna IN ('355947') [1][0] OK
C:[23/04/2013 18:17:03.89][190.37.128.131][1383] SELECT pre_cod_asig1,pre_cod_asig2,pre_cod_asig3,pre_cod_asig4,pre_cod_asig5,pre_cod_asig6,pre_cod_asig7 FROM tblaca009 WHERE pensum='5' AND c_uni_ca='2' AND c_asigna='300113' [1][0] OK
C:[23/04/2013 18:17:03.89][190.37.128.131][1383] SELECT pre_cod_asig1,pre_cod_asig2,pre_cod_asig3,pre_cod_asig4,pre_cod_asig5,pre_cod_asig6,pre_cod_asig7 FROM tblaca009 WHERE pensum='5' AND c_uni_ca='2' AND c_asigna='300013' [1][0] OK
C:[23/04/2013 18:17:03.89][190.37.128.131][1383] SELECT pre_cod_asig1,pre_cod_asig2,pre_cod_asig3,pre_cod_asig4,pre_cod_asig5,pre_cod_asig6,pre_cod_asig7 FROM tblaca009 WHERE pensum='5' AND c_uni_ca='2' AND c_asigna='300207' [1][0] OK
C:[23/04/2013 18:17:03.89][190.37.128.131][1396] SELECT c_asigna FROM dace004 WHERE exp_e='12-25937705' AND c_asigna='300101' AND status IN ('0','3','B') [1][0] OK
C:[23/04/2013 18:17:03.89][190.37.128.131][1383] SELECT pre_cod_asig1,pre_cod_asig2,pre_cod_asig3,pre_cod_asig4,pre_cod_asig5,pre_cod_asig6,pre_cod_asig7 FROM tblaca009 WHERE pensum='5' AND c_uni_ca='2' AND c_asigna='300209' [1][0] OK
C:[23/04/2013 18:17:03.89][190.37.128.131][1396] SELECT c_asigna FROM dace004 WHERE exp_e='12-25937705' AND c_asigna='300101' AND status IN ('0','3','B') [1][0] OK
C:[23/04/2013 18:17:03.89][190.37.128.131][1383] SELECT pre_cod_asig1,pre_cod_asig2,pre_cod_asig3,pre_cod_asig4,pre_cod_asig5,pre_cod_asig6,pre_cod_asig7 FROM tblaca009 WHERE pensum='5' AND c_uni_ca='2' AND c_asigna='300213' [1][0] OK
C:[23/04/2013 18:17:03.89][190.37.128.131][1396] SELECT c_asigna FROM dace004 WHERE exp_e='12-25937705' AND c_asigna='300101' AND status IN ('0','3','B') [1][0] OK
C:[23/04/2013 18:17:04.89][190.37.128.131][1427] SELECT par_cod_asig1,par_cod_asig2,par_cod_asig3 FROM tblaca009 WHERE pensum='5' AND c_uni_ca='2' AND c_asigna='300113' [1][0] OK
C:[23/04/2013 18:17:04.89][190.37.128.131][1441] SELECT c_asigna FROM dace004 WHERE exp_e='12-25937705' AND c_asigna='300013' AND status IN ('0','3','B','C') [0][0] OK
C:[23/04/2013 18:17:04.89][190.37.128.131][1427] SELECT par_cod_asig1,par_cod_asig2,par_cod_asig3 FROM tblaca009 WHERE pensum='5' AND c_uni_ca='2' AND c_asigna='300013' [1][0] OK
C:[23/04/2013 18:17:04.89][190.37.128.131][1427] SELECT par_cod_asig1,par_cod_asig2,par_cod_asig3 FROM tblaca009 WHERE pensum='5' AND c_uni_ca='2' AND c_asigna='300207' [1][0] OK
C:[23/04/2013 18:17:04.89][190.37.128.131][1427] SELECT par_cod_asig1,par_cod_asig2,par_cod_asig3 FROM tblaca009 WHERE pensum='5' AND c_uni_ca='2' AND c_asigna='300209' [1][0] OK
C:[23/04/2013 18:17:04.89][190.37.128.131][1427] SELECT par_cod_asig1,par_cod_asig2,par_cod_asig3 FROM tblaca009 WHERE pensum='5' AND c_uni_ca='2' AND c_asigna='300213' [1][0] OK
C:[23/04/2013 18:17:04.89][190.37.128.131][1441] SELECT c_asigna FROM dace004 WHERE exp_e='12-25937705' AND c_asigna='300209' AND status IN ('0','3','B','C') [0][0] OK
C:[23/04/2013 18:17:04.78][190.37.128.131][1557] SELECT horas_lab FROM tblaca008 WHERE c_asigna='300113' AND horas_teoricas > 0 [0][0] OK
C:[23/04/2013 18:17:04.89][190.37.128.131][1591] SELECT sum(u_creditos*1) FROM dace006 a, tblaca009 b WHERE a.exp_e='12-25937705' AND a.lapso='2013-1' AND b.pensum='5' AND b.c_uni_ca='2' AND status IN ('7','A','2') AND a.c_asigna=b.c_asigna  [1][0] OK
C:[23/04/2013 18:17:04.02][190.37.128.131][1610] SELECT sum(u_creditos*1) FROM dace006 a, tblaca009 b WHERE a.exp_e='12-25937705' AND a.lapso='2013-1' AND b.pensum='5' AND b.c_uni_ca='2' AND status IN ('7','A','2') AND a.c_asigna=b.c_asigna AND a.c_asigna IN ('300013','300207','300209','300213') [1][0] OK
C:[23/04/2013 18:17:04.15][190.37.128.131][1626] SELECT MAX(semestre) FROM dace006 a, tblaca009 b WHERE a.exp_e='12-25937705' AND a.lapso='2013-1' AND b.pensum='5' AND b.c_uni_ca='2' AND status IN ('7','A','2') AND a.c_asigna=b.c_asigna  [1][0] OK
C:[23/04/2013 18:17:04.27][190.37.128.131][1646] SELECT MIN(semestre) FROM dace006 a, tblaca009 b WHERE a.exp_e='12-25937705' AND a.lapso='2013-1' AND b.pensum='5' AND b.c_uni_ca='2' AND status IN ('7','A','2') AND a.c_asigna=b.c_asigna AND a.c_asigna IN ('300113') [1][0] OK
C:[23/04/2013 19:01:01.61][201.243.113.9][1383] SELECT pre_cod_asig1,pre_cod_asig2,pre_cod_asig3,pre_cod_asig4,pre_cod_asig5,pre_cod_asig6,pre_cod_asig7 FROM tblaca009 WHERE pensum='5' AND c_uni_ca='2' AND c_asigna='300226' [1][0] OK
C:[23/04/2013 19:01:01.61][201.243.113.9][1396] SELECT c_asigna FROM dace004 WHERE exp_e='12-25445278' AND c_asigna='300116' AND status IN ('0','3','B') [1][0] OK
C:[23/04/2013 19:01:01.61][201.243.113.9][1383] SELECT pre_cod_asig1,pre_cod_asig2,pre_cod_asig3,pre_cod_asig4,pre_cod_asig5,pre_cod_asig6,pre_cod_asig7 FROM tblaca009 WHERE pensum='5' AND c_uni_ca='2' AND c_asigna='300317' [1][0] OK
C:[23/04/2013 19:01:01.61][201.243.113.9][1396] SELECT c_asigna FROM dace004 WHERE exp_e='12-25445278' AND c_asigna='300207' AND status IN ('0','3','B') [1][0] OK
C:[23/04/2013 19:01:01.61][201.243.113.9][1396] SELECT c_asigna FROM dace004 WHERE exp_e='12-25445278' AND c_asigna='300209' AND status IN ('0','3','B') [1][0] OK
C:[23/04/2013 19:01:01.61][201.243.113.9][1383] SELECT pre_cod_asig1,pre_cod_asig2,pre_cod_asig3,pre_cod_asig4,pre_cod_asig5,pre_cod_asig6,pre_cod_asig7 FROM tblaca009 WHERE pensum='5' AND c_uni_ca='2' AND c_asigna='300213' [1][0] OK
C:[23/04/2013 19:01:01.61][201.243.113.9][1396] SELECT c_asigna FROM dace004 WHERE exp_e='12-25445278' AND c_asigna='300101' AND status IN ('0','3','B') [1][0] OK
C:[23/04/2013 19:01:01.61][201.243.113.9][1383] SELECT pre_cod_asig1,pre_cod_asig2,pre_cod_asig3,pre_cod_asig4,pre_cod_asig5,pre_cod_asig6,pre_cod_asig7 FROM tblaca009 WHERE pensum='5' AND c_uni_ca='2' AND c_asigna='300222' [1][0] OK
C:[23/04/2013 19:01:01.61][201.243.113.9][1396] SELECT c_asigna FROM dace004 WHERE exp_e='12-25445278' AND c_asigna='300112' AND status IN ('0','3','B') [1][0] OK
C:[23/04/2013 19:01:01.61][201.243.113.9][1383] SELECT pre_cod_asig1,pre_cod_asig2,pre_cod_asig3,pre_cod_asig4,pre_cod_asig5,pre_cod_asig6,pre_cod_asig7 FROM tblaca009 WHERE pensum='5' AND c_uni_ca='2' AND c_asigna='300228' [1][0] OK
C:[23/04/2013 19:01:01.61][201.243.113.9][1396] SELECT c_asigna FROM dace004 WHERE exp_e='12-25445278' AND c_asigna='300101' AND status IN ('0','3','B') [1][0] OK
C:[23/04/2013 19:01:01.98][201.243.113.9][1427] SELECT par_cod_asig1,par_cod_asig2,par_cod_asig3 FROM tblaca009 WHERE pensum='5' AND c_uni_ca='2' AND c_asigna='300226' [1][0] OK
C:[23/04/2013 19:01:01.98][201.243.113.9][1427] SELECT par_cod_asig1,par_cod_asig2,par_cod_asig3 FROM tblaca009 WHERE pensum='5' AND c_uni_ca='2' AND c_asigna='300317' [1][0] OK
C:[23/04/2013 19:01:01.98][201.243.113.9][1427] SELECT par_cod_asig1,par_cod_asig2,par_cod_asig3 FROM tblaca009 WHERE pensum='5' AND c_uni_ca='2' AND c_asigna='300213' [1][0] OK
C:[23/04/2013 19:01:01.98][201.243.113.9][1441] SELECT c_asigna FROM dace004 WHERE exp_e='12-25445278' AND c_asigna='300209' AND status IN ('0','3','B','C') [1][0] OK
C:[23/04/2013 19:01:01.98][201.243.113.9][1427] SELECT par_cod_asig1,par_cod_asig2,par_cod_asig3 FROM tblaca009 WHERE pensum='5' AND c_uni_ca='2' AND c_asigna='300222' [1][0] OK
C:[23/04/2013 19:01:01.98][201.243.113.9][1427] SELECT par_cod_asig1,par_cod_asig2,par_cod_asig3 FROM tblaca009 WHERE pensum='5' AND c_uni_ca='2' AND c_asigna='300228' [1][0] OK
C:[23/04/2013 19:01:01.12][201.243.113.9][1557] SELECT horas_lab FROM tblaca008 WHERE c_asigna='300226' AND horas_teoricas > 0 [1][0] OK
C:[23/04/2013 19:01:01.12][201.243.113.9][1557] SELECT horas_lab FROM tblaca008 WHERE c_asigna='300317' AND horas_teoricas > 0 [1][0] OK
C:[23/04/2013 19:01:01.35][201.243.113.9][1591] SELECT sum(u_creditos*1) FROM dace006 a, tblaca009 b WHERE a.exp_e='12-25445278' AND a.lapso='2013-1' AND b.pensum='5' AND b.c_uni_ca='2' AND status IN ('7','A','2') AND a.c_asigna=b.c_asigna  [1][0] OK
C:[23/04/2013 19:01:01.48][201.243.113.9][1610] SELECT sum(u_creditos*1) FROM dace006 a, tblaca009 b WHERE a.exp_e='12-25445278' AND a.lapso='2013-1' AND b.pensum='5' AND b.c_uni_ca='2' AND status IN ('7','A','2') AND a.c_asigna=b.c_asigna AND a.c_asigna IN ('300213','300222','300228') [1][0] OK
C:[23/04/2013 19:01:01.60][201.243.113.9][1626] SELECT MAX(semestre) FROM dace006 a, tblaca009 b WHERE a.exp_e='12-25445278' AND a.lapso='2013-1' AND b.pensum='5' AND b.c_uni_ca='2' AND status IN ('7','A','2') AND a.c_asigna=b.c_asigna  [1][0] OK
C:[23/04/2013 19:01:01.73][201.243.113.9][1646] SELECT MIN(semestre) FROM dace006 a, tblaca009 b WHERE a.exp_e='12-25445278' AND a.lapso='2013-1' AND b.pensum='5' AND b.c_uni_ca='2' AND status IN ('7','A','2') AND a.c_asigna=b.c_asigna AND a.c_asigna IN ('300226','300317') [1][0] OK
C:[23/04/2013 19:01:52.09][201.243.113.9][1383] SELECT pre_cod_asig1,pre_cod_asig2,pre_cod_asig3,pre_cod_asig4,pre_cod_asig5,pre_cod_asig6,pre_cod_asig7 FROM tblaca009 WHERE pensum='5' AND c_uni_ca='2' AND c_asigna='300317' [1][0] OK
C:[23/04/2013 19:01:52.09][201.243.113.9][1396] SELECT c_asigna FROM dace004 WHERE exp_e='12-25445278' AND c_asigna='300207' AND status IN ('0','3','B') [1][0] OK
C:[23/04/2013 19:01:52.09][201.243.113.9][1396] SELECT c_asigna FROM dace004 WHERE exp_e='12-25445278' AND c_asigna='300209' AND status IN ('0','3','B') [1][0] OK
C:[23/04/2013 19:01:52.09][201.243.113.9][1383] SELECT pre_cod_asig1,pre_cod_asig2,pre_cod_asig3,pre_cod_asig4,pre_cod_asig5,pre_cod_asig6,pre_cod_asig7 FROM tblaca009 WHERE pensum='5' AND c_uni_ca='2' AND c_asigna='300213' [1][0] OK
C:[23/04/2013 19:01:52.09][201.243.113.9][1396] SELECT c_asigna FROM dace004 WHERE exp_e='12-25445278' AND c_asigna='300101' AND status IN ('0','3','B') [1][0] OK
C:[23/04/2013 19:01:52.09][201.243.113.9][1383] SELECT pre_cod_asig1,pre_cod_asig2,pre_cod_asig3,pre_cod_asig4,pre_cod_asig5,pre_cod_asig6,pre_cod_asig7 FROM tblaca009 WHERE pensum='5' AND c_uni_ca='2' AND c_asigna='300222' [1][0] OK
C:[23/04/2013 19:01:52.09][201.243.113.9][1396] SELECT c_asigna FROM dace004 WHERE exp_e='12-25445278' AND c_asigna='300112' AND status IN ('0','3','B') [1][0] OK
C:[23/04/2013 19:01:52.09][201.243.113.9][1383] SELECT pre_cod_asig1,pre_cod_asig2,pre_cod_asig3,pre_cod_asig4,pre_cod_asig5,pre_cod_asig6,pre_cod_asig7 FROM tblaca009 WHERE pensum='5' AND c_uni_ca='2' AND c_asigna='300226' [1][0] OK
C:[23/04/2013 19:01:52.09][201.243.113.9][1396] SELECT c_asigna FROM dace004 WHERE exp_e='12-25445278' AND c_asigna='300116' AND status IN ('0','3','B') [1][0] OK
C:[23/04/2013 19:01:52.09][201.243.113.9][1383] SELECT pre_cod_asig1,pre_cod_asig2,pre_cod_asig3,pre_cod_asig4,pre_cod_asig5,pre_cod_asig6,pre_cod_asig7 FROM tblaca009 WHERE pensum='5' AND c_uni_ca='2' AND c_asigna='300228' [1][0] OK
C:[23/04/2013 19:01:52.09][201.243.113.9][1396] SELECT c_asigna FROM dace004 WHERE exp_e='12-25445278' AND c_asigna='300101' AND status IN ('0','3','B') [1][0] OK
C:[23/04/2013 19:01:52.14][201.243.113.9][1427] SELECT par_cod_asig1,par_cod_asig2,par_cod_asig3 FROM tblaca009 WHERE pensum='5' AND c_uni_ca='2' AND c_asigna='300317' [1][0] OK
C:[23/04/2013 19:01:52.14][201.243.113.9][1427] SELECT par_cod_asig1,par_cod_asig2,par_cod_asig3 FROM tblaca009 WHERE pensum='5' AND c_uni_ca='2' AND c_asigna='300213' [1][0] OK
C:[23/04/2013 19:01:52.14][201.243.113.9][1441] SELECT c_asigna FROM dace004 WHERE exp_e='12-25445278' AND c_asigna='300209' AND status IN ('0','3','B','C') [1][0] OK
C:[23/04/2013 19:01:52.14][201.243.113.9][1427] SELECT par_cod_asig1,par_cod_asig2,par_cod_asig3 FROM tblaca009 WHERE pensum='5' AND c_uni_ca='2' AND c_asigna='300222' [1][0] OK
C:[23/04/2013 19:01:52.14][201.243.113.9][1427] SELECT par_cod_asig1,par_cod_asig2,par_cod_asig3 FROM tblaca009 WHERE pensum='5' AND c_uni_ca='2' AND c_asigna='300226' [1][0] OK
C:[23/04/2013 19:01:52.14][201.243.113.9][1427] SELECT par_cod_asig1,par_cod_asig2,par_cod_asig3 FROM tblaca009 WHERE pensum='5' AND c_uni_ca='2' AND c_asigna='300228' [1][0] OK
C:[23/04/2013 19:01:53.91][201.243.113.9][1557] SELECT horas_lab FROM tblaca008 WHERE c_asigna='300317' AND horas_teoricas > 0 [1][0] OK
C:[23/04/2013 19:01:53.02][201.243.113.9][1591] SELECT sum(u_creditos*1) FROM dace006 a, tblaca009 b WHERE a.exp_e='12-25445278' AND a.lapso='2013-1' AND b.pensum='5' AND b.c_uni_ca='2' AND status IN ('7','A','2') AND a.c_asigna=b.c_asigna  [1][0] OK
C:[23/04/2013 19:01:53.14][201.243.113.9][1610] SELECT sum(u_creditos*1) FROM dace006 a, tblaca009 b WHERE a.exp_e='12-25445278' AND a.lapso='2013-1' AND b.pensum='5' AND b.c_uni_ca='2' AND status IN ('7','A','2') AND a.c_asigna=b.c_asigna AND a.c_asigna IN ('300213','300222','300226','300228') [1][0] OK
C:[23/04/2013 19:01:53.27][201.243.113.9][1626] SELECT MAX(semestre) FROM dace006 a, tblaca009 b WHERE a.exp_e='12-25445278' AND a.lapso='2013-1' AND b.pensum='5' AND b.c_uni_ca='2' AND status IN ('7','A','2') AND a.c_asigna=b.c_asigna  [1][0] OK
C:[23/04/2013 19:01:53.39][201.243.113.9][1646] SELECT MIN(semestre) FROM dace006 a, tblaca009 b WHERE a.exp_e='12-25445278' AND a.lapso='2013-1' AND b.pensum='5' AND b.c_uni_ca='2' AND status IN ('7','A','2') AND a.c_asigna=b.c_asigna AND a.c_asigna IN ('300317') [1][0] OK
C:[23/04/2013 19:25:35.23][190.37.173.216][1383] SELECT pre_cod_asig1,pre_cod_asig2,pre_cod_asig3,pre_cod_asig4,pre_cod_asig5,pre_cod_asig6,pre_cod_asig7 FROM tblaca009 WHERE pensum='5' AND c_uni_ca='3' AND c_asigna='300317' [1][0] OK
C:[23/04/2013 19:25:35.23][190.37.173.216][1396] SELECT c_asigna FROM dace004 WHERE exp_e='11-25084797' AND c_asigna='300207' AND status IN ('0','3','B') [1][0] OK
C:[23/04/2013 19:25:35.23][190.37.173.216][1396] SELECT c_asigna FROM dace004 WHERE exp_e='11-25084797' AND c_asigna='300209' AND status IN ('0','3','B') [1][0] OK
C:[23/04/2013 19:25:35.23][190.37.173.216][1383] SELECT pre_cod_asig1,pre_cod_asig2,pre_cod_asig3,pre_cod_asig4,pre_cod_asig5,pre_cod_asig6,pre_cod_asig7 FROM tblaca009 WHERE pensum='5' AND c_uni_ca='3' AND c_asigna='300318' [1][0] OK
C:[23/04/2013 19:25:35.23][190.37.173.216][1396] SELECT c_asigna FROM dace004 WHERE exp_e='11-25084797' AND c_asigna='300228' AND status IN ('0','3','B') [1][0] OK
C:[23/04/2013 19:25:35.23][190.37.173.216][1396] SELECT c_asigna FROM dace004 WHERE exp_e='11-25084797' AND c_asigna='300207' AND status IN ('0','3','B') [1][0] OK
C:[23/04/2013 19:25:35.23][190.37.173.216][1396] SELECT c_asigna FROM dace004 WHERE exp_e='11-25084797' AND c_asigna='300218' AND status IN ('0','3','B') [1][0] OK
C:[23/04/2013 19:25:35.23][190.37.173.216][1383] SELECT pre_cod_asig1,pre_cod_asig2,pre_cod_asig3,pre_cod_asig4,pre_cod_asig5,pre_cod_asig6,pre_cod_asig7 FROM tblaca009 WHERE pensum='5' AND c_uni_ca='3' AND c_asigna='300213' [1][0] OK
C:[23/04/2013 19:25:35.23][190.37.173.216][1396] SELECT c_asigna FROM dace004 WHERE exp_e='11-25084797' AND c_asigna='300101' AND status IN ('0','3','B') [1][0] OK
C:[23/04/2013 19:25:35.23][190.37.173.216][1383] SELECT pre_cod_asig1,pre_cod_asig2,pre_cod_asig3,pre_cod_asig4,pre_cod_asig5,pre_cod_asig6,pre_cod_asig7 FROM tblaca009 WHERE pensum='5' AND c_uni_ca='3' AND c_asigna='312333' [1][0] OK
C:[23/04/2013 19:25:35.23][190.37.173.216][1396] SELECT c_asigna FROM dace004 WHERE exp_e='11-25084797' AND c_asigna='300228' AND status IN ('0','3','B') [1][0] OK
C:[23/04/2013 19:25:35.60][190.37.173.216][1427] SELECT par_cod_asig1,par_cod_asig2,par_cod_asig3 FROM tblaca009 WHERE pensum='5' AND c_uni_ca='3' AND c_asigna='300317' [1][0] OK
C:[23/04/2013 19:25:35.60][190.37.173.216][1427] SELECT par_cod_asig1,par_cod_asig2,par_cod_asig3 FROM tblaca009 WHERE pensum='5' AND c_uni_ca='3' AND c_asigna='300318' [1][0] OK
C:[23/04/2013 19:25:35.60][190.37.173.216][1427] SELECT par_cod_asig1,par_cod_asig2,par_cod_asig3 FROM tblaca009 WHERE pensum='5' AND c_uni_ca='3' AND c_asigna='300213' [1][0] OK
C:[23/04/2013 19:25:35.60][190.37.173.216][1441] SELECT c_asigna FROM dace004 WHERE exp_e='11-25084797' AND c_asigna='300209' AND status IN ('0','3','B','C') [1][0] OK
C:[23/04/2013 19:25:35.60][190.37.173.216][1427] SELECT par_cod_asig1,par_cod_asig2,par_cod_asig3 FROM tblaca009 WHERE pensum='5' AND c_uni_ca='3' AND c_asigna='312333' [1][0] OK
C:[23/04/2013 19:25:36.24][190.37.173.216][1557] SELECT horas_lab FROM tblaca008 WHERE c_asigna='300317' AND horas_teoricas > 0 [1][0] OK
C:[23/04/2013 19:25:36.24][190.37.173.216][1557] SELECT horas_lab FROM tblaca008 WHERE c_asigna='300318' AND horas_teoricas > 0 [1][0] OK
C:[23/04/2013 19:25:36.48][190.37.173.216][1591] SELECT sum(u_creditos*1) FROM dace006 a, tblaca009 b WHERE a.exp_e='11-25084797' AND a.lapso='2013-1' AND b.pensum='5' AND b.c_uni_ca='3' AND status IN ('7','A','2') AND a.c_asigna=b.c_asigna  [1][0] OK
C:[23/04/2013 19:25:36.60][190.37.173.216][1610] SELECT sum(u_creditos*1) FROM dace006 a, tblaca009 b WHERE a.exp_e='11-25084797' AND a.lapso='2013-1' AND b.pensum='5' AND b.c_uni_ca='3' AND status IN ('7','A','2') AND a.c_asigna=b.c_asigna AND a.c_asigna IN ('300213','312333') [1][0] OK
C:[23/04/2013 19:25:36.73][190.37.173.216][1626] SELECT MAX(semestre) FROM dace006 a, tblaca009 b WHERE a.exp_e='11-25084797' AND a.lapso='2013-1' AND b.pensum='5' AND b.c_uni_ca='3' AND status IN ('7','A','2') AND a.c_asigna=b.c_asigna  [1][0] OK
C:[23/04/2013 19:25:36.85][190.37.173.216][1646] SELECT MIN(semestre) FROM dace006 a, tblaca009 b WHERE a.exp_e='11-25084797' AND a.lapso='2013-1' AND b.pensum='5' AND b.c_uni_ca='3' AND status IN ('7','A','2') AND a.c_asigna=b.c_asigna AND a.c_asigna IN ('300317','300318') [1][0] OK
C:[23/04/2013 19:26:21.94][190.37.173.216][1383] SELECT pre_cod_asig1,pre_cod_asig2,pre_cod_asig3,pre_cod_asig4,pre_cod_asig5,pre_cod_asig6,pre_cod_asig7 FROM tblaca009 WHERE pensum='5' AND c_uni_ca='3' AND c_asigna='300317' [1][0] OK
C:[23/04/2013 19:26:21.94][190.37.173.216][1396] SELECT c_asigna FROM dace004 WHERE exp_e='11-25084797' AND c_asigna='300207' AND status IN ('0','3','B') [1][0] OK
C:[23/04/2013 19:26:21.94][190.37.173.216][1396] SELECT c_asigna FROM dace004 WHERE exp_e='11-25084797' AND c_asigna='300209' AND status IN ('0','3','B') [1][0] OK
C:[23/04/2013 19:26:21.94][190.37.173.216][1383] SELECT pre_cod_asig1,pre_cod_asig2,pre_cod_asig3,pre_cod_asig4,pre_cod_asig5,pre_cod_asig6,pre_cod_asig7 FROM tblaca009 WHERE pensum='5' AND c_uni_ca='3' AND c_asigna='300213' [1][0] OK
C:[23/04/2013 19:26:21.94][190.37.173.216][1396] SELECT c_asigna FROM dace004 WHERE exp_e='11-25084797' AND c_asigna='300101' AND status IN ('0','3','B') [1][0] OK
C:[23/04/2013 19:26:21.94][190.37.173.216][1383] SELECT pre_cod_asig1,pre_cod_asig2,pre_cod_asig3,pre_cod_asig4,pre_cod_asig5,pre_cod_asig6,pre_cod_asig7 FROM tblaca009 WHERE pensum='5' AND c_uni_ca='3' AND c_asigna='300318' [1][0] OK
C:[23/04/2013 19:26:21.94][190.37.173.216][1396] SELECT c_asigna FROM dace004 WHERE exp_e='11-25084797' AND c_asigna='300228' AND status IN ('0','3','B') [1][0] OK
C:[23/04/2013 19:26:21.94][190.37.173.216][1396] SELECT c_asigna FROM dace004 WHERE exp_e='11-25084797' AND c_asigna='300207' AND status IN ('0','3','B') [1][0] OK
C:[23/04/2013 19:26:21.94][190.37.173.216][1396] SELECT c_asigna FROM dace004 WHERE exp_e='11-25084797' AND c_asigna='300218' AND status IN ('0','3','B') [1][0] OK
C:[23/04/2013 19:26:21.94][190.37.173.216][1383] SELECT pre_cod_asig1,pre_cod_asig2,pre_cod_asig3,pre_cod_asig4,pre_cod_asig5,pre_cod_asig6,pre_cod_asig7 FROM tblaca009 WHERE pensum='5' AND c_uni_ca='3' AND c_asigna='312333' [1][0] OK
C:[23/04/2013 19:26:21.94][190.37.173.216][1396] SELECT c_asigna FROM dace004 WHERE exp_e='11-25084797' AND c_asigna='300228' AND status IN ('0','3','B') [1][0] OK
C:[23/04/2013 19:26:22.32][190.37.173.216][1427] SELECT par_cod_asig1,par_cod_asig2,par_cod_asig3 FROM tblaca009 WHERE pensum='5' AND c_uni_ca='3' AND c_asigna='300317' [1][0] OK
C:[23/04/2013 19:26:22.32][190.37.173.216][1427] SELECT par_cod_asig1,par_cod_asig2,par_cod_asig3 FROM tblaca009 WHERE pensum='5' AND c_uni_ca='3' AND c_asigna='300213' [1][0] OK
C:[23/04/2013 19:26:22.32][190.37.173.216][1441] SELECT c_asigna FROM dace004 WHERE exp_e='11-25084797' AND c_asigna='300209' AND status IN ('0','3','B','C') [1][0] OK
C:[23/04/2013 19:26:22.32][190.37.173.216][1427] SELECT par_cod_asig1,par_cod_asig2,par_cod_asig3 FROM tblaca009 WHERE pensum='5' AND c_uni_ca='3' AND c_asigna='300318' [1][0] OK
C:[23/04/2013 19:26:22.32][190.37.173.216][1427] SELECT par_cod_asig1,par_cod_asig2,par_cod_asig3 FROM tblaca009 WHERE pensum='5' AND c_uni_ca='3' AND c_asigna='312333' [1][0] OK
C:[23/04/2013 19:26:22.95][190.37.173.216][1557] SELECT horas_lab FROM tblaca008 WHERE c_asigna='300317' AND horas_teoricas > 0 [1][0] OK
C:[23/04/2013 19:26:22.06][190.37.173.216][1591] SELECT sum(u_creditos*1) FROM dace006 a, tblaca009 b WHERE a.exp_e='11-25084797' AND a.lapso='2013-1' AND b.pensum='5' AND b.c_uni_ca='3' AND status IN ('7','A','2') AND a.c_asigna=b.c_asigna  [1][0] OK
C:[23/04/2013 19:26:22.19][190.37.173.216][1610] SELECT sum(u_creditos*1) FROM dace006 a, tblaca009 b WHERE a.exp_e='11-25084797' AND a.lapso='2013-1' AND b.pensum='5' AND b.c_uni_ca='3' AND status IN ('7','A','2') AND a.c_asigna=b.c_asigna AND a.c_asigna IN ('300213','300318','312333') [1][0] OK
C:[23/04/2013 19:26:22.32][190.37.173.216][1626] SELECT MAX(semestre) FROM dace006 a, tblaca009 b WHERE a.exp_e='11-25084797' AND a.lapso='2013-1' AND b.pensum='5' AND b.c_uni_ca='3' AND status IN ('7','A','2') AND a.c_asigna=b.c_asigna  [1][0] OK
C:[23/04/2013 19:26:22.44][190.37.173.216][1646] SELECT MIN(semestre) FROM dace006 a, tblaca009 b WHERE a.exp_e='11-25084797' AND a.lapso='2013-1' AND b.pensum='5' AND b.c_uni_ca='3' AND status IN ('7','A','2') AND a.c_asigna=b.c_asigna AND a.c_asigna IN ('300317') [1][0] OK
C:[23/04/2013 20:33:32.92][201.243.200.73][1383] SELECT pre_cod_asig1,pre_cod_asig2,pre_cod_asig3,pre_cod_asig4,pre_cod_asig5,pre_cod_asig6,pre_cod_asig7 FROM tblaca009 WHERE pensum='5' AND c_uni_ca='2' AND c_asigna='300213' [1][0] OK
C:[23/04/2013 20:33:32.92][201.243.200.73][1396] SELECT c_asigna FROM dace004 WHERE exp_e='08-19093841' AND c_asigna='300101' AND status IN ('0','3','B') [1][0] OK
C:[23/04/2013 20:33:32.92][201.243.200.73][1383] SELECT pre_cod_asig1,pre_cod_asig2,pre_cod_asig3,pre_cod_asig4,pre_cod_asig5,pre_cod_asig6,pre_cod_asig7 FROM tblaca009 WHERE pensum='5' AND c_uni_ca='2' AND c_asigna='300222' [1][0] OK
C:[23/04/2013 20:33:32.92][201.243.200.73][1396] SELECT c_asigna FROM dace004 WHERE exp_e='08-19093841' AND c_asigna='300112' AND status IN ('0','3','B') [1][0] OK
C:[23/04/2013 20:33:32.42][201.243.200.73][1427] SELECT par_cod_asig1,par_cod_asig2,par_cod_asig3 FROM tblaca009 WHERE pensum='5' AND c_uni_ca='2' AND c_asigna='300213' [1][0] OK
C:[23/04/2013 20:33:32.42][201.243.200.73][1441] SELECT c_asigna FROM dace004 WHERE exp_e='08-19093841' AND c_asigna='300209' AND status IN ('0','3','B','C') [1][0] OK
C:[23/04/2013 20:33:32.42][201.243.200.73][1427] SELECT par_cod_asig1,par_cod_asig2,par_cod_asig3 FROM tblaca009 WHERE pensum='5' AND c_uni_ca='2' AND c_asigna='300222' [1][0] OK
C:[23/04/2013 20:33:32.81][201.243.200.73][1557] SELECT horas_lab FROM tblaca008 WHERE c_asigna='300213' AND horas_teoricas > 0 [1][0] OK
C:[23/04/2013 20:33:32.92][201.243.200.73][1591] SELECT sum(u_creditos*1) FROM dace006 a, tblaca009 b WHERE a.exp_e='08-19093841' AND a.lapso='2013-1' AND b.pensum='5' AND b.c_uni_ca='2' AND status IN ('7','A','2') AND a.c_asigna=b.c_asigna  [1][0] OK
C:[23/04/2013 20:33:32.05][201.243.200.73][1610] SELECT sum(u_creditos*1) FROM dace006 a, tblaca009 b WHERE a.exp_e='08-19093841' AND a.lapso='2013-1' AND b.pensum='5' AND b.c_uni_ca='2' AND status IN ('7','A','2') AND a.c_asigna=b.c_asigna AND a.c_asigna IN ('300222') [1][0] OK
C:[23/04/2013 20:33:32.18][201.243.200.73][1626] SELECT MAX(semestre) FROM dace006 a, tblaca009 b WHERE a.exp_e='08-19093841' AND a.lapso='2013-1' AND b.pensum='5' AND b.c_uni_ca='2' AND status IN ('7','A','2') AND a.c_asigna=b.c_asigna  [1][0] OK
C:[23/04/2013 20:33:32.30][201.243.200.73][1646] SELECT MIN(semestre) FROM dace006 a, tblaca009 b WHERE a.exp_e='08-19093841' AND a.lapso='2013-1' AND b.pensum='5' AND b.c_uni_ca='2' AND status IN ('7','A','2') AND a.c_asigna=b.c_asigna AND a.c_asigna IN ('300213') [1][0] OK
C:[23/04/2013 20:34:18.33][201.243.200.73][1383] SELECT pre_cod_asig1,pre_cod_asig2,pre_cod_asig3,pre_cod_asig4,pre_cod_asig5,pre_cod_asig6,pre_cod_asig7 FROM tblaca009 WHERE pensum='5' AND c_uni_ca='2' AND c_asigna='300213' [1][0] OK
C:[23/04/2013 20:34:18.33][201.243.200.73][1396] SELECT c_asigna FROM dace004 WHERE exp_e='08-19093841' AND c_asigna='300101' AND status IN ('0','3','B') [1][0] OK
C:[23/04/2013 20:34:18.33][201.243.200.73][1383] SELECT pre_cod_asig1,pre_cod_asig2,pre_cod_asig3,pre_cod_asig4,pre_cod_asig5,pre_cod_asig6,pre_cod_asig7 FROM tblaca009 WHERE pensum='5' AND c_uni_ca='2' AND c_asigna='300222' [1][0] OK
C:[23/04/2013 20:34:18.33][201.243.200.73][1396] SELECT c_asigna FROM dace004 WHERE exp_e='08-19093841' AND c_asigna='300112' AND status IN ('0','3','B') [1][0] OK
C:[23/04/2013 20:34:18.83][201.243.200.73][1427] SELECT par_cod_asig1,par_cod_asig2,par_cod_asig3 FROM tblaca009 WHERE pensum='5' AND c_uni_ca='2' AND c_asigna='300213' [1][0] OK
C:[23/04/2013 20:34:18.83][201.243.200.73][1441] SELECT c_asigna FROM dace004 WHERE exp_e='08-19093841' AND c_asigna='300209' AND status IN ('0','3','B','C') [1][0] OK
C:[23/04/2013 20:34:18.83][201.243.200.73][1427] SELECT par_cod_asig1,par_cod_asig2,par_cod_asig3 FROM tblaca009 WHERE pensum='5' AND c_uni_ca='2' AND c_asigna='300222' [1][0] OK
C:[23/04/2013 20:34:18.21][201.243.200.73][1557] SELECT horas_lab FROM tblaca008 WHERE c_asigna='300213' AND horas_teoricas > 0 [1][0] OK
C:[23/04/2013 20:34:18.33][201.243.200.73][1591] SELECT sum(u_creditos*1) FROM dace006 a, tblaca009 b WHERE a.exp_e='08-19093841' AND a.lapso='2013-1' AND b.pensum='5' AND b.c_uni_ca='2' AND status IN ('7','A','2') AND a.c_asigna=b.c_asigna  [1][0] OK
C:[23/04/2013 20:34:18.45][201.243.200.73][1610] SELECT sum(u_creditos*1) FROM dace006 a, tblaca009 b WHERE a.exp_e='08-19093841' AND a.lapso='2013-1' AND b.pensum='5' AND b.c_uni_ca='2' AND status IN ('7','A','2') AND a.c_asigna=b.c_asigna AND a.c_asigna IN ('300222') [1][0] OK
C:[23/04/2013 20:34:18.57][201.243.200.73][1626] SELECT MAX(semestre) FROM dace006 a, tblaca009 b WHERE a.exp_e='08-19093841' AND a.lapso='2013-1' AND b.pensum='5' AND b.c_uni_ca='2' AND status IN ('7','A','2') AND a.c_asigna=b.c_asigna  [1][0] OK
C:[23/04/2013 20:34:18.70][201.243.200.73][1646] SELECT MIN(semestre) FROM dace006 a, tblaca009 b WHERE a.exp_e='08-19093841' AND a.lapso='2013-1' AND b.pensum='5' AND b.c_uni_ca='2' AND status IN ('7','A','2') AND a.c_asigna=b.c_asigna AND a.c_asigna IN ('300213') [1][0] OK
C:[23/04/2013 20:46:35.33][201.243.200.73][1383] SELECT pre_cod_asig1,pre_cod_asig2,pre_cod_asig3,pre_cod_asig4,pre_cod_asig5,pre_cod_asig6,pre_cod_asig7 FROM tblaca009 WHERE pensum='5' AND c_uni_ca='2' AND c_asigna='300213' [1][0] OK
C:[23/04/2013 20:46:35.33][201.243.200.73][1396] SELECT c_asigna FROM dace004 WHERE exp_e='08-19093841' AND c_asigna='300101' AND status IN ('0','3','B') [1][0] OK
C:[23/04/2013 20:46:35.33][201.243.200.73][1383] SELECT pre_cod_asig1,pre_cod_asig2,pre_cod_asig3,pre_cod_asig4,pre_cod_asig5,pre_cod_asig6,pre_cod_asig7 FROM tblaca009 WHERE pensum='5' AND c_uni_ca='2' AND c_asigna='300222' [1][0] OK
C:[23/04/2013 20:46:35.33][201.243.200.73][1396] SELECT c_asigna FROM dace004 WHERE exp_e='08-19093841' AND c_asigna='300112' AND status IN ('0','3','B') [1][0] OK
C:[23/04/2013 20:46:35.83][201.243.200.73][1427] SELECT par_cod_asig1,par_cod_asig2,par_cod_asig3 FROM tblaca009 WHERE pensum='5' AND c_uni_ca='2' AND c_asigna='300213' [1][0] OK
C:[23/04/2013 20:46:35.83][201.243.200.73][1441] SELECT c_asigna FROM dace004 WHERE exp_e='08-19093841' AND c_asigna='300209' AND status IN ('0','3','B','C') [1][0] OK
C:[23/04/2013 20:46:35.83][201.243.200.73][1427] SELECT par_cod_asig1,par_cod_asig2,par_cod_asig3 FROM tblaca009 WHERE pensum='5' AND c_uni_ca='2' AND c_asigna='300222' [1][0] OK
C:[23/04/2013 20:46:35.22][201.243.200.73][1557] SELECT horas_lab FROM tblaca008 WHERE c_asigna='300213' AND horas_teoricas > 0 [1][0] OK
C:[23/04/2013 20:46:35.34][201.243.200.73][1591] SELECT sum(u_creditos*1) FROM dace006 a, tblaca009 b WHERE a.exp_e='08-19093841' AND a.lapso='2013-1' AND b.pensum='5' AND b.c_uni_ca='2' AND status IN ('7','A','2') AND a.c_asigna=b.c_asigna  [1][0] OK
C:[23/04/2013 20:46:35.46][201.243.200.73][1610] SELECT sum(u_creditos*1) FROM dace006 a, tblaca009 b WHERE a.exp_e='08-19093841' AND a.lapso='2013-1' AND b.pensum='5' AND b.c_uni_ca='2' AND status IN ('7','A','2') AND a.c_asigna=b.c_asigna AND a.c_asigna IN ('300222') [1][0] OK
C:[23/04/2013 20:46:35.58][201.243.200.73][1626] SELECT MAX(semestre) FROM dace006 a, tblaca009 b WHERE a.exp_e='08-19093841' AND a.lapso='2013-1' AND b.pensum='5' AND b.c_uni_ca='2' AND status IN ('7','A','2') AND a.c_asigna=b.c_asigna  [1][0] OK
C:[23/04/2013 20:46:35.71][201.243.200.73][1646] SELECT MIN(semestre) FROM dace006 a, tblaca009 b WHERE a.exp_e='08-19093841' AND a.lapso='2013-1' AND b.pensum='5' AND b.c_uni_ca='2' AND status IN ('7','A','2') AND a.c_asigna=b.c_asigna AND a.c_asigna IN ('300213') [1][0] OK
C:[23/04/2013 20:47:31.40][201.243.200.73][1383] SELECT pre_cod_asig1,pre_cod_asig2,pre_cod_asig3,pre_cod_asig4,pre_cod_asig5,pre_cod_asig6,pre_cod_asig7 FROM tblaca009 WHERE pensum='5' AND c_uni_ca='2' AND c_asigna='300213' [1][0] OK
C:[23/04/2013 20:47:31.40][201.243.200.73][1396] SELECT c_asigna FROM dace004 WHERE exp_e='08-19093841' AND c_asigna='300101' AND status IN ('0','3','B') [1][0] OK
C:[23/04/2013 20:47:31.40][201.243.200.73][1383] SELECT pre_cod_asig1,pre_cod_asig2,pre_cod_asig3,pre_cod_asig4,pre_cod_asig5,pre_cod_asig6,pre_cod_asig7 FROM tblaca009 WHERE pensum='5' AND c_uni_ca='2' AND c_asigna='300222' [1][0] OK
C:[23/04/2013 20:47:31.40][201.243.200.73][1396] SELECT c_asigna FROM dace004 WHERE exp_e='08-19093841' AND c_asigna='300112' AND status IN ('0','3','B') [1][0] OK
C:[23/04/2013 20:47:31.90][201.243.200.73][1427] SELECT par_cod_asig1,par_cod_asig2,par_cod_asig3 FROM tblaca009 WHERE pensum='5' AND c_uni_ca='2' AND c_asigna='300213' [1][0] OK
C:[23/04/2013 20:47:31.90][201.243.200.73][1441] SELECT c_asigna FROM dace004 WHERE exp_e='08-19093841' AND c_asigna='300209' AND status IN ('0','3','B','C') [1][0] OK
C:[23/04/2013 20:47:31.90][201.243.200.73][1427] SELECT par_cod_asig1,par_cod_asig2,par_cod_asig3 FROM tblaca009 WHERE pensum='5' AND c_uni_ca='2' AND c_asigna='300222' [1][0] OK
C:[23/04/2013 20:47:31.29][201.243.200.73][1557] SELECT horas_lab FROM tblaca008 WHERE c_asigna='300213' AND horas_teoricas > 0 [1][0] OK
C:[23/04/2013 20:47:31.40][201.243.200.73][1591] SELECT sum(u_creditos*1) FROM dace006 a, tblaca009 b WHERE a.exp_e='08-19093841' AND a.lapso='2013-1' AND b.pensum='5' AND b.c_uni_ca='2' AND status IN ('7','A','2') AND a.c_asigna=b.c_asigna  [1][0] OK
C:[23/04/2013 20:47:31.53][201.243.200.73][1610] SELECT sum(u_creditos*1) FROM dace006 a, tblaca009 b WHERE a.exp_e='08-19093841' AND a.lapso='2013-1' AND b.pensum='5' AND b.c_uni_ca='2' AND status IN ('7','A','2') AND a.c_asigna=b.c_asigna AND a.c_asigna IN ('300222') [1][0] OK
C:[23/04/2013 20:47:31.65][201.243.200.73][1626] SELECT MAX(semestre) FROM dace006 a, tblaca009 b WHERE a.exp_e='08-19093841' AND a.lapso='2013-1' AND b.pensum='5' AND b.c_uni_ca='2' AND status IN ('7','A','2') AND a.c_asigna=b.c_asigna  [1][0] OK
C:[23/04/2013 20:47:31.78][201.243.200.73][1646] SELECT MIN(semestre) FROM dace006 a, tblaca009 b WHERE a.exp_e='08-19093841' AND a.lapso='2013-1' AND b.pensum='5' AND b.c_uni_ca='2' AND status IN ('7','A','2') AND a.c_asigna=b.c_asigna AND a.c_asigna IN ('300213') [1][0] OK
C:[23/04/2013 21:14:39.80][190.37.204.103][1383] SELECT pre_cod_asig1,pre_cod_asig2,pre_cod_asig3,pre_cod_asig4,pre_cod_asig5,pre_cod_asig6,pre_cod_asig7 FROM tblaca009 WHERE pensum='5' AND c_uni_ca='3' AND c_asigna='311822' [1][0] OK
C:[23/04/2013 21:14:39.80][190.37.204.103][1396] SELECT c_asigna FROM dace004 WHERE exp_e='04-18248035' AND c_asigna='311795' AND status IN ('0','3','B') [1][0] OK
C:[23/04/2013 21:14:39.80][190.37.204.103][1383] SELECT pre_cod_asig1,pre_cod_asig2,pre_cod_asig3,pre_cod_asig4,pre_cod_asig5,pre_cod_asig6,pre_cod_asig7 FROM tblaca009 WHERE pensum='5' AND c_uni_ca='3' AND c_asigna='300956' [1][0] OK
C:[23/04/2013 21:14:39.80][190.37.204.103][1396] SELECT c_asigna FROM dace004 WHERE exp_e='04-18248035' AND c_asigna='300422' AND status IN ('0','3','B') [1][0] OK
C:[23/04/2013 21:14:39.80][190.37.204.103][1396] SELECT c_asigna FROM dace004 WHERE exp_e='04-18248035' AND c_asigna='300105' AND status IN ('0','3','B') [1][0] OK
C:[23/04/2013 21:14:39.80][190.37.204.103][1396] SELECT c_asigna FROM dace004 WHERE exp_e='04-18248035' AND c_asigna='300314' AND status IN ('0','3','B') [1][0] OK
C:[23/04/2013 21:14:39.80][190.37.204.103][1383] SELECT pre_cod_asig1,pre_cod_asig2,pre_cod_asig3,pre_cod_asig4,pre_cod_asig5,pre_cod_asig6,pre_cod_asig7 FROM tblaca009 WHERE pensum='5' AND c_uni_ca='3' AND c_asigna='311099' [1][0] OK
C:[23/04/2013 21:14:39.80][190.37.204.103][1396] SELECT c_asigna FROM dace004 WHERE exp_e='04-18248035' AND c_asigna='311795' AND status IN ('0','3','B') [1][0] OK
C:[23/04/2013 21:14:39.80][190.37.204.103][1396] SELECT c_asigna FROM dace004 WHERE exp_e='04-18248035' AND c_asigna='311825' AND status IN ('0','3','B') [1][0] OK
C:[23/04/2013 21:14:39.80][190.37.204.103][1383] SELECT pre_cod_asig1,pre_cod_asig2,pre_cod_asig3,pre_cod_asig4,pre_cod_asig5,pre_cod_asig6,pre_cod_asig7 FROM tblaca009 WHERE pensum='5' AND c_uni_ca='3' AND c_asigna='311100' [1][0] OK
C:[23/04/2013 21:14:39.80][190.37.204.103][1383] SELECT pre_cod_asig1,pre_cod_asig2,pre_cod_asig3,pre_cod_asig4,pre_cod_asig5,pre_cod_asig6,pre_cod_asig7 FROM tblaca009 WHERE pensum='5' AND c_uni_ca='3' AND c_asigna='311939' [1][0] OK
C:[23/04/2013 21:14:40.17][190.37.204.103][1427] SELECT par_cod_asig1,par_cod_asig2,par_cod_asig3 FROM tblaca009 WHERE pensum='5' AND c_uni_ca='3' AND c_asigna='311822' [1][0] OK
C:[23/04/2013 21:14:40.17][190.37.204.103][1427] SELECT par_cod_asig1,par_cod_asig2,par_cod_asig3 FROM tblaca009 WHERE pensum='5' AND c_uni_ca='3' AND c_asigna='300956' [1][0] OK
C:[23/04/2013 21:14:40.17][190.37.204.103][1427] SELECT par_cod_asig1,par_cod_asig2,par_cod_asig3 FROM tblaca009 WHERE pensum='5' AND c_uni_ca='3' AND c_asigna='311099' [1][0] OK
C:[23/04/2013 21:14:40.17][190.37.204.103][1427] SELECT par_cod_asig1,par_cod_asig2,par_cod_asig3 FROM tblaca009 WHERE pensum='5' AND c_uni_ca='3' AND c_asigna='311100' [1][0] OK
C:[23/04/2013 21:14:40.17][190.37.204.103][1427] SELECT par_cod_asig1,par_cod_asig2,par_cod_asig3 FROM tblaca009 WHERE pensum='5' AND c_uni_ca='3' AND c_asigna='311939' [1][0] OK
C:[23/04/2013 21:14:40.17][190.37.204.103][1441] SELECT c_asigna FROM dace004 WHERE exp_e='04-18248035' AND c_asigna='300956' AND status IN ('0','3','B','C') [0][0] OK
C:[23/04/2013 21:14:40.94][190.37.204.103][1557] SELECT horas_lab FROM tblaca008 WHERE c_asigna='311822' AND horas_teoricas > 0 [1][0] OK
C:[23/04/2013 21:14:40.05][190.37.204.103][1591] SELECT sum(u_creditos*1) FROM dace006 a, tblaca009 b WHERE a.exp_e='04-18248035' AND a.lapso='2013-1' AND b.pensum='5' AND b.c_uni_ca='3' AND status IN ('7','A','2') AND a.c_asigna=b.c_asigna  [1][0] OK
C:[23/04/2013 21:14:40.17][190.37.204.103][1610] SELECT sum(u_creditos*1) FROM dace006 a, tblaca009 b WHERE a.exp_e='04-18248035' AND a.lapso='2013-1' AND b.pensum='5' AND b.c_uni_ca='3' AND status IN ('7','A','2') AND a.c_asigna=b.c_asigna AND a.c_asigna IN ('300956','311099','311100','311939') [1][0] OK
C:[23/04/2013 21:14:40.30][190.37.204.103][1626] SELECT MAX(semestre) FROM dace006 a, tblaca009 b WHERE a.exp_e='04-18248035' AND a.lapso='2013-1' AND b.pensum='5' AND b.c_uni_ca='3' AND status IN ('7','A','2') AND a.c_asigna=b.c_asigna  [1][0] OK
C:[23/04/2013 21:14:40.42][190.37.204.103][1646] SELECT MIN(semestre) FROM dace006 a, tblaca009 b WHERE a.exp_e='04-18248035' AND a.lapso='2013-1' AND b.pensum='5' AND b.c_uni_ca='3' AND status IN ('7','A','2') AND a.c_asigna=b.c_asigna AND a.c_asigna IN ('311822') [1][0] OK
C:[23/04/2013 21:36:54.53][190.94.233.158][1383] SELECT pre_cod_asig1,pre_cod_asig2,pre_cod_asig3,pre_cod_asig4,pre_cod_asig5,pre_cod_asig6,pre_cod_asig7 FROM tblaca009 WHERE pensum='5' AND c_uni_ca='2' AND c_asigna='322070' [1][0] OK
C:[23/04/2013 21:36:54.53][190.94.233.158][1383] SELECT pre_cod_asig1,pre_cod_asig2,pre_cod_asig3,pre_cod_asig4,pre_cod_asig5,pre_cod_asig6,pre_cod_asig7 FROM tblaca009 WHERE pensum='5' AND c_uni_ca='2' AND c_asigna='322055' [1][0] OK
C:[23/04/2013 21:36:54.53][190.94.233.158][1383] SELECT pre_cod_asig1,pre_cod_asig2,pre_cod_asig3,pre_cod_asig4,pre_cod_asig5,pre_cod_asig6,pre_cod_asig7 FROM tblaca009 WHERE pensum='5' AND c_uni_ca='2' AND c_asigna='322550' [1][0] OK
C:[23/04/2013 21:36:54.53][190.94.233.158][1396] SELECT c_asigna FROM dace004 WHERE exp_e='08-18900777' AND c_asigna='322433' AND status IN ('0','3','B') [1][0] OK
C:[23/04/2013 21:36:54.53][190.94.233.158][1383] SELECT pre_cod_asig1,pre_cod_asig2,pre_cod_asig3,pre_cod_asig4,pre_cod_asig5,pre_cod_asig6,pre_cod_asig7 FROM tblaca009 WHERE pensum='5' AND c_uni_ca='2' AND c_asigna='322939' [1][0] OK
C:[23/04/2013 21:36:54.53][190.94.233.158][1396] SELECT c_asigna FROM dace004 WHERE exp_e='08-18900777' AND c_asigna='322728' AND status IN ('0','3','B') [1][0] OK
C:[23/04/2013 21:36:54.53][190.94.233.158][1396] SELECT c_asigna FROM dace004 WHERE exp_e='08-18900777' AND c_asigna='324862' AND status IN ('0','3','B') [1][0] OK
C:[23/04/2013 21:36:54.53][190.94.233.158][1383] SELECT pre_cod_asig1,pre_cod_asig2,pre_cod_asig3,pre_cod_asig4,pre_cod_asig5,pre_cod_asig6,pre_cod_asig7 FROM tblaca009 WHERE pensum='5' AND c_uni_ca='2' AND c_asigna='333059' [1][0] OK
C:[23/04/2013 21:36:54.53][190.94.233.158][1427] SELECT par_cod_asig1,par_cod_asig2,par_cod_asig3 FROM tblaca009 WHERE pensum='5' AND c_uni_ca='2' AND c_asigna='322070' [1][0] OK
C:[23/04/2013 21:36:54.53][190.94.233.158][1427] SELECT par_cod_asig1,par_cod_asig2,par_cod_asig3 FROM tblaca009 WHERE pensum='5' AND c_uni_ca='2' AND c_asigna='322055' [1][0] OK
C:[23/04/2013 21:36:54.53][190.94.233.158][1427] SELECT par_cod_asig1,par_cod_asig2,par_cod_asig3 FROM tblaca009 WHERE pensum='5' AND c_uni_ca='2' AND c_asigna='322550' [1][0] OK
C:[23/04/2013 21:36:54.53][190.94.233.158][1427] SELECT par_cod_asig1,par_cod_asig2,par_cod_asig3 FROM tblaca009 WHERE pensum='5' AND c_uni_ca='2' AND c_asigna='322939' [1][0] OK
C:[23/04/2013 21:36:54.53][190.94.233.158][1441] SELECT c_asigna FROM dace004 WHERE exp_e='08-18900777' AND c_asigna='300956' AND status IN ('0','3','B','C') [1][0] OK
C:[23/04/2013 21:36:54.53][190.94.233.158][1427] SELECT par_cod_asig1,par_cod_asig2,par_cod_asig3 FROM tblaca009 WHERE pensum='5' AND c_uni_ca='2' AND c_asigna='333059' [1][0] OK
C:[23/04/2013 21:36:55.28][190.94.233.158][1557] SELECT horas_lab FROM tblaca008 WHERE c_asigna='322070' AND horas_teoricas > 0 [1][0] OK
C:[23/04/2013 21:36:55.40][190.94.233.158][1591] SELECT sum(u_creditos*1) FROM dace006 a, tblaca009 b WHERE a.exp_e='08-18900777' AND a.lapso='2013-1' AND b.pensum='5' AND b.c_uni_ca='2' AND status IN ('7','A','2') AND a.c_asigna=b.c_asigna  [1][0] OK
C:[23/04/2013 21:36:55.52][190.94.233.158][1610] SELECT sum(u_creditos*1) FROM dace006 a, tblaca009 b WHERE a.exp_e='08-18900777' AND a.lapso='2013-1' AND b.pensum='5' AND b.c_uni_ca='2' AND status IN ('7','A','2') AND a.c_asigna=b.c_asigna AND a.c_asigna IN ('322055','322550','322939','333059') [1][0] OK
C:[23/04/2013 21:36:55.65][190.94.233.158][1626] SELECT MAX(semestre) FROM dace006 a, tblaca009 b WHERE a.exp_e='08-18900777' AND a.lapso='2013-1' AND b.pensum='5' AND b.c_uni_ca='2' AND status IN ('7','A','2') AND a.c_asigna=b.c_asigna  [1][0] OK
C:[23/04/2013 21:36:55.77][190.94.233.158][1646] SELECT MIN(semestre) FROM dace006 a, tblaca009 b WHERE a.exp_e='08-18900777' AND a.lapso='2013-1' AND b.pensum='5' AND b.c_uni_ca='2' AND status IN ('7','A','2') AND a.c_asigna=b.c_asigna AND a.c_asigna IN ('322070') [1][0] OK
C:[23/04/2013 22:14:33.53][201.243.98.229][1383] SELECT pre_cod_asig1,pre_cod_asig2,pre_cod_asig3,pre_cod_asig4,pre_cod_asig5,pre_cod_asig6,pre_cod_asig7 FROM tblaca009 WHERE pensum='5' AND c_uni_ca='6' AND c_asigna='333059' [1][0] OK
C:[23/04/2013 22:14:33.53][201.243.98.229][1383] SELECT pre_cod_asig1,pre_cod_asig2,pre_cod_asig3,pre_cod_asig4,pre_cod_asig5,pre_cod_asig6,pre_cod_asig7 FROM tblaca009 WHERE pensum='5' AND c_uni_ca='6' AND c_asigna='300956' [1][0] OK
C:[23/04/2013 22:14:33.53][201.243.98.229][1396] SELECT c_asigna FROM dace004 WHERE exp_e='07-18805287' AND c_asigna='300422' AND status IN ('0','3','B') [1][0] OK
C:[23/04/2013 22:14:33.53][201.243.98.229][1396] SELECT c_asigna FROM dace004 WHERE exp_e='07-18805287' AND c_asigna='300105' AND status IN ('0','3','B') [1][0] OK
C:[23/04/2013 22:14:33.53][201.243.98.229][1396] SELECT c_asigna FROM dace004 WHERE exp_e='07-18805287' AND c_asigna='300314' AND status IN ('0','3','B') [1][0] OK
C:[23/04/2013 22:14:33.53][201.243.98.229][1383] SELECT pre_cod_asig1,pre_cod_asig2,pre_cod_asig3,pre_cod_asig4,pre_cod_asig5,pre_cod_asig6,pre_cod_asig7 FROM tblaca009 WHERE pensum='5' AND c_uni_ca='6' AND c_asigna='344046' [1][0] OK
C:[23/04/2013 22:14:33.53][201.243.98.229][1396] SELECT c_asigna FROM dace004 WHERE exp_e='07-18805287' AND c_asigna='344834' AND status IN ('0','3','B') [1][0] OK
C:[23/04/2013 22:14:33.53][201.243.98.229][1396] SELECT c_asigna FROM dace004 WHERE exp_e='07-18805287' AND c_asigna='344732' AND status IN ('0','3','B') [1][0] OK
C:[23/04/2013 22:14:33.53][201.243.98.229][1383] SELECT pre_cod_asig1,pre_cod_asig2,pre_cod_asig3,pre_cod_asig4,pre_cod_asig5,pre_cod_asig6,pre_cod_asig7 FROM tblaca009 WHERE pensum='5' AND c_uni_ca='6' AND c_asigna='344948' [1][0] OK
C:[23/04/2013 22:14:33.53][201.243.98.229][1383] SELECT pre_cod_asig1,pre_cod_asig2,pre_cod_asig3,pre_cod_asig4,pre_cod_asig5,pre_cod_asig6,pre_cod_asig7 FROM tblaca009 WHERE pensum='5' AND c_uni_ca='6' AND c_asigna='344953' [1][0] OK
C:[23/04/2013 22:14:33.53][201.243.98.229][1383] SELECT pre_cod_asig1,pre_cod_asig2,pre_cod_asig3,pre_cod_asig4,pre_cod_asig5,pre_cod_asig6,pre_cod_asig7 FROM tblaca009 WHERE pensum='5' AND c_uni_ca='6' AND c_asigna='344963' [1][0] OK
C:[23/04/2013 22:14:33.90][201.243.98.229][1427] SELECT par_cod_asig1,par_cod_asig2,par_cod_asig3 FROM tblaca009 WHERE pensum='5' AND c_uni_ca='6' AND c_asigna='333059' [1][0] OK
C:[23/04/2013 22:14:33.90][201.243.98.229][1427] SELECT par_cod_asig1,par_cod_asig2,par_cod_asig3 FROM tblaca009 WHERE pensum='5' AND c_uni_ca='6' AND c_asigna='300956' [1][0] OK
C:[23/04/2013 22:14:33.90][201.243.98.229][1427] SELECT par_cod_asig1,par_cod_asig2,par_cod_asig3 FROM tblaca009 WHERE pensum='5' AND c_uni_ca='6' AND c_asigna='344046' [1][0] OK
C:[23/04/2013 22:14:33.90][201.243.98.229][1427] SELECT par_cod_asig1,par_cod_asig2,par_cod_asig3 FROM tblaca009 WHERE pensum='5' AND c_uni_ca='6' AND c_asigna='344948' [1][0] OK
C:[23/04/2013 22:14:33.90][201.243.98.229][1427] SELECT par_cod_asig1,par_cod_asig2,par_cod_asig3 FROM tblaca009 WHERE pensum='5' AND c_uni_ca='6' AND c_asigna='344953' [1][0] OK
C:[23/04/2013 22:14:33.90][201.243.98.229][1427] SELECT par_cod_asig1,par_cod_asig2,par_cod_asig3 FROM tblaca009 WHERE pensum='5' AND c_uni_ca='6' AND c_asigna='344963' [1][0] OK
C:[23/04/2013 22:14:34.66][201.243.98.229][1557] SELECT horas_lab FROM tblaca008 WHERE c_asigna='333059' AND horas_teoricas > 0 [1][0] OK
C:[23/04/2013 22:14:34.77][201.243.98.229][1591] SELECT sum(u_creditos*1) FROM dace006 a, tblaca009 b WHERE a.exp_e='07-18805287' AND a.lapso='2013-1' AND b.pensum='5' AND b.c_uni_ca='6' AND status IN ('7','A','2') AND a.c_asigna=b.c_asigna  [1][0] OK
C:[23/04/2013 22:14:34.90][201.243.98.229][1610] SELECT sum(u_creditos*1) FROM dace006 a, tblaca009 b WHERE a.exp_e='07-18805287' AND a.lapso='2013-1' AND b.pensum='5' AND b.c_uni_ca='6' AND status IN ('7','A','2') AND a.c_asigna=b.c_asigna AND a.c_asigna IN ('300956','344046','344948','344953','344963') [1][0] OK
C:[23/04/2013 22:14:34.03][201.243.98.229][1626] SELECT MAX(semestre) FROM dace006 a, tblaca009 b WHERE a.exp_e='07-18805287' AND a.lapso='2013-1' AND b.pensum='5' AND b.c_uni_ca='6' AND status IN ('7','A','2') AND a.c_asigna=b.c_asigna  [1][0] OK
C:[23/04/2013 22:14:34.15][201.243.98.229][1646] SELECT MIN(semestre) FROM dace006 a, tblaca009 b WHERE a.exp_e='07-18805287' AND a.lapso='2013-1' AND b.pensum='5' AND b.c_uni_ca='6' AND status IN ('7','A','2') AND a.c_asigna=b.c_asigna AND a.c_asigna IN ('333059') [1][0] OK
C:[23/04/2013 22:19:41.14][190.200.21.26][1383] SELECT pre_cod_asig1,pre_cod_asig2,pre_cod_asig3,pre_cod_asig4,pre_cod_asig5,pre_cod_asig6,pre_cod_asig7 FROM tblaca009 WHERE pensum='5' AND c_uni_ca='4' AND c_asigna='333563' [1][0] OK
C:[23/04/2013 22:19:41.14][190.200.21.26][1396] SELECT c_asigna FROM dace004 WHERE exp_e='06-19301860' AND c_asigna='333440' AND status IN ('0','3','B') [1][0] OK
C:[23/04/2013 22:19:41.14][190.200.21.26][1396] SELECT c_asigna FROM dace004 WHERE exp_e='06-19301860' AND c_asigna='333442' AND status IN ('0','3','B') [1][0] OK
C:[23/04/2013 22:19:41.14][190.200.21.26][1396] SELECT c_asigna FROM dace004 WHERE exp_e='06-19301860' AND c_asigna='300209' AND status IN ('0','3','B') [1][0] OK
C:[23/04/2013 22:19:41.14][190.200.21.26][1383] SELECT pre_cod_asig1,pre_cod_asig2,pre_cod_asig3,pre_cod_asig4,pre_cod_asig5,pre_cod_asig6,pre_cod_asig7 FROM tblaca009 WHERE pensum='5' AND c_uni_ca='4' AND c_asigna='333707' [1][0] OK
C:[23/04/2013 22:19:41.14][190.200.21.26][1396] SELECT c_asigna FROM dace004 WHERE exp_e='06-19301860' AND c_asigna='333584' AND status IN ('0','3','B') [1][0] OK
C:[23/04/2013 22:19:41.14][190.200.21.26][1383] SELECT pre_cod_asig1,pre_cod_asig2,pre_cod_asig3,pre_cod_asig4,pre_cod_asig5,pre_cod_asig6,pre_cod_asig7 FROM tblaca009 WHERE pensum='5' AND c_uni_ca='4' AND c_asigna='333782' [1][0] OK
C:[23/04/2013 22:19:41.14][190.200.21.26][1396] SELECT c_asigna FROM dace004 WHERE exp_e='06-19301860' AND c_asigna='333606' AND status IN ('0','3','B') [1][0] OK
C:[23/04/2013 22:19:41.14][190.200.21.26][1383] SELECT pre_cod_asig1,pre_cod_asig2,pre_cod_asig3,pre_cod_asig4,pre_cod_asig5,pre_cod_asig6,pre_cod_asig7 FROM tblaca009 WHERE pensum='5' AND c_uni_ca='4' AND c_asigna='334762' [1][0] OK
C:[23/04/2013 22:19:41.14][190.200.21.26][1383] SELECT pre_cod_asig1,pre_cod_asig2,pre_cod_asig3,pre_cod_asig4,pre_cod_asig5,pre_cod_asig6,pre_cod_asig7 FROM tblaca009 WHERE pensum='5' AND c_uni_ca='4' AND c_asigna='334781' [1][0] OK
C:[23/04/2013 22:19:41.14][190.200.21.26][1396] SELECT c_asigna FROM dace004 WHERE exp_e='06-19301860' AND c_asigna='333444' AND status IN ('0','3','B') [1][0] OK
C:[23/04/2013 22:19:41.14][190.200.21.26][1396] SELECT c_asigna FROM dace004 WHERE exp_e='06-19301860' AND c_asigna='300209' AND status IN ('0','3','B') [1][0] OK
C:[23/04/2013 22:19:41.14][190.200.21.26][1396] SELECT c_asigna FROM dace004 WHERE exp_e='06-19301860' AND c_asigna='300313' AND status IN ('0','3','B') [1][0] OK
C:[23/04/2013 22:19:41.14][190.200.21.26][1396] SELECT c_asigna FROM dace004 WHERE exp_e='06-19301860' AND c_asigna='300222' AND status IN ('0','3','B') [1][0] OK
C:[23/04/2013 22:19:41.14][190.200.21.26][1396] SELECT c_asigna FROM dace004 WHERE exp_e='06-19301860' AND c_asigna='300226' AND status IN ('0','3','B') [1][0] OK
C:[23/04/2013 22:19:41.14][190.200.21.26][1396] SELECT c_asigna FROM dace004 WHERE exp_e='06-19301860' AND c_asigna='300317' AND status IN ('0','3','B') [1][0] OK
C:[23/04/2013 22:19:42.14][190.200.21.26][1427] SELECT par_cod_asig1,par_cod_asig2,par_cod_asig3 FROM tblaca009 WHERE pensum='5' AND c_uni_ca='4' AND c_asigna='333563' [1][0] OK
C:[23/04/2013 22:19:42.14][190.200.21.26][1427] SELECT par_cod_asig1,par_cod_asig2,par_cod_asig3 FROM tblaca009 WHERE pensum='5' AND c_uni_ca='4' AND c_asigna='333707' [1][0] OK
C:[23/04/2013 22:19:42.14][190.200.21.26][1441] SELECT c_asigna FROM dace004 WHERE exp_e='06-19301860' AND c_asigna='333782' AND status IN ('0','3','B','C') [0][0] OK
C:[23/04/2013 22:19:42.14][190.200.21.26][1427] SELECT par_cod_asig1,par_cod_asig2,par_cod_asig3 FROM tblaca009 WHERE pensum='5' AND c_uni_ca='4' AND c_asigna='333782' [1][0] OK
C:[23/04/2013 22:19:42.14][190.200.21.26][1427] SELECT par_cod_asig1,par_cod_asig2,par_cod_asig3 FROM tblaca009 WHERE pensum='5' AND c_uni_ca='4' AND c_asigna='334762' [1][0] OK
C:[23/04/2013 22:19:42.14][190.200.21.26][1427] SELECT par_cod_asig1,par_cod_asig2,par_cod_asig3 FROM tblaca009 WHERE pensum='5' AND c_uni_ca='4' AND c_asigna='334781' [1][0] OK
C:[23/04/2013 22:19:42.90][190.200.21.26][1557] SELECT horas_lab FROM tblaca008 WHERE c_asigna='333563' AND horas_teoricas > 0 [1][0] OK
C:[23/04/2013 22:19:42.02][190.200.21.26][1591] SELECT sum(u_creditos*1) FROM dace006 a, tblaca009 b WHERE a.exp_e='06-19301860' AND a.lapso='2013-1' AND b.pensum='5' AND b.c_uni_ca='4' AND status IN ('7','A','2') AND a.c_asigna=b.c_asigna  [1][0] OK
C:[23/04/2013 22:19:42.14][190.200.21.26][1610] SELECT sum(u_creditos*1) FROM dace006 a, tblaca009 b WHERE a.exp_e='06-19301860' AND a.lapso='2013-1' AND b.pensum='5' AND b.c_uni_ca='4' AND status IN ('7','A','2') AND a.c_asigna=b.c_asigna AND a.c_asigna IN ('333707','333782','334762','334781') [1][0] OK
C:[23/04/2013 22:19:42.26][190.200.21.26][1626] SELECT MAX(semestre) FROM dace006 a, tblaca009 b WHERE a.exp_e='06-19301860' AND a.lapso='2013-1' AND b.pensum='5' AND b.c_uni_ca='4' AND status IN ('7','A','2') AND a.c_asigna=b.c_asigna  [1][0] OK
C:[23/04/2013 22:19:42.96][190.200.21.26][1646] SELECT MIN(semestre) FROM dace006 a, tblaca009 b WHERE a.exp_e='06-19301860' AND a.lapso='2013-1' AND b.pensum='5' AND b.c_uni_ca='4' AND status IN ('7','A','2') AND a.c_asigna=b.c_asigna AND a.c_asigna IN ('333563') [1][0] OK
C:[23/04/2013 22:40:58.36][200.109.204.199][1383] SELECT pre_cod_asig1,pre_cod_asig2,pre_cod_asig3,pre_cod_asig4,pre_cod_asig5,pre_cod_asig6,pre_cod_asig7 FROM tblaca009 WHERE pensum='5' AND c_uni_ca='5' AND c_asigna='355722' [1][0] OK
C:[23/04/2013 22:40:58.36][200.109.204.199][1396] SELECT c_asigna FROM dace004 WHERE exp_e='06-19910816' AND c_asigna='355691' AND status IN ('0','3','B') [1][0] OK
C:[23/04/2013 22:40:58.36][200.109.204.199][1396] SELECT c_asigna FROM dace004 WHERE exp_e='06-19910816' AND c_asigna='355595' AND status IN ('0','3','B') [1][0] OK
C:[23/04/2013 22:40:58.36][200.109.204.199][1383] SELECT pre_cod_asig1,pre_cod_asig2,pre_cod_asig3,pre_cod_asig4,pre_cod_asig5,pre_cod_asig6,pre_cod_asig7 FROM tblaca009 WHERE pensum='5' AND c_uni_ca='5' AND c_asigna='355724' [1][0] OK
C:[23/04/2013 22:40:58.36][200.109.204.199][1396] SELECT c_asigna FROM dace004 WHERE exp_e='06-19910816' AND c_asigna='355692' AND status IN ('0','3','B') [1][0] OK
C:[23/04/2013 22:40:58.98][200.109.204.199][1427] SELECT par_cod_asig1,par_cod_asig2,par_cod_asig3 FROM tblaca009 WHERE pensum='5' AND c_uni_ca='5' AND c_asigna='355722' [1][0] OK
C:[23/04/2013 22:40:58.98][200.109.204.199][1427] SELECT par_cod_asig1,par_cod_asig2,par_cod_asig3 FROM tblaca009 WHERE pensum='5' AND c_uni_ca='5' AND c_asigna='355724' [1][0] OK
C:[23/04/2013 22:40:58.24][200.109.204.199][1557] SELECT horas_lab FROM tblaca008 WHERE c_asigna='355722' AND horas_teoricas > 0 [1][0] OK
C:[23/04/2013 22:40:58.36][200.109.204.199][1591] SELECT sum(u_creditos*1) FROM dace006 a, tblaca009 b WHERE a.exp_e='06-19910816' AND a.lapso='2013-1' AND b.pensum='5' AND b.c_uni_ca='5' AND status IN ('7','A','2') AND a.c_asigna=b.c_asigna  [1][0] OK
C:[23/04/2013 22:40:58.51][200.109.204.199][1610] SELECT sum(u_creditos*1) FROM dace006 a, tblaca009 b WHERE a.exp_e='06-19910816' AND a.lapso='2013-1' AND b.pensum='5' AND b.c_uni_ca='5' AND status IN ('7','A','2') AND a.c_asigna=b.c_asigna AND a.c_asigna IN ('355724') [1][0] OK
C:[23/04/2013 22:40:58.60][200.109.204.199][1626] SELECT MAX(semestre) FROM dace006 a, tblaca009 b WHERE a.exp_e='06-19910816' AND a.lapso='2013-1' AND b.pensum='5' AND b.c_uni_ca='5' AND status IN ('7','A','2') AND a.c_asigna=b.c_asigna  [1][0] OK
C:[23/04/2013 22:40:58.73][200.109.204.199][1646] SELECT MIN(semestre) FROM dace006 a, tblaca009 b WHERE a.exp_e='06-19910816' AND a.lapso='2013-1' AND b.pensum='5' AND b.c_uni_ca='5' AND status IN ('7','A','2') AND a.c_asigna=b.c_asigna AND a.c_asigna IN ('355722') [1][0] OK
C:[23/04/2013 22:44:15.88][200.109.204.199][1383] SELECT pre_cod_asig1,pre_cod_asig2,pre_cod_asig3,pre_cod_asig4,pre_cod_asig5,pre_cod_asig6,pre_cod_asig7 FROM tblaca009 WHERE pensum='5' AND c_uni_ca='5' AND c_asigna='355722' [1][0] OK
C:[23/04/2013 22:44:15.88][200.109.204.199][1396] SELECT c_asigna FROM dace004 WHERE exp_e='06-19910816' AND c_asigna='355691' AND status IN ('0','3','B') [1][0] OK
C:[23/04/2013 22:44:15.88][200.109.204.199][1396] SELECT c_asigna FROM dace004 WHERE exp_e='06-19910816' AND c_asigna='355595' AND status IN ('0','3','B') [1][0] OK
C:[23/04/2013 22:44:15.88][200.109.204.199][1383] SELECT pre_cod_asig1,pre_cod_asig2,pre_cod_asig3,pre_cod_asig4,pre_cod_asig5,pre_cod_asig6,pre_cod_asig7 FROM tblaca009 WHERE pensum='5' AND c_uni_ca='5' AND c_asigna='355724' [1][0] OK
C:[23/04/2013 22:44:15.88][200.109.204.199][1396] SELECT c_asigna FROM dace004 WHERE exp_e='06-19910816' AND c_asigna='355692' AND status IN ('0','3','B') [1][0] OK
C:[23/04/2013 22:44:15.50][200.109.204.199][1427] SELECT par_cod_asig1,par_cod_asig2,par_cod_asig3 FROM tblaca009 WHERE pensum='5' AND c_uni_ca='5' AND c_asigna='355722' [1][0] OK
C:[23/04/2013 22:44:15.50][200.109.204.199][1427] SELECT par_cod_asig1,par_cod_asig2,par_cod_asig3 FROM tblaca009 WHERE pensum='5' AND c_uni_ca='5' AND c_asigna='355724' [1][0] OK
C:[23/04/2013 22:44:15.76][200.109.204.199][1557] SELECT horas_lab FROM tblaca008 WHERE c_asigna='355722' AND horas_teoricas > 0 [1][0] OK
C:[23/04/2013 22:44:15.88][200.109.204.199][1591] SELECT sum(u_creditos*1) FROM dace006 a, tblaca009 b WHERE a.exp_e='06-19910816' AND a.lapso='2013-1' AND b.pensum='5' AND b.c_uni_ca='5' AND status IN ('7','A','2') AND a.c_asigna=b.c_asigna  [1][0] OK
C:[23/04/2013 22:44:16.00][200.109.204.199][1610] SELECT sum(u_creditos*1) FROM dace006 a, tblaca009 b WHERE a.exp_e='06-19910816' AND a.lapso='2013-1' AND b.pensum='5' AND b.c_uni_ca='5' AND status IN ('7','A','2') AND a.c_asigna=b.c_asigna AND a.c_asigna IN ('355724') [1][0] OK
C:[23/04/2013 22:44:16.13][200.109.204.199][1626] SELECT MAX(semestre) FROM dace006 a, tblaca009 b WHERE a.exp_e='06-19910816' AND a.lapso='2013-1' AND b.pensum='5' AND b.c_uni_ca='5' AND status IN ('7','A','2') AND a.c_asigna=b.c_asigna  [1][0] OK
C:[23/04/2013 22:44:16.25][200.109.204.199][1646] SELECT MIN(semestre) FROM dace006 a, tblaca009 b WHERE a.exp_e='06-19910816' AND a.lapso='2013-1' AND b.pensum='5' AND b.c_uni_ca='5' AND status IN ('7','A','2') AND a.c_asigna=b.c_asigna AND a.c_asigna IN ('355722') [1][0] OK
C:[23/04/2013 23:09:30.41][200.109.204.199][1383] SELECT pre_cod_asig1,pre_cod_asig2,pre_cod_asig3,pre_cod_asig4,pre_cod_asig5,pre_cod_asig6,pre_cod_asig7 FROM tblaca009 WHERE pensum='5' AND c_uni_ca='5' AND c_asigna='355722' [1][0] OK
C:[23/04/2013 23:09:30.41][200.109.204.199][1396] SELECT c_asigna FROM dace004 WHERE exp_e='06-19910816' AND c_asigna='355691' AND status IN ('0','3','B') [1][0] OK
C:[23/04/2013 23:09:30.41][200.109.204.199][1396] SELECT c_asigna FROM dace004 WHERE exp_e='06-19910816' AND c_asigna='355595' AND status IN ('0','3','B') [1][0] OK
C:[23/04/2013 23:09:30.41][200.109.204.199][1383] SELECT pre_cod_asig1,pre_cod_asig2,pre_cod_asig3,pre_cod_asig4,pre_cod_asig5,pre_cod_asig6,pre_cod_asig7 FROM tblaca009 WHERE pensum='5' AND c_uni_ca='5' AND c_asigna='355724' [1][0] OK
C:[23/04/2013 23:09:30.41][200.109.204.199][1396] SELECT c_asigna FROM dace004 WHERE exp_e='06-19910816' AND c_asigna='355692' AND status IN ('0','3','B') [1][0] OK
C:[23/04/2013 23:09:30.04][200.109.204.199][1427] SELECT par_cod_asig1,par_cod_asig2,par_cod_asig3 FROM tblaca009 WHERE pensum='5' AND c_uni_ca='5' AND c_asigna='355722' [1][0] OK
C:[23/04/2013 23:09:30.04][200.109.204.199][1427] SELECT par_cod_asig1,par_cod_asig2,par_cod_asig3 FROM tblaca009 WHERE pensum='5' AND c_uni_ca='5' AND c_asigna='355724' [1][0] OK
C:[23/04/2013 23:09:30.30][200.109.204.199][1557] SELECT horas_lab FROM tblaca008 WHERE c_asigna='355722' AND horas_teoricas > 0 [1][0] OK
C:[23/04/2013 23:09:30.41][200.109.204.199][1591] SELECT sum(u_creditos*1) FROM dace006 a, tblaca009 b WHERE a.exp_e='06-19910816' AND a.lapso='2013-1' AND b.pensum='5' AND b.c_uni_ca='5' AND status IN ('7','A','2') AND a.c_asigna=b.c_asigna  [1][0] OK
C:[23/04/2013 23:09:30.54][200.109.204.199][1610] SELECT sum(u_creditos*1) FROM dace006 a, tblaca009 b WHERE a.exp_e='06-19910816' AND a.lapso='2013-1' AND b.pensum='5' AND b.c_uni_ca='5' AND status IN ('7','A','2') AND a.c_asigna=b.c_asigna AND a.c_asigna IN ('355724') [1][0] OK
C:[23/04/2013 23:09:31.67][200.109.204.199][1626] SELECT MAX(semestre) FROM dace006 a, tblaca009 b WHERE a.exp_e='06-19910816' AND a.lapso='2013-1' AND b.pensum='5' AND b.c_uni_ca='5' AND status IN ('7','A','2') AND a.c_asigna=b.c_asigna  [1][0] OK
C:[23/04/2013 23:09:31.78][200.109.204.199][1646] SELECT MIN(semestre) FROM dace006 a, tblaca009 b WHERE a.exp_e='06-19910816' AND a.lapso='2013-1' AND b.pensum='5' AND b.c_uni_ca='5' AND status IN ('7','A','2') AND a.c_asigna=b.c_asigna AND a.c_asigna IN ('355722') [1][0] OK
C:[23/04/2013 23:10:55.30][200.109.195.123][1383] SELECT pre_cod_asig1,pre_cod_asig2,pre_cod_asig3,pre_cod_asig4,pre_cod_asig5,pre_cod_asig6,pre_cod_asig7 FROM tblaca009 WHERE pensum='5' AND c_uni_ca='2' AND c_asigna='322550' [1][0] OK
C:[23/04/2013 23:10:55.30][200.109.195.123][1396] SELECT c_asigna FROM dace004 WHERE exp_e='10-25696186' AND c_asigna='322433' AND status IN ('0','3','B') [1][0] OK
C:[23/04/2013 23:10:55.30][200.109.195.123][1383] SELECT pre_cod_asig1,pre_cod_asig2,pre_cod_asig3,pre_cod_asig4,pre_cod_asig5,pre_cod_asig6,pre_cod_asig7 FROM tblaca009 WHERE pensum='5' AND c_uni_ca='2' AND c_asigna='300422' [1][0] OK
C:[23/04/2013 23:10:55.30][200.109.195.123][1396] SELECT c_asigna FROM dace004 WHERE exp_e='10-25696186' AND c_asigna='300105' AND status IN ('0','3','B') [1][0] OK
C:[23/04/2013 23:10:55.30][200.109.195.123][1396] SELECT c_asigna FROM dace004 WHERE exp_e='10-25696186' AND c_asigna='300314' AND status IN ('0','3','B') [1][0] OK
C:[23/04/2013 23:10:55.30][200.109.195.123][1383] SELECT pre_cod_asig1,pre_cod_asig2,pre_cod_asig3,pre_cod_asig4,pre_cod_asig5,pre_cod_asig6,pre_cod_asig7 FROM tblaca009 WHERE pensum='5' AND c_uni_ca='2' AND c_asigna='322605' [1][0] OK
C:[23/04/2013 23:10:55.30][200.109.195.123][1396] SELECT c_asigna FROM dace004 WHERE exp_e='10-25696186' AND c_asigna='322436' AND status IN ('0','3','B') [1][0] OK
C:[23/04/2013 23:10:55.30][200.109.195.123][1383] SELECT pre_cod_asig1,pre_cod_asig2,pre_cod_asig3,pre_cod_asig4,pre_cod_asig5,pre_cod_asig6,pre_cod_asig7 FROM tblaca009 WHERE pensum='5' AND c_uni_ca='2' AND c_asigna='322669' [1][0] OK
C:[23/04/2013 23:10:55.30][200.109.195.123][1396] SELECT c_asigna FROM dace004 WHERE exp_e='10-25696186' AND c_asigna='322558' AND status IN ('0','3','B') [1][0] OK
C:[23/04/2013 23:10:55.30][200.109.195.123][1396] SELECT c_asigna FROM dace004 WHERE exp_e='10-25696186' AND c_asigna='323528' AND status IN ('0','3','B') [1][0] OK
C:[23/04/2013 23:10:55.30][200.109.195.123][1383] SELECT pre_cod_asig1,pre_cod_asig2,pre_cod_asig3,pre_cod_asig4,pre_cod_asig5,pre_cod_asig6,pre_cod_asig7 FROM tblaca009 WHERE pensum='5' AND c_uni_ca='2' AND c_asigna='322681' [1][0] OK
C:[23/04/2013 23:10:55.30][200.109.195.123][1396] SELECT c_asigna FROM dace004 WHERE exp_e='10-25696186' AND c_asigna='320437' AND status IN ('0','3','B') [1][0] OK
C:[23/04/2013 23:10:55.30][200.109.195.123][1396] SELECT c_asigna FROM dace004 WHERE exp_e='10-25696186' AND c_asigna='322449' AND status IN ('0','3','B') [1][0] OK
C:[23/04/2013 23:10:55.30][200.109.195.123][1396] SELECT c_asigna FROM dace004 WHERE exp_e='10-25696186' AND c_asigna='300313' AND status IN ('0','3','B') [1][0] OK
C:[23/04/2013 23:10:55.30][200.109.195.123][1396] SELECT c_asigna FROM dace004 WHERE exp_e='10-25696186' AND c_asigna='300209' AND status IN ('0','3','B') [1][0] OK
C:[23/04/2013 23:10:55.30][200.109.195.123][1396] SELECT c_asigna FROM dace004 WHERE exp_e='10-25696186' AND c_asigna='300226' AND status IN ('0','3','B') [1][0] OK
C:[23/04/2013 23:10:55.30][200.109.195.123][1383] SELECT pre_cod_asig1,pre_cod_asig2,pre_cod_asig3,pre_cod_asig4,pre_cod_asig5,pre_cod_asig6,pre_cod_asig7 FROM tblaca009 WHERE pensum='5' AND c_uni_ca='2' AND c_asigna='322683' [1][0] OK
C:[23/04/2013 23:10:55.30][200.109.195.123][1396] SELECT c_asigna FROM dace004 WHERE exp_e='10-25696186' AND c_asigna='322560' AND status IN ('0','3','B') [1][0] OK
C:[23/04/2013 23:10:56.55][200.109.195.123][1427] SELECT par_cod_asig1,par_cod_asig2,par_cod_asig3 FROM tblaca009 WHERE pensum='5' AND c_uni_ca='2' AND c_asigna='322550' [1][0] OK
C:[23/04/2013 23:10:56.55][200.109.195.123][1427] SELECT par_cod_asig1,par_cod_asig2,par_cod_asig3 FROM tblaca009 WHERE pensum='5' AND c_uni_ca='2' AND c_asigna='300422' [1][0] OK
C:[23/04/2013 23:10:56.55][200.109.195.123][1427] SELECT par_cod_asig1,par_cod_asig2,par_cod_asig3 FROM tblaca009 WHERE pensum='5' AND c_uni_ca='2' AND c_asigna='322605' [1][0] OK
C:[23/04/2013 23:10:56.55][200.109.195.123][1427] SELECT par_cod_asig1,par_cod_asig2,par_cod_asig3 FROM tblaca009 WHERE pensum='5' AND c_uni_ca='2' AND c_asigna='322669' [1][0] OK
C:[23/04/2013 23:10:56.55][200.109.195.123][1427] SELECT par_cod_asig1,par_cod_asig2,par_cod_asig3 FROM tblaca009 WHERE pensum='5' AND c_uni_ca='2' AND c_asigna='322681' [1][0] OK
C:[23/04/2013 23:10:56.55][200.109.195.123][1427] SELECT par_cod_asig1,par_cod_asig2,par_cod_asig3 FROM tblaca009 WHERE pensum='5' AND c_uni_ca='2' AND c_asigna='322683' [1][0] OK
C:[23/04/2013 23:10:56.55][200.109.195.123][1441] SELECT c_asigna FROM dace004 WHERE exp_e='10-25696186' AND c_asigna='322681' AND status IN ('0','3','B','C') [0][0] OK
C:[23/04/2013 23:10:56.43][200.109.195.123][1557] SELECT horas_lab FROM tblaca008 WHERE c_asigna='322550' AND horas_teoricas > 0 [1][0] OK
C:[23/04/2013 23:10:56.55][200.109.195.123][1591] SELECT sum(u_creditos*1) FROM dace006 a, tblaca009 b WHERE a.exp_e='10-25696186' AND a.lapso='2013-1' AND b.pensum='5' AND b.c_uni_ca='2' AND status IN ('7','A','2') AND a.c_asigna=b.c_asigna  [1][0] OK
C:[23/04/2013 23:10:56.68][200.109.195.123][1610] SELECT sum(u_creditos*1) FROM dace006 a, tblaca009 b WHERE a.exp_e='10-25696186' AND a.lapso='2013-1' AND b.pensum='5' AND b.c_uni_ca='2' AND status IN ('7','A','2') AND a.c_asigna=b.c_asigna AND a.c_asigna IN ('300422','322605','322669','322681','322683') [1][0] OK
C:[23/04/2013 23:10:56.79][200.109.195.123][1626] SELECT MAX(semestre) FROM dace006 a, tblaca009 b WHERE a.exp_e='10-25696186' AND a.lapso='2013-1' AND b.pensum='5' AND b.c_uni_ca='2' AND status IN ('7','A','2') AND a.c_asigna=b.c_asigna  [1][0] OK
C:[23/04/2013 23:10:56.92][200.109.195.123][1646] SELECT MIN(semestre) FROM dace006 a, tblaca009 b WHERE a.exp_e='10-25696186' AND a.lapso='2013-1' AND b.pensum='5' AND b.c_uni_ca='2' AND status IN ('7','A','2') AND a.c_asigna=b.c_asigna AND a.c_asigna IN ('322550') [1][0] OK
C:[24/04/2013 00:00:18.68][190.94.249.116][1383] SELECT pre_cod_asig1,pre_cod_asig2,pre_cod_asig3,pre_cod_asig4,pre_cod_asig5,pre_cod_asig6,pre_cod_asig7 FROM tblaca009 WHERE pensum='5' AND c_uni_ca='5' AND c_asigna='351451' [1][0] OK
C:[24/04/2013 00:00:18.68][190.94.249.116][1396] SELECT c_asigna FROM dace004 WHERE exp_e='10-20994954' AND c_asigna='351330' AND status IN ('0','3','B') [1][0] OK
C:[24/04/2013 00:00:18.68][190.94.249.116][1396] SELECT c_asigna FROM dace004 WHERE exp_e='10-20994954' AND c_asigna='355350' AND status IN ('0','3','B') [1][0] OK
C:[24/04/2013 00:00:18.68][190.94.249.116][1396] SELECT c_asigna FROM dace004 WHERE exp_e='10-20994954' AND c_asigna='300318' AND status IN ('0','3','B') [1][0] OK
C:[24/04/2013 00:00:18.68][190.94.249.116][1396] SELECT c_asigna FROM dace004 WHERE exp_e='10-20994954' AND c_asigna='300209' AND status IN ('0','3','B') [1][0] OK
C:[24/04/2013 00:00:18.68][190.94.249.116][1396] SELECT c_asigna FROM dace004 WHERE exp_e='10-20994954' AND c_asigna='300222' AND status IN ('0','3','B') [1][0] OK
C:[24/04/2013 00:00:18.68][190.94.249.116][1383] SELECT pre_cod_asig1,pre_cod_asig2,pre_cod_asig3,pre_cod_asig4,pre_cod_asig5,pre_cod_asig6,pre_cod_asig7 FROM tblaca009 WHERE pensum='5' AND c_uni_ca='5' AND c_asigna='352440' [1][0] OK
C:[24/04/2013 00:00:18.68][190.94.249.116][1396] SELECT c_asigna FROM dace004 WHERE exp_e='10-20994954' AND c_asigna='300317' AND status IN ('0','3','B') [1][0] OK
C:[24/04/2013 00:00:18.68][190.94.249.116][1396] SELECT c_asigna FROM dace004 WHERE exp_e='10-20994954' AND c_asigna='300013' AND status IN ('0','3','B') [1][0] OK
C:[24/04/2013 00:00:18.68][190.94.249.116][1396] SELECT c_asigna FROM dace004 WHERE exp_e='10-20994954' AND c_asigna='300113' AND status IN ('0','3','B') [1][0] OK
C:[24/04/2013 00:00:18.68][190.94.249.116][1383] SELECT pre_cod_asig1,pre_cod_asig2,pre_cod_asig3,pre_cod_asig4,pre_cod_asig5,pre_cod_asig6,pre_cod_asig7 FROM tblaca009 WHERE pensum='5' AND c_uni_ca='5' AND c_asigna='355570' [1][0] OK
C:[24/04/2013 00:00:18.68][190.94.249.116][1396] SELECT c_asigna FROM dace004 WHERE exp_e='10-20994954' AND c_asigna='355447' AND status IN ('0','3','B') [1][0] OK
C:[24/04/2013 00:00:18.68][190.94.249.116][1383] SELECT pre_cod_asig1,pre_cod_asig2,pre_cod_asig3,pre_cod_asig4,pre_cod_asig5,pre_cod_asig6,pre_cod_asig7 FROM tblaca009 WHERE pensum='5' AND c_uni_ca='5' AND c_asigna='355571' [1][0] OK
C:[24/04/2013 00:00:18.68][190.94.249.116][1396] SELECT c_asigna FROM dace004 WHERE exp_e='10-20994954' AND c_asigna='355447' AND status IN ('0','3','B') [1][0] OK
C:[24/04/2013 00:00:18.68][190.94.249.116][1383] SELECT pre_cod_asig1,pre_cod_asig2,pre_cod_asig3,pre_cod_asig4,pre_cod_asig5,pre_cod_asig6,pre_cod_asig7 FROM tblaca009 WHERE pensum='5' AND c_uni_ca='5' AND c_asigna='355572' [1][0] OK
C:[24/04/2013 00:00:18.68][190.94.249.116][1396] SELECT c_asigna FROM dace004 WHERE exp_e='10-20994954' AND c_asigna='300428' AND status IN ('0','3','B') [1][0] OK
C:[24/04/2013 00:00:18.68][190.94.249.116][1427] SELECT par_cod_asig1,par_cod_asig2,par_cod_asig3 FROM tblaca009 WHERE pensum='5' AND c_uni_ca='5' AND c_asigna='351451' [1][0] OK
C:[24/04/2013 00:00:18.68][190.94.249.116][1427] SELECT par_cod_asig1,par_cod_asig2,par_cod_asig3 FROM tblaca009 WHERE pensum='5' AND c_uni_ca='5' AND c_asigna='352440' [1][0] OK
C:[24/04/2013 00:00:18.68][190.94.249.116][1427] SELECT par_cod_asig1,par_cod_asig2,par_cod_asig3 FROM tblaca009 WHERE pensum='5' AND c_uni_ca='5' AND c_asigna='355570' [1][0] OK
C:[24/04/2013 00:00:18.68][190.94.249.116][1427] SELECT par_cod_asig1,par_cod_asig2,par_cod_asig3 FROM tblaca009 WHERE pensum='5' AND c_uni_ca='5' AND c_asigna='355571' [1][0] OK
C:[24/04/2013 00:00:18.68][190.94.249.116][1427] SELECT par_cod_asig1,par_cod_asig2,par_cod_asig3 FROM tblaca009 WHERE pensum='5' AND c_uni_ca='5' AND c_asigna='355572' [1][0] OK
C:[24/04/2013 00:00:18.32][190.94.249.116][1557] SELECT horas_lab FROM tblaca008 WHERE c_asigna='351451' AND horas_teoricas > 0 [1][0] OK
C:[24/04/2013 00:00:18.44][190.94.249.116][1591] SELECT sum(u_creditos*1) FROM dace006 a, tblaca009 b WHERE a.exp_e='10-20994954' AND a.lapso='2013-1' AND b.pensum='5' AND b.c_uni_ca='5' AND status IN ('7','A','2') AND a.c_asigna=b.c_asigna  [1][0] OK
C:[24/04/2013 00:00:18.56][190.94.249.116][1610] SELECT sum(u_creditos*1) FROM dace006 a, tblaca009 b WHERE a.exp_e='10-20994954' AND a.lapso='2013-1' AND b.pensum='5' AND b.c_uni_ca='5' AND status IN ('7','A','2') AND a.c_asigna=b.c_asigna AND a.c_asigna IN ('352440','355570','355571','355572') [1][0] OK
C:[24/04/2013 00:00:18.68][190.94.249.116][1626] SELECT MAX(semestre) FROM dace006 a, tblaca009 b WHERE a.exp_e='10-20994954' AND a.lapso='2013-1' AND b.pensum='5' AND b.c_uni_ca='5' AND status IN ('7','A','2') AND a.c_asigna=b.c_asigna  [1][0] OK
C:[24/04/2013 00:00:18.80][190.94.249.116][1646] SELECT MIN(semestre) FROM dace006 a, tblaca009 b WHERE a.exp_e='10-20994954' AND a.lapso='2013-1' AND b.pensum='5' AND b.c_uni_ca='5' AND status IN ('7','A','2') AND a.c_asigna=b.c_asigna AND a.c_asigna IN ('351451') [1][0] OK
C:[24/04/2013 00:01:09.51][190.94.249.116][1383] SELECT pre_cod_asig1,pre_cod_asig2,pre_cod_asig3,pre_cod_asig4,pre_cod_asig5,pre_cod_asig6,pre_cod_asig7 FROM tblaca009 WHERE pensum='5' AND c_uni_ca='5' AND c_asigna='351451' [1][0] OK
C:[24/04/2013 00:01:09.51][190.94.249.116][1396] SELECT c_asigna FROM dace004 WHERE exp_e='10-20994954' AND c_asigna='351330' AND status IN ('0','3','B') [1][0] OK
C:[24/04/2013 00:01:09.51][190.94.249.116][1396] SELECT c_asigna FROM dace004 WHERE exp_e='10-20994954' AND c_asigna='355350' AND status IN ('0','3','B') [1][0] OK
C:[24/04/2013 00:01:09.51][190.94.249.116][1396] SELECT c_asigna FROM dace004 WHERE exp_e='10-20994954' AND c_asigna='300318' AND status IN ('0','3','B') [1][0] OK
C:[24/04/2013 00:01:09.51][190.94.249.116][1396] SELECT c_asigna FROM dace004 WHERE exp_e='10-20994954' AND c_asigna='300209' AND status IN ('0','3','B') [1][0] OK
C:[24/04/2013 00:01:09.51][190.94.249.116][1396] SELECT c_asigna FROM dace004 WHERE exp_e='10-20994954' AND c_asigna='300222' AND status IN ('0','3','B') [1][0] OK
C:[24/04/2013 00:01:09.51][190.94.249.116][1383] SELECT pre_cod_asig1,pre_cod_asig2,pre_cod_asig3,pre_cod_asig4,pre_cod_asig5,pre_cod_asig6,pre_cod_asig7 FROM tblaca009 WHERE pensum='5' AND c_uni_ca='5' AND c_asigna='352440' [1][0] OK
C:[24/04/2013 00:01:09.51][190.94.249.116][1396] SELECT c_asigna FROM dace004 WHERE exp_e='10-20994954' AND c_asigna='300317' AND status IN ('0','3','B') [1][0] OK
C:[24/04/2013 00:01:09.51][190.94.249.116][1396] SELECT c_asigna FROM dace004 WHERE exp_e='10-20994954' AND c_asigna='300013' AND status IN ('0','3','B') [1][0] OK
C:[24/04/2013 00:01:09.51][190.94.249.116][1396] SELECT c_asigna FROM dace004 WHERE exp_e='10-20994954' AND c_asigna='300113' AND status IN ('0','3','B') [1][0] OK
C:[24/04/2013 00:01:09.51][190.94.249.116][1383] SELECT pre_cod_asig1,pre_cod_asig2,pre_cod_asig3,pre_cod_asig4,pre_cod_asig5,pre_cod_asig6,pre_cod_asig7 FROM tblaca009 WHERE pensum='5' AND c_uni_ca='5' AND c_asigna='355570' [1][0] OK
C:[24/04/2013 00:01:09.51][190.94.249.116][1396] SELECT c_asigna FROM dace004 WHERE exp_e='10-20994954' AND c_asigna='355447' AND status IN ('0','3','B') [1][0] OK
C:[24/04/2013 00:01:09.51][190.94.249.116][1383] SELECT pre_cod_asig1,pre_cod_asig2,pre_cod_asig3,pre_cod_asig4,pre_cod_asig5,pre_cod_asig6,pre_cod_asig7 FROM tblaca009 WHERE pensum='5' AND c_uni_ca='5' AND c_asigna='355571' [1][0] OK
C:[24/04/2013 00:01:09.51][190.94.249.116][1396] SELECT c_asigna FROM dace004 WHERE exp_e='10-20994954' AND c_asigna='355447' AND status IN ('0','3','B') [1][0] OK
C:[24/04/2013 00:01:09.51][190.94.249.116][1383] SELECT pre_cod_asig1,pre_cod_asig2,pre_cod_asig3,pre_cod_asig4,pre_cod_asig5,pre_cod_asig6,pre_cod_asig7 FROM tblaca009 WHERE pensum='5' AND c_uni_ca='5' AND c_asigna='355572' [1][0] OK
C:[24/04/2013 00:01:09.51][190.94.249.116][1396] SELECT c_asigna FROM dace004 WHERE exp_e='10-20994954' AND c_asigna='300428' AND status IN ('0','3','B') [1][0] OK
C:[24/04/2013 00:01:09.51][190.94.249.116][1427] SELECT par_cod_asig1,par_cod_asig2,par_cod_asig3 FROM tblaca009 WHERE pensum='5' AND c_uni_ca='5' AND c_asigna='351451' [1][0] OK
C:[24/04/2013 00:01:09.51][190.94.249.116][1427] SELECT par_cod_asig1,par_cod_asig2,par_cod_asig3 FROM tblaca009 WHERE pensum='5' AND c_uni_ca='5' AND c_asigna='352440' [1][0] OK
C:[24/04/2013 00:01:09.51][190.94.249.116][1427] SELECT par_cod_asig1,par_cod_asig2,par_cod_asig3 FROM tblaca009 WHERE pensum='5' AND c_uni_ca='5' AND c_asigna='355570' [1][0] OK
C:[24/04/2013 00:01:09.51][190.94.249.116][1427] SELECT par_cod_asig1,par_cod_asig2,par_cod_asig3 FROM tblaca009 WHERE pensum='5' AND c_uni_ca='5' AND c_asigna='355571' [1][0] OK
C:[24/04/2013 00:01:09.51][190.94.249.116][1427] SELECT par_cod_asig1,par_cod_asig2,par_cod_asig3 FROM tblaca009 WHERE pensum='5' AND c_uni_ca='5' AND c_asigna='355572' [1][0] OK
C:[24/04/2013 00:01:09.27][190.94.249.116][1557] SELECT horas_lab FROM tblaca008 WHERE c_asigna='351451' AND horas_teoricas > 0 [1][0] OK
C:[24/04/2013 00:01:09.39][190.94.249.116][1591] SELECT sum(u_creditos*1) FROM dace006 a, tblaca009 b WHERE a.exp_e='10-20994954' AND a.lapso='2013-1' AND b.pensum='5' AND b.c_uni_ca='5' AND status IN ('7','A','2') AND a.c_asigna=b.c_asigna  [1][0] OK
C:[24/04/2013 00:01:09.51][190.94.249.116][1610] SELECT sum(u_creditos*1) FROM dace006 a, tblaca009 b WHERE a.exp_e='10-20994954' AND a.lapso='2013-1' AND b.pensum='5' AND b.c_uni_ca='5' AND status IN ('7','A','2') AND a.c_asigna=b.c_asigna AND a.c_asigna IN ('352440','355570','355571','355572') [1][0] OK
C:[24/04/2013 00:01:09.63][190.94.249.116][1626] SELECT MAX(semestre) FROM dace006 a, tblaca009 b WHERE a.exp_e='10-20994954' AND a.lapso='2013-1' AND b.pensum='5' AND b.c_uni_ca='5' AND status IN ('7','A','2') AND a.c_asigna=b.c_asigna  [1][0] OK
C:[24/04/2013 00:01:09.76][190.94.249.116][1646] SELECT MIN(semestre) FROM dace006 a, tblaca009 b WHERE a.exp_e='10-20994954' AND a.lapso='2013-1' AND b.pensum='5' AND b.c_uni_ca='5' AND status IN ('7','A','2') AND a.c_asigna=b.c_asigna AND a.c_asigna IN ('351451') [1][0] OK
C:[24/04/2013 00:49:09.35][200.90.103.110][1383] SELECT pre_cod_asig1,pre_cod_asig2,pre_cod_asig3,pre_cod_asig4,pre_cod_asig5,pre_cod_asig6,pre_cod_asig7 FROM tblaca009 WHERE pensum='5' AND c_uni_ca='6' AND c_asigna='300318' [1][0] OK
C:[24/04/2013 00:49:09.35][200.90.103.110][1396] SELECT c_asigna FROM dace004 WHERE exp_e='07-20223102' AND c_asigna='300228' AND status IN ('0','3','B') [1][0] OK
C:[24/04/2013 00:49:09.35][200.90.103.110][1396] SELECT c_asigna FROM dace004 WHERE exp_e='07-20223102' AND c_asigna='300207' AND status IN ('0','3','B') [1][0] OK
C:[24/04/2013 00:49:09.35][200.90.103.110][1396] SELECT c_asigna FROM dace004 WHERE exp_e='07-20223102' AND c_asigna='300218' AND status IN ('0','3','B') [1][0] OK
C:[24/04/2013 00:49:09.35][200.90.103.110][1383] SELECT pre_cod_asig1,pre_cod_asig2,pre_cod_asig3,pre_cod_asig4,pre_cod_asig5,pre_cod_asig6,pre_cod_asig7 FROM tblaca009 WHERE pensum='5' AND c_uni_ca='6' AND c_asigna='300213' [1][0] OK
C:[24/04/2013 00:49:09.35][200.90.103.110][1396] SELECT c_asigna FROM dace004 WHERE exp_e='07-20223102' AND c_asigna='300101' AND status IN ('0','3','B') [1][0] OK
C:[24/04/2013 00:49:09.10][200.90.103.110][1427] SELECT par_cod_asig1,par_cod_asig2,par_cod_asig3 FROM tblaca009 WHERE pensum='5' AND c_uni_ca='6' AND c_asigna='300318' [1][0] OK
C:[24/04/2013 00:49:09.10][200.90.103.110][1427] SELECT par_cod_asig1,par_cod_asig2,par_cod_asig3 FROM tblaca009 WHERE pensum='5' AND c_uni_ca='6' AND c_asigna='300213' [1][0] OK
C:[24/04/2013 00:49:09.10][200.90.103.110][1441] SELECT c_asigna FROM dace004 WHERE exp_e='07-20223102' AND c_asigna='300209' AND status IN ('0','3','B','C') [1][0] OK
C:[24/04/2013 00:49:09.49][200.90.103.110][1557] SELECT horas_lab FROM tblaca008 WHERE c_asigna='300318' AND horas_teoricas > 0 [1][0] OK
C:[24/04/2013 00:49:09.60][200.90.103.110][1591] SELECT sum(u_creditos*1) FROM dace006 a, tblaca009 b WHERE a.exp_e='07-20223102' AND a.lapso='2013-1' AND b.pensum='5' AND b.c_uni_ca='6' AND status IN ('7','A','2') AND a.c_asigna=b.c_asigna  [1][0] OK
C:[24/04/2013 00:49:09.73][200.90.103.110][1610] SELECT sum(u_creditos*1) FROM dace006 a, tblaca009 b WHERE a.exp_e='07-20223102' AND a.lapso='2013-1' AND b.pensum='5' AND b.c_uni_ca='6' AND status IN ('7','A','2') AND a.c_asigna=b.c_asigna AND a.c_asigna IN ('300213') [1][0] OK
C:[24/04/2013 00:49:09.85][200.90.103.110][1626] SELECT MAX(semestre) FROM dace006 a, tblaca009 b WHERE a.exp_e='07-20223102' AND a.lapso='2013-1' AND b.pensum='5' AND b.c_uni_ca='6' AND status IN ('7','A','2') AND a.c_asigna=b.c_asigna  [1][0] OK
C:[24/04/2013 00:49:09.98][200.90.103.110][1646] SELECT MIN(semestre) FROM dace006 a, tblaca009 b WHERE a.exp_e='07-20223102' AND a.lapso='2013-1' AND b.pensum='5' AND b.c_uni_ca='6' AND status IN ('7','A','2') AND a.c_asigna=b.c_asigna AND a.c_asigna IN ('300318') [1][0] OK
C:[24/04/2013 00:50:03.07][200.90.103.110][1383] SELECT pre_cod_asig1,pre_cod_asig2,pre_cod_asig3,pre_cod_asig4,pre_cod_asig5,pre_cod_asig6,pre_cod_asig7 FROM tblaca009 WHERE pensum='5' AND c_uni_ca='6' AND c_asigna='300318' [1][0] OK
C:[24/04/2013 00:50:03.07][200.90.103.110][1396] SELECT c_asigna FROM dace004 WHERE exp_e='07-20223102' AND c_asigna='300228' AND status IN ('0','3','B') [1][0] OK
C:[24/04/2013 00:50:03.07][200.90.103.110][1396] SELECT c_asigna FROM dace004 WHERE exp_e='07-20223102' AND c_asigna='300207' AND status IN ('0','3','B') [1][0] OK
C:[24/04/2013 00:50:03.07][200.90.103.110][1396] SELECT c_asigna FROM dace004 WHERE exp_e='07-20223102' AND c_asigna='300218' AND status IN ('0','3','B') [1][0] OK
C:[24/04/2013 00:50:03.07][200.90.103.110][1383] SELECT pre_cod_asig1,pre_cod_asig2,pre_cod_asig3,pre_cod_asig4,pre_cod_asig5,pre_cod_asig6,pre_cod_asig7 FROM tblaca009 WHERE pensum='5' AND c_uni_ca='6' AND c_asigna='300213' [1][0] OK
C:[24/04/2013 00:50:03.07][200.90.103.110][1396] SELECT c_asigna FROM dace004 WHERE exp_e='07-20223102' AND c_asigna='300101' AND status IN ('0','3','B') [1][0] OK
C:[24/04/2013 00:50:03.81][200.90.103.110][1427] SELECT par_cod_asig1,par_cod_asig2,par_cod_asig3 FROM tblaca009 WHERE pensum='5' AND c_uni_ca='6' AND c_asigna='300318' [1][0] OK
C:[24/04/2013 00:50:03.81][200.90.103.110][1427] SELECT par_cod_asig1,par_cod_asig2,par_cod_asig3 FROM tblaca009 WHERE pensum='5' AND c_uni_ca='6' AND c_asigna='300213' [1][0] OK
C:[24/04/2013 00:50:03.81][200.90.103.110][1441] SELECT c_asigna FROM dace004 WHERE exp_e='07-20223102' AND c_asigna='300209' AND status IN ('0','3','B','C') [1][0] OK
C:[24/04/2013 00:50:03.20][200.90.103.110][1557] SELECT horas_lab FROM tblaca008 WHERE c_asigna='300318' AND horas_teoricas > 0 [1][0] OK
C:[24/04/2013 00:50:03.31][200.90.103.110][1591] SELECT sum(u_creditos*1) FROM dace006 a, tblaca009 b WHERE a.exp_e='07-20223102' AND a.lapso='2013-1' AND b.pensum='5' AND b.c_uni_ca='6' AND status IN ('7','A','2') AND a.c_asigna=b.c_asigna  [1][0] OK
C:[24/04/2013 00:50:03.44][200.90.103.110][1610] SELECT sum(u_creditos*1) FROM dace006 a, tblaca009 b WHERE a.exp_e='07-20223102' AND a.lapso='2013-1' AND b.pensum='5' AND b.c_uni_ca='6' AND status IN ('7','A','2') AND a.c_asigna=b.c_asigna AND a.c_asigna IN ('300213') [1][0] OK
C:[24/04/2013 00:50:03.56][200.90.103.110][1626] SELECT MAX(semestre) FROM dace006 a, tblaca009 b WHERE a.exp_e='07-20223102' AND a.lapso='2013-1' AND b.pensum='5' AND b.c_uni_ca='6' AND status IN ('7','A','2') AND a.c_asigna=b.c_asigna  [1][0] OK
C:[24/04/2013 00:50:03.69][200.90.103.110][1646] SELECT MIN(semestre) FROM dace006 a, tblaca009 b WHERE a.exp_e='07-20223102' AND a.lapso='2013-1' AND b.pensum='5' AND b.c_uni_ca='6' AND status IN ('7','A','2') AND a.c_asigna=b.c_asigna AND a.c_asigna IN ('300318') [1][0] OK
C:[24/04/2013 03:29:09.05][200.90.114.68][1383] SELECT pre_cod_asig1,pre_cod_asig2,pre_cod_asig3,pre_cod_asig4,pre_cod_asig5,pre_cod_asig6,pre_cod_asig7 FROM tblaca009 WHERE pensum='5' AND c_uni_ca='2' AND c_asigna='322070' [1][0] OK
C:[24/04/2013 03:29:09.05][200.90.114.68][1383] SELECT pre_cod_asig1,pre_cod_asig2,pre_cod_asig3,pre_cod_asig4,pre_cod_asig5,pre_cod_asig6,pre_cod_asig7 FROM tblaca009 WHERE pensum='5' AND c_uni_ca='2' AND c_asigna='300870' [1][0] OK
C:[24/04/2013 03:29:09.05][200.90.114.68][1383] SELECT pre_cod_asig1,pre_cod_asig2,pre_cod_asig3,pre_cod_asig4,pre_cod_asig5,pre_cod_asig6,pre_cod_asig7 FROM tblaca009 WHERE pensum='5' AND c_uni_ca='2' AND c_asigna='322033' [1][0] OK
C:[24/04/2013 03:29:09.05][200.90.114.68][1383] SELECT pre_cod_asig1,pre_cod_asig2,pre_cod_asig3,pre_cod_asig4,pre_cod_asig5,pre_cod_asig6,pre_cod_asig7 FROM tblaca009 WHERE pensum='5' AND c_uni_ca='2' AND c_asigna='322055' [1][0] OK
C:[24/04/2013 03:29:09.05][200.90.114.68][1383] SELECT pre_cod_asig1,pre_cod_asig2,pre_cod_asig3,pre_cod_asig4,pre_cod_asig5,pre_cod_asig6,pre_cod_asig7 FROM tblaca009 WHERE pensum='5' AND c_uni_ca='2' AND c_asigna='322826' [1][0] OK
C:[24/04/2013 03:29:09.05][200.90.114.68][1396] SELECT c_asigna FROM dace004 WHERE exp_e='08-20555226' AND c_asigna='322702' AND status IN ('0','3','B') [1][0] OK
C:[24/04/2013 03:29:09.05][200.90.114.68][1383] SELECT pre_cod_asig1,pre_cod_asig2,pre_cod_asig3,pre_cod_asig4,pre_cod_asig5,pre_cod_asig6,pre_cod_asig7 FROM tblaca009 WHERE pensum='5' AND c_uni_ca='2' AND c_asigna='322827' [1][0] OK
C:[24/04/2013 03:29:09.05][200.90.114.68][1396] SELECT c_asigna FROM dace004 WHERE exp_e='08-20555226' AND c_asigna='322703' AND status IN ('0','3','B') [1][0] OK
C:[24/04/2013 03:29:09.05][200.90.114.68][1396] SELECT c_asigna FROM dace004 WHERE exp_e='08-20555226' AND c_asigna='322782' AND status IN ('0','3','B') [1][0] OK
C:[24/04/2013 03:29:09.05][200.90.114.68][1396] SELECT c_asigna FROM dace004 WHERE exp_e='08-20555226' AND c_asigna='322449' AND status IN ('0','3','B') [1][0] OK
C:[24/04/2013 03:29:09.05][200.90.114.68][1383] SELECT pre_cod_asig1,pre_cod_asig2,pre_cod_asig3,pre_cod_asig4,pre_cod_asig5,pre_cod_asig6,pre_cod_asig7 FROM tblaca009 WHERE pensum='5' AND c_uni_ca='2' AND c_asigna='333059' [1][0] OK
C:[24/04/2013 03:29:10.43][200.90.114.68][1427] SELECT par_cod_asig1,par_cod_asig2,par_cod_asig3 FROM tblaca009 WHERE pensum='5' AND c_uni_ca='2' AND c_asigna='322070' [1][0] OK
C:[24/04/2013 03:29:10.43][200.90.114.68][1427] SELECT par_cod_asig1,par_cod_asig2,par_cod_asig3 FROM tblaca009 WHERE pensum='5' AND c_uni_ca='2' AND c_asigna='300870' [1][0] OK
C:[24/04/2013 03:29:10.43][200.90.114.68][1427] SELECT par_cod_asig1,par_cod_asig2,par_cod_asig3 FROM tblaca009 WHERE pensum='5' AND c_uni_ca='2' AND c_asigna='322033' [1][0] OK
C:[24/04/2013 03:29:10.43][200.90.114.68][1427] SELECT par_cod_asig1,par_cod_asig2,par_cod_asig3 FROM tblaca009 WHERE pensum='5' AND c_uni_ca='2' AND c_asigna='322055' [1][0] OK
C:[24/04/2013 03:29:10.43][200.90.114.68][1427] SELECT par_cod_asig1,par_cod_asig2,par_cod_asig3 FROM tblaca009 WHERE pensum='5' AND c_uni_ca='2' AND c_asigna='322826' [1][0] OK
C:[24/04/2013 03:29:10.43][200.90.114.68][1427] SELECT par_cod_asig1,par_cod_asig2,par_cod_asig3 FROM tblaca009 WHERE pensum='5' AND c_uni_ca='2' AND c_asigna='322827' [1][0] OK
C:[24/04/2013 03:29:10.43][200.90.114.68][1427] SELECT par_cod_asig1,par_cod_asig2,par_cod_asig3 FROM tblaca009 WHERE pensum='5' AND c_uni_ca='2' AND c_asigna='333059' [1][0] OK
C:[24/04/2013 03:29:10.31][200.90.114.68][1557] SELECT horas_lab FROM tblaca008 WHERE c_asigna='322070' AND horas_teoricas > 0 [1][0] OK
C:[24/04/2013 03:29:10.42][200.90.114.68][1591] SELECT sum(u_creditos*1) FROM dace006 a, tblaca009 b WHERE a.exp_e='08-20555226' AND a.lapso='2013-1' AND b.pensum='5' AND b.c_uni_ca='2' AND status IN ('7','A','2') AND a.c_asigna=b.c_asigna  [1][0] OK
C:[24/04/2013 03:29:10.55][200.90.114.68][1610] SELECT sum(u_creditos*1) FROM dace006 a, tblaca009 b WHERE a.exp_e='08-20555226' AND a.lapso='2013-1' AND b.pensum='5' AND b.c_uni_ca='2' AND status IN ('7','A','2') AND a.c_asigna=b.c_asigna AND a.c_asigna IN ('300870','322033','322055','322826','322827','333059') [1][0] OK
C:[24/04/2013 03:29:10.67][200.90.114.68][1626] SELECT MAX(semestre) FROM dace006 a, tblaca009 b WHERE a.exp_e='08-20555226' AND a.lapso='2013-1' AND b.pensum='5' AND b.c_uni_ca='2' AND status IN ('7','A','2') AND a.c_asigna=b.c_asigna  [1][0] OK
C:[24/04/2013 03:29:10.80][200.90.114.68][1646] SELECT MIN(semestre) FROM dace006 a, tblaca009 b WHERE a.exp_e='08-20555226' AND a.lapso='2013-1' AND b.pensum='5' AND b.c_uni_ca='2' AND status IN ('7','A','2') AND a.c_asigna=b.c_asigna AND a.c_asigna IN ('322070') [1][0] OK
C:[24/04/2013 03:31:08.30][200.90.114.68][1383] SELECT pre_cod_asig1,pre_cod_asig2,pre_cod_asig3,pre_cod_asig4,pre_cod_asig5,pre_cod_asig6,pre_cod_asig7 FROM tblaca009 WHERE pensum='5' AND c_uni_ca='2' AND c_asigna='300870' [1][0] OK
C:[24/04/2013 03:31:08.30][200.90.114.68][1383] SELECT pre_cod_asig1,pre_cod_asig2,pre_cod_asig3,pre_cod_asig4,pre_cod_asig5,pre_cod_asig6,pre_cod_asig7 FROM tblaca009 WHERE pensum='5' AND c_uni_ca='2' AND c_asigna='322033' [1][0] OK
C:[24/04/2013 03:31:08.30][200.90.114.68][1383] SELECT pre_cod_asig1,pre_cod_asig2,pre_cod_asig3,pre_cod_asig4,pre_cod_asig5,pre_cod_asig6,pre_cod_asig7 FROM tblaca009 WHERE pensum='5' AND c_uni_ca='2' AND c_asigna='322055' [1][0] OK
C:[24/04/2013 03:31:08.30][200.90.114.68][1383] SELECT pre_cod_asig1,pre_cod_asig2,pre_cod_asig3,pre_cod_asig4,pre_cod_asig5,pre_cod_asig6,pre_cod_asig7 FROM tblaca009 WHERE pensum='5' AND c_uni_ca='2' AND c_asigna='322826' [1][0] OK
C:[24/04/2013 03:31:08.30][200.90.114.68][1396] SELECT c_asigna FROM dace004 WHERE exp_e='08-20555226' AND c_asigna='322702' AND status IN ('0','3','B') [1][0] OK
C:[24/04/2013 03:31:08.30][200.90.114.68][1383] SELECT pre_cod_asig1,pre_cod_asig2,pre_cod_asig3,pre_cod_asig4,pre_cod_asig5,pre_cod_asig6,pre_cod_asig7 FROM tblaca009 WHERE pensum='5' AND c_uni_ca='2' AND c_asigna='322827' [1][0] OK
C:[24/04/2013 03:31:08.30][200.90.114.68][1396] SELECT c_asigna FROM dace004 WHERE exp_e='08-20555226' AND c_asigna='322703' AND status IN ('0','3','B') [1][0] OK
C:[24/04/2013 03:31:08.30][200.90.114.68][1396] SELECT c_asigna FROM dace004 WHERE exp_e='08-20555226' AND c_asigna='322782' AND status IN ('0','3','B') [1][0] OK
C:[24/04/2013 03:31:08.30][200.90.114.68][1396] SELECT c_asigna FROM dace004 WHERE exp_e='08-20555226' AND c_asigna='322449' AND status IN ('0','3','B') [1][0] OK
C:[24/04/2013 03:31:08.30][200.90.114.68][1383] SELECT pre_cod_asig1,pre_cod_asig2,pre_cod_asig3,pre_cod_asig4,pre_cod_asig5,pre_cod_asig6,pre_cod_asig7 FROM tblaca009 WHERE pensum='5' AND c_uni_ca='2' AND c_asigna='333059' [1][0] OK
C:[24/04/2013 03:31:08.55][200.90.114.68][1427] SELECT par_cod_asig1,par_cod_asig2,par_cod_asig3 FROM tblaca009 WHERE pensum='5' AND c_uni_ca='2' AND c_asigna='300870' [1][0] OK
C:[24/04/2013 03:31:08.55][200.90.114.68][1427] SELECT par_cod_asig1,par_cod_asig2,par_cod_asig3 FROM tblaca009 WHERE pensum='5' AND c_uni_ca='2' AND c_asigna='322033' [1][0] OK
C:[24/04/2013 03:31:08.55][200.90.114.68][1427] SELECT par_cod_asig1,par_cod_asig2,par_cod_asig3 FROM tblaca009 WHERE pensum='5' AND c_uni_ca='2' AND c_asigna='322055' [1][0] OK
C:[24/04/2013 03:31:08.55][200.90.114.68][1427] SELECT par_cod_asig1,par_cod_asig2,par_cod_asig3 FROM tblaca009 WHERE pensum='5' AND c_uni_ca='2' AND c_asigna='322826' [1][0] OK
C:[24/04/2013 03:31:08.55][200.90.114.68][1427] SELECT par_cod_asig1,par_cod_asig2,par_cod_asig3 FROM tblaca009 WHERE pensum='5' AND c_uni_ca='2' AND c_asigna='322827' [1][0] OK
C:[24/04/2013 03:31:08.55][200.90.114.68][1427] SELECT par_cod_asig1,par_cod_asig2,par_cod_asig3 FROM tblaca009 WHERE pensum='5' AND c_uni_ca='2' AND c_asigna='333059' [1][0] OK
C:[24/04/2013 03:31:09.31][200.90.114.68][1557] SELECT horas_lab FROM tblaca008 WHERE c_asigna='300870' AND horas_teoricas > 0 [1][0] OK
C:[24/04/2013 03:31:09.43][200.90.114.68][1591] SELECT sum(u_creditos*1) FROM dace006 a, tblaca009 b WHERE a.exp_e='08-20555226' AND a.lapso='2013-1' AND b.pensum='5' AND b.c_uni_ca='2' AND status IN ('7','A','2') AND a.c_asigna=b.c_asigna  [1][0] OK
C:[24/04/2013 03:31:09.55][200.90.114.68][1610] SELECT sum(u_creditos*1) FROM dace006 a, tblaca009 b WHERE a.exp_e='08-20555226' AND a.lapso='2013-1' AND b.pensum='5' AND b.c_uni_ca='2' AND status IN ('7','A','2') AND a.c_asigna=b.c_asigna AND a.c_asigna IN ('322033','322055','322826','322827','333059') [1][0] OK
C:[24/04/2013 03:31:09.68][200.90.114.68][1626] SELECT MAX(semestre) FROM dace006 a, tblaca009 b WHERE a.exp_e='08-20555226' AND a.lapso='2013-1' AND b.pensum='5' AND b.c_uni_ca='2' AND status IN ('7','A','2') AND a.c_asigna=b.c_asigna  [1][0] OK
C:[24/04/2013 03:31:09.80][200.90.114.68][1646] SELECT MIN(semestre) FROM dace006 a, tblaca009 b WHERE a.exp_e='08-20555226' AND a.lapso='2013-1' AND b.pensum='5' AND b.c_uni_ca='2' AND status IN ('7','A','2') AND a.c_asigna=b.c_asigna AND a.c_asigna IN ('300870') [1][0] OK
C:[24/04/2013 05:43:46.37][186.89.184.241][1383] SELECT pre_cod_asig1,pre_cod_asig2,pre_cod_asig3,pre_cod_asig4,pre_cod_asig5,pre_cod_asig6,pre_cod_asig7 FROM tblaca009 WHERE pensum='5' AND c_uni_ca='6' AND c_asigna='344445' [1][0] OK
C:[24/04/2013 05:43:46.37][186.89.184.241][1383] SELECT pre_cod_asig1,pre_cod_asig2,pre_cod_asig3,pre_cod_asig4,pre_cod_asig5,pre_cod_asig6,pre_cod_asig7 FROM tblaca009 WHERE pensum='5' AND c_uni_ca='6' AND c_asigna='311561' [1][0] OK
C:[24/04/2013 05:43:46.37][186.89.184.241][1396] SELECT c_asigna FROM dace004 WHERE exp_e='12-15909987' AND c_asigna='300318' AND status IN ('0','3','B') [1][0] OK
C:[24/04/2013 05:43:46.37][186.89.184.241][1383] SELECT pre_cod_asig1,pre_cod_asig2,pre_cod_asig3,pre_cod_asig4,pre_cod_asig5,pre_cod_asig6,pre_cod_asig7 FROM tblaca009 WHERE pensum='5' AND c_uni_ca='6' AND c_asigna='340323' [1][0] OK
C:[24/04/2013 05:43:46.37][186.89.184.241][1396] SELECT c_asigna FROM dace004 WHERE exp_e='12-15909987' AND c_asigna='300228' AND status IN ('0','3','B') [1][0] OK
C:[24/04/2013 05:43:46.37][186.89.184.241][1396] SELECT c_asigna FROM dace004 WHERE exp_e='12-15909987' AND c_asigna='300207' AND status IN ('0','3','B') [1][0] OK
C:[24/04/2013 05:43:46.37][186.89.184.241][1383] SELECT pre_cod_asig1,pre_cod_asig2,pre_cod_asig3,pre_cod_asig4,pre_cod_asig5,pre_cod_asig6,pre_cod_asig7 FROM tblaca009 WHERE pensum='5' AND c_uni_ca='6' AND c_asigna='342436' [1][0] OK
C:[24/04/2013 05:43:46.37][186.89.184.241][1396] SELECT c_asigna FROM dace004 WHERE exp_e='12-15909987' AND c_asigna='300318' AND status IN ('0','3','B') [1][0] OK
C:[24/04/2013 05:43:46.37][186.89.184.241][1396] SELECT c_asigna FROM dace004 WHERE exp_e='12-15909987' AND c_asigna='300317' AND status IN ('0','3','B') [1][0] OK
C:[24/04/2013 05:43:46.53][186.89.184.241][1427] SELECT par_cod_asig1,par_cod_asig2,par_cod_asig3 FROM tblaca009 WHERE pensum='5' AND c_uni_ca='6' AND c_asigna='344445' [1][0] OK
C:[24/04/2013 05:43:46.53][186.89.184.241][1427] SELECT par_cod_asig1,par_cod_asig2,par_cod_asig3 FROM tblaca009 WHERE pensum='5' AND c_uni_ca='6' AND c_asigna='311561' [1][0] OK
C:[24/04/2013 05:43:46.53][186.89.184.241][1427] SELECT par_cod_asig1,par_cod_asig2,par_cod_asig3 FROM tblaca009 WHERE pensum='5' AND c_uni_ca='6' AND c_asigna='340323' [1][0] OK
C:[24/04/2013 05:43:46.53][186.89.184.241][1427] SELECT par_cod_asig1,par_cod_asig2,par_cod_asig3 FROM tblaca009 WHERE pensum='5' AND c_uni_ca='6' AND c_asigna='342436' [1][0] OK
C:[24/04/2013 05:43:46.01][186.89.184.241][1557] SELECT horas_lab FROM tblaca008 WHERE c_asigna='344445' AND horas_teoricas > 0 [1][0] OK
C:[24/04/2013 05:43:46.12][186.89.184.241][1591] SELECT sum(u_creditos*1) FROM dace006 a, tblaca009 b WHERE a.exp_e='12-15909987' AND a.lapso='2013-1' AND b.pensum='5' AND b.c_uni_ca='6' AND status IN ('7','A','2') AND a.c_asigna=b.c_asigna  [1][0] OK
C:[24/04/2013 05:43:46.25][186.89.184.241][1610] SELECT sum(u_creditos*1) FROM dace006 a, tblaca009 b WHERE a.exp_e='12-15909987' AND a.lapso='2013-1' AND b.pensum='5' AND b.c_uni_ca='6' AND status IN ('7','A','2') AND a.c_asigna=b.c_asigna AND a.c_asigna IN ('311561','340323','342436') [1][0] OK
C:[24/04/2013 05:43:46.37][186.89.184.241][1626] SELECT MAX(semestre) FROM dace006 a, tblaca009 b WHERE a.exp_e='12-15909987' AND a.lapso='2013-1' AND b.pensum='5' AND b.c_uni_ca='6' AND status IN ('7','A','2') AND a.c_asigna=b.c_asigna  [1][0] OK
C:[24/04/2013 05:43:46.49][186.89.184.241][1646] SELECT MIN(semestre) FROM dace006 a, tblaca009 b WHERE a.exp_e='12-15909987' AND a.lapso='2013-1' AND b.pensum='5' AND b.c_uni_ca='6' AND status IN ('7','A','2') AND a.c_asigna=b.c_asigna AND a.c_asigna IN ('344445') [1][0] OK
C:[24/04/2013 08:47:24.21][190.37.175.42][1383] SELECT pre_cod_asig1,pre_cod_asig2,pre_cod_asig3,pre_cod_asig4,pre_cod_asig5,pre_cod_asig6,pre_cod_asig7 FROM tblaca009 WHERE pensum='5' AND c_uni_ca='4' AND c_asigna='300228' [1][0] OK
C:[24/04/2013 08:47:24.21][190.37.175.42][1396] SELECT c_asigna FROM dace004 WHERE exp_e='12-24702272' AND c_asigna='300101' AND status IN ('0','3','B') [1][0] OK
C:[24/04/2013 08:47:24.21][190.37.175.42][1383] SELECT pre_cod_asig1,pre_cod_asig2,pre_cod_asig3,pre_cod_asig4,pre_cod_asig5,pre_cod_asig6,pre_cod_asig7 FROM tblaca009 WHERE pensum='5' AND c_uni_ca='4' AND c_asigna='300207' [1][0] OK
C:[24/04/2013 08:47:24.21][190.37.175.42][1396] SELECT c_asigna FROM dace004 WHERE exp_e='12-24702272' AND c_asigna='300101' AND status IN ('0','3','B') [1][0] OK
C:[24/04/2013 08:47:24.21][190.37.175.42][1383] SELECT pre_cod_asig1,pre_cod_asig2,pre_cod_asig3,pre_cod_asig4,pre_cod_asig5,pre_cod_asig6,pre_cod_asig7 FROM tblaca009 WHERE pensum='5' AND c_uni_ca='4' AND c_asigna='300209' [1][0] OK
C:[24/04/2013 08:47:24.21][190.37.175.42][1396] SELECT c_asigna FROM dace004 WHERE exp_e='12-24702272' AND c_asigna='300101' AND status IN ('0','3','B') [1][0] OK
C:[24/04/2013 08:47:24.21][190.37.175.42][1383] SELECT pre_cod_asig1,pre_cod_asig2,pre_cod_asig3,pre_cod_asig4,pre_cod_asig5,pre_cod_asig6,pre_cod_asig7 FROM tblaca009 WHERE pensum='5' AND c_uni_ca='4' AND c_asigna='300213' [1][0] OK
C:[24/04/2013 08:47:24.21][190.37.175.42][1396] SELECT c_asigna FROM dace004 WHERE exp_e='12-24702272' AND c_asigna='300101' AND status IN ('0','3','B') [1][0] OK
C:[24/04/2013 08:47:24.21][190.37.175.42][1383] SELECT pre_cod_asig1,pre_cod_asig2,pre_cod_asig3,pre_cod_asig4,pre_cod_asig5,pre_cod_asig6,pre_cod_asig7 FROM tblaca009 WHERE pensum='5' AND c_uni_ca='4' AND c_asigna='300222' [1][0] OK
C:[24/04/2013 08:47:24.21][190.37.175.42][1396] SELECT c_asigna FROM dace004 WHERE exp_e='12-24702272' AND c_asigna='300112' AND status IN ('0','3','B') [1][0] OK
C:[24/04/2013 08:47:25.02][190.37.175.42][1427] SELECT par_cod_asig1,par_cod_asig2,par_cod_asig3 FROM tblaca009 WHERE pensum='5' AND c_uni_ca='4' AND c_asigna='300228' [1][0] OK
C:[24/04/2013 08:47:25.02][190.37.175.42][1427] SELECT par_cod_asig1,par_cod_asig2,par_cod_asig3 FROM tblaca009 WHERE pensum='5' AND c_uni_ca='4' AND c_asigna='300207' [1][0] OK
C:[24/04/2013 08:47:25.02][190.37.175.42][1427] SELECT par_cod_asig1,par_cod_asig2,par_cod_asig3 FROM tblaca009 WHERE pensum='5' AND c_uni_ca='4' AND c_asigna='300209' [1][0] OK
C:[24/04/2013 08:47:25.02][190.37.175.42][1427] SELECT par_cod_asig1,par_cod_asig2,par_cod_asig3 FROM tblaca009 WHERE pensum='5' AND c_uni_ca='4' AND c_asigna='300213' [1][0] OK
C:[24/04/2013 08:47:25.02][190.37.175.42][1441] SELECT c_asigna FROM dace004 WHERE exp_e='12-24702272' AND c_asigna='300209' AND status IN ('0','3','B','C') [0][0] OK
C:[24/04/2013 08:47:25.02][190.37.175.42][1427] SELECT par_cod_asig1,par_cod_asig2,par_cod_asig3 FROM tblaca009 WHERE pensum='5' AND c_uni_ca='4' AND c_asigna='300222' [1][0] OK
C:[24/04/2013 08:47:25.78][190.37.175.42][1557] SELECT horas_lab FROM tblaca008 WHERE c_asigna='300228' AND horas_teoricas > 0 [1][0] OK
C:[24/04/2013 08:47:25.89][190.37.175.42][1591] SELECT sum(u_creditos*1) FROM dace006 a, tblaca009 b WHERE a.exp_e='12-24702272' AND a.lapso='2013-1' AND b.pensum='5' AND b.c_uni_ca='4' AND status IN ('7','A','2') AND a.c_asigna=b.c_asigna  [1][0] OK
C:[24/04/2013 08:47:25.02][190.37.175.42][1610] SELECT sum(u_creditos*1) FROM dace006 a, tblaca009 b WHERE a.exp_e='12-24702272' AND a.lapso='2013-1' AND b.pensum='5' AND b.c_uni_ca='4' AND status IN ('7','A','2') AND a.c_asigna=b.c_asigna AND a.c_asigna IN ('300207','300209','300213','300222') [1][0] OK
C:[24/04/2013 08:47:25.14][190.37.175.42][1626] SELECT MAX(semestre) FROM dace006 a, tblaca009 b WHERE a.exp_e='12-24702272' AND a.lapso='2013-1' AND b.pensum='5' AND b.c_uni_ca='4' AND status IN ('7','A','2') AND a.c_asigna=b.c_asigna  [1][0] OK
C:[24/04/2013 08:47:25.27][190.37.175.42][1646] SELECT MIN(semestre) FROM dace006 a, tblaca009 b WHERE a.exp_e='12-24702272' AND a.lapso='2013-1' AND b.pensum='5' AND b.c_uni_ca='4' AND status IN ('7','A','2') AND a.c_asigna=b.c_asigna AND a.c_asigna IN ('300228') [1][0] OK
C:[24/04/2013 08:48:34.57][190.37.175.42][1383] SELECT pre_cod_asig1,pre_cod_asig2,pre_cod_asig3,pre_cod_asig4,pre_cod_asig5,pre_cod_asig6,pre_cod_asig7 FROM tblaca009 WHERE pensum='5' AND c_uni_ca='5' AND c_asigna='300013' [1][0] OK
C:[24/04/2013 08:48:34.57][190.37.175.42][1383] SELECT pre_cod_asig1,pre_cod_asig2,pre_cod_asig3,pre_cod_asig4,pre_cod_asig5,pre_cod_asig6,pre_cod_asig7 FROM tblaca009 WHERE pensum='5' AND c_uni_ca='5' AND c_asigna='300207' [1][0] OK
C:[24/04/2013 08:48:34.57][190.37.175.42][1396] SELECT c_asigna FROM dace004 WHERE exp_e='11-19703944' AND c_asigna='300101' AND status IN ('0','3','B') [1][0] OK
C:[24/04/2013 08:48:34.94][190.37.175.42][1427] SELECT par_cod_asig1,par_cod_asig2,par_cod_asig3 FROM tblaca009 WHERE pensum='5' AND c_uni_ca='5' AND c_asigna='300013' [1][0] OK
C:[24/04/2013 08:48:34.94][190.37.175.42][1427] SELECT par_cod_asig1,par_cod_asig2,par_cod_asig3 FROM tblaca009 WHERE pensum='5' AND c_uni_ca='5' AND c_asigna='300207' [1][0] OK
C:[24/04/2013 08:48:35.21][190.37.175.42][1557] SELECT horas_lab FROM tblaca008 WHERE c_asigna='300013' AND horas_teoricas > 0 [1][0] OK
C:[24/04/2013 08:48:35.32][190.37.175.42][1591] SELECT sum(u_creditos*1) FROM dace006 a, tblaca009 b WHERE a.exp_e='11-19703944' AND a.lapso='2013-1' AND b.pensum='5' AND b.c_uni_ca='5' AND status IN ('7','A','2') AND a.c_asigna=b.c_asigna  [1][0] OK
C:[24/04/2013 08:48:35.45][190.37.175.42][1610] SELECT sum(u_creditos*1) FROM dace006 a, tblaca009 b WHERE a.exp_e='11-19703944' AND a.lapso='2013-1' AND b.pensum='5' AND b.c_uni_ca='5' AND status IN ('7','A','2') AND a.c_asigna=b.c_asigna AND a.c_asigna IN ('300207') [1][0] OK
C:[24/04/2013 08:48:35.57][190.37.175.42][1626] SELECT MAX(semestre) FROM dace006 a, tblaca009 b WHERE a.exp_e='11-19703944' AND a.lapso='2013-1' AND b.pensum='5' AND b.c_uni_ca='5' AND status IN ('7','A','2') AND a.c_asigna=b.c_asigna  [1][0] OK
C:[24/04/2013 08:48:35.69][190.37.175.42][1646] SELECT MIN(semestre) FROM dace006 a, tblaca009 b WHERE a.exp_e='11-19703944' AND a.lapso='2013-1' AND b.pensum='5' AND b.c_uni_ca='5' AND status IN ('7','A','2') AND a.c_asigna=b.c_asigna AND a.c_asigna IN ('300013') [1][0] OK
C:[24/04/2013 08:49:44.92][190.37.175.42][1383] SELECT pre_cod_asig1,pre_cod_asig2,pre_cod_asig3,pre_cod_asig4,pre_cod_asig5,pre_cod_asig6,pre_cod_asig7 FROM tblaca009 WHERE pensum='5' AND c_uni_ca='5' AND c_asigna='300013' [1][0] OK
C:[24/04/2013 08:49:44.92][190.37.175.42][1383] SELECT pre_cod_asig1,pre_cod_asig2,pre_cod_asig3,pre_cod_asig4,pre_cod_asig5,pre_cod_asig6,pre_cod_asig7 FROM tblaca009 WHERE pensum='5' AND c_uni_ca='5' AND c_asigna='300207' [1][0] OK
C:[24/04/2013 08:49:44.92][190.37.175.42][1396] SELECT c_asigna FROM dace004 WHERE exp_e='11-19703944' AND c_asigna='300101' AND status IN ('0','3','B') [1][0] OK
C:[24/04/2013 08:49:44.30][190.37.175.42][1427] SELECT par_cod_asig1,par_cod_asig2,par_cod_asig3 FROM tblaca009 WHERE pensum='5' AND c_uni_ca='5' AND c_asigna='300013' [1][0] OK
C:[24/04/2013 08:49:44.30][190.37.175.42][1427] SELECT par_cod_asig1,par_cod_asig2,par_cod_asig3 FROM tblaca009 WHERE pensum='5' AND c_uni_ca='5' AND c_asigna='300207' [1][0] OK
C:[24/04/2013 08:49:44.56][190.37.175.42][1557] SELECT horas_lab FROM tblaca008 WHERE c_asigna='300013' AND horas_teoricas > 0 [1][0] OK
C:[24/04/2013 08:49:44.67][190.37.175.42][1591] SELECT sum(u_creditos*1) FROM dace006 a, tblaca009 b WHERE a.exp_e='11-19703944' AND a.lapso='2013-1' AND b.pensum='5' AND b.c_uni_ca='5' AND status IN ('7','A','2') AND a.c_asigna=b.c_asigna  [1][0] OK
C:[24/04/2013 08:49:44.80][190.37.175.42][1610] SELECT sum(u_creditos*1) FROM dace006 a, tblaca009 b WHERE a.exp_e='11-19703944' AND a.lapso='2013-1' AND b.pensum='5' AND b.c_uni_ca='5' AND status IN ('7','A','2') AND a.c_asigna=b.c_asigna AND a.c_asigna IN ('300207') [1][0] OK
C:[24/04/2013 08:49:44.92][190.37.175.42][1626] SELECT MAX(semestre) FROM dace006 a, tblaca009 b WHERE a.exp_e='11-19703944' AND a.lapso='2013-1' AND b.pensum='5' AND b.c_uni_ca='5' AND status IN ('7','A','2') AND a.c_asigna=b.c_asigna  [1][0] OK
C:[24/04/2013 08:49:44.05][190.37.175.42][1646] SELECT MIN(semestre) FROM dace006 a, tblaca009 b WHERE a.exp_e='11-19703944' AND a.lapso='2013-1' AND b.pensum='5' AND b.c_uni_ca='5' AND status IN ('7','A','2') AND a.c_asigna=b.c_asigna AND a.c_asigna IN ('300013') [1][0] OK
C:[24/04/2013 08:55:45.30][190.37.175.42][1383] SELECT pre_cod_asig1,pre_cod_asig2,pre_cod_asig3,pre_cod_asig4,pre_cod_asig5,pre_cod_asig6,pre_cod_asig7 FROM tblaca009 WHERE pensum='5' AND c_uni_ca='5' AND c_asigna='300013' [1][0] OK
C:[24/04/2013 08:55:45.30][190.37.175.42][1383] SELECT pre_cod_asig1,pre_cod_asig2,pre_cod_asig3,pre_cod_asig4,pre_cod_asig5,pre_cod_asig6,pre_cod_asig7 FROM tblaca009 WHERE pensum='5' AND c_uni_ca='5' AND c_asigna='300207' [1][0] OK
C:[24/04/2013 08:55:45.30][190.37.175.42][1396] SELECT c_asigna FROM dace004 WHERE exp_e='11-19703944' AND c_asigna='300101' AND status IN ('0','3','B') [1][0] OK
C:[24/04/2013 08:55:45.66][190.37.175.42][1427] SELECT par_cod_asig1,par_cod_asig2,par_cod_asig3 FROM tblaca009 WHERE pensum='5' AND c_uni_ca='5' AND c_asigna='300013' [1][0] OK
C:[24/04/2013 08:55:45.66][190.37.175.42][1427] SELECT par_cod_asig1,par_cod_asig2,par_cod_asig3 FROM tblaca009 WHERE pensum='5' AND c_uni_ca='5' AND c_asigna='300207' [1][0] OK
C:[24/04/2013 08:55:45.92][190.37.175.42][1557] SELECT horas_lab FROM tblaca008 WHERE c_asigna='300013' AND horas_teoricas > 0 [1][0] OK
C:[24/04/2013 08:55:45.04][190.37.175.42][1591] SELECT sum(u_creditos*1) FROM dace006 a, tblaca009 b WHERE a.exp_e='11-19703944' AND a.lapso='2013-1' AND b.pensum='5' AND b.c_uni_ca='5' AND status IN ('7','A','2') AND a.c_asigna=b.c_asigna  [1][0] OK
C:[24/04/2013 08:55:45.17][190.37.175.42][1610] SELECT sum(u_creditos*1) FROM dace006 a, tblaca009 b WHERE a.exp_e='11-19703944' AND a.lapso='2013-1' AND b.pensum='5' AND b.c_uni_ca='5' AND status IN ('7','A','2') AND a.c_asigna=b.c_asigna AND a.c_asigna IN ('300207') [1][0] OK
C:[24/04/2013 08:55:45.29][190.37.175.42][1626] SELECT MAX(semestre) FROM dace006 a, tblaca009 b WHERE a.exp_e='11-19703944' AND a.lapso='2013-1' AND b.pensum='5' AND b.c_uni_ca='5' AND status IN ('7','A','2') AND a.c_asigna=b.c_asigna  [1][0] OK
C:[24/04/2013 08:55:45.41][190.37.175.42][1646] SELECT MIN(semestre) FROM dace006 a, tblaca009 b WHERE a.exp_e='11-19703944' AND a.lapso='2013-1' AND b.pensum='5' AND b.c_uni_ca='5' AND status IN ('7','A','2') AND a.c_asigna=b.c_asigna AND a.c_asigna IN ('300013') [1][0] OK
C:[24/04/2013 09:22:46.53][201.249.229.2][1383] SELECT pre_cod_asig1,pre_cod_asig2,pre_cod_asig3,pre_cod_asig4,pre_cod_asig5,pre_cod_asig6,pre_cod_asig7 FROM tblaca009 WHERE pensum='5' AND c_uni_ca='5' AND c_asigna='351451' [1][0] OK
C:[24/04/2013 09:22:46.53][201.249.229.2][1396] SELECT c_asigna FROM dace004 WHERE exp_e='11-19718005' AND c_asigna='351330' AND status IN ('0','3','B') [1][0] OK
C:[24/04/2013 09:22:46.53][201.249.229.2][1396] SELECT c_asigna FROM dace004 WHERE exp_e='11-19718005' AND c_asigna='355350' AND status IN ('0','3','B') [1][0] OK
C:[24/04/2013 09:22:46.53][201.249.229.2][1396] SELECT c_asigna FROM dace004 WHERE exp_e='11-19718005' AND c_asigna='300318' AND status IN ('0','3','B') [1][0] OK
C:[24/04/2013 09:22:46.53][201.249.229.2][1396] SELECT c_asigna FROM dace004 WHERE exp_e='11-19718005' AND c_asigna='300209' AND status IN ('0','3','B') [1][0] OK
C:[24/04/2013 09:22:46.53][201.249.229.2][1396] SELECT c_asigna FROM dace004 WHERE exp_e='11-19718005' AND c_asigna='300222' AND status IN ('0','3','B') [1][0] OK
C:[24/04/2013 09:22:46.53][201.249.229.2][1383] SELECT pre_cod_asig1,pre_cod_asig2,pre_cod_asig3,pre_cod_asig4,pre_cod_asig5,pre_cod_asig6,pre_cod_asig7 FROM tblaca009 WHERE pensum='5' AND c_uni_ca='5' AND c_asigna='355448' [1][0] OK
C:[24/04/2013 09:22:46.53][201.249.229.2][1396] SELECT c_asigna FROM dace004 WHERE exp_e='11-19718005' AND c_asigna='300313' AND status IN ('0','3','B') [1][0] OK
C:[24/04/2013 09:22:46.53][201.249.229.2][1396] SELECT c_asigna FROM dace004 WHERE exp_e='11-19718005' AND c_asigna='300209' AND status IN ('0','3','B') [1][0] OK
C:[24/04/2013 09:22:46.53][201.249.229.2][1396] SELECT c_asigna FROM dace004 WHERE exp_e='11-19718005' AND c_asigna='300226' AND status IN ('0','3','B') [1][0] OK
C:[24/04/2013 09:22:46.53][201.249.229.2][1396] SELECT c_asigna FROM dace004 WHERE exp_e='11-19718005' AND c_asigna='300222' AND status IN ('0','3','B') [1][0] OK
C:[24/04/2013 09:22:46.53][201.249.229.2][1383] SELECT pre_cod_asig1,pre_cod_asig2,pre_cod_asig3,pre_cod_asig4,pre_cod_asig5,pre_cod_asig6,pre_cod_asig7 FROM tblaca009 WHERE pensum='5' AND c_uni_ca='5' AND c_asigna='300422' [1][0] OK
C:[24/04/2013 09:22:46.53][201.249.229.2][1396] SELECT c_asigna FROM dace004 WHERE exp_e='11-19718005' AND c_asigna='300105' AND status IN ('0','3','B') [1][0] OK
C:[24/04/2013 09:22:46.53][201.249.229.2][1396] SELECT c_asigna FROM dace004 WHERE exp_e='11-19718005' AND c_asigna='300314' AND status IN ('0','3','B') [1][0] OK
C:[24/04/2013 09:22:46.53][201.249.229.2][1383] SELECT pre_cod_asig1,pre_cod_asig2,pre_cod_asig3,pre_cod_asig4,pre_cod_asig5,pre_cod_asig6,pre_cod_asig7 FROM tblaca009 WHERE pensum='5' AND c_uni_ca='5' AND c_asigna='352440' [1][0] OK
C:[24/04/2013 09:22:46.53][201.249.229.2][1396] SELECT c_asigna FROM dace004 WHERE exp_e='11-19718005' AND c_asigna='300317' AND status IN ('0','3','B') [1][0] OK
C:[24/04/2013 09:22:46.53][201.249.229.2][1396] SELECT c_asigna FROM dace004 WHERE exp_e='11-19718005' AND c_asigna='300013' AND status IN ('0','3','B') [1][0] OK
C:[24/04/2013 09:22:46.53][201.249.229.2][1396] SELECT c_asigna FROM dace004 WHERE exp_e='11-19718005' AND c_asigna='300113' AND status IN ('0','3','B') [1][0] OK
C:[24/04/2013 09:22:46.53][201.249.229.2][1383] SELECT pre_cod_asig1,pre_cod_asig2,pre_cod_asig3,pre_cod_asig4,pre_cod_asig5,pre_cod_asig6,pre_cod_asig7 FROM tblaca009 WHERE pensum='5' AND c_uni_ca='5' AND c_asigna='355572' [1][0] OK
C:[24/04/2013 09:22:46.53][201.249.229.2][1396] SELECT c_asigna FROM dace004 WHERE exp_e='11-19718005' AND c_asigna='300428' AND status IN ('0','3','B') [1][0] OK
C:[24/04/2013 09:22:46.71][201.249.229.2][1427] SELECT par_cod_asig1,par_cod_asig2,par_cod_asig3 FROM tblaca009 WHERE pensum='5' AND c_uni_ca='5' AND c_asigna='351451' [1][0] OK
C:[24/04/2013 09:22:46.71][201.249.229.2][1427] SELECT par_cod_asig1,par_cod_asig2,par_cod_asig3 FROM tblaca009 WHERE pensum='5' AND c_uni_ca='5' AND c_asigna='355448' [1][0] OK
C:[24/04/2013 09:22:46.71][201.249.229.2][1427] SELECT par_cod_asig1,par_cod_asig2,par_cod_asig3 FROM tblaca009 WHERE pensum='5' AND c_uni_ca='5' AND c_asigna='300422' [1][0] OK
C:[24/04/2013 09:22:46.71][201.249.229.2][1427] SELECT par_cod_asig1,par_cod_asig2,par_cod_asig3 FROM tblaca009 WHERE pensum='5' AND c_uni_ca='5' AND c_asigna='352440' [1][0] OK
C:[24/04/2013 09:22:46.71][201.249.229.2][1427] SELECT par_cod_asig1,par_cod_asig2,par_cod_asig3 FROM tblaca009 WHERE pensum='5' AND c_uni_ca='5' AND c_asigna='355572' [1][0] OK
C:[24/04/2013 09:22:46.35][201.249.229.2][1557] SELECT horas_lab FROM tblaca008 WHERE c_asigna='351451' AND horas_teoricas > 0 [1][0] OK
C:[24/04/2013 09:22:46.35][201.249.229.2][1557] SELECT horas_lab FROM tblaca008 WHERE c_asigna='355448' AND horas_teoricas > 0 [1][0] OK
C:[24/04/2013 09:22:46.58][201.249.229.2][1591] SELECT sum(u_creditos*1) FROM dace006 a, tblaca009 b WHERE a.exp_e='11-19718005' AND a.lapso='2013-1' AND b.pensum='5' AND b.c_uni_ca='5' AND status IN ('7','A','2') AND a.c_asigna=b.c_asigna  [1][0] OK
C:[24/04/2013 09:22:46.71][201.249.229.2][1610] SELECT sum(u_creditos*1) FROM dace006 a, tblaca009 b WHERE a.exp_e='11-19718005' AND a.lapso='2013-1' AND b.pensum='5' AND b.c_uni_ca='5' AND status IN ('7','A','2') AND a.c_asigna=b.c_asigna AND a.c_asigna IN ('300422','352440','355572') [1][0] OK
C:[24/04/2013 09:22:46.83][201.249.229.2][1626] SELECT MAX(semestre) FROM dace006 a, tblaca009 b WHERE a.exp_e='11-19718005' AND a.lapso='2013-1' AND b.pensum='5' AND b.c_uni_ca='5' AND status IN ('7','A','2') AND a.c_asigna=b.c_asigna  [1][0] OK
C:[24/04/2013 09:22:46.97][201.249.229.2][1646] SELECT MIN(semestre) FROM dace006 a, tblaca009 b WHERE a.exp_e='11-19718005' AND a.lapso='2013-1' AND b.pensum='5' AND b.c_uni_ca='5' AND status IN ('7','A','2') AND a.c_asigna=b.c_asigna AND a.c_asigna IN ('351451','355448') [1][0] OK
C:[24/04/2013 09:23:33.84][201.249.229.2][1383] SELECT pre_cod_asig1,pre_cod_asig2,pre_cod_asig3,pre_cod_asig4,pre_cod_asig5,pre_cod_asig6,pre_cod_asig7 FROM tblaca009 WHERE pensum='5' AND c_uni_ca='5' AND c_asigna='351451' [1][0] OK
C:[24/04/2013 09:23:33.84][201.249.229.2][1396] SELECT c_asigna FROM dace004 WHERE exp_e='11-19718005' AND c_asigna='351330' AND status IN ('0','3','B') [1][0] OK
C:[24/04/2013 09:23:33.84][201.249.229.2][1396] SELECT c_asigna FROM dace004 WHERE exp_e='11-19718005' AND c_asigna='355350' AND status IN ('0','3','B') [1][0] OK
C:[24/04/2013 09:23:33.84][201.249.229.2][1396] SELECT c_asigna FROM dace004 WHERE exp_e='11-19718005' AND c_asigna='300318' AND status IN ('0','3','B') [1][0] OK
C:[24/04/2013 09:23:33.84][201.249.229.2][1396] SELECT c_asigna FROM dace004 WHERE exp_e='11-19718005' AND c_asigna='300209' AND status IN ('0','3','B') [1][0] OK
C:[24/04/2013 09:23:33.84][201.249.229.2][1396] SELECT c_asigna FROM dace004 WHERE exp_e='11-19718005' AND c_asigna='300222' AND status IN ('0','3','B') [1][0] OK
C:[24/04/2013 09:23:33.84][201.249.229.2][1383] SELECT pre_cod_asig1,pre_cod_asig2,pre_cod_asig3,pre_cod_asig4,pre_cod_asig5,pre_cod_asig6,pre_cod_asig7 FROM tblaca009 WHERE pensum='5' AND c_uni_ca='5' AND c_asigna='300422' [1][0] OK
C:[24/04/2013 09:23:33.84][201.249.229.2][1396] SELECT c_asigna FROM dace004 WHERE exp_e='11-19718005' AND c_asigna='300105' AND status IN ('0','3','B') [1][0] OK
C:[24/04/2013 09:23:33.84][201.249.229.2][1396] SELECT c_asigna FROM dace004 WHERE exp_e='11-19718005' AND c_asigna='300314' AND status IN ('0','3','B') [1][0] OK
C:[24/04/2013 09:23:33.84][201.249.229.2][1383] SELECT pre_cod_asig1,pre_cod_asig2,pre_cod_asig3,pre_cod_asig4,pre_cod_asig5,pre_cod_asig6,pre_cod_asig7 FROM tblaca009 WHERE pensum='5' AND c_uni_ca='5' AND c_asigna='352440' [1][0] OK
C:[24/04/2013 09:23:33.84][201.249.229.2][1396] SELECT c_asigna FROM dace004 WHERE exp_e='11-19718005' AND c_asigna='300317' AND status IN ('0','3','B') [1][0] OK
C:[24/04/2013 09:23:33.84][201.249.229.2][1396] SELECT c_asigna FROM dace004 WHERE exp_e='11-19718005' AND c_asigna='300013' AND status IN ('0','3','B') [1][0] OK
C:[24/04/2013 09:23:33.84][201.249.229.2][1396] SELECT c_asigna FROM dace004 WHERE exp_e='11-19718005' AND c_asigna='300113' AND status IN ('0','3','B') [1][0] OK
C:[24/04/2013 09:23:33.84][201.249.229.2][1383] SELECT pre_cod_asig1,pre_cod_asig2,pre_cod_asig3,pre_cod_asig4,pre_cod_asig5,pre_cod_asig6,pre_cod_asig7 FROM tblaca009 WHERE pensum='5' AND c_uni_ca='5' AND c_asigna='355448' [1][0] OK
C:[24/04/2013 09:23:33.84][201.249.229.2][1396] SELECT c_asigna FROM dace004 WHERE exp_e='11-19718005' AND c_asigna='300313' AND status IN ('0','3','B') [1][0] OK
C:[24/04/2013 09:23:33.84][201.249.229.2][1396] SELECT c_asigna FROM dace004 WHERE exp_e='11-19718005' AND c_asigna='300209' AND status IN ('0','3','B') [1][0] OK
C:[24/04/2013 09:23:33.84][201.249.229.2][1396] SELECT c_asigna FROM dace004 WHERE exp_e='11-19718005' AND c_asigna='300226' AND status IN ('0','3','B') [1][0] OK
C:[24/04/2013 09:23:33.84][201.249.229.2][1396] SELECT c_asigna FROM dace004 WHERE exp_e='11-19718005' AND c_asigna='300222' AND status IN ('0','3','B') [1][0] OK
C:[24/04/2013 09:23:33.84][201.249.229.2][1383] SELECT pre_cod_asig1,pre_cod_asig2,pre_cod_asig3,pre_cod_asig4,pre_cod_asig5,pre_cod_asig6,pre_cod_asig7 FROM tblaca009 WHERE pensum='5' AND c_uni_ca='5' AND c_asigna='355572' [1][0] OK
C:[24/04/2013 09:23:33.84][201.249.229.2][1396] SELECT c_asigna FROM dace004 WHERE exp_e='11-19718005' AND c_asigna='300428' AND status IN ('0','3','B') [1][0] OK
C:[24/04/2013 09:23:33.33][201.249.229.2][1427] SELECT par_cod_asig1,par_cod_asig2,par_cod_asig3 FROM tblaca009 WHERE pensum='5' AND c_uni_ca='5' AND c_asigna='351451' [1][0] OK
C:[24/04/2013 09:23:33.33][201.249.229.2][1427] SELECT par_cod_asig1,par_cod_asig2,par_cod_asig3 FROM tblaca009 WHERE pensum='5' AND c_uni_ca='5' AND c_asigna='300422' [1][0] OK
C:[24/04/2013 09:23:33.33][201.249.229.2][1427] SELECT par_cod_asig1,par_cod_asig2,par_cod_asig3 FROM tblaca009 WHERE pensum='5' AND c_uni_ca='5' AND c_asigna='352440' [1][0] OK
C:[24/04/2013 09:23:33.33][201.249.229.2][1427] SELECT par_cod_asig1,par_cod_asig2,par_cod_asig3 FROM tblaca009 WHERE pensum='5' AND c_uni_ca='5' AND c_asigna='355448' [1][0] OK
C:[24/04/2013 09:23:33.33][201.249.229.2][1427] SELECT par_cod_asig1,par_cod_asig2,par_cod_asig3 FROM tblaca009 WHERE pensum='5' AND c_uni_ca='5' AND c_asigna='355572' [1][0] OK
C:[24/04/2013 09:23:33.97][201.249.229.2][1557] SELECT horas_lab FROM tblaca008 WHERE c_asigna='351451' AND horas_teoricas > 0 [1][0] OK
C:[24/04/2013 09:23:34.09][201.249.229.2][1591] SELECT sum(u_creditos*1) FROM dace006 a, tblaca009 b WHERE a.exp_e='11-19718005' AND a.lapso='2013-1' AND b.pensum='5' AND b.c_uni_ca='5' AND status IN ('7','A','2') AND a.c_asigna=b.c_asigna  [1][0] OK
C:[24/04/2013 09:23:34.21][201.249.229.2][1610] SELECT sum(u_creditos*1) FROM dace006 a, tblaca009 b WHERE a.exp_e='11-19718005' AND a.lapso='2013-1' AND b.pensum='5' AND b.c_uni_ca='5' AND status IN ('7','A','2') AND a.c_asigna=b.c_asigna AND a.c_asigna IN ('300422','352440','355448','355572') [1][0] OK
C:[24/04/2013 09:23:34.33][201.249.229.2][1626] SELECT MAX(semestre) FROM dace006 a, tblaca009 b WHERE a.exp_e='11-19718005' AND a.lapso='2013-1' AND b.pensum='5' AND b.c_uni_ca='5' AND status IN ('7','A','2') AND a.c_asigna=b.c_asigna  [1][0] OK
C:[24/04/2013 09:23:34.46][201.249.229.2][1646] SELECT MIN(semestre) FROM dace006 a, tblaca009 b WHERE a.exp_e='11-19718005' AND a.lapso='2013-1' AND b.pensum='5' AND b.c_uni_ca='5' AND status IN ('7','A','2') AND a.c_asigna=b.c_asigna AND a.c_asigna IN ('351451') [1][0] OK
C:[24/04/2013 09:56:53.34][190.37.163.201][1383] SELECT pre_cod_asig1,pre_cod_asig2,pre_cod_asig3,pre_cod_asig4,pre_cod_asig5,pre_cod_asig6,pre_cod_asig7 FROM tblaca009 WHERE pensum='5' AND c_uni_ca='2' AND c_asigna='322070' [1][0] OK
C:[24/04/2013 09:56:53.34][190.37.163.201][1383] SELECT pre_cod_asig1,pre_cod_asig2,pre_cod_asig3,pre_cod_asig4,pre_cod_asig5,pre_cod_asig6,pre_cod_asig7 FROM tblaca009 WHERE pensum='5' AND c_uni_ca='2' AND c_asigna='322801' [1][0] OK
C:[24/04/2013 09:56:53.34][190.37.163.201][1396] SELECT c_asigna FROM dace004 WHERE exp_e='08-19910734' AND c_asigna='322780' AND status IN ('0','3','B') [1][0] OK
C:[24/04/2013 09:56:53.34][190.37.163.201][1396] SELECT c_asigna FROM dace004 WHERE exp_e='08-19910734' AND c_asigna='322605' AND status IN ('0','3','B') [1][0] OK
C:[24/04/2013 09:56:53.34][190.37.163.201][1383] SELECT pre_cod_asig1,pre_cod_asig2,pre_cod_asig3,pre_cod_asig4,pre_cod_asig5,pre_cod_asig6,pre_cod_asig7 FROM tblaca009 WHERE pensum='5' AND c_uni_ca='2' AND c_asigna='322826' [1][0] OK
C:[24/04/2013 09:56:53.34][190.37.163.201][1396] SELECT c_asigna FROM dace004 WHERE exp_e='08-19910734' AND c_asigna='322702' AND status IN ('0','3','B') [1][0] OK
C:[24/04/2013 09:56:53.34][190.37.163.201][1383] SELECT pre_cod_asig1,pre_cod_asig2,pre_cod_asig3,pre_cod_asig4,pre_cod_asig5,pre_cod_asig6,pre_cod_asig7 FROM tblaca009 WHERE pensum='5' AND c_uni_ca='2' AND c_asigna='300870' [1][0] OK
C:[24/04/2013 09:56:53.34][190.37.163.201][1383] SELECT pre_cod_asig1,pre_cod_asig2,pre_cod_asig3,pre_cod_asig4,pre_cod_asig5,pre_cod_asig6,pre_cod_asig7 FROM tblaca009 WHERE pensum='5' AND c_uni_ca='2' AND c_asigna='333059' [1][0] OK
C:[24/04/2013 09:56:53.34][190.37.163.201][1383] SELECT pre_cod_asig1,pre_cod_asig2,pre_cod_asig3,pre_cod_asig4,pre_cod_asig5,pre_cod_asig6,pre_cod_asig7 FROM tblaca009 WHERE pensum='5' AND c_uni_ca='2' AND c_asigna='322033' [1][0] OK
C:[24/04/2013 09:56:54.32][190.37.163.201][1427] SELECT par_cod_asig1,par_cod_asig2,par_cod_asig3 FROM tblaca009 WHERE pensum='5' AND c_uni_ca='2' AND c_asigna='322070' [1][0] OK
C:[24/04/2013 09:56:54.32][190.37.163.201][1427] SELECT par_cod_asig1,par_cod_asig2,par_cod_asig3 FROM tblaca009 WHERE pensum='5' AND c_uni_ca='2' AND c_asigna='322801' [1][0] OK
C:[24/04/2013 09:56:54.32][190.37.163.201][1427] SELECT par_cod_asig1,par_cod_asig2,par_cod_asig3 FROM tblaca009 WHERE pensum='5' AND c_uni_ca='2' AND c_asigna='322826' [1][0] OK
C:[24/04/2013 09:56:54.32][190.37.163.201][1427] SELECT par_cod_asig1,par_cod_asig2,par_cod_asig3 FROM tblaca009 WHERE pensum='5' AND c_uni_ca='2' AND c_asigna='300870' [1][0] OK
C:[24/04/2013 09:56:54.32][190.37.163.201][1427] SELECT par_cod_asig1,par_cod_asig2,par_cod_asig3 FROM tblaca009 WHERE pensum='5' AND c_uni_ca='2' AND c_asigna='333059' [1][0] OK
C:[24/04/2013 09:56:54.32][190.37.163.201][1427] SELECT par_cod_asig1,par_cod_asig2,par_cod_asig3 FROM tblaca009 WHERE pensum='5' AND c_uni_ca='2' AND c_asigna='322033' [1][0] OK
C:[24/04/2013 09:56:54.08][190.37.163.201][1557] SELECT horas_lab FROM tblaca008 WHERE c_asigna='322070' AND horas_teoricas > 0 [1][0] OK
C:[24/04/2013 09:56:54.20][190.37.163.201][1591] SELECT sum(u_creditos*1) FROM dace006 a, tblaca009 b WHERE a.exp_e='08-19910734' AND a.lapso='2013-1' AND b.pensum='5' AND b.c_uni_ca='2' AND status IN ('7','A','2') AND a.c_asigna=b.c_asigna  [1][0] OK
C:[24/04/2013 09:56:54.57][190.37.163.201][1610] SELECT sum(u_creditos*1) FROM dace006 a, tblaca009 b WHERE a.exp_e='08-19910734' AND a.lapso='2013-1' AND b.pensum='5' AND b.c_uni_ca='2' AND status IN ('7','A','2') AND a.c_asigna=b.c_asigna AND a.c_asigna IN ('322801','322826','300870','333059','322033') [1][0] OK
C:[24/04/2013 09:56:54.51][190.37.163.201][1626] SELECT MAX(semestre) FROM dace006 a, tblaca009 b WHERE a.exp_e='08-19910734' AND a.lapso='2013-1' AND b.pensum='5' AND b.c_uni_ca='2' AND status IN ('7','A','2') AND a.c_asigna=b.c_asigna  [1][0] OK
C:[24/04/2013 09:56:54.88][190.37.163.201][1646] SELECT MIN(semestre) FROM dace006 a, tblaca009 b WHERE a.exp_e='08-19910734' AND a.lapso='2013-1' AND b.pensum='5' AND b.c_uni_ca='2' AND status IN ('7','A','2') AND a.c_asigna=b.c_asigna AND a.c_asigna IN ('322070') [1][0] OK
C:[24/04/2013 11:50:09.76][172.16.8.125][1383] SELECT pre_cod_asig1,pre_cod_asig2,pre_cod_asig3,pre_cod_asig4,pre_cod_asig5,pre_cod_asig6,pre_cod_asig7 FROM tblaca009 WHERE pensum='5' AND c_uni_ca='4' AND c_asigna='333563' [1][0] OK
C:[24/04/2013 11:50:09.76][172.16.8.125][1396] SELECT c_asigna FROM dace004 WHERE exp_e='08-18943596' AND c_asigna='333440' AND status IN ('0','3','B') [1][0] OK
C:[24/04/2013 11:50:09.76][172.16.8.125][1396] SELECT c_asigna FROM dace004 WHERE exp_e='08-18943596' AND c_asigna='333442' AND status IN ('0','3','B') [1][0] OK
C:[24/04/2013 11:50:09.76][172.16.8.125][1396] SELECT c_asigna FROM dace004 WHERE exp_e='08-18943596' AND c_asigna='300209' AND status IN ('0','3','B') [1][0] OK
C:[24/04/2013 11:50:09.76][172.16.8.125][1383] SELECT pre_cod_asig1,pre_cod_asig2,pre_cod_asig3,pre_cod_asig4,pre_cod_asig5,pre_cod_asig6,pre_cod_asig7 FROM tblaca009 WHERE pensum='5' AND c_uni_ca='4' AND c_asigna='330435' [1][0] OK
C:[24/04/2013 11:50:09.76][172.16.8.125][1396] SELECT c_asigna FROM dace004 WHERE exp_e='08-18943596' AND c_asigna='300318' AND status IN ('0','3','B') [1][0] OK
C:[24/04/2013 11:50:09.76][172.16.8.125][1383] SELECT pre_cod_asig1,pre_cod_asig2,pre_cod_asig3,pre_cod_asig4,pre_cod_asig5,pre_cod_asig6,pre_cod_asig7 FROM tblaca009 WHERE pensum='5' AND c_uni_ca='4' AND c_asigna='311561' [1][0] OK
C:[24/04/2013 11:50:09.76][172.16.8.125][1396] SELECT c_asigna FROM dace004 WHERE exp_e='08-18943596' AND c_asigna='300318' AND status IN ('0','3','B') [1][0] OK
C:[24/04/2013 11:50:09.76][172.16.8.125][1383] SELECT pre_cod_asig1,pre_cod_asig2,pre_cod_asig3,pre_cod_asig4,pre_cod_asig5,pre_cod_asig6,pre_cod_asig7 FROM tblaca009 WHERE pensum='5' AND c_uni_ca='4' AND c_asigna='333585' [1][0] OK
C:[24/04/2013 11:50:09.76][172.16.8.125][1396] SELECT c_asigna FROM dace004 WHERE exp_e='08-18943596' AND c_asigna='333440' AND status IN ('0','3','B') [1][0] OK
C:[24/04/2013 11:50:09.76][172.16.8.125][1396] SELECT c_asigna FROM dace004 WHERE exp_e='08-18943596' AND c_asigna='333441' AND status IN ('0','3','B') [1][0] OK
C:[24/04/2013 11:50:09.76][172.16.8.125][1396] SELECT c_asigna FROM dace004 WHERE exp_e='08-18943596' AND c_asigna='300209' AND status IN ('0','3','B') [1][0] OK
C:[24/04/2013 11:50:09.76][172.16.8.125][1383] SELECT pre_cod_asig1,pre_cod_asig2,pre_cod_asig3,pre_cod_asig4,pre_cod_asig5,pre_cod_asig6,pre_cod_asig7 FROM tblaca009 WHERE pensum='5' AND c_uni_ca='4' AND c_asigna='333683' [1][0] OK
C:[24/04/2013 11:50:09.76][172.16.8.125][1396] SELECT c_asigna FROM dace004 WHERE exp_e='08-18943596' AND c_asigna='333564' AND status IN ('0','3','B') [1][0] OK
C:[24/04/2013 11:50:09.51][172.16.8.125][1427] SELECT par_cod_asig1,par_cod_asig2,par_cod_asig3 FROM tblaca009 WHERE pensum='5' AND c_uni_ca='4' AND c_asigna='333563' [1][0] OK
C:[24/04/2013 11:50:09.51][172.16.8.125][1427] SELECT par_cod_asig1,par_cod_asig2,par_cod_asig3 FROM tblaca009 WHERE pensum='5' AND c_uni_ca='4' AND c_asigna='330435' [1][0] OK
C:[24/04/2013 11:50:09.51][172.16.8.125][1427] SELECT par_cod_asig1,par_cod_asig2,par_cod_asig3 FROM tblaca009 WHERE pensum='5' AND c_uni_ca='4' AND c_asigna='311561' [1][0] OK
C:[24/04/2013 11:50:09.51][172.16.8.125][1427] SELECT par_cod_asig1,par_cod_asig2,par_cod_asig3 FROM tblaca009 WHERE pensum='5' AND c_uni_ca='4' AND c_asigna='333585' [1][0] OK
C:[24/04/2013 11:50:09.51][172.16.8.125][1427] SELECT par_cod_asig1,par_cod_asig2,par_cod_asig3 FROM tblaca009 WHERE pensum='5' AND c_uni_ca='4' AND c_asigna='333683' [1][0] OK
C:[24/04/2013 11:50:10.14][172.16.8.125][1557] SELECT horas_lab FROM tblaca008 WHERE c_asigna='333563' AND horas_teoricas > 0 [1][0] OK
C:[24/04/2013 11:50:10.25][172.16.8.125][1591] SELECT sum(u_creditos*1) FROM dace006 a, tblaca009 b WHERE a.exp_e='08-18943596' AND a.lapso='2013-1' AND b.pensum='5' AND b.c_uni_ca='4' AND status IN ('7','A','2') AND a.c_asigna=b.c_asigna  [1][0] OK
C:[24/04/2013 11:50:10.62][172.16.8.125][1610] SELECT sum(u_creditos*1) FROM dace006 a, tblaca009 b WHERE a.exp_e='08-18943596' AND a.lapso='2013-1' AND b.pensum='5' AND b.c_uni_ca='4' AND status IN ('7','A','2') AND a.c_asigna=b.c_asigna AND a.c_asigna IN ('330435','311561','333585','333683') [1][0] OK
C:[24/04/2013 11:50:10.26][172.16.8.125][1626] SELECT MAX(semestre) FROM dace006 a, tblaca009 b WHERE a.exp_e='08-18943596' AND a.lapso='2013-1' AND b.pensum='5' AND b.c_uni_ca='4' AND status IN ('7','A','2') AND a.c_asigna=b.c_asigna  [1][0] OK
C:[24/04/2013 11:50:10.20][172.16.8.125][1646] SELECT MIN(semestre) FROM dace006 a, tblaca009 b WHERE a.exp_e='08-18943596' AND a.lapso='2013-1' AND b.pensum='5' AND b.c_uni_ca='4' AND status IN ('7','A','2') AND a.c_asigna=b.c_asigna AND a.c_asigna IN ('333563') [1][0] OK
C:[24/04/2013 12:56:50.96][190.37.38.132][1383] SELECT pre_cod_asig1,pre_cod_asig2,pre_cod_asig3,pre_cod_asig4,pre_cod_asig5,pre_cod_asig6,pre_cod_asig7 FROM tblaca009 WHERE pensum='5' AND c_uni_ca='2' AND c_asigna='322433' [1][0] OK
C:[24/04/2013 12:56:50.96][190.37.38.132][1396] SELECT c_asigna FROM dace004 WHERE exp_e='11-21379271' AND c_asigna='320323' AND status IN ('0','3','B') [1][0] OK
C:[24/04/2013 12:56:50.96][190.37.38.132][1396] SELECT c_asigna FROM dace004 WHERE exp_e='11-21379271' AND c_asigna='300209' AND status IN ('0','3','B') [1][0] OK
C:[24/04/2013 12:56:50.96][190.37.38.132][1383] SELECT pre_cod_asig1,pre_cod_asig2,pre_cod_asig3,pre_cod_asig4,pre_cod_asig5,pre_cod_asig6,pre_cod_asig7 FROM tblaca009 WHERE pensum='5' AND c_uni_ca='2' AND c_asigna='322436' [1][0] OK
C:[24/04/2013 12:56:50.96][190.37.38.132][1396] SELECT c_asigna FROM dace004 WHERE exp_e='11-21379271' AND c_asigna='300317' AND status IN ('0','3','B') [1][0] OK
C:[24/04/2013 12:56:50.96][190.37.38.132][1396] SELECT c_asigna FROM dace004 WHERE exp_e='11-21379271' AND c_asigna='320311' AND status IN ('0','3','B') [1][0] OK
C:[24/04/2013 12:56:50.96][190.37.38.132][1383] SELECT pre_cod_asig1,pre_cod_asig2,pre_cod_asig3,pre_cod_asig4,pre_cod_asig5,pre_cod_asig6,pre_cod_asig7 FROM tblaca009 WHERE pensum='5' AND c_uni_ca='2' AND c_asigna='311561' [1][0] OK
C:[24/04/2013 12:56:50.96][190.37.38.132][1396] SELECT c_asigna FROM dace004 WHERE exp_e='11-21379271' AND c_asigna='300318' AND status IN ('0','3','B') [1][0] OK
C:[24/04/2013 12:56:50.96][190.37.38.132][1383] SELECT pre_cod_asig1,pre_cod_asig2,pre_cod_asig3,pre_cod_asig4,pre_cod_asig5,pre_cod_asig6,pre_cod_asig7 FROM tblaca009 WHERE pensum='5' AND c_uni_ca='2' AND c_asigna='322558' [1][0] OK
C:[24/04/2013 12:56:50.96][190.37.38.132][1396] SELECT c_asigna FROM dace004 WHERE exp_e='11-21379271' AND c_asigna='300428' AND status IN ('0','3','B') [1][0] OK
C:[24/04/2013 12:56:50.96][190.37.38.132][1396] SELECT c_asigna FROM dace004 WHERE exp_e='11-21379271' AND c_asigna='320323' AND status IN ('0','3','B') [1][0] OK
C:[24/04/2013 12:56:50.33][190.37.38.132][1427] SELECT par_cod_asig1,par_cod_asig2,par_cod_asig3 FROM tblaca009 WHERE pensum='5' AND c_uni_ca='2' AND c_asigna='322433' [1][0] OK
C:[24/04/2013 12:56:50.33][190.37.38.132][1427] SELECT par_cod_asig1,par_cod_asig2,par_cod_asig3 FROM tblaca009 WHERE pensum='5' AND c_uni_ca='2' AND c_asigna='322436' [1][0] OK
C:[24/04/2013 12:56:50.33][190.37.38.132][1427] SELECT par_cod_asig1,par_cod_asig2,par_cod_asig3 FROM tblaca009 WHERE pensum='5' AND c_uni_ca='2' AND c_asigna='311561' [1][0] OK
C:[24/04/2013 12:56:50.33][190.37.38.132][1427] SELECT par_cod_asig1,par_cod_asig2,par_cod_asig3 FROM tblaca009 WHERE pensum='5' AND c_uni_ca='2' AND c_asigna='322558' [1][0] OK
C:[24/04/2013 12:56:50.84][190.37.38.132][1557] SELECT horas_lab FROM tblaca008 WHERE c_asigna='322433' AND horas_teoricas > 0 [1][0] OK
C:[24/04/2013 12:56:50.96][190.37.38.132][1591] SELECT sum(u_creditos*1) FROM dace006 a, tblaca009 b WHERE a.exp_e='11-21379271' AND a.lapso='2013-1' AND b.pensum='5' AND b.c_uni_ca='2' AND status IN ('7','A','2') AND a.c_asigna=b.c_asigna  [1][0] OK
C:[24/04/2013 12:56:50.46][190.37.38.132][1610] SELECT sum(u_creditos*1) FROM dace006 a, tblaca009 b WHERE a.exp_e='11-21379271' AND a.lapso='2013-1' AND b.pensum='5' AND b.c_uni_ca='2' AND status IN ('7','A','2') AND a.c_asigna=b.c_asigna AND a.c_asigna IN ('322436','311561','322558') [1][0] OK
C:[24/04/2013 12:56:50.64][190.37.38.132][1626] SELECT MAX(semestre) FROM dace006 a, tblaca009 b WHERE a.exp_e='11-21379271' AND a.lapso='2013-1' AND b.pensum='5' AND b.c_uni_ca='2' AND status IN ('7','A','2') AND a.c_asigna=b.c_asigna  [1][0] OK
C:[24/04/2013 12:56:50.45][190.37.38.132][1646] SELECT MIN(semestre) FROM dace006 a, tblaca009 b WHERE a.exp_e='11-21379271' AND a.lapso='2013-1' AND b.pensum='5' AND b.c_uni_ca='2' AND status IN ('7','A','2') AND a.c_asigna=b.c_asigna AND a.c_asigna IN ('322433') [1][0] OK
C:[24/04/2013 14:29:00.71][190.37.175.42][1383] SELECT pre_cod_asig1,pre_cod_asig2,pre_cod_asig3,pre_cod_asig4,pre_cod_asig5,pre_cod_asig6,pre_cod_asig7 FROM tblaca009 WHERE pensum='5' AND c_uni_ca='5' AND c_asigna='300013' [1][0] OK
C:[24/04/2013 14:29:00.71][190.37.175.42][1383] SELECT pre_cod_asig1,pre_cod_asig2,pre_cod_asig3,pre_cod_asig4,pre_cod_asig5,pre_cod_asig6,pre_cod_asig7 FROM tblaca009 WHERE pensum='5' AND c_uni_ca='5' AND c_asigna='300207' [1][0] OK
C:[24/04/2013 14:29:00.71][190.37.175.42][1396] SELECT c_asigna FROM dace004 WHERE exp_e='11-19703944' AND c_asigna='300101' AND status IN ('0','3','B') [1][0] OK
C:[24/04/2013 14:29:00.08][190.37.175.42][1427] SELECT par_cod_asig1,par_cod_asig2,par_cod_asig3 FROM tblaca009 WHERE pensum='5' AND c_uni_ca='5' AND c_asigna='300013' [1][0] OK
C:[24/04/2013 14:29:00.08][190.37.175.42][1427] SELECT par_cod_asig1,par_cod_asig2,par_cod_asig3 FROM tblaca009 WHERE pensum='5' AND c_uni_ca='5' AND c_asigna='300207' [1][0] OK
C:[24/04/2013 14:29:00.35][190.37.175.42][1557] SELECT horas_lab FROM tblaca008 WHERE c_asigna='300013' AND horas_teoricas > 0 [1][0] OK
C:[24/04/2013 14:29:00.46][190.37.175.42][1591] SELECT sum(u_creditos*1) FROM dace006 a, tblaca009 b WHERE a.exp_e='11-19703944' AND a.lapso='2013-1' AND b.pensum='5' AND b.c_uni_ca='5' AND status IN ('7','A','2') AND a.c_asigna=b.c_asigna  [1][0] OK
C:[24/04/2013 14:29:00.40][190.37.175.42][1610] SELECT sum(u_creditos*1) FROM dace006 a, tblaca009 b WHERE a.exp_e='11-19703944' AND a.lapso='2013-1' AND b.pensum='5' AND b.c_uni_ca='5' AND status IN ('7','A','2') AND a.c_asigna=b.c_asigna AND a.c_asigna IN ('300207') [1][0] OK
C:[24/04/2013 14:29:00.77][190.37.175.42][1626] SELECT MAX(semestre) FROM dace006 a, tblaca009 b WHERE a.exp_e='11-19703944' AND a.lapso='2013-1' AND b.pensum='5' AND b.c_uni_ca='5' AND status IN ('7','A','2') AND a.c_asigna=b.c_asigna  [1][0] OK
C:[24/04/2013 14:29:00.71][190.37.175.42][1646] SELECT MIN(semestre) FROM dace006 a, tblaca009 b WHERE a.exp_e='11-19703944' AND a.lapso='2013-1' AND b.pensum='5' AND b.c_uni_ca='5' AND status IN ('7','A','2') AND a.c_asigna=b.c_asigna AND a.c_asigna IN ('300013') [1][0] OK
C:[24/04/2013 18:33:02.20][190.39.16.139][1383] SELECT pre_cod_asig1,pre_cod_asig2,pre_cod_asig3,pre_cod_asig4,pre_cod_asig5,pre_cod_asig6,pre_cod_asig7 FROM tblaca009 WHERE pensum='5' AND c_uni_ca='4' AND c_asigna='300112' [1][0] OK
C:[24/04/2013 18:33:02.20][190.39.16.139][1383] SELECT pre_cod_asig1,pre_cod_asig2,pre_cod_asig3,pre_cod_asig4,pre_cod_asig5,pre_cod_asig6,pre_cod_asig7 FROM tblaca009 WHERE pensum='5' AND c_uni_ca='4' AND c_asigna='300101' [1][0] OK
C:[24/04/2013 18:33:02.45][190.39.16.139][1427] SELECT par_cod_asig1,par_cod_asig2,par_cod_asig3 FROM tblaca009 WHERE pensum='5' AND c_uni_ca='4' AND c_asigna='300112' [1][0] OK
C:[24/04/2013 18:33:02.45][190.39.16.139][1427] SELECT par_cod_asig1,par_cod_asig2,par_cod_asig3 FROM tblaca009 WHERE pensum='5' AND c_uni_ca='4' AND c_asigna='300101' [1][0] OK
C:[24/04/2013 18:33:02.71][190.39.16.139][1557] SELECT horas_lab FROM tblaca008 WHERE c_asigna='300112' AND horas_teoricas > 0 [1][0] OK
C:[24/04/2013 18:33:02.83][190.39.16.139][1591] SELECT sum(u_creditos*1) FROM dace006 a, tblaca009 b WHERE a.exp_e='11-24560434' AND a.lapso='2013-1' AND b.pensum='5' AND b.c_uni_ca='4' AND status IN ('7','A','2') AND a.c_asigna=b.c_asigna  [1][0] OK
C:[24/04/2013 18:33:03.20][190.39.16.139][1610] SELECT sum(u_creditos*1) FROM dace006 a, tblaca009 b WHERE a.exp_e='11-24560434' AND a.lapso='2013-1' AND b.pensum='5' AND b.c_uni_ca='4' AND status IN ('7','A','2') AND a.c_asigna=b.c_asigna AND a.c_asigna IN ('300101') [1][0] OK
C:[24/04/2013 18:33:03.57][190.39.16.139][1626] SELECT MAX(semestre) FROM dace006 a, tblaca009 b WHERE a.exp_e='11-24560434' AND a.lapso='2013-1' AND b.pensum='5' AND b.c_uni_ca='4' AND status IN ('7','A','2') AND a.c_asigna=b.c_asigna  [1][0] OK
C:[24/04/2013 18:33:03.95][190.39.16.139][1646] SELECT MIN(semestre) FROM dace006 a, tblaca009 b WHERE a.exp_e='11-24560434' AND a.lapso='2013-1' AND b.pensum='5' AND b.c_uni_ca='4' AND status IN ('7','A','2') AND a.c_asigna=b.c_asigna AND a.c_asigna IN ('300112') [1][0] OK
C:[24/04/2013 18:48:09.45][186.90.222.75][1383] SELECT pre_cod_asig1,pre_cod_asig2,pre_cod_asig3,pre_cod_asig4,pre_cod_asig5,pre_cod_asig6,pre_cod_asig7 FROM tblaca009 WHERE pensum='5' AND c_uni_ca='5' AND c_asigna='355874' [1][0] OK
C:[24/04/2013 18:48:09.45][186.90.222.75][1396] SELECT c_asigna FROM dace004 WHERE exp_e='06-18452731' AND c_asigna='355448' AND status IN ('0','3','B') [1][0] OK
C:[24/04/2013 18:48:09.45][186.90.222.75][1383] SELECT pre_cod_asig1,pre_cod_asig2,pre_cod_asig3,pre_cod_asig4,pre_cod_asig5,pre_cod_asig6,pre_cod_asig7 FROM tblaca009 WHERE pensum='5' AND c_uni_ca='5' AND c_asigna='355832' [1][0] OK
C:[24/04/2013 18:48:09.45][186.90.222.75][1396] SELECT c_asigna FROM dace004 WHERE exp_e='06-18452731' AND c_asigna='355694' AND status IN ('0','3','B') [1][0] OK
C:[24/04/2013 18:48:09.45][186.90.222.75][1383] SELECT pre_cod_asig1,pre_cod_asig2,pre_cod_asig3,pre_cod_asig4,pre_cod_asig5,pre_cod_asig6,pre_cod_asig7 FROM tblaca009 WHERE pensum='5' AND c_uni_ca='5' AND c_asigna='355834' [1][0] OK
C:[24/04/2013 18:48:09.45][186.90.222.75][1396] SELECT c_asigna FROM dace004 WHERE exp_e='06-18452731' AND c_asigna='355694' AND status IN ('0','3','B') [1][0] OK
C:[24/04/2013 18:48:09.45][186.90.222.75][1383] SELECT pre_cod_asig1,pre_cod_asig2,pre_cod_asig3,pre_cod_asig4,pre_cod_asig5,pre_cod_asig6,pre_cod_asig7 FROM tblaca009 WHERE pensum='5' AND c_uni_ca='5' AND c_asigna='355693' [1][0] OK
C:[24/04/2013 18:48:09.45][186.90.222.75][1396] SELECT c_asigna FROM dace004 WHERE exp_e='06-18452731' AND c_asigna='355572' AND status IN ('0','3','B') [1][0] OK
C:[24/04/2013 18:48:09.45][186.90.222.75][1396] SELECT c_asigna FROM dace004 WHERE exp_e='06-18452731' AND c_asigna='352440' AND status IN ('0','3','B') [1][0] OK
C:[24/04/2013 18:48:09.45][186.90.222.75][1396] SELECT c_asigna FROM dace004 WHERE exp_e='06-18452731' AND c_asigna='355573' AND status IN ('0','3','B') [1][0] OK
C:[24/04/2013 18:48:09.45][186.90.222.75][1396] SELECT c_asigna FROM dace004 WHERE exp_e='06-18452731' AND c_asigna='300226' AND status IN ('0','3','B') [1][0] OK
C:[24/04/2013 18:48:09.45][186.90.222.75][1396] SELECT c_asigna FROM dace004 WHERE exp_e='06-18452731' AND c_asigna='300222' AND status IN ('0','3','B') [1][0] OK
C:[24/04/2013 18:48:09.45][186.90.222.75][1396] SELECT c_asigna FROM dace004 WHERE exp_e='06-18452731' AND c_asigna='300013' AND status IN ('0','3','B') [1][0] OK
C:[24/04/2013 18:48:09.45][186.90.222.75][1396] SELECT c_asigna FROM dace004 WHERE exp_e='06-18452731' AND c_asigna='300113' AND status IN ('0','3','B') [1][0] OK
C:[24/04/2013 18:48:09.45][186.90.222.75][1383] SELECT pre_cod_asig1,pre_cod_asig2,pre_cod_asig3,pre_cod_asig4,pre_cod_asig5,pre_cod_asig6,pre_cod_asig7 FROM tblaca009 WHERE pensum='5' AND c_uni_ca='5' AND c_asigna='355723' [1][0] OK
C:[24/04/2013 18:48:09.45][186.90.222.75][1396] SELECT c_asigna FROM dace004 WHERE exp_e='06-18452731' AND c_asigna='355694' AND status IN ('0','3','B') [1][0] OK
C:[24/04/2013 18:48:09.45][186.90.222.75][1383] SELECT pre_cod_asig1,pre_cod_asig2,pre_cod_asig3,pre_cod_asig4,pre_cod_asig5,pre_cod_asig6,pre_cod_asig7 FROM tblaca009 WHERE pensum='5' AND c_uni_ca='5' AND c_asigna='355833' [1][0] OK
C:[24/04/2013 18:48:09.45][186.90.222.75][1396] SELECT c_asigna FROM dace004 WHERE exp_e='06-18452731' AND c_asigna='355694' AND status IN ('0','3','B') [1][0] OK
C:[24/04/2013 18:48:09.70][186.90.222.75][1427] SELECT par_cod_asig1,par_cod_asig2,par_cod_asig3 FROM tblaca009 WHERE pensum='5' AND c_uni_ca='5' AND c_asigna='355874' [1][0] OK
C:[24/04/2013 18:48:09.70][186.90.222.75][1427] SELECT par_cod_asig1,par_cod_asig2,par_cod_asig3 FROM tblaca009 WHERE pensum='5' AND c_uni_ca='5' AND c_asigna='355832' [1][0] OK
C:[24/04/2013 18:48:09.70][186.90.222.75][1427] SELECT par_cod_asig1,par_cod_asig2,par_cod_asig3 FROM tblaca009 WHERE pensum='5' AND c_uni_ca='5' AND c_asigna='355834' [1][0] OK
C:[24/04/2013 18:48:09.70][186.90.222.75][1427] SELECT par_cod_asig1,par_cod_asig2,par_cod_asig3 FROM tblaca009 WHERE pensum='5' AND c_uni_ca='5' AND c_asigna='355693' [1][0] OK
C:[24/04/2013 18:48:09.70][186.90.222.75][1427] SELECT par_cod_asig1,par_cod_asig2,par_cod_asig3 FROM tblaca009 WHERE pensum='5' AND c_uni_ca='5' AND c_asigna='355723' [1][0] OK
C:[24/04/2013 18:48:09.70][186.90.222.75][1427] SELECT par_cod_asig1,par_cod_asig2,par_cod_asig3 FROM tblaca009 WHERE pensum='5' AND c_uni_ca='5' AND c_asigna='355833' [1][0] OK
C:[24/04/2013 18:48:10.46][186.90.222.75][1557] SELECT horas_lab FROM tblaca008 WHERE c_asigna='355874' AND horas_teoricas > 0 [1][0] OK
C:[24/04/2013 18:48:10.58][186.90.222.75][1591] SELECT sum(u_creditos*1) FROM dace006 a, tblaca009 b WHERE a.exp_e='06-18452731' AND a.lapso='2013-1' AND b.pensum='5' AND b.c_uni_ca='5' AND status IN ('7','A','2') AND a.c_asigna=b.c_asigna  [1][0] OK
C:[24/04/2013 18:48:10.08][186.90.222.75][1610] SELECT sum(u_creditos*1) FROM dace006 a, tblaca009 b WHERE a.exp_e='06-18452731' AND a.lapso='2013-1' AND b.pensum='5' AND b.c_uni_ca='5' AND status IN ('7','A','2') AND a.c_asigna=b.c_asigna AND a.c_asigna IN ('355832','355834','355693','355723','355833') [1][0] OK
C:[24/04/2013 18:48:10.45][186.90.222.75][1626] SELECT MAX(semestre) FROM dace006 a, tblaca009 b WHERE a.exp_e='06-18452731' AND a.lapso='2013-1' AND b.pensum='5' AND b.c_uni_ca='5' AND status IN ('7','A','2') AND a.c_asigna=b.c_asigna  [1][0] OK
C:[24/04/2013 18:48:10.82][186.90.222.75][1646] SELECT MIN(semestre) FROM dace006 a, tblaca009 b WHERE a.exp_e='06-18452731' AND a.lapso='2013-1' AND b.pensum='5' AND b.c_uni_ca='5' AND status IN ('7','A','2') AND a.c_asigna=b.c_asigna AND a.c_asigna IN ('355874') [1][0] OK
C:[24/04/2013 19:30:56.19][190.200.23.9][1383] SELECT pre_cod_asig1,pre_cod_asig2,pre_cod_asig3,pre_cod_asig4,pre_cod_asig5,pre_cod_asig6,pre_cod_asig7 FROM tblaca009 WHERE pensum='5' AND c_uni_ca='3' AND c_asigna='300013' [1][0] OK
C:[24/04/2013 19:30:56.19][190.200.23.9][1383] SELECT pre_cod_asig1,pre_cod_asig2,pre_cod_asig3,pre_cod_asig4,pre_cod_asig5,pre_cod_asig6,pre_cod_asig7 FROM tblaca009 WHERE pensum='5' AND c_uni_ca='3' AND c_asigna='300112' [1][0] OK
C:[24/04/2013 19:30:56.19][190.200.23.9][1383] SELECT pre_cod_asig1,pre_cod_asig2,pre_cod_asig3,pre_cod_asig4,pre_cod_asig5,pre_cod_asig6,pre_cod_asig7 FROM tblaca009 WHERE pensum='5' AND c_uni_ca='3' AND c_asigna='300226' [1][0] OK
C:[24/04/2013 19:30:56.19][190.200.23.9][1396] SELECT c_asigna FROM dace004 WHERE exp_e='10-20224539' AND c_asigna='300116' AND status IN ('0','3','B') [1][0] OK
C:[24/04/2013 19:30:56.19][190.200.23.9][1383] SELECT pre_cod_asig1,pre_cod_asig2,pre_cod_asig3,pre_cod_asig4,pre_cod_asig5,pre_cod_asig6,pre_cod_asig7 FROM tblaca009 WHERE pensum='5' AND c_uni_ca='3' AND c_asigna='300318' [1][0] OK
C:[24/04/2013 19:30:56.19][190.200.23.9][1396] SELECT c_asigna FROM dace004 WHERE exp_e='10-20224539' AND c_asigna='300228' AND status IN ('0','3','B') [1][0] OK
C:[24/04/2013 19:30:56.19][190.200.23.9][1396] SELECT c_asigna FROM dace004 WHERE exp_e='10-20224539' AND c_asigna='300207' AND status IN ('0','3','B') [1][0] OK
C:[24/04/2013 19:30:56.19][190.200.23.9][1396] SELECT c_asigna FROM dace004 WHERE exp_e='10-20224539' AND c_asigna='300218' AND status IN ('0','3','B') [1][0] OK
C:[24/04/2013 19:30:57.19][190.200.23.9][1427] SELECT par_cod_asig1,par_cod_asig2,par_cod_asig3 FROM tblaca009 WHERE pensum='5' AND c_uni_ca='3' AND c_asigna='300013' [1][0] OK
C:[24/04/2013 19:30:57.19][190.200.23.9][1427] SELECT par_cod_asig1,par_cod_asig2,par_cod_asig3 FROM tblaca009 WHERE pensum='5' AND c_uni_ca='3' AND c_asigna='300112' [1][0] OK
C:[24/04/2013 19:30:57.19][190.200.23.9][1427] SELECT par_cod_asig1,par_cod_asig2,par_cod_asig3 FROM tblaca009 WHERE pensum='5' AND c_uni_ca='3' AND c_asigna='300226' [1][0] OK
C:[24/04/2013 19:30:57.19][190.200.23.9][1427] SELECT par_cod_asig1,par_cod_asig2,par_cod_asig3 FROM tblaca009 WHERE pensum='5' AND c_uni_ca='3' AND c_asigna='300318' [1][0] OK
C:[24/04/2013 19:30:57.70][190.200.23.9][1557] SELECT horas_lab FROM tblaca008 WHERE c_asigna='300013' AND horas_teoricas > 0 [1][0] OK
C:[24/04/2013 19:30:57.81][190.200.23.9][1591] SELECT sum(u_creditos*1) FROM dace006 a, tblaca009 b WHERE a.exp_e='10-20224539' AND a.lapso='2013-1' AND b.pensum='5' AND b.c_uni_ca='3' AND status IN ('7','A','2') AND a.c_asigna=b.c_asigna  [1][0] OK
C:[24/04/2013 19:30:57.19][190.200.23.9][1610] SELECT sum(u_creditos*1) FROM dace006 a, tblaca009 b WHERE a.exp_e='10-20224539' AND a.lapso='2013-1' AND b.pensum='5' AND b.c_uni_ca='3' AND status IN ('7','A','2') AND a.c_asigna=b.c_asigna AND a.c_asigna IN ('300112','300226','300318') [1][0] OK
C:[24/04/2013 19:30:57.56][190.200.23.9][1626] SELECT MAX(semestre) FROM dace006 a, tblaca009 b WHERE a.exp_e='10-20224539' AND a.lapso='2013-1' AND b.pensum='5' AND b.c_uni_ca='3' AND status IN ('7','A','2') AND a.c_asigna=b.c_asigna  [1][0] OK
C:[24/04/2013 19:30:57.94][190.200.23.9][1646] SELECT MIN(semestre) FROM dace006 a, tblaca009 b WHERE a.exp_e='10-20224539' AND a.lapso='2013-1' AND b.pensum='5' AND b.c_uni_ca='3' AND status IN ('7','A','2') AND a.c_asigna=b.c_asigna AND a.c_asigna IN ('300013') [1][0] OK
C:[24/04/2013 21:38:01.45][190.73.251.22][1383] SELECT pre_cod_asig1,pre_cod_asig2,pre_cod_asig3,pre_cod_asig4,pre_cod_asig5,pre_cod_asig6,pre_cod_asig7 FROM tblaca009 WHERE pensum='5' AND c_uni_ca='5' AND c_asigna='300113' [1][0] OK
C:[24/04/2013 21:38:01.45][190.73.251.22][1383] SELECT pre_cod_asig1,pre_cod_asig2,pre_cod_asig3,pre_cod_asig4,pre_cod_asig5,pre_cod_asig6,pre_cod_asig7 FROM tblaca009 WHERE pensum='5' AND c_uni_ca='5' AND c_asigna='300116' [1][0] OK
C:[24/04/2013 21:38:01.70][190.73.251.22][1427] SELECT par_cod_asig1,par_cod_asig2,par_cod_asig3 FROM tblaca009 WHERE pensum='5' AND c_uni_ca='5' AND c_asigna='300113' [1][0] OK
C:[24/04/2013 21:38:01.70][190.73.251.22][1441] SELECT c_asigna FROM dace004 WHERE exp_e='11-23872119' AND c_asigna='300013' AND status IN ('0','3','B','C') [1][0] OK
C:[24/04/2013 21:38:01.70][190.73.251.22][1427] SELECT par_cod_asig1,par_cod_asig2,par_cod_asig3 FROM tblaca009 WHERE pensum='5' AND c_uni_ca='5' AND c_asigna='300116' [1][0] OK
C:[24/04/2013 21:38:02.10][190.73.251.22][1557] SELECT horas_lab FROM tblaca008 WHERE c_asigna='300113' AND horas_teoricas > 0 [0][0] OK
C:[24/04/2013 21:38:02.20][190.73.251.22][1591] SELECT sum(u_creditos*1) FROM dace006 a, tblaca009 b WHERE a.exp_e='11-23872119' AND a.lapso='2013-1' AND b.pensum='5' AND b.c_uni_ca='5' AND status IN ('7','A','2') AND a.c_asigna=b.c_asigna  [1][0] OK
C:[24/04/2013 21:38:02.58][190.73.251.22][1610] SELECT sum(u_creditos*1) FROM dace006 a, tblaca009 b WHERE a.exp_e='11-23872119' AND a.lapso='2013-1' AND b.pensum='5' AND b.c_uni_ca='5' AND status IN ('7','A','2') AND a.c_asigna=b.c_asigna AND a.c_asigna IN ('300116') [1][0] OK
C:[24/04/2013 21:38:02.95][190.73.251.22][1626] SELECT MAX(semestre) FROM dace006 a, tblaca009 b WHERE a.exp_e='11-23872119' AND a.lapso='2013-1' AND b.pensum='5' AND b.c_uni_ca='5' AND status IN ('7','A','2') AND a.c_asigna=b.c_asigna  [1][0] OK
C:[24/04/2013 21:38:02.32][190.73.251.22][1646] SELECT MIN(semestre) FROM dace006 a, tblaca009 b WHERE a.exp_e='11-23872119' AND a.lapso='2013-1' AND b.pensum='5' AND b.c_uni_ca='5' AND status IN ('7','A','2') AND a.c_asigna=b.c_asigna AND a.c_asigna IN ('300113') [1][0] OK
C:[24/04/2013 21:44:42.67][190.37.106.36][1383] SELECT pre_cod_asig1,pre_cod_asig2,pre_cod_asig3,pre_cod_asig4,pre_cod_asig5,pre_cod_asig6,pre_cod_asig7 FROM tblaca009 WHERE pensum='5' AND c_uni_ca='5' AND c_asigna='300428' [1][0] OK
C:[24/04/2013 21:44:42.67][190.37.106.36][1396] SELECT c_asigna FROM dace004 WHERE exp_e='12-18246311' AND c_asigna='300317' AND status IN ('0','3','B') [1][0] OK
C:[24/04/2013 21:44:42.67][190.37.106.36][1396] SELECT c_asigna FROM dace004 WHERE exp_e='12-18246311' AND c_asigna='300209' AND status IN ('0','3','B') [1][0] OK
C:[24/04/2013 21:44:42.67][190.37.106.36][1383] SELECT pre_cod_asig1,pre_cod_asig2,pre_cod_asig3,pre_cod_asig4,pre_cod_asig5,pre_cod_asig6,pre_cod_asig7 FROM tblaca009 WHERE pensum='5' AND c_uni_ca='5' AND c_asigna='355350' [1][0] OK
C:[24/04/2013 21:44:42.67][190.37.106.36][1396] SELECT c_asigna FROM dace004 WHERE exp_e='12-18246311' AND c_asigna='300207' AND status IN ('0','3','B') [1][0] OK
C:[24/04/2013 21:44:42.67][190.37.106.36][1396] SELECT c_asigna FROM dace004 WHERE exp_e='12-18246311' AND c_asigna='300228' AND status IN ('0','3','B') [1][0] OK
C:[24/04/2013 21:44:42.67][190.37.106.36][1383] SELECT pre_cod_asig1,pre_cod_asig2,pre_cod_asig3,pre_cod_asig4,pre_cod_asig5,pre_cod_asig6,pre_cod_asig7 FROM tblaca009 WHERE pensum='5' AND c_uni_ca='5' AND c_asigna='355448' [1][0] OK
C:[24/04/2013 21:44:42.67][190.37.106.36][1396] SELECT c_asigna FROM dace004 WHERE exp_e='12-18246311' AND c_asigna='300313' AND status IN ('0','3','B') [1][0] OK
C:[24/04/2013 21:44:42.67][190.37.106.36][1396] SELECT c_asigna FROM dace004 WHERE exp_e='12-18246311' AND c_asigna='300209' AND status IN ('0','3','B') [1][0] OK
C:[24/04/2013 21:44:42.67][190.37.106.36][1396] SELECT c_asigna FROM dace004 WHERE exp_e='12-18246311' AND c_asigna='300226' AND status IN ('0','3','B') [1][0] OK
C:[24/04/2013 21:44:42.67][190.37.106.36][1396] SELECT c_asigna FROM dace004 WHERE exp_e='12-18246311' AND c_asigna='300222' AND status IN ('0','3','B') [1][0] OK
C:[24/04/2013 21:44:42.05][190.37.106.36][1427] SELECT par_cod_asig1,par_cod_asig2,par_cod_asig3 FROM tblaca009 WHERE pensum='5' AND c_uni_ca='5' AND c_asigna='300428' [1][0] OK
C:[24/04/2013 21:44:42.05][190.37.106.36][1427] SELECT par_cod_asig1,par_cod_asig2,par_cod_asig3 FROM tblaca009 WHERE pensum='5' AND c_uni_ca='5' AND c_asigna='355350' [1][0] OK
C:[24/04/2013 21:44:42.05][190.37.106.36][1427] SELECT par_cod_asig1,par_cod_asig2,par_cod_asig3 FROM tblaca009 WHERE pensum='5' AND c_uni_ca='5' AND c_asigna='355448' [1][0] OK
C:[24/04/2013 21:44:43.43][190.37.106.36][1557] SELECT horas_lab FROM tblaca008 WHERE c_asigna='300428' AND horas_teoricas > 0 [1][0] OK
C:[24/04/2013 21:44:43.55][190.37.106.36][1591] SELECT sum(u_creditos*1) FROM dace006 a, tblaca009 b WHERE a.exp_e='12-18246311' AND a.lapso='2013-1' AND b.pensum='5' AND b.c_uni_ca='5' AND status IN ('7','A','2') AND a.c_asigna=b.c_asigna  [1][0] OK
C:[24/04/2013 21:44:43.92][190.37.106.36][1610] SELECT sum(u_creditos*1) FROM dace006 a, tblaca009 b WHERE a.exp_e='12-18246311' AND a.lapso='2013-1' AND b.pensum='5' AND b.c_uni_ca='5' AND status IN ('7','A','2') AND a.c_asigna=b.c_asigna AND a.c_asigna IN ('355350','355448') [1][0] OK
C:[24/04/2013 21:44:43.29][190.37.106.36][1626] SELECT MAX(semestre) FROM dace006 a, tblaca009 b WHERE a.exp_e='12-18246311' AND a.lapso='2013-1' AND b.pensum='5' AND b.c_uni_ca='5' AND status IN ('7','A','2') AND a.c_asigna=b.c_asigna  [1][0] OK
C:[24/04/2013 21:44:43.67][190.37.106.36][1646] SELECT MIN(semestre) FROM dace006 a, tblaca009 b WHERE a.exp_e='12-18246311' AND a.lapso='2013-1' AND b.pensum='5' AND b.c_uni_ca='5' AND status IN ('7','A','2') AND a.c_asigna=b.c_asigna AND a.c_asigna IN ('300428') [1][0] OK
C:[24/04/2013 21:47:07.82][190.37.106.36][1383] SELECT pre_cod_asig1,pre_cod_asig2,pre_cod_asig3,pre_cod_asig4,pre_cod_asig5,pre_cod_asig6,pre_cod_asig7 FROM tblaca009 WHERE pensum='5' AND c_uni_ca='5' AND c_asigna='300428' [1][0] OK
C:[24/04/2013 21:47:07.82][190.37.106.36][1396] SELECT c_asigna FROM dace004 WHERE exp_e='12-18246311' AND c_asigna='300317' AND status IN ('0','3','B') [1][0] OK
C:[24/04/2013 21:47:07.82][190.37.106.36][1396] SELECT c_asigna FROM dace004 WHERE exp_e='12-18246311' AND c_asigna='300209' AND status IN ('0','3','B') [1][0] OK
C:[24/04/2013 21:47:07.82][190.37.106.36][1383] SELECT pre_cod_asig1,pre_cod_asig2,pre_cod_asig3,pre_cod_asig4,pre_cod_asig5,pre_cod_asig6,pre_cod_asig7 FROM tblaca009 WHERE pensum='5' AND c_uni_ca='5' AND c_asigna='355350' [1][0] OK
C:[24/04/2013 21:47:07.82][190.37.106.36][1396] SELECT c_asigna FROM dace004 WHERE exp_e='12-18246311' AND c_asigna='300207' AND status IN ('0','3','B') [1][0] OK
C:[24/04/2013 21:47:07.82][190.37.106.36][1396] SELECT c_asigna FROM dace004 WHERE exp_e='12-18246311' AND c_asigna='300228' AND status IN ('0','3','B') [1][0] OK
C:[24/04/2013 21:47:07.82][190.37.106.36][1383] SELECT pre_cod_asig1,pre_cod_asig2,pre_cod_asig3,pre_cod_asig4,pre_cod_asig5,pre_cod_asig6,pre_cod_asig7 FROM tblaca009 WHERE pensum='5' AND c_uni_ca='5' AND c_asigna='355448' [1][0] OK
C:[24/04/2013 21:47:07.82][190.37.106.36][1396] SELECT c_asigna FROM dace004 WHERE exp_e='12-18246311' AND c_asigna='300313' AND status IN ('0','3','B') [1][0] OK
C:[24/04/2013 21:47:07.82][190.37.106.36][1396] SELECT c_asigna FROM dace004 WHERE exp_e='12-18246311' AND c_asigna='300209' AND status IN ('0','3','B') [1][0] OK
C:[24/04/2013 21:47:07.82][190.37.106.36][1396] SELECT c_asigna FROM dace004 WHERE exp_e='12-18246311' AND c_asigna='300226' AND status IN ('0','3','B') [1][0] OK
C:[24/04/2013 21:47:07.82][190.37.106.36][1396] SELECT c_asigna FROM dace004 WHERE exp_e='12-18246311' AND c_asigna='300222' AND status IN ('0','3','B') [1][0] OK
C:[24/04/2013 21:47:07.19][190.37.106.36][1427] SELECT par_cod_asig1,par_cod_asig2,par_cod_asig3 FROM tblaca009 WHERE pensum='5' AND c_uni_ca='5' AND c_asigna='300428' [1][0] OK
C:[24/04/2013 21:47:07.19][190.37.106.36][1427] SELECT par_cod_asig1,par_cod_asig2,par_cod_asig3 FROM tblaca009 WHERE pensum='5' AND c_uni_ca='5' AND c_asigna='355350' [1][0] OK
C:[24/04/2013 21:47:07.19][190.37.106.36][1427] SELECT par_cod_asig1,par_cod_asig2,par_cod_asig3 FROM tblaca009 WHERE pensum='5' AND c_uni_ca='5' AND c_asigna='355448' [1][0] OK
C:[24/04/2013 21:47:07.58][190.37.106.36][1557] SELECT horas_lab FROM tblaca008 WHERE c_asigna='300428' AND horas_teoricas > 0 [1][0] OK
C:[24/04/2013 21:47:07.69][190.37.106.36][1591] SELECT sum(u_creditos*1) FROM dace006 a, tblaca009 b WHERE a.exp_e='12-18246311' AND a.lapso='2013-1' AND b.pensum='5' AND b.c_uni_ca='5' AND status IN ('7','A','2') AND a.c_asigna=b.c_asigna  [1][0] OK
C:[24/04/2013 21:47:08.07][190.37.106.36][1610] SELECT sum(u_creditos*1) FROM dace006 a, tblaca009 b WHERE a.exp_e='12-18246311' AND a.lapso='2013-1' AND b.pensum='5' AND b.c_uni_ca='5' AND status IN ('7','A','2') AND a.c_asigna=b.c_asigna AND a.c_asigna IN ('355350','355448') [1][0] OK
C:[24/04/2013 21:47:08.44][190.37.106.36][1626] SELECT MAX(semestre) FROM dace006 a, tblaca009 b WHERE a.exp_e='12-18246311' AND a.lapso='2013-1' AND b.pensum='5' AND b.c_uni_ca='5' AND status IN ('7','A','2') AND a.c_asigna=b.c_asigna  [1][0] OK
C:[24/04/2013 21:47:08.38][190.37.106.36][1646] SELECT MIN(semestre) FROM dace006 a, tblaca009 b WHERE a.exp_e='12-18246311' AND a.lapso='2013-1' AND b.pensum='5' AND b.c_uni_ca='5' AND status IN ('7','A','2') AND a.c_asigna=b.c_asigna AND a.c_asigna IN ('300428') [1][0] OK
C:[24/04/2013 21:53:59.96][200.84.82.246][1383] SELECT pre_cod_asig1,pre_cod_asig2,pre_cod_asig3,pre_cod_asig4,pre_cod_asig5,pre_cod_asig6,pre_cod_asig7 FROM tblaca009 WHERE pensum='5' AND c_uni_ca='5' AND c_asigna='355951' [1][0] OK
C:[24/04/2013 21:53:59.96][200.84.82.246][1396] SELECT c_asigna FROM dace004 WHERE exp_e='09-24039065' AND c_asigna='355691' AND status IN ('0','3','B') [1][0] OK
C:[24/04/2013 21:53:59.96][200.84.82.246][1383] SELECT pre_cod_asig1,pre_cod_asig2,pre_cod_asig3,pre_cod_asig4,pre_cod_asig5,pre_cod_asig6,pre_cod_asig7 FROM tblaca009 WHERE pensum='5' AND c_uni_ca='5' AND c_asigna='355692' [1][0] OK
C:[24/04/2013 21:53:59.96][200.84.82.246][1396] SELECT c_asigna FROM dace004 WHERE exp_e='09-24039065' AND c_asigna='355448' AND status IN ('0','3','B') [1][0] OK
C:[24/04/2013 21:53:59.96][200.84.82.246][1396] SELECT c_asigna FROM dace004 WHERE exp_e='09-24039065' AND c_asigna='355570' AND status IN ('0','3','B') [1][0] OK
C:[24/04/2013 21:53:59.96][200.84.82.246][1383] SELECT pre_cod_asig1,pre_cod_asig2,pre_cod_asig3,pre_cod_asig4,pre_cod_asig5,pre_cod_asig6,pre_cod_asig7 FROM tblaca009 WHERE pensum='5' AND c_uni_ca='5' AND c_asigna='355721' [1][0] OK
C:[24/04/2013 21:53:59.96][200.84.82.246][1396] SELECT c_asigna FROM dace004 WHERE exp_e='09-24039065' AND c_asigna='355693' AND status IN ('0','3','B') [1][0] OK
C:[24/04/2013 21:53:59.96][200.84.82.246][1396] SELECT c_asigna FROM dace004 WHERE exp_e='09-24039065' AND c_asigna='355696' AND status IN ('0','3','B') [1][0] OK
C:[24/04/2013 21:53:59.96][200.84.82.246][1383] SELECT pre_cod_asig1,pre_cod_asig2,pre_cod_asig3,pre_cod_asig4,pre_cod_asig5,pre_cod_asig6,pre_cod_asig7 FROM tblaca009 WHERE pensum='5' AND c_uni_ca='5' AND c_asigna='355722' [1][0] OK
C:[24/04/2013 21:53:59.96][200.84.82.246][1396] SELECT c_asigna FROM dace004 WHERE exp_e='09-24039065' AND c_asigna='355691' AND status IN ('0','3','B') [1][0] OK
C:[24/04/2013 21:53:59.96][200.84.82.246][1396] SELECT c_asigna FROM dace004 WHERE exp_e='09-24039065' AND c_asigna='355595' AND status IN ('0','3','B') [1][0] OK
C:[24/04/2013 21:53:59.96][200.84.82.246][1383] SELECT pre_cod_asig1,pre_cod_asig2,pre_cod_asig3,pre_cod_asig4,pre_cod_asig5,pre_cod_asig6,pre_cod_asig7 FROM tblaca009 WHERE pensum='5' AND c_uni_ca='5' AND c_asigna='355723' [1][0] OK
C:[24/04/2013 21:53:59.96][200.84.82.246][1396] SELECT c_asigna FROM dace004 WHERE exp_e='09-24039065' AND c_asigna='355694' AND status IN ('0','3','B') [1][0] OK
C:[24/04/2013 21:54:00.58][200.84.82.246][1427] SELECT par_cod_asig1,par_cod_asig2,par_cod_asig3 FROM tblaca009 WHERE pensum='5' AND c_uni_ca='5' AND c_asigna='355951' [1][0] OK
C:[24/04/2013 21:54:00.58][200.84.82.246][1427] SELECT par_cod_asig1,par_cod_asig2,par_cod_asig3 FROM tblaca009 WHERE pensum='5' AND c_uni_ca='5' AND c_asigna='355692' [1][0] OK
C:[24/04/2013 21:54:00.58][200.84.82.246][1427] SELECT par_cod_asig1,par_cod_asig2,par_cod_asig3 FROM tblaca009 WHERE pensum='5' AND c_uni_ca='5' AND c_asigna='355721' [1][0] OK
C:[24/04/2013 21:54:00.58][200.84.82.246][1427] SELECT par_cod_asig1,par_cod_asig2,par_cod_asig3 FROM tblaca009 WHERE pensum='5' AND c_uni_ca='5' AND c_asigna='355722' [1][0] OK
C:[24/04/2013 21:54:00.58][200.84.82.246][1427] SELECT par_cod_asig1,par_cod_asig2,par_cod_asig3 FROM tblaca009 WHERE pensum='5' AND c_uni_ca='5' AND c_asigna='355723' [1][0] OK
C:[24/04/2013 21:54:00.21][200.84.82.246][1557] SELECT horas_lab FROM tblaca008 WHERE c_asigna='355951' AND horas_teoricas > 0 [1][0] OK
C:[24/04/2013 21:54:00.33][200.84.82.246][1591] SELECT sum(u_creditos*1) FROM dace006 a, tblaca009 b WHERE a.exp_e='09-24039065' AND a.lapso='2013-1' AND b.pensum='5' AND b.c_uni_ca='5' AND status IN ('7','A','2') AND a.c_asigna=b.c_asigna  [1][0] OK
C:[24/04/2013 21:54:00.71][200.84.82.246][1610] SELECT sum(u_creditos*1) FROM dace006 a, tblaca009 b WHERE a.exp_e='09-24039065' AND a.lapso='2013-1' AND b.pensum='5' AND b.c_uni_ca='5' AND status IN ('7','A','2') AND a.c_asigna=b.c_asigna AND a.c_asigna IN ('355692','355721','355722','355723') [1][0] OK
C:[24/04/2013 21:54:00.07][200.84.82.246][1626] SELECT MAX(semestre) FROM dace006 a, tblaca009 b WHERE a.exp_e='09-24039065' AND a.lapso='2013-1' AND b.pensum='5' AND b.c_uni_ca='5' AND status IN ('7','A','2') AND a.c_asigna=b.c_asigna  [1][0] OK
C:[24/04/2013 21:54:00.45][200.84.82.246][1646] SELECT MIN(semestre) FROM dace006 a, tblaca009 b WHERE a.exp_e='09-24039065' AND a.lapso='2013-1' AND b.pensum='5' AND b.c_uni_ca='5' AND status IN ('7','A','2') AND a.c_asigna=b.c_asigna AND a.c_asigna IN ('355951') [1][0] OK
C:[24/04/2013 22:11:13.38][190.37.106.36][1383] SELECT pre_cod_asig1,pre_cod_asig2,pre_cod_asig3,pre_cod_asig4,pre_cod_asig5,pre_cod_asig6,pre_cod_asig7 FROM tblaca009 WHERE pensum='5' AND c_uni_ca='5' AND c_asigna='300428' [1][0] OK
C:[24/04/2013 22:11:13.38][190.37.106.36][1396] SELECT c_asigna FROM dace004 WHERE exp_e='12-18246311' AND c_asigna='300317' AND status IN ('0','3','B') [1][0] OK
C:[24/04/2013 22:11:13.38][190.37.106.36][1396] SELECT c_asigna FROM dace004 WHERE exp_e='12-18246311' AND c_asigna='300209' AND status IN ('0','3','B') [1][0] OK
C:[24/04/2013 22:11:13.38][190.37.106.36][1383] SELECT pre_cod_asig1,pre_cod_asig2,pre_cod_asig3,pre_cod_asig4,pre_cod_asig5,pre_cod_asig6,pre_cod_asig7 FROM tblaca009 WHERE pensum='5' AND c_uni_ca='5' AND c_asigna='355350' [1][0] OK
C:[24/04/2013 22:11:13.38][190.37.106.36][1396] SELECT c_asigna FROM dace004 WHERE exp_e='12-18246311' AND c_asigna='300207' AND status IN ('0','3','B') [1][0] OK
C:[24/04/2013 22:11:13.38][190.37.106.36][1396] SELECT c_asigna FROM dace004 WHERE exp_e='12-18246311' AND c_asigna='300228' AND status IN ('0','3','B') [1][0] OK
C:[24/04/2013 22:11:13.38][190.37.106.36][1383] SELECT pre_cod_asig1,pre_cod_asig2,pre_cod_asig3,pre_cod_asig4,pre_cod_asig5,pre_cod_asig6,pre_cod_asig7 FROM tblaca009 WHERE pensum='5' AND c_uni_ca='5' AND c_asigna='355448' [1][0] OK
C:[24/04/2013 22:11:13.38][190.37.106.36][1396] SELECT c_asigna FROM dace004 WHERE exp_e='12-18246311' AND c_asigna='300313' AND status IN ('0','3','B') [1][0] OK
C:[24/04/2013 22:11:13.38][190.37.106.36][1396] SELECT c_asigna FROM dace004 WHERE exp_e='12-18246311' AND c_asigna='300209' AND status IN ('0','3','B') [1][0] OK
C:[24/04/2013 22:11:13.38][190.37.106.36][1396] SELECT c_asigna FROM dace004 WHERE exp_e='12-18246311' AND c_asigna='300226' AND status IN ('0','3','B') [1][0] OK
C:[24/04/2013 22:11:13.38][190.37.106.36][1396] SELECT c_asigna FROM dace004 WHERE exp_e='12-18246311' AND c_asigna='300222' AND status IN ('0','3','B') [1][0] OK
C:[24/04/2013 22:11:14.75][190.37.106.36][1427] SELECT par_cod_asig1,par_cod_asig2,par_cod_asig3 FROM tblaca009 WHERE pensum='5' AND c_uni_ca='5' AND c_asigna='300428' [1][0] OK
C:[24/04/2013 22:11:14.75][190.37.106.36][1427] SELECT par_cod_asig1,par_cod_asig2,par_cod_asig3 FROM tblaca009 WHERE pensum='5' AND c_uni_ca='5' AND c_asigna='355350' [1][0] OK
C:[24/04/2013 22:11:14.75][190.37.106.36][1427] SELECT par_cod_asig1,par_cod_asig2,par_cod_asig3 FROM tblaca009 WHERE pensum='5' AND c_uni_ca='5' AND c_asigna='355448' [1][0] OK
C:[24/04/2013 22:11:14.14][190.37.106.36][1557] SELECT horas_lab FROM tblaca008 WHERE c_asigna='300428' AND horas_teoricas > 0 [1][0] OK
C:[24/04/2013 22:11:14.25][190.37.106.36][1591] SELECT sum(u_creditos*1) FROM dace006 a, tblaca009 b WHERE a.exp_e='12-18246311' AND a.lapso='2013-1' AND b.pensum='5' AND b.c_uni_ca='5' AND status IN ('7','A','2') AND a.c_asigna=b.c_asigna  [1][0] OK
C:[24/04/2013 22:11:14.63][190.37.106.36][1610] SELECT sum(u_creditos*1) FROM dace006 a, tblaca009 b WHERE a.exp_e='12-18246311' AND a.lapso='2013-1' AND b.pensum='5' AND b.c_uni_ca='5' AND status IN ('7','A','2') AND a.c_asigna=b.c_asigna AND a.c_asigna IN ('355350','355448') [1][0] OK
C:[24/04/2013 22:11:14.00][190.37.106.36][1626] SELECT MAX(semestre) FROM dace006 a, tblaca009 b WHERE a.exp_e='12-18246311' AND a.lapso='2013-1' AND b.pensum='5' AND b.c_uni_ca='5' AND status IN ('7','A','2') AND a.c_asigna=b.c_asigna  [1][0] OK
C:[24/04/2013 22:11:14.37][190.37.106.36][1646] SELECT MIN(semestre) FROM dace006 a, tblaca009 b WHERE a.exp_e='12-18246311' AND a.lapso='2013-1' AND b.pensum='5' AND b.c_uni_ca='5' AND status IN ('7','A','2') AND a.c_asigna=b.c_asigna AND a.c_asigna IN ('300428') [1][0] OK
C:[24/04/2013 22:17:01.05][190.37.106.36][1383] SELECT pre_cod_asig1,pre_cod_asig2,pre_cod_asig3,pre_cod_asig4,pre_cod_asig5,pre_cod_asig6,pre_cod_asig7 FROM tblaca009 WHERE pensum='5' AND c_uni_ca='5' AND c_asigna='300428' [1][0] OK
C:[24/04/2013 22:17:01.05][190.37.106.36][1396] SELECT c_asigna FROM dace004 WHERE exp_e='12-18246311' AND c_asigna='300317' AND status IN ('0','3','B') [1][0] OK
C:[24/04/2013 22:17:01.05][190.37.106.36][1396] SELECT c_asigna FROM dace004 WHERE exp_e='12-18246311' AND c_asigna='300209' AND status IN ('0','3','B') [1][0] OK
C:[24/04/2013 22:17:01.05][190.37.106.36][1383] SELECT pre_cod_asig1,pre_cod_asig2,pre_cod_asig3,pre_cod_asig4,pre_cod_asig5,pre_cod_asig6,pre_cod_asig7 FROM tblaca009 WHERE pensum='5' AND c_uni_ca='5' AND c_asigna='355350' [1][0] OK
C:[24/04/2013 22:17:01.05][190.37.106.36][1396] SELECT c_asigna FROM dace004 WHERE exp_e='12-18246311' AND c_asigna='300207' AND status IN ('0','3','B') [1][0] OK
C:[24/04/2013 22:17:01.05][190.37.106.36][1396] SELECT c_asigna FROM dace004 WHERE exp_e='12-18246311' AND c_asigna='300228' AND status IN ('0','3','B') [1][0] OK
C:[24/04/2013 22:17:01.05][190.37.106.36][1383] SELECT pre_cod_asig1,pre_cod_asig2,pre_cod_asig3,pre_cod_asig4,pre_cod_asig5,pre_cod_asig6,pre_cod_asig7 FROM tblaca009 WHERE pensum='5' AND c_uni_ca='5' AND c_asigna='355448' [1][0] OK
C:[24/04/2013 22:17:01.05][190.37.106.36][1396] SELECT c_asigna FROM dace004 WHERE exp_e='12-18246311' AND c_asigna='300313' AND status IN ('0','3','B') [1][0] OK
C:[24/04/2013 22:17:01.05][190.37.106.36][1396] SELECT c_asigna FROM dace004 WHERE exp_e='12-18246311' AND c_asigna='300209' AND status IN ('0','3','B') [1][0] OK
C:[24/04/2013 22:17:01.05][190.37.106.36][1396] SELECT c_asigna FROM dace004 WHERE exp_e='12-18246311' AND c_asigna='300226' AND status IN ('0','3','B') [1][0] OK
C:[24/04/2013 22:17:01.05][190.37.106.36][1396] SELECT c_asigna FROM dace004 WHERE exp_e='12-18246311' AND c_asigna='300222' AND status IN ('0','3','B') [1][0] OK
C:[24/04/2013 22:17:02.43][190.37.106.36][1427] SELECT par_cod_asig1,par_cod_asig2,par_cod_asig3 FROM tblaca009 WHERE pensum='5' AND c_uni_ca='5' AND c_asigna='300428' [1][0] OK
C:[24/04/2013 22:17:02.43][190.37.106.36][1427] SELECT par_cod_asig1,par_cod_asig2,par_cod_asig3 FROM tblaca009 WHERE pensum='5' AND c_uni_ca='5' AND c_asigna='355350' [1][0] OK
C:[24/04/2013 22:17:02.43][190.37.106.36][1427] SELECT par_cod_asig1,par_cod_asig2,par_cod_asig3 FROM tblaca009 WHERE pensum='5' AND c_uni_ca='5' AND c_asigna='355448' [1][0] OK
C:[24/04/2013 22:17:02.81][190.37.106.36][1557] SELECT horas_lab FROM tblaca008 WHERE c_asigna='300428' AND horas_teoricas > 0 [1][0] OK
C:[24/04/2013 22:17:02.93][190.37.106.36][1591] SELECT sum(u_creditos*1) FROM dace006 a, tblaca009 b WHERE a.exp_e='12-18246311' AND a.lapso='2013-1' AND b.pensum='5' AND b.c_uni_ca='5' AND status IN ('7','A','2') AND a.c_asigna=b.c_asigna  [1][0] OK
C:[24/04/2013 22:17:02.30][190.37.106.36][1610] SELECT sum(u_creditos*1) FROM dace006 a, tblaca009 b WHERE a.exp_e='12-18246311' AND a.lapso='2013-1' AND b.pensum='5' AND b.c_uni_ca='5' AND status IN ('7','A','2') AND a.c_asigna=b.c_asigna AND a.c_asigna IN ('355350','355448') [1][0] OK
C:[24/04/2013 22:17:02.67][190.37.106.36][1626] SELECT MAX(semestre) FROM dace006 a, tblaca009 b WHERE a.exp_e='12-18246311' AND a.lapso='2013-1' AND b.pensum='5' AND b.c_uni_ca='5' AND status IN ('7','A','2') AND a.c_asigna=b.c_asigna  [1][0] OK
C:[24/04/2013 22:17:02.05][190.37.106.36][1646] SELECT MIN(semestre) FROM dace006 a, tblaca009 b WHERE a.exp_e='12-18246311' AND a.lapso='2013-1' AND b.pensum='5' AND b.c_uni_ca='5' AND status IN ('7','A','2') AND a.c_asigna=b.c_asigna AND a.c_asigna IN ('300428') [1][0] OK
C:[24/04/2013 22:27:21.70][190.37.106.36][1383] SELECT pre_cod_asig1,pre_cod_asig2,pre_cod_asig3,pre_cod_asig4,pre_cod_asig5,pre_cod_asig6,pre_cod_asig7 FROM tblaca009 WHERE pensum='5' AND c_uni_ca='5' AND c_asigna='300428' [1][0] OK
C:[24/04/2013 22:27:21.70][190.37.106.36][1396] SELECT c_asigna FROM dace004 WHERE exp_e='12-18246311' AND c_asigna='300317' AND status IN ('0','3','B') [1][0] OK
C:[24/04/2013 22:27:21.70][190.37.106.36][1396] SELECT c_asigna FROM dace004 WHERE exp_e='12-18246311' AND c_asigna='300209' AND status IN ('0','3','B') [1][0] OK
C:[24/04/2013 22:27:21.70][190.37.106.36][1383] SELECT pre_cod_asig1,pre_cod_asig2,pre_cod_asig3,pre_cod_asig4,pre_cod_asig5,pre_cod_asig6,pre_cod_asig7 FROM tblaca009 WHERE pensum='5' AND c_uni_ca='5' AND c_asigna='355350' [1][0] OK
C:[24/04/2013 22:27:21.70][190.37.106.36][1396] SELECT c_asigna FROM dace004 WHERE exp_e='12-18246311' AND c_asigna='300207' AND status IN ('0','3','B') [1][0] OK
C:[24/04/2013 22:27:21.70][190.37.106.36][1396] SELECT c_asigna FROM dace004 WHERE exp_e='12-18246311' AND c_asigna='300228' AND status IN ('0','3','B') [1][0] OK
C:[24/04/2013 22:27:21.70][190.37.106.36][1383] SELECT pre_cod_asig1,pre_cod_asig2,pre_cod_asig3,pre_cod_asig4,pre_cod_asig5,pre_cod_asig6,pre_cod_asig7 FROM tblaca009 WHERE pensum='5' AND c_uni_ca='5' AND c_asigna='355448' [1][0] OK
C:[24/04/2013 22:27:21.70][190.37.106.36][1396] SELECT c_asigna FROM dace004 WHERE exp_e='12-18246311' AND c_asigna='300313' AND status IN ('0','3','B') [1][0] OK
C:[24/04/2013 22:27:21.70][190.37.106.36][1396] SELECT c_asigna FROM dace004 WHERE exp_e='12-18246311' AND c_asigna='300209' AND status IN ('0','3','B') [1][0] OK
C:[24/04/2013 22:27:21.70][190.37.106.36][1396] SELECT c_asigna FROM dace004 WHERE exp_e='12-18246311' AND c_asigna='300226' AND status IN ('0','3','B') [1][0] OK
C:[24/04/2013 22:27:21.70][190.37.106.36][1396] SELECT c_asigna FROM dace004 WHERE exp_e='12-18246311' AND c_asigna='300222' AND status IN ('0','3','B') [1][0] OK
C:[24/04/2013 22:27:21.70][190.37.106.36][1383] SELECT pre_cod_asig1,pre_cod_asig2,pre_cod_asig3,pre_cod_asig4,pre_cod_asig5,pre_cod_asig6,pre_cod_asig7 FROM tblaca009 WHERE pensum='5' AND c_uni_ca='5' AND c_asigna='352440' [1][0] OK
C:[24/04/2013 22:27:21.70][190.37.106.36][1396] SELECT c_asigna FROM dace004 WHERE exp_e='12-18246311' AND c_asigna='300317' AND status IN ('0','3','B') [1][0] OK
C:[24/04/2013 22:27:21.70][190.37.106.36][1396] SELECT c_asigna FROM dace004 WHERE exp_e='12-18246311' AND c_asigna='300013' AND status IN ('0','3','B') [1][0] OK
C:[24/04/2013 22:27:21.70][190.37.106.36][1396] SELECT c_asigna FROM dace004 WHERE exp_e='12-18246311' AND c_asigna='300113' AND status IN ('0','3','B') [1][0] OK
C:[24/04/2013 22:27:22.58][190.37.106.36][1427] SELECT par_cod_asig1,par_cod_asig2,par_cod_asig3 FROM tblaca009 WHERE pensum='5' AND c_uni_ca='5' AND c_asigna='300428' [1][0] OK
C:[24/04/2013 22:27:22.58][190.37.106.36][1427] SELECT par_cod_asig1,par_cod_asig2,par_cod_asig3 FROM tblaca009 WHERE pensum='5' AND c_uni_ca='5' AND c_asigna='355350' [1][0] OK
C:[24/04/2013 22:27:22.58][190.37.106.36][1427] SELECT par_cod_asig1,par_cod_asig2,par_cod_asig3 FROM tblaca009 WHERE pensum='5' AND c_uni_ca='5' AND c_asigna='355448' [1][0] OK
C:[24/04/2013 22:27:22.58][190.37.106.36][1427] SELECT par_cod_asig1,par_cod_asig2,par_cod_asig3 FROM tblaca009 WHERE pensum='5' AND c_uni_ca='5' AND c_asigna='352440' [1][0] OK
C:[24/04/2013 22:27:22.08][190.37.106.36][1557] SELECT horas_lab FROM tblaca008 WHERE c_asigna='300428' AND horas_teoricas > 0 [1][0] OK
C:[24/04/2013 22:27:22.20][190.37.106.36][1591] SELECT sum(u_creditos*1) FROM dace006 a, tblaca009 b WHERE a.exp_e='12-18246311' AND a.lapso='2013-1' AND b.pensum='5' AND b.c_uni_ca='5' AND status IN ('7','A','2') AND a.c_asigna=b.c_asigna  [1][0] OK
C:[24/04/2013 22:27:22.57][190.37.106.36][1610] SELECT sum(u_creditos*1) FROM dace006 a, tblaca009 b WHERE a.exp_e='12-18246311' AND a.lapso='2013-1' AND b.pensum='5' AND b.c_uni_ca='5' AND status IN ('7','A','2') AND a.c_asigna=b.c_asigna AND a.c_asigna IN ('355350','355448','352440') [1][0] OK
C:[24/04/2013 22:27:22.95][190.37.106.36][1626] SELECT MAX(semestre) FROM dace006 a, tblaca009 b WHERE a.exp_e='12-18246311' AND a.lapso='2013-1' AND b.pensum='5' AND b.c_uni_ca='5' AND status IN ('7','A','2') AND a.c_asigna=b.c_asigna  [1][0] OK
C:[24/04/2013 22:27:22.33][190.37.106.36][1646] SELECT MIN(semestre) FROM dace006 a, tblaca009 b WHERE a.exp_e='12-18246311' AND a.lapso='2013-1' AND b.pensum='5' AND b.c_uni_ca='5' AND status IN ('7','A','2') AND a.c_asigna=b.c_asigna AND a.c_asigna IN ('300428') [1][0] OK
C:[24/04/2013 22:28:46.25][190.37.106.36][1383] SELECT pre_cod_asig1,pre_cod_asig2,pre_cod_asig3,pre_cod_asig4,pre_cod_asig5,pre_cod_asig6,pre_cod_asig7 FROM tblaca009 WHERE pensum='5' AND c_uni_ca='5' AND c_asigna='300428' [1][0] OK
C:[24/04/2013 22:28:46.25][190.37.106.36][1396] SELECT c_asigna FROM dace004 WHERE exp_e='12-18246311' AND c_asigna='300317' AND status IN ('0','3','B') [1][0] OK
C:[24/04/2013 22:28:46.25][190.37.106.36][1396] SELECT c_asigna FROM dace004 WHERE exp_e='12-18246311' AND c_asigna='300209' AND status IN ('0','3','B') [1][0] OK
C:[24/04/2013 22:28:46.25][190.37.106.36][1383] SELECT pre_cod_asig1,pre_cod_asig2,pre_cod_asig3,pre_cod_asig4,pre_cod_asig5,pre_cod_asig6,pre_cod_asig7 FROM tblaca009 WHERE pensum='5' AND c_uni_ca='5' AND c_asigna='355350' [1][0] OK
C:[24/04/2013 22:28:46.25][190.37.106.36][1396] SELECT c_asigna FROM dace004 WHERE exp_e='12-18246311' AND c_asigna='300207' AND status IN ('0','3','B') [1][0] OK
C:[24/04/2013 22:28:46.25][190.37.106.36][1396] SELECT c_asigna FROM dace004 WHERE exp_e='12-18246311' AND c_asigna='300228' AND status IN ('0','3','B') [1][0] OK
C:[24/04/2013 22:28:46.25][190.37.106.36][1383] SELECT pre_cod_asig1,pre_cod_asig2,pre_cod_asig3,pre_cod_asig4,pre_cod_asig5,pre_cod_asig6,pre_cod_asig7 FROM tblaca009 WHERE pensum='5' AND c_uni_ca='5' AND c_asigna='355448' [1][0] OK
C:[24/04/2013 22:28:46.25][190.37.106.36][1396] SELECT c_asigna FROM dace004 WHERE exp_e='12-18246311' AND c_asigna='300313' AND status IN ('0','3','B') [1][0] OK
C:[24/04/2013 22:28:46.25][190.37.106.36][1396] SELECT c_asigna FROM dace004 WHERE exp_e='12-18246311' AND c_asigna='300209' AND status IN ('0','3','B') [1][0] OK
C:[24/04/2013 22:28:46.25][190.37.106.36][1396] SELECT c_asigna FROM dace004 WHERE exp_e='12-18246311' AND c_asigna='300226' AND status IN ('0','3','B') [1][0] OK
C:[24/04/2013 22:28:46.25][190.37.106.36][1396] SELECT c_asigna FROM dace004 WHERE exp_e='12-18246311' AND c_asigna='300222' AND status IN ('0','3','B') [1][0] OK
C:[24/04/2013 22:28:46.25][190.37.106.36][1383] SELECT pre_cod_asig1,pre_cod_asig2,pre_cod_asig3,pre_cod_asig4,pre_cod_asig5,pre_cod_asig6,pre_cod_asig7 FROM tblaca009 WHERE pensum='5' AND c_uni_ca='5' AND c_asigna='352440' [1][0] OK
C:[24/04/2013 22:28:46.25][190.37.106.36][1396] SELECT c_asigna FROM dace004 WHERE exp_e='12-18246311' AND c_asigna='300317' AND status IN ('0','3','B') [1][0] OK
C:[24/04/2013 22:28:46.25][190.37.106.36][1396] SELECT c_asigna FROM dace004 WHERE exp_e='12-18246311' AND c_asigna='300013' AND status IN ('0','3','B') [1][0] OK
C:[24/04/2013 22:28:46.25][190.37.106.36][1396] SELECT c_asigna FROM dace004 WHERE exp_e='12-18246311' AND c_asigna='300113' AND status IN ('0','3','B') [1][0] OK
C:[24/04/2013 22:28:47.49][190.37.106.36][1427] SELECT par_cod_asig1,par_cod_asig2,par_cod_asig3 FROM tblaca009 WHERE pensum='5' AND c_uni_ca='5' AND c_asigna='300428' [1][0] OK
C:[24/04/2013 22:28:47.49][190.37.106.36][1427] SELECT par_cod_asig1,par_cod_asig2,par_cod_asig3 FROM tblaca009 WHERE pensum='5' AND c_uni_ca='5' AND c_asigna='355350' [1][0] OK
C:[24/04/2013 22:28:47.49][190.37.106.36][1427] SELECT par_cod_asig1,par_cod_asig2,par_cod_asig3 FROM tblaca009 WHERE pensum='5' AND c_uni_ca='5' AND c_asigna='355448' [1][0] OK
C:[24/04/2013 22:28:47.49][190.37.106.36][1427] SELECT par_cod_asig1,par_cod_asig2,par_cod_asig3 FROM tblaca009 WHERE pensum='5' AND c_uni_ca='5' AND c_asigna='352440' [1][0] OK
C:[24/04/2013 22:28:47.00][190.37.106.36][1557] SELECT horas_lab FROM tblaca008 WHERE c_asigna='300428' AND horas_teoricas > 0 [1][0] OK
C:[24/04/2013 22:28:47.12][190.37.106.36][1591] SELECT sum(u_creditos*1) FROM dace006 a, tblaca009 b WHERE a.exp_e='12-18246311' AND a.lapso='2013-1' AND b.pensum='5' AND b.c_uni_ca='5' AND status IN ('7','A','2') AND a.c_asigna=b.c_asigna  [1][0] OK
C:[24/04/2013 22:28:47.49][190.37.106.36][1610] SELECT sum(u_creditos*1) FROM dace006 a, tblaca009 b WHERE a.exp_e='12-18246311' AND a.lapso='2013-1' AND b.pensum='5' AND b.c_uni_ca='5' AND status IN ('7','A','2') AND a.c_asigna=b.c_asigna AND a.c_asigna IN ('355350','355448','352440') [1][0] OK
C:[24/04/2013 22:28:47.87][190.37.106.36][1626] SELECT MAX(semestre) FROM dace006 a, tblaca009 b WHERE a.exp_e='12-18246311' AND a.lapso='2013-1' AND b.pensum='5' AND b.c_uni_ca='5' AND status IN ('7','A','2') AND a.c_asigna=b.c_asigna  [1][0] OK
C:[24/04/2013 22:28:47.24][190.37.106.36][1646] SELECT MIN(semestre) FROM dace006 a, tblaca009 b WHERE a.exp_e='12-18246311' AND a.lapso='2013-1' AND b.pensum='5' AND b.c_uni_ca='5' AND status IN ('7','A','2') AND a.c_asigna=b.c_asigna AND a.c_asigna IN ('300428') [1][0] OK
C:[24/04/2013 22:30:53.13][190.37.106.36][1383] SELECT pre_cod_asig1,pre_cod_asig2,pre_cod_asig3,pre_cod_asig4,pre_cod_asig5,pre_cod_asig6,pre_cod_asig7 FROM tblaca009 WHERE pensum='5' AND c_uni_ca='5' AND c_asigna='300428' [1][0] OK
C:[24/04/2013 22:30:53.13][190.37.106.36][1396] SELECT c_asigna FROM dace004 WHERE exp_e='12-18246311' AND c_asigna='300317' AND status IN ('0','3','B') [1][0] OK
C:[24/04/2013 22:30:53.13][190.37.106.36][1396] SELECT c_asigna FROM dace004 WHERE exp_e='12-18246311' AND c_asigna='300209' AND status IN ('0','3','B') [1][0] OK
C:[24/04/2013 22:30:53.13][190.37.106.36][1383] SELECT pre_cod_asig1,pre_cod_asig2,pre_cod_asig3,pre_cod_asig4,pre_cod_asig5,pre_cod_asig6,pre_cod_asig7 FROM tblaca009 WHERE pensum='5' AND c_uni_ca='5' AND c_asigna='355350' [1][0] OK
C:[24/04/2013 22:30:53.13][190.37.106.36][1396] SELECT c_asigna FROM dace004 WHERE exp_e='12-18246311' AND c_asigna='300207' AND status IN ('0','3','B') [1][0] OK
C:[24/04/2013 22:30:53.13][190.37.106.36][1396] SELECT c_asigna FROM dace004 WHERE exp_e='12-18246311' AND c_asigna='300228' AND status IN ('0','3','B') [1][0] OK
C:[24/04/2013 22:30:53.13][190.37.106.36][1383] SELECT pre_cod_asig1,pre_cod_asig2,pre_cod_asig3,pre_cod_asig4,pre_cod_asig5,pre_cod_asig6,pre_cod_asig7 FROM tblaca009 WHERE pensum='5' AND c_uni_ca='5' AND c_asigna='355448' [1][0] OK
C:[24/04/2013 22:30:53.13][190.37.106.36][1396] SELECT c_asigna FROM dace004 WHERE exp_e='12-18246311' AND c_asigna='300313' AND status IN ('0','3','B') [1][0] OK
C:[24/04/2013 22:30:53.13][190.37.106.36][1396] SELECT c_asigna FROM dace004 WHERE exp_e='12-18246311' AND c_asigna='300209' AND status IN ('0','3','B') [1][0] OK
C:[24/04/2013 22:30:53.13][190.37.106.36][1396] SELECT c_asigna FROM dace004 WHERE exp_e='12-18246311' AND c_asigna='300226' AND status IN ('0','3','B') [1][0] OK
C:[24/04/2013 22:30:53.13][190.37.106.36][1396] SELECT c_asigna FROM dace004 WHERE exp_e='12-18246311' AND c_asigna='300222' AND status IN ('0','3','B') [1][0] OK
C:[24/04/2013 22:30:53.13][190.37.106.36][1383] SELECT pre_cod_asig1,pre_cod_asig2,pre_cod_asig3,pre_cod_asig4,pre_cod_asig5,pre_cod_asig6,pre_cod_asig7 FROM tblaca009 WHERE pensum='5' AND c_uni_ca='5' AND c_asigna='352440' [1][0] OK
C:[24/04/2013 22:30:53.13][190.37.106.36][1396] SELECT c_asigna FROM dace004 WHERE exp_e='12-18246311' AND c_asigna='300317' AND status IN ('0','3','B') [1][0] OK
C:[24/04/2013 22:30:53.13][190.37.106.36][1396] SELECT c_asigna FROM dace004 WHERE exp_e='12-18246311' AND c_asigna='300013' AND status IN ('0','3','B') [1][0] OK
C:[24/04/2013 22:30:53.13][190.37.106.36][1396] SELECT c_asigna FROM dace004 WHERE exp_e='12-18246311' AND c_asigna='300113' AND status IN ('0','3','B') [1][0] OK
C:[24/04/2013 22:30:54.00][190.37.106.36][1427] SELECT par_cod_asig1,par_cod_asig2,par_cod_asig3 FROM tblaca009 WHERE pensum='5' AND c_uni_ca='5' AND c_asigna='300428' [1][0] OK
C:[24/04/2013 22:30:54.00][190.37.106.36][1427] SELECT par_cod_asig1,par_cod_asig2,par_cod_asig3 FROM tblaca009 WHERE pensum='5' AND c_uni_ca='5' AND c_asigna='355350' [1][0] OK
C:[24/04/2013 22:30:54.00][190.37.106.36][1427] SELECT par_cod_asig1,par_cod_asig2,par_cod_asig3 FROM tblaca009 WHERE pensum='5' AND c_uni_ca='5' AND c_asigna='355448' [1][0] OK
C:[24/04/2013 22:30:54.00][190.37.106.36][1427] SELECT par_cod_asig1,par_cod_asig2,par_cod_asig3 FROM tblaca009 WHERE pensum='5' AND c_uni_ca='5' AND c_asigna='352440' [1][0] OK
C:[24/04/2013 22:30:54.51][190.37.106.36][1557] SELECT horas_lab FROM tblaca008 WHERE c_asigna='300428' AND horas_teoricas > 0 [1][0] OK
C:[24/04/2013 22:30:54.62][190.37.106.36][1591] SELECT sum(u_creditos*1) FROM dace006 a, tblaca009 b WHERE a.exp_e='12-18246311' AND a.lapso='2013-1' AND b.pensum='5' AND b.c_uni_ca='5' AND status IN ('7','A','2') AND a.c_asigna=b.c_asigna  [1][0] OK
C:[24/04/2013 22:30:54.00][190.37.106.36][1610] SELECT sum(u_creditos*1) FROM dace006 a, tblaca009 b WHERE a.exp_e='12-18246311' AND a.lapso='2013-1' AND b.pensum='5' AND b.c_uni_ca='5' AND status IN ('7','A','2') AND a.c_asigna=b.c_asigna AND a.c_asigna IN ('355350','355448','352440') [1][0] OK
C:[24/04/2013 22:30:54.37][190.37.106.36][1626] SELECT MAX(semestre) FROM dace006 a, tblaca009 b WHERE a.exp_e='12-18246311' AND a.lapso='2013-1' AND b.pensum='5' AND b.c_uni_ca='5' AND status IN ('7','A','2') AND a.c_asigna=b.c_asigna  [1][0] OK
C:[24/04/2013 22:30:54.75][190.37.106.36][1646] SELECT MIN(semestre) FROM dace006 a, tblaca009 b WHERE a.exp_e='12-18246311' AND a.lapso='2013-1' AND b.pensum='5' AND b.c_uni_ca='5' AND status IN ('7','A','2') AND a.c_asigna=b.c_asigna AND a.c_asigna IN ('300428') [1][0] OK
C:[24/04/2013 22:40:25.26][190.37.106.36][1383] SELECT pre_cod_asig1,pre_cod_asig2,pre_cod_asig3,pre_cod_asig4,pre_cod_asig5,pre_cod_asig6,pre_cod_asig7 FROM tblaca009 WHERE pensum='5' AND c_uni_ca='5' AND c_asigna='300428' [1][0] OK
C:[24/04/2013 22:40:25.26][190.37.106.36][1396] SELECT c_asigna FROM dace004 WHERE exp_e='12-18246311' AND c_asigna='300317' AND status IN ('0','3','B') [1][0] OK
C:[24/04/2013 22:40:25.26][190.37.106.36][1396] SELECT c_asigna FROM dace004 WHERE exp_e='12-18246311' AND c_asigna='300209' AND status IN ('0','3','B') [1][0] OK
C:[24/04/2013 22:40:25.26][190.37.106.36][1383] SELECT pre_cod_asig1,pre_cod_asig2,pre_cod_asig3,pre_cod_asig4,pre_cod_asig5,pre_cod_asig6,pre_cod_asig7 FROM tblaca009 WHERE pensum='5' AND c_uni_ca='5' AND c_asigna='355350' [1][0] OK
C:[24/04/2013 22:40:25.26][190.37.106.36][1396] SELECT c_asigna FROM dace004 WHERE exp_e='12-18246311' AND c_asigna='300207' AND status IN ('0','3','B') [1][0] OK
C:[24/04/2013 22:40:25.26][190.37.106.36][1396] SELECT c_asigna FROM dace004 WHERE exp_e='12-18246311' AND c_asigna='300228' AND status IN ('0','3','B') [1][0] OK
C:[24/04/2013 22:40:25.26][190.37.106.36][1383] SELECT pre_cod_asig1,pre_cod_asig2,pre_cod_asig3,pre_cod_asig4,pre_cod_asig5,pre_cod_asig6,pre_cod_asig7 FROM tblaca009 WHERE pensum='5' AND c_uni_ca='5' AND c_asigna='355448' [1][0] OK
C:[24/04/2013 22:40:25.26][190.37.106.36][1396] SELECT c_asigna FROM dace004 WHERE exp_e='12-18246311' AND c_asigna='300313' AND status IN ('0','3','B') [1][0] OK
C:[24/04/2013 22:40:25.26][190.37.106.36][1396] SELECT c_asigna FROM dace004 WHERE exp_e='12-18246311' AND c_asigna='300209' AND status IN ('0','3','B') [1][0] OK
C:[24/04/2013 22:40:25.26][190.37.106.36][1396] SELECT c_asigna FROM dace004 WHERE exp_e='12-18246311' AND c_asigna='300226' AND status IN ('0','3','B') [1][0] OK
C:[24/04/2013 22:40:25.26][190.37.106.36][1396] SELECT c_asigna FROM dace004 WHERE exp_e='12-18246311' AND c_asigna='300222' AND status IN ('0','3','B') [1][0] OK
C:[24/04/2013 22:40:25.26][190.37.106.36][1383] SELECT pre_cod_asig1,pre_cod_asig2,pre_cod_asig3,pre_cod_asig4,pre_cod_asig5,pre_cod_asig6,pre_cod_asig7 FROM tblaca009 WHERE pensum='5' AND c_uni_ca='5' AND c_asigna='352440' [1][0] OK
C:[24/04/2013 22:40:25.26][190.37.106.36][1396] SELECT c_asigna FROM dace004 WHERE exp_e='12-18246311' AND c_asigna='300317' AND status IN ('0','3','B') [1][0] OK
C:[24/04/2013 22:40:25.26][190.37.106.36][1396] SELECT c_asigna FROM dace004 WHERE exp_e='12-18246311' AND c_asigna='300013' AND status IN ('0','3','B') [1][0] OK
C:[24/04/2013 22:40:25.26][190.37.106.36][1396] SELECT c_asigna FROM dace004 WHERE exp_e='12-18246311' AND c_asigna='300113' AND status IN ('0','3','B') [1][0] OK
C:[24/04/2013 22:40:25.13][190.37.106.36][1427] SELECT par_cod_asig1,par_cod_asig2,par_cod_asig3 FROM tblaca009 WHERE pensum='5' AND c_uni_ca='5' AND c_asigna='300428' [1][0] OK
C:[24/04/2013 22:40:25.13][190.37.106.36][1427] SELECT par_cod_asig1,par_cod_asig2,par_cod_asig3 FROM tblaca009 WHERE pensum='5' AND c_uni_ca='5' AND c_asigna='355350' [1][0] OK
C:[24/04/2013 22:40:25.13][190.37.106.36][1427] SELECT par_cod_asig1,par_cod_asig2,par_cod_asig3 FROM tblaca009 WHERE pensum='5' AND c_uni_ca='5' AND c_asigna='355448' [1][0] OK
C:[24/04/2013 22:40:25.13][190.37.106.36][1427] SELECT par_cod_asig1,par_cod_asig2,par_cod_asig3 FROM tblaca009 WHERE pensum='5' AND c_uni_ca='5' AND c_asigna='352440' [1][0] OK
C:[24/04/2013 22:40:25.64][190.37.106.36][1557] SELECT horas_lab FROM tblaca008 WHERE c_asigna='300428' AND horas_teoricas > 0 [1][0] OK
C:[24/04/2013 22:40:25.75][190.37.106.36][1591] SELECT sum(u_creditos*1) FROM dace006 a, tblaca009 b WHERE a.exp_e='12-18246311' AND a.lapso='2013-1' AND b.pensum='5' AND b.c_uni_ca='5' AND status IN ('7','A','2') AND a.c_asigna=b.c_asigna  [1][0] OK
C:[24/04/2013 22:40:25.13][190.37.106.36][1610] SELECT sum(u_creditos*1) FROM dace006 a, tblaca009 b WHERE a.exp_e='12-18246311' AND a.lapso='2013-1' AND b.pensum='5' AND b.c_uni_ca='5' AND status IN ('7','A','2') AND a.c_asigna=b.c_asigna AND a.c_asigna IN ('355350','355448','352440') [1][0] OK
C:[24/04/2013 22:40:25.06][190.37.106.36][1626] SELECT MAX(semestre) FROM dace006 a, tblaca009 b WHERE a.exp_e='12-18246311' AND a.lapso='2013-1' AND b.pensum='5' AND b.c_uni_ca='5' AND status IN ('7','A','2') AND a.c_asigna=b.c_asigna  [1][0] OK
C:[24/04/2013 22:40:25.44][190.37.106.36][1646] SELECT MIN(semestre) FROM dace006 a, tblaca009 b WHERE a.exp_e='12-18246311' AND a.lapso='2013-1' AND b.pensum='5' AND b.c_uni_ca='5' AND status IN ('7','A','2') AND a.c_asigna=b.c_asigna AND a.c_asigna IN ('300428') [1][0] OK
C:[24/04/2013 22:43:50.51][190.37.106.36][1383] SELECT pre_cod_asig1,pre_cod_asig2,pre_cod_asig3,pre_cod_asig4,pre_cod_asig5,pre_cod_asig6,pre_cod_asig7 FROM tblaca009 WHERE pensum='5' AND c_uni_ca='5' AND c_asigna='300428' [1][0] OK
C:[24/04/2013 22:43:50.51][190.37.106.36][1396] SELECT c_asigna FROM dace004 WHERE exp_e='12-18246311' AND c_asigna='300317' AND status IN ('0','3','B') [1][0] OK
C:[24/04/2013 22:43:50.51][190.37.106.36][1396] SELECT c_asigna FROM dace004 WHERE exp_e='12-18246311' AND c_asigna='300209' AND status IN ('0','3','B') [1][0] OK
C:[24/04/2013 22:43:50.51][190.37.106.36][1383] SELECT pre_cod_asig1,pre_cod_asig2,pre_cod_asig3,pre_cod_asig4,pre_cod_asig5,pre_cod_asig6,pre_cod_asig7 FROM tblaca009 WHERE pensum='5' AND c_uni_ca='5' AND c_asigna='355350' [1][0] OK
C:[24/04/2013 22:43:50.51][190.37.106.36][1396] SELECT c_asigna FROM dace004 WHERE exp_e='12-18246311' AND c_asigna='300207' AND status IN ('0','3','B') [1][0] OK
C:[24/04/2013 22:43:50.51][190.37.106.36][1396] SELECT c_asigna FROM dace004 WHERE exp_e='12-18246311' AND c_asigna='300228' AND status IN ('0','3','B') [1][0] OK
C:[24/04/2013 22:43:50.51][190.37.106.36][1383] SELECT pre_cod_asig1,pre_cod_asig2,pre_cod_asig3,pre_cod_asig4,pre_cod_asig5,pre_cod_asig6,pre_cod_asig7 FROM tblaca009 WHERE pensum='5' AND c_uni_ca='5' AND c_asigna='355448' [1][0] OK
C:[24/04/2013 22:43:50.51][190.37.106.36][1396] SELECT c_asigna FROM dace004 WHERE exp_e='12-18246311' AND c_asigna='300313' AND status IN ('0','3','B') [1][0] OK
C:[24/04/2013 22:43:50.51][190.37.106.36][1396] SELECT c_asigna FROM dace004 WHERE exp_e='12-18246311' AND c_asigna='300209' AND status IN ('0','3','B') [1][0] OK
C:[24/04/2013 22:43:50.51][190.37.106.36][1396] SELECT c_asigna FROM dace004 WHERE exp_e='12-18246311' AND c_asigna='300226' AND status IN ('0','3','B') [1][0] OK
C:[24/04/2013 22:43:50.51][190.37.106.36][1396] SELECT c_asigna FROM dace004 WHERE exp_e='12-18246311' AND c_asigna='300222' AND status IN ('0','3','B') [1][0] OK
C:[24/04/2013 22:43:50.51][190.37.106.36][1383] SELECT pre_cod_asig1,pre_cod_asig2,pre_cod_asig3,pre_cod_asig4,pre_cod_asig5,pre_cod_asig6,pre_cod_asig7 FROM tblaca009 WHERE pensum='5' AND c_uni_ca='5' AND c_asigna='352440' [1][0] OK
C:[24/04/2013 22:43:50.51][190.37.106.36][1396] SELECT c_asigna FROM dace004 WHERE exp_e='12-18246311' AND c_asigna='300317' AND status IN ('0','3','B') [1][0] OK
C:[24/04/2013 22:43:50.51][190.37.106.36][1396] SELECT c_asigna FROM dace004 WHERE exp_e='12-18246311' AND c_asigna='300013' AND status IN ('0','3','B') [1][0] OK
C:[24/04/2013 22:43:50.51][190.37.106.36][1396] SELECT c_asigna FROM dace004 WHERE exp_e='12-18246311' AND c_asigna='300113' AND status IN ('0','3','B') [1][0] OK
C:[24/04/2013 22:43:50.37][190.37.106.36][1427] SELECT par_cod_asig1,par_cod_asig2,par_cod_asig3 FROM tblaca009 WHERE pensum='5' AND c_uni_ca='5' AND c_asigna='300428' [1][0] OK
C:[24/04/2013 22:43:50.37][190.37.106.36][1427] SELECT par_cod_asig1,par_cod_asig2,par_cod_asig3 FROM tblaca009 WHERE pensum='5' AND c_uni_ca='5' AND c_asigna='355350' [1][0] OK
C:[24/04/2013 22:43:50.37][190.37.106.36][1427] SELECT par_cod_asig1,par_cod_asig2,par_cod_asig3 FROM tblaca009 WHERE pensum='5' AND c_uni_ca='5' AND c_asigna='355448' [1][0] OK
C:[24/04/2013 22:43:50.37][190.37.106.36][1427] SELECT par_cod_asig1,par_cod_asig2,par_cod_asig3 FROM tblaca009 WHERE pensum='5' AND c_uni_ca='5' AND c_asigna='352440' [1][0] OK
C:[24/04/2013 22:43:50.88][190.37.106.36][1557] SELECT horas_lab FROM tblaca008 WHERE c_asigna='300428' AND horas_teoricas > 0 [1][0] OK
C:[24/04/2013 22:43:50.00][190.37.106.36][1591] SELECT sum(u_creditos*1) FROM dace006 a, tblaca009 b WHERE a.exp_e='12-18246311' AND a.lapso='2013-1' AND b.pensum='5' AND b.c_uni_ca='5' AND status IN ('7','A','2') AND a.c_asigna=b.c_asigna  [1][0] OK
C:[24/04/2013 22:43:51.50][190.37.106.36][1610] SELECT sum(u_creditos*1) FROM dace006 a, tblaca009 b WHERE a.exp_e='12-18246311' AND a.lapso='2013-1' AND b.pensum='5' AND b.c_uni_ca='5' AND status IN ('7','A','2') AND a.c_asigna=b.c_asigna AND a.c_asigna IN ('355350','355448','352440') [1][0] OK
C:[24/04/2013 22:43:51.87][190.37.106.36][1626] SELECT MAX(semestre) FROM dace006 a, tblaca009 b WHERE a.exp_e='12-18246311' AND a.lapso='2013-1' AND b.pensum='5' AND b.c_uni_ca='5' AND status IN ('7','A','2') AND a.c_asigna=b.c_asigna  [1][0] OK
C:[24/04/2013 22:43:51.24][190.37.106.36][1646] SELECT MIN(semestre) FROM dace006 a, tblaca009 b WHERE a.exp_e='12-18246311' AND a.lapso='2013-1' AND b.pensum='5' AND b.c_uni_ca='5' AND status IN ('7','A','2') AND a.c_asigna=b.c_asigna AND a.c_asigna IN ('300428') [1][0] OK
C:[24/04/2013 22:57:39.39][186.90.189.194][1383] SELECT pre_cod_asig1,pre_cod_asig2,pre_cod_asig3,pre_cod_asig4,pre_cod_asig5,pre_cod_asig6,pre_cod_asig7 FROM tblaca009 WHERE pensum='5' AND c_uni_ca='5' AND c_asigna='351451' [1][0] OK
C:[24/04/2013 22:57:39.39][186.90.189.194][1396] SELECT c_asigna FROM dace004 WHERE exp_e='09-20506101' AND c_asigna='351330' AND status IN ('0','3','B') [1][0] OK
C:[24/04/2013 22:57:39.39][186.90.189.194][1396] SELECT c_asigna FROM dace004 WHERE exp_e='09-20506101' AND c_asigna='355350' AND status IN ('0','3','B') [1][0] OK
C:[24/04/2013 22:57:39.39][186.90.189.194][1396] SELECT c_asigna FROM dace004 WHERE exp_e='09-20506101' AND c_asigna='300318' AND status IN ('0','3','B') [1][0] OK
C:[24/04/2013 22:57:39.39][186.90.189.194][1396] SELECT c_asigna FROM dace004 WHERE exp_e='09-20506101' AND c_asigna='300209' AND status IN ('0','3','B') [1][0] OK
C:[24/04/2013 22:57:39.39][186.90.189.194][1396] SELECT c_asigna FROM dace004 WHERE exp_e='09-20506101' AND c_asigna='300222' AND status IN ('0','3','B') [1][0] OK
C:[24/04/2013 22:57:39.39][186.90.189.194][1383] SELECT pre_cod_asig1,pre_cod_asig2,pre_cod_asig3,pre_cod_asig4,pre_cod_asig5,pre_cod_asig6,pre_cod_asig7 FROM tblaca009 WHERE pensum='5' AND c_uni_ca='5' AND c_asigna='300422' [1][0] OK
C:[24/04/2013 22:57:39.39][186.90.189.194][1396] SELECT c_asigna FROM dace004 WHERE exp_e='09-20506101' AND c_asigna='300105' AND status IN ('0','3','B') [1][0] OK
C:[24/04/2013 22:57:39.39][186.90.189.194][1396] SELECT c_asigna FROM dace004 WHERE exp_e='09-20506101' AND c_asigna='300314' AND status IN ('0','3','B') [1][0] OK
C:[24/04/2013 22:57:39.39][186.90.189.194][1383] SELECT pre_cod_asig1,pre_cod_asig2,pre_cod_asig3,pre_cod_asig4,pre_cod_asig5,pre_cod_asig6,pre_cod_asig7 FROM tblaca009 WHERE pensum='5' AND c_uni_ca='5' AND c_asigna='355570' [1][0] OK
C:[24/04/2013 22:57:39.39][186.90.189.194][1396] SELECT c_asigna FROM dace004 WHERE exp_e='09-20506101' AND c_asigna='355447' AND status IN ('0','3','B') [1][0] OK
C:[24/04/2013 22:57:39.39][186.90.189.194][1383] SELECT pre_cod_asig1,pre_cod_asig2,pre_cod_asig3,pre_cod_asig4,pre_cod_asig5,pre_cod_asig6,pre_cod_asig7 FROM tblaca009 WHERE pensum='5' AND c_uni_ca='5' AND c_asigna='355571' [1][0] OK
C:[24/04/2013 22:57:39.39][186.90.189.194][1396] SELECT c_asigna FROM dace004 WHERE exp_e='09-20506101' AND c_asigna='355447' AND status IN ('0','3','B') [1][0] OK
C:[24/04/2013 22:57:39.39][186.90.189.194][1383] SELECT pre_cod_asig1,pre_cod_asig2,pre_cod_asig3,pre_cod_asig4,pre_cod_asig5,pre_cod_asig6,pre_cod_asig7 FROM tblaca009 WHERE pensum='5' AND c_uni_ca='5' AND c_asigna='355572' [1][0] OK
C:[24/04/2013 22:57:39.39][186.90.189.194][1396] SELECT c_asigna FROM dace004 WHERE exp_e='09-20506101' AND c_asigna='300428' AND status IN ('0','3','B') [1][0] OK
C:[24/04/2013 22:57:39.39][186.90.189.194][1383] SELECT pre_cod_asig1,pre_cod_asig2,pre_cod_asig3,pre_cod_asig4,pre_cod_asig5,pre_cod_asig6,pre_cod_asig7 FROM tblaca009 WHERE pensum='5' AND c_uni_ca='5' AND c_asigna='300313' [1][0] OK
C:[24/04/2013 22:57:39.39][186.90.189.194][1396] SELECT c_asigna FROM dace004 WHERE exp_e='09-20506101' AND c_asigna='300213' AND status IN ('0','3','B') [1][0] OK
C:[24/04/2013 22:57:39.39][186.90.189.194][1396] SELECT c_asigna FROM dace004 WHERE exp_e='09-20506101' AND c_asigna='300226' AND status IN ('0','3','B') [1][0] OK
C:[24/04/2013 22:57:39.39][186.90.189.194][1396] SELECT c_asigna FROM dace004 WHERE exp_e='09-20506101' AND c_asigna='300222' AND status IN ('0','3','B') [1][0] OK
C:[24/04/2013 22:57:39.39][186.90.189.194][1396] SELECT c_asigna FROM dace004 WHERE exp_e='09-20506101' AND c_asigna='300209' AND status IN ('0','3','B') [1][0] OK
C:[24/04/2013 22:57:40.44][186.90.189.194][1427] SELECT par_cod_asig1,par_cod_asig2,par_cod_asig3 FROM tblaca009 WHERE pensum='5' AND c_uni_ca='5' AND c_asigna='351451' [1][0] OK
C:[24/04/2013 22:57:40.44][186.90.189.194][1427] SELECT par_cod_asig1,par_cod_asig2,par_cod_asig3 FROM tblaca009 WHERE pensum='5' AND c_uni_ca='5' AND c_asigna='300422' [1][0] OK
C:[24/04/2013 22:57:40.44][186.90.189.194][1427] SELECT par_cod_asig1,par_cod_asig2,par_cod_asig3 FROM tblaca009 WHERE pensum='5' AND c_uni_ca='5' AND c_asigna='355570' [1][0] OK
C:[24/04/2013 22:57:40.44][186.90.189.194][1427] SELECT par_cod_asig1,par_cod_asig2,par_cod_asig3 FROM tblaca009 WHERE pensum='5' AND c_uni_ca='5' AND c_asigna='355571' [1][0] OK
C:[24/04/2013 22:57:40.44][186.90.189.194][1427] SELECT par_cod_asig1,par_cod_asig2,par_cod_asig3 FROM tblaca009 WHERE pensum='5' AND c_uni_ca='5' AND c_asigna='355572' [1][0] OK
C:[24/04/2013 22:57:40.44][186.90.189.194][1427] SELECT par_cod_asig1,par_cod_asig2,par_cod_asig3 FROM tblaca009 WHERE pensum='5' AND c_uni_ca='5' AND c_asigna='300313' [1][0] OK
C:[24/04/2013 22:57:40.21][186.90.189.194][1557] SELECT horas_lab FROM tblaca008 WHERE c_asigna='351451' AND horas_teoricas > 0 [1][0] OK
C:[24/04/2013 22:57:40.32][186.90.189.194][1591] SELECT sum(u_creditos*1) FROM dace006 a, tblaca009 b WHERE a.exp_e='09-20506101' AND a.lapso='2013-1' AND b.pensum='5' AND b.c_uni_ca='5' AND status IN ('7','A','2') AND a.c_asigna=b.c_asigna  [1][0] OK
C:[24/04/2013 22:57:40.26][186.90.189.194][1610] SELECT sum(u_creditos*1) FROM dace006 a, tblaca009 b WHERE a.exp_e='09-20506101' AND a.lapso='2013-1' AND b.pensum='5' AND b.c_uni_ca='5' AND status IN ('7','A','2') AND a.c_asigna=b.c_asigna AND a.c_asigna IN ('300422','355570','355571','355572','300313') [1][0] OK
C:[24/04/2013 22:57:40.32][186.90.189.194][1626] SELECT MAX(semestre) FROM dace006 a, tblaca009 b WHERE a.exp_e='09-20506101' AND a.lapso='2013-1' AND b.pensum='5' AND b.c_uni_ca='5' AND status IN ('7','A','2') AND a.c_asigna=b.c_asigna  [1][0] OK
C:[24/04/2013 22:57:40.69][186.90.189.194][1646] SELECT MIN(semestre) FROM dace006 a, tblaca009 b WHERE a.exp_e='09-20506101' AND a.lapso='2013-1' AND b.pensum='5' AND b.c_uni_ca='5' AND status IN ('7','A','2') AND a.c_asigna=b.c_asigna AND a.c_asigna IN ('351451') [1][0] OK
C:[24/04/2013 22:59:06.12][190.37.106.36][1383] SELECT pre_cod_asig1,pre_cod_asig2,pre_cod_asig3,pre_cod_asig4,pre_cod_asig5,pre_cod_asig6,pre_cod_asig7 FROM tblaca009 WHERE pensum='5' AND c_uni_ca='5' AND c_asigna='300428' [1][0] OK
C:[24/04/2013 22:59:06.12][190.37.106.36][1396] SELECT c_asigna FROM dace004 WHERE exp_e='12-18246311' AND c_asigna='300317' AND status IN ('0','3','B') [1][0] OK
C:[24/04/2013 22:59:06.12][190.37.106.36][1396] SELECT c_asigna FROM dace004 WHERE exp_e='12-18246311' AND c_asigna='300209' AND status IN ('0','3','B') [1][0] OK
C:[24/04/2013 22:59:06.12][190.37.106.36][1383] SELECT pre_cod_asig1,pre_cod_asig2,pre_cod_asig3,pre_cod_asig4,pre_cod_asig5,pre_cod_asig6,pre_cod_asig7 FROM tblaca009 WHERE pensum='5' AND c_uni_ca='5' AND c_asigna='355350' [1][0] OK
C:[24/04/2013 22:59:06.12][190.37.106.36][1396] SELECT c_asigna FROM dace004 WHERE exp_e='12-18246311' AND c_asigna='300207' AND status IN ('0','3','B') [1][0] OK
C:[24/04/2013 22:59:06.12][190.37.106.36][1396] SELECT c_asigna FROM dace004 WHERE exp_e='12-18246311' AND c_asigna='300228' AND status IN ('0','3','B') [1][0] OK
C:[24/04/2013 22:59:06.12][190.37.106.36][1383] SELECT pre_cod_asig1,pre_cod_asig2,pre_cod_asig3,pre_cod_asig4,pre_cod_asig5,pre_cod_asig6,pre_cod_asig7 FROM tblaca009 WHERE pensum='5' AND c_uni_ca='5' AND c_asigna='355448' [1][0] OK
C:[24/04/2013 22:59:06.12][190.37.106.36][1396] SELECT c_asigna FROM dace004 WHERE exp_e='12-18246311' AND c_asigna='300313' AND status IN ('0','3','B') [1][0] OK
C:[24/04/2013 22:59:06.12][190.37.106.36][1396] SELECT c_asigna FROM dace004 WHERE exp_e='12-18246311' AND c_asigna='300209' AND status IN ('0','3','B') [1][0] OK
C:[24/04/2013 22:59:06.12][190.37.106.36][1396] SELECT c_asigna FROM dace004 WHERE exp_e='12-18246311' AND c_asigna='300226' AND status IN ('0','3','B') [1][0] OK
C:[24/04/2013 22:59:06.12][190.37.106.36][1396] SELECT c_asigna FROM dace004 WHERE exp_e='12-18246311' AND c_asigna='300222' AND status IN ('0','3','B') [1][0] OK
C:[24/04/2013 22:59:06.12][190.37.106.36][1383] SELECT pre_cod_asig1,pre_cod_asig2,pre_cod_asig3,pre_cod_asig4,pre_cod_asig5,pre_cod_asig6,pre_cod_asig7 FROM tblaca009 WHERE pensum='5' AND c_uni_ca='5' AND c_asigna='352440' [1][0] OK
C:[24/04/2013 22:59:06.12][190.37.106.36][1396] SELECT c_asigna FROM dace004 WHERE exp_e='12-18246311' AND c_asigna='300317' AND status IN ('0','3','B') [1][0] OK
C:[24/04/2013 22:59:06.12][190.37.106.36][1396] SELECT c_asigna FROM dace004 WHERE exp_e='12-18246311' AND c_asigna='300013' AND status IN ('0','3','B') [1][0] OK
C:[24/04/2013 22:59:06.12][190.37.106.36][1396] SELECT c_asigna FROM dace004 WHERE exp_e='12-18246311' AND c_asigna='300113' AND status IN ('0','3','B') [1][0] OK
C:[24/04/2013 22:59:06.25][190.37.106.36][1427] SELECT par_cod_asig1,par_cod_asig2,par_cod_asig3 FROM tblaca009 WHERE pensum='5' AND c_uni_ca='5' AND c_asigna='300428' [1][0] OK
C:[24/04/2013 22:59:06.25][190.37.106.36][1427] SELECT par_cod_asig1,par_cod_asig2,par_cod_asig3 FROM tblaca009 WHERE pensum='5' AND c_uni_ca='5' AND c_asigna='355350' [1][0] OK
C:[24/04/2013 22:59:06.25][190.37.106.36][1427] SELECT par_cod_asig1,par_cod_asig2,par_cod_asig3 FROM tblaca009 WHERE pensum='5' AND c_uni_ca='5' AND c_asigna='355448' [1][0] OK
C:[24/04/2013 22:59:06.25][190.37.106.36][1427] SELECT par_cod_asig1,par_cod_asig2,par_cod_asig3 FROM tblaca009 WHERE pensum='5' AND c_uni_ca='5' AND c_asigna='352440' [1][0] OK
C:[24/04/2013 22:59:07.75][190.37.106.36][1557] SELECT horas_lab FROM tblaca008 WHERE c_asigna='300428' AND horas_teoricas > 0 [1][0] OK
C:[24/04/2013 22:59:07.49][186.90.189.194][1383] SELECT pre_cod_asig1,pre_cod_asig2,pre_cod_asig3,pre_cod_asig4,pre_cod_asig5,pre_cod_asig6,pre_cod_asig7 FROM tblaca009 WHERE pensum='5' AND c_uni_ca='5' AND c_asigna='351451' [1][0] OK
C:[24/04/2013 22:59:07.49][186.90.189.194][1396] SELECT c_asigna FROM dace004 WHERE exp_e='09-20506101' AND c_asigna='351330' AND status IN ('0','3','B') [1][0] OK
C:[24/04/2013 22:59:07.87][190.37.106.36][1591] SELECT sum(u_creditos*1) FROM dace006 a, tblaca009 b WHERE a.exp_e='12-18246311' AND a.lapso='2013-1' AND b.pensum='5' AND b.c_uni_ca='5' AND status IN ('7','A','2') AND a.c_asigna=b.c_asigna  [1][0] OK
C:[24/04/2013 22:59:07.49][186.90.189.194][1396] SELECT c_asigna FROM dace004 WHERE exp_e='09-20506101' AND c_asigna='355350' AND status IN ('0','3','B') [1][0] OK
C:[24/04/2013 22:59:07.49][186.90.189.194][1396] SELECT c_asigna FROM dace004 WHERE exp_e='09-20506101' AND c_asigna='300318' AND status IN ('0','3','B') [1][0] OK
C:[24/04/2013 22:59:07.49][186.90.189.194][1396] SELECT c_asigna FROM dace004 WHERE exp_e='09-20506101' AND c_asigna='300209' AND status IN ('0','3','B') [1][0] OK
C:[24/04/2013 22:59:07.25][190.37.106.36][1610] SELECT sum(u_creditos*1) FROM dace006 a, tblaca009 b WHERE a.exp_e='12-18246311' AND a.lapso='2013-1' AND b.pensum='5' AND b.c_uni_ca='5' AND status IN ('7','A','2') AND a.c_asigna=b.c_asigna AND a.c_asigna IN ('355350','355448','352440') [1][0] OK
C:[24/04/2013 22:59:07.49][186.90.189.194][1396] SELECT c_asigna FROM dace004 WHERE exp_e='09-20506101' AND c_asigna='300222' AND status IN ('0','3','B') [1][0] OK
C:[24/04/2013 22:59:07.49][186.90.189.194][1383] SELECT pre_cod_asig1,pre_cod_asig2,pre_cod_asig3,pre_cod_asig4,pre_cod_asig5,pre_cod_asig6,pre_cod_asig7 FROM tblaca009 WHERE pensum='5' AND c_uni_ca='5' AND c_asigna='300422' [1][0] OK
C:[24/04/2013 22:59:07.49][186.90.189.194][1396] SELECT c_asigna FROM dace004 WHERE exp_e='09-20506101' AND c_asigna='300105' AND status IN ('0','3','B') [1][0] OK
C:[24/04/2013 22:59:07.62][190.37.106.36][1626] SELECT MAX(semestre) FROM dace006 a, tblaca009 b WHERE a.exp_e='12-18246311' AND a.lapso='2013-1' AND b.pensum='5' AND b.c_uni_ca='5' AND status IN ('7','A','2') AND a.c_asigna=b.c_asigna  [1][0] OK
C:[24/04/2013 22:59:07.49][186.90.189.194][1396] SELECT c_asigna FROM dace004 WHERE exp_e='09-20506101' AND c_asigna='300314' AND status IN ('0','3','B') [1][0] OK
C:[24/04/2013 22:59:07.49][186.90.189.194][1383] SELECT pre_cod_asig1,pre_cod_asig2,pre_cod_asig3,pre_cod_asig4,pre_cod_asig5,pre_cod_asig6,pre_cod_asig7 FROM tblaca009 WHERE pensum='5' AND c_uni_ca='5' AND c_asigna='355570' [1][0] OK
C:[24/04/2013 22:59:07.49][186.90.189.194][1396] SELECT c_asigna FROM dace004 WHERE exp_e='09-20506101' AND c_asigna='355447' AND status IN ('0','3','B') [1][0] OK
C:[24/04/2013 22:59:07.99][190.37.106.36][1646] SELECT MIN(semestre) FROM dace006 a, tblaca009 b WHERE a.exp_e='12-18246311' AND a.lapso='2013-1' AND b.pensum='5' AND b.c_uni_ca='5' AND status IN ('7','A','2') AND a.c_asigna=b.c_asigna AND a.c_asigna IN ('300428') [1][0] OK
C:[24/04/2013 22:59:07.49][186.90.189.194][1383] SELECT pre_cod_asig1,pre_cod_asig2,pre_cod_asig3,pre_cod_asig4,pre_cod_asig5,pre_cod_asig6,pre_cod_asig7 FROM tblaca009 WHERE pensum='5' AND c_uni_ca='5' AND c_asigna='355571' [1][0] OK
C:[24/04/2013 22:59:07.49][186.90.189.194][1396] SELECT c_asigna FROM dace004 WHERE exp_e='09-20506101' AND c_asigna='355447' AND status IN ('0','3','B') [1][0] OK
C:[24/04/2013 22:59:07.49][186.90.189.194][1383] SELECT pre_cod_asig1,pre_cod_asig2,pre_cod_asig3,pre_cod_asig4,pre_cod_asig5,pre_cod_asig6,pre_cod_asig7 FROM tblaca009 WHERE pensum='5' AND c_uni_ca='5' AND c_asigna='355572' [1][0] OK
C:[24/04/2013 22:59:07.49][186.90.189.194][1396] SELECT c_asigna FROM dace004 WHERE exp_e='09-20506101' AND c_asigna='300428' AND status IN ('0','3','B') [1][0] OK
C:[24/04/2013 22:59:07.49][186.90.189.194][1383] SELECT pre_cod_asig1,pre_cod_asig2,pre_cod_asig3,pre_cod_asig4,pre_cod_asig5,pre_cod_asig6,pre_cod_asig7 FROM tblaca009 WHERE pensum='5' AND c_uni_ca='5' AND c_asigna='300313' [1][0] OK
C:[24/04/2013 22:59:07.49][186.90.189.194][1396] SELECT c_asigna FROM dace004 WHERE exp_e='09-20506101' AND c_asigna='300213' AND status IN ('0','3','B') [1][0] OK
C:[24/04/2013 22:59:07.49][186.90.189.194][1396] SELECT c_asigna FROM dace004 WHERE exp_e='09-20506101' AND c_asigna='300226' AND status IN ('0','3','B') [1][0] OK
C:[24/04/2013 22:59:07.49][186.90.189.194][1396] SELECT c_asigna FROM dace004 WHERE exp_e='09-20506101' AND c_asigna='300222' AND status IN ('0','3','B') [1][0] OK
C:[24/04/2013 22:59:07.49][186.90.189.194][1396] SELECT c_asigna FROM dace004 WHERE exp_e='09-20506101' AND c_asigna='300209' AND status IN ('0','3','B') [1][0] OK
C:[24/04/2013 22:59:07.99][186.90.189.194][1427] SELECT par_cod_asig1,par_cod_asig2,par_cod_asig3 FROM tblaca009 WHERE pensum='5' AND c_uni_ca='5' AND c_asigna='351451' [1][0] OK
C:[24/04/2013 22:59:07.99][186.90.189.194][1427] SELECT par_cod_asig1,par_cod_asig2,par_cod_asig3 FROM tblaca009 WHERE pensum='5' AND c_uni_ca='5' AND c_asigna='300422' [1][0] OK
C:[24/04/2013 22:59:07.99][186.90.189.194][1427] SELECT par_cod_asig1,par_cod_asig2,par_cod_asig3 FROM tblaca009 WHERE pensum='5' AND c_uni_ca='5' AND c_asigna='355570' [1][0] OK
C:[24/04/2013 22:59:07.99][186.90.189.194][1427] SELECT par_cod_asig1,par_cod_asig2,par_cod_asig3 FROM tblaca009 WHERE pensum='5' AND c_uni_ca='5' AND c_asigna='355571' [1][0] OK
C:[24/04/2013 22:59:07.99][186.90.189.194][1427] SELECT par_cod_asig1,par_cod_asig2,par_cod_asig3 FROM tblaca009 WHERE pensum='5' AND c_uni_ca='5' AND c_asigna='355572' [1][0] OK
C:[24/04/2013 22:59:07.99][186.90.189.194][1427] SELECT par_cod_asig1,par_cod_asig2,par_cod_asig3 FROM tblaca009 WHERE pensum='5' AND c_uni_ca='5' AND c_asigna='300313' [1][0] OK
C:[24/04/2013 22:59:07.75][186.90.189.194][1557] SELECT horas_lab FROM tblaca008 WHERE c_asigna='351451' AND horas_teoricas > 0 [1][0] OK
C:[24/04/2013 22:59:07.86][186.90.189.194][1591] SELECT sum(u_creditos*1) FROM dace006 a, tblaca009 b WHERE a.exp_e='09-20506101' AND a.lapso='2013-1' AND b.pensum='5' AND b.c_uni_ca='5' AND status IN ('7','A','2') AND a.c_asigna=b.c_asigna  [1][0] OK
C:[24/04/2013 22:59:08.24][186.90.189.194][1610] SELECT sum(u_creditos*1) FROM dace006 a, tblaca009 b WHERE a.exp_e='09-20506101' AND a.lapso='2013-1' AND b.pensum='5' AND b.c_uni_ca='5' AND status IN ('7','A','2') AND a.c_asigna=b.c_asigna AND a.c_asigna IN ('300422','355570','355571','355572','300313') [1][0] OK
C:[24/04/2013 22:59:08.61][186.90.189.194][1626] SELECT MAX(semestre) FROM dace006 a, tblaca009 b WHERE a.exp_e='09-20506101' AND a.lapso='2013-1' AND b.pensum='5' AND b.c_uni_ca='5' AND status IN ('7','A','2') AND a.c_asigna=b.c_asigna  [1][0] OK
C:[24/04/2013 22:59:08.98][186.90.189.194][1646] SELECT MIN(semestre) FROM dace006 a, tblaca009 b WHERE a.exp_e='09-20506101' AND a.lapso='2013-1' AND b.pensum='5' AND b.c_uni_ca='5' AND status IN ('7','A','2') AND a.c_asigna=b.c_asigna AND a.c_asigna IN ('351451') [1][0] OK
C:[25/04/2013 00:36:09.99][190.37.167.42][1383] SELECT pre_cod_asig1,pre_cod_asig2,pre_cod_asig3,pre_cod_asig4,pre_cod_asig5,pre_cod_asig6,pre_cod_asig7 FROM tblaca009 WHERE pensum='5' AND c_uni_ca='5' AND c_asigna='355722' [1][0] OK
C:[25/04/2013 00:36:09.99][190.37.167.42][1396] SELECT c_asigna FROM dace004 WHERE exp_e='09-19622290' AND c_asigna='355691' AND status IN ('0','3','B') [1][0] OK
C:[25/04/2013 00:36:09.99][190.37.167.42][1396] SELECT c_asigna FROM dace004 WHERE exp_e='09-19622290' AND c_asigna='355595' AND status IN ('0','3','B') [1][0] OK
C:[25/04/2013 00:36:09.99][190.37.167.42][1383] SELECT pre_cod_asig1,pre_cod_asig2,pre_cod_asig3,pre_cod_asig4,pre_cod_asig5,pre_cod_asig6,pre_cod_asig7 FROM tblaca009 WHERE pensum='5' AND c_uni_ca='5' AND c_asigna='300676' [1][0] OK
C:[25/04/2013 00:36:09.99][190.37.167.42][1383] SELECT pre_cod_asig1,pre_cod_asig2,pre_cod_asig3,pre_cod_asig4,pre_cod_asig5,pre_cod_asig6,pre_cod_asig7 FROM tblaca009 WHERE pensum='5' AND c_uni_ca='5' AND c_asigna='354852' [1][0] OK
C:[25/04/2013 00:36:09.99][190.37.167.42][1383] SELECT pre_cod_asig1,pre_cod_asig2,pre_cod_asig3,pre_cod_asig4,pre_cod_asig5,pre_cod_asig6,pre_cod_asig7 FROM tblaca009 WHERE pensum='5' AND c_uni_ca='5' AND c_asigna='355839' [1][0] OK
C:[25/04/2013 00:36:09.99][190.37.167.42][1396] SELECT c_asigna FROM dace004 WHERE exp_e='09-19622290' AND c_asigna='355725' AND status IN ('0','3','B') [1][0] OK
C:[25/04/2013 00:36:09.99][190.37.167.42][1396] SELECT c_asigna FROM dace004 WHERE exp_e='09-19622290' AND c_asigna='355692' AND status IN ('0','3','B') [1][0] OK
C:[25/04/2013 00:36:09.99][190.37.167.42][1383] SELECT pre_cod_asig1,pre_cod_asig2,pre_cod_asig3,pre_cod_asig4,pre_cod_asig5,pre_cod_asig6,pre_cod_asig7 FROM tblaca009 WHERE pensum='5' AND c_uni_ca='5' AND c_asigna='355842' [1][0] OK
C:[25/04/2013 00:36:09.99][190.37.167.42][1396] SELECT c_asigna FROM dace004 WHERE exp_e='09-19622290' AND c_asigna='355720' AND status IN ('0','3','B') [1][0] OK
C:[25/04/2013 00:36:09.99][190.37.167.42][1396] SELECT c_asigna FROM dace004 WHERE exp_e='09-19622290' AND c_asigna='355725' AND status IN ('0','3','B') [1][0] OK
C:[25/04/2013 00:36:09.99][190.37.167.42][1383] SELECT pre_cod_asig1,pre_cod_asig2,pre_cod_asig3,pre_cod_asig4,pre_cod_asig5,pre_cod_asig6,pre_cod_asig7 FROM tblaca009 WHERE pensum='5' AND c_uni_ca='5' AND c_asigna='355849' [1][0] OK
C:[25/04/2013 00:36:09.99][190.37.167.42][1396] SELECT c_asigna FROM dace004 WHERE exp_e='09-19622290' AND c_asigna='355724' AND status IN ('0','3','B') [1][0] OK
C:[25/04/2013 00:36:09.99][190.37.167.42][1383] SELECT pre_cod_asig1,pre_cod_asig2,pre_cod_asig3,pre_cod_asig4,pre_cod_asig5,pre_cod_asig6,pre_cod_asig7 FROM tblaca009 WHERE pensum='5' AND c_uni_ca='5' AND c_asigna='355874' [1][0] OK
C:[25/04/2013 00:36:09.99][190.37.167.42][1396] SELECT c_asigna FROM dace004 WHERE exp_e='09-19622290' AND c_asigna='355448' AND status IN ('0','3','B') [1][0] OK
C:[25/04/2013 00:36:09.86][190.37.167.42][1427] SELECT par_cod_asig1,par_cod_asig2,par_cod_asig3 FROM tblaca009 WHERE pensum='5' AND c_uni_ca='5' AND c_asigna='355722' [1][0] OK
C:[25/04/2013 00:36:09.86][190.37.167.42][1427] SELECT par_cod_asig1,par_cod_asig2,par_cod_asig3 FROM tblaca009 WHERE pensum='5' AND c_uni_ca='5' AND c_asigna='300676' [1][0] OK
C:[25/04/2013 00:36:09.86][190.37.167.42][1427] SELECT par_cod_asig1,par_cod_asig2,par_cod_asig3 FROM tblaca009 WHERE pensum='5' AND c_uni_ca='5' AND c_asigna='354852' [1][0] OK
C:[25/04/2013 00:36:09.86][190.37.167.42][1427] SELECT par_cod_asig1,par_cod_asig2,par_cod_asig3 FROM tblaca009 WHERE pensum='5' AND c_uni_ca='5' AND c_asigna='355839' [1][0] OK
C:[25/04/2013 00:36:09.86][190.37.167.42][1427] SELECT par_cod_asig1,par_cod_asig2,par_cod_asig3 FROM tblaca009 WHERE pensum='5' AND c_uni_ca='5' AND c_asigna='355842' [1][0] OK
C:[25/04/2013 00:36:09.86][190.37.167.42][1427] SELECT par_cod_asig1,par_cod_asig2,par_cod_asig3 FROM tblaca009 WHERE pensum='5' AND c_uni_ca='5' AND c_asigna='355849' [1][0] OK
C:[25/04/2013 00:36:09.86][190.37.167.42][1427] SELECT par_cod_asig1,par_cod_asig2,par_cod_asig3 FROM tblaca009 WHERE pensum='5' AND c_uni_ca='5' AND c_asigna='355874' [1][0] OK
C:[25/04/2013 00:36:09.74][190.37.167.42][1557] SELECT horas_lab FROM tblaca008 WHERE c_asigna='355722' AND horas_teoricas > 0 [1][0] OK
C:[25/04/2013 00:36:09.86][190.37.167.42][1591] SELECT sum(u_creditos*1) FROM dace006 a, tblaca009 b WHERE a.exp_e='09-19622290' AND a.lapso='2013-1' AND b.pensum='5' AND b.c_uni_ca='5' AND status IN ('7','A','2') AND a.c_asigna=b.c_asigna  [1][0] OK
C:[25/04/2013 00:36:09.23][190.37.167.42][1610] SELECT sum(u_creditos*1) FROM dace006 a, tblaca009 b WHERE a.exp_e='09-19622290' AND a.lapso='2013-1' AND b.pensum='5' AND b.c_uni_ca='5' AND status IN ('7','A','2') AND a.c_asigna=b.c_asigna AND a.c_asigna IN ('300676','354852','355839','355842','355849','355874') [1][0] OK
C:[25/04/2013 00:36:10.17][190.37.167.42][1626] SELECT MAX(semestre) FROM dace006 a, tblaca009 b WHERE a.exp_e='09-19622290' AND a.lapso='2013-1' AND b.pensum='5' AND b.c_uni_ca='5' AND status IN ('7','A','2') AND a.c_asigna=b.c_asigna  [1][0] OK
C:[25/04/2013 00:36:10.54][190.37.167.42][1646] SELECT MIN(semestre) FROM dace006 a, tblaca009 b WHERE a.exp_e='09-19622290' AND a.lapso='2013-1' AND b.pensum='5' AND b.c_uni_ca='5' AND status IN ('7','A','2') AND a.c_asigna=b.c_asigna AND a.c_asigna IN ('355722') [1][0] OK
C:[25/04/2013 02:23:17.62][190.37.173.244][1383] SELECT pre_cod_asig1,pre_cod_asig2,pre_cod_asig3,pre_cod_asig4,pre_cod_asig5,pre_cod_asig6,pre_cod_asig7 FROM tblaca009 WHERE pensum='5' AND c_uni_ca='3' AND c_asigna='300218' [1][0] OK
C:[25/04/2013 02:23:17.62][190.37.173.244][1396] SELECT c_asigna FROM dace004 WHERE exp_e='12-24184416' AND c_asigna='300101' AND status IN ('0','3','B') [1][0] OK
C:[25/04/2013 02:23:17.62][190.37.173.244][1383] SELECT pre_cod_asig1,pre_cod_asig2,pre_cod_asig3,pre_cod_asig4,pre_cod_asig5,pre_cod_asig6,pre_cod_asig7 FROM tblaca009 WHERE pensum='5' AND c_uni_ca='3' AND c_asigna='300207' [1][0] OK
C:[25/04/2013 02:23:17.62][190.37.173.244][1396] SELECT c_asigna FROM dace004 WHERE exp_e='12-24184416' AND c_asigna='300101' AND status IN ('0','3','B') [1][0] OK
C:[25/04/2013 02:23:17.62][190.37.173.244][1383] SELECT pre_cod_asig1,pre_cod_asig2,pre_cod_asig3,pre_cod_asig4,pre_cod_asig5,pre_cod_asig6,pre_cod_asig7 FROM tblaca009 WHERE pensum='5' AND c_uni_ca='3' AND c_asigna='300209' [1][0] OK
C:[25/04/2013 02:23:17.62][190.37.173.244][1396] SELECT c_asigna FROM dace004 WHERE exp_e='12-24184416' AND c_asigna='300101' AND status IN ('0','3','B') [1][0] OK
C:[25/04/2013 02:23:17.62][190.37.173.244][1383] SELECT pre_cod_asig1,pre_cod_asig2,pre_cod_asig3,pre_cod_asig4,pre_cod_asig5,pre_cod_asig6,pre_cod_asig7 FROM tblaca009 WHERE pensum='5' AND c_uni_ca='3' AND c_asigna='300222' [1][0] OK
C:[25/04/2013 02:23:17.62][190.37.173.244][1396] SELECT c_asigna FROM dace004 WHERE exp_e='12-24184416' AND c_asigna='300112' AND status IN ('0','3','B') [1][0] OK
C:[25/04/2013 02:23:17.62][190.37.173.244][1383] SELECT pre_cod_asig1,pre_cod_asig2,pre_cod_asig3,pre_cod_asig4,pre_cod_asig5,pre_cod_asig6,pre_cod_asig7 FROM tblaca009 WHERE pensum='5' AND c_uni_ca='3' AND c_asigna='300228' [1][0] OK
C:[25/04/2013 02:23:17.62][190.37.173.244][1396] SELECT c_asigna FROM dace004 WHERE exp_e='12-24184416' AND c_asigna='300101' AND status IN ('0','3','B') [1][0] OK
C:[25/04/2013 02:23:18.68][190.37.173.244][1427] SELECT par_cod_asig1,par_cod_asig2,par_cod_asig3 FROM tblaca009 WHERE pensum='5' AND c_uni_ca='3' AND c_asigna='300218' [1][0] OK
C:[25/04/2013 02:23:18.68][190.37.173.244][1441] SELECT c_asigna FROM dace004 WHERE exp_e='12-24184416' AND c_asigna='300228' AND status IN ('0','3','B','C') [0][0] OK
C:[25/04/2013 02:23:18.68][190.37.173.244][1427] SELECT par_cod_asig1,par_cod_asig2,par_cod_asig3 FROM tblaca009 WHERE pensum='5' AND c_uni_ca='3' AND c_asigna='300207' [1][0] OK
C:[25/04/2013 02:23:18.68][190.37.173.244][1427] SELECT par_cod_asig1,par_cod_asig2,par_cod_asig3 FROM tblaca009 WHERE pensum='5' AND c_uni_ca='3' AND c_asigna='300209' [1][0] OK
C:[25/04/2013 02:23:18.68][190.37.173.244][1427] SELECT par_cod_asig1,par_cod_asig2,par_cod_asig3 FROM tblaca009 WHERE pensum='5' AND c_uni_ca='3' AND c_asigna='300222' [1][0] OK
C:[25/04/2013 02:23:18.68][190.37.173.244][1427] SELECT par_cod_asig1,par_cod_asig2,par_cod_asig3 FROM tblaca009 WHERE pensum='5' AND c_uni_ca='3' AND c_asigna='300228' [1][0] OK
C:[25/04/2013 02:23:18.45][190.37.173.244][1557] SELECT horas_lab FROM tblaca008 WHERE c_asigna='300218' AND horas_teoricas > 0 [0][0] OK
C:[25/04/2013 02:23:18.55][190.37.173.244][1591] SELECT sum(u_creditos*1) FROM dace006 a, tblaca009 b WHERE a.exp_e='12-24184416' AND a.lapso='2013-1' AND b.pensum='5' AND b.c_uni_ca='3' AND status IN ('7','A','2') AND a.c_asigna=b.c_asigna  [1][0] OK
C:[25/04/2013 02:23:18.93][190.37.173.244][1610] SELECT sum(u_creditos*1) FROM dace006 a, tblaca009 b WHERE a.exp_e='12-24184416' AND a.lapso='2013-1' AND b.pensum='5' AND b.c_uni_ca='3' AND status IN ('7','A','2') AND a.c_asigna=b.c_asigna AND a.c_asigna IN ('300207','300209','300222','300228') [1][0] OK
C:[25/04/2013 02:23:18.30][190.37.173.244][1626] SELECT MAX(semestre) FROM dace006 a, tblaca009 b WHERE a.exp_e='12-24184416' AND a.lapso='2013-1' AND b.pensum='5' AND b.c_uni_ca='3' AND status IN ('7','A','2') AND a.c_asigna=b.c_asigna  [1][0] OK
C:[25/04/2013 02:23:18.67][190.37.173.244][1646] SELECT MIN(semestre) FROM dace006 a, tblaca009 b WHERE a.exp_e='12-24184416' AND a.lapso='2013-1' AND b.pensum='5' AND b.c_uni_ca='3' AND status IN ('7','A','2') AND a.c_asigna=b.c_asigna AND a.c_asigna IN ('300218') [1][0] OK
C:[25/04/2013 05:55:08.91][190.36.31.219][1383] SELECT pre_cod_asig1,pre_cod_asig2,pre_cod_asig3,pre_cod_asig4,pre_cod_asig5,pre_cod_asig6,pre_cod_asig7 FROM tblaca009 WHERE pensum='5' AND c_uni_ca='5' AND c_asigna='351451' [1][0] OK
C:[25/04/2013 05:55:08.91][190.36.31.219][1396] SELECT c_asigna FROM dace004 WHERE exp_e='09-25040155' AND c_asigna='351330' AND status IN ('0','3','B') [1][0] OK
C:[25/04/2013 05:55:08.91][190.36.31.219][1396] SELECT c_asigna FROM dace004 WHERE exp_e='09-25040155' AND c_asigna='355350' AND status IN ('0','3','B') [1][0] OK
C:[25/04/2013 05:55:08.91][190.36.31.219][1396] SELECT c_asigna FROM dace004 WHERE exp_e='09-25040155' AND c_asigna='300318' AND status IN ('0','3','B') [1][0] OK
C:[25/04/2013 05:55:08.91][190.36.31.219][1396] SELECT c_asigna FROM dace004 WHERE exp_e='09-25040155' AND c_asigna='300209' AND status IN ('0','3','B') [1][0] OK
C:[25/04/2013 05:55:08.91][190.36.31.219][1396] SELECT c_asigna FROM dace004 WHERE exp_e='09-25040155' AND c_asigna='300222' AND status IN ('0','3','B') [1][0] OK
C:[25/04/2013 05:55:08.91][190.36.31.219][1383] SELECT pre_cod_asig1,pre_cod_asig2,pre_cod_asig3,pre_cod_asig4,pre_cod_asig5,pre_cod_asig6,pre_cod_asig7 FROM tblaca009 WHERE pensum='5' AND c_uni_ca='5' AND c_asigna='300422' [1][0] OK
C:[25/04/2013 05:55:08.91][190.36.31.219][1396] SELECT c_asigna FROM dace004 WHERE exp_e='09-25040155' AND c_asigna='300105' AND status IN ('0','3','B') [1][0] OK
C:[25/04/2013 05:55:08.91][190.36.31.219][1396] SELECT c_asigna FROM dace004 WHERE exp_e='09-25040155' AND c_asigna='300314' AND status IN ('0','3','B') [1][0] OK
C:[25/04/2013 05:55:08.91][190.36.31.219][1383] SELECT pre_cod_asig1,pre_cod_asig2,pre_cod_asig3,pre_cod_asig4,pre_cod_asig5,pre_cod_asig6,pre_cod_asig7 FROM tblaca009 WHERE pensum='5' AND c_uni_ca='5' AND c_asigna='355448' [1][0] OK
C:[25/04/2013 05:55:08.91][190.36.31.219][1396] SELECT c_asigna FROM dace004 WHERE exp_e='09-25040155' AND c_asigna='300313' AND status IN ('0','3','B') [1][0] OK
C:[25/04/2013 05:55:08.91][190.36.31.219][1396] SELECT c_asigna FROM dace004 WHERE exp_e='09-25040155' AND c_asigna='300209' AND status IN ('0','3','B') [1][0] OK
C:[25/04/2013 05:55:08.91][190.36.31.219][1396] SELECT c_asigna FROM dace004 WHERE exp_e='09-25040155' AND c_asigna='300226' AND status IN ('0','3','B') [1][0] OK
C:[25/04/2013 05:55:08.91][190.36.31.219][1396] SELECT c_asigna FROM dace004 WHERE exp_e='09-25040155' AND c_asigna='300222' AND status IN ('0','3','B') [1][0] OK
C:[25/04/2013 05:55:08.91][190.36.31.219][1383] SELECT pre_cod_asig1,pre_cod_asig2,pre_cod_asig3,pre_cod_asig4,pre_cod_asig5,pre_cod_asig6,pre_cod_asig7 FROM tblaca009 WHERE pensum='5' AND c_uni_ca='5' AND c_asigna='355570' [1][0] OK
C:[25/04/2013 05:55:08.91][190.36.31.219][1396] SELECT c_asigna FROM dace004 WHERE exp_e='09-25040155' AND c_asigna='355447' AND status IN ('0','3','B') [1][0] OK
C:[25/04/2013 05:55:08.91][190.36.31.219][1383] SELECT pre_cod_asig1,pre_cod_asig2,pre_cod_asig3,pre_cod_asig4,pre_cod_asig5,pre_cod_asig6,pre_cod_asig7 FROM tblaca009 WHERE pensum='5' AND c_uni_ca='5' AND c_asigna='355571' [1][0] OK
C:[25/04/2013 05:55:08.91][190.36.31.219][1396] SELECT c_asigna FROM dace004 WHERE exp_e='09-25040155' AND c_asigna='355447' AND status IN ('0','3','B') [1][0] OK
C:[25/04/2013 05:55:08.91][190.36.31.219][1383] SELECT pre_cod_asig1,pre_cod_asig2,pre_cod_asig3,pre_cod_asig4,pre_cod_asig5,pre_cod_asig6,pre_cod_asig7 FROM tblaca009 WHERE pensum='5' AND c_uni_ca='5' AND c_asigna='355572' [1][0] OK
C:[25/04/2013 05:55:08.91][190.36.31.219][1396] SELECT c_asigna FROM dace004 WHERE exp_e='09-25040155' AND c_asigna='300428' AND status IN ('0','3','B') [1][0] OK
C:[25/04/2013 05:55:08.40][190.36.31.219][1427] SELECT par_cod_asig1,par_cod_asig2,par_cod_asig3 FROM tblaca009 WHERE pensum='5' AND c_uni_ca='5' AND c_asigna='351451' [1][0] OK
C:[25/04/2013 05:55:08.40][190.36.31.219][1427] SELECT par_cod_asig1,par_cod_asig2,par_cod_asig3 FROM tblaca009 WHERE pensum='5' AND c_uni_ca='5' AND c_asigna='300422' [1][0] OK
C:[25/04/2013 05:55:08.40][190.36.31.219][1427] SELECT par_cod_asig1,par_cod_asig2,par_cod_asig3 FROM tblaca009 WHERE pensum='5' AND c_uni_ca='5' AND c_asigna='355448' [1][0] OK
C:[25/04/2013 05:55:08.40][190.36.31.219][1427] SELECT par_cod_asig1,par_cod_asig2,par_cod_asig3 FROM tblaca009 WHERE pensum='5' AND c_uni_ca='5' AND c_asigna='355570' [1][0] OK
C:[25/04/2013 05:55:08.40][190.36.31.219][1427] SELECT par_cod_asig1,par_cod_asig2,par_cod_asig3 FROM tblaca009 WHERE pensum='5' AND c_uni_ca='5' AND c_asigna='355571' [1][0] OK
C:[25/04/2013 05:55:08.40][190.36.31.219][1427] SELECT par_cod_asig1,par_cod_asig2,par_cod_asig3 FROM tblaca009 WHERE pensum='5' AND c_uni_ca='5' AND c_asigna='355572' [1][0] OK
C:[25/04/2013 05:55:09.17][190.36.31.219][1557] SELECT horas_lab FROM tblaca008 WHERE c_asigna='351451' AND horas_teoricas > 0 [1][0] OK
C:[25/04/2013 05:55:09.28][190.36.31.219][1591] SELECT sum(u_creditos*1) FROM dace006 a, tblaca009 b WHERE a.exp_e='09-25040155' AND a.lapso='2013-1' AND b.pensum='5' AND b.c_uni_ca='5' AND status IN ('7','A','2') AND a.c_asigna=b.c_asigna  [1][0] OK
C:[25/04/2013 05:55:09.65][190.36.31.219][1610] SELECT sum(u_creditos*1) FROM dace006 a, tblaca009 b WHERE a.exp_e='09-25040155' AND a.lapso='2013-1' AND b.pensum='5' AND b.c_uni_ca='5' AND status IN ('7','A','2') AND a.c_asigna=b.c_asigna AND a.c_asigna IN ('300422','355448','355570','355571','355572') [1][0] OK
C:[25/04/2013 05:55:09.03][190.36.31.219][1626] SELECT MAX(semestre) FROM dace006 a, tblaca009 b WHERE a.exp_e='09-25040155' AND a.lapso='2013-1' AND b.pensum='5' AND b.c_uni_ca='5' AND status IN ('7','A','2') AND a.c_asigna=b.c_asigna  [1][0] OK
C:[25/04/2013 05:55:09.40][190.36.31.219][1646] SELECT MIN(semestre) FROM dace006 a, tblaca009 b WHERE a.exp_e='09-25040155' AND a.lapso='2013-1' AND b.pensum='5' AND b.c_uni_ca='5' AND status IN ('7','A','2') AND a.c_asigna=b.c_asigna AND a.c_asigna IN ('351451') [1][0] OK
C:[25/04/2013 09:20:52.94][190.37.100.115][1383] SELECT pre_cod_asig1,pre_cod_asig2,pre_cod_asig3,pre_cod_asig4,pre_cod_asig5,pre_cod_asig6,pre_cod_asig7 FROM tblaca009 WHERE pensum='5' AND c_uni_ca='5' AND c_asigna='300428' [1][0] OK
C:[25/04/2013 09:20:52.94][190.37.100.115][1396] SELECT c_asigna FROM dace004 WHERE exp_e='12-18246311' AND c_asigna='300317' AND status IN ('0','3','B') [1][0] OK
C:[25/04/2013 09:20:52.94][190.37.100.115][1396] SELECT c_asigna FROM dace004 WHERE exp_e='12-18246311' AND c_asigna='300209' AND status IN ('0','3','B') [1][0] OK
C:[25/04/2013 09:20:52.94][190.37.100.115][1383] SELECT pre_cod_asig1,pre_cod_asig2,pre_cod_asig3,pre_cod_asig4,pre_cod_asig5,pre_cod_asig6,pre_cod_asig7 FROM tblaca009 WHERE pensum='5' AND c_uni_ca='5' AND c_asigna='355350' [1][0] OK
C:[25/04/2013 09:20:52.94][190.37.100.115][1396] SELECT c_asigna FROM dace004 WHERE exp_e='12-18246311' AND c_asigna='300207' AND status IN ('0','3','B') [1][0] OK
C:[25/04/2013 09:20:52.94][190.37.100.115][1396] SELECT c_asigna FROM dace004 WHERE exp_e='12-18246311' AND c_asigna='300228' AND status IN ('0','3','B') [1][0] OK
C:[25/04/2013 09:20:52.94][190.37.100.115][1383] SELECT pre_cod_asig1,pre_cod_asig2,pre_cod_asig3,pre_cod_asig4,pre_cod_asig5,pre_cod_asig6,pre_cod_asig7 FROM tblaca009 WHERE pensum='5' AND c_uni_ca='5' AND c_asigna='355448' [1][0] OK
C:[25/04/2013 09:20:52.94][190.37.100.115][1396] SELECT c_asigna FROM dace004 WHERE exp_e='12-18246311' AND c_asigna='300313' AND status IN ('0','3','B') [1][0] OK
C:[25/04/2013 09:20:52.94][190.37.100.115][1396] SELECT c_asigna FROM dace004 WHERE exp_e='12-18246311' AND c_asigna='300209' AND status IN ('0','3','B') [1][0] OK
C:[25/04/2013 09:20:52.94][190.37.100.115][1396] SELECT c_asigna FROM dace004 WHERE exp_e='12-18246311' AND c_asigna='300226' AND status IN ('0','3','B') [1][0] OK
C:[25/04/2013 09:20:52.94][190.37.100.115][1396] SELECT c_asigna FROM dace004 WHERE exp_e='12-18246311' AND c_asigna='300222' AND status IN ('0','3','B') [1][0] OK
C:[25/04/2013 09:20:52.94][190.37.100.115][1383] SELECT pre_cod_asig1,pre_cod_asig2,pre_cod_asig3,pre_cod_asig4,pre_cod_asig5,pre_cod_asig6,pre_cod_asig7 FROM tblaca009 WHERE pensum='5' AND c_uni_ca='5' AND c_asigna='352440' [1][0] OK
C:[25/04/2013 09:20:52.94][190.37.100.115][1396] SELECT c_asigna FROM dace004 WHERE exp_e='12-18246311' AND c_asigna='300317' AND status IN ('0','3','B') [1][0] OK
C:[25/04/2013 09:20:52.94][190.37.100.115][1396] SELECT c_asigna FROM dace004 WHERE exp_e='12-18246311' AND c_asigna='300013' AND status IN ('0','3','B') [1][0] OK
C:[25/04/2013 09:20:52.94][190.37.100.115][1396] SELECT c_asigna FROM dace004 WHERE exp_e='12-18246311' AND c_asigna='300113' AND status IN ('0','3','B') [1][0] OK
C:[25/04/2013 09:20:53.81][190.37.100.115][1427] SELECT par_cod_asig1,par_cod_asig2,par_cod_asig3 FROM tblaca009 WHERE pensum='5' AND c_uni_ca='5' AND c_asigna='300428' [1][0] OK
C:[25/04/2013 09:20:53.81][190.37.100.115][1427] SELECT par_cod_asig1,par_cod_asig2,par_cod_asig3 FROM tblaca009 WHERE pensum='5' AND c_uni_ca='5' AND c_asigna='355350' [1][0] OK
C:[25/04/2013 09:20:53.81][190.37.100.115][1427] SELECT par_cod_asig1,par_cod_asig2,par_cod_asig3 FROM tblaca009 WHERE pensum='5' AND c_uni_ca='5' AND c_asigna='355448' [1][0] OK
C:[25/04/2013 09:20:53.81][190.37.100.115][1427] SELECT par_cod_asig1,par_cod_asig2,par_cod_asig3 FROM tblaca009 WHERE pensum='5' AND c_uni_ca='5' AND c_asigna='352440' [1][0] OK
C:[25/04/2013 09:20:53.32][190.37.100.115][1557] SELECT horas_lab FROM tblaca008 WHERE c_asigna='300428' AND horas_teoricas > 0 [1][0] OK
C:[25/04/2013 09:20:53.43][190.37.100.115][1591] SELECT sum(u_creditos*1) FROM dace006 a, tblaca009 b WHERE a.exp_e='12-18246311' AND a.lapso='2013-1' AND b.pensum='5' AND b.c_uni_ca='5' AND status IN ('7','A','2') AND a.c_asigna=b.c_asigna  [1][0] OK
C:[25/04/2013 09:20:53.81][190.37.100.115][1610] SELECT sum(u_creditos*1) FROM dace006 a, tblaca009 b WHERE a.exp_e='12-18246311' AND a.lapso='2013-1' AND b.pensum='5' AND b.c_uni_ca='5' AND status IN ('7','A','2') AND a.c_asigna=b.c_asigna AND a.c_asigna IN ('355350','355448','352440') [1][0] OK
C:[25/04/2013 09:20:53.74][190.37.100.115][1626] SELECT MAX(semestre) FROM dace006 a, tblaca009 b WHERE a.exp_e='12-18246311' AND a.lapso='2013-1' AND b.pensum='5' AND b.c_uni_ca='5' AND status IN ('7','A','2') AND a.c_asigna=b.c_asigna  [1][0] OK
C:[25/04/2013 09:20:53.68][190.37.100.115][1646] SELECT MIN(semestre) FROM dace006 a, tblaca009 b WHERE a.exp_e='12-18246311' AND a.lapso='2013-1' AND b.pensum='5' AND b.c_uni_ca='5' AND status IN ('7','A','2') AND a.c_asigna=b.c_asigna AND a.c_asigna IN ('300428') [1][0] OK
C:[25/04/2013 09:57:42.93][190.37.212.28][1383] SELECT pre_cod_asig1,pre_cod_asig2,pre_cod_asig3,pre_cod_asig4,pre_cod_asig5,pre_cod_asig6,pre_cod_asig7 FROM tblaca009 WHERE pensum='5' AND c_uni_ca='5' AND c_asigna='351451' [1][0] OK
C:[25/04/2013 09:57:42.93][190.37.212.28][1396] SELECT c_asigna FROM dace004 WHERE exp_e='09-21340588' AND c_asigna='351330' AND status IN ('0','3','B') [1][0] OK
C:[25/04/2013 09:57:42.93][190.37.212.28][1396] SELECT c_asigna FROM dace004 WHERE exp_e='09-21340588' AND c_asigna='355350' AND status IN ('0','3','B') [1][0] OK
C:[25/04/2013 09:57:42.93][190.37.212.28][1396] SELECT c_asigna FROM dace004 WHERE exp_e='09-21340588' AND c_asigna='300318' AND status IN ('0','3','B') [1][0] OK
C:[25/04/2013 09:57:42.93][190.37.212.28][1396] SELECT c_asigna FROM dace004 WHERE exp_e='09-21340588' AND c_asigna='300209' AND status IN ('0','3','B') [1][0] OK
C:[25/04/2013 09:57:42.93][190.37.212.28][1396] SELECT c_asigna FROM dace004 WHERE exp_e='09-21340588' AND c_asigna='300222' AND status IN ('0','3','B') [1][0] OK
C:[25/04/2013 09:57:42.93][190.37.212.28][1383] SELECT pre_cod_asig1,pre_cod_asig2,pre_cod_asig3,pre_cod_asig4,pre_cod_asig5,pre_cod_asig6,pre_cod_asig7 FROM tblaca009 WHERE pensum='5' AND c_uni_ca='5' AND c_asigna='300116' [1][0] OK
C:[25/04/2013 09:57:42.81][190.37.212.28][1427] SELECT par_cod_asig1,par_cod_asig2,par_cod_asig3 FROM tblaca009 WHERE pensum='5' AND c_uni_ca='5' AND c_asigna='351451' [1][0] OK
C:[25/04/2013 09:57:42.81][190.37.212.28][1427] SELECT par_cod_asig1,par_cod_asig2,par_cod_asig3 FROM tblaca009 WHERE pensum='5' AND c_uni_ca='5' AND c_asigna='300116' [1][0] OK
C:[25/04/2013 09:57:43.07][190.37.212.28][1557] SELECT horas_lab FROM tblaca008 WHERE c_asigna='351451' AND horas_teoricas > 0 [1][0] OK
C:[25/04/2013 09:57:43.18][190.37.212.28][1591] SELECT sum(u_creditos*1) FROM dace006 a, tblaca009 b WHERE a.exp_e='09-21340588' AND a.lapso='2013-1' AND b.pensum='5' AND b.c_uni_ca='5' AND status IN ('7','A','2') AND a.c_asigna=b.c_asigna  [1][0] OK
C:[25/04/2013 09:57:43.12][190.37.212.28][1610] SELECT sum(u_creditos*1) FROM dace006 a, tblaca009 b WHERE a.exp_e='09-21340588' AND a.lapso='2013-1' AND b.pensum='5' AND b.c_uni_ca='5' AND status IN ('7','A','2') AND a.c_asigna=b.c_asigna AND a.c_asigna IN ('300116') [1][0] OK
C:[25/04/2013 09:57:43.49][190.37.212.28][1626] SELECT MAX(semestre) FROM dace006 a, tblaca009 b WHERE a.exp_e='09-21340588' AND a.lapso='2013-1' AND b.pensum='5' AND b.c_uni_ca='5' AND status IN ('7','A','2') AND a.c_asigna=b.c_asigna  [1][0] OK
C:[25/04/2013 09:57:43.43][190.37.212.28][1646] SELECT MIN(semestre) FROM dace006 a, tblaca009 b WHERE a.exp_e='09-21340588' AND a.lapso='2013-1' AND b.pensum='5' AND b.c_uni_ca='5' AND status IN ('7','A','2') AND a.c_asigna=b.c_asigna AND a.c_asigna IN ('351451') [1][0] OK
C:[25/04/2013 10:00:03.45][190.37.212.28][1383] SELECT pre_cod_asig1,pre_cod_asig2,pre_cod_asig3,pre_cod_asig4,pre_cod_asig5,pre_cod_asig6,pre_cod_asig7 FROM tblaca009 WHERE pensum='5' AND c_uni_ca='5' AND c_asigna='351451' [1][0] OK
C:[25/04/2013 10:00:03.45][190.37.212.28][1396] SELECT c_asigna FROM dace004 WHERE exp_e='09-21340588' AND c_asigna='351330' AND status IN ('0','3','B') [1][0] OK
C:[25/04/2013 10:00:03.45][190.37.212.28][1396] SELECT c_asigna FROM dace004 WHERE exp_e='09-21340588' AND c_asigna='355350' AND status IN ('0','3','B') [1][0] OK
C:[25/04/2013 10:00:03.45][190.37.212.28][1396] SELECT c_asigna FROM dace004 WHERE exp_e='09-21340588' AND c_asigna='300318' AND status IN ('0','3','B') [1][0] OK
C:[25/04/2013 10:00:03.45][190.37.212.28][1396] SELECT c_asigna FROM dace004 WHERE exp_e='09-21340588' AND c_asigna='300209' AND status IN ('0','3','B') [1][0] OK
C:[25/04/2013 10:00:03.45][190.37.212.28][1396] SELECT c_asigna FROM dace004 WHERE exp_e='09-21340588' AND c_asigna='300222' AND status IN ('0','3','B') [1][0] OK
C:[25/04/2013 10:00:03.45][190.37.212.28][1383] SELECT pre_cod_asig1,pre_cod_asig2,pre_cod_asig3,pre_cod_asig4,pre_cod_asig5,pre_cod_asig6,pre_cod_asig7 FROM tblaca009 WHERE pensum='5' AND c_uni_ca='5' AND c_asigna='300116' [1][0] OK
C:[25/04/2013 10:00:03.32][190.37.212.28][1427] SELECT par_cod_asig1,par_cod_asig2,par_cod_asig3 FROM tblaca009 WHERE pensum='5' AND c_uni_ca='5' AND c_asigna='351451' [1][0] OK
C:[25/04/2013 10:00:03.32][190.37.212.28][1427] SELECT par_cod_asig1,par_cod_asig2,par_cod_asig3 FROM tblaca009 WHERE pensum='5' AND c_uni_ca='5' AND c_asigna='300116' [1][0] OK
C:[25/04/2013 10:00:03.58][190.37.212.28][1557] SELECT horas_lab FROM tblaca008 WHERE c_asigna='351451' AND horas_teoricas > 0 [1][0] OK
C:[25/04/2013 10:00:03.70][190.37.212.28][1591] SELECT sum(u_creditos*1) FROM dace006 a, tblaca009 b WHERE a.exp_e='09-21340588' AND a.lapso='2013-1' AND b.pensum='5' AND b.c_uni_ca='5' AND status IN ('7','A','2') AND a.c_asigna=b.c_asigna  [1][0] OK
C:[25/04/2013 10:00:04.07][190.37.212.28][1610] SELECT sum(u_creditos*1) FROM dace006 a, tblaca009 b WHERE a.exp_e='09-21340588' AND a.lapso='2013-1' AND b.pensum='5' AND b.c_uni_ca='5' AND status IN ('7','A','2') AND a.c_asigna=b.c_asigna AND a.c_asigna IN ('300116') [1][0] OK
C:[25/04/2013 10:00:04.45][190.37.212.28][1626] SELECT MAX(semestre) FROM dace006 a, tblaca009 b WHERE a.exp_e='09-21340588' AND a.lapso='2013-1' AND b.pensum='5' AND b.c_uni_ca='5' AND status IN ('7','A','2') AND a.c_asigna=b.c_asigna  [1][0] OK
C:[25/04/2013 10:00:04.38][190.37.212.28][1646] SELECT MIN(semestre) FROM dace006 a, tblaca009 b WHERE a.exp_e='09-21340588' AND a.lapso='2013-1' AND b.pensum='5' AND b.c_uni_ca='5' AND status IN ('7','A','2') AND a.c_asigna=b.c_asigna AND a.c_asigna IN ('351451') [1][0] OK
C:[25/04/2013 11:07:07.71][190.37.212.28][1383] SELECT pre_cod_asig1,pre_cod_asig2,pre_cod_asig3,pre_cod_asig4,pre_cod_asig5,pre_cod_asig6,pre_cod_asig7 FROM tblaca009 WHERE pensum='5' AND c_uni_ca='2' AND c_asigna='300112' [1][0] OK
C:[25/04/2013 11:07:07.71][190.37.212.28][1383] SELECT pre_cod_asig1,pre_cod_asig2,pre_cod_asig3,pre_cod_asig4,pre_cod_asig5,pre_cod_asig6,pre_cod_asig7 FROM tblaca009 WHERE pensum='5' AND c_uni_ca='2' AND c_asigna='300013' [1][0] OK
C:[25/04/2013 11:07:07.96][190.37.212.28][1427] SELECT par_cod_asig1,par_cod_asig2,par_cod_asig3 FROM tblaca009 WHERE pensum='5' AND c_uni_ca='2' AND c_asigna='300112' [1][0] OK
C:[25/04/2013 11:07:07.96][190.37.212.28][1427] SELECT par_cod_asig1,par_cod_asig2,par_cod_asig3 FROM tblaca009 WHERE pensum='5' AND c_uni_ca='2' AND c_asigna='300013' [1][0] OK
C:[25/04/2013 11:07:07.22][190.37.212.28][1557] SELECT horas_lab FROM tblaca008 WHERE c_asigna='300112' AND horas_teoricas > 0 [1][0] OK
C:[25/04/2013 11:07:07.33][190.37.212.28][1591] SELECT sum(u_creditos*1) FROM dace006 a, tblaca009 b WHERE a.exp_e='10-20808640' AND a.lapso='2013-1' AND b.pensum='5' AND b.c_uni_ca='2' AND status IN ('7','A','2') AND a.c_asigna=b.c_asigna  [1][0] OK
C:[25/04/2013 11:07:07.71][190.37.212.28][1610] SELECT sum(u_creditos*1) FROM dace006 a, tblaca009 b WHERE a.exp_e='10-20808640' AND a.lapso='2013-1' AND b.pensum='5' AND b.c_uni_ca='2' AND status IN ('7','A','2') AND a.c_asigna=b.c_asigna AND a.c_asigna IN ('300013') [1][0] OK
C:[25/04/2013 11:07:07.08][190.37.212.28][1626] SELECT MAX(semestre) FROM dace006 a, tblaca009 b WHERE a.exp_e='10-20808640' AND a.lapso='2013-1' AND b.pensum='5' AND b.c_uni_ca='2' AND status IN ('7','A','2') AND a.c_asigna=b.c_asigna  [1][0] OK
C:[25/04/2013 11:07:07.45][190.37.212.28][1646] SELECT MIN(semestre) FROM dace006 a, tblaca009 b WHERE a.exp_e='10-20808640' AND a.lapso='2013-1' AND b.pensum='5' AND b.c_uni_ca='2' AND status IN ('7','A','2') AND a.c_asigna=b.c_asigna AND a.c_asigna IN ('300112') [1][0] OK
C:[25/04/2013 11:08:10.35][190.37.212.28][1383] SELECT pre_cod_asig1,pre_cod_asig2,pre_cod_asig3,pre_cod_asig4,pre_cod_asig5,pre_cod_asig6,pre_cod_asig7 FROM tblaca009 WHERE pensum='5' AND c_uni_ca='2' AND c_asigna='300112' [1][0] OK
C:[25/04/2013 11:08:10.35][190.37.212.28][1383] SELECT pre_cod_asig1,pre_cod_asig2,pre_cod_asig3,pre_cod_asig4,pre_cod_asig5,pre_cod_asig6,pre_cod_asig7 FROM tblaca009 WHERE pensum='5' AND c_uni_ca='2' AND c_asigna='300013' [1][0] OK
C:[25/04/2013 11:08:11.60][190.37.212.28][1427] SELECT par_cod_asig1,par_cod_asig2,par_cod_asig3 FROM tblaca009 WHERE pensum='5' AND c_uni_ca='2' AND c_asigna='300112' [1][0] OK
C:[25/04/2013 11:08:11.60][190.37.212.28][1427] SELECT par_cod_asig1,par_cod_asig2,par_cod_asig3 FROM tblaca009 WHERE pensum='5' AND c_uni_ca='2' AND c_asigna='300013' [1][0] OK
C:[25/04/2013 11:08:11.86][190.37.212.28][1557] SELECT horas_lab FROM tblaca008 WHERE c_asigna='300112' AND horas_teoricas > 0 [1][0] OK
C:[25/04/2013 11:08:11.97][190.37.212.28][1591] SELECT sum(u_creditos*1) FROM dace006 a, tblaca009 b WHERE a.exp_e='10-20808640' AND a.lapso='2013-1' AND b.pensum='5' AND b.c_uni_ca='2' AND status IN ('7','A','2') AND a.c_asigna=b.c_asigna  [1][0] OK
C:[25/04/2013 11:08:11.35][190.37.212.28][1610] SELECT sum(u_creditos*1) FROM dace006 a, tblaca009 b WHERE a.exp_e='10-20808640' AND a.lapso='2013-1' AND b.pensum='5' AND b.c_uni_ca='2' AND status IN ('7','A','2') AND a.c_asigna=b.c_asigna AND a.c_asigna IN ('300013') [1][0] OK
C:[25/04/2013 11:08:11.72][190.37.212.28][1626] SELECT MAX(semestre) FROM dace006 a, tblaca009 b WHERE a.exp_e='10-20808640' AND a.lapso='2013-1' AND b.pensum='5' AND b.c_uni_ca='2' AND status IN ('7','A','2') AND a.c_asigna=b.c_asigna  [1][0] OK
C:[25/04/2013 11:08:11.10][190.37.212.28][1646] SELECT MIN(semestre) FROM dace006 a, tblaca009 b WHERE a.exp_e='10-20808640' AND a.lapso='2013-1' AND b.pensum='5' AND b.c_uni_ca='2' AND status IN ('7','A','2') AND a.c_asigna=b.c_asigna AND a.c_asigna IN ('300112') [1][0] OK
C:[25/04/2013 11:09:08.79][190.37.212.28][1383] SELECT pre_cod_asig1,pre_cod_asig2,pre_cod_asig3,pre_cod_asig4,pre_cod_asig5,pre_cod_asig6,pre_cod_asig7 FROM tblaca009 WHERE pensum='5' AND c_uni_ca='2' AND c_asigna='300112' [1][0] OK
C:[25/04/2013 11:09:08.79][190.37.212.28][1383] SELECT pre_cod_asig1,pre_cod_asig2,pre_cod_asig3,pre_cod_asig4,pre_cod_asig5,pre_cod_asig6,pre_cod_asig7 FROM tblaca009 WHERE pensum='5' AND c_uni_ca='2' AND c_asigna='300013' [1][0] OK
C:[25/04/2013 11:09:08.04][190.37.212.28][1427] SELECT par_cod_asig1,par_cod_asig2,par_cod_asig3 FROM tblaca009 WHERE pensum='5' AND c_uni_ca='2' AND c_asigna='300112' [1][0] OK
C:[25/04/2013 11:09:08.04][190.37.212.28][1427] SELECT par_cod_asig1,par_cod_asig2,par_cod_asig3 FROM tblaca009 WHERE pensum='5' AND c_uni_ca='2' AND c_asigna='300013' [1][0] OK
C:[25/04/2013 11:09:08.30][190.37.212.28][1557] SELECT horas_lab FROM tblaca008 WHERE c_asigna='300112' AND horas_teoricas > 0 [1][0] OK
C:[25/04/2013 11:09:08.42][190.37.212.28][1591] SELECT sum(u_creditos*1) FROM dace006 a, tblaca009 b WHERE a.exp_e='10-20808640' AND a.lapso='2013-1' AND b.pensum='5' AND b.c_uni_ca='2' AND status IN ('7','A','2') AND a.c_asigna=b.c_asigna  [1][0] OK
C:[25/04/2013 11:09:08.36][190.37.212.28][1610] SELECT sum(u_creditos*1) FROM dace006 a, tblaca009 b WHERE a.exp_e='10-20808640' AND a.lapso='2013-1' AND b.pensum='5' AND b.c_uni_ca='2' AND status IN ('7','A','2') AND a.c_asigna=b.c_asigna AND a.c_asigna IN ('300013') [1][0] OK
C:[25/04/2013 11:09:08.73][190.37.212.28][1626] SELECT MAX(semestre) FROM dace006 a, tblaca009 b WHERE a.exp_e='10-20808640' AND a.lapso='2013-1' AND b.pensum='5' AND b.c_uni_ca='2' AND status IN ('7','A','2') AND a.c_asigna=b.c_asigna  [1][0] OK
C:[25/04/2013 11:09:08.10][190.37.212.28][1646] SELECT MIN(semestre) FROM dace006 a, tblaca009 b WHERE a.exp_e='10-20808640' AND a.lapso='2013-1' AND b.pensum='5' AND b.c_uni_ca='2' AND status IN ('7','A','2') AND a.c_asigna=b.c_asigna AND a.c_asigna IN ('300112') [1][0] OK
C:[25/04/2013 11:20:27.28][201.243.192.193][1383] SELECT pre_cod_asig1,pre_cod_asig2,pre_cod_asig3,pre_cod_asig4,pre_cod_asig5,pre_cod_asig6,pre_cod_asig7 FROM tblaca009 WHERE pensum='5' AND c_uni_ca='3' AND c_asigna='300422' [1][0] OK
C:[25/04/2013 11:20:27.28][201.243.192.193][1396] SELECT c_asigna FROM dace004 WHERE exp_e='09-20136980' AND c_asigna='300105' AND status IN ('0','3','B') [1][0] OK
C:[25/04/2013 11:20:27.28][201.243.192.193][1396] SELECT c_asigna FROM dace004 WHERE exp_e='09-20136980' AND c_asigna='300314' AND status IN ('0','3','B') [1][0] OK
C:[25/04/2013 11:20:27.28][201.243.192.193][1383] SELECT pre_cod_asig1,pre_cod_asig2,pre_cod_asig3,pre_cod_asig4,pre_cod_asig5,pre_cod_asig6,pre_cod_asig7 FROM tblaca009 WHERE pensum='5' AND c_uni_ca='3' AND c_asigna='314787' [1][0] OK
C:[25/04/2013 11:20:27.28][201.243.192.193][1396] SELECT c_asigna FROM dace004 WHERE exp_e='09-20136980' AND c_asigna='314662' AND status IN ('0','3','B') [1][0] OK
C:[25/04/2013 11:20:27.28][201.243.192.193][1383] SELECT pre_cod_asig1,pre_cod_asig2,pre_cod_asig3,pre_cod_asig4,pre_cod_asig5,pre_cod_asig6,pre_cod_asig7 FROM tblaca009 WHERE pensum='5' AND c_uni_ca='3' AND c_asigna='300676' [1][0] OK
C:[25/04/2013 11:20:27.28][201.243.192.193][1383] SELECT pre_cod_asig1,pre_cod_asig2,pre_cod_asig3,pre_cod_asig4,pre_cod_asig5,pre_cod_asig6,pre_cod_asig7 FROM tblaca009 WHERE pensum='5' AND c_uni_ca='3' AND c_asigna='311430' [1][0] OK
C:[25/04/2013 11:20:27.28][201.243.192.193][1396] SELECT c_asigna FROM dace004 WHERE exp_e='09-20136980' AND c_asigna='300317' AND status IN ('0','3','B') [1][0] OK
C:[25/04/2013 11:20:27.28][201.243.192.193][1396] SELECT c_asigna FROM dace004 WHERE exp_e='09-20136980' AND c_asigna='300318' AND status IN ('0','3','B') [1][0] OK
C:[25/04/2013 11:20:27.28][201.243.192.193][1396] SELECT c_asigna FROM dace004 WHERE exp_e='09-20136980' AND c_asigna='300313' AND status IN ('0','3','B') [1][0] OK
C:[25/04/2013 11:20:27.28][201.243.192.193][1396] SELECT c_asigna FROM dace004 WHERE exp_e='09-20136980' AND c_asigna='300222' AND status IN ('0','3','B') [1][0] OK
C:[25/04/2013 11:20:27.28][201.243.192.193][1396] SELECT c_asigna FROM dace004 WHERE exp_e='09-20136980' AND c_asigna='300226' AND status IN ('0','3','B') [1][0] OK
C:[25/04/2013 11:20:27.28][201.243.192.193][1396] SELECT c_asigna FROM dace004 WHERE exp_e='09-20136980' AND c_asigna='300209' AND status IN ('0','3','B') [1][0] OK
C:[25/04/2013 11:20:27.90][201.243.192.193][1427] SELECT par_cod_asig1,par_cod_asig2,par_cod_asig3 FROM tblaca009 WHERE pensum='5' AND c_uni_ca='3' AND c_asigna='300422' [1][0] OK
C:[25/04/2013 11:20:27.90][201.243.192.193][1427] SELECT par_cod_asig1,par_cod_asig2,par_cod_asig3 FROM tblaca009 WHERE pensum='5' AND c_uni_ca='3' AND c_asigna='314787' [1][0] OK
C:[25/04/2013 11:20:27.90][201.243.192.193][1427] SELECT par_cod_asig1,par_cod_asig2,par_cod_asig3 FROM tblaca009 WHERE pensum='5' AND c_uni_ca='3' AND c_asigna='300676' [1][0] OK
C:[25/04/2013 11:20:27.90][201.243.192.193][1427] SELECT par_cod_asig1,par_cod_asig2,par_cod_asig3 FROM tblaca009 WHERE pensum='5' AND c_uni_ca='3' AND c_asigna='311430' [1][0] OK
C:[25/04/2013 11:20:27.66][201.243.192.193][1557] SELECT horas_lab FROM tblaca008 WHERE c_asigna='300422' AND horas_teoricas > 0 [0][0] OK
C:[25/04/2013 11:20:27.77][201.243.192.193][1591] SELECT sum(u_creditos*1) FROM dace006 a, tblaca009 b WHERE a.exp_e='09-20136980' AND a.lapso='2013-1' AND b.pensum='5' AND b.c_uni_ca='3' AND status IN ('7','A','2') AND a.c_asigna=b.c_asigna  [1][0] OK
C:[25/04/2013 11:20:27.15][201.243.192.193][1610] SELECT sum(u_creditos*1) FROM dace006 a, tblaca009 b WHERE a.exp_e='09-20136980' AND a.lapso='2013-1' AND b.pensum='5' AND b.c_uni_ca='3' AND status IN ('7','A','2') AND a.c_asigna=b.c_asigna AND a.c_asigna IN ('314787','300676','311430') [1][0] OK
C:[25/04/2013 11:20:27.52][201.243.192.193][1626] SELECT MAX(semestre) FROM dace006 a, tblaca009 b WHERE a.exp_e='09-20136980' AND a.lapso='2013-1' AND b.pensum='5' AND b.c_uni_ca='3' AND status IN ('7','A','2') AND a.c_asigna=b.c_asigna  [1][0] OK
C:[25/04/2013 11:20:27.46][201.243.192.193][1646] SELECT MIN(semestre) FROM dace006 a, tblaca009 b WHERE a.exp_e='09-20136980' AND a.lapso='2013-1' AND b.pensum='5' AND b.c_uni_ca='3' AND status IN ('7','A','2') AND a.c_asigna=b.c_asigna AND a.c_asigna IN ('300422') [1][0] OK
C:[25/04/2013 12:17:32.88][190.37.105.67][1383] SELECT pre_cod_asig1,pre_cod_asig2,pre_cod_asig3,pre_cod_asig4,pre_cod_asig5,pre_cod_asig6,pre_cod_asig7 FROM tblaca009 WHERE pensum='5' AND c_uni_ca='5' AND c_asigna='300428' [1][0] OK
C:[25/04/2013 12:17:32.88][190.37.105.67][1396] SELECT c_asigna FROM dace004 WHERE exp_e='12-18246311' AND c_asigna='300317' AND status IN ('0','3','B') [1][0] OK
C:[25/04/2013 12:17:32.88][190.37.105.67][1396] SELECT c_asigna FROM dace004 WHERE exp_e='12-18246311' AND c_asigna='300209' AND status IN ('0','3','B') [1][0] OK
C:[25/04/2013 12:17:32.88][190.37.105.67][1383] SELECT pre_cod_asig1,pre_cod_asig2,pre_cod_asig3,pre_cod_asig4,pre_cod_asig5,pre_cod_asig6,pre_cod_asig7 FROM tblaca009 WHERE pensum='5' AND c_uni_ca='5' AND c_asigna='355350' [1][0] OK
C:[25/04/2013 12:17:32.88][190.37.105.67][1396] SELECT c_asigna FROM dace004 WHERE exp_e='12-18246311' AND c_asigna='300207' AND status IN ('0','3','B') [1][0] OK
C:[25/04/2013 12:17:32.88][190.37.105.67][1396] SELECT c_asigna FROM dace004 WHERE exp_e='12-18246311' AND c_asigna='300228' AND status IN ('0','3','B') [1][0] OK
C:[25/04/2013 12:17:32.88][190.37.105.67][1383] SELECT pre_cod_asig1,pre_cod_asig2,pre_cod_asig3,pre_cod_asig4,pre_cod_asig5,pre_cod_asig6,pre_cod_asig7 FROM tblaca009 WHERE pensum='5' AND c_uni_ca='5' AND c_asigna='355448' [1][0] OK
C:[25/04/2013 12:17:32.88][190.37.105.67][1396] SELECT c_asigna FROM dace004 WHERE exp_e='12-18246311' AND c_asigna='300313' AND status IN ('0','3','B') [1][0] OK
C:[25/04/2013 12:17:32.88][190.37.105.67][1396] SELECT c_asigna FROM dace004 WHERE exp_e='12-18246311' AND c_asigna='300209' AND status IN ('0','3','B') [1][0] OK
C:[25/04/2013 12:17:32.88][190.37.105.67][1396] SELECT c_asigna FROM dace004 WHERE exp_e='12-18246311' AND c_asigna='300226' AND status IN ('0','3','B') [1][0] OK
C:[25/04/2013 12:17:32.88][190.37.105.67][1396] SELECT c_asigna FROM dace004 WHERE exp_e='12-18246311' AND c_asigna='300222' AND status IN ('0','3','B') [1][0] OK
C:[25/04/2013 12:17:32.88][190.37.105.67][1383] SELECT pre_cod_asig1,pre_cod_asig2,pre_cod_asig3,pre_cod_asig4,pre_cod_asig5,pre_cod_asig6,pre_cod_asig7 FROM tblaca009 WHERE pensum='5' AND c_uni_ca='5' AND c_asigna='352440' [1][0] OK
C:[25/04/2013 12:17:32.88][190.37.105.67][1396] SELECT c_asigna FROM dace004 WHERE exp_e='12-18246311' AND c_asigna='300317' AND status IN ('0','3','B') [1][0] OK
C:[25/04/2013 12:17:32.88][190.37.105.67][1396] SELECT c_asigna FROM dace004 WHERE exp_e='12-18246311' AND c_asigna='300013' AND status IN ('0','3','B') [1][0] OK
C:[25/04/2013 12:17:32.88][190.37.105.67][1396] SELECT c_asigna FROM dace004 WHERE exp_e='12-18246311' AND c_asigna='300113' AND status IN ('0','3','B') [1][0] OK
C:[25/04/2013 12:17:32.76][190.37.105.67][1427] SELECT par_cod_asig1,par_cod_asig2,par_cod_asig3 FROM tblaca009 WHERE pensum='5' AND c_uni_ca='5' AND c_asigna='300428' [1][0] OK
C:[25/04/2013 12:17:32.76][190.37.105.67][1427] SELECT par_cod_asig1,par_cod_asig2,par_cod_asig3 FROM tblaca009 WHERE pensum='5' AND c_uni_ca='5' AND c_asigna='355350' [1][0] OK
C:[25/04/2013 12:17:32.76][190.37.105.67][1427] SELECT par_cod_asig1,par_cod_asig2,par_cod_asig3 FROM tblaca009 WHERE pensum='5' AND c_uni_ca='5' AND c_asigna='355448' [1][0] OK
C:[25/04/2013 12:17:32.76][190.37.105.67][1427] SELECT par_cod_asig1,par_cod_asig2,par_cod_asig3 FROM tblaca009 WHERE pensum='5' AND c_uni_ca='5' AND c_asigna='352440' [1][0] OK
C:[25/04/2013 12:17:33.26][190.37.105.67][1557] SELECT horas_lab FROM tblaca008 WHERE c_asigna='300428' AND horas_teoricas > 0 [1][0] OK
C:[25/04/2013 12:17:33.38][190.37.105.67][1591] SELECT sum(u_creditos*1) FROM dace006 a, tblaca009 b WHERE a.exp_e='12-18246311' AND a.lapso='2013-1' AND b.pensum='5' AND b.c_uni_ca='5' AND status IN ('7','A','2') AND a.c_asigna=b.c_asigna  [1][0] OK
C:[25/04/2013 12:17:33.75][190.37.105.67][1610] SELECT sum(u_creditos*1) FROM dace006 a, tblaca009 b WHERE a.exp_e='12-18246311' AND a.lapso='2013-1' AND b.pensum='5' AND b.c_uni_ca='5' AND status IN ('7','A','2') AND a.c_asigna=b.c_asigna AND a.c_asigna IN ('355350','355448','352440') [1][0] OK
C:[25/04/2013 12:17:33.13][190.37.105.67][1626] SELECT MAX(semestre) FROM dace006 a, tblaca009 b WHERE a.exp_e='12-18246311' AND a.lapso='2013-1' AND b.pensum='5' AND b.c_uni_ca='5' AND status IN ('7','A','2') AND a.c_asigna=b.c_asigna  [1][0] OK
C:[25/04/2013 12:17:33.63][190.37.105.67][1646] SELECT MIN(semestre) FROM dace006 a, tblaca009 b WHERE a.exp_e='12-18246311' AND a.lapso='2013-1' AND b.pensum='5' AND b.c_uni_ca='5' AND status IN ('7','A','2') AND a.c_asigna=b.c_asigna AND a.c_asigna IN ('300428') [1][0] OK
C:[25/04/2013 12:42:07.28][190.121.239.155][1383] SELECT pre_cod_asig1,pre_cod_asig2,pre_cod_asig3,pre_cod_asig4,pre_cod_asig5,pre_cod_asig6,pre_cod_asig7 FROM tblaca009 WHERE pensum='5' AND c_uni_ca='6' AND c_asigna='300213' [1][0] OK
C:[25/04/2013 12:42:07.28][190.121.239.155][1396] SELECT c_asigna FROM dace004 WHERE exp_e='08-20223044' AND c_asigna='300101' AND status IN ('0','3','B') [1][0] OK
C:[25/04/2013 12:42:07.53][190.121.239.155][1427] SELECT par_cod_asig1,par_cod_asig2,par_cod_asig3 FROM tblaca009 WHERE pensum='5' AND c_uni_ca='6' AND c_asigna='300213' [1][0] OK
C:[25/04/2013 12:42:07.53][190.121.239.155][1441] SELECT c_asigna FROM dace004 WHERE exp_e='08-20223044' AND c_asigna='300209' AND status IN ('0','3','B','C') [1][0] OK
C:[25/04/2013 12:42:07.79][190.121.239.155][1557] SELECT horas_lab FROM tblaca008 WHERE c_asigna='300213' AND horas_teoricas > 0 [1][0] OK
C:[25/04/2013 12:42:07.90][190.121.239.155][1591] SELECT sum(u_creditos*1) FROM dace006 a, tblaca009 b WHERE a.exp_e='08-20223044' AND a.lapso='2013-1' AND b.pensum='5' AND b.c_uni_ca='6' AND status IN ('7','A','2') AND a.c_asigna=b.c_asigna  [1][0] OK
C:[25/04/2013 12:42:07.27][190.121.239.155][1610] SELECT sum(u_creditos*1) FROM dace006 a, tblaca009 b WHERE a.exp_e='08-20223044' AND a.lapso='2013-1' AND b.pensum='5' AND b.c_uni_ca='6' AND status IN ('7','A','2') AND a.c_asigna=b.c_asigna AND a.c_asigna IN () [0][0]  {[MERANT][ODBC SQLBase driver][SQLBase]00915 PRS IVC Invalid constant}
C:[25/04/2013 12:42:07.50][190.121.239.155][1626] SELECT MAX(semestre) FROM dace006 a, tblaca009 b WHERE a.exp_e='08-20223044' AND a.lapso='2013-1' AND b.pensum='5' AND b.c_uni_ca='6' AND status IN ('7','A','2') AND a.c_asigna=b.c_asigna  [1][0] [MERANT][ODBC SQLBase driver][SQLBase]00915 PRS IVC Invalid constant
C:[25/04/2013 12:42:07.21][190.121.239.155][1646] SELECT MIN(semestre) FROM dace006 a, tblaca009 b WHERE a.exp_e='08-20223044' AND a.lapso='2013-1' AND b.pensum='5' AND b.c_uni_ca='6' AND status IN ('7','A','2') AND a.c_asigna=b.c_asigna AND a.c_asigna IN ('300213') [1][0] [MERANT][ODBC SQLBase driver][SQLBase]00915 PRS IVC Invalid constant
C:[25/04/2013 14:56:47.77][190.205.26.4][1383] SELECT pre_cod_asig1,pre_cod_asig2,pre_cod_asig3,pre_cod_asig4,pre_cod_asig5,pre_cod_asig6,pre_cod_asig7 FROM tblaca009 WHERE pensum='5' AND c_uni_ca='2' AND c_asigna='300226' [1][0] OK
C:[25/04/2013 14:56:47.77][190.205.26.4][1396] SELECT c_asigna FROM dace004 WHERE exp_e='10-22820598' AND c_asigna='300116' AND status IN ('0','3','B') [1][0] OK
C:[25/04/2013 14:56:47.77][190.205.26.4][1383] SELECT pre_cod_asig1,pre_cod_asig2,pre_cod_asig3,pre_cod_asig4,pre_cod_asig5,pre_cod_asig6,pre_cod_asig7 FROM tblaca009 WHERE pensum='5' AND c_uni_ca='2' AND c_asigna='320311' [1][0] OK
C:[25/04/2013 14:56:47.77][190.205.26.4][1396] SELECT c_asigna FROM dace004 WHERE exp_e='10-22820598' AND c_asigna='300013' AND status IN ('0','3','B') [1][0] OK
C:[25/04/2013 14:56:47.77][190.205.26.4][1396] SELECT c_asigna FROM dace004 WHERE exp_e='10-22820598' AND c_asigna='300113' AND status IN ('0','3','B') [1][0] OK
C:[25/04/2013 14:56:47.77][190.205.26.4][1383] SELECT pre_cod_asig1,pre_cod_asig2,pre_cod_asig3,pre_cod_asig4,pre_cod_asig5,pre_cod_asig6,pre_cod_asig7 FROM tblaca009 WHERE pensum='5' AND c_uni_ca='2' AND c_asigna='300318' [1][0] OK
C:[25/04/2013 14:56:47.77][190.205.26.4][1396] SELECT c_asigna FROM dace004 WHERE exp_e='10-22820598' AND c_asigna='300228' AND status IN ('0','3','B') [1][0] OK
C:[25/04/2013 14:56:47.77][190.205.26.4][1396] SELECT c_asigna FROM dace004 WHERE exp_e='10-22820598' AND c_asigna='300207' AND status IN ('0','3','B') [1][0] OK
C:[25/04/2013 14:56:47.77][190.205.26.4][1396] SELECT c_asigna FROM dace004 WHERE exp_e='10-22820598' AND c_asigna='300218' AND status IN ('0','3','B') [1][0] OK
C:[25/04/2013 14:56:47.89][190.205.26.4][1427] SELECT par_cod_asig1,par_cod_asig2,par_cod_asig3 FROM tblaca009 WHERE pensum='5' AND c_uni_ca='2' AND c_asigna='300226' [1][0] OK
C:[25/04/2013 14:56:47.89][190.205.26.4][1427] SELECT par_cod_asig1,par_cod_asig2,par_cod_asig3 FROM tblaca009 WHERE pensum='5' AND c_uni_ca='2' AND c_asigna='320311' [1][0] OK
C:[25/04/2013 14:56:47.89][190.205.26.4][1427] SELECT par_cod_asig1,par_cod_asig2,par_cod_asig3 FROM tblaca009 WHERE pensum='5' AND c_uni_ca='2' AND c_asigna='300318' [1][0] OK
C:[25/04/2013 14:56:47.28][190.205.26.4][1557] SELECT horas_lab FROM tblaca008 WHERE c_asigna='300226' AND horas_teoricas > 0 [1][0] OK
C:[25/04/2013 14:56:47.39][190.205.26.4][1591] SELECT sum(u_creditos*1) FROM dace006 a, tblaca009 b WHERE a.exp_e='10-22820598' AND a.lapso='2013-1' AND b.pensum='5' AND b.c_uni_ca='2' AND status IN ('7','A','2') AND a.c_asigna=b.c_asigna  [1][0] OK
C:[25/04/2013 14:56:48.33][190.205.26.4][1610] SELECT sum(u_creditos*1) FROM dace006 a, tblaca009 b WHERE a.exp_e='10-22820598' AND a.lapso='2013-1' AND b.pensum='5' AND b.c_uni_ca='2' AND status IN ('7','A','2') AND a.c_asigna=b.c_asigna AND a.c_asigna IN ('320311','300318') [1][0] OK
C:[25/04/2013 14:56:48.70][190.205.26.4][1626] SELECT MAX(semestre) FROM dace006 a, tblaca009 b WHERE a.exp_e='10-22820598' AND a.lapso='2013-1' AND b.pensum='5' AND b.c_uni_ca='2' AND status IN ('7','A','2') AND a.c_asigna=b.c_asigna  [1][0] OK
C:[25/04/2013 14:56:48.08][190.205.26.4][1646] SELECT MIN(semestre) FROM dace006 a, tblaca009 b WHERE a.exp_e='10-22820598' AND a.lapso='2013-1' AND b.pensum='5' AND b.c_uni_ca='2' AND status IN ('7','A','2') AND a.c_asigna=b.c_asigna AND a.c_asigna IN ('300226') [1][0] OK
C:[25/04/2013 15:04:41.30][190.205.26.4][1383] SELECT pre_cod_asig1,pre_cod_asig2,pre_cod_asig3,pre_cod_asig4,pre_cod_asig5,pre_cod_asig6,pre_cod_asig7 FROM tblaca009 WHERE pensum='5' AND c_uni_ca='2' AND c_asigna='300226' [1][0] OK
C:[25/04/2013 15:04:41.30][190.205.26.4][1396] SELECT c_asigna FROM dace004 WHERE exp_e='10-22820598' AND c_asigna='300116' AND status IN ('0','3','B') [1][0] OK
C:[25/04/2013 15:04:41.30][190.205.26.4][1383] SELECT pre_cod_asig1,pre_cod_asig2,pre_cod_asig3,pre_cod_asig4,pre_cod_asig5,pre_cod_asig6,pre_cod_asig7 FROM tblaca009 WHERE pensum='5' AND c_uni_ca='2' AND c_asigna='320311' [1][0] OK
C:[25/04/2013 15:04:41.30][190.205.26.4][1396] SELECT c_asigna FROM dace004 WHERE exp_e='10-22820598' AND c_asigna='300013' AND status IN ('0','3','B') [1][0] OK
C:[25/04/2013 15:04:41.30][190.205.26.4][1396] SELECT c_asigna FROM dace004 WHERE exp_e='10-22820598' AND c_asigna='300113' AND status IN ('0','3','B') [1][0] OK
C:[25/04/2013 15:04:41.30][190.205.26.4][1383] SELECT pre_cod_asig1,pre_cod_asig2,pre_cod_asig3,pre_cod_asig4,pre_cod_asig5,pre_cod_asig6,pre_cod_asig7 FROM tblaca009 WHERE pensum='5' AND c_uni_ca='2' AND c_asigna='300317' [1][0] OK
C:[25/04/2013 15:04:41.30][190.205.26.4][1396] SELECT c_asigna FROM dace004 WHERE exp_e='10-22820598' AND c_asigna='300207' AND status IN ('0','3','B') [1][0] OK
C:[25/04/2013 15:04:41.30][190.205.26.4][1396] SELECT c_asigna FROM dace004 WHERE exp_e='10-22820598' AND c_asigna='300209' AND status IN ('0','3','B') [1][0] OK
C:[25/04/2013 15:04:41.30][190.205.26.4][1383] SELECT pre_cod_asig1,pre_cod_asig2,pre_cod_asig3,pre_cod_asig4,pre_cod_asig5,pre_cod_asig6,pre_cod_asig7 FROM tblaca009 WHERE pensum='5' AND c_uni_ca='2' AND c_asigna='300318' [1][0] OK
C:[25/04/2013 15:04:41.30][190.205.26.4][1396] SELECT c_asigna FROM dace004 WHERE exp_e='10-22820598' AND c_asigna='300228' AND status IN ('0','3','B') [1][0] OK
C:[25/04/2013 15:04:41.30][190.205.26.4][1396] SELECT c_asigna FROM dace004 WHERE exp_e='10-22820598' AND c_asigna='300207' AND status IN ('0','3','B') [1][0] OK
C:[25/04/2013 15:04:41.30][190.205.26.4][1396] SELECT c_asigna FROM dace004 WHERE exp_e='10-22820598' AND c_asigna='300218' AND status IN ('0','3','B') [1][0] OK
C:[25/04/2013 15:04:41.36][190.205.26.4][1427] SELECT par_cod_asig1,par_cod_asig2,par_cod_asig3 FROM tblaca009 WHERE pensum='5' AND c_uni_ca='2' AND c_asigna='300226' [1][0] OK
C:[25/04/2013 15:04:41.36][190.205.26.4][1427] SELECT par_cod_asig1,par_cod_asig2,par_cod_asig3 FROM tblaca009 WHERE pensum='5' AND c_uni_ca='2' AND c_asigna='320311' [1][0] OK
C:[25/04/2013 15:04:41.36][190.205.26.4][1427] SELECT par_cod_asig1,par_cod_asig2,par_cod_asig3 FROM tblaca009 WHERE pensum='5' AND c_uni_ca='2' AND c_asigna='300317' [1][0] OK
C:[25/04/2013 15:04:41.36][190.205.26.4][1427] SELECT par_cod_asig1,par_cod_asig2,par_cod_asig3 FROM tblaca009 WHERE pensum='5' AND c_uni_ca='2' AND c_asigna='300318' [1][0] OK
C:[25/04/2013 15:04:41.87][190.205.26.4][1557] SELECT horas_lab FROM tblaca008 WHERE c_asigna='300226' AND horas_teoricas > 0 [1][0] OK
C:[25/04/2013 15:04:41.99][190.205.26.4][1591] SELECT sum(u_creditos*1) FROM dace006 a, tblaca009 b WHERE a.exp_e='10-22820598' AND a.lapso='2013-1' AND b.pensum='5' AND b.c_uni_ca='2' AND status IN ('7','A','2') AND a.c_asigna=b.c_asigna  [1][0] OK
C:[25/04/2013 15:04:42.36][190.205.26.4][1610] SELECT sum(u_creditos*1) FROM dace006 a, tblaca009 b WHERE a.exp_e='10-22820598' AND a.lapso='2013-1' AND b.pensum='5' AND b.c_uni_ca='2' AND status IN ('7','A','2') AND a.c_asigna=b.c_asigna AND a.c_asigna IN ('320311','300317','300318') [1][0] OK
C:[25/04/2013 15:04:42.74][190.205.26.4][1626] SELECT MAX(semestre) FROM dace006 a, tblaca009 b WHERE a.exp_e='10-22820598' AND a.lapso='2013-1' AND b.pensum='5' AND b.c_uni_ca='2' AND status IN ('7','A','2') AND a.c_asigna=b.c_asigna  [1][0] OK
C:[25/04/2013 15:04:42.11][190.205.26.4][1646] SELECT MIN(semestre) FROM dace006 a, tblaca009 b WHERE a.exp_e='10-22820598' AND a.lapso='2013-1' AND b.pensum='5' AND b.c_uni_ca='2' AND status IN ('7','A','2') AND a.c_asigna=b.c_asigna AND a.c_asigna IN ('300226') [1][0] OK
C:[25/04/2013 15:06:26.19][190.198.229.185][1383] SELECT pre_cod_asig1,pre_cod_asig2,pre_cod_asig3,pre_cod_asig4,pre_cod_asig5,pre_cod_asig6,pre_cod_asig7 FROM tblaca009 WHERE pensum='5' AND c_uni_ca='5' AND c_asigna='300422' [1][0] OK
C:[25/04/2013 15:06:26.19][190.198.229.185][1396] SELECT c_asigna FROM dace004 WHERE exp_e='09-19159238' AND c_asigna='300105' AND status IN ('0','3','B') [1][0] OK
C:[25/04/2013 15:06:26.19][190.198.229.185][1396] SELECT c_asigna FROM dace004 WHERE exp_e='09-19159238' AND c_asigna='300314' AND status IN ('0','3','B') [1][0] OK
C:[25/04/2013 15:06:26.19][190.198.229.185][1383] SELECT pre_cod_asig1,pre_cod_asig2,pre_cod_asig3,pre_cod_asig4,pre_cod_asig5,pre_cod_asig6,pre_cod_asig7 FROM tblaca009 WHERE pensum='5' AND c_uni_ca='5' AND c_asigna='300428' [1][0] OK
C:[25/04/2013 15:06:26.19][190.198.229.185][1396] SELECT c_asigna FROM dace004 WHERE exp_e='09-19159238' AND c_asigna='300317' AND status IN ('0','3','B') [1][0] OK
C:[25/04/2013 15:06:26.19][190.198.229.185][1396] SELECT c_asigna FROM dace004 WHERE exp_e='09-19159238' AND c_asigna='300209' AND status IN ('0','3','B') [1][0] OK
C:[25/04/2013 15:06:26.19][190.198.229.185][1383] SELECT pre_cod_asig1,pre_cod_asig2,pre_cod_asig3,pre_cod_asig4,pre_cod_asig5,pre_cod_asig6,pre_cod_asig7 FROM tblaca009 WHERE pensum='5' AND c_uni_ca='5' AND c_asigna='355448' [1][0] OK
C:[25/04/2013 15:06:26.19][190.198.229.185][1396] SELECT c_asigna FROM dace004 WHERE exp_e='09-19159238' AND c_asigna='300313' AND status IN ('0','3','B') [1][0] OK
C:[25/04/2013 15:06:26.19][190.198.229.185][1396] SELECT c_asigna FROM dace004 WHERE exp_e='09-19159238' AND c_asigna='300209' AND status IN ('0','3','B') [1][0] OK
C:[25/04/2013 15:06:26.19][190.198.229.185][1396] SELECT c_asigna FROM dace004 WHERE exp_e='09-19159238' AND c_asigna='300226' AND status IN ('0','3','B') [1][0] OK
C:[25/04/2013 15:06:26.19][190.198.229.185][1396] SELECT c_asigna FROM dace004 WHERE exp_e='09-19159238' AND c_asigna='300222' AND status IN ('0','3','B') [1][0] OK
C:[25/04/2013 15:06:26.19][190.198.229.185][1383] SELECT pre_cod_asig1,pre_cod_asig2,pre_cod_asig3,pre_cod_asig4,pre_cod_asig5,pre_cod_asig6,pre_cod_asig7 FROM tblaca009 WHERE pensum='5' AND c_uni_ca='5' AND c_asigna='355570' [1][0] OK
C:[25/04/2013 15:06:26.19][190.198.229.185][1396] SELECT c_asigna FROM dace004 WHERE exp_e='09-19159238' AND c_asigna='355447' AND status IN ('0','3','B') [1][0] OK
C:[25/04/2013 15:06:26.19][190.198.229.185][1383] SELECT pre_cod_asig1,pre_cod_asig2,pre_cod_asig3,pre_cod_asig4,pre_cod_asig5,pre_cod_asig6,pre_cod_asig7 FROM tblaca009 WHERE pensum='5' AND c_uni_ca='5' AND c_asigna='355595' [1][0] OK
C:[25/04/2013 15:06:26.19][190.198.229.185][1396] SELECT c_asigna FROM dace004 WHERE exp_e='09-19159238' AND c_asigna='351451' AND status IN ('0','3','B') [1][0] OK
C:[25/04/2013 15:06:26.19][190.198.229.185][1396] SELECT c_asigna FROM dace004 WHERE exp_e='09-19159238' AND c_asigna='355350' AND status IN ('0','3','B') [1][0] OK
C:[25/04/2013 15:06:26.19][190.198.229.185][1396] SELECT c_asigna FROM dace004 WHERE exp_e='09-19159238' AND c_asigna='300318' AND status IN ('0','3','B') [1][0] OK
C:[25/04/2013 15:06:26.31][190.198.229.185][1427] SELECT par_cod_asig1,par_cod_asig2,par_cod_asig3 FROM tblaca009 WHERE pensum='5' AND c_uni_ca='5' AND c_asigna='300422' [1][0] OK
C:[25/04/2013 15:06:26.31][190.198.229.185][1427] SELECT par_cod_asig1,par_cod_asig2,par_cod_asig3 FROM tblaca009 WHERE pensum='5' AND c_uni_ca='5' AND c_asigna='300428' [1][0] OK
C:[25/04/2013 15:06:26.31][190.198.229.185][1427] SELECT par_cod_asig1,par_cod_asig2,par_cod_asig3 FROM tblaca009 WHERE pensum='5' AND c_uni_ca='5' AND c_asigna='355448' [1][0] OK
C:[25/04/2013 15:06:26.31][190.198.229.185][1427] SELECT par_cod_asig1,par_cod_asig2,par_cod_asig3 FROM tblaca009 WHERE pensum='5' AND c_uni_ca='5' AND c_asigna='355570' [1][0] OK
C:[25/04/2013 15:06:26.31][190.198.229.185][1427] SELECT par_cod_asig1,par_cod_asig2,par_cod_asig3 FROM tblaca009 WHERE pensum='5' AND c_uni_ca='5' AND c_asigna='355595' [1][0] OK
C:[25/04/2013 15:06:26.95][190.198.229.185][1557] SELECT horas_lab FROM tblaca008 WHERE c_asigna='300422' AND horas_teoricas > 0 [0][0] OK
C:[25/04/2013 15:06:26.06][190.198.229.185][1591] SELECT sum(u_creditos*1) FROM dace006 a, tblaca009 b WHERE a.exp_e='09-19159238' AND a.lapso='2013-1' AND b.pensum='5' AND b.c_uni_ca='5' AND status IN ('7','A','2') AND a.c_asigna=b.c_asigna  [1][0] OK
C:[25/04/2013 15:06:26.43][190.198.229.185][1610] SELECT sum(u_creditos*1) FROM dace006 a, tblaca009 b WHERE a.exp_e='09-19159238' AND a.lapso='2013-1' AND b.pensum='5' AND b.c_uni_ca='5' AND status IN ('7','A','2') AND a.c_asigna=b.c_asigna AND a.c_asigna IN ('300428','355448','355570','355595') [1][0] OK
C:[25/04/2013 15:06:27.81][190.198.229.185][1626] SELECT MAX(semestre) FROM dace006 a, tblaca009 b WHERE a.exp_e='09-19159238' AND a.lapso='2013-1' AND b.pensum='5' AND b.c_uni_ca='5' AND status IN ('7','A','2') AND a.c_asigna=b.c_asigna  [1][0] OK
C:[25/04/2013 15:06:27.19][190.198.229.185][1646] SELECT MIN(semestre) FROM dace006 a, tblaca009 b WHERE a.exp_e='09-19159238' AND a.lapso='2013-1' AND b.pensum='5' AND b.c_uni_ca='5' AND status IN ('7','A','2') AND a.c_asigna=b.c_asigna AND a.c_asigna IN ('300422') [1][0] OK
C:[25/04/2013 17:13:32.80][190.121.238.132][1383] SELECT pre_cod_asig1,pre_cod_asig2,pre_cod_asig3,pre_cod_asig4,pre_cod_asig5,pre_cod_asig6,pre_cod_asig7 FROM tblaca009 WHERE pensum='5' AND c_uni_ca='2' AND c_asigna='322826' [1][0] OK
C:[25/04/2013 17:13:32.80][190.121.238.132][1396] SELECT c_asigna FROM dace004 WHERE exp_e='10-21175113' AND c_asigna='322702' AND status IN ('0','3','B') [1][0] OK
C:[25/04/2013 17:13:32.80][190.121.238.132][1383] SELECT pre_cod_asig1,pre_cod_asig2,pre_cod_asig3,pre_cod_asig4,pre_cod_asig5,pre_cod_asig6,pre_cod_asig7 FROM tblaca009 WHERE pensum='5' AND c_uni_ca='2' AND c_asigna='300422' [1][0] OK
C:[25/04/2013 17:13:32.80][190.121.238.132][1396] SELECT c_asigna FROM dace004 WHERE exp_e='10-21175113' AND c_asigna='300105' AND status IN ('0','3','B') [1][0] OK
C:[25/04/2013 17:13:32.80][190.121.238.132][1396] SELECT c_asigna FROM dace004 WHERE exp_e='10-21175113' AND c_asigna='300314' AND status IN ('0','3','B') [1][0] OK
C:[25/04/2013 17:13:32.80][190.121.238.132][1383] SELECT pre_cod_asig1,pre_cod_asig2,pre_cod_asig3,pre_cod_asig4,pre_cod_asig5,pre_cod_asig6,pre_cod_asig7 FROM tblaca009 WHERE pensum='5' AND c_uni_ca='2' AND c_asigna='322827' [1][0] OK
C:[25/04/2013 17:13:32.80][190.121.238.132][1396] SELECT c_asigna FROM dace004 WHERE exp_e='10-21175113' AND c_asigna='322703' AND status IN ('0','3','B') [1][0] OK
C:[25/04/2013 17:13:32.80][190.121.238.132][1396] SELECT c_asigna FROM dace004 WHERE exp_e='10-21175113' AND c_asigna='322782' AND status IN ('0','3','B') [1][0] OK
C:[25/04/2013 17:13:32.80][190.121.238.132][1396] SELECT c_asigna FROM dace004 WHERE exp_e='10-21175113' AND c_asigna='322449' AND status IN ('0','3','B') [1][0] OK
C:[25/04/2013 17:13:32.80][190.121.238.132][1383] SELECT pre_cod_asig1,pre_cod_asig2,pre_cod_asig3,pre_cod_asig4,pre_cod_asig5,pre_cod_asig6,pre_cod_asig7 FROM tblaca009 WHERE pensum='5' AND c_uni_ca='2' AND c_asigna='322904' [1][0] OK
C:[25/04/2013 17:13:32.80][190.121.238.132][1396] SELECT c_asigna FROM dace004 WHERE exp_e='10-21175113' AND c_asigna='322782' AND status IN ('0','3','B') [1][0] OK
C:[25/04/2013 17:13:32.80][190.121.238.132][1396] SELECT c_asigna FROM dace004 WHERE exp_e='10-21175113' AND c_asigna='322801' AND status IN ('0','3','B') [1][0] OK
C:[25/04/2013 17:13:32.80][190.121.238.132][1383] SELECT pre_cod_asig1,pre_cod_asig2,pre_cod_asig3,pre_cod_asig4,pre_cod_asig5,pre_cod_asig6,pre_cod_asig7 FROM tblaca009 WHERE pensum='5' AND c_uni_ca='2' AND c_asigna='322936' [1][0] OK
C:[25/04/2013 17:13:32.80][190.121.238.132][1396] SELECT c_asigna FROM dace004 WHERE exp_e='10-21175113' AND c_asigna='322801' AND status IN ('0','3','B') [1][0] OK
C:[25/04/2013 17:13:32.80][190.121.238.132][1383] SELECT pre_cod_asig1,pre_cod_asig2,pre_cod_asig3,pre_cod_asig4,pre_cod_asig5,pre_cod_asig6,pre_cod_asig7 FROM tblaca009 WHERE pensum='5' AND c_uni_ca='2' AND c_asigna='322033' [1][0] OK
C:[25/04/2013 17:13:33.67][190.121.238.132][1427] SELECT par_cod_asig1,par_cod_asig2,par_cod_asig3 FROM tblaca009 WHERE pensum='5' AND c_uni_ca='2' AND c_asigna='322826' [1][0] OK
C:[25/04/2013 17:13:33.67][190.121.238.132][1427] SELECT par_cod_asig1,par_cod_asig2,par_cod_asig3 FROM tblaca009 WHERE pensum='5' AND c_uni_ca='2' AND c_asigna='300422' [1][0] OK
C:[25/04/2013 17:13:33.67][190.121.238.132][1427] SELECT par_cod_asig1,par_cod_asig2,par_cod_asig3 FROM tblaca009 WHERE pensum='5' AND c_uni_ca='2' AND c_asigna='322827' [1][0] OK
C:[25/04/2013 17:13:33.67][190.121.238.132][1427] SELECT par_cod_asig1,par_cod_asig2,par_cod_asig3 FROM tblaca009 WHERE pensum='5' AND c_uni_ca='2' AND c_asigna='322904' [1][0] OK
C:[25/04/2013 17:13:33.67][190.121.238.132][1427] SELECT par_cod_asig1,par_cod_asig2,par_cod_asig3 FROM tblaca009 WHERE pensum='5' AND c_uni_ca='2' AND c_asigna='322936' [1][0] OK
C:[25/04/2013 17:13:33.67][190.121.238.132][1427] SELECT par_cod_asig1,par_cod_asig2,par_cod_asig3 FROM tblaca009 WHERE pensum='5' AND c_uni_ca='2' AND c_asigna='322033' [1][0] OK
C:[25/04/2013 17:13:33.43][190.121.238.132][1557] SELECT horas_lab FROM tblaca008 WHERE c_asigna='322826' AND horas_teoricas > 0 [1][0] OK
C:[25/04/2013 17:13:33.54][190.121.238.132][1591] SELECT sum(u_creditos*1) FROM dace006 a, tblaca009 b WHERE a.exp_e='10-21175113' AND a.lapso='2013-1' AND b.pensum='5' AND b.c_uni_ca='2' AND status IN ('7','A','2') AND a.c_asigna=b.c_asigna  [1][0] OK
C:[25/04/2013 17:13:33.04][190.121.238.132][1610] SELECT sum(u_creditos*1) FROM dace006 a, tblaca009 b WHERE a.exp_e='10-21175113' AND a.lapso='2013-1' AND b.pensum='5' AND b.c_uni_ca='2' AND status IN ('7','A','2') AND a.c_asigna=b.c_asigna AND a.c_asigna IN ('300422','322827','322904','322936','322033') [1][0] OK
C:[25/04/2013 17:13:33.23][190.121.238.132][1626] SELECT MAX(semestre) FROM dace006 a, tblaca009 b WHERE a.exp_e='10-21175113' AND a.lapso='2013-1' AND b.pensum='5' AND b.c_uni_ca='2' AND status IN ('7','A','2') AND a.c_asigna=b.c_asigna  [1][0] OK
C:[25/04/2013 17:13:33.85][190.121.238.132][1646] SELECT MIN(semestre) FROM dace006 a, tblaca009 b WHERE a.exp_e='10-21175113' AND a.lapso='2013-1' AND b.pensum='5' AND b.c_uni_ca='2' AND status IN ('7','A','2') AND a.c_asigna=b.c_asigna AND a.c_asigna IN ('322826') [1][0] OK
C:[25/04/2013 17:19:05.19][190.121.238.132][1383] SELECT pre_cod_asig1,pre_cod_asig2,pre_cod_asig3,pre_cod_asig4,pre_cod_asig5,pre_cod_asig6,pre_cod_asig7 FROM tblaca009 WHERE pensum='5' AND c_uni_ca='2' AND c_asigna='322826' [1][0] OK
C:[25/04/2013 17:19:05.19][190.121.238.132][1396] SELECT c_asigna FROM dace004 WHERE exp_e='91-11729248' AND c_asigna='322702' AND status IN ('0','3','B') [1][0] OK
C:[25/04/2013 17:19:05.19][190.121.238.132][1383] SELECT pre_cod_asig1,pre_cod_asig2,pre_cod_asig3,pre_cod_asig4,pre_cod_asig5,pre_cod_asig6,pre_cod_asig7 FROM tblaca009 WHERE pensum='5' AND c_uni_ca='2' AND c_asigna='322827' [1][0] OK
C:[25/04/2013 17:19:05.19][190.121.238.132][1396] SELECT c_asigna FROM dace004 WHERE exp_e='91-11729248' AND c_asigna='322703' AND status IN ('0','3','B') [1][0] OK
C:[25/04/2013 17:19:05.19][190.121.238.132][1396] SELECT c_asigna FROM dace004 WHERE exp_e='91-11729248' AND c_asigna='322782' AND status IN ('0','3','B') [1][0] OK
C:[25/04/2013 17:19:05.19][190.121.238.132][1396] SELECT c_asigna FROM dace004 WHERE exp_e='91-11729248' AND c_asigna='322449' AND status IN ('0','3','B') [1][0] OK
C:[25/04/2013 17:19:05.19][190.121.238.132][1383] SELECT pre_cod_asig1,pre_cod_asig2,pre_cod_asig3,pre_cod_asig4,pre_cod_asig5,pre_cod_asig6,pre_cod_asig7 FROM tblaca009 WHERE pensum='5' AND c_uni_ca='2' AND c_asigna='300956' [1][0] OK
C:[25/04/2013 17:19:05.19][190.121.238.132][1396] SELECT c_asigna FROM dace004 WHERE exp_e='91-11729248' AND c_asigna='300422' AND status IN ('0','3','B') [1][0] OK
C:[25/04/2013 17:19:05.19][190.121.238.132][1396] SELECT c_asigna FROM dace004 WHERE exp_e='91-11729248' AND c_asigna='300105' AND status IN ('0','3','B') [1][0] OK
C:[25/04/2013 17:19:05.19][190.121.238.132][1396] SELECT c_asigna FROM dace004 WHERE exp_e='91-11729248' AND c_asigna='300314' AND status IN ('0','3','B') [1][0] OK
C:[25/04/2013 17:19:05.19][190.121.238.132][1383] SELECT pre_cod_asig1,pre_cod_asig2,pre_cod_asig3,pre_cod_asig4,pre_cod_asig5,pre_cod_asig6,pre_cod_asig7 FROM tblaca009 WHERE pensum='5' AND c_uni_ca='2' AND c_asigna='322904' [1][0] OK
C:[25/04/2013 17:19:05.19][190.121.238.132][1396] SELECT c_asigna FROM dace004 WHERE exp_e='91-11729248' AND c_asigna='322782' AND status IN ('0','3','B') [1][0] OK
C:[25/04/2013 17:19:05.19][190.121.238.132][1396] SELECT c_asigna FROM dace004 WHERE exp_e='91-11729248' AND c_asigna='322801' AND status IN ('0','3','B') [1][0] OK
C:[25/04/2013 17:19:05.19][190.121.238.132][1383] SELECT pre_cod_asig1,pre_cod_asig2,pre_cod_asig3,pre_cod_asig4,pre_cod_asig5,pre_cod_asig6,pre_cod_asig7 FROM tblaca009 WHERE pensum='5' AND c_uni_ca='2' AND c_asigna='322936' [1][0] OK
C:[25/04/2013 17:19:05.19][190.121.238.132][1396] SELECT c_asigna FROM dace004 WHERE exp_e='91-11729248' AND c_asigna='322801' AND status IN ('0','3','B') [1][0] OK
C:[25/04/2013 17:19:05.19][190.121.238.132][1383] SELECT pre_cod_asig1,pre_cod_asig2,pre_cod_asig3,pre_cod_asig4,pre_cod_asig5,pre_cod_asig6,pre_cod_asig7 FROM tblaca009 WHERE pensum='5' AND c_uni_ca='2' AND c_asigna='322033' [1][0] OK
C:[25/04/2013 17:19:06.19][190.121.238.132][1427] SELECT par_cod_asig1,par_cod_asig2,par_cod_asig3 FROM tblaca009 WHERE pensum='5' AND c_uni_ca='2' AND c_asigna='322826' [1][0] OK
C:[25/04/2013 17:19:06.19][190.121.238.132][1427] SELECT par_cod_asig1,par_cod_asig2,par_cod_asig3 FROM tblaca009 WHERE pensum='5' AND c_uni_ca='2' AND c_asigna='322827' [1][0] OK
C:[25/04/2013 17:19:06.19][190.121.238.132][1427] SELECT par_cod_asig1,par_cod_asig2,par_cod_asig3 FROM tblaca009 WHERE pensum='5' AND c_uni_ca='2' AND c_asigna='300956' [1][0] OK
C:[25/04/2013 17:19:06.19][190.121.238.132][1427] SELECT par_cod_asig1,par_cod_asig2,par_cod_asig3 FROM tblaca009 WHERE pensum='5' AND c_uni_ca='2' AND c_asigna='322904' [1][0] OK
C:[25/04/2013 17:19:06.19][190.121.238.132][1427] SELECT par_cod_asig1,par_cod_asig2,par_cod_asig3 FROM tblaca009 WHERE pensum='5' AND c_uni_ca='2' AND c_asigna='322936' [1][0] OK
C:[25/04/2013 17:19:06.19][190.121.238.132][1427] SELECT par_cod_asig1,par_cod_asig2,par_cod_asig3 FROM tblaca009 WHERE pensum='5' AND c_uni_ca='2' AND c_asigna='322033' [1][0] OK
C:[25/04/2013 17:19:06.95][190.121.238.132][1557] SELECT horas_lab FROM tblaca008 WHERE c_asigna='322826' AND horas_teoricas > 0 [1][0] OK
C:[25/04/2013 17:19:06.06][190.121.238.132][1591] SELECT sum(u_creditos*1) FROM dace006 a, tblaca009 b WHERE a.exp_e='91-11729248' AND a.lapso='2013-1' AND b.pensum='5' AND b.c_uni_ca='2' AND status IN ('7','A','2') AND a.c_asigna=b.c_asigna  [1][0] OK
C:[25/04/2013 17:19:06.44][190.121.238.132][1610] SELECT sum(u_creditos*1) FROM dace006 a, tblaca009 b WHERE a.exp_e='91-11729248' AND a.lapso='2013-1' AND b.pensum='5' AND b.c_uni_ca='2' AND status IN ('7','A','2') AND a.c_asigna=b.c_asigna AND a.c_asigna IN ('322827','300956','322904','322936','322033') [1][0] OK
C:[25/04/2013 17:19:06.81][190.121.238.132][1626] SELECT MAX(semestre) FROM dace006 a, tblaca009 b WHERE a.exp_e='91-11729248' AND a.lapso='2013-1' AND b.pensum='5' AND b.c_uni_ca='2' AND status IN ('7','A','2') AND a.c_asigna=b.c_asigna  [1][0] OK
C:[25/04/2013 17:19:06.19][190.121.238.132][1646] SELECT MIN(semestre) FROM dace006 a, tblaca009 b WHERE a.exp_e='91-11729248' AND a.lapso='2013-1' AND b.pensum='5' AND b.c_uni_ca='2' AND status IN ('7','A','2') AND a.c_asigna=b.c_asigna AND a.c_asigna IN ('322826') [1][0] OK
C:[25/04/2013 17:54:50.37][181.182.185.188][1383] SELECT pre_cod_asig1,pre_cod_asig2,pre_cod_asig3,pre_cod_asig4,pre_cod_asig5,pre_cod_asig6,pre_cod_asig7 FROM tblaca009 WHERE pensum='5' AND c_uni_ca='5' AND c_asigna='355722' [1][0] OK
C:[25/04/2013 17:54:50.37][181.182.185.188][1396] SELECT c_asigna FROM dace004 WHERE exp_e='09-21250780' AND c_asigna='355691' AND status IN ('0','3','B') [1][0] OK
C:[25/04/2013 17:54:50.37][181.182.185.188][1396] SELECT c_asigna FROM dace004 WHERE exp_e='09-21250780' AND c_asigna='355595' AND status IN ('0','3','B') [1][0] OK
C:[25/04/2013 17:54:50.37][181.182.185.188][1383] SELECT pre_cod_asig1,pre_cod_asig2,pre_cod_asig3,pre_cod_asig4,pre_cod_asig5,pre_cod_asig6,pre_cod_asig7 FROM tblaca009 WHERE pensum='5' AND c_uni_ca='5' AND c_asigna='354852' [1][0] OK
C:[25/04/2013 17:54:50.37][181.182.185.188][1383] SELECT pre_cod_asig1,pre_cod_asig2,pre_cod_asig3,pre_cod_asig4,pre_cod_asig5,pre_cod_asig6,pre_cod_asig7 FROM tblaca009 WHERE pensum='5' AND c_uni_ca='5' AND c_asigna='355835' [1][0] OK
C:[25/04/2013 17:54:50.37][181.182.185.188][1396] SELECT c_asigna FROM dace004 WHERE exp_e='09-21250780' AND c_asigna='355691' AND status IN ('0','3','B') [1][0] OK
C:[25/04/2013 17:54:50.37][181.182.185.188][1383] SELECT pre_cod_asig1,pre_cod_asig2,pre_cod_asig3,pre_cod_asig4,pre_cod_asig5,pre_cod_asig6,pre_cod_asig7 FROM tblaca009 WHERE pensum='5' AND c_uni_ca='5' AND c_asigna='355838' [1][0] OK
C:[25/04/2013 17:54:50.37][181.182.185.188][1396] SELECT c_asigna FROM dace004 WHERE exp_e='09-21250780' AND c_asigna='355721' AND status IN ('0','3','B') [1][0] OK
C:[25/04/2013 17:54:50.37][181.182.185.188][1383] SELECT pre_cod_asig1,pre_cod_asig2,pre_cod_asig3,pre_cod_asig4,pre_cod_asig5,pre_cod_asig6,pre_cod_asig7 FROM tblaca009 WHERE pensum='5' AND c_uni_ca='5' AND c_asigna='355839' [1][0] OK
C:[25/04/2013 17:54:50.37][181.182.185.188][1396] SELECT c_asigna FROM dace004 WHERE exp_e='09-21250780' AND c_asigna='355725' AND status IN ('0','3','B') [1][0] OK
C:[25/04/2013 17:54:50.37][181.182.185.188][1396] SELECT c_asigna FROM dace004 WHERE exp_e='09-21250780' AND c_asigna='355692' AND status IN ('0','3','B') [1][0] OK
C:[25/04/2013 17:54:50.37][181.182.185.188][1383] SELECT pre_cod_asig1,pre_cod_asig2,pre_cod_asig3,pre_cod_asig4,pre_cod_asig5,pre_cod_asig6,pre_cod_asig7 FROM tblaca009 WHERE pensum='5' AND c_uni_ca='5' AND c_asigna='355953' [1][0] OK
C:[25/04/2013 17:54:50.37][181.182.185.188][1396] SELECT c_asigna FROM dace004 WHERE exp_e='09-21250780' AND c_asigna='355691' AND status IN ('0','3','B') [1][0] OK
C:[25/04/2013 17:54:51.99][181.182.185.188][1427] SELECT par_cod_asig1,par_cod_asig2,par_cod_asig3 FROM tblaca009 WHERE pensum='5' AND c_uni_ca='5' AND c_asigna='355722' [1][0] OK
C:[25/04/2013 17:54:51.99][181.182.185.188][1427] SELECT par_cod_asig1,par_cod_asig2,par_cod_asig3 FROM tblaca009 WHERE pensum='5' AND c_uni_ca='5' AND c_asigna='354852' [1][0] OK
C:[25/04/2013 17:54:51.99][181.182.185.188][1427] SELECT par_cod_asig1,par_cod_asig2,par_cod_asig3 FROM tblaca009 WHERE pensum='5' AND c_uni_ca='5' AND c_asigna='355835' [1][0] OK
C:[25/04/2013 17:54:51.99][181.182.185.188][1427] SELECT par_cod_asig1,par_cod_asig2,par_cod_asig3 FROM tblaca009 WHERE pensum='5' AND c_uni_ca='5' AND c_asigna='355838' [1][0] OK
C:[25/04/2013 17:54:51.99][181.182.185.188][1427] SELECT par_cod_asig1,par_cod_asig2,par_cod_asig3 FROM tblaca009 WHERE pensum='5' AND c_uni_ca='5' AND c_asigna='355839' [1][0] OK
C:[25/04/2013 17:54:51.99][181.182.185.188][1427] SELECT par_cod_asig1,par_cod_asig2,par_cod_asig3 FROM tblaca009 WHERE pensum='5' AND c_uni_ca='5' AND c_asigna='355953' [1][0] OK
C:[25/04/2013 17:54:51.76][181.182.185.188][1557] SELECT horas_lab FROM tblaca008 WHERE c_asigna='355722' AND horas_teoricas > 0 [1][0] OK
C:[25/04/2013 17:54:51.86][181.182.185.188][1591] SELECT sum(u_creditos*1) FROM dace006 a, tblaca009 b WHERE a.exp_e='09-21250780' AND a.lapso='2013-1' AND b.pensum='5' AND b.c_uni_ca='5' AND status IN ('7','A','2') AND a.c_asigna=b.c_asigna  [1][0] OK
C:[25/04/2013 17:54:51.80][181.182.185.188][1610] SELECT sum(u_creditos*1) FROM dace006 a, tblaca009 b WHERE a.exp_e='09-21250780' AND a.lapso='2013-1' AND b.pensum='5' AND b.c_uni_ca='5' AND status IN ('7','A','2') AND a.c_asigna=b.c_asigna AND a.c_asigna IN ('354852','355835','355838','355839','355953') [1][0] OK
C:[25/04/2013 17:54:51.74][181.182.185.188][1626] SELECT MAX(semestre) FROM dace006 a, tblaca009 b WHERE a.exp_e='09-21250780' AND a.lapso='2013-1' AND b.pensum='5' AND b.c_uni_ca='5' AND status IN ('7','A','2') AND a.c_asigna=b.c_asigna  [1][0] OK
C:[25/04/2013 17:54:51.11][181.182.185.188][1646] SELECT MIN(semestre) FROM dace006 a, tblaca009 b WHERE a.exp_e='09-21250780' AND a.lapso='2013-1' AND b.pensum='5' AND b.c_uni_ca='5' AND status IN ('7','A','2') AND a.c_asigna=b.c_asigna AND a.c_asigna IN ('355722') [1][0] OK
C:[25/04/2013 17:56:19.50][190.198.229.185][1383] SELECT pre_cod_asig1,pre_cod_asig2,pre_cod_asig3,pre_cod_asig4,pre_cod_asig5,pre_cod_asig6,pre_cod_asig7 FROM tblaca009 WHERE pensum='5' AND c_uni_ca='3' AND c_asigna='311554' [1][0] OK
C:[25/04/2013 17:56:19.50][190.198.229.185][1396] SELECT c_asigna FROM dace004 WHERE exp_e='09-20504173' AND c_asigna='300318' AND status IN ('0','3','B') [1][0] OK
C:[25/04/2013 17:56:19.50][190.198.229.185][1396] SELECT c_asigna FROM dace004 WHERE exp_e='09-20504173' AND c_asigna='300428' AND status IN ('0','3','B') [1][0] OK
C:[25/04/2013 17:56:19.50][190.198.229.185][1383] SELECT pre_cod_asig1,pre_cod_asig2,pre_cod_asig3,pre_cod_asig4,pre_cod_asig5,pre_cod_asig6,pre_cod_asig7 FROM tblaca009 WHERE pensum='5' AND c_uni_ca='3' AND c_asigna='311552' [1][0] OK
C:[25/04/2013 17:56:19.50][190.198.229.185][1396] SELECT c_asigna FROM dace004 WHERE exp_e='09-20504173' AND c_asigna='300317' AND status IN ('0','3','B') [1][0] OK
C:[25/04/2013 17:56:19.50][190.198.229.185][1396] SELECT c_asigna FROM dace004 WHERE exp_e='09-20504173' AND c_asigna='300209' AND status IN ('0','3','B') [1][0] OK
C:[25/04/2013 17:56:19.50][190.198.229.185][1383] SELECT pre_cod_asig1,pre_cod_asig2,pre_cod_asig3,pre_cod_asig4,pre_cod_asig5,pre_cod_asig6,pre_cod_asig7 FROM tblaca009 WHERE pensum='5' AND c_uni_ca='3' AND c_asigna='300222' [1][0] OK
C:[25/04/2013 17:56:19.50][190.198.229.185][1396] SELECT c_asigna FROM dace004 WHERE exp_e='09-20504173' AND c_asigna='300112' AND status IN ('0','3','B') [1][0] OK
C:[25/04/2013 17:56:19.50][190.198.229.185][1383] SELECT pre_cod_asig1,pre_cod_asig2,pre_cod_asig3,pre_cod_asig4,pre_cod_asig5,pre_cod_asig6,pre_cod_asig7 FROM tblaca009 WHERE pensum='5' AND c_uni_ca='3' AND c_asigna='300314' [1][0] OK
C:[25/04/2013 17:56:19.50][190.198.229.185][1396] SELECT c_asigna FROM dace004 WHERE exp_e='09-20504173' AND c_asigna='300106' AND status IN ('0','3','B') [1][0] OK
C:[25/04/2013 17:56:19.50][190.198.229.185][1383] SELECT pre_cod_asig1,pre_cod_asig2,pre_cod_asig3,pre_cod_asig4,pre_cod_asig5,pre_cod_asig6,pre_cod_asig7 FROM tblaca009 WHERE pensum='5' AND c_uni_ca='3' AND c_asigna='311320' [1][0] OK
C:[25/04/2013 17:56:19.50][190.198.229.185][1396] SELECT c_asigna FROM dace004 WHERE exp_e='09-20504173' AND c_asigna='300013' AND status IN ('0','3','B') [1][0] OK
C:[25/04/2013 17:56:19.50][190.198.229.185][1396] SELECT c_asigna FROM dace004 WHERE exp_e='09-20504173' AND c_asigna='300113' AND status IN ('0','3','B') [1][0] OK
C:[25/04/2013 17:56:19.50][190.198.229.185][1383] SELECT pre_cod_asig1,pre_cod_asig2,pre_cod_asig3,pre_cod_asig4,pre_cod_asig5,pre_cod_asig6,pre_cod_asig7 FROM tblaca009 WHERE pensum='5' AND c_uni_ca='3' AND c_asigna='312333' [1][0] OK
C:[25/04/2013 17:56:19.50][190.198.229.185][1396] SELECT c_asigna FROM dace004 WHERE exp_e='09-20504173' AND c_asigna='300228' AND status IN ('0','3','B') [1][0] OK
C:[25/04/2013 17:56:20.62][190.198.229.185][1427] SELECT par_cod_asig1,par_cod_asig2,par_cod_asig3 FROM tblaca009 WHERE pensum='5' AND c_uni_ca='3' AND c_asigna='311554' [1][0] OK
C:[25/04/2013 17:56:20.62][190.198.229.185][1427] SELECT par_cod_asig1,par_cod_asig2,par_cod_asig3 FROM tblaca009 WHERE pensum='5' AND c_uni_ca='3' AND c_asigna='311552' [1][0] OK
C:[25/04/2013 17:56:20.62][190.198.229.185][1427] SELECT par_cod_asig1,par_cod_asig2,par_cod_asig3 FROM tblaca009 WHERE pensum='5' AND c_uni_ca='3' AND c_asigna='300222' [1][0] OK
C:[25/04/2013 17:56:20.62][190.198.229.185][1427] SELECT par_cod_asig1,par_cod_asig2,par_cod_asig3 FROM tblaca009 WHERE pensum='5' AND c_uni_ca='3' AND c_asigna='300314' [1][0] OK
C:[25/04/2013 17:56:20.62][190.198.229.185][1427] SELECT par_cod_asig1,par_cod_asig2,par_cod_asig3 FROM tblaca009 WHERE pensum='5' AND c_uni_ca='3' AND c_asigna='311320' [1][0] OK
C:[25/04/2013 17:56:20.62][190.198.229.185][1427] SELECT par_cod_asig1,par_cod_asig2,par_cod_asig3 FROM tblaca009 WHERE pensum='5' AND c_uni_ca='3' AND c_asigna='312333' [1][0] OK
C:[25/04/2013 17:56:20.38][190.198.229.185][1557] SELECT horas_lab FROM tblaca008 WHERE c_asigna='311554' AND horas_teoricas > 0 [1][0] OK
C:[25/04/2013 17:56:20.49][190.198.229.185][1591] SELECT sum(u_creditos*1) FROM dace006 a, tblaca009 b WHERE a.exp_e='09-20504173' AND a.lapso='2013-1' AND b.pensum='5' AND b.c_uni_ca='3' AND status IN ('7','A','2') AND a.c_asigna=b.c_asigna  [1][0] OK
C:[25/04/2013 17:56:20.43][190.198.229.185][1610] SELECT sum(u_creditos*1) FROM dace006 a, tblaca009 b WHERE a.exp_e='09-20504173' AND a.lapso='2013-1' AND b.pensum='5' AND b.c_uni_ca='3' AND status IN ('7','A','2') AND a.c_asigna=b.c_asigna AND a.c_asigna IN ('311552','300222','300314','311320','312333') [1][0] OK
C:[25/04/2013 17:56:20.36][190.198.229.185][1626] SELECT MAX(semestre) FROM dace006 a, tblaca009 b WHERE a.exp_e='09-20504173' AND a.lapso='2013-1' AND b.pensum='5' AND b.c_uni_ca='3' AND status IN ('7','A','2') AND a.c_asigna=b.c_asigna  [1][0] OK
C:[25/04/2013 17:56:20.30][190.198.229.185][1646] SELECT MIN(semestre) FROM dace006 a, tblaca009 b WHERE a.exp_e='09-20504173' AND a.lapso='2013-1' AND b.pensum='5' AND b.c_uni_ca='3' AND status IN ('7','A','2') AND a.c_asigna=b.c_asigna AND a.c_asigna IN ('311554') [1][0] OK
C:[25/04/2013 18:03:00.90][190.201.174.120][1383] SELECT pre_cod_asig1,pre_cod_asig2,pre_cod_asig3,pre_cod_asig4,pre_cod_asig5,pre_cod_asig6,pre_cod_asig7 FROM tblaca009 WHERE pensum='5' AND c_uni_ca='5' AND c_asigna='355722' [1][0] OK
C:[25/04/2013 18:03:00.90][190.201.174.120][1396] SELECT c_asigna FROM dace004 WHERE exp_e='09-20504519' AND c_asigna='355691' AND status IN ('0','3','B') [1][0] OK
C:[25/04/2013 18:03:00.90][190.201.174.120][1396] SELECT c_asigna FROM dace004 WHERE exp_e='09-20504519' AND c_asigna='355595' AND status IN ('0','3','B') [1][0] OK
C:[25/04/2013 18:03:00.90][190.201.174.120][1383] SELECT pre_cod_asig1,pre_cod_asig2,pre_cod_asig3,pre_cod_asig4,pre_cod_asig5,pre_cod_asig6,pre_cod_asig7 FROM tblaca009 WHERE pensum='5' AND c_uni_ca='5' AND c_asigna='354852' [1][0] OK
C:[25/04/2013 18:03:00.90][190.201.174.120][1383] SELECT pre_cod_asig1,pre_cod_asig2,pre_cod_asig3,pre_cod_asig4,pre_cod_asig5,pre_cod_asig6,pre_cod_asig7 FROM tblaca009 WHERE pensum='5' AND c_uni_ca='5' AND c_asigna='355835' [1][0] OK
C:[25/04/2013 18:03:00.90][190.201.174.120][1396] SELECT c_asigna FROM dace004 WHERE exp_e='09-20504519' AND c_asigna='355691' AND status IN ('0','3','B') [1][0] OK
C:[25/04/2013 18:03:00.90][190.201.174.120][1383] SELECT pre_cod_asig1,pre_cod_asig2,pre_cod_asig3,pre_cod_asig4,pre_cod_asig5,pre_cod_asig6,pre_cod_asig7 FROM tblaca009 WHERE pensum='5' AND c_uni_ca='5' AND c_asigna='355838' [1][0] OK
C:[25/04/2013 18:03:00.90][190.201.174.120][1396] SELECT c_asigna FROM dace004 WHERE exp_e='09-20504519' AND c_asigna='355721' AND status IN ('0','3','B') [1][0] OK
C:[25/04/2013 18:03:00.90][190.201.174.120][1383] SELECT pre_cod_asig1,pre_cod_asig2,pre_cod_asig3,pre_cod_asig4,pre_cod_asig5,pre_cod_asig6,pre_cod_asig7 FROM tblaca009 WHERE pensum='5' AND c_uni_ca='5' AND c_asigna='355839' [1][0] OK
C:[25/04/2013 18:03:00.90][190.201.174.120][1396] SELECT c_asigna FROM dace004 WHERE exp_e='09-20504519' AND c_asigna='355725' AND status IN ('0','3','B') [1][0] OK
C:[25/04/2013 18:03:00.90][190.201.174.120][1396] SELECT c_asigna FROM dace004 WHERE exp_e='09-20504519' AND c_asigna='355692' AND status IN ('0','3','B') [1][0] OK
C:[25/04/2013 18:03:00.90][190.201.174.120][1383] SELECT pre_cod_asig1,pre_cod_asig2,pre_cod_asig3,pre_cod_asig4,pre_cod_asig5,pre_cod_asig6,pre_cod_asig7 FROM tblaca009 WHERE pensum='5' AND c_uni_ca='5' AND c_asigna='355953' [1][0] OK
C:[25/04/2013 18:03:00.90][190.201.174.120][1396] SELECT c_asigna FROM dace004 WHERE exp_e='09-20504519' AND c_asigna='355691' AND status IN ('0','3','B') [1][0] OK
C:[25/04/2013 18:03:00.53][190.201.174.120][1427] SELECT par_cod_asig1,par_cod_asig2,par_cod_asig3 FROM tblaca009 WHERE pensum='5' AND c_uni_ca='5' AND c_asigna='355722' [1][0] OK
C:[25/04/2013 18:03:00.53][190.201.174.120][1427] SELECT par_cod_asig1,par_cod_asig2,par_cod_asig3 FROM tblaca009 WHERE pensum='5' AND c_uni_ca='5' AND c_asigna='354852' [1][0] OK
C:[25/04/2013 18:03:00.53][190.201.174.120][1427] SELECT par_cod_asig1,par_cod_asig2,par_cod_asig3 FROM tblaca009 WHERE pensum='5' AND c_uni_ca='5' AND c_asigna='355835' [1][0] OK
C:[25/04/2013 18:03:00.53][190.201.174.120][1427] SELECT par_cod_asig1,par_cod_asig2,par_cod_asig3 FROM tblaca009 WHERE pensum='5' AND c_uni_ca='5' AND c_asigna='355838' [1][0] OK
C:[25/04/2013 18:03:00.53][190.201.174.120][1427] SELECT par_cod_asig1,par_cod_asig2,par_cod_asig3 FROM tblaca009 WHERE pensum='5' AND c_uni_ca='5' AND c_asigna='355839' [1][0] OK
C:[25/04/2013 18:03:00.53][190.201.174.120][1427] SELECT par_cod_asig1,par_cod_asig2,par_cod_asig3 FROM tblaca009 WHERE pensum='5' AND c_uni_ca='5' AND c_asigna='355953' [1][0] OK
C:[25/04/2013 18:03:01.29][190.201.174.120][1557] SELECT horas_lab FROM tblaca008 WHERE c_asigna='355722' AND horas_teoricas > 0 [1][0] OK
C:[25/04/2013 18:03:01.40][190.201.174.120][1591] SELECT sum(u_creditos*1) FROM dace006 a, tblaca009 b WHERE a.exp_e='09-20504519' AND a.lapso='2013-1' AND b.pensum='5' AND b.c_uni_ca='5' AND status IN ('7','A','2') AND a.c_asigna=b.c_asigna  [1][0] OK
C:[25/04/2013 18:03:01.34][190.201.174.120][1610] SELECT sum(u_creditos*1) FROM dace006 a, tblaca009 b WHERE a.exp_e='09-20504519' AND a.lapso='2013-1' AND b.pensum='5' AND b.c_uni_ca='5' AND status IN ('7','A','2') AND a.c_asigna=b.c_asigna AND a.c_asigna IN ('354852','355835','355838','355839','355953') [1][0] OK
C:[25/04/2013 18:03:01.27][190.201.174.120][1626] SELECT MAX(semestre) FROM dace006 a, tblaca009 b WHERE a.exp_e='09-20504519' AND a.lapso='2013-1' AND b.pensum='5' AND b.c_uni_ca='5' AND status IN ('7','A','2') AND a.c_asigna=b.c_asigna  [1][0] OK
C:[25/04/2013 18:03:01.77][190.201.174.120][1646] SELECT MIN(semestre) FROM dace006 a, tblaca009 b WHERE a.exp_e='09-20504519' AND a.lapso='2013-1' AND b.pensum='5' AND b.c_uni_ca='5' AND status IN ('7','A','2') AND a.c_asigna=b.c_asigna AND a.c_asigna IN ('355722') [1][0] OK
C:[26/04/2013 09:27:44.96][172.16.8.249][1383] SELECT pre_cod_asig1,pre_cod_asig2,pre_cod_asig3,pre_cod_asig4,pre_cod_asig5,pre_cod_asig6,pre_cod_asig7 FROM tblaca009 WHERE pensum='5' AND c_uni_ca='5' AND c_asigna='300428' [1][0] OK
C:[26/04/2013 09:27:44.96][172.16.8.249][1396] SELECT c_asigna FROM dace004 WHERE exp_e='12-18246311' AND c_asigna='300317' AND status IN ('0','3','B') [1][0] OK
C:[26/04/2013 09:27:44.96][172.16.8.249][1396] SELECT c_asigna FROM dace004 WHERE exp_e='12-18246311' AND c_asigna='300209' AND status IN ('0','3','B') [1][0] OK
C:[26/04/2013 09:27:44.96][172.16.8.249][1383] SELECT pre_cod_asig1,pre_cod_asig2,pre_cod_asig3,pre_cod_asig4,pre_cod_asig5,pre_cod_asig6,pre_cod_asig7 FROM tblaca009 WHERE pensum='5' AND c_uni_ca='5' AND c_asigna='355350' [1][0] OK
C:[26/04/2013 09:27:44.96][172.16.8.249][1396] SELECT c_asigna FROM dace004 WHERE exp_e='12-18246311' AND c_asigna='300207' AND status IN ('0','3','B') [1][0] OK
C:[26/04/2013 09:27:44.96][172.16.8.249][1396] SELECT c_asigna FROM dace004 WHERE exp_e='12-18246311' AND c_asigna='300228' AND status IN ('0','3','B') [1][0] OK
C:[26/04/2013 09:27:44.96][172.16.8.249][1383] SELECT pre_cod_asig1,pre_cod_asig2,pre_cod_asig3,pre_cod_asig4,pre_cod_asig5,pre_cod_asig6,pre_cod_asig7 FROM tblaca009 WHERE pensum='5' AND c_uni_ca='5' AND c_asigna='355448' [1][0] OK
C:[26/04/2013 09:27:44.96][172.16.8.249][1396] SELECT c_asigna FROM dace004 WHERE exp_e='12-18246311' AND c_asigna='300313' AND status IN ('0','3','B') [1][0] OK
C:[26/04/2013 09:27:44.96][172.16.8.249][1396] SELECT c_asigna FROM dace004 WHERE exp_e='12-18246311' AND c_asigna='300209' AND status IN ('0','3','B') [1][0] OK
C:[26/04/2013 09:27:44.96][172.16.8.249][1396] SELECT c_asigna FROM dace004 WHERE exp_e='12-18246311' AND c_asigna='300226' AND status IN ('0','3','B') [1][0] OK
C:[26/04/2013 09:27:44.96][172.16.8.249][1396] SELECT c_asigna FROM dace004 WHERE exp_e='12-18246311' AND c_asigna='300222' AND status IN ('0','3','B') [1][0] OK
C:[26/04/2013 09:27:44.96][172.16.8.249][1383] SELECT pre_cod_asig1,pre_cod_asig2,pre_cod_asig3,pre_cod_asig4,pre_cod_asig5,pre_cod_asig6,pre_cod_asig7 FROM tblaca009 WHERE pensum='5' AND c_uni_ca='5' AND c_asigna='352440' [1][0] OK
C:[26/04/2013 09:27:44.96][172.16.8.249][1396] SELECT c_asigna FROM dace004 WHERE exp_e='12-18246311' AND c_asigna='300317' AND status IN ('0','3','B') [1][0] OK
C:[26/04/2013 09:27:44.96][172.16.8.249][1396] SELECT c_asigna FROM dace004 WHERE exp_e='12-18246311' AND c_asigna='300013' AND status IN ('0','3','B') [1][0] OK
C:[26/04/2013 09:27:44.96][172.16.8.249][1396] SELECT c_asigna FROM dace004 WHERE exp_e='12-18246311' AND c_asigna='300113' AND status IN ('0','3','B') [1][0] OK
C:[26/04/2013 09:27:45.83][172.16.8.249][1427] SELECT par_cod_asig1,par_cod_asig2,par_cod_asig3 FROM tblaca009 WHERE pensum='5' AND c_uni_ca='5' AND c_asigna='300428' [1][0] OK
C:[26/04/2013 09:27:45.83][172.16.8.249][1427] SELECT par_cod_asig1,par_cod_asig2,par_cod_asig3 FROM tblaca009 WHERE pensum='5' AND c_uni_ca='5' AND c_asigna='355350' [1][0] OK
C:[26/04/2013 09:27:45.83][172.16.8.249][1427] SELECT par_cod_asig1,par_cod_asig2,par_cod_asig3 FROM tblaca009 WHERE pensum='5' AND c_uni_ca='5' AND c_asigna='355448' [1][0] OK
C:[26/04/2013 09:27:45.83][172.16.8.249][1427] SELECT par_cod_asig1,par_cod_asig2,par_cod_asig3 FROM tblaca009 WHERE pensum='5' AND c_uni_ca='5' AND c_asigna='352440' [1][0] OK
C:[26/04/2013 09:27:45.34][172.16.8.249][1557] SELECT horas_lab FROM tblaca008 WHERE c_asigna='300428' AND horas_teoricas > 0 [1][0] OK
C:[26/04/2013 09:27:45.46][172.16.8.249][1591] SELECT sum(u_creditos*1) FROM dace006 a, tblaca009 b WHERE a.exp_e='12-18246311' AND a.lapso='2013-1' AND b.pensum='5' AND b.c_uni_ca='5' AND status IN ('7','A','2') AND a.c_asigna=b.c_asigna  [1][0] OK
C:[26/04/2013 09:27:45.95][172.16.8.249][1610] SELECT sum(u_creditos*1) FROM dace006 a, tblaca009 b WHERE a.exp_e='12-18246311' AND a.lapso='2013-1' AND b.pensum='5' AND b.c_uni_ca='5' AND status IN ('7','A','2') AND a.c_asigna=b.c_asigna AND a.c_asigna IN ('355350','355448','352440') [1][0] OK
C:[26/04/2013 09:27:45.34][172.16.8.249][1626] SELECT MAX(semestre) FROM dace006 a, tblaca009 b WHERE a.exp_e='12-18246311' AND a.lapso='2013-1' AND b.pensum='5' AND b.c_uni_ca='5' AND status IN ('7','A','2') AND a.c_asigna=b.c_asigna  [1][0] OK
C:[26/04/2013 09:27:45.27][172.16.8.249][1646] SELECT MIN(semestre) FROM dace006 a, tblaca009 b WHERE a.exp_e='12-18246311' AND a.lapso='2013-1' AND b.pensum='5' AND b.c_uni_ca='5' AND status IN ('7','A','2') AND a.c_asigna=b.c_asigna AND a.c_asigna IN ('300428') [1][0] OK
C:[26/04/2013 12:20:27.35][190.37.99.94][1383] SELECT pre_cod_asig1,pre_cod_asig2,pre_cod_asig3,pre_cod_asig4,pre_cod_asig5,pre_cod_asig6,pre_cod_asig7 FROM tblaca009 WHERE pensum='5' AND c_uni_ca='5' AND c_asigna='300428' [1][0] OK
C:[26/04/2013 12:20:27.35][190.37.99.94][1396] SELECT c_asigna FROM dace004 WHERE exp_e='12-18246311' AND c_asigna='300317' AND status IN ('0','3','B') [1][0] OK
C:[26/04/2013 12:20:27.35][190.37.99.94][1396] SELECT c_asigna FROM dace004 WHERE exp_e='12-18246311' AND c_asigna='300209' AND status IN ('0','3','B') [1][0] OK
C:[26/04/2013 12:20:27.35][190.37.99.94][1383] SELECT pre_cod_asig1,pre_cod_asig2,pre_cod_asig3,pre_cod_asig4,pre_cod_asig5,pre_cod_asig6,pre_cod_asig7 FROM tblaca009 WHERE pensum='5' AND c_uni_ca='5' AND c_asigna='355350' [1][0] OK
C:[26/04/2013 12:20:27.35][190.37.99.94][1396] SELECT c_asigna FROM dace004 WHERE exp_e='12-18246311' AND c_asigna='300207' AND status IN ('0','3','B') [1][0] OK
C:[26/04/2013 12:20:27.35][190.37.99.94][1396] SELECT c_asigna FROM dace004 WHERE exp_e='12-18246311' AND c_asigna='300228' AND status IN ('0','3','B') [1][0] OK
C:[26/04/2013 12:20:27.35][190.37.99.94][1383] SELECT pre_cod_asig1,pre_cod_asig2,pre_cod_asig3,pre_cod_asig4,pre_cod_asig5,pre_cod_asig6,pre_cod_asig7 FROM tblaca009 WHERE pensum='5' AND c_uni_ca='5' AND c_asigna='355448' [1][0] OK
C:[26/04/2013 12:20:27.35][190.37.99.94][1396] SELECT c_asigna FROM dace004 WHERE exp_e='12-18246311' AND c_asigna='300313' AND status IN ('0','3','B') [1][0] OK
C:[26/04/2013 12:20:27.35][190.37.99.94][1396] SELECT c_asigna FROM dace004 WHERE exp_e='12-18246311' AND c_asigna='300209' AND status IN ('0','3','B') [1][0] OK
C:[26/04/2013 12:20:27.35][190.37.99.94][1396] SELECT c_asigna FROM dace004 WHERE exp_e='12-18246311' AND c_asigna='300226' AND status IN ('0','3','B') [1][0] OK
C:[26/04/2013 12:20:27.35][190.37.99.94][1396] SELECT c_asigna FROM dace004 WHERE exp_e='12-18246311' AND c_asigna='300222' AND status IN ('0','3','B') [1][0] OK
C:[26/04/2013 12:20:27.35][190.37.99.94][1383] SELECT pre_cod_asig1,pre_cod_asig2,pre_cod_asig3,pre_cod_asig4,pre_cod_asig5,pre_cod_asig6,pre_cod_asig7 FROM tblaca009 WHERE pensum='5' AND c_uni_ca='5' AND c_asigna='352440' [1][0] OK
C:[26/04/2013 12:20:27.35][190.37.99.94][1396] SELECT c_asigna FROM dace004 WHERE exp_e='12-18246311' AND c_asigna='300317' AND status IN ('0','3','B') [1][0] OK
C:[26/04/2013 12:20:27.35][190.37.99.94][1396] SELECT c_asigna FROM dace004 WHERE exp_e='12-18246311' AND c_asigna='300013' AND status IN ('0','3','B') [1][0] OK
C:[26/04/2013 12:20:27.35][190.37.99.94][1396] SELECT c_asigna FROM dace004 WHERE exp_e='12-18246311' AND c_asigna='300113' AND status IN ('0','3','B') [1][0] OK
C:[26/04/2013 12:20:27.22][190.37.99.94][1427] SELECT par_cod_asig1,par_cod_asig2,par_cod_asig3 FROM tblaca009 WHERE pensum='5' AND c_uni_ca='5' AND c_asigna='300428' [1][0] OK
C:[26/04/2013 12:20:27.22][190.37.99.94][1427] SELECT par_cod_asig1,par_cod_asig2,par_cod_asig3 FROM tblaca009 WHERE pensum='5' AND c_uni_ca='5' AND c_asigna='355350' [1][0] OK
C:[26/04/2013 12:20:27.22][190.37.99.94][1427] SELECT par_cod_asig1,par_cod_asig2,par_cod_asig3 FROM tblaca009 WHERE pensum='5' AND c_uni_ca='5' AND c_asigna='355448' [1][0] OK
C:[26/04/2013 12:20:27.22][190.37.99.94][1427] SELECT par_cod_asig1,par_cod_asig2,par_cod_asig3 FROM tblaca009 WHERE pensum='5' AND c_uni_ca='5' AND c_asigna='352440' [1][0] OK
C:[26/04/2013 12:20:27.73][190.37.99.94][1557] SELECT horas_lab FROM tblaca008 WHERE c_asigna='300428' AND horas_teoricas > 0 [1][0] OK
C:[26/04/2013 12:20:27.84][190.37.99.94][1591] SELECT sum(u_creditos*1) FROM dace006 a, tblaca009 b WHERE a.exp_e='12-18246311' AND a.lapso='2013-1' AND b.pensum='5' AND b.c_uni_ca='5' AND status IN ('7','A','2') AND a.c_asigna=b.c_asigna  [1][0] OK
C:[26/04/2013 12:20:27.78][190.37.99.94][1610] SELECT sum(u_creditos*1) FROM dace006 a, tblaca009 b WHERE a.exp_e='12-18246311' AND a.lapso='2013-1' AND b.pensum='5' AND b.c_uni_ca='5' AND status IN ('7','A','2') AND a.c_asigna=b.c_asigna AND a.c_asigna IN ('355350','355448','352440') [1][0] OK
C:[26/04/2013 12:20:28.16][190.37.99.94][1626] SELECT MAX(semestre) FROM dace006 a, tblaca009 b WHERE a.exp_e='12-18246311' AND a.lapso='2013-1' AND b.pensum='5' AND b.c_uni_ca='5' AND status IN ('7','A','2') AND a.c_asigna=b.c_asigna  [1][0] OK
C:[26/04/2013 12:20:28.53][190.37.99.94][1646] SELECT MIN(semestre) FROM dace006 a, tblaca009 b WHERE a.exp_e='12-18246311' AND a.lapso='2013-1' AND b.pensum='5' AND b.c_uni_ca='5' AND status IN ('7','A','2') AND a.c_asigna=b.c_asigna AND a.c_asigna IN ('300428') [1][0] OK
C:[26/04/2013 12:21:09.26][190.37.99.94][1383] SELECT pre_cod_asig1,pre_cod_asig2,pre_cod_asig3,pre_cod_asig4,pre_cod_asig5,pre_cod_asig6,pre_cod_asig7 FROM tblaca009 WHERE pensum='5' AND c_uni_ca='5' AND c_asigna='352440' [1][0] OK
C:[26/04/2013 12:21:09.26][190.37.99.94][1396] SELECT c_asigna FROM dace004 WHERE exp_e='12-18246311' AND c_asigna='300317' AND status IN ('0','3','B') [1][0] OK
C:[26/04/2013 12:21:09.26][190.37.99.94][1396] SELECT c_asigna FROM dace004 WHERE exp_e='12-18246311' AND c_asigna='300013' AND status IN ('0','3','B') [1][0] OK
C:[26/04/2013 12:21:09.26][190.37.99.94][1396] SELECT c_asigna FROM dace004 WHERE exp_e='12-18246311' AND c_asigna='300113' AND status IN ('0','3','B') [1][0] OK
C:[26/04/2013 12:21:09.26][190.37.99.94][1383] SELECT pre_cod_asig1,pre_cod_asig2,pre_cod_asig3,pre_cod_asig4,pre_cod_asig5,pre_cod_asig6,pre_cod_asig7 FROM tblaca009 WHERE pensum='5' AND c_uni_ca='5' AND c_asigna='355448' [1][0] OK
C:[26/04/2013 12:21:09.26][190.37.99.94][1396] SELECT c_asigna FROM dace004 WHERE exp_e='12-18246311' AND c_asigna='300313' AND status IN ('0','3','B') [1][0] OK
C:[26/04/2013 12:21:09.26][190.37.99.94][1396] SELECT c_asigna FROM dace004 WHERE exp_e='12-18246311' AND c_asigna='300209' AND status IN ('0','3','B') [1][0] OK
C:[26/04/2013 12:21:09.26][190.37.99.94][1396] SELECT c_asigna FROM dace004 WHERE exp_e='12-18246311' AND c_asigna='300226' AND status IN ('0','3','B') [1][0] OK
C:[26/04/2013 12:21:09.26][190.37.99.94][1396] SELECT c_asigna FROM dace004 WHERE exp_e='12-18246311' AND c_asigna='300222' AND status IN ('0','3','B') [1][0] OK
C:[26/04/2013 12:21:09.26][190.37.99.94][1383] SELECT pre_cod_asig1,pre_cod_asig2,pre_cod_asig3,pre_cod_asig4,pre_cod_asig5,pre_cod_asig6,pre_cod_asig7 FROM tblaca009 WHERE pensum='5' AND c_uni_ca='5' AND c_asigna='355350' [1][0] OK
C:[26/04/2013 12:21:09.26][190.37.99.94][1396] SELECT c_asigna FROM dace004 WHERE exp_e='12-18246311' AND c_asigna='300207' AND status IN ('0','3','B') [1][0] OK
C:[26/04/2013 12:21:09.26][190.37.99.94][1396] SELECT c_asigna FROM dace004 WHERE exp_e='12-18246311' AND c_asigna='300228' AND status IN ('0','3','B') [1][0] OK
C:[26/04/2013 12:21:09.26][190.37.99.94][1383] SELECT pre_cod_asig1,pre_cod_asig2,pre_cod_asig3,pre_cod_asig4,pre_cod_asig5,pre_cod_asig6,pre_cod_asig7 FROM tblaca009 WHERE pensum='5' AND c_uni_ca='5' AND c_asigna='300428' [1][0] OK
C:[26/04/2013 12:21:09.26][190.37.99.94][1396] SELECT c_asigna FROM dace004 WHERE exp_e='12-18246311' AND c_asigna='300317' AND status IN ('0','3','B') [1][0] OK
C:[26/04/2013 12:21:09.26][190.37.99.94][1396] SELECT c_asigna FROM dace004 WHERE exp_e='12-18246311' AND c_asigna='300209' AND status IN ('0','3','B') [1][0] OK
C:[26/04/2013 12:21:09.13][190.37.99.94][1427] SELECT par_cod_asig1,par_cod_asig2,par_cod_asig3 FROM tblaca009 WHERE pensum='5' AND c_uni_ca='5' AND c_asigna='352440' [1][0] OK
C:[26/04/2013 12:21:09.13][190.37.99.94][1427] SELECT par_cod_asig1,par_cod_asig2,par_cod_asig3 FROM tblaca009 WHERE pensum='5' AND c_uni_ca='5' AND c_asigna='355448' [1][0] OK
C:[26/04/2013 12:21:09.13][190.37.99.94][1427] SELECT par_cod_asig1,par_cod_asig2,par_cod_asig3 FROM tblaca009 WHERE pensum='5' AND c_uni_ca='5' AND c_asigna='355350' [1][0] OK
C:[26/04/2013 12:21:09.13][190.37.99.94][1427] SELECT par_cod_asig1,par_cod_asig2,par_cod_asig3 FROM tblaca009 WHERE pensum='5' AND c_uni_ca='5' AND c_asigna='300428' [1][0] OK
C:[26/04/2013 12:21:09.64][190.37.99.94][1557] SELECT horas_lab FROM tblaca008 WHERE c_asigna='352440' AND horas_teoricas > 0 [1][0] OK
C:[26/04/2013 12:21:09.64][190.37.99.94][1557] SELECT horas_lab FROM tblaca008 WHERE c_asigna='355448' AND horas_teoricas > 0 [1][0] OK
C:[26/04/2013 12:21:09.88][190.37.99.94][1591] SELECT sum(u_creditos*1) FROM dace006 a, tblaca009 b WHERE a.exp_e='12-18246311' AND a.lapso='2013-1' AND b.pensum='5' AND b.c_uni_ca='5' AND status IN ('7','A','2') AND a.c_asigna=b.c_asigna  [1][0] OK
C:[26/04/2013 12:21:10.50][190.37.99.94][1610] SELECT sum(u_creditos*1) FROM dace006 a, tblaca009 b WHERE a.exp_e='12-18246311' AND a.lapso='2013-1' AND b.pensum='5' AND b.c_uni_ca='5' AND status IN ('7','A','2') AND a.c_asigna=b.c_asigna AND a.c_asigna IN ('355350','300428') [1][0] OK
C:[26/04/2013 12:21:10.87][190.37.99.94][1626] SELECT MAX(semestre) FROM dace006 a, tblaca009 b WHERE a.exp_e='12-18246311' AND a.lapso='2013-1' AND b.pensum='5' AND b.c_uni_ca='5' AND status IN ('7','A','2') AND a.c_asigna=b.c_asigna  [1][0] OK
C:[26/04/2013 12:21:10.81][190.37.99.94][1646] SELECT MIN(semestre) FROM dace006 a, tblaca009 b WHERE a.exp_e='12-18246311' AND a.lapso='2013-1' AND b.pensum='5' AND b.c_uni_ca='5' AND status IN ('7','A','2') AND a.c_asigna=b.c_asigna AND a.c_asigna IN ('352440','355448') [1][0] OK
C:[26/04/2013 13:27:00.31][181.182.74.201][1383] SELECT pre_cod_asig1,pre_cod_asig2,pre_cod_asig3,pre_cod_asig4,pre_cod_asig5,pre_cod_asig6,pre_cod_asig7 FROM tblaca009 WHERE pensum='5' AND c_uni_ca='6' AND c_asigna='300313' [1][0] OK
C:[26/04/2013 13:27:00.31][181.182.74.201][1396] SELECT c_asigna FROM dace004 WHERE exp_e='10-21247659' AND c_asigna='300213' AND status IN ('0','3','B') [1][0] OK
C:[26/04/2013 13:27:00.31][181.182.74.201][1396] SELECT c_asigna FROM dace004 WHERE exp_e='10-21247659' AND c_asigna='300226' AND status IN ('0','3','B') [1][0] OK
C:[26/04/2013 13:27:00.31][181.182.74.201][1396] SELECT c_asigna FROM dace004 WHERE exp_e='10-21247659' AND c_asigna='300222' AND status IN ('0','3','B') [1][0] OK
C:[26/04/2013 13:27:00.31][181.182.74.201][1396] SELECT c_asigna FROM dace004 WHERE exp_e='10-21247659' AND c_asigna='300209' AND status IN ('0','3','B') [1][0] OK
C:[26/04/2013 13:27:00.31][181.182.74.201][1383] SELECT pre_cod_asig1,pre_cod_asig2,pre_cod_asig3,pre_cod_asig4,pre_cod_asig5,pre_cod_asig6,pre_cod_asig7 FROM tblaca009 WHERE pensum='5' AND c_uni_ca='6' AND c_asigna='300428' [1][0] OK
C:[26/04/2013 13:27:00.31][181.182.74.201][1396] SELECT c_asigna FROM dace004 WHERE exp_e='10-21247659' AND c_asigna='300317' AND status IN ('0','3','B') [1][0] OK
C:[26/04/2013 13:27:00.31][181.182.74.201][1396] SELECT c_asigna FROM dace004 WHERE exp_e='10-21247659' AND c_asigna='300209' AND status IN ('0','3','B') [1][0] OK
C:[26/04/2013 13:27:00.31][181.182.74.201][1383] SELECT pre_cod_asig1,pre_cod_asig2,pre_cod_asig3,pre_cod_asig4,pre_cod_asig5,pre_cod_asig6,pre_cod_asig7 FROM tblaca009 WHERE pensum='5' AND c_uni_ca='6' AND c_asigna='342436' [1][0] OK
C:[26/04/2013 13:27:00.31][181.182.74.201][1396] SELECT c_asigna FROM dace004 WHERE exp_e='10-21247659' AND c_asigna='300318' AND status IN ('0','3','B') [1][0] OK
C:[26/04/2013 13:27:00.31][181.182.74.201][1396] SELECT c_asigna FROM dace004 WHERE exp_e='10-21247659' AND c_asigna='300317' AND status IN ('0','3','B') [1][0] OK
C:[26/04/2013 13:27:00.31][181.182.74.201][1383] SELECT pre_cod_asig1,pre_cod_asig2,pre_cod_asig3,pre_cod_asig4,pre_cod_asig5,pre_cod_asig6,pre_cod_asig7 FROM tblaca009 WHERE pensum='5' AND c_uni_ca='6' AND c_asigna='342444' [1][0] OK
C:[26/04/2013 13:27:00.31][181.182.74.201][1396] SELECT c_asigna FROM dace004 WHERE exp_e='10-21247659' AND c_asigna='340323' AND status IN ('0','3','B') [1][0] OK
C:[26/04/2013 13:27:00.31][181.182.74.201][1383] SELECT pre_cod_asig1,pre_cod_asig2,pre_cod_asig3,pre_cod_asig4,pre_cod_asig5,pre_cod_asig6,pre_cod_asig7 FROM tblaca009 WHERE pensum='5' AND c_uni_ca='6' AND c_asigna='344445' [1][0] OK
C:[26/04/2013 13:27:01.06][181.182.74.201][1427] SELECT par_cod_asig1,par_cod_asig2,par_cod_asig3 FROM tblaca009 WHERE pensum='5' AND c_uni_ca='6' AND c_asigna='300313' [1][0] OK
C:[26/04/2013 13:27:01.06][181.182.74.201][1427] SELECT par_cod_asig1,par_cod_asig2,par_cod_asig3 FROM tblaca009 WHERE pensum='5' AND c_uni_ca='6' AND c_asigna='300428' [1][0] OK
C:[26/04/2013 13:27:01.06][181.182.74.201][1427] SELECT par_cod_asig1,par_cod_asig2,par_cod_asig3 FROM tblaca009 WHERE pensum='5' AND c_uni_ca='6' AND c_asigna='342436' [1][0] OK
C:[26/04/2013 13:27:01.06][181.182.74.201][1427] SELECT par_cod_asig1,par_cod_asig2,par_cod_asig3 FROM tblaca009 WHERE pensum='5' AND c_uni_ca='6' AND c_asigna='342444' [1][0] OK
C:[26/04/2013 13:27:01.06][181.182.74.201][1427] SELECT par_cod_asig1,par_cod_asig2,par_cod_asig3 FROM tblaca009 WHERE pensum='5' AND c_uni_ca='6' AND c_asigna='344445' [1][0] OK
C:[26/04/2013 13:27:01.70][181.182.74.201][1557] SELECT horas_lab FROM tblaca008 WHERE c_asigna='300313' AND horas_teoricas > 0 [1][0] OK
C:[26/04/2013 13:27:01.81][181.182.74.201][1591] SELECT sum(u_creditos*1) FROM dace006 a, tblaca009 b WHERE a.exp_e='10-21247659' AND a.lapso='2013-1' AND b.pensum='5' AND b.c_uni_ca='6' AND status IN ('7','A','2') AND a.c_asigna=b.c_asigna  [1][0] OK
C:[26/04/2013 13:27:01.18][181.182.74.201][1610] SELECT sum(u_creditos*1) FROM dace006 a, tblaca009 b WHERE a.exp_e='10-21247659' AND a.lapso='2013-1' AND b.pensum='5' AND b.c_uni_ca='6' AND status IN ('7','A','2') AND a.c_asigna=b.c_asigna AND a.c_asigna IN ('300428','342436','342444','344445') [1][0] OK
C:[26/04/2013 13:27:01.56][181.182.74.201][1626] SELECT MAX(semestre) FROM dace006 a, tblaca009 b WHERE a.exp_e='10-21247659' AND a.lapso='2013-1' AND b.pensum='5' AND b.c_uni_ca='6' AND status IN ('7','A','2') AND a.c_asigna=b.c_asigna  [1][0] OK
C:[26/04/2013 13:27:01.87][181.182.74.201][1646] SELECT MIN(semestre) FROM dace006 a, tblaca009 b WHERE a.exp_e='10-21247659' AND a.lapso='2013-1' AND b.pensum='5' AND b.c_uni_ca='6' AND status IN ('7','A','2') AND a.c_asigna=b.c_asigna AND a.c_asigna IN ('300313') [1][0] OK
C:[26/04/2013 13:38:20.81][190.37.253.189][1383] SELECT pre_cod_asig1,pre_cod_asig2,pre_cod_asig3,pre_cod_asig4,pre_cod_asig5,pre_cod_asig6,pre_cod_asig7 FROM tblaca009 WHERE pensum='5' AND c_uni_ca='2' AND c_asigna='300676' [1][0] OK
C:[26/04/2013 13:38:20.81][190.37.253.189][1383] SELECT pre_cod_asig1,pre_cod_asig2,pre_cod_asig3,pre_cod_asig4,pre_cod_asig5,pre_cod_asig6,pre_cod_asig7 FROM tblaca009 WHERE pensum='5' AND c_uni_ca='2' AND c_asigna='322827' [1][0] OK
C:[26/04/2013 13:38:20.81][190.37.253.189][1396] SELECT c_asigna FROM dace004 WHERE exp_e='10-20077465' AND c_asigna='322703' AND status IN ('0','3','B') [1][0] OK
C:[26/04/2013 13:38:20.81][190.37.253.189][1396] SELECT c_asigna FROM dace004 WHERE exp_e='10-20077465' AND c_asigna='322782' AND status IN ('0','3','B') [1][0] OK
C:[26/04/2013 13:38:20.81][190.37.253.189][1396] SELECT c_asigna FROM dace004 WHERE exp_e='10-20077465' AND c_asigna='322449' AND status IN ('0','3','B') [1][0] OK
C:[26/04/2013 13:38:20.81][190.37.253.189][1383] SELECT pre_cod_asig1,pre_cod_asig2,pre_cod_asig3,pre_cod_asig4,pre_cod_asig5,pre_cod_asig6,pre_cod_asig7 FROM tblaca009 WHERE pensum='5' AND c_uni_ca='2' AND c_asigna='324862' [1][0] OK
C:[26/04/2013 13:38:20.81][190.37.253.189][1383] SELECT pre_cod_asig1,pre_cod_asig2,pre_cod_asig3,pre_cod_asig4,pre_cod_asig5,pre_cod_asig6,pre_cod_asig7 FROM tblaca009 WHERE pensum='5' AND c_uni_ca='2' AND c_asigna='322702' [1][0] OK
C:[26/04/2013 13:38:20.81][190.37.253.189][1396] SELECT c_asigna FROM dace004 WHERE exp_e='10-20077465' AND c_asigna='322683' AND status IN ('0','3','B') [1][0] OK
C:[26/04/2013 13:38:20.81][190.37.253.189][1396] SELECT c_asigna FROM dace004 WHERE exp_e='10-20077465' AND c_asigna='300313' AND status IN ('0','3','B') [1][0] OK
C:[26/04/2013 13:38:20.19][190.37.253.189][1427] SELECT par_cod_asig1,par_cod_asig2,par_cod_asig3 FROM tblaca009 WHERE pensum='5' AND c_uni_ca='2' AND c_asigna='300676' [1][0] OK
C:[26/04/2013 13:38:20.19][190.37.253.189][1427] SELECT par_cod_asig1,par_cod_asig2,par_cod_asig3 FROM tblaca009 WHERE pensum='5' AND c_uni_ca='2' AND c_asigna='322827' [1][0] OK
C:[26/04/2013 13:38:20.19][190.37.253.189][1427] SELECT par_cod_asig1,par_cod_asig2,par_cod_asig3 FROM tblaca009 WHERE pensum='5' AND c_uni_ca='2' AND c_asigna='324862' [1][0] OK
C:[26/04/2013 13:38:20.19][190.37.253.189][1427] SELECT par_cod_asig1,par_cod_asig2,par_cod_asig3 FROM tblaca009 WHERE pensum='5' AND c_uni_ca='2' AND c_asigna='322702' [1][0] OK
C:[26/04/2013 13:38:20.69][190.37.253.189][1557] SELECT horas_lab FROM tblaca008 WHERE c_asigna='300676' AND horas_teoricas > 0 [1][0] OK
C:[26/04/2013 13:38:20.80][190.37.253.189][1591] SELECT sum(u_creditos*1) FROM dace006 a, tblaca009 b WHERE a.exp_e='10-20077465' AND a.lapso='2013-1' AND b.pensum='5' AND b.c_uni_ca='2' AND status IN ('7','A','2') AND a.c_asigna=b.c_asigna  [1][0] OK
C:[26/04/2013 13:38:20.74][190.37.253.189][1610] SELECT sum(u_creditos*1) FROM dace006 a, tblaca009 b WHERE a.exp_e='10-20077465' AND a.lapso='2013-1' AND b.pensum='5' AND b.c_uni_ca='2' AND status IN ('7','A','2') AND a.c_asigna=b.c_asigna AND a.c_asigna IN ('322827','324862','322702') [1][0] OK
C:[26/04/2013 13:38:20.11][190.37.253.189][1626] SELECT MAX(semestre) FROM dace006 a, tblaca009 b WHERE a.exp_e='10-20077465' AND a.lapso='2013-1' AND b.pensum='5' AND b.c_uni_ca='2' AND status IN ('7','A','2') AND a.c_asigna=b.c_asigna  [1][0] OK
C:[26/04/2013 13:38:21.05][190.37.253.189][1646] SELECT MIN(semestre) FROM dace006 a, tblaca009 b WHERE a.exp_e='10-20077465' AND a.lapso='2013-1' AND b.pensum='5' AND b.c_uni_ca='2' AND status IN ('7','A','2') AND a.c_asigna=b.c_asigna AND a.c_asigna IN ('300676') [1][0] OK
C:[26/04/2013 14:12:37.69][201.249.229.2][1383] SELECT pre_cod_asig1,pre_cod_asig2,pre_cod_asig3,pre_cod_asig4,pre_cod_asig5,pre_cod_asig6,pre_cod_asig7 FROM tblaca009 WHERE pensum='5' AND c_uni_ca='5' AND c_asigna='351451' [1][0] OK
C:[26/04/2013 14:12:37.69][201.249.229.2][1396] SELECT c_asigna FROM dace004 WHERE exp_e='11-19718005' AND c_asigna='351330' AND status IN ('0','3','B') [1][0] OK
C:[26/04/2013 14:12:37.69][201.249.229.2][1396] SELECT c_asigna FROM dace004 WHERE exp_e='11-19718005' AND c_asigna='355350' AND status IN ('0','3','B') [1][0] OK
C:[26/04/2013 14:12:37.69][201.249.229.2][1396] SELECT c_asigna FROM dace004 WHERE exp_e='11-19718005' AND c_asigna='300318' AND status IN ('0','3','B') [1][0] OK
C:[26/04/2013 14:12:37.69][201.249.229.2][1396] SELECT c_asigna FROM dace004 WHERE exp_e='11-19718005' AND c_asigna='300209' AND status IN ('0','3','B') [1][0] OK
C:[26/04/2013 14:12:37.69][201.249.229.2][1396] SELECT c_asigna FROM dace004 WHERE exp_e='11-19718005' AND c_asigna='300222' AND status IN ('0','3','B') [1][0] OK
C:[26/04/2013 14:12:37.69][201.249.229.2][1383] SELECT pre_cod_asig1,pre_cod_asig2,pre_cod_asig3,pre_cod_asig4,pre_cod_asig5,pre_cod_asig6,pre_cod_asig7 FROM tblaca009 WHERE pensum='5' AND c_uni_ca='5' AND c_asigna='300422' [1][0] OK
C:[26/04/2013 14:12:37.69][201.249.229.2][1396] SELECT c_asigna FROM dace004 WHERE exp_e='11-19718005' AND c_asigna='300105' AND status IN ('0','3','B') [1][0] OK
C:[26/04/2013 14:12:37.69][201.249.229.2][1396] SELECT c_asigna FROM dace004 WHERE exp_e='11-19718005' AND c_asigna='300314' AND status IN ('0','3','B') [1][0] OK
C:[26/04/2013 14:12:37.69][201.249.229.2][1383] SELECT pre_cod_asig1,pre_cod_asig2,pre_cod_asig3,pre_cod_asig4,pre_cod_asig5,pre_cod_asig6,pre_cod_asig7 FROM tblaca009 WHERE pensum='5' AND c_uni_ca='5' AND c_asigna='355448' [1][0] OK
C:[26/04/2013 14:12:37.69][201.249.229.2][1396] SELECT c_asigna FROM dace004 WHERE exp_e='11-19718005' AND c_asigna='300313' AND status IN ('0','3','B') [1][0] OK
C:[26/04/2013 14:12:37.69][201.249.229.2][1396] SELECT c_asigna FROM dace004 WHERE exp_e='11-19718005' AND c_asigna='300209' AND status IN ('0','3','B') [1][0] OK
C:[26/04/2013 14:12:37.69][201.249.229.2][1396] SELECT c_asigna FROM dace004 WHERE exp_e='11-19718005' AND c_asigna='300226' AND status IN ('0','3','B') [1][0] OK
C:[26/04/2013 14:12:37.69][201.249.229.2][1396] SELECT c_asigna FROM dace004 WHERE exp_e='11-19718005' AND c_asigna='300222' AND status IN ('0','3','B') [1][0] OK
C:[26/04/2013 14:12:37.69][201.249.229.2][1383] SELECT pre_cod_asig1,pre_cod_asig2,pre_cod_asig3,pre_cod_asig4,pre_cod_asig5,pre_cod_asig6,pre_cod_asig7 FROM tblaca009 WHERE pensum='5' AND c_uni_ca='5' AND c_asigna='352440' [1][0] OK
C:[26/04/2013 14:12:37.69][201.249.229.2][1396] SELECT c_asigna FROM dace004 WHERE exp_e='11-19718005' AND c_asigna='300317' AND status IN ('0','3','B') [1][0] OK
C:[26/04/2013 14:12:37.69][201.249.229.2][1396] SELECT c_asigna FROM dace004 WHERE exp_e='11-19718005' AND c_asigna='300013' AND status IN ('0','3','B') [1][0] OK
C:[26/04/2013 14:12:37.69][201.249.229.2][1396] SELECT c_asigna FROM dace004 WHERE exp_e='11-19718005' AND c_asigna='300113' AND status IN ('0','3','B') [1][0] OK
C:[26/04/2013 14:12:37.69][201.249.229.2][1383] SELECT pre_cod_asig1,pre_cod_asig2,pre_cod_asig3,pre_cod_asig4,pre_cod_asig5,pre_cod_asig6,pre_cod_asig7 FROM tblaca009 WHERE pensum='5' AND c_uni_ca='5' AND c_asigna='355572' [1][0] OK
C:[26/04/2013 14:12:37.69][201.249.229.2][1396] SELECT c_asigna FROM dace004 WHERE exp_e='11-19718005' AND c_asigna='300428' AND status IN ('0','3','B') [1][0] OK
C:[26/04/2013 14:12:38.25][201.249.229.2][1427] SELECT par_cod_asig1,par_cod_asig2,par_cod_asig3 FROM tblaca009 WHERE pensum='5' AND c_uni_ca='5' AND c_asigna='351451' [1][0] OK
C:[26/04/2013 14:12:38.25][201.249.229.2][1427] SELECT par_cod_asig1,par_cod_asig2,par_cod_asig3 FROM tblaca009 WHERE pensum='5' AND c_uni_ca='5' AND c_asigna='300422' [1][0] OK
C:[26/04/2013 14:12:38.25][201.249.229.2][1427] SELECT par_cod_asig1,par_cod_asig2,par_cod_asig3 FROM tblaca009 WHERE pensum='5' AND c_uni_ca='5' AND c_asigna='355448' [1][0] OK
C:[26/04/2013 14:12:38.25][201.249.229.2][1427] SELECT par_cod_asig1,par_cod_asig2,par_cod_asig3 FROM tblaca009 WHERE pensum='5' AND c_uni_ca='5' AND c_asigna='352440' [1][0] OK
C:[26/04/2013 14:12:38.25][201.249.229.2][1427] SELECT par_cod_asig1,par_cod_asig2,par_cod_asig3 FROM tblaca009 WHERE pensum='5' AND c_uni_ca='5' AND c_asigna='355572' [1][0] OK
C:[26/04/2013 14:12:38.88][201.249.229.2][1557] SELECT horas_lab FROM tblaca008 WHERE c_asigna='351451' AND horas_teoricas > 0 [1][0] OK
C:[26/04/2013 14:12:38.99][201.249.229.2][1591] SELECT sum(u_creditos*1) FROM dace006 a, tblaca009 b WHERE a.exp_e='11-19718005' AND a.lapso='2013-1' AND b.pensum='5' AND b.c_uni_ca='5' AND status IN ('7','A','2') AND a.c_asigna=b.c_asigna  [1][0] OK
C:[26/04/2013 14:12:39.62][201.249.229.2][1610] SELECT sum(u_creditos*1) FROM dace006 a, tblaca009 b WHERE a.exp_e='11-19718005' AND a.lapso='2013-1' AND b.pensum='5' AND b.c_uni_ca='5' AND status IN ('7','A','2') AND a.c_asigna=b.c_asigna AND a.c_asigna IN ('300422','355448','352440','355572') [1][0] OK
C:[26/04/2013 14:12:39.11][201.249.229.2][1626] SELECT MAX(semestre) FROM dace006 a, tblaca009 b WHERE a.exp_e='11-19718005' AND a.lapso='2013-1' AND b.pensum='5' AND b.c_uni_ca='5' AND status IN ('7','A','2') AND a.c_asigna=b.c_asigna  [1][0] OK
C:[26/04/2013 14:12:39.18][201.249.229.2][1646] SELECT MIN(semestre) FROM dace006 a, tblaca009 b WHERE a.exp_e='11-19718005' AND a.lapso='2013-1' AND b.pensum='5' AND b.c_uni_ca='5' AND status IN ('7','A','2') AND a.c_asigna=b.c_asigna AND a.c_asigna IN ('351451') [1][0] OK
C:[26/04/2013 14:13:15.76][201.249.229.2][1383] SELECT pre_cod_asig1,pre_cod_asig2,pre_cod_asig3,pre_cod_asig4,pre_cod_asig5,pre_cod_asig6,pre_cod_asig7 FROM tblaca009 WHERE pensum='5' AND c_uni_ca='5' AND c_asigna='355448' [1][0] OK
C:[26/04/2013 14:13:15.76][201.249.229.2][1396] SELECT c_asigna FROM dace004 WHERE exp_e='11-19718005' AND c_asigna='300313' AND status IN ('0','3','B') [1][0] OK
C:[26/04/2013 14:13:15.76][201.249.229.2][1396] SELECT c_asigna FROM dace004 WHERE exp_e='11-19718005' AND c_asigna='300209' AND status IN ('0','3','B') [1][0] OK
C:[26/04/2013 14:13:15.76][201.249.229.2][1396] SELECT c_asigna FROM dace004 WHERE exp_e='11-19718005' AND c_asigna='300226' AND status IN ('0','3','B') [1][0] OK
C:[26/04/2013 14:13:15.76][201.249.229.2][1396] SELECT c_asigna FROM dace004 WHERE exp_e='11-19718005' AND c_asigna='300222' AND status IN ('0','3','B') [1][0] OK
C:[26/04/2013 14:13:15.76][201.249.229.2][1383] SELECT pre_cod_asig1,pre_cod_asig2,pre_cod_asig3,pre_cod_asig4,pre_cod_asig5,pre_cod_asig6,pre_cod_asig7 FROM tblaca009 WHERE pensum='5' AND c_uni_ca='5' AND c_asigna='300422' [1][0] OK
C:[26/04/2013 14:13:15.76][201.249.229.2][1396] SELECT c_asigna FROM dace004 WHERE exp_e='11-19718005' AND c_asigna='300105' AND status IN ('0','3','B') [1][0] OK
C:[26/04/2013 14:13:15.76][201.249.229.2][1396] SELECT c_asigna FROM dace004 WHERE exp_e='11-19718005' AND c_asigna='300314' AND status IN ('0','3','B') [1][0] OK
C:[26/04/2013 14:13:15.76][201.249.229.2][1383] SELECT pre_cod_asig1,pre_cod_asig2,pre_cod_asig3,pre_cod_asig4,pre_cod_asig5,pre_cod_asig6,pre_cod_asig7 FROM tblaca009 WHERE pensum='5' AND c_uni_ca='5' AND c_asigna='351451' [1][0] OK
C:[26/04/2013 14:13:15.76][201.249.229.2][1396] SELECT c_asigna FROM dace004 WHERE exp_e='11-19718005' AND c_asigna='351330' AND status IN ('0','3','B') [1][0] OK
C:[26/04/2013 14:13:15.76][201.249.229.2][1396] SELECT c_asigna FROM dace004 WHERE exp_e='11-19718005' AND c_asigna='355350' AND status IN ('0','3','B') [1][0] OK
C:[26/04/2013 14:13:15.76][201.249.229.2][1396] SELECT c_asigna FROM dace004 WHERE exp_e='11-19718005' AND c_asigna='300318' AND status IN ('0','3','B') [1][0] OK
C:[26/04/2013 14:13:15.76][201.249.229.2][1396] SELECT c_asigna FROM dace004 WHERE exp_e='11-19718005' AND c_asigna='300209' AND status IN ('0','3','B') [1][0] OK
C:[26/04/2013 14:13:15.76][201.249.229.2][1396] SELECT c_asigna FROM dace004 WHERE exp_e='11-19718005' AND c_asigna='300222' AND status IN ('0','3','B') [1][0] OK
C:[26/04/2013 14:13:15.76][201.249.229.2][1383] SELECT pre_cod_asig1,pre_cod_asig2,pre_cod_asig3,pre_cod_asig4,pre_cod_asig5,pre_cod_asig6,pre_cod_asig7 FROM tblaca009 WHERE pensum='5' AND c_uni_ca='5' AND c_asigna='352440' [1][0] OK
C:[26/04/2013 14:13:15.76][201.249.229.2][1396] SELECT c_asigna FROM dace004 WHERE exp_e='11-19718005' AND c_asigna='300317' AND status IN ('0','3','B') [1][0] OK
C:[26/04/2013 14:13:15.76][201.249.229.2][1396] SELECT c_asigna FROM dace004 WHERE exp_e='11-19718005' AND c_asigna='300013' AND status IN ('0','3','B') [1][0] OK
C:[26/04/2013 14:13:15.76][201.249.229.2][1396] SELECT c_asigna FROM dace004 WHERE exp_e='11-19718005' AND c_asigna='300113' AND status IN ('0','3','B') [1][0] OK
C:[26/04/2013 14:13:15.76][201.249.229.2][1383] SELECT pre_cod_asig1,pre_cod_asig2,pre_cod_asig3,pre_cod_asig4,pre_cod_asig5,pre_cod_asig6,pre_cod_asig7 FROM tblaca009 WHERE pensum='5' AND c_uni_ca='5' AND c_asigna='355572' [1][0] OK
C:[26/04/2013 14:13:15.76][201.249.229.2][1396] SELECT c_asigna FROM dace004 WHERE exp_e='11-19718005' AND c_asigna='300428' AND status IN ('0','3','B') [1][0] OK
C:[26/04/2013 14:13:16.26][201.249.229.2][1427] SELECT par_cod_asig1,par_cod_asig2,par_cod_asig3 FROM tblaca009 WHERE pensum='5' AND c_uni_ca='5' AND c_asigna='355448' [1][0] OK
C:[26/04/2013 14:13:16.26][201.249.229.2][1427] SELECT par_cod_asig1,par_cod_asig2,par_cod_asig3 FROM tblaca009 WHERE pensum='5' AND c_uni_ca='5' AND c_asigna='300422' [1][0] OK
C:[26/04/2013 14:13:16.26][201.249.229.2][1427] SELECT par_cod_asig1,par_cod_asig2,par_cod_asig3 FROM tblaca009 WHERE pensum='5' AND c_uni_ca='5' AND c_asigna='351451' [1][0] OK
C:[26/04/2013 14:13:16.26][201.249.229.2][1427] SELECT par_cod_asig1,par_cod_asig2,par_cod_asig3 FROM tblaca009 WHERE pensum='5' AND c_uni_ca='5' AND c_asigna='352440' [1][0] OK
C:[26/04/2013 14:13:16.26][201.249.229.2][1427] SELECT par_cod_asig1,par_cod_asig2,par_cod_asig3 FROM tblaca009 WHERE pensum='5' AND c_uni_ca='5' AND c_asigna='355572' [1][0] OK
C:[26/04/2013 14:13:16.90][201.249.229.2][1557] SELECT horas_lab FROM tblaca008 WHERE c_asigna='355448' AND horas_teoricas > 0 [1][0] OK
C:[26/04/2013 14:13:16.01][201.249.229.2][1591] SELECT sum(u_creditos*1) FROM dace006 a, tblaca009 b WHERE a.exp_e='11-19718005' AND a.lapso='2013-1' AND b.pensum='5' AND b.c_uni_ca='5' AND status IN ('7','A','2') AND a.c_asigna=b.c_asigna  [1][0] OK
C:[26/04/2013 14:13:16.64][201.249.229.2][1610] SELECT sum(u_creditos*1) FROM dace006 a, tblaca009 b WHERE a.exp_e='11-19718005' AND a.lapso='2013-1' AND b.pensum='5' AND b.c_uni_ca='5' AND status IN ('7','A','2') AND a.c_asigna=b.c_asigna AND a.c_asigna IN ('300422','351451','352440','355572') [1][0] OK
C:[26/04/2013 14:13:17.69][201.249.229.2][1626] SELECT MAX(semestre) FROM dace006 a, tblaca009 b WHERE a.exp_e='11-19718005' AND a.lapso='2013-1' AND b.pensum='5' AND b.c_uni_ca='5' AND status IN ('7','A','2') AND a.c_asigna=b.c_asigna  [1][0] OK
C:[26/04/2013 14:13:17.66][201.249.229.2][1646] SELECT MIN(semestre) FROM dace006 a, tblaca009 b WHERE a.exp_e='11-19718005' AND a.lapso='2013-1' AND b.pensum='5' AND b.c_uni_ca='5' AND status IN ('7','A','2') AND a.c_asigna=b.c_asigna AND a.c_asigna IN ('355448') [1][0] OK
C:[26/04/2013 15:09:36.09][186.90.56.65][1383] SELECT pre_cod_asig1,pre_cod_asig2,pre_cod_asig3,pre_cod_asig4,pre_cod_asig5,pre_cod_asig6,pre_cod_asig7 FROM tblaca009 WHERE pensum='5' AND c_uni_ca='2' AND c_asigna='300314' [1][0] OK
C:[26/04/2013 15:09:36.09][186.90.56.65][1396] SELECT c_asigna FROM dace004 WHERE exp_e='12-24179296' AND c_asigna='300106' AND status IN ('0','3','B') [1][0] OK
C:[26/04/2013 15:09:36.09][186.90.56.65][1383] SELECT pre_cod_asig1,pre_cod_asig2,pre_cod_asig3,pre_cod_asig4,pre_cod_asig5,pre_cod_asig6,pre_cod_asig7 FROM tblaca009 WHERE pensum='5' AND c_uni_ca='2' AND c_asigna='300013' [1][0] OK
C:[26/04/2013 15:09:36.09][186.90.56.65][1383] SELECT pre_cod_asig1,pre_cod_asig2,pre_cod_asig3,pre_cod_asig4,pre_cod_asig5,pre_cod_asig6,pre_cod_asig7 FROM tblaca009 WHERE pensum='5' AND c_uni_ca='2' AND c_asigna='300101' [1][0] OK
C:[26/04/2013 15:09:36.09][186.90.56.65][1383] SELECT pre_cod_asig1,pre_cod_asig2,pre_cod_asig3,pre_cod_asig4,pre_cod_asig5,pre_cod_asig6,pre_cod_asig7 FROM tblaca009 WHERE pensum='5' AND c_uni_ca='2' AND c_asigna='300112' [1][0] OK
C:[26/04/2013 15:09:36.09][186.90.56.65][1383] SELECT pre_cod_asig1,pre_cod_asig2,pre_cod_asig3,pre_cod_asig4,pre_cod_asig5,pre_cod_asig6,pre_cod_asig7 FROM tblaca009 WHERE pensum='5' AND c_uni_ca='2' AND c_asigna='300226' [1][0] OK
C:[26/04/2013 15:09:36.09][186.90.56.65][1396] SELECT c_asigna FROM dace004 WHERE exp_e='12-24179296' AND c_asigna='300116' AND status IN ('0','3','B') [1][0] OK
C:[26/04/2013 15:09:37.46][186.90.56.65][1427] SELECT par_cod_asig1,par_cod_asig2,par_cod_asig3 FROM tblaca009 WHERE pensum='5' AND c_uni_ca='2' AND c_asigna='300314' [1][0] OK
C:[26/04/2013 15:09:37.46][186.90.56.65][1427] SELECT par_cod_asig1,par_cod_asig2,par_cod_asig3 FROM tblaca009 WHERE pensum='5' AND c_uni_ca='2' AND c_asigna='300013' [1][0] OK
C:[26/04/2013 15:09:37.46][186.90.56.65][1427] SELECT par_cod_asig1,par_cod_asig2,par_cod_asig3 FROM tblaca009 WHERE pensum='5' AND c_uni_ca='2' AND c_asigna='300101' [1][0] OK
C:[26/04/2013 15:09:37.46][186.90.56.65][1427] SELECT par_cod_asig1,par_cod_asig2,par_cod_asig3 FROM tblaca009 WHERE pensum='5' AND c_uni_ca='2' AND c_asigna='300112' [1][0] OK
C:[26/04/2013 15:09:37.46][186.90.56.65][1427] SELECT par_cod_asig1,par_cod_asig2,par_cod_asig3 FROM tblaca009 WHERE pensum='5' AND c_uni_ca='2' AND c_asigna='300226' [1][0] OK
C:[26/04/2013 15:09:37.10][186.90.56.65][1557] SELECT horas_lab FROM tblaca008 WHERE c_asigna='300314' AND horas_teoricas > 0 [0][0] OK
C:[26/04/2013 15:09:37.21][186.90.56.65][1591] SELECT sum(u_creditos*1) FROM dace006 a, tblaca009 b WHERE a.exp_e='12-24179296' AND a.lapso='2013-1' AND b.pensum='5' AND b.c_uni_ca='2' AND status IN ('7','A','2') AND a.c_asigna=b.c_asigna  [1][0] OK
C:[26/04/2013 15:09:37.15][186.90.56.65][1610] SELECT sum(u_creditos*1) FROM dace006 a, tblaca009 b WHERE a.exp_e='12-24179296' AND a.lapso='2013-1' AND b.pensum='5' AND b.c_uni_ca='2' AND status IN ('7','A','2') AND a.c_asigna=b.c_asigna AND a.c_asigna IN ('300013','300101','300112','300226') [1][0] OK
C:[26/04/2013 15:09:37.08][186.90.56.65][1626] SELECT MAX(semestre) FROM dace006 a, tblaca009 b WHERE a.exp_e='12-24179296' AND a.lapso='2013-1' AND b.pensum='5' AND b.c_uni_ca='2' AND status IN ('7','A','2') AND a.c_asigna=b.c_asigna  [1][0] OK
C:[26/04/2013 15:09:37.02][186.90.56.65][1646] SELECT MIN(semestre) FROM dace006 a, tblaca009 b WHERE a.exp_e='12-24179296' AND a.lapso='2013-1' AND b.pensum='5' AND b.c_uni_ca='2' AND status IN ('7','A','2') AND a.c_asigna=b.c_asigna AND a.c_asigna IN ('300314') [1][0] OK
C:[26/04/2013 15:11:32.15][186.90.56.65][1383] SELECT pre_cod_asig1,pre_cod_asig2,pre_cod_asig3,pre_cod_asig4,pre_cod_asig5,pre_cod_asig6,pre_cod_asig7 FROM tblaca009 WHERE pensum='5' AND c_uni_ca='6' AND c_asigna='300314' [1][0] OK
C:[26/04/2013 15:11:32.15][186.90.56.65][1396] SELECT c_asigna FROM dace004 WHERE exp_e='12-22818453' AND c_asigna='300106' AND status IN ('0','3','B') [1][0] OK
C:[26/04/2013 15:11:32.15][186.90.56.65][1383] SELECT pre_cod_asig1,pre_cod_asig2,pre_cod_asig3,pre_cod_asig4,pre_cod_asig5,pre_cod_asig6,pre_cod_asig7 FROM tblaca009 WHERE pensum='5' AND c_uni_ca='6' AND c_asigna='300013' [1][0] OK
C:[26/04/2013 15:11:32.15][186.90.56.65][1383] SELECT pre_cod_asig1,pre_cod_asig2,pre_cod_asig3,pre_cod_asig4,pre_cod_asig5,pre_cod_asig6,pre_cod_asig7 FROM tblaca009 WHERE pensum='5' AND c_uni_ca='6' AND c_asigna='300101' [1][0] OK
C:[26/04/2013 15:11:32.15][186.90.56.65][1383] SELECT pre_cod_asig1,pre_cod_asig2,pre_cod_asig3,pre_cod_asig4,pre_cod_asig5,pre_cod_asig6,pre_cod_asig7 FROM tblaca009 WHERE pensum='5' AND c_uni_ca='6' AND c_asigna='300112' [1][0] OK
C:[26/04/2013 15:11:32.15][186.90.56.65][1383] SELECT pre_cod_asig1,pre_cod_asig2,pre_cod_asig3,pre_cod_asig4,pre_cod_asig5,pre_cod_asig6,pre_cod_asig7 FROM tblaca009 WHERE pensum='5' AND c_uni_ca='6' AND c_asigna='300116' [1][0] OK
C:[26/04/2013 15:11:32.89][186.90.56.65][1427] SELECT par_cod_asig1,par_cod_asig2,par_cod_asig3 FROM tblaca009 WHERE pensum='5' AND c_uni_ca='6' AND c_asigna='300314' [1][0] OK
C:[26/04/2013 15:11:32.89][186.90.56.65][1427] SELECT par_cod_asig1,par_cod_asig2,par_cod_asig3 FROM tblaca009 WHERE pensum='5' AND c_uni_ca='6' AND c_asigna='300013' [1][0] OK
C:[26/04/2013 15:11:32.89][186.90.56.65][1427] SELECT par_cod_asig1,par_cod_asig2,par_cod_asig3 FROM tblaca009 WHERE pensum='5' AND c_uni_ca='6' AND c_asigna='300101' [1][0] OK
C:[26/04/2013 15:11:32.89][186.90.56.65][1427] SELECT par_cod_asig1,par_cod_asig2,par_cod_asig3 FROM tblaca009 WHERE pensum='5' AND c_uni_ca='6' AND c_asigna='300112' [1][0] OK
C:[26/04/2013 15:11:32.89][186.90.56.65][1427] SELECT par_cod_asig1,par_cod_asig2,par_cod_asig3 FROM tblaca009 WHERE pensum='5' AND c_uni_ca='6' AND c_asigna='300116' [1][0] OK
C:[26/04/2013 15:11:32.53][186.90.56.65][1557] SELECT horas_lab FROM tblaca008 WHERE c_asigna='300314' AND horas_teoricas > 0 [0][0] OK
C:[26/04/2013 15:11:32.64][186.90.56.65][1591] SELECT sum(u_creditos*1) FROM dace006 a, tblaca009 b WHERE a.exp_e='12-22818453' AND a.lapso='2013-1' AND b.pensum='5' AND b.c_uni_ca='6' AND status IN ('7','A','2') AND a.c_asigna=b.c_asigna  [1][0] OK
C:[26/04/2013 15:11:32.70][186.90.56.65][1610] SELECT sum(u_creditos*1) FROM dace006 a, tblaca009 b WHERE a.exp_e='12-22818453' AND a.lapso='2013-1' AND b.pensum='5' AND b.c_uni_ca='6' AND status IN ('7','A','2') AND a.c_asigna=b.c_asigna AND a.c_asigna IN ('300013','300101','300112','300116') [1][0] OK
C:[26/04/2013 15:11:32.07][186.90.56.65][1626] SELECT MAX(semestre) FROM dace006 a, tblaca009 b WHERE a.exp_e='12-22818453' AND a.lapso='2013-1' AND b.pensum='5' AND b.c_uni_ca='6' AND status IN ('7','A','2') AND a.c_asigna=b.c_asigna  [1][0] OK
C:[26/04/2013 15:11:33.26][186.90.56.65][1646] SELECT MIN(semestre) FROM dace006 a, tblaca009 b WHERE a.exp_e='12-22818453' AND a.lapso='2013-1' AND b.pensum='5' AND b.c_uni_ca='6' AND status IN ('7','A','2') AND a.c_asigna=b.c_asigna AND a.c_asigna IN ('300314') [1][0] OK
C:[26/04/2013 15:37:33.52][186.94.81.124][1383] SELECT pre_cod_asig1,pre_cod_asig2,pre_cod_asig3,pre_cod_asig4,pre_cod_asig5,pre_cod_asig6,pre_cod_asig7 FROM tblaca009 WHERE pensum='5' AND c_uni_ca='5' AND c_asigna='300428' [1][0] OK
C:[26/04/2013 15:37:33.52][186.94.81.124][1396] SELECT c_asigna FROM dace004 WHERE exp_e='12-18246311' AND c_asigna='300317' AND status IN ('0','3','B') [1][0] OK
C:[26/04/2013 15:37:33.52][186.94.81.124][1396] SELECT c_asigna FROM dace004 WHERE exp_e='12-18246311' AND c_asigna='300209' AND status IN ('0','3','B') [1][0] OK
C:[26/04/2013 15:37:33.52][186.94.81.124][1383] SELECT pre_cod_asig1,pre_cod_asig2,pre_cod_asig3,pre_cod_asig4,pre_cod_asig5,pre_cod_asig6,pre_cod_asig7 FROM tblaca009 WHERE pensum='5' AND c_uni_ca='5' AND c_asigna='355350' [1][0] OK
C:[26/04/2013 15:37:33.52][186.94.81.124][1396] SELECT c_asigna FROM dace004 WHERE exp_e='12-18246311' AND c_asigna='300207' AND status IN ('0','3','B') [1][0] OK
C:[26/04/2013 15:37:33.52][186.94.81.124][1396] SELECT c_asigna FROM dace004 WHERE exp_e='12-18246311' AND c_asigna='300228' AND status IN ('0','3','B') [1][0] OK
C:[26/04/2013 15:37:33.52][186.94.81.124][1383] SELECT pre_cod_asig1,pre_cod_asig2,pre_cod_asig3,pre_cod_asig4,pre_cod_asig5,pre_cod_asig6,pre_cod_asig7 FROM tblaca009 WHERE pensum='5' AND c_uni_ca='5' AND c_asigna='355448' [1][0] OK
C:[26/04/2013 15:37:33.52][186.94.81.124][1396] SELECT c_asigna FROM dace004 WHERE exp_e='12-18246311' AND c_asigna='300313' AND status IN ('0','3','B') [1][0] OK
C:[26/04/2013 15:37:33.52][186.94.81.124][1396] SELECT c_asigna FROM dace004 WHERE exp_e='12-18246311' AND c_asigna='300209' AND status IN ('0','3','B') [1][0] OK
C:[26/04/2013 15:37:33.52][186.94.81.124][1396] SELECT c_asigna FROM dace004 WHERE exp_e='12-18246311' AND c_asigna='300226' AND status IN ('0','3','B') [1][0] OK
C:[26/04/2013 15:37:33.52][186.94.81.124][1396] SELECT c_asigna FROM dace004 WHERE exp_e='12-18246311' AND c_asigna='300222' AND status IN ('0','3','B') [1][0] OK
C:[26/04/2013 15:37:33.52][186.94.81.124][1383] SELECT pre_cod_asig1,pre_cod_asig2,pre_cod_asig3,pre_cod_asig4,pre_cod_asig5,pre_cod_asig6,pre_cod_asig7 FROM tblaca009 WHERE pensum='5' AND c_uni_ca='5' AND c_asigna='352440' [1][0] OK
C:[26/04/2013 15:37:33.52][186.94.81.124][1396] SELECT c_asigna FROM dace004 WHERE exp_e='12-18246311' AND c_asigna='300317' AND status IN ('0','3','B') [1][0] OK
C:[26/04/2013 15:37:33.52][186.94.81.124][1396] SELECT c_asigna FROM dace004 WHERE exp_e='12-18246311' AND c_asigna='300013' AND status IN ('0','3','B') [1][0] OK
C:[26/04/2013 15:37:33.52][186.94.81.124][1396] SELECT c_asigna FROM dace004 WHERE exp_e='12-18246311' AND c_asigna='300113' AND status IN ('0','3','B') [1][0] OK
C:[26/04/2013 15:37:33.39][186.94.81.124][1427] SELECT par_cod_asig1,par_cod_asig2,par_cod_asig3 FROM tblaca009 WHERE pensum='5' AND c_uni_ca='5' AND c_asigna='300428' [1][0] OK
C:[26/04/2013 15:37:33.39][186.94.81.124][1427] SELECT par_cod_asig1,par_cod_asig2,par_cod_asig3 FROM tblaca009 WHERE pensum='5' AND c_uni_ca='5' AND c_asigna='355350' [1][0] OK
C:[26/04/2013 15:37:33.39][186.94.81.124][1427] SELECT par_cod_asig1,par_cod_asig2,par_cod_asig3 FROM tblaca009 WHERE pensum='5' AND c_uni_ca='5' AND c_asigna='355448' [1][0] OK
C:[26/04/2013 15:37:33.39][186.94.81.124][1427] SELECT par_cod_asig1,par_cod_asig2,par_cod_asig3 FROM tblaca009 WHERE pensum='5' AND c_uni_ca='5' AND c_asigna='352440' [1][0] OK
C:[26/04/2013 15:37:33.90][186.94.81.124][1557] SELECT horas_lab FROM tblaca008 WHERE c_asigna='300428' AND horas_teoricas > 0 [1][0] OK
C:[26/04/2013 15:37:33.01][186.94.81.124][1591] SELECT sum(u_creditos*1) FROM dace006 a, tblaca009 b WHERE a.exp_e='12-18246311' AND a.lapso='2013-1' AND b.pensum='5' AND b.c_uni_ca='5' AND status IN ('7','A','2') AND a.c_asigna=b.c_asigna  [1][0] OK
C:[26/04/2013 15:37:33.95][186.94.81.124][1610] SELECT sum(u_creditos*1) FROM dace006 a, tblaca009 b WHERE a.exp_e='12-18246311' AND a.lapso='2013-1' AND b.pensum='5' AND b.c_uni_ca='5' AND status IN ('7','A','2') AND a.c_asigna=b.c_asigna AND a.c_asigna IN ('355350','355448','352440') [1][0] OK
C:[26/04/2013 15:37:34.89][186.94.81.124][1626] SELECT MAX(semestre) FROM dace006 a, tblaca009 b WHERE a.exp_e='12-18246311' AND a.lapso='2013-1' AND b.pensum='5' AND b.c_uni_ca='5' AND status IN ('7','A','2') AND a.c_asigna=b.c_asigna  [1][0] OK
C:[26/04/2013 15:37:34.82][186.94.81.124][1646] SELECT MIN(semestre) FROM dace006 a, tblaca009 b WHERE a.exp_e='12-18246311' AND a.lapso='2013-1' AND b.pensum='5' AND b.c_uni_ca='5' AND status IN ('7','A','2') AND a.c_asigna=b.c_asigna AND a.c_asigna IN ('300428') [1][0] OK
C:[26/04/2013 15:58:47.48][186.94.81.124][1383] SELECT pre_cod_asig1,pre_cod_asig2,pre_cod_asig3,pre_cod_asig4,pre_cod_asig5,pre_cod_asig6,pre_cod_asig7 FROM tblaca009 WHERE pensum='5' AND c_uni_ca='5' AND c_asigna='300428' [1][0] OK
C:[26/04/2013 15:58:47.48][186.94.81.124][1396] SELECT c_asigna FROM dace004 WHERE exp_e='12-18246311' AND c_asigna='300317' AND status IN ('0','3','B') [1][0] OK
C:[26/04/2013 15:58:47.48][186.94.81.124][1396] SELECT c_asigna FROM dace004 WHERE exp_e='12-18246311' AND c_asigna='300209' AND status IN ('0','3','B') [1][0] OK
C:[26/04/2013 15:58:47.48][186.94.81.124][1383] SELECT pre_cod_asig1,pre_cod_asig2,pre_cod_asig3,pre_cod_asig4,pre_cod_asig5,pre_cod_asig6,pre_cod_asig7 FROM tblaca009 WHERE pensum='5' AND c_uni_ca='5' AND c_asigna='352440' [1][0] OK
C:[26/04/2013 15:58:47.48][186.94.81.124][1396] SELECT c_asigna FROM dace004 WHERE exp_e='12-18246311' AND c_asigna='300317' AND status IN ('0','3','B') [1][0] OK
C:[26/04/2013 15:58:47.48][186.94.81.124][1396] SELECT c_asigna FROM dace004 WHERE exp_e='12-18246311' AND c_asigna='300013' AND status IN ('0','3','B') [1][0] OK
C:[26/04/2013 15:58:47.48][186.94.81.124][1396] SELECT c_asigna FROM dace004 WHERE exp_e='12-18246311' AND c_asigna='300113' AND status IN ('0','3','B') [1][0] OK
C:[26/04/2013 15:58:47.48][186.94.81.124][1383] SELECT pre_cod_asig1,pre_cod_asig2,pre_cod_asig3,pre_cod_asig4,pre_cod_asig5,pre_cod_asig6,pre_cod_asig7 FROM tblaca009 WHERE pensum='5' AND c_uni_ca='5' AND c_asigna='355350' [1][0] OK
C:[26/04/2013 15:58:47.48][186.94.81.124][1396] SELECT c_asigna FROM dace004 WHERE exp_e='12-18246311' AND c_asigna='300207' AND status IN ('0','3','B') [1][0] OK
C:[26/04/2013 15:58:47.48][186.94.81.124][1396] SELECT c_asigna FROM dace004 WHERE exp_e='12-18246311' AND c_asigna='300228' AND status IN ('0','3','B') [1][0] OK
C:[26/04/2013 15:58:47.48][186.94.81.124][1383] SELECT pre_cod_asig1,pre_cod_asig2,pre_cod_asig3,pre_cod_asig4,pre_cod_asig5,pre_cod_asig6,pre_cod_asig7 FROM tblaca009 WHERE pensum='5' AND c_uni_ca='5' AND c_asigna='355448' [1][0] OK
C:[26/04/2013 15:58:47.48][186.94.81.124][1396] SELECT c_asigna FROM dace004 WHERE exp_e='12-18246311' AND c_asigna='300313' AND status IN ('0','3','B') [1][0] OK
C:[26/04/2013 15:58:47.48][186.94.81.124][1396] SELECT c_asigna FROM dace004 WHERE exp_e='12-18246311' AND c_asigna='300209' AND status IN ('0','3','B') [1][0] OK
C:[26/04/2013 15:58:47.48][186.94.81.124][1396] SELECT c_asigna FROM dace004 WHERE exp_e='12-18246311' AND c_asigna='300226' AND status IN ('0','3','B') [1][0] OK
C:[26/04/2013 15:58:47.48][186.94.81.124][1396] SELECT c_asigna FROM dace004 WHERE exp_e='12-18246311' AND c_asigna='300222' AND status IN ('0','3','B') [1][0] OK
C:[26/04/2013 15:58:47.35][186.94.81.124][1427] SELECT par_cod_asig1,par_cod_asig2,par_cod_asig3 FROM tblaca009 WHERE pensum='5' AND c_uni_ca='5' AND c_asigna='300428' [1][0] OK
C:[26/04/2013 15:58:47.35][186.94.81.124][1427] SELECT par_cod_asig1,par_cod_asig2,par_cod_asig3 FROM tblaca009 WHERE pensum='5' AND c_uni_ca='5' AND c_asigna='352440' [1][0] OK
C:[26/04/2013 15:58:47.35][186.94.81.124][1427] SELECT par_cod_asig1,par_cod_asig2,par_cod_asig3 FROM tblaca009 WHERE pensum='5' AND c_uni_ca='5' AND c_asigna='355350' [1][0] OK
C:[26/04/2013 15:58:47.35][186.94.81.124][1427] SELECT par_cod_asig1,par_cod_asig2,par_cod_asig3 FROM tblaca009 WHERE pensum='5' AND c_uni_ca='5' AND c_asigna='355448' [1][0] OK
C:[26/04/2013 15:58:47.86][186.94.81.124][1557] SELECT horas_lab FROM tblaca008 WHERE c_asigna='300428' AND horas_teoricas > 0 [1][0] OK
C:[26/04/2013 15:58:47.86][186.94.81.124][1557] SELECT horas_lab FROM tblaca008 WHERE c_asigna='352440' AND horas_teoricas > 0 [1][0] OK
C:[26/04/2013 15:58:47.10][186.94.81.124][1591] SELECT sum(u_creditos*1) FROM dace006 a, tblaca009 b WHERE a.exp_e='12-18246311' AND a.lapso='2013-1' AND b.pensum='5' AND b.c_uni_ca='5' AND status IN ('7','A','2') AND a.c_asigna=b.c_asigna  [1][0] OK
C:[26/04/2013 15:58:47.16][186.94.81.124][1610] SELECT sum(u_creditos*1) FROM dace006 a, tblaca009 b WHERE a.exp_e='12-18246311' AND a.lapso='2013-1' AND b.pensum='5' AND b.c_uni_ca='5' AND status IN ('7','A','2') AND a.c_asigna=b.c_asigna AND a.c_asigna IN ('355350','355448') [1][0] OK
C:[26/04/2013 15:58:48.35][186.94.81.124][1626] SELECT MAX(semestre) FROM dace006 a, tblaca009 b WHERE a.exp_e='12-18246311' AND a.lapso='2013-1' AND b.pensum='5' AND b.c_uni_ca='5' AND status IN ('7','A','2') AND a.c_asigna=b.c_asigna  [1][0] OK
C:[26/04/2013 15:58:48.97][186.94.81.124][1646] SELECT MIN(semestre) FROM dace006 a, tblaca009 b WHERE a.exp_e='12-18246311' AND a.lapso='2013-1' AND b.pensum='5' AND b.c_uni_ca='5' AND status IN ('7','A','2') AND a.c_asigna=b.c_asigna AND a.c_asigna IN ('300428','352440') [1][0] OK
C:[26/04/2013 18:17:36.32][190.206.228.14][1383] SELECT pre_cod_asig1,pre_cod_asig2,pre_cod_asig3,pre_cod_asig4,pre_cod_asig5,pre_cod_asig6,pre_cod_asig7 FROM tblaca009 WHERE pensum='5' AND c_uni_ca='5' AND c_asigna='355874' [1][0] OK
C:[26/04/2013 18:17:36.32][190.206.228.14][1396] SELECT c_asigna FROM dace004 WHERE exp_e='09-21248723' AND c_asigna='355448' AND status IN ('0','3','B') [1][0] OK
C:[26/04/2013 18:17:36.32][190.206.228.14][1383] SELECT pre_cod_asig1,pre_cod_asig2,pre_cod_asig3,pre_cod_asig4,pre_cod_asig5,pre_cod_asig6,pre_cod_asig7 FROM tblaca009 WHERE pensum='5' AND c_uni_ca='5' AND c_asigna='355693' [1][0] OK
C:[26/04/2013 18:17:36.32][190.206.228.14][1396] SELECT c_asigna FROM dace004 WHERE exp_e='09-21248723' AND c_asigna='355572' AND status IN ('0','3','B') [1][0] OK
C:[26/04/2013 18:17:36.32][190.206.228.14][1396] SELECT c_asigna FROM dace004 WHERE exp_e='09-21248723' AND c_asigna='352440' AND status IN ('0','3','B') [1][0] OK
C:[26/04/2013 18:17:36.32][190.206.228.14][1396] SELECT c_asigna FROM dace004 WHERE exp_e='09-21248723' AND c_asigna='355573' AND status IN ('0','3','B') [1][0] OK
C:[26/04/2013 18:17:36.32][190.206.228.14][1396] SELECT c_asigna FROM dace004 WHERE exp_e='09-21248723' AND c_asigna='300226' AND status IN ('0','3','B') [1][0] OK
C:[26/04/2013 18:17:36.32][190.206.228.14][1396] SELECT c_asigna FROM dace004 WHERE exp_e='09-21248723' AND c_asigna='300222' AND status IN ('0','3','B') [1][0] OK
C:[26/04/2013 18:17:36.32][190.206.228.14][1396] SELECT c_asigna FROM dace004 WHERE exp_e='09-21248723' AND c_asigna='300013' AND status IN ('0','3','B') [1][0] OK
C:[26/04/2013 18:17:36.32][190.206.228.14][1396] SELECT c_asigna FROM dace004 WHERE exp_e='09-21248723' AND c_asigna='300113' AND status IN ('0','3','B') [1][0] OK
C:[26/04/2013 18:17:36.32][190.206.228.14][1383] SELECT pre_cod_asig1,pre_cod_asig2,pre_cod_asig3,pre_cod_asig4,pre_cod_asig5,pre_cod_asig6,pre_cod_asig7 FROM tblaca009 WHERE pensum='5' AND c_uni_ca='5' AND c_asigna='355694' [1][0] OK
C:[26/04/2013 18:17:36.32][190.206.228.14][1396] SELECT c_asigna FROM dace004 WHERE exp_e='09-21248723' AND c_asigna='355572' AND status IN ('0','3','B') [1][0] OK
C:[26/04/2013 18:17:36.32][190.206.228.14][1396] SELECT c_asigna FROM dace004 WHERE exp_e='09-21248723' AND c_asigna='355571' AND status IN ('0','3','B') [1][0] OK
C:[26/04/2013 18:17:36.32][190.206.228.14][1383] SELECT pre_cod_asig1,pre_cod_asig2,pre_cod_asig3,pre_cod_asig4,pre_cod_asig5,pre_cod_asig6,pre_cod_asig7 FROM tblaca009 WHERE pensum='5' AND c_uni_ca='5' AND c_asigna='300677' [1][0] OK
C:[26/04/2013 18:17:36.32][190.206.228.14][1383] SELECT pre_cod_asig1,pre_cod_asig2,pre_cod_asig3,pre_cod_asig4,pre_cod_asig5,pre_cod_asig6,pre_cod_asig7 FROM tblaca009 WHERE pensum='5' AND c_uni_ca='5' AND c_asigna='355953' [1][0] OK
C:[26/04/2013 18:17:36.32][190.206.228.14][1396] SELECT c_asigna FROM dace004 WHERE exp_e='09-21248723' AND c_asigna='355691' AND status IN ('0','3','B') [1][0] OK
C:[26/04/2013 18:17:36.32][190.206.228.14][1383] SELECT pre_cod_asig1,pre_cod_asig2,pre_cod_asig3,pre_cod_asig4,pre_cod_asig5,pre_cod_asig6,pre_cod_asig7 FROM tblaca009 WHERE pensum='5' AND c_uni_ca='5' AND c_asigna='355696' [1][0] OK
C:[26/04/2013 18:17:36.32][190.206.228.14][1396] SELECT c_asigna FROM dace004 WHERE exp_e='09-21248723' AND c_asigna='355570' AND status IN ('0','3','B') [1][0] OK
C:[26/04/2013 18:17:36.32][190.206.228.14][1396] SELECT c_asigna FROM dace004 WHERE exp_e='09-21248723' AND c_asigna='355571' AND status IN ('0','3','B') [1][0] OK
C:[26/04/2013 18:17:37.26][190.206.228.14][1427] SELECT par_cod_asig1,par_cod_asig2,par_cod_asig3 FROM tblaca009 WHERE pensum='5' AND c_uni_ca='5' AND c_asigna='355874' [1][0] OK
C:[26/04/2013 18:17:37.26][190.206.228.14][1427] SELECT par_cod_asig1,par_cod_asig2,par_cod_asig3 FROM tblaca009 WHERE pensum='5' AND c_uni_ca='5' AND c_asigna='355693' [1][0] OK
C:[26/04/2013 18:17:37.26][190.206.228.14][1427] SELECT par_cod_asig1,par_cod_asig2,par_cod_asig3 FROM tblaca009 WHERE pensum='5' AND c_uni_ca='5' AND c_asigna='355694' [1][0] OK
C:[26/04/2013 18:17:37.26][190.206.228.14][1427] SELECT par_cod_asig1,par_cod_asig2,par_cod_asig3 FROM tblaca009 WHERE pensum='5' AND c_uni_ca='5' AND c_asigna='300677' [1][0] OK
C:[26/04/2013 18:17:37.26][190.206.228.14][1427] SELECT par_cod_asig1,par_cod_asig2,par_cod_asig3 FROM tblaca009 WHERE pensum='5' AND c_uni_ca='5' AND c_asigna='355953' [1][0] OK
C:[26/04/2013 18:17:37.26][190.206.228.14][1427] SELECT par_cod_asig1,par_cod_asig2,par_cod_asig3 FROM tblaca009 WHERE pensum='5' AND c_uni_ca='5' AND c_asigna='355696' [1][0] OK
C:[26/04/2013 18:17:37.01][190.206.228.14][1557] SELECT horas_lab FROM tblaca008 WHERE c_asigna='355874' AND horas_teoricas > 0 [1][0] OK
C:[26/04/2013 18:17:37.13][190.206.228.14][1591] SELECT sum(u_creditos*1) FROM dace006 a, tblaca009 b WHERE a.exp_e='09-21248723' AND a.lapso='2013-1' AND b.pensum='5' AND b.c_uni_ca='5' AND status IN ('7','A','2') AND a.c_asigna=b.c_asigna  [1][0] OK
C:[26/04/2013 18:17:37.07][190.206.228.14][1610] SELECT sum(u_creditos*1) FROM dace006 a, tblaca009 b WHERE a.exp_e='09-21248723' AND a.lapso='2013-1' AND b.pensum='5' AND b.c_uni_ca='5' AND status IN ('7','A','2') AND a.c_asigna=b.c_asigna AND a.c_asigna IN ('355693','355694','300677','355953','355696') [1][0] OK
C:[26/04/2013 18:17:37.01][190.206.228.14][1626] SELECT MAX(semestre) FROM dace006 a, tblaca009 b WHERE a.exp_e='09-21248723' AND a.lapso='2013-1' AND b.pensum='5' AND b.c_uni_ca='5' AND status IN ('7','A','2') AND a.c_asigna=b.c_asigna  [1][0] OK
C:[26/04/2013 18:17:37.37][190.206.228.14][1646] SELECT MIN(semestre) FROM dace006 a, tblaca009 b WHERE a.exp_e='09-21248723' AND a.lapso='2013-1' AND b.pensum='5' AND b.c_uni_ca='5' AND status IN ('7','A','2') AND a.c_asigna=b.c_asigna AND a.c_asigna IN ('355874') [1][0] OK
C:[26/04/2013 18:20:43.77][190.73.236.52][1383] SELECT pre_cod_asig1,pre_cod_asig2,pre_cod_asig3,pre_cod_asig4,pre_cod_asig5,pre_cod_asig6,pre_cod_asig7 FROM tblaca009 WHERE pensum='5' AND c_uni_ca='5' AND c_asigna='300428' [1][0] OK
C:[26/04/2013 18:20:43.77][190.73.236.52][1396] SELECT c_asigna FROM dace004 WHERE exp_e='12-18246311' AND c_asigna='300317' AND status IN ('0','3','B') [1][0] OK
C:[26/04/2013 18:20:43.77][190.73.236.52][1396] SELECT c_asigna FROM dace004 WHERE exp_e='12-18246311' AND c_asigna='300209' AND status IN ('0','3','B') [1][0] OK
C:[26/04/2013 18:20:43.77][190.73.236.52][1383] SELECT pre_cod_asig1,pre_cod_asig2,pre_cod_asig3,pre_cod_asig4,pre_cod_asig5,pre_cod_asig6,pre_cod_asig7 FROM tblaca009 WHERE pensum='5' AND c_uni_ca='5' AND c_asigna='352440' [1][0] OK
C:[26/04/2013 18:20:43.77][190.73.236.52][1396] SELECT c_asigna FROM dace004 WHERE exp_e='12-18246311' AND c_asigna='300317' AND status IN ('0','3','B') [1][0] OK
C:[26/04/2013 18:20:43.77][190.73.236.52][1396] SELECT c_asigna FROM dace004 WHERE exp_e='12-18246311' AND c_asigna='300013' AND status IN ('0','3','B') [1][0] OK
C:[26/04/2013 18:20:43.77][190.73.236.52][1396] SELECT c_asigna FROM dace004 WHERE exp_e='12-18246311' AND c_asigna='300113' AND status IN ('0','3','B') [1][0] OK
C:[26/04/2013 18:20:43.77][190.73.236.52][1383] SELECT pre_cod_asig1,pre_cod_asig2,pre_cod_asig3,pre_cod_asig4,pre_cod_asig5,pre_cod_asig6,pre_cod_asig7 FROM tblaca009 WHERE pensum='5' AND c_uni_ca='5' AND c_asigna='355448' [1][0] OK
C:[26/04/2013 18:20:43.77][190.73.236.52][1396] SELECT c_asigna FROM dace004 WHERE exp_e='12-18246311' AND c_asigna='300313' AND status IN ('0','3','B') [1][0] OK
C:[26/04/2013 18:20:43.77][190.73.236.52][1396] SELECT c_asigna FROM dace004 WHERE exp_e='12-18246311' AND c_asigna='300209' AND status IN ('0','3','B') [1][0] OK
C:[26/04/2013 18:20:43.77][190.73.236.52][1396] SELECT c_asigna FROM dace004 WHERE exp_e='12-18246311' AND c_asigna='300226' AND status IN ('0','3','B') [1][0] OK
C:[26/04/2013 18:20:43.77][190.73.236.52][1396] SELECT c_asigna FROM dace004 WHERE exp_e='12-18246311' AND c_asigna='300222' AND status IN ('0','3','B') [1][0] OK
C:[26/04/2013 18:20:43.77][190.73.236.52][1383] SELECT pre_cod_asig1,pre_cod_asig2,pre_cod_asig3,pre_cod_asig4,pre_cod_asig5,pre_cod_asig6,pre_cod_asig7 FROM tblaca009 WHERE pensum='5' AND c_uni_ca='5' AND c_asigna='355350' [1][0] OK
C:[26/04/2013 18:20:43.77][190.73.236.52][1396] SELECT c_asigna FROM dace004 WHERE exp_e='12-18246311' AND c_asigna='300207' AND status IN ('0','3','B') [1][0] OK
C:[26/04/2013 18:20:43.77][190.73.236.52][1396] SELECT c_asigna FROM dace004 WHERE exp_e='12-18246311' AND c_asigna='300228' AND status IN ('0','3','B') [1][0] OK
C:[26/04/2013 18:20:43.21][190.73.236.52][1427] SELECT par_cod_asig1,par_cod_asig2,par_cod_asig3 FROM tblaca009 WHERE pensum='5' AND c_uni_ca='5' AND c_asigna='300428' [1][0] OK
C:[26/04/2013 18:20:43.21][190.73.236.52][1427] SELECT par_cod_asig1,par_cod_asig2,par_cod_asig3 FROM tblaca009 WHERE pensum='5' AND c_uni_ca='5' AND c_asigna='352440' [1][0] OK
C:[26/04/2013 18:20:43.21][190.73.236.52][1427] SELECT par_cod_asig1,par_cod_asig2,par_cod_asig3 FROM tblaca009 WHERE pensum='5' AND c_uni_ca='5' AND c_asigna='355448' [1][0] OK
C:[26/04/2013 18:20:43.21][190.73.236.52][1427] SELECT par_cod_asig1,par_cod_asig2,par_cod_asig3 FROM tblaca009 WHERE pensum='5' AND c_uni_ca='5' AND c_asigna='355350' [1][0] OK
C:[26/04/2013 18:20:43.72][190.73.236.52][1557] SELECT horas_lab FROM tblaca008 WHERE c_asigna='300428' AND horas_teoricas > 0 [1][0] OK
C:[26/04/2013 18:20:43.72][190.73.236.52][1557] SELECT horas_lab FROM tblaca008 WHERE c_asigna='352440' AND horas_teoricas > 0 [1][0] OK
C:[26/04/2013 18:20:43.72][190.73.236.52][1557] SELECT horas_lab FROM tblaca008 WHERE c_asigna='355448' AND horas_teoricas > 0 [1][0] OK
C:[26/04/2013 18:20:43.08][190.73.236.52][1591] SELECT sum(u_creditos*1) FROM dace006 a, tblaca009 b WHERE a.exp_e='12-18246311' AND a.lapso='2013-1' AND b.pensum='5' AND b.c_uni_ca='5' AND status IN ('7','A','2') AND a.c_asigna=b.c_asigna  [1][0] OK
C:[26/04/2013 18:20:43.15][190.73.236.52][1610] SELECT sum(u_creditos*1) FROM dace006 a, tblaca009 b WHERE a.exp_e='12-18246311' AND a.lapso='2013-1' AND b.pensum='5' AND b.c_uni_ca='5' AND status IN ('7','A','2') AND a.c_asigna=b.c_asigna AND a.c_asigna IN ('355350') [1][0] OK
C:[26/04/2013 18:20:44.77][190.73.236.52][1626] SELECT MAX(semestre) FROM dace006 a, tblaca009 b WHERE a.exp_e='12-18246311' AND a.lapso='2013-1' AND b.pensum='5' AND b.c_uni_ca='5' AND status IN ('7','A','2') AND a.c_asigna=b.c_asigna  [1][0] OK
C:[26/04/2013 18:20:44.52][190.73.236.52][1646] SELECT MIN(semestre) FROM dace006 a, tblaca009 b WHERE a.exp_e='12-18246311' AND a.lapso='2013-1' AND b.pensum='5' AND b.c_uni_ca='5' AND status IN ('7','A','2') AND a.c_asigna=b.c_asigna AND a.c_asigna IN ('300428','352440','355448') [1][0] OK
C:[28/04/2013 00:31:04.23][190.37.208.133][1383] SELECT pre_cod_asig1,pre_cod_asig2,pre_cod_asig3,pre_cod_asig4,pre_cod_asig5,pre_cod_asig6,pre_cod_asig7 FROM tblaca009 WHERE pensum='5' AND c_uni_ca='2' AND c_asigna='322550' [1][0] OK
C:[28/04/2013 00:31:04.23][190.37.208.133][1396] SELECT c_asigna FROM dace004 WHERE exp_e='09-23731560' AND c_asigna='322433' AND status IN ('0','3','B') [1][0] OK
C:[28/04/2013 00:31:04.23][190.37.208.133][1383] SELECT pre_cod_asig1,pre_cod_asig2,pre_cod_asig3,pre_cod_asig4,pre_cod_asig5,pre_cod_asig6,pre_cod_asig7 FROM tblaca009 WHERE pensum='5' AND c_uni_ca='2' AND c_asigna='300422' [1][0] OK
C:[28/04/2013 00:31:04.23][190.37.208.133][1396] SELECT c_asigna FROM dace004 WHERE exp_e='09-23731560' AND c_asigna='300105' AND status IN ('0','3','B') [1][0] OK
C:[28/04/2013 00:31:04.23][190.37.208.133][1396] SELECT c_asigna FROM dace004 WHERE exp_e='09-23731560' AND c_asigna='300314' AND status IN ('0','3','B') [1][0] OK
C:[28/04/2013 00:31:04.23][190.37.208.133][1383] SELECT pre_cod_asig1,pre_cod_asig2,pre_cod_asig3,pre_cod_asig4,pre_cod_asig5,pre_cod_asig6,pre_cod_asig7 FROM tblaca009 WHERE pensum='5' AND c_uni_ca='2' AND c_asigna='322669' [1][0] OK
C:[28/04/2013 00:31:04.23][190.37.208.133][1396] SELECT c_asigna FROM dace004 WHERE exp_e='09-23731560' AND c_asigna='322558' AND status IN ('0','3','B') [1][0] OK
C:[28/04/2013 00:31:04.23][190.37.208.133][1396] SELECT c_asigna FROM dace004 WHERE exp_e='09-23731560' AND c_asigna='323528' AND status IN ('0','3','B') [1][0] OK
C:[28/04/2013 00:31:04.23][190.37.208.133][1383] SELECT pre_cod_asig1,pre_cod_asig2,pre_cod_asig3,pre_cod_asig4,pre_cod_asig5,pre_cod_asig6,pre_cod_asig7 FROM tblaca009 WHERE pensum='5' AND c_uni_ca='2' AND c_asigna='322728' [1][0] OK
C:[28/04/2013 00:31:04.23][190.37.208.133][1396] SELECT c_asigna FROM dace004 WHERE exp_e='09-23731560' AND c_asigna='311561' AND status IN ('0','3','B') [1][0] OK
C:[28/04/2013 00:31:04.23][190.37.208.133][1396] SELECT c_asigna FROM dace004 WHERE exp_e='09-23731560' AND c_asigna='322681' AND status IN ('0','3','B') [1][0] OK
C:[28/04/2013 00:31:04.23][190.37.208.133][1383] SELECT pre_cod_asig1,pre_cod_asig2,pre_cod_asig3,pre_cod_asig4,pre_cod_asig5,pre_cod_asig6,pre_cod_asig7 FROM tblaca009 WHERE pensum='5' AND c_uni_ca='2' AND c_asigna='322780' [1][0] OK
C:[28/04/2013 00:31:04.23][190.37.208.133][1396] SELECT c_asigna FROM dace004 WHERE exp_e='09-23731560' AND c_asigna='322678' AND status IN ('0','3','B') [1][0] OK
C:[28/04/2013 00:31:04.86][190.37.208.133][1427] SELECT par_cod_asig1,par_cod_asig2,par_cod_asig3 FROM tblaca009 WHERE pensum='5' AND c_uni_ca='2' AND c_asigna='322550' [1][0] OK
C:[28/04/2013 00:31:04.86][190.37.208.133][1427] SELECT par_cod_asig1,par_cod_asig2,par_cod_asig3 FROM tblaca009 WHERE pensum='5' AND c_uni_ca='2' AND c_asigna='300422' [1][0] OK
C:[28/04/2013 00:31:04.86][190.37.208.133][1427] SELECT par_cod_asig1,par_cod_asig2,par_cod_asig3 FROM tblaca009 WHERE pensum='5' AND c_uni_ca='2' AND c_asigna='322669' [1][0] OK
C:[28/04/2013 00:31:04.86][190.37.208.133][1427] SELECT par_cod_asig1,par_cod_asig2,par_cod_asig3 FROM tblaca009 WHERE pensum='5' AND c_uni_ca='2' AND c_asigna='322728' [1][0] OK
C:[28/04/2013 00:31:04.86][190.37.208.133][1427] SELECT par_cod_asig1,par_cod_asig2,par_cod_asig3 FROM tblaca009 WHERE pensum='5' AND c_uni_ca='2' AND c_asigna='322780' [1][0] OK
C:[28/04/2013 00:31:04.49][190.37.208.133][1557] SELECT horas_lab FROM tblaca008 WHERE c_asigna='322550' AND horas_teoricas > 0 [1][0] OK
C:[28/04/2013 00:31:04.61][190.37.208.133][1591] SELECT sum(u_creditos*1) FROM dace006 a, tblaca009 b WHERE a.exp_e='09-23731560' AND a.lapso='2013-1' AND b.pensum='5' AND b.c_uni_ca='2' AND status IN ('7','A','2') AND a.c_asigna=b.c_asigna  [1][0] OK
C:[28/04/2013 00:31:04.98][190.37.208.133][1610] SELECT sum(u_creditos*1) FROM dace006 a, tblaca009 b WHERE a.exp_e='09-23731560' AND a.lapso='2013-1' AND b.pensum='5' AND b.c_uni_ca='2' AND status IN ('7','A','2') AND a.c_asigna=b.c_asigna AND a.c_asigna IN ('300422','322669','322728','322780') [1][0] OK
C:[28/04/2013 00:31:05.35][190.37.208.133][1626] SELECT MAX(semestre) FROM dace006 a, tblaca009 b WHERE a.exp_e='09-23731560' AND a.lapso='2013-1' AND b.pensum='5' AND b.c_uni_ca='2' AND status IN ('7','A','2') AND a.c_asigna=b.c_asigna  [1][0] OK
C:[28/04/2013 00:31:05.73][190.37.208.133][1646] SELECT MIN(semestre) FROM dace006 a, tblaca009 b WHERE a.exp_e='09-23731560' AND a.lapso='2013-1' AND b.pensum='5' AND b.c_uni_ca='2' AND status IN ('7','A','2') AND a.c_asigna=b.c_asigna AND a.c_asigna IN ('322550') [1][0] OK
C:[28/04/2013 12:45:23.92][190.37.231.139][1383] SELECT pre_cod_asig1,pre_cod_asig2,pre_cod_asig3,pre_cod_asig4,pre_cod_asig5,pre_cod_asig6,pre_cod_asig7 FROM tblaca009 WHERE pensum='5' AND c_uni_ca='3' AND c_asigna='310548' [1][0] OK
C:[28/04/2013 12:45:23.92][190.37.231.139][1396] SELECT c_asigna FROM dace004 WHERE exp_e='11-21109621' AND c_asigna='300428' AND status IN ('0','3','B') [1][0] OK
C:[28/04/2013 12:45:23.92][190.37.231.139][1396] SELECT c_asigna FROM dace004 WHERE exp_e='11-21109621' AND c_asigna='300313' AND status IN ('0','3','B') [1][0] OK
C:[28/04/2013 12:45:23.92][190.37.231.139][1396] SELECT c_asigna FROM dace004 WHERE exp_e='11-21109621' AND c_asigna='300222' AND status IN ('0','3','B') [1][0] OK
C:[28/04/2013 12:45:23.92][190.37.231.139][1396] SELECT c_asigna FROM dace004 WHERE exp_e='11-21109621' AND c_asigna='300226' AND status IN ('0','3','B') [1][0] OK
C:[28/04/2013 12:45:23.92][190.37.231.139][1396] SELECT c_asigna FROM dace004 WHERE exp_e='11-21109621' AND c_asigna='300209' AND status IN ('0','3','B') [1][0] OK
C:[28/04/2013 12:45:23.92][190.37.231.139][1383] SELECT pre_cod_asig1,pre_cod_asig2,pre_cod_asig3,pre_cod_asig4,pre_cod_asig5,pre_cod_asig6,pre_cod_asig7 FROM tblaca009 WHERE pensum='5' AND c_uni_ca='3' AND c_asigna='311430' [1][0] OK
C:[28/04/2013 12:45:23.92][190.37.231.139][1396] SELECT c_asigna FROM dace004 WHERE exp_e='11-21109621' AND c_asigna='300317' AND status IN ('0','3','B') [1][0] OK
C:[28/04/2013 12:45:23.92][190.37.231.139][1396] SELECT c_asigna FROM dace004 WHERE exp_e='11-21109621' AND c_asigna='300318' AND status IN ('0','3','B') [1][0] OK
C:[28/04/2013 12:45:23.92][190.37.231.139][1396] SELECT c_asigna FROM dace004 WHERE exp_e='11-21109621' AND c_asigna='300313' AND status IN ('0','3','B') [1][0] OK
C:[28/04/2013 12:45:23.92][190.37.231.139][1396] SELECT c_asigna FROM dace004 WHERE exp_e='11-21109621' AND c_asigna='300222' AND status IN ('0','3','B') [1][0] OK
C:[28/04/2013 12:45:23.92][190.37.231.139][1396] SELECT c_asigna FROM dace004 WHERE exp_e='11-21109621' AND c_asigna='300226' AND status IN ('0','3','B') [1][0] OK
C:[28/04/2013 12:45:23.92][190.37.231.139][1396] SELECT c_asigna FROM dace004 WHERE exp_e='11-21109621' AND c_asigna='300209' AND status IN ('0','3','B') [1][0] OK
C:[28/04/2013 12:45:23.92][190.37.231.139][1383] SELECT pre_cod_asig1,pre_cod_asig2,pre_cod_asig3,pre_cod_asig4,pre_cod_asig5,pre_cod_asig6,pre_cod_asig7 FROM tblaca009 WHERE pensum='5' AND c_uni_ca='3' AND c_asigna='311431' [1][0] OK
C:[28/04/2013 12:45:23.92][190.37.231.139][1396] SELECT c_asigna FROM dace004 WHERE exp_e='11-21109621' AND c_asigna='311320' AND status IN ('0','3','B') [1][0] OK
C:[28/04/2013 12:45:23.92][190.37.231.139][1396] SELECT c_asigna FROM dace004 WHERE exp_e='11-21109621' AND c_asigna='300013' AND status IN ('0','3','B') [1][0] OK
C:[28/04/2013 12:45:23.92][190.37.231.139][1396] SELECT c_asigna FROM dace004 WHERE exp_e='11-21109621' AND c_asigna='300113' AND status IN ('0','3','B') [1][0] OK
C:[28/04/2013 12:45:23.92][190.37.231.139][1396] SELECT c_asigna FROM dace004 WHERE exp_e='11-21109621' AND c_asigna='300222' AND status IN ('0','3','B') [1][0] OK
C:[28/04/2013 12:45:23.92][190.37.231.139][1396] SELECT c_asigna FROM dace004 WHERE exp_e='11-21109621' AND c_asigna='300226' AND status IN ('0','3','B') [1][0] OK
C:[28/04/2013 12:45:23.92][190.37.231.139][1396] SELECT c_asigna FROM dace004 WHERE exp_e='11-21109621' AND c_asigna='300209' AND status IN ('0','3','B') [1][0] OK
C:[28/04/2013 12:45:23.92][190.37.231.139][1383] SELECT pre_cod_asig1,pre_cod_asig2,pre_cod_asig3,pre_cod_asig4,pre_cod_asig5,pre_cod_asig6,pre_cod_asig7 FROM tblaca009 WHERE pensum='5' AND c_uni_ca='3' AND c_asigna='311434' [1][0] OK
C:[28/04/2013 12:45:23.92][190.37.231.139][1396] SELECT c_asigna FROM dace004 WHERE exp_e='11-21109621' AND c_asigna='300222' AND status IN ('0','3','B') [1][0] OK
C:[28/04/2013 12:45:23.92][190.37.231.139][1396] SELECT c_asigna FROM dace004 WHERE exp_e='11-21109621' AND c_asigna='300226' AND status IN ('0','3','B') [1][0] OK
C:[28/04/2013 12:45:23.92][190.37.231.139][1396] SELECT c_asigna FROM dace004 WHERE exp_e='11-21109621' AND c_asigna='300209' AND status IN ('0','3','B') [1][0] OK
C:[28/04/2013 12:45:23.92][190.37.231.139][1383] SELECT pre_cod_asig1,pre_cod_asig2,pre_cod_asig3,pre_cod_asig4,pre_cod_asig5,pre_cod_asig6,pre_cod_asig7 FROM tblaca009 WHERE pensum='5' AND c_uni_ca='3' AND c_asigna='312444' [1][0] OK
C:[28/04/2013 12:45:23.92][190.37.231.139][1396] SELECT c_asigna FROM dace004 WHERE exp_e='11-21109621' AND c_asigna='312333' AND status IN ('0','3','B') [1][0] OK
C:[28/04/2013 12:45:23.92][190.37.231.139][1383] SELECT pre_cod_asig1,pre_cod_asig2,pre_cod_asig3,pre_cod_asig4,pre_cod_asig5,pre_cod_asig6,pre_cod_asig7 FROM tblaca009 WHERE pensum='5' AND c_uni_ca='3' AND c_asigna='311554' [1][0] OK
C:[28/04/2013 12:45:23.92][190.37.231.139][1396] SELECT c_asigna FROM dace004 WHERE exp_e='11-21109621' AND c_asigna='300318' AND status IN ('0','3','B') [1][0] OK
C:[28/04/2013 12:45:23.92][190.37.231.139][1396] SELECT c_asigna FROM dace004 WHERE exp_e='11-21109621' AND c_asigna='300428' AND status IN ('0','3','B') [1][0] OK
C:[28/04/2013 12:45:23.92][190.37.231.139][1383] SELECT pre_cod_asig1,pre_cod_asig2,pre_cod_asig3,pre_cod_asig4,pre_cod_asig5,pre_cod_asig6,pre_cod_asig7 FROM tblaca009 WHERE pensum='5' AND c_uni_ca='3' AND c_asigna='300422' [1][0] OK
C:[28/04/2013 12:45:23.92][190.37.231.139][1396] SELECT c_asigna FROM dace004 WHERE exp_e='11-21109621' AND c_asigna='300105' AND status IN ('0','3','B') [1][0] OK
C:[28/04/2013 12:45:23.92][190.37.231.139][1396] SELECT c_asigna FROM dace004 WHERE exp_e='11-21109621' AND c_asigna='300314' AND status IN ('0','3','B') [1][0] OK
C:[28/04/2013 12:45:23.92][190.37.231.139][1383] SELECT pre_cod_asig1,pre_cod_asig2,pre_cod_asig3,pre_cod_asig4,pre_cod_asig5,pre_cod_asig6,pre_cod_asig7 FROM tblaca009 WHERE pensum='5' AND c_uni_ca='3' AND c_asigna='311552' [1][0] OK
C:[28/04/2013 12:45:23.92][190.37.231.139][1396] SELECT c_asigna FROM dace004 WHERE exp_e='11-21109621' AND c_asigna='300317' AND status IN ('0','3','B') [1][0] OK
C:[28/04/2013 12:45:23.92][190.37.231.139][1396] SELECT c_asigna FROM dace004 WHERE exp_e='11-21109621' AND c_asigna='300209' AND status IN ('0','3','B') [1][0] OK
C:[28/04/2013 12:45:24.97][190.37.231.139][1427] SELECT par_cod_asig1,par_cod_asig2,par_cod_asig3 FROM tblaca009 WHERE pensum='5' AND c_uni_ca='3' AND c_asigna='310548' [1][0] OK
C:[28/04/2013 12:45:24.97][190.37.231.139][1427] SELECT par_cod_asig1,par_cod_asig2,par_cod_asig3 FROM tblaca009 WHERE pensum='5' AND c_uni_ca='3' AND c_asigna='311430' [1][0] OK
C:[28/04/2013 12:45:24.97][190.37.231.139][1427] SELECT par_cod_asig1,par_cod_asig2,par_cod_asig3 FROM tblaca009 WHERE pensum='5' AND c_uni_ca='3' AND c_asigna='311431' [1][0] OK
C:[28/04/2013 12:45:24.97][190.37.231.139][1441] SELECT c_asigna FROM dace004 WHERE exp_e='11-21109621' AND c_asigna='311430' AND status IN ('0','3','B','C') [0][0] OK
C:[28/04/2013 12:45:24.97][190.37.231.139][1427] SELECT par_cod_asig1,par_cod_asig2,par_cod_asig3 FROM tblaca009 WHERE pensum='5' AND c_uni_ca='3' AND c_asigna='311434' [1][0] OK
C:[28/04/2013 12:45:24.97][190.37.231.139][1441] SELECT c_asigna FROM dace004 WHERE exp_e='11-21109621' AND c_asigna='311431' AND status IN ('0','3','B','C') [0][0] OK
C:[28/04/2013 12:45:24.97][190.37.231.139][1427] SELECT par_cod_asig1,par_cod_asig2,par_cod_asig3 FROM tblaca009 WHERE pensum='5' AND c_uni_ca='3' AND c_asigna='312444' [1][0] OK
C:[28/04/2013 12:45:24.97][190.37.231.139][1427] SELECT par_cod_asig1,par_cod_asig2,par_cod_asig3 FROM tblaca009 WHERE pensum='5' AND c_uni_ca='3' AND c_asigna='311554' [1][0] OK
C:[28/04/2013 12:45:24.97][190.37.231.139][1427] SELECT par_cod_asig1,par_cod_asig2,par_cod_asig3 FROM tblaca009 WHERE pensum='5' AND c_uni_ca='3' AND c_asigna='300422' [1][0] OK
C:[28/04/2013 12:45:24.97][190.37.231.139][1427] SELECT par_cod_asig1,par_cod_asig2,par_cod_asig3 FROM tblaca009 WHERE pensum='5' AND c_uni_ca='3' AND c_asigna='311552' [1][0] OK
C:[28/04/2013 12:45:24.23][190.37.231.139][1557] SELECT horas_lab FROM tblaca008 WHERE c_asigna='310548' AND horas_teoricas > 0 [1][0] OK
C:[28/04/2013 12:45:24.34][190.37.231.139][1591] SELECT sum(u_creditos*1) FROM dace006 a, tblaca009 b WHERE a.exp_e='11-21109621' AND a.lapso='2013-1' AND b.pensum='5' AND b.c_uni_ca='3' AND status IN ('7','A','2') AND a.c_asigna=b.c_asigna  [1][0] OK
C:[28/04/2013 12:45:24.72][190.37.231.139][1610] SELECT sum(u_creditos*1) FROM dace006 a, tblaca009 b WHERE a.exp_e='11-21109621' AND a.lapso='2013-1' AND b.pensum='5' AND b.c_uni_ca='3' AND status IN ('7','A','2') AND a.c_asigna=b.c_asigna AND a.c_asigna IN ('311430','311431','311434','312444','311554','300422','311552') [1][0] OK
C:[28/04/2013 12:45:24.65][190.37.231.139][1626] SELECT MAX(semestre) FROM dace006 a, tblaca009 b WHERE a.exp_e='11-21109621' AND a.lapso='2013-1' AND b.pensum='5' AND b.c_uni_ca='3' AND status IN ('7','A','2') AND a.c_asigna=b.c_asigna  [1][0] OK
C:[28/04/2013 12:45:24.03][190.37.231.139][1646] SELECT MIN(semestre) FROM dace006 a, tblaca009 b WHERE a.exp_e='11-21109621' AND a.lapso='2013-1' AND b.pensum='5' AND b.c_uni_ca='3' AND status IN ('7','A','2') AND a.c_asigna=b.c_asigna AND a.c_asigna IN ('310548') [1][0] OK
C:[28/04/2013 17:05:01.17][186.90.216.162][1383] SELECT pre_cod_asig1,pre_cod_asig2,pre_cod_asig3,pre_cod_asig4,pre_cod_asig5,pre_cod_asig6,pre_cod_asig7 FROM tblaca009 WHERE pensum='5' AND c_uni_ca='6' AND c_asigna='300218' [1][0] OK
C:[28/04/2013 17:05:01.17][186.90.216.162][1396] SELECT c_asigna FROM dace004 WHERE exp_e='11-24559496' AND c_asigna='300101' AND status IN ('0','3','B') [1][0] OK
C:[28/04/2013 17:05:01.17][186.90.216.162][1383] SELECT pre_cod_asig1,pre_cod_asig2,pre_cod_asig3,pre_cod_asig4,pre_cod_asig5,pre_cod_asig6,pre_cod_asig7 FROM tblaca009 WHERE pensum='5' AND c_uni_ca='6' AND c_asigna='300222' [1][0] OK
C:[28/04/2013 17:05:01.17][186.90.216.162][1396] SELECT c_asigna FROM dace004 WHERE exp_e='11-24559496' AND c_asigna='300112' AND status IN ('0','3','B') [1][0] OK
C:[28/04/2013 17:05:01.17][186.90.216.162][1383] SELECT pre_cod_asig1,pre_cod_asig2,pre_cod_asig3,pre_cod_asig4,pre_cod_asig5,pre_cod_asig6,pre_cod_asig7 FROM tblaca009 WHERE pensum='5' AND c_uni_ca='6' AND c_asigna='300207' [1][0] OK
C:[28/04/2013 17:05:01.17][186.90.216.162][1396] SELECT c_asigna FROM dace004 WHERE exp_e='11-24559496' AND c_asigna='300101' AND status IN ('0','3','B') [1][0] OK
C:[28/04/2013 17:05:01.17][186.90.216.162][1383] SELECT pre_cod_asig1,pre_cod_asig2,pre_cod_asig3,pre_cod_asig4,pre_cod_asig5,pre_cod_asig6,pre_cod_asig7 FROM tblaca009 WHERE pensum='5' AND c_uni_ca='6' AND c_asigna='300209' [1][0] OK
C:[28/04/2013 17:05:01.17][186.90.216.162][1396] SELECT c_asigna FROM dace004 WHERE exp_e='11-24559496' AND c_asigna='300101' AND status IN ('0','3','B') [1][0] OK
C:[28/04/2013 17:05:01.17][186.90.216.162][1383] SELECT pre_cod_asig1,pre_cod_asig2,pre_cod_asig3,pre_cod_asig4,pre_cod_asig5,pre_cod_asig6,pre_cod_asig7 FROM tblaca009 WHERE pensum='5' AND c_uni_ca='6' AND c_asigna='300213' [1][0] OK
C:[28/04/2013 17:05:01.17][186.90.216.162][1396] SELECT c_asigna FROM dace004 WHERE exp_e='11-24559496' AND c_asigna='300101' AND status IN ('0','3','B') [1][0] OK
C:[28/04/2013 17:05:01.17][186.90.216.162][1383] SELECT pre_cod_asig1,pre_cod_asig2,pre_cod_asig3,pre_cod_asig4,pre_cod_asig5,pre_cod_asig6,pre_cod_asig7 FROM tblaca009 WHERE pensum='5' AND c_uni_ca='6' AND c_asigna='300228' [1][0] OK
C:[28/04/2013 17:05:01.17][186.90.216.162][1396] SELECT c_asigna FROM dace004 WHERE exp_e='11-24559496' AND c_asigna='300101' AND status IN ('0','3','B') [1][0] OK
C:[28/04/2013 17:05:01.66][186.90.216.162][1427] SELECT par_cod_asig1,par_cod_asig2,par_cod_asig3 FROM tblaca009 WHERE pensum='5' AND c_uni_ca='6' AND c_asigna='300218' [1][0] OK
C:[28/04/2013 17:05:01.66][186.90.216.162][1441] SELECT c_asigna FROM dace004 WHERE exp_e='11-24559496' AND c_asigna='300228' AND status IN ('0','3','B','C') [0][0] OK
C:[28/04/2013 17:05:01.66][186.90.216.162][1427] SELECT par_cod_asig1,par_cod_asig2,par_cod_asig3 FROM tblaca009 WHERE pensum='5' AND c_uni_ca='6' AND c_asigna='300222' [1][0] OK
C:[28/04/2013 17:05:01.66][186.90.216.162][1427] SELECT par_cod_asig1,par_cod_asig2,par_cod_asig3 FROM tblaca009 WHERE pensum='5' AND c_uni_ca='6' AND c_asigna='300207' [1][0] OK
C:[28/04/2013 17:05:01.66][186.90.216.162][1427] SELECT par_cod_asig1,par_cod_asig2,par_cod_asig3 FROM tblaca009 WHERE pensum='5' AND c_uni_ca='6' AND c_asigna='300209' [1][0] OK
C:[28/04/2013 17:05:01.66][186.90.216.162][1427] SELECT par_cod_asig1,par_cod_asig2,par_cod_asig3 FROM tblaca009 WHERE pensum='5' AND c_uni_ca='6' AND c_asigna='300213' [1][0] OK
C:[28/04/2013 17:05:01.66][186.90.216.162][1441] SELECT c_asigna FROM dace004 WHERE exp_e='11-24559496' AND c_asigna='300209' AND status IN ('0','3','B','C') [0][0] OK
C:[28/04/2013 17:05:01.66][186.90.216.162][1427] SELECT par_cod_asig1,par_cod_asig2,par_cod_asig3 FROM tblaca009 WHERE pensum='5' AND c_uni_ca='6' AND c_asigna='300228' [1][0] OK
C:[28/04/2013 17:05:02.68][186.90.216.162][1557] SELECT horas_lab FROM tblaca008 WHERE c_asigna='300218' AND horas_teoricas > 0 [0][0] OK
C:[28/04/2013 17:05:02.68][186.90.216.162][1557] SELECT horas_lab FROM tblaca008 WHERE c_asigna='300222' AND horas_teoricas > 0 [1][0] OK
C:[28/04/2013 17:05:02.91][186.90.216.162][1591] SELECT sum(u_creditos*1) FROM dace006 a, tblaca009 b WHERE a.exp_e='11-24559496' AND a.lapso='2013-1' AND b.pensum='5' AND b.c_uni_ca='6' AND status IN ('7','A','2') AND a.c_asigna=b.c_asigna  [1][0] OK
C:[28/04/2013 17:05:02.29][186.90.216.162][1610] SELECT sum(u_creditos*1) FROM dace006 a, tblaca009 b WHERE a.exp_e='11-24559496' AND a.lapso='2013-1' AND b.pensum='5' AND b.c_uni_ca='6' AND status IN ('7','A','2') AND a.c_asigna=b.c_asigna AND a.c_asigna IN ('300207','300209','300213','300228') [1][0] OK
C:[28/04/2013 17:05:02.66][186.90.216.162][1626] SELECT MAX(semestre) FROM dace006 a, tblaca009 b WHERE a.exp_e='11-24559496' AND a.lapso='2013-1' AND b.pensum='5' AND b.c_uni_ca='6' AND status IN ('7','A','2') AND a.c_asigna=b.c_asigna  [1][0] OK
C:[28/04/2013 17:05:02.04][186.90.216.162][1646] SELECT MIN(semestre) FROM dace006 a, tblaca009 b WHERE a.exp_e='11-24559496' AND a.lapso='2013-1' AND b.pensum='5' AND b.c_uni_ca='6' AND status IN ('7','A','2') AND a.c_asigna=b.c_asigna AND a.c_asigna IN ('300218','300222') [1][0] OK
C:[28/04/2013 17:08:35.42][186.90.216.162][1383] SELECT pre_cod_asig1,pre_cod_asig2,pre_cod_asig3,pre_cod_asig4,pre_cod_asig5,pre_cod_asig6,pre_cod_asig7 FROM tblaca009 WHERE pensum='5' AND c_uni_ca='6' AND c_asigna='300207' [1][0] OK
C:[28/04/2013 17:08:35.42][186.90.216.162][1396] SELECT c_asigna FROM dace004 WHERE exp_e='11-24559496' AND c_asigna='300101' AND status IN ('0','3','B') [1][0] OK
C:[28/04/2013 17:08:35.42][186.90.216.162][1383] SELECT pre_cod_asig1,pre_cod_asig2,pre_cod_asig3,pre_cod_asig4,pre_cod_asig5,pre_cod_asig6,pre_cod_asig7 FROM tblaca009 WHERE pensum='5' AND c_uni_ca='6' AND c_asigna='300209' [1][0] OK
C:[28/04/2013 17:08:35.42][186.90.216.162][1396] SELECT c_asigna FROM dace004 WHERE exp_e='11-24559496' AND c_asigna='300101' AND status IN ('0','3','B') [1][0] OK
C:[28/04/2013 17:08:35.42][186.90.216.162][1383] SELECT pre_cod_asig1,pre_cod_asig2,pre_cod_asig3,pre_cod_asig4,pre_cod_asig5,pre_cod_asig6,pre_cod_asig7 FROM tblaca009 WHERE pensum='5' AND c_uni_ca='6' AND c_asigna='300213' [1][0] OK
C:[28/04/2013 17:08:35.42][186.90.216.162][1396] SELECT c_asigna FROM dace004 WHERE exp_e='11-24559496' AND c_asigna='300101' AND status IN ('0','3','B') [1][0] OK
C:[28/04/2013 17:08:35.42][186.90.216.162][1383] SELECT pre_cod_asig1,pre_cod_asig2,pre_cod_asig3,pre_cod_asig4,pre_cod_asig5,pre_cod_asig6,pre_cod_asig7 FROM tblaca009 WHERE pensum='5' AND c_uni_ca='6' AND c_asigna='300228' [1][0] OK
C:[28/04/2013 17:08:35.42][186.90.216.162][1396] SELECT c_asigna FROM dace004 WHERE exp_e='11-24559496' AND c_asigna='300101' AND status IN ('0','3','B') [1][0] OK
C:[28/04/2013 17:08:35.41][186.90.216.162][1427] SELECT par_cod_asig1,par_cod_asig2,par_cod_asig3 FROM tblaca009 WHERE pensum='5' AND c_uni_ca='6' AND c_asigna='300207' [1][0] OK
C:[28/04/2013 17:08:35.41][186.90.216.162][1427] SELECT par_cod_asig1,par_cod_asig2,par_cod_asig3 FROM tblaca009 WHERE pensum='5' AND c_uni_ca='6' AND c_asigna='300209' [1][0] OK
C:[28/04/2013 17:08:35.41][186.90.216.162][1427] SELECT par_cod_asig1,par_cod_asig2,par_cod_asig3 FROM tblaca009 WHERE pensum='5' AND c_uni_ca='6' AND c_asigna='300213' [1][0] OK
C:[28/04/2013 17:08:35.41][186.90.216.162][1441] SELECT c_asigna FROM dace004 WHERE exp_e='11-24559496' AND c_asigna='300209' AND status IN ('0','3','B','C') [0][0] OK
C:[28/04/2013 17:08:35.41][186.90.216.162][1427] SELECT par_cod_asig1,par_cod_asig2,par_cod_asig3 FROM tblaca009 WHERE pensum='5' AND c_uni_ca='6' AND c_asigna='300228' [1][0] OK
C:[28/04/2013 17:08:35.06][186.90.216.162][1591] SELECT sum(u_creditos*1) FROM dace006 a, tblaca009 b WHERE a.exp_e='11-24559496' AND a.lapso='2013-1' AND b.pensum='5' AND b.c_uni_ca='6' AND status IN ('7','A','2') AND a.c_asigna=b.c_asigna  [1][0] OK
C:[28/04/2013 17:08:35.42][186.90.216.162][1610] SELECT sum(u_creditos*1) FROM dace006 a, tblaca009 b WHERE a.exp_e='11-24559496' AND a.lapso='2013-1' AND b.pensum='5' AND b.c_uni_ca='6' AND status IN ('7','A','2') AND a.c_asigna=b.c_asigna AND a.c_asigna IN ('300207','300209','300213','300228') [1][0] OK
C:[28/04/2013 17:08:35.79][186.90.216.162][1626] SELECT MAX(semestre) FROM dace006 a, tblaca009 b WHERE a.exp_e='11-24559496' AND a.lapso='2013-1' AND b.pensum='5' AND b.c_uni_ca='6' AND status IN ('7','A','2') AND a.c_asigna=b.c_asigna  [1][0] OK
C:[28/04/2013 17:32:16.57][190.37.60.228][1383] SELECT pre_cod_asig1,pre_cod_asig2,pre_cod_asig3,pre_cod_asig4,pre_cod_asig5,pre_cod_asig6,pre_cod_asig7 FROM tblaca009 WHERE pensum='5' AND c_uni_ca='3' AND c_asigna='311822' [1][0] OK
C:[28/04/2013 17:32:16.57][190.37.60.228][1396] SELECT c_asigna FROM dace004 WHERE exp_e='10-13273543' AND c_asigna='311795' AND status IN ('0','3','B') [1][0] OK
C:[28/04/2013 17:32:16.57][190.37.60.228][1383] SELECT pre_cod_asig1,pre_cod_asig2,pre_cod_asig3,pre_cod_asig4,pre_cod_asig5,pre_cod_asig6,pre_cod_asig7 FROM tblaca009 WHERE pensum='5' AND c_uni_ca='3' AND c_asigna='311823' [1][0] OK
C:[28/04/2013 17:32:16.57][190.37.60.228][1396] SELECT c_asigna FROM dace004 WHERE exp_e='10-13273543' AND c_asigna='311795' AND status IN ('0','3','B') [1][0] OK
C:[28/04/2013 17:32:16.57][190.37.60.228][1383] SELECT pre_cod_asig1,pre_cod_asig2,pre_cod_asig3,pre_cod_asig4,pre_cod_asig5,pre_cod_asig6,pre_cod_asig7 FROM tblaca009 WHERE pensum='5' AND c_uni_ca='3' AND c_asigna='311824' [1][0] OK
C:[28/04/2013 17:32:16.57][190.37.60.228][1396] SELECT c_asigna FROM dace004 WHERE exp_e='10-13273543' AND c_asigna='311796' AND status IN ('0','3','B') [1][0] OK
C:[28/04/2013 17:32:16.57][190.37.60.228][1383] SELECT pre_cod_asig1,pre_cod_asig2,pre_cod_asig3,pre_cod_asig4,pre_cod_asig5,pre_cod_asig6,pre_cod_asig7 FROM tblaca009 WHERE pensum='5' AND c_uni_ca='3' AND c_asigna='311825' [1][0] OK
C:[28/04/2013 17:32:16.57][190.37.60.228][1396] SELECT c_asigna FROM dace004 WHERE exp_e='10-13273543' AND c_asigna='311775' AND status IN ('0','3','B') [1][0] OK
C:[28/04/2013 17:32:16.57][190.37.60.228][1396] SELECT c_asigna FROM dace004 WHERE exp_e='10-13273543' AND c_asigna='311795' AND status IN ('0','3','B') [1][0] OK
C:[28/04/2013 17:32:16.57][190.37.60.228][1383] SELECT pre_cod_asig1,pre_cod_asig2,pre_cod_asig3,pre_cod_asig4,pre_cod_asig5,pre_cod_asig6,pre_cod_asig7 FROM tblaca009 WHERE pensum='5' AND c_uni_ca='3' AND c_asigna='311826' [1][0] OK
C:[28/04/2013 17:32:16.57][190.37.60.228][1396] SELECT c_asigna FROM dace004 WHERE exp_e='10-13273543' AND c_asigna='311799' AND status IN ('0','3','B') [1][0] OK
C:[28/04/2013 17:32:16.57][190.37.60.228][1383] SELECT pre_cod_asig1,pre_cod_asig2,pre_cod_asig3,pre_cod_asig4,pre_cod_asig5,pre_cod_asig6,pre_cod_asig7 FROM tblaca009 WHERE pensum='5' AND c_uni_ca='3' AND c_asigna='333059' [1][0] OK
C:[28/04/2013 17:32:16.07][190.37.60.228][1427] SELECT par_cod_asig1,par_cod_asig2,par_cod_asig3 FROM tblaca009 WHERE pensum='5' AND c_uni_ca='3' AND c_asigna='311822' [1][0] OK
C:[28/04/2013 17:32:16.07][190.37.60.228][1427] SELECT par_cod_asig1,par_cod_asig2,par_cod_asig3 FROM tblaca009 WHERE pensum='5' AND c_uni_ca='3' AND c_asigna='311823' [1][0] OK
C:[28/04/2013 17:32:16.07][190.37.60.228][1427] SELECT par_cod_asig1,par_cod_asig2,par_cod_asig3 FROM tblaca009 WHERE pensum='5' AND c_uni_ca='3' AND c_asigna='311824' [1][0] OK
C:[28/04/2013 17:32:16.07][190.37.60.228][1427] SELECT par_cod_asig1,par_cod_asig2,par_cod_asig3 FROM tblaca009 WHERE pensum='5' AND c_uni_ca='3' AND c_asigna='311825' [1][0] OK
C:[28/04/2013 17:32:16.07][190.37.60.228][1427] SELECT par_cod_asig1,par_cod_asig2,par_cod_asig3 FROM tblaca009 WHERE pensum='5' AND c_uni_ca='3' AND c_asigna='311826' [1][0] OK
C:[28/04/2013 17:32:16.07][190.37.60.228][1427] SELECT par_cod_asig1,par_cod_asig2,par_cod_asig3 FROM tblaca009 WHERE pensum='5' AND c_uni_ca='3' AND c_asigna='333059' [1][0] OK
C:[28/04/2013 17:32:16.83][190.37.60.228][1557] SELECT horas_lab FROM tblaca008 WHERE c_asigna='311822' AND horas_teoricas > 0 [1][0] OK
C:[28/04/2013 17:32:16.94][190.37.60.228][1591] SELECT sum(u_creditos*1) FROM dace006 a, tblaca009 b WHERE a.exp_e='10-13273543' AND a.lapso='2013-1' AND b.pensum='5' AND b.c_uni_ca='3' AND status IN ('7','A','2') AND a.c_asigna=b.c_asigna  [1][0] OK
C:[28/04/2013 17:32:17.31][190.37.60.228][1610] SELECT sum(u_creditos*1) FROM dace006 a, tblaca009 b WHERE a.exp_e='10-13273543' AND a.lapso='2013-1' AND b.pensum='5' AND b.c_uni_ca='3' AND status IN ('7','A','2') AND a.c_asigna=b.c_asigna AND a.c_asigna IN ('311823','311824','311825','311826','333059') [1][0] OK
C:[28/04/2013 17:32:17.25][190.37.60.228][1626] SELECT MAX(semestre) FROM dace006 a, tblaca009 b WHERE a.exp_e='10-13273543' AND a.lapso='2013-1' AND b.pensum='5' AND b.c_uni_ca='3' AND status IN ('7','A','2') AND a.c_asigna=b.c_asigna  [1][0] OK
C:[28/04/2013 17:32:17.63][190.37.60.228][1646] SELECT MIN(semestre) FROM dace006 a, tblaca009 b WHERE a.exp_e='10-13273543' AND a.lapso='2013-1' AND b.pensum='5' AND b.c_uni_ca='3' AND status IN ('7','A','2') AND a.c_asigna=b.c_asigna AND a.c_asigna IN ('311822') [1][0] OK
C:[28/04/2013 19:41:18.73][190.206.62.188][1383] SELECT pre_cod_asig1,pre_cod_asig2,pre_cod_asig3,pre_cod_asig4,pre_cod_asig5,pre_cod_asig6,pre_cod_asig7 FROM tblaca009 WHERE pensum='5' AND c_uni_ca='2' AND c_asigna='322683' [1][0] OK
C:[28/04/2013 19:41:18.73][190.206.62.188][1396] SELECT c_asigna FROM dace004 WHERE exp_e='09-24411294' AND c_asigna='322560' AND status IN ('0','3','B') [1][0] OK
C:[28/04/2013 19:41:18.73][190.206.62.188][1383] SELECT pre_cod_asig1,pre_cod_asig2,pre_cod_asig3,pre_cod_asig4,pre_cod_asig5,pre_cod_asig6,pre_cod_asig7 FROM tblaca009 WHERE pensum='5' AND c_uni_ca='2' AND c_asigna='322436' [1][0] OK
C:[28/04/2013 19:41:18.73][190.206.62.188][1396] SELECT c_asigna FROM dace004 WHERE exp_e='09-24411294' AND c_asigna='300317' AND status IN ('0','3','B') [1][0] OK
C:[28/04/2013 19:41:18.73][190.206.62.188][1396] SELECT c_asigna FROM dace004 WHERE exp_e='09-24411294' AND c_asigna='320311' AND status IN ('0','3','B') [1][0] OK
C:[28/04/2013 19:41:18.73][190.206.62.188][1383] SELECT pre_cod_asig1,pre_cod_asig2,pre_cod_asig3,pre_cod_asig4,pre_cod_asig5,pre_cod_asig6,pre_cod_asig7 FROM tblaca009 WHERE pensum='5' AND c_uni_ca='2' AND c_asigna='300677' [1][0] OK
C:[28/04/2013 19:41:18.73][190.206.62.188][1383] SELECT pre_cod_asig1,pre_cod_asig2,pre_cod_asig3,pre_cod_asig4,pre_cod_asig5,pre_cod_asig6,pre_cod_asig7 FROM tblaca009 WHERE pensum='5' AND c_uni_ca='2' AND c_asigna='322669' [1][0] OK
C:[28/04/2013 19:41:18.73][190.206.62.188][1396] SELECT c_asigna FROM dace004 WHERE exp_e='09-24411294' AND c_asigna='322558' AND status IN ('0','3','B') [1][0] OK
C:[28/04/2013 19:41:18.73][190.206.62.188][1396] SELECT c_asigna FROM dace004 WHERE exp_e='09-24411294' AND c_asigna='323528' AND status IN ('0','3','B') [1][0] OK
C:[28/04/2013 19:41:18.73][190.206.62.188][1383] SELECT pre_cod_asig1,pre_cod_asig2,pre_cod_asig3,pre_cod_asig4,pre_cod_asig5,pre_cod_asig6,pre_cod_asig7 FROM tblaca009 WHERE pensum='5' AND c_uni_ca='2' AND c_asigna='322681' [1][0] OK
C:[28/04/2013 19:41:18.73][190.206.62.188][1396] SELECT c_asigna FROM dace004 WHERE exp_e='09-24411294' AND c_asigna='320437' AND status IN ('0','3','B') [1][0] OK
C:[28/04/2013 19:41:18.73][190.206.62.188][1396] SELECT c_asigna FROM dace004 WHERE exp_e='09-24411294' AND c_asigna='322449' AND status IN ('0','3','B') [1][0] OK
C:[28/04/2013 19:41:18.73][190.206.62.188][1396] SELECT c_asigna FROM dace004 WHERE exp_e='09-24411294' AND c_asigna='300313' AND status IN ('0','3','B') [1][0] OK
C:[28/04/2013 19:41:18.73][190.206.62.188][1396] SELECT c_asigna FROM dace004 WHERE exp_e='09-24411294' AND c_asigna='300209' AND status IN ('0','3','B') [1][0] OK
C:[28/04/2013 19:41:18.73][190.206.62.188][1396] SELECT c_asigna FROM dace004 WHERE exp_e='09-24411294' AND c_asigna='300226' AND status IN ('0','3','B') [1][0] OK
C:[28/04/2013 19:41:18.85][190.206.62.188][1427] SELECT par_cod_asig1,par_cod_asig2,par_cod_asig3 FROM tblaca009 WHERE pensum='5' AND c_uni_ca='2' AND c_asigna='322683' [1][0] OK
C:[28/04/2013 19:41:18.85][190.206.62.188][1441] SELECT c_asigna FROM dace004 WHERE exp_e='09-24411294' AND c_asigna='322681' AND status IN ('0','3','B','C') [0][0] OK
C:[28/04/2013 19:41:18.85][190.206.62.188][1427] SELECT par_cod_asig1,par_cod_asig2,par_cod_asig3 FROM tblaca009 WHERE pensum='5' AND c_uni_ca='2' AND c_asigna='322436' [1][0] OK
C:[28/04/2013 19:41:18.85][190.206.62.188][1427] SELECT par_cod_asig1,par_cod_asig2,par_cod_asig3 FROM tblaca009 WHERE pensum='5' AND c_uni_ca='2' AND c_asigna='300677' [1][0] OK
C:[28/04/2013 19:41:18.85][190.206.62.188][1427] SELECT par_cod_asig1,par_cod_asig2,par_cod_asig3 FROM tblaca009 WHERE pensum='5' AND c_uni_ca='2' AND c_asigna='322669' [1][0] OK
C:[28/04/2013 19:41:18.85][190.206.62.188][1427] SELECT par_cod_asig1,par_cod_asig2,par_cod_asig3 FROM tblaca009 WHERE pensum='5' AND c_uni_ca='2' AND c_asigna='322681' [1][0] OK
C:[28/04/2013 19:41:18.61][190.206.62.188][1557] SELECT horas_lab FROM tblaca008 WHERE c_asigna='322683' AND horas_teoricas > 0 [1][0] OK
C:[28/04/2013 19:41:18.73][190.206.62.188][1591] SELECT sum(u_creditos*1) FROM dace006 a, tblaca009 b WHERE a.exp_e='09-24411294' AND a.lapso='2013-1' AND b.pensum='5' AND b.c_uni_ca='2' AND status IN ('7','A','2') AND a.c_asigna=b.c_asigna  [1][0] OK
C:[28/04/2013 19:41:19.10][190.206.62.188][1610] SELECT sum(u_creditos*1) FROM dace006 a, tblaca009 b WHERE a.exp_e='09-24411294' AND a.lapso='2013-1' AND b.pensum='5' AND b.c_uni_ca='2' AND status IN ('7','A','2') AND a.c_asigna=b.c_asigna AND a.c_asigna IN ('322436','300677','322669','322681') [1][0] OK
C:[28/04/2013 19:41:19.47][190.206.62.188][1626] SELECT MAX(semestre) FROM dace006 a, tblaca009 b WHERE a.exp_e='09-24411294' AND a.lapso='2013-1' AND b.pensum='5' AND b.c_uni_ca='2' AND status IN ('7','A','2') AND a.c_asigna=b.c_asigna  [1][0] OK
C:[28/04/2013 19:41:19.85][190.206.62.188][1646] SELECT MIN(semestre) FROM dace006 a, tblaca009 b WHERE a.exp_e='09-24411294' AND a.lapso='2013-1' AND b.pensum='5' AND b.c_uni_ca='2' AND status IN ('7','A','2') AND a.c_asigna=b.c_asigna AND a.c_asigna IN ('322683') [1][0] OK
C:[28/04/2013 19:59:38.14][186.90.196.241][1383] SELECT pre_cod_asig1,pre_cod_asig2,pre_cod_asig3,pre_cod_asig4,pre_cod_asig5,pre_cod_asig6,pre_cod_asig7 FROM tblaca009 WHERE pensum='5' AND c_uni_ca='4' AND c_asigna='300890' [1][0] OK
C:[28/04/2013 19:59:38.14][186.90.196.241][1383] SELECT pre_cod_asig1,pre_cod_asig2,pre_cod_asig3,pre_cod_asig4,pre_cod_asig5,pre_cod_asig6,pre_cod_asig7 FROM tblaca009 WHERE pensum='5' AND c_uni_ca='4' AND c_asigna='333809' [1][0] OK
C:[28/04/2013 19:59:38.14][186.90.196.241][1396] SELECT c_asigna FROM dace004 WHERE exp_e='09-22574186' AND c_asigna='333683' AND status IN ('0','3','B') [1][0] OK
C:[28/04/2013 19:59:38.14][186.90.196.241][1396] SELECT c_asigna FROM dace004 WHERE exp_e='09-22574186' AND c_asigna='333710' AND status IN ('0','3','B') [1][0] OK
C:[28/04/2013 19:59:38.14][186.90.196.241][1383] SELECT pre_cod_asig1,pre_cod_asig2,pre_cod_asig3,pre_cod_asig4,pre_cod_asig5,pre_cod_asig6,pre_cod_asig7 FROM tblaca009 WHERE pensum='5' AND c_uni_ca='4' AND c_asigna='333830' [1][0] OK
C:[28/04/2013 19:59:38.14][186.90.196.241][1396] SELECT c_asigna FROM dace004 WHERE exp_e='09-22574186' AND c_asigna='333710' AND status IN ('0','3','B') [1][0] OK
C:[28/04/2013 19:59:38.14][186.90.196.241][1396] SELECT c_asigna FROM dace004 WHERE exp_e='09-22574186' AND c_asigna='333782' AND status IN ('0','3','B') [1][0] OK
C:[28/04/2013 19:59:38.14][186.90.196.241][1383] SELECT pre_cod_asig1,pre_cod_asig2,pre_cod_asig3,pre_cod_asig4,pre_cod_asig5,pre_cod_asig6,pre_cod_asig7 FROM tblaca009 WHERE pensum='5' AND c_uni_ca='4' AND c_asigna='333831' [1][0] OK
C:[28/04/2013 19:59:38.14][186.90.196.241][1396] SELECT c_asigna FROM dace004 WHERE exp_e='09-22574186' AND c_asigna='333611' AND status IN ('0','3','B') [1][0] OK
C:[28/04/2013 19:59:38.14][186.90.196.241][1383] SELECT pre_cod_asig1,pre_cod_asig2,pre_cod_asig3,pre_cod_asig4,pre_cod_asig5,pre_cod_asig6,pre_cod_asig7 FROM tblaca009 WHERE pensum='5' AND c_uni_ca='4' AND c_asigna='333042' [1][0] OK
C:[28/04/2013 19:59:38.14][186.90.196.241][1396] SELECT c_asigna FROM dace004 WHERE exp_e='09-22574186' AND c_asigna='333707' AND status IN ('0','3','B') [1][0] OK
C:[28/04/2013 19:59:38.14][186.90.196.241][1383] SELECT pre_cod_asig1,pre_cod_asig2,pre_cod_asig3,pre_cod_asig4,pre_cod_asig5,pre_cod_asig6,pre_cod_asig7 FROM tblaca009 WHERE pensum='5' AND c_uni_ca='4' AND c_asigna='333838' [1][0] OK
C:[28/04/2013 19:59:38.14][186.90.196.241][1396] SELECT c_asigna FROM dace004 WHERE exp_e='09-22574186' AND c_asigna='333563' AND status IN ('0','3','B') [1][0] OK
C:[28/04/2013 19:59:38.14][186.90.196.241][1396] SELECT c_asigna FROM dace004 WHERE exp_e='09-22574186' AND c_asigna='333683' AND status IN ('0','3','B') [1][0] OK
C:[28/04/2013 19:59:38.89][186.90.196.241][1427] SELECT par_cod_asig1,par_cod_asig2,par_cod_asig3 FROM tblaca009 WHERE pensum='5' AND c_uni_ca='4' AND c_asigna='300890' [1][0] OK
C:[28/04/2013 19:59:38.89][186.90.196.241][1427] SELECT par_cod_asig1,par_cod_asig2,par_cod_asig3 FROM tblaca009 WHERE pensum='5' AND c_uni_ca='4' AND c_asigna='333809' [1][0] OK
C:[28/04/2013 19:59:38.89][186.90.196.241][1427] SELECT par_cod_asig1,par_cod_asig2,par_cod_asig3 FROM tblaca009 WHERE pensum='5' AND c_uni_ca='4' AND c_asigna='333830' [1][0] OK
C:[28/04/2013 19:59:38.89][186.90.196.241][1427] SELECT par_cod_asig1,par_cod_asig2,par_cod_asig3 FROM tblaca009 WHERE pensum='5' AND c_uni_ca='4' AND c_asigna='333831' [1][0] OK
C:[28/04/2013 19:59:38.89][186.90.196.241][1427] SELECT par_cod_asig1,par_cod_asig2,par_cod_asig3 FROM tblaca009 WHERE pensum='5' AND c_uni_ca='4' AND c_asigna='333042' [1][0] OK
C:[28/04/2013 19:59:38.89][186.90.196.241][1427] SELECT par_cod_asig1,par_cod_asig2,par_cod_asig3 FROM tblaca009 WHERE pensum='5' AND c_uni_ca='4' AND c_asigna='333838' [1][0] OK
C:[28/04/2013 19:59:39.65][186.90.196.241][1557] SELECT horas_lab FROM tblaca008 WHERE c_asigna='300890' AND horas_teoricas > 0 [1][0] OK
C:[28/04/2013 19:59:39.77][186.90.196.241][1591] SELECT sum(u_creditos*1) FROM dace006 a, tblaca009 b WHERE a.exp_e='09-22574186' AND a.lapso='2013-1' AND b.pensum='5' AND b.c_uni_ca='4' AND status IN ('7','A','2') AND a.c_asigna=b.c_asigna  [1][0] OK
C:[28/04/2013 19:59:39.70][186.90.196.241][1610] SELECT sum(u_creditos*1) FROM dace006 a, tblaca009 b WHERE a.exp_e='09-22574186' AND a.lapso='2013-1' AND b.pensum='5' AND b.c_uni_ca='4' AND status IN ('7','A','2') AND a.c_asigna=b.c_asigna AND a.c_asigna IN ('333809','333830','333831','333042','333838') [1][0] OK
C:[28/04/2013 19:59:39.64][186.90.196.241][1626] SELECT MAX(semestre) FROM dace006 a, tblaca009 b WHERE a.exp_e='09-22574186' AND a.lapso='2013-1' AND b.pensum='5' AND b.c_uni_ca='4' AND status IN ('7','A','2') AND a.c_asigna=b.c_asigna  [1][0] OK
C:[28/04/2013 19:59:39.02][186.90.196.241][1646] SELECT MIN(semestre) FROM dace006 a, tblaca009 b WHERE a.exp_e='09-22574186' AND a.lapso='2013-1' AND b.pensum='5' AND b.c_uni_ca='4' AND status IN ('7','A','2') AND a.c_asigna=b.c_asigna AND a.c_asigna IN ('300890') [1][0] OK
C:[28/04/2013 20:01:17.81][186.90.196.241][1383] SELECT pre_cod_asig1,pre_cod_asig2,pre_cod_asig3,pre_cod_asig4,pre_cod_asig5,pre_cod_asig6,pre_cod_asig7 FROM tblaca009 WHERE pensum='5' AND c_uni_ca='4' AND c_asigna='300890' [1][0] OK
C:[28/04/2013 20:01:17.81][186.90.196.241][1383] SELECT pre_cod_asig1,pre_cod_asig2,pre_cod_asig3,pre_cod_asig4,pre_cod_asig5,pre_cod_asig6,pre_cod_asig7 FROM tblaca009 WHERE pensum='5' AND c_uni_ca='4' AND c_asigna='333809' [1][0] OK
C:[28/04/2013 20:01:17.81][186.90.196.241][1396] SELECT c_asigna FROM dace004 WHERE exp_e='09-22852792' AND c_asigna='333683' AND status IN ('0','3','B') [1][0] OK
C:[28/04/2013 20:01:17.81][186.90.196.241][1396] SELECT c_asigna FROM dace004 WHERE exp_e='09-22852792' AND c_asigna='333710' AND status IN ('0','3','B') [1][0] OK
C:[28/04/2013 20:01:17.81][186.90.196.241][1383] SELECT pre_cod_asig1,pre_cod_asig2,pre_cod_asig3,pre_cod_asig4,pre_cod_asig5,pre_cod_asig6,pre_cod_asig7 FROM tblaca009 WHERE pensum='5' AND c_uni_ca='4' AND c_asigna='333830' [1][0] OK
C:[28/04/2013 20:01:17.81][186.90.196.241][1396] SELECT c_asigna FROM dace004 WHERE exp_e='09-22852792' AND c_asigna='333710' AND status IN ('0','3','B') [1][0] OK
C:[28/04/2013 20:01:17.81][186.90.196.241][1396] SELECT c_asigna FROM dace004 WHERE exp_e='09-22852792' AND c_asigna='333782' AND status IN ('0','3','B') [1][0] OK
C:[28/04/2013 20:01:17.81][186.90.196.241][1383] SELECT pre_cod_asig1,pre_cod_asig2,pre_cod_asig3,pre_cod_asig4,pre_cod_asig5,pre_cod_asig6,pre_cod_asig7 FROM tblaca009 WHERE pensum='5' AND c_uni_ca='4' AND c_asigna='333831' [1][0] OK
C:[28/04/2013 20:01:17.81][186.90.196.241][1396] SELECT c_asigna FROM dace004 WHERE exp_e='09-22852792' AND c_asigna='333611' AND status IN ('0','3','B') [1][0] OK
C:[28/04/2013 20:01:17.81][186.90.196.241][1383] SELECT pre_cod_asig1,pre_cod_asig2,pre_cod_asig3,pre_cod_asig4,pre_cod_asig5,pre_cod_asig6,pre_cod_asig7 FROM tblaca009 WHERE pensum='5' AND c_uni_ca='4' AND c_asigna='333838' [1][0] OK
C:[28/04/2013 20:01:17.81][186.90.196.241][1396] SELECT c_asigna FROM dace004 WHERE exp_e='09-22852792' AND c_asigna='333563' AND status IN ('0','3','B') [1][0] OK
C:[28/04/2013 20:01:17.81][186.90.196.241][1396] SELECT c_asigna FROM dace004 WHERE exp_e='09-22852792' AND c_asigna='333683' AND status IN ('0','3','B') [1][0] OK
C:[28/04/2013 20:01:17.81][186.90.196.241][1383] SELECT pre_cod_asig1,pre_cod_asig2,pre_cod_asig3,pre_cod_asig4,pre_cod_asig5,pre_cod_asig6,pre_cod_asig7 FROM tblaca009 WHERE pensum='5' AND c_uni_ca='4' AND c_asigna='333042' [1][0] OK
C:[28/04/2013 20:01:17.81][186.90.196.241][1396] SELECT c_asigna FROM dace004 WHERE exp_e='09-22852792' AND c_asigna='333707' AND status IN ('0','3','B') [1][0] OK
C:[28/04/2013 20:01:17.56][186.90.196.241][1427] SELECT par_cod_asig1,par_cod_asig2,par_cod_asig3 FROM tblaca009 WHERE pensum='5' AND c_uni_ca='4' AND c_asigna='300890' [1][0] OK
C:[28/04/2013 20:01:17.56][186.90.196.241][1427] SELECT par_cod_asig1,par_cod_asig2,par_cod_asig3 FROM tblaca009 WHERE pensum='5' AND c_uni_ca='4' AND c_asigna='333809' [1][0] OK
C:[28/04/2013 20:01:17.56][186.90.196.241][1427] SELECT par_cod_asig1,par_cod_asig2,par_cod_asig3 FROM tblaca009 WHERE pensum='5' AND c_uni_ca='4' AND c_asigna='333830' [1][0] OK
C:[28/04/2013 20:01:17.56][186.90.196.241][1427] SELECT par_cod_asig1,par_cod_asig2,par_cod_asig3 FROM tblaca009 WHERE pensum='5' AND c_uni_ca='4' AND c_asigna='333831' [1][0] OK
C:[28/04/2013 20:01:17.56][186.90.196.241][1427] SELECT par_cod_asig1,par_cod_asig2,par_cod_asig3 FROM tblaca009 WHERE pensum='5' AND c_uni_ca='4' AND c_asigna='333838' [1][0] OK
C:[28/04/2013 20:01:17.56][186.90.196.241][1427] SELECT par_cod_asig1,par_cod_asig2,par_cod_asig3 FROM tblaca009 WHERE pensum='5' AND c_uni_ca='4' AND c_asigna='333042' [1][0] OK
C:[28/04/2013 20:01:18.32][186.90.196.241][1557] SELECT horas_lab FROM tblaca008 WHERE c_asigna='300890' AND horas_teoricas > 0 [1][0] OK
C:[28/04/2013 20:01:18.43][186.90.196.241][1591] SELECT sum(u_creditos*1) FROM dace006 a, tblaca009 b WHERE a.exp_e='09-22852792' AND a.lapso='2013-1' AND b.pensum='5' AND b.c_uni_ca='4' AND status IN ('7','A','2') AND a.c_asigna=b.c_asigna  [1][0] OK
C:[28/04/2013 20:01:18.81][186.90.196.241][1610] SELECT sum(u_creditos*1) FROM dace006 a, tblaca009 b WHERE a.exp_e='09-22852792' AND a.lapso='2013-1' AND b.pensum='5' AND b.c_uni_ca='4' AND status IN ('7','A','2') AND a.c_asigna=b.c_asigna AND a.c_asigna IN ('333809','333830','333831','333838','333042') [1][0] OK
C:[28/04/2013 20:01:18.18][186.90.196.241][1626] SELECT MAX(semestre) FROM dace006 a, tblaca009 b WHERE a.exp_e='09-22852792' AND a.lapso='2013-1' AND b.pensum='5' AND b.c_uni_ca='4' AND status IN ('7','A','2') AND a.c_asigna=b.c_asigna  [1][0] OK
C:[28/04/2013 20:01:18.56][186.90.196.241][1646] SELECT MIN(semestre) FROM dace006 a, tblaca009 b WHERE a.exp_e='09-22852792' AND a.lapso='2013-1' AND b.pensum='5' AND b.c_uni_ca='4' AND status IN ('7','A','2') AND a.c_asigna=b.c_asigna AND a.c_asigna IN ('300890') [1][0] OK
C:[28/04/2013 21:02:55.01][190.206.57.135][1383] SELECT pre_cod_asig1,pre_cod_asig2,pre_cod_asig3,pre_cod_asig4,pre_cod_asig5,pre_cod_asig6,pre_cod_asig7 FROM tblaca009 WHERE pensum='5' AND c_uni_ca='4' AND c_asigna='300105' [1][0] OK
C:[28/04/2013 21:02:55.01][190.206.57.135][1383] SELECT pre_cod_asig1,pre_cod_asig2,pre_cod_asig3,pre_cod_asig4,pre_cod_asig5,pre_cod_asig6,pre_cod_asig7 FROM tblaca009 WHERE pensum='5' AND c_uni_ca='4' AND c_asigna='300222' [1][0] OK
C:[28/04/2013 21:02:55.01][190.206.57.135][1396] SELECT c_asigna FROM dace004 WHERE exp_e='12-25446617' AND c_asigna='300112' AND status IN ('0','3','B') [1][0] OK
C:[28/04/2013 21:02:55.01][190.206.57.135][1383] SELECT pre_cod_asig1,pre_cod_asig2,pre_cod_asig3,pre_cod_asig4,pre_cod_asig5,pre_cod_asig6,pre_cod_asig7 FROM tblaca009 WHERE pensum='5' AND c_uni_ca='4' AND c_asigna='300013' [1][0] OK
C:[28/04/2013 21:02:55.01][190.206.57.135][1383] SELECT pre_cod_asig1,pre_cod_asig2,pre_cod_asig3,pre_cod_asig4,pre_cod_asig5,pre_cod_asig6,pre_cod_asig7 FROM tblaca009 WHERE pensum='5' AND c_uni_ca='4' AND c_asigna='300101' [1][0] OK
C:[28/04/2013 21:02:55.01][190.206.57.135][1383] SELECT pre_cod_asig1,pre_cod_asig2,pre_cod_asig3,pre_cod_asig4,pre_cod_asig5,pre_cod_asig6,pre_cod_asig7 FROM tblaca009 WHERE pensum='5' AND c_uni_ca='4' AND c_asigna='300116' [1][0] OK
C:[28/04/2013 21:02:55.89][190.206.57.135][1427] SELECT par_cod_asig1,par_cod_asig2,par_cod_asig3 FROM tblaca009 WHERE pensum='5' AND c_uni_ca='4' AND c_asigna='300105' [1][0] OK
C:[28/04/2013 21:02:55.89][190.206.57.135][1427] SELECT par_cod_asig1,par_cod_asig2,par_cod_asig3 FROM tblaca009 WHERE pensum='5' AND c_uni_ca='4' AND c_asigna='300222' [1][0] OK
C:[28/04/2013 21:02:55.89][190.206.57.135][1427] SELECT par_cod_asig1,par_cod_asig2,par_cod_asig3 FROM tblaca009 WHERE pensum='5' AND c_uni_ca='4' AND c_asigna='300013' [1][0] OK
C:[28/04/2013 21:02:55.89][190.206.57.135][1427] SELECT par_cod_asig1,par_cod_asig2,par_cod_asig3 FROM tblaca009 WHERE pensum='5' AND c_uni_ca='4' AND c_asigna='300101' [1][0] OK
C:[28/04/2013 21:02:55.89][190.206.57.135][1427] SELECT par_cod_asig1,par_cod_asig2,par_cod_asig3 FROM tblaca009 WHERE pensum='5' AND c_uni_ca='4' AND c_asigna='300116' [1][0] OK
C:[28/04/2013 21:02:55.52][190.206.57.135][1557] SELECT horas_lab FROM tblaca008 WHERE c_asigna='300105' AND horas_teoricas > 0 [1][0] OK
C:[28/04/2013 21:02:55.64][190.206.57.135][1591] SELECT sum(u_creditos*1) FROM dace006 a, tblaca009 b WHERE a.exp_e='12-25446617' AND a.lapso='2013-1' AND b.pensum='5' AND b.c_uni_ca='4' AND status IN ('7','A','2') AND a.c_asigna=b.c_asigna  [1][0] OK
C:[28/04/2013 21:02:55.01][190.206.57.135][1610] SELECT sum(u_creditos*1) FROM dace006 a, tblaca009 b WHERE a.exp_e='12-25446617' AND a.lapso='2013-1' AND b.pensum='5' AND b.c_uni_ca='4' AND status IN ('7','A','2') AND a.c_asigna=b.c_asigna AND a.c_asigna IN ('300222','300013','300101','300116') [1][0] OK
C:[28/04/2013 21:02:56.95][190.206.57.135][1626] SELECT MAX(semestre) FROM dace006 a, tblaca009 b WHERE a.exp_e='12-25446617' AND a.lapso='2013-1' AND b.pensum='5' AND b.c_uni_ca='4' AND status IN ('7','A','2') AND a.c_asigna=b.c_asigna  [1][0] OK
C:[28/04/2013 21:02:56.32][190.206.57.135][1646] SELECT MIN(semestre) FROM dace006 a, tblaca009 b WHERE a.exp_e='12-25446617' AND a.lapso='2013-1' AND b.pensum='5' AND b.c_uni_ca='4' AND status IN ('7','A','2') AND a.c_asigna=b.c_asigna AND a.c_asigna IN ('300105') [1][0] OK
C:[29/04/2013 02:44:28.50][190.198.144.229][1383] SELECT pre_cod_asig1,pre_cod_asig2,pre_cod_asig3,pre_cod_asig4,pre_cod_asig5,pre_cod_asig6,pre_cod_asig7 FROM tblaca009 WHERE pensum='5' AND c_uni_ca='5' AND c_asigna='300677' [1][0] OK
C:[29/04/2013 02:44:28.50][190.198.144.229][1383] SELECT pre_cod_asig1,pre_cod_asig2,pre_cod_asig3,pre_cod_asig4,pre_cod_asig5,pre_cod_asig6,pre_cod_asig7 FROM tblaca009 WHERE pensum='5' AND c_uni_ca='5' AND c_asigna='355570' [1][0] OK
C:[29/04/2013 02:44:28.50][190.198.144.229][1396] SELECT c_asigna FROM dace004 WHERE exp_e='08-20013192' AND c_asigna='355447' AND status IN ('0','3','B') [1][0] OK
C:[29/04/2013 02:44:28.50][190.198.144.229][1383] SELECT pre_cod_asig1,pre_cod_asig2,pre_cod_asig3,pre_cod_asig4,pre_cod_asig5,pre_cod_asig6,pre_cod_asig7 FROM tblaca009 WHERE pensum='5' AND c_uni_ca='5' AND c_asigna='355571' [1][0] OK
C:[29/04/2013 02:44:28.50][190.198.144.229][1396] SELECT c_asigna FROM dace004 WHERE exp_e='08-20013192' AND c_asigna='355447' AND status IN ('0','3','B') [1][0] OK
C:[29/04/2013 02:44:28.50][190.198.144.229][1383] SELECT pre_cod_asig1,pre_cod_asig2,pre_cod_asig3,pre_cod_asig4,pre_cod_asig5,pre_cod_asig6,pre_cod_asig7 FROM tblaca009 WHERE pensum='5' AND c_uni_ca='5' AND c_asigna='355572' [1][0] OK
C:[29/04/2013 02:44:28.50][190.198.144.229][1396] SELECT c_asigna FROM dace004 WHERE exp_e='08-20013192' AND c_asigna='300428' AND status IN ('0','3','B') [1][0] OK
C:[29/04/2013 02:44:28.05][190.198.144.229][1427] SELECT par_cod_asig1,par_cod_asig2,par_cod_asig3 FROM tblaca009 WHERE pensum='5' AND c_uni_ca='5' AND c_asigna='300677' [1][0] OK
C:[29/04/2013 02:44:28.05][190.198.144.229][1427] SELECT par_cod_asig1,par_cod_asig2,par_cod_asig3 FROM tblaca009 WHERE pensum='5' AND c_uni_ca='5' AND c_asigna='355570' [1][0] OK
C:[29/04/2013 02:44:28.05][190.198.144.229][1427] SELECT par_cod_asig1,par_cod_asig2,par_cod_asig3 FROM tblaca009 WHERE pensum='5' AND c_uni_ca='5' AND c_asigna='355571' [1][0] OK
C:[29/04/2013 02:44:28.05][190.198.144.229][1427] SELECT par_cod_asig1,par_cod_asig2,par_cod_asig3 FROM tblaca009 WHERE pensum='5' AND c_uni_ca='5' AND c_asigna='355572' [1][0] OK
C:[29/04/2013 02:44:29.56][190.198.144.229][1557] SELECT horas_lab FROM tblaca008 WHERE c_asigna='300677' AND horas_teoricas > 0 [1][0] OK
C:[29/04/2013 02:44:29.68][190.198.144.229][1591] SELECT sum(u_creditos*1) FROM dace006 a, tblaca009 b WHERE a.exp_e='08-20013192' AND a.lapso='2013-1' AND b.pensum='5' AND b.c_uni_ca='5' AND status IN ('7','A','2') AND a.c_asigna=b.c_asigna  [1][0] OK
C:[29/04/2013 02:44:29.05][190.198.144.229][1610] SELECT sum(u_creditos*1) FROM dace006 a, tblaca009 b WHERE a.exp_e='08-20013192' AND a.lapso='2013-1' AND b.pensum='5' AND b.c_uni_ca='5' AND status IN ('7','A','2') AND a.c_asigna=b.c_asigna AND a.c_asigna IN ('355570','355571','355572') [1][0] OK
C:[29/04/2013 02:44:29.42][190.198.144.229][1626] SELECT MAX(semestre) FROM dace006 a, tblaca009 b WHERE a.exp_e='08-20013192' AND a.lapso='2013-1' AND b.pensum='5' AND b.c_uni_ca='5' AND status IN ('7','A','2') AND a.c_asigna=b.c_asigna  [1][0] OK
C:[29/04/2013 02:44:29.80][190.198.144.229][1646] SELECT MIN(semestre) FROM dace006 a, tblaca009 b WHERE a.exp_e='08-20013192' AND a.lapso='2013-1' AND b.pensum='5' AND b.c_uni_ca='5' AND status IN ('7','A','2') AND a.c_asigna=b.c_asigna AND a.c_asigna IN ('300677') [1][0] OK
C:[29/04/2013 05:28:04.70][190.205.146.169][1383] SELECT pre_cod_asig1,pre_cod_asig2,pre_cod_asig3,pre_cod_asig4,pre_cod_asig5,pre_cod_asig6,pre_cod_asig7 FROM tblaca009 WHERE pensum='5' AND c_uni_ca='5' AND c_asigna='300870' [1][0] OK
C:[29/04/2013 05:28:04.70][190.205.146.169][1383] SELECT pre_cod_asig1,pre_cod_asig2,pre_cod_asig3,pre_cod_asig4,pre_cod_asig5,pre_cod_asig6,pre_cod_asig7 FROM tblaca009 WHERE pensum='5' AND c_uni_ca='5' AND c_asigna='355959' [1][0] OK
C:[29/04/2013 05:28:04.70][190.205.146.169][1383] SELECT pre_cod_asig1,pre_cod_asig2,pre_cod_asig3,pre_cod_asig4,pre_cod_asig5,pre_cod_asig6,pre_cod_asig7 FROM tblaca009 WHERE pensum='5' AND c_uni_ca='5' AND c_asigna='300956' [1][0] OK
C:[29/04/2013 05:28:04.70][190.205.146.169][1396] SELECT c_asigna FROM dace004 WHERE exp_e='06-18385642' AND c_asigna='300422' AND status IN ('0','3','B') [1][0] OK
C:[29/04/2013 05:28:04.70][190.205.146.169][1396] SELECT c_asigna FROM dace004 WHERE exp_e='06-18385642' AND c_asigna='300105' AND status IN ('0','3','B') [1][0] OK
C:[29/04/2013 05:28:04.70][190.205.146.169][1396] SELECT c_asigna FROM dace004 WHERE exp_e='06-18385642' AND c_asigna='300314' AND status IN ('0','3','B') [1][0] OK
C:[29/04/2013 05:28:04.70][190.205.146.169][1383] SELECT pre_cod_asig1,pre_cod_asig2,pre_cod_asig3,pre_cod_asig4,pre_cod_asig5,pre_cod_asig6,pre_cod_asig7 FROM tblaca009 WHERE pensum='5' AND c_uni_ca='5' AND c_asigna='300890' [1][0] OK
C:[29/04/2013 05:28:04.58][190.205.146.169][1427] SELECT par_cod_asig1,par_cod_asig2,par_cod_asig3 FROM tblaca009 WHERE pensum='5' AND c_uni_ca='5' AND c_asigna='300870' [1][0] OK
C:[29/04/2013 05:28:04.58][190.205.146.169][1427] SELECT par_cod_asig1,par_cod_asig2,par_cod_asig3 FROM tblaca009 WHERE pensum='5' AND c_uni_ca='5' AND c_asigna='355959' [1][0] OK
C:[29/04/2013 05:28:04.58][190.205.146.169][1441] SELECT c_asigna FROM dace004 WHERE exp_e='06-18385642' AND c_asigna='300956' AND status IN ('0','3','B','C') [0][0] OK
C:[29/04/2013 05:28:04.58][190.205.146.169][1427] SELECT par_cod_asig1,par_cod_asig2,par_cod_asig3 FROM tblaca009 WHERE pensum='5' AND c_uni_ca='5' AND c_asigna='300956' [1][0] OK
C:[29/04/2013 05:28:04.58][190.205.146.169][1427] SELECT par_cod_asig1,par_cod_asig2,par_cod_asig3 FROM tblaca009 WHERE pensum='5' AND c_uni_ca='5' AND c_asigna='300890' [1][0] OK
C:[29/04/2013 05:28:04.21][190.205.146.169][1557] SELECT horas_lab FROM tblaca008 WHERE c_asigna='300870' AND horas_teoricas > 0 [1][0] OK
C:[29/04/2013 05:28:04.33][190.205.146.169][1591] SELECT sum(u_creditos*1) FROM dace006 a, tblaca009 b WHERE a.exp_e='06-18385642' AND a.lapso='2013-1' AND b.pensum='5' AND b.c_uni_ca='5' AND status IN ('7','A','2') AND a.c_asigna=b.c_asigna  [1][0] OK
C:[29/04/2013 05:28:04.39][190.205.146.169][1610] SELECT sum(u_creditos*1) FROM dace006 a, tblaca009 b WHERE a.exp_e='06-18385642' AND a.lapso='2013-1' AND b.pensum='5' AND b.c_uni_ca='5' AND status IN ('7','A','2') AND a.c_asigna=b.c_asigna AND a.c_asigna IN ('355959','300956','300890') [1][0] OK
C:[29/04/2013 05:28:04.01][190.205.146.169][1626] SELECT MAX(semestre) FROM dace006 a, tblaca009 b WHERE a.exp_e='06-18385642' AND a.lapso='2013-1' AND b.pensum='5' AND b.c_uni_ca='5' AND status IN ('7','A','2') AND a.c_asigna=b.c_asigna  [1][0] OK
C:[29/04/2013 05:28:05.95][190.205.146.169][1646] SELECT MIN(semestre) FROM dace006 a, tblaca009 b WHERE a.exp_e='06-18385642' AND a.lapso='2013-1' AND b.pensum='5' AND b.c_uni_ca='5' AND status IN ('7','A','2') AND a.c_asigna=b.c_asigna AND a.c_asigna IN ('300870') [1][0] OK
C:[29/04/2013 08:57:28.33][200.11.137.196][1383] SELECT pre_cod_asig1,pre_cod_asig2,pre_cod_asig3,pre_cod_asig4,pre_cod_asig5,pre_cod_asig6,pre_cod_asig7 FROM tblaca009 WHERE pensum='5' AND c_uni_ca='6' AND c_asigna='300106' [1][0] OK
C:[29/04/2013 08:57:28.33][200.11.137.196][1383] SELECT pre_cod_asig1,pre_cod_asig2,pre_cod_asig3,pre_cod_asig4,pre_cod_asig5,pre_cod_asig6,pre_cod_asig7 FROM tblaca009 WHERE pensum='5' AND c_uni_ca='6' AND c_asigna='300209' [1][0] OK
C:[29/04/2013 08:57:28.33][200.11.137.196][1396] SELECT c_asigna FROM dace004 WHERE exp_e='11-20840718' AND c_asigna='300101' AND status IN ('0','3','B') [1][0] OK
C:[29/04/2013 08:57:28.33][200.11.137.196][1383] SELECT pre_cod_asig1,pre_cod_asig2,pre_cod_asig3,pre_cod_asig4,pre_cod_asig5,pre_cod_asig6,pre_cod_asig7 FROM tblaca009 WHERE pensum='5' AND c_uni_ca='6' AND c_asigna='300226' [1][0] OK
C:[29/04/2013 08:57:28.33][200.11.137.196][1396] SELECT c_asigna FROM dace004 WHERE exp_e='11-20840718' AND c_asigna='300116' AND status IN ('0','3','B') [1][0] OK
C:[29/04/2013 08:57:28.95][200.11.137.196][1427] SELECT par_cod_asig1,par_cod_asig2,par_cod_asig3 FROM tblaca009 WHERE pensum='5' AND c_uni_ca='6' AND c_asigna='300106' [1][0] OK
C:[29/04/2013 08:57:28.95][200.11.137.196][1427] SELECT par_cod_asig1,par_cod_asig2,par_cod_asig3 FROM tblaca009 WHERE pensum='5' AND c_uni_ca='6' AND c_asigna='300209' [1][0] OK
C:[29/04/2013 08:57:28.95][200.11.137.196][1427] SELECT par_cod_asig1,par_cod_asig2,par_cod_asig3 FROM tblaca009 WHERE pensum='5' AND c_uni_ca='6' AND c_asigna='300226' [1][0] OK
C:[29/04/2013 08:57:28.33][200.11.137.196][1557] SELECT horas_lab FROM tblaca008 WHERE c_asigna='300106' AND horas_teoricas > 0 [0][0] OK
C:[29/04/2013 08:57:28.45][200.11.137.196][1591] SELECT sum(u_creditos*1) FROM dace006 a, tblaca009 b WHERE a.exp_e='11-20840718' AND a.lapso='2013-1' AND b.pensum='5' AND b.c_uni_ca='6' AND status IN ('7','A','2') AND a.c_asigna=b.c_asigna  [1][0] OK
C:[29/04/2013 08:57:28.82][200.11.137.196][1610] SELECT sum(u_creditos*1) FROM dace006 a, tblaca009 b WHERE a.exp_e='11-20840718' AND a.lapso='2013-1' AND b.pensum='5' AND b.c_uni_ca='6' AND status IN ('7','A','2') AND a.c_asigna=b.c_asigna AND a.c_asigna IN ('300209','300226') [1][0] OK
C:[29/04/2013 08:57:28.20][200.11.137.196][1626] SELECT MAX(semestre) FROM dace006 a, tblaca009 b WHERE a.exp_e='11-20840718' AND a.lapso='2013-1' AND b.pensum='5' AND b.c_uni_ca='6' AND status IN ('7','A','2') AND a.c_asigna=b.c_asigna  [1][0] OK
C:[29/04/2013 08:57:29.58][200.11.137.196][1646] SELECT MIN(semestre) FROM dace006 a, tblaca009 b WHERE a.exp_e='11-20840718' AND a.lapso='2013-1' AND b.pensum='5' AND b.c_uni_ca='6' AND status IN ('7','A','2') AND a.c_asigna=b.c_asigna AND a.c_asigna IN ('300106') [1][0] OK
C:[29/04/2013 09:24:28.55][172.16.8.125][1383] SELECT pre_cod_asig1,pre_cod_asig2,pre_cod_asig3,pre_cod_asig4,pre_cod_asig5,pre_cod_asig6,pre_cod_asig7 FROM tblaca009 WHERE pensum='5' AND c_uni_ca='4' AND c_asigna='333809' [1][0] OK
C:[29/04/2013 09:24:28.55][172.16.8.125][1396] SELECT c_asigna FROM dace004 WHERE exp_e='08-20804737' AND c_asigna='333683' AND status IN ('0','3','B') [1][0] OK
C:[29/04/2013 09:24:28.55][172.16.8.125][1396] SELECT c_asigna FROM dace004 WHERE exp_e='08-20804737' AND c_asigna='333710' AND status IN ('0','3','B') [1][0] OK
C:[29/04/2013 09:24:28.55][172.16.8.125][1383] SELECT pre_cod_asig1,pre_cod_asig2,pre_cod_asig3,pre_cod_asig4,pre_cod_asig5,pre_cod_asig6,pre_cod_asig7 FROM tblaca009 WHERE pensum='5' AND c_uni_ca='4' AND c_asigna='334781' [1][0] OK
C:[29/04/2013 09:24:28.55][172.16.8.125][1396] SELECT c_asigna FROM dace004 WHERE exp_e='08-20804737' AND c_asigna='333444' AND status IN ('0','3','B') [1][0] OK
C:[29/04/2013 09:24:28.55][172.16.8.125][1396] SELECT c_asigna FROM dace004 WHERE exp_e='08-20804737' AND c_asigna='300209' AND status IN ('0','3','B') [1][0] OK
C:[29/04/2013 09:24:28.55][172.16.8.125][1396] SELECT c_asigna FROM dace004 WHERE exp_e='08-20804737' AND c_asigna='300313' AND status IN ('0','3','B') [1][0] OK
C:[29/04/2013 09:24:28.55][172.16.8.125][1396] SELECT c_asigna FROM dace004 WHERE exp_e='08-20804737' AND c_asigna='300222' AND status IN ('0','3','B') [1][0] OK
C:[29/04/2013 09:24:28.55][172.16.8.125][1396] SELECT c_asigna FROM dace004 WHERE exp_e='08-20804737' AND c_asigna='300226' AND status IN ('0','3','B') [1][0] OK
C:[29/04/2013 09:24:28.55][172.16.8.125][1396] SELECT c_asigna FROM dace004 WHERE exp_e='08-20804737' AND c_asigna='300317' AND status IN ('0','3','B') [1][0] OK
C:[29/04/2013 09:24:28.55][172.16.8.125][1383] SELECT pre_cod_asig1,pre_cod_asig2,pre_cod_asig3,pre_cod_asig4,pre_cod_asig5,pre_cod_asig6,pre_cod_asig7 FROM tblaca009 WHERE pensum='5' AND c_uni_ca='4' AND c_asigna='333830' [1][0] OK
C:[29/04/2013 09:24:28.55][172.16.8.125][1396] SELECT c_asigna FROM dace004 WHERE exp_e='08-20804737' AND c_asigna='333710' AND status IN ('0','3','B') [1][0] OK
C:[29/04/2013 09:24:28.55][172.16.8.125][1396] SELECT c_asigna FROM dace004 WHERE exp_e='08-20804737' AND c_asigna='333782' AND status IN ('0','3','B') [1][0] OK
C:[29/04/2013 09:24:28.55][172.16.8.125][1383] SELECT pre_cod_asig1,pre_cod_asig2,pre_cod_asig3,pre_cod_asig4,pre_cod_asig5,pre_cod_asig6,pre_cod_asig7 FROM tblaca009 WHERE pensum='5' AND c_uni_ca='4' AND c_asigna='333831' [1][0] OK
C:[29/04/2013 09:24:28.55][172.16.8.125][1396] SELECT c_asigna FROM dace004 WHERE exp_e='08-20804737' AND c_asigna='333611' AND status IN ('0','3','B') [1][0] OK
C:[29/04/2013 09:24:28.55][172.16.8.125][1383] SELECT pre_cod_asig1,pre_cod_asig2,pre_cod_asig3,pre_cod_asig4,pre_cod_asig5,pre_cod_asig6,pre_cod_asig7 FROM tblaca009 WHERE pensum='5' AND c_uni_ca='4' AND c_asigna='333838' [1][0] OK
C:[29/04/2013 09:24:28.55][172.16.8.125][1396] SELECT c_asigna FROM dace004 WHERE exp_e='08-20804737' AND c_asigna='333563' AND status IN ('0','3','B') [1][0] OK
C:[29/04/2013 09:24:28.55][172.16.8.125][1396] SELECT c_asigna FROM dace004 WHERE exp_e='08-20804737' AND c_asigna='333683' AND status IN ('0','3','B') [1][0] OK
C:[29/04/2013 09:24:28.80][172.16.8.125][1427] SELECT par_cod_asig1,par_cod_asig2,par_cod_asig3 FROM tblaca009 WHERE pensum='5' AND c_uni_ca='4' AND c_asigna='333809' [1][0] OK
C:[29/04/2013 09:24:28.80][172.16.8.125][1427] SELECT par_cod_asig1,par_cod_asig2,par_cod_asig3 FROM tblaca009 WHERE pensum='5' AND c_uni_ca='4' AND c_asigna='334781' [1][0] OK
C:[29/04/2013 09:24:28.80][172.16.8.125][1427] SELECT par_cod_asig1,par_cod_asig2,par_cod_asig3 FROM tblaca009 WHERE pensum='5' AND c_uni_ca='4' AND c_asigna='333830' [1][0] OK
C:[29/04/2013 09:24:28.80][172.16.8.125][1427] SELECT par_cod_asig1,par_cod_asig2,par_cod_asig3 FROM tblaca009 WHERE pensum='5' AND c_uni_ca='4' AND c_asigna='333831' [1][0] OK
C:[29/04/2013 09:24:28.80][172.16.8.125][1427] SELECT par_cod_asig1,par_cod_asig2,par_cod_asig3 FROM tblaca009 WHERE pensum='5' AND c_uni_ca='4' AND c_asigna='333838' [1][0] OK
C:[29/04/2013 09:24:28.43][172.16.8.125][1557] SELECT horas_lab FROM tblaca008 WHERE c_asigna='333809' AND horas_teoricas > 0 [1][0] OK
C:[29/04/2013 09:24:28.54][172.16.8.125][1591] SELECT sum(u_creditos*1) FROM dace006 a, tblaca009 b WHERE a.exp_e='08-20804737' AND a.lapso='2013-1' AND b.pensum='5' AND b.c_uni_ca='4' AND status IN ('7','A','2') AND a.c_asigna=b.c_asigna  [1][0] OK
C:[29/04/2013 09:24:29.92][172.16.8.125][1610] SELECT sum(u_creditos*1) FROM dace006 a, tblaca009 b WHERE a.exp_e='08-20804737' AND a.lapso='2013-1' AND b.pensum='5' AND b.c_uni_ca='4' AND status IN ('7','A','2') AND a.c_asigna=b.c_asigna AND a.c_asigna IN ('334781','333830','333831','333838') [1][0] OK
C:[29/04/2013 09:24:29.29][172.16.8.125][1626] SELECT MAX(semestre) FROM dace006 a, tblaca009 b WHERE a.exp_e='08-20804737' AND a.lapso='2013-1' AND b.pensum='5' AND b.c_uni_ca='4' AND status IN ('7','A','2') AND a.c_asigna=b.c_asigna  [1][0] OK
C:[29/04/2013 09:24:29.67][172.16.8.125][1646] SELECT MIN(semestre) FROM dace006 a, tblaca009 b WHERE a.exp_e='08-20804737' AND a.lapso='2013-1' AND b.pensum='5' AND b.c_uni_ca='4' AND status IN ('7','A','2') AND a.c_asigna=b.c_asigna AND a.c_asigna IN ('333809') [1][0] OK
C:[29/04/2013 09:29:56.45][186.90.63.188][1383] SELECT pre_cod_asig1,pre_cod_asig2,pre_cod_asig3,pre_cod_asig4,pre_cod_asig5,pre_cod_asig6,pre_cod_asig7 FROM tblaca009 WHERE pensum='5' AND c_uni_ca='2' AND c_asigna='300226' [1][0] OK
C:[29/04/2013 09:29:56.45][186.90.63.188][1396] SELECT c_asigna FROM dace004 WHERE exp_e='11-22595113' AND c_asigna='300116' AND status IN ('0','3','B') [1][0] OK
C:[29/04/2013 09:29:56.45][186.90.63.188][1383] SELECT pre_cod_asig1,pre_cod_asig2,pre_cod_asig3,pre_cod_asig4,pre_cod_asig5,pre_cod_asig6,pre_cod_asig7 FROM tblaca009 WHERE pensum='5' AND c_uni_ca='2' AND c_asigna='300209' [1][0] OK
C:[29/04/2013 09:29:56.45][186.90.63.188][1396] SELECT c_asigna FROM dace004 WHERE exp_e='11-22595113' AND c_asigna='300101' AND status IN ('0','3','B') [1][0] OK
C:[29/04/2013 09:29:56.45][186.90.63.188][1383] SELECT pre_cod_asig1,pre_cod_asig2,pre_cod_asig3,pre_cod_asig4,pre_cod_asig5,pre_cod_asig6,pre_cod_asig7 FROM tblaca009 WHERE pensum='5' AND c_uni_ca='2' AND c_asigna='300218' [1][0] OK
C:[29/04/2013 09:29:56.45][186.90.63.188][1396] SELECT c_asigna FROM dace004 WHERE exp_e='11-22595113' AND c_asigna='300101' AND status IN ('0','3','B') [1][0] OK
C:[29/04/2013 09:29:56.45][186.90.63.188][1383] SELECT pre_cod_asig1,pre_cod_asig2,pre_cod_asig3,pre_cod_asig4,pre_cod_asig5,pre_cod_asig6,pre_cod_asig7 FROM tblaca009 WHERE pensum='5' AND c_uni_ca='2' AND c_asigna='300228' [1][0] OK
C:[29/04/2013 09:29:56.45][186.90.63.188][1396] SELECT c_asigna FROM dace004 WHERE exp_e='11-22595113' AND c_asigna='300101' AND status IN ('0','3','B') [1][0] OK
C:[29/04/2013 09:29:56.45][186.90.63.188][1383] SELECT pre_cod_asig1,pre_cod_asig2,pre_cod_asig3,pre_cod_asig4,pre_cod_asig5,pre_cod_asig6,pre_cod_asig7 FROM tblaca009 WHERE pensum='5' AND c_uni_ca='2' AND c_asigna='300314' [1][0] OK
C:[29/04/2013 09:29:56.45][186.90.63.188][1396] SELECT c_asigna FROM dace004 WHERE exp_e='11-22595113' AND c_asigna='300106' AND status IN ('0','3','B') [1][0] OK
C:[29/04/2013 09:29:56.45][186.90.63.188][1383] SELECT pre_cod_asig1,pre_cod_asig2,pre_cod_asig3,pre_cod_asig4,pre_cod_asig5,pre_cod_asig6,pre_cod_asig7 FROM tblaca009 WHERE pensum='5' AND c_uni_ca='2' AND c_asigna='320311' [1][0] OK
C:[29/04/2013 09:29:56.45][186.90.63.188][1396] SELECT c_asigna FROM dace004 WHERE exp_e='11-22595113' AND c_asigna='300013' AND status IN ('0','3','B') [1][0] OK
C:[29/04/2013 09:29:56.45][186.90.63.188][1396] SELECT c_asigna FROM dace004 WHERE exp_e='11-22595113' AND c_asigna='300113' AND status IN ('0','3','B') [1][0] OK
C:[29/04/2013 09:29:56.07][186.90.63.188][1427] SELECT par_cod_asig1,par_cod_asig2,par_cod_asig3 FROM tblaca009 WHERE pensum='5' AND c_uni_ca='2' AND c_asigna='300226' [1][0] OK
C:[29/04/2013 09:29:56.07][186.90.63.188][1427] SELECT par_cod_asig1,par_cod_asig2,par_cod_asig3 FROM tblaca009 WHERE pensum='5' AND c_uni_ca='2' AND c_asigna='300209' [1][0] OK
C:[29/04/2013 09:29:56.07][186.90.63.188][1427] SELECT par_cod_asig1,par_cod_asig2,par_cod_asig3 FROM tblaca009 WHERE pensum='5' AND c_uni_ca='2' AND c_asigna='300218' [1][0] OK
C:[29/04/2013 09:29:56.07][186.90.63.188][1441] SELECT c_asigna FROM dace004 WHERE exp_e='11-22595113' AND c_asigna='300228' AND status IN ('0','3','B','C') [0][0] OK
C:[29/04/2013 09:29:56.07][186.90.63.188][1427] SELECT par_cod_asig1,par_cod_asig2,par_cod_asig3 FROM tblaca009 WHERE pensum='5' AND c_uni_ca='2' AND c_asigna='300228' [1][0] OK
C:[29/04/2013 09:29:56.07][186.90.63.188][1427] SELECT par_cod_asig1,par_cod_asig2,par_cod_asig3 FROM tblaca009 WHERE pensum='5' AND c_uni_ca='2' AND c_asigna='300314' [1][0] OK
C:[29/04/2013 09:29:56.07][186.90.63.188][1427] SELECT par_cod_asig1,par_cod_asig2,par_cod_asig3 FROM tblaca009 WHERE pensum='5' AND c_uni_ca='2' AND c_asigna='320311' [1][0] OK
C:[29/04/2013 09:29:56.95][186.90.63.188][1557] SELECT horas_lab FROM tblaca008 WHERE c_asigna='300226' AND horas_teoricas > 0 [1][0] OK
C:[29/04/2013 09:29:56.07][186.90.63.188][1591] SELECT sum(u_creditos*1) FROM dace006 a, tblaca009 b WHERE a.exp_e='11-22595113' AND a.lapso='2013-1' AND b.pensum='5' AND b.c_uni_ca='2' AND status IN ('7','A','2') AND a.c_asigna=b.c_asigna  [1][0] OK
C:[29/04/2013 09:29:56.45][186.90.63.188][1610] SELECT sum(u_creditos*1) FROM dace006 a, tblaca009 b WHERE a.exp_e='11-22595113' AND a.lapso='2013-1' AND b.pensum='5' AND b.c_uni_ca='2' AND status IN ('7','A','2') AND a.c_asigna=b.c_asigna AND a.c_asigna IN ('300209','300218','300228','300314','320311') [1][0] OK
C:[29/04/2013 09:29:56.38][186.90.63.188][1626] SELECT MAX(semestre) FROM dace006 a, tblaca009 b WHERE a.exp_e='11-22595113' AND a.lapso='2013-1' AND b.pensum='5' AND b.c_uni_ca='2' AND status IN ('7','A','2') AND a.c_asigna=b.c_asigna  [1][0] OK
C:[29/04/2013 09:29:57.75][186.90.63.188][1646] SELECT MIN(semestre) FROM dace006 a, tblaca009 b WHERE a.exp_e='11-22595113' AND a.lapso='2013-1' AND b.pensum='5' AND b.c_uni_ca='2' AND status IN ('7','A','2') AND a.c_asigna=b.c_asigna AND a.c_asigna IN ('300226') [1][0] OK
C:[29/04/2013 11:12:55.67][186.90.63.188][1383] SELECT pre_cod_asig1,pre_cod_asig2,pre_cod_asig3,pre_cod_asig4,pre_cod_asig5,pre_cod_asig6,pre_cod_asig7 FROM tblaca009 WHERE pensum='5' AND c_uni_ca='5' AND c_asigna='300676' [1][0] OK
C:[29/04/2013 11:12:55.67][186.90.63.188][1383] SELECT pre_cod_asig1,pre_cod_asig2,pre_cod_asig3,pre_cod_asig4,pre_cod_asig5,pre_cod_asig6,pre_cod_asig7 FROM tblaca009 WHERE pensum='5' AND c_uni_ca='5' AND c_asigna='355720' [1][0] OK
C:[29/04/2013 11:12:55.67][186.90.63.188][1396] SELECT c_asigna FROM dace004 WHERE exp_e='10-19728227' AND c_asigna='355692' AND status IN ('0','3','B') [1][0] OK
C:[29/04/2013 11:12:55.67][186.90.63.188][1396] SELECT c_asigna FROM dace004 WHERE exp_e='10-19728227' AND c_asigna='355696' AND status IN ('0','3','B') [1][0] OK
C:[29/04/2013 11:12:55.67][186.90.63.188][1383] SELECT pre_cod_asig1,pre_cod_asig2,pre_cod_asig3,pre_cod_asig4,pre_cod_asig5,pre_cod_asig6,pre_cod_asig7 FROM tblaca009 WHERE pensum='5' AND c_uni_ca='5' AND c_asigna='355721' [1][0] OK
C:[29/04/2013 11:12:55.67][186.90.63.188][1396] SELECT c_asigna FROM dace004 WHERE exp_e='10-19728227' AND c_asigna='355693' AND status IN ('0','3','B') [1][0] OK
C:[29/04/2013 11:12:55.67][186.90.63.188][1396] SELECT c_asigna FROM dace004 WHERE exp_e='10-19728227' AND c_asigna='355696' AND status IN ('0','3','B') [1][0] OK
C:[29/04/2013 11:12:55.67][186.90.63.188][1383] SELECT pre_cod_asig1,pre_cod_asig2,pre_cod_asig3,pre_cod_asig4,pre_cod_asig5,pre_cod_asig6,pre_cod_asig7 FROM tblaca009 WHERE pensum='5' AND c_uni_ca='5' AND c_asigna='355722' [1][0] OK
C:[29/04/2013 11:12:55.67][186.90.63.188][1396] SELECT c_asigna FROM dace004 WHERE exp_e='10-19728227' AND c_asigna='355691' AND status IN ('0','3','B') [1][0] OK
C:[29/04/2013 11:12:55.67][186.90.63.188][1396] SELECT c_asigna FROM dace004 WHERE exp_e='10-19728227' AND c_asigna='355595' AND status IN ('0','3','B') [1][0] OK
C:[29/04/2013 11:12:55.67][186.90.63.188][1383] SELECT pre_cod_asig1,pre_cod_asig2,pre_cod_asig3,pre_cod_asig4,pre_cod_asig5,pre_cod_asig6,pre_cod_asig7 FROM tblaca009 WHERE pensum='5' AND c_uni_ca='5' AND c_asigna='355723' [1][0] OK
C:[29/04/2013 11:12:55.67][186.90.63.188][1396] SELECT c_asigna FROM dace004 WHERE exp_e='10-19728227' AND c_asigna='355694' AND status IN ('0','3','B') [1][0] OK
C:[29/04/2013 11:12:55.67][186.90.63.188][1383] SELECT pre_cod_asig1,pre_cod_asig2,pre_cod_asig3,pre_cod_asig4,pre_cod_asig5,pre_cod_asig6,pre_cod_asig7 FROM tblaca009 WHERE pensum='5' AND c_uni_ca='5' AND c_asigna='355724' [1][0] OK
C:[29/04/2013 11:12:55.67][186.90.63.188][1396] SELECT c_asigna FROM dace004 WHERE exp_e='10-19728227' AND c_asigna='355692' AND status IN ('0','3','B') [1][0] OK
C:[29/04/2013 11:12:55.67][186.90.63.188][1383] SELECT pre_cod_asig1,pre_cod_asig2,pre_cod_asig3,pre_cod_asig4,pre_cod_asig5,pre_cod_asig6,pre_cod_asig7 FROM tblaca009 WHERE pensum='5' AND c_uni_ca='5' AND c_asigna='355725' [1][0] OK
C:[29/04/2013 11:12:55.67][186.90.63.188][1396] SELECT c_asigna FROM dace004 WHERE exp_e='10-19728227' AND c_asigna='355693' AND status IN ('0','3','B') [1][0] OK
C:[29/04/2013 11:12:55.67][186.90.63.188][1396] SELECT c_asigna FROM dace004 WHERE exp_e='10-19728227' AND c_asigna='355692' AND status IN ('0','3','B') [1][0] OK
C:[29/04/2013 11:12:56.79][186.90.63.188][1427] SELECT par_cod_asig1,par_cod_asig2,par_cod_asig3 FROM tblaca009 WHERE pensum='5' AND c_uni_ca='5' AND c_asigna='300676' [1][0] OK
C:[29/04/2013 11:12:56.79][186.90.63.188][1427] SELECT par_cod_asig1,par_cod_asig2,par_cod_asig3 FROM tblaca009 WHERE pensum='5' AND c_uni_ca='5' AND c_asigna='355720' [1][0] OK
C:[29/04/2013 11:12:56.79][186.90.63.188][1427] SELECT par_cod_asig1,par_cod_asig2,par_cod_asig3 FROM tblaca009 WHERE pensum='5' AND c_uni_ca='5' AND c_asigna='355721' [1][0] OK
C:[29/04/2013 11:12:56.79][186.90.63.188][1427] SELECT par_cod_asig1,par_cod_asig2,par_cod_asig3 FROM tblaca009 WHERE pensum='5' AND c_uni_ca='5' AND c_asigna='355722' [1][0] OK
C:[29/04/2013 11:12:56.79][186.90.63.188][1427] SELECT par_cod_asig1,par_cod_asig2,par_cod_asig3 FROM tblaca009 WHERE pensum='5' AND c_uni_ca='5' AND c_asigna='355723' [1][0] OK
C:[29/04/2013 11:12:56.79][186.90.63.188][1427] SELECT par_cod_asig1,par_cod_asig2,par_cod_asig3 FROM tblaca009 WHERE pensum='5' AND c_uni_ca='5' AND c_asigna='355724' [1][0] OK
C:[29/04/2013 11:12:56.79][186.90.63.188][1427] SELECT par_cod_asig1,par_cod_asig2,par_cod_asig3 FROM tblaca009 WHERE pensum='5' AND c_uni_ca='5' AND c_asigna='355725' [1][0] OK
C:[29/04/2013 11:12:56.67][186.90.63.188][1557] SELECT horas_lab FROM tblaca008 WHERE c_asigna='300676' AND horas_teoricas > 0 [1][0] OK
C:[29/04/2013 11:12:56.79][186.90.63.188][1591] SELECT sum(u_creditos*1) FROM dace006 a, tblaca009 b WHERE a.exp_e='10-19728227' AND a.lapso='2013-1' AND b.pensum='5' AND b.c_uni_ca='5' AND status IN ('7','A','2') AND a.c_asigna=b.c_asigna  [1][0] OK
C:[29/04/2013 11:12:56.16][186.90.63.188][1610] SELECT sum(u_creditos*1) FROM dace006 a, tblaca009 b WHERE a.exp_e='10-19728227' AND a.lapso='2013-1' AND b.pensum='5' AND b.c_uni_ca='5' AND status IN ('7','A','2') AND a.c_asigna=b.c_asigna AND a.c_asigna IN ('355720','355721','355722','355723','355724','355725') [1][0] OK
C:[29/04/2013 11:12:56.10][186.90.63.188][1626] SELECT MAX(semestre) FROM dace006 a, tblaca009 b WHERE a.exp_e='10-19728227' AND a.lapso='2013-1' AND b.pensum='5' AND b.c_uni_ca='5' AND status IN ('7','A','2') AND a.c_asigna=b.c_asigna  [1][0] OK
C:[29/04/2013 11:12:56.47][186.90.63.188][1646] SELECT MIN(semestre) FROM dace006 a, tblaca009 b WHERE a.exp_e='10-19728227' AND a.lapso='2013-1' AND b.pensum='5' AND b.c_uni_ca='5' AND status IN ('7','A','2') AND a.c_asigna=b.c_asigna AND a.c_asigna IN ('300676') [1][0] OK
C:[29/04/2013 13:22:10.17][190.37.61.92][1383] SELECT pre_cod_asig1,pre_cod_asig2,pre_cod_asig3,pre_cod_asig4,pre_cod_asig5,pre_cod_asig6,pre_cod_asig7 FROM tblaca009 WHERE pensum='5' AND c_uni_ca='5' AND c_asigna='355350' [1][0] OK
C:[29/04/2013 13:22:10.17][190.37.61.92][1396] SELECT c_asigna FROM dace004 WHERE exp_e='12-18246311' AND c_asigna='300207' AND status IN ('0','3','B') [1][0] OK
C:[29/04/2013 13:22:10.17][190.37.61.92][1396] SELECT c_asigna FROM dace004 WHERE exp_e='12-18246311' AND c_asigna='300228' AND status IN ('0','3','B') [1][0] OK
C:[29/04/2013 13:22:10.17][190.37.61.92][1383] SELECT pre_cod_asig1,pre_cod_asig2,pre_cod_asig3,pre_cod_asig4,pre_cod_asig5,pre_cod_asig6,pre_cod_asig7 FROM tblaca009 WHERE pensum='5' AND c_uni_ca='5' AND c_asigna='355448' [1][0] OK
C:[29/04/2013 13:22:10.17][190.37.61.92][1396] SELECT c_asigna FROM dace004 WHERE exp_e='12-18246311' AND c_asigna='300313' AND status IN ('0','3','B') [1][0] OK
C:[29/04/2013 13:22:10.17][190.37.61.92][1396] SELECT c_asigna FROM dace004 WHERE exp_e='12-18246311' AND c_asigna='300209' AND status IN ('0','3','B') [1][0] OK
C:[29/04/2013 13:22:10.17][190.37.61.92][1396] SELECT c_asigna FROM dace004 WHERE exp_e='12-18246311' AND c_asigna='300226' AND status IN ('0','3','B') [1][0] OK
C:[29/04/2013 13:22:10.17][190.37.61.92][1396] SELECT c_asigna FROM dace004 WHERE exp_e='12-18246311' AND c_asigna='300222' AND status IN ('0','3','B') [1][0] OK
C:[29/04/2013 13:22:10.17][190.37.61.92][1383] SELECT pre_cod_asig1,pre_cod_asig2,pre_cod_asig3,pre_cod_asig4,pre_cod_asig5,pre_cod_asig6,pre_cod_asig7 FROM tblaca009 WHERE pensum='5' AND c_uni_ca='5' AND c_asigna='352440' [1][0] OK
C:[29/04/2013 13:22:10.17][190.37.61.92][1396] SELECT c_asigna FROM dace004 WHERE exp_e='12-18246311' AND c_asigna='300317' AND status IN ('0','3','B') [1][0] OK
C:[29/04/2013 13:22:10.17][190.37.61.92][1396] SELECT c_asigna FROM dace004 WHERE exp_e='12-18246311' AND c_asigna='300013' AND status IN ('0','3','B') [1][0] OK
C:[29/04/2013 13:22:10.17][190.37.61.92][1396] SELECT c_asigna FROM dace004 WHERE exp_e='12-18246311' AND c_asigna='300113' AND status IN ('0','3','B') [1][0] OK
C:[29/04/2013 13:22:10.17][190.37.61.92][1383] SELECT pre_cod_asig1,pre_cod_asig2,pre_cod_asig3,pre_cod_asig4,pre_cod_asig5,pre_cod_asig6,pre_cod_asig7 FROM tblaca009 WHERE pensum='5' AND c_uni_ca='5' AND c_asigna='300428' [1][0] OK
C:[29/04/2013 13:22:10.17][190.37.61.92][1396] SELECT c_asigna FROM dace004 WHERE exp_e='12-18246311' AND c_asigna='300317' AND status IN ('0','3','B') [1][0] OK
C:[29/04/2013 13:22:10.17][190.37.61.92][1396] SELECT c_asigna FROM dace004 WHERE exp_e='12-18246311' AND c_asigna='300209' AND status IN ('0','3','B') [1][0] OK
C:[29/04/2013 13:22:10.05][190.37.61.92][1427] SELECT par_cod_asig1,par_cod_asig2,par_cod_asig3 FROM tblaca009 WHERE pensum='5' AND c_uni_ca='5' AND c_asigna='355350' [1][0] OK
C:[29/04/2013 13:22:10.05][190.37.61.92][1427] SELECT par_cod_asig1,par_cod_asig2,par_cod_asig3 FROM tblaca009 WHERE pensum='5' AND c_uni_ca='5' AND c_asigna='355448' [1][0] OK
C:[29/04/2013 13:22:10.05][190.37.61.92][1427] SELECT par_cod_asig1,par_cod_asig2,par_cod_asig3 FROM tblaca009 WHERE pensum='5' AND c_uni_ca='5' AND c_asigna='352440' [1][0] OK
C:[29/04/2013 13:22:10.05][190.37.61.92][1427] SELECT par_cod_asig1,par_cod_asig2,par_cod_asig3 FROM tblaca009 WHERE pensum='5' AND c_uni_ca='5' AND c_asigna='300428' [1][0] OK
C:[29/04/2013 13:22:10.20][190.37.61.92][1557] SELECT horas_lab FROM tblaca008 WHERE c_asigna='355350' AND horas_teoricas > 0 [1][0] OK
C:[29/04/2013 13:22:10.48][190.37.61.92][1591] SELECT sum(u_creditos*1) FROM dace006 a, tblaca009 b WHERE a.exp_e='12-18246311' AND a.lapso='2013-1' AND b.pensum='5' AND b.c_uni_ca='5' AND status IN ('7','A','2') AND a.c_asigna=b.c_asigna  [1][0] OK
C:[29/04/2013 13:22:10.86][190.37.61.92][1610] SELECT sum(u_creditos*1) FROM dace006 a, tblaca009 b WHERE a.exp_e='12-18246311' AND a.lapso='2013-1' AND b.pensum='5' AND b.c_uni_ca='5' AND status IN ('7','A','2') AND a.c_asigna=b.c_asigna AND a.c_asigna IN ('355448','352440','300428') [1][0] OK
C:[29/04/2013 13:22:11.23][190.37.61.92][1626] SELECT MAX(semestre) FROM dace006 a, tblaca009 b WHERE a.exp_e='12-18246311' AND a.lapso='2013-1' AND b.pensum='5' AND b.c_uni_ca='5' AND status IN ('7','A','2') AND a.c_asigna=b.c_asigna  [1][0] OK
C:[29/04/2013 13:22:11.61][190.37.61.92][1646] SELECT MIN(semestre) FROM dace006 a, tblaca009 b WHERE a.exp_e='12-18246311' AND a.lapso='2013-1' AND b.pensum='5' AND b.c_uni_ca='5' AND status IN ('7','A','2') AND a.c_asigna=b.c_asigna AND a.c_asigna IN ('355350') [1][0] OK
C:[29/04/2013 15:22:26.28][186.90.63.188][1383] SELECT pre_cod_asig1,pre_cod_asig2,pre_cod_asig3,pre_cod_asig4,pre_cod_asig5,pre_cod_asig6,pre_cod_asig7 FROM tblaca009 WHERE pensum='5' AND c_uni_ca='6' AND c_asigna='300101' [1][0] OK
C:[29/04/2013 15:22:26.28][186.90.63.188][1383] SELECT pre_cod_asig1,pre_cod_asig2,pre_cod_asig3,pre_cod_asig4,pre_cod_asig5,pre_cod_asig6,pre_cod_asig7 FROM tblaca009 WHERE pensum='5' AND c_uni_ca='6' AND c_asigna='300314' [1][0] OK
C:[29/04/2013 15:22:26.28][186.90.63.188][1396] SELECT c_asigna FROM dace004 WHERE exp_e='12-25086782' AND c_asigna='300106' AND status IN ('0','3','B') [1][0] OK
C:[29/04/2013 15:22:26.66][186.90.63.188][1427] SELECT par_cod_asig1,par_cod_asig2,par_cod_asig3 FROM tblaca009 WHERE pensum='5' AND c_uni_ca='6' AND c_asigna='300101' [1][0] OK
C:[29/04/2013 15:22:26.66][186.90.63.188][1427] SELECT par_cod_asig1,par_cod_asig2,par_cod_asig3 FROM tblaca009 WHERE pensum='5' AND c_uni_ca='6' AND c_asigna='300314' [1][0] OK
C:[29/04/2013 15:22:26.93][186.90.63.188][1591] SELECT sum(u_creditos*1) FROM dace006 a, tblaca009 b WHERE a.exp_e='12-25086782' AND a.lapso='2013-1' AND b.pensum='5' AND b.c_uni_ca='6' AND status IN ('7','A','2') AND a.c_asigna=b.c_asigna  [1][0] OK
C:[29/04/2013 15:22:26.85][186.90.63.188][1610] SELECT sum(u_creditos*1) FROM dace006 a, tblaca009 b WHERE a.exp_e='12-25086782' AND a.lapso='2013-1' AND b.pensum='5' AND b.c_uni_ca='6' AND status IN ('7','A','2') AND a.c_asigna=b.c_asigna AND a.c_asigna IN ('300101','300314') [1][0] OK
C:[29/04/2013 15:22:26.05][186.90.63.188][1626] SELECT MAX(semestre) FROM dace006 a, tblaca009 b WHERE a.exp_e='12-25086782' AND a.lapso='2013-1' AND b.pensum='5' AND b.c_uni_ca='6' AND status IN ('7','A','2') AND a.c_asigna=b.c_asigna  [1][0] OK
C:[29/04/2013 15:24:03.46][186.90.63.188][1383] SELECT pre_cod_asig1,pre_cod_asig2,pre_cod_asig3,pre_cod_asig4,pre_cod_asig5,pre_cod_asig6,pre_cod_asig7 FROM tblaca009 WHERE pensum='5' AND c_uni_ca='6' AND c_asigna='300314' [1][0] OK
C:[29/04/2013 15:24:03.46][186.90.63.188][1396] SELECT c_asigna FROM dace004 WHERE exp_e='12-25086782' AND c_asigna='300106' AND status IN ('0','3','B') [1][0] OK
C:[29/04/2013 15:24:03.46][186.90.63.188][1383] SELECT pre_cod_asig1,pre_cod_asig2,pre_cod_asig3,pre_cod_asig4,pre_cod_asig5,pre_cod_asig6,pre_cod_asig7 FROM tblaca009 WHERE pensum='5' AND c_uni_ca='6' AND c_asigna='300101' [1][0] OK
C:[29/04/2013 15:24:03.84][186.90.63.188][1427] SELECT par_cod_asig1,par_cod_asig2,par_cod_asig3 FROM tblaca009 WHERE pensum='5' AND c_uni_ca='6' AND c_asigna='300314' [1][0] OK
C:[29/04/2013 15:24:03.84][186.90.63.188][1427] SELECT par_cod_asig1,par_cod_asig2,par_cod_asig3 FROM tblaca009 WHERE pensum='5' AND c_uni_ca='6' AND c_asigna='300101' [1][0] OK
C:[29/04/2013 15:24:03.09][186.90.63.188][1557] SELECT horas_lab FROM tblaca008 WHERE c_asigna='300314' AND horas_teoricas > 0 [0][0] OK
C:[29/04/2013 15:24:03.21][186.90.63.188][1591] SELECT sum(u_creditos*1) FROM dace006 a, tblaca009 b WHERE a.exp_e='12-25086782' AND a.lapso='2013-1' AND b.pensum='5' AND b.c_uni_ca='6' AND status IN ('7','A','2') AND a.c_asigna=b.c_asigna  [1][0] OK
C:[29/04/2013 15:24:03.58][186.90.63.188][1610] SELECT sum(u_creditos*1) FROM dace006 a, tblaca009 b WHERE a.exp_e='12-25086782' AND a.lapso='2013-1' AND b.pensum='5' AND b.c_uni_ca='6' AND status IN ('7','A','2') AND a.c_asigna=b.c_asigna AND a.c_asigna IN ('300101') [1][0] OK
C:[29/04/2013 15:24:03.96][186.90.63.188][1626] SELECT MAX(semestre) FROM dace006 a, tblaca009 b WHERE a.exp_e='12-25086782' AND a.lapso='2013-1' AND b.pensum='5' AND b.c_uni_ca='6' AND status IN ('7','A','2') AND a.c_asigna=b.c_asigna  [1][0] OK
C:[29/04/2013 15:24:03.33][186.90.63.188][1646] SELECT MIN(semestre) FROM dace006 a, tblaca009 b WHERE a.exp_e='12-25086782' AND a.lapso='2013-1' AND b.pensum='5' AND b.c_uni_ca='6' AND status IN ('7','A','2') AND a.c_asigna=b.c_asigna AND a.c_asigna IN ('300314') [1][0] OK
C:[29/04/2013 15:29:08.31][186.90.63.188][1383] SELECT pre_cod_asig1,pre_cod_asig2,pre_cod_asig3,pre_cod_asig4,pre_cod_asig5,pre_cod_asig6,pre_cod_asig7 FROM tblaca009 WHERE pensum='5' AND c_uni_ca='6' AND c_asigna='300101' [1][0] OK
C:[29/04/2013 15:29:08.31][186.90.63.188][1383] SELECT pre_cod_asig1,pre_cod_asig2,pre_cod_asig3,pre_cod_asig4,pre_cod_asig5,pre_cod_asig6,pre_cod_asig7 FROM tblaca009 WHERE pensum='5' AND c_uni_ca='6' AND c_asigna='300314' [1][0] OK
C:[29/04/2013 15:29:08.31][186.90.63.188][1396] SELECT c_asigna FROM dace004 WHERE exp_e='12-25086782' AND c_asigna='300106' AND status IN ('0','3','B') [1][0] OK
C:[29/04/2013 15:29:09.69][186.90.63.188][1427] SELECT par_cod_asig1,par_cod_asig2,par_cod_asig3 FROM tblaca009 WHERE pensum='5' AND c_uni_ca='6' AND c_asigna='300101' [1][0] OK
C:[29/04/2013 15:29:09.69][186.90.63.188][1427] SELECT par_cod_asig1,par_cod_asig2,par_cod_asig3 FROM tblaca009 WHERE pensum='5' AND c_uni_ca='6' AND c_asigna='300314' [1][0] OK
C:[29/04/2013 15:29:09.96][186.90.63.188][1591] SELECT sum(u_creditos*1) FROM dace006 a, tblaca009 b WHERE a.exp_e='12-25086782' AND a.lapso='2013-1' AND b.pensum='5' AND b.c_uni_ca='6' AND status IN ('7','A','2') AND a.c_asigna=b.c_asigna  [1][0] OK
C:[29/04/2013 15:29:09.87][186.90.63.188][1610] SELECT sum(u_creditos*1) FROM dace006 a, tblaca009 b WHERE a.exp_e='12-25086782' AND a.lapso='2013-1' AND b.pensum='5' AND b.c_uni_ca='6' AND status IN ('7','A','2') AND a.c_asigna=b.c_asigna AND a.c_asigna IN ('300101','300314') [1][0] OK
C:[29/04/2013 15:29:09.26][186.90.63.188][1626] SELECT MAX(semestre) FROM dace006 a, tblaca009 b WHERE a.exp_e='12-25086782' AND a.lapso='2013-1' AND b.pensum='5' AND b.c_uni_ca='6' AND status IN ('7','A','2') AND a.c_asigna=b.c_asigna  [1][0] OK
C:[29/04/2013 15:30:06.68][186.90.63.188][1383] SELECT pre_cod_asig1,pre_cod_asig2,pre_cod_asig3,pre_cod_asig4,pre_cod_asig5,pre_cod_asig6,pre_cod_asig7 FROM tblaca009 WHERE pensum='5' AND c_uni_ca='6' AND c_asigna='300314' [1][0] OK
C:[29/04/2013 15:30:06.68][186.90.63.188][1396] SELECT c_asigna FROM dace004 WHERE exp_e='12-25086782' AND c_asigna='300106' AND status IN ('0','3','B') [1][0] OK
C:[29/04/2013 15:30:06.68][186.90.63.188][1383] SELECT pre_cod_asig1,pre_cod_asig2,pre_cod_asig3,pre_cod_asig4,pre_cod_asig5,pre_cod_asig6,pre_cod_asig7 FROM tblaca009 WHERE pensum='5' AND c_uni_ca='6' AND c_asigna='300101' [1][0] OK
C:[29/04/2013 15:30:06.06][186.90.63.188][1427] SELECT par_cod_asig1,par_cod_asig2,par_cod_asig3 FROM tblaca009 WHERE pensum='5' AND c_uni_ca='6' AND c_asigna='300314' [1][0] OK
C:[29/04/2013 15:30:06.06][186.90.63.188][1427] SELECT par_cod_asig1,par_cod_asig2,par_cod_asig3 FROM tblaca009 WHERE pensum='5' AND c_uni_ca='6' AND c_asigna='300101' [1][0] OK
C:[29/04/2013 15:30:06.32][186.90.63.188][1557] SELECT horas_lab FROM tblaca008 WHERE c_asigna='300314' AND horas_teoricas > 0 [0][0] OK
C:[29/04/2013 15:30:06.43][186.90.63.188][1591] SELECT sum(u_creditos*1) FROM dace006 a, tblaca009 b WHERE a.exp_e='12-25086782' AND a.lapso='2013-1' AND b.pensum='5' AND b.c_uni_ca='6' AND status IN ('7','A','2') AND a.c_asigna=b.c_asigna  [1][0] OK
C:[29/04/2013 15:30:06.81][186.90.63.188][1610] SELECT sum(u_creditos*1) FROM dace006 a, tblaca009 b WHERE a.exp_e='12-25086782' AND a.lapso='2013-1' AND b.pensum='5' AND b.c_uni_ca='6' AND status IN ('7','A','2') AND a.c_asigna=b.c_asigna AND a.c_asigna IN ('300101') [1][0] OK
C:[29/04/2013 15:30:06.18][186.90.63.188][1626] SELECT MAX(semestre) FROM dace006 a, tblaca009 b WHERE a.exp_e='12-25086782' AND a.lapso='2013-1' AND b.pensum='5' AND b.c_uni_ca='6' AND status IN ('7','A','2') AND a.c_asigna=b.c_asigna  [1][0] OK
C:[29/04/2013 15:30:06.55][186.90.63.188][1646] SELECT MIN(semestre) FROM dace006 a, tblaca009 b WHERE a.exp_e='12-25086782' AND a.lapso='2013-1' AND b.pensum='5' AND b.c_uni_ca='6' AND status IN ('7','A','2') AND a.c_asigna=b.c_asigna AND a.c_asigna IN ('300314') [1][0] OK
C:[29/04/2013 15:48:26.01][172.16.12.96][1383] SELECT pre_cod_asig1,pre_cod_asig2,pre_cod_asig3,pre_cod_asig4,pre_cod_asig5,pre_cod_asig6,pre_cod_asig7 FROM tblaca009 WHERE pensum='5' AND c_uni_ca='3' AND c_asigna='300218' [1][0] OK
C:[29/04/2013 15:48:26.01][172.16.12.96][1396] SELECT c_asigna FROM dace004 WHERE exp_e='10-22812735' AND c_asigna='300101' AND status IN ('0','3','B') [1][0] OK
C:[29/04/2013 15:48:26.01][172.16.12.96][1383] SELECT pre_cod_asig1,pre_cod_asig2,pre_cod_asig3,pre_cod_asig4,pre_cod_asig5,pre_cod_asig6,pre_cod_asig7 FROM tblaca009 WHERE pensum='5' AND c_uni_ca='3' AND c_asigna='300228' [1][0] OK
C:[29/04/2013 15:48:26.01][172.16.12.96][1396] SELECT c_asigna FROM dace004 WHERE exp_e='10-22812735' AND c_asigna='300101' AND status IN ('0','3','B') [1][0] OK
C:[29/04/2013 15:48:26.32][172.16.12.96][1427] SELECT par_cod_asig1,par_cod_asig2,par_cod_asig3 FROM tblaca009 WHERE pensum='5' AND c_uni_ca='3' AND c_asigna='300218' [1][0] OK
C:[29/04/2013 15:48:26.32][172.16.12.96][1441] SELECT c_asigna FROM dace004 WHERE exp_e='10-22812735' AND c_asigna='300228' AND status IN ('0','3','B','C') [0][0] OK
C:[29/04/2013 15:48:26.32][172.16.12.96][1427] SELECT par_cod_asig1,par_cod_asig2,par_cod_asig3 FROM tblaca009 WHERE pensum='5' AND c_uni_ca='3' AND c_asigna='300228' [1][0] OK
C:[29/04/2013 15:48:26.71][172.16.12.96][1557] SELECT horas_lab FROM tblaca008 WHERE c_asigna='300218' AND horas_teoricas > 0 [0][0] OK
C:[29/04/2013 15:48:26.82][172.16.12.96][1591] SELECT sum(u_creditos*1) FROM dace006 a, tblaca009 b WHERE a.exp_e='10-22812735' AND a.lapso='2013-1' AND b.pensum='5' AND b.c_uni_ca='3' AND status IN ('7','A','2') AND a.c_asigna=b.c_asigna  [1][0] OK
C:[29/04/2013 15:48:27.76][172.16.12.96][1610] SELECT sum(u_creditos*1) FROM dace006 a, tblaca009 b WHERE a.exp_e='10-22812735' AND a.lapso='2013-1' AND b.pensum='5' AND b.c_uni_ca='3' AND status IN ('7','A','2') AND a.c_asigna=b.c_asigna AND a.c_asigna IN ('300228') [1][0] OK
C:[29/04/2013 15:48:27.69][172.16.12.96][1626] SELECT MAX(semestre) FROM dace006 a, tblaca009 b WHERE a.exp_e='10-22812735' AND a.lapso='2013-1' AND b.pensum='5' AND b.c_uni_ca='3' AND status IN ('7','A','2') AND a.c_asigna=b.c_asigna  [1][0] OK
C:[29/04/2013 15:48:27.07][172.16.12.96][1646] SELECT MIN(semestre) FROM dace006 a, tblaca009 b WHERE a.exp_e='10-22812735' AND a.lapso='2013-1' AND b.pensum='5' AND b.c_uni_ca='3' AND status IN ('7','A','2') AND a.c_asigna=b.c_asigna AND a.c_asigna IN ('300218') [1][0] OK
C:[29/04/2013 16:07:03.76][190.77.250.129][1383] SELECT pre_cod_asig1,pre_cod_asig2,pre_cod_asig3,pre_cod_asig4,pre_cod_asig5,pre_cod_asig6,pre_cod_asig7 FROM tblaca009 WHERE pensum='5' AND c_uni_ca='6' AND c_asigna='333059' [1][0] OK
C:[29/04/2013 16:07:03.76][190.77.250.129][1383] SELECT pre_cod_asig1,pre_cod_asig2,pre_cod_asig3,pre_cod_asig4,pre_cod_asig5,pre_cod_asig6,pre_cod_asig7 FROM tblaca009 WHERE pensum='5' AND c_uni_ca='6' AND c_asigna='344834' [1][0] OK
C:[29/04/2013 16:07:03.76][190.77.250.129][1396] SELECT c_asigna FROM dace004 WHERE exp_e='02-17235349' AND c_asigna='344715' AND status IN ('0','3','B') [1][0] OK
C:[29/04/2013 16:07:03.76][190.77.250.129][1396] SELECT c_asigna FROM dace004 WHERE exp_e='02-17235349' AND c_asigna='344716' AND status IN ('0','3','B') [1][0] OK
C:[29/04/2013 16:07:03.76][190.77.250.129][1383] SELECT pre_cod_asig1,pre_cod_asig2,pre_cod_asig3,pre_cod_asig4,pre_cod_asig5,pre_cod_asig6,pre_cod_asig7 FROM tblaca009 WHERE pensum='5' AND c_uni_ca='6' AND c_asigna='300956' [1][0] OK
C:[29/04/2013 16:07:03.76][190.77.250.129][1396] SELECT c_asigna FROM dace004 WHERE exp_e='02-17235349' AND c_asigna='300422' AND status IN ('0','3','B') [1][0] OK
C:[29/04/2013 16:07:03.76][190.77.250.129][1396] SELECT c_asigna FROM dace004 WHERE exp_e='02-17235349' AND c_asigna='300105' AND status IN ('0','3','B') [1][0] OK
C:[29/04/2013 16:07:03.76][190.77.250.129][1396] SELECT c_asigna FROM dace004 WHERE exp_e='02-17235349' AND c_asigna='300314' AND status IN ('0','3','B') [1][0] OK
C:[29/04/2013 16:07:03.76][190.77.250.129][1383] SELECT pre_cod_asig1,pre_cod_asig2,pre_cod_asig3,pre_cod_asig4,pre_cod_asig5,pre_cod_asig6,pre_cod_asig7 FROM tblaca009 WHERE pensum='5' AND c_uni_ca='6' AND c_asigna='344948' [1][0] OK
C:[29/04/2013 16:07:03.76][190.77.250.129][1383] SELECT pre_cod_asig1,pre_cod_asig2,pre_cod_asig3,pre_cod_asig4,pre_cod_asig5,pre_cod_asig6,pre_cod_asig7 FROM tblaca009 WHERE pensum='5' AND c_uni_ca='6' AND c_asigna='344953' [1][0] OK
C:[29/04/2013 16:07:03.76][190.77.250.129][1383] SELECT pre_cod_asig1,pre_cod_asig2,pre_cod_asig3,pre_cod_asig4,pre_cod_asig5,pre_cod_asig6,pre_cod_asig7 FROM tblaca009 WHERE pensum='5' AND c_uni_ca='6' AND c_asigna='344965' [1][0] OK
C:[29/04/2013 16:07:03.76][190.77.250.129][1396] SELECT c_asigna FROM dace004 WHERE exp_e='02-17235349' AND c_asigna='344714' AND status IN ('0','3','B') [1][0] OK
C:[29/04/2013 16:07:03.25][190.77.250.129][1427] SELECT par_cod_asig1,par_cod_asig2,par_cod_asig3 FROM tblaca009 WHERE pensum='5' AND c_uni_ca='6' AND c_asigna='333059' [1][0] OK
C:[29/04/2013 16:07:03.25][190.77.250.129][1427] SELECT par_cod_asig1,par_cod_asig2,par_cod_asig3 FROM tblaca009 WHERE pensum='5' AND c_uni_ca='6' AND c_asigna='344834' [1][0] OK
C:[29/04/2013 16:07:03.25][190.77.250.129][1427] SELECT par_cod_asig1,par_cod_asig2,par_cod_asig3 FROM tblaca009 WHERE pensum='5' AND c_uni_ca='6' AND c_asigna='300956' [1][0] OK
C:[29/04/2013 16:07:03.25][190.77.250.129][1427] SELECT par_cod_asig1,par_cod_asig2,par_cod_asig3 FROM tblaca009 WHERE pensum='5' AND c_uni_ca='6' AND c_asigna='344948' [1][0] OK
C:[29/04/2013 16:07:03.25][190.77.250.129][1427] SELECT par_cod_asig1,par_cod_asig2,par_cod_asig3 FROM tblaca009 WHERE pensum='5' AND c_uni_ca='6' AND c_asigna='344953' [1][0] OK
C:[29/04/2013 16:07:03.25][190.77.250.129][1427] SELECT par_cod_asig1,par_cod_asig2,par_cod_asig3 FROM tblaca009 WHERE pensum='5' AND c_uni_ca='6' AND c_asigna='344965' [1][0] OK
C:[29/04/2013 16:07:03.82][190.77.250.129][1557] SELECT horas_lab FROM tblaca008 WHERE c_asigna='333059' AND horas_teoricas > 0 [1][0] OK
C:[29/04/2013 16:07:03.94][190.77.250.129][1591] SELECT sum(u_creditos*1) FROM dace006 a, tblaca009 b WHERE a.exp_e='02-17235349' AND a.lapso='2013-1' AND b.pensum='5' AND b.c_uni_ca='6' AND status IN ('7','A','2') AND a.c_asigna=b.c_asigna  [1][0] OK
C:[29/04/2013 16:07:03.00][190.77.250.129][1610] SELECT sum(u_creditos*1) FROM dace006 a, tblaca009 b WHERE a.exp_e='02-17235349' AND a.lapso='2013-1' AND b.pensum='5' AND b.c_uni_ca='6' AND status IN ('7','A','2') AND a.c_asigna=b.c_asigna AND a.c_asigna IN ('344834','300956','344948','344953','344965') [1][0] OK
C:[29/04/2013 16:07:04.62][190.77.250.129][1626] SELECT MAX(semestre) FROM dace006 a, tblaca009 b WHERE a.exp_e='02-17235349' AND a.lapso='2013-1' AND b.pensum='5' AND b.c_uni_ca='6' AND status IN ('7','A','2') AND a.c_asigna=b.c_asigna  [1][0] OK
C:[29/04/2013 16:07:04.68][190.77.250.129][1646] SELECT MIN(semestre) FROM dace006 a, tblaca009 b WHERE a.exp_e='02-17235349' AND a.lapso='2013-1' AND b.pensum='5' AND b.c_uni_ca='6' AND status IN ('7','A','2') AND a.c_asigna=b.c_asigna AND a.c_asigna IN ('333059') [1][0] OK
C:[29/04/2013 21:19:46.89][181.183.21.57][1383] SELECT pre_cod_asig1,pre_cod_asig2,pre_cod_asig3,pre_cod_asig4,pre_cod_asig5,pre_cod_asig6,pre_cod_asig7 FROM tblaca009 WHERE pensum='5' AND c_uni_ca='5' AND c_asigna='355874' [1][0] OK
C:[29/04/2013 21:19:46.89][181.183.21.57][1396] SELECT c_asigna FROM dace004 WHERE exp_e='07-18337438' AND c_asigna='355448' AND status IN ('0','3','B') [1][0] OK
C:[29/04/2013 21:19:46.89][181.183.21.57][1383] SELECT pre_cod_asig1,pre_cod_asig2,pre_cod_asig3,pre_cod_asig4,pre_cod_asig5,pre_cod_asig6,pre_cod_asig7 FROM tblaca009 WHERE pensum='5' AND c_uni_ca='5' AND c_asigna='300422' [1][0] OK
C:[29/04/2013 21:19:46.89][181.183.21.57][1396] SELECT c_asigna FROM dace004 WHERE exp_e='07-18337438' AND c_asigna='300105' AND status IN ('0','3','B') [1][0] OK
C:[29/04/2013 21:19:46.89][181.183.21.57][1396] SELECT c_asigna FROM dace004 WHERE exp_e='07-18337438' AND c_asigna='300314' AND status IN ('0','3','B') [1][0] OK
C:[29/04/2013 21:19:46.89][181.183.21.57][1383] SELECT pre_cod_asig1,pre_cod_asig2,pre_cod_asig3,pre_cod_asig4,pre_cod_asig5,pre_cod_asig6,pre_cod_asig7 FROM tblaca009 WHERE pensum='5' AND c_uni_ca='5' AND c_asigna='355692' [1][0] OK
C:[29/04/2013 21:19:46.89][181.183.21.57][1396] SELECT c_asigna FROM dace004 WHERE exp_e='07-18337438' AND c_asigna='355448' AND status IN ('0','3','B') [1][0] OK
C:[29/04/2013 21:19:46.89][181.183.21.57][1396] SELECT c_asigna FROM dace004 WHERE exp_e='07-18337438' AND c_asigna='355570' AND status IN ('0','3','B') [1][0] OK
C:[29/04/2013 21:19:46.89][181.183.21.57][1383] SELECT pre_cod_asig1,pre_cod_asig2,pre_cod_asig3,pre_cod_asig4,pre_cod_asig5,pre_cod_asig6,pre_cod_asig7 FROM tblaca009 WHERE pensum='5' AND c_uni_ca='5' AND c_asigna='355693' [1][0] OK
C:[29/04/2013 21:19:46.89][181.183.21.57][1396] SELECT c_asigna FROM dace004 WHERE exp_e='07-18337438' AND c_asigna='355572' AND status IN ('0','3','B') [1][0] OK
C:[29/04/2013 21:19:46.89][181.183.21.57][1396] SELECT c_asigna FROM dace004 WHERE exp_e='07-18337438' AND c_asigna='352440' AND status IN ('0','3','B') [1][0] OK
C:[29/04/2013 21:19:46.89][181.183.21.57][1396] SELECT c_asigna FROM dace004 WHERE exp_e='07-18337438' AND c_asigna='355573' AND status IN ('0','3','B') [1][0] OK
C:[29/04/2013 21:19:46.89][181.183.21.57][1396] SELECT c_asigna FROM dace004 WHERE exp_e='07-18337438' AND c_asigna='300226' AND status IN ('0','3','B') [1][0] OK
C:[29/04/2013 21:19:46.89][181.183.21.57][1396] SELECT c_asigna FROM dace004 WHERE exp_e='07-18337438' AND c_asigna='300222' AND status IN ('0','3','B') [1][0] OK
C:[29/04/2013 21:19:46.89][181.183.21.57][1396] SELECT c_asigna FROM dace004 WHERE exp_e='07-18337438' AND c_asigna='300013' AND status IN ('0','3','B') [1][0] OK
C:[29/04/2013 21:19:46.89][181.183.21.57][1396] SELECT c_asigna FROM dace004 WHERE exp_e='07-18337438' AND c_asigna='300113' AND status IN ('0','3','B') [1][0] OK
C:[29/04/2013 21:19:46.89][181.183.21.57][1383] SELECT pre_cod_asig1,pre_cod_asig2,pre_cod_asig3,pre_cod_asig4,pre_cod_asig5,pre_cod_asig6,pre_cod_asig7 FROM tblaca009 WHERE pensum='5' AND c_uni_ca='5' AND c_asigna='355694' [1][0] OK
C:[29/04/2013 21:19:46.89][181.183.21.57][1396] SELECT c_asigna FROM dace004 WHERE exp_e='07-18337438' AND c_asigna='355572' AND status IN ('0','3','B') [1][0] OK
C:[29/04/2013 21:19:46.89][181.183.21.57][1396] SELECT c_asigna FROM dace004 WHERE exp_e='07-18337438' AND c_asigna='355571' AND status IN ('0','3','B') [1][0] OK
C:[29/04/2013 21:19:46.89][181.183.21.57][1383] SELECT pre_cod_asig1,pre_cod_asig2,pre_cod_asig3,pre_cod_asig4,pre_cod_asig5,pre_cod_asig6,pre_cod_asig7 FROM tblaca009 WHERE pensum='5' AND c_uni_ca='5' AND c_asigna='355696' [1][0] OK
C:[29/04/2013 21:19:46.89][181.183.21.57][1396] SELECT c_asigna FROM dace004 WHERE exp_e='07-18337438' AND c_asigna='355570' AND status IN ('0','3','B') [1][0] OK
C:[29/04/2013 21:19:46.89][181.183.21.57][1396] SELECT c_asigna FROM dace004 WHERE exp_e='07-18337438' AND c_asigna='355571' AND status IN ('0','3','B') [1][0] OK
C:[29/04/2013 21:19:47.64][181.183.21.57][1427] SELECT par_cod_asig1,par_cod_asig2,par_cod_asig3 FROM tblaca009 WHERE pensum='5' AND c_uni_ca='5' AND c_asigna='355874' [1][0] OK
C:[29/04/2013 21:19:47.64][181.183.21.57][1427] SELECT par_cod_asig1,par_cod_asig2,par_cod_asig3 FROM tblaca009 WHERE pensum='5' AND c_uni_ca='5' AND c_asigna='300422' [1][0] OK
C:[29/04/2013 21:19:47.64][181.183.21.57][1427] SELECT par_cod_asig1,par_cod_asig2,par_cod_asig3 FROM tblaca009 WHERE pensum='5' AND c_uni_ca='5' AND c_asigna='355692' [1][0] OK
C:[29/04/2013 21:19:47.64][181.183.21.57][1427] SELECT par_cod_asig1,par_cod_asig2,par_cod_asig3 FROM tblaca009 WHERE pensum='5' AND c_uni_ca='5' AND c_asigna='355693' [1][0] OK
C:[29/04/2013 21:19:47.64][181.183.21.57][1427] SELECT par_cod_asig1,par_cod_asig2,par_cod_asig3 FROM tblaca009 WHERE pensum='5' AND c_uni_ca='5' AND c_asigna='355694' [1][0] OK
C:[29/04/2013 21:19:47.64][181.183.21.57][1427] SELECT par_cod_asig1,par_cod_asig2,par_cod_asig3 FROM tblaca009 WHERE pensum='5' AND c_uni_ca='5' AND c_asigna='355696' [1][0] OK
C:[29/04/2013 21:19:47.40][181.183.21.57][1557] SELECT horas_lab FROM tblaca008 WHERE c_asigna='355874' AND horas_teoricas > 0 [1][0] OK
C:[29/04/2013 21:19:47.52][181.183.21.57][1591] SELECT sum(u_creditos*1) FROM dace006 a, tblaca009 b WHERE a.exp_e='07-18337438' AND a.lapso='2013-1' AND b.pensum='5' AND b.c_uni_ca='5' AND status IN ('7','A','2') AND a.c_asigna=b.c_asigna  [1][0] OK
C:[29/04/2013 21:19:47.89][181.183.21.57][1610] SELECT sum(u_creditos*1) FROM dace006 a, tblaca009 b WHERE a.exp_e='07-18337438' AND a.lapso='2013-1' AND b.pensum='5' AND b.c_uni_ca='5' AND status IN ('7','A','2') AND a.c_asigna=b.c_asigna AND a.c_asigna IN ('300422','355692','355693','355694','355696') [1][0] OK
C:[29/04/2013 21:19:47.82][181.183.21.57][1626] SELECT MAX(semestre) FROM dace006 a, tblaca009 b WHERE a.exp_e='07-18337438' AND a.lapso='2013-1' AND b.pensum='5' AND b.c_uni_ca='5' AND status IN ('7','A','2') AND a.c_asigna=b.c_asigna  [1][0] OK
C:[29/04/2013 21:19:47.20][181.183.21.57][1646] SELECT MIN(semestre) FROM dace006 a, tblaca009 b WHERE a.exp_e='07-18337438' AND a.lapso='2013-1' AND b.pensum='5' AND b.c_uni_ca='5' AND status IN ('7','A','2') AND a.c_asigna=b.c_asigna AND a.c_asigna IN ('355874') [1][0] OK
C:[30/04/2013 15:16:13.71][190.36.25.13][1383] SELECT pre_cod_asig1,pre_cod_asig2,pre_cod_asig3,pre_cod_asig4,pre_cod_asig5,pre_cod_asig6,pre_cod_asig7 FROM tblaca009 WHERE pensum='5' AND c_uni_ca='2' AND c_asigna='300226' [1][0] OK
C:[30/04/2013 15:16:13.71][190.36.25.13][1396] SELECT c_asigna FROM dace004 WHERE exp_e='10-21287820' AND c_asigna='300116' AND status IN ('0','3','B') [1][0] OK
C:[30/04/2013 15:16:13.71][190.36.25.13][1383] SELECT pre_cod_asig1,pre_cod_asig2,pre_cod_asig3,pre_cod_asig4,pre_cod_asig5,pre_cod_asig6,pre_cod_asig7 FROM tblaca009 WHERE pensum='5' AND c_uni_ca='2' AND c_asigna='300314' [1][0] OK
C:[30/04/2013 15:16:13.71][190.36.25.13][1396] SELECT c_asigna FROM dace004 WHERE exp_e='10-21287820' AND c_asigna='300106' AND status IN ('0','3','B') [1][0] OK
C:[30/04/2013 15:16:13.71][190.36.25.13][1383] SELECT pre_cod_asig1,pre_cod_asig2,pre_cod_asig3,pre_cod_asig4,pre_cod_asig5,pre_cod_asig6,pre_cod_asig7 FROM tblaca009 WHERE pensum='5' AND c_uni_ca='2' AND c_asigna='300213' [1][0] OK
C:[30/04/2013 15:16:13.71][190.36.25.13][1396] SELECT c_asigna FROM dace004 WHERE exp_e='10-21287820' AND c_asigna='300101' AND status IN ('0','3','B') [1][0] OK
C:[30/04/2013 15:16:13.71][190.36.25.13][1383] SELECT pre_cod_asig1,pre_cod_asig2,pre_cod_asig3,pre_cod_asig4,pre_cod_asig5,pre_cod_asig6,pre_cod_asig7 FROM tblaca009 WHERE pensum='5' AND c_uni_ca='2' AND c_asigna='300318' [1][0] OK
C:[30/04/2013 15:16:13.71][190.36.25.13][1396] SELECT c_asigna FROM dace004 WHERE exp_e='10-21287820' AND c_asigna='300228' AND status IN ('0','3','B') [1][0] OK
C:[30/04/2013 15:16:13.71][190.36.25.13][1396] SELECT c_asigna FROM dace004 WHERE exp_e='10-21287820' AND c_asigna='300207' AND status IN ('0','3','B') [1][0] OK
C:[30/04/2013 15:16:13.71][190.36.25.13][1396] SELECT c_asigna FROM dace004 WHERE exp_e='10-21287820' AND c_asigna='300218' AND status IN ('0','3','B') [1][0] OK
C:[30/04/2013 15:16:13.71][190.36.25.13][1383] SELECT pre_cod_asig1,pre_cod_asig2,pre_cod_asig3,pre_cod_asig4,pre_cod_asig5,pre_cod_asig6,pre_cod_asig7 FROM tblaca009 WHERE pensum='5' AND c_uni_ca='2' AND c_asigna='320311' [1][0] OK
C:[30/04/2013 15:16:13.71][190.36.25.13][1396] SELECT c_asigna FROM dace004 WHERE exp_e='10-21287820' AND c_asigna='300013' AND status IN ('0','3','B') [1][0] OK
C:[30/04/2013 15:16:13.71][190.36.25.13][1396] SELECT c_asigna FROM dace004 WHERE exp_e='10-21287820' AND c_asigna='300113' AND status IN ('0','3','B') [1][0] OK
C:[30/04/2013 15:16:13.71][190.36.25.13][1383] SELECT pre_cod_asig1,pre_cod_asig2,pre_cod_asig3,pre_cod_asig4,pre_cod_asig5,pre_cod_asig6,pre_cod_asig7 FROM tblaca009 WHERE pensum='5' AND c_uni_ca='2' AND c_asigna='320323' [1][0] OK
C:[30/04/2013 15:16:13.71][190.36.25.13][1396] SELECT c_asigna FROM dace004 WHERE exp_e='10-21287820' AND c_asigna='300228' AND status IN ('0','3','B') [1][0] OK
C:[30/04/2013 15:16:13.71][190.36.25.13][1396] SELECT c_asigna FROM dace004 WHERE exp_e='10-21287820' AND c_asigna='300218' AND status IN ('0','3','B') [1][0] OK
C:[30/04/2013 15:16:13.72][190.36.25.13][1427] SELECT par_cod_asig1,par_cod_asig2,par_cod_asig3 FROM tblaca009 WHERE pensum='5' AND c_uni_ca='2' AND c_asigna='300226' [1][0] OK
C:[30/04/2013 15:16:13.72][190.36.25.13][1427] SELECT par_cod_asig1,par_cod_asig2,par_cod_asig3 FROM tblaca009 WHERE pensum='5' AND c_uni_ca='2' AND c_asigna='300314' [1][0] OK
C:[30/04/2013 15:16:13.72][190.36.25.13][1427] SELECT par_cod_asig1,par_cod_asig2,par_cod_asig3 FROM tblaca009 WHERE pensum='5' AND c_uni_ca='2' AND c_asigna='300213' [1][0] OK
C:[30/04/2013 15:16:13.72][190.36.25.13][1441] SELECT c_asigna FROM dace004 WHERE exp_e='10-21287820' AND c_asigna='300209' AND status IN ('0','3','B','C') [1][0] OK
C:[30/04/2013 15:16:13.72][190.36.25.13][1427] SELECT par_cod_asig1,par_cod_asig2,par_cod_asig3 FROM tblaca009 WHERE pensum='5' AND c_uni_ca='2' AND c_asigna='300318' [1][0] OK
C:[30/04/2013 15:16:13.72][190.36.25.13][1427] SELECT par_cod_asig1,par_cod_asig2,par_cod_asig3 FROM tblaca009 WHERE pensum='5' AND c_uni_ca='2' AND c_asigna='320311' [1][0] OK
C:[30/04/2013 15:16:13.72][190.36.25.13][1427] SELECT par_cod_asig1,par_cod_asig2,par_cod_asig3 FROM tblaca009 WHERE pensum='5' AND c_uni_ca='2' AND c_asigna='320323' [1][0] OK
C:[30/04/2013 15:16:14.60][190.36.25.13][1557] SELECT horas_lab FROM tblaca008 WHERE c_asigna='300226' AND horas_teoricas > 0 [1][0] OK
C:[30/04/2013 15:16:14.71][190.36.25.13][1591] SELECT sum(u_creditos*1) FROM dace006 a, tblaca009 b WHERE a.exp_e='10-21287820' AND a.lapso='2013-1' AND b.pensum='5' AND b.c_uni_ca='2' AND status IN ('7','A','2') AND a.c_asigna=b.c_asigna  [1][0] OK
C:[30/04/2013 15:16:14.09][190.36.25.13][1610] SELECT sum(u_creditos*1) FROM dace006 a, tblaca009 b WHERE a.exp_e='10-21287820' AND a.lapso='2013-1' AND b.pensum='5' AND b.c_uni_ca='2' AND status IN ('7','A','2') AND a.c_asigna=b.c_asigna AND a.c_asigna IN ('300314','300213','300318','320311','320323') [1][0] OK
C:[30/04/2013 15:16:14.03][190.36.25.13][1626] SELECT MAX(semestre) FROM dace006 a, tblaca009 b WHERE a.exp_e='10-21287820' AND a.lapso='2013-1' AND b.pensum='5' AND b.c_uni_ca='2' AND status IN ('7','A','2') AND a.c_asigna=b.c_asigna  [1][0] OK
C:[30/04/2013 15:16:14.39][190.36.25.13][1646] SELECT MIN(semestre) FROM dace006 a, tblaca009 b WHERE a.exp_e='10-21287820' AND a.lapso='2013-1' AND b.pensum='5' AND b.c_uni_ca='2' AND status IN ('7','A','2') AND a.c_asigna=b.c_asigna AND a.c_asigna IN ('300226') [1][0] OK
C:[30/04/2013 17:43:08.15][200.90.102.169][1392] SELECT pre_cod_asig1,pre_cod_asig2,pre_cod_asig3,pre_cod_asig4,pre_cod_asig5,pre_cod_asig6,pre_cod_asig7 FROM tblaca009 WHERE pensum='5' AND c_uni_ca='3' AND c_asigna='311988' [1][0] OK
C:[30/04/2013 17:43:08.15][200.90.102.169][1405] SELECT c_asigna FROM dace004 WHERE exp_e='08-20701605' AND c_asigna='311822' AND status IN ('0','3','B') [1][0] OK
C:[30/04/2013 17:43:08.15][200.90.102.169][1392] SELECT pre_cod_asig1,pre_cod_asig2,pre_cod_asig3,pre_cod_asig4,pre_cod_asig5,pre_cod_asig6,pre_cod_asig7 FROM tblaca009 WHERE pensum='5' AND c_uni_ca='3' AND c_asigna='300956' [1][0] OK
C:[30/04/2013 17:43:08.15][200.90.102.169][1405] SELECT c_asigna FROM dace004 WHERE exp_e='08-20701605' AND c_asigna='300422' AND status IN ('0','3','B') [1][0] OK
C:[30/04/2013 17:43:08.15][200.90.102.169][1405] SELECT c_asigna FROM dace004 WHERE exp_e='08-20701605' AND c_asigna='300105' AND status IN ('0','3','B') [1][0] OK
C:[30/04/2013 17:43:08.15][200.90.102.169][1405] SELECT c_asigna FROM dace004 WHERE exp_e='08-20701605' AND c_asigna='300314' AND status IN ('0','3','B') [1][0] OK
C:[30/04/2013 17:43:08.15][200.90.102.169][1392] SELECT pre_cod_asig1,pre_cod_asig2,pre_cod_asig3,pre_cod_asig4,pre_cod_asig5,pre_cod_asig6,pre_cod_asig7 FROM tblaca009 WHERE pensum='5' AND c_uni_ca='3' AND c_asigna='311939' [1][0] OK
C:[30/04/2013 17:43:08.15][200.90.102.169][1392] SELECT pre_cod_asig1,pre_cod_asig2,pre_cod_asig3,pre_cod_asig4,pre_cod_asig5,pre_cod_asig6,pre_cod_asig7 FROM tblaca009 WHERE pensum='5' AND c_uni_ca='3' AND c_asigna='311099' [1][0] OK
C:[30/04/2013 17:43:08.15][200.90.102.169][1405] SELECT c_asigna FROM dace004 WHERE exp_e='08-20701605' AND c_asigna='311795' AND status IN ('0','3','B') [1][0] OK
C:[30/04/2013 17:43:08.15][200.90.102.169][1405] SELECT c_asigna FROM dace004 WHERE exp_e='08-20701605' AND c_asigna='311825' AND status IN ('0','3','B') [1][0] OK
C:[30/04/2013 17:43:08.15][200.90.102.169][1392] SELECT pre_cod_asig1,pre_cod_asig2,pre_cod_asig3,pre_cod_asig4,pre_cod_asig5,pre_cod_asig6,pre_cod_asig7 FROM tblaca009 WHERE pensum='5' AND c_uni_ca='3' AND c_asigna='311100' [1][0] OK
C:[30/04/2013 17:43:09.53][200.90.102.169][1436] SELECT par_cod_asig1,par_cod_asig2,par_cod_asig3 FROM tblaca009 WHERE pensum='5' AND c_uni_ca='3' AND c_asigna='311988' [1][0] OK
C:[30/04/2013 17:43:09.53][200.90.102.169][1436] SELECT par_cod_asig1,par_cod_asig2,par_cod_asig3 FROM tblaca009 WHERE pensum='5' AND c_uni_ca='3' AND c_asigna='300956' [1][0] OK
C:[30/04/2013 17:43:09.53][200.90.102.169][1436] SELECT par_cod_asig1,par_cod_asig2,par_cod_asig3 FROM tblaca009 WHERE pensum='5' AND c_uni_ca='3' AND c_asigna='311939' [1][0] OK
C:[30/04/2013 17:43:09.53][200.90.102.169][1450] SELECT c_asigna FROM dace004 WHERE exp_e='08-20701605' AND c_asigna='300956' AND status IN ('0','3','B','C') [0][0] OK
C:[30/04/2013 17:43:09.53][200.90.102.169][1436] SELECT par_cod_asig1,par_cod_asig2,par_cod_asig3 FROM tblaca009 WHERE pensum='5' AND c_uni_ca='3' AND c_asigna='311099' [1][0] OK
C:[30/04/2013 17:43:09.53][200.90.102.169][1436] SELECT par_cod_asig1,par_cod_asig2,par_cod_asig3 FROM tblaca009 WHERE pensum='5' AND c_uni_ca='3' AND c_asigna='311100' [1][0] OK
C:[30/04/2013 17:43:09.29][200.90.102.169][1566] SELECT horas_lab FROM tblaca008 WHERE c_asigna='311988' AND horas_teoricas > 0 [1][0] OK
C:[30/04/2013 17:43:09.40][200.90.102.169][1600] SELECT sum(u_creditos*1) FROM dace006 a, tblaca009 b WHERE a.exp_e='08-20701605' AND a.lapso='2013-1' AND b.pensum='5' AND b.c_uni_ca='3' AND status IN ('7','A','2') AND a.c_asigna=b.c_asigna  [1][0] OK
C:[30/04/2013 17:43:09.34][200.90.102.169][1619] SELECT sum(u_creditos*1) FROM dace006 a, tblaca009 b WHERE a.exp_e='08-20701605' AND a.lapso='2013-1' AND b.pensum='5' AND b.c_uni_ca='3' AND status IN ('7','A','2') AND a.c_asigna=b.c_asigna AND a.c_asigna IN ('300956','311939','311099','311100') [1][0] OK
C:[30/04/2013 17:43:12.26][200.90.102.169][1635] SELECT MAX(semestre) FROM dace006 a, tblaca009 b WHERE a.exp_e='08-20701605' AND a.lapso='2013-1' AND b.pensum='5' AND b.c_uni_ca='3' AND status IN ('7','A','2') AND a.c_asigna=b.c_asigna  [1][0] OK
C:[30/04/2013 17:43:12.44][200.90.102.169][1655] SELECT MIN(semestre) FROM dace006 a, tblaca009 b WHERE a.exp_e='08-20701605' AND a.lapso='2013-1' AND b.pensum='5' AND b.c_uni_ca='3' AND status IN ('7','A','2') AND a.c_asigna=b.c_asigna AND a.c_asigna IN ('311988') [1][0] OK
C:[01/05/2013 01:29:33.19][190.207.46.117][1392] SELECT pre_cod_asig1,pre_cod_asig2,pre_cod_asig3,pre_cod_asig4,pre_cod_asig5,pre_cod_asig6,pre_cod_asig7 FROM tblaca009 WHERE pensum='5' AND c_uni_ca='2' AND c_asigna='300113' [1][0] OK
C:[01/05/2013 01:29:33.19][190.207.46.117][1392] SELECT pre_cod_asig1,pre_cod_asig2,pre_cod_asig3,pre_cod_asig4,pre_cod_asig5,pre_cod_asig6,pre_cod_asig7 FROM tblaca009 WHERE pensum='5' AND c_uni_ca='2' AND c_asigna='300013' [1][0] OK
C:[01/05/2013 01:29:33.19][190.207.46.117][1392] SELECT pre_cod_asig1,pre_cod_asig2,pre_cod_asig3,pre_cod_asig4,pre_cod_asig5,pre_cod_asig6,pre_cod_asig7 FROM tblaca009 WHERE pensum='5' AND c_uni_ca='2' AND c_asigna='300101' [1][0] OK
C:[01/05/2013 01:29:33.19][190.207.46.117][1392] SELECT pre_cod_asig1,pre_cod_asig2,pre_cod_asig3,pre_cod_asig4,pre_cod_asig5,pre_cod_asig6,pre_cod_asig7 FROM tblaca009 WHERE pensum='5' AND c_uni_ca='2' AND c_asigna='300106' [1][0] OK
C:[01/05/2013 01:29:33.19][190.207.46.117][1392] SELECT pre_cod_asig1,pre_cod_asig2,pre_cod_asig3,pre_cod_asig4,pre_cod_asig5,pre_cod_asig6,pre_cod_asig7 FROM tblaca009 WHERE pensum='5' AND c_uni_ca='2' AND c_asigna='300222' [1][0] OK
C:[01/05/2013 01:29:33.19][190.207.46.117][1405] SELECT c_asigna FROM dace004 WHERE exp_e='12-23895589' AND c_asigna='300112' AND status IN ('0','3','B') [1][0] OK
C:[01/05/2013 01:29:33.19][190.207.46.117][1392] SELECT pre_cod_asig1,pre_cod_asig2,pre_cod_asig3,pre_cod_asig4,pre_cod_asig5,pre_cod_asig6,pre_cod_asig7 FROM tblaca009 WHERE pensum='5' AND c_uni_ca='2' AND c_asigna='300226' [1][0] OK
C:[01/05/2013 01:29:33.19][190.207.46.117][1405] SELECT c_asigna FROM dace004 WHERE exp_e='12-23895589' AND c_asigna='300116' AND status IN ('0','3','B') [1][0] OK
C:[01/05/2013 01:29:33.19][190.207.46.117][1436] SELECT par_cod_asig1,par_cod_asig2,par_cod_asig3 FROM tblaca009 WHERE pensum='5' AND c_uni_ca='2' AND c_asigna='300113' [1][0] OK
C:[01/05/2013 01:29:33.19][190.207.46.117][1450] SELECT c_asigna FROM dace004 WHERE exp_e='12-23895589' AND c_asigna='300013' AND status IN ('0','3','B','C') [0][0] OK
C:[01/05/2013 01:29:33.19][190.207.46.117][1436] SELECT par_cod_asig1,par_cod_asig2,par_cod_asig3 FROM tblaca009 WHERE pensum='5' AND c_uni_ca='2' AND c_asigna='300013' [1][0] OK
C:[01/05/2013 01:29:33.19][190.207.46.117][1436] SELECT par_cod_asig1,par_cod_asig2,par_cod_asig3 FROM tblaca009 WHERE pensum='5' AND c_uni_ca='2' AND c_asigna='300101' [1][0] OK
C:[01/05/2013 01:29:33.19][190.207.46.117][1436] SELECT par_cod_asig1,par_cod_asig2,par_cod_asig3 FROM tblaca009 WHERE pensum='5' AND c_uni_ca='2' AND c_asigna='300106' [1][0] OK
C:[01/05/2013 01:29:33.19][190.207.46.117][1436] SELECT par_cod_asig1,par_cod_asig2,par_cod_asig3 FROM tblaca009 WHERE pensum='5' AND c_uni_ca='2' AND c_asigna='300222' [1][0] OK
C:[01/05/2013 01:29:33.19][190.207.46.117][1436] SELECT par_cod_asig1,par_cod_asig2,par_cod_asig3 FROM tblaca009 WHERE pensum='5' AND c_uni_ca='2' AND c_asigna='300226' [1][0] OK
C:[01/05/2013 01:29:33.08][190.207.46.117][1566] SELECT horas_lab FROM tblaca008 WHERE c_asigna='300113' AND horas_teoricas > 0 [0][0] OK
C:[01/05/2013 01:29:33.19][190.207.46.117][1600] SELECT sum(u_creditos*1) FROM dace006 a, tblaca009 b WHERE a.exp_e='12-23895589' AND a.lapso='2013-1' AND b.pensum='5' AND b.c_uni_ca='2' AND status IN ('7','A','2') AND a.c_asigna=b.c_asigna  [1][0] OK
C:[01/05/2013 01:29:33.14][190.207.46.117][1619] SELECT sum(u_creditos*1) FROM dace006 a, tblaca009 b WHERE a.exp_e='12-23895589' AND a.lapso='2013-1' AND b.pensum='5' AND b.c_uni_ca='2' AND status IN ('7','A','2') AND a.c_asigna=b.c_asigna AND a.c_asigna IN ('300013','300101','300106','300222','300226') [1][0] OK
C:[01/05/2013 01:29:33.07][190.207.46.117][1635] SELECT MAX(semestre) FROM dace006 a, tblaca009 b WHERE a.exp_e='12-23895589' AND a.lapso='2013-1' AND b.pensum='5' AND b.c_uni_ca='2' AND status IN ('7','A','2') AND a.c_asigna=b.c_asigna  [1][0] OK
C:[01/05/2013 01:29:33.01][190.207.46.117][1655] SELECT MIN(semestre) FROM dace006 a, tblaca009 b WHERE a.exp_e='12-23895589' AND a.lapso='2013-1' AND b.pensum='5' AND b.c_uni_ca='2' AND status IN ('7','A','2') AND a.c_asigna=b.c_asigna AND a.c_asigna IN ('300113') [1][0] OK
C:[02/05/2013 09:16:37.60][172.16.8.247][1392] SELECT pre_cod_asig1,pre_cod_asig2,pre_cod_asig3,pre_cod_asig4,pre_cod_asig5,pre_cod_asig6,pre_cod_asig7 FROM tblaca009 WHERE pensum='5' AND c_uni_ca='3' AND c_asigna='311986' [1][0] OK
C:[02/05/2013 09:16:37.60][172.16.8.247][1405] SELECT c_asigna FROM dace004 WHERE exp_e='08-20037122' AND c_asigna='311825' AND status IN ('0','3','B') [1][0] OK
C:[02/05/2013 09:16:37.60][172.16.8.247][1392] SELECT pre_cod_asig1,pre_cod_asig2,pre_cod_asig3,pre_cod_asig4,pre_cod_asig5,pre_cod_asig6,pre_cod_asig7 FROM tblaca009 WHERE pensum='5' AND c_uni_ca='3' AND c_asigna='300890' [1][0] OK
C:[02/05/2013 09:16:37.60][172.16.8.247][1392] SELECT pre_cod_asig1,pre_cod_asig2,pre_cod_asig3,pre_cod_asig4,pre_cod_asig5,pre_cod_asig6,pre_cod_asig7 FROM tblaca009 WHERE pensum='5' AND c_uni_ca='3' AND c_asigna='311100' [1][0] OK
C:[02/05/2013 09:16:37.60][172.16.8.247][1392] SELECT pre_cod_asig1,pre_cod_asig2,pre_cod_asig3,pre_cod_asig4,pre_cod_asig5,pre_cod_asig6,pre_cod_asig7 FROM tblaca009 WHERE pensum='5' AND c_uni_ca='3' AND c_asigna='300956' [1][0] OK
C:[02/05/2013 09:16:37.60][172.16.8.247][1405] SELECT c_asigna FROM dace004 WHERE exp_e='08-20037122' AND c_asigna='300422' AND status IN ('0','3','B') [1][0] OK
C:[02/05/2013 09:16:37.60][172.16.8.247][1405] SELECT c_asigna FROM dace004 WHERE exp_e='08-20037122' AND c_asigna='300105' AND status IN ('0','3','B') [1][0] OK
C:[02/05/2013 09:16:37.60][172.16.8.247][1405] SELECT c_asigna FROM dace004 WHERE exp_e='08-20037122' AND c_asigna='300314' AND status IN ('0','3','B') [1][0] OK
C:[02/05/2013 09:16:37.60][172.16.8.247][1392] SELECT pre_cod_asig1,pre_cod_asig2,pre_cod_asig3,pre_cod_asig4,pre_cod_asig5,pre_cod_asig6,pre_cod_asig7 FROM tblaca009 WHERE pensum='5' AND c_uni_ca='3' AND c_asigna='311939' [1][0] OK
C:[02/05/2013 09:16:37.72][172.16.8.247][1436] SELECT par_cod_asig1,par_cod_asig2,par_cod_asig3 FROM tblaca009 WHERE pensum='5' AND c_uni_ca='3' AND c_asigna='311986' [1][0] OK
C:[02/05/2013 09:16:37.72][172.16.8.247][1436] SELECT par_cod_asig1,par_cod_asig2,par_cod_asig3 FROM tblaca009 WHERE pensum='5' AND c_uni_ca='3' AND c_asigna='300890' [1][0] OK
C:[02/05/2013 09:16:37.72][172.16.8.247][1436] SELECT par_cod_asig1,par_cod_asig2,par_cod_asig3 FROM tblaca009 WHERE pensum='5' AND c_uni_ca='3' AND c_asigna='311100' [1][0] OK
C:[02/05/2013 09:16:37.72][172.16.8.247][1436] SELECT par_cod_asig1,par_cod_asig2,par_cod_asig3 FROM tblaca009 WHERE pensum='5' AND c_uni_ca='3' AND c_asigna='300956' [1][0] OK
C:[02/05/2013 09:16:37.72][172.16.8.247][1436] SELECT par_cod_asig1,par_cod_asig2,par_cod_asig3 FROM tblaca009 WHERE pensum='5' AND c_uni_ca='3' AND c_asigna='311939' [1][0] OK
C:[02/05/2013 09:16:37.72][172.16.8.247][1450] SELECT c_asigna FROM dace004 WHERE exp_e='08-20037122' AND c_asigna='300956' AND status IN ('0','3','B','C') [0][0] OK
C:[02/05/2013 09:16:37.48][172.16.8.247][1566] SELECT horas_lab FROM tblaca008 WHERE c_asigna='311986' AND horas_teoricas > 0 [1][0] OK
C:[02/05/2013 09:16:37.60][172.16.8.247][1600] SELECT sum(u_creditos*1) FROM dace006 a, tblaca009 b WHERE a.exp_e='08-20037122' AND a.lapso='2013-1' AND b.pensum='5' AND b.c_uni_ca='3' AND status IN ('7','A','2') AND a.c_asigna=b.c_asigna  [1][0] OK
C:[02/05/2013 09:16:38.35][172.16.8.247][1619] SELECT sum(u_creditos*1) FROM dace006 a, tblaca009 b WHERE a.exp_e='08-20037122' AND a.lapso='2013-1' AND b.pensum='5' AND b.c_uni_ca='3' AND status IN ('7','A','2') AND a.c_asigna=b.c_asigna AND a.c_asigna IN ('300890','311100','300956','311939') [1][0] OK
C:[02/05/2013 09:16:38.53][172.16.8.247][1635] SELECT MAX(semestre) FROM dace006 a, tblaca009 b WHERE a.exp_e='08-20037122' AND a.lapso='2013-1' AND b.pensum='5' AND b.c_uni_ca='3' AND status IN ('7','A','2') AND a.c_asigna=b.c_asigna  [1][0] OK
C:[02/05/2013 09:16:38.03][172.16.8.247][1655] SELECT MIN(semestre) FROM dace006 a, tblaca009 b WHERE a.exp_e='08-20037122' AND a.lapso='2013-1' AND b.pensum='5' AND b.c_uni_ca='3' AND status IN ('7','A','2') AND a.c_asigna=b.c_asigna AND a.c_asigna IN ('311986') [1][0] OK
C:[02/05/2013 10:25:55.19][181.185.34.110][1392] SELECT pre_cod_asig1,pre_cod_asig2,pre_cod_asig3,pre_cod_asig4,pre_cod_asig5,pre_cod_asig6,pre_cod_asig7 FROM tblaca009 WHERE pensum='5' AND c_uni_ca='6' AND c_asigna='300013' [1][0] OK
C:[02/05/2013 10:25:55.19][181.185.34.110][1392] SELECT pre_cod_asig1,pre_cod_asig2,pre_cod_asig3,pre_cod_asig4,pre_cod_asig5,pre_cod_asig6,pre_cod_asig7 FROM tblaca009 WHERE pensum='5' AND c_uni_ca='6' AND c_asigna='300112' [1][0] OK
C:[02/05/2013 10:25:55.19][181.185.34.110][1392] SELECT pre_cod_asig1,pre_cod_asig2,pre_cod_asig3,pre_cod_asig4,pre_cod_asig5,pre_cod_asig6,pre_cod_asig7 FROM tblaca009 WHERE pensum='5' AND c_uni_ca='6' AND c_asigna='300116' [1][0] OK
C:[02/05/2013 10:25:55.19][181.185.34.110][1392] SELECT pre_cod_asig1,pre_cod_asig2,pre_cod_asig3,pre_cod_asig4,pre_cod_asig5,pre_cod_asig6,pre_cod_asig7 FROM tblaca009 WHERE pensum='5' AND c_uni_ca='6' AND c_asigna='300218' [1][0] OK
C:[02/05/2013 10:25:55.19][181.185.34.110][1405] SELECT c_asigna FROM dace004 WHERE exp_e='11-20808902' AND c_asigna='300101' AND status IN ('0','3','B') [1][0] OK
C:[02/05/2013 10:25:55.19][181.185.34.110][1392] SELECT pre_cod_asig1,pre_cod_asig2,pre_cod_asig3,pre_cod_asig4,pre_cod_asig5,pre_cod_asig6,pre_cod_asig7 FROM tblaca009 WHERE pensum='5' AND c_uni_ca='6' AND c_asigna='300314' [1][0] OK
C:[02/05/2013 10:25:55.19][181.185.34.110][1405] SELECT c_asigna FROM dace004 WHERE exp_e='11-20808902' AND c_asigna='300106' AND status IN ('0','3','B') [1][0] OK
C:[02/05/2013 10:25:55.06][181.185.34.110][1436] SELECT par_cod_asig1,par_cod_asig2,par_cod_asig3 FROM tblaca009 WHERE pensum='5' AND c_uni_ca='6' AND c_asigna='300013' [1][0] OK
C:[02/05/2013 10:25:55.06][181.185.34.110][1436] SELECT par_cod_asig1,par_cod_asig2,par_cod_asig3 FROM tblaca009 WHERE pensum='5' AND c_uni_ca='6' AND c_asigna='300112' [1][0] OK
C:[02/05/2013 10:25:55.06][181.185.34.110][1436] SELECT par_cod_asig1,par_cod_asig2,par_cod_asig3 FROM tblaca009 WHERE pensum='5' AND c_uni_ca='6' AND c_asigna='300116' [1][0] OK
C:[02/05/2013 10:25:55.06][181.185.34.110][1436] SELECT par_cod_asig1,par_cod_asig2,par_cod_asig3 FROM tblaca009 WHERE pensum='5' AND c_uni_ca='6' AND c_asigna='300218' [1][0] OK
C:[02/05/2013 10:25:55.06][181.185.34.110][1450] SELECT c_asigna FROM dace004 WHERE exp_e='11-20808902' AND c_asigna='300228' AND status IN ('0','3','B','C') [1][0] OK
C:[02/05/2013 10:25:55.06][181.185.34.110][1436] SELECT par_cod_asig1,par_cod_asig2,par_cod_asig3 FROM tblaca009 WHERE pensum='5' AND c_uni_ca='6' AND c_asigna='300314' [1][0] OK
C:[02/05/2013 10:25:55.82][181.185.34.110][1566] SELECT horas_lab FROM tblaca008 WHERE c_asigna='300013' AND horas_teoricas > 0 [1][0] OK
C:[02/05/2013 10:25:55.94][181.185.34.110][1600] SELECT sum(u_creditos*1) FROM dace006 a, tblaca009 b WHERE a.exp_e='11-20808902' AND a.lapso='2013-1' AND b.pensum='5' AND b.c_uni_ca='6' AND status IN ('7','A','2') AND a.c_asigna=b.c_asigna  [1][0] OK
C:[02/05/2013 10:25:55.30][181.185.34.110][1619] SELECT sum(u_creditos*1) FROM dace006 a, tblaca009 b WHERE a.exp_e='11-20808902' AND a.lapso='2013-1' AND b.pensum='5' AND b.c_uni_ca='6' AND status IN ('7','A','2') AND a.c_asigna=b.c_asigna AND a.c_asigna IN ('300112','300116','300218','300314') [1][0] OK
C:[02/05/2013 10:25:55.68][181.185.34.110][1635] SELECT MAX(semestre) FROM dace006 a, tblaca009 b WHERE a.exp_e='11-20808902' AND a.lapso='2013-1' AND b.pensum='5' AND b.c_uni_ca='6' AND status IN ('7','A','2') AND a.c_asigna=b.c_asigna  [1][0] OK
C:[02/05/2013 10:25:55.05][181.185.34.110][1655] SELECT MIN(semestre) FROM dace006 a, tblaca009 b WHERE a.exp_e='11-20808902' AND a.lapso='2013-1' AND b.pensum='5' AND b.c_uni_ca='6' AND status IN ('7','A','2') AND a.c_asigna=b.c_asigna AND a.c_asigna IN ('300013') [1][0] OK
C:[02/05/2013 12:11:26.75][186.90.199.91][1392] SELECT pre_cod_asig1,pre_cod_asig2,pre_cod_asig3,pre_cod_asig4,pre_cod_asig5,pre_cod_asig6,pre_cod_asig7 FROM tblaca009 WHERE pensum='5' AND c_uni_ca='3' AND c_asigna='311933' [1][0] OK
C:[02/05/2013 12:11:26.75][186.90.199.91][1392] SELECT pre_cod_asig1,pre_cod_asig2,pre_cod_asig3,pre_cod_asig4,pre_cod_asig5,pre_cod_asig6,pre_cod_asig7 FROM tblaca009 WHERE pensum='5' AND c_uni_ca='3' AND c_asigna='300956' [1][0] OK
C:[02/05/2013 12:11:26.75][186.90.199.91][1405] SELECT c_asigna FROM dace004 WHERE exp_e='09-20503630' AND c_asigna='300422' AND status IN ('0','3','B') [1][0] OK
C:[02/05/2013 12:11:26.75][186.90.199.91][1405] SELECT c_asigna FROM dace004 WHERE exp_e='09-20503630' AND c_asigna='300105' AND status IN ('0','3','B') [1][0] OK
C:[02/05/2013 12:11:26.75][186.90.199.91][1405] SELECT c_asigna FROM dace004 WHERE exp_e='09-20503630' AND c_asigna='300314' AND status IN ('0','3','B') [1][0] OK
C:[02/05/2013 12:11:26.75][186.90.199.91][1392] SELECT pre_cod_asig1,pre_cod_asig2,pre_cod_asig3,pre_cod_asig4,pre_cod_asig5,pre_cod_asig6,pre_cod_asig7 FROM tblaca009 WHERE pensum='5' AND c_uni_ca='3' AND c_asigna='311939' [1][0] OK
C:[02/05/2013 12:11:26.75][186.90.199.91][1392] SELECT pre_cod_asig1,pre_cod_asig2,pre_cod_asig3,pre_cod_asig4,pre_cod_asig5,pre_cod_asig6,pre_cod_asig7 FROM tblaca009 WHERE pensum='5' AND c_uni_ca='3' AND c_asigna='311099' [1][0] OK
C:[02/05/2013 12:11:26.75][186.90.199.91][1405] SELECT c_asigna FROM dace004 WHERE exp_e='09-20503630' AND c_asigna='311795' AND status IN ('0','3','B') [1][0] OK
C:[02/05/2013 12:11:26.75][186.90.199.91][1405] SELECT c_asigna FROM dace004 WHERE exp_e='09-20503630' AND c_asigna='311825' AND status IN ('0','3','B') [1][0] OK
C:[02/05/2013 12:11:26.75][186.90.199.91][1392] SELECT pre_cod_asig1,pre_cod_asig2,pre_cod_asig3,pre_cod_asig4,pre_cod_asig5,pre_cod_asig6,pre_cod_asig7 FROM tblaca009 WHERE pensum='5' AND c_uni_ca='3' AND c_asigna='311100' [1][0] OK
C:[02/05/2013 12:11:27.00][186.90.199.91][1436] SELECT par_cod_asig1,par_cod_asig2,par_cod_asig3 FROM tblaca009 WHERE pensum='5' AND c_uni_ca='3' AND c_asigna='311933' [1][0] OK
C:[02/05/2013 12:11:27.00][186.90.199.91][1436] SELECT par_cod_asig1,par_cod_asig2,par_cod_asig3 FROM tblaca009 WHERE pensum='5' AND c_uni_ca='3' AND c_asigna='300956' [1][0] OK
C:[02/05/2013 12:11:27.00][186.90.199.91][1436] SELECT par_cod_asig1,par_cod_asig2,par_cod_asig3 FROM tblaca009 WHERE pensum='5' AND c_uni_ca='3' AND c_asigna='311939' [1][0] OK
C:[02/05/2013 12:11:27.00][186.90.199.91][1450] SELECT c_asigna FROM dace004 WHERE exp_e='09-20503630' AND c_asigna='300956' AND status IN ('0','3','B','C') [0][0] OK
C:[02/05/2013 12:11:27.00][186.90.199.91][1436] SELECT par_cod_asig1,par_cod_asig2,par_cod_asig3 FROM tblaca009 WHERE pensum='5' AND c_uni_ca='3' AND c_asigna='311099' [1][0] OK
C:[02/05/2013 12:11:27.00][186.90.199.91][1436] SELECT par_cod_asig1,par_cod_asig2,par_cod_asig3 FROM tblaca009 WHERE pensum='5' AND c_uni_ca='3' AND c_asigna='311100' [1][0] OK
C:[02/05/2013 12:11:27.76][186.90.199.91][1566] SELECT horas_lab FROM tblaca008 WHERE c_asigna='311933' AND horas_teoricas > 0 [1][0] OK
C:[02/05/2013 12:11:27.87][186.90.199.91][1600] SELECT sum(u_creditos*1) FROM dace006 a, tblaca009 b WHERE a.exp_e='09-20503630' AND a.lapso='2013-1' AND b.pensum='5' AND b.c_uni_ca='3' AND status IN ('7','A','2') AND a.c_asigna=b.c_asigna  [1][0] OK
C:[02/05/2013 12:11:27.24][186.90.199.91][1619] SELECT sum(u_creditos*1) FROM dace006 a, tblaca009 b WHERE a.exp_e='09-20503630' AND a.lapso='2013-1' AND b.pensum='5' AND b.c_uni_ca='3' AND status IN ('7','A','2') AND a.c_asigna=b.c_asigna AND a.c_asigna IN ('300956','311939','311099','311100') [1][0] OK
C:[02/05/2013 12:11:27.62][186.90.199.91][1635] SELECT MAX(semestre) FROM dace006 a, tblaca009 b WHERE a.exp_e='09-20503630' AND a.lapso='2013-1' AND b.pensum='5' AND b.c_uni_ca='3' AND status IN ('7','A','2') AND a.c_asigna=b.c_asigna  [1][0] OK
C:[02/05/2013 12:11:27.99][186.90.199.91][1655] SELECT MIN(semestre) FROM dace006 a, tblaca009 b WHERE a.exp_e='09-20503630' AND a.lapso='2013-1' AND b.pensum='5' AND b.c_uni_ca='3' AND status IN ('7','A','2') AND a.c_asigna=b.c_asigna AND a.c_asigna IN ('311933') [1][0] OK
C:[02/05/2013 18:31:42.90][186.89.184.241][1392] SELECT pre_cod_asig1,pre_cod_asig2,pre_cod_asig3,pre_cod_asig4,pre_cod_asig5,pre_cod_asig6,pre_cod_asig7 FROM tblaca009 WHERE pensum='5' AND c_uni_ca='6' AND c_asigna='344445' [1][0] OK
C:[02/05/2013 18:31:42.90][186.89.184.241][1392] SELECT pre_cod_asig1,pre_cod_asig2,pre_cod_asig3,pre_cod_asig4,pre_cod_asig5,pre_cod_asig6,pre_cod_asig7 FROM tblaca009 WHERE pensum='5' AND c_uni_ca='6' AND c_asigna='340323' [1][0] OK
C:[02/05/2013 18:31:42.90][186.89.184.241][1405] SELECT c_asigna FROM dace004 WHERE exp_e='12-15909987' AND c_asigna='300228' AND status IN ('0','3','B') [1][0] OK
C:[02/05/2013 18:31:42.90][186.89.184.241][1405] SELECT c_asigna FROM dace004 WHERE exp_e='12-15909987' AND c_asigna='300207' AND status IN ('0','3','B') [1][0] OK
C:[02/05/2013 18:31:42.90][186.89.184.241][1392] SELECT pre_cod_asig1,pre_cod_asig2,pre_cod_asig3,pre_cod_asig4,pre_cod_asig5,pre_cod_asig6,pre_cod_asig7 FROM tblaca009 WHERE pensum='5' AND c_uni_ca='6' AND c_asigna='342436' [1][0] OK
C:[02/05/2013 18:31:42.90][186.89.184.241][1405] SELECT c_asigna FROM dace004 WHERE exp_e='12-15909987' AND c_asigna='300318' AND status IN ('0','3','B') [1][0] OK
C:[02/05/2013 18:31:42.90][186.89.184.241][1405] SELECT c_asigna FROM dace004 WHERE exp_e='12-15909987' AND c_asigna='300317' AND status IN ('0','3','B') [1][0] OK
C:[02/05/2013 18:31:42.90][186.89.184.241][1392] SELECT pre_cod_asig1,pre_cod_asig2,pre_cod_asig3,pre_cod_asig4,pre_cod_asig5,pre_cod_asig6,pre_cod_asig7 FROM tblaca009 WHERE pensum='5' AND c_uni_ca='6' AND c_asigna='311561' [1][0] OK
C:[02/05/2013 18:31:42.90][186.89.184.241][1405] SELECT c_asigna FROM dace004 WHERE exp_e='12-15909987' AND c_asigna='300318' AND status IN ('0','3','B') [1][0] OK
C:[02/05/2013 18:31:42.02][186.89.184.241][1436] SELECT par_cod_asig1,par_cod_asig2,par_cod_asig3 FROM tblaca009 WHERE pensum='5' AND c_uni_ca='6' AND c_asigna='344445' [1][0] OK
C:[02/05/2013 18:31:42.02][186.89.184.241][1436] SELECT par_cod_asig1,par_cod_asig2,par_cod_asig3 FROM tblaca009 WHERE pensum='5' AND c_uni_ca='6' AND c_asigna='340323' [1][0] OK
C:[02/05/2013 18:31:42.02][186.89.184.241][1436] SELECT par_cod_asig1,par_cod_asig2,par_cod_asig3 FROM tblaca009 WHERE pensum='5' AND c_uni_ca='6' AND c_asigna='342436' [1][0] OK
C:[02/05/2013 18:31:42.02][186.89.184.241][1436] SELECT par_cod_asig1,par_cod_asig2,par_cod_asig3 FROM tblaca009 WHERE pensum='5' AND c_uni_ca='6' AND c_asigna='311561' [1][0] OK
C:[02/05/2013 18:31:42.53][186.89.184.241][1566] SELECT horas_lab FROM tblaca008 WHERE c_asigna='344445' AND horas_teoricas > 0 [1][0] OK
C:[02/05/2013 18:31:42.64][186.89.184.241][1600] SELECT sum(u_creditos*1) FROM dace006 a, tblaca009 b WHERE a.exp_e='12-15909987' AND a.lapso='2013-1' AND b.pensum='5' AND b.c_uni_ca='6' AND status IN ('7','A','2') AND a.c_asigna=b.c_asigna  [1][0] OK
C:[02/05/2013 18:31:42.58][186.89.184.241][1619] SELECT sum(u_creditos*1) FROM dace006 a, tblaca009 b WHERE a.exp_e='12-15909987' AND a.lapso='2013-1' AND b.pensum='5' AND b.c_uni_ca='6' AND status IN ('7','A','2') AND a.c_asigna=b.c_asigna AND a.c_asigna IN ('340323','342436','311561') [1][0] OK
C:[02/05/2013 18:31:43.77][186.89.184.241][1635] SELECT MAX(semestre) FROM dace006 a, tblaca009 b WHERE a.exp_e='12-15909987' AND a.lapso='2013-1' AND b.pensum='5' AND b.c_uni_ca='6' AND status IN ('7','A','2') AND a.c_asigna=b.c_asigna  [1][0] OK
C:[02/05/2013 18:31:43.39][186.89.184.241][1655] SELECT MIN(semestre) FROM dace006 a, tblaca009 b WHERE a.exp_e='12-15909987' AND a.lapso='2013-1' AND b.pensum='5' AND b.c_uni_ca='6' AND status IN ('7','A','2') AND a.c_asigna=b.c_asigna AND a.c_asigna IN ('344445') [1][0] OK
C:[04/05/2013 23:41:26.78][190.39.28.125][1392] SELECT pre_cod_asig1,pre_cod_asig2,pre_cod_asig3,pre_cod_asig4,pre_cod_asig5,pre_cod_asig6,pre_cod_asig7 FROM tblaca009 WHERE pensum='5' AND c_uni_ca='2' AND c_asigna='300213' [1][0] OK
C:[04/05/2013 23:41:26.78][190.39.28.125][1405] SELECT c_asigna FROM dace004 WHERE exp_e='11-22818919' AND c_asigna='300101' AND status IN ('0','3','B') [1][0] OK
C:[04/05/2013 23:41:26.78][190.39.28.125][1392] SELECT pre_cod_asig1,pre_cod_asig2,pre_cod_asig3,pre_cod_asig4,pre_cod_asig5,pre_cod_asig6,pre_cod_asig7 FROM tblaca009 WHERE pensum='5' AND c_uni_ca='2' AND c_asigna='300207' [1][0] OK
C:[04/05/2013 23:41:26.78][190.39.28.125][1405] SELECT c_asigna FROM dace004 WHERE exp_e='11-22818919' AND c_asigna='300101' AND status IN ('0','3','B') [1][0] OK
C:[04/05/2013 23:41:26.78][190.39.28.125][1392] SELECT pre_cod_asig1,pre_cod_asig2,pre_cod_asig3,pre_cod_asig4,pre_cod_asig5,pre_cod_asig6,pre_cod_asig7 FROM tblaca009 WHERE pensum='5' AND c_uni_ca='2' AND c_asigna='300209' [1][0] OK
C:[04/05/2013 23:41:26.78][190.39.28.125][1405] SELECT c_asigna FROM dace004 WHERE exp_e='11-22818919' AND c_asigna='300101' AND status IN ('0','3','B') [1][0] OK
C:[04/05/2013 23:41:26.78][190.39.28.125][1392] SELECT pre_cod_asig1,pre_cod_asig2,pre_cod_asig3,pre_cod_asig4,pre_cod_asig5,pre_cod_asig6,pre_cod_asig7 FROM tblaca009 WHERE pensum='5' AND c_uni_ca='2' AND c_asigna='300218' [1][0] OK
C:[04/05/2013 23:41:26.78][190.39.28.125][1405] SELECT c_asigna FROM dace004 WHERE exp_e='11-22818919' AND c_asigna='300101' AND status IN ('0','3','B') [1][0] OK
C:[04/05/2013 23:41:26.78][190.39.28.125][1392] SELECT pre_cod_asig1,pre_cod_asig2,pre_cod_asig3,pre_cod_asig4,pre_cod_asig5,pre_cod_asig6,pre_cod_asig7 FROM tblaca009 WHERE pensum='5' AND c_uni_ca='2' AND c_asigna='300228' [1][0] OK
C:[04/05/2013 23:41:26.78][190.39.28.125][1405] SELECT c_asigna FROM dace004 WHERE exp_e='11-22818919' AND c_asigna='300101' AND status IN ('0','3','B') [1][0] OK
C:[04/05/2013 23:41:26.03][190.39.28.125][1436] SELECT par_cod_asig1,par_cod_asig2,par_cod_asig3 FROM tblaca009 WHERE pensum='5' AND c_uni_ca='2' AND c_asigna='300213' [1][0] OK
C:[04/05/2013 23:41:26.03][190.39.28.125][1450] SELECT c_asigna FROM dace004 WHERE exp_e='11-22818919' AND c_asigna='300209' AND status IN ('0','3','B','C') [0][0] OK
C:[04/05/2013 23:41:26.03][190.39.28.125][1436] SELECT par_cod_asig1,par_cod_asig2,par_cod_asig3 FROM tblaca009 WHERE pensum='5' AND c_uni_ca='2' AND c_asigna='300207' [1][0] OK
C:[04/05/2013 23:41:26.03][190.39.28.125][1436] SELECT par_cod_asig1,par_cod_asig2,par_cod_asig3 FROM tblaca009 WHERE pensum='5' AND c_uni_ca='2' AND c_asigna='300209' [1][0] OK
C:[04/05/2013 23:41:26.03][190.39.28.125][1436] SELECT par_cod_asig1,par_cod_asig2,par_cod_asig3 FROM tblaca009 WHERE pensum='5' AND c_uni_ca='2' AND c_asigna='300218' [1][0] OK
C:[04/05/2013 23:41:26.03][190.39.28.125][1450] SELECT c_asigna FROM dace004 WHERE exp_e='11-22818919' AND c_asigna='300228' AND status IN ('0','3','B','C') [0][0] OK
C:[04/05/2013 23:41:26.03][190.39.28.125][1436] SELECT par_cod_asig1,par_cod_asig2,par_cod_asig3 FROM tblaca009 WHERE pensum='5' AND c_uni_ca='2' AND c_asigna='300228' [1][0] OK
C:[04/05/2013 23:41:27.04][190.39.28.125][1566] SELECT horas_lab FROM tblaca008 WHERE c_asigna='300213' AND horas_teoricas > 0 [1][0] OK
C:[04/05/2013 23:41:27.16][190.39.28.125][1600] SELECT sum(u_creditos*1) FROM dace006 a, tblaca009 b WHERE a.exp_e='11-22818919' AND a.lapso='2013-1' AND b.pensum='5' AND b.c_uni_ca='2' AND status IN ('7','A','2') AND a.c_asigna=b.c_asigna  [1][0] OK
C:[04/05/2013 23:41:27.53][190.39.28.125][1619] SELECT sum(u_creditos*1) FROM dace006 a, tblaca009 b WHERE a.exp_e='11-22818919' AND a.lapso='2013-1' AND b.pensum='5' AND b.c_uni_ca='2' AND status IN ('7','A','2') AND a.c_asigna=b.c_asigna AND a.c_asigna IN ('300207','300209','300218','300228') [1][0] OK
C:[04/05/2013 23:41:27.90][190.39.28.125][1635] SELECT MAX(semestre) FROM dace006 a, tblaca009 b WHERE a.exp_e='11-22818919' AND a.lapso='2013-1' AND b.pensum='5' AND b.c_uni_ca='2' AND status IN ('7','A','2') AND a.c_asigna=b.c_asigna  [1][0] OK
C:[04/05/2013 23:41:27.28][190.39.28.125][1655] SELECT MIN(semestre) FROM dace006 a, tblaca009 b WHERE a.exp_e='11-22818919' AND a.lapso='2013-1' AND b.pensum='5' AND b.c_uni_ca='2' AND status IN ('7','A','2') AND a.c_asigna=b.c_asigna AND a.c_asigna IN ('300213') [1][0] OK
C:[05/05/2013 12:36:27.88][181.182.238.94][1392] SELECT pre_cod_asig1,pre_cod_asig2,pre_cod_asig3,pre_cod_asig4,pre_cod_asig5,pre_cod_asig6,pre_cod_asig7 FROM tblaca009 WHERE pensum='5' AND c_uni_ca='5' AND c_asigna='355722' [1][0] OK
C:[05/05/2013 12:36:27.88][181.182.238.94][1405] SELECT c_asigna FROM dace004 WHERE exp_e='05-18371650' AND c_asigna='355691' AND status IN ('0','3','B') [1][0] OK
C:[05/05/2013 12:36:27.88][181.182.238.94][1405] SELECT c_asigna FROM dace004 WHERE exp_e='05-18371650' AND c_asigna='355595' AND status IN ('0','3','B') [1][0] OK
C:[05/05/2013 12:36:27.88][181.182.238.94][1392] SELECT pre_cod_asig1,pre_cod_asig2,pre_cod_asig3,pre_cod_asig4,pre_cod_asig5,pre_cod_asig6,pre_cod_asig7 FROM tblaca009 WHERE pensum='5' AND c_uni_ca='5' AND c_asigna='355350' [1][0] OK
C:[05/05/2013 12:36:27.88][181.182.238.94][1405] SELECT c_asigna FROM dace004 WHERE exp_e='05-18371650' AND c_asigna='300207' AND status IN ('0','3','B') [2][0] OK
C:[05/05/2013 12:36:27.88][181.182.238.94][1405] SELECT c_asigna FROM dace004 WHERE exp_e='05-18371650' AND c_asigna='300228' AND status IN ('0','3','B') [1][0] OK
C:[05/05/2013 12:36:27.88][181.182.238.94][1392] SELECT pre_cod_asig1,pre_cod_asig2,pre_cod_asig3,pre_cod_asig4,pre_cod_asig5,pre_cod_asig6,pre_cod_asig7 FROM tblaca009 WHERE pensum='5' AND c_uni_ca='5' AND c_asigna='300226' [1][0] OK
C:[05/05/2013 12:36:27.88][181.182.238.94][1405] SELECT c_asigna FROM dace004 WHERE exp_e='05-18371650' AND c_asigna='300116' AND status IN ('0','3','B') [1][0] OK
C:[05/05/2013 12:36:27.88][181.182.238.94][1392] SELECT pre_cod_asig1,pre_cod_asig2,pre_cod_asig3,pre_cod_asig4,pre_cod_asig5,pre_cod_asig6,pre_cod_asig7 FROM tblaca009 WHERE pensum='5' AND c_uni_ca='5' AND c_asigna='355720' [1][0] OK
C:[05/05/2013 12:36:27.88][181.182.238.94][1405] SELECT c_asigna FROM dace004 WHERE exp_e='05-18371650' AND c_asigna='355692' AND status IN ('0','3','B') [1][0] OK
C:[05/05/2013 12:36:27.88][181.182.238.94][1405] SELECT c_asigna FROM dace004 WHERE exp_e='05-18371650' AND c_asigna='355696' AND status IN ('0','3','B') [1][0] OK
C:[05/05/2013 12:36:27.88][181.182.238.94][1392] SELECT pre_cod_asig1,pre_cod_asig2,pre_cod_asig3,pre_cod_asig4,pre_cod_asig5,pre_cod_asig6,pre_cod_asig7 FROM tblaca009 WHERE pensum='5' AND c_uni_ca='5' AND c_asigna='355724' [1][0] OK
C:[05/05/2013 12:36:27.88][181.182.238.94][1405] SELECT c_asigna FROM dace004 WHERE exp_e='05-18371650' AND c_asigna='355692' AND status IN ('0','3','B') [1][0] OK
C:[05/05/2013 12:36:27.88][181.182.238.94][1392] SELECT pre_cod_asig1,pre_cod_asig2,pre_cod_asig3,pre_cod_asig4,pre_cod_asig5,pre_cod_asig6,pre_cod_asig7 FROM tblaca009 WHERE pensum='5' AND c_uni_ca='5' AND c_asigna='300676' [1][0] OK
C:[05/05/2013 12:36:27.62][181.182.238.94][1436] SELECT par_cod_asig1,par_cod_asig2,par_cod_asig3 FROM tblaca009 WHERE pensum='5' AND c_uni_ca='5' AND c_asigna='355722' [1][0] OK
C:[05/05/2013 12:36:27.62][181.182.238.94][1436] SELECT par_cod_asig1,par_cod_asig2,par_cod_asig3 FROM tblaca009 WHERE pensum='5' AND c_uni_ca='5' AND c_asigna='355350' [1][0] OK
C:[05/05/2013 12:36:27.62][181.182.238.94][1436] SELECT par_cod_asig1,par_cod_asig2,par_cod_asig3 FROM tblaca009 WHERE pensum='5' AND c_uni_ca='5' AND c_asigna='300226' [1][0] OK
C:[05/05/2013 12:36:27.62][181.182.238.94][1436] SELECT par_cod_asig1,par_cod_asig2,par_cod_asig3 FROM tblaca009 WHERE pensum='5' AND c_uni_ca='5' AND c_asigna='355720' [1][0] OK
C:[05/05/2013 12:36:27.62][181.182.238.94][1436] SELECT par_cod_asig1,par_cod_asig2,par_cod_asig3 FROM tblaca009 WHERE pensum='5' AND c_uni_ca='5' AND c_asigna='355724' [1][0] OK
C:[05/05/2013 12:36:27.62][181.182.238.94][1436] SELECT par_cod_asig1,par_cod_asig2,par_cod_asig3 FROM tblaca009 WHERE pensum='5' AND c_uni_ca='5' AND c_asigna='300676' [1][0] OK
C:[05/05/2013 12:36:28.38][181.182.238.94][1566] SELECT horas_lab FROM tblaca008 WHERE c_asigna='355722' AND horas_teoricas > 0 [1][0] OK
C:[05/05/2013 12:36:28.50][181.182.238.94][1600] SELECT sum(u_creditos*1) FROM dace006 a, tblaca009 b WHERE a.exp_e='05-18371650' AND a.lapso='2013-1' AND b.pensum='5' AND b.c_uni_ca='5' AND status IN ('7','A','2') AND a.c_asigna=b.c_asigna  [1][0] OK
C:[05/05/2013 12:36:28.44][181.182.238.94][1619] SELECT sum(u_creditos*1) FROM dace006 a, tblaca009 b WHERE a.exp_e='05-18371650' AND a.lapso='2013-1' AND b.pensum='5' AND b.c_uni_ca='5' AND status IN ('7','A','2') AND a.c_asigna=b.c_asigna AND a.c_asigna IN ('355350','300226','355720','355724','300676') [1][0] OK
C:[05/05/2013 12:36:28.80][181.182.238.94][1635] SELECT MAX(semestre) FROM dace006 a, tblaca009 b WHERE a.exp_e='05-18371650' AND a.lapso='2013-1' AND b.pensum='5' AND b.c_uni_ca='5' AND status IN ('7','A','2') AND a.c_asigna=b.c_asigna  [1][0] OK
C:[05/05/2013 12:36:28.18][181.182.238.94][1655] SELECT MIN(semestre) FROM dace006 a, tblaca009 b WHERE a.exp_e='05-18371650' AND a.lapso='2013-1' AND b.pensum='5' AND b.c_uni_ca='5' AND status IN ('7','A','2') AND a.c_asigna=b.c_asigna AND a.c_asigna IN ('355722') [1][0] OK
C:[05/05/2013 17:12:05.21][200.84.88.96][1392] SELECT pre_cod_asig1,pre_cod_asig2,pre_cod_asig3,pre_cod_asig4,pre_cod_asig5,pre_cod_asig6,pre_cod_asig7 FROM tblaca009 WHERE pensum='5' AND c_uni_ca='3' AND c_asigna='300677' [1][0] OK
C:[05/05/2013 17:12:05.21][200.84.88.96][1392] SELECT pre_cod_asig1,pre_cod_asig2,pre_cod_asig3,pre_cod_asig4,pre_cod_asig5,pre_cod_asig6,pre_cod_asig7 FROM tblaca009 WHERE pensum='5' AND c_uni_ca='3' AND c_asigna='300422' [1][0] OK
C:[05/05/2013 17:12:05.21][200.84.88.96][1405] SELECT c_asigna FROM dace004 WHERE exp_e='09-20656726' AND c_asigna='300105' AND status IN ('0','3','B') [1][0] OK
C:[05/05/2013 17:12:05.21][200.84.88.96][1405] SELECT c_asigna FROM dace004 WHERE exp_e='09-20656726' AND c_asigna='300314' AND status IN ('0','3','B') [1][0] OK
C:[05/05/2013 17:12:05.21][200.84.88.96][1392] SELECT pre_cod_asig1,pre_cod_asig2,pre_cod_asig3,pre_cod_asig4,pre_cod_asig5,pre_cod_asig6,pre_cod_asig7 FROM tblaca009 WHERE pensum='5' AND c_uni_ca='3' AND c_asigna='311430' [1][0] OK
C:[05/05/2013 17:12:05.21][200.84.88.96][1405] SELECT c_asigna FROM dace004 WHERE exp_e='09-20656726' AND c_asigna='300317' AND status IN ('0','3','B') [1][0] OK
C:[05/05/2013 17:12:05.21][200.84.88.96][1405] SELECT c_asigna FROM dace004 WHERE exp_e='09-20656726' AND c_asigna='300318' AND status IN ('0','3','B') [1][0] OK
C:[05/05/2013 17:12:05.21][200.84.88.96][1405] SELECT c_asigna FROM dace004 WHERE exp_e='09-20656726' AND c_asigna='300313' AND status IN ('0','3','B') [1][0] OK
C:[05/05/2013 17:12:05.21][200.84.88.96][1405] SELECT c_asigna FROM dace004 WHERE exp_e='09-20656726' AND c_asigna='300222' AND status IN ('0','3','B') [1][0] OK
C:[05/05/2013 17:12:05.21][200.84.88.96][1405] SELECT c_asigna FROM dace004 WHERE exp_e='09-20656726' AND c_asigna='300226' AND status IN ('0','3','B') [1][0] OK
C:[05/05/2013 17:12:05.21][200.84.88.96][1405] SELECT c_asigna FROM dace004 WHERE exp_e='09-20656726' AND c_asigna='300209' AND status IN ('0','3','B') [1][0] OK
C:[05/05/2013 17:12:05.21][200.84.88.96][1392] SELECT pre_cod_asig1,pre_cod_asig2,pre_cod_asig3,pre_cod_asig4,pre_cod_asig5,pre_cod_asig6,pre_cod_asig7 FROM tblaca009 WHERE pensum='5' AND c_uni_ca='3' AND c_asigna='300676' [1][0] OK
C:[05/05/2013 17:12:05.21][200.84.88.96][1392] SELECT pre_cod_asig1,pre_cod_asig2,pre_cod_asig3,pre_cod_asig4,pre_cod_asig5,pre_cod_asig6,pre_cod_asig7 FROM tblaca009 WHERE pensum='5' AND c_uni_ca='3' AND c_asigna='314662' [1][0] OK
C:[05/05/2013 17:12:05.21][200.84.88.96][1405] SELECT c_asigna FROM dace004 WHERE exp_e='09-20656726' AND c_asigna='311552' AND status IN ('0','3','B') [1][0] OK
C:[05/05/2013 17:12:05.64][200.84.88.96][1436] SELECT par_cod_asig1,par_cod_asig2,par_cod_asig3 FROM tblaca009 WHERE pensum='5' AND c_uni_ca='3' AND c_asigna='300677' [1][0] OK
C:[05/05/2013 17:12:05.64][200.84.88.96][1436] SELECT par_cod_asig1,par_cod_asig2,par_cod_asig3 FROM tblaca009 WHERE pensum='5' AND c_uni_ca='3' AND c_asigna='300422' [1][0] OK
C:[05/05/2013 17:12:05.64][200.84.88.96][1436] SELECT par_cod_asig1,par_cod_asig2,par_cod_asig3 FROM tblaca009 WHERE pensum='5' AND c_uni_ca='3' AND c_asigna='311430' [1][0] OK
C:[05/05/2013 17:12:05.64][200.84.88.96][1436] SELECT par_cod_asig1,par_cod_asig2,par_cod_asig3 FROM tblaca009 WHERE pensum='5' AND c_uni_ca='3' AND c_asigna='300676' [1][0] OK
C:[05/05/2013 17:12:05.64][200.84.88.96][1436] SELECT par_cod_asig1,par_cod_asig2,par_cod_asig3 FROM tblaca009 WHERE pensum='5' AND c_uni_ca='3' AND c_asigna='314662' [1][0] OK
C:[05/05/2013 17:12:05.28][200.84.88.96][1566] SELECT horas_lab FROM tblaca008 WHERE c_asigna='300677' AND horas_teoricas > 0 [1][0] OK
C:[05/05/2013 17:12:05.39][200.84.88.96][1600] SELECT sum(u_creditos*1) FROM dace006 a, tblaca009 b WHERE a.exp_e='09-20656726' AND a.lapso='2013-1' AND b.pensum='5' AND b.c_uni_ca='3' AND status IN ('7','A','2') AND a.c_asigna=b.c_asigna  [1][0] OK
C:[05/05/2013 17:12:05.77][200.84.88.96][1619] SELECT sum(u_creditos*1) FROM dace006 a, tblaca009 b WHERE a.exp_e='09-20656726' AND a.lapso='2013-1' AND b.pensum='5' AND b.c_uni_ca='3' AND status IN ('7','A','2') AND a.c_asigna=b.c_asigna AND a.c_asigna IN ('300422','311430','300676','314662') [1][0] OK
C:[05/05/2013 17:12:05.14][200.84.88.96][1635] SELECT MAX(semestre) FROM dace006 a, tblaca009 b WHERE a.exp_e='09-20656726' AND a.lapso='2013-1' AND b.pensum='5' AND b.c_uni_ca='3' AND status IN ('7','A','2') AND a.c_asigna=b.c_asigna  [1][0] OK
C:[05/05/2013 17:12:06.52][200.84.88.96][1655] SELECT MIN(semestre) FROM dace006 a, tblaca009 b WHERE a.exp_e='09-20656726' AND a.lapso='2013-1' AND b.pensum='5' AND b.c_uni_ca='3' AND status IN ('7','A','2') AND a.c_asigna=b.c_asigna AND a.c_asigna IN ('300677') [1][0] OK
C:[05/05/2013 21:52:02.34][190.201.2.130][1392] SELECT pre_cod_asig1,pre_cod_asig2,pre_cod_asig3,pre_cod_asig4,pre_cod_asig5,pre_cod_asig6,pre_cod_asig7 FROM tblaca009 WHERE pensum='5' AND c_uni_ca='2' AND c_asigna='324862' [1][0] OK
C:[05/05/2013 21:52:02.34][190.201.2.130][1392] SELECT pre_cod_asig1,pre_cod_asig2,pre_cod_asig3,pre_cod_asig4,pre_cod_asig5,pre_cod_asig6,pre_cod_asig7 FROM tblaca009 WHERE pensum='5' AND c_uni_ca='2' AND c_asigna='322669' [1][0] OK
C:[05/05/2013 21:52:02.34][190.201.2.130][1405] SELECT c_asigna FROM dace004 WHERE exp_e='09-19910136' AND c_asigna='322558' AND status IN ('0','3','B') [1][0] OK
C:[05/05/2013 21:52:02.34][190.201.2.130][1405] SELECT c_asigna FROM dace004 WHERE exp_e='09-19910136' AND c_asigna='323528' AND status IN ('0','3','B') [1][0] OK
C:[05/05/2013 21:52:02.34][190.201.2.130][1392] SELECT pre_cod_asig1,pre_cod_asig2,pre_cod_asig3,pre_cod_asig4,pre_cod_asig5,pre_cod_asig6,pre_cod_asig7 FROM tblaca009 WHERE pensum='5' AND c_uni_ca='2' AND c_asigna='322702' [1][0] OK
C:[05/05/2013 21:52:02.34][190.201.2.130][1405] SELECT c_asigna FROM dace004 WHERE exp_e='09-19910136' AND c_asigna='322683' AND status IN ('0','3','B') [1][0] OK
C:[05/05/2013 21:52:02.34][190.201.2.130][1405] SELECT c_asigna FROM dace004 WHERE exp_e='09-19910136' AND c_asigna='300313' AND status IN ('0','3','B') [1][0] OK
C:[05/05/2013 21:52:02.34][190.201.2.130][1392] SELECT pre_cod_asig1,pre_cod_asig2,pre_cod_asig3,pre_cod_asig4,pre_cod_asig5,pre_cod_asig6,pre_cod_asig7 FROM tblaca009 WHERE pensum='5' AND c_uni_ca='2' AND c_asigna='322780' [1][0] OK
C:[05/05/2013 21:52:02.34][190.201.2.130][1405] SELECT c_asigna FROM dace004 WHERE exp_e='09-19910136' AND c_asigna='322678' AND status IN ('0','3','B') [1][0] OK
C:[05/05/2013 21:52:02.47][190.201.2.130][1436] SELECT par_cod_asig1,par_cod_asig2,par_cod_asig3 FROM tblaca009 WHERE pensum='5' AND c_uni_ca='2' AND c_asigna='324862' [1][0] OK
C:[05/05/2013 21:52:02.47][190.201.2.130][1436] SELECT par_cod_asig1,par_cod_asig2,par_cod_asig3 FROM tblaca009 WHERE pensum='5' AND c_uni_ca='2' AND c_asigna='322669' [1][0] OK
C:[05/05/2013 21:52:02.47][190.201.2.130][1436] SELECT par_cod_asig1,par_cod_asig2,par_cod_asig3 FROM tblaca009 WHERE pensum='5' AND c_uni_ca='2' AND c_asigna='322702' [1][0] OK
C:[05/05/2013 21:52:02.47][190.201.2.130][1436] SELECT par_cod_asig1,par_cod_asig2,par_cod_asig3 FROM tblaca009 WHERE pensum='5' AND c_uni_ca='2' AND c_asigna='322780' [1][0] OK
C:[05/05/2013 21:52:03.97][190.201.2.130][1566] SELECT horas_lab FROM tblaca008 WHERE c_asigna='324862' AND horas_teoricas > 0 [1][0] OK
C:[05/05/2013 21:52:03.08][190.201.2.130][1600] SELECT sum(u_creditos*1) FROM dace006 a, tblaca009 b WHERE a.exp_e='09-19910136' AND a.lapso='2013-1' AND b.pensum='5' AND b.c_uni_ca='2' AND status IN ('7','A','2') AND a.c_asigna=b.c_asigna  [1][0] OK
C:[05/05/2013 21:52:03.46][190.201.2.130][1619] SELECT sum(u_creditos*1) FROM dace006 a, tblaca009 b WHERE a.exp_e='09-19910136' AND a.lapso='2013-1' AND b.pensum='5' AND b.c_uni_ca='2' AND status IN ('7','A','2') AND a.c_asigna=b.c_asigna AND a.c_asigna IN ('322669','322702','322780') [1][0] OK
C:[05/05/2013 21:52:03.83][190.201.2.130][1635] SELECT MAX(semestre) FROM dace006 a, tblaca009 b WHERE a.exp_e='09-19910136' AND a.lapso='2013-1' AND b.pensum='5' AND b.c_uni_ca='2' AND status IN ('7','A','2') AND a.c_asigna=b.c_asigna  [1][0] OK
C:[05/05/2013 21:52:03.21][190.201.2.130][1655] SELECT MIN(semestre) FROM dace006 a, tblaca009 b WHERE a.exp_e='09-19910136' AND a.lapso='2013-1' AND b.pensum='5' AND b.c_uni_ca='2' AND status IN ('7','A','2') AND a.c_asigna=b.c_asigna AND a.c_asigna IN ('324862') [1][0] OK
C:[05/05/2013 21:53:56.49][190.73.106.33][1392] SELECT pre_cod_asig1,pre_cod_asig2,pre_cod_asig3,pre_cod_asig4,pre_cod_asig5,pre_cod_asig6,pre_cod_asig7 FROM tblaca009 WHERE pensum='5' AND c_uni_ca='2' AND c_asigna='300314' [1][0] OK
C:[05/05/2013 21:53:56.49][190.73.106.33][1405] SELECT c_asigna FROM dace004 WHERE exp_e='11-24560985' AND c_asigna='300106' AND status IN ('0','3','B') [1][0] OK
C:[05/05/2013 21:53:56.49][190.73.106.33][1392] SELECT pre_cod_asig1,pre_cod_asig2,pre_cod_asig3,pre_cod_asig4,pre_cod_asig5,pre_cod_asig6,pre_cod_asig7 FROM tblaca009 WHERE pensum='5' AND c_uni_ca='2' AND c_asigna='320311' [1][0] OK
C:[05/05/2013 21:53:56.49][190.73.106.33][1405] SELECT c_asigna FROM dace004 WHERE exp_e='11-24560985' AND c_asigna='300013' AND status IN ('0','3','B') [1][0] OK
C:[05/05/2013 21:53:56.49][190.73.106.33][1405] SELECT c_asigna FROM dace004 WHERE exp_e='11-24560985' AND c_asigna='300113' AND status IN ('0','3','B') [1][0] OK
C:[05/05/2013 21:53:56.49][190.73.106.33][1392] SELECT pre_cod_asig1,pre_cod_asig2,pre_cod_asig3,pre_cod_asig4,pre_cod_asig5,pre_cod_asig6,pre_cod_asig7 FROM tblaca009 WHERE pensum='5' AND c_uni_ca='2' AND c_asigna='300207' [1][0] OK
C:[05/05/2013 21:53:56.49][190.73.106.33][1405] SELECT c_asigna FROM dace004 WHERE exp_e='11-24560985' AND c_asigna='300101' AND status IN ('0','3','B') [1][0] OK
C:[05/05/2013 21:53:56.49][190.73.106.33][1392] SELECT pre_cod_asig1,pre_cod_asig2,pre_cod_asig3,pre_cod_asig4,pre_cod_asig5,pre_cod_asig6,pre_cod_asig7 FROM tblaca009 WHERE pensum='5' AND c_uni_ca='2' AND c_asigna='322449' [1][0] OK
C:[05/05/2013 21:53:56.49][190.73.106.33][1405] SELECT c_asigna FROM dace004 WHERE exp_e='11-24560985' AND c_asigna='300222' AND status IN ('0','3','B') [1][0] OK
C:[05/05/2013 21:53:56.61][190.73.106.33][1436] SELECT par_cod_asig1,par_cod_asig2,par_cod_asig3 FROM tblaca009 WHERE pensum='5' AND c_uni_ca='2' AND c_asigna='300314' [1][0] OK
C:[05/05/2013 21:53:56.61][190.73.106.33][1436] SELECT par_cod_asig1,par_cod_asig2,par_cod_asig3 FROM tblaca009 WHERE pensum='5' AND c_uni_ca='2' AND c_asigna='320311' [1][0] OK
C:[05/05/2013 21:53:56.61][190.73.106.33][1436] SELECT par_cod_asig1,par_cod_asig2,par_cod_asig3 FROM tblaca009 WHERE pensum='5' AND c_uni_ca='2' AND c_asigna='300207' [1][0] OK
C:[05/05/2013 21:53:56.61][190.73.106.33][1436] SELECT par_cod_asig1,par_cod_asig2,par_cod_asig3 FROM tblaca009 WHERE pensum='5' AND c_uni_ca='2' AND c_asigna='322449' [1][0] OK
C:[05/05/2013 21:53:57.13][190.73.106.33][1566] SELECT horas_lab FROM tblaca008 WHERE c_asigna='300314' AND horas_teoricas > 0 [0][0] OK
C:[05/05/2013 21:53:57.24][190.73.106.33][1600] SELECT sum(u_creditos*1) FROM dace006 a, tblaca009 b WHERE a.exp_e='11-24560985' AND a.lapso='2013-1' AND b.pensum='5' AND b.c_uni_ca='2' AND status IN ('7','A','2') AND a.c_asigna=b.c_asigna  [1][0] OK
C:[05/05/2013 21:53:57.61][190.73.106.33][1619] SELECT sum(u_creditos*1) FROM dace006 a, tblaca009 b WHERE a.exp_e='11-24560985' AND a.lapso='2013-1' AND b.pensum='5' AND b.c_uni_ca='2' AND status IN ('7','A','2') AND a.c_asigna=b.c_asigna AND a.c_asigna IN ('320311','300207','322449') [1][0] OK
C:[05/05/2013 21:53:57.99][190.73.106.33][1635] SELECT MAX(semestre) FROM dace006 a, tblaca009 b WHERE a.exp_e='11-24560985' AND a.lapso='2013-1' AND b.pensum='5' AND b.c_uni_ca='2' AND status IN ('7','A','2') AND a.c_asigna=b.c_asigna  [1][0] OK
C:[05/05/2013 21:53:57.36][190.73.106.33][1655] SELECT MIN(semestre) FROM dace006 a, tblaca009 b WHERE a.exp_e='11-24560985' AND a.lapso='2013-1' AND b.pensum='5' AND b.c_uni_ca='2' AND status IN ('7','A','2') AND a.c_asigna=b.c_asigna AND a.c_asigna IN ('300314') [1][0] OK
C:[06/05/2013 08:40:54.20][190.206.236.106][1392] SELECT pre_cod_asig1,pre_cod_asig2,pre_cod_asig3,pre_cod_asig4,pre_cod_asig5,pre_cod_asig6,pre_cod_asig7 FROM tblaca009 WHERE pensum='5' AND c_uni_ca='3' AND c_asigna='312333' [1][0] OK
C:[06/05/2013 08:40:54.20][190.206.236.106][1405] SELECT c_asigna FROM dace004 WHERE exp_e='07-20223209' AND c_asigna='300228' AND status IN ('0','3','B') [1][0] OK
C:[06/05/2013 08:40:54.20][190.206.236.106][1392] SELECT pre_cod_asig1,pre_cod_asig2,pre_cod_asig3,pre_cod_asig4,pre_cod_asig5,pre_cod_asig6,pre_cod_asig7 FROM tblaca009 WHERE pensum='5' AND c_uni_ca='3' AND c_asigna='300422' [1][0] OK
C:[06/05/2013 08:40:54.20][190.206.236.106][1405] SELECT c_asigna FROM dace004 WHERE exp_e='07-20223209' AND c_asigna='300105' AND status IN ('0','3','B') [1][0] OK
C:[06/05/2013 08:40:54.20][190.206.236.106][1405] SELECT c_asigna FROM dace004 WHERE exp_e='07-20223209' AND c_asigna='300314' AND status IN ('0','3','B') [1][0] OK
C:[06/05/2013 08:40:54.20][190.206.236.106][1392] SELECT pre_cod_asig1,pre_cod_asig2,pre_cod_asig3,pre_cod_asig4,pre_cod_asig5,pre_cod_asig6,pre_cod_asig7 FROM tblaca009 WHERE pensum='5' AND c_uni_ca='3' AND c_asigna='311430' [1][0] OK
C:[06/05/2013 08:40:54.20][190.206.236.106][1405] SELECT c_asigna FROM dace004 WHERE exp_e='07-20223209' AND c_asigna='300317' AND status IN ('0','3','B') [1][0] OK
C:[06/05/2013 08:40:54.20][190.206.236.106][1405] SELECT c_asigna FROM dace004 WHERE exp_e='07-20223209' AND c_asigna='300318' AND status IN ('0','3','B') [1][0] OK
C:[06/05/2013 08:40:54.20][190.206.236.106][1405] SELECT c_asigna FROM dace004 WHERE exp_e='07-20223209' AND c_asigna='300313' AND status IN ('0','3','B') [1][0] OK
C:[06/05/2013 08:40:54.20][190.206.236.106][1405] SELECT c_asigna FROM dace004 WHERE exp_e='07-20223209' AND c_asigna='300222' AND status IN ('0','3','B') [1][0] OK
C:[06/05/2013 08:40:54.20][190.206.236.106][1405] SELECT c_asigna FROM dace004 WHERE exp_e='07-20223209' AND c_asigna='300226' AND status IN ('0','3','B') [1][0] OK
C:[06/05/2013 08:40:54.20][190.206.236.106][1405] SELECT c_asigna FROM dace004 WHERE exp_e='07-20223209' AND c_asigna='300209' AND status IN ('0','3','B') [1][0] OK
C:[06/05/2013 08:40:54.20][190.206.236.106][1392] SELECT pre_cod_asig1,pre_cod_asig2,pre_cod_asig3,pre_cod_asig4,pre_cod_asig5,pre_cod_asig6,pre_cod_asig7 FROM tblaca009 WHERE pensum='5' AND c_uni_ca='3' AND c_asigna='311431' [1][0] OK
C:[06/05/2013 08:40:54.20][190.206.236.106][1405] SELECT c_asigna FROM dace004 WHERE exp_e='07-20223209' AND c_asigna='311320' AND status IN ('0','3','B') [1][0] OK
C:[06/05/2013 08:40:54.20][190.206.236.106][1405] SELECT c_asigna FROM dace004 WHERE exp_e='07-20223209' AND c_asigna='300013' AND status IN ('0','3','B') [1][0] OK
C:[06/05/2013 08:40:54.20][190.206.236.106][1405] SELECT c_asigna FROM dace004 WHERE exp_e='07-20223209' AND c_asigna='300113' AND status IN ('0','3','B') [1][0] OK
C:[06/05/2013 08:40:54.20][190.206.236.106][1405] SELECT c_asigna FROM dace004 WHERE exp_e='07-20223209' AND c_asigna='300222' AND status IN ('0','3','B') [1][0] OK
C:[06/05/2013 08:40:54.20][190.206.236.106][1405] SELECT c_asigna FROM dace004 WHERE exp_e='07-20223209' AND c_asigna='300226' AND status IN ('0','3','B') [1][0] OK
C:[06/05/2013 08:40:54.20][190.206.236.106][1405] SELECT c_asigna FROM dace004 WHERE exp_e='07-20223209' AND c_asigna='300209' AND status IN ('0','3','B') [1][0] OK
C:[06/05/2013 08:40:54.20][190.206.236.106][1392] SELECT pre_cod_asig1,pre_cod_asig2,pre_cod_asig3,pre_cod_asig4,pre_cod_asig5,pre_cod_asig6,pre_cod_asig7 FROM tblaca009 WHERE pensum='5' AND c_uni_ca='3' AND c_asigna='311434' [1][0] OK
C:[06/05/2013 08:40:54.20][190.206.236.106][1405] SELECT c_asigna FROM dace004 WHERE exp_e='07-20223209' AND c_asigna='300222' AND status IN ('0','3','B') [1][0] OK
C:[06/05/2013 08:40:54.20][190.206.236.106][1405] SELECT c_asigna FROM dace004 WHERE exp_e='07-20223209' AND c_asigna='300226' AND status IN ('0','3','B') [1][0] OK
C:[06/05/2013 08:40:54.20][190.206.236.106][1405] SELECT c_asigna FROM dace004 WHERE exp_e='07-20223209' AND c_asigna='300209' AND status IN ('0','3','B') [1][0] OK
C:[06/05/2013 08:40:54.20][190.206.236.106][1392] SELECT pre_cod_asig1,pre_cod_asig2,pre_cod_asig3,pre_cod_asig4,pre_cod_asig5,pre_cod_asig6,pre_cod_asig7 FROM tblaca009 WHERE pensum='5' AND c_uni_ca='3' AND c_asigna='300428' [1][0] OK
C:[06/05/2013 08:40:54.20][190.206.236.106][1405] SELECT c_asigna FROM dace004 WHERE exp_e='07-20223209' AND c_asigna='300317' AND status IN ('0','3','B') [1][0] OK
C:[06/05/2013 08:40:54.20][190.206.236.106][1405] SELECT c_asigna FROM dace004 WHERE exp_e='07-20223209' AND c_asigna='300209' AND status IN ('0','3','B') [1][0] OK
C:[06/05/2013 08:40:55.01][190.206.236.106][1436] SELECT par_cod_asig1,par_cod_asig2,par_cod_asig3 FROM tblaca009 WHERE pensum='5' AND c_uni_ca='3' AND c_asigna='312333' [1][0] OK
C:[06/05/2013 08:40:55.01][190.206.236.106][1436] SELECT par_cod_asig1,par_cod_asig2,par_cod_asig3 FROM tblaca009 WHERE pensum='5' AND c_uni_ca='3' AND c_asigna='300422' [1][0] OK
C:[06/05/2013 08:40:55.01][190.206.236.106][1436] SELECT par_cod_asig1,par_cod_asig2,par_cod_asig3 FROM tblaca009 WHERE pensum='5' AND c_uni_ca='3' AND c_asigna='311430' [1][0] OK
C:[06/05/2013 08:40:55.01][190.206.236.106][1436] SELECT par_cod_asig1,par_cod_asig2,par_cod_asig3 FROM tblaca009 WHERE pensum='5' AND c_uni_ca='3' AND c_asigna='311431' [1][0] OK
C:[06/05/2013 08:40:55.01][190.206.236.106][1450] SELECT c_asigna FROM dace004 WHERE exp_e='07-20223209' AND c_asigna='311430' AND status IN ('0','3','B','C') [0][0] OK
C:[06/05/2013 08:40:55.01][190.206.236.106][1436] SELECT par_cod_asig1,par_cod_asig2,par_cod_asig3 FROM tblaca009 WHERE pensum='5' AND c_uni_ca='3' AND c_asigna='311434' [1][0] OK
C:[06/05/2013 08:40:55.01][190.206.236.106][1450] SELECT c_asigna FROM dace004 WHERE exp_e='07-20223209' AND c_asigna='311431' AND status IN ('0','3','B','C') [0][0] OK
C:[06/05/2013 08:40:55.01][190.206.236.106][1436] SELECT par_cod_asig1,par_cod_asig2,par_cod_asig3 FROM tblaca009 WHERE pensum='5' AND c_uni_ca='3' AND c_asigna='300428' [1][0] OK
C:[06/05/2013 08:40:55.02][190.206.236.106][1566] SELECT horas_lab FROM tblaca008 WHERE c_asigna='312333' AND horas_teoricas > 0 [1][0] OK
C:[06/05/2013 08:40:55.02][190.206.236.106][1566] SELECT horas_lab FROM tblaca008 WHERE c_asigna='300422' AND horas_teoricas > 0 [0][0] OK
C:[06/05/2013 08:40:55.26][190.206.236.106][1600] SELECT sum(u_creditos*1) FROM dace006 a, tblaca009 b WHERE a.exp_e='07-20223209' AND a.lapso='2013-1' AND b.pensum='5' AND b.c_uni_ca='3' AND status IN ('7','A','2') AND a.c_asigna=b.c_asigna  [1][0] OK
C:[06/05/2013 08:40:55.88][190.206.236.106][1619] SELECT sum(u_creditos*1) FROM dace006 a, tblaca009 b WHERE a.exp_e='07-20223209' AND a.lapso='2013-1' AND b.pensum='5' AND b.c_uni_ca='3' AND status IN ('7','A','2') AND a.c_asigna=b.c_asigna AND a.c_asigna IN ('311430','311431','311434','300428') [1][0] OK
C:[06/05/2013 08:40:55.94][190.206.236.106][1635] SELECT MAX(semestre) FROM dace006 a, tblaca009 b WHERE a.exp_e='07-20223209' AND a.lapso='2013-1' AND b.pensum='5' AND b.c_uni_ca='3' AND status IN ('7','A','2') AND a.c_asigna=b.c_asigna  [1][0] OK
C:[06/05/2013 08:40:55.57][190.206.236.106][1655] SELECT MIN(semestre) FROM dace006 a, tblaca009 b WHERE a.exp_e='07-20223209' AND a.lapso='2013-1' AND b.pensum='5' AND b.c_uni_ca='3' AND status IN ('7','A','2') AND a.c_asigna=b.c_asigna AND a.c_asigna IN ('312333','300422') [1][0] OK
C:[06/05/2013 11:26:10.29][190.94.237.35][1392] SELECT pre_cod_asig1,pre_cod_asig2,pre_cod_asig3,pre_cod_asig4,pre_cod_asig5,pre_cod_asig6,pre_cod_asig7 FROM tblaca009 WHERE pensum='5' AND c_uni_ca='5' AND c_asigna='355722' [1][0] OK
C:[06/05/2013 11:26:10.29][190.94.237.35][1405] SELECT c_asigna FROM dace004 WHERE exp_e='08-19513763' AND c_asigna='355691' AND status IN ('0','3','B') [1][0] OK
C:[06/05/2013 11:26:10.29][190.94.237.35][1405] SELECT c_asigna FROM dace004 WHERE exp_e='08-19513763' AND c_asigna='355595' AND status IN ('0','3','B') [1][0] OK
C:[06/05/2013 11:26:10.29][190.94.237.35][1392] SELECT pre_cod_asig1,pre_cod_asig2,pre_cod_asig3,pre_cod_asig4,pre_cod_asig5,pre_cod_asig6,pre_cod_asig7 FROM tblaca009 WHERE pensum='5' AND c_uni_ca='5' AND c_asigna='354852' [1][0] OK
C:[06/05/2013 11:26:10.29][190.94.237.35][1392] SELECT pre_cod_asig1,pre_cod_asig2,pre_cod_asig3,pre_cod_asig4,pre_cod_asig5,pre_cod_asig6,pre_cod_asig7 FROM tblaca009 WHERE pensum='5' AND c_uni_ca='5' AND c_asigna='355835' [1][0] OK
C:[06/05/2013 11:26:10.29][190.94.237.35][1405] SELECT c_asigna FROM dace004 WHERE exp_e='08-19513763' AND c_asigna='355691' AND status IN ('0','3','B') [1][0] OK
C:[06/05/2013 11:26:10.29][190.94.237.35][1392] SELECT pre_cod_asig1,pre_cod_asig2,pre_cod_asig3,pre_cod_asig4,pre_cod_asig5,pre_cod_asig6,pre_cod_asig7 FROM tblaca009 WHERE pensum='5' AND c_uni_ca='5' AND c_asigna='355838' [1][0] OK
C:[06/05/2013 11:26:10.29][190.94.237.35][1405] SELECT c_asigna FROM dace004 WHERE exp_e='08-19513763' AND c_asigna='355721' AND status IN ('0','3','B') [1][0] OK
C:[06/05/2013 11:26:10.29][190.94.237.35][1392] SELECT pre_cod_asig1,pre_cod_asig2,pre_cod_asig3,pre_cod_asig4,pre_cod_asig5,pre_cod_asig6,pre_cod_asig7 FROM tblaca009 WHERE pensum='5' AND c_uni_ca='5' AND c_asigna='355839' [1][0] OK
C:[06/05/2013 11:26:10.29][190.94.237.35][1405] SELECT c_asigna FROM dace004 WHERE exp_e='08-19513763' AND c_asigna='355725' AND status IN ('0','3','B') [1][0] OK
C:[06/05/2013 11:26:10.29][190.94.237.35][1405] SELECT c_asigna FROM dace004 WHERE exp_e='08-19513763' AND c_asigna='355692' AND status IN ('0','3','B') [1][0] OK
C:[06/05/2013 11:26:10.29][190.94.237.35][1392] SELECT pre_cod_asig1,pre_cod_asig2,pre_cod_asig3,pre_cod_asig4,pre_cod_asig5,pre_cod_asig6,pre_cod_asig7 FROM tblaca009 WHERE pensum='5' AND c_uni_ca='5' AND c_asigna='355842' [1][0] OK
C:[06/05/2013 11:26:10.29][190.94.237.35][1405] SELECT c_asigna FROM dace004 WHERE exp_e='08-19513763' AND c_asigna='355720' AND status IN ('0','3','B') [1][0] OK
C:[06/05/2013 11:26:10.29][190.94.237.35][1405] SELECT c_asigna FROM dace004 WHERE exp_e='08-19513763' AND c_asigna='355725' AND status IN ('0','3','B') [1][0] OK
C:[06/05/2013 11:26:10.03][190.94.237.35][1436] SELECT par_cod_asig1,par_cod_asig2,par_cod_asig3 FROM tblaca009 WHERE pensum='5' AND c_uni_ca='5' AND c_asigna='355722' [1][0] OK
C:[06/05/2013 11:26:10.03][190.94.237.35][1436] SELECT par_cod_asig1,par_cod_asig2,par_cod_asig3 FROM tblaca009 WHERE pensum='5' AND c_uni_ca='5' AND c_asigna='354852' [1][0] OK
C:[06/05/2013 11:26:10.03][190.94.237.35][1436] SELECT par_cod_asig1,par_cod_asig2,par_cod_asig3 FROM tblaca009 WHERE pensum='5' AND c_uni_ca='5' AND c_asigna='355835' [1][0] OK
C:[06/05/2013 11:26:10.03][190.94.237.35][1436] SELECT par_cod_asig1,par_cod_asig2,par_cod_asig3 FROM tblaca009 WHERE pensum='5' AND c_uni_ca='5' AND c_asigna='355838' [1][0] OK
C:[06/05/2013 11:26:10.03][190.94.237.35][1436] SELECT par_cod_asig1,par_cod_asig2,par_cod_asig3 FROM tblaca009 WHERE pensum='5' AND c_uni_ca='5' AND c_asigna='355839' [1][0] OK
C:[06/05/2013 11:26:10.03][190.94.237.35][1436] SELECT par_cod_asig1,par_cod_asig2,par_cod_asig3 FROM tblaca009 WHERE pensum='5' AND c_uni_ca='5' AND c_asigna='355842' [1][0] OK
C:[06/05/2013 11:26:10.79][190.94.237.35][1566] SELECT horas_lab FROM tblaca008 WHERE c_asigna='355722' AND horas_teoricas > 0 [1][0] OK
C:[06/05/2013 11:26:10.91][190.94.237.35][1600] SELECT sum(u_creditos*1) FROM dace006 a, tblaca009 b WHERE a.exp_e='08-19513763' AND a.lapso='2013-1' AND b.pensum='5' AND b.c_uni_ca='5' AND status IN ('7','A','2') AND a.c_asigna=b.c_asigna  [1][0] OK
C:[06/05/2013 11:26:10.28][190.94.237.35][1619] SELECT sum(u_creditos*1) FROM dace006 a, tblaca009 b WHERE a.exp_e='08-19513763' AND a.lapso='2013-1' AND b.pensum='5' AND b.c_uni_ca='5' AND status IN ('7','A','2') AND a.c_asigna=b.c_asigna AND a.c_asigna IN ('354852','355835','355838','355839','355842') [1][0] OK
C:[06/05/2013 11:26:11.22][190.94.237.35][1635] SELECT MAX(semestre) FROM dace006 a, tblaca009 b WHERE a.exp_e='08-19513763' AND a.lapso='2013-1' AND b.pensum='5' AND b.c_uni_ca='5' AND status IN ('7','A','2') AND a.c_asigna=b.c_asigna  [1][0] OK
C:[06/05/2013 11:26:11.59][190.94.237.35][1655] SELECT MIN(semestre) FROM dace006 a, tblaca009 b WHERE a.exp_e='08-19513763' AND a.lapso='2013-1' AND b.pensum='5' AND b.c_uni_ca='5' AND status IN ('7','A','2') AND a.c_asigna=b.c_asigna AND a.c_asigna IN ('355722') [1][0] OK
C:[06/05/2013 14:00:38.27][190.207.43.16][1392] SELECT pre_cod_asig1,pre_cod_asig2,pre_cod_asig3,pre_cod_asig4,pre_cod_asig5,pre_cod_asig6,pre_cod_asig7 FROM tblaca009 WHERE pensum='5' AND c_uni_ca='5' AND c_asigna='355448' [1][0] OK
C:[06/05/2013 14:00:38.27][190.207.43.16][1405] SELECT c_asigna FROM dace004 WHERE exp_e='11-23729461' AND c_asigna='300313' AND status IN ('0','3','B') [1][0] OK
C:[06/05/2013 14:00:38.27][190.207.43.16][1405] SELECT c_asigna FROM dace004 WHERE exp_e='11-23729461' AND c_asigna='300209' AND status IN ('0','3','B') [1][0] OK
C:[06/05/2013 14:00:38.27][190.207.43.16][1405] SELECT c_asigna FROM dace004 WHERE exp_e='11-23729461' AND c_asigna='300226' AND status IN ('0','3','B') [1][0] OK
C:[06/05/2013 14:00:38.27][190.207.43.16][1405] SELECT c_asigna FROM dace004 WHERE exp_e='11-23729461' AND c_asigna='300222' AND status IN ('0','3','B') [1][0] OK
C:[06/05/2013 14:00:38.27][190.207.43.16][1392] SELECT pre_cod_asig1,pre_cod_asig2,pre_cod_asig3,pre_cod_asig4,pre_cod_asig5,pre_cod_asig6,pre_cod_asig7 FROM tblaca009 WHERE pensum='5' AND c_uni_ca='5' AND c_asigna='351330' [1][0] OK
C:[06/05/2013 14:00:38.27][190.207.43.16][1405] SELECT c_asigna FROM dace004 WHERE exp_e='11-23729461' AND c_asigna='300218' AND status IN ('0','3','B') [1][0] OK
C:[06/05/2013 14:00:38.27][190.207.43.16][1392] SELECT pre_cod_asig1,pre_cod_asig2,pre_cod_asig3,pre_cod_asig4,pre_cod_asig5,pre_cod_asig6,pre_cod_asig7 FROM tblaca009 WHERE pensum='5' AND c_uni_ca='5' AND c_asigna='355350' [1][0] OK
C:[06/05/2013 14:00:38.27][190.207.43.16][1405] SELECT c_asigna FROM dace004 WHERE exp_e='11-23729461' AND c_asigna='300207' AND status IN ('0','3','B') [1][0] OK
C:[06/05/2013 14:00:38.27][190.207.43.16][1405] SELECT c_asigna FROM dace004 WHERE exp_e='11-23729461' AND c_asigna='300228' AND status IN ('0','3','B') [1][0] OK
C:[06/05/2013 14:00:38.27][190.207.43.16][1392] SELECT pre_cod_asig1,pre_cod_asig2,pre_cod_asig3,pre_cod_asig4,pre_cod_asig5,pre_cod_asig6,pre_cod_asig7 FROM tblaca009 WHERE pensum='5' AND c_uni_ca='5' AND c_asigna='300317' [1][0] OK
C:[06/05/2013 14:00:38.27][190.207.43.16][1405] SELECT c_asigna FROM dace004 WHERE exp_e='11-23729461' AND c_asigna='300207' AND status IN ('0','3','B') [1][0] OK
C:[06/05/2013 14:00:38.27][190.207.43.16][1405] SELECT c_asigna FROM dace004 WHERE exp_e='11-23729461' AND c_asigna='300209' AND status IN ('0','3','B') [1][0] OK
C:[06/05/2013 14:00:38.27][190.207.43.16][1392] SELECT pre_cod_asig1,pre_cod_asig2,pre_cod_asig3,pre_cod_asig4,pre_cod_asig5,pre_cod_asig6,pre_cod_asig7 FROM tblaca009 WHERE pensum='5' AND c_uni_ca='5' AND c_asigna='300318' [1][0] OK
C:[06/05/2013 14:00:38.27][190.207.43.16][1405] SELECT c_asigna FROM dace004 WHERE exp_e='11-23729461' AND c_asigna='300228' AND status IN ('0','3','B') [1][0] OK
C:[06/05/2013 14:00:38.27][190.207.43.16][1405] SELECT c_asigna FROM dace004 WHERE exp_e='11-23729461' AND c_asigna='300207' AND status IN ('0','3','B') [1][0] OK
C:[06/05/2013 14:00:38.27][190.207.43.16][1405] SELECT c_asigna FROM dace004 WHERE exp_e='11-23729461' AND c_asigna='300218' AND status IN ('0','3','B') [1][0] OK
C:[06/05/2013 14:00:38.20][190.207.43.16][1436] SELECT par_cod_asig1,par_cod_asig2,par_cod_asig3 FROM tblaca009 WHERE pensum='5' AND c_uni_ca='5' AND c_asigna='355448' [1][0] OK
C:[06/05/2013 14:00:38.20][190.207.43.16][1436] SELECT par_cod_asig1,par_cod_asig2,par_cod_asig3 FROM tblaca009 WHERE pensum='5' AND c_uni_ca='5' AND c_asigna='351330' [1][0] OK
C:[06/05/2013 14:00:38.20][190.207.43.16][1450] SELECT c_asigna FROM dace004 WHERE exp_e='11-23729461' AND c_asigna='300318' AND status IN ('0','3','B','C') [0][0] OK
C:[06/05/2013 14:00:38.20][190.207.43.16][1450] SELECT c_asigna FROM dace004 WHERE exp_e='11-23729461' AND c_asigna='300317' AND status IN ('0','3','B','C') [0][0] OK
C:[06/05/2013 14:00:38.20][190.207.43.16][1436] SELECT par_cod_asig1,par_cod_asig2,par_cod_asig3 FROM tblaca009 WHERE pensum='5' AND c_uni_ca='5' AND c_asigna='355350' [1][0] OK
C:[06/05/2013 14:00:38.20][190.207.43.16][1436] SELECT par_cod_asig1,par_cod_asig2,par_cod_asig3 FROM tblaca009 WHERE pensum='5' AND c_uni_ca='5' AND c_asigna='300317' [1][0] OK
C:[06/05/2013 14:00:38.20][190.207.43.16][1436] SELECT par_cod_asig1,par_cod_asig2,par_cod_asig3 FROM tblaca009 WHERE pensum='5' AND c_uni_ca='5' AND c_asigna='300318' [1][0] OK
C:[06/05/2013 14:00:38.65][190.207.43.16][1566] SELECT horas_lab FROM tblaca008 WHERE c_asigna='355448' AND horas_teoricas > 0 [1][0] OK
C:[06/05/2013 14:00:38.76][190.207.43.16][1600] SELECT sum(u_creditos*1) FROM dace006 a, tblaca009 b WHERE a.exp_e='11-23729461' AND a.lapso='2013-1' AND b.pensum='5' AND b.c_uni_ca='5' AND status IN ('7','A','2') AND a.c_asigna=b.c_asigna  [1][0] OK
C:[06/05/2013 14:00:39.70][190.207.43.16][1619] SELECT sum(u_creditos*1) FROM dace006 a, tblaca009 b WHERE a.exp_e='11-23729461' AND a.lapso='2013-1' AND b.pensum='5' AND b.c_uni_ca='5' AND status IN ('7','A','2') AND a.c_asigna=b.c_asigna AND a.c_asigna IN ('351330','355350','300317','300318') [1][0] OK
C:[06/05/2013 14:00:39.64][190.207.43.16][1635] SELECT MAX(semestre) FROM dace006 a, tblaca009 b WHERE a.exp_e='11-23729461' AND a.lapso='2013-1' AND b.pensum='5' AND b.c_uni_ca='5' AND status IN ('7','A','2') AND a.c_asigna=b.c_asigna  [1][0] OK
C:[06/05/2013 14:00:39.58][190.207.43.16][1655] SELECT MIN(semestre) FROM dace006 a, tblaca009 b WHERE a.exp_e='11-23729461' AND a.lapso='2013-1' AND b.pensum='5' AND b.c_uni_ca='5' AND status IN ('7','A','2') AND a.c_asigna=b.c_asigna AND a.c_asigna IN ('355448') [1][0] OK
C:[06/05/2013 14:34:34.05][200.11.242.42][1392] SELECT pre_cod_asig1,pre_cod_asig2,pre_cod_asig3,pre_cod_asig4,pre_cod_asig5,pre_cod_asig6,pre_cod_asig7 FROM tblaca009 WHERE pensum='5' AND c_uni_ca='3' AND c_asigna='311320' [1][0] OK
C:[06/05/2013 14:34:34.05][200.11.242.42][1405] SELECT c_asigna FROM dace004 WHERE exp_e='13-13911374' AND c_asigna='300013' AND status IN ('0','3','B') [1][0] OK
C:[06/05/2013 14:34:34.05][200.11.242.42][1405] SELECT c_asigna FROM dace004 WHERE exp_e='13-13911374' AND c_asigna='300113' AND status IN ('0','3','B') [1][0] OK
C:[06/05/2013 14:34:34.05][200.11.242.42][1392] SELECT pre_cod_asig1,pre_cod_asig2,pre_cod_asig3,pre_cod_asig4,pre_cod_asig5,pre_cod_asig6,pre_cod_asig7 FROM tblaca009 WHERE pensum='5' AND c_uni_ca='3' AND c_asigna='311552' [1][0] OK
C:[06/05/2013 14:34:34.05][200.11.242.42][1405] SELECT c_asigna FROM dace004 WHERE exp_e='13-13911374' AND c_asigna='300317' AND status IN ('0','3','B') [1][0] OK
C:[06/05/2013 14:34:34.05][200.11.242.42][1405] SELECT c_asigna FROM dace004 WHERE exp_e='13-13911374' AND c_asigna='300209' AND status IN ('0','3','B') [1][0] OK
C:[06/05/2013 14:34:34.80][200.11.242.42][1436] SELECT par_cod_asig1,par_cod_asig2,par_cod_asig3 FROM tblaca009 WHERE pensum='5' AND c_uni_ca='3' AND c_asigna='311320' [1][0] OK
C:[06/05/2013 14:34:34.80][200.11.242.42][1436] SELECT par_cod_asig1,par_cod_asig2,par_cod_asig3 FROM tblaca009 WHERE pensum='5' AND c_uni_ca='3' AND c_asigna='311552' [1][0] OK
C:[06/05/2013 14:34:34.07][200.11.242.42][1600] SELECT sum(u_creditos*1) FROM dace006 a, tblaca009 b WHERE a.exp_e='13-13911374' AND a.lapso='2013-1' AND b.pensum='5' AND b.c_uni_ca='3' AND status IN ('7','A','2') AND a.c_asigna=b.c_asigna  [1][0] OK
C:[06/05/2013 14:34:34.43][200.11.242.42][1619] SELECT sum(u_creditos*1) FROM dace006 a, tblaca009 b WHERE a.exp_e='13-13911374' AND a.lapso='2013-1' AND b.pensum='5' AND b.c_uni_ca='3' AND status IN ('7','A','2') AND a.c_asigna=b.c_asigna AND a.c_asigna IN ('311320','311552') [1][0] OK
C:[06/05/2013 14:34:34.80][200.11.242.42][1635] SELECT MAX(semestre) FROM dace006 a, tblaca009 b WHERE a.exp_e='13-13911374' AND a.lapso='2013-1' AND b.pensum='5' AND b.c_uni_ca='3' AND status IN ('7','A','2') AND a.c_asigna=b.c_asigna  [1][0] OK
C:[06/05/2013 14:35:53.56][200.11.242.42][1392] SELECT pre_cod_asig1,pre_cod_asig2,pre_cod_asig3,pre_cod_asig4,pre_cod_asig5,pre_cod_asig6,pre_cod_asig7 FROM tblaca009 WHERE pensum='5' AND c_uni_ca='3' AND c_asigna='311320' [1][0] OK
C:[06/05/2013 14:35:53.56][200.11.242.42][1405] SELECT c_asigna FROM dace004 WHERE exp_e='13-13911374' AND c_asigna='300013' AND status IN ('0','3','B') [1][0] OK
C:[06/05/2013 14:35:53.56][200.11.242.42][1405] SELECT c_asigna FROM dace004 WHERE exp_e='13-13911374' AND c_asigna='300113' AND status IN ('0','3','B') [1][0] OK
C:[06/05/2013 14:35:53.56][200.11.242.42][1392] SELECT pre_cod_asig1,pre_cod_asig2,pre_cod_asig3,pre_cod_asig4,pre_cod_asig5,pre_cod_asig6,pre_cod_asig7 FROM tblaca009 WHERE pensum='5' AND c_uni_ca='3' AND c_asigna='311552' [1][0] OK
C:[06/05/2013 14:35:53.56][200.11.242.42][1405] SELECT c_asigna FROM dace004 WHERE exp_e='13-13911374' AND c_asigna='300317' AND status IN ('0','3','B') [1][0] OK
C:[06/05/2013 14:35:53.56][200.11.242.42][1405] SELECT c_asigna FROM dace004 WHERE exp_e='13-13911374' AND c_asigna='300209' AND status IN ('0','3','B') [1][0] OK
C:[06/05/2013 14:35:53.31][200.11.242.42][1436] SELECT par_cod_asig1,par_cod_asig2,par_cod_asig3 FROM tblaca009 WHERE pensum='5' AND c_uni_ca='3' AND c_asigna='311320' [1][0] OK
C:[06/05/2013 14:35:53.31][200.11.242.42][1436] SELECT par_cod_asig1,par_cod_asig2,par_cod_asig3 FROM tblaca009 WHERE pensum='5' AND c_uni_ca='3' AND c_asigna='311552' [1][0] OK
C:[06/05/2013 14:35:53.58][200.11.242.42][1600] SELECT sum(u_creditos*1) FROM dace006 a, tblaca009 b WHERE a.exp_e='13-13911374' AND a.lapso='2013-1' AND b.pensum='5' AND b.c_uni_ca='3' AND status IN ('7','A','2') AND a.c_asigna=b.c_asigna  [1][0] OK
C:[06/05/2013 14:35:53.50][200.11.242.42][1619] SELECT sum(u_creditos*1) FROM dace006 a, tblaca009 b WHERE a.exp_e='13-13911374' AND a.lapso='2013-1' AND b.pensum='5' AND b.c_uni_ca='3' AND status IN ('7','A','2') AND a.c_asigna=b.c_asigna AND a.c_asigna IN ('311320','311552') [1][0] OK
C:[06/05/2013 14:35:53.86][200.11.242.42][1635] SELECT MAX(semestre) FROM dace006 a, tblaca009 b WHERE a.exp_e='13-13911374' AND a.lapso='2013-1' AND b.pensum='5' AND b.c_uni_ca='3' AND status IN ('7','A','2') AND a.c_asigna=b.c_asigna  [1][0] OK
C:[06/05/2013 14:37:31.89][200.11.242.42][1392] SELECT pre_cod_asig1,pre_cod_asig2,pre_cod_asig3,pre_cod_asig4,pre_cod_asig5,pre_cod_asig6,pre_cod_asig7 FROM tblaca009 WHERE pensum='5' AND c_uni_ca='3' AND c_asigna='311320' [1][0] OK
C:[06/05/2013 14:37:31.89][200.11.242.42][1405] SELECT c_asigna FROM dace004 WHERE exp_e='13-13911374' AND c_asigna='300013' AND status IN ('0','3','B') [1][0] OK
C:[06/05/2013 14:37:31.89][200.11.242.42][1405] SELECT c_asigna FROM dace004 WHERE exp_e='13-13911374' AND c_asigna='300113' AND status IN ('0','3','B') [1][0] OK
C:[06/05/2013 14:37:31.89][200.11.242.42][1392] SELECT pre_cod_asig1,pre_cod_asig2,pre_cod_asig3,pre_cod_asig4,pre_cod_asig5,pre_cod_asig6,pre_cod_asig7 FROM tblaca009 WHERE pensum='5' AND c_uni_ca='3' AND c_asigna='311552' [1][0] OK
C:[06/05/2013 14:37:31.89][200.11.242.42][1405] SELECT c_asigna FROM dace004 WHERE exp_e='13-13911374' AND c_asigna='300317' AND status IN ('0','3','B') [1][0] OK
C:[06/05/2013 14:37:31.89][200.11.242.42][1405] SELECT c_asigna FROM dace004 WHERE exp_e='13-13911374' AND c_asigna='300209' AND status IN ('0','3','B') [1][0] OK
C:[06/05/2013 14:37:31.64][200.11.242.42][1436] SELECT par_cod_asig1,par_cod_asig2,par_cod_asig3 FROM tblaca009 WHERE pensum='5' AND c_uni_ca='3' AND c_asigna='311320' [1][0] OK
C:[06/05/2013 14:37:31.64][200.11.242.42][1436] SELECT par_cod_asig1,par_cod_asig2,par_cod_asig3 FROM tblaca009 WHERE pensum='5' AND c_uni_ca='3' AND c_asigna='311552' [1][0] OK
C:[06/05/2013 14:37:31.90][200.11.242.42][1566] SELECT horas_lab FROM tblaca008 WHERE c_asigna='311320' AND horas_teoricas > 0 [1][0] OK
C:[06/05/2013 14:37:31.90][200.11.242.42][1566] SELECT horas_lab FROM tblaca008 WHERE c_asigna='311552' AND horas_teoricas > 0 [1][0] OK
C:[06/05/2013 14:37:31.14][200.11.242.42][1600] SELECT sum(u_creditos*1) FROM dace006 a, tblaca009 b WHERE a.exp_e='13-13911374' AND a.lapso='2013-1' AND b.pensum='5' AND b.c_uni_ca='3' AND status IN ('7','A','2') AND a.c_asigna=b.c_asigna  [1][0] OK
C:[06/05/2013 14:37:31.08][200.11.242.42][1619] SELECT sum(u_creditos*1) FROM dace006 a, tblaca009 b WHERE a.exp_e='13-13911374' AND a.lapso='2013-1' AND b.pensum='5' AND b.c_uni_ca='3' AND status IN ('7','A','2') AND a.c_asigna=b.c_asigna AND a.c_asigna IN () [0][0]  {[MERANT][ODBC SQLBase driver][SQLBase]00915 PRS IVC Invalid constant}
C:[06/05/2013 14:37:31.32][200.11.242.42][1635] SELECT MAX(semestre) FROM dace006 a, tblaca009 b WHERE a.exp_e='13-13911374' AND a.lapso='2013-1' AND b.pensum='5' AND b.c_uni_ca='3' AND status IN ('7','A','2') AND a.c_asigna=b.c_asigna  [1][0] [MERANT][ODBC SQLBase driver][SQLBase]00915 PRS IVC Invalid constant
C:[06/05/2013 14:37:31.01][200.11.242.42][1655] SELECT MIN(semestre) FROM dace006 a, tblaca009 b WHERE a.exp_e='13-13911374' AND a.lapso='2013-1' AND b.pensum='5' AND b.c_uni_ca='3' AND status IN ('7','A','2') AND a.c_asigna=b.c_asigna AND a.c_asigna IN ('311320','311552') [1][0] [MERANT][ODBC SQLBase driver][SQLBase]00915 PRS IVC Invalid constant
C:[06/05/2013 15:00:07.55][190.202.216.170][1392] SELECT pre_cod_asig1,pre_cod_asig2,pre_cod_asig3,pre_cod_asig4,pre_cod_asig5,pre_cod_asig6,pre_cod_asig7 FROM tblaca009 WHERE pensum='5' AND c_uni_ca='2' AND c_asigna='300222' [1][0] OK
C:[06/05/2013 15:00:07.55][190.202.216.170][1405] SELECT c_asigna FROM dace004 WHERE exp_e='08-19093841' AND c_asigna='300112' AND status IN ('0','3','B') [1][0] OK
C:[06/05/2013 15:00:07.55][190.202.216.170][1392] SELECT pre_cod_asig1,pre_cod_asig2,pre_cod_asig3,pre_cod_asig4,pre_cod_asig5,pre_cod_asig6,pre_cod_asig7 FROM tblaca009 WHERE pensum='5' AND c_uni_ca='2' AND c_asigna='300213' [1][0] OK
C:[06/05/2013 15:00:07.55][190.202.216.170][1405] SELECT c_asigna FROM dace004 WHERE exp_e='08-19093841' AND c_asigna='300101' AND status IN ('0','3','B') [1][0] OK
C:[06/05/2013 15:00:07.74][190.202.216.170][1436] SELECT par_cod_asig1,par_cod_asig2,par_cod_asig3 FROM tblaca009 WHERE pensum='5' AND c_uni_ca='2' AND c_asigna='300222' [1][0] OK
C:[06/05/2013 15:00:07.74][190.202.216.170][1436] SELECT par_cod_asig1,par_cod_asig2,par_cod_asig3 FROM tblaca009 WHERE pensum='5' AND c_uni_ca='2' AND c_asigna='300213' [1][0] OK
C:[06/05/2013 15:00:07.74][190.202.216.170][1450] SELECT c_asigna FROM dace004 WHERE exp_e='08-19093841' AND c_asigna='300209' AND status IN ('0','3','B','C') [1][0] OK
C:[06/05/2013 15:00:07.12][190.202.216.170][1566] SELECT horas_lab FROM tblaca008 WHERE c_asigna='300222' AND horas_teoricas > 0 [1][0] OK
C:[06/05/2013 15:00:07.24][190.202.216.170][1600] SELECT sum(u_creditos*1) FROM dace006 a, tblaca009 b WHERE a.exp_e='08-19093841' AND a.lapso='2013-1' AND b.pensum='5' AND b.c_uni_ca='2' AND status IN ('7','A','2') AND a.c_asigna=b.c_asigna  [1][0] OK
C:[06/05/2013 15:00:07.61][190.202.216.170][1619] SELECT sum(u_creditos*1) FROM dace006 a, tblaca009 b WHERE a.exp_e='08-19093841' AND a.lapso='2013-1' AND b.pensum='5' AND b.c_uni_ca='2' AND status IN ('7','A','2') AND a.c_asigna=b.c_asigna AND a.c_asigna IN ('300213') [1][0] OK
C:[06/05/2013 15:00:08.99][190.202.216.170][1635] SELECT MAX(semestre) FROM dace006 a, tblaca009 b WHERE a.exp_e='08-19093841' AND a.lapso='2013-1' AND b.pensum='5' AND b.c_uni_ca='2' AND status IN ('7','A','2') AND a.c_asigna=b.c_asigna  [1][0] OK
C:[06/05/2013 15:00:08.36][190.202.216.170][1655] SELECT MIN(semestre) FROM dace006 a, tblaca009 b WHERE a.exp_e='08-19093841' AND a.lapso='2013-1' AND b.pensum='5' AND b.c_uni_ca='2' AND status IN ('7','A','2') AND a.c_asigna=b.c_asigna AND a.c_asigna IN ('300222') [1][0] OK
C:[06/05/2013 16:50:17.30][186.90.190.201][1392] SELECT pre_cod_asig1,pre_cod_asig2,pre_cod_asig3,pre_cod_asig4,pre_cod_asig5,pre_cod_asig6,pre_cod_asig7 FROM tblaca009 WHERE pensum='5' AND c_uni_ca='5' AND c_asigna='355722' [1][0] OK
C:[06/05/2013 16:50:17.30][186.90.190.201][1405] SELECT c_asigna FROM dace004 WHERE exp_e='09-19512270' AND c_asigna='355691' AND status IN ('0','3','B') [1][0] OK
C:[06/05/2013 16:50:17.30][186.90.190.201][1405] SELECT c_asigna FROM dace004 WHERE exp_e='09-19512270' AND c_asigna='355595' AND status IN ('0','3','B') [1][0] OK
C:[06/05/2013 16:50:17.30][186.90.190.201][1392] SELECT pre_cod_asig1,pre_cod_asig2,pre_cod_asig3,pre_cod_asig4,pre_cod_asig5,pre_cod_asig6,pre_cod_asig7 FROM tblaca009 WHERE pensum='5' AND c_uni_ca='5' AND c_asigna='300314' [1][0] OK
C:[06/05/2013 16:50:17.30][186.90.190.201][1405] SELECT c_asigna FROM dace004 WHERE exp_e='09-19512270' AND c_asigna='300106' AND status IN ('0','3','B') [1][0] OK
C:[06/05/2013 16:50:17.30][186.90.190.201][1392] SELECT pre_cod_asig1,pre_cod_asig2,pre_cod_asig3,pre_cod_asig4,pre_cod_asig5,pre_cod_asig6,pre_cod_asig7 FROM tblaca009 WHERE pensum='5' AND c_uni_ca='5' AND c_asigna='354852' [1][0] OK
C:[06/05/2013 16:50:17.30][186.90.190.201][1392] SELECT pre_cod_asig1,pre_cod_asig2,pre_cod_asig3,pre_cod_asig4,pre_cod_asig5,pre_cod_asig6,pre_cod_asig7 FROM tblaca009 WHERE pensum='5' AND c_uni_ca='5' AND c_asigna='300890' [1][0] OK
C:[06/05/2013 16:50:17.30][186.90.190.201][1392] SELECT pre_cod_asig1,pre_cod_asig2,pre_cod_asig3,pre_cod_asig4,pre_cod_asig5,pre_cod_asig6,pre_cod_asig7 FROM tblaca009 WHERE pensum='5' AND c_uni_ca='5' AND c_asigna='355833' [1][0] OK
C:[06/05/2013 16:50:17.30][186.90.190.201][1405] SELECT c_asigna FROM dace004 WHERE exp_e='09-19512270' AND c_asigna='355694' AND status IN ('0','3','B') [1][0] OK
C:[06/05/2013 16:50:17.30][186.90.190.201][1392] SELECT pre_cod_asig1,pre_cod_asig2,pre_cod_asig3,pre_cod_asig4,pre_cod_asig5,pre_cod_asig6,pre_cod_asig7 FROM tblaca009 WHERE pensum='5' AND c_uni_ca='5' AND c_asigna='355849' [1][0] OK
C:[06/05/2013 16:50:17.30][186.90.190.201][1405] SELECT c_asigna FROM dace004 WHERE exp_e='09-19512270' AND c_asigna='355724' AND status IN ('0','3','B') [1][0] OK
C:[06/05/2013 16:50:17.77][186.90.190.201][1436] SELECT par_cod_asig1,par_cod_asig2,par_cod_asig3 FROM tblaca009 WHERE pensum='5' AND c_uni_ca='5' AND c_asigna='355722' [1][0] OK
C:[06/05/2013 16:50:17.77][186.90.190.201][1436] SELECT par_cod_asig1,par_cod_asig2,par_cod_asig3 FROM tblaca009 WHERE pensum='5' AND c_uni_ca='5' AND c_asigna='300314' [1][0] OK
C:[06/05/2013 16:50:17.77][186.90.190.201][1436] SELECT par_cod_asig1,par_cod_asig2,par_cod_asig3 FROM tblaca009 WHERE pensum='5' AND c_uni_ca='5' AND c_asigna='354852' [1][0] OK
C:[06/05/2013 16:50:17.77][186.90.190.201][1436] SELECT par_cod_asig1,par_cod_asig2,par_cod_asig3 FROM tblaca009 WHERE pensum='5' AND c_uni_ca='5' AND c_asigna='300890' [1][0] OK
C:[06/05/2013 16:50:17.77][186.90.190.201][1436] SELECT par_cod_asig1,par_cod_asig2,par_cod_asig3 FROM tblaca009 WHERE pensum='5' AND c_uni_ca='5' AND c_asigna='355833' [1][0] OK
C:[06/05/2013 16:50:17.77][186.90.190.201][1436] SELECT par_cod_asig1,par_cod_asig2,par_cod_asig3 FROM tblaca009 WHERE pensum='5' AND c_uni_ca='5' AND c_asigna='355849' [1][0] OK
C:[06/05/2013 16:50:17.53][186.90.190.201][1566] SELECT horas_lab FROM tblaca008 WHERE c_asigna='355722' AND horas_teoricas > 0 [1][0] OK
C:[06/05/2013 16:50:17.55][186.90.190.201][1600] SELECT sum(u_creditos*1) FROM dace006 a, tblaca009 b WHERE a.exp_e='09-19512270' AND a.lapso='2013-1' AND b.pensum='5' AND b.c_uni_ca='5' AND status IN ('7','A','2') AND a.c_asigna=b.c_asigna  [1][0] OK
C:[06/05/2013 16:50:17.92][186.90.190.201][1619] SELECT sum(u_creditos*1) FROM dace006 a, tblaca009 b WHERE a.exp_e='09-19512270' AND a.lapso='2013-1' AND b.pensum='5' AND b.c_uni_ca='5' AND status IN ('7','A','2') AND a.c_asigna=b.c_asigna AND a.c_asigna IN ('300314','354852','300890','355833','355849') [1][0] OK
C:[06/05/2013 16:50:19.91][186.90.190.201][1635] SELECT MAX(semestre) FROM dace006 a, tblaca009 b WHERE a.exp_e='09-19512270' AND a.lapso='2013-1' AND b.pensum='5' AND b.c_uni_ca='5' AND status IN ('7','A','2') AND a.c_asigna=b.c_asigna  [1][0] OK
C:[06/05/2013 16:50:19.03][186.90.190.201][1655] SELECT MIN(semestre) FROM dace006 a, tblaca009 b WHERE a.exp_e='09-19512270' AND a.lapso='2013-1' AND b.pensum='5' AND b.c_uni_ca='5' AND status IN ('7','A','2') AND a.c_asigna=b.c_asigna AND a.c_asigna IN ('355722') [1][0] OK
C:[06/05/2013 17:35:51.51][172.16.12.244][1392] SELECT pre_cod_asig1,pre_cod_asig2,pre_cod_asig3,pre_cod_asig4,pre_cod_asig5,pre_cod_asig6,pre_cod_asig7 FROM tblaca009 WHERE pensum='5' AND c_uni_ca='2' AND c_asigna='322449' [1][0] OK
C:[06/05/2013 17:35:51.51][172.16.12.244][1405] SELECT c_asigna FROM dace004 WHERE exp_e='08-20224276' AND c_asigna='300222' AND status IN ('0','3','B') [1][0] OK
C:[06/05/2013 17:35:51.51][172.16.12.244][1392] SELECT pre_cod_asig1,pre_cod_asig2,pre_cod_asig3,pre_cod_asig4,pre_cod_asig5,pre_cod_asig6,pre_cod_asig7 FROM tblaca009 WHERE pensum='5' AND c_uni_ca='2' AND c_asigna='320323' [1][0] OK
C:[06/05/2013 17:35:51.51][172.16.12.244][1405] SELECT c_asigna FROM dace004 WHERE exp_e='08-20224276' AND c_asigna='300228' AND status IN ('0','3','B') [1][0] OK
C:[06/05/2013 17:35:51.51][172.16.12.244][1405] SELECT c_asigna FROM dace004 WHERE exp_e='08-20224276' AND c_asigna='300218' AND status IN ('0','3','B') [1][0] OK
C:[06/05/2013 17:35:51.51][172.16.12.244][1392] SELECT pre_cod_asig1,pre_cod_asig2,pre_cod_asig3,pre_cod_asig4,pre_cod_asig5,pre_cod_asig6,pre_cod_asig7 FROM tblaca009 WHERE pensum='5' AND c_uni_ca='2' AND c_asigna='300318' [1][0] OK
C:[06/05/2013 17:35:51.51][172.16.12.244][1405] SELECT c_asigna FROM dace004 WHERE exp_e='08-20224276' AND c_asigna='300228' AND status IN ('0','3','B') [1][0] OK
C:[06/05/2013 17:35:51.51][172.16.12.244][1405] SELECT c_asigna FROM dace004 WHERE exp_e='08-20224276' AND c_asigna='300207' AND status IN ('0','3','B') [1][0] OK
C:[06/05/2013 17:35:51.51][172.16.12.244][1405] SELECT c_asigna FROM dace004 WHERE exp_e='08-20224276' AND c_asigna='300218' AND status IN ('0','3','B') [1][0] OK
C:[06/05/2013 17:35:51.51][172.16.12.244][1392] SELECT pre_cod_asig1,pre_cod_asig2,pre_cod_asig3,pre_cod_asig4,pre_cod_asig5,pre_cod_asig6,pre_cod_asig7 FROM tblaca009 WHERE pensum='5' AND c_uni_ca='2' AND c_asigna='300317' [1][0] OK
C:[06/05/2013 17:35:51.51][172.16.12.244][1405] SELECT c_asigna FROM dace004 WHERE exp_e='08-20224276' AND c_asigna='300207' AND status IN ('0','3','B') [1][0] OK
C:[06/05/2013 17:35:51.51][172.16.12.244][1405] SELECT c_asigna FROM dace004 WHERE exp_e='08-20224276' AND c_asigna='300209' AND status IN ('0','3','B') [1][0] OK
C:[06/05/2013 17:35:52.13][172.16.12.244][1436] SELECT par_cod_asig1,par_cod_asig2,par_cod_asig3 FROM tblaca009 WHERE pensum='5' AND c_uni_ca='2' AND c_asigna='322449' [1][0] OK
C:[06/05/2013 17:35:52.13][172.16.12.244][1436] SELECT par_cod_asig1,par_cod_asig2,par_cod_asig3 FROM tblaca009 WHERE pensum='5' AND c_uni_ca='2' AND c_asigna='320323' [1][0] OK
C:[06/05/2013 17:35:52.13][172.16.12.244][1436] SELECT par_cod_asig1,par_cod_asig2,par_cod_asig3 FROM tblaca009 WHERE pensum='5' AND c_uni_ca='2' AND c_asigna='300318' [1][0] OK
C:[06/05/2013 17:35:52.13][172.16.12.244][1436] SELECT par_cod_asig1,par_cod_asig2,par_cod_asig3 FROM tblaca009 WHERE pensum='5' AND c_uni_ca='2' AND c_asigna='300317' [1][0] OK
C:[06/05/2013 17:35:52.65][172.16.12.244][1566] SELECT horas_lab FROM tblaca008 WHERE c_asigna='322449' AND horas_teoricas > 0 [1][0] OK
C:[06/05/2013 17:35:52.86][172.16.12.244][1600] SELECT sum(u_creditos*1) FROM dace006 a, tblaca009 b WHERE a.exp_e='08-20224276' AND a.lapso='2013-1' AND b.pensum='5' AND b.c_uni_ca='2' AND status IN ('7','A','2') AND a.c_asigna=b.c_asigna  [1][0] OK
C:[06/05/2013 17:35:52.23][172.16.12.244][1619] SELECT sum(u_creditos*1) FROM dace006 a, tblaca009 b WHERE a.exp_e='08-20224276' AND a.lapso='2013-1' AND b.pensum='5' AND b.c_uni_ca='2' AND status IN ('7','A','2') AND a.c_asigna=b.c_asigna AND a.c_asigna IN ('320323','300318','300317') [1][0] OK
C:[06/05/2013 17:35:52.52][172.16.12.244][1635] SELECT MAX(semestre) FROM dace006 a, tblaca009 b WHERE a.exp_e='08-20224276' AND a.lapso='2013-1' AND b.pensum='5' AND b.c_uni_ca='2' AND status IN ('7','A','2') AND a.c_asigna=b.c_asigna  [1][0] OK
C:[06/05/2013 17:35:52.88][172.16.12.244][1655] SELECT MIN(semestre) FROM dace006 a, tblaca009 b WHERE a.exp_e='08-20224276' AND a.lapso='2013-1' AND b.pensum='5' AND b.c_uni_ca='2' AND status IN ('7','A','2') AND a.c_asigna=b.c_asigna AND a.c_asigna IN ('322449') [1][0] OK
C:[06/05/2013 17:56:53.78][186.88.147.35][1392] SELECT pre_cod_asig1,pre_cod_asig2,pre_cod_asig3,pre_cod_asig4,pre_cod_asig5,pre_cod_asig6,pre_cod_asig7 FROM tblaca009 WHERE pensum='5' AND c_uni_ca='5' AND c_asigna='355835' [1][0] OK
C:[06/05/2013 17:56:53.78][186.88.147.35][1405] SELECT c_asigna FROM dace004 WHERE exp_e='07-20503139' AND c_asigna='355691' AND status IN ('0','3','B') [1][0] OK
C:[06/05/2013 17:56:53.78][186.88.147.35][1392] SELECT pre_cod_asig1,pre_cod_asig2,pre_cod_asig3,pre_cod_asig4,pre_cod_asig5,pre_cod_asig6,pre_cod_asig7 FROM tblaca009 WHERE pensum='5' AND c_uni_ca='5' AND c_asigna='355693' [1][0] OK
C:[06/05/2013 17:56:53.78][186.88.147.35][1405] SELECT c_asigna FROM dace004 WHERE exp_e='07-20503139' AND c_asigna='355572' AND status IN ('0','3','B') [1][0] OK
C:[06/05/2013 17:56:53.78][186.88.147.35][1405] SELECT c_asigna FROM dace004 WHERE exp_e='07-20503139' AND c_asigna='352440' AND status IN ('0','3','B') [1][0] OK
C:[06/05/2013 17:56:53.78][186.88.147.35][1405] SELECT c_asigna FROM dace004 WHERE exp_e='07-20503139' AND c_asigna='355573' AND status IN ('0','3','B') [1][0] OK
C:[06/05/2013 17:56:53.78][186.88.147.35][1405] SELECT c_asigna FROM dace004 WHERE exp_e='07-20503139' AND c_asigna='300226' AND status IN ('0','3','B') [1][0] OK
C:[06/05/2013 17:56:53.78][186.88.147.35][1405] SELECT c_asigna FROM dace004 WHERE exp_e='07-20503139' AND c_asigna='300222' AND status IN ('0','3','B') [1][0] OK
C:[06/05/2013 17:56:53.78][186.88.147.35][1405] SELECT c_asigna FROM dace004 WHERE exp_e='07-20503139' AND c_asigna='300013' AND status IN ('0','3','B') [1][0] OK
C:[06/05/2013 17:56:53.78][186.88.147.35][1405] SELECT c_asigna FROM dace004 WHERE exp_e='07-20503139' AND c_asigna='300113' AND status IN ('0','3','B') [1][0] OK
C:[06/05/2013 17:56:53.78][186.88.147.35][1392] SELECT pre_cod_asig1,pre_cod_asig2,pre_cod_asig3,pre_cod_asig4,pre_cod_asig5,pre_cod_asig6,pre_cod_asig7 FROM tblaca009 WHERE pensum='5' AND c_uni_ca='5' AND c_asigna='355696' [1][0] OK
C:[06/05/2013 17:56:53.78][186.88.147.35][1405] SELECT c_asigna FROM dace004 WHERE exp_e='07-20503139' AND c_asigna='355570' AND status IN ('0','3','B') [1][0] OK
C:[06/05/2013 17:56:53.78][186.88.147.35][1405] SELECT c_asigna FROM dace004 WHERE exp_e='07-20503139' AND c_asigna='355571' AND status IN ('0','3','B') [1][0] OK
C:[06/05/2013 17:56:53.78][186.88.147.35][1392] SELECT pre_cod_asig1,pre_cod_asig2,pre_cod_asig3,pre_cod_asig4,pre_cod_asig5,pre_cod_asig6,pre_cod_asig7 FROM tblaca009 WHERE pensum='5' AND c_uni_ca='5' AND c_asigna='355722' [1][0] OK
C:[06/05/2013 17:56:53.78][186.88.147.35][1405] SELECT c_asigna FROM dace004 WHERE exp_e='07-20503139' AND c_asigna='355691' AND status IN ('0','3','B') [1][0] OK
C:[06/05/2013 17:56:53.78][186.88.147.35][1405] SELECT c_asigna FROM dace004 WHERE exp_e='07-20503139' AND c_asigna='355595' AND status IN ('0','3','B') [1][0] OK
C:[06/05/2013 17:56:53.78][186.88.147.35][1392] SELECT pre_cod_asig1,pre_cod_asig2,pre_cod_asig3,pre_cod_asig4,pre_cod_asig5,pre_cod_asig6,pre_cod_asig7 FROM tblaca009 WHERE pensum='5' AND c_uni_ca='5' AND c_asigna='355723' [1][0] OK
C:[06/05/2013 17:56:53.78][186.88.147.35][1405] SELECT c_asigna FROM dace004 WHERE exp_e='07-20503139' AND c_asigna='355694' AND status IN ('0','3','B') [1][0] OK
C:[06/05/2013 17:56:54.24][186.88.147.35][1436] SELECT par_cod_asig1,par_cod_asig2,par_cod_asig3 FROM tblaca009 WHERE pensum='5' AND c_uni_ca='5' AND c_asigna='355835' [1][0] OK
C:[06/05/2013 17:56:54.24][186.88.147.35][1436] SELECT par_cod_asig1,par_cod_asig2,par_cod_asig3 FROM tblaca009 WHERE pensum='5' AND c_uni_ca='5' AND c_asigna='355693' [1][0] OK
C:[06/05/2013 17:56:54.24][186.88.147.35][1436] SELECT par_cod_asig1,par_cod_asig2,par_cod_asig3 FROM tblaca009 WHERE pensum='5' AND c_uni_ca='5' AND c_asigna='355696' [1][0] OK
C:[06/05/2013 17:56:54.24][186.88.147.35][1436] SELECT par_cod_asig1,par_cod_asig2,par_cod_asig3 FROM tblaca009 WHERE pensum='5' AND c_uni_ca='5' AND c_asigna='355722' [1][0] OK
C:[06/05/2013 17:56:54.24][186.88.147.35][1436] SELECT par_cod_asig1,par_cod_asig2,par_cod_asig3 FROM tblaca009 WHERE pensum='5' AND c_uni_ca='5' AND c_asigna='355723' [1][0] OK
C:[06/05/2013 17:56:54.78][186.88.147.35][1566] SELECT horas_lab FROM tblaca008 WHERE c_asigna='355835' AND horas_teoricas > 0 [1][0] OK
C:[06/05/2013 17:56:54.90][186.88.147.35][1600] SELECT sum(u_creditos*1) FROM dace006 a, tblaca009 b WHERE a.exp_e='07-20503139' AND a.lapso='2013-1' AND b.pensum='5' AND b.c_uni_ca='5' AND status IN ('7','A','2') AND a.c_asigna=b.c_asigna  [1][0] OK
C:[06/05/2013 17:56:54.27][186.88.147.35][1619] SELECT sum(u_creditos*1) FROM dace006 a, tblaca009 b WHERE a.exp_e='07-20503139' AND a.lapso='2013-1' AND b.pensum='5' AND b.c_uni_ca='5' AND status IN ('7','A','2') AND a.c_asigna=b.c_asigna AND a.c_asigna IN ('355693','355696','355722','355723') [1][0] OK
C:[06/05/2013 17:56:54.65][186.88.147.35][1635] SELECT MAX(semestre) FROM dace006 a, tblaca009 b WHERE a.exp_e='07-20503139' AND a.lapso='2013-1' AND b.pensum='5' AND b.c_uni_ca='5' AND status IN ('7','A','2') AND a.c_asigna=b.c_asigna  [1][0] OK
C:[06/05/2013 17:56:54.02][186.88.147.35][1655] SELECT MIN(semestre) FROM dace006 a, tblaca009 b WHERE a.exp_e='07-20503139' AND a.lapso='2013-1' AND b.pensum='5' AND b.c_uni_ca='5' AND status IN ('7','A','2') AND a.c_asigna=b.c_asigna AND a.c_asigna IN ('355835') [1][0] OK
C:[06/05/2013 18:19:31.85][186.88.118.188][1392] SELECT pre_cod_asig1,pre_cod_asig2,pre_cod_asig3,pre_cod_asig4,pre_cod_asig5,pre_cod_asig6,pre_cod_asig7 FROM tblaca009 WHERE pensum='5' AND c_uni_ca='3' AND c_asigna='315552' [1][0] OK
C:[06/05/2013 18:19:31.85][186.88.118.188][1405] SELECT c_asigna FROM dace004 WHERE exp_e='08-17041449' AND c_asigna='311430' AND status IN ('0','3','B') [1][0] OK
C:[06/05/2013 18:19:31.85][186.88.118.188][1405] SELECT c_asigna FROM dace004 WHERE exp_e='08-17041449' AND c_asigna='300222' AND status IN ('0','3','B') [1][0] OK
C:[06/05/2013 18:19:31.85][186.88.118.188][1405] SELECT c_asigna FROM dace004 WHERE exp_e='08-17041449' AND c_asigna='300226' AND status IN ('0','3','B') [1][0] OK
C:[06/05/2013 18:19:31.85][186.88.118.188][1405] SELECT c_asigna FROM dace004 WHERE exp_e='08-17041449' AND c_asigna='300209' AND status IN ('0','3','B') [1][0] OK
C:[06/05/2013 18:19:31.85][186.88.118.188][1392] SELECT pre_cod_asig1,pre_cod_asig2,pre_cod_asig3,pre_cod_asig4,pre_cod_asig5,pre_cod_asig6,pre_cod_asig7 FROM tblaca009 WHERE pensum='5' AND c_uni_ca='3' AND c_asigna='311431' [1][0] OK
C:[06/05/2013 18:19:31.85][186.88.118.188][1405] SELECT c_asigna FROM dace004 WHERE exp_e='08-17041449' AND c_asigna='311320' AND status IN ('0','3','B') [1][0] OK
C:[06/05/2013 18:19:31.85][186.88.118.188][1405] SELECT c_asigna FROM dace004 WHERE exp_e='08-17041449' AND c_asigna='300013' AND status IN ('0','3','B') [1][0] OK
C:[06/05/2013 18:19:31.85][186.88.118.188][1405] SELECT c_asigna FROM dace004 WHERE exp_e='08-17041449' AND c_asigna='300113' AND status IN ('0','3','B') [1][0] OK
C:[06/05/2013 18:19:31.85][186.88.118.188][1405] SELECT c_asigna FROM dace004 WHERE exp_e='08-17041449' AND c_asigna='300222' AND status IN ('0','3','B') [1][0] OK
C:[06/05/2013 18:19:31.85][186.88.118.188][1405] SELECT c_asigna FROM dace004 WHERE exp_e='08-17041449' AND c_asigna='300226' AND status IN ('0','3','B') [1][0] OK
C:[06/05/2013 18:19:31.85][186.88.118.188][1405] SELECT c_asigna FROM dace004 WHERE exp_e='08-17041449' AND c_asigna='300209' AND status IN ('0','3','B') [1][0] OK
C:[06/05/2013 18:19:31.85][186.88.118.188][1392] SELECT pre_cod_asig1,pre_cod_asig2,pre_cod_asig3,pre_cod_asig4,pre_cod_asig5,pre_cod_asig6,pre_cod_asig7 FROM tblaca009 WHERE pensum='5' AND c_uni_ca='3' AND c_asigna='314787' [1][0] OK
C:[06/05/2013 18:19:31.85][186.88.118.188][1405] SELECT c_asigna FROM dace004 WHERE exp_e='08-17041449' AND c_asigna='314662' AND status IN ('0','3','B') [1][0] OK
C:[06/05/2013 18:19:31.85][186.88.118.188][1392] SELECT pre_cod_asig1,pre_cod_asig2,pre_cod_asig3,pre_cod_asig4,pre_cod_asig5,pre_cod_asig6,pre_cod_asig7 FROM tblaca009 WHERE pensum='5' AND c_uni_ca='3' AND c_asigna='300314' [1][0] OK
C:[06/05/2013 18:19:31.85][186.88.118.188][1405] SELECT c_asigna FROM dace004 WHERE exp_e='08-17041449' AND c_asigna='300106' AND status IN ('0','3','B') [1][0] OK
C:[06/05/2013 18:19:32.70][186.88.118.188][1436] SELECT par_cod_asig1,par_cod_asig2,par_cod_asig3 FROM tblaca009 WHERE pensum='5' AND c_uni_ca='3' AND c_asigna='315552' [1][0] OK
C:[06/05/2013 18:19:32.70][186.88.118.188][1436] SELECT par_cod_asig1,par_cod_asig2,par_cod_asig3 FROM tblaca009 WHERE pensum='5' AND c_uni_ca='3' AND c_asigna='311431' [1][0] OK
C:[06/05/2013 18:19:32.70][186.88.118.188][1450] SELECT c_asigna FROM dace004 WHERE exp_e='08-17041449' AND c_asigna='311430' AND status IN ('0','3','B','C') [1][0] OK
C:[06/05/2013 18:19:32.70][186.88.118.188][1436] SELECT par_cod_asig1,par_cod_asig2,par_cod_asig3 FROM tblaca009 WHERE pensum='5' AND c_uni_ca='3' AND c_asigna='314787' [1][0] OK
C:[06/05/2013 18:19:32.70][186.88.118.188][1436] SELECT par_cod_asig1,par_cod_asig2,par_cod_asig3 FROM tblaca009 WHERE pensum='5' AND c_uni_ca='3' AND c_asigna='300314' [1][0] OK
C:[06/05/2013 18:19:32.49][186.88.118.188][1566] SELECT horas_lab FROM tblaca008 WHERE c_asigna='315552' AND horas_teoricas > 0 [1][0] OK
C:[06/05/2013 18:19:32.45][186.88.118.188][1600] SELECT sum(u_creditos*1) FROM dace006 a, tblaca009 b WHERE a.exp_e='08-17041449' AND a.lapso='2013-1' AND b.pensum='5' AND b.c_uni_ca='3' AND status IN ('7','A','2') AND a.c_asigna=b.c_asigna  [1][0] OK
C:[06/05/2013 18:19:32.82][186.88.118.188][1619] SELECT sum(u_creditos*1) FROM dace006 a, tblaca009 b WHERE a.exp_e='08-17041449' AND a.lapso='2013-1' AND b.pensum='5' AND b.c_uni_ca='3' AND status IN ('7','A','2') AND a.c_asigna=b.c_asigna AND a.c_asigna IN ('311431','314787','300314') [1][0] OK
C:[06/05/2013 18:19:32.31][186.88.118.188][1635] SELECT MAX(semestre) FROM dace006 a, tblaca009 b WHERE a.exp_e='08-17041449' AND a.lapso='2013-1' AND b.pensum='5' AND b.c_uni_ca='3' AND status IN ('7','A','2') AND a.c_asigna=b.c_asigna  [1][0] OK
C:[06/05/2013 18:19:32.93][186.88.118.188][1655] SELECT MIN(semestre) FROM dace006 a, tblaca009 b WHERE a.exp_e='08-17041449' AND a.lapso='2013-1' AND b.pensum='5' AND b.c_uni_ca='3' AND status IN ('7','A','2') AND a.c_asigna=b.c_asigna AND a.c_asigna IN ('315552') [1][0] OK
C:[06/05/2013 19:20:03.17][190.201.170.230][1392] SELECT pre_cod_asig1,pre_cod_asig2,pre_cod_asig3,pre_cod_asig4,pre_cod_asig5,pre_cod_asig6,pre_cod_asig7 FROM tblaca009 WHERE pensum='5' AND c_uni_ca='5' AND c_asigna='300428' [1][0] OK
C:[06/05/2013 19:20:03.17][190.201.170.230][1405] SELECT c_asigna FROM dace004 WHERE exp_e='12-18246311' AND c_asigna='300317' AND status IN ('0','3','B') [1][0] OK
C:[06/05/2013 19:20:03.17][190.201.170.230][1405] SELECT c_asigna FROM dace004 WHERE exp_e='12-18246311' AND c_asigna='300209' AND status IN ('0','3','B') [1][0] OK
C:[06/05/2013 19:20:03.17][190.201.170.230][1392] SELECT pre_cod_asig1,pre_cod_asig2,pre_cod_asig3,pre_cod_asig4,pre_cod_asig5,pre_cod_asig6,pre_cod_asig7 FROM tblaca009 WHERE pensum='5' AND c_uni_ca='5' AND c_asigna='355448' [1][0] OK
C:[06/05/2013 19:20:03.17][190.201.170.230][1405] SELECT c_asigna FROM dace004 WHERE exp_e='12-18246311' AND c_asigna='300313' AND status IN ('0','3','B') [1][0] OK
C:[06/05/2013 19:20:03.17][190.201.170.230][1405] SELECT c_asigna FROM dace004 WHERE exp_e='12-18246311' AND c_asigna='300209' AND status IN ('0','3','B') [1][0] OK
C:[06/05/2013 19:20:03.17][190.201.170.230][1405] SELECT c_asigna FROM dace004 WHERE exp_e='12-18246311' AND c_asigna='300226' AND status IN ('0','3','B') [1][0] OK
C:[06/05/2013 19:20:03.17][190.201.170.230][1405] SELECT c_asigna FROM dace004 WHERE exp_e='12-18246311' AND c_asigna='300222' AND status IN ('0','3','B') [1][0] OK
C:[06/05/2013 19:20:03.17][190.201.170.230][1392] SELECT pre_cod_asig1,pre_cod_asig2,pre_cod_asig3,pre_cod_asig4,pre_cod_asig5,pre_cod_asig6,pre_cod_asig7 FROM tblaca009 WHERE pensum='5' AND c_uni_ca='5' AND c_asigna='352440' [1][0] OK
C:[06/05/2013 19:20:03.17][190.201.170.230][1405] SELECT c_asigna FROM dace004 WHERE exp_e='12-18246311' AND c_asigna='300317' AND status IN ('0','3','B') [1][0] OK
C:[06/05/2013 19:20:03.17][190.201.170.230][1405] SELECT c_asigna FROM dace004 WHERE exp_e='12-18246311' AND c_asigna='300013' AND status IN ('0','3','B') [1][0] OK
C:[06/05/2013 19:20:03.17][190.201.170.230][1405] SELECT c_asigna FROM dace004 WHERE exp_e='12-18246311' AND c_asigna='300113' AND status IN ('0','3','B') [1][0] OK
C:[06/05/2013 19:20:04.66][190.201.170.230][1436] SELECT par_cod_asig1,par_cod_asig2,par_cod_asig3 FROM tblaca009 WHERE pensum='5' AND c_uni_ca='5' AND c_asigna='300428' [1][0] OK
C:[06/05/2013 19:20:04.66][190.201.170.230][1436] SELECT par_cod_asig1,par_cod_asig2,par_cod_asig3 FROM tblaca009 WHERE pensum='5' AND c_uni_ca='5' AND c_asigna='355448' [1][0] OK
C:[06/05/2013 19:20:04.66][190.201.170.230][1436] SELECT par_cod_asig1,par_cod_asig2,par_cod_asig3 FROM tblaca009 WHERE pensum='5' AND c_uni_ca='5' AND c_asigna='352440' [1][0] OK
C:[06/05/2013 19:20:04.05][190.201.170.230][1566] SELECT horas_lab FROM tblaca008 WHERE c_asigna='300428' AND horas_teoricas > 0 [1][0] OK
C:[06/05/2013 19:20:04.17][190.201.170.230][1600] SELECT sum(u_creditos*1) FROM dace006 a, tblaca009 b WHERE a.exp_e='12-18246311' AND a.lapso='2013-1' AND b.pensum='5' AND b.c_uni_ca='5' AND status IN ('7','A','2') AND a.c_asigna=b.c_asigna  [1][0] OK
C:[06/05/2013 19:20:04.79][190.201.170.230][1619] SELECT sum(u_creditos*1) FROM dace006 a, tblaca009 b WHERE a.exp_e='12-18246311' AND a.lapso='2013-1' AND b.pensum='5' AND b.c_uni_ca='5' AND status IN ('7','A','2') AND a.c_asigna=b.c_asigna AND a.c_asigna IN ('355448','352440') [1][0] OK
C:[06/05/2013 19:20:04.54][190.201.170.230][1635] SELECT MAX(semestre) FROM dace006 a, tblaca009 b WHERE a.exp_e='12-18246311' AND a.lapso='2013-1' AND b.pensum='5' AND b.c_uni_ca='5' AND status IN ('7','A','2') AND a.c_asigna=b.c_asigna  [1][0] OK
C:[06/05/2013 19:20:04.48][190.201.170.230][1655] SELECT MIN(semestre) FROM dace006 a, tblaca009 b WHERE a.exp_e='12-18246311' AND a.lapso='2013-1' AND b.pensum='5' AND b.c_uni_ca='5' AND status IN ('7','A','2') AND a.c_asigna=b.c_asigna AND a.c_asigna IN ('300428') [1][0] OK
C:[06/05/2013 19:21:16.71][190.201.170.230][1392] SELECT pre_cod_asig1,pre_cod_asig2,pre_cod_asig3,pre_cod_asig4,pre_cod_asig5,pre_cod_asig6,pre_cod_asig7 FROM tblaca009 WHERE pensum='5' AND c_uni_ca='5' AND c_asigna='352440' [1][0] OK
C:[06/05/2013 19:21:16.71][190.201.170.230][1405] SELECT c_asigna FROM dace004 WHERE exp_e='12-18246311' AND c_asigna='300317' AND status IN ('0','3','B') [1][0] OK
C:[06/05/2013 19:21:16.71][190.201.170.230][1405] SELECT c_asigna FROM dace004 WHERE exp_e='12-18246311' AND c_asigna='300013' AND status IN ('0','3','B') [1][0] OK
C:[06/05/2013 19:21:16.71][190.201.170.230][1405] SELECT c_asigna FROM dace004 WHERE exp_e='12-18246311' AND c_asigna='300113' AND status IN ('0','3','B') [1][0] OK
C:[06/05/2013 19:21:16.71][190.201.170.230][1392] SELECT pre_cod_asig1,pre_cod_asig2,pre_cod_asig3,pre_cod_asig4,pre_cod_asig5,pre_cod_asig6,pre_cod_asig7 FROM tblaca009 WHERE pensum='5' AND c_uni_ca='5' AND c_asigna='355448' [1][0] OK
C:[06/05/2013 19:21:16.71][190.201.170.230][1405] SELECT c_asigna FROM dace004 WHERE exp_e='12-18246311' AND c_asigna='300313' AND status IN ('0','3','B') [1][0] OK
C:[06/05/2013 19:21:16.71][190.201.170.230][1405] SELECT c_asigna FROM dace004 WHERE exp_e='12-18246311' AND c_asigna='300209' AND status IN ('0','3','B') [1][0] OK
C:[06/05/2013 19:21:16.71][190.201.170.230][1405] SELECT c_asigna FROM dace004 WHERE exp_e='12-18246311' AND c_asigna='300226' AND status IN ('0','3','B') [1][0] OK
C:[06/05/2013 19:21:16.71][190.201.170.230][1405] SELECT c_asigna FROM dace004 WHERE exp_e='12-18246311' AND c_asigna='300222' AND status IN ('0','3','B') [1][0] OK
C:[06/05/2013 19:21:16.71][190.201.170.230][1392] SELECT pre_cod_asig1,pre_cod_asig2,pre_cod_asig3,pre_cod_asig4,pre_cod_asig5,pre_cod_asig6,pre_cod_asig7 FROM tblaca009 WHERE pensum='5' AND c_uni_ca='5' AND c_asigna='300428' [1][0] OK
C:[06/05/2013 19:21:16.71][190.201.170.230][1405] SELECT c_asigna FROM dace004 WHERE exp_e='12-18246311' AND c_asigna='300317' AND status IN ('0','3','B') [1][0] OK
C:[06/05/2013 19:21:16.71][190.201.170.230][1405] SELECT c_asigna FROM dace004 WHERE exp_e='12-18246311' AND c_asigna='300209' AND status IN ('0','3','B') [1][0] OK
C:[06/05/2013 19:21:17.21][190.201.170.230][1436] SELECT par_cod_asig1,par_cod_asig2,par_cod_asig3 FROM tblaca009 WHERE pensum='5' AND c_uni_ca='5' AND c_asigna='352440' [1][0] OK
C:[06/05/2013 19:21:17.21][190.201.170.230][1436] SELECT par_cod_asig1,par_cod_asig2,par_cod_asig3 FROM tblaca009 WHERE pensum='5' AND c_uni_ca='5' AND c_asigna='355448' [1][0] OK
C:[06/05/2013 19:21:17.21][190.201.170.230][1436] SELECT par_cod_asig1,par_cod_asig2,par_cod_asig3 FROM tblaca009 WHERE pensum='5' AND c_uni_ca='5' AND c_asigna='300428' [1][0] OK
C:[06/05/2013 19:21:17.60][190.201.170.230][1566] SELECT horas_lab FROM tblaca008 WHERE c_asigna='352440' AND horas_teoricas > 0 [1][0] OK
C:[06/05/2013 19:21:17.71][190.201.170.230][1600] SELECT sum(u_creditos*1) FROM dace006 a, tblaca009 b WHERE a.exp_e='12-18246311' AND a.lapso='2013-1' AND b.pensum='5' AND b.c_uni_ca='5' AND status IN ('7','A','2') AND a.c_asigna=b.c_asigna  [1][0] OK
C:[06/05/2013 19:21:17.08][190.201.170.230][1619] SELECT sum(u_creditos*1) FROM dace006 a, tblaca009 b WHERE a.exp_e='12-18246311' AND a.lapso='2013-1' AND b.pensum='5' AND b.c_uni_ca='5' AND status IN ('7','A','2') AND a.c_asigna=b.c_asigna AND a.c_asigna IN ('355448','300428') [1][0] OK
C:[06/05/2013 19:21:17.46][190.201.170.230][1635] SELECT MAX(semestre) FROM dace006 a, tblaca009 b WHERE a.exp_e='12-18246311' AND a.lapso='2013-1' AND b.pensum='5' AND b.c_uni_ca='5' AND status IN ('7','A','2') AND a.c_asigna=b.c_asigna  [1][0] OK
C:[06/05/2013 19:21:17.84][190.201.170.230][1655] SELECT MIN(semestre) FROM dace006 a, tblaca009 b WHERE a.exp_e='12-18246311' AND a.lapso='2013-1' AND b.pensum='5' AND b.c_uni_ca='5' AND status IN ('7','A','2') AND a.c_asigna=b.c_asigna AND a.c_asigna IN ('352440') [1][0] OK
C:[06/05/2013 19:22:00.16][190.201.170.230][1392] SELECT pre_cod_asig1,pre_cod_asig2,pre_cod_asig3,pre_cod_asig4,pre_cod_asig5,pre_cod_asig6,pre_cod_asig7 FROM tblaca009 WHERE pensum='5' AND c_uni_ca='5' AND c_asigna='355448' [1][0] OK
C:[06/05/2013 19:22:00.16][190.201.170.230][1405] SELECT c_asigna FROM dace004 WHERE exp_e='12-18246311' AND c_asigna='300313' AND status IN ('0','3','B') [1][0] OK
C:[06/05/2013 19:22:00.16][190.201.170.230][1405] SELECT c_asigna FROM dace004 WHERE exp_e='12-18246311' AND c_asigna='300209' AND status IN ('0','3','B') [1][0] OK
C:[06/05/2013 19:22:00.16][190.201.170.230][1405] SELECT c_asigna FROM dace004 WHERE exp_e='12-18246311' AND c_asigna='300226' AND status IN ('0','3','B') [1][0] OK
C:[06/05/2013 19:22:00.16][190.201.170.230][1405] SELECT c_asigna FROM dace004 WHERE exp_e='12-18246311' AND c_asigna='300222' AND status IN ('0','3','B') [1][0] OK
C:[06/05/2013 19:22:00.16][190.201.170.230][1392] SELECT pre_cod_asig1,pre_cod_asig2,pre_cod_asig3,pre_cod_asig4,pre_cod_asig5,pre_cod_asig6,pre_cod_asig7 FROM tblaca009 WHERE pensum='5' AND c_uni_ca='5' AND c_asigna='352440' [1][0] OK
C:[06/05/2013 19:22:00.16][190.201.170.230][1405] SELECT c_asigna FROM dace004 WHERE exp_e='12-18246311' AND c_asigna='300317' AND status IN ('0','3','B') [1][0] OK
C:[06/05/2013 19:22:00.16][190.201.170.230][1405] SELECT c_asigna FROM dace004 WHERE exp_e='12-18246311' AND c_asigna='300013' AND status IN ('0','3','B') [1][0] OK
C:[06/05/2013 19:22:00.16][190.201.170.230][1405] SELECT c_asigna FROM dace004 WHERE exp_e='12-18246311' AND c_asigna='300113' AND status IN ('0','3','B') [1][0] OK
C:[06/05/2013 19:22:00.16][190.201.170.230][1392] SELECT pre_cod_asig1,pre_cod_asig2,pre_cod_asig3,pre_cod_asig4,pre_cod_asig5,pre_cod_asig6,pre_cod_asig7 FROM tblaca009 WHERE pensum='5' AND c_uni_ca='5' AND c_asigna='300428' [1][0] OK
C:[06/05/2013 19:22:00.16][190.201.170.230][1405] SELECT c_asigna FROM dace004 WHERE exp_e='12-18246311' AND c_asigna='300317' AND status IN ('0','3','B') [1][0] OK
C:[06/05/2013 19:22:00.16][190.201.170.230][1405] SELECT c_asigna FROM dace004 WHERE exp_e='12-18246311' AND c_asigna='300209' AND status IN ('0','3','B') [1][0] OK
C:[06/05/2013 19:22:00.65][190.201.170.230][1436] SELECT par_cod_asig1,par_cod_asig2,par_cod_asig3 FROM tblaca009 WHERE pensum='5' AND c_uni_ca='5' AND c_asigna='355448' [1][0] OK
C:[06/05/2013 19:22:00.65][190.201.170.230][1436] SELECT par_cod_asig1,par_cod_asig2,par_cod_asig3 FROM tblaca009 WHERE pensum='5' AND c_uni_ca='5' AND c_asigna='352440' [1][0] OK
C:[06/05/2013 19:22:00.65][190.201.170.230][1436] SELECT par_cod_asig1,par_cod_asig2,par_cod_asig3 FROM tblaca009 WHERE pensum='5' AND c_uni_ca='5' AND c_asigna='300428' [1][0] OK
C:[06/05/2013 19:22:00.04][190.201.170.230][1566] SELECT horas_lab FROM tblaca008 WHERE c_asigna='355448' AND horas_teoricas > 0 [1][0] OK
C:[06/05/2013 19:22:00.15][190.201.170.230][1600] SELECT sum(u_creditos*1) FROM dace006 a, tblaca009 b WHERE a.exp_e='12-18246311' AND a.lapso='2013-1' AND b.pensum='5' AND b.c_uni_ca='5' AND status IN ('7','A','2') AND a.c_asigna=b.c_asigna  [1][0] OK
C:[06/05/2013 19:22:00.53][190.201.170.230][1619] SELECT sum(u_creditos*1) FROM dace006 a, tblaca009 b WHERE a.exp_e='12-18246311' AND a.lapso='2013-1' AND b.pensum='5' AND b.c_uni_ca='5' AND status IN ('7','A','2') AND a.c_asigna=b.c_asigna AND a.c_asigna IN ('352440','300428') [1][0] OK
C:[06/05/2013 19:22:00.90][190.201.170.230][1635] SELECT MAX(semestre) FROM dace006 a, tblaca009 b WHERE a.exp_e='12-18246311' AND a.lapso='2013-1' AND b.pensum='5' AND b.c_uni_ca='5' AND status IN ('7','A','2') AND a.c_asigna=b.c_asigna  [1][0] OK
C:[06/05/2013 19:22:00.27][190.201.170.230][1655] SELECT MIN(semestre) FROM dace006 a, tblaca009 b WHERE a.exp_e='12-18246311' AND a.lapso='2013-1' AND b.pensum='5' AND b.c_uni_ca='5' AND status IN ('7','A','2') AND a.c_asigna=b.c_asigna AND a.c_asigna IN ('355448') [1][0] OK
C:[06/05/2013 21:38:09.86][190.204.205.35][1392] SELECT pre_cod_asig1,pre_cod_asig2,pre_cod_asig3,pre_cod_asig4,pre_cod_asig5,pre_cod_asig6,pre_cod_asig7 FROM tblaca009 WHERE pensum='5' AND c_uni_ca='4' AND c_asigna='300870' [1][0] OK
C:[06/05/2013 21:38:09.86][190.204.205.35][1392] SELECT pre_cod_asig1,pre_cod_asig2,pre_cod_asig3,pre_cod_asig4,pre_cod_asig5,pre_cod_asig6,pre_cod_asig7 FROM tblaca009 WHERE pensum='5' AND c_uni_ca='4' AND c_asigna='333041' [1][0] OK
C:[06/05/2013 21:38:09.86][190.204.205.35][1392] SELECT pre_cod_asig1,pre_cod_asig2,pre_cod_asig3,pre_cod_asig4,pre_cod_asig5,pre_cod_asig6,pre_cod_asig7 FROM tblaca009 WHERE pensum='5' AND c_uni_ca='4' AND c_asigna='333042' [1][0] OK
C:[06/05/2013 21:38:09.86][190.204.205.35][1405] SELECT c_asigna FROM dace004 WHERE exp_e='08-24179194' AND c_asigna='333707' AND status IN ('0','3','B') [1][0] OK
C:[06/05/2013 21:38:09.86][190.204.205.35][1392] SELECT pre_cod_asig1,pre_cod_asig2,pre_cod_asig3,pre_cod_asig4,pre_cod_asig5,pre_cod_asig6,pre_cod_asig7 FROM tblaca009 WHERE pensum='5' AND c_uni_ca='4' AND c_asigna='333043' [1][0] OK
C:[06/05/2013 21:38:09.86][190.204.205.35][1392] SELECT pre_cod_asig1,pre_cod_asig2,pre_cod_asig3,pre_cod_asig4,pre_cod_asig5,pre_cod_asig6,pre_cod_asig7 FROM tblaca009 WHERE pensum='5' AND c_uni_ca='4' AND c_asigna='333809' [1][0] OK
C:[06/05/2013 21:38:09.86][190.204.205.35][1405] SELECT c_asigna FROM dace004 WHERE exp_e='08-24179194' AND c_asigna='333683' AND status IN ('0','3','B') [1][0] OK
C:[06/05/2013 21:38:09.86][190.204.205.35][1405] SELECT c_asigna FROM dace004 WHERE exp_e='08-24179194' AND c_asigna='333710' AND status IN ('0','3','B') [1][0] OK
C:[06/05/2013 21:38:09.86][190.204.205.35][1392] SELECT pre_cod_asig1,pre_cod_asig2,pre_cod_asig3,pre_cod_asig4,pre_cod_asig5,pre_cod_asig6,pre_cod_asig7 FROM tblaca009 WHERE pensum='5' AND c_uni_ca='4' AND c_asigna='333830' [1][0] OK
C:[06/05/2013 21:38:09.86][190.204.205.35][1405] SELECT c_asigna FROM dace004 WHERE exp_e='08-24179194' AND c_asigna='333710' AND status IN ('0','3','B') [1][0] OK
C:[06/05/2013 21:38:09.86][190.204.205.35][1405] SELECT c_asigna FROM dace004 WHERE exp_e='08-24179194' AND c_asigna='333782' AND status IN ('0','3','B') [1][0] OK
C:[06/05/2013 21:38:09.86][190.204.205.35][1392] SELECT pre_cod_asig1,pre_cod_asig2,pre_cod_asig3,pre_cod_asig4,pre_cod_asig5,pre_cod_asig6,pre_cod_asig7 FROM tblaca009 WHERE pensum='5' AND c_uni_ca='4' AND c_asigna='333831' [1][0] OK
C:[06/05/2013 21:38:09.86][190.204.205.35][1405] SELECT c_asigna FROM dace004 WHERE exp_e='08-24179194' AND c_asigna='333611' AND status IN ('0','3','B') [1][0] OK
C:[06/05/2013 21:38:09.44][190.204.205.35][1436] SELECT par_cod_asig1,par_cod_asig2,par_cod_asig3 FROM tblaca009 WHERE pensum='5' AND c_uni_ca='4' AND c_asigna='300870' [1][0] OK
C:[06/05/2013 21:38:09.44][190.204.205.35][1436] SELECT par_cod_asig1,par_cod_asig2,par_cod_asig3 FROM tblaca009 WHERE pensum='5' AND c_uni_ca='4' AND c_asigna='333041' [1][0] OK
C:[06/05/2013 21:38:09.44][190.204.205.35][1436] SELECT par_cod_asig1,par_cod_asig2,par_cod_asig3 FROM tblaca009 WHERE pensum='5' AND c_uni_ca='4' AND c_asigna='333042' [1][0] OK
C:[06/05/2013 21:38:09.44][190.204.205.35][1436] SELECT par_cod_asig1,par_cod_asig2,par_cod_asig3 FROM tblaca009 WHERE pensum='5' AND c_uni_ca='4' AND c_asigna='333043' [1][0] OK
C:[06/05/2013 21:38:09.44][190.204.205.35][1436] SELECT par_cod_asig1,par_cod_asig2,par_cod_asig3 FROM tblaca009 WHERE pensum='5' AND c_uni_ca='4' AND c_asigna='333809' [1][0] OK
C:[06/05/2013 21:38:09.44][190.204.205.35][1436] SELECT par_cod_asig1,par_cod_asig2,par_cod_asig3 FROM tblaca009 WHERE pensum='5' AND c_uni_ca='4' AND c_asigna='333830' [1][0] OK
C:[06/05/2013 21:38:09.44][190.204.205.35][1436] SELECT par_cod_asig1,par_cod_asig2,par_cod_asig3 FROM tblaca009 WHERE pensum='5' AND c_uni_ca='4' AND c_asigna='333831' [1][0] OK
C:[06/05/2013 21:38:10.71][190.204.205.35][1566] SELECT horas_lab FROM tblaca008 WHERE c_asigna='300870' AND horas_teoricas > 0 [1][0] OK
C:[06/05/2013 21:38:10.56][190.204.205.35][1600] SELECT sum(u_creditos*1) FROM dace006 a, tblaca009 b WHERE a.exp_e='08-24179194' AND a.lapso='2013-1' AND b.pensum='5' AND b.c_uni_ca='4' AND status IN ('7','A','2') AND a.c_asigna=b.c_asigna  [1][0] OK
C:[06/05/2013 21:38:10.94][190.204.205.35][1619] SELECT sum(u_creditos*1) FROM dace006 a, tblaca009 b WHERE a.exp_e='08-24179194' AND a.lapso='2013-1' AND b.pensum='5' AND b.c_uni_ca='4' AND status IN ('7','A','2') AND a.c_asigna=b.c_asigna AND a.c_asigna IN ('333041','333042','333043','333809','333830','333831') [1][0] OK
C:[06/05/2013 21:38:10.87][190.204.205.35][1635] SELECT MAX(semestre) FROM dace006 a, tblaca009 b WHERE a.exp_e='08-24179194' AND a.lapso='2013-1' AND b.pensum='5' AND b.c_uni_ca='4' AND status IN ('7','A','2') AND a.c_asigna=b.c_asigna  [1][0] OK
C:[06/05/2013 21:38:10.25][190.204.205.35][1655] SELECT MIN(semestre) FROM dace006 a, tblaca009 b WHERE a.exp_e='08-24179194' AND a.lapso='2013-1' AND b.pensum='5' AND b.c_uni_ca='4' AND status IN ('7','A','2') AND a.c_asigna=b.c_asigna AND a.c_asigna IN ('300870') [1][0] OK
C:[07/05/2013 08:12:34.87][190.121.238.176][1392] SELECT pre_cod_asig1,pre_cod_asig2,pre_cod_asig3,pre_cod_asig4,pre_cod_asig5,pre_cod_asig6,pre_cod_asig7 FROM tblaca009 WHERE pensum='5' AND c_uni_ca='5' AND c_asigna='300676' [1][0] OK
C:[07/05/2013 08:12:34.87][190.121.238.176][1392] SELECT pre_cod_asig1,pre_cod_asig2,pre_cod_asig3,pre_cod_asig4,pre_cod_asig5,pre_cod_asig6,pre_cod_asig7 FROM tblaca009 WHERE pensum='5' AND c_uni_ca='5' AND c_asigna='355696' [1][0] OK
C:[07/05/2013 08:12:34.87][190.121.238.176][1405] SELECT c_asigna FROM dace004 WHERE exp_e='06-18886631' AND c_asigna='355570' AND status IN ('0','3','B') [1][0] OK
C:[07/05/2013 08:12:34.87][190.121.238.176][1405] SELECT c_asigna FROM dace004 WHERE exp_e='06-18886631' AND c_asigna='355571' AND status IN ('0','3','B') [1][0] OK
C:[07/05/2013 08:12:34.87][190.121.238.176][1392] SELECT pre_cod_asig1,pre_cod_asig2,pre_cod_asig3,pre_cod_asig4,pre_cod_asig5,pre_cod_asig6,pre_cod_asig7 FROM tblaca009 WHERE pensum='5' AND c_uni_ca='5' AND c_asigna='355573' [1][0] OK
C:[07/05/2013 08:12:34.87][190.121.238.176][1405] SELECT c_asigna FROM dace004 WHERE exp_e='06-18886631' AND c_asigna='355448' AND status IN ('0','3','B') [1][0] OK
C:[07/05/2013 08:12:34.87][190.121.238.176][1392] SELECT pre_cod_asig1,pre_cod_asig2,pre_cod_asig3,pre_cod_asig4,pre_cod_asig5,pre_cod_asig6,pre_cod_asig7 FROM tblaca009 WHERE pensum='5' AND c_uni_ca='5' AND c_asigna='300113' [1][0] OK
C:[07/05/2013 08:12:34.87][190.121.238.176][1392] SELECT pre_cod_asig1,pre_cod_asig2,pre_cod_asig3,pre_cod_asig4,pre_cod_asig5,pre_cod_asig6,pre_cod_asig7 FROM tblaca009 WHERE pensum='5' AND c_uni_ca='5' AND c_asigna='300422' [1][0] OK
C:[07/05/2013 08:12:34.87][190.121.238.176][1405] SELECT c_asigna FROM dace004 WHERE exp_e='06-18886631' AND c_asigna='300105' AND status IN ('0','3','B') [1][0] OK
C:[07/05/2013 08:12:34.87][190.121.238.176][1405] SELECT c_asigna FROM dace004 WHERE exp_e='06-18886631' AND c_asigna='300314' AND status IN ('0','3','B') [1][0] OK
C:[07/05/2013 08:12:34.87][190.121.238.176][1392] SELECT pre_cod_asig1,pre_cod_asig2,pre_cod_asig3,pre_cod_asig4,pre_cod_asig5,pre_cod_asig6,pre_cod_asig7 FROM tblaca009 WHERE pensum='5' AND c_uni_ca='5' AND c_asigna='355595' [1][0] OK
C:[07/05/2013 08:12:34.87][190.121.238.176][1405] SELECT c_asigna FROM dace004 WHERE exp_e='06-18886631' AND c_asigna='351451' AND status IN ('0','3','B') [1][0] OK
C:[07/05/2013 08:12:34.87][190.121.238.176][1405] SELECT c_asigna FROM dace004 WHERE exp_e='06-18886631' AND c_asigna='355350' AND status IN ('0','3','B') [1][0] OK
C:[07/05/2013 08:12:34.87][190.121.238.176][1405] SELECT c_asigna FROM dace004 WHERE exp_e='06-18886631' AND c_asigna='300318' AND status IN ('0','3','B') [1][0] OK
C:[07/05/2013 08:12:34.62][190.121.238.176][1436] SELECT par_cod_asig1,par_cod_asig2,par_cod_asig3 FROM tblaca009 WHERE pensum='5' AND c_uni_ca='5' AND c_asigna='300676' [1][0] OK
C:[07/05/2013 08:12:34.62][190.121.238.176][1436] SELECT par_cod_asig1,par_cod_asig2,par_cod_asig3 FROM tblaca009 WHERE pensum='5' AND c_uni_ca='5' AND c_asigna='355696' [1][0] OK
C:[07/05/2013 08:12:34.62][190.121.238.176][1436] SELECT par_cod_asig1,par_cod_asig2,par_cod_asig3 FROM tblaca009 WHERE pensum='5' AND c_uni_ca='5' AND c_asigna='355573' [1][0] OK
C:[07/05/2013 08:12:34.62][190.121.238.176][1436] SELECT par_cod_asig1,par_cod_asig2,par_cod_asig3 FROM tblaca009 WHERE pensum='5' AND c_uni_ca='5' AND c_asigna='300113' [1][0] OK
C:[07/05/2013 08:12:34.62][190.121.238.176][1450] SELECT c_asigna FROM dace004 WHERE exp_e='06-18886631' AND c_asigna='300013' AND status IN ('0','3','B','C') [1][0] OK
C:[07/05/2013 08:12:34.62][190.121.238.176][1436] SELECT par_cod_asig1,par_cod_asig2,par_cod_asig3 FROM tblaca009 WHERE pensum='5' AND c_uni_ca='5' AND c_asigna='300422' [1][0] OK
C:[07/05/2013 08:12:34.62][190.121.238.176][1436] SELECT par_cod_asig1,par_cod_asig2,par_cod_asig3 FROM tblaca009 WHERE pensum='5' AND c_uni_ca='5' AND c_asigna='355595' [1][0] OK
C:[07/05/2013 08:12:34.51][190.121.238.176][1566] SELECT horas_lab FROM tblaca008 WHERE c_asigna='300676' AND horas_teoricas > 0 [1][0] OK
C:[07/05/2013 08:12:34.62][190.121.238.176][1600] SELECT sum(u_creditos*1) FROM dace006 a, tblaca009 b WHERE a.exp_e='06-18886631' AND a.lapso='2013-1' AND b.pensum='5' AND b.c_uni_ca='5' AND status IN ('7','A','2') AND a.c_asigna=b.c_asigna  [1][0] OK
C:[07/05/2013 08:12:34.99][190.121.238.176][1619] SELECT sum(u_creditos*1) FROM dace006 a, tblaca009 b WHERE a.exp_e='06-18886631' AND a.lapso='2013-1' AND b.pensum='5' AND b.c_uni_ca='5' AND status IN ('7','A','2') AND a.c_asigna=b.c_asigna AND a.c_asigna IN ('355696','355573','300113','300422','355595') [1][0] OK
C:[07/05/2013 08:12:35.37][190.121.238.176][1635] SELECT MAX(semestre) FROM dace006 a, tblaca009 b WHERE a.exp_e='06-18886631' AND a.lapso='2013-1' AND b.pensum='5' AND b.c_uni_ca='5' AND status IN ('7','A','2') AND a.c_asigna=b.c_asigna  [1][0] OK
C:[07/05/2013 08:12:35.74][190.121.238.176][1655] SELECT MIN(semestre) FROM dace006 a, tblaca009 b WHERE a.exp_e='06-18886631' AND a.lapso='2013-1' AND b.pensum='5' AND b.c_uni_ca='5' AND status IN ('7','A','2') AND a.c_asigna=b.c_asigna AND a.c_asigna IN ('300676') [1][0] OK
C:[07/05/2013 08:44:01.20][190.202.98.217][1392] SELECT pre_cod_asig1,pre_cod_asig2,pre_cod_asig3,pre_cod_asig4,pre_cod_asig5,pre_cod_asig6,pre_cod_asig7 FROM tblaca009 WHERE pensum='5' AND c_uni_ca='3' AND c_asigna='311655' [1][0] OK
C:[07/05/2013 08:44:01.20][190.202.98.217][1405] SELECT c_asigna FROM dace004 WHERE exp_e='08-16834051' AND c_asigna='311556' AND status IN ('0','3','B') [1][0] OK
C:[07/05/2013 08:44:01.20][190.202.98.217][1392] SELECT pre_cod_asig1,pre_cod_asig2,pre_cod_asig3,pre_cod_asig4,pre_cod_asig5,pre_cod_asig6,pre_cod_asig7 FROM tblaca009 WHERE pensum='5' AND c_uni_ca='3' AND c_asigna='311554' [1][0] OK
C:[07/05/2013 08:44:01.20][190.202.98.217][1405] SELECT c_asigna FROM dace004 WHERE exp_e='08-16834051' AND c_asigna='300318' AND status IN ('0','3','B') [1][0] OK
C:[07/05/2013 08:44:01.20][190.202.98.217][1405] SELECT c_asigna FROM dace004 WHERE exp_e='08-16834051' AND c_asigna='300428' AND status IN ('0','3','B') [1][0] OK
C:[07/05/2013 08:44:01.20][190.202.98.217][1392] SELECT pre_cod_asig1,pre_cod_asig2,pre_cod_asig3,pre_cod_asig4,pre_cod_asig5,pre_cod_asig6,pre_cod_asig7 FROM tblaca009 WHERE pensum='5' AND c_uni_ca='3' AND c_asigna='311704' [1][0] OK
C:[07/05/2013 08:44:01.20][190.202.98.217][1405] SELECT c_asigna FROM dace004 WHERE exp_e='08-16834051' AND c_asigna='315671' AND status IN ('0','3','B') [1][0] OK
C:[07/05/2013 08:44:01.20][190.202.98.217][1392] SELECT pre_cod_asig1,pre_cod_asig2,pre_cod_asig3,pre_cod_asig4,pre_cod_asig5,pre_cod_asig6,pre_cod_asig7 FROM tblaca009 WHERE pensum='5' AND c_uni_ca='3' AND c_asigna='310548' [1][0] OK
C:[07/05/2013 08:44:01.20][190.202.98.217][1405] SELECT c_asigna FROM dace004 WHERE exp_e='08-16834051' AND c_asigna='300428' AND status IN ('0','3','B') [1][0] OK
C:[07/05/2013 08:44:01.20][190.202.98.217][1405] SELECT c_asigna FROM dace004 WHERE exp_e='08-16834051' AND c_asigna='300313' AND status IN ('0','3','B') [1][0] OK
C:[07/05/2013 08:44:01.20][190.202.98.217][1405] SELECT c_asigna FROM dace004 WHERE exp_e='08-16834051' AND c_asigna='300222' AND status IN ('0','3','B') [1][0] OK
C:[07/05/2013 08:44:01.20][190.202.98.217][1405] SELECT c_asigna FROM dace004 WHERE exp_e='08-16834051' AND c_asigna='300226' AND status IN ('0','3','B') [1][0] OK
C:[07/05/2013 08:44:01.20][190.202.98.217][1405] SELECT c_asigna FROM dace004 WHERE exp_e='08-16834051' AND c_asigna='300209' AND status IN ('0','3','B') [1][0] OK
C:[07/05/2013 08:44:02.82][190.202.98.217][1436] SELECT par_cod_asig1,par_cod_asig2,par_cod_asig3 FROM tblaca009 WHERE pensum='5' AND c_uni_ca='3' AND c_asigna='311655' [1][0] OK
C:[07/05/2013 08:44:02.82][190.202.98.217][1436] SELECT par_cod_asig1,par_cod_asig2,par_cod_asig3 FROM tblaca009 WHERE pensum='5' AND c_uni_ca='3' AND c_asigna='311554' [1][0] OK
C:[07/05/2013 08:44:02.82][190.202.98.217][1436] SELECT par_cod_asig1,par_cod_asig2,par_cod_asig3 FROM tblaca009 WHERE pensum='5' AND c_uni_ca='3' AND c_asigna='311704' [1][0] OK
C:[07/05/2013 08:44:02.82][190.202.98.217][1436] SELECT par_cod_asig1,par_cod_asig2,par_cod_asig3 FROM tblaca009 WHERE pensum='5' AND c_uni_ca='3' AND c_asigna='310548' [1][0] OK
C:[07/05/2013 08:44:02.34][190.202.98.217][1566] SELECT horas_lab FROM tblaca008 WHERE c_asigna='311655' AND horas_teoricas > 0 [1][0] OK
C:[07/05/2013 08:44:02.45][190.202.98.217][1600] SELECT sum(u_creditos*1) FROM dace006 a, tblaca009 b WHERE a.exp_e='08-16834051' AND a.lapso='2013-1' AND b.pensum='5' AND b.c_uni_ca='3' AND status IN ('7','A','2') AND a.c_asigna=b.c_asigna  [1][0] OK
C:[07/05/2013 08:44:02.82][190.202.98.217][1619] SELECT sum(u_creditos*1) FROM dace006 a, tblaca009 b WHERE a.exp_e='08-16834051' AND a.lapso='2013-1' AND b.pensum='5' AND b.c_uni_ca='3' AND status IN ('7','A','2') AND a.c_asigna=b.c_asigna AND a.c_asigna IN ('311554','311704','310548') [1][0] OK
C:[07/05/2013 08:44:02.20][190.202.98.217][1635] SELECT MAX(semestre) FROM dace006 a, tblaca009 b WHERE a.exp_e='08-16834051' AND a.lapso='2013-1' AND b.pensum='5' AND b.c_uni_ca='3' AND status IN ('7','A','2') AND a.c_asigna=b.c_asigna  [1][0] OK
C:[07/05/2013 08:44:02.57][190.202.98.217][1655] SELECT MIN(semestre) FROM dace006 a, tblaca009 b WHERE a.exp_e='08-16834051' AND a.lapso='2013-1' AND b.pensum='5' AND b.c_uni_ca='3' AND status IN ('7','A','2') AND a.c_asigna=b.c_asigna AND a.c_asigna IN ('311655') [1][0] OK
C:[07/05/2013 09:06:05.67][186.88.107.202][1392] SELECT pre_cod_asig1,pre_cod_asig2,pre_cod_asig3,pre_cod_asig4,pre_cod_asig5,pre_cod_asig6,pre_cod_asig7 FROM tblaca009 WHERE pensum='5' AND c_uni_ca='3' AND c_asigna='311094' [1][0] OK
C:[07/05/2013 09:06:05.67][186.88.107.202][1405] SELECT c_asigna FROM dace004 WHERE exp_e='06-19621310' AND c_asigna='311822' AND status IN ('0','3','B') [1][0] OK
C:[07/05/2013 09:06:05.67][186.88.107.202][1405] SELECT c_asigna FROM dace004 WHERE exp_e='06-19621310' AND c_asigna='311823' AND status IN ('0','3','B') [1][0] OK
C:[07/05/2013 09:06:05.67][186.88.107.202][1392] SELECT pre_cod_asig1,pre_cod_asig2,pre_cod_asig3,pre_cod_asig4,pre_cod_asig5,pre_cod_asig6,pre_cod_asig7 FROM tblaca009 WHERE pensum='5' AND c_uni_ca='3' AND c_asigna='300222' [1][0] OK
C:[07/05/2013 09:06:05.67][186.88.107.202][1405] SELECT c_asigna FROM dace004 WHERE exp_e='06-19621310' AND c_asigna='300112' AND status IN ('0','3','B') [1][0] OK
C:[07/05/2013 09:06:05.67][186.88.107.202][1392] SELECT pre_cod_asig1,pre_cod_asig2,pre_cod_asig3,pre_cod_asig4,pre_cod_asig5,pre_cod_asig6,pre_cod_asig7 FROM tblaca009 WHERE pensum='5' AND c_uni_ca='3' AND c_asigna='311824' [1][0] OK
C:[07/05/2013 09:06:05.67][186.88.107.202][1405] SELECT c_asigna FROM dace004 WHERE exp_e='06-19621310' AND c_asigna='311796' AND status IN ('0','3','B') [1][0] OK
C:[07/05/2013 09:06:05.67][186.88.107.202][1392] SELECT pre_cod_asig1,pre_cod_asig2,pre_cod_asig3,pre_cod_asig4,pre_cod_asig5,pre_cod_asig6,pre_cod_asig7 FROM tblaca009 WHERE pensum='5' AND c_uni_ca='3' AND c_asigna='300956' [1][0] OK
C:[07/05/2013 09:06:05.67][186.88.107.202][1405] SELECT c_asigna FROM dace004 WHERE exp_e='06-19621310' AND c_asigna='300422' AND status IN ('0','3','B') [1][0] OK
C:[07/05/2013 09:06:05.67][186.88.107.202][1405] SELECT c_asigna FROM dace004 WHERE exp_e='06-19621310' AND c_asigna='300105' AND status IN ('0','3','B') [1][0] OK
C:[07/05/2013 09:06:05.67][186.88.107.202][1405] SELECT c_asigna FROM dace004 WHERE exp_e='06-19621310' AND c_asigna='300314' AND status IN ('0','3','B') [1][0] OK
C:[07/05/2013 09:06:05.67][186.88.107.202][1392] SELECT pre_cod_asig1,pre_cod_asig2,pre_cod_asig3,pre_cod_asig4,pre_cod_asig5,pre_cod_asig6,pre_cod_asig7 FROM tblaca009 WHERE pensum='5' AND c_uni_ca='3' AND c_asigna='311098' [1][0] OK
C:[07/05/2013 09:06:05.67][186.88.107.202][1405] SELECT c_asigna FROM dace004 WHERE exp_e='06-19621310' AND c_asigna='311822' AND status IN ('0','3','B') [1][0] OK
C:[07/05/2013 09:06:05.67][186.88.107.202][1392] SELECT pre_cod_asig1,pre_cod_asig2,pre_cod_asig3,pre_cod_asig4,pre_cod_asig5,pre_cod_asig6,pre_cod_asig7 FROM tblaca009 WHERE pensum='5' AND c_uni_ca='3' AND c_asigna='311099' [1][0] OK
C:[07/05/2013 09:06:05.67][186.88.107.202][1405] SELECT c_asigna FROM dace004 WHERE exp_e='06-19621310' AND c_asigna='311795' AND status IN ('0','3','B') [1][0] OK
C:[07/05/2013 09:06:05.67][186.88.107.202][1405] SELECT c_asigna FROM dace004 WHERE exp_e='06-19621310' AND c_asigna='311825' AND status IN ('0','3','B') [1][0] OK
C:[07/05/2013 09:06:06.79][186.88.107.202][1436] SELECT par_cod_asig1,par_cod_asig2,par_cod_asig3 FROM tblaca009 WHERE pensum='5' AND c_uni_ca='3' AND c_asigna='311094' [1][0] OK
C:[07/05/2013 09:06:06.79][186.88.107.202][1436] SELECT par_cod_asig1,par_cod_asig2,par_cod_asig3 FROM tblaca009 WHERE pensum='5' AND c_uni_ca='3' AND c_asigna='300222' [1][0] OK
C:[07/05/2013 09:06:06.79][186.88.107.202][1436] SELECT par_cod_asig1,par_cod_asig2,par_cod_asig3 FROM tblaca009 WHERE pensum='5' AND c_uni_ca='3' AND c_asigna='311824' [1][0] OK
C:[07/05/2013 09:06:06.79][186.88.107.202][1436] SELECT par_cod_asig1,par_cod_asig2,par_cod_asig3 FROM tblaca009 WHERE pensum='5' AND c_uni_ca='3' AND c_asigna='300956' [1][0] OK
C:[07/05/2013 09:06:06.79][186.88.107.202][1436] SELECT par_cod_asig1,par_cod_asig2,par_cod_asig3 FROM tblaca009 WHERE pensum='5' AND c_uni_ca='3' AND c_asigna='311098' [1][0] OK
C:[07/05/2013 09:06:06.79][186.88.107.202][1436] SELECT par_cod_asig1,par_cod_asig2,par_cod_asig3 FROM tblaca009 WHERE pensum='5' AND c_uni_ca='3' AND c_asigna='311099' [1][0] OK
C:[07/05/2013 09:06:06.55][186.88.107.202][1566] SELECT horas_lab FROM tblaca008 WHERE c_asigna='311094' AND horas_teoricas > 0 [1][0] OK
C:[07/05/2013 09:06:06.66][186.88.107.202][1600] SELECT sum(u_creditos*1) FROM dace006 a, tblaca009 b WHERE a.exp_e='06-19621310' AND a.lapso='2013-1' AND b.pensum='5' AND b.c_uni_ca='3' AND status IN ('7','A','2') AND a.c_asigna=b.c_asigna  [1][0] OK
C:[07/05/2013 09:06:06.03][186.88.107.202][1619] SELECT sum(u_creditos*1) FROM dace006 a, tblaca009 b WHERE a.exp_e='06-19621310' AND a.lapso='2013-1' AND b.pensum='5' AND b.c_uni_ca='3' AND status IN ('7','A','2') AND a.c_asigna=b.c_asigna AND a.c_asigna IN ('300222','311824','300956','311098','311099') [1][0] OK
C:[07/05/2013 09:06:06.41][186.88.107.202][1635] SELECT MAX(semestre) FROM dace006 a, tblaca009 b WHERE a.exp_e='06-19621310' AND a.lapso='2013-1' AND b.pensum='5' AND b.c_uni_ca='3' AND status IN ('7','A','2') AND a.c_asigna=b.c_asigna  [1][0] OK
C:[07/05/2013 09:06:06.78][186.88.107.202][1655] SELECT MIN(semestre) FROM dace006 a, tblaca009 b WHERE a.exp_e='06-19621310' AND a.lapso='2013-1' AND b.pensum='5' AND b.c_uni_ca='3' AND status IN ('7','A','2') AND a.c_asigna=b.c_asigna AND a.c_asigna IN ('311094') [1][0] OK
C:[07/05/2013 12:43:21.14][190.198.189.207][1392] SELECT pre_cod_asig1,pre_cod_asig2,pre_cod_asig3,pre_cod_asig4,pre_cod_asig5,pre_cod_asig6,pre_cod_asig7 FROM tblaca009 WHERE pensum='5' AND c_uni_ca='6' AND c_asigna='300226' [1][0] OK
C:[07/05/2013 12:43:21.14][190.198.189.207][1405] SELECT c_asigna FROM dace004 WHERE exp_e='11-21247305' AND c_asigna='300116' AND status IN ('0','3','B') [1][0] OK
C:[07/05/2013 12:43:21.14][190.198.189.207][1392] SELECT pre_cod_asig1,pre_cod_asig2,pre_cod_asig3,pre_cod_asig4,pre_cod_asig5,pre_cod_asig6,pre_cod_asig7 FROM tblaca009 WHERE pensum='5' AND c_uni_ca='6' AND c_asigna='300101' [1][0] OK
C:[07/05/2013 12:43:21.52][190.198.189.207][1436] SELECT par_cod_asig1,par_cod_asig2,par_cod_asig3 FROM tblaca009 WHERE pensum='5' AND c_uni_ca='6' AND c_asigna='300226' [1][0] OK
C:[07/05/2013 12:43:21.52][190.198.189.207][1436] SELECT par_cod_asig1,par_cod_asig2,par_cod_asig3 FROM tblaca009 WHERE pensum='5' AND c_uni_ca='6' AND c_asigna='300101' [1][0] OK
C:[07/05/2013 12:43:21.03][190.198.189.207][1600] SELECT sum(u_creditos*1) FROM dace006 a, tblaca009 b WHERE a.exp_e='11-21247305' AND a.lapso='2013-1' AND b.pensum='5' AND b.c_uni_ca='6' AND status IN ('7','A','2') AND a.c_asigna=b.c_asigna  [1][0] OK
C:[07/05/2013 12:43:22.39][190.198.189.207][1619] SELECT sum(u_creditos*1) FROM dace006 a, tblaca009 b WHERE a.exp_e='11-21247305' AND a.lapso='2013-1' AND b.pensum='5' AND b.c_uni_ca='6' AND status IN ('7','A','2') AND a.c_asigna=b.c_asigna AND a.c_asigna IN ('300226','300101') [1][0] OK
C:[07/05/2013 12:43:22.48][190.198.189.207][1635] SELECT MAX(semestre) FROM dace006 a, tblaca009 b WHERE a.exp_e='11-21247305' AND a.lapso='2013-1' AND b.pensum='5' AND b.c_uni_ca='6' AND status IN ('7','A','2') AND a.c_asigna=b.c_asigna  [1][0] OK
C:[07/05/2013 12:45:34.60][186.90.45.74][1392] SELECT pre_cod_asig1,pre_cod_asig2,pre_cod_asig3,pre_cod_asig4,pre_cod_asig5,pre_cod_asig6,pre_cod_asig7 FROM tblaca009 WHERE pensum='5' AND c_uni_ca='2' AND c_asigna='322559' [1][0] OK
C:[07/05/2013 12:45:34.60][186.90.45.74][1405] SELECT c_asigna FROM dace004 WHERE exp_e='10-20804728' AND c_asigna='300428' AND status IN ('0','3','B') [1][0] OK
C:[07/05/2013 12:45:34.60][186.90.45.74][1405] SELECT c_asigna FROM dace004 WHERE exp_e='10-20804728' AND c_asigna='322436' AND status IN ('0','3','B') [1][0] OK
C:[07/05/2013 12:45:34.60][186.90.45.74][1392] SELECT pre_cod_asig1,pre_cod_asig2,pre_cod_asig3,pre_cod_asig4,pre_cod_asig5,pre_cod_asig6,pre_cod_asig7 FROM tblaca009 WHERE pensum='5' AND c_uni_ca='2' AND c_asigna='322550' [1][0] OK
C:[07/05/2013 12:45:34.60][186.90.45.74][1405] SELECT c_asigna FROM dace004 WHERE exp_e='10-20804728' AND c_asigna='322433' AND status IN ('0','3','B') [1][0] OK
C:[07/05/2013 12:45:34.60][186.90.45.74][1392] SELECT pre_cod_asig1,pre_cod_asig2,pre_cod_asig3,pre_cod_asig4,pre_cod_asig5,pre_cod_asig6,pre_cod_asig7 FROM tblaca009 WHERE pensum='5' AND c_uni_ca='2' AND c_asigna='322558' [1][0] OK
C:[07/05/2013 12:45:34.60][186.90.45.74][1405] SELECT c_asigna FROM dace004 WHERE exp_e='10-20804728' AND c_asigna='300428' AND status IN ('0','3','B') [1][0] OK
C:[07/05/2013 12:45:34.60][186.90.45.74][1405] SELECT c_asigna FROM dace004 WHERE exp_e='10-20804728' AND c_asigna='320323' AND status IN ('0','3','B') [1][0] OK
C:[07/05/2013 12:45:34.60][186.90.45.74][1392] SELECT pre_cod_asig1,pre_cod_asig2,pre_cod_asig3,pre_cod_asig4,pre_cod_asig5,pre_cod_asig6,pre_cod_asig7 FROM tblaca009 WHERE pensum='5' AND c_uni_ca='2' AND c_asigna='300677' [1][0] OK
C:[07/05/2013 12:45:34.60][186.90.45.74][1392] SELECT pre_cod_asig1,pre_cod_asig2,pre_cod_asig3,pre_cod_asig4,pre_cod_asig5,pre_cod_asig6,pre_cod_asig7 FROM tblaca009 WHERE pensum='5' AND c_uni_ca='2' AND c_asigna='322681' [1][0] OK
C:[07/05/2013 12:45:34.60][186.90.45.74][1405] SELECT c_asigna FROM dace004 WHERE exp_e='10-20804728' AND c_asigna='320437' AND status IN ('0','3','B') [1][0] OK
C:[07/05/2013 12:45:34.60][186.90.45.74][1405] SELECT c_asigna FROM dace004 WHERE exp_e='10-20804728' AND c_asigna='322449' AND status IN ('0','3','B') [1][0] OK
C:[07/05/2013 12:45:34.60][186.90.45.74][1405] SELECT c_asigna FROM dace004 WHERE exp_e='10-20804728' AND c_asigna='300313' AND status IN ('0','3','B') [1][0] OK
C:[07/05/2013 12:45:34.60][186.90.45.74][1405] SELECT c_asigna FROM dace004 WHERE exp_e='10-20804728' AND c_asigna='300209' AND status IN ('0','3','B') [1][0] OK
C:[07/05/2013 12:45:34.60][186.90.45.74][1405] SELECT c_asigna FROM dace004 WHERE exp_e='10-20804728' AND c_asigna='300226' AND status IN ('0','3','B') [1][0] OK
C:[07/05/2013 12:45:34.60][186.90.45.74][1392] SELECT pre_cod_asig1,pre_cod_asig2,pre_cod_asig3,pre_cod_asig4,pre_cod_asig5,pre_cod_asig6,pre_cod_asig7 FROM tblaca009 WHERE pensum='5' AND c_uni_ca='2' AND c_asigna='322683' [1][0] OK
C:[07/05/2013 12:45:34.60][186.90.45.74][1405] SELECT c_asigna FROM dace004 WHERE exp_e='10-20804728' AND c_asigna='322560' AND status IN ('0','3','B') [1][0] OK
C:[07/05/2013 12:45:35.73][186.90.45.74][1436] SELECT par_cod_asig1,par_cod_asig2,par_cod_asig3 FROM tblaca009 WHERE pensum='5' AND c_uni_ca='2' AND c_asigna='322559' [1][0] OK
C:[07/05/2013 12:45:35.73][186.90.45.74][1436] SELECT par_cod_asig1,par_cod_asig2,par_cod_asig3 FROM tblaca009 WHERE pensum='5' AND c_uni_ca='2' AND c_asigna='322550' [1][0] OK
C:[07/05/2013 12:45:35.73][186.90.45.74][1436] SELECT par_cod_asig1,par_cod_asig2,par_cod_asig3 FROM tblaca009 WHERE pensum='5' AND c_uni_ca='2' AND c_asigna='322558' [1][0] OK
C:[07/05/2013 12:45:35.73][186.90.45.74][1436] SELECT par_cod_asig1,par_cod_asig2,par_cod_asig3 FROM tblaca009 WHERE pensum='5' AND c_uni_ca='2' AND c_asigna='300677' [1][0] OK
C:[07/05/2013 12:45:35.73][186.90.45.74][1436] SELECT par_cod_asig1,par_cod_asig2,par_cod_asig3 FROM tblaca009 WHERE pensum='5' AND c_uni_ca='2' AND c_asigna='322681' [1][0] OK
C:[07/05/2013 12:45:35.73][186.90.45.74][1436] SELECT par_cod_asig1,par_cod_asig2,par_cod_asig3 FROM tblaca009 WHERE pensum='5' AND c_uni_ca='2' AND c_asigna='322683' [1][0] OK
C:[07/05/2013 12:45:35.73][186.90.45.74][1450] SELECT c_asigna FROM dace004 WHERE exp_e='10-20804728' AND c_asigna='322681' AND status IN ('0','3','B','C') [0][0] OK
C:[07/05/2013 12:45:35.30][186.90.45.74][1566] SELECT horas_lab FROM tblaca008 WHERE c_asigna='322559' AND horas_teoricas > 0 [1][0] OK
C:[07/05/2013 12:45:35.41][186.90.45.74][1600] SELECT sum(u_creditos*1) FROM dace006 a, tblaca009 b WHERE a.exp_e='10-20804728' AND a.lapso='2013-1' AND b.pensum='5' AND b.c_uni_ca='2' AND status IN ('7','A','2') AND a.c_asigna=b.c_asigna  [1][0] OK
C:[07/05/2013 12:45:35.35][186.90.45.74][1619] SELECT sum(u_creditos*1) FROM dace006 a, tblaca009 b WHERE a.exp_e='10-20804728' AND a.lapso='2013-1' AND b.pensum='5' AND b.c_uni_ca='2' AND status IN ('7','A','2') AND a.c_asigna=b.c_asigna AND a.c_asigna IN ('322550','322558','300677','322681','322683') [1][0] OK
C:[07/05/2013 12:45:35.29][186.90.45.74][1635] SELECT MAX(semestre) FROM dace006 a, tblaca009 b WHERE a.exp_e='10-20804728' AND a.lapso='2013-1' AND b.pensum='5' AND b.c_uni_ca='2' AND status IN ('7','A','2') AND a.c_asigna=b.c_asigna  [1][0] OK
C:[07/05/2013 12:45:36.22][186.90.45.74][1655] SELECT MIN(semestre) FROM dace006 a, tblaca009 b WHERE a.exp_e='10-20804728' AND a.lapso='2013-1' AND b.pensum='5' AND b.c_uni_ca='2' AND status IN ('7','A','2') AND a.c_asigna=b.c_asigna AND a.c_asigna IN ('322559') [1][0] OK
C:[07/05/2013 12:55:08.17][186.90.45.74][1392] SELECT pre_cod_asig1,pre_cod_asig2,pre_cod_asig3,pre_cod_asig4,pre_cod_asig5,pre_cod_asig6,pre_cod_asig7 FROM tblaca009 WHERE pensum='5' AND c_uni_ca='2' AND c_asigna='322550' [1][0] OK
C:[07/05/2013 12:55:08.17][186.90.45.74][1405] SELECT c_asigna FROM dace004 WHERE exp_e='10-20804728' AND c_asigna='322433' AND status IN ('0','3','B') [1][0] OK
C:[07/05/2013 12:55:08.17][186.90.45.74][1392] SELECT pre_cod_asig1,pre_cod_asig2,pre_cod_asig3,pre_cod_asig4,pre_cod_asig5,pre_cod_asig6,pre_cod_asig7 FROM tblaca009 WHERE pensum='5' AND c_uni_ca='2' AND c_asigna='322558' [1][0] OK
C:[07/05/2013 12:55:08.17][186.90.45.74][1405] SELECT c_asigna FROM dace004 WHERE exp_e='10-20804728' AND c_asigna='300428' AND status IN ('0','3','B') [1][0] OK
C:[07/05/2013 12:55:08.17][186.90.45.74][1405] SELECT c_asigna FROM dace004 WHERE exp_e='10-20804728' AND c_asigna='320323' AND status IN ('0','3','B') [1][0] OK
C:[07/05/2013 12:55:08.17][186.90.45.74][1392] SELECT pre_cod_asig1,pre_cod_asig2,pre_cod_asig3,pre_cod_asig4,pre_cod_asig5,pre_cod_asig6,pre_cod_asig7 FROM tblaca009 WHERE pensum='5' AND c_uni_ca='2' AND c_asigna='300677' [1][0] OK
C:[07/05/2013 12:55:08.17][186.90.45.74][1392] SELECT pre_cod_asig1,pre_cod_asig2,pre_cod_asig3,pre_cod_asig4,pre_cod_asig5,pre_cod_asig6,pre_cod_asig7 FROM tblaca009 WHERE pensum='5' AND c_uni_ca='2' AND c_asigna='322681' [1][0] OK
C:[07/05/2013 12:55:08.17][186.90.45.74][1405] SELECT c_asigna FROM dace004 WHERE exp_e='10-20804728' AND c_asigna='320437' AND status IN ('0','3','B') [1][0] OK
C:[07/05/2013 12:55:08.17][186.90.45.74][1405] SELECT c_asigna FROM dace004 WHERE exp_e='10-20804728' AND c_asigna='322449' AND status IN ('0','3','B') [1][0] OK
C:[07/05/2013 12:55:08.17][186.90.45.74][1405] SELECT c_asigna FROM dace004 WHERE exp_e='10-20804728' AND c_asigna='300313' AND status IN ('0','3','B') [1][0] OK
C:[07/05/2013 12:55:08.17][186.90.45.74][1405] SELECT c_asigna FROM dace004 WHERE exp_e='10-20804728' AND c_asigna='300209' AND status IN ('0','3','B') [1][0] OK
C:[07/05/2013 12:55:08.17][186.90.45.74][1405] SELECT c_asigna FROM dace004 WHERE exp_e='10-20804728' AND c_asigna='300226' AND status IN ('0','3','B') [1][0] OK
C:[07/05/2013 12:55:08.17][186.90.45.74][1392] SELECT pre_cod_asig1,pre_cod_asig2,pre_cod_asig3,pre_cod_asig4,pre_cod_asig5,pre_cod_asig6,pre_cod_asig7 FROM tblaca009 WHERE pensum='5' AND c_uni_ca='2' AND c_asigna='322683' [1][0] OK
C:[07/05/2013 12:55:08.17][186.90.45.74][1405] SELECT c_asigna FROM dace004 WHERE exp_e='10-20804728' AND c_asigna='322560' AND status IN ('0','3','B') [1][0] OK
C:[07/05/2013 12:55:09.92][186.90.45.74][1436] SELECT par_cod_asig1,par_cod_asig2,par_cod_asig3 FROM tblaca009 WHERE pensum='5' AND c_uni_ca='2' AND c_asigna='322550' [1][0] OK
C:[07/05/2013 12:55:09.92][186.90.45.74][1436] SELECT par_cod_asig1,par_cod_asig2,par_cod_asig3 FROM tblaca009 WHERE pensum='5' AND c_uni_ca='2' AND c_asigna='322558' [1][0] OK
C:[07/05/2013 12:55:09.92][186.90.45.74][1436] SELECT par_cod_asig1,par_cod_asig2,par_cod_asig3 FROM tblaca009 WHERE pensum='5' AND c_uni_ca='2' AND c_asigna='300677' [1][0] OK
C:[07/05/2013 12:55:09.92][186.90.45.74][1436] SELECT par_cod_asig1,par_cod_asig2,par_cod_asig3 FROM tblaca009 WHERE pensum='5' AND c_uni_ca='2' AND c_asigna='322681' [1][0] OK
C:[07/05/2013 12:55:09.92][186.90.45.74][1436] SELECT par_cod_asig1,par_cod_asig2,par_cod_asig3 FROM tblaca009 WHERE pensum='5' AND c_uni_ca='2' AND c_asigna='322683' [1][0] OK
C:[07/05/2013 12:55:09.92][186.90.45.74][1450] SELECT c_asigna FROM dace004 WHERE exp_e='10-20804728' AND c_asigna='322681' AND status IN ('0','3','B','C') [0][0] OK
C:[07/05/2013 12:55:09.69][186.90.45.74][1600] SELECT sum(u_creditos*1) FROM dace006 a, tblaca009 b WHERE a.exp_e='10-20804728' AND a.lapso='2013-1' AND b.pensum='5' AND b.c_uni_ca='2' AND status IN ('7','A','2') AND a.c_asigna=b.c_asigna  [1][0] OK
C:[07/05/2013 12:55:09.04][186.90.45.74][1619] SELECT sum(u_creditos*1) FROM dace006 a, tblaca009 b WHERE a.exp_e='10-20804728' AND a.lapso='2013-1' AND b.pensum='5' AND b.c_uni_ca='2' AND status IN ('7','A','2') AND a.c_asigna=b.c_asigna AND a.c_asigna IN ('322550','322558','300677','322681','322683') [1][0] OK
C:[07/05/2013 12:55:09.98][186.90.45.74][1635] SELECT MAX(semestre) FROM dace006 a, tblaca009 b WHERE a.exp_e='10-20804728' AND a.lapso='2013-1' AND b.pensum='5' AND b.c_uni_ca='2' AND status IN ('7','A','2') AND a.c_asigna=b.c_asigna  [1][0] OK
C:[07/05/2013 12:56:27.72][186.90.45.74][1392] SELECT pre_cod_asig1,pre_cod_asig2,pre_cod_asig3,pre_cod_asig4,pre_cod_asig5,pre_cod_asig6,pre_cod_asig7 FROM tblaca009 WHERE pensum='5' AND c_uni_ca='2' AND c_asigna='322550' [1][0] OK
C:[07/05/2013 12:56:27.72][186.90.45.74][1405] SELECT c_asigna FROM dace004 WHERE exp_e='10-20804728' AND c_asigna='322433' AND status IN ('0','3','B') [1][0] OK
C:[07/05/2013 12:56:27.72][186.90.45.74][1392] SELECT pre_cod_asig1,pre_cod_asig2,pre_cod_asig3,pre_cod_asig4,pre_cod_asig5,pre_cod_asig6,pre_cod_asig7 FROM tblaca009 WHERE pensum='5' AND c_uni_ca='2' AND c_asigna='322558' [1][0] OK
C:[07/05/2013 12:56:27.72][186.90.45.74][1405] SELECT c_asigna FROM dace004 WHERE exp_e='10-20804728' AND c_asigna='300428' AND status IN ('0','3','B') [1][0] OK
C:[07/05/2013 12:56:27.72][186.90.45.74][1405] SELECT c_asigna FROM dace004 WHERE exp_e='10-20804728' AND c_asigna='320323' AND status IN ('0','3','B') [1][0] OK
C:[07/05/2013 12:56:27.72][186.90.45.74][1392] SELECT pre_cod_asig1,pre_cod_asig2,pre_cod_asig3,pre_cod_asig4,pre_cod_asig5,pre_cod_asig6,pre_cod_asig7 FROM tblaca009 WHERE pensum='5' AND c_uni_ca='2' AND c_asigna='300677' [1][0] OK
C:[07/05/2013 12:56:27.72][186.90.45.74][1392] SELECT pre_cod_asig1,pre_cod_asig2,pre_cod_asig3,pre_cod_asig4,pre_cod_asig5,pre_cod_asig6,pre_cod_asig7 FROM tblaca009 WHERE pensum='5' AND c_uni_ca='2' AND c_asigna='322681' [1][0] OK
C:[07/05/2013 12:56:27.72][186.90.45.74][1405] SELECT c_asigna FROM dace004 WHERE exp_e='10-20804728' AND c_asigna='320437' AND status IN ('0','3','B') [1][0] OK
C:[07/05/2013 12:56:27.72][186.90.45.74][1405] SELECT c_asigna FROM dace004 WHERE exp_e='10-20804728' AND c_asigna='322449' AND status IN ('0','3','B') [1][0] OK
C:[07/05/2013 12:56:27.72][186.90.45.74][1405] SELECT c_asigna FROM dace004 WHERE exp_e='10-20804728' AND c_asigna='300313' AND status IN ('0','3','B') [1][0] OK
C:[07/05/2013 12:56:27.72][186.90.45.74][1405] SELECT c_asigna FROM dace004 WHERE exp_e='10-20804728' AND c_asigna='300209' AND status IN ('0','3','B') [1][0] OK
C:[07/05/2013 12:56:27.72][186.90.45.74][1405] SELECT c_asigna FROM dace004 WHERE exp_e='10-20804728' AND c_asigna='300226' AND status IN ('0','3','B') [1][0] OK
C:[07/05/2013 12:56:27.72][186.90.45.74][1392] SELECT pre_cod_asig1,pre_cod_asig2,pre_cod_asig3,pre_cod_asig4,pre_cod_asig5,pre_cod_asig6,pre_cod_asig7 FROM tblaca009 WHERE pensum='5' AND c_uni_ca='2' AND c_asigna='322683' [1][0] OK
C:[07/05/2013 12:56:27.72][186.90.45.74][1405] SELECT c_asigna FROM dace004 WHERE exp_e='10-20804728' AND c_asigna='322560' AND status IN ('0','3','B') [1][0] OK
C:[07/05/2013 12:56:28.46][186.90.45.74][1436] SELECT par_cod_asig1,par_cod_asig2,par_cod_asig3 FROM tblaca009 WHERE pensum='5' AND c_uni_ca='2' AND c_asigna='322550' [1][0] OK
C:[07/05/2013 12:56:28.46][186.90.45.74][1436] SELECT par_cod_asig1,par_cod_asig2,par_cod_asig3 FROM tblaca009 WHERE pensum='5' AND c_uni_ca='2' AND c_asigna='322558' [1][0] OK
C:[07/05/2013 12:56:28.46][186.90.45.74][1436] SELECT par_cod_asig1,par_cod_asig2,par_cod_asig3 FROM tblaca009 WHERE pensum='5' AND c_uni_ca='2' AND c_asigna='300677' [1][0] OK
C:[07/05/2013 12:56:28.46][186.90.45.74][1436] SELECT par_cod_asig1,par_cod_asig2,par_cod_asig3 FROM tblaca009 WHERE pensum='5' AND c_uni_ca='2' AND c_asigna='322681' [1][0] OK
C:[07/05/2013 12:56:28.46][186.90.45.74][1436] SELECT par_cod_asig1,par_cod_asig2,par_cod_asig3 FROM tblaca009 WHERE pensum='5' AND c_uni_ca='2' AND c_asigna='322683' [1][0] OK
C:[07/05/2013 12:56:28.46][186.90.45.74][1450] SELECT c_asigna FROM dace004 WHERE exp_e='10-20804728' AND c_asigna='322681' AND status IN ('0','3','B','C') [0][0] OK
C:[07/05/2013 12:56:28.23][186.90.45.74][1600] SELECT sum(u_creditos*1) FROM dace006 a, tblaca009 b WHERE a.exp_e='10-20804728' AND a.lapso='2013-1' AND b.pensum='5' AND b.c_uni_ca='2' AND status IN ('7','A','2') AND a.c_asigna=b.c_asigna  [1][0] OK
C:[07/05/2013 12:56:28.59][186.90.45.74][1619] SELECT sum(u_creditos*1) FROM dace006 a, tblaca009 b WHERE a.exp_e='10-20804728' AND a.lapso='2013-1' AND b.pensum='5' AND b.c_uni_ca='2' AND status IN ('7','A','2') AND a.c_asigna=b.c_asigna AND a.c_asigna IN ('322550','322558','300677','322681','322683') [1][0] OK
C:[07/05/2013 12:56:28.52][186.90.45.74][1635] SELECT MAX(semestre) FROM dace006 a, tblaca009 b WHERE a.exp_e='10-20804728' AND a.lapso='2013-1' AND b.pensum='5' AND b.c_uni_ca='2' AND status IN ('7','A','2') AND a.c_asigna=b.c_asigna  [1][0] OK
C:[07/05/2013 12:57:13.76][190.198.189.207][1392] SELECT pre_cod_asig1,pre_cod_asig2,pre_cod_asig3,pre_cod_asig4,pre_cod_asig5,pre_cod_asig6,pre_cod_asig7 FROM tblaca009 WHERE pensum='5' AND c_uni_ca='6' AND c_asigna='300226' [1][0] OK
C:[07/05/2013 12:57:13.76][190.198.189.207][1405] SELECT c_asigna FROM dace004 WHERE exp_e='11-21247305' AND c_asigna='300116' AND status IN ('0','3','B') [1][0] OK
C:[07/05/2013 12:57:13.76][190.198.189.207][1392] SELECT pre_cod_asig1,pre_cod_asig2,pre_cod_asig3,pre_cod_asig4,pre_cod_asig5,pre_cod_asig6,pre_cod_asig7 FROM tblaca009 WHERE pensum='5' AND c_uni_ca='6' AND c_asigna='300101' [1][0] OK
C:[07/05/2013 12:57:13.14][190.198.189.207][1436] SELECT par_cod_asig1,par_cod_asig2,par_cod_asig3 FROM tblaca009 WHERE pensum='5' AND c_uni_ca='6' AND c_asigna='300226' [1][0] OK
C:[07/05/2013 12:57:13.14][190.198.189.207][1436] SELECT par_cod_asig1,par_cod_asig2,par_cod_asig3 FROM tblaca009 WHERE pensum='5' AND c_uni_ca='6' AND c_asigna='300101' [1][0] OK
C:[07/05/2013 12:57:13.41][190.198.189.207][1600] SELECT sum(u_creditos*1) FROM dace006 a, tblaca009 b WHERE a.exp_e='11-21247305' AND a.lapso='2013-1' AND b.pensum='5' AND b.c_uni_ca='6' AND status IN ('7','A','2') AND a.c_asigna=b.c_asigna  [1][0] OK
C:[07/05/2013 12:57:13.76][190.198.189.207][1619] SELECT sum(u_creditos*1) FROM dace006 a, tblaca009 b WHERE a.exp_e='11-21247305' AND a.lapso='2013-1' AND b.pensum='5' AND b.c_uni_ca='6' AND status IN ('7','A','2') AND a.c_asigna=b.c_asigna AND a.c_asigna IN ('300226','300101') [1][0] OK
C:[07/05/2013 12:57:13.14][190.198.189.207][1635] SELECT MAX(semestre) FROM dace006 a, tblaca009 b WHERE a.exp_e='11-21247305' AND a.lapso='2013-1' AND b.pensum='5' AND b.c_uni_ca='6' AND status IN ('7','A','2') AND a.c_asigna=b.c_asigna  [1][0] OK
C:[07/05/2013 13:28:28.26][190.75.169.214][1392] SELECT pre_cod_asig1,pre_cod_asig2,pre_cod_asig3,pre_cod_asig4,pre_cod_asig5,pre_cod_asig6,pre_cod_asig7 FROM tblaca009 WHERE pensum='5' AND c_uni_ca='6' AND c_asigna='344733' [1][0] OK
C:[07/05/2013 13:28:28.26][190.75.169.214][1392] SELECT pre_cod_asig1,pre_cod_asig2,pre_cod_asig3,pre_cod_asig4,pre_cod_asig5,pre_cod_asig6,pre_cod_asig7 FROM tblaca009 WHERE pensum='5' AND c_uni_ca='6' AND c_asigna='342679' [1][0] OK
C:[07/05/2013 13:28:28.26][190.75.169.214][1405] SELECT c_asigna FROM dace004 WHERE exp_e='08-20503880' AND c_asigna='342567' AND status IN ('0','3','B') [1][0] OK
C:[07/05/2013 13:28:28.26][190.75.169.214][1392] SELECT pre_cod_asig1,pre_cod_asig2,pre_cod_asig3,pre_cod_asig4,pre_cod_asig5,pre_cod_asig6,pre_cod_asig7 FROM tblaca009 WHERE pensum='5' AND c_uni_ca='6' AND c_asigna='344613' [1][0] OK
C:[07/05/2013 13:28:28.26][190.75.169.214][1405] SELECT c_asigna FROM dace004 WHERE exp_e='08-20503880' AND c_asigna='344566' AND status IN ('0','3','B') [1][0] OK
C:[07/05/2013 13:28:28.26][190.75.169.214][1405] SELECT c_asigna FROM dace004 WHERE exp_e='08-20503880' AND c_asigna='300209' AND status IN ('0','3','B') [1][0] OK
C:[07/05/2013 13:28:28.26][190.75.169.214][1405] SELECT c_asigna FROM dace004 WHERE exp_e='08-20503880' AND c_asigna='300222' AND status IN ('0','3','B') [1][0] OK
C:[07/05/2013 13:28:28.26][190.75.169.214][1405] SELECT c_asigna FROM dace004 WHERE exp_e='08-20503880' AND c_asigna='300226' AND status IN ('0','3','B') [1][0] OK
C:[07/05/2013 13:28:28.26][190.75.169.214][1405] SELECT c_asigna FROM dace004 WHERE exp_e='08-20503880' AND c_asigna='300313' AND status IN ('0','3','B') [1][0] OK
C:[07/05/2013 13:28:28.26][190.75.169.214][1405] SELECT c_asigna FROM dace004 WHERE exp_e='08-20503880' AND c_asigna='300428' AND status IN ('0','3','B') [1][0] OK
C:[07/05/2013 13:28:28.26][190.75.169.214][1405] SELECT c_asigna FROM dace004 WHERE exp_e='08-20503880' AND c_asigna='300317' AND status IN ('0','3','B') [1][0] OK
C:[07/05/2013 13:28:28.26][190.75.169.214][1392] SELECT pre_cod_asig1,pre_cod_asig2,pre_cod_asig3,pre_cod_asig4,pre_cod_asig5,pre_cod_asig6,pre_cod_asig7 FROM tblaca009 WHERE pensum='5' AND c_uni_ca='6' AND c_asigna='344687' [1][0] OK
C:[07/05/2013 13:28:28.26][190.75.169.214][1405] SELECT c_asigna FROM dace004 WHERE exp_e='08-20503880' AND c_asigna='344565' AND status IN ('0','3','B') [1][0] OK
C:[07/05/2013 13:28:28.26][190.75.169.214][1392] SELECT pre_cod_asig1,pre_cod_asig2,pre_cod_asig3,pre_cod_asig4,pre_cod_asig5,pre_cod_asig6,pre_cod_asig7 FROM tblaca009 WHERE pensum='5' AND c_uni_ca='6' AND c_asigna='344688' [1][0] OK
C:[07/05/2013 13:28:28.26][190.75.169.214][1405] SELECT c_asigna FROM dace004 WHERE exp_e='08-20503880' AND c_asigna='342567' AND status IN ('0','3','B') [1][0] OK
C:[07/05/2013 13:28:28.26][190.75.169.214][1405] SELECT c_asigna FROM dace004 WHERE exp_e='08-20503880' AND c_asigna='344565' AND status IN ('0','3','B') [1][0] OK
C:[07/05/2013 13:28:28.26][190.75.169.214][1392] SELECT pre_cod_asig1,pre_cod_asig2,pre_cod_asig3,pre_cod_asig4,pre_cod_asig5,pre_cod_asig6,pre_cod_asig7 FROM tblaca009 WHERE pensum='5' AND c_uni_ca='6' AND c_asigna='344689' [1][0] OK
C:[07/05/2013 13:28:28.26][190.75.169.214][1405] SELECT c_asigna FROM dace004 WHERE exp_e='08-20503880' AND c_asigna='344566' AND status IN ('0','3','B') [1][0] OK
C:[07/05/2013 13:28:28.26][190.75.169.214][1405] SELECT c_asigna FROM dace004 WHERE exp_e='08-20503880' AND c_asigna='300313' AND status IN ('0','3','B') [1][0] OK
C:[07/05/2013 13:28:28.63][190.75.169.214][1436] SELECT par_cod_asig1,par_cod_asig2,par_cod_asig3 FROM tblaca009 WHERE pensum='5' AND c_uni_ca='6' AND c_asigna='344733' [1][0] OK
C:[07/05/2013 13:28:28.63][190.75.169.214][1436] SELECT par_cod_asig1,par_cod_asig2,par_cod_asig3 FROM tblaca009 WHERE pensum='5' AND c_uni_ca='6' AND c_asigna='342679' [1][0] OK
C:[07/05/2013 13:28:28.63][190.75.169.214][1436] SELECT par_cod_asig1,par_cod_asig2,par_cod_asig3 FROM tblaca009 WHERE pensum='5' AND c_uni_ca='6' AND c_asigna='344613' [1][0] OK
C:[07/05/2013 13:28:28.63][190.75.169.214][1436] SELECT par_cod_asig1,par_cod_asig2,par_cod_asig3 FROM tblaca009 WHERE pensum='5' AND c_uni_ca='6' AND c_asigna='344687' [1][0] OK
C:[07/05/2013 13:28:28.63][190.75.169.214][1436] SELECT par_cod_asig1,par_cod_asig2,par_cod_asig3 FROM tblaca009 WHERE pensum='5' AND c_uni_ca='6' AND c_asigna='344688' [1][0] OK
C:[07/05/2013 13:28:28.63][190.75.169.214][1436] SELECT par_cod_asig1,par_cod_asig2,par_cod_asig3 FROM tblaca009 WHERE pensum='5' AND c_uni_ca='6' AND c_asigna='344689' [1][0] OK
C:[07/05/2013 13:28:28.40][190.75.169.214][1566] SELECT horas_lab FROM tblaca008 WHERE c_asigna='344733' AND horas_teoricas > 0 [1][0] OK
C:[07/05/2013 13:28:29.51][190.75.169.214][1600] SELECT sum(u_creditos*1) FROM dace006 a, tblaca009 b WHERE a.exp_e='08-20503880' AND a.lapso='2013-1' AND b.pensum='5' AND b.c_uni_ca='6' AND status IN ('7','A','2') AND a.c_asigna=b.c_asigna  [1][0] OK
C:[07/05/2013 13:28:29.89][190.75.169.214][1619] SELECT sum(u_creditos*1) FROM dace006 a, tblaca009 b WHERE a.exp_e='08-20503880' AND a.lapso='2013-1' AND b.pensum='5' AND b.c_uni_ca='6' AND status IN ('7','A','2') AND a.c_asigna=b.c_asigna AND a.c_asigna IN ('342679','344613','344687','344688','344689') [1][0] OK
C:[07/05/2013 13:28:29.26][190.75.169.214][1635] SELECT MAX(semestre) FROM dace006 a, tblaca009 b WHERE a.exp_e='08-20503880' AND a.lapso='2013-1' AND b.pensum='5' AND b.c_uni_ca='6' AND status IN ('7','A','2') AND a.c_asigna=b.c_asigna  [1][0] OK
C:[07/05/2013 13:28:29.63][190.75.169.214][1655] SELECT MIN(semestre) FROM dace006 a, tblaca009 b WHERE a.exp_e='08-20503880' AND a.lapso='2013-1' AND b.pensum='5' AND b.c_uni_ca='6' AND status IN ('7','A','2') AND a.c_asigna=b.c_asigna AND a.c_asigna IN ('344733') [1][0] OK
C:[07/05/2013 13:40:13.62][190.75.169.214][1392] SELECT pre_cod_asig1,pre_cod_asig2,pre_cod_asig3,pre_cod_asig4,pre_cod_asig5,pre_cod_asig6,pre_cod_asig7 FROM tblaca009 WHERE pensum='5' AND c_uni_ca='6' AND c_asigna='344733' [1][0] OK
C:[07/05/2013 13:40:13.62][190.75.169.214][1392] SELECT pre_cod_asig1,pre_cod_asig2,pre_cod_asig3,pre_cod_asig4,pre_cod_asig5,pre_cod_asig6,pre_cod_asig7 FROM tblaca009 WHERE pensum='5' AND c_uni_ca='6' AND c_asigna='342679' [1][0] OK
C:[07/05/2013 13:40:13.62][190.75.169.214][1405] SELECT c_asigna FROM dace004 WHERE exp_e='04-17750191' AND c_asigna='342567' AND status IN ('0','3','B') [1][0] OK
C:[07/05/2013 13:40:13.62][190.75.169.214][1392] SELECT pre_cod_asig1,pre_cod_asig2,pre_cod_asig3,pre_cod_asig4,pre_cod_asig5,pre_cod_asig6,pre_cod_asig7 FROM tblaca009 WHERE pensum='5' AND c_uni_ca='6' AND c_asigna='344613' [1][0] OK
C:[07/05/2013 13:40:13.62][190.75.169.214][1405] SELECT c_asigna FROM dace004 WHERE exp_e='04-17750191' AND c_asigna='344566' AND status IN ('0','3','B') [1][0] OK
C:[07/05/2013 13:40:13.62][190.75.169.214][1405] SELECT c_asigna FROM dace004 WHERE exp_e='04-17750191' AND c_asigna='300209' AND status IN ('0','3','B') [1][0] OK
C:[07/05/2013 13:40:13.62][190.75.169.214][1405] SELECT c_asigna FROM dace004 WHERE exp_e='04-17750191' AND c_asigna='300222' AND status IN ('0','3','B') [1][0] OK
C:[07/05/2013 13:40:13.62][190.75.169.214][1405] SELECT c_asigna FROM dace004 WHERE exp_e='04-17750191' AND c_asigna='300226' AND status IN ('0','3','B') [1][0] OK
C:[07/05/2013 13:40:13.62][190.75.169.214][1405] SELECT c_asigna FROM dace004 WHERE exp_e='04-17750191' AND c_asigna='300313' AND status IN ('0','3','B') [1][0] OK
C:[07/05/2013 13:40:13.62][190.75.169.214][1405] SELECT c_asigna FROM dace004 WHERE exp_e='04-17750191' AND c_asigna='300428' AND status IN ('0','3','B') [1][0] OK
C:[07/05/2013 13:40:13.62][190.75.169.214][1405] SELECT c_asigna FROM dace004 WHERE exp_e='04-17750191' AND c_asigna='300317' AND status IN ('0','3','B') [1][0] OK
C:[07/05/2013 13:40:13.62][190.75.169.214][1392] SELECT pre_cod_asig1,pre_cod_asig2,pre_cod_asig3,pre_cod_asig4,pre_cod_asig5,pre_cod_asig6,pre_cod_asig7 FROM tblaca009 WHERE pensum='5' AND c_uni_ca='6' AND c_asigna='344687' [1][0] OK
C:[07/05/2013 13:40:13.62][190.75.169.214][1405] SELECT c_asigna FROM dace004 WHERE exp_e='04-17750191' AND c_asigna='344565' AND status IN ('0','3','B') [1][0] OK
C:[07/05/2013 13:40:13.62][190.75.169.214][1392] SELECT pre_cod_asig1,pre_cod_asig2,pre_cod_asig3,pre_cod_asig4,pre_cod_asig5,pre_cod_asig6,pre_cod_asig7 FROM tblaca009 WHERE pensum='5' AND c_uni_ca='6' AND c_asigna='344688' [1][0] OK
C:[07/05/2013 13:40:13.62][190.75.169.214][1405] SELECT c_asigna FROM dace004 WHERE exp_e='04-17750191' AND c_asigna='342567' AND status IN ('0','3','B') [1][0] OK
C:[07/05/2013 13:40:13.62][190.75.169.214][1405] SELECT c_asigna FROM dace004 WHERE exp_e='04-17750191' AND c_asigna='344565' AND status IN ('0','3','B') [1][0] OK
C:[07/05/2013 13:40:13.62][190.75.169.214][1392] SELECT pre_cod_asig1,pre_cod_asig2,pre_cod_asig3,pre_cod_asig4,pre_cod_asig5,pre_cod_asig6,pre_cod_asig7 FROM tblaca009 WHERE pensum='5' AND c_uni_ca='6' AND c_asigna='344689' [1][0] OK
C:[07/05/2013 13:40:13.62][190.75.169.214][1405] SELECT c_asigna FROM dace004 WHERE exp_e='04-17750191' AND c_asigna='344566' AND status IN ('0','3','B') [1][0] OK
C:[07/05/2013 13:40:13.62][190.75.169.214][1405] SELECT c_asigna FROM dace004 WHERE exp_e='04-17750191' AND c_asigna='300313' AND status IN ('0','3','B') [1][0] OK
C:[07/05/2013 13:40:13.84][190.75.169.214][1436] SELECT par_cod_asig1,par_cod_asig2,par_cod_asig3 FROM tblaca009 WHERE pensum='5' AND c_uni_ca='6' AND c_asigna='344733' [1][0] OK
C:[07/05/2013 13:40:13.84][190.75.169.214][1436] SELECT par_cod_asig1,par_cod_asig2,par_cod_asig3 FROM tblaca009 WHERE pensum='5' AND c_uni_ca='6' AND c_asigna='342679' [1][0] OK
C:[07/05/2013 13:40:13.84][190.75.169.214][1436] SELECT par_cod_asig1,par_cod_asig2,par_cod_asig3 FROM tblaca009 WHERE pensum='5' AND c_uni_ca='6' AND c_asigna='344613' [1][0] OK
C:[07/05/2013 13:40:13.84][190.75.169.214][1436] SELECT par_cod_asig1,par_cod_asig2,par_cod_asig3 FROM tblaca009 WHERE pensum='5' AND c_uni_ca='6' AND c_asigna='344687' [1][0] OK
C:[07/05/2013 13:40:13.84][190.75.169.214][1436] SELECT par_cod_asig1,par_cod_asig2,par_cod_asig3 FROM tblaca009 WHERE pensum='5' AND c_uni_ca='6' AND c_asigna='344688' [1][0] OK
C:[07/05/2013 13:40:13.84][190.75.169.214][1436] SELECT par_cod_asig1,par_cod_asig2,par_cod_asig3 FROM tblaca009 WHERE pensum='5' AND c_uni_ca='6' AND c_asigna='344689' [1][0] OK
C:[07/05/2013 13:40:13.41][190.75.169.214][1566] SELECT horas_lab FROM tblaca008 WHERE c_asigna='344733' AND horas_teoricas > 0 [1][0] OK
C:[07/05/2013 13:40:13.52][190.75.169.214][1600] SELECT sum(u_creditos*1) FROM dace006 a, tblaca009 b WHERE a.exp_e='04-17750191' AND a.lapso='2013-1' AND b.pensum='5' AND b.c_uni_ca='6' AND status IN ('7','A','2') AND a.c_asigna=b.c_asigna  [1][0] OK
C:[07/05/2013 13:40:14.89][190.75.169.214][1619] SELECT sum(u_creditos*1) FROM dace006 a, tblaca009 b WHERE a.exp_e='04-17750191' AND a.lapso='2013-1' AND b.pensum='5' AND b.c_uni_ca='6' AND status IN ('7','A','2') AND a.c_asigna=b.c_asigna AND a.c_asigna IN ('342679','344613','344687','344688','344689') [1][0] OK
C:[07/05/2013 13:40:14.83][190.75.169.214][1635] SELECT MAX(semestre) FROM dace006 a, tblaca009 b WHERE a.exp_e='04-17750191' AND a.lapso='2013-1' AND b.pensum='5' AND b.c_uni_ca='6' AND status IN ('7','A','2') AND a.c_asigna=b.c_asigna  [1][0] OK
C:[07/05/2013 13:40:14.21][190.75.169.214][1655] SELECT MIN(semestre) FROM dace006 a, tblaca009 b WHERE a.exp_e='04-17750191' AND a.lapso='2013-1' AND b.pensum='5' AND b.c_uni_ca='6' AND status IN ('7','A','2') AND a.c_asigna=b.c_asigna AND a.c_asigna IN ('344733') [1][0] OK
C:[07/05/2013 14:15:49.50][186.90.190.125][1392] SELECT pre_cod_asig1,pre_cod_asig2,pre_cod_asig3,pre_cod_asig4,pre_cod_asig5,pre_cod_asig6,pre_cod_asig7 FROM tblaca009 WHERE pensum='5' AND c_uni_ca='5' AND c_asigna='300222' [1][0] OK
C:[07/05/2013 14:15:49.50][186.90.190.125][1405] SELECT c_asigna FROM dace004 WHERE exp_e='12-25694208' AND c_asigna='300112' AND status IN ('0','3','B') [1][0] OK
C:[07/05/2013 14:15:49.50][186.90.190.125][1392] SELECT pre_cod_asig1,pre_cod_asig2,pre_cod_asig3,pre_cod_asig4,pre_cod_asig5,pre_cod_asig6,pre_cod_asig7 FROM tblaca009 WHERE pensum='5' AND c_uni_ca='5' AND c_asigna='300207' [1][0] OK
C:[07/05/2013 14:15:49.50][186.90.190.125][1405] SELECT c_asigna FROM dace004 WHERE exp_e='12-25694208' AND c_asigna='300101' AND status IN ('0','3','B') [1][0] OK
C:[07/05/2013 14:15:49.50][186.90.190.125][1392] SELECT pre_cod_asig1,pre_cod_asig2,pre_cod_asig3,pre_cod_asig4,pre_cod_asig5,pre_cod_asig6,pre_cod_asig7 FROM tblaca009 WHERE pensum='5' AND c_uni_ca='5' AND c_asigna='300209' [1][0] OK
C:[07/05/2013 14:15:49.50][186.90.190.125][1405] SELECT c_asigna FROM dace004 WHERE exp_e='12-25694208' AND c_asigna='300101' AND status IN ('0','3','B') [1][0] OK
C:[07/05/2013 14:15:49.50][186.90.190.125][1392] SELECT pre_cod_asig1,pre_cod_asig2,pre_cod_asig3,pre_cod_asig4,pre_cod_asig5,pre_cod_asig6,pre_cod_asig7 FROM tblaca009 WHERE pensum='5' AND c_uni_ca='5' AND c_asigna='300213' [1][0] OK
C:[07/05/2013 14:15:49.50][186.90.190.125][1405] SELECT c_asigna FROM dace004 WHERE exp_e='12-25694208' AND c_asigna='300101' AND status IN ('0','3','B') [1][0] OK
C:[07/05/2013 14:15:49.50][186.90.190.125][1392] SELECT pre_cod_asig1,pre_cod_asig2,pre_cod_asig3,pre_cod_asig4,pre_cod_asig5,pre_cod_asig6,pre_cod_asig7 FROM tblaca009 WHERE pensum='5' AND c_uni_ca='5' AND c_asigna='300218' [1][0] OK
C:[07/05/2013 14:15:49.50][186.90.190.125][1405] SELECT c_asigna FROM dace004 WHERE exp_e='12-25694208' AND c_asigna='300101' AND status IN ('0','3','B') [1][0] OK
C:[07/05/2013 14:15:49.50][186.90.190.125][1392] SELECT pre_cod_asig1,pre_cod_asig2,pre_cod_asig3,pre_cod_asig4,pre_cod_asig5,pre_cod_asig6,pre_cod_asig7 FROM tblaca009 WHERE pensum='5' AND c_uni_ca='5' AND c_asigna='300228' [1][0] OK
C:[07/05/2013 14:15:49.50][186.90.190.125][1405] SELECT c_asigna FROM dace004 WHERE exp_e='12-25694208' AND c_asigna='300101' AND status IN ('0','3','B') [1][0] OK
C:[07/05/2013 14:15:50.25][186.90.190.125][1436] SELECT par_cod_asig1,par_cod_asig2,par_cod_asig3 FROM tblaca009 WHERE pensum='5' AND c_uni_ca='5' AND c_asigna='300222' [1][0] OK
C:[07/05/2013 14:15:50.25][186.90.190.125][1436] SELECT par_cod_asig1,par_cod_asig2,par_cod_asig3 FROM tblaca009 WHERE pensum='5' AND c_uni_ca='5' AND c_asigna='300207' [1][0] OK
C:[07/05/2013 14:15:50.25][186.90.190.125][1436] SELECT par_cod_asig1,par_cod_asig2,par_cod_asig3 FROM tblaca009 WHERE pensum='5' AND c_uni_ca='5' AND c_asigna='300209' [1][0] OK
C:[07/05/2013 14:15:50.25][186.90.190.125][1436] SELECT par_cod_asig1,par_cod_asig2,par_cod_asig3 FROM tblaca009 WHERE pensum='5' AND c_uni_ca='5' AND c_asigna='300213' [1][0] OK
C:[07/05/2013 14:15:50.25][186.90.190.125][1450] SELECT c_asigna FROM dace004 WHERE exp_e='12-25694208' AND c_asigna='300209' AND status IN ('0','3','B','C') [0][0] OK
C:[07/05/2013 14:15:50.25][186.90.190.125][1436] SELECT par_cod_asig1,par_cod_asig2,par_cod_asig3 FROM tblaca009 WHERE pensum='5' AND c_uni_ca='5' AND c_asigna='300218' [1][0] OK
C:[07/05/2013 14:15:50.25][186.90.190.125][1450] SELECT c_asigna FROM dace004 WHERE exp_e='12-25694208' AND c_asigna='300228' AND status IN ('0','3','B','C') [0][0] OK
C:[07/05/2013 14:15:50.25][186.90.190.125][1436] SELECT par_cod_asig1,par_cod_asig2,par_cod_asig3 FROM tblaca009 WHERE pensum='5' AND c_uni_ca='5' AND c_asigna='300228' [1][0] OK
C:[07/05/2013 14:15:50.26][186.90.190.125][1566] SELECT horas_lab FROM tblaca008 WHERE c_asigna='300222' AND horas_teoricas > 0 [1][0] OK
C:[07/05/2013 14:15:50.37][186.90.190.125][1600] SELECT sum(u_creditos*1) FROM dace006 a, tblaca009 b WHERE a.exp_e='12-25694208' AND a.lapso='2013-1' AND b.pensum='5' AND b.c_uni_ca='5' AND status IN ('7','A','2') AND a.c_asigna=b.c_asigna  [1][0] OK
C:[07/05/2013 14:15:50.75][186.90.190.125][1619] SELECT sum(u_creditos*1) FROM dace006 a, tblaca009 b WHERE a.exp_e='12-25694208' AND a.lapso='2013-1' AND b.pensum='5' AND b.c_uni_ca='5' AND status IN ('7','A','2') AND a.c_asigna=b.c_asigna AND a.c_asigna IN ('300207','300209','300213','300218','300228') [1][0] OK
C:[07/05/2013 14:15:50.12][186.90.190.125][1635] SELECT MAX(semestre) FROM dace006 a, tblaca009 b WHERE a.exp_e='12-25694208' AND a.lapso='2013-1' AND b.pensum='5' AND b.c_uni_ca='5' AND status IN ('7','A','2') AND a.c_asigna=b.c_asigna  [1][0] OK
C:[07/05/2013 14:15:50.06][186.90.190.125][1655] SELECT MIN(semestre) FROM dace006 a, tblaca009 b WHERE a.exp_e='12-25694208' AND a.lapso='2013-1' AND b.pensum='5' AND b.c_uni_ca='5' AND status IN ('7','A','2') AND a.c_asigna=b.c_asigna AND a.c_asigna IN ('300222') [1][0] OK
C:[07/05/2013 16:00:55.91][190.206.62.144][1392] SELECT pre_cod_asig1,pre_cod_asig2,pre_cod_asig3,pre_cod_asig4,pre_cod_asig5,pre_cod_asig6,pre_cod_asig7 FROM tblaca009 WHERE pensum='5' AND c_uni_ca='3' AND c_asigna='311988' [1][0] OK
C:[07/05/2013 16:00:55.91][190.206.62.144][1405] SELECT c_asigna FROM dace004 WHERE exp_e='07-20284042' AND c_asigna='311822' AND status IN ('0','3','B') [1][0] OK
C:[07/05/2013 16:00:55.91][190.206.62.144][1392] SELECT pre_cod_asig1,pre_cod_asig2,pre_cod_asig3,pre_cod_asig4,pre_cod_asig5,pre_cod_asig6,pre_cod_asig7 FROM tblaca009 WHERE pensum='5' AND c_uni_ca='3' AND c_asigna='311824' [1][0] OK
C:[07/05/2013 16:00:55.91][190.206.62.144][1405] SELECT c_asigna FROM dace004 WHERE exp_e='07-20284042' AND c_asigna='311796' AND status IN ('0','3','B') [1][0] OK
C:[07/05/2013 16:00:55.91][190.206.62.144][1392] SELECT pre_cod_asig1,pre_cod_asig2,pre_cod_asig3,pre_cod_asig4,pre_cod_asig5,pre_cod_asig6,pre_cod_asig7 FROM tblaca009 WHERE pensum='5' AND c_uni_ca='3' AND c_asigna='300956' [1][0] OK
C:[07/05/2013 16:00:55.91][190.206.62.144][1405] SELECT c_asigna FROM dace004 WHERE exp_e='07-20284042' AND c_asigna='300422' AND status IN ('0','3','B') [1][0] OK
C:[07/05/2013 16:00:55.91][190.206.62.144][1405] SELECT c_asigna FROM dace004 WHERE exp_e='07-20284042' AND c_asigna='300105' AND status IN ('0','3','B') [1][0] OK
C:[07/05/2013 16:00:55.91][190.206.62.144][1405] SELECT c_asigna FROM dace004 WHERE exp_e='07-20284042' AND c_asigna='300314' AND status IN ('0','3','B') [1][0] OK
C:[07/05/2013 16:00:55.91][190.206.62.144][1392] SELECT pre_cod_asig1,pre_cod_asig2,pre_cod_asig3,pre_cod_asig4,pre_cod_asig5,pre_cod_asig6,pre_cod_asig7 FROM tblaca009 WHERE pensum='5' AND c_uni_ca='3' AND c_asigna='311094' [1][0] OK
C:[07/05/2013 16:00:55.91][190.206.62.144][1405] SELECT c_asigna FROM dace004 WHERE exp_e='07-20284042' AND c_asigna='311822' AND status IN ('0','3','B') [1][0] OK
C:[07/05/2013 16:00:55.91][190.206.62.144][1405] SELECT c_asigna FROM dace004 WHERE exp_e='07-20284042' AND c_asigna='311823' AND status IN ('0','3','B') [1][0] OK
C:[07/05/2013 16:00:55.91][190.206.62.144][1392] SELECT pre_cod_asig1,pre_cod_asig2,pre_cod_asig3,pre_cod_asig4,pre_cod_asig5,pre_cod_asig6,pre_cod_asig7 FROM tblaca009 WHERE pensum='5' AND c_uni_ca='3' AND c_asigna='311095' [1][0] OK
C:[07/05/2013 16:00:55.91][190.206.62.144][1405] SELECT c_asigna FROM dace004 WHERE exp_e='07-20284042' AND c_asigna='311822' AND status IN ('0','3','B') [1][0] OK
C:[07/05/2013 16:00:55.91][190.206.62.144][1392] SELECT pre_cod_asig1,pre_cod_asig2,pre_cod_asig3,pre_cod_asig4,pre_cod_asig5,pre_cod_asig6,pre_cod_asig7 FROM tblaca009 WHERE pensum='5' AND c_uni_ca='3' AND c_asigna='311098' [1][0] OK
C:[07/05/2013 16:00:55.91][190.206.62.144][1405] SELECT c_asigna FROM dace004 WHERE exp_e='07-20284042' AND c_asigna='311822' AND status IN ('0','3','B') [1][0] OK
C:[07/05/2013 16:00:55.12][190.206.62.144][1436] SELECT par_cod_asig1,par_cod_asig2,par_cod_asig3 FROM tblaca009 WHERE pensum='5' AND c_uni_ca='3' AND c_asigna='311988' [1][0] OK
C:[07/05/2013 16:00:55.12][190.206.62.144][1436] SELECT par_cod_asig1,par_cod_asig2,par_cod_asig3 FROM tblaca009 WHERE pensum='5' AND c_uni_ca='3' AND c_asigna='311824' [1][0] OK
C:[07/05/2013 16:00:55.12][190.206.62.144][1436] SELECT par_cod_asig1,par_cod_asig2,par_cod_asig3 FROM tblaca009 WHERE pensum='5' AND c_uni_ca='3' AND c_asigna='300956' [1][0] OK
C:[07/05/2013 16:00:55.12][190.206.62.144][1436] SELECT par_cod_asig1,par_cod_asig2,par_cod_asig3 FROM tblaca009 WHERE pensum='5' AND c_uni_ca='3' AND c_asigna='311094' [1][0] OK
C:[07/05/2013 16:00:55.12][190.206.62.144][1436] SELECT par_cod_asig1,par_cod_asig2,par_cod_asig3 FROM tblaca009 WHERE pensum='5' AND c_uni_ca='3' AND c_asigna='311095' [1][0] OK
C:[07/05/2013 16:00:55.12][190.206.62.144][1436] SELECT par_cod_asig1,par_cod_asig2,par_cod_asig3 FROM tblaca009 WHERE pensum='5' AND c_uni_ca='3' AND c_asigna='311098' [1][0] OK
C:[07/05/2013 16:00:55.23][190.206.62.144][1566] SELECT horas_lab FROM tblaca008 WHERE c_asigna='311988' AND horas_teoricas > 0 [1][0] OK
C:[07/05/2013 16:00:55.34][190.206.62.144][1600] SELECT sum(u_creditos*1) FROM dace006 a, tblaca009 b WHERE a.exp_e='07-20284042' AND a.lapso='2013-1' AND b.pensum='5' AND b.c_uni_ca='3' AND status IN ('7','A','2') AND a.c_asigna=b.c_asigna  [1][0] OK
C:[07/05/2013 16:00:55.71][190.206.62.144][1619] SELECT sum(u_creditos*1) FROM dace006 a, tblaca009 b WHERE a.exp_e='07-20284042' AND a.lapso='2013-1' AND b.pensum='5' AND b.c_uni_ca='3' AND status IN ('7','A','2') AND a.c_asigna=b.c_asigna AND a.c_asigna IN ('311824','300956','311094','311095','311098') [1][0] OK
C:[07/05/2013 16:00:55.09][190.206.62.144][1635] SELECT MAX(semestre) FROM dace006 a, tblaca009 b WHERE a.exp_e='07-20284042' AND a.lapso='2013-1' AND b.pensum='5' AND b.c_uni_ca='3' AND status IN ('7','A','2') AND a.c_asigna=b.c_asigna  [1][0] OK
C:[07/05/2013 16:00:56.46][190.206.62.144][1655] SELECT MIN(semestre) FROM dace006 a, tblaca009 b WHERE a.exp_e='07-20284042' AND a.lapso='2013-1' AND b.pensum='5' AND b.c_uni_ca='3' AND status IN ('7','A','2') AND a.c_asigna=b.c_asigna AND a.c_asigna IN ('311988') [1][0] OK
C:[07/05/2013 20:54:47.34][190.121.238.176][1392] SELECT pre_cod_asig1,pre_cod_asig2,pre_cod_asig3,pre_cod_asig4,pre_cod_asig5,pre_cod_asig6,pre_cod_asig7 FROM tblaca009 WHERE pensum='5' AND c_uni_ca='6' AND c_asigna='300113' [1][0] OK
C:[07/05/2013 20:54:47.34][190.121.238.176][1392] SELECT pre_cod_asig1,pre_cod_asig2,pre_cod_asig3,pre_cod_asig4,pre_cod_asig5,pre_cod_asig6,pre_cod_asig7 FROM tblaca009 WHERE pensum='5' AND c_uni_ca='6' AND c_asigna='300013' [1][0] OK
C:[07/05/2013 20:54:47.34][190.121.238.176][1392] SELECT pre_cod_asig1,pre_cod_asig2,pre_cod_asig3,pre_cod_asig4,pre_cod_asig5,pre_cod_asig6,pre_cod_asig7 FROM tblaca009 WHERE pensum='5' AND c_uni_ca='6' AND c_asigna='300101' [1][0] OK
C:[07/05/2013 20:54:47.34][190.121.238.176][1392] SELECT pre_cod_asig1,pre_cod_asig2,pre_cod_asig3,pre_cod_asig4,pre_cod_asig5,pre_cod_asig6,pre_cod_asig7 FROM tblaca009 WHERE pensum='5' AND c_uni_ca='6' AND c_asigna='300105' [1][0] OK
C:[07/05/2013 20:54:47.34][190.121.238.176][1392] SELECT pre_cod_asig1,pre_cod_asig2,pre_cod_asig3,pre_cod_asig4,pre_cod_asig5,pre_cod_asig6,pre_cod_asig7 FROM tblaca009 WHERE pensum='5' AND c_uni_ca='6' AND c_asigna='300112' [1][0] OK
C:[07/05/2013 20:54:47.34][190.121.238.176][1392] SELECT pre_cod_asig1,pre_cod_asig2,pre_cod_asig3,pre_cod_asig4,pre_cod_asig5,pre_cod_asig6,pre_cod_asig7 FROM tblaca009 WHERE pensum='5' AND c_uni_ca='6' AND c_asigna='300116' [1][0] OK
C:[07/05/2013 20:54:47.34][190.121.238.176][1392] SELECT pre_cod_asig1,pre_cod_asig2,pre_cod_asig3,pre_cod_asig4,pre_cod_asig5,pre_cod_asig6,pre_cod_asig7 FROM tblaca009 WHERE pensum='5' AND c_uni_ca='6' AND c_asigna='300106' [1][0] OK
C:[07/05/2013 20:54:47.33][190.121.238.176][1436] SELECT par_cod_asig1,par_cod_asig2,par_cod_asig3 FROM tblaca009 WHERE pensum='5' AND c_uni_ca='6' AND c_asigna='300113' [1][0] OK
C:[07/05/2013 20:54:47.33][190.121.238.176][1450] SELECT c_asigna FROM dace004 WHERE exp_e='12-24847486' AND c_asigna='300013' AND status IN ('0','3','B','C') [0][0] OK
C:[07/05/2013 20:54:47.33][190.121.238.176][1436] SELECT par_cod_asig1,par_cod_asig2,par_cod_asig3 FROM tblaca009 WHERE pensum='5' AND c_uni_ca='6' AND c_asigna='300013' [1][0] OK
C:[07/05/2013 20:54:47.33][190.121.238.176][1436] SELECT par_cod_asig1,par_cod_asig2,par_cod_asig3 FROM tblaca009 WHERE pensum='5' AND c_uni_ca='6' AND c_asigna='300101' [1][0] OK
C:[07/05/2013 20:54:47.33][190.121.238.176][1436] SELECT par_cod_asig1,par_cod_asig2,par_cod_asig3 FROM tblaca009 WHERE pensum='5' AND c_uni_ca='6' AND c_asigna='300105' [1][0] OK
C:[07/05/2013 20:54:47.33][190.121.238.176][1436] SELECT par_cod_asig1,par_cod_asig2,par_cod_asig3 FROM tblaca009 WHERE pensum='5' AND c_uni_ca='6' AND c_asigna='300112' [1][0] OK
C:[07/05/2013 20:54:47.33][190.121.238.176][1436] SELECT par_cod_asig1,par_cod_asig2,par_cod_asig3 FROM tblaca009 WHERE pensum='5' AND c_uni_ca='6' AND c_asigna='300116' [1][0] OK
C:[07/05/2013 20:54:47.33][190.121.238.176][1436] SELECT par_cod_asig1,par_cod_asig2,par_cod_asig3 FROM tblaca009 WHERE pensum='5' AND c_uni_ca='6' AND c_asigna='300106' [1][0] OK
C:[07/05/2013 20:54:48.47][190.121.238.176][1566] SELECT horas_lab FROM tblaca008 WHERE c_asigna='300113' AND horas_teoricas > 0 [0][0] OK
C:[07/05/2013 20:54:48.59][190.121.238.176][1600] SELECT sum(u_creditos*1) FROM dace006 a, tblaca009 b WHERE a.exp_e='12-24847486' AND a.lapso='2013-1' AND b.pensum='5' AND b.c_uni_ca='6' AND status IN ('7','A','2') AND a.c_asigna=b.c_asigna  [1][0] OK
C:[07/05/2013 20:54:48.96][190.121.238.176][1619] SELECT sum(u_creditos*1) FROM dace006 a, tblaca009 b WHERE a.exp_e='12-24847486' AND a.lapso='2013-1' AND b.pensum='5' AND b.c_uni_ca='6' AND status IN ('7','A','2') AND a.c_asigna=b.c_asigna AND a.c_asigna IN ('300013','300101','300105','300112','300116','300106') [1][0] OK
C:[07/05/2013 20:54:48.89][190.121.238.176][1635] SELECT MAX(semestre) FROM dace006 a, tblaca009 b WHERE a.exp_e='12-24847486' AND a.lapso='2013-1' AND b.pensum='5' AND b.c_uni_ca='6' AND status IN ('7','A','2') AND a.c_asigna=b.c_asigna  [1][0] OK
C:[07/05/2013 20:54:48.27][190.121.238.176][1655] SELECT MIN(semestre) FROM dace006 a, tblaca009 b WHERE a.exp_e='12-24847486' AND a.lapso='2013-1' AND b.pensum='5' AND b.c_uni_ca='6' AND status IN ('7','A','2') AND a.c_asigna=b.c_asigna AND a.c_asigna IN ('300113') [1][0] OK
C:[07/05/2013 23:42:40.15][186.88.98.22][1392] SELECT pre_cod_asig1,pre_cod_asig2,pre_cod_asig3,pre_cod_asig4,pre_cod_asig5,pre_cod_asig6,pre_cod_asig7 FROM tblaca009 WHERE pensum='5' AND c_uni_ca='3' AND c_asigna='311981' [1][0] OK
C:[07/05/2013 23:42:40.15][186.88.98.22][1405] SELECT c_asigna FROM dace004 WHERE exp_e='07-20841185' AND c_asigna='311824' AND status IN ('0','3','B') [1][0] OK
C:[07/05/2013 23:42:40.15][186.88.98.22][1392] SELECT pre_cod_asig1,pre_cod_asig2,pre_cod_asig3,pre_cod_asig4,pre_cod_asig5,pre_cod_asig6,pre_cod_asig7 FROM tblaca009 WHERE pensum='5' AND c_uni_ca='3' AND c_asigna='311822' [1][0] OK
C:[07/05/2013 23:42:40.15][186.88.98.22][1405] SELECT c_asigna FROM dace004 WHERE exp_e='07-20841185' AND c_asigna='311795' AND status IN ('0','3','B') [1][0] OK
C:[07/05/2013 23:42:40.15][186.88.98.22][1392] SELECT pre_cod_asig1,pre_cod_asig2,pre_cod_asig3,pre_cod_asig4,pre_cod_asig5,pre_cod_asig6,pre_cod_asig7 FROM tblaca009 WHERE pensum='5' AND c_uni_ca='3' AND c_asigna='311823' [1][0] OK
C:[07/05/2013 23:42:40.15][186.88.98.22][1405] SELECT c_asigna FROM dace004 WHERE exp_e='07-20841185' AND c_asigna='311795' AND status IN ('0','3','B') [1][0] OK
C:[07/05/2013 23:42:40.15][186.88.98.22][1392] SELECT pre_cod_asig1,pre_cod_asig2,pre_cod_asig3,pre_cod_asig4,pre_cod_asig5,pre_cod_asig6,pre_cod_asig7 FROM tblaca009 WHERE pensum='5' AND c_uni_ca='3' AND c_asigna='311825' [1][0] OK
C:[07/05/2013 23:42:40.15][186.88.98.22][1405] SELECT c_asigna FROM dace004 WHERE exp_e='07-20841185' AND c_asigna='311775' AND status IN ('0','3','B') [1][0] OK
C:[07/05/2013 23:42:40.15][186.88.98.22][1405] SELECT c_asigna FROM dace004 WHERE exp_e='07-20841185' AND c_asigna='311795' AND status IN ('0','3','B') [1][0] OK
C:[07/05/2013 23:42:40.15][186.88.98.22][1392] SELECT pre_cod_asig1,pre_cod_asig2,pre_cod_asig3,pre_cod_asig4,pre_cod_asig5,pre_cod_asig6,pre_cod_asig7 FROM tblaca009 WHERE pensum='5' AND c_uni_ca='3' AND c_asigna='311826' [1][0] OK
C:[07/05/2013 23:42:40.15][186.88.98.22][1405] SELECT c_asigna FROM dace004 WHERE exp_e='07-20841185' AND c_asigna='311799' AND status IN ('0','3','B') [1][0] OK
C:[07/05/2013 23:42:40.15][186.88.98.22][1392] SELECT pre_cod_asig1,pre_cod_asig2,pre_cod_asig3,pre_cod_asig4,pre_cod_asig5,pre_cod_asig6,pre_cod_asig7 FROM tblaca009 WHERE pensum='5' AND c_uni_ca='3' AND c_asigna='311827' [1][0] OK
C:[07/05/2013 23:42:40.15][186.88.98.22][1405] SELECT c_asigna FROM dace004 WHERE exp_e='07-20841185' AND c_asigna='311704' AND status IN ('0','3','B') [1][0] OK
C:[07/05/2013 23:42:40.77][186.88.98.22][1436] SELECT par_cod_asig1,par_cod_asig2,par_cod_asig3 FROM tblaca009 WHERE pensum='5' AND c_uni_ca='3' AND c_asigna='311981' [1][0] OK
C:[07/05/2013 23:42:40.77][186.88.98.22][1436] SELECT par_cod_asig1,par_cod_asig2,par_cod_asig3 FROM tblaca009 WHERE pensum='5' AND c_uni_ca='3' AND c_asigna='311822' [1][0] OK
C:[07/05/2013 23:42:40.77][186.88.98.22][1436] SELECT par_cod_asig1,par_cod_asig2,par_cod_asig3 FROM tblaca009 WHERE pensum='5' AND c_uni_ca='3' AND c_asigna='311823' [1][0] OK
C:[07/05/2013 23:42:40.77][186.88.98.22][1436] SELECT par_cod_asig1,par_cod_asig2,par_cod_asig3 FROM tblaca009 WHERE pensum='5' AND c_uni_ca='3' AND c_asigna='311825' [1][0] OK
C:[07/05/2013 23:42:40.77][186.88.98.22][1436] SELECT par_cod_asig1,par_cod_asig2,par_cod_asig3 FROM tblaca009 WHERE pensum='5' AND c_uni_ca='3' AND c_asigna='311826' [1][0] OK
C:[07/05/2013 23:42:40.77][186.88.98.22][1436] SELECT par_cod_asig1,par_cod_asig2,par_cod_asig3 FROM tblaca009 WHERE pensum='5' AND c_uni_ca='3' AND c_asigna='311827' [1][0] OK
C:[07/05/2013 23:42:41.78][186.88.98.22][1566] SELECT horas_lab FROM tblaca008 WHERE c_asigna='311981' AND horas_teoricas > 0 [1][0] OK
C:[07/05/2013 23:42:41.90][186.88.98.22][1600] SELECT sum(u_creditos*1) FROM dace006 a, tblaca009 b WHERE a.exp_e='07-20841185' AND a.lapso='2013-1' AND b.pensum='5' AND b.c_uni_ca='3' AND status IN ('7','A','2') AND a.c_asigna=b.c_asigna  [1][0] OK
C:[07/05/2013 23:42:41.27][186.88.98.22][1619] SELECT sum(u_creditos*1) FROM dace006 a, tblaca009 b WHERE a.exp_e='07-20841185' AND a.lapso='2013-1' AND b.pensum='5' AND b.c_uni_ca='3' AND status IN ('7','A','2') AND a.c_asigna=b.c_asigna AND a.c_asigna IN ('311822','311823','311825','311826','311827') [1][0] OK
C:[07/05/2013 23:42:41.21][186.88.98.22][1635] SELECT MAX(semestre) FROM dace006 a, tblaca009 b WHERE a.exp_e='07-20841185' AND a.lapso='2013-1' AND b.pensum='5' AND b.c_uni_ca='3' AND status IN ('7','A','2') AND a.c_asigna=b.c_asigna  [1][0] OK
C:[07/05/2013 23:42:41.58][186.88.98.22][1655] SELECT MIN(semestre) FROM dace006 a, tblaca009 b WHERE a.exp_e='07-20841185' AND a.lapso='2013-1' AND b.pensum='5' AND b.c_uni_ca='3' AND status IN ('7','A','2') AND a.c_asigna=b.c_asigna AND a.c_asigna IN ('311981') [1][0] OK
C:[08/05/2013 06:51:21.31][190.206.79.110][1392] SELECT pre_cod_asig1,pre_cod_asig2,pre_cod_asig3,pre_cod_asig4,pre_cod_asig5,pre_cod_asig6,pre_cod_asig7 FROM tblaca009 WHERE pensum='5' AND c_uni_ca='3' AND c_asigna='300101' [1][0] OK
C:[08/05/2013 06:51:21.31][190.206.79.110][1392] SELECT pre_cod_asig1,pre_cod_asig2,pre_cod_asig3,pre_cod_asig4,pre_cod_asig5,pre_cod_asig6,pre_cod_asig7 FROM tblaca009 WHERE pensum='5' AND c_uni_ca='3' AND c_asigna='300105' [1][0] OK
C:[08/05/2013 06:51:21.31][190.206.79.110][1392] SELECT pre_cod_asig1,pre_cod_asig2,pre_cod_asig3,pre_cod_asig4,pre_cod_asig5,pre_cod_asig6,pre_cod_asig7 FROM tblaca009 WHERE pensum='5' AND c_uni_ca='3' AND c_asigna='300013' [1][0] OK
C:[08/05/2013 06:51:21.31][190.206.79.110][1392] SELECT pre_cod_asig1,pre_cod_asig2,pre_cod_asig3,pre_cod_asig4,pre_cod_asig5,pre_cod_asig6,pre_cod_asig7 FROM tblaca009 WHERE pensum='5' AND c_uni_ca='3' AND c_asigna='300314' [1][0] OK
C:[08/05/2013 06:51:21.31][190.206.79.110][1405] SELECT c_asigna FROM dace004 WHERE exp_e='12-24035967' AND c_asigna='300106' AND status IN ('0','3','B') [1][0] OK
C:[08/05/2013 06:51:21.31][190.206.79.110][1392] SELECT pre_cod_asig1,pre_cod_asig2,pre_cod_asig3,pre_cod_asig4,pre_cod_asig5,pre_cod_asig6,pre_cod_asig7 FROM tblaca009 WHERE pensum='5' AND c_uni_ca='3' AND c_asigna='300112' [1][0] OK
C:[08/05/2013 06:51:21.31][190.206.79.110][1392] SELECT pre_cod_asig1,pre_cod_asig2,pre_cod_asig3,pre_cod_asig4,pre_cod_asig5,pre_cod_asig6,pre_cod_asig7 FROM tblaca009 WHERE pensum='5' AND c_uni_ca='3' AND c_asigna='300116' [1][0] OK
C:[08/05/2013 06:51:21.19][190.206.79.110][1436] SELECT par_cod_asig1,par_cod_asig2,par_cod_asig3 FROM tblaca009 WHERE pensum='5' AND c_uni_ca='3' AND c_asigna='300101' [1][0] OK
C:[08/05/2013 06:51:21.19][190.206.79.110][1436] SELECT par_cod_asig1,par_cod_asig2,par_cod_asig3 FROM tblaca009 WHERE pensum='5' AND c_uni_ca='3' AND c_asigna='300105' [1][0] OK
C:[08/05/2013 06:51:21.19][190.206.79.110][1436] SELECT par_cod_asig1,par_cod_asig2,par_cod_asig3 FROM tblaca009 WHERE pensum='5' AND c_uni_ca='3' AND c_asigna='300013' [1][0] OK
C:[08/05/2013 06:51:21.19][190.206.79.110][1436] SELECT par_cod_asig1,par_cod_asig2,par_cod_asig3 FROM tblaca009 WHERE pensum='5' AND c_uni_ca='3' AND c_asigna='300314' [1][0] OK
C:[08/05/2013 06:51:21.19][190.206.79.110][1436] SELECT par_cod_asig1,par_cod_asig2,par_cod_asig3 FROM tblaca009 WHERE pensum='5' AND c_uni_ca='3' AND c_asigna='300112' [1][0] OK
C:[08/05/2013 06:51:21.19][190.206.79.110][1436] SELECT par_cod_asig1,par_cod_asig2,par_cod_asig3 FROM tblaca009 WHERE pensum='5' AND c_uni_ca='3' AND c_asigna='300116' [1][0] OK
C:[08/05/2013 06:51:21.96][190.206.79.110][1600] SELECT sum(u_creditos*1) FROM dace006 a, tblaca009 b WHERE a.exp_e='12-24035967' AND a.lapso='2013-1' AND b.pensum='5' AND b.c_uni_ca='3' AND status IN ('7','A','2') AND a.c_asigna=b.c_asigna  [1][0] OK
C:[08/05/2013 06:51:21.31][190.206.79.110][1619] SELECT sum(u_creditos*1) FROM dace006 a, tblaca009 b WHERE a.exp_e='12-24035967' AND a.lapso='2013-1' AND b.pensum='5' AND b.c_uni_ca='3' AND status IN ('7','A','2') AND a.c_asigna=b.c_asigna AND a.c_asigna IN ('300101','300105','300013','300314','300112','300116') [1][0] OK
C:[08/05/2013 06:51:21.93][190.206.79.110][1635] SELECT MAX(semestre) FROM dace006 a, tblaca009 b WHERE a.exp_e='12-24035967' AND a.lapso='2013-1' AND b.pensum='5' AND b.c_uni_ca='3' AND status IN ('7','A','2') AND a.c_asigna=b.c_asigna  [1][0] OK
C:[08/05/2013 09:42:17.61][190.206.247.241][1392] SELECT pre_cod_asig1,pre_cod_asig2,pre_cod_asig3,pre_cod_asig4,pre_cod_asig5,pre_cod_asig6,pre_cod_asig7 FROM tblaca009 WHERE pensum='5' AND c_uni_ca='5' AND c_asigna='300213' [1][0] OK
C:[08/05/2013 09:42:17.61][190.206.247.241][1405] SELECT c_asigna FROM dace004 WHERE exp_e='09-20286367' AND c_asigna='300101' AND status IN ('0','3','B') [1][0] OK
C:[08/05/2013 09:42:17.61][190.206.247.241][1392] SELECT pre_cod_asig1,pre_cod_asig2,pre_cod_asig3,pre_cod_asig4,pre_cod_asig5,pre_cod_asig6,pre_cod_asig7 FROM tblaca009 WHERE pensum='5' AND c_uni_ca='5' AND c_asigna='300209' [1][0] OK
C:[08/05/2013 09:42:17.61][190.206.247.241][1405] SELECT c_asigna FROM dace004 WHERE exp_e='09-20286367' AND c_asigna='300101' AND status IN ('0','3','B') [1][0] OK
C:[08/05/2013 09:42:17.11][190.206.247.241][1436] SELECT par_cod_asig1,par_cod_asig2,par_cod_asig3 FROM tblaca009 WHERE pensum='5' AND c_uni_ca='5' AND c_asigna='300213' [1][0] OK
C:[08/05/2013 09:42:17.11][190.206.247.241][1450] SELECT c_asigna FROM dace004 WHERE exp_e='09-20286367' AND c_asigna='300209' AND status IN ('0','3','B','C') [0][0] OK
C:[08/05/2013 09:42:17.11][190.206.247.241][1436] SELECT par_cod_asig1,par_cod_asig2,par_cod_asig3 FROM tblaca009 WHERE pensum='5' AND c_uni_ca='5' AND c_asigna='300209' [1][0] OK
C:[08/05/2013 09:42:17.51][190.206.247.241][1600] SELECT sum(u_creditos*1) FROM dace006 a, tblaca009 b WHERE a.exp_e='09-20286367' AND a.lapso='2013-1' AND b.pensum='5' AND b.c_uni_ca='5' AND status IN ('7','A','2') AND a.c_asigna=b.c_asigna  [1][0] OK
C:[08/05/2013 09:42:17.86][190.206.247.241][1619] SELECT sum(u_creditos*1) FROM dace006 a, tblaca009 b WHERE a.exp_e='09-20286367' AND a.lapso='2013-1' AND b.pensum='5' AND b.c_uni_ca='5' AND status IN ('7','A','2') AND a.c_asigna=b.c_asigna AND a.c_asigna IN ('300213','300209') [1][0] OK
C:[08/05/2013 09:42:17.23][190.206.247.241][1635] SELECT MAX(semestre) FROM dace006 a, tblaca009 b WHERE a.exp_e='09-20286367' AND a.lapso='2013-1' AND b.pensum='5' AND b.c_uni_ca='5' AND status IN ('7','A','2') AND a.c_asigna=b.c_asigna  [1][0] OK
C:[08/05/2013 10:11:48.15][190.206.247.241][1392] SELECT pre_cod_asig1,pre_cod_asig2,pre_cod_asig3,pre_cod_asig4,pre_cod_asig5,pre_cod_asig6,pre_cod_asig7 FROM tblaca009 WHERE pensum='5' AND c_uni_ca='5' AND c_asigna='300213' [1][0] OK
C:[08/05/2013 10:11:48.15][190.206.247.241][1405] SELECT c_asigna FROM dace004 WHERE exp_e='09-20286367' AND c_asigna='300101' AND status IN ('0','3','B') [1][0] OK
C:[08/05/2013 10:11:48.15][190.206.247.241][1392] SELECT pre_cod_asig1,pre_cod_asig2,pre_cod_asig3,pre_cod_asig4,pre_cod_asig5,pre_cod_asig6,pre_cod_asig7 FROM tblaca009 WHERE pensum='5' AND c_uni_ca='5' AND c_asigna='300209' [1][0] OK
C:[08/05/2013 10:11:48.15][190.206.247.241][1405] SELECT c_asigna FROM dace004 WHERE exp_e='09-20286367' AND c_asigna='300101' AND status IN ('0','3','B') [1][0] OK
C:[08/05/2013 10:11:49.64][190.206.247.241][1436] SELECT par_cod_asig1,par_cod_asig2,par_cod_asig3 FROM tblaca009 WHERE pensum='5' AND c_uni_ca='5' AND c_asigna='300213' [1][0] OK
C:[08/05/2013 10:11:49.64][190.206.247.241][1450] SELECT c_asigna FROM dace004 WHERE exp_e='09-20286367' AND c_asigna='300209' AND status IN ('0','3','B','C') [0][0] OK
C:[08/05/2013 10:11:49.64][190.206.247.241][1436] SELECT par_cod_asig1,par_cod_asig2,par_cod_asig3 FROM tblaca009 WHERE pensum='5' AND c_uni_ca='5' AND c_asigna='300209' [1][0] OK
C:[08/05/2013 10:11:49.03][190.206.247.241][1566] SELECT horas_lab FROM tblaca008 WHERE c_asigna='300213' AND horas_teoricas > 0 [1][0] OK
C:[08/05/2013 10:11:49.14][190.206.247.241][1600] SELECT sum(u_creditos*1) FROM dace006 a, tblaca009 b WHERE a.exp_e='09-20286367' AND a.lapso='2013-1' AND b.pensum='5' AND b.c_uni_ca='5' AND status IN ('7','A','2') AND a.c_asigna=b.c_asigna  [1][0] OK
C:[08/05/2013 10:11:49.08][190.206.247.241][1619] SELECT sum(u_creditos*1) FROM dace006 a, tblaca009 b WHERE a.exp_e='09-20286367' AND a.lapso='2013-1' AND b.pensum='5' AND b.c_uni_ca='5' AND status IN ('7','A','2') AND a.c_asigna=b.c_asigna AND a.c_asigna IN ('300209') [1][0] OK
C:[08/05/2013 10:11:49.45][190.206.247.241][1635] SELECT MAX(semestre) FROM dace006 a, tblaca009 b WHERE a.exp_e='09-20286367' AND a.lapso='2013-1' AND b.pensum='5' AND b.c_uni_ca='5' AND status IN ('7','A','2') AND a.c_asigna=b.c_asigna  [1][0] OK
C:[08/05/2013 10:11:49.83][190.206.247.241][1655] SELECT MIN(semestre) FROM dace006 a, tblaca009 b WHERE a.exp_e='09-20286367' AND a.lapso='2013-1' AND b.pensum='5' AND b.c_uni_ca='5' AND status IN ('7','A','2') AND a.c_asigna=b.c_asigna AND a.c_asigna IN ('300213') [1][0] OK
C:[08/05/2013 10:24:37.59][190.73.234.222][1392] SELECT pre_cod_asig1,pre_cod_asig2,pre_cod_asig3,pre_cod_asig4,pre_cod_asig5,pre_cod_asig6,pre_cod_asig7 FROM tblaca009 WHERE pensum='5' AND c_uni_ca='3' AND c_asigna='300113' [1][0] OK
C:[08/05/2013 10:24:37.59][190.73.234.222][1392] SELECT pre_cod_asig1,pre_cod_asig2,pre_cod_asig3,pre_cod_asig4,pre_cod_asig5,pre_cod_asig6,pre_cod_asig7 FROM tblaca009 WHERE pensum='5' AND c_uni_ca='3' AND c_asigna='300101' [1][0] OK
C:[08/05/2013 10:24:37.84][190.73.234.222][1436] SELECT par_cod_asig1,par_cod_asig2,par_cod_asig3 FROM tblaca009 WHERE pensum='5' AND c_uni_ca='3' AND c_asigna='300113' [1][0] OK
C:[08/05/2013 10:24:37.84][190.73.234.222][1450] SELECT c_asigna FROM dace004 WHERE exp_e='12-25081610' AND c_asigna='300013' AND status IN ('0','3','B','C') [1][0] OK
C:[08/05/2013 10:24:37.84][190.73.234.222][1436] SELECT par_cod_asig1,par_cod_asig2,par_cod_asig3 FROM tblaca009 WHERE pensum='5' AND c_uni_ca='3' AND c_asigna='300101' [1][0] OK
C:[08/05/2013 10:24:37.22][190.73.234.222][1566] SELECT horas_lab FROM tblaca008 WHERE c_asigna='300113' AND horas_teoricas > 0 [0][0] OK
C:[08/05/2013 10:24:37.34][190.73.234.222][1600] SELECT sum(u_creditos*1) FROM dace006 a, tblaca009 b WHERE a.exp_e='12-25081610' AND a.lapso='2013-1' AND b.pensum='5' AND b.c_uni_ca='3' AND status IN ('7','A','2') AND a.c_asigna=b.c_asigna  [1][0] OK
C:[08/05/2013 10:24:37.71][190.73.234.222][1619] SELECT sum(u_creditos*1) FROM dace006 a, tblaca009 b WHERE a.exp_e='12-25081610' AND a.lapso='2013-1' AND b.pensum='5' AND b.c_uni_ca='3' AND status IN ('7','A','2') AND a.c_asigna=b.c_asigna AND a.c_asigna IN ('300101') [1][0] OK
C:[08/05/2013 10:24:37.08][190.73.234.222][1635] SELECT MAX(semestre) FROM dace006 a, tblaca009 b WHERE a.exp_e='12-25081610' AND a.lapso='2013-1' AND b.pensum='5' AND b.c_uni_ca='3' AND status IN ('7','A','2') AND a.c_asigna=b.c_asigna  [1][0] OK
C:[08/05/2013 10:24:37.46][190.73.234.222][1655] SELECT MIN(semestre) FROM dace006 a, tblaca009 b WHERE a.exp_e='12-25081610' AND a.lapso='2013-1' AND b.pensum='5' AND b.c_uni_ca='3' AND status IN ('7','A','2') AND a.c_asigna=b.c_asigna AND a.c_asigna IN ('300113') [1][0] OK
C:[08/05/2013 10:50:51.85][186.94.53.89][1392] SELECT pre_cod_asig1,pre_cod_asig2,pre_cod_asig3,pre_cod_asig4,pre_cod_asig5,pre_cod_asig6,pre_cod_asig7 FROM tblaca009 WHERE pensum='5' AND c_uni_ca='5' AND c_asigna='355722' [1][0] OK
C:[08/05/2013 10:50:51.85][186.94.53.89][1405] SELECT c_asigna FROM dace004 WHERE exp_e='10-19728227' AND c_asigna='355691' AND status IN ('0','3','B') [1][0] OK
C:[08/05/2013 10:50:51.85][186.94.53.89][1405] SELECT c_asigna FROM dace004 WHERE exp_e='10-19728227' AND c_asigna='355595' AND status IN ('0','3','B') [1][0] OK
C:[08/05/2013 10:50:51.85][186.94.53.89][1392] SELECT pre_cod_asig1,pre_cod_asig2,pre_cod_asig3,pre_cod_asig4,pre_cod_asig5,pre_cod_asig6,pre_cod_asig7 FROM tblaca009 WHERE pensum='5' AND c_uni_ca='5' AND c_asigna='355720' [1][0] OK
C:[08/05/2013 10:50:51.85][186.94.53.89][1405] SELECT c_asigna FROM dace004 WHERE exp_e='10-19728227' AND c_asigna='355692' AND status IN ('0','3','B') [1][0] OK
C:[08/05/2013 10:50:51.85][186.94.53.89][1405] SELECT c_asigna FROM dace004 WHERE exp_e='10-19728227' AND c_asigna='355696' AND status IN ('0','3','B') [1][0] OK
C:[08/05/2013 10:50:51.85][186.94.53.89][1392] SELECT pre_cod_asig1,pre_cod_asig2,pre_cod_asig3,pre_cod_asig4,pre_cod_asig5,pre_cod_asig6,pre_cod_asig7 FROM tblaca009 WHERE pensum='5' AND c_uni_ca='5' AND c_asigna='355721' [1][0] OK
C:[08/05/2013 10:50:51.85][186.94.53.89][1405] SELECT c_asigna FROM dace004 WHERE exp_e='10-19728227' AND c_asigna='355693' AND status IN ('0','3','B') [1][0] OK
C:[08/05/2013 10:50:51.85][186.94.53.89][1405] SELECT c_asigna FROM dace004 WHERE exp_e='10-19728227' AND c_asigna='355696' AND status IN ('0','3','B') [1][0] OK
C:[08/05/2013 10:50:51.85][186.94.53.89][1392] SELECT pre_cod_asig1,pre_cod_asig2,pre_cod_asig3,pre_cod_asig4,pre_cod_asig5,pre_cod_asig6,pre_cod_asig7 FROM tblaca009 WHERE pensum='5' AND c_uni_ca='5' AND c_asigna='355723' [1][0] OK
C:[08/05/2013 10:50:51.85][186.94.53.89][1405] SELECT c_asigna FROM dace004 WHERE exp_e='10-19728227' AND c_asigna='355694' AND status IN ('0','3','B') [1][0] OK
C:[08/05/2013 10:50:51.85][186.94.53.89][1392] SELECT pre_cod_asig1,pre_cod_asig2,pre_cod_asig3,pre_cod_asig4,pre_cod_asig5,pre_cod_asig6,pre_cod_asig7 FROM tblaca009 WHERE pensum='5' AND c_uni_ca='5' AND c_asigna='355724' [1][0] OK
C:[08/05/2013 10:50:51.85][186.94.53.89][1405] SELECT c_asigna FROM dace004 WHERE exp_e='10-19728227' AND c_asigna='355692' AND status IN ('0','3','B') [1][0] OK
C:[08/05/2013 10:50:51.85][186.94.53.89][1392] SELECT pre_cod_asig1,pre_cod_asig2,pre_cod_asig3,pre_cod_asig4,pre_cod_asig5,pre_cod_asig6,pre_cod_asig7 FROM tblaca009 WHERE pensum='5' AND c_uni_ca='5' AND c_asigna='355725' [1][0] OK
C:[08/05/2013 10:50:51.85][186.94.53.89][1405] SELECT c_asigna FROM dace004 WHERE exp_e='10-19728227' AND c_asigna='355693' AND status IN ('0','3','B') [1][0] OK
C:[08/05/2013 10:50:51.85][186.94.53.89][1405] SELECT c_asigna FROM dace004 WHERE exp_e='10-19728227' AND c_asigna='355692' AND status IN ('0','3','B') [1][0] OK
C:[08/05/2013 10:50:51.85][186.94.53.89][1392] SELECT pre_cod_asig1,pre_cod_asig2,pre_cod_asig3,pre_cod_asig4,pre_cod_asig5,pre_cod_asig6,pre_cod_asig7 FROM tblaca009 WHERE pensum='5' AND c_uni_ca='5' AND c_asigna='355835' [1][0] OK
C:[08/05/2013 10:50:51.85][186.94.53.89][1405] SELECT c_asigna FROM dace004 WHERE exp_e='10-19728227' AND c_asigna='355691' AND status IN ('0','3','B') [1][0] OK
C:[08/05/2013 10:50:51.22][186.94.53.89][1436] SELECT par_cod_asig1,par_cod_asig2,par_cod_asig3 FROM tblaca009 WHERE pensum='5' AND c_uni_ca='5' AND c_asigna='355722' [1][0] OK
C:[08/05/2013 10:50:51.22][186.94.53.89][1436] SELECT par_cod_asig1,par_cod_asig2,par_cod_asig3 FROM tblaca009 WHERE pensum='5' AND c_uni_ca='5' AND c_asigna='355720' [1][0] OK
C:[08/05/2013 10:50:51.22][186.94.53.89][1436] SELECT par_cod_asig1,par_cod_asig2,par_cod_asig3 FROM tblaca009 WHERE pensum='5' AND c_uni_ca='5' AND c_asigna='355721' [1][0] OK
C:[08/05/2013 10:50:51.22][186.94.53.89][1436] SELECT par_cod_asig1,par_cod_asig2,par_cod_asig3 FROM tblaca009 WHERE pensum='5' AND c_uni_ca='5' AND c_asigna='355723' [1][0] OK
C:[08/05/2013 10:50:51.22][186.94.53.89][1436] SELECT par_cod_asig1,par_cod_asig2,par_cod_asig3 FROM tblaca009 WHERE pensum='5' AND c_uni_ca='5' AND c_asigna='355724' [1][0] OK
C:[08/05/2013 10:50:51.22][186.94.53.89][1436] SELECT par_cod_asig1,par_cod_asig2,par_cod_asig3 FROM tblaca009 WHERE pensum='5' AND c_uni_ca='5' AND c_asigna='355725' [1][0] OK
C:[08/05/2013 10:50:51.22][186.94.53.89][1436] SELECT par_cod_asig1,par_cod_asig2,par_cod_asig3 FROM tblaca009 WHERE pensum='5' AND c_uni_ca='5' AND c_asigna='355835' [1][0] OK
C:[08/05/2013 10:50:52.11][186.94.53.89][1566] SELECT horas_lab FROM tblaca008 WHERE c_asigna='355722' AND horas_teoricas > 0 [1][0] OK
C:[08/05/2013 10:50:52.22][186.94.53.89][1600] SELECT sum(u_creditos*1) FROM dace006 a, tblaca009 b WHERE a.exp_e='10-19728227' AND a.lapso='2013-1' AND b.pensum='5' AND b.c_uni_ca='5' AND status IN ('7','A','2') AND a.c_asigna=b.c_asigna  [1][0] OK
C:[08/05/2013 10:50:52.60][186.94.53.89][1619] SELECT sum(u_creditos*1) FROM dace006 a, tblaca009 b WHERE a.exp_e='10-19728227' AND a.lapso='2013-1' AND b.pensum='5' AND b.c_uni_ca='5' AND status IN ('7','A','2') AND a.c_asigna=b.c_asigna AND a.c_asigna IN ('355720','355721','355723','355724','355725','355835') [1][0] OK
C:[08/05/2013 10:50:52.53][186.94.53.89][1635] SELECT MAX(semestre) FROM dace006 a, tblaca009 b WHERE a.exp_e='10-19728227' AND a.lapso='2013-1' AND b.pensum='5' AND b.c_uni_ca='5' AND status IN ('7','A','2') AND a.c_asigna=b.c_asigna  [1][0] OK
C:[08/05/2013 10:50:52.91][186.94.53.89][1655] SELECT MIN(semestre) FROM dace006 a, tblaca009 b WHERE a.exp_e='10-19728227' AND a.lapso='2013-1' AND b.pensum='5' AND b.c_uni_ca='5' AND status IN ('7','A','2') AND a.c_asigna=b.c_asigna AND a.c_asigna IN ('355722') [1][0] OK
C:[08/05/2013 10:52:18.51][186.94.53.89][1392] SELECT pre_cod_asig1,pre_cod_asig2,pre_cod_asig3,pre_cod_asig4,pre_cod_asig5,pre_cod_asig6,pre_cod_asig7 FROM tblaca009 WHERE pensum='5' AND c_uni_ca='5' AND c_asigna='355722' [1][0] OK
C:[08/05/2013 10:52:18.51][186.94.53.89][1405] SELECT c_asigna FROM dace004 WHERE exp_e='10-21325937' AND c_asigna='355691' AND status IN ('0','3','B') [1][0] OK
C:[08/05/2013 10:52:18.51][186.94.53.89][1405] SELECT c_asigna FROM dace004 WHERE exp_e='10-21325937' AND c_asigna='355595' AND status IN ('0','3','B') [1][0] OK
C:[08/05/2013 10:52:18.51][186.94.53.89][1392] SELECT pre_cod_asig1,pre_cod_asig2,pre_cod_asig3,pre_cod_asig4,pre_cod_asig5,pre_cod_asig6,pre_cod_asig7 FROM tblaca009 WHERE pensum='5' AND c_uni_ca='5' AND c_asigna='355720' [1][0] OK
C:[08/05/2013 10:52:18.51][186.94.53.89][1405] SELECT c_asigna FROM dace004 WHERE exp_e='10-21325937' AND c_asigna='355692' AND status IN ('0','3','B') [1][0] OK
C:[08/05/2013 10:52:18.51][186.94.53.89][1405] SELECT c_asigna FROM dace004 WHERE exp_e='10-21325937' AND c_asigna='355696' AND status IN ('0','3','B') [1][0] OK
C:[08/05/2013 10:52:18.51][186.94.53.89][1392] SELECT pre_cod_asig1,pre_cod_asig2,pre_cod_asig3,pre_cod_asig4,pre_cod_asig5,pre_cod_asig6,pre_cod_asig7 FROM tblaca009 WHERE pensum='5' AND c_uni_ca='5' AND c_asigna='355721' [1][0] OK
C:[08/05/2013 10:52:18.51][186.94.53.89][1405] SELECT c_asigna FROM dace004 WHERE exp_e='10-21325937' AND c_asigna='355693' AND status IN ('0','3','B') [1][0] OK
C:[08/05/2013 10:52:18.51][186.94.53.89][1405] SELECT c_asigna FROM dace004 WHERE exp_e='10-21325937' AND c_asigna='355696' AND status IN ('0','3','B') [1][0] OK
C:[08/05/2013 10:52:18.51][186.94.53.89][1392] SELECT pre_cod_asig1,pre_cod_asig2,pre_cod_asig3,pre_cod_asig4,pre_cod_asig5,pre_cod_asig6,pre_cod_asig7 FROM tblaca009 WHERE pensum='5' AND c_uni_ca='5' AND c_asigna='355723' [1][0] OK
C:[08/05/2013 10:52:18.51][186.94.53.89][1405] SELECT c_asigna FROM dace004 WHERE exp_e='10-21325937' AND c_asigna='355694' AND status IN ('0','3','B') [1][0] OK
C:[08/05/2013 10:52:18.51][186.94.53.89][1392] SELECT pre_cod_asig1,pre_cod_asig2,pre_cod_asig3,pre_cod_asig4,pre_cod_asig5,pre_cod_asig6,pre_cod_asig7 FROM tblaca009 WHERE pensum='5' AND c_uni_ca='5' AND c_asigna='355724' [1][0] OK
C:[08/05/2013 10:52:18.51][186.94.53.89][1405] SELECT c_asigna FROM dace004 WHERE exp_e='10-21325937' AND c_asigna='355692' AND status IN ('0','3','B') [1][0] OK
C:[08/05/2013 10:52:18.51][186.94.53.89][1392] SELECT pre_cod_asig1,pre_cod_asig2,pre_cod_asig3,pre_cod_asig4,pre_cod_asig5,pre_cod_asig6,pre_cod_asig7 FROM tblaca009 WHERE pensum='5' AND c_uni_ca='5' AND c_asigna='355725' [1][0] OK
C:[08/05/2013 10:52:18.51][186.94.53.89][1405] SELECT c_asigna FROM dace004 WHERE exp_e='10-21325937' AND c_asigna='355693' AND status IN ('0','3','B') [1][0] OK
C:[08/05/2013 10:52:18.51][186.94.53.89][1405] SELECT c_asigna FROM dace004 WHERE exp_e='10-21325937' AND c_asigna='355692' AND status IN ('0','3','B') [1][0] OK
C:[08/05/2013 10:52:18.51][186.94.53.89][1392] SELECT pre_cod_asig1,pre_cod_asig2,pre_cod_asig3,pre_cod_asig4,pre_cod_asig5,pre_cod_asig6,pre_cod_asig7 FROM tblaca009 WHERE pensum='5' AND c_uni_ca='5' AND c_asigna='355835' [1][0] OK
C:[08/05/2013 10:52:18.51][186.94.53.89][1405] SELECT c_asigna FROM dace004 WHERE exp_e='10-21325937' AND c_asigna='355691' AND status IN ('0','3','B') [1][0] OK
C:[08/05/2013 10:52:19.76][186.94.53.89][1436] SELECT par_cod_asig1,par_cod_asig2,par_cod_asig3 FROM tblaca009 WHERE pensum='5' AND c_uni_ca='5' AND c_asigna='355722' [1][0] OK
C:[08/05/2013 10:52:19.76][186.94.53.89][1436] SELECT par_cod_asig1,par_cod_asig2,par_cod_asig3 FROM tblaca009 WHERE pensum='5' AND c_uni_ca='5' AND c_asigna='355720' [1][0] OK
C:[08/05/2013 10:52:19.76][186.94.53.89][1436] SELECT par_cod_asig1,par_cod_asig2,par_cod_asig3 FROM tblaca009 WHERE pensum='5' AND c_uni_ca='5' AND c_asigna='355721' [1][0] OK
C:[08/05/2013 10:52:19.76][186.94.53.89][1436] SELECT par_cod_asig1,par_cod_asig2,par_cod_asig3 FROM tblaca009 WHERE pensum='5' AND c_uni_ca='5' AND c_asigna='355723' [1][0] OK
C:[08/05/2013 10:52:19.76][186.94.53.89][1436] SELECT par_cod_asig1,par_cod_asig2,par_cod_asig3 FROM tblaca009 WHERE pensum='5' AND c_uni_ca='5' AND c_asigna='355724' [1][0] OK
C:[08/05/2013 10:52:19.76][186.94.53.89][1436] SELECT par_cod_asig1,par_cod_asig2,par_cod_asig3 FROM tblaca009 WHERE pensum='5' AND c_uni_ca='5' AND c_asigna='355725' [1][0] OK
C:[08/05/2013 10:52:19.76][186.94.53.89][1436] SELECT par_cod_asig1,par_cod_asig2,par_cod_asig3 FROM tblaca009 WHERE pensum='5' AND c_uni_ca='5' AND c_asigna='355835' [1][0] OK
C:[08/05/2013 10:52:19.65][186.94.53.89][1566] SELECT horas_lab FROM tblaca008 WHERE c_asigna='355722' AND horas_teoricas > 0 [1][0] OK
C:[08/05/2013 10:52:19.76][186.94.53.89][1600] SELECT sum(u_creditos*1) FROM dace006 a, tblaca009 b WHERE a.exp_e='10-21325937' AND a.lapso='2013-1' AND b.pensum='5' AND b.c_uni_ca='5' AND status IN ('7','A','2') AND a.c_asigna=b.c_asigna  [1][0] OK
C:[08/05/2013 10:52:19.13][186.94.53.89][1619] SELECT sum(u_creditos*1) FROM dace006 a, tblaca009 b WHERE a.exp_e='10-21325937' AND a.lapso='2013-1' AND b.pensum='5' AND b.c_uni_ca='5' AND status IN ('7','A','2') AND a.c_asigna=b.c_asigna AND a.c_asigna IN ('355720','355721','355723','355724','355725','355835') [1][0] OK
C:[08/05/2013 10:52:19.07][186.94.53.89][1635] SELECT MAX(semestre) FROM dace006 a, tblaca009 b WHERE a.exp_e='10-21325937' AND a.lapso='2013-1' AND b.pensum='5' AND b.c_uni_ca='5' AND status IN ('7','A','2') AND a.c_asigna=b.c_asigna  [1][0] OK
C:[08/05/2013 10:52:19.45][186.94.53.89][1655] SELECT MIN(semestre) FROM dace006 a, tblaca009 b WHERE a.exp_e='10-21325937' AND a.lapso='2013-1' AND b.pensum='5' AND b.c_uni_ca='5' AND status IN ('7','A','2') AND a.c_asigna=b.c_asigna AND a.c_asigna IN ('355722') [1][0] OK
C:[08/05/2013 10:57:23.87][186.94.53.89][1392] SELECT pre_cod_asig1,pre_cod_asig2,pre_cod_asig3,pre_cod_asig4,pre_cod_asig5,pre_cod_asig6,pre_cod_asig7 FROM tblaca009 WHERE pensum='5' AND c_uni_ca='5' AND c_asigna='355722' [1][0] OK
C:[08/05/2013 10:57:23.87][186.94.53.89][1405] SELECT c_asigna FROM dace004 WHERE exp_e='10-20079848' AND c_asigna='355691' AND status IN ('0','3','B') [1][0] OK
C:[08/05/2013 10:57:23.87][186.94.53.89][1405] SELECT c_asigna FROM dace004 WHERE exp_e='10-20079848' AND c_asigna='355595' AND status IN ('0','3','B') [1][0] OK
C:[08/05/2013 10:57:23.87][186.94.53.89][1392] SELECT pre_cod_asig1,pre_cod_asig2,pre_cod_asig3,pre_cod_asig4,pre_cod_asig5,pre_cod_asig6,pre_cod_asig7 FROM tblaca009 WHERE pensum='5' AND c_uni_ca='5' AND c_asigna='355720' [1][0] OK
C:[08/05/2013 10:57:23.87][186.94.53.89][1405] SELECT c_asigna FROM dace004 WHERE exp_e='10-20079848' AND c_asigna='355692' AND status IN ('0','3','B') [1][0] OK
C:[08/05/2013 10:57:23.87][186.94.53.89][1405] SELECT c_asigna FROM dace004 WHERE exp_e='10-20079848' AND c_asigna='355696' AND status IN ('0','3','B') [1][0] OK
C:[08/05/2013 10:57:23.87][186.94.53.89][1392] SELECT pre_cod_asig1,pre_cod_asig2,pre_cod_asig3,pre_cod_asig4,pre_cod_asig5,pre_cod_asig6,pre_cod_asig7 FROM tblaca009 WHERE pensum='5' AND c_uni_ca='5' AND c_asigna='355721' [1][0] OK
C:[08/05/2013 10:57:23.87][186.94.53.89][1405] SELECT c_asigna FROM dace004 WHERE exp_e='10-20079848' AND c_asigna='355693' AND status IN ('0','3','B') [1][0] OK
C:[08/05/2013 10:57:23.87][186.94.53.89][1405] SELECT c_asigna FROM dace004 WHERE exp_e='10-20079848' AND c_asigna='355696' AND status IN ('0','3','B') [1][0] OK
C:[08/05/2013 10:57:23.87][186.94.53.89][1392] SELECT pre_cod_asig1,pre_cod_asig2,pre_cod_asig3,pre_cod_asig4,pre_cod_asig5,pre_cod_asig6,pre_cod_asig7 FROM tblaca009 WHERE pensum='5' AND c_uni_ca='5' AND c_asigna='355723' [1][0] OK
C:[08/05/2013 10:57:23.87][186.94.53.89][1405] SELECT c_asigna FROM dace004 WHERE exp_e='10-20079848' AND c_asigna='355694' AND status IN ('0','3','B') [1][0] OK
C:[08/05/2013 10:57:23.87][186.94.53.89][1392] SELECT pre_cod_asig1,pre_cod_asig2,pre_cod_asig3,pre_cod_asig4,pre_cod_asig5,pre_cod_asig6,pre_cod_asig7 FROM tblaca009 WHERE pensum='5' AND c_uni_ca='5' AND c_asigna='355725' [1][0] OK
C:[08/05/2013 10:57:23.87][186.94.53.89][1405] SELECT c_asigna FROM dace004 WHERE exp_e='10-20079848' AND c_asigna='355693' AND status IN ('0','3','B') [1][0] OK
C:[08/05/2013 10:57:23.87][186.94.53.89][1405] SELECT c_asigna FROM dace004 WHERE exp_e='10-20079848' AND c_asigna='355692' AND status IN ('0','3','B') [1][0] OK
C:[08/05/2013 10:57:23.87][186.94.53.89][1392] SELECT pre_cod_asig1,pre_cod_asig2,pre_cod_asig3,pre_cod_asig4,pre_cod_asig5,pre_cod_asig6,pre_cod_asig7 FROM tblaca009 WHERE pensum='5' AND c_uni_ca='5' AND c_asigna='355724' [1][0] OK
C:[08/05/2013 10:57:23.87][186.94.53.89][1405] SELECT c_asigna FROM dace004 WHERE exp_e='10-20079848' AND c_asigna='355692' AND status IN ('0','3','B') [1][0] OK
C:[08/05/2013 10:57:23.87][186.94.53.89][1392] SELECT pre_cod_asig1,pre_cod_asig2,pre_cod_asig3,pre_cod_asig4,pre_cod_asig5,pre_cod_asig6,pre_cod_asig7 FROM tblaca009 WHERE pensum='5' AND c_uni_ca='5' AND c_asigna='355835' [1][0] OK
C:[08/05/2013 10:57:23.87][186.94.53.89][1405] SELECT c_asigna FROM dace004 WHERE exp_e='10-20079848' AND c_asigna='355691' AND status IN ('0','3','B') [1][0] OK
C:[08/05/2013 10:57:23.12][186.94.53.89][1436] SELECT par_cod_asig1,par_cod_asig2,par_cod_asig3 FROM tblaca009 WHERE pensum='5' AND c_uni_ca='5' AND c_asigna='355722' [1][0] OK
C:[08/05/2013 10:57:23.12][186.94.53.89][1436] SELECT par_cod_asig1,par_cod_asig2,par_cod_asig3 FROM tblaca009 WHERE pensum='5' AND c_uni_ca='5' AND c_asigna='355720' [1][0] OK
C:[08/05/2013 10:57:23.12][186.94.53.89][1436] SELECT par_cod_asig1,par_cod_asig2,par_cod_asig3 FROM tblaca009 WHERE pensum='5' AND c_uni_ca='5' AND c_asigna='355721' [1][0] OK
C:[08/05/2013 10:57:23.12][186.94.53.89][1436] SELECT par_cod_asig1,par_cod_asig2,par_cod_asig3 FROM tblaca009 WHERE pensum='5' AND c_uni_ca='5' AND c_asigna='355723' [1][0] OK
C:[08/05/2013 10:57:23.12][186.94.53.89][1436] SELECT par_cod_asig1,par_cod_asig2,par_cod_asig3 FROM tblaca009 WHERE pensum='5' AND c_uni_ca='5' AND c_asigna='355725' [1][0] OK
C:[08/05/2013 10:57:23.12][186.94.53.89][1436] SELECT par_cod_asig1,par_cod_asig2,par_cod_asig3 FROM tblaca009 WHERE pensum='5' AND c_uni_ca='5' AND c_asigna='355724' [1][0] OK
C:[08/05/2013 10:57:23.12][186.94.53.89][1436] SELECT par_cod_asig1,par_cod_asig2,par_cod_asig3 FROM tblaca009 WHERE pensum='5' AND c_uni_ca='5' AND c_asigna='355835' [1][0] OK
C:[08/05/2013 10:57:24.01][186.94.53.89][1566] SELECT horas_lab FROM tblaca008 WHERE c_asigna='355722' AND horas_teoricas > 0 [1][0] OK
C:[08/05/2013 10:57:24.12][186.94.53.89][1600] SELECT sum(u_creditos*1) FROM dace006 a, tblaca009 b WHERE a.exp_e='10-20079848' AND a.lapso='2013-1' AND b.pensum='5' AND b.c_uni_ca='5' AND status IN ('7','A','2') AND a.c_asigna=b.c_asigna  [1][0] OK
C:[08/05/2013 10:57:24.49][186.94.53.89][1619] SELECT sum(u_creditos*1) FROM dace006 a, tblaca009 b WHERE a.exp_e='10-20079848' AND a.lapso='2013-1' AND b.pensum='5' AND b.c_uni_ca='5' AND status IN ('7','A','2') AND a.c_asigna=b.c_asigna AND a.c_asigna IN ('355720','355721','355723','355725','355724','355835') [1][0] OK
C:[08/05/2013 10:57:24.87][186.94.53.89][1635] SELECT MAX(semestre) FROM dace006 a, tblaca009 b WHERE a.exp_e='10-20079848' AND a.lapso='2013-1' AND b.pensum='5' AND b.c_uni_ca='5' AND status IN ('7','A','2') AND a.c_asigna=b.c_asigna  [1][0] OK
C:[08/05/2013 10:57:24.25][186.94.53.89][1655] SELECT MIN(semestre) FROM dace006 a, tblaca009 b WHERE a.exp_e='10-20079848' AND a.lapso='2013-1' AND b.pensum='5' AND b.c_uni_ca='5' AND status IN ('7','A','2') AND a.c_asigna=b.c_asigna AND a.c_asigna IN ('355722') [1][0] OK
C:[08/05/2013 11:05:46.40][190.94.207.138][1392] SELECT pre_cod_asig1,pre_cod_asig2,pre_cod_asig3,pre_cod_asig4,pre_cod_asig5,pre_cod_asig6,pre_cod_asig7 FROM tblaca009 WHERE pensum='5' AND c_uni_ca='6' AND c_asigna='300101' [1][0] OK
C:[08/05/2013 11:05:46.40][190.94.207.138][1392] SELECT pre_cod_asig1,pre_cod_asig2,pre_cod_asig3,pre_cod_asig4,pre_cod_asig5,pre_cod_asig6,pre_cod_asig7 FROM tblaca009 WHERE pensum='5' AND c_uni_ca='6' AND c_asigna='300112' [1][0] OK
C:[08/05/2013 11:05:46.65][190.94.207.138][1436] SELECT par_cod_asig1,par_cod_asig2,par_cod_asig3 FROM tblaca009 WHERE pensum='5' AND c_uni_ca='6' AND c_asigna='300101' [1][0] OK
C:[08/05/2013 11:05:46.65][190.94.207.138][1436] SELECT par_cod_asig1,par_cod_asig2,par_cod_asig3 FROM tblaca009 WHERE pensum='5' AND c_uni_ca='6' AND c_asigna='300112' [1][0] OK
C:[08/05/2013 11:05:46.92][190.94.207.138][1600] SELECT sum(u_creditos*1) FROM dace006 a, tblaca009 b WHERE a.exp_e='06-16009899' AND a.lapso='2013-1' AND b.pensum='5' AND b.c_uni_ca='6' AND status IN ('7','A','2') AND a.c_asigna=b.c_asigna  [1][0] OK
C:[08/05/2013 11:05:47.84][190.94.207.138][1619] SELECT sum(u_creditos*1) FROM dace006 a, tblaca009 b WHERE a.exp_e='06-16009899' AND a.lapso='2013-1' AND b.pensum='5' AND b.c_uni_ca='6' AND status IN ('7','A','2') AND a.c_asigna=b.c_asigna AND a.c_asigna IN ('300101','300112') [1][0] OK
C:[08/05/2013 11:05:47.21][190.94.207.138][1635] SELECT MAX(semestre) FROM dace006 a, tblaca009 b WHERE a.exp_e='06-16009899' AND a.lapso='2013-1' AND b.pensum='5' AND b.c_uni_ca='6' AND status IN ('7','A','2') AND a.c_asigna=b.c_asigna  [1][0] OK
C:[08/05/2013 11:11:10.12][190.94.207.138][1392] SELECT pre_cod_asig1,pre_cod_asig2,pre_cod_asig3,pre_cod_asig4,pre_cod_asig5,pre_cod_asig6,pre_cod_asig7 FROM tblaca009 WHERE pensum='5' AND c_uni_ca='6' AND c_asigna='300101' [1][0] OK
C:[08/05/2013 11:11:10.12][190.94.207.138][1392] SELECT pre_cod_asig1,pre_cod_asig2,pre_cod_asig3,pre_cod_asig4,pre_cod_asig5,pre_cod_asig6,pre_cod_asig7 FROM tblaca009 WHERE pensum='5' AND c_uni_ca='6' AND c_asigna='300112' [1][0] OK
C:[08/05/2013 11:11:10.93][190.94.207.138][1436] SELECT par_cod_asig1,par_cod_asig2,par_cod_asig3 FROM tblaca009 WHERE pensum='5' AND c_uni_ca='6' AND c_asigna='300101' [1][0] OK
C:[08/05/2013 11:11:10.93][190.94.207.138][1436] SELECT par_cod_asig1,par_cod_asig2,par_cod_asig3 FROM tblaca009 WHERE pensum='5' AND c_uni_ca='6' AND c_asigna='300112' [1][0] OK
C:[08/05/2013 11:11:10.20][190.94.207.138][1600] SELECT sum(u_creditos*1) FROM dace006 a, tblaca009 b WHERE a.exp_e='06-16009899' AND a.lapso='2013-1' AND b.pensum='5' AND b.c_uni_ca='6' AND status IN ('7','A','2') AND a.c_asigna=b.c_asigna  [1][0] OK
C:[08/05/2013 11:11:10.56][190.94.207.138][1619] SELECT sum(u_creditos*1) FROM dace006 a, tblaca009 b WHERE a.exp_e='06-16009899' AND a.lapso='2013-1' AND b.pensum='5' AND b.c_uni_ca='6' AND status IN ('7','A','2') AND a.c_asigna=b.c_asigna AND a.c_asigna IN ('300101','300112') [1][0] OK
C:[08/05/2013 11:11:10.93][190.94.207.138][1635] SELECT MAX(semestre) FROM dace006 a, tblaca009 b WHERE a.exp_e='06-16009899' AND a.lapso='2013-1' AND b.pensum='5' AND b.c_uni_ca='6' AND status IN ('7','A','2') AND a.c_asigna=b.c_asigna  [1][0] OK
C:[08/05/2013 11:16:49.01][190.94.207.138][1392] SELECT pre_cod_asig1,pre_cod_asig2,pre_cod_asig3,pre_cod_asig4,pre_cod_asig5,pre_cod_asig6,pre_cod_asig7 FROM tblaca009 WHERE pensum='5' AND c_uni_ca='6' AND c_asigna='300101' [1][0] OK
C:[08/05/2013 11:16:49.01][190.94.207.138][1392] SELECT pre_cod_asig1,pre_cod_asig2,pre_cod_asig3,pre_cod_asig4,pre_cod_asig5,pre_cod_asig6,pre_cod_asig7 FROM tblaca009 WHERE pensum='5' AND c_uni_ca='6' AND c_asigna='300112' [1][0] OK
C:[08/05/2013 11:16:49.26][190.94.207.138][1436] SELECT par_cod_asig1,par_cod_asig2,par_cod_asig3 FROM tblaca009 WHERE pensum='5' AND c_uni_ca='6' AND c_asigna='300101' [1][0] OK
C:[08/05/2013 11:16:49.26][190.94.207.138][1436] SELECT par_cod_asig1,par_cod_asig2,par_cod_asig3 FROM tblaca009 WHERE pensum='5' AND c_uni_ca='6' AND c_asigna='300112' [1][0] OK
C:[08/05/2013 11:16:49.53][190.94.207.138][1600] SELECT sum(u_creditos*1) FROM dace006 a, tblaca009 b WHERE a.exp_e='06-16009899' AND a.lapso='2013-1' AND b.pensum='5' AND b.c_uni_ca='6' AND status IN ('7','A','2') AND a.c_asigna=b.c_asigna  [1][0] OK
C:[08/05/2013 11:16:49.89][190.94.207.138][1619] SELECT sum(u_creditos*1) FROM dace006 a, tblaca009 b WHERE a.exp_e='06-16009899' AND a.lapso='2013-1' AND b.pensum='5' AND b.c_uni_ca='6' AND status IN ('7','A','2') AND a.c_asigna=b.c_asigna AND a.c_asigna IN ('300101','300112') [1][0] OK
C:[08/05/2013 11:16:49.26][190.94.207.138][1635] SELECT MAX(semestre) FROM dace006 a, tblaca009 b WHERE a.exp_e='06-16009899' AND a.lapso='2013-1' AND b.pensum='5' AND b.c_uni_ca='6' AND status IN ('7','A','2') AND a.c_asigna=b.c_asigna  [1][0] OK
C:[08/05/2013 11:29:02.21][190.207.32.165][1392] SELECT pre_cod_asig1,pre_cod_asig2,pre_cod_asig3,pre_cod_asig4,pre_cod_asig5,pre_cod_asig6,pre_cod_asig7 FROM tblaca009 WHERE pensum='5' AND c_uni_ca='5' AND c_asigna='355722' [1][0] OK
C:[08/05/2013 11:29:02.21][190.207.32.165][1405] SELECT c_asigna FROM dace004 WHERE exp_e='10-19303512' AND c_asigna='355691' AND status IN ('0','3','B') [1][0] OK
C:[08/05/2013 11:29:02.21][190.207.32.165][1405] SELECT c_asigna FROM dace004 WHERE exp_e='10-19303512' AND c_asigna='355595' AND status IN ('0','3','B') [1][0] OK
C:[08/05/2013 11:29:02.21][190.207.32.165][1392] SELECT pre_cod_asig1,pre_cod_asig2,pre_cod_asig3,pre_cod_asig4,pre_cod_asig5,pre_cod_asig6,pre_cod_asig7 FROM tblaca009 WHERE pensum='5' AND c_uni_ca='5' AND c_asigna='355723' [1][0] OK
C:[08/05/2013 11:29:02.21][190.207.32.165][1405] SELECT c_asigna FROM dace004 WHERE exp_e='10-19303512' AND c_asigna='355694' AND status IN ('0','3','B') [1][0] OK
C:[08/05/2013 11:29:02.21][190.207.32.165][1392] SELECT pre_cod_asig1,pre_cod_asig2,pre_cod_asig3,pre_cod_asig4,pre_cod_asig5,pre_cod_asig6,pre_cod_asig7 FROM tblaca009 WHERE pensum='5' AND c_uni_ca='5' AND c_asigna='355724' [1][0] OK
C:[08/05/2013 11:29:02.21][190.207.32.165][1405] SELECT c_asigna FROM dace004 WHERE exp_e='10-19303512' AND c_asigna='355692' AND status IN ('0','3','B') [1][0] OK
C:[08/05/2013 11:29:02.21][190.207.32.165][1392] SELECT pre_cod_asig1,pre_cod_asig2,pre_cod_asig3,pre_cod_asig4,pre_cod_asig5,pre_cod_asig6,pre_cod_asig7 FROM tblaca009 WHERE pensum='5' AND c_uni_ca='5' AND c_asigna='355725' [1][0] OK
C:[08/05/2013 11:29:02.21][190.207.32.165][1405] SELECT c_asigna FROM dace004 WHERE exp_e='10-19303512' AND c_asigna='355693' AND status IN ('0','3','B') [1][0] OK
C:[08/05/2013 11:29:02.21][190.207.32.165][1405] SELECT c_asigna FROM dace004 WHERE exp_e='10-19303512' AND c_asigna='355692' AND status IN ('0','3','B') [1][0] OK
C:[08/05/2013 11:29:02.21][190.207.32.165][1392] SELECT pre_cod_asig1,pre_cod_asig2,pre_cod_asig3,pre_cod_asig4,pre_cod_asig5,pre_cod_asig6,pre_cod_asig7 FROM tblaca009 WHERE pensum='5' AND c_uni_ca='5' AND c_asigna='355720' [1][0] OK
C:[08/05/2013 11:29:02.21][190.207.32.165][1405] SELECT c_asigna FROM dace004 WHERE exp_e='10-19303512' AND c_asigna='355692' AND status IN ('0','3','B') [1][0] OK
C:[08/05/2013 11:29:02.21][190.207.32.165][1405] SELECT c_asigna FROM dace004 WHERE exp_e='10-19303512' AND c_asigna='355696' AND status IN ('0','3','B') [1][0] OK
C:[08/05/2013 11:29:02.21][190.207.32.165][1392] SELECT pre_cod_asig1,pre_cod_asig2,pre_cod_asig3,pre_cod_asig4,pre_cod_asig5,pre_cod_asig6,pre_cod_asig7 FROM tblaca009 WHERE pensum='5' AND c_uni_ca='5' AND c_asigna='355721' [1][0] OK
C:[08/05/2013 11:29:02.21][190.207.32.165][1405] SELECT c_asigna FROM dace004 WHERE exp_e='10-19303512' AND c_asigna='355693' AND status IN ('0','3','B') [1][0] OK
C:[08/05/2013 11:29:02.21][190.207.32.165][1405] SELECT c_asigna FROM dace004 WHERE exp_e='10-19303512' AND c_asigna='355696' AND status IN ('0','3','B') [1][0] OK
C:[08/05/2013 11:29:02.21][190.207.32.165][1392] SELECT pre_cod_asig1,pre_cod_asig2,pre_cod_asig3,pre_cod_asig4,pre_cod_asig5,pre_cod_asig6,pre_cod_asig7 FROM tblaca009 WHERE pensum='5' AND c_uni_ca='5' AND c_asigna='355835' [1][0] OK
C:[08/05/2013 11:29:02.21][190.207.32.165][1405] SELECT c_asigna FROM dace004 WHERE exp_e='10-19303512' AND c_asigna='355691' AND status IN ('0','3','B') [1][0] OK
C:[08/05/2013 11:29:02.46][190.207.32.165][1436] SELECT par_cod_asig1,par_cod_asig2,par_cod_asig3 FROM tblaca009 WHERE pensum='5' AND c_uni_ca='5' AND c_asigna='355722' [1][0] OK
C:[08/05/2013 11:29:02.46][190.207.32.165][1436] SELECT par_cod_asig1,par_cod_asig2,par_cod_asig3 FROM tblaca009 WHERE pensum='5' AND c_uni_ca='5' AND c_asigna='355723' [1][0] OK
C:[08/05/2013 11:29:02.46][190.207.32.165][1436] SELECT par_cod_asig1,par_cod_asig2,par_cod_asig3 FROM tblaca009 WHERE pensum='5' AND c_uni_ca='5' AND c_asigna='355724' [1][0] OK
C:[08/05/2013 11:29:02.46][190.207.32.165][1436] SELECT par_cod_asig1,par_cod_asig2,par_cod_asig3 FROM tblaca009 WHERE pensum='5' AND c_uni_ca='5' AND c_asigna='355725' [1][0] OK
C:[08/05/2013 11:29:02.46][190.207.32.165][1436] SELECT par_cod_asig1,par_cod_asig2,par_cod_asig3 FROM tblaca009 WHERE pensum='5' AND c_uni_ca='5' AND c_asigna='355720' [1][0] OK
C:[08/05/2013 11:29:02.46][190.207.32.165][1436] SELECT par_cod_asig1,par_cod_asig2,par_cod_asig3 FROM tblaca009 WHERE pensum='5' AND c_uni_ca='5' AND c_asigna='355721' [1][0] OK
C:[08/05/2013 11:29:02.46][190.207.32.165][1436] SELECT par_cod_asig1,par_cod_asig2,par_cod_asig3 FROM tblaca009 WHERE pensum='5' AND c_uni_ca='5' AND c_asigna='355835' [1][0] OK
C:[08/05/2013 11:29:03.34][190.207.32.165][1566] SELECT horas_lab FROM tblaca008 WHERE c_asigna='355722' AND horas_teoricas > 0 [1][0] OK
C:[08/05/2013 11:29:03.45][190.207.32.165][1600] SELECT sum(u_creditos*1) FROM dace006 a, tblaca009 b WHERE a.exp_e='10-19303512' AND a.lapso='2013-1' AND b.pensum='5' AND b.c_uni_ca='5' AND status IN ('7','A','2') AND a.c_asigna=b.c_asigna  [1][0] OK
C:[08/05/2013 11:29:03.83][190.207.32.165][1619] SELECT sum(u_creditos*1) FROM dace006 a, tblaca009 b WHERE a.exp_e='10-19303512' AND a.lapso='2013-1' AND b.pensum='5' AND b.c_uni_ca='5' AND status IN ('7','A','2') AND a.c_asigna=b.c_asigna AND a.c_asigna IN ('355723','355724','355725','355720','355721','355835') [1][0] OK
C:[08/05/2013 11:29:03.76][190.207.32.165][1635] SELECT MAX(semestre) FROM dace006 a, tblaca009 b WHERE a.exp_e='10-19303512' AND a.lapso='2013-1' AND b.pensum='5' AND b.c_uni_ca='5' AND status IN ('7','A','2') AND a.c_asigna=b.c_asigna  [1][0] OK
C:[08/05/2013 11:29:03.70][190.207.32.165][1655] SELECT MIN(semestre) FROM dace006 a, tblaca009 b WHERE a.exp_e='10-19303512' AND a.lapso='2013-1' AND b.pensum='5' AND b.c_uni_ca='5' AND status IN ('7','A','2') AND a.c_asigna=b.c_asigna AND a.c_asigna IN ('355722') [1][0] OK
C:[08/05/2013 11:39:29.47][190.94.207.138][1392] SELECT pre_cod_asig1,pre_cod_asig2,pre_cod_asig3,pre_cod_asig4,pre_cod_asig5,pre_cod_asig6,pre_cod_asig7 FROM tblaca009 WHERE pensum='5' AND c_uni_ca='6' AND c_asigna='300101' [1][0] OK
C:[08/05/2013 11:39:29.47][190.94.207.138][1392] SELECT pre_cod_asig1,pre_cod_asig2,pre_cod_asig3,pre_cod_asig4,pre_cod_asig5,pre_cod_asig6,pre_cod_asig7 FROM tblaca009 WHERE pensum='5' AND c_uni_ca='6' AND c_asigna='300112' [1][0] OK
C:[08/05/2013 11:39:29.72][190.94.207.138][1436] SELECT par_cod_asig1,par_cod_asig2,par_cod_asig3 FROM tblaca009 WHERE pensum='5' AND c_uni_ca='6' AND c_asigna='300101' [1][0] OK
C:[08/05/2013 11:39:29.72][190.94.207.138][1436] SELECT par_cod_asig1,par_cod_asig2,par_cod_asig3 FROM tblaca009 WHERE pensum='5' AND c_uni_ca='6' AND c_asigna='300112' [1][0] OK
C:[08/05/2013 11:39:29.98][190.94.207.138][1600] SELECT sum(u_creditos*1) FROM dace006 a, tblaca009 b WHERE a.exp_e='06-16009899' AND a.lapso='2013-1' AND b.pensum='5' AND b.c_uni_ca='6' AND status IN ('7','A','2') AND a.c_asigna=b.c_asigna  [1][0] OK
C:[08/05/2013 11:39:29.59][190.94.207.138][1619] SELECT sum(u_creditos*1) FROM dace006 a, tblaca009 b WHERE a.exp_e='06-16009899' AND a.lapso='2013-1' AND b.pensum='5' AND b.c_uni_ca='6' AND status IN ('7','A','2') AND a.c_asigna=b.c_asigna AND a.c_asigna IN ('300101','300112') [1][0] OK
C:[08/05/2013 11:39:29.09][190.94.207.138][1635] SELECT MAX(semestre) FROM dace006 a, tblaca009 b WHERE a.exp_e='06-16009899' AND a.lapso='2013-1' AND b.pensum='5' AND b.c_uni_ca='6' AND status IN ('7','A','2') AND a.c_asigna=b.c_asigna  [1][0] OK
C:[08/05/2013 11:56:01.97][190.94.249.220][1392] SELECT pre_cod_asig1,pre_cod_asig2,pre_cod_asig3,pre_cod_asig4,pre_cod_asig5,pre_cod_asig6,pre_cod_asig7 FROM tblaca009 WHERE pensum='5' AND c_uni_ca='6' AND c_asigna='300314' [1][0] OK
C:[08/05/2013 11:56:01.97][190.94.249.220][1405] SELECT c_asigna FROM dace004 WHERE exp_e='12-24134852' AND c_asigna='300106' AND status IN ('0','3','B') [1][0] OK
C:[08/05/2013 11:56:01.97][190.94.249.220][1392] SELECT pre_cod_asig1,pre_cod_asig2,pre_cod_asig3,pre_cod_asig4,pre_cod_asig5,pre_cod_asig6,pre_cod_asig7 FROM tblaca009 WHERE pensum='5' AND c_uni_ca='6' AND c_asigna='300101' [1][0] OK
C:[08/05/2013 11:56:01.97][190.94.249.220][1392] SELECT pre_cod_asig1,pre_cod_asig2,pre_cod_asig3,pre_cod_asig4,pre_cod_asig5,pre_cod_asig6,pre_cod_asig7 FROM tblaca009 WHERE pensum='5' AND c_uni_ca='6' AND c_asigna='300222' [1][0] OK
C:[08/05/2013 11:56:01.97][190.94.249.220][1405] SELECT c_asigna FROM dace004 WHERE exp_e='12-24134852' AND c_asigna='300112' AND status IN ('0','3','B') [1][0] OK
C:[08/05/2013 11:56:01.97][190.94.249.220][1392] SELECT pre_cod_asig1,pre_cod_asig2,pre_cod_asig3,pre_cod_asig4,pre_cod_asig5,pre_cod_asig6,pre_cod_asig7 FROM tblaca009 WHERE pensum='5' AND c_uni_ca='6' AND c_asigna='300226' [1][0] OK
C:[08/05/2013 11:56:01.97][190.94.249.220][1405] SELECT c_asigna FROM dace004 WHERE exp_e='12-24134852' AND c_asigna='300116' AND status IN ('0','3','B') [1][0] OK
C:[08/05/2013 11:56:01.97][190.94.249.220][1392] SELECT pre_cod_asig1,pre_cod_asig2,pre_cod_asig3,pre_cod_asig4,pre_cod_asig5,pre_cod_asig6,pre_cod_asig7 FROM tblaca009 WHERE pensum='5' AND c_uni_ca='6' AND c_asigna='340327' [1][0] OK
C:[08/05/2013 11:56:01.97][190.94.249.220][1405] SELECT c_asigna FROM dace004 WHERE exp_e='12-24134852' AND c_asigna='300013' AND status IN ('0','3','B') [1][0] OK
C:[08/05/2013 11:56:01.97][190.94.249.220][1405] SELECT c_asigna FROM dace004 WHERE exp_e='12-24134852' AND c_asigna='300113' AND status IN ('0','3','B') [1][0] OK
C:[08/05/2013 11:56:01.22][190.94.249.220][1436] SELECT par_cod_asig1,par_cod_asig2,par_cod_asig3 FROM tblaca009 WHERE pensum='5' AND c_uni_ca='6' AND c_asigna='300314' [1][0] OK
C:[08/05/2013 11:56:01.22][190.94.249.220][1436] SELECT par_cod_asig1,par_cod_asig2,par_cod_asig3 FROM tblaca009 WHERE pensum='5' AND c_uni_ca='6' AND c_asigna='300101' [1][0] OK
C:[08/05/2013 11:56:01.22][190.94.249.220][1436] SELECT par_cod_asig1,par_cod_asig2,par_cod_asig3 FROM tblaca009 WHERE pensum='5' AND c_uni_ca='6' AND c_asigna='300222' [1][0] OK
C:[08/05/2013 11:56:01.22][190.94.249.220][1436] SELECT par_cod_asig1,par_cod_asig2,par_cod_asig3 FROM tblaca009 WHERE pensum='5' AND c_uni_ca='6' AND c_asigna='300226' [1][0] OK
C:[08/05/2013 11:56:01.22][190.94.249.220][1436] SELECT par_cod_asig1,par_cod_asig2,par_cod_asig3 FROM tblaca009 WHERE pensum='5' AND c_uni_ca='6' AND c_asigna='340327' [1][0] OK
C:[08/05/2013 11:56:02.86][190.94.249.220][1566] SELECT horas_lab FROM tblaca008 WHERE c_asigna='300314' AND horas_teoricas > 0 [0][0] OK
C:[08/05/2013 11:56:02.97][190.94.249.220][1600] SELECT sum(u_creditos*1) FROM dace006 a, tblaca009 b WHERE a.exp_e='12-24134852' AND a.lapso='2013-1' AND b.pensum='5' AND b.c_uni_ca='6' AND status IN ('7','A','2') AND a.c_asigna=b.c_asigna  [1][0] OK
C:[08/05/2013 11:56:02.35][190.94.249.220][1619] SELECT sum(u_creditos*1) FROM dace006 a, tblaca009 b WHERE a.exp_e='12-24134852' AND a.lapso='2013-1' AND b.pensum='5' AND b.c_uni_ca='6' AND status IN ('7','A','2') AND a.c_asigna=b.c_asigna AND a.c_asigna IN ('300101','300222','300226','340327') [1][0] OK
C:[08/05/2013 11:56:02.72][190.94.249.220][1635] SELECT MAX(semestre) FROM dace006 a, tblaca009 b WHERE a.exp_e='12-24134852' AND a.lapso='2013-1' AND b.pensum='5' AND b.c_uni_ca='6' AND status IN ('7','A','2') AND a.c_asigna=b.c_asigna  [1][0] OK
C:[08/05/2013 11:56:02.09][190.94.249.220][1655] SELECT MIN(semestre) FROM dace006 a, tblaca009 b WHERE a.exp_e='12-24134852' AND a.lapso='2013-1' AND b.pensum='5' AND b.c_uni_ca='6' AND status IN ('7','A','2') AND a.c_asigna=b.c_asigna AND a.c_asigna IN ('300314') [1][0] OK
C:[08/05/2013 21:24:03.98][181.182.183.196][1392] SELECT pre_cod_asig1,pre_cod_asig2,pre_cod_asig3,pre_cod_asig4,pre_cod_asig5,pre_cod_asig6,pre_cod_asig7 FROM tblaca009 WHERE pensum='5' AND c_uni_ca='2' AND c_asigna='322669' [1][0] OK
C:[08/05/2013 21:24:03.98][181.182.183.196][1405] SELECT c_asigna FROM dace004 WHERE exp_e='10-21497657' AND c_asigna='322558' AND status IN ('0','3','B') [1][0] OK
C:[08/05/2013 21:24:03.98][181.182.183.196][1405] SELECT c_asigna FROM dace004 WHERE exp_e='10-21497657' AND c_asigna='323528' AND status IN ('0','3','B') [1][0] OK
C:[08/05/2013 21:24:03.98][181.182.183.196][1392] SELECT pre_cod_asig1,pre_cod_asig2,pre_cod_asig3,pre_cod_asig4,pre_cod_asig5,pre_cod_asig6,pre_cod_asig7 FROM tblaca009 WHERE pensum='5' AND c_uni_ca='2' AND c_asigna='322550' [1][0] OK
C:[08/05/2013 21:24:03.98][181.182.183.196][1405] SELECT c_asigna FROM dace004 WHERE exp_e='10-21497657' AND c_asigna='322433' AND status IN ('0','3','B') [1][0] OK
C:[08/05/2013 21:24:03.98][181.182.183.196][1392] SELECT pre_cod_asig1,pre_cod_asig2,pre_cod_asig3,pre_cod_asig4,pre_cod_asig5,pre_cod_asig6,pre_cod_asig7 FROM tblaca009 WHERE pensum='5' AND c_uni_ca='2' AND c_asigna='322559' [1][0] OK
C:[08/05/2013 21:24:03.98][181.182.183.196][1405] SELECT c_asigna FROM dace004 WHERE exp_e='10-21497657' AND c_asigna='300428' AND status IN ('0','3','B') [1][0] OK
C:[08/05/2013 21:24:03.98][181.182.183.196][1405] SELECT c_asigna FROM dace004 WHERE exp_e='10-21497657' AND c_asigna='322436' AND status IN ('0','3','B') [1][0] OK
C:[08/05/2013 21:24:03.98][181.182.183.196][1392] SELECT pre_cod_asig1,pre_cod_asig2,pre_cod_asig3,pre_cod_asig4,pre_cod_asig5,pre_cod_asig6,pre_cod_asig7 FROM tblaca009 WHERE pensum='5' AND c_uni_ca='2' AND c_asigna='322560' [1][0] OK
C:[08/05/2013 21:24:03.98][181.182.183.196][1392] SELECT pre_cod_asig1,pre_cod_asig2,pre_cod_asig3,pre_cod_asig4,pre_cod_asig5,pre_cod_asig6,pre_cod_asig7 FROM tblaca009 WHERE pensum='5' AND c_uni_ca='2' AND c_asigna='300676' [1][0] OK
C:[08/05/2013 21:24:04.23][181.182.183.196][1436] SELECT par_cod_asig1,par_cod_asig2,par_cod_asig3 FROM tblaca009 WHERE pensum='5' AND c_uni_ca='2' AND c_asigna='322669' [1][0] OK
C:[08/05/2013 21:24:04.23][181.182.183.196][1436] SELECT par_cod_asig1,par_cod_asig2,par_cod_asig3 FROM tblaca009 WHERE pensum='5' AND c_uni_ca='2' AND c_asigna='322550' [1][0] OK
C:[08/05/2013 21:24:04.23][181.182.183.196][1436] SELECT par_cod_asig1,par_cod_asig2,par_cod_asig3 FROM tblaca009 WHERE pensum='5' AND c_uni_ca='2' AND c_asigna='322559' [1][0] OK
C:[08/05/2013 21:24:04.23][181.182.183.196][1436] SELECT par_cod_asig1,par_cod_asig2,par_cod_asig3 FROM tblaca009 WHERE pensum='5' AND c_uni_ca='2' AND c_asigna='322560' [1][0] OK
C:[08/05/2013 21:24:04.23][181.182.183.196][1450] SELECT c_asigna FROM dace004 WHERE exp_e='10-21497657' AND c_asigna='323528' AND status IN ('0','3','B','C') [1][0] OK
C:[08/05/2013 21:24:04.23][181.182.183.196][1436] SELECT par_cod_asig1,par_cod_asig2,par_cod_asig3 FROM tblaca009 WHERE pensum='5' AND c_uni_ca='2' AND c_asigna='300676' [1][0] OK
C:[08/05/2013 21:24:04.99][181.182.183.196][1566] SELECT horas_lab FROM tblaca008 WHERE c_asigna='322669' AND horas_teoricas > 0 [1][0] OK
C:[08/05/2013 21:24:04.10][181.182.183.196][1600] SELECT sum(u_creditos*1) FROM dace006 a, tblaca009 b WHERE a.exp_e='10-21497657' AND a.lapso='2013-1' AND b.pensum='5' AND b.c_uni_ca='2' AND status IN ('7','A','2') AND a.c_asigna=b.c_asigna  [1][0] OK
C:[08/05/2013 21:24:04.47][181.182.183.196][1619] SELECT sum(u_creditos*1) FROM dace006 a, tblaca009 b WHERE a.exp_e='10-21497657' AND a.lapso='2013-1' AND b.pensum='5' AND b.c_uni_ca='2' AND status IN ('7','A','2') AND a.c_asigna=b.c_asigna AND a.c_asigna IN ('322550','322559','322560','300676') [1][0] OK
C:[08/05/2013 21:24:04.85][181.182.183.196][1635] SELECT MAX(semestre) FROM dace006 a, tblaca009 b WHERE a.exp_e='10-21497657' AND a.lapso='2013-1' AND b.pensum='5' AND b.c_uni_ca='2' AND status IN ('7','A','2') AND a.c_asigna=b.c_asigna  [1][0] OK
C:[08/05/2013 21:24:04.22][181.182.183.196][1655] SELECT MIN(semestre) FROM dace006 a, tblaca009 b WHERE a.exp_e='10-21497657' AND a.lapso='2013-1' AND b.pensum='5' AND b.c_uni_ca='2' AND status IN ('7','A','2') AND a.c_asigna=b.c_asigna AND a.c_asigna IN ('322669') [1][0] OK
C:[08/05/2013 21:45:54.28][190.94.235.24][1392] SELECT pre_cod_asig1,pre_cod_asig2,pre_cod_asig3,pre_cod_asig4,pre_cod_asig5,pre_cod_asig6,pre_cod_asig7 FROM tblaca009 WHERE pensum='5' AND c_uni_ca='5' AND c_asigna='300676' [1][0] OK
C:[08/05/2013 21:45:54.28][190.94.235.24][1392] SELECT pre_cod_asig1,pre_cod_asig2,pre_cod_asig3,pre_cod_asig4,pre_cod_asig5,pre_cod_asig6,pre_cod_asig7 FROM tblaca009 WHERE pensum='5' AND c_uni_ca='5' AND c_asigna='355573' [1][0] OK
C:[08/05/2013 21:45:54.28][190.94.235.24][1405] SELECT c_asigna FROM dace004 WHERE exp_e='11-24847626' AND c_asigna='355448' AND status IN ('0','3','B') [1][0] OK
C:[08/05/2013 21:45:54.28][190.94.235.24][1392] SELECT pre_cod_asig1,pre_cod_asig2,pre_cod_asig3,pre_cod_asig4,pre_cod_asig5,pre_cod_asig6,pre_cod_asig7 FROM tblaca009 WHERE pensum='5' AND c_uni_ca='5' AND c_asigna='355595' [1][0] OK
C:[08/05/2013 21:45:54.28][190.94.235.24][1405] SELECT c_asigna FROM dace004 WHERE exp_e='11-24847626' AND c_asigna='351451' AND status IN ('0','3','B') [1][0] OK
C:[08/05/2013 21:45:54.28][190.94.235.24][1405] SELECT c_asigna FROM dace004 WHERE exp_e='11-24847626' AND c_asigna='355350' AND status IN ('0','3','B') [1][0] OK
C:[08/05/2013 21:45:54.28][190.94.235.24][1405] SELECT c_asigna FROM dace004 WHERE exp_e='11-24847626' AND c_asigna='300318' AND status IN ('0','3','B') [1][0] OK
C:[08/05/2013 21:45:54.28][190.94.235.24][1392] SELECT pre_cod_asig1,pre_cod_asig2,pre_cod_asig3,pre_cod_asig4,pre_cod_asig5,pre_cod_asig6,pre_cod_asig7 FROM tblaca009 WHERE pensum='5' AND c_uni_ca='5' AND c_asigna='355691' [1][0] OK
C:[08/05/2013 21:45:54.28][190.94.235.24][1405] SELECT c_asigna FROM dace004 WHERE exp_e='11-24847626' AND c_asigna='355571' AND status IN ('0','3','B') [1][0] OK
C:[08/05/2013 21:45:54.28][190.94.235.24][1392] SELECT pre_cod_asig1,pre_cod_asig2,pre_cod_asig3,pre_cod_asig4,pre_cod_asig5,pre_cod_asig6,pre_cod_asig7 FROM tblaca009 WHERE pensum='5' AND c_uni_ca='5' AND c_asigna='355692' [1][0] OK
C:[08/05/2013 21:45:54.28][190.94.235.24][1405] SELECT c_asigna FROM dace004 WHERE exp_e='11-24847626' AND c_asigna='355448' AND status IN ('0','3','B') [1][0] OK
C:[08/05/2013 21:45:54.28][190.94.235.24][1405] SELECT c_asigna FROM dace004 WHERE exp_e='11-24847626' AND c_asigna='355570' AND status IN ('0','3','B') [1][0] OK
C:[08/05/2013 21:45:54.28][190.94.235.24][1392] SELECT pre_cod_asig1,pre_cod_asig2,pre_cod_asig3,pre_cod_asig4,pre_cod_asig5,pre_cod_asig6,pre_cod_asig7 FROM tblaca009 WHERE pensum='5' AND c_uni_ca='5' AND c_asigna='355694' [1][0] OK
C:[08/05/2013 21:45:54.28][190.94.235.24][1405] SELECT c_asigna FROM dace004 WHERE exp_e='11-24847626' AND c_asigna='355572' AND status IN ('0','3','B') [1][0] OK
C:[08/05/2013 21:45:54.28][190.94.235.24][1405] SELECT c_asigna FROM dace004 WHERE exp_e='11-24847626' AND c_asigna='355571' AND status IN ('0','3','B') [1][0] OK
C:[08/05/2013 21:45:54.28][190.94.235.24][1392] SELECT pre_cod_asig1,pre_cod_asig2,pre_cod_asig3,pre_cod_asig4,pre_cod_asig5,pre_cod_asig6,pre_cod_asig7 FROM tblaca009 WHERE pensum='5' AND c_uni_ca='5' AND c_asigna='355696' [1][0] OK
C:[08/05/2013 21:45:54.28][190.94.235.24][1405] SELECT c_asigna FROM dace004 WHERE exp_e='11-24847626' AND c_asigna='355570' AND status IN ('0','3','B') [1][0] OK
C:[08/05/2013 21:45:54.28][190.94.235.24][1405] SELECT c_asigna FROM dace004 WHERE exp_e='11-24847626' AND c_asigna='355571' AND status IN ('0','3','B') [1][0] OK
C:[08/05/2013 21:45:54.53][190.94.235.24][1436] SELECT par_cod_asig1,par_cod_asig2,par_cod_asig3 FROM tblaca009 WHERE pensum='5' AND c_uni_ca='5' AND c_asigna='300676' [1][0] OK
C:[08/05/2013 21:45:54.53][190.94.235.24][1436] SELECT par_cod_asig1,par_cod_asig2,par_cod_asig3 FROM tblaca009 WHERE pensum='5' AND c_uni_ca='5' AND c_asigna='355573' [1][0] OK
C:[08/05/2013 21:45:54.53][190.94.235.24][1436] SELECT par_cod_asig1,par_cod_asig2,par_cod_asig3 FROM tblaca009 WHERE pensum='5' AND c_uni_ca='5' AND c_asigna='355595' [1][0] OK
C:[08/05/2013 21:45:54.53][190.94.235.24][1436] SELECT par_cod_asig1,par_cod_asig2,par_cod_asig3 FROM tblaca009 WHERE pensum='5' AND c_uni_ca='5' AND c_asigna='355691' [1][0] OK
C:[08/05/2013 21:45:54.53][190.94.235.24][1436] SELECT par_cod_asig1,par_cod_asig2,par_cod_asig3 FROM tblaca009 WHERE pensum='5' AND c_uni_ca='5' AND c_asigna='355692' [1][0] OK
C:[08/05/2013 21:45:54.53][190.94.235.24][1436] SELECT par_cod_asig1,par_cod_asig2,par_cod_asig3 FROM tblaca009 WHERE pensum='5' AND c_uni_ca='5' AND c_asigna='355694' [1][0] OK
C:[08/05/2013 21:45:54.53][190.94.235.24][1436] SELECT par_cod_asig1,par_cod_asig2,par_cod_asig3 FROM tblaca009 WHERE pensum='5' AND c_uni_ca='5' AND c_asigna='355696' [1][0] OK
C:[08/05/2013 21:45:55.41][190.94.235.24][1566] SELECT horas_lab FROM tblaca008 WHERE c_asigna='300676' AND horas_teoricas > 0 [1][0] OK
C:[08/05/2013 21:45:55.52][190.94.235.24][1600] SELECT sum(u_creditos*1) FROM dace006 a, tblaca009 b WHERE a.exp_e='11-24847626' AND a.lapso='2013-1' AND b.pensum='5' AND b.c_uni_ca='5' AND status IN ('7','A','2') AND a.c_asigna=b.c_asigna  [1][0] OK
C:[08/05/2013 21:45:55.46][190.94.235.24][1619] SELECT sum(u_creditos*1) FROM dace006 a, tblaca009 b WHERE a.exp_e='11-24847626' AND a.lapso='2013-1' AND b.pensum='5' AND b.c_uni_ca='5' AND status IN ('7','A','2') AND a.c_asigna=b.c_asigna AND a.c_asigna IN ('355573','355595','355691','355692','355694','355696') [1][0] OK
C:[08/05/2013 21:45:55.40][190.94.235.24][1635] SELECT MAX(semestre) FROM dace006 a, tblaca009 b WHERE a.exp_e='11-24847626' AND a.lapso='2013-1' AND b.pensum='5' AND b.c_uni_ca='5' AND status IN ('7','A','2') AND a.c_asigna=b.c_asigna  [1][0] OK
C:[08/05/2013 21:45:55.77][190.94.235.24][1655] SELECT MIN(semestre) FROM dace006 a, tblaca009 b WHERE a.exp_e='11-24847626' AND a.lapso='2013-1' AND b.pensum='5' AND b.c_uni_ca='5' AND status IN ('7','A','2') AND a.c_asigna=b.c_asigna AND a.c_asigna IN ('300676') [1][0] OK
C:[09/05/2013 01:49:22.87][186.94.58.81][1392] SELECT pre_cod_asig1,pre_cod_asig2,pre_cod_asig3,pre_cod_asig4,pre_cod_asig5,pre_cod_asig6,pre_cod_asig7 FROM tblaca009 WHERE pensum='5' AND c_uni_ca='4' AND c_asigna='333059' [1][0] OK
C:[09/05/2013 01:49:22.87][186.94.58.81][1392] SELECT pre_cod_asig1,pre_cod_asig2,pre_cod_asig3,pre_cod_asig4,pre_cod_asig5,pre_cod_asig6,pre_cod_asig7 FROM tblaca009 WHERE pensum='5' AND c_uni_ca='4' AND c_asigna='334781' [1][0] OK
C:[09/05/2013 01:49:22.87][186.94.58.81][1405] SELECT c_asigna FROM dace004 WHERE exp_e='09-23701022' AND c_asigna='333444' AND status IN ('0','3','B') [1][0] OK
C:[09/05/2013 01:49:22.87][186.94.58.81][1405] SELECT c_asigna FROM dace004 WHERE exp_e='09-23701022' AND c_asigna='300209' AND status IN ('0','3','B') [1][0] OK
C:[09/05/2013 01:49:22.87][186.94.58.81][1405] SELECT c_asigna FROM dace004 WHERE exp_e='09-23701022' AND c_asigna='300313' AND status IN ('0','3','B') [1][0] OK
C:[09/05/2013 01:49:22.87][186.94.58.81][1405] SELECT c_asigna FROM dace004 WHERE exp_e='09-23701022' AND c_asigna='300222' AND status IN ('0','3','B') [1][0] OK
C:[09/05/2013 01:49:22.87][186.94.58.81][1405] SELECT c_asigna FROM dace004 WHERE exp_e='09-23701022' AND c_asigna='300226' AND status IN ('0','3','B') [1][0] OK
C:[09/05/2013 01:49:22.87][186.94.58.81][1405] SELECT c_asigna FROM dace004 WHERE exp_e='09-23701022' AND c_asigna='300317' AND status IN ('0','3','B') [1][0] OK
C:[09/05/2013 01:49:22.87][186.94.58.81][1392] SELECT pre_cod_asig1,pre_cod_asig2,pre_cod_asig3,pre_cod_asig4,pre_cod_asig5,pre_cod_asig6,pre_cod_asig7 FROM tblaca009 WHERE pensum='5' AND c_uni_ca='4' AND c_asigna='333809' [1][0] OK
C:[09/05/2013 01:49:22.87][186.94.58.81][1405] SELECT c_asigna FROM dace004 WHERE exp_e='09-23701022' AND c_asigna='333683' AND status IN ('0','3','B') [1][0] OK
C:[09/05/2013 01:49:22.87][186.94.58.81][1405] SELECT c_asigna FROM dace004 WHERE exp_e='09-23701022' AND c_asigna='333710' AND status IN ('0','3','B') [1][0] OK
C:[09/05/2013 01:49:22.87][186.94.58.81][1392] SELECT pre_cod_asig1,pre_cod_asig2,pre_cod_asig3,pre_cod_asig4,pre_cod_asig5,pre_cod_asig6,pre_cod_asig7 FROM tblaca009 WHERE pensum='5' AND c_uni_ca='4' AND c_asigna='333830' [1][0] OK
C:[09/05/2013 01:49:22.87][186.94.58.81][1405] SELECT c_asigna FROM dace004 WHERE exp_e='09-23701022' AND c_asigna='333710' AND status IN ('0','3','B') [1][0] OK
C:[09/05/2013 01:49:22.87][186.94.58.81][1405] SELECT c_asigna FROM dace004 WHERE exp_e='09-23701022' AND c_asigna='333782' AND status IN ('0','3','B') [1][0] OK
C:[09/05/2013 01:49:22.87][186.94.58.81][1392] SELECT pre_cod_asig1,pre_cod_asig2,pre_cod_asig3,pre_cod_asig4,pre_cod_asig5,pre_cod_asig6,pre_cod_asig7 FROM tblaca009 WHERE pensum='5' AND c_uni_ca='4' AND c_asigna='333831' [1][0] OK
C:[09/05/2013 01:49:22.87][186.94.58.81][1405] SELECT c_asigna FROM dace004 WHERE exp_e='09-23701022' AND c_asigna='333611' AND status IN ('0','3','B') [1][0] OK
C:[09/05/2013 01:49:22.87][186.94.58.81][1392] SELECT pre_cod_asig1,pre_cod_asig2,pre_cod_asig3,pre_cod_asig4,pre_cod_asig5,pre_cod_asig6,pre_cod_asig7 FROM tblaca009 WHERE pensum='5' AND c_uni_ca='4' AND c_asigna='300870' [1][0] OK
C:[09/05/2013 01:49:22.87][186.94.58.81][1392] SELECT pre_cod_asig1,pre_cod_asig2,pre_cod_asig3,pre_cod_asig4,pre_cod_asig5,pre_cod_asig6,pre_cod_asig7 FROM tblaca009 WHERE pensum='5' AND c_uni_ca='4' AND c_asigna='333053' [1][0] OK
C:[09/05/2013 01:49:23.24][186.94.58.81][1436] SELECT par_cod_asig1,par_cod_asig2,par_cod_asig3 FROM tblaca009 WHERE pensum='5' AND c_uni_ca='4' AND c_asigna='333059' [1][0] OK
C:[09/05/2013 01:49:23.24][186.94.58.81][1436] SELECT par_cod_asig1,par_cod_asig2,par_cod_asig3 FROM tblaca009 WHERE pensum='5' AND c_uni_ca='4' AND c_asigna='334781' [1][0] OK
C:[09/05/2013 01:49:23.24][186.94.58.81][1436] SELECT par_cod_asig1,par_cod_asig2,par_cod_asig3 FROM tblaca009 WHERE pensum='5' AND c_uni_ca='4' AND c_asigna='333809' [1][0] OK
C:[09/05/2013 01:49:23.24][186.94.58.81][1436] SELECT par_cod_asig1,par_cod_asig2,par_cod_asig3 FROM tblaca009 WHERE pensum='5' AND c_uni_ca='4' AND c_asigna='333830' [1][0] OK
C:[09/05/2013 01:49:23.24][186.94.58.81][1436] SELECT par_cod_asig1,par_cod_asig2,par_cod_asig3 FROM tblaca009 WHERE pensum='5' AND c_uni_ca='4' AND c_asigna='333831' [1][0] OK
C:[09/05/2013 01:49:23.24][186.94.58.81][1436] SELECT par_cod_asig1,par_cod_asig2,par_cod_asig3 FROM tblaca009 WHERE pensum='5' AND c_uni_ca='4' AND c_asigna='300870' [1][0] OK
C:[09/05/2013 01:49:23.24][186.94.58.81][1436] SELECT par_cod_asig1,par_cod_asig2,par_cod_asig3 FROM tblaca009 WHERE pensum='5' AND c_uni_ca='4' AND c_asigna='333053' [1][0] OK
C:[09/05/2013 01:49:23.12][186.94.58.81][1566] SELECT horas_lab FROM tblaca008 WHERE c_asigna='333059' AND horas_teoricas > 0 [1][0] OK
C:[09/05/2013 01:49:23.24][186.94.58.81][1600] SELECT sum(u_creditos*1) FROM dace006 a, tblaca009 b WHERE a.exp_e='09-23701022' AND a.lapso='2013-1' AND b.pensum='5' AND b.c_uni_ca='4' AND status IN ('7','A','2') AND a.c_asigna=b.c_asigna  [1][0] OK
C:[09/05/2013 01:49:23.61][186.94.58.81][1619] SELECT sum(u_creditos*1) FROM dace006 a, tblaca009 b WHERE a.exp_e='09-23701022' AND a.lapso='2013-1' AND b.pensum='5' AND b.c_uni_ca='4' AND status IN ('7','A','2') AND a.c_asigna=b.c_asigna AND a.c_asigna IN ('334781','333809','333830','333831','300870','333053') [1][0] OK
C:[09/05/2013 01:49:23.55][186.94.58.81][1635] SELECT MAX(semestre) FROM dace006 a, tblaca009 b WHERE a.exp_e='09-23701022' AND a.lapso='2013-1' AND b.pensum='5' AND b.c_uni_ca='4' AND status IN ('7','A','2') AND a.c_asigna=b.c_asigna  [1][0] OK
C:[09/05/2013 01:49:24.92][186.94.58.81][1655] SELECT MIN(semestre) FROM dace006 a, tblaca009 b WHERE a.exp_e='09-23701022' AND a.lapso='2013-1' AND b.pensum='5' AND b.c_uni_ca='4' AND status IN ('7','A','2') AND a.c_asigna=b.c_asigna AND a.c_asigna IN ('333059') [1][0] OK
C:[09/05/2013 10:33:51.43][190.36.21.233][1392] SELECT pre_cod_asig1,pre_cod_asig2,pre_cod_asig3,pre_cod_asig4,pre_cod_asig5,pre_cod_asig6,pre_cod_asig7 FROM tblaca009 WHERE pensum='5' AND c_uni_ca='3' AND c_asigna='300677' [1][0] OK
C:[09/05/2013 10:33:51.43][190.36.21.233][1392] SELECT pre_cod_asig1,pre_cod_asig2,pre_cod_asig3,pre_cod_asig4,pre_cod_asig5,pre_cod_asig6,pre_cod_asig7 FROM tblaca009 WHERE pensum='5' AND c_uni_ca='3' AND c_asigna='314787' [1][0] OK
C:[09/05/2013 10:33:51.43][190.36.21.233][1405] SELECT c_asigna FROM dace004 WHERE exp_e='08-17114727' AND c_asigna='314662' AND status IN ('0','3','B') [1][0] OK
C:[09/05/2013 10:33:51.43][190.36.21.233][1392] SELECT pre_cod_asig1,pre_cod_asig2,pre_cod_asig3,pre_cod_asig4,pre_cod_asig5,pre_cod_asig6,pre_cod_asig7 FROM tblaca009 WHERE pensum='5' AND c_uni_ca='3' AND c_asigna='311430' [1][0] OK
C:[09/05/2013 10:33:51.43][190.36.21.233][1405] SELECT c_asigna FROM dace004 WHERE exp_e='08-17114727' AND c_asigna='300317' AND status IN ('0','3','B') [1][0] OK
C:[09/05/2013 10:33:51.43][190.36.21.233][1405] SELECT c_asigna FROM dace004 WHERE exp_e='08-17114727' AND c_asigna='300318' AND status IN ('0','3','B') [1][0] OK
C:[09/05/2013 10:33:51.43][190.36.21.233][1405] SELECT c_asigna FROM dace004 WHERE exp_e='08-17114727' AND c_asigna='300313' AND status IN ('0','3','B') [1][0] OK
C:[09/05/2013 10:33:51.43][190.36.21.233][1405] SELECT c_asigna FROM dace004 WHERE exp_e='08-17114727' AND c_asigna='300222' AND status IN ('0','3','B') [1][0] OK
C:[09/05/2013 10:33:51.43][190.36.21.233][1405] SELECT c_asigna FROM dace004 WHERE exp_e='08-17114727' AND c_asigna='300226' AND status IN ('0','3','B') [1][0] OK
C:[09/05/2013 10:33:51.43][190.36.21.233][1405] SELECT c_asigna FROM dace004 WHERE exp_e='08-17114727' AND c_asigna='300209' AND status IN ('0','3','B') [1][0] OK
C:[09/05/2013 10:33:51.43][190.36.21.233][1392] SELECT pre_cod_asig1,pre_cod_asig2,pre_cod_asig3,pre_cod_asig4,pre_cod_asig5,pre_cod_asig6,pre_cod_asig7 FROM tblaca009 WHERE pensum='5' AND c_uni_ca='3' AND c_asigna='311431' [1][0] OK
C:[09/05/2013 10:33:51.43][190.36.21.233][1405] SELECT c_asigna FROM dace004 WHERE exp_e='08-17114727' AND c_asigna='311320' AND status IN ('0','3','B') [1][0] OK
C:[09/05/2013 10:33:51.43][190.36.21.233][1405] SELECT c_asigna FROM dace004 WHERE exp_e='08-17114727' AND c_asigna='300013' AND status IN ('0','3','B') [1][0] OK
C:[09/05/2013 10:33:51.43][190.36.21.233][1405] SELECT c_asigna FROM dace004 WHERE exp_e='08-17114727' AND c_asigna='300113' AND status IN ('0','3','B') [1][0] OK
C:[09/05/2013 10:33:51.43][190.36.21.233][1405] SELECT c_asigna FROM dace004 WHERE exp_e='08-17114727' AND c_asigna='300222' AND status IN ('0','3','B') [1][0] OK
C:[09/05/2013 10:33:51.43][190.36.21.233][1405] SELECT c_asigna FROM dace004 WHERE exp_e='08-17114727' AND c_asigna='300226' AND status IN ('0','3','B') [1][0] OK
C:[09/05/2013 10:33:51.43][190.36.21.233][1405] SELECT c_asigna FROM dace004 WHERE exp_e='08-17114727' AND c_asigna='300209' AND status IN ('0','3','B') [1][0] OK
C:[09/05/2013 10:33:52.56][190.36.21.233][1436] SELECT par_cod_asig1,par_cod_asig2,par_cod_asig3 FROM tblaca009 WHERE pensum='5' AND c_uni_ca='3' AND c_asigna='300677' [1][0] OK
C:[09/05/2013 10:33:52.56][190.36.21.233][1436] SELECT par_cod_asig1,par_cod_asig2,par_cod_asig3 FROM tblaca009 WHERE pensum='5' AND c_uni_ca='3' AND c_asigna='314787' [1][0] OK
C:[09/05/2013 10:33:52.56][190.36.21.233][1436] SELECT par_cod_asig1,par_cod_asig2,par_cod_asig3 FROM tblaca009 WHERE pensum='5' AND c_uni_ca='3' AND c_asigna='311430' [1][0] OK
C:[09/05/2013 10:33:52.56][190.36.21.233][1436] SELECT par_cod_asig1,par_cod_asig2,par_cod_asig3 FROM tblaca009 WHERE pensum='5' AND c_uni_ca='3' AND c_asigna='311431' [1][0] OK
C:[09/05/2013 10:33:52.56][190.36.21.233][1450] SELECT c_asigna FROM dace004 WHERE exp_e='08-17114727' AND c_asigna='311430' AND status IN ('0','3','B','C') [0][0] OK
C:[09/05/2013 10:33:52.74][190.36.21.233][1566] SELECT horas_lab FROM tblaca008 WHERE c_asigna='300677' AND horas_teoricas > 0 [1][0] OK
C:[09/05/2013 10:33:52.81][190.36.21.233][1600] SELECT sum(u_creditos*1) FROM dace006 a, tblaca009 b WHERE a.exp_e='08-17114727' AND a.lapso='2013-1' AND b.pensum='5' AND b.c_uni_ca='3' AND status IN ('7','A','2') AND a.c_asigna=b.c_asigna  [1][0] OK
C:[09/05/2013 10:33:52.19][190.36.21.233][1619] SELECT sum(u_creditos*1) FROM dace006 a, tblaca009 b WHERE a.exp_e='08-17114727' AND a.lapso='2013-1' AND b.pensum='5' AND b.c_uni_ca='3' AND status IN ('7','A','2') AND a.c_asigna=b.c_asigna AND a.c_asigna IN ('314787','311430','311431') [1][0] OK
C:[09/05/2013 10:33:52.72][190.36.21.233][1635] SELECT MAX(semestre) FROM dace006 a, tblaca009 b WHERE a.exp_e='08-17114727' AND a.lapso='2013-1' AND b.pensum='5' AND b.c_uni_ca='3' AND status IN ('7','A','2') AND a.c_asigna=b.c_asigna  [1][0] OK
C:[09/05/2013 10:33:52.35][190.36.21.233][1655] SELECT MIN(semestre) FROM dace006 a, tblaca009 b WHERE a.exp_e='08-17114727' AND a.lapso='2013-1' AND b.pensum='5' AND b.c_uni_ca='3' AND status IN ('7','A','2') AND a.c_asigna=b.c_asigna AND a.c_asigna IN ('300677') [1][0] OK
C:[09/05/2013 11:05:48.24][190.73.143.81][1392] SELECT pre_cod_asig1,pre_cod_asig2,pre_cod_asig3,pre_cod_asig4,pre_cod_asig5,pre_cod_asig6,pre_cod_asig7 FROM tblaca009 WHERE pensum='5' AND c_uni_ca='5' AND c_asigna='300112' [1][0] OK
C:[09/05/2013 11:05:48.24][190.73.143.81][1392] SELECT pre_cod_asig1,pre_cod_asig2,pre_cod_asig3,pre_cod_asig4,pre_cod_asig5,pre_cod_asig6,pre_cod_asig7 FROM tblaca009 WHERE pensum='5' AND c_uni_ca='5' AND c_asigna='300116' [1][0] OK
C:[09/05/2013 11:05:48.24][190.73.143.81][1392] SELECT pre_cod_asig1,pre_cod_asig2,pre_cod_asig3,pre_cod_asig4,pre_cod_asig5,pre_cod_asig6,pre_cod_asig7 FROM tblaca009 WHERE pensum='5' AND c_uni_ca='5' AND c_asigna='300207' [1][0] OK
C:[09/05/2013 11:05:48.24][190.73.143.81][1405] SELECT c_asigna FROM dace004 WHERE exp_e='11-24120452' AND c_asigna='300101' AND status IN ('0','3','B') [1][0] OK
C:[09/05/2013 11:05:48.59][190.73.143.81][1436] SELECT par_cod_asig1,par_cod_asig2,par_cod_asig3 FROM tblaca009 WHERE pensum='5' AND c_uni_ca='5' AND c_asigna='300112' [1][0] OK
C:[09/05/2013 11:05:48.59][190.73.143.81][1436] SELECT par_cod_asig1,par_cod_asig2,par_cod_asig3 FROM tblaca009 WHERE pensum='5' AND c_uni_ca='5' AND c_asigna='300116' [1][0] OK
C:[09/05/2013 11:05:48.59][190.73.143.81][1436] SELECT par_cod_asig1,par_cod_asig2,par_cod_asig3 FROM tblaca009 WHERE pensum='5' AND c_uni_ca='5' AND c_asigna='300207' [1][0] OK
C:[09/05/2013 11:05:49.54][190.73.143.81][1566] SELECT horas_lab FROM tblaca008 WHERE c_asigna='300112' AND horas_teoricas > 0 [1][0] OK
C:[09/05/2013 11:05:49.70][190.73.143.81][1600] SELECT sum(u_creditos*1) FROM dace006 a, tblaca009 b WHERE a.exp_e='11-24120452' AND a.lapso='2013-1' AND b.pensum='5' AND b.c_uni_ca='5' AND status IN ('7','A','2') AND a.c_asigna=b.c_asigna  [1][0] OK
C:[09/05/2013 11:05:49.86][190.73.143.81][1619] SELECT sum(u_creditos*1) FROM dace006 a, tblaca009 b WHERE a.exp_e='11-24120452' AND a.lapso='2013-1' AND b.pensum='5' AND b.c_uni_ca='5' AND status IN ('7','A','2') AND a.c_asigna=b.c_asigna AND a.c_asigna IN ('300116','300207') [1][0] OK
C:[09/05/2013 11:05:49.97][190.73.143.81][1635] SELECT MAX(semestre) FROM dace006 a, tblaca009 b WHERE a.exp_e='11-24120452' AND a.lapso='2013-1' AND b.pensum='5' AND b.c_uni_ca='5' AND status IN ('7','A','2') AND a.c_asigna=b.c_asigna  [1][0] OK
C:[09/05/2013 11:05:49.03][190.73.143.81][1655] SELECT MIN(semestre) FROM dace006 a, tblaca009 b WHERE a.exp_e='11-24120452' AND a.lapso='2013-1' AND b.pensum='5' AND b.c_uni_ca='5' AND status IN ('7','A','2') AND a.c_asigna=b.c_asigna AND a.c_asigna IN ('300112') [1][0] OK
C:[09/05/2013 11:36:10.52][190.121.239.1][1392] SELECT pre_cod_asig1,pre_cod_asig2,pre_cod_asig3,pre_cod_asig4,pre_cod_asig5,pre_cod_asig6,pre_cod_asig7 FROM tblaca009 WHERE pensum='5' AND c_uni_ca='5' AND c_asigna='355691' [1][0] OK
C:[09/05/2013 11:36:10.52][190.121.239.1][1405] SELECT c_asigna FROM dace004 WHERE exp_e='08-19871046' AND c_asigna='355571' AND status IN ('0','3','B') [1][0] OK
C:[09/05/2013 11:36:10.52][190.121.239.1][1392] SELECT pre_cod_asig1,pre_cod_asig2,pre_cod_asig3,pre_cod_asig4,pre_cod_asig5,pre_cod_asig6,pre_cod_asig7 FROM tblaca009 WHERE pensum='5' AND c_uni_ca='5' AND c_asigna='355692' [1][0] OK
C:[09/05/2013 11:36:10.52][190.121.239.1][1405] SELECT c_asigna FROM dace004 WHERE exp_e='08-19871046' AND c_asigna='355448' AND status IN ('0','3','B') [1][0] OK
C:[09/05/2013 11:36:10.52][190.121.239.1][1405] SELECT c_asigna FROM dace004 WHERE exp_e='08-19871046' AND c_asigna='355570' AND status IN ('0','3','B') [1][0] OK
C:[09/05/2013 11:36:10.52][190.121.239.1][1392] SELECT pre_cod_asig1,pre_cod_asig2,pre_cod_asig3,pre_cod_asig4,pre_cod_asig5,pre_cod_asig6,pre_cod_asig7 FROM tblaca009 WHERE pensum='5' AND c_uni_ca='5' AND c_asigna='355693' [1][0] OK
C:[09/05/2013 11:36:10.52][190.121.239.1][1405] SELECT c_asigna FROM dace004 WHERE exp_e='08-19871046' AND c_asigna='355572' AND status IN ('0','3','B') [1][0] OK
C:[09/05/2013 11:36:10.52][190.121.239.1][1405] SELECT c_asigna FROM dace004 WHERE exp_e='08-19871046' AND c_asigna='352440' AND status IN ('0','3','B') [1][0] OK
C:[09/05/2013 11:36:10.52][190.121.239.1][1405] SELECT c_asigna FROM dace004 WHERE exp_e='08-19871046' AND c_asigna='355573' AND status IN ('0','3','B') [1][0] OK
C:[09/05/2013 11:36:10.52][190.121.239.1][1405] SELECT c_asigna FROM dace004 WHERE exp_e='08-19871046' AND c_asigna='300226' AND status IN ('0','3','B') [1][0] OK
C:[09/05/2013 11:36:10.52][190.121.239.1][1405] SELECT c_asigna FROM dace004 WHERE exp_e='08-19871046' AND c_asigna='300222' AND status IN ('0','3','B') [1][0] OK
C:[09/05/2013 11:36:10.52][190.121.239.1][1405] SELECT c_asigna FROM dace004 WHERE exp_e='08-19871046' AND c_asigna='300013' AND status IN ('0','3','B') [1][0] OK
C:[09/05/2013 11:36:10.52][190.121.239.1][1405] SELECT c_asigna FROM dace004 WHERE exp_e='08-19871046' AND c_asigna='300113' AND status IN ('0','3','B') [1][0] OK
C:[09/05/2013 11:36:10.52][190.121.239.1][1392] SELECT pre_cod_asig1,pre_cod_asig2,pre_cod_asig3,pre_cod_asig4,pre_cod_asig5,pre_cod_asig6,pre_cod_asig7 FROM tblaca009 WHERE pensum='5' AND c_uni_ca='5' AND c_asigna='355696' [1][0] OK
C:[09/05/2013 11:36:10.52][190.121.239.1][1405] SELECT c_asigna FROM dace004 WHERE exp_e='08-19871046' AND c_asigna='355570' AND status IN ('0','3','B') [1][0] OK
C:[09/05/2013 11:36:10.52][190.121.239.1][1405] SELECT c_asigna FROM dace004 WHERE exp_e='08-19871046' AND c_asigna='355571' AND status IN ('0','3','B') [1][0] OK
C:[09/05/2013 11:36:10.52][190.121.239.1][1392] SELECT pre_cod_asig1,pre_cod_asig2,pre_cod_asig3,pre_cod_asig4,pre_cod_asig5,pre_cod_asig6,pre_cod_asig7 FROM tblaca009 WHERE pensum='5' AND c_uni_ca='5' AND c_asigna='355723' [1][0] OK
C:[09/05/2013 11:36:10.52][190.121.239.1][1405] SELECT c_asigna FROM dace004 WHERE exp_e='08-19871046' AND c_asigna='355694' AND status IN ('0','3','B') [1][0] OK
C:[09/05/2013 11:36:10.52][190.121.239.1][1392] SELECT pre_cod_asig1,pre_cod_asig2,pre_cod_asig3,pre_cod_asig4,pre_cod_asig5,pre_cod_asig6,pre_cod_asig7 FROM tblaca009 WHERE pensum='5' AND c_uni_ca='5' AND c_asigna='300422' [1][0] OK
C:[09/05/2013 11:36:10.52][190.121.239.1][1405] SELECT c_asigna FROM dace004 WHERE exp_e='08-19871046' AND c_asigna='300105' AND status IN ('0','3','B') [1][0] OK
C:[09/05/2013 11:36:10.52][190.121.239.1][1405] SELECT c_asigna FROM dace004 WHERE exp_e='08-19871046' AND c_asigna='300314' AND status IN ('0','3','B') [1][0] OK
C:[09/05/2013 11:36:11.31][190.121.239.1][1436] SELECT par_cod_asig1,par_cod_asig2,par_cod_asig3 FROM tblaca009 WHERE pensum='5' AND c_uni_ca='5' AND c_asigna='355691' [1][0] OK
C:[09/05/2013 11:36:11.31][190.121.239.1][1436] SELECT par_cod_asig1,par_cod_asig2,par_cod_asig3 FROM tblaca009 WHERE pensum='5' AND c_uni_ca='5' AND c_asigna='355692' [1][0] OK
C:[09/05/2013 11:36:11.31][190.121.239.1][1436] SELECT par_cod_asig1,par_cod_asig2,par_cod_asig3 FROM tblaca009 WHERE pensum='5' AND c_uni_ca='5' AND c_asigna='355693' [1][0] OK
C:[09/05/2013 11:36:11.31][190.121.239.1][1436] SELECT par_cod_asig1,par_cod_asig2,par_cod_asig3 FROM tblaca009 WHERE pensum='5' AND c_uni_ca='5' AND c_asigna='355696' [1][0] OK
C:[09/05/2013 11:36:11.31][190.121.239.1][1436] SELECT par_cod_asig1,par_cod_asig2,par_cod_asig3 FROM tblaca009 WHERE pensum='5' AND c_uni_ca='5' AND c_asigna='355723' [1][0] OK
C:[09/05/2013 11:36:11.31][190.121.239.1][1436] SELECT par_cod_asig1,par_cod_asig2,par_cod_asig3 FROM tblaca009 WHERE pensum='5' AND c_uni_ca='5' AND c_asigna='300422' [1][0] OK
C:[09/05/2013 11:36:11.07][190.121.239.1][1566] SELECT horas_lab FROM tblaca008 WHERE c_asigna='355691' AND horas_teoricas > 0 [1][0] OK
C:[09/05/2013 11:36:11.18][190.121.239.1][1600] SELECT sum(u_creditos*1) FROM dace006 a, tblaca009 b WHERE a.exp_e='08-19871046' AND a.lapso='2013-1' AND b.pensum='5' AND b.c_uni_ca='5' AND status IN ('7','A','2') AND a.c_asigna=b.c_asigna  [1][0] OK
C:[09/05/2013 11:36:11.13][190.121.239.1][1619] SELECT sum(u_creditos*1) FROM dace006 a, tblaca009 b WHERE a.exp_e='08-19871046' AND a.lapso='2013-1' AND b.pensum='5' AND b.c_uni_ca='5' AND status IN ('7','A','2') AND a.c_asigna=b.c_asigna AND a.c_asigna IN ('355692','355693','355696','355723','300422') [1][0] OK
C:[09/05/2013 11:36:12.52][190.121.239.1][1635] SELECT MAX(semestre) FROM dace006 a, tblaca009 b WHERE a.exp_e='08-19871046' AND a.lapso='2013-1' AND b.pensum='5' AND b.c_uni_ca='5' AND status IN ('7','A','2') AND a.c_asigna=b.c_asigna  [1][0] OK
C:[09/05/2013 11:36:12.12][190.121.239.1][1655] SELECT MIN(semestre) FROM dace006 a, tblaca009 b WHERE a.exp_e='08-19871046' AND a.lapso='2013-1' AND b.pensum='5' AND b.c_uni_ca='5' AND status IN ('7','A','2') AND a.c_asigna=b.c_asigna AND a.c_asigna IN ('355691') [1][0] OK
C:[09/05/2013 14:32:21.63][190.201.170.194][1392] SELECT pre_cod_asig1,pre_cod_asig2,pre_cod_asig3,pre_cod_asig4,pre_cod_asig5,pre_cod_asig6,pre_cod_asig7 FROM tblaca009 WHERE pensum='5' AND c_uni_ca='4' AND c_asigna='300112' [1][0] OK
C:[09/05/2013 14:32:21.63][190.201.170.194][1392] SELECT pre_cod_asig1,pre_cod_asig2,pre_cod_asig3,pre_cod_asig4,pre_cod_asig5,pre_cod_asig6,pre_cod_asig7 FROM tblaca009 WHERE pensum='5' AND c_uni_ca='4' AND c_asigna='300013' [1][0] OK
C:[09/05/2013 14:32:21.63][190.201.170.194][1392] SELECT pre_cod_asig1,pre_cod_asig2,pre_cod_asig3,pre_cod_asig4,pre_cod_asig5,pre_cod_asig6,pre_cod_asig7 FROM tblaca009 WHERE pensum='5' AND c_uni_ca='4' AND c_asigna='300101' [1][0] OK
C:[09/05/2013 14:32:21.63][190.201.170.194][1392] SELECT pre_cod_asig1,pre_cod_asig2,pre_cod_asig3,pre_cod_asig4,pre_cod_asig5,pre_cod_asig6,pre_cod_asig7 FROM tblaca009 WHERE pensum='5' AND c_uni_ca='4' AND c_asigna='300106' [1][0] OK
C:[09/05/2013 14:32:21.63][190.201.170.194][1392] SELECT pre_cod_asig1,pre_cod_asig2,pre_cod_asig3,pre_cod_asig4,pre_cod_asig5,pre_cod_asig6,pre_cod_asig7 FROM tblaca009 WHERE pensum='5' AND c_uni_ca='4' AND c_asigna='300116' [1][0] OK
C:[09/05/2013 14:32:22.26][190.201.170.194][1436] SELECT par_cod_asig1,par_cod_asig2,par_cod_asig3 FROM tblaca009 WHERE pensum='5' AND c_uni_ca='4' AND c_asigna='300112' [1][0] OK
C:[09/05/2013 14:32:22.26][190.201.170.194][1436] SELECT par_cod_asig1,par_cod_asig2,par_cod_asig3 FROM tblaca009 WHERE pensum='5' AND c_uni_ca='4' AND c_asigna='300013' [1][0] OK
C:[09/05/2013 14:32:22.26][190.201.170.194][1436] SELECT par_cod_asig1,par_cod_asig2,par_cod_asig3 FROM tblaca009 WHERE pensum='5' AND c_uni_ca='4' AND c_asigna='300101' [1][0] OK
C:[09/05/2013 14:32:22.26][190.201.170.194][1436] SELECT par_cod_asig1,par_cod_asig2,par_cod_asig3 FROM tblaca009 WHERE pensum='5' AND c_uni_ca='4' AND c_asigna='300106' [1][0] OK
C:[09/05/2013 14:32:22.26][190.201.170.194][1436] SELECT par_cod_asig1,par_cod_asig2,par_cod_asig3 FROM tblaca009 WHERE pensum='5' AND c_uni_ca='4' AND c_asigna='300116' [1][0] OK
C:[09/05/2013 14:32:22.89][190.201.170.194][1566] SELECT horas_lab FROM tblaca008 WHERE c_asigna='300112' AND horas_teoricas > 0 [1][0] OK
C:[09/05/2013 14:32:22.01][190.201.170.194][1600] SELECT sum(u_creditos*1) FROM dace006 a, tblaca009 b WHERE a.exp_e='12-19940427' AND a.lapso='2013-1' AND b.pensum='5' AND b.c_uni_ca='4' AND status IN ('7','A','2') AND a.c_asigna=b.c_asigna  [1][0] OK
C:[09/05/2013 14:32:22.39][190.201.170.194][1619] SELECT sum(u_creditos*1) FROM dace006 a, tblaca009 b WHERE a.exp_e='12-19940427' AND a.lapso='2013-1' AND b.pensum='5' AND b.c_uni_ca='4' AND status IN ('7','A','2') AND a.c_asigna=b.c_asigna AND a.c_asigna IN ('300013','300101','300106','300116') [1][0] OK
C:[09/05/2013 14:32:22.32][190.201.170.194][1635] SELECT MAX(semestre) FROM dace006 a, tblaca009 b WHERE a.exp_e='12-19940427' AND a.lapso='2013-1' AND b.pensum='5' AND b.c_uni_ca='4' AND status IN ('7','A','2') AND a.c_asigna=b.c_asigna  [1][0] OK
C:[09/05/2013 14:32:22.26][190.201.170.194][1655] SELECT MIN(semestre) FROM dace006 a, tblaca009 b WHERE a.exp_e='12-19940427' AND a.lapso='2013-1' AND b.pensum='5' AND b.c_uni_ca='4' AND status IN ('7','A','2') AND a.c_asigna=b.c_asigna AND a.c_asigna IN ('300112') [1][0] OK
C:[09/05/2013 14:33:31.77][190.201.170.194][1392] SELECT pre_cod_asig1,pre_cod_asig2,pre_cod_asig3,pre_cod_asig4,pre_cod_asig5,pre_cod_asig6,pre_cod_asig7 FROM tblaca009 WHERE pensum='5' AND c_uni_ca='4' AND c_asigna='300106' [1][0] OK
C:[09/05/2013 14:33:31.77][190.201.170.194][1392] SELECT pre_cod_asig1,pre_cod_asig2,pre_cod_asig3,pre_cod_asig4,pre_cod_asig5,pre_cod_asig6,pre_cod_asig7 FROM tblaca009 WHERE pensum='5' AND c_uni_ca='4' AND c_asigna='300013' [1][0] OK
C:[09/05/2013 14:33:31.77][190.201.170.194][1392] SELECT pre_cod_asig1,pre_cod_asig2,pre_cod_asig3,pre_cod_asig4,pre_cod_asig5,pre_cod_asig6,pre_cod_asig7 FROM tblaca009 WHERE pensum='5' AND c_uni_ca='4' AND c_asigna='300101' [1][0] OK
C:[09/05/2013 14:33:31.77][190.201.170.194][1392] SELECT pre_cod_asig1,pre_cod_asig2,pre_cod_asig3,pre_cod_asig4,pre_cod_asig5,pre_cod_asig6,pre_cod_asig7 FROM tblaca009 WHERE pensum='5' AND c_uni_ca='4' AND c_asigna='300116' [1][0] OK
C:[09/05/2013 14:33:31.27][190.201.170.194][1436] SELECT par_cod_asig1,par_cod_asig2,par_cod_asig3 FROM tblaca009 WHERE pensum='5' AND c_uni_ca='4' AND c_asigna='300106' [1][0] OK
C:[09/05/2013 14:33:31.27][190.201.170.194][1436] SELECT par_cod_asig1,par_cod_asig2,par_cod_asig3 FROM tblaca009 WHERE pensum='5' AND c_uni_ca='4' AND c_asigna='300013' [1][0] OK
C:[09/05/2013 14:33:31.27][190.201.170.194][1436] SELECT par_cod_asig1,par_cod_asig2,par_cod_asig3 FROM tblaca009 WHERE pensum='5' AND c_uni_ca='4' AND c_asigna='300101' [1][0] OK
C:[09/05/2013 14:33:31.27][190.201.170.194][1436] SELECT par_cod_asig1,par_cod_asig2,par_cod_asig3 FROM tblaca009 WHERE pensum='5' AND c_uni_ca='4' AND c_asigna='300116' [1][0] OK
C:[09/05/2013 14:33:31.78][190.201.170.194][1566] SELECT horas_lab FROM tblaca008 WHERE c_asigna='300106' AND horas_teoricas > 0 [0][0] OK
C:[09/05/2013 14:33:31.89][190.201.170.194][1600] SELECT sum(u_creditos*1) FROM dace006 a, tblaca009 b WHERE a.exp_e='12-19940427' AND a.lapso='2013-1' AND b.pensum='5' AND b.c_uni_ca='4' AND status IN ('7','A','2') AND a.c_asigna=b.c_asigna  [1][0] OK
C:[09/05/2013 14:33:31.26][190.201.170.194][1619] SELECT sum(u_creditos*1) FROM dace006 a, tblaca009 b WHERE a.exp_e='12-19940427' AND a.lapso='2013-1' AND b.pensum='5' AND b.c_uni_ca='4' AND status IN ('7','A','2') AND a.c_asigna=b.c_asigna AND a.c_asigna IN ('300013','300101','300116') [1][0] OK
C:[09/05/2013 14:33:32.64][190.201.170.194][1635] SELECT MAX(semestre) FROM dace006 a, tblaca009 b WHERE a.exp_e='12-19940427' AND a.lapso='2013-1' AND b.pensum='5' AND b.c_uni_ca='4' AND status IN ('7','A','2') AND a.c_asigna=b.c_asigna  [1][0] OK
C:[09/05/2013 14:33:32.58][190.201.170.194][1655] SELECT MIN(semestre) FROM dace006 a, tblaca009 b WHERE a.exp_e='12-19940427' AND a.lapso='2013-1' AND b.pensum='5' AND b.c_uni_ca='4' AND status IN ('7','A','2') AND a.c_asigna=b.c_asigna AND a.c_asigna IN ('300106') [1][0] OK
C:[09/05/2013 15:44:33.29][190.201.170.194][1392] SELECT pre_cod_asig1,pre_cod_asig2,pre_cod_asig3,pre_cod_asig4,pre_cod_asig5,pre_cod_asig6,pre_cod_asig7 FROM tblaca009 WHERE pensum='5' AND c_uni_ca='2' AND c_asigna='300314' [1][0] OK
C:[09/05/2013 15:44:33.29][190.201.170.194][1405] SELECT c_asigna FROM dace004 WHERE exp_e='12-24691864' AND c_asigna='300106' AND status IN ('0','3','B') [1][0] OK
C:[09/05/2013 15:44:33.29][190.201.170.194][1392] SELECT pre_cod_asig1,pre_cod_asig2,pre_cod_asig3,pre_cod_asig4,pre_cod_asig5,pre_cod_asig6,pre_cod_asig7 FROM tblaca009 WHERE pensum='5' AND c_uni_ca='2' AND c_asigna='300013' [1][0] OK
C:[09/05/2013 15:44:33.29][190.201.170.194][1392] SELECT pre_cod_asig1,pre_cod_asig2,pre_cod_asig3,pre_cod_asig4,pre_cod_asig5,pre_cod_asig6,pre_cod_asig7 FROM tblaca009 WHERE pensum='5' AND c_uni_ca='2' AND c_asigna='300105' [1][0] OK
C:[09/05/2013 15:44:33.29][190.201.170.194][1392] SELECT pre_cod_asig1,pre_cod_asig2,pre_cod_asig3,pre_cod_asig4,pre_cod_asig5,pre_cod_asig6,pre_cod_asig7 FROM tblaca009 WHERE pensum='5' AND c_uni_ca='2' AND c_asigna='300101' [1][0] OK
C:[09/05/2013 15:44:33.29][190.201.170.194][1392] SELECT pre_cod_asig1,pre_cod_asig2,pre_cod_asig3,pre_cod_asig4,pre_cod_asig5,pre_cod_asig6,pre_cod_asig7 FROM tblaca009 WHERE pensum='5' AND c_uni_ca='2' AND c_asigna='300112' [1][0] OK
C:[09/05/2013 15:44:33.29][190.201.170.194][1392] SELECT pre_cod_asig1,pre_cod_asig2,pre_cod_asig3,pre_cod_asig4,pre_cod_asig5,pre_cod_asig6,pre_cod_asig7 FROM tblaca009 WHERE pensum='5' AND c_uni_ca='2' AND c_asigna='300116' [1][0] OK
C:[09/05/2013 15:44:33.17][190.201.170.194][1436] SELECT par_cod_asig1,par_cod_asig2,par_cod_asig3 FROM tblaca009 WHERE pensum='5' AND c_uni_ca='2' AND c_asigna='300314' [1][0] OK
C:[09/05/2013 15:44:33.17][190.201.170.194][1436] SELECT par_cod_asig1,par_cod_asig2,par_cod_asig3 FROM tblaca009 WHERE pensum='5' AND c_uni_ca='2' AND c_asigna='300013' [1][0] OK
C:[09/05/2013 15:44:33.17][190.201.170.194][1436] SELECT par_cod_asig1,par_cod_asig2,par_cod_asig3 FROM tblaca009 WHERE pensum='5' AND c_uni_ca='2' AND c_asigna='300105' [1][0] OK
C:[09/05/2013 15:44:33.17][190.201.170.194][1436] SELECT par_cod_asig1,par_cod_asig2,par_cod_asig3 FROM tblaca009 WHERE pensum='5' AND c_uni_ca='2' AND c_asigna='300101' [1][0] OK
C:[09/05/2013 15:44:33.17][190.201.170.194][1436] SELECT par_cod_asig1,par_cod_asig2,par_cod_asig3 FROM tblaca009 WHERE pensum='5' AND c_uni_ca='2' AND c_asigna='300112' [1][0] OK
C:[09/05/2013 15:44:33.17][190.201.170.194][1436] SELECT par_cod_asig1,par_cod_asig2,par_cod_asig3 FROM tblaca009 WHERE pensum='5' AND c_uni_ca='2' AND c_asigna='300116' [1][0] OK
C:[09/05/2013 15:44:33.93][190.201.170.194][1566] SELECT horas_lab FROM tblaca008 WHERE c_asigna='300314' AND horas_teoricas > 0 [0][0] OK
C:[09/05/2013 15:44:33.04][190.201.170.194][1600] SELECT sum(u_creditos*1) FROM dace006 a, tblaca009 b WHERE a.exp_e='12-24691864' AND a.lapso='2013-1' AND b.pensum='5' AND b.c_uni_ca='2' AND status IN ('7','A','2') AND a.c_asigna=b.c_asigna  [1][0] OK
C:[09/05/2013 15:44:33.98][190.201.170.194][1619] SELECT sum(u_creditos*1) FROM dace006 a, tblaca009 b WHERE a.exp_e='12-24691864' AND a.lapso='2013-1' AND b.pensum='5' AND b.c_uni_ca='2' AND status IN ('7','A','2') AND a.c_asigna=b.c_asigna AND a.c_asigna IN ('300013','300105','300101','300112','300116') [1][0] OK
C:[09/05/2013 15:44:33.35][190.201.170.194][1635] SELECT MAX(semestre) FROM dace006 a, tblaca009 b WHERE a.exp_e='12-24691864' AND a.lapso='2013-1' AND b.pensum='5' AND b.c_uni_ca='2' AND status IN ('7','A','2') AND a.c_asigna=b.c_asigna  [1][0] OK
C:[09/05/2013 15:44:33.29][190.201.170.194][1655] SELECT MIN(semestre) FROM dace006 a, tblaca009 b WHERE a.exp_e='12-24691864' AND a.lapso='2013-1' AND b.pensum='5' AND b.c_uni_ca='2' AND status IN ('7','A','2') AND a.c_asigna=b.c_asigna AND a.c_asigna IN ('300314') [1][0] OK
C:[09/05/2013 17:31:14.17][190.36.31.184][1392] SELECT pre_cod_asig1,pre_cod_asig2,pre_cod_asig3,pre_cod_asig4,pre_cod_asig5,pre_cod_asig6,pre_cod_asig7 FROM tblaca009 WHERE pensum='5' AND c_uni_ca='4' AND c_asigna='300113' [1][0] OK
C:[09/05/2013 17:31:14.17][190.36.31.184][1392] SELECT pre_cod_asig1,pre_cod_asig2,pre_cod_asig3,pre_cod_asig4,pre_cod_asig5,pre_cod_asig6,pre_cod_asig7 FROM tblaca009 WHERE pensum='5' AND c_uni_ca='4' AND c_asigna='300101' [1][0] OK
C:[09/05/2013 17:31:14.43][190.36.31.184][1436] SELECT par_cod_asig1,par_cod_asig2,par_cod_asig3 FROM tblaca009 WHERE pensum='5' AND c_uni_ca='4' AND c_asigna='300113' [1][0] OK
C:[09/05/2013 17:31:14.43][190.36.31.184][1450] SELECT c_asigna FROM dace004 WHERE exp_e='10-23503568' AND c_asigna='300013' AND status IN ('0','3','B','C') [1][0] OK
C:[09/05/2013 17:31:14.43][190.36.31.184][1436] SELECT par_cod_asig1,par_cod_asig2,par_cod_asig3 FROM tblaca009 WHERE pensum='5' AND c_uni_ca='4' AND c_asigna='300101' [1][0] OK
C:[09/05/2013 17:31:15.82][190.36.31.184][1600] SELECT sum(u_creditos*1) FROM dace006 a, tblaca009 b WHERE a.exp_e='10-23503568' AND a.lapso='2013-1' AND b.pensum='5' AND b.c_uni_ca='4' AND status IN ('7','A','2') AND a.c_asigna=b.c_asigna  [1][0] OK
C:[09/05/2013 17:31:15.74][190.36.31.184][1619] SELECT sum(u_creditos*1) FROM dace006 a, tblaca009 b WHERE a.exp_e='10-23503568' AND a.lapso='2013-1' AND b.pensum='5' AND b.c_uni_ca='4' AND status IN ('7','A','2') AND a.c_asigna=b.c_asigna AND a.c_asigna IN ('300113','300101') [1][0] OK
C:[09/05/2013 17:31:15.11][190.36.31.184][1635] SELECT MAX(semestre) FROM dace006 a, tblaca009 b WHERE a.exp_e='10-23503568' AND a.lapso='2013-1' AND b.pensum='5' AND b.c_uni_ca='4' AND status IN ('7','A','2') AND a.c_asigna=b.c_asigna  [1][0] OK
C:[09/05/2013 19:52:41.10][201.243.111.31][1392] SELECT pre_cod_asig1,pre_cod_asig2,pre_cod_asig3,pre_cod_asig4,pre_cod_asig5,pre_cod_asig6,pre_cod_asig7 FROM tblaca009 WHERE pensum='5' AND c_uni_ca='2' AND c_asigna='322449' [1][0] OK
C:[09/05/2013 19:52:41.10][201.243.111.31][1405] SELECT c_asigna FROM dace004 WHERE exp_e='12-25933479' AND c_asigna='300222' AND status IN ('0','3','B') [1][0] OK
C:[09/05/2013 19:52:41.10][201.243.111.31][1392] SELECT pre_cod_asig1,pre_cod_asig2,pre_cod_asig3,pre_cod_asig4,pre_cod_asig5,pre_cod_asig6,pre_cod_asig7 FROM tblaca009 WHERE pensum='5' AND c_uni_ca='2' AND c_asigna='300209' [1][0] OK
C:[09/05/2013 19:52:41.10][201.243.111.31][1405] SELECT c_asigna FROM dace004 WHERE exp_e='12-25933479' AND c_asigna='300101' AND status IN ('0','3','B') [1][0] OK
C:[09/05/2013 19:52:41.10][201.243.111.31][1392] SELECT pre_cod_asig1,pre_cod_asig2,pre_cod_asig3,pre_cod_asig4,pre_cod_asig5,pre_cod_asig6,pre_cod_asig7 FROM tblaca009 WHERE pensum='5' AND c_uni_ca='2' AND c_asigna='300314' [1][0] OK
C:[09/05/2013 19:52:41.10][201.243.111.31][1405] SELECT c_asigna FROM dace004 WHERE exp_e='12-25933479' AND c_asigna='300106' AND status IN ('0','3','B') [1][0] OK
C:[09/05/2013 19:52:41.10][201.243.111.31][1392] SELECT pre_cod_asig1,pre_cod_asig2,pre_cod_asig3,pre_cod_asig4,pre_cod_asig5,pre_cod_asig6,pre_cod_asig7 FROM tblaca009 WHERE pensum='5' AND c_uni_ca='2' AND c_asigna='300318' [1][0] OK
C:[09/05/2013 19:52:41.10][201.243.111.31][1405] SELECT c_asigna FROM dace004 WHERE exp_e='12-25933479' AND c_asigna='300228' AND status IN ('0','3','B') [1][0] OK
C:[09/05/2013 19:52:41.10][201.243.111.31][1405] SELECT c_asigna FROM dace004 WHERE exp_e='12-25933479' AND c_asigna='300207' AND status IN ('0','3','B') [1][0] OK
C:[09/05/2013 19:52:41.10][201.243.111.31][1405] SELECT c_asigna FROM dace004 WHERE exp_e='12-25933479' AND c_asigna='300218' AND status IN ('0','3','B') [1][0] OK
C:[09/05/2013 19:52:41.10][201.243.111.31][1392] SELECT pre_cod_asig1,pre_cod_asig2,pre_cod_asig3,pre_cod_asig4,pre_cod_asig5,pre_cod_asig6,pre_cod_asig7 FROM tblaca009 WHERE pensum='5' AND c_uni_ca='2' AND c_asigna='320311' [1][0] OK
C:[09/05/2013 19:52:41.10][201.243.111.31][1405] SELECT c_asigna FROM dace004 WHERE exp_e='12-25933479' AND c_asigna='300013' AND status IN ('0','3','B') [1][0] OK
C:[09/05/2013 19:52:41.10][201.243.111.31][1405] SELECT c_asigna FROM dace004 WHERE exp_e='12-25933479' AND c_asigna='300113' AND status IN ('0','3','B') [1][0] OK
C:[09/05/2013 19:52:41.10][201.243.111.31][1392] SELECT pre_cod_asig1,pre_cod_asig2,pre_cod_asig3,pre_cod_asig4,pre_cod_asig5,pre_cod_asig6,pre_cod_asig7 FROM tblaca009 WHERE pensum='5' AND c_uni_ca='2' AND c_asigna='320323' [1][0] OK
C:[09/05/2013 19:52:41.10][201.243.111.31][1405] SELECT c_asigna FROM dace004 WHERE exp_e='12-25933479' AND c_asigna='300228' AND status IN ('0','3','B') [1][0] OK
C:[09/05/2013 19:52:41.10][201.243.111.31][1405] SELECT c_asigna FROM dace004 WHERE exp_e='12-25933479' AND c_asigna='300218' AND status IN ('0','3','B') [1][0] OK
C:[09/05/2013 19:52:41.22][201.243.111.31][1436] SELECT par_cod_asig1,par_cod_asig2,par_cod_asig3 FROM tblaca009 WHERE pensum='5' AND c_uni_ca='2' AND c_asigna='322449' [1][0] OK
C:[09/05/2013 19:52:41.22][201.243.111.31][1436] SELECT par_cod_asig1,par_cod_asig2,par_cod_asig3 FROM tblaca009 WHERE pensum='5' AND c_uni_ca='2' AND c_asigna='300209' [1][0] OK
C:[09/05/2013 19:52:41.22][201.243.111.31][1436] SELECT par_cod_asig1,par_cod_asig2,par_cod_asig3 FROM tblaca009 WHERE pensum='5' AND c_uni_ca='2' AND c_asigna='300314' [1][0] OK
C:[09/05/2013 19:52:41.22][201.243.111.31][1436] SELECT par_cod_asig1,par_cod_asig2,par_cod_asig3 FROM tblaca009 WHERE pensum='5' AND c_uni_ca='2' AND c_asigna='300318' [1][0] OK
C:[09/05/2013 19:52:41.22][201.243.111.31][1436] SELECT par_cod_asig1,par_cod_asig2,par_cod_asig3 FROM tblaca009 WHERE pensum='5' AND c_uni_ca='2' AND c_asigna='320311' [1][0] OK
C:[09/05/2013 19:52:41.22][201.243.111.31][1436] SELECT par_cod_asig1,par_cod_asig2,par_cod_asig3 FROM tblaca009 WHERE pensum='5' AND c_uni_ca='2' AND c_asigna='320323' [1][0] OK
C:[09/05/2013 19:52:42.98][201.243.111.31][1566] SELECT horas_lab FROM tblaca008 WHERE c_asigna='322449' AND horas_teoricas > 0 [1][0] OK
C:[09/05/2013 19:52:42.09][201.243.111.31][1600] SELECT sum(u_creditos*1) FROM dace006 a, tblaca009 b WHERE a.exp_e='12-25933479' AND a.lapso='2013-1' AND b.pensum='5' AND b.c_uni_ca='2' AND status IN ('7','A','2') AND a.c_asigna=b.c_asigna  [1][0] OK
C:[09/05/2013 19:52:42.47][201.243.111.31][1619] SELECT sum(u_creditos*1) FROM dace006 a, tblaca009 b WHERE a.exp_e='12-25933479' AND a.lapso='2013-1' AND b.pensum='5' AND b.c_uni_ca='2' AND status IN ('7','A','2') AND a.c_asigna=b.c_asigna AND a.c_asigna IN ('300209','300314','300318','320311','320323') [1][0] OK
C:[09/05/2013 19:52:42.41][201.243.111.31][1635] SELECT MAX(semestre) FROM dace006 a, tblaca009 b WHERE a.exp_e='12-25933479' AND a.lapso='2013-1' AND b.pensum='5' AND b.c_uni_ca='2' AND status IN ('7','A','2') AND a.c_asigna=b.c_asigna  [1][0] OK
C:[09/05/2013 19:52:42.34][201.243.111.31][1655] SELECT MIN(semestre) FROM dace006 a, tblaca009 b WHERE a.exp_e='12-25933479' AND a.lapso='2013-1' AND b.pensum='5' AND b.c_uni_ca='2' AND status IN ('7','A','2') AND a.c_asigna=b.c_asigna AND a.c_asigna IN ('322449') [1][0] OK
C:[09/05/2013 21:26:01.11][190.198.144.21][1392] SELECT pre_cod_asig1,pre_cod_asig2,pre_cod_asig3,pre_cod_asig4,pre_cod_asig5,pre_cod_asig6,pre_cod_asig7 FROM tblaca009 WHERE pensum='5' AND c_uni_ca='4' AND c_asigna='300318' [1][0] OK
C:[09/05/2013 21:26:01.11][190.198.144.21][1405] SELECT c_asigna FROM dace004 WHERE exp_e='10-22824070' AND c_asigna='300228' AND status IN ('0','3','B') [1][0] OK
C:[09/05/2013 21:26:01.11][190.198.144.21][1405] SELECT c_asigna FROM dace004 WHERE exp_e='10-22824070' AND c_asigna='300207' AND status IN ('0','3','B') [1][0] OK
C:[09/05/2013 21:26:01.11][190.198.144.21][1405] SELECT c_asigna FROM dace004 WHERE exp_e='10-22824070' AND c_asigna='300218' AND status IN ('0','3','B') [1][0] OK
C:[09/05/2013 21:26:01.11][190.198.144.21][1392] SELECT pre_cod_asig1,pre_cod_asig2,pre_cod_asig3,pre_cod_asig4,pre_cod_asig5,pre_cod_asig6,pre_cod_asig7 FROM tblaca009 WHERE pensum='5' AND c_uni_ca='4' AND c_asigna='300116' [1][0] OK
C:[09/05/2013 21:26:01.11][190.198.144.21][1392] SELECT pre_cod_asig1,pre_cod_asig2,pre_cod_asig3,pre_cod_asig4,pre_cod_asig5,pre_cod_asig6,pre_cod_asig7 FROM tblaca009 WHERE pensum='5' AND c_uni_ca='4' AND c_asigna='300317' [1][0] OK
C:[09/05/2013 21:26:01.11][190.198.144.21][1405] SELECT c_asigna FROM dace004 WHERE exp_e='10-22824070' AND c_asigna='300207' AND status IN ('0','3','B') [1][0] OK
C:[09/05/2013 21:26:01.11][190.198.144.21][1405] SELECT c_asigna FROM dace004 WHERE exp_e='10-22824070' AND c_asigna='300209' AND status IN ('0','3','B') [1][0] OK
C:[09/05/2013 21:26:01.11][190.198.144.21][1392] SELECT pre_cod_asig1,pre_cod_asig2,pre_cod_asig3,pre_cod_asig4,pre_cod_asig5,pre_cod_asig6,pre_cod_asig7 FROM tblaca009 WHERE pensum='5' AND c_uni_ca='4' AND c_asigna='330310' [1][0] OK
C:[09/05/2013 21:26:01.11][190.198.144.21][1405] SELECT c_asigna FROM dace004 WHERE exp_e='10-22824070' AND c_asigna='300013' AND status IN ('0','3','B') [1][0] OK
C:[09/05/2013 21:26:01.11][190.198.144.21][1405] SELECT c_asigna FROM dace004 WHERE exp_e='10-22824070' AND c_asigna='300113' AND status IN ('0','3','B') [1][0] OK
C:[09/05/2013 21:26:02.04][190.198.144.21][1436] SELECT par_cod_asig1,par_cod_asig2,par_cod_asig3 FROM tblaca009 WHERE pensum='5' AND c_uni_ca='4' AND c_asigna='300318' [1][0] OK
C:[09/05/2013 21:26:02.04][190.198.144.21][1436] SELECT par_cod_asig1,par_cod_asig2,par_cod_asig3 FROM tblaca009 WHERE pensum='5' AND c_uni_ca='4' AND c_asigna='300116' [1][0] OK
C:[09/05/2013 21:26:02.04][190.198.144.21][1436] SELECT par_cod_asig1,par_cod_asig2,par_cod_asig3 FROM tblaca009 WHERE pensum='5' AND c_uni_ca='4' AND c_asigna='300317' [1][0] OK
C:[09/05/2013 21:26:02.04][190.198.144.21][1436] SELECT par_cod_asig1,par_cod_asig2,par_cod_asig3 FROM tblaca009 WHERE pensum='5' AND c_uni_ca='4' AND c_asigna='330310' [1][0] OK
C:[09/05/2013 21:26:02.56][190.198.144.21][1566] SELECT horas_lab FROM tblaca008 WHERE c_asigna='300318' AND horas_teoricas > 0 [1][0] OK
C:[09/05/2013 21:26:02.67][190.198.144.21][1600] SELECT sum(u_creditos*1) FROM dace006 a, tblaca009 b WHERE a.exp_e='10-22824070' AND a.lapso='2013-1' AND b.pensum='5' AND b.c_uni_ca='4' AND status IN ('7','A','2') AND a.c_asigna=b.c_asigna  [1][0] OK
C:[09/05/2013 21:26:02.73][190.198.144.21][1619] SELECT sum(u_creditos*1) FROM dace006 a, tblaca009 b WHERE a.exp_e='10-22824070' AND a.lapso='2013-1' AND b.pensum='5' AND b.c_uni_ca='4' AND status IN ('7','A','2') AND a.c_asigna=b.c_asigna AND a.c_asigna IN ('300116','300317','330310') [1][0] OK
C:[09/05/2013 21:26:02.22][190.198.144.21][1635] SELECT MAX(semestre) FROM dace006 a, tblaca009 b WHERE a.exp_e='10-22824070' AND a.lapso='2013-1' AND b.pensum='5' AND b.c_uni_ca='4' AND status IN ('7','A','2') AND a.c_asigna=b.c_asigna  [1][0] OK
C:[09/05/2013 21:26:02.16][190.198.144.21][1655] SELECT MIN(semestre) FROM dace006 a, tblaca009 b WHERE a.exp_e='10-22824070' AND a.lapso='2013-1' AND b.pensum='5' AND b.c_uni_ca='4' AND status IN ('7','A','2') AND a.c_asigna=b.c_asigna AND a.c_asigna IN ('300318') [1][0] OK
C:[10/05/2013 09:02:12.29][181.185.99.91][1392] SELECT pre_cod_asig1,pre_cod_asig2,pre_cod_asig3,pre_cod_asig4,pre_cod_asig5,pre_cod_asig6,pre_cod_asig7 FROM tblaca009 WHERE pensum='5' AND c_uni_ca='2' AND c_asigna='322605' [1][0] OK
C:[10/05/2013 09:02:12.29][181.185.99.91][1405] SELECT c_asigna FROM dace004 WHERE exp_e='10-21197501' AND c_asigna='322436' AND status IN ('0','3','B') [1][0] OK
C:[10/05/2013 09:02:12.29][181.185.99.91][1392] SELECT pre_cod_asig1,pre_cod_asig2,pre_cod_asig3,pre_cod_asig4,pre_cod_asig5,pre_cod_asig6,pre_cod_asig7 FROM tblaca009 WHERE pensum='5' AND c_uni_ca='2' AND c_asigna='300422' [1][0] OK
C:[10/05/2013 09:02:12.29][181.185.99.91][1405] SELECT c_asigna FROM dace004 WHERE exp_e='10-21197501' AND c_asigna='300105' AND status IN ('0','3','B') [1][0] OK
C:[10/05/2013 09:02:12.29][181.185.99.91][1405] SELECT c_asigna FROM dace004 WHERE exp_e='10-21197501' AND c_asigna='300314' AND status IN ('0','3','B') [1][0] OK
C:[10/05/2013 09:02:12.29][181.185.99.91][1392] SELECT pre_cod_asig1,pre_cod_asig2,pre_cod_asig3,pre_cod_asig4,pre_cod_asig5,pre_cod_asig6,pre_cod_asig7 FROM tblaca009 WHERE pensum='5' AND c_uni_ca='2' AND c_asigna='320437' [1][0] OK
C:[10/05/2013 09:02:12.29][181.185.99.91][1405] SELECT c_asigna FROM dace004 WHERE exp_e='10-21197501' AND c_asigna='300317' AND status IN ('0','3','B') [1][0] OK
C:[10/05/2013 09:02:12.29][181.185.99.91][1405] SELECT c_asigna FROM dace004 WHERE exp_e='10-21197501' AND c_asigna='300313' AND status IN ('0','3','B') [1][0] OK
C:[10/05/2013 09:02:12.29][181.185.99.91][1405] SELECT c_asigna FROM dace004 WHERE exp_e='10-21197501' AND c_asigna='300209' AND status IN ('0','3','B') [1][0] OK
C:[10/05/2013 09:02:12.29][181.185.99.91][1405] SELECT c_asigna FROM dace004 WHERE exp_e='10-21197501' AND c_asigna='300226' AND status IN ('0','3','B') [1][0] OK
C:[10/05/2013 09:02:12.29][181.185.99.91][1392] SELECT pre_cod_asig1,pre_cod_asig2,pre_cod_asig3,pre_cod_asig4,pre_cod_asig5,pre_cod_asig6,pre_cod_asig7 FROM tblaca009 WHERE pensum='5' AND c_uni_ca='2' AND c_asigna='322559' [1][0] OK
C:[10/05/2013 09:02:12.29][181.185.99.91][1405] SELECT c_asigna FROM dace004 WHERE exp_e='10-21197501' AND c_asigna='300428' AND status IN ('0','3','B') [1][0] OK
C:[10/05/2013 09:02:12.29][181.185.99.91][1405] SELECT c_asigna FROM dace004 WHERE exp_e='10-21197501' AND c_asigna='322436' AND status IN ('0','3','B') [1][0] OK
C:[10/05/2013 09:02:12.29][181.185.99.91][1392] SELECT pre_cod_asig1,pre_cod_asig2,pre_cod_asig3,pre_cod_asig4,pre_cod_asig5,pre_cod_asig6,pre_cod_asig7 FROM tblaca009 WHERE pensum='5' AND c_uni_ca='2' AND c_asigna='322560' [1][0] OK
C:[10/05/2013 09:02:12.29][181.185.99.91][1392] SELECT pre_cod_asig1,pre_cod_asig2,pre_cod_asig3,pre_cod_asig4,pre_cod_asig5,pre_cod_asig6,pre_cod_asig7 FROM tblaca009 WHERE pensum='5' AND c_uni_ca='2' AND c_asigna='323528' [1][0] OK
C:[10/05/2013 09:02:13.16][181.185.99.91][1436] SELECT par_cod_asig1,par_cod_asig2,par_cod_asig3 FROM tblaca009 WHERE pensum='5' AND c_uni_ca='2' AND c_asigna='322605' [1][0] OK
C:[10/05/2013 09:02:13.16][181.185.99.91][1436] SELECT par_cod_asig1,par_cod_asig2,par_cod_asig3 FROM tblaca009 WHERE pensum='5' AND c_uni_ca='2' AND c_asigna='300422' [1][0] OK
C:[10/05/2013 09:02:13.16][181.185.99.91][1436] SELECT par_cod_asig1,par_cod_asig2,par_cod_asig3 FROM tblaca009 WHERE pensum='5' AND c_uni_ca='2' AND c_asigna='320437' [1][0] OK
C:[10/05/2013 09:02:13.16][181.185.99.91][1436] SELECT par_cod_asig1,par_cod_asig2,par_cod_asig3 FROM tblaca009 WHERE pensum='5' AND c_uni_ca='2' AND c_asigna='322559' [1][0] OK
C:[10/05/2013 09:02:13.16][181.185.99.91][1436] SELECT par_cod_asig1,par_cod_asig2,par_cod_asig3 FROM tblaca009 WHERE pensum='5' AND c_uni_ca='2' AND c_asigna='322560' [1][0] OK
C:[10/05/2013 09:02:13.16][181.185.99.91][1450] SELECT c_asigna FROM dace004 WHERE exp_e='10-21197501' AND c_asigna='323528' AND status IN ('0','3','B','C') [0][0] OK
C:[10/05/2013 09:02:13.16][181.185.99.91][1436] SELECT par_cod_asig1,par_cod_asig2,par_cod_asig3 FROM tblaca009 WHERE pensum='5' AND c_uni_ca='2' AND c_asigna='323528' [1][0] OK
C:[10/05/2013 09:02:13.61][181.185.99.91][1566] SELECT horas_lab FROM tblaca008 WHERE c_asigna='322605' AND horas_teoricas > 0 [1][0] OK
C:[10/05/2013 09:02:13.73][181.185.99.91][1600] SELECT sum(u_creditos*1) FROM dace006 a, tblaca009 b WHERE a.exp_e='10-21197501' AND a.lapso='2013-1' AND b.pensum='5' AND b.c_uni_ca='2' AND status IN ('7','A','2') AND a.c_asigna=b.c_asigna  [1][0] OK
C:[10/05/2013 09:02:13.67][181.185.99.91][1619] SELECT sum(u_creditos*1) FROM dace006 a, tblaca009 b WHERE a.exp_e='10-21197501' AND a.lapso='2013-1' AND b.pensum='5' AND b.c_uni_ca='2' AND status IN ('7','A','2') AND a.c_asigna=b.c_asigna AND a.c_asigna IN ('300422','320437','322559','322560','323528') [1][0] OK
C:[10/05/2013 09:02:13.60][181.185.99.91][1635] SELECT MAX(semestre) FROM dace006 a, tblaca009 b WHERE a.exp_e='10-21197501' AND a.lapso='2013-1' AND b.pensum='5' AND b.c_uni_ca='2' AND status IN ('7','A','2') AND a.c_asigna=b.c_asigna  [1][0] OK
C:[10/05/2013 09:02:13.98][181.185.99.91][1655] SELECT MIN(semestre) FROM dace006 a, tblaca009 b WHERE a.exp_e='10-21197501' AND a.lapso='2013-1' AND b.pensum='5' AND b.c_uni_ca='2' AND status IN ('7','A','2') AND a.c_asigna=b.c_asigna AND a.c_asigna IN ('322605') [1][0] OK
C:[10/05/2013 09:39:56.01][190.73.155.144][1392] SELECT pre_cod_asig1,pre_cod_asig2,pre_cod_asig3,pre_cod_asig4,pre_cod_asig5,pre_cod_asig6,pre_cod_asig7 FROM tblaca009 WHERE pensum='5' AND c_uni_ca='3' AND c_asigna='311824' [1][0] OK
C:[10/05/2013 09:39:56.01][190.73.155.144][1405] SELECT c_asigna FROM dace004 WHERE exp_e='02-16391964' AND c_asigna='311796' AND status IN ('0','3','B') [1][0] OK
C:[10/05/2013 09:39:56.01][190.73.155.144][1392] SELECT pre_cod_asig1,pre_cod_asig2,pre_cod_asig3,pre_cod_asig4,pre_cod_asig5,pre_cod_asig6,pre_cod_asig7 FROM tblaca009 WHERE pensum='5' AND c_uni_ca='3' AND c_asigna='300226' [1][0] OK
C:[10/05/2013 09:39:56.01][190.73.155.144][1405] SELECT c_asigna FROM dace004 WHERE exp_e='02-16391964' AND c_asigna='300116' AND status IN ('0','3','B') [1][0] OK
C:[10/05/2013 09:39:56.01][190.73.155.144][1392] SELECT pre_cod_asig1,pre_cod_asig2,pre_cod_asig3,pre_cod_asig4,pre_cod_asig5,pre_cod_asig6,pre_cod_asig7 FROM tblaca009 WHERE pensum='5' AND c_uni_ca='3' AND c_asigna='312333' [1][0] OK
C:[10/05/2013 09:39:56.01][190.73.155.144][1405] SELECT c_asigna FROM dace004 WHERE exp_e='02-16391964' AND c_asigna='300228' AND status IN ('0','3','B') [1][0] OK
C:[10/05/2013 09:39:56.01][190.73.155.144][1392] SELECT pre_cod_asig1,pre_cod_asig2,pre_cod_asig3,pre_cod_asig4,pre_cod_asig5,pre_cod_asig6,pre_cod_asig7 FROM tblaca009 WHERE pensum='5' AND c_uni_ca='3' AND c_asigna='311823' [1][0] OK
C:[10/05/2013 09:39:56.01][190.73.155.144][1405] SELECT c_asigna FROM dace004 WHERE exp_e='02-16391964' AND c_asigna='311795' AND status IN ('0','3','B') [1][0] OK
C:[10/05/2013 09:39:56.01][190.73.155.144][1392] SELECT pre_cod_asig1,pre_cod_asig2,pre_cod_asig3,pre_cod_asig4,pre_cod_asig5,pre_cod_asig6,pre_cod_asig7 FROM tblaca009 WHERE pensum='5' AND c_uni_ca='3' AND c_asigna='311825' [1][0] OK
C:[10/05/2013 09:39:56.01][190.73.155.144][1405] SELECT c_asigna FROM dace004 WHERE exp_e='02-16391964' AND c_asigna='311775' AND status IN ('0','3','B') [1][0] OK
C:[10/05/2013 09:39:56.01][190.73.155.144][1405] SELECT c_asigna FROM dace004 WHERE exp_e='02-16391964' AND c_asigna='311795' AND status IN ('0','3','B') [1][0] OK
C:[10/05/2013 09:39:56.01][190.73.155.144][1392] SELECT pre_cod_asig1,pre_cod_asig2,pre_cod_asig3,pre_cod_asig4,pre_cod_asig5,pre_cod_asig6,pre_cod_asig7 FROM tblaca009 WHERE pensum='5' AND c_uni_ca='3' AND c_asigna='311934' [1][0] OK
C:[10/05/2013 09:39:56.01][190.73.155.144][1405] SELECT c_asigna FROM dace004 WHERE exp_e='02-16391964' AND c_asigna='311826' AND status IN ('0','3','B') [1][0] OK
C:[10/05/2013 09:39:56.01][190.73.155.144][1405] SELECT c_asigna FROM dace004 WHERE exp_e='02-16391964' AND c_asigna='311827' AND status IN ('0','3','B') [1][0] OK
C:[10/05/2013 09:39:57.76][190.73.155.144][1436] SELECT par_cod_asig1,par_cod_asig2,par_cod_asig3 FROM tblaca009 WHERE pensum='5' AND c_uni_ca='3' AND c_asigna='311824' [1][0] OK
C:[10/05/2013 09:39:57.76][190.73.155.144][1436] SELECT par_cod_asig1,par_cod_asig2,par_cod_asig3 FROM tblaca009 WHERE pensum='5' AND c_uni_ca='3' AND c_asigna='300226' [1][0] OK
C:[10/05/2013 09:39:57.76][190.73.155.144][1436] SELECT par_cod_asig1,par_cod_asig2,par_cod_asig3 FROM tblaca009 WHERE pensum='5' AND c_uni_ca='3' AND c_asigna='312333' [1][0] OK
C:[10/05/2013 09:39:57.76][190.73.155.144][1436] SELECT par_cod_asig1,par_cod_asig2,par_cod_asig3 FROM tblaca009 WHERE pensum='5' AND c_uni_ca='3' AND c_asigna='311823' [1][0] OK
C:[10/05/2013 09:39:57.76][190.73.155.144][1436] SELECT par_cod_asig1,par_cod_asig2,par_cod_asig3 FROM tblaca009 WHERE pensum='5' AND c_uni_ca='3' AND c_asigna='311825' [1][0] OK
C:[10/05/2013 09:39:57.76][190.73.155.144][1436] SELECT par_cod_asig1,par_cod_asig2,par_cod_asig3 FROM tblaca009 WHERE pensum='5' AND c_uni_ca='3' AND c_asigna='311934' [1][0] OK
C:[10/05/2013 09:39:57.52][190.73.155.144][1566] SELECT horas_lab FROM tblaca008 WHERE c_asigna='311824' AND horas_teoricas > 0 [1][0] OK
C:[10/05/2013 09:39:57.63][190.73.155.144][1600] SELECT sum(u_creditos*1) FROM dace006 a, tblaca009 b WHERE a.exp_e='02-16391964' AND a.lapso='2013-1' AND b.pensum='5' AND b.c_uni_ca='3' AND status IN ('7','A','2') AND a.c_asigna=b.c_asigna  [1][0] OK
C:[10/05/2013 09:39:57.01][190.73.155.144][1619] SELECT sum(u_creditos*1) FROM dace006 a, tblaca009 b WHERE a.exp_e='02-16391964' AND a.lapso='2013-1' AND b.pensum='5' AND b.c_uni_ca='3' AND status IN ('7','A','2') AND a.c_asigna=b.c_asigna AND a.c_asigna IN ('300226','312333','311823','311825','311934') [1][0] OK
C:[10/05/2013 09:39:57.94][190.73.155.144][1635] SELECT MAX(semestre) FROM dace006 a, tblaca009 b WHERE a.exp_e='02-16391964' AND a.lapso='2013-1' AND b.pensum='5' AND b.c_uni_ca='3' AND status IN ('7','A','2') AND a.c_asigna=b.c_asigna  [1][0] OK
C:[10/05/2013 09:39:57.88][190.73.155.144][1655] SELECT MIN(semestre) FROM dace006 a, tblaca009 b WHERE a.exp_e='02-16391964' AND a.lapso='2013-1' AND b.pensum='5' AND b.c_uni_ca='3' AND status IN ('7','A','2') AND a.c_asigna=b.c_asigna AND a.c_asigna IN ('311824') [1][0] OK
C:[10/05/2013 10:14:11.80][190.78.117.105][1392] SELECT pre_cod_asig1,pre_cod_asig2,pre_cod_asig3,pre_cod_asig4,pre_cod_asig5,pre_cod_asig6,pre_cod_asig7 FROM tblaca009 WHERE pensum='' AND c_uni_ca='' AND c_asigna='322669' [0][0] [MERANT][ODBC SQLBase driver][SQLBase]09268 GCI CCN Cannot connect
C:[10/05/2013 10:14:11.97][190.78.117.105][1436] SELECT par_cod_asig1,par_cod_asig2,par_cod_asig3 FROM tblaca009 WHERE pensum='' AND c_uni_ca='' AND c_asigna='322669' [0][0] [MERANT][ODBC SQLBase driver][SQLBase]09268 GCI CCN Cannot connect
C:[10/05/2013 10:14:11.18][190.78.117.105][1566] SELECT horas_lab FROM tblaca008 WHERE c_asigna='322669' AND horas_teoricas > 0 [1][0] [MERANT][ODBC SQLBase driver][SQLBase]09268 GCI CCN Cannot connect
C:[10/05/2013 10:14:11.26][190.78.117.105][1600] SELECT sum(u_creditos*1) FROM dace006 a, tblaca009 b WHERE a.exp_e='08-19302816' AND a.lapso='2013-1' AND b.pensum='' AND b.c_uni_ca='' AND status IN ('7','A','2') AND a.c_asigna=b.c_asigna  [1][0] [MERANT][ODBC SQLBase driver][SQLBase]09268 GCI CCN Cannot connect
C:[10/05/2013 10:14:11.14][190.78.117.105][1619] SELECT sum(u_creditos*1) FROM dace006 a, tblaca009 b WHERE a.exp_e='08-19302816' AND a.lapso='2013-1' AND b.pensum='' AND b.c_uni_ca='' AND status IN ('7','A','2') AND a.c_asigna=b.c_asigna AND a.c_asigna IN () [0][0]  {[MERANT][ODBC SQLBase driver][SQLBase]00915 PRS IVC Invalid constant}
C:[10/05/2013 10:14:11.43][190.78.117.105][1635] SELECT MAX(semestre) FROM dace006 a, tblaca009 b WHERE a.exp_e='08-19302816' AND a.lapso='2013-1' AND b.pensum='' AND b.c_uni_ca='' AND status IN ('7','A','2') AND a.c_asigna=b.c_asigna  [1][0] [MERANT][ODBC SQLBase driver][SQLBase]00915 PRS IVC Invalid constant
C:[10/05/2013 10:14:14.97][190.78.117.105][1655] SELECT MIN(semestre) FROM dace006 a, tblaca009 b WHERE a.exp_e='08-19302816' AND a.lapso='2013-1' AND b.pensum='' AND b.c_uni_ca='' AND status IN ('7','A','2') AND a.c_asigna=b.c_asigna AND a.c_asigna IN ('322669') [1][0] [MERANT][ODBC SQLBase driver][SQLBase]00915 PRS IVC Invalid constant
C:[10/05/2013 18:43:53.65][68.171.231.83][1392] SELECT pre_cod_asig1,pre_cod_asig2,pre_cod_asig3,pre_cod_asig4,pre_cod_asig5,pre_cod_asig6,pre_cod_asig7 FROM tblaca009 WHERE pensum='5' AND c_uni_ca='6' AND c_asigna='300101' [1][0] OK
C:[10/05/2013 18:43:53.46][68.171.231.83][1436] SELECT par_cod_asig1,par_cod_asig2,par_cod_asig3 FROM tblaca009 WHERE pensum='5' AND c_uni_ca='6' AND c_asigna='300101' [1][0] OK
C:[10/05/2013 18:43:53.61][68.171.231.83][1600] SELECT sum(u_creditos*1) FROM dace006 a, tblaca009 b WHERE a.exp_e='11-24796531' AND a.lapso='2013-1' AND b.pensum='5' AND b.c_uni_ca='6' AND status IN ('7','A','2') AND a.c_asigna=b.c_asigna  [1][0] OK
C:[10/05/2013 18:43:53.52][68.171.231.83][1619] SELECT sum(u_creditos*1) FROM dace006 a, tblaca009 b WHERE a.exp_e='11-24796531' AND a.lapso='2013-1' AND b.pensum='5' AND b.c_uni_ca='6' AND status IN ('7','A','2') AND a.c_asigna=b.c_asigna AND a.c_asigna IN ('300101') [1][0] OK
C:[10/05/2013 18:43:53.46][68.171.231.83][1635] SELECT MAX(semestre) FROM dace006 a, tblaca009 b WHERE a.exp_e='11-24796531' AND a.lapso='2013-1' AND b.pensum='5' AND b.c_uni_ca='6' AND status IN ('7','A','2') AND a.c_asigna=b.c_asigna  [1][0] OK
C:[10/05/2013 18:45:54.35][186.89.134.161][1392] SELECT pre_cod_asig1,pre_cod_asig2,pre_cod_asig3,pre_cod_asig4,pre_cod_asig5,pre_cod_asig6,pre_cod_asig7 FROM tblaca009 WHERE pensum='5' AND c_uni_ca='6' AND c_asigna='300116' [1][0] OK
C:[10/05/2013 18:45:54.35][186.89.134.161][1392] SELECT pre_cod_asig1,pre_cod_asig2,pre_cod_asig3,pre_cod_asig4,pre_cod_asig5,pre_cod_asig6,pre_cod_asig7 FROM tblaca009 WHERE pensum='5' AND c_uni_ca='6' AND c_asigna='300113' [1][0] OK
C:[10/05/2013 18:45:54.35][186.89.134.161][1392] SELECT pre_cod_asig1,pre_cod_asig2,pre_cod_asig3,pre_cod_asig4,pre_cod_asig5,pre_cod_asig6,pre_cod_asig7 FROM tblaca009 WHERE pensum='5' AND c_uni_ca='6' AND c_asigna='300013' [1][0] OK
C:[10/05/2013 18:45:54.35][186.89.134.161][1392] SELECT pre_cod_asig1,pre_cod_asig2,pre_cod_asig3,pre_cod_asig4,pre_cod_asig5,pre_cod_asig6,pre_cod_asig7 FROM tblaca009 WHERE pensum='5' AND c_uni_ca='6' AND c_asigna='300101' [1][0] OK
C:[10/05/2013 18:45:54.35][186.89.134.161][1392] SELECT pre_cod_asig1,pre_cod_asig2,pre_cod_asig3,pre_cod_asig4,pre_cod_asig5,pre_cod_asig6,pre_cod_asig7 FROM tblaca009 WHERE pensum='5' AND c_uni_ca='6' AND c_asigna='300112' [1][0] OK
C:[10/05/2013 18:45:54.98][186.89.134.161][1436] SELECT par_cod_asig1,par_cod_asig2,par_cod_asig3 FROM tblaca009 WHERE pensum='5' AND c_uni_ca='6' AND c_asigna='300116' [1][0] OK
C:[10/05/2013 18:45:54.98][186.89.134.161][1436] SELECT par_cod_asig1,par_cod_asig2,par_cod_asig3 FROM tblaca009 WHERE pensum='5' AND c_uni_ca='6' AND c_asigna='300113' [1][0] OK
C:[10/05/2013 18:45:54.98][186.89.134.161][1450] SELECT c_asigna FROM dace004 WHERE exp_e='12-25696846' AND c_asigna='300013' AND status IN ('0','3','B','C') [0][0] OK
C:[10/05/2013 18:45:54.98][186.89.134.161][1436] SELECT par_cod_asig1,par_cod_asig2,par_cod_asig3 FROM tblaca009 WHERE pensum='5' AND c_uni_ca='6' AND c_asigna='300013' [1][0] OK
C:[10/05/2013 18:45:54.98][186.89.134.161][1436] SELECT par_cod_asig1,par_cod_asig2,par_cod_asig3 FROM tblaca009 WHERE pensum='5' AND c_uni_ca='6' AND c_asigna='300101' [1][0] OK
C:[10/05/2013 18:45:54.98][186.89.134.161][1436] SELECT par_cod_asig1,par_cod_asig2,par_cod_asig3 FROM tblaca009 WHERE pensum='5' AND c_uni_ca='6' AND c_asigna='300112' [1][0] OK
C:[10/05/2013 18:45:55.74][186.89.134.161][1566] SELECT horas_lab FROM tblaca008 WHERE c_asigna='300116' AND horas_teoricas > 0 [1][0] OK
C:[10/05/2013 18:45:55.85][186.89.134.161][1600] SELECT sum(u_creditos*1) FROM dace006 a, tblaca009 b WHERE a.exp_e='12-25696846' AND a.lapso='2013-1' AND b.pensum='5' AND b.c_uni_ca='6' AND status IN ('7','A','2') AND a.c_asigna=b.c_asigna  [1][0] OK
C:[10/05/2013 18:45:55.36][186.89.134.161][1619] SELECT sum(u_creditos*1) FROM dace006 a, tblaca009 b WHERE a.exp_e='12-25696846' AND a.lapso='2013-1' AND b.pensum='5' AND b.c_uni_ca='6' AND status IN ('7','A','2') AND a.c_asigna=b.c_asigna AND a.c_asigna IN ('300113','300013','300101','300112') [1][0] OK
C:[10/05/2013 18:45:55.73][186.89.134.161][1635] SELECT MAX(semestre) FROM dace006 a, tblaca009 b WHERE a.exp_e='12-25696846' AND a.lapso='2013-1' AND b.pensum='5' AND b.c_uni_ca='6' AND status IN ('7','A','2') AND a.c_asigna=b.c_asigna  [1][0] OK
C:[10/05/2013 18:45:55.24][186.89.134.161][1655] SELECT MIN(semestre) FROM dace006 a, tblaca009 b WHERE a.exp_e='12-25696846' AND a.lapso='2013-1' AND b.pensum='5' AND b.c_uni_ca='6' AND status IN ('7','A','2') AND a.c_asigna=b.c_asigna AND a.c_asigna IN ('300116') [1][0] OK
C:[10/05/2013 19:35:01.17][200.84.71.176][1392] SELECT pre_cod_asig1,pre_cod_asig2,pre_cod_asig3,pre_cod_asig4,pre_cod_asig5,pre_cod_asig6,pre_cod_asig7 FROM tblaca009 WHERE pensum='5' AND c_uni_ca='3' AND c_asigna='300116' [1][0] OK
C:[10/05/2013 19:35:01.17][200.84.71.176][1392] SELECT pre_cod_asig1,pre_cod_asig2,pre_cod_asig3,pre_cod_asig4,pre_cod_asig5,pre_cod_asig6,pre_cod_asig7 FROM tblaca009 WHERE pensum='5' AND c_uni_ca='3' AND c_asigna='300013' [1][0] OK
C:[10/05/2013 19:35:01.17][200.84.71.176][1392] SELECT pre_cod_asig1,pre_cod_asig2,pre_cod_asig3,pre_cod_asig4,pre_cod_asig5,pre_cod_asig6,pre_cod_asig7 FROM tblaca009 WHERE pensum='5' AND c_uni_ca='3' AND c_asigna='300101' [1][0] OK
C:[10/05/2013 19:35:01.17][200.84.71.176][1392] SELECT pre_cod_asig1,pre_cod_asig2,pre_cod_asig3,pre_cod_asig4,pre_cod_asig5,pre_cod_asig6,pre_cod_asig7 FROM tblaca009 WHERE pensum='5' AND c_uni_ca='3' AND c_asigna='300113' [1][0] OK
C:[10/05/2013 19:35:01.68][200.84.71.176][1436] SELECT par_cod_asig1,par_cod_asig2,par_cod_asig3 FROM tblaca009 WHERE pensum='5' AND c_uni_ca='3' AND c_asigna='300116' [1][0] OK
C:[10/05/2013 19:35:01.68][200.84.71.176][1436] SELECT par_cod_asig1,par_cod_asig2,par_cod_asig3 FROM tblaca009 WHERE pensum='5' AND c_uni_ca='3' AND c_asigna='300013' [1][0] OK
C:[10/05/2013 19:35:01.68][200.84.71.176][1436] SELECT par_cod_asig1,par_cod_asig2,par_cod_asig3 FROM tblaca009 WHERE pensum='5' AND c_uni_ca='3' AND c_asigna='300101' [1][0] OK
C:[10/05/2013 19:35:01.68][200.84.71.176][1436] SELECT par_cod_asig1,par_cod_asig2,par_cod_asig3 FROM tblaca009 WHERE pensum='5' AND c_uni_ca='3' AND c_asigna='300113' [1][0] OK
C:[10/05/2013 19:35:01.68][200.84.71.176][1450] SELECT c_asigna FROM dace004 WHERE exp_e='12-20887462' AND c_asigna='300013' AND status IN ('0','3','B','C') [0][0] OK
C:[10/05/2013 19:35:01.31][200.84.71.176][1566] SELECT horas_lab FROM tblaca008 WHERE c_asigna='300116' AND horas_teoricas > 0 [1][0] OK
C:[10/05/2013 19:35:01.43][200.84.71.176][1600] SELECT sum(u_creditos*1) FROM dace006 a, tblaca009 b WHERE a.exp_e='12-20887462' AND a.lapso='2013-1' AND b.pensum='5' AND b.c_uni_ca='3' AND status IN ('7','A','2') AND a.c_asigna=b.c_asigna  [1][0] OK
C:[10/05/2013 19:35:01.93][200.84.71.176][1619] SELECT sum(u_creditos*1) FROM dace006 a, tblaca009 b WHERE a.exp_e='12-20887462' AND a.lapso='2013-1' AND b.pensum='5' AND b.c_uni_ca='3' AND status IN ('7','A','2') AND a.c_asigna=b.c_asigna AND a.c_asigna IN ('300013','300101','300113') [1][0] OK
C:[10/05/2013 19:35:01.99][200.84.71.176][1635] SELECT MAX(semestre) FROM dace006 a, tblaca009 b WHERE a.exp_e='12-20887462' AND a.lapso='2013-1' AND b.pensum='5' AND b.c_uni_ca='3' AND status IN ('7','A','2') AND a.c_asigna=b.c_asigna  [1][0] OK
C:[10/05/2013 19:35:01.37][200.84.71.176][1655] SELECT MIN(semestre) FROM dace006 a, tblaca009 b WHERE a.exp_e='12-20887462' AND a.lapso='2013-1' AND b.pensum='5' AND b.c_uni_ca='3' AND status IN ('7','A','2') AND a.c_asigna=b.c_asigna AND a.c_asigna IN ('300116') [1][0] OK
C:[11/05/2013 12:45:47.38][190.201.30.41][1392] SELECT pre_cod_asig1,pre_cod_asig2,pre_cod_asig3,pre_cod_asig4,pre_cod_asig5,pre_cod_asig6,pre_cod_asig7 FROM tblaca009 WHERE pensum='5' AND c_uni_ca='5' AND c_asigna='300101' [1][0] OK
C:[11/05/2013 12:45:47.38][190.201.30.41][1392] SELECT pre_cod_asig1,pre_cod_asig2,pre_cod_asig3,pre_cod_asig4,pre_cod_asig5,pre_cod_asig6,pre_cod_asig7 FROM tblaca009 WHERE pensum='5' AND c_uni_ca='5' AND c_asigna='300222' [1][0] OK
C:[11/05/2013 12:45:47.38][190.201.30.41][1405] SELECT c_asigna FROM dace004 WHERE exp_e='09-21110011' AND c_asigna='300112' AND status IN ('0','3','B') [1][0] OK
C:[11/05/2013 12:45:47.75][190.201.30.41][1436] SELECT par_cod_asig1,par_cod_asig2,par_cod_asig3 FROM tblaca009 WHERE pensum='5' AND c_uni_ca='5' AND c_asigna='300101' [1][0] OK
C:[11/05/2013 12:45:47.75][190.201.30.41][1436] SELECT par_cod_asig1,par_cod_asig2,par_cod_asig3 FROM tblaca009 WHERE pensum='5' AND c_uni_ca='5' AND c_asigna='300222' [1][0] OK
C:[11/05/2013 12:45:47.02][190.201.30.41][1600] SELECT sum(u_creditos*1) FROM dace006 a, tblaca009 b WHERE a.exp_e='09-21110011' AND a.lapso='2013-1' AND b.pensum='5' AND b.c_uni_ca='5' AND status IN ('7','A','2') AND a.c_asigna=b.c_asigna  [1][0] OK
C:[11/05/2013 12:45:47.94][190.201.30.41][1619] SELECT sum(u_creditos*1) FROM dace006 a, tblaca009 b WHERE a.exp_e='09-21110011' AND a.lapso='2013-1' AND b.pensum='5' AND b.c_uni_ca='5' AND status IN ('7','A','2') AND a.c_asigna=b.c_asigna AND a.c_asigna IN ('300101','300222') [1][0] OK
C:[11/05/2013 12:45:47.88][190.201.30.41][1635] SELECT MAX(semestre) FROM dace006 a, tblaca009 b WHERE a.exp_e='09-21110011' AND a.lapso='2013-1' AND b.pensum='5' AND b.c_uni_ca='5' AND status IN ('7','A','2') AND a.c_asigna=b.c_asigna  [1][0] OK
C:[11/05/2013 14:50:32.60][190.36.28.176][1392] SELECT pre_cod_asig1,pre_cod_asig2,pre_cod_asig3,pre_cod_asig4,pre_cod_asig5,pre_cod_asig6,pre_cod_asig7 FROM tblaca009 WHERE pensum='5' AND c_uni_ca='4' AND c_asigna='300116' [1][0] OK
C:[11/05/2013 14:50:32.60][190.36.28.176][1392] SELECT pre_cod_asig1,pre_cod_asig2,pre_cod_asig3,pre_cod_asig4,pre_cod_asig5,pre_cod_asig6,pre_cod_asig7 FROM tblaca009 WHERE pensum='5' AND c_uni_ca='4' AND c_asigna='300207' [1][0] OK
C:[11/05/2013 14:50:32.60][190.36.28.176][1405] SELECT c_asigna FROM dace004 WHERE exp_e='12-25445468' AND c_asigna='300101' AND status IN ('0','3','B') [1][0] OK
C:[11/05/2013 14:50:32.60][190.36.28.176][1392] SELECT pre_cod_asig1,pre_cod_asig2,pre_cod_asig3,pre_cod_asig4,pre_cod_asig5,pre_cod_asig6,pre_cod_asig7 FROM tblaca009 WHERE pensum='5' AND c_uni_ca='4' AND c_asigna='300213' [1][0] OK
C:[11/05/2013 14:50:32.60][190.36.28.176][1405] SELECT c_asigna FROM dace004 WHERE exp_e='12-25445468' AND c_asigna='300101' AND status IN ('0','3','B') [1][0] OK
C:[11/05/2013 14:50:32.60][190.36.28.176][1392] SELECT pre_cod_asig1,pre_cod_asig2,pre_cod_asig3,pre_cod_asig4,pre_cod_asig5,pre_cod_asig6,pre_cod_asig7 FROM tblaca009 WHERE pensum='5' AND c_uni_ca='4' AND c_asigna='300218' [1][0] OK
C:[11/05/2013 14:50:32.60][190.36.28.176][1405] SELECT c_asigna FROM dace004 WHERE exp_e='12-25445468' AND c_asigna='300101' AND status IN ('0','3','B') [1][0] OK
C:[11/05/2013 14:50:32.60][190.36.28.176][1392] SELECT pre_cod_asig1,pre_cod_asig2,pre_cod_asig3,pre_cod_asig4,pre_cod_asig5,pre_cod_asig6,pre_cod_asig7 FROM tblaca009 WHERE pensum='5' AND c_uni_ca='4' AND c_asigna='330310' [1][0] OK
C:[11/05/2013 14:50:32.60][190.36.28.176][1405] SELECT c_asigna FROM dace004 WHERE exp_e='12-25445468' AND c_asigna='300013' AND status IN ('0','3','B') [1][0] OK
C:[11/05/2013 14:50:32.60][190.36.28.176][1405] SELECT c_asigna FROM dace004 WHERE exp_e='12-25445468' AND c_asigna='300113' AND status IN ('0','3','B') [1][0] OK
C:[11/05/2013 14:50:32.60][190.36.28.176][1392] SELECT pre_cod_asig1,pre_cod_asig2,pre_cod_asig3,pre_cod_asig4,pre_cod_asig5,pre_cod_asig6,pre_cod_asig7 FROM tblaca009 WHERE pensum='5' AND c_uni_ca='4' AND c_asigna='333326' [1][0] OK
C:[11/05/2013 14:50:32.97][190.36.28.176][1436] SELECT par_cod_asig1,par_cod_asig2,par_cod_asig3 FROM tblaca009 WHERE pensum='5' AND c_uni_ca='4' AND c_asigna='300116' [1][0] OK
C:[11/05/2013 14:50:32.97][190.36.28.176][1436] SELECT par_cod_asig1,par_cod_asig2,par_cod_asig3 FROM tblaca009 WHERE pensum='5' AND c_uni_ca='4' AND c_asigna='300207' [1][0] OK
C:[11/05/2013 14:50:32.97][190.36.28.176][1436] SELECT par_cod_asig1,par_cod_asig2,par_cod_asig3 FROM tblaca009 WHERE pensum='5' AND c_uni_ca='4' AND c_asigna='300213' [1][0] OK
C:[11/05/2013 14:50:32.97][190.36.28.176][1450] SELECT c_asigna FROM dace004 WHERE exp_e='12-25445468' AND c_asigna='300209' AND status IN ('0','3','B','C') [1][0] OK
C:[11/05/2013 14:50:32.97][190.36.28.176][1436] SELECT par_cod_asig1,par_cod_asig2,par_cod_asig3 FROM tblaca009 WHERE pensum='5' AND c_uni_ca='4' AND c_asigna='300218' [1][0] OK
C:[11/05/2013 14:50:32.97][190.36.28.176][1450] SELECT c_asigna FROM dace004 WHERE exp_e='12-25445468' AND c_asigna='300228' AND status IN ('0','3','B','C') [1][0] OK
C:[11/05/2013 14:50:32.97][190.36.28.176][1436] SELECT par_cod_asig1,par_cod_asig2,par_cod_asig3 FROM tblaca009 WHERE pensum='5' AND c_uni_ca='4' AND c_asigna='330310' [1][0] OK
C:[11/05/2013 14:50:32.97][190.36.28.176][1436] SELECT par_cod_asig1,par_cod_asig2,par_cod_asig3 FROM tblaca009 WHERE pensum='5' AND c_uni_ca='4' AND c_asigna='333326' [1][0] OK
C:[11/05/2013 14:50:32.99][190.36.28.176][1566] SELECT horas_lab FROM tblaca008 WHERE c_asigna='300116' AND horas_teoricas > 0 [1][0] OK
C:[11/05/2013 14:50:32.10][190.36.28.176][1600] SELECT sum(u_creditos*1) FROM dace006 a, tblaca009 b WHERE a.exp_e='12-25445468' AND a.lapso='2013-1' AND b.pensum='5' AND b.c_uni_ca='4' AND status IN ('7','A','2') AND a.c_asigna=b.c_asigna  [1][0] OK
C:[11/05/2013 14:50:32.03][190.36.28.176][1619] SELECT sum(u_creditos*1) FROM dace006 a, tblaca009 b WHERE a.exp_e='12-25445468' AND a.lapso='2013-1' AND b.pensum='5' AND b.c_uni_ca='4' AND status IN ('7','A','2') AND a.c_asigna=b.c_asigna AND a.c_asigna IN ('300207','300213','300218','330310','333326') [1][0] OK
C:[11/05/2013 14:50:32.97][190.36.28.176][1635] SELECT MAX(semestre) FROM dace006 a, tblaca009 b WHERE a.exp_e='12-25445468' AND a.lapso='2013-1' AND b.pensum='5' AND b.c_uni_ca='4' AND status IN ('7','A','2') AND a.c_asigna=b.c_asigna  [1][0] OK
C:[11/05/2013 14:50:33.91][190.36.28.176][1655] SELECT MIN(semestre) FROM dace006 a, tblaca009 b WHERE a.exp_e='12-25445468' AND a.lapso='2013-1' AND b.pensum='5' AND b.c_uni_ca='4' AND status IN ('7','A','2') AND a.c_asigna=b.c_asigna AND a.c_asigna IN ('300116') [1][0] OK
C:[11/05/2013 15:14:09.05][190.78.179.2][1392] SELECT pre_cod_asig1,pre_cod_asig2,pre_cod_asig3,pre_cod_asig4,pre_cod_asig5,pre_cod_asig6,pre_cod_asig7 FROM tblaca009 WHERE pensum='5' AND c_uni_ca='2' AND c_asigna='322550' [1][0] OK
C:[11/05/2013 15:14:09.05][190.78.179.2][1405] SELECT c_asigna FROM dace004 WHERE exp_e='07-18667037' AND c_asigna='322433' AND status IN ('0','3','B') [1][0] OK
C:[11/05/2013 15:14:09.05][190.78.179.2][1392] SELECT pre_cod_asig1,pre_cod_asig2,pre_cod_asig3,pre_cod_asig4,pre_cod_asig5,pre_cod_asig6,pre_cod_asig7 FROM tblaca009 WHERE pensum='5' AND c_uni_ca='2' AND c_asigna='322436' [1][0] OK
C:[11/05/2013 15:14:09.05][190.78.179.2][1405] SELECT c_asigna FROM dace004 WHERE exp_e='07-18667037' AND c_asigna='300317' AND status IN ('0','3','B') [1][0] OK
C:[11/05/2013 15:14:09.05][190.78.179.2][1405] SELECT c_asigna FROM dace004 WHERE exp_e='07-18667037' AND c_asigna='320311' AND status IN ('0','3','B') [1][0] OK
C:[11/05/2013 15:14:09.05][190.78.179.2][1392] SELECT pre_cod_asig1,pre_cod_asig2,pre_cod_asig3,pre_cod_asig4,pre_cod_asig5,pre_cod_asig6,pre_cod_asig7 FROM tblaca009 WHERE pensum='5' AND c_uni_ca='2' AND c_asigna='322558' [1][0] OK
C:[11/05/2013 15:14:09.05][190.78.179.2][1405] SELECT c_asigna FROM dace004 WHERE exp_e='07-18667037' AND c_asigna='300428' AND status IN ('0','3','B') [1][0] OK
C:[11/05/2013 15:14:09.05][190.78.179.2][1405] SELECT c_asigna FROM dace004 WHERE exp_e='07-18667037' AND c_asigna='320323' AND status IN ('0','3','B') [1][0] OK
C:[11/05/2013 15:14:09.05][190.78.179.2][1392] SELECT pre_cod_asig1,pre_cod_asig2,pre_cod_asig3,pre_cod_asig4,pre_cod_asig5,pre_cod_asig6,pre_cod_asig7 FROM tblaca009 WHERE pensum='5' AND c_uni_ca='2' AND c_asigna='322702' [1][0] OK
C:[11/05/2013 15:14:09.05][190.78.179.2][1405] SELECT c_asigna FROM dace004 WHERE exp_e='07-18667037' AND c_asigna='322683' AND status IN ('0','3','B') [1][0] OK
C:[11/05/2013 15:14:09.05][190.78.179.2][1405] SELECT c_asigna FROM dace004 WHERE exp_e='07-18667037' AND c_asigna='300313' AND status IN ('0','3','B') [1][0] OK
C:[11/05/2013 15:14:10.43][190.78.179.2][1436] SELECT par_cod_asig1,par_cod_asig2,par_cod_asig3 FROM tblaca009 WHERE pensum='5' AND c_uni_ca='2' AND c_asigna='322550' [1][0] OK
C:[11/05/2013 15:14:10.43][190.78.179.2][1436] SELECT par_cod_asig1,par_cod_asig2,par_cod_asig3 FROM tblaca009 WHERE pensum='5' AND c_uni_ca='2' AND c_asigna='322436' [1][0] OK
C:[11/05/2013 15:14:10.43][190.78.179.2][1436] SELECT par_cod_asig1,par_cod_asig2,par_cod_asig3 FROM tblaca009 WHERE pensum='5' AND c_uni_ca='2' AND c_asigna='322558' [1][0] OK
C:[11/05/2013 15:14:10.43][190.78.179.2][1436] SELECT par_cod_asig1,par_cod_asig2,par_cod_asig3 FROM tblaca009 WHERE pensum='5' AND c_uni_ca='2' AND c_asigna='322702' [1][0] OK
C:[11/05/2013 15:14:10.50][190.78.179.2][1566] SELECT horas_lab FROM tblaca008 WHERE c_asigna='322550' AND horas_teoricas > 0 [1][0] OK
C:[11/05/2013 15:14:10.61][190.78.179.2][1600] SELECT sum(u_creditos*1) FROM dace006 a, tblaca009 b WHERE a.exp_e='07-18667037' AND a.lapso='2013-1' AND b.pensum='5' AND b.c_uni_ca='2' AND status IN ('7','A','2') AND a.c_asigna=b.c_asigna  [1][0] OK
C:[11/05/2013 15:14:10.55][190.78.179.2][1619] SELECT sum(u_creditos*1) FROM dace006 a, tblaca009 b WHERE a.exp_e='07-18667037' AND a.lapso='2013-1' AND b.pensum='5' AND b.c_uni_ca='2' AND status IN ('7','A','2') AND a.c_asigna=b.c_asigna AND a.c_asigna IN ('322436','322558','322702') [1][0] OK
C:[11/05/2013 15:14:10.93][190.78.179.2][1635] SELECT MAX(semestre) FROM dace006 a, tblaca009 b WHERE a.exp_e='07-18667037' AND a.lapso='2013-1' AND b.pensum='5' AND b.c_uni_ca='2' AND status IN ('7','A','2') AND a.c_asigna=b.c_asigna  [1][0] OK
C:[11/05/2013 15:14:10.86][190.78.179.2][1655] SELECT MIN(semestre) FROM dace006 a, tblaca009 b WHERE a.exp_e='07-18667037' AND a.lapso='2013-1' AND b.pensum='5' AND b.c_uni_ca='2' AND status IN ('7','A','2') AND a.c_asigna=b.c_asigna AND a.c_asigna IN ('322550') [1][0] OK
C:[11/05/2013 15:56:39.26][201.243.108.156][1392] SELECT pre_cod_asig1,pre_cod_asig2,pre_cod_asig3,pre_cod_asig4,pre_cod_asig5,pre_cod_asig6,pre_cod_asig7 FROM tblaca009 WHERE pensum='5' AND c_uni_ca='6' AND c_asigna='300105' [1][0] OK
C:[11/05/2013 15:56:39.26][201.243.108.156][1392] SELECT pre_cod_asig1,pre_cod_asig2,pre_cod_asig3,pre_cod_asig4,pre_cod_asig5,pre_cod_asig6,pre_cod_asig7 FROM tblaca009 WHERE pensum='5' AND c_uni_ca='6' AND c_asigna='300106' [1][0] OK
C:[11/05/2013 15:56:39.26][201.243.108.156][1392] SELECT pre_cod_asig1,pre_cod_asig2,pre_cod_asig3,pre_cod_asig4,pre_cod_asig5,pre_cod_asig6,pre_cod_asig7 FROM tblaca009 WHERE pensum='5' AND c_uni_ca='6' AND c_asigna='300113' [1][0] OK
C:[11/05/2013 15:56:39.26][201.243.108.156][1392] SELECT pre_cod_asig1,pre_cod_asig2,pre_cod_asig3,pre_cod_asig4,pre_cod_asig5,pre_cod_asig6,pre_cod_asig7 FROM tblaca009 WHERE pensum='5' AND c_uni_ca='6' AND c_asigna='300116' [1][0] OK
C:[11/05/2013 15:56:39.26][201.243.108.156][1392] SELECT pre_cod_asig1,pre_cod_asig2,pre_cod_asig3,pre_cod_asig4,pre_cod_asig5,pre_cod_asig6,pre_cod_asig7 FROM tblaca009 WHERE pensum='5' AND c_uni_ca='6' AND c_asigna='300101' [1][0] OK
C:[11/05/2013 15:56:39.26][201.243.108.156][1392] SELECT pre_cod_asig1,pre_cod_asig2,pre_cod_asig3,pre_cod_asig4,pre_cod_asig5,pre_cod_asig6,pre_cod_asig7 FROM tblaca009 WHERE pensum='5' AND c_uni_ca='6' AND c_asigna='300112' [1][0] OK
C:[11/05/2013 15:56:39.26][201.243.108.156][1392] SELECT pre_cod_asig1,pre_cod_asig2,pre_cod_asig3,pre_cod_asig4,pre_cod_asig5,pre_cod_asig6,pre_cod_asig7 FROM tblaca009 WHERE pensum='5' AND c_uni_ca='6' AND c_asigna='300013' [1][0] OK
C:[11/05/2013 15:56:39.14][201.243.108.156][1436] SELECT par_cod_asig1,par_cod_asig2,par_cod_asig3 FROM tblaca009 WHERE pensum='5' AND c_uni_ca='6' AND c_asigna='300105' [1][0] OK
C:[11/05/2013 15:56:39.14][201.243.108.156][1436] SELECT par_cod_asig1,par_cod_asig2,par_cod_asig3 FROM tblaca009 WHERE pensum='5' AND c_uni_ca='6' AND c_asigna='300106' [1][0] OK
C:[11/05/2013 15:56:39.14][201.243.108.156][1436] SELECT par_cod_asig1,par_cod_asig2,par_cod_asig3 FROM tblaca009 WHERE pensum='5' AND c_uni_ca='6' AND c_asigna='300113' [1][0] OK
C:[11/05/2013 15:56:39.14][201.243.108.156][1450] SELECT c_asigna FROM dace004 WHERE exp_e='13-22617460' AND c_asigna='300013' AND status IN ('0','3','B','C') [0][0] OK
C:[11/05/2013 15:56:39.14][201.243.108.156][1436] SELECT par_cod_asig1,par_cod_asig2,par_cod_asig3 FROM tblaca009 WHERE pensum='5' AND c_uni_ca='6' AND c_asigna='300116' [1][0] OK
C:[11/05/2013 15:56:39.14][201.243.108.156][1436] SELECT par_cod_asig1,par_cod_asig2,par_cod_asig3 FROM tblaca009 WHERE pensum='5' AND c_uni_ca='6' AND c_asigna='300101' [1][0] OK
C:[11/05/2013 15:56:39.14][201.243.108.156][1436] SELECT par_cod_asig1,par_cod_asig2,par_cod_asig3 FROM tblaca009 WHERE pensum='5' AND c_uni_ca='6' AND c_asigna='300112' [1][0] OK
C:[11/05/2013 15:56:39.14][201.243.108.156][1436] SELECT par_cod_asig1,par_cod_asig2,par_cod_asig3 FROM tblaca009 WHERE pensum='5' AND c_uni_ca='6' AND c_asigna='300013' [1][0] OK
C:[11/05/2013 15:56:39.15][201.243.108.156][1566] SELECT horas_lab FROM tblaca008 WHERE c_asigna='300105' AND horas_teoricas > 0 [1][0] OK
C:[11/05/2013 15:56:39.15][201.243.108.156][1566] SELECT horas_lab FROM tblaca008 WHERE c_asigna='300106' AND horas_teoricas > 0 [0][0] OK
C:[11/05/2013 15:56:39.15][201.243.108.156][1566] SELECT horas_lab FROM tblaca008 WHERE c_asigna='300113' AND horas_teoricas > 0 [0][0] OK
C:[11/05/2013 15:56:39.15][201.243.108.156][1566] SELECT horas_lab FROM tblaca008 WHERE c_asigna='300116' AND horas_teoricas > 0 [1][0] OK
C:[11/05/2013 15:56:39.64][201.243.108.156][1600] SELECT sum(u_creditos*1) FROM dace006 a, tblaca009 b WHERE a.exp_e='13-22617460' AND a.lapso='2013-1' AND b.pensum='5' AND b.c_uni_ca='6' AND status IN ('7','A','2') AND a.c_asigna=b.c_asigna  [1][0] OK
C:[11/05/2013 15:56:39.02][201.243.108.156][1619] SELECT sum(u_creditos*1) FROM dace006 a, tblaca009 b WHERE a.exp_e='13-22617460' AND a.lapso='2013-1' AND b.pensum='5' AND b.c_uni_ca='6' AND status IN ('7','A','2') AND a.c_asigna=b.c_asigna AND a.c_asigna IN ('300101','300112','300013') [1][0] OK
C:[11/05/2013 15:56:39.39][201.243.108.156][1635] SELECT MAX(semestre) FROM dace006 a, tblaca009 b WHERE a.exp_e='13-22617460' AND a.lapso='2013-1' AND b.pensum='5' AND b.c_uni_ca='6' AND status IN ('7','A','2') AND a.c_asigna=b.c_asigna  [1][0] OK
C:[11/05/2013 15:56:39.77][201.243.108.156][1655] SELECT MIN(semestre) FROM dace006 a, tblaca009 b WHERE a.exp_e='13-22617460' AND a.lapso='2013-1' AND b.pensum='5' AND b.c_uni_ca='6' AND status IN ('7','A','2') AND a.c_asigna=b.c_asigna AND a.c_asigna IN ('300105','300106','300113','300116') [1][0] OK
C:[11/05/2013 16:03:51.10][201.243.108.156][1392] SELECT pre_cod_asig1,pre_cod_asig2,pre_cod_asig3,pre_cod_asig4,pre_cod_asig5,pre_cod_asig6,pre_cod_asig7 FROM tblaca009 WHERE pensum='5' AND c_uni_ca='6' AND c_asigna='300105' [1][0] OK
C:[11/05/2013 16:03:51.10][201.243.108.156][1392] SELECT pre_cod_asig1,pre_cod_asig2,pre_cod_asig3,pre_cod_asig4,pre_cod_asig5,pre_cod_asig6,pre_cod_asig7 FROM tblaca009 WHERE pensum='5' AND c_uni_ca='6' AND c_asigna='300113' [1][0] OK
C:[11/05/2013 16:03:51.10][201.243.108.156][1392] SELECT pre_cod_asig1,pre_cod_asig2,pre_cod_asig3,pre_cod_asig4,pre_cod_asig5,pre_cod_asig6,pre_cod_asig7 FROM tblaca009 WHERE pensum='5' AND c_uni_ca='6' AND c_asigna='300116' [1][0] OK
C:[11/05/2013 16:03:51.10][201.243.108.156][1392] SELECT pre_cod_asig1,pre_cod_asig2,pre_cod_asig3,pre_cod_asig4,pre_cod_asig5,pre_cod_asig6,pre_cod_asig7 FROM tblaca009 WHERE pensum='5' AND c_uni_ca='6' AND c_asigna='300101' [1][0] OK
C:[11/05/2013 16:03:51.10][201.243.108.156][1392] SELECT pre_cod_asig1,pre_cod_asig2,pre_cod_asig3,pre_cod_asig4,pre_cod_asig5,pre_cod_asig6,pre_cod_asig7 FROM tblaca009 WHERE pensum='5' AND c_uni_ca='6' AND c_asigna='300112' [1][0] OK
C:[11/05/2013 16:03:51.10][201.243.108.156][1392] SELECT pre_cod_asig1,pre_cod_asig2,pre_cod_asig3,pre_cod_asig4,pre_cod_asig5,pre_cod_asig6,pre_cod_asig7 FROM tblaca009 WHERE pensum='5' AND c_uni_ca='6' AND c_asigna='300013' [1][0] OK
C:[11/05/2013 16:03:51.10][201.243.108.156][1392] SELECT pre_cod_asig1,pre_cod_asig2,pre_cod_asig3,pre_cod_asig4,pre_cod_asig5,pre_cod_asig6,pre_cod_asig7 FROM tblaca009 WHERE pensum='5' AND c_uni_ca='6' AND c_asigna='300106' [1][0] OK
C:[11/05/2013 16:03:52.98][201.243.108.156][1436] SELECT par_cod_asig1,par_cod_asig2,par_cod_asig3 FROM tblaca009 WHERE pensum='5' AND c_uni_ca='6' AND c_asigna='300105' [1][0] OK
C:[11/05/2013 16:03:52.98][201.243.108.156][1436] SELECT par_cod_asig1,par_cod_asig2,par_cod_asig3 FROM tblaca009 WHERE pensum='5' AND c_uni_ca='6' AND c_asigna='300113' [1][0] OK
C:[11/05/2013 16:03:52.98][201.243.108.156][1450] SELECT c_asigna FROM dace004 WHERE exp_e='13-22617460' AND c_asigna='300013' AND status IN ('0','3','B','C') [0][0] OK
C:[11/05/2013 16:03:52.98][201.243.108.156][1436] SELECT par_cod_asig1,par_cod_asig2,par_cod_asig3 FROM tblaca009 WHERE pensum='5' AND c_uni_ca='6' AND c_asigna='300116' [1][0] OK
C:[11/05/2013 16:03:52.98][201.243.108.156][1436] SELECT par_cod_asig1,par_cod_asig2,par_cod_asig3 FROM tblaca009 WHERE pensum='5' AND c_uni_ca='6' AND c_asigna='300101' [1][0] OK
C:[11/05/2013 16:03:52.98][201.243.108.156][1436] SELECT par_cod_asig1,par_cod_asig2,par_cod_asig3 FROM tblaca009 WHERE pensum='5' AND c_uni_ca='6' AND c_asigna='300112' [1][0] OK
C:[11/05/2013 16:03:52.98][201.243.108.156][1436] SELECT par_cod_asig1,par_cod_asig2,par_cod_asig3 FROM tblaca009 WHERE pensum='5' AND c_uni_ca='6' AND c_asigna='300013' [1][0] OK
C:[11/05/2013 16:03:52.98][201.243.108.156][1436] SELECT par_cod_asig1,par_cod_asig2,par_cod_asig3 FROM tblaca009 WHERE pensum='5' AND c_uni_ca='6' AND c_asigna='300106' [1][0] OK
C:[11/05/2013 16:03:52.12][201.243.108.156][1566] SELECT horas_lab FROM tblaca008 WHERE c_asigna='300105' AND horas_teoricas > 0 [1][0] OK
C:[11/05/2013 16:03:52.12][201.243.108.156][1566] SELECT horas_lab FROM tblaca008 WHERE c_asigna='300113' AND horas_teoricas > 0 [0][0] OK
C:[11/05/2013 16:03:52.12][201.243.108.156][1566] SELECT horas_lab FROM tblaca008 WHERE c_asigna='300116' AND horas_teoricas > 0 [1][0] OK
C:[11/05/2013 16:03:52.48][201.243.108.156][1600] SELECT sum(u_creditos*1) FROM dace006 a, tblaca009 b WHERE a.exp_e='13-22617460' AND a.lapso='2013-1' AND b.pensum='5' AND b.c_uni_ca='6' AND status IN ('7','A','2') AND a.c_asigna=b.c_asigna  [1][0] OK
C:[11/05/2013 16:03:52.42][201.243.108.156][1619] SELECT sum(u_creditos*1) FROM dace006 a, tblaca009 b WHERE a.exp_e='13-22617460' AND a.lapso='2013-1' AND b.pensum='5' AND b.c_uni_ca='6' AND status IN ('7','A','2') AND a.c_asigna=b.c_asigna AND a.c_asigna IN ('300101','300112','300013','300106') [1][0] OK
C:[11/05/2013 16:03:52.36][201.243.108.156][1635] SELECT MAX(semestre) FROM dace006 a, tblaca009 b WHERE a.exp_e='13-22617460' AND a.lapso='2013-1' AND b.pensum='5' AND b.c_uni_ca='6' AND status IN ('7','A','2') AND a.c_asigna=b.c_asigna  [1][0] OK
C:[11/05/2013 16:03:52.29][201.243.108.156][1655] SELECT MIN(semestre) FROM dace006 a, tblaca009 b WHERE a.exp_e='13-22617460' AND a.lapso='2013-1' AND b.pensum='5' AND b.c_uni_ca='6' AND status IN ('7','A','2') AND a.c_asigna=b.c_asigna AND a.c_asigna IN ('300105','300113','300116') [1][0] OK
C:[11/05/2013 20:20:29.90][186.14.150.61][1392] SELECT pre_cod_asig1,pre_cod_asig2,pre_cod_asig3,pre_cod_asig4,pre_cod_asig5,pre_cod_asig6,pre_cod_asig7 FROM tblaca009 WHERE pensum='5' AND c_uni_ca='4' AND c_asigna='300113' [1][0] OK
C:[11/05/2013 20:20:29.90][186.14.150.61][1392] SELECT pre_cod_asig1,pre_cod_asig2,pre_cod_asig3,pre_cod_asig4,pre_cod_asig5,pre_cod_asig6,pre_cod_asig7 FROM tblaca009 WHERE pensum='5' AND c_uni_ca='4' AND c_asigna='300101' [1][0] OK
C:[11/05/2013 20:20:29.09][186.14.150.61][1436] SELECT par_cod_asig1,par_cod_asig2,par_cod_asig3 FROM tblaca009 WHERE pensum='5' AND c_uni_ca='4' AND c_asigna='300113' [1][0] OK
C:[11/05/2013 20:20:29.09][186.14.150.61][1450] SELECT c_asigna FROM dace004 WHERE exp_e='10-23503568' AND c_asigna='300013' AND status IN ('0','3','B','C') [1][0] OK
C:[11/05/2013 20:20:29.09][186.14.150.61][1436] SELECT par_cod_asig1,par_cod_asig2,par_cod_asig3 FROM tblaca009 WHERE pensum='5' AND c_uni_ca='4' AND c_asigna='300101' [1][0] OK
C:[11/05/2013 20:20:29.48][186.14.150.61][1600] SELECT sum(u_creditos*1) FROM dace006 a, tblaca009 b WHERE a.exp_e='10-23503568' AND a.lapso='2013-1' AND b.pensum='5' AND b.c_uni_ca='4' AND status IN ('7','A','2') AND a.c_asigna=b.c_asigna  [1][0] OK
C:[11/05/2013 20:20:29.40][186.14.150.61][1619] SELECT sum(u_creditos*1) FROM dace006 a, tblaca009 b WHERE a.exp_e='10-23503568' AND a.lapso='2013-1' AND b.pensum='5' AND b.c_uni_ca='4' AND status IN ('7','A','2') AND a.c_asigna=b.c_asigna AND a.c_asigna IN ('300113','300101') [1][0] OK
C:[11/05/2013 20:20:29.79][186.14.150.61][1635] SELECT MAX(semestre) FROM dace006 a, tblaca009 b WHERE a.exp_e='10-23503568' AND a.lapso='2013-1' AND b.pensum='5' AND b.c_uni_ca='4' AND status IN ('7','A','2') AND a.c_asigna=b.c_asigna  [1][0] OK
C:[11/05/2013 20:22:45.42][186.14.150.61][1392] SELECT pre_cod_asig1,pre_cod_asig2,pre_cod_asig3,pre_cod_asig4,pre_cod_asig5,pre_cod_asig6,pre_cod_asig7 FROM tblaca009 WHERE pensum='5' AND c_uni_ca='4' AND c_asigna='300113' [1][0] OK
C:[11/05/2013 20:22:45.42][186.14.150.61][1392] SELECT pre_cod_asig1,pre_cod_asig2,pre_cod_asig3,pre_cod_asig4,pre_cod_asig5,pre_cod_asig6,pre_cod_asig7 FROM tblaca009 WHERE pensum='5' AND c_uni_ca='4' AND c_asigna='300101' [1][0] OK
C:[11/05/2013 20:22:45.67][186.14.150.61][1436] SELECT par_cod_asig1,par_cod_asig2,par_cod_asig3 FROM tblaca009 WHERE pensum='5' AND c_uni_ca='4' AND c_asigna='300113' [1][0] OK
C:[11/05/2013 20:22:45.67][186.14.150.61][1450] SELECT c_asigna FROM dace004 WHERE exp_e='10-23503568' AND c_asigna='300013' AND status IN ('0','3','B','C') [1][0] OK
C:[11/05/2013 20:22:45.67][186.14.150.61][1436] SELECT par_cod_asig1,par_cod_asig2,par_cod_asig3 FROM tblaca009 WHERE pensum='5' AND c_uni_ca='4' AND c_asigna='300101' [1][0] OK
C:[11/05/2013 20:22:45.07][186.14.150.61][1600] SELECT sum(u_creditos*1) FROM dace006 a, tblaca009 b WHERE a.exp_e='10-23503568' AND a.lapso='2013-1' AND b.pensum='5' AND b.c_uni_ca='4' AND status IN ('7','A','2') AND a.c_asigna=b.c_asigna  [1][0] OK
C:[11/05/2013 20:22:45.99][186.14.150.61][1619] SELECT sum(u_creditos*1) FROM dace006 a, tblaca009 b WHERE a.exp_e='10-23503568' AND a.lapso='2013-1' AND b.pensum='5' AND b.c_uni_ca='4' AND status IN ('7','A','2') AND a.c_asigna=b.c_asigna AND a.c_asigna IN ('300113','300101') [1][0] OK
C:[11/05/2013 20:22:45.36][186.14.150.61][1635] SELECT MAX(semestre) FROM dace006 a, tblaca009 b WHERE a.exp_e='10-23503568' AND a.lapso='2013-1' AND b.pensum='5' AND b.c_uni_ca='4' AND status IN ('7','A','2') AND a.c_asigna=b.c_asigna  [1][0] OK
C:[11/05/2013 20:25:39.25][186.14.150.61][1392] SELECT pre_cod_asig1,pre_cod_asig2,pre_cod_asig3,pre_cod_asig4,pre_cod_asig5,pre_cod_asig6,pre_cod_asig7 FROM tblaca009 WHERE pensum='5' AND c_uni_ca='4' AND c_asigna='300113' [1][0] OK
C:[11/05/2013 20:25:39.25][186.14.150.61][1392] SELECT pre_cod_asig1,pre_cod_asig2,pre_cod_asig3,pre_cod_asig4,pre_cod_asig5,pre_cod_asig6,pre_cod_asig7 FROM tblaca009 WHERE pensum='5' AND c_uni_ca='4' AND c_asigna='300101' [1][0] OK
C:[11/05/2013 20:25:39.50][186.14.150.61][1436] SELECT par_cod_asig1,par_cod_asig2,par_cod_asig3 FROM tblaca009 WHERE pensum='5' AND c_uni_ca='4' AND c_asigna='300113' [1][0] OK
C:[11/05/2013 20:25:39.50][186.14.150.61][1450] SELECT c_asigna FROM dace004 WHERE exp_e='10-23503568' AND c_asigna='300013' AND status IN ('0','3','B','C') [1][0] OK
C:[11/05/2013 20:25:39.50][186.14.150.61][1436] SELECT par_cod_asig1,par_cod_asig2,par_cod_asig3 FROM tblaca009 WHERE pensum='5' AND c_uni_ca='4' AND c_asigna='300101' [1][0] OK
C:[11/05/2013 20:25:39.90][186.14.150.61][1600] SELECT sum(u_creditos*1) FROM dace006 a, tblaca009 b WHERE a.exp_e='10-23503568' AND a.lapso='2013-1' AND b.pensum='5' AND b.c_uni_ca='4' AND status IN ('7','A','2') AND a.c_asigna=b.c_asigna  [1][0] OK
C:[11/05/2013 20:25:39.81][186.14.150.61][1619] SELECT sum(u_creditos*1) FROM dace006 a, tblaca009 b WHERE a.exp_e='10-23503568' AND a.lapso='2013-1' AND b.pensum='5' AND b.c_uni_ca='4' AND status IN ('7','A','2') AND a.c_asigna=b.c_asigna AND a.c_asigna IN ('300113','300101') [1][0] OK
C:[11/05/2013 20:25:39.19][186.14.150.61][1635] SELECT MAX(semestre) FROM dace006 a, tblaca009 b WHERE a.exp_e='10-23503568' AND a.lapso='2013-1' AND b.pensum='5' AND b.c_uni_ca='4' AND status IN ('7','A','2') AND a.c_asigna=b.c_asigna  [1][0] OK
C:[12/05/2013 13:35:31.74][186.89.179.166][1392] SELECT pre_cod_asig1,pre_cod_asig2,pre_cod_asig3,pre_cod_asig4,pre_cod_asig5,pre_cod_asig6,pre_cod_asig7 FROM tblaca009 WHERE pensum='5' AND c_uni_ca='5' AND c_asigna='300209' [1][0] OK
C:[12/05/2013 13:35:31.74][186.89.179.166][1405] SELECT c_asigna FROM dace004 WHERE exp_e='09-19804533' AND c_asigna='300101' AND status IN ('0','3','B') [1][0] OK
C:[12/05/2013 13:35:31.99][186.89.179.166][1436] SELECT par_cod_asig1,par_cod_asig2,par_cod_asig3 FROM tblaca009 WHERE pensum='5' AND c_uni_ca='5' AND c_asigna='300209' [1][0] OK
C:[12/05/2013 13:35:31.14][186.89.179.166][1600] SELECT sum(u_creditos*1) FROM dace006 a, tblaca009 b WHERE a.exp_e='09-19804533' AND a.lapso='2013-1' AND b.pensum='5' AND b.c_uni_ca='5' AND status IN ('7','A','2') AND a.c_asigna=b.c_asigna  [1][0] OK
C:[12/05/2013 13:35:31.50][186.89.179.166][1619] SELECT sum(u_creditos*1) FROM dace006 a, tblaca009 b WHERE a.exp_e='09-19804533' AND a.lapso='2013-1' AND b.pensum='5' AND b.c_uni_ca='5' AND status IN ('7','A','2') AND a.c_asigna=b.c_asigna AND a.c_asigna IN ('300209') [1][0] OK
C:[12/05/2013 13:35:31.87][186.89.179.166][1635] SELECT MAX(semestre) FROM dace006 a, tblaca009 b WHERE a.exp_e='09-19804533' AND a.lapso='2013-1' AND b.pensum='5' AND b.c_uni_ca='5' AND status IN ('7','A','2') AND a.c_asigna=b.c_asigna  [1][0] OK
C:[12/05/2013 21:46:57.22][190.205.16.19][1392] SELECT pre_cod_asig1,pre_cod_asig2,pre_cod_asig3,pre_cod_asig4,pre_cod_asig5,pre_cod_asig6,pre_cod_asig7 FROM tblaca009 WHERE pensum='5' AND c_uni_ca='5' AND c_asigna='355833' [1][0] OK
C:[12/05/2013 21:46:57.22][190.205.16.19][1405] SELECT c_asigna FROM dace004 WHERE exp_e='09-20035960' AND c_asigna='355694' AND status IN ('0','3','B') [1][0] OK
C:[12/05/2013 21:46:57.22][190.205.16.19][1392] SELECT pre_cod_asig1,pre_cod_asig2,pre_cod_asig3,pre_cod_asig4,pre_cod_asig5,pre_cod_asig6,pre_cod_asig7 FROM tblaca009 WHERE pensum='5' AND c_uni_ca='5' AND c_asigna='355722' [1][0] OK
C:[12/05/2013 21:46:57.22][190.205.16.19][1405] SELECT c_asigna FROM dace004 WHERE exp_e='09-20035960' AND c_asigna='355691' AND status IN ('0','3','B') [1][0] OK
C:[12/05/2013 21:46:57.22][190.205.16.19][1405] SELECT c_asigna FROM dace004 WHERE exp_e='09-20035960' AND c_asigna='355595' AND status IN ('0','3','B') [1][0] OK
C:[12/05/2013 21:46:57.22][190.205.16.19][1392] SELECT pre_cod_asig1,pre_cod_asig2,pre_cod_asig3,pre_cod_asig4,pre_cod_asig5,pre_cod_asig6,pre_cod_asig7 FROM tblaca009 WHERE pensum='5' AND c_uni_ca='5' AND c_asigna='354852' [1][0] OK
C:[12/05/2013 21:46:57.22][190.205.16.19][1392] SELECT pre_cod_asig1,pre_cod_asig2,pre_cod_asig3,pre_cod_asig4,pre_cod_asig5,pre_cod_asig6,pre_cod_asig7 FROM tblaca009 WHERE pensum='5' AND c_uni_ca='5' AND c_asigna='355874' [1][0] OK
C:[12/05/2013 21:46:57.22][190.205.16.19][1405] SELECT c_asigna FROM dace004 WHERE exp_e='09-20035960' AND c_asigna='355448' AND status IN ('0','3','B') [1][0] OK
C:[12/05/2013 21:46:57.22][190.205.16.19][1392] SELECT pre_cod_asig1,pre_cod_asig2,pre_cod_asig3,pre_cod_asig4,pre_cod_asig5,pre_cod_asig6,pre_cod_asig7 FROM tblaca009 WHERE pensum='5' AND c_uni_ca='5' AND c_asigna='355947' [1][0] OK
C:[12/05/2013 21:46:57.22][190.205.16.19][1405] SELECT c_asigna FROM dace004 WHERE exp_e='09-20035960' AND c_asigna='355724' AND status IN ('0','3','B') [1][0] OK
C:[12/05/2013 21:46:57.22][190.205.16.19][1392] SELECT pre_cod_asig1,pre_cod_asig2,pre_cod_asig3,pre_cod_asig4,pre_cod_asig5,pre_cod_asig6,pre_cod_asig7 FROM tblaca009 WHERE pensum='5' AND c_uni_ca='5' AND c_asigna='355951' [1][0] OK
C:[12/05/2013 21:46:57.22][190.205.16.19][1405] SELECT c_asigna FROM dace004 WHERE exp_e='09-20035960' AND c_asigna='355691' AND status IN ('0','3','B') [1][0] OK
C:[12/05/2013 21:46:57.22][190.205.16.19][1392] SELECT pre_cod_asig1,pre_cod_asig2,pre_cod_asig3,pre_cod_asig4,pre_cod_asig5,pre_cod_asig6,pre_cod_asig7 FROM tblaca009 WHERE pensum='5' AND c_uni_ca='5' AND c_asigna='355953' [1][0] OK
C:[12/05/2013 21:46:57.22][190.205.16.19][1405] SELECT c_asigna FROM dace004 WHERE exp_e='09-20035960' AND c_asigna='355691' AND status IN ('0','3','B') [1][0] OK
C:[12/05/2013 21:46:58.96][190.205.16.19][1436] SELECT par_cod_asig1,par_cod_asig2,par_cod_asig3 FROM tblaca009 WHERE pensum='5' AND c_uni_ca='5' AND c_asigna='355833' [1][0] OK
C:[12/05/2013 21:46:58.96][190.205.16.19][1436] SELECT par_cod_asig1,par_cod_asig2,par_cod_asig3 FROM tblaca009 WHERE pensum='5' AND c_uni_ca='5' AND c_asigna='355722' [1][0] OK
C:[12/05/2013 21:46:58.96][190.205.16.19][1436] SELECT par_cod_asig1,par_cod_asig2,par_cod_asig3 FROM tblaca009 WHERE pensum='5' AND c_uni_ca='5' AND c_asigna='354852' [1][0] OK
C:[12/05/2013 21:46:58.96][190.205.16.19][1436] SELECT par_cod_asig1,par_cod_asig2,par_cod_asig3 FROM tblaca009 WHERE pensum='5' AND c_uni_ca='5' AND c_asigna='355874' [1][0] OK
C:[12/05/2013 21:46:58.96][190.205.16.19][1436] SELECT par_cod_asig1,par_cod_asig2,par_cod_asig3 FROM tblaca009 WHERE pensum='5' AND c_uni_ca='5' AND c_asigna='355947' [1][0] OK
C:[12/05/2013 21:46:58.96][190.205.16.19][1436] SELECT par_cod_asig1,par_cod_asig2,par_cod_asig3 FROM tblaca009 WHERE pensum='5' AND c_uni_ca='5' AND c_asigna='355951' [1][0] OK
C:[12/05/2013 21:46:58.96][190.205.16.19][1436] SELECT par_cod_asig1,par_cod_asig2,par_cod_asig3 FROM tblaca009 WHERE pensum='5' AND c_uni_ca='5' AND c_asigna='355953' [1][0] OK
C:[12/05/2013 21:46:58.84][190.205.16.19][1566] SELECT horas_lab FROM tblaca008 WHERE c_asigna='355833' AND horas_teoricas > 0 [1][0] OK
C:[12/05/2013 21:46:58.96][190.205.16.19][1600] SELECT sum(u_creditos*1) FROM dace006 a, tblaca009 b WHERE a.exp_e='09-20035960' AND a.lapso='2013-1' AND b.pensum='5' AND b.c_uni_ca='5' AND status IN ('7','A','2') AND a.c_asigna=b.c_asigna  [1][0] OK
C:[12/05/2013 21:46:58.90][190.205.16.19][1619] SELECT sum(u_creditos*1) FROM dace006 a, tblaca009 b WHERE a.exp_e='09-20035960' AND a.lapso='2013-1' AND b.pensum='5' AND b.c_uni_ca='5' AND status IN ('7','A','2') AND a.c_asigna=b.c_asigna AND a.c_asigna IN ('355722','354852','355874','355947','355951','355953') [1][0] OK
C:[12/05/2013 21:46:58.08][190.205.16.19][1635] SELECT MAX(semestre) FROM dace006 a, tblaca009 b WHERE a.exp_e='09-20035960' AND a.lapso='2013-1' AND b.pensum='5' AND b.c_uni_ca='5' AND status IN ('7','A','2') AND a.c_asigna=b.c_asigna  [1][0] OK
C:[12/05/2013 21:46:58.58][190.205.16.19][1655] SELECT MIN(semestre) FROM dace006 a, tblaca009 b WHERE a.exp_e='09-20035960' AND a.lapso='2013-1' AND b.pensum='5' AND b.c_uni_ca='5' AND status IN ('7','A','2') AND a.c_asigna=b.c_asigna AND a.c_asigna IN ('355833') [1][0] OK
C:[12/05/2013 23:15:51.07][190.36.10.181][1392] SELECT pre_cod_asig1,pre_cod_asig2,pre_cod_asig3,pre_cod_asig4,pre_cod_asig5,pre_cod_asig6,pre_cod_asig7 FROM tblaca009 WHERE pensum='5' AND c_uni_ca='5' AND c_asigna='355838' [1][0] OK
C:[12/05/2013 23:15:51.07][190.36.10.181][1405] SELECT c_asigna FROM dace004 WHERE exp_e='09-21340928' AND c_asigna='355721' AND status IN ('0','3','B') [1][0] OK
C:[12/05/2013 23:15:51.07][190.36.10.181][1392] SELECT pre_cod_asig1,pre_cod_asig2,pre_cod_asig3,pre_cod_asig4,pre_cod_asig5,pre_cod_asig6,pre_cod_asig7 FROM tblaca009 WHERE pensum='5' AND c_uni_ca='5' AND c_asigna='355722' [1][0] OK
C:[12/05/2013 23:15:51.07][190.36.10.181][1405] SELECT c_asigna FROM dace004 WHERE exp_e='09-21340928' AND c_asigna='355691' AND status IN ('0','3','B') [1][0] OK
C:[12/05/2013 23:15:51.07][190.36.10.181][1405] SELECT c_asigna FROM dace004 WHERE exp_e='09-21340928' AND c_asigna='355595' AND status IN ('0','3','B') [1][0] OK
C:[12/05/2013 23:15:51.07][190.36.10.181][1392] SELECT pre_cod_asig1,pre_cod_asig2,pre_cod_asig3,pre_cod_asig4,pre_cod_asig5,pre_cod_asig6,pre_cod_asig7 FROM tblaca009 WHERE pensum='5' AND c_uni_ca='5' AND c_asigna='354852' [1][0] OK
C:[12/05/2013 23:15:51.07][190.36.10.181][1392] SELECT pre_cod_asig1,pre_cod_asig2,pre_cod_asig3,pre_cod_asig4,pre_cod_asig5,pre_cod_asig6,pre_cod_asig7 FROM tblaca009 WHERE pensum='5' AND c_uni_ca='5' AND c_asigna='355835' [1][0] OK
C:[12/05/2013 23:15:51.07][190.36.10.181][1405] SELECT c_asigna FROM dace004 WHERE exp_e='09-21340928' AND c_asigna='355691' AND status IN ('0','3','B') [1][0] OK
C:[12/05/2013 23:15:51.07][190.36.10.181][1392] SELECT pre_cod_asig1,pre_cod_asig2,pre_cod_asig3,pre_cod_asig4,pre_cod_asig5,pre_cod_asig6,pre_cod_asig7 FROM tblaca009 WHERE pensum='5' AND c_uni_ca='5' AND c_asigna='355839' [1][0] OK
C:[12/05/2013 23:15:51.07][190.36.10.181][1405] SELECT c_asigna FROM dace004 WHERE exp_e='09-21340928' AND c_asigna='355725' AND status IN ('0','3','B') [1][0] OK
C:[12/05/2013 23:15:51.07][190.36.10.181][1405] SELECT c_asigna FROM dace004 WHERE exp_e='09-21340928' AND c_asigna='355692' AND status IN ('0','3','B') [1][0] OK
C:[12/05/2013 23:15:51.07][190.36.10.181][1392] SELECT pre_cod_asig1,pre_cod_asig2,pre_cod_asig3,pre_cod_asig4,pre_cod_asig5,pre_cod_asig6,pre_cod_asig7 FROM tblaca009 WHERE pensum='5' AND c_uni_ca='5' AND c_asigna='355840' [1][0] OK
C:[12/05/2013 23:15:51.07][190.36.10.181][1405] SELECT c_asigna FROM dace004 WHERE exp_e='09-21340928' AND c_asigna='355721' AND status IN ('0','3','B') [1][0] OK
C:[12/05/2013 23:15:51.07][190.36.10.181][1405] SELECT c_asigna FROM dace004 WHERE exp_e='09-21340928' AND c_asigna='355725' AND status IN ('0','3','B') [1][0] OK
C:[12/05/2013 23:15:51.07][190.36.10.181][1392] SELECT pre_cod_asig1,pre_cod_asig2,pre_cod_asig3,pre_cod_asig4,pre_cod_asig5,pre_cod_asig6,pre_cod_asig7 FROM tblaca009 WHERE pensum='5' AND c_uni_ca='5' AND c_asigna='355951' [1][0] OK
C:[12/05/2013 23:15:51.07][190.36.10.181][1405] SELECT c_asigna FROM dace004 WHERE exp_e='09-21340928' AND c_asigna='355691' AND status IN ('0','3','B') [1][0] OK
C:[12/05/2013 23:15:51.08][190.36.10.181][1436] SELECT par_cod_asig1,par_cod_asig2,par_cod_asig3 FROM tblaca009 WHERE pensum='5' AND c_uni_ca='5' AND c_asigna='355838' [1][0] OK
C:[12/05/2013 23:15:51.08][190.36.10.181][1436] SELECT par_cod_asig1,par_cod_asig2,par_cod_asig3 FROM tblaca009 WHERE pensum='5' AND c_uni_ca='5' AND c_asigna='355722' [1][0] OK
C:[12/05/2013 23:15:51.08][190.36.10.181][1436] SELECT par_cod_asig1,par_cod_asig2,par_cod_asig3 FROM tblaca009 WHERE pensum='5' AND c_uni_ca='5' AND c_asigna='354852' [1][0] OK
C:[12/05/2013 23:15:51.08][190.36.10.181][1436] SELECT par_cod_asig1,par_cod_asig2,par_cod_asig3 FROM tblaca009 WHERE pensum='5' AND c_uni_ca='5' AND c_asigna='355835' [1][0] OK
C:[12/05/2013 23:15:51.08][190.36.10.181][1436] SELECT par_cod_asig1,par_cod_asig2,par_cod_asig3 FROM tblaca009 WHERE pensum='5' AND c_uni_ca='5' AND c_asigna='355839' [1][0] OK
C:[12/05/2013 23:15:51.08][190.36.10.181][1436] SELECT par_cod_asig1,par_cod_asig2,par_cod_asig3 FROM tblaca009 WHERE pensum='5' AND c_uni_ca='5' AND c_asigna='355840' [1][0] OK
C:[12/05/2013 23:15:51.08][190.36.10.181][1436] SELECT par_cod_asig1,par_cod_asig2,par_cod_asig3 FROM tblaca009 WHERE pensum='5' AND c_uni_ca='5' AND c_asigna='355951' [1][0] OK
C:[12/05/2013 23:15:52.96][190.36.10.181][1566] SELECT horas_lab FROM tblaca008 WHERE c_asigna='355838' AND horas_teoricas > 0 [1][0] OK
C:[12/05/2013 23:15:52.07][190.36.10.181][1600] SELECT sum(u_creditos*1) FROM dace006 a, tblaca009 b WHERE a.exp_e='09-21340928' AND a.lapso='2013-1' AND b.pensum='5' AND b.c_uni_ca='5' AND status IN ('7','A','2') AND a.c_asigna=b.c_asigna  [1][0] OK
C:[12/05/2013 23:15:52.70][190.36.10.181][1619] SELECT sum(u_creditos*1) FROM dace006 a, tblaca009 b WHERE a.exp_e='09-21340928' AND a.lapso='2013-1' AND b.pensum='5' AND b.c_uni_ca='5' AND status IN ('7','A','2') AND a.c_asigna=b.c_asigna AND a.c_asigna IN ('355722','354852','355835','355839','355840','355951') [1][0] OK
C:[12/05/2013 23:15:52.76][190.36.10.181][1635] SELECT MAX(semestre) FROM dace006 a, tblaca009 b WHERE a.exp_e='09-21340928' AND a.lapso='2013-1' AND b.pensum='5' AND b.c_uni_ca='5' AND status IN ('7','A','2') AND a.c_asigna=b.c_asigna  [1][0] OK
C:[12/05/2013 23:15:52.82][190.36.10.181][1655] SELECT MIN(semestre) FROM dace006 a, tblaca009 b WHERE a.exp_e='09-21340928' AND a.lapso='2013-1' AND b.pensum='5' AND b.c_uni_ca='5' AND status IN ('7','A','2') AND a.c_asigna=b.c_asigna AND a.c_asigna IN ('355838') [1][0] OK
C:[13/05/2013 01:50:37.30][190.200.22.192][1392] SELECT pre_cod_asig1,pre_cod_asig2,pre_cod_asig3,pre_cod_asig4,pre_cod_asig5,pre_cod_asig6,pre_cod_asig7 FROM tblaca009 WHERE pensum='5' AND c_uni_ca='6' AND c_asigna='344733' [1][0] OK
C:[13/05/2013 01:50:37.30][190.200.22.192][1392] SELECT pre_cod_asig1,pre_cod_asig2,pre_cod_asig3,pre_cod_asig4,pre_cod_asig5,pre_cod_asig6,pre_cod_asig7 FROM tblaca009 WHERE pensum='5' AND c_uni_ca='6' AND c_asigna='344834' [1][0] OK
C:[13/05/2013 01:50:37.30][190.200.22.192][1405] SELECT c_asigna FROM dace004 WHERE exp_e='07-19904823' AND c_asigna='344715' AND status IN ('0','3','B') [1][0] OK
C:[13/05/2013 01:50:37.30][190.200.22.192][1405] SELECT c_asigna FROM dace004 WHERE exp_e='07-19904823' AND c_asigna='344716' AND status IN ('0','3','B') [1][0] OK
C:[13/05/2013 01:50:37.30][190.200.22.192][1392] SELECT pre_cod_asig1,pre_cod_asig2,pre_cod_asig3,pre_cod_asig4,pre_cod_asig5,pre_cod_asig6,pre_cod_asig7 FROM tblaca009 WHERE pensum='5' AND c_uni_ca='6' AND c_asigna='344843' [1][0] OK
C:[13/05/2013 01:50:37.30][190.200.22.192][1405] SELECT c_asigna FROM dace004 WHERE exp_e='07-19904823' AND c_asigna='344714' AND status IN ('0','3','B') [1][0] OK
C:[13/05/2013 01:50:37.30][190.200.22.192][1405] SELECT c_asigna FROM dace004 WHERE exp_e='07-19904823' AND c_asigna='344715' AND status IN ('0','3','B') [1][0] OK
C:[13/05/2013 01:50:37.30][190.200.22.192][1405] SELECT c_asigna FROM dace004 WHERE exp_e='07-19904823' AND c_asigna='300313' AND status IN ('0','3','B') [1][0] OK
C:[13/05/2013 01:50:37.30][190.200.22.192][1392] SELECT pre_cod_asig1,pre_cod_asig2,pre_cod_asig3,pre_cod_asig4,pre_cod_asig5,pre_cod_asig6,pre_cod_asig7 FROM tblaca009 WHERE pensum='5' AND c_uni_ca='6' AND c_asigna='300956' [1][0] OK
C:[13/05/2013 01:50:37.30][190.200.22.192][1405] SELECT c_asigna FROM dace004 WHERE exp_e='07-19904823' AND c_asigna='300422' AND status IN ('0','3','B') [1][0] OK
C:[13/05/2013 01:50:37.30][190.200.22.192][1405] SELECT c_asigna FROM dace004 WHERE exp_e='07-19904823' AND c_asigna='300105' AND status IN ('0','3','B') [1][0] OK
C:[13/05/2013 01:50:37.30][190.200.22.192][1405] SELECT c_asigna FROM dace004 WHERE exp_e='07-19904823' AND c_asigna='300314' AND status IN ('0','3','B') [1][0] OK
C:[13/05/2013 01:50:37.30][190.200.22.192][1392] SELECT pre_cod_asig1,pre_cod_asig2,pre_cod_asig3,pre_cod_asig4,pre_cod_asig5,pre_cod_asig6,pre_cod_asig7 FROM tblaca009 WHERE pensum='5' AND c_uni_ca='6' AND c_asigna='344953' [1][0] OK
C:[13/05/2013 01:50:37.30][190.200.22.192][1392] SELECT pre_cod_asig1,pre_cod_asig2,pre_cod_asig3,pre_cod_asig4,pre_cod_asig5,pre_cod_asig6,pre_cod_asig7 FROM tblaca009 WHERE pensum='5' AND c_uni_ca='6' AND c_asigna='344963' [1][0] OK
C:[13/05/2013 01:50:37.06][190.200.22.192][1436] SELECT par_cod_asig1,par_cod_asig2,par_cod_asig3 FROM tblaca009 WHERE pensum='5' AND c_uni_ca='6' AND c_asigna='344733' [1][0] OK
C:[13/05/2013 01:50:37.06][190.200.22.192][1436] SELECT par_cod_asig1,par_cod_asig2,par_cod_asig3 FROM tblaca009 WHERE pensum='5' AND c_uni_ca='6' AND c_asigna='344834' [1][0] OK
C:[13/05/2013 01:50:37.06][190.200.22.192][1436] SELECT par_cod_asig1,par_cod_asig2,par_cod_asig3 FROM tblaca009 WHERE pensum='5' AND c_uni_ca='6' AND c_asigna='344843' [1][0] OK
C:[13/05/2013 01:50:37.06][190.200.22.192][1436] SELECT par_cod_asig1,par_cod_asig2,par_cod_asig3 FROM tblaca009 WHERE pensum='5' AND c_uni_ca='6' AND c_asigna='300956' [1][0] OK
C:[13/05/2013 01:50:37.06][190.200.22.192][1436] SELECT par_cod_asig1,par_cod_asig2,par_cod_asig3 FROM tblaca009 WHERE pensum='5' AND c_uni_ca='6' AND c_asigna='344953' [1][0] OK
C:[13/05/2013 01:50:37.06][190.200.22.192][1436] SELECT par_cod_asig1,par_cod_asig2,par_cod_asig3 FROM tblaca009 WHERE pensum='5' AND c_uni_ca='6' AND c_asigna='344963' [1][0] OK
C:[13/05/2013 01:50:37.82][190.200.22.192][1566] SELECT horas_lab FROM tblaca008 WHERE c_asigna='344733' AND horas_teoricas > 0 [1][0] OK
C:[13/05/2013 01:50:37.93][190.200.22.192][1600] SELECT sum(u_creditos*1) FROM dace006 a, tblaca009 b WHERE a.exp_e='07-19904823' AND a.lapso='2013-1' AND b.pensum='5' AND b.c_uni_ca='6' AND status IN ('7','A','2') AND a.c_asigna=b.c_asigna  [1][0] OK
C:[13/05/2013 01:50:37.31][190.200.22.192][1619] SELECT sum(u_creditos*1) FROM dace006 a, tblaca009 b WHERE a.exp_e='07-19904823' AND a.lapso='2013-1' AND b.pensum='5' AND b.c_uni_ca='6' AND status IN ('7','A','2') AND a.c_asigna=b.c_asigna AND a.c_asigna IN ('344834','344843','300956','344953','344963') [1][0] OK
C:[13/05/2013 01:50:38.68][190.200.22.192][1635] SELECT MAX(semestre) FROM dace006 a, tblaca009 b WHERE a.exp_e='07-19904823' AND a.lapso='2013-1' AND b.pensum='5' AND b.c_uni_ca='6' AND status IN ('7','A','2') AND a.c_asigna=b.c_asigna  [1][0] OK
C:[13/05/2013 01:50:38.06][190.200.22.192][1655] SELECT MIN(semestre) FROM dace006 a, tblaca009 b WHERE a.exp_e='07-19904823' AND a.lapso='2013-1' AND b.pensum='5' AND b.c_uni_ca='6' AND status IN ('7','A','2') AND a.c_asigna=b.c_asigna AND a.c_asigna IN ('344733') [1][0] OK
C:[13/05/2013 06:27:41.72][68.171.231.84][1392] SELECT pre_cod_asig1,pre_cod_asig2,pre_cod_asig3,pre_cod_asig4,pre_cod_asig5,pre_cod_asig6,pre_cod_asig7 FROM tblaca009 WHERE pensum='5' AND c_uni_ca='5' AND c_asigna='351330' [1][0] OK
C:[13/05/2013 06:27:41.72][68.171.231.84][1405] SELECT c_asigna FROM dace004 WHERE exp_e='10-20804763' AND c_asigna='300218' AND status IN ('0','3','B') [1][0] OK
C:[13/05/2013 06:27:41.72][68.171.231.84][1392] SELECT pre_cod_asig1,pre_cod_asig2,pre_cod_asig3,pre_cod_asig4,pre_cod_asig5,pre_cod_asig6,pre_cod_asig7 FROM tblaca009 WHERE pensum='5' AND c_uni_ca='5' AND c_asigna='300428' [1][0] OK
C:[13/05/2013 06:27:41.72][68.171.231.84][1405] SELECT c_asigna FROM dace004 WHERE exp_e='10-20804763' AND c_asigna='300317' AND status IN ('0','3','B') [1][0] OK
C:[13/05/2013 06:27:41.72][68.171.231.84][1405] SELECT c_asigna FROM dace004 WHERE exp_e='10-20804763' AND c_asigna='300209' AND status IN ('0','3','B') [1][0] OK
C:[13/05/2013 06:27:41.72][68.171.231.84][1392] SELECT pre_cod_asig1,pre_cod_asig2,pre_cod_asig3,pre_cod_asig4,pre_cod_asig5,pre_cod_asig6,pre_cod_asig7 FROM tblaca009 WHERE pensum='5' AND c_uni_ca='5' AND c_asigna='300222' [1][0] OK
C:[13/05/2013 06:27:41.72][68.171.231.84][1405] SELECT c_asigna FROM dace004 WHERE exp_e='10-20804763' AND c_asigna='300112' AND status IN ('0','3','B') [1][0] OK
C:[13/05/2013 06:27:41.72][68.171.231.84][1392] SELECT pre_cod_asig1,pre_cod_asig2,pre_cod_asig3,pre_cod_asig4,pre_cod_asig5,pre_cod_asig6,pre_cod_asig7 FROM tblaca009 WHERE pensum='5' AND c_uni_ca='5' AND c_asigna='300226' [1][0] OK
C:[13/05/2013 06:27:41.72][68.171.231.84][1405] SELECT c_asigna FROM dace004 WHERE exp_e='10-20804763' AND c_asigna='300116' AND status IN ('0','3','B') [1][0] OK
C:[13/05/2013 06:27:41.72][68.171.231.84][1392] SELECT pre_cod_asig1,pre_cod_asig2,pre_cod_asig3,pre_cod_asig4,pre_cod_asig5,pre_cod_asig6,pre_cod_asig7 FROM tblaca009 WHERE pensum='5' AND c_uni_ca='5' AND c_asigna='352440' [1][0] OK
C:[13/05/2013 06:27:41.72][68.171.231.84][1405] SELECT c_asigna FROM dace004 WHERE exp_e='10-20804763' AND c_asigna='300317' AND status IN ('0','3','B') [1][0] OK
C:[13/05/2013 06:27:41.72][68.171.231.84][1405] SELECT c_asigna FROM dace004 WHERE exp_e='10-20804763' AND c_asigna='300013' AND status IN ('0','3','B') [1][0] OK
C:[13/05/2013 06:27:41.72][68.171.231.84][1405] SELECT c_asigna FROM dace004 WHERE exp_e='10-20804763' AND c_asigna='300113' AND status IN ('0','3','B') [1][0] OK
C:[13/05/2013 06:27:41.34][68.171.231.84][1436] SELECT par_cod_asig1,par_cod_asig2,par_cod_asig3 FROM tblaca009 WHERE pensum='5' AND c_uni_ca='5' AND c_asigna='351330' [1][0] OK
C:[13/05/2013 06:27:41.34][68.171.231.84][1450] SELECT c_asigna FROM dace004 WHERE exp_e='10-20804763' AND c_asigna='300318' AND status IN ('0','3','B','C') [1][0] OK
C:[13/05/2013 06:27:41.34][68.171.231.84][1450] SELECT c_asigna FROM dace004 WHERE exp_e='10-20804763' AND c_asigna='300317' AND status IN ('0','3','B','C') [1][0] OK
C:[13/05/2013 06:27:41.34][68.171.231.84][1436] SELECT par_cod_asig1,par_cod_asig2,par_cod_asig3 FROM tblaca009 WHERE pensum='5' AND c_uni_ca='5' AND c_asigna='300428' [1][0] OK
C:[13/05/2013 06:27:41.34][68.171.231.84][1436] SELECT par_cod_asig1,par_cod_asig2,par_cod_asig3 FROM tblaca009 WHERE pensum='5' AND c_uni_ca='5' AND c_asigna='300222' [1][0] OK
C:[13/05/2013 06:27:41.34][68.171.231.84][1436] SELECT par_cod_asig1,par_cod_asig2,par_cod_asig3 FROM tblaca009 WHERE pensum='5' AND c_uni_ca='5' AND c_asigna='300226' [1][0] OK
C:[13/05/2013 06:27:41.34][68.171.231.84][1436] SELECT par_cod_asig1,par_cod_asig2,par_cod_asig3 FROM tblaca009 WHERE pensum='5' AND c_uni_ca='5' AND c_asigna='352440' [1][0] OK
C:[13/05/2013 06:27:42.23][68.171.231.84][1566] SELECT horas_lab FROM tblaca008 WHERE c_asigna='351330' AND horas_teoricas > 0 [1][0] OK
C:[13/05/2013 06:27:42.34][68.171.231.84][1600] SELECT sum(u_creditos*1) FROM dace006 a, tblaca009 b WHERE a.exp_e='10-20804763' AND a.lapso='2013-1' AND b.pensum='5' AND b.c_uni_ca='5' AND status IN ('7','A','2') AND a.c_asigna=b.c_asigna  [1][0] OK
C:[13/05/2013 06:27:42.72][68.171.231.84][1619] SELECT sum(u_creditos*1) FROM dace006 a, tblaca009 b WHERE a.exp_e='10-20804763' AND a.lapso='2013-1' AND b.pensum='5' AND b.c_uni_ca='5' AND status IN ('7','A','2') AND a.c_asigna=b.c_asigna AND a.c_asigna IN ('300428','300222','300226','352440') [1][0] OK
C:[13/05/2013 06:27:42.09][68.171.231.84][1635] SELECT MAX(semestre) FROM dace006 a, tblaca009 b WHERE a.exp_e='10-20804763' AND a.lapso='2013-1' AND b.pensum='5' AND b.c_uni_ca='5' AND status IN ('7','A','2') AND a.c_asigna=b.c_asigna  [1][0] OK
C:[13/05/2013 06:27:42.47][68.171.231.84][1655] SELECT MIN(semestre) FROM dace006 a, tblaca009 b WHERE a.exp_e='10-20804763' AND a.lapso='2013-1' AND b.pensum='5' AND b.c_uni_ca='5' AND status IN ('7','A','2') AND a.c_asigna=b.c_asigna AND a.c_asigna IN ('351330') [1][0] OK
C:[13/05/2013 10:38:16.18][190.75.160.233][1392] SELECT pre_cod_asig1,pre_cod_asig2,pre_cod_asig3,pre_cod_asig4,pre_cod_asig5,pre_cod_asig6,pre_cod_asig7 FROM tblaca009 WHERE pensum='5' AND c_uni_ca='3' AND c_asigna='300956' [1][0] OK
C:[13/05/2013 10:38:16.18][190.75.160.233][1405] SELECT c_asigna FROM dace004 WHERE exp_e='07-19621308' AND c_asigna='300422' AND status IN ('0','3','B') [1][0] OK
C:[13/05/2013 10:38:16.18][190.75.160.233][1405] SELECT c_asigna FROM dace004 WHERE exp_e='07-19621308' AND c_asigna='300105' AND status IN ('0','3','B') [1][0] OK
C:[13/05/2013 10:38:16.18][190.75.160.233][1405] SELECT c_asigna FROM dace004 WHERE exp_e='07-19621308' AND c_asigna='300314' AND status IN ('0','3','B') [1][0] OK
C:[13/05/2013 10:38:16.18][190.75.160.233][1392] SELECT pre_cod_asig1,pre_cod_asig2,pre_cod_asig3,pre_cod_asig4,pre_cod_asig5,pre_cod_asig6,pre_cod_asig7 FROM tblaca009 WHERE pensum='5' AND c_uni_ca='3' AND c_asigna='312444' [1][0] OK
C:[13/05/2013 10:38:16.18][190.75.160.233][1405] SELECT c_asigna FROM dace004 WHERE exp_e='07-19621308' AND c_asigna='312333' AND status IN ('0','3','B') [1][0] OK
C:[13/05/2013 10:38:16.18][190.75.160.233][1392] SELECT pre_cod_asig1,pre_cod_asig2,pre_cod_asig3,pre_cod_asig4,pre_cod_asig5,pre_cod_asig6,pre_cod_asig7 FROM tblaca009 WHERE pensum='5' AND c_uni_ca='3' AND c_asigna='311826' [1][0] OK
C:[13/05/2013 10:38:16.18][190.75.160.233][1405] SELECT c_asigna FROM dace004 WHERE exp_e='07-19621308' AND c_asigna='311799' AND status IN ('0','3','B') [1][0] OK
C:[13/05/2013 10:38:16.18][190.75.160.233][1392] SELECT pre_cod_asig1,pre_cod_asig2,pre_cod_asig3,pre_cod_asig4,pre_cod_asig5,pre_cod_asig6,pre_cod_asig7 FROM tblaca009 WHERE pensum='5' AND c_uni_ca='3' AND c_asigna='311094' [1][0] OK
C:[13/05/2013 10:38:16.18][190.75.160.233][1405] SELECT c_asigna FROM dace004 WHERE exp_e='07-19621308' AND c_asigna='311822' AND status IN ('0','3','B') [1][0] OK
C:[13/05/2013 10:38:16.18][190.75.160.233][1405] SELECT c_asigna FROM dace004 WHERE exp_e='07-19621308' AND c_asigna='311823' AND status IN ('0','3','B') [1][0] OK
C:[13/05/2013 10:38:16.18][190.75.160.233][1392] SELECT pre_cod_asig1,pre_cod_asig2,pre_cod_asig3,pre_cod_asig4,pre_cod_asig5,pre_cod_asig6,pre_cod_asig7 FROM tblaca009 WHERE pensum='5' AND c_uni_ca='3' AND c_asigna='311100' [1][0] OK
C:[13/05/2013 10:38:16.18][190.75.160.233][1392] SELECT pre_cod_asig1,pre_cod_asig2,pre_cod_asig3,pre_cod_asig4,pre_cod_asig5,pre_cod_asig6,pre_cod_asig7 FROM tblaca009 WHERE pensum='5' AND c_uni_ca='3' AND c_asigna='311988' [1][0] OK
C:[13/05/2013 10:38:16.18][190.75.160.233][1405] SELECT c_asigna FROM dace004 WHERE exp_e='07-19621308' AND c_asigna='311822' AND status IN ('0','3','B') [1][0] OK
C:[13/05/2013 10:38:16.50][190.75.160.233][1436] SELECT par_cod_asig1,par_cod_asig2,par_cod_asig3 FROM tblaca009 WHERE pensum='5' AND c_uni_ca='3' AND c_asigna='300956' [1][0] OK
C:[13/05/2013 10:38:16.50][190.75.160.233][1436] SELECT par_cod_asig1,par_cod_asig2,par_cod_asig3 FROM tblaca009 WHERE pensum='5' AND c_uni_ca='3' AND c_asigna='312444' [1][0] OK
C:[13/05/2013 10:38:16.50][190.75.160.233][1436] SELECT par_cod_asig1,par_cod_asig2,par_cod_asig3 FROM tblaca009 WHERE pensum='5' AND c_uni_ca='3' AND c_asigna='311826' [1][0] OK
C:[13/05/2013 10:38:16.50][190.75.160.233][1436] SELECT par_cod_asig1,par_cod_asig2,par_cod_asig3 FROM tblaca009 WHERE pensum='5' AND c_uni_ca='3' AND c_asigna='311094' [1][0] OK
C:[13/05/2013 10:38:16.50][190.75.160.233][1436] SELECT par_cod_asig1,par_cod_asig2,par_cod_asig3 FROM tblaca009 WHERE pensum='5' AND c_uni_ca='3' AND c_asigna='311100' [1][0] OK
C:[13/05/2013 10:38:16.50][190.75.160.233][1436] SELECT par_cod_asig1,par_cod_asig2,par_cod_asig3 FROM tblaca009 WHERE pensum='5' AND c_uni_ca='3' AND c_asigna='311988' [1][0] OK
C:[13/05/2013 10:38:17.27][190.75.160.233][1566] SELECT horas_lab FROM tblaca008 WHERE c_asigna='300956' AND horas_teoricas > 0 [1][0] OK
C:[13/05/2013 10:38:17.37][190.75.160.233][1600] SELECT sum(u_creditos*1) FROM dace006 a, tblaca009 b WHERE a.exp_e='07-19621308' AND a.lapso='2013-1' AND b.pensum='5' AND b.c_uni_ca='3' AND status IN ('7','A','2') AND a.c_asigna=b.c_asigna  [1][0] OK
C:[13/05/2013 10:38:17.31][190.75.160.233][1619] SELECT sum(u_creditos*1) FROM dace006 a, tblaca009 b WHERE a.exp_e='07-19621308' AND a.lapso='2013-1' AND b.pensum='5' AND b.c_uni_ca='3' AND status IN ('7','A','2') AND a.c_asigna=b.c_asigna AND a.c_asigna IN ('312444','311826','311094','311100','311988') [1][0] OK
C:[13/05/2013 10:38:17.25][190.75.160.233][1635] SELECT MAX(semestre) FROM dace006 a, tblaca009 b WHERE a.exp_e='07-19621308' AND a.lapso='2013-1' AND b.pensum='5' AND b.c_uni_ca='3' AND status IN ('7','A','2') AND a.c_asigna=b.c_asigna  [1][0] OK
C:[13/05/2013 10:38:17.19][190.75.160.233][1655] SELECT MIN(semestre) FROM dace006 a, tblaca009 b WHERE a.exp_e='07-19621308' AND a.lapso='2013-1' AND b.pensum='5' AND b.c_uni_ca='3' AND status IN ('7','A','2') AND a.c_asigna=b.c_asigna AND a.c_asigna IN ('300956') [1][0] OK
C:[13/05/2013 15:14:30.71][190.206.90.226][1392] SELECT pre_cod_asig1,pre_cod_asig2,pre_cod_asig3,pre_cod_asig4,pre_cod_asig5,pre_cod_asig6,pre_cod_asig7 FROM tblaca009 WHERE pensum='5' AND c_uni_ca='4' AND c_asigna='330310' [1][0] OK
C:[13/05/2013 15:14:30.71][190.206.90.226][1405] SELECT c_asigna FROM dace004 WHERE exp_e='10-20224169' AND c_asigna='300013' AND status IN ('0','3','B') [1][0] OK
C:[13/05/2013 15:14:30.71][190.206.90.226][1405] SELECT c_asigna FROM dace004 WHERE exp_e='10-20224169' AND c_asigna='300113' AND status IN ('0','3','B') [1][0] OK
C:[13/05/2013 15:14:30.71][190.206.90.226][1392] SELECT pre_cod_asig1,pre_cod_asig2,pre_cod_asig3,pre_cod_asig4,pre_cod_asig5,pre_cod_asig6,pre_cod_asig7 FROM tblaca009 WHERE pensum='5' AND c_uni_ca='4' AND c_asigna='300207' [1][0] OK
C:[13/05/2013 15:14:30.71][190.206.90.226][1405] SELECT c_asigna FROM dace004 WHERE exp_e='10-20224169' AND c_asigna='300101' AND status IN ('0','3','B') [1][0] OK
C:[13/05/2013 15:14:30.71][190.206.90.226][1392] SELECT pre_cod_asig1,pre_cod_asig2,pre_cod_asig3,pre_cod_asig4,pre_cod_asig5,pre_cod_asig6,pre_cod_asig7 FROM tblaca009 WHERE pensum='5' AND c_uni_ca='4' AND c_asigna='300209' [1][0] OK
C:[13/05/2013 15:14:30.71][190.206.90.226][1405] SELECT c_asigna FROM dace004 WHERE exp_e='10-20224169' AND c_asigna='300101' AND status IN ('0','3','B') [1][0] OK
C:[13/05/2013 15:14:30.71][190.206.90.226][1392] SELECT pre_cod_asig1,pre_cod_asig2,pre_cod_asig3,pre_cod_asig4,pre_cod_asig5,pre_cod_asig6,pre_cod_asig7 FROM tblaca009 WHERE pensum='5' AND c_uni_ca='4' AND c_asigna='300218' [1][0] OK
C:[13/05/2013 15:14:30.71][190.206.90.226][1405] SELECT c_asigna FROM dace004 WHERE exp_e='10-20224169' AND c_asigna='300101' AND status IN ('0','3','B') [1][0] OK
C:[13/05/2013 15:14:30.71][190.206.90.226][1392] SELECT pre_cod_asig1,pre_cod_asig2,pre_cod_asig3,pre_cod_asig4,pre_cod_asig5,pre_cod_asig6,pre_cod_asig7 FROM tblaca009 WHERE pensum='5' AND c_uni_ca='4' AND c_asigna='300228' [1][0] OK
C:[13/05/2013 15:14:30.71][190.206.90.226][1405] SELECT c_asigna FROM dace004 WHERE exp_e='10-20224169' AND c_asigna='300101' AND status IN ('0','3','B') [1][0] OK
C:[13/05/2013 15:14:30.71][190.206.90.226][1392] SELECT pre_cod_asig1,pre_cod_asig2,pre_cod_asig3,pre_cod_asig4,pre_cod_asig5,pre_cod_asig6,pre_cod_asig7 FROM tblaca009 WHERE pensum='5' AND c_uni_ca='4' AND c_asigna='300314' [1][0] OK
C:[13/05/2013 15:14:30.71][190.206.90.226][1405] SELECT c_asigna FROM dace004 WHERE exp_e='10-20224169' AND c_asigna='300106' AND status IN ('0','3','B') [1][0] OK
C:[13/05/2013 15:14:31.90][190.206.90.226][1436] SELECT par_cod_asig1,par_cod_asig2,par_cod_asig3 FROM tblaca009 WHERE pensum='5' AND c_uni_ca='4' AND c_asigna='330310' [1][0] OK
C:[13/05/2013 15:14:31.90][190.206.90.226][1436] SELECT par_cod_asig1,par_cod_asig2,par_cod_asig3 FROM tblaca009 WHERE pensum='5' AND c_uni_ca='4' AND c_asigna='300207' [1][0] OK
C:[13/05/2013 15:14:31.90][190.206.90.226][1436] SELECT par_cod_asig1,par_cod_asig2,par_cod_asig3 FROM tblaca009 WHERE pensum='5' AND c_uni_ca='4' AND c_asigna='300209' [1][0] OK
C:[13/05/2013 15:14:31.90][190.206.90.226][1436] SELECT par_cod_asig1,par_cod_asig2,par_cod_asig3 FROM tblaca009 WHERE pensum='5' AND c_uni_ca='4' AND c_asigna='300218' [1][0] OK
C:[13/05/2013 15:14:31.90][190.206.90.226][1450] SELECT c_asigna FROM dace004 WHERE exp_e='10-20224169' AND c_asigna='300228' AND status IN ('0','3','B','C') [0][0] OK
C:[13/05/2013 15:14:31.90][190.206.90.226][1436] SELECT par_cod_asig1,par_cod_asig2,par_cod_asig3 FROM tblaca009 WHERE pensum='5' AND c_uni_ca='4' AND c_asigna='300228' [1][0] OK
C:[13/05/2013 15:14:31.90][190.206.90.226][1436] SELECT par_cod_asig1,par_cod_asig2,par_cod_asig3 FROM tblaca009 WHERE pensum='5' AND c_uni_ca='4' AND c_asigna='300314' [1][0] OK
C:[13/05/2013 15:14:31.79][190.206.90.226][1566] SELECT horas_lab FROM tblaca008 WHERE c_asigna='330310' AND horas_teoricas > 0 [1][0] OK
C:[13/05/2013 15:14:31.90][190.206.90.226][1600] SELECT sum(u_creditos*1) FROM dace006 a, tblaca009 b WHERE a.exp_e='10-20224169' AND a.lapso='2013-1' AND b.pensum='5' AND b.c_uni_ca='4' AND status IN ('7','A','2') AND a.c_asigna=b.c_asigna  [1][0] OK
C:[13/05/2013 15:14:31.84][190.206.90.226][1619] SELECT sum(u_creditos*1) FROM dace006 a, tblaca009 b WHERE a.exp_e='10-20224169' AND a.lapso='2013-1' AND b.pensum='5' AND b.c_uni_ca='4' AND status IN ('7','A','2') AND a.c_asigna=b.c_asigna AND a.c_asigna IN ('300207','300209','300218','300228','300314') [1][0] OK
C:[13/05/2013 15:14:31.78][190.206.90.226][1635] SELECT MAX(semestre) FROM dace006 a, tblaca009 b WHERE a.exp_e='10-20224169' AND a.lapso='2013-1' AND b.pensum='5' AND b.c_uni_ca='4' AND status IN ('7','A','2') AND a.c_asigna=b.c_asigna  [1][0] OK
C:[13/05/2013 15:14:31.16][190.206.90.226][1655] SELECT MIN(semestre) FROM dace006 a, tblaca009 b WHERE a.exp_e='10-20224169' AND a.lapso='2013-1' AND b.pensum='5' AND b.c_uni_ca='4' AND status IN ('7','A','2') AND a.c_asigna=b.c_asigna AND a.c_asigna IN ('330310') [1][0] OK
C:[13/05/2013 15:30:05.88][190.74.9.180][1392] SELECT pre_cod_asig1,pre_cod_asig2,pre_cod_asig3,pre_cod_asig4,pre_cod_asig5,pre_cod_asig6,pre_cod_asig7 FROM tblaca009 WHERE pensum='5' AND c_uni_ca='2' AND c_asigna='300213' [1][0] OK
C:[13/05/2013 15:30:05.88][190.74.9.180][1405] SELECT c_asigna FROM dace004 WHERE exp_e='08-20035782' AND c_asigna='300101' AND status IN ('0','3','B') [1][0] OK
C:[13/05/2013 15:30:05.14][190.74.9.180][1436] SELECT par_cod_asig1,par_cod_asig2,par_cod_asig3 FROM tblaca009 WHERE pensum='5' AND c_uni_ca='2' AND c_asigna='300213' [1][0] OK
C:[13/05/2013 15:30:05.14][190.74.9.180][1450] SELECT c_asigna FROM dace004 WHERE exp_e='08-20035782' AND c_asigna='300209' AND status IN ('0','3','B','C') [1][0] OK
C:[13/05/2013 15:30:06.41][190.74.9.180][1600] SELECT sum(u_creditos*1) FROM dace006 a, tblaca009 b WHERE a.exp_e='08-20035782' AND a.lapso='2013-1' AND b.pensum='5' AND b.c_uni_ca='2' AND status IN ('7','A','2') AND a.c_asigna=b.c_asigna  [1][0] OK
C:[13/05/2013 15:30:06.35][190.74.9.180][1619] SELECT sum(u_creditos*1) FROM dace006 a, tblaca009 b WHERE a.exp_e='08-20035782' AND a.lapso='2013-1' AND b.pensum='5' AND b.c_uni_ca='2' AND status IN ('7','A','2') AND a.c_asigna=b.c_asigna AND a.c_asigna IN ('300213') [1][0] OK
C:[13/05/2013 15:30:06.69][190.74.9.180][1635] SELECT MAX(semestre) FROM dace006 a, tblaca009 b WHERE a.exp_e='08-20035782' AND a.lapso='2013-1' AND b.pensum='5' AND b.c_uni_ca='2' AND status IN ('7','A','2') AND a.c_asigna=b.c_asigna  [1][0] OK
C:[13/05/2013 15:58:57.58][172.16.12.132][1392] SELECT pre_cod_asig1,pre_cod_asig2,pre_cod_asig3,pre_cod_asig4,pre_cod_asig5,pre_cod_asig6,pre_cod_asig7 FROM tblaca009 WHERE pensum='5' AND c_uni_ca='4' AND c_asigna='300113' [1][0] OK
C:[13/05/2013 15:58:57.58][172.16.12.132][1392] SELECT pre_cod_asig1,pre_cod_asig2,pre_cod_asig3,pre_cod_asig4,pre_cod_asig5,pre_cod_asig6,pre_cod_asig7 FROM tblaca009 WHERE pensum='5' AND c_uni_ca='4' AND c_asigna='300112' [1][0] OK
C:[13/05/2013 15:58:57.58][172.16.12.132][1392] SELECT pre_cod_asig1,pre_cod_asig2,pre_cod_asig3,pre_cod_asig4,pre_cod_asig5,pre_cod_asig6,pre_cod_asig7 FROM tblaca009 WHERE pensum='5' AND c_uni_ca='4' AND c_asigna='300207' [1][0] OK
C:[13/05/2013 15:58:57.58][172.16.12.132][1405] SELECT c_asigna FROM dace004 WHERE exp_e='12-22818867' AND c_asigna='300101' AND status IN ('0','3','B') [1][0] OK
C:[13/05/2013 15:58:57.58][172.16.12.132][1392] SELECT pre_cod_asig1,pre_cod_asig2,pre_cod_asig3,pre_cod_asig4,pre_cod_asig5,pre_cod_asig6,pre_cod_asig7 FROM tblaca009 WHERE pensum='5' AND c_uni_ca='4' AND c_asigna='300209' [1][0] OK
C:[13/05/2013 15:58:57.58][172.16.12.132][1405] SELECT c_asigna FROM dace004 WHERE exp_e='12-22818867' AND c_asigna='300101' AND status IN ('0','3','B') [1][0] OK
C:[13/05/2013 15:58:57.58][172.16.12.132][1392] SELECT pre_cod_asig1,pre_cod_asig2,pre_cod_asig3,pre_cod_asig4,pre_cod_asig5,pre_cod_asig6,pre_cod_asig7 FROM tblaca009 WHERE pensum='5' AND c_uni_ca='4' AND c_asigna='300213' [1][0] OK
C:[13/05/2013 15:58:57.58][172.16.12.132][1405] SELECT c_asigna FROM dace004 WHERE exp_e='12-22818867' AND c_asigna='300101' AND status IN ('0','3','B') [1][0] OK
C:[13/05/2013 15:58:57.58][172.16.12.132][1392] SELECT pre_cod_asig1,pre_cod_asig2,pre_cod_asig3,pre_cod_asig4,pre_cod_asig5,pre_cod_asig6,pre_cod_asig7 FROM tblaca009 WHERE pensum='5' AND c_uni_ca='4' AND c_asigna='300226' [1][0] OK
C:[13/05/2013 15:58:57.58][172.16.12.132][1405] SELECT c_asigna FROM dace004 WHERE exp_e='12-22818867' AND c_asigna='300116' AND status IN ('0','3','B') [1][0] OK
C:[13/05/2013 15:58:57.83][172.16.12.132][1436] SELECT par_cod_asig1,par_cod_asig2,par_cod_asig3 FROM tblaca009 WHERE pensum='5' AND c_uni_ca='4' AND c_asigna='300113' [1][0] OK
C:[13/05/2013 15:58:57.83][172.16.12.132][1450] SELECT c_asigna FROM dace004 WHERE exp_e='12-22818867' AND c_asigna='300013' AND status IN ('0','3','B','C') [1][0] OK
C:[13/05/2013 15:58:57.83][172.16.12.132][1436] SELECT par_cod_asig1,par_cod_asig2,par_cod_asig3 FROM tblaca009 WHERE pensum='5' AND c_uni_ca='4' AND c_asigna='300112' [1][0] OK
C:[13/05/2013 15:58:57.83][172.16.12.132][1436] SELECT par_cod_asig1,par_cod_asig2,par_cod_asig3 FROM tblaca009 WHERE pensum='5' AND c_uni_ca='4' AND c_asigna='300207' [1][0] OK
C:[13/05/2013 15:58:57.83][172.16.12.132][1436] SELECT par_cod_asig1,par_cod_asig2,par_cod_asig3 FROM tblaca009 WHERE pensum='5' AND c_uni_ca='4' AND c_asigna='300209' [1][0] OK
C:[13/05/2013 15:58:57.83][172.16.12.132][1436] SELECT par_cod_asig1,par_cod_asig2,par_cod_asig3 FROM tblaca009 WHERE pensum='5' AND c_uni_ca='4' AND c_asigna='300213' [1][0] OK
C:[13/05/2013 15:58:57.83][172.16.12.132][1450] SELECT c_asigna FROM dace004 WHERE exp_e='12-22818867' AND c_asigna='300209' AND status IN ('0','3','B','C') [0][0] OK
C:[13/05/2013 15:58:57.83][172.16.12.132][1436] SELECT par_cod_asig1,par_cod_asig2,par_cod_asig3 FROM tblaca009 WHERE pensum='5' AND c_uni_ca='4' AND c_asigna='300226' [1][0] OK
C:[13/05/2013 15:58:57.83][172.16.12.132][1566] SELECT horas_lab FROM tblaca008 WHERE c_asigna='300113' AND horas_teoricas > 0 [0][0] OK
C:[13/05/2013 15:58:57.94][172.16.12.132][1600] SELECT sum(u_creditos*1) FROM dace006 a, tblaca009 b WHERE a.exp_e='12-22818867' AND a.lapso='2013-1' AND b.pensum='5' AND b.c_uni_ca='4' AND status IN ('7','A','2') AND a.c_asigna=b.c_asigna  [1][0] OK
C:[13/05/2013 15:58:57.32][172.16.12.132][1619] SELECT sum(u_creditos*1) FROM dace006 a, tblaca009 b WHERE a.exp_e='12-22818867' AND a.lapso='2013-1' AND b.pensum='5' AND b.c_uni_ca='4' AND status IN ('7','A','2') AND a.c_asigna=b.c_asigna AND a.c_asigna IN ('300112','300207','300209','300213','300226') [1][0] OK
C:[13/05/2013 15:58:58.25][172.16.12.132][1635] SELECT MAX(semestre) FROM dace006 a, tblaca009 b WHERE a.exp_e='12-22818867' AND a.lapso='2013-1' AND b.pensum='5' AND b.c_uni_ca='4' AND status IN ('7','A','2') AND a.c_asigna=b.c_asigna  [1][0] OK
C:[13/05/2013 15:58:58.63][172.16.12.132][1655] SELECT MIN(semestre) FROM dace006 a, tblaca009 b WHERE a.exp_e='12-22818867' AND a.lapso='2013-1' AND b.pensum='5' AND b.c_uni_ca='4' AND status IN ('7','A','2') AND a.c_asigna=b.c_asigna AND a.c_asigna IN ('300113') [1][0] OK
C:[13/05/2013 17:26:12.52][172.16.8.128][1392] SELECT pre_cod_asig1,pre_cod_asig2,pre_cod_asig3,pre_cod_asig4,pre_cod_asig5,pre_cod_asig6,pre_cod_asig7 FROM tblaca009 WHERE pensum='5' AND c_uni_ca='2' AND c_asigna='322605' [1][0] OK
C:[13/05/2013 17:26:12.52][172.16.8.128][1405] SELECT c_asigna FROM dace004 WHERE exp_e='10-21497694' AND c_asigna='322436' AND status IN ('0','3','B') [1][0] OK
C:[13/05/2013 17:26:12.52][172.16.8.128][1392] SELECT pre_cod_asig1,pre_cod_asig2,pre_cod_asig3,pre_cod_asig4,pre_cod_asig5,pre_cod_asig6,pre_cod_asig7 FROM tblaca009 WHERE pensum='5' AND c_uni_ca='2' AND c_asigna='300422' [1][0] OK
C:[13/05/2013 17:26:12.52][172.16.8.128][1405] SELECT c_asigna FROM dace004 WHERE exp_e='10-21497694' AND c_asigna='300105' AND status IN ('0','3','B') [1][0] OK
C:[13/05/2013 17:26:12.52][172.16.8.128][1405] SELECT c_asigna FROM dace004 WHERE exp_e='10-21497694' AND c_asigna='300314' AND status IN ('0','3','B') [1][0] OK
C:[13/05/2013 17:26:12.52][172.16.8.128][1392] SELECT pre_cod_asig1,pre_cod_asig2,pre_cod_asig3,pre_cod_asig4,pre_cod_asig5,pre_cod_asig6,pre_cod_asig7 FROM tblaca009 WHERE pensum='5' AND c_uni_ca='2' AND c_asigna='322449' [1][0] OK
C:[13/05/2013 17:26:12.52][172.16.8.128][1405] SELECT c_asigna FROM dace004 WHERE exp_e='10-21497694' AND c_asigna='300222' AND status IN ('0','3','B') [1][0] OK
C:[13/05/2013 17:26:12.52][172.16.8.128][1392] SELECT pre_cod_asig1,pre_cod_asig2,pre_cod_asig3,pre_cod_asig4,pre_cod_asig5,pre_cod_asig6,pre_cod_asig7 FROM tblaca009 WHERE pensum='5' AND c_uni_ca='2' AND c_asigna='322558' [1][0] OK
C:[13/05/2013 17:26:12.52][172.16.8.128][1405] SELECT c_asigna FROM dace004 WHERE exp_e='10-21497694' AND c_asigna='300428' AND status IN ('0','3','B') [1][0] OK
C:[13/05/2013 17:26:12.52][172.16.8.128][1405] SELECT c_asigna FROM dace004 WHERE exp_e='10-21497694' AND c_asigna='320323' AND status IN ('0','3','B') [1][0] OK
C:[13/05/2013 17:26:12.52][172.16.8.128][1392] SELECT pre_cod_asig1,pre_cod_asig2,pre_cod_asig3,pre_cod_asig4,pre_cod_asig5,pre_cod_asig6,pre_cod_asig7 FROM tblaca009 WHERE pensum='5' AND c_uni_ca='2' AND c_asigna='322559' [1][0] OK
C:[13/05/2013 17:26:12.52][172.16.8.128][1405] SELECT c_asigna FROM dace004 WHERE exp_e='10-21497694' AND c_asigna='300428' AND status IN ('0','3','B') [1][0] OK
C:[13/05/2013 17:26:12.52][172.16.8.128][1405] SELECT c_asigna FROM dace004 WHERE exp_e='10-21497694' AND c_asigna='322436' AND status IN ('0','3','B') [1][0] OK
C:[13/05/2013 17:26:12.52][172.16.8.128][1392] SELECT pre_cod_asig1,pre_cod_asig2,pre_cod_asig3,pre_cod_asig4,pre_cod_asig5,pre_cod_asig6,pre_cod_asig7 FROM tblaca009 WHERE pensum='5' AND c_uni_ca='2' AND c_asigna='300676' [1][0] OK
C:[13/05/2013 17:26:13.27][172.16.8.128][1436] SELECT par_cod_asig1,par_cod_asig2,par_cod_asig3 FROM tblaca009 WHERE pensum='5' AND c_uni_ca='2' AND c_asigna='322605' [1][0] OK
C:[13/05/2013 17:26:13.27][172.16.8.128][1436] SELECT par_cod_asig1,par_cod_asig2,par_cod_asig3 FROM tblaca009 WHERE pensum='5' AND c_uni_ca='2' AND c_asigna='300422' [1][0] OK
C:[13/05/2013 17:26:13.27][172.16.8.128][1436] SELECT par_cod_asig1,par_cod_asig2,par_cod_asig3 FROM tblaca009 WHERE pensum='5' AND c_uni_ca='2' AND c_asigna='322449' [1][0] OK
C:[13/05/2013 17:26:13.27][172.16.8.128][1436] SELECT par_cod_asig1,par_cod_asig2,par_cod_asig3 FROM tblaca009 WHERE pensum='5' AND c_uni_ca='2' AND c_asigna='322558' [1][0] OK
C:[13/05/2013 17:26:13.27][172.16.8.128][1436] SELECT par_cod_asig1,par_cod_asig2,par_cod_asig3 FROM tblaca009 WHERE pensum='5' AND c_uni_ca='2' AND c_asigna='322559' [1][0] OK
C:[13/05/2013 17:26:13.27][172.16.8.128][1436] SELECT par_cod_asig1,par_cod_asig2,par_cod_asig3 FROM tblaca009 WHERE pensum='5' AND c_uni_ca='2' AND c_asigna='300676' [1][0] OK
C:[13/05/2013 17:26:13.03][172.16.8.128][1566] SELECT horas_lab FROM tblaca008 WHERE c_asigna='322605' AND horas_teoricas > 0 [1][0] OK
C:[13/05/2013 17:26:13.15][172.16.8.128][1600] SELECT sum(u_creditos*1) FROM dace006 a, tblaca009 b WHERE a.exp_e='10-21497694' AND a.lapso='2013-1' AND b.pensum='5' AND b.c_uni_ca='2' AND status IN ('7','A','2') AND a.c_asigna=b.c_asigna  [1][0] OK
C:[13/05/2013 17:26:13.09][172.16.8.128][1619] SELECT sum(u_creditos*1) FROM dace006 a, tblaca009 b WHERE a.exp_e='10-21497694' AND a.lapso='2013-1' AND b.pensum='5' AND b.c_uni_ca='2' AND status IN ('7','A','2') AND a.c_asigna=b.c_asigna AND a.c_asigna IN ('300422','322449','322558','322559','300676') [1][0] OK
C:[13/05/2013 17:26:13.02][172.16.8.128][1635] SELECT MAX(semestre) FROM dace006 a, tblaca009 b WHERE a.exp_e='10-21497694' AND a.lapso='2013-1' AND b.pensum='5' AND b.c_uni_ca='2' AND status IN ('7','A','2') AND a.c_asigna=b.c_asigna  [1][0] OK
C:[13/05/2013 17:26:13.97][172.16.8.128][1655] SELECT MIN(semestre) FROM dace006 a, tblaca009 b WHERE a.exp_e='10-21497694' AND a.lapso='2013-1' AND b.pensum='5' AND b.c_uni_ca='2' AND status IN ('7','A','2') AND a.c_asigna=b.c_asigna AND a.c_asigna IN ('322605') [1][0] OK
C:[13/05/2013 17:53:17.19][190.74.9.180][1392] SELECT pre_cod_asig1,pre_cod_asig2,pre_cod_asig3,pre_cod_asig4,pre_cod_asig5,pre_cod_asig6,pre_cod_asig7 FROM tblaca009 WHERE pensum='5' AND c_uni_ca='2' AND c_asigna='322669' [1][0] OK
C:[13/05/2013 17:53:17.19][190.74.9.180][1405] SELECT c_asigna FROM dace004 WHERE exp_e='08-19302816' AND c_asigna='322558' AND status IN ('0','3','B') [1][0] OK
C:[13/05/2013 17:53:17.19][190.74.9.180][1405] SELECT c_asigna FROM dace004 WHERE exp_e='08-19302816' AND c_asigna='323528' AND status IN ('0','3','B') [1][0] OK
C:[13/05/2013 17:53:17.19][190.74.9.180][1392] SELECT pre_cod_asig1,pre_cod_asig2,pre_cod_asig3,pre_cod_asig4,pre_cod_asig5,pre_cod_asig6,pre_cod_asig7 FROM tblaca009 WHERE pensum='5' AND c_uni_ca='2' AND c_asigna='322681' [1][0] OK
C:[13/05/2013 17:53:17.19][190.74.9.180][1405] SELECT c_asigna FROM dace004 WHERE exp_e='08-19302816' AND c_asigna='320437' AND status IN ('0','3','B') [1][0] OK
C:[13/05/2013 17:53:17.19][190.74.9.180][1405] SELECT c_asigna FROM dace004 WHERE exp_e='08-19302816' AND c_asigna='322449' AND status IN ('0','3','B') [1][0] OK
C:[13/05/2013 17:53:17.19][190.74.9.180][1405] SELECT c_asigna FROM dace004 WHERE exp_e='08-19302816' AND c_asigna='300313' AND status IN ('0','3','B') [1][0] OK
C:[13/05/2013 17:53:17.19][190.74.9.180][1405] SELECT c_asigna FROM dace004 WHERE exp_e='08-19302816' AND c_asigna='300209' AND status IN ('0','3','B') [1][0] OK
C:[13/05/2013 17:53:17.19][190.74.9.180][1405] SELECT c_asigna FROM dace004 WHERE exp_e='08-19302816' AND c_asigna='300226' AND status IN ('0','3','B') [1][0] OK
C:[13/05/2013 17:53:17.19][190.74.9.180][1392] SELECT pre_cod_asig1,pre_cod_asig2,pre_cod_asig3,pre_cod_asig4,pre_cod_asig5,pre_cod_asig6,pre_cod_asig7 FROM tblaca009 WHERE pensum='5' AND c_uni_ca='2' AND c_asigna='322560' [1][0] OK
C:[13/05/2013 17:53:17.19][190.74.9.180][1392] SELECT pre_cod_asig1,pre_cod_asig2,pre_cod_asig3,pre_cod_asig4,pre_cod_asig5,pre_cod_asig6,pre_cod_asig7 FROM tblaca009 WHERE pensum='5' AND c_uni_ca='2' AND c_asigna='300676' [1][0] OK
C:[13/05/2013 17:53:17.19][190.74.9.180][1392] SELECT pre_cod_asig1,pre_cod_asig2,pre_cod_asig3,pre_cod_asig4,pre_cod_asig5,pre_cod_asig6,pre_cod_asig7 FROM tblaca009 WHERE pensum='5' AND c_uni_ca='2' AND c_asigna='300422' [1][0] OK
C:[13/05/2013 17:53:17.19][190.74.9.180][1405] SELECT c_asigna FROM dace004 WHERE exp_e='08-19302816' AND c_asigna='300105' AND status IN ('0','3','B') [1][0] OK
C:[13/05/2013 17:53:17.19][190.74.9.180][1405] SELECT c_asigna FROM dace004 WHERE exp_e='08-19302816' AND c_asigna='300314' AND status IN ('0','3','B') [1][0] OK
C:[13/05/2013 17:53:17.19][190.74.9.180][1392] SELECT pre_cod_asig1,pre_cod_asig2,pre_cod_asig3,pre_cod_asig4,pre_cod_asig5,pre_cod_asig6,pre_cod_asig7 FROM tblaca009 WHERE pensum='5' AND c_uni_ca='2' AND c_asigna='322550' [1][0] OK
C:[13/05/2013 17:53:17.19][190.74.9.180][1405] SELECT c_asigna FROM dace004 WHERE exp_e='08-19302816' AND c_asigna='322433' AND status IN ('0','3','B') [1][0] OK
C:[13/05/2013 17:53:17.19][190.74.9.180][1392] SELECT pre_cod_asig1,pre_cod_asig2,pre_cod_asig3,pre_cod_asig4,pre_cod_asig5,pre_cod_asig6,pre_cod_asig7 FROM tblaca009 WHERE pensum='5' AND c_uni_ca='2' AND c_asigna='322559' [1][0] OK
C:[13/05/2013 17:53:17.19][190.74.9.180][1405] SELECT c_asigna FROM dace004 WHERE exp_e='08-19302816' AND c_asigna='300428' AND status IN ('0','3','B') [1][0] OK
C:[13/05/2013 17:53:17.19][190.74.9.180][1405] SELECT c_asigna FROM dace004 WHERE exp_e='08-19302816' AND c_asigna='322436' AND status IN ('0','3','B') [1][0] OK
C:[13/05/2013 17:53:17.56][190.74.9.180][1436] SELECT par_cod_asig1,par_cod_asig2,par_cod_asig3 FROM tblaca009 WHERE pensum='5' AND c_uni_ca='2' AND c_asigna='322669' [1][0] OK
C:[13/05/2013 17:53:17.56][190.74.9.180][1436] SELECT par_cod_asig1,par_cod_asig2,par_cod_asig3 FROM tblaca009 WHERE pensum='5' AND c_uni_ca='2' AND c_asigna='322681' [1][0] OK
C:[13/05/2013 17:53:17.56][190.74.9.180][1436] SELECT par_cod_asig1,par_cod_asig2,par_cod_asig3 FROM tblaca009 WHERE pensum='5' AND c_uni_ca='2' AND c_asigna='322560' [1][0] OK
C:[13/05/2013 17:53:17.56][190.74.9.180][1450] SELECT c_asigna FROM dace004 WHERE exp_e='08-19302816' AND c_asigna='323528' AND status IN ('0','3','B','C') [1][0] OK
C:[13/05/2013 17:53:17.56][190.74.9.180][1436] SELECT par_cod_asig1,par_cod_asig2,par_cod_asig3 FROM tblaca009 WHERE pensum='5' AND c_uni_ca='2' AND c_asigna='300676' [1][0] OK
C:[13/05/2013 17:53:17.56][190.74.9.180][1436] SELECT par_cod_asig1,par_cod_asig2,par_cod_asig3 FROM tblaca009 WHERE pensum='5' AND c_uni_ca='2' AND c_asigna='300422' [1][0] OK
C:[13/05/2013 17:53:17.56][190.74.9.180][1436] SELECT par_cod_asig1,par_cod_asig2,par_cod_asig3 FROM tblaca009 WHERE pensum='5' AND c_uni_ca='2' AND c_asigna='322550' [1][0] OK
C:[13/05/2013 17:53:17.56][190.74.9.180][1436] SELECT par_cod_asig1,par_cod_asig2,par_cod_asig3 FROM tblaca009 WHERE pensum='5' AND c_uni_ca='2' AND c_asigna='322559' [1][0] OK
C:[13/05/2013 17:53:18.57][190.74.9.180][1566] SELECT horas_lab FROM tblaca008 WHERE c_asigna='322669' AND horas_teoricas > 0 [1][0] OK
C:[13/05/2013 17:53:18.70][190.74.9.180][1600] SELECT sum(u_creditos*1) FROM dace006 a, tblaca009 b WHERE a.exp_e='08-19302816' AND a.lapso='2013-1' AND b.pensum='5' AND b.c_uni_ca='2' AND status IN ('7','A','2') AND a.c_asigna=b.c_asigna  [1][0] OK
C:[13/05/2013 17:53:18.06][190.74.9.180][1619] SELECT sum(u_creditos*1) FROM dace006 a, tblaca009 b WHERE a.exp_e='08-19302816' AND a.lapso='2013-1' AND b.pensum='5' AND b.c_uni_ca='2' AND status IN ('7','A','2') AND a.c_asigna=b.c_asigna AND a.c_asigna IN ('322681','322560','300676','300422','322550','322559') [1][0] OK
C:[13/05/2013 17:53:18.00][190.74.9.180][1635] SELECT MAX(semestre) FROM dace006 a, tblaca009 b WHERE a.exp_e='08-19302816' AND a.lapso='2013-1' AND b.pensum='5' AND b.c_uni_ca='2' AND status IN ('7','A','2') AND a.c_asigna=b.c_asigna  [1][0] OK
C:[13/05/2013 17:53:18.94][190.74.9.180][1655] SELECT MIN(semestre) FROM dace006 a, tblaca009 b WHERE a.exp_e='08-19302816' AND a.lapso='2013-1' AND b.pensum='5' AND b.c_uni_ca='2' AND status IN ('7','A','2') AND a.c_asigna=b.c_asigna AND a.c_asigna IN ('322669') [1][0] OK
C:[13/05/2013 19:07:19.08][190.74.186.250][1392] SELECT pre_cod_asig1,pre_cod_asig2,pre_cod_asig3,pre_cod_asig4,pre_cod_asig5,pre_cod_asig6,pre_cod_asig7 FROM tblaca009 WHERE pensum='5' AND c_uni_ca='6' AND c_asigna='300207' [1][0] OK
C:[13/05/2013 19:07:19.08][190.74.186.250][1405] SELECT c_asigna FROM dace004 WHERE exp_e='12-25859214' AND c_asigna='300101' AND status IN ('0','3','B') [1][0] OK
C:[13/05/2013 19:07:19.08][190.74.186.250][1392] SELECT pre_cod_asig1,pre_cod_asig2,pre_cod_asig3,pre_cod_asig4,pre_cod_asig5,pre_cod_asig6,pre_cod_asig7 FROM tblaca009 WHERE pensum='5' AND c_uni_ca='6' AND c_asigna='300112' [1][0] OK
C:[13/05/2013 19:07:19.08][190.74.186.250][1392] SELECT pre_cod_asig1,pre_cod_asig2,pre_cod_asig3,pre_cod_asig4,pre_cod_asig5,pre_cod_asig6,pre_cod_asig7 FROM tblaca009 WHERE pensum='5' AND c_uni_ca='6' AND c_asigna='300116' [1][0] OK
C:[13/05/2013 19:07:19.08][190.74.186.250][1392] SELECT pre_cod_asig1,pre_cod_asig2,pre_cod_asig3,pre_cod_asig4,pre_cod_asig5,pre_cod_asig6,pre_cod_asig7 FROM tblaca009 WHERE pensum='5' AND c_uni_ca='6' AND c_asigna='300213' [1][0] OK
C:[13/05/2013 19:07:19.08][190.74.186.250][1405] SELECT c_asigna FROM dace004 WHERE exp_e='12-25859214' AND c_asigna='300101' AND status IN ('0','3','B') [1][0] OK
C:[13/05/2013 19:07:19.08][190.74.186.250][1392] SELECT pre_cod_asig1,pre_cod_asig2,pre_cod_asig3,pre_cod_asig4,pre_cod_asig5,pre_cod_asig6,pre_cod_asig7 FROM tblaca009 WHERE pensum='5' AND c_uni_ca='6' AND c_asigna='300209' [1][0] OK
C:[13/05/2013 19:07:19.08][190.74.186.250][1405] SELECT c_asigna FROM dace004 WHERE exp_e='12-25859214' AND c_asigna='300101' AND status IN ('0','3','B') [1][0] OK
C:[13/05/2013 19:07:19.07][190.74.186.250][1436] SELECT par_cod_asig1,par_cod_asig2,par_cod_asig3 FROM tblaca009 WHERE pensum='5' AND c_uni_ca='6' AND c_asigna='300207' [1][0] OK
C:[13/05/2013 19:07:19.07][190.74.186.250][1436] SELECT par_cod_asig1,par_cod_asig2,par_cod_asig3 FROM tblaca009 WHERE pensum='5' AND c_uni_ca='6' AND c_asigna='300112' [1][0] OK
C:[13/05/2013 19:07:19.07][190.74.186.250][1436] SELECT par_cod_asig1,par_cod_asig2,par_cod_asig3 FROM tblaca009 WHERE pensum='5' AND c_uni_ca='6' AND c_asigna='300116' [1][0] OK
C:[13/05/2013 19:07:19.07][190.74.186.250][1436] SELECT par_cod_asig1,par_cod_asig2,par_cod_asig3 FROM tblaca009 WHERE pensum='5' AND c_uni_ca='6' AND c_asigna='300213' [1][0] OK
C:[13/05/2013 19:07:19.07][190.74.186.250][1450] SELECT c_asigna FROM dace004 WHERE exp_e='12-25859214' AND c_asigna='300209' AND status IN ('0','3','B','C') [0][0] OK
C:[13/05/2013 19:07:19.07][190.74.186.250][1436] SELECT par_cod_asig1,par_cod_asig2,par_cod_asig3 FROM tblaca009 WHERE pensum='5' AND c_uni_ca='6' AND c_asigna='300209' [1][0] OK
C:[13/05/2013 19:07:19.84][190.74.186.250][1566] SELECT horas_lab FROM tblaca008 WHERE c_asigna='300207' AND horas_teoricas > 0 [1][0] OK
C:[13/05/2013 19:07:19.94][190.74.186.250][1600] SELECT sum(u_creditos*1) FROM dace006 a, tblaca009 b WHERE a.exp_e='12-25859214' AND a.lapso='2013-1' AND b.pensum='5' AND b.c_uni_ca='6' AND status IN ('7','A','2') AND a.c_asigna=b.c_asigna  [1][0] OK
C:[13/05/2013 19:07:19.32][190.74.186.250][1619] SELECT sum(u_creditos*1) FROM dace006 a, tblaca009 b WHERE a.exp_e='12-25859214' AND a.lapso='2013-1' AND b.pensum='5' AND b.c_uni_ca='6' AND status IN ('7','A','2') AND a.c_asigna=b.c_asigna AND a.c_asigna IN ('300112','300116','300213','300209') [1][0] OK
C:[13/05/2013 19:07:19.71][190.74.186.250][1635] SELECT MAX(semestre) FROM dace006 a, tblaca009 b WHERE a.exp_e='12-25859214' AND a.lapso='2013-1' AND b.pensum='5' AND b.c_uni_ca='6' AND status IN ('7','A','2') AND a.c_asigna=b.c_asigna  [1][0] OK
C:[13/05/2013 19:07:19.07][190.74.186.250][1655] SELECT MIN(semestre) FROM dace006 a, tblaca009 b WHERE a.exp_e='12-25859214' AND a.lapso='2013-1' AND b.pensum='5' AND b.c_uni_ca='6' AND status IN ('7','A','2') AND a.c_asigna=b.c_asigna AND a.c_asigna IN ('300207') [1][0] OK
C:[13/05/2013 20:07:41.11][190.37.100.102][1392] SELECT pre_cod_asig1,pre_cod_asig2,pre_cod_asig3,pre_cod_asig4,pre_cod_asig5,pre_cod_asig6,pre_cod_asig7 FROM tblaca009 WHERE pensum='5' AND c_uni_ca='5' AND c_asigna='355572' [1][0] OK
C:[13/05/2013 20:07:41.11][190.37.100.102][1405] SELECT c_asigna FROM dace004 WHERE exp_e='10-21539999' AND c_asigna='300428' AND status IN ('0','3','B') [1][0] OK
C:[13/05/2013 20:07:41.11][190.37.100.102][1392] SELECT pre_cod_asig1,pre_cod_asig2,pre_cod_asig3,pre_cod_asig4,pre_cod_asig5,pre_cod_asig6,pre_cod_asig7 FROM tblaca009 WHERE pensum='5' AND c_uni_ca='5' AND c_asigna='300313' [1][0] OK
C:[13/05/2013 20:07:41.11][190.37.100.102][1405] SELECT c_asigna FROM dace004 WHERE exp_e='10-21539999' AND c_asigna='300213' AND status IN ('0','3','B') [1][0] OK
C:[13/05/2013 20:07:41.11][190.37.100.102][1405] SELECT c_asigna FROM dace004 WHERE exp_e='10-21539999' AND c_asigna='300226' AND status IN ('0','3','B') [1][0] OK
C:[13/05/2013 20:07:41.11][190.37.100.102][1405] SELECT c_asigna FROM dace004 WHERE exp_e='10-21539999' AND c_asigna='300222' AND status IN ('0','3','B') [1][0] OK
C:[13/05/2013 20:07:41.11][190.37.100.102][1405] SELECT c_asigna FROM dace004 WHERE exp_e='10-21539999' AND c_asigna='300209' AND status IN ('0','3','B') [1][0] OK
C:[13/05/2013 20:07:41.11][190.37.100.102][1392] SELECT pre_cod_asig1,pre_cod_asig2,pre_cod_asig3,pre_cod_asig4,pre_cod_asig5,pre_cod_asig6,pre_cod_asig7 FROM tblaca009 WHERE pensum='5' AND c_uni_ca='5' AND c_asigna='351330' [1][0] OK
C:[13/05/2013 20:07:41.11][190.37.100.102][1405] SELECT c_asigna FROM dace004 WHERE exp_e='10-21539999' AND c_asigna='300218' AND status IN ('0','3','B') [1][0] OK
C:[13/05/2013 20:07:41.11][190.37.100.102][1392] SELECT pre_cod_asig1,pre_cod_asig2,pre_cod_asig3,pre_cod_asig4,pre_cod_asig5,pre_cod_asig6,pre_cod_asig7 FROM tblaca009 WHERE pensum='5' AND c_uni_ca='5' AND c_asigna='355350' [1][0] OK
C:[13/05/2013 20:07:41.11][190.37.100.102][1405] SELECT c_asigna FROM dace004 WHERE exp_e='10-21539999' AND c_asigna='300207' AND status IN ('0','3','B') [1][0] OK
C:[13/05/2013 20:07:41.11][190.37.100.102][1405] SELECT c_asigna FROM dace004 WHERE exp_e='10-21539999' AND c_asigna='300228' AND status IN ('0','3','B') [1][0] OK
C:[13/05/2013 20:07:41.11][190.37.100.102][1392] SELECT pre_cod_asig1,pre_cod_asig2,pre_cod_asig3,pre_cod_asig4,pre_cod_asig5,pre_cod_asig6,pre_cod_asig7 FROM tblaca009 WHERE pensum='5' AND c_uni_ca='5' AND c_asigna='352440' [1][0] OK
C:[13/05/2013 20:07:41.11][190.37.100.102][1405] SELECT c_asigna FROM dace004 WHERE exp_e='10-21539999' AND c_asigna='300317' AND status IN ('0','3','B') [1][0] OK
C:[13/05/2013 20:07:41.11][190.37.100.102][1405] SELECT c_asigna FROM dace004 WHERE exp_e='10-21539999' AND c_asigna='300013' AND status IN ('0','3','B') [1][0] OK
C:[13/05/2013 20:07:41.11][190.37.100.102][1405] SELECT c_asigna FROM dace004 WHERE exp_e='10-21539999' AND c_asigna='300113' AND status IN ('0','3','B') [1][0] OK
C:[13/05/2013 20:07:42.11][190.37.100.102][1436] SELECT par_cod_asig1,par_cod_asig2,par_cod_asig3 FROM tblaca009 WHERE pensum='5' AND c_uni_ca='5' AND c_asigna='355572' [1][0] OK
C:[13/05/2013 20:07:42.11][190.37.100.102][1436] SELECT par_cod_asig1,par_cod_asig2,par_cod_asig3 FROM tblaca009 WHERE pensum='5' AND c_uni_ca='5' AND c_asigna='300313' [1][0] OK
C:[13/05/2013 20:07:42.11][190.37.100.102][1436] SELECT par_cod_asig1,par_cod_asig2,par_cod_asig3 FROM tblaca009 WHERE pensum='5' AND c_uni_ca='5' AND c_asigna='351330' [1][0] OK
C:[13/05/2013 20:07:42.11][190.37.100.102][1450] SELECT c_asigna FROM dace004 WHERE exp_e='10-21539999' AND c_asigna='300318' AND status IN ('0','3','B','C') [1][0] OK
C:[13/05/2013 20:07:42.11][190.37.100.102][1450] SELECT c_asigna FROM dace004 WHERE exp_e='10-21539999' AND c_asigna='300317' AND status IN ('0','3','B','C') [1][0] OK
C:[13/05/2013 20:07:42.11][190.37.100.102][1436] SELECT par_cod_asig1,par_cod_asig2,par_cod_asig3 FROM tblaca009 WHERE pensum='5' AND c_uni_ca='5' AND c_asigna='355350' [1][0] OK
C:[13/05/2013 20:07:42.11][190.37.100.102][1436] SELECT par_cod_asig1,par_cod_asig2,par_cod_asig3 FROM tblaca009 WHERE pensum='5' AND c_uni_ca='5' AND c_asigna='352440' [1][0] OK
C:[13/05/2013 20:07:42.01][190.37.100.102][1566] SELECT horas_lab FROM tblaca008 WHERE c_asigna='355572' AND horas_teoricas > 0 [1][0] OK
C:[13/05/2013 20:07:42.12][190.37.100.102][1600] SELECT sum(u_creditos*1) FROM dace006 a, tblaca009 b WHERE a.exp_e='10-21539999' AND a.lapso='2013-1' AND b.pensum='5' AND b.c_uni_ca='5' AND status IN ('7','A','2') AND a.c_asigna=b.c_asigna  [1][0] OK
C:[13/05/2013 20:07:42.49][190.37.100.102][1619] SELECT sum(u_creditos*1) FROM dace006 a, tblaca009 b WHERE a.exp_e='10-21539999' AND a.lapso='2013-1' AND b.pensum='5' AND b.c_uni_ca='5' AND status IN ('7','A','2') AND a.c_asigna=b.c_asigna AND a.c_asigna IN ('300313','351330','355350','352440') [1][0] OK
C:[13/05/2013 20:07:42.86][190.37.100.102][1635] SELECT MAX(semestre) FROM dace006 a, tblaca009 b WHERE a.exp_e='10-21539999' AND a.lapso='2013-1' AND b.pensum='5' AND b.c_uni_ca='5' AND status IN ('7','A','2') AND a.c_asigna=b.c_asigna  [1][0] OK
C:[13/05/2013 20:07:42.25][190.37.100.102][1655] SELECT MIN(semestre) FROM dace006 a, tblaca009 b WHERE a.exp_e='10-21539999' AND a.lapso='2013-1' AND b.pensum='5' AND b.c_uni_ca='5' AND status IN ('7','A','2') AND a.c_asigna=b.c_asigna AND a.c_asigna IN ('355572') [1][0] OK
C:[13/05/2013 20:46:32.93][190.202.199.239][1392] SELECT pre_cod_asig1,pre_cod_asig2,pre_cod_asig3,pre_cod_asig4,pre_cod_asig5,pre_cod_asig6,pre_cod_asig7 FROM tblaca009 WHERE pensum='5' AND c_uni_ca='3' AND c_asigna='311430' [1][0] OK
C:[13/05/2013 20:46:32.93][190.202.199.239][1405] SELECT c_asigna FROM dace004 WHERE exp_e='02-21251922' AND c_asigna='300317' AND status IN ('0','3','B') [1][0] OK
C:[13/05/2013 20:46:32.93][190.202.199.239][1405] SELECT c_asigna FROM dace004 WHERE exp_e='02-21251922' AND c_asigna='300318' AND status IN ('0','3','B') [1][0] OK
C:[13/05/2013 20:46:32.93][190.202.199.239][1405] SELECT c_asigna FROM dace004 WHERE exp_e='02-21251922' AND c_asigna='300313' AND status IN ('0','3','B') [1][0] OK
C:[13/05/2013 20:46:32.93][190.202.199.239][1405] SELECT c_asigna FROM dace004 WHERE exp_e='02-21251922' AND c_asigna='300222' AND status IN ('0','3','B') [1][0] OK
C:[13/05/2013 20:46:32.93][190.202.199.239][1405] SELECT c_asigna FROM dace004 WHERE exp_e='02-21251922' AND c_asigna='300226' AND status IN ('0','3','B') [1][0] OK
C:[13/05/2013 20:46:32.93][190.202.199.239][1405] SELECT c_asigna FROM dace004 WHERE exp_e='02-21251922' AND c_asigna='300209' AND status IN ('0','3','B') [1][0] OK
C:[13/05/2013 20:46:32.93][190.202.199.239][1392] SELECT pre_cod_asig1,pre_cod_asig2,pre_cod_asig3,pre_cod_asig4,pre_cod_asig5,pre_cod_asig6,pre_cod_asig7 FROM tblaca009 WHERE pensum='5' AND c_uni_ca='3' AND c_asigna='311554' [1][0] OK
C:[13/05/2013 20:46:32.93][190.202.199.239][1405] SELECT c_asigna FROM dace004 WHERE exp_e='02-21251922' AND c_asigna='300318' AND status IN ('0','3','B') [1][0] OK
C:[13/05/2013 20:46:32.93][190.202.199.239][1405] SELECT c_asigna FROM dace004 WHERE exp_e='02-21251922' AND c_asigna='300428' AND status IN ('0','3','B') [1][0] OK
C:[13/05/2013 20:46:33.18][190.202.199.239][1436] SELECT par_cod_asig1,par_cod_asig2,par_cod_asig3 FROM tblaca009 WHERE pensum='5' AND c_uni_ca='3' AND c_asigna='311430' [1][0] OK
C:[13/05/2013 20:46:33.18][190.202.199.239][1436] SELECT par_cod_asig1,par_cod_asig2,par_cod_asig3 FROM tblaca009 WHERE pensum='5' AND c_uni_ca='3' AND c_asigna='311554' [1][0] OK
C:[13/05/2013 20:46:33.45][190.202.199.239][1600] SELECT sum(u_creditos*1) FROM dace006 a, tblaca009 b WHERE a.exp_e='02-21251922' AND a.lapso='2013-1' AND b.pensum='5' AND b.c_uni_ca='3' AND status IN ('7','A','2') AND a.c_asigna=b.c_asigna  [1][0] OK
C:[13/05/2013 20:46:33.82][190.202.199.239][1619] SELECT sum(u_creditos*1) FROM dace006 a, tblaca009 b WHERE a.exp_e='02-21251922' AND a.lapso='2013-1' AND b.pensum='5' AND b.c_uni_ca='3' AND status IN ('7','A','2') AND a.c_asigna=b.c_asigna AND a.c_asigna IN ('311430','311554') [1][0] OK
C:[13/05/2013 20:46:33.18][190.202.199.239][1635] SELECT MAX(semestre) FROM dace006 a, tblaca009 b WHERE a.exp_e='02-21251922' AND a.lapso='2013-1' AND b.pensum='5' AND b.c_uni_ca='3' AND status IN ('7','A','2') AND a.c_asigna=b.c_asigna  [1][0] OK
C:[13/05/2013 20:57:33.57][190.204.198.42][1392] SELECT pre_cod_asig1,pre_cod_asig2,pre_cod_asig3,pre_cod_asig4,pre_cod_asig5,pre_cod_asig6,pre_cod_asig7 FROM tblaca009 WHERE pensum='5' AND c_uni_ca='2' AND c_asigna='322669' [1][0] OK
C:[13/05/2013 20:57:33.57][190.204.198.42][1405] SELECT c_asigna FROM dace004 WHERE exp_e='08-19041620' AND c_asigna='322558' AND status IN ('0','3','B') [1][0] OK
C:[13/05/2013 20:57:33.57][190.204.198.42][1405] SELECT c_asigna FROM dace004 WHERE exp_e='08-19041620' AND c_asigna='323528' AND status IN ('0','3','B') [1][0] OK
C:[13/05/2013 20:57:33.57][190.204.198.42][1392] SELECT pre_cod_asig1,pre_cod_asig2,pre_cod_asig3,pre_cod_asig4,pre_cod_asig5,pre_cod_asig6,pre_cod_asig7 FROM tblaca009 WHERE pensum='5' AND c_uni_ca='2' AND c_asigna='300422' [1][0] OK
C:[13/05/2013 20:57:33.57][190.204.198.42][1405] SELECT c_asigna FROM dace004 WHERE exp_e='08-19041620' AND c_asigna='300105' AND status IN ('0','3','B') [1][0] OK
C:[13/05/2013 20:57:33.57][190.204.198.42][1405] SELECT c_asigna FROM dace004 WHERE exp_e='08-19041620' AND c_asigna='300314' AND status IN ('0','3','B') [1][0] OK
C:[13/05/2013 20:57:33.57][190.204.198.42][1392] SELECT pre_cod_asig1,pre_cod_asig2,pre_cod_asig3,pre_cod_asig4,pre_cod_asig5,pre_cod_asig6,pre_cod_asig7 FROM tblaca009 WHERE pensum='5' AND c_uni_ca='2' AND c_asigna='300676' [1][0] OK
C:[13/05/2013 20:57:33.57][190.204.198.42][1392] SELECT pre_cod_asig1,pre_cod_asig2,pre_cod_asig3,pre_cod_asig4,pre_cod_asig5,pre_cod_asig6,pre_cod_asig7 FROM tblaca009 WHERE pensum='5' AND c_uni_ca='2' AND c_asigna='322605' [1][0] OK
C:[13/05/2013 20:57:33.57][190.204.198.42][1405] SELECT c_asigna FROM dace004 WHERE exp_e='08-19041620' AND c_asigna='322436' AND status IN ('0','3','B') [1][0] OK
C:[13/05/2013 20:57:33.57][190.204.198.42][1392] SELECT pre_cod_asig1,pre_cod_asig2,pre_cod_asig3,pre_cod_asig4,pre_cod_asig5,pre_cod_asig6,pre_cod_asig7 FROM tblaca009 WHERE pensum='5' AND c_uni_ca='2' AND c_asigna='322678' [1][0] OK
C:[13/05/2013 20:57:33.57][190.204.198.42][1405] SELECT c_asigna FROM dace004 WHERE exp_e='08-19041620' AND c_asigna='322559' AND status IN ('0','3','B') [1][0] OK
C:[13/05/2013 20:57:33.57][190.204.198.42][1392] SELECT pre_cod_asig1,pre_cod_asig2,pre_cod_asig3,pre_cod_asig4,pre_cod_asig5,pre_cod_asig6,pre_cod_asig7 FROM tblaca009 WHERE pensum='5' AND c_uni_ca='2' AND c_asigna='322681' [1][0] OK
C:[13/05/2013 20:57:33.57][190.204.198.42][1405] SELECT c_asigna FROM dace004 WHERE exp_e='08-19041620' AND c_asigna='320437' AND status IN ('0','3','B') [1][0] OK
C:[13/05/2013 20:57:33.57][190.204.198.42][1405] SELECT c_asigna FROM dace004 WHERE exp_e='08-19041620' AND c_asigna='322449' AND status IN ('0','3','B') [1][0] OK
C:[13/05/2013 20:57:33.57][190.204.198.42][1405] SELECT c_asigna FROM dace004 WHERE exp_e='08-19041620' AND c_asigna='300313' AND status IN ('0','3','B') [1][0] OK
C:[13/05/2013 20:57:33.57][190.204.198.42][1405] SELECT c_asigna FROM dace004 WHERE exp_e='08-19041620' AND c_asigna='300209' AND status IN ('0','3','B') [1][0] OK
C:[13/05/2013 20:57:33.57][190.204.198.42][1405] SELECT c_asigna FROM dace004 WHERE exp_e='08-19041620' AND c_asigna='300226' AND status IN ('0','3','B') [1][0] OK
C:[13/05/2013 20:57:33.57][190.204.198.42][1392] SELECT pre_cod_asig1,pre_cod_asig2,pre_cod_asig3,pre_cod_asig4,pre_cod_asig5,pre_cod_asig6,pre_cod_asig7 FROM tblaca009 WHERE pensum='5' AND c_uni_ca='2' AND c_asigna='322683' [1][0] OK
C:[13/05/2013 20:57:33.57][190.204.198.42][1405] SELECT c_asigna FROM dace004 WHERE exp_e='08-19041620' AND c_asigna='322560' AND status IN ('0','3','B') [1][0] OK
C:[13/05/2013 20:57:33.95][190.204.198.42][1436] SELECT par_cod_asig1,par_cod_asig2,par_cod_asig3 FROM tblaca009 WHERE pensum='5' AND c_uni_ca='2' AND c_asigna='322669' [1][0] OK
C:[13/05/2013 20:57:33.95][190.204.198.42][1436] SELECT par_cod_asig1,par_cod_asig2,par_cod_asig3 FROM tblaca009 WHERE pensum='5' AND c_uni_ca='2' AND c_asigna='300422' [1][0] OK
C:[13/05/2013 20:57:33.95][190.204.198.42][1436] SELECT par_cod_asig1,par_cod_asig2,par_cod_asig3 FROM tblaca009 WHERE pensum='5' AND c_uni_ca='2' AND c_asigna='300676' [1][0] OK
C:[13/05/2013 20:57:33.95][190.204.198.42][1436] SELECT par_cod_asig1,par_cod_asig2,par_cod_asig3 FROM tblaca009 WHERE pensum='5' AND c_uni_ca='2' AND c_asigna='322605' [1][0] OK
C:[13/05/2013 20:57:33.95][190.204.198.42][1436] SELECT par_cod_asig1,par_cod_asig2,par_cod_asig3 FROM tblaca009 WHERE pensum='5' AND c_uni_ca='2' AND c_asigna='322678' [1][0] OK
C:[13/05/2013 20:57:33.95][190.204.198.42][1436] SELECT par_cod_asig1,par_cod_asig2,par_cod_asig3 FROM tblaca009 WHERE pensum='5' AND c_uni_ca='2' AND c_asigna='322681' [1][0] OK
C:[13/05/2013 20:57:33.95][190.204.198.42][1436] SELECT par_cod_asig1,par_cod_asig2,par_cod_asig3 FROM tblaca009 WHERE pensum='5' AND c_uni_ca='2' AND c_asigna='322683' [1][0] OK
C:[13/05/2013 20:57:33.95][190.204.198.42][1450] SELECT c_asigna FROM dace004 WHERE exp_e='08-19041620' AND c_asigna='322681' AND status IN ('0','3','B','C') [0][0] OK
C:[13/05/2013 20:57:34.97][190.204.198.42][1566] SELECT horas_lab FROM tblaca008 WHERE c_asigna='322669' AND horas_teoricas > 0 [1][0] OK
C:[13/05/2013 20:57:34.07][190.204.198.42][1600] SELECT sum(u_creditos*1) FROM dace006 a, tblaca009 b WHERE a.exp_e='08-19041620' AND a.lapso='2013-1' AND b.pensum='5' AND b.c_uni_ca='2' AND status IN ('7','A','2') AND a.c_asigna=b.c_asigna  [1][0] OK
C:[13/05/2013 20:57:34.58][190.204.198.42][1619] SELECT sum(u_creditos*1) FROM dace006 a, tblaca009 b WHERE a.exp_e='08-19041620' AND a.lapso='2013-1' AND b.pensum='5' AND b.c_uni_ca='2' AND status IN ('7','A','2') AND a.c_asigna=b.c_asigna AND a.c_asigna IN ('300422','300676','322605','322678','322681','322683') [1][0] OK
C:[13/05/2013 20:57:34.07][190.204.198.42][1635] SELECT MAX(semestre) FROM dace006 a, tblaca009 b WHERE a.exp_e='08-19041620' AND a.lapso='2013-1' AND b.pensum='5' AND b.c_uni_ca='2' AND status IN ('7','A','2') AND a.c_asigna=b.c_asigna  [1][0] OK
C:[13/05/2013 20:57:34.01][190.204.198.42][1655] SELECT MIN(semestre) FROM dace006 a, tblaca009 b WHERE a.exp_e='08-19041620' AND a.lapso='2013-1' AND b.pensum='5' AND b.c_uni_ca='2' AND status IN ('7','A','2') AND a.c_asigna=b.c_asigna AND a.c_asigna IN ('322669') [1][0] OK
C:[13/05/2013 21:17:04.46][186.90.196.241][1392] SELECT pre_cod_asig1,pre_cod_asig2,pre_cod_asig3,pre_cod_asig4,pre_cod_asig5,pre_cod_asig6,pre_cod_asig7 FROM tblaca009 WHERE pensum='5' AND c_uni_ca='6' AND c_asigna='344687' [1][0] OK
C:[13/05/2013 21:17:04.46][186.90.196.241][1405] SELECT c_asigna FROM dace004 WHERE exp_e='09-21248999' AND c_asigna='344565' AND status IN ('0','3','B') [1][0] OK
C:[13/05/2013 21:17:04.46][186.90.196.241][1392] SELECT pre_cod_asig1,pre_cod_asig2,pre_cod_asig3,pre_cod_asig4,pre_cod_asig5,pre_cod_asig6,pre_cod_asig7 FROM tblaca009 WHERE pensum='5' AND c_uni_ca='6' AND c_asigna='344566' [1][0] OK
C:[13/05/2013 21:17:04.46][186.90.196.241][1405] SELECT c_asigna FROM dace004 WHERE exp_e='09-21248999' AND c_asigna='344446' AND status IN ('0','3','B') [1][0] OK
C:[13/05/2013 21:17:04.46][186.90.196.241][1405] SELECT c_asigna FROM dace004 WHERE exp_e='09-21248999' AND c_asigna='300428' AND status IN ('0','3','B') [1][0] OK
C:[13/05/2013 21:17:04.46][186.90.196.241][1405] SELECT c_asigna FROM dace004 WHERE exp_e='09-21248999' AND c_asigna='300209' AND status IN ('0','3','B') [1][0] OK
C:[13/05/2013 21:17:04.46][186.90.196.241][1405] SELECT c_asigna FROM dace004 WHERE exp_e='09-21248999' AND c_asigna='300222' AND status IN ('0','3','B') [1][0] OK
C:[13/05/2013 21:17:04.46][186.90.196.241][1405] SELECT c_asigna FROM dace004 WHERE exp_e='09-21248999' AND c_asigna='300226' AND status IN ('0','3','B') [1][0] OK
C:[13/05/2013 21:17:04.46][186.90.196.241][1405] SELECT c_asigna FROM dace004 WHERE exp_e='09-21248999' AND c_asigna='300317' AND status IN ('0','3','B') [1][0] OK
C:[13/05/2013 21:17:04.46][186.90.196.241][1405] SELECT c_asigna FROM dace004 WHERE exp_e='09-21248999' AND c_asigna='300313' AND status IN ('0','3','B') [1][0] OK
C:[13/05/2013 21:17:04.46][186.90.196.241][1392] SELECT pre_cod_asig1,pre_cod_asig2,pre_cod_asig3,pre_cod_asig4,pre_cod_asig5,pre_cod_asig6,pre_cod_asig7 FROM tblaca009 WHERE pensum='5' AND c_uni_ca='6' AND c_asigna='342679' [1][0] OK
C:[13/05/2013 21:17:04.46][186.90.196.241][1405] SELECT c_asigna FROM dace004 WHERE exp_e='09-21248999' AND c_asigna='342567' AND status IN ('0','3','B') [1][0] OK
C:[13/05/2013 21:17:04.46][186.90.196.241][1392] SELECT pre_cod_asig1,pre_cod_asig2,pre_cod_asig3,pre_cod_asig4,pre_cod_asig5,pre_cod_asig6,pre_cod_asig7 FROM tblaca009 WHERE pensum='5' AND c_uni_ca='6' AND c_asigna='344688' [1][0] OK
C:[13/05/2013 21:17:04.46][186.90.196.241][1405] SELECT c_asigna FROM dace004 WHERE exp_e='09-21248999' AND c_asigna='342567' AND status IN ('0','3','B') [1][0] OK
C:[13/05/2013 21:17:04.46][186.90.196.241][1405] SELECT c_asigna FROM dace004 WHERE exp_e='09-21248999' AND c_asigna='344565' AND status IN ('0','3','B') [1][0] OK
C:[13/05/2013 21:17:04.46][186.90.196.241][1392] SELECT pre_cod_asig1,pre_cod_asig2,pre_cod_asig3,pre_cod_asig4,pre_cod_asig5,pre_cod_asig6,pre_cod_asig7 FROM tblaca009 WHERE pensum='5' AND c_uni_ca='6' AND c_asigna='344733' [1][0] OK
C:[13/05/2013 21:17:04.47][186.90.196.241][1436] SELECT par_cod_asig1,par_cod_asig2,par_cod_asig3 FROM tblaca009 WHERE pensum='5' AND c_uni_ca='6' AND c_asigna='344687' [1][0] OK
C:[13/05/2013 21:17:04.47][186.90.196.241][1436] SELECT par_cod_asig1,par_cod_asig2,par_cod_asig3 FROM tblaca009 WHERE pensum='5' AND c_uni_ca='6' AND c_asigna='344566' [1][0] OK
C:[13/05/2013 21:17:04.47][186.90.196.241][1436] SELECT par_cod_asig1,par_cod_asig2,par_cod_asig3 FROM tblaca009 WHERE pensum='5' AND c_uni_ca='6' AND c_asigna='342679' [1][0] OK
C:[13/05/2013 21:17:04.47][186.90.196.241][1436] SELECT par_cod_asig1,par_cod_asig2,par_cod_asig3 FROM tblaca009 WHERE pensum='5' AND c_uni_ca='6' AND c_asigna='344688' [1][0] OK
C:[13/05/2013 21:17:04.47][186.90.196.241][1436] SELECT par_cod_asig1,par_cod_asig2,par_cod_asig3 FROM tblaca009 WHERE pensum='5' AND c_uni_ca='6' AND c_asigna='344733' [1][0] OK
C:[13/05/2013 21:17:04.10][186.90.196.241][1566] SELECT horas_lab FROM tblaca008 WHERE c_asigna='344687' AND horas_teoricas > 0 [1][0] OK
C:[13/05/2013 21:17:04.21][186.90.196.241][1600] SELECT sum(u_creditos*1) FROM dace006 a, tblaca009 b WHERE a.exp_e='09-21248999' AND a.lapso='2013-1' AND b.pensum='5' AND b.c_uni_ca='6' AND status IN ('7','A','2') AND a.c_asigna=b.c_asigna  [1][0] OK
C:[13/05/2013 21:17:05.60][186.90.196.241][1619] SELECT sum(u_creditos*1) FROM dace006 a, tblaca009 b WHERE a.exp_e='09-21248999' AND a.lapso='2013-1' AND b.pensum='5' AND b.c_uni_ca='6' AND status IN ('7','A','2') AND a.c_asigna=b.c_asigna AND a.c_asigna IN ('344566','342679','344688','344733') [1][0] OK
C:[13/05/2013 21:17:05.97][186.90.196.241][1635] SELECT MAX(semestre) FROM dace006 a, tblaca009 b WHERE a.exp_e='09-21248999' AND a.lapso='2013-1' AND b.pensum='5' AND b.c_uni_ca='6' AND status IN ('7','A','2') AND a.c_asigna=b.c_asigna  [1][0] OK
C:[13/05/2013 21:17:05.34][186.90.196.241][1655] SELECT MIN(semestre) FROM dace006 a, tblaca009 b WHERE a.exp_e='09-21248999' AND a.lapso='2013-1' AND b.pensum='5' AND b.c_uni_ca='6' AND status IN ('7','A','2') AND a.c_asigna=b.c_asigna AND a.c_asigna IN ('344687') [1][0] OK
C:[13/05/2013 21:36:37.77][181.185.170.1][1392] SELECT pre_cod_asig1,pre_cod_asig2,pre_cod_asig3,pre_cod_asig4,pre_cod_asig5,pre_cod_asig6,pre_cod_asig7 FROM tblaca009 WHERE pensum='5' AND c_uni_ca='6' AND c_asigna='300956' [1][0] OK
C:[13/05/2013 21:36:37.77][181.185.170.1][1405] SELECT c_asigna FROM dace004 WHERE exp_e='09-20808692' AND c_asigna='300422' AND status IN ('0','3','B') [1][0] OK
C:[13/05/2013 21:36:37.77][181.185.170.1][1405] SELECT c_asigna FROM dace004 WHERE exp_e='09-20808692' AND c_asigna='300105' AND status IN ('0','3','B') [1][0] OK
C:[13/05/2013 21:36:37.77][181.185.170.1][1405] SELECT c_asigna FROM dace004 WHERE exp_e='09-20808692' AND c_asigna='300314' AND status IN ('0','3','B') [1][0] OK
C:[13/05/2013 21:36:37.77][181.185.170.1][1392] SELECT pre_cod_asig1,pre_cod_asig2,pre_cod_asig3,pre_cod_asig4,pre_cod_asig5,pre_cod_asig6,pre_cod_asig7 FROM tblaca009 WHERE pensum='5' AND c_uni_ca='6' AND c_asigna='333059' [1][0] OK
C:[13/05/2013 21:36:37.77][181.185.170.1][1392] SELECT pre_cod_asig1,pre_cod_asig2,pre_cod_asig3,pre_cod_asig4,pre_cod_asig5,pre_cod_asig6,pre_cod_asig7 FROM tblaca009 WHERE pensum='5' AND c_uni_ca='6' AND c_asigna='344834' [1][0] OK
C:[13/05/2013 21:36:37.77][181.185.170.1][1405] SELECT c_asigna FROM dace004 WHERE exp_e='09-20808692' AND c_asigna='344715' AND status IN ('0','3','B') [1][0] OK
C:[13/05/2013 21:36:37.77][181.185.170.1][1405] SELECT c_asigna FROM dace004 WHERE exp_e='09-20808692' AND c_asigna='344716' AND status IN ('0','3','B') [1][0] OK
C:[13/05/2013 21:36:37.77][181.185.170.1][1392] SELECT pre_cod_asig1,pre_cod_asig2,pre_cod_asig3,pre_cod_asig4,pre_cod_asig5,pre_cod_asig6,pre_cod_asig7 FROM tblaca009 WHERE pensum='5' AND c_uni_ca='6' AND c_asigna='344843' [1][0] OK
C:[13/05/2013 21:36:37.77][181.185.170.1][1405] SELECT c_asigna FROM dace004 WHERE exp_e='09-20808692' AND c_asigna='344714' AND status IN ('0','3','B') [1][0] OK
C:[13/05/2013 21:36:37.77][181.185.170.1][1405] SELECT c_asigna FROM dace004 WHERE exp_e='09-20808692' AND c_asigna='344715' AND status IN ('0','3','B') [1][0] OK
C:[13/05/2013 21:36:37.77][181.185.170.1][1405] SELECT c_asigna FROM dace004 WHERE exp_e='09-20808692' AND c_asigna='300313' AND status IN ('0','3','B') [1][0] OK
C:[13/05/2013 21:36:37.77][181.185.170.1][1392] SELECT pre_cod_asig1,pre_cod_asig2,pre_cod_asig3,pre_cod_asig4,pre_cod_asig5,pre_cod_asig6,pre_cod_asig7 FROM tblaca009 WHERE pensum='5' AND c_uni_ca='6' AND c_asigna='344948' [1][0] OK
C:[13/05/2013 21:36:37.77][181.185.170.1][1392] SELECT pre_cod_asig1,pre_cod_asig2,pre_cod_asig3,pre_cod_asig4,pre_cod_asig5,pre_cod_asig6,pre_cod_asig7 FROM tblaca009 WHERE pensum='5' AND c_uni_ca='6' AND c_asigna='344953' [1][0] OK
C:[13/05/2013 21:36:37.77][181.185.170.1][1392] SELECT pre_cod_asig1,pre_cod_asig2,pre_cod_asig3,pre_cod_asig4,pre_cod_asig5,pre_cod_asig6,pre_cod_asig7 FROM tblaca009 WHERE pensum='5' AND c_uni_ca='6' AND c_asigna='344965' [1][0] OK
C:[13/05/2013 21:36:37.77][181.185.170.1][1405] SELECT c_asigna FROM dace004 WHERE exp_e='09-20808692' AND c_asigna='344714' AND status IN ('0','3','B') [1][0] OK
C:[13/05/2013 21:36:37.78][181.185.170.1][1436] SELECT par_cod_asig1,par_cod_asig2,par_cod_asig3 FROM tblaca009 WHERE pensum='5' AND c_uni_ca='6' AND c_asigna='300956' [1][0] OK
C:[13/05/2013 21:36:37.78][181.185.170.1][1436] SELECT par_cod_asig1,par_cod_asig2,par_cod_asig3 FROM tblaca009 WHERE pensum='5' AND c_uni_ca='6' AND c_asigna='333059' [1][0] OK
C:[13/05/2013 21:36:37.78][181.185.170.1][1436] SELECT par_cod_asig1,par_cod_asig2,par_cod_asig3 FROM tblaca009 WHERE pensum='5' AND c_uni_ca='6' AND c_asigna='344834' [1][0] OK
C:[13/05/2013 21:36:37.78][181.185.170.1][1436] SELECT par_cod_asig1,par_cod_asig2,par_cod_asig3 FROM tblaca009 WHERE pensum='5' AND c_uni_ca='6' AND c_asigna='344843' [1][0] OK
C:[13/05/2013 21:36:37.78][181.185.170.1][1436] SELECT par_cod_asig1,par_cod_asig2,par_cod_asig3 FROM tblaca009 WHERE pensum='5' AND c_uni_ca='6' AND c_asigna='344948' [1][0] OK
C:[13/05/2013 21:36:37.78][181.185.170.1][1436] SELECT par_cod_asig1,par_cod_asig2,par_cod_asig3 FROM tblaca009 WHERE pensum='5' AND c_uni_ca='6' AND c_asigna='344953' [1][0] OK
C:[13/05/2013 21:36:37.78][181.185.170.1][1436] SELECT par_cod_asig1,par_cod_asig2,par_cod_asig3 FROM tblaca009 WHERE pensum='5' AND c_uni_ca='6' AND c_asigna='344965' [1][0] OK
C:[13/05/2013 21:36:38.68][181.185.170.1][1566] SELECT horas_lab FROM tblaca008 WHERE c_asigna='300956' AND horas_teoricas > 0 [1][0] OK
C:[13/05/2013 21:36:38.68][181.185.170.1][1566] SELECT horas_lab FROM tblaca008 WHERE c_asigna='333059' AND horas_teoricas > 0 [1][0] OK
C:[13/05/2013 21:36:38.91][181.185.170.1][1600] SELECT sum(u_creditos*1) FROM dace006 a, tblaca009 b WHERE a.exp_e='09-20808692' AND a.lapso='2013-1' AND b.pensum='5' AND b.c_uni_ca='6' AND status IN ('7','A','2') AND a.c_asigna=b.c_asigna  [1][0] OK
C:[13/05/2013 21:36:38.28][181.185.170.1][1619] SELECT sum(u_creditos*1) FROM dace006 a, tblaca009 b WHERE a.exp_e='09-20808692' AND a.lapso='2013-1' AND b.pensum='5' AND b.c_uni_ca='6' AND status IN ('7','A','2') AND a.c_asigna=b.c_asigna AND a.c_asigna IN ('344834','344843','344948','344953','344965') [1][0] OK
C:[13/05/2013 21:36:38.65][181.185.170.1][1635] SELECT MAX(semestre) FROM dace006 a, tblaca009 b WHERE a.exp_e='09-20808692' AND a.lapso='2013-1' AND b.pensum='5' AND b.c_uni_ca='6' AND status IN ('7','A','2') AND a.c_asigna=b.c_asigna  [1][0] OK
C:[13/05/2013 21:36:38.03][181.185.170.1][1655] SELECT MIN(semestre) FROM dace006 a, tblaca009 b WHERE a.exp_e='09-20808692' AND a.lapso='2013-1' AND b.pensum='5' AND b.c_uni_ca='6' AND status IN ('7','A','2') AND a.c_asigna=b.c_asigna AND a.c_asigna IN ('300956','333059') [1][0] OK
C:[13/05/2013 22:47:15.02][190.36.23.34][1392] SELECT pre_cod_asig1,pre_cod_asig2,pre_cod_asig3,pre_cod_asig4,pre_cod_asig5,pre_cod_asig6,pre_cod_asig7 FROM tblaca009 WHERE pensum='5' AND c_uni_ca='4' AND c_asigna='330310' [1][0] OK
C:[13/05/2013 22:47:15.02][190.36.23.34][1405] SELECT c_asigna FROM dace004 WHERE exp_e='12-26132673' AND c_asigna='300013' AND status IN ('0','3','B') [1][0] OK
C:[13/05/2013 22:47:15.02][190.36.23.34][1405] SELECT c_asigna FROM dace004 WHERE exp_e='12-26132673' AND c_asigna='300113' AND status IN ('0','3','B') [1][0] OK
C:[13/05/2013 22:47:15.02][190.36.23.34][1392] SELECT pre_cod_asig1,pre_cod_asig2,pre_cod_asig3,pre_cod_asig4,pre_cod_asig5,pre_cod_asig6,pre_cod_asig7 FROM tblaca009 WHERE pensum='5' AND c_uni_ca='4' AND c_asigna='333326' [1][0] OK
C:[13/05/2013 22:47:15.02][190.36.23.34][1392] SELECT pre_cod_asig1,pre_cod_asig2,pre_cod_asig3,pre_cod_asig4,pre_cod_asig5,pre_cod_asig6,pre_cod_asig7 FROM tblaca009 WHERE pensum='5' AND c_uni_ca='4' AND c_asigna='300101' [1][0] OK
C:[13/05/2013 22:47:15.02][190.36.23.34][1392] SELECT pre_cod_asig1,pre_cod_asig2,pre_cod_asig3,pre_cod_asig4,pre_cod_asig5,pre_cod_asig6,pre_cod_asig7 FROM tblaca009 WHERE pensum='5' AND c_uni_ca='4' AND c_asigna='300222' [1][0] OK
C:[13/05/2013 22:47:15.02][190.36.23.34][1405] SELECT c_asigna FROM dace004 WHERE exp_e='12-26132673' AND c_asigna='300112' AND status IN ('0','3','B') [1][0] OK
C:[13/05/2013 22:47:15.02][190.36.23.34][1392] SELECT pre_cod_asig1,pre_cod_asig2,pre_cod_asig3,pre_cod_asig4,pre_cod_asig5,pre_cod_asig6,pre_cod_asig7 FROM tblaca009 WHERE pensum='5' AND c_uni_ca='4' AND c_asigna='300226' [1][0] OK
C:[13/05/2013 22:47:15.02][190.36.23.34][1405] SELECT c_asigna FROM dace004 WHERE exp_e='12-26132673' AND c_asigna='300116' AND status IN ('0','3','B') [1][0] OK
C:[13/05/2013 22:47:15.15][190.36.23.34][1436] SELECT par_cod_asig1,par_cod_asig2,par_cod_asig3 FROM tblaca009 WHERE pensum='5' AND c_uni_ca='4' AND c_asigna='330310' [1][0] OK
C:[13/05/2013 22:47:15.15][190.36.23.34][1436] SELECT par_cod_asig1,par_cod_asig2,par_cod_asig3 FROM tblaca009 WHERE pensum='5' AND c_uni_ca='4' AND c_asigna='333326' [1][0] OK
C:[13/05/2013 22:47:15.15][190.36.23.34][1436] SELECT par_cod_asig1,par_cod_asig2,par_cod_asig3 FROM tblaca009 WHERE pensum='5' AND c_uni_ca='4' AND c_asigna='300101' [1][0] OK
C:[13/05/2013 22:47:15.15][190.36.23.34][1436] SELECT par_cod_asig1,par_cod_asig2,par_cod_asig3 FROM tblaca009 WHERE pensum='5' AND c_uni_ca='4' AND c_asigna='300222' [1][0] OK
C:[13/05/2013 22:47:15.15][190.36.23.34][1436] SELECT par_cod_asig1,par_cod_asig2,par_cod_asig3 FROM tblaca009 WHERE pensum='5' AND c_uni_ca='4' AND c_asigna='300226' [1][0] OK
C:[13/05/2013 22:47:15.81][190.36.23.34][1566] SELECT horas_lab FROM tblaca008 WHERE c_asigna='330310' AND horas_teoricas > 0 [1][0] OK
C:[13/05/2013 22:47:15.90][190.36.23.34][1600] SELECT sum(u_creditos*1) FROM dace006 a, tblaca009 b WHERE a.exp_e='12-26132673' AND a.lapso='2013-1' AND b.pensum='5' AND b.c_uni_ca='4' AND status IN ('7','A','2') AND a.c_asigna=b.c_asigna  [1][0] OK
C:[13/05/2013 22:47:16.28][190.36.23.34][1619] SELECT sum(u_creditos*1) FROM dace006 a, tblaca009 b WHERE a.exp_e='12-26132673' AND a.lapso='2013-1' AND b.pensum='5' AND b.c_uni_ca='4' AND status IN ('7','A','2') AND a.c_asigna=b.c_asigna AND a.c_asigna IN ('333326','300101','300222','300226') [1][0] OK
C:[13/05/2013 22:47:16.65][190.36.23.34][1635] SELECT MAX(semestre) FROM dace006 a, tblaca009 b WHERE a.exp_e='12-26132673' AND a.lapso='2013-1' AND b.pensum='5' AND b.c_uni_ca='4' AND status IN ('7','A','2') AND a.c_asigna=b.c_asigna  [1][0] OK
C:[13/05/2013 22:47:16.03][190.36.23.34][1655] SELECT MIN(semestre) FROM dace006 a, tblaca009 b WHERE a.exp_e='12-26132673' AND a.lapso='2013-1' AND b.pensum='5' AND b.c_uni_ca='4' AND status IN ('7','A','2') AND a.c_asigna=b.c_asigna AND a.c_asigna IN ('330310') [1][0] OK
C:[14/05/2013 00:17:31.65][181.183.68.170][1392] SELECT pre_cod_asig1,pre_cod_asig2,pre_cod_asig3,pre_cod_asig4,pre_cod_asig5,pre_cod_asig6,pre_cod_asig7 FROM tblaca009 WHERE pensum='5' AND c_uni_ca='3' AND c_asigna='300112' [1][0] OK
C:[14/05/2013 00:17:31.65][181.183.68.170][1392] SELECT pre_cod_asig1,pre_cod_asig2,pre_cod_asig3,pre_cod_asig4,pre_cod_asig5,pre_cod_asig6,pre_cod_asig7 FROM tblaca009 WHERE pensum='5' AND c_uni_ca='3' AND c_asigna='300013' [1][0] OK
C:[14/05/2013 00:17:31.65][181.183.68.170][1392] SELECT pre_cod_asig1,pre_cod_asig2,pre_cod_asig3,pre_cod_asig4,pre_cod_asig5,pre_cod_asig6,pre_cod_asig7 FROM tblaca009 WHERE pensum='5' AND c_uni_ca='3' AND c_asigna='300113' [1][0] OK
C:[14/05/2013 00:17:31.65][181.183.68.170][1392] SELECT pre_cod_asig1,pre_cod_asig2,pre_cod_asig3,pre_cod_asig4,pre_cod_asig5,pre_cod_asig6,pre_cod_asig7 FROM tblaca009 WHERE pensum='5' AND c_uni_ca='3' AND c_asigna='300101' [1][0] OK
C:[14/05/2013 00:17:31.65][181.183.68.170][1392] SELECT pre_cod_asig1,pre_cod_asig2,pre_cod_asig3,pre_cod_asig4,pre_cod_asig5,pre_cod_asig6,pre_cod_asig7 FROM tblaca009 WHERE pensum='5' AND c_uni_ca='3' AND c_asigna='300106' [1][0] OK
C:[14/05/2013 00:17:31.65][181.183.68.170][1392] SELECT pre_cod_asig1,pre_cod_asig2,pre_cod_asig3,pre_cod_asig4,pre_cod_asig5,pre_cod_asig6,pre_cod_asig7 FROM tblaca009 WHERE pensum='5' AND c_uni_ca='3' AND c_asigna='300116' [1][0] OK
C:[14/05/2013 00:17:31.40][181.183.68.170][1436] SELECT par_cod_asig1,par_cod_asig2,par_cod_asig3 FROM tblaca009 WHERE pensum='5' AND c_uni_ca='3' AND c_asigna='300112' [1][0] OK
C:[14/05/2013 00:17:31.40][181.183.68.170][1436] SELECT par_cod_asig1,par_cod_asig2,par_cod_asig3 FROM tblaca009 WHERE pensum='5' AND c_uni_ca='3' AND c_asigna='300013' [1][0] OK
C:[14/05/2013 00:17:31.40][181.183.68.170][1436] SELECT par_cod_asig1,par_cod_asig2,par_cod_asig3 FROM tblaca009 WHERE pensum='5' AND c_uni_ca='3' AND c_asigna='300113' [1][0] OK
C:[14/05/2013 00:17:31.40][181.183.68.170][1450] SELECT c_asigna FROM dace004 WHERE exp_e='12-22590411' AND c_asigna='300013' AND status IN ('0','3','B','C') [0][0] OK
C:[14/05/2013 00:17:31.40][181.183.68.170][1436] SELECT par_cod_asig1,par_cod_asig2,par_cod_asig3 FROM tblaca009 WHERE pensum='5' AND c_uni_ca='3' AND c_asigna='300101' [1][0] OK
C:[14/05/2013 00:17:31.40][181.183.68.170][1436] SELECT par_cod_asig1,par_cod_asig2,par_cod_asig3 FROM tblaca009 WHERE pensum='5' AND c_uni_ca='3' AND c_asigna='300106' [1][0] OK
C:[14/05/2013 00:17:31.40][181.183.68.170][1436] SELECT par_cod_asig1,par_cod_asig2,par_cod_asig3 FROM tblaca009 WHERE pensum='5' AND c_uni_ca='3' AND c_asigna='300116' [1][0] OK
C:[14/05/2013 00:17:32.29][181.183.68.170][1566] SELECT horas_lab FROM tblaca008 WHERE c_asigna='300112' AND horas_teoricas > 0 [1][0] OK
C:[14/05/2013 00:17:32.41][181.183.68.170][1600] SELECT sum(u_creditos*1) FROM dace006 a, tblaca009 b WHERE a.exp_e='12-22590411' AND a.lapso='2013-1' AND b.pensum='5' AND b.c_uni_ca='3' AND status IN ('7','A','2') AND a.c_asigna=b.c_asigna  [1][0] OK
C:[14/05/2013 00:17:32.35][181.183.68.170][1619] SELECT sum(u_creditos*1) FROM dace006 a, tblaca009 b WHERE a.exp_e='12-22590411' AND a.lapso='2013-1' AND b.pensum='5' AND b.c_uni_ca='3' AND status IN ('7','A','2') AND a.c_asigna=b.c_asigna AND a.c_asigna IN ('300013','300113','300101','300106','300116') [1][0] OK
C:[14/05/2013 00:17:32.28][181.183.68.170][1635] SELECT MAX(semestre) FROM dace006 a, tblaca009 b WHERE a.exp_e='12-22590411' AND a.lapso='2013-1' AND b.pensum='5' AND b.c_uni_ca='3' AND status IN ('7','A','2') AND a.c_asigna=b.c_asigna  [1][0] OK
C:[14/05/2013 00:17:32.22][181.183.68.170][1655] SELECT MIN(semestre) FROM dace006 a, tblaca009 b WHERE a.exp_e='12-22590411' AND a.lapso='2013-1' AND b.pensum='5' AND b.c_uni_ca='3' AND status IN ('7','A','2') AND a.c_asigna=b.c_asigna AND a.c_asigna IN ('300112') [1][0] OK
C:[14/05/2013 08:55:45.86][190.75.160.204][1392] SELECT pre_cod_asig1,pre_cod_asig2,pre_cod_asig3,pre_cod_asig4,pre_cod_asig5,pre_cod_asig6,pre_cod_asig7 FROM tblaca009 WHERE pensum='5' AND c_uni_ca='2' AND c_asigna='300207' [1][0] OK
C:[14/05/2013 08:55:45.86][190.75.160.204][1405] SELECT c_asigna FROM dace004 WHERE exp_e='09-20002090' AND c_asigna='300101' AND status IN ('0','3','B') [1][0] OK
C:[14/05/2013 08:55:45.86][190.75.160.204][1392] SELECT pre_cod_asig1,pre_cod_asig2,pre_cod_asig3,pre_cod_asig4,pre_cod_asig5,pre_cod_asig6,pre_cod_asig7 FROM tblaca009 WHERE pensum='5' AND c_uni_ca='2' AND c_asigna='300116' [1][0] OK
C:[14/05/2013 08:55:45.86][190.75.160.204][1392] SELECT pre_cod_asig1,pre_cod_asig2,pre_cod_asig3,pre_cod_asig4,pre_cod_asig5,pre_cod_asig6,pre_cod_asig7 FROM tblaca009 WHERE pensum='5' AND c_uni_ca='2' AND c_asigna='300209' [1][0] OK
C:[14/05/2013 08:55:45.86][190.75.160.204][1405] SELECT c_asigna FROM dace004 WHERE exp_e='09-20002090' AND c_asigna='300101' AND status IN ('0','3','B') [1][0] OK
C:[14/05/2013 08:55:45.86][190.75.160.204][1392] SELECT pre_cod_asig1,pre_cod_asig2,pre_cod_asig3,pre_cod_asig4,pre_cod_asig5,pre_cod_asig6,pre_cod_asig7 FROM tblaca009 WHERE pensum='5' AND c_uni_ca='2' AND c_asigna='300213' [1][0] OK
C:[14/05/2013 08:55:45.86][190.75.160.204][1405] SELECT c_asigna FROM dace004 WHERE exp_e='09-20002090' AND c_asigna='300101' AND status IN ('0','3','B') [1][0] OK
C:[14/05/2013 08:55:45.86][190.75.160.204][1392] SELECT pre_cod_asig1,pre_cod_asig2,pre_cod_asig3,pre_cod_asig4,pre_cod_asig5,pre_cod_asig6,pre_cod_asig7 FROM tblaca009 WHERE pensum='5' AND c_uni_ca='2' AND c_asigna='300228' [1][0] OK
C:[14/05/2013 08:55:45.86][190.75.160.204][1405] SELECT c_asigna FROM dace004 WHERE exp_e='09-20002090' AND c_asigna='300101' AND status IN ('0','3','B') [1][0] OK
C:[14/05/2013 08:55:46.24][190.75.160.204][1436] SELECT par_cod_asig1,par_cod_asig2,par_cod_asig3 FROM tblaca009 WHERE pensum='5' AND c_uni_ca='2' AND c_asigna='300207' [1][0] OK
C:[14/05/2013 08:55:46.24][190.75.160.204][1436] SELECT par_cod_asig1,par_cod_asig2,par_cod_asig3 FROM tblaca009 WHERE pensum='5' AND c_uni_ca='2' AND c_asigna='300116' [1][0] OK
C:[14/05/2013 08:55:46.24][190.75.160.204][1436] SELECT par_cod_asig1,par_cod_asig2,par_cod_asig3 FROM tblaca009 WHERE pensum='5' AND c_uni_ca='2' AND c_asigna='300209' [1][0] OK
C:[14/05/2013 08:55:46.24][190.75.160.204][1436] SELECT par_cod_asig1,par_cod_asig2,par_cod_asig3 FROM tblaca009 WHERE pensum='5' AND c_uni_ca='2' AND c_asigna='300213' [1][0] OK
C:[14/05/2013 08:55:46.24][190.75.160.204][1450] SELECT c_asigna FROM dace004 WHERE exp_e='09-20002090' AND c_asigna='300209' AND status IN ('0','3','B','C') [0][0] OK
C:[14/05/2013 08:55:46.24][190.75.160.204][1436] SELECT par_cod_asig1,par_cod_asig2,par_cod_asig3 FROM tblaca009 WHERE pensum='5' AND c_uni_ca='2' AND c_asigna='300228' [1][0] OK
C:[14/05/2013 08:55:46.00][190.75.160.204][1566] SELECT horas_lab FROM tblaca008 WHERE c_asigna='300207' AND horas_teoricas > 0 [1][0] OK
C:[14/05/2013 08:55:46.11][190.75.160.204][1600] SELECT sum(u_creditos*1) FROM dace006 a, tblaca009 b WHERE a.exp_e='09-20002090' AND a.lapso='2013-1' AND b.pensum='5' AND b.c_uni_ca='2' AND status IN ('7','A','2') AND a.c_asigna=b.c_asigna  [1][0] OK
C:[14/05/2013 08:55:46.05][190.75.160.204][1619] SELECT sum(u_creditos*1) FROM dace006 a, tblaca009 b WHERE a.exp_e='09-20002090' AND a.lapso='2013-1' AND b.pensum='5' AND b.c_uni_ca='2' AND status IN ('7','A','2') AND a.c_asigna=b.c_asigna AND a.c_asigna IN ('300116','300209','300213','300228') [1][0] OK
C:[14/05/2013 08:55:46.99][190.75.160.204][1635] SELECT MAX(semestre) FROM dace006 a, tblaca009 b WHERE a.exp_e='09-20002090' AND a.lapso='2013-1' AND b.pensum='5' AND b.c_uni_ca='2' AND status IN ('7','A','2') AND a.c_asigna=b.c_asigna  [1][0] OK
C:[14/05/2013 08:55:46.93][190.75.160.204][1655] SELECT MIN(semestre) FROM dace006 a, tblaca009 b WHERE a.exp_e='09-20002090' AND a.lapso='2013-1' AND b.pensum='5' AND b.c_uni_ca='2' AND status IN ('7','A','2') AND a.c_asigna=b.c_asigna AND a.c_asigna IN ('300207') [1][0] OK
C:[14/05/2013 11:32:00.16][190.73.249.151][1392] SELECT pre_cod_asig1,pre_cod_asig2,pre_cod_asig3,pre_cod_asig4,pre_cod_asig5,pre_cod_asig6,pre_cod_asig7 FROM tblaca009 WHERE pensum='5' AND c_uni_ca='2' AND c_asigna='300313' [1][0] OK
C:[14/05/2013 11:32:00.16][190.73.249.151][1405] SELECT c_asigna FROM dace004 WHERE exp_e='10-21497697' AND c_asigna='300213' AND status IN ('0','3','B') [1][0] OK
C:[14/05/2013 11:32:00.16][190.73.249.151][1405] SELECT c_asigna FROM dace004 WHERE exp_e='10-21497697' AND c_asigna='300226' AND status IN ('0','3','B') [1][0] OK
C:[14/05/2013 11:32:00.16][190.73.249.151][1405] SELECT c_asigna FROM dace004 WHERE exp_e='10-21497697' AND c_asigna='300209' AND status IN ('0','3','B') [1][0] OK
C:[14/05/2013 11:32:00.16][190.73.249.151][1392] SELECT pre_cod_asig1,pre_cod_asig2,pre_cod_asig3,pre_cod_asig4,pre_cod_asig5,pre_cod_asig6,pre_cod_asig7 FROM tblaca009 WHERE pensum='5' AND c_uni_ca='2' AND c_asigna='300318' [1][0] OK
C:[14/05/2013 11:32:00.16][190.73.249.151][1405] SELECT c_asigna FROM dace004 WHERE exp_e='10-21497697' AND c_asigna='300228' AND status IN ('0','3','B') [1][0] OK
C:[14/05/2013 11:32:00.16][190.73.249.151][1405] SELECT c_asigna FROM dace004 WHERE exp_e='10-21497697' AND c_asigna='300207' AND status IN ('0','3','B') [1][0] OK
C:[14/05/2013 11:32:00.16][190.73.249.151][1405] SELECT c_asigna FROM dace004 WHERE exp_e='10-21497697' AND c_asigna='300218' AND status IN ('0','3','B') [1][0] OK
C:[14/05/2013 11:32:00.16][190.73.249.151][1392] SELECT pre_cod_asig1,pre_cod_asig2,pre_cod_asig3,pre_cod_asig4,pre_cod_asig5,pre_cod_asig6,pre_cod_asig7 FROM tblaca009 WHERE pensum='5' AND c_uni_ca='2' AND c_asigna='320323' [1][0] OK
C:[14/05/2013 11:32:00.16][190.73.249.151][1405] SELECT c_asigna FROM dace004 WHERE exp_e='10-21497697' AND c_asigna='300228' AND status IN ('0','3','B') [1][0] OK
C:[14/05/2013 11:32:00.16][190.73.249.151][1405] SELECT c_asigna FROM dace004 WHERE exp_e='10-21497697' AND c_asigna='300218' AND status IN ('0','3','B') [1][0] OK
C:[14/05/2013 11:32:00.56][190.73.249.151][1436] SELECT par_cod_asig1,par_cod_asig2,par_cod_asig3 FROM tblaca009 WHERE pensum='5' AND c_uni_ca='2' AND c_asigna='300313' [1][0] OK
C:[14/05/2013 11:32:00.56][190.73.249.151][1436] SELECT par_cod_asig1,par_cod_asig2,par_cod_asig3 FROM tblaca009 WHERE pensum='5' AND c_uni_ca='2' AND c_asigna='300318' [1][0] OK
C:[14/05/2013 11:32:00.56][190.73.249.151][1436] SELECT par_cod_asig1,par_cod_asig2,par_cod_asig3 FROM tblaca009 WHERE pensum='5' AND c_uni_ca='2' AND c_asigna='320323' [1][0] OK
C:[14/05/2013 11:32:00.78][190.73.249.151][1566] SELECT horas_lab FROM tblaca008 WHERE c_asigna='300313' AND horas_teoricas > 0 [1][0] OK
C:[14/05/2013 11:32:00.04][190.73.249.151][1600] SELECT sum(u_creditos*1) FROM dace006 a, tblaca009 b WHERE a.exp_e='10-21497697' AND a.lapso='2013-1' AND b.pensum='5' AND b.c_uni_ca='2' AND status IN ('7','A','2') AND a.c_asigna=b.c_asigna  [1][0] OK
C:[14/05/2013 11:32:00.45][190.73.249.151][1619] SELECT sum(u_creditos*1) FROM dace006 a, tblaca009 b WHERE a.exp_e='10-21497697' AND a.lapso='2013-1' AND b.pensum='5' AND b.c_uni_ca='2' AND status IN ('7','A','2') AND a.c_asigna=b.c_asigna AND a.c_asigna IN ('300318','320323') [1][0] OK
C:[14/05/2013 11:32:00.79][190.73.249.151][1635] SELECT MAX(semestre) FROM dace006 a, tblaca009 b WHERE a.exp_e='10-21497697' AND a.lapso='2013-1' AND b.pensum='5' AND b.c_uni_ca='2' AND status IN ('7','A','2') AND a.c_asigna=b.c_asigna  [1][0] OK
C:[14/05/2013 11:32:00.17][190.73.249.151][1655] SELECT MIN(semestre) FROM dace006 a, tblaca009 b WHERE a.exp_e='10-21497697' AND a.lapso='2013-1' AND b.pensum='5' AND b.c_uni_ca='2' AND status IN ('7','A','2') AND a.c_asigna=b.c_asigna AND a.c_asigna IN ('300313') [1][0] OK
C:[14/05/2013 11:42:28.51][190.121.239.23][1392] SELECT pre_cod_asig1,pre_cod_asig2,pre_cod_asig3,pre_cod_asig4,pre_cod_asig5,pre_cod_asig6,pre_cod_asig7 FROM tblaca009 WHERE pensum='5' AND c_uni_ca='4' AND c_asigna='311561' [1][0] OK
C:[14/05/2013 11:42:28.51][190.121.239.23][1405] SELECT c_asigna FROM dace004 WHERE exp_e='01-17212507' AND c_asigna='300318' AND status IN ('0','3','B') [1][0] OK
C:[14/05/2013 11:42:28.51][190.121.239.23][1392] SELECT pre_cod_asig1,pre_cod_asig2,pre_cod_asig3,pre_cod_asig4,pre_cod_asig5,pre_cod_asig6,pre_cod_asig7 FROM tblaca009 WHERE pensum='5' AND c_uni_ca='4' AND c_asigna='332558' [1][0] OK
C:[14/05/2013 11:42:28.51][190.121.239.23][1405] SELECT c_asigna FROM dace004 WHERE exp_e='01-17212507' AND c_asigna='330435' AND status IN ('0','3','B') [1][0] OK
C:[14/05/2013 11:42:28.01][190.121.239.23][1436] SELECT par_cod_asig1,par_cod_asig2,par_cod_asig3 FROM tblaca009 WHERE pensum='5' AND c_uni_ca='4' AND c_asigna='311561' [1][0] OK
C:[14/05/2013 11:42:28.01][190.121.239.23][1436] SELECT par_cod_asig1,par_cod_asig2,par_cod_asig3 FROM tblaca009 WHERE pensum='5' AND c_uni_ca='4' AND c_asigna='332558' [1][0] OK
C:[14/05/2013 11:42:28.28][190.121.239.23][1600] SELECT sum(u_creditos*1) FROM dace006 a, tblaca009 b WHERE a.exp_e='01-17212507' AND a.lapso='2013-1' AND b.pensum='5' AND b.c_uni_ca='4' AND status IN ('7','A','2') AND a.c_asigna=b.c_asigna  [1][0] OK
C:[14/05/2013 11:42:28.64][190.121.239.23][1619] SELECT sum(u_creditos*1) FROM dace006 a, tblaca009 b WHERE a.exp_e='01-17212507' AND a.lapso='2013-1' AND b.pensum='5' AND b.c_uni_ca='4' AND status IN ('7','A','2') AND a.c_asigna=b.c_asigna AND a.c_asigna IN ('311561','332558') [1][0] OK
C:[14/05/2013 11:42:28.03][190.121.239.23][1635] SELECT MAX(semestre) FROM dace006 a, tblaca009 b WHERE a.exp_e='01-17212507' AND a.lapso='2013-1' AND b.pensum='5' AND b.c_uni_ca='4' AND status IN ('7','A','2') AND a.c_asigna=b.c_asigna  [1][0] OK
C:[14/05/2013 11:46:05.21][68.171.231.87][1392] SELECT pre_cod_asig1,pre_cod_asig2,pre_cod_asig3,pre_cod_asig4,pre_cod_asig5,pre_cod_asig6,pre_cod_asig7 FROM tblaca009 WHERE pensum='5' AND c_uni_ca='5' AND c_asigna='300314' [1][0] OK
C:[14/05/2013 11:46:05.21][68.171.231.87][1405] SELECT c_asigna FROM dace004 WHERE exp_e='11-21251849' AND c_asigna='300106' AND status IN ('0','3','B') [1][0] OK
C:[14/05/2013 11:46:05.21][68.171.231.87][1392] SELECT pre_cod_asig1,pre_cod_asig2,pre_cod_asig3,pre_cod_asig4,pre_cod_asig5,pre_cod_asig6,pre_cod_asig7 FROM tblaca009 WHERE pensum='5' AND c_uni_ca='5' AND c_asigna='300218' [1][0] OK
C:[14/05/2013 11:46:05.21][68.171.231.87][1405] SELECT c_asigna FROM dace004 WHERE exp_e='11-21251849' AND c_asigna='300101' AND status IN ('0','3','B') [1][0] OK
C:[14/05/2013 11:46:05.21][68.171.231.87][1392] SELECT pre_cod_asig1,pre_cod_asig2,pre_cod_asig3,pre_cod_asig4,pre_cod_asig5,pre_cod_asig6,pre_cod_asig7 FROM tblaca009 WHERE pensum='5' AND c_uni_ca='5' AND c_asigna='300228' [1][0] OK
C:[14/05/2013 11:46:05.21][68.171.231.87][1405] SELECT c_asigna FROM dace004 WHERE exp_e='11-21251849' AND c_asigna='300101' AND status IN ('0','3','B') [1][0] OK
C:[14/05/2013 11:46:05.21][68.171.231.87][1392] SELECT pre_cod_asig1,pre_cod_asig2,pre_cod_asig3,pre_cod_asig4,pre_cod_asig5,pre_cod_asig6,pre_cod_asig7 FROM tblaca009 WHERE pensum='5' AND c_uni_ca='5' AND c_asigna='300207' [1][0] OK
C:[14/05/2013 11:46:05.21][68.171.231.87][1405] SELECT c_asigna FROM dace004 WHERE exp_e='11-21251849' AND c_asigna='300101' AND status IN ('0','3','B') [1][0] OK
C:[14/05/2013 11:46:05.21][68.171.231.87][1392] SELECT pre_cod_asig1,pre_cod_asig2,pre_cod_asig3,pre_cod_asig4,pre_cod_asig5,pre_cod_asig6,pre_cod_asig7 FROM tblaca009 WHERE pensum='5' AND c_uni_ca='5' AND c_asigna='300222' [1][0] OK
C:[14/05/2013 11:46:05.21][68.171.231.87][1405] SELECT c_asigna FROM dace004 WHERE exp_e='11-21251849' AND c_asigna='300112' AND status IN ('0','3','B') [1][0] OK
C:[14/05/2013 11:46:05.21][68.171.231.87][1392] SELECT pre_cod_asig1,pre_cod_asig2,pre_cod_asig3,pre_cod_asig4,pre_cod_asig5,pre_cod_asig6,pre_cod_asig7 FROM tblaca009 WHERE pensum='5' AND c_uni_ca='5' AND c_asigna='300226' [1][0] OK
C:[14/05/2013 11:46:05.21][68.171.231.87][1405] SELECT c_asigna FROM dace004 WHERE exp_e='11-21251849' AND c_asigna='300116' AND status IN ('0','3','B') [1][0] OK
C:[14/05/2013 11:46:05.72][68.171.231.87][1436] SELECT par_cod_asig1,par_cod_asig2,par_cod_asig3 FROM tblaca009 WHERE pensum='5' AND c_uni_ca='5' AND c_asigna='300314' [1][0] OK
C:[14/05/2013 11:46:05.72][68.171.231.87][1436] SELECT par_cod_asig1,par_cod_asig2,par_cod_asig3 FROM tblaca009 WHERE pensum='5' AND c_uni_ca='5' AND c_asigna='300218' [1][0] OK
C:[14/05/2013 11:46:05.72][68.171.231.87][1450] SELECT c_asigna FROM dace004 WHERE exp_e='11-21251849' AND c_asigna='300228' AND status IN ('0','3','B','C') [0][0] OK
C:[14/05/2013 11:46:05.72][68.171.231.87][1436] SELECT par_cod_asig1,par_cod_asig2,par_cod_asig3 FROM tblaca009 WHERE pensum='5' AND c_uni_ca='5' AND c_asigna='300228' [1][0] OK
C:[14/05/2013 11:46:05.72][68.171.231.87][1436] SELECT par_cod_asig1,par_cod_asig2,par_cod_asig3 FROM tblaca009 WHERE pensum='5' AND c_uni_ca='5' AND c_asigna='300207' [1][0] OK
C:[14/05/2013 11:46:05.72][68.171.231.87][1436] SELECT par_cod_asig1,par_cod_asig2,par_cod_asig3 FROM tblaca009 WHERE pensum='5' AND c_uni_ca='5' AND c_asigna='300222' [1][0] OK
C:[14/05/2013 11:46:05.72][68.171.231.87][1436] SELECT par_cod_asig1,par_cod_asig2,par_cod_asig3 FROM tblaca009 WHERE pensum='5' AND c_uni_ca='5' AND c_asigna='300226' [1][0] OK
C:[14/05/2013 11:46:05.60][68.171.231.87][1566] SELECT horas_lab FROM tblaca008 WHERE c_asigna='300314' AND horas_teoricas > 0 [0][0] OK
C:[14/05/2013 11:46:05.71][68.171.231.87][1600] SELECT sum(u_creditos*1) FROM dace006 a, tblaca009 b WHERE a.exp_e='11-21251849' AND a.lapso='2013-1' AND b.pensum='5' AND b.c_uni_ca='5' AND status IN ('7','A','2') AND a.c_asigna=b.c_asigna  [1][0] OK
C:[14/05/2013 11:46:05.09][68.171.231.87][1619] SELECT sum(u_creditos*1) FROM dace006 a, tblaca009 b WHERE a.exp_e='11-21251849' AND a.lapso='2013-1' AND b.pensum='5' AND b.c_uni_ca='5' AND status IN ('7','A','2') AND a.c_asigna=b.c_asigna AND a.c_asigna IN ('300218','300228','300207','300222','300226') [1][0] OK
C:[14/05/2013 11:46:05.03][68.171.231.87][1635] SELECT MAX(semestre) FROM dace006 a, tblaca009 b WHERE a.exp_e='11-21251849' AND a.lapso='2013-1' AND b.pensum='5' AND b.c_uni_ca='5' AND status IN ('7','A','2') AND a.c_asigna=b.c_asigna  [1][0] OK
C:[14/05/2013 11:46:05.40][68.171.231.87][1655] SELECT MIN(semestre) FROM dace006 a, tblaca009 b WHERE a.exp_e='11-21251849' AND a.lapso='2013-1' AND b.pensum='5' AND b.c_uni_ca='5' AND status IN ('7','A','2') AND a.c_asigna=b.c_asigna AND a.c_asigna IN ('300314') [1][0] OK
C:[14/05/2013 12:46:29.37][181.182.242.117][1392] SELECT pre_cod_asig1,pre_cod_asig2,pre_cod_asig3,pre_cod_asig4,pre_cod_asig5,pre_cod_asig6,pre_cod_asig7 FROM tblaca009 WHERE pensum='5' AND c_uni_ca='2' AND c_asigna='322801' [1][0] OK
C:[14/05/2013 12:46:29.37][181.182.242.117][1405] SELECT c_asigna FROM dace004 WHERE exp_e='08-19800436' AND c_asigna='322780' AND status IN ('0','3','B') [1][0] OK
C:[14/05/2013 12:46:29.37][181.182.242.117][1405] SELECT c_asigna FROM dace004 WHERE exp_e='08-19800436' AND c_asigna='322605' AND status IN ('0','3','B') [1][0] OK
C:[14/05/2013 12:46:29.37][181.182.242.117][1392] SELECT pre_cod_asig1,pre_cod_asig2,pre_cod_asig3,pre_cod_asig4,pre_cod_asig5,pre_cod_asig6,pre_cod_asig7 FROM tblaca009 WHERE pensum='5' AND c_uni_ca='2' AND c_asigna='300956' [1][0] OK
C:[14/05/2013 12:46:29.37][181.182.242.117][1405] SELECT c_asigna FROM dace004 WHERE exp_e='08-19800436' AND c_asigna='300422' AND status IN ('0','3','B') [1][0] OK
C:[14/05/2013 12:46:29.37][181.182.242.117][1405] SELECT c_asigna FROM dace004 WHERE exp_e='08-19800436' AND c_asigna='300105' AND status IN ('0','3','B') [1][0] OK
C:[14/05/2013 12:46:29.37][181.182.242.117][1405] SELECT c_asigna FROM dace004 WHERE exp_e='08-19800436' AND c_asigna='300314' AND status IN ('0','3','B') [1][0] OK
C:[14/05/2013 12:46:30.25][181.182.242.117][1436] SELECT par_cod_asig1,par_cod_asig2,par_cod_asig3 FROM tblaca009 WHERE pensum='5' AND c_uni_ca='2' AND c_asigna='322801' [1][0] OK
C:[14/05/2013 12:46:30.25][181.182.242.117][1436] SELECT par_cod_asig1,par_cod_asig2,par_cod_asig3 FROM tblaca009 WHERE pensum='5' AND c_uni_ca='2' AND c_asigna='300956' [1][0] OK
C:[14/05/2013 12:46:30.51][181.182.242.117][1566] SELECT horas_lab FROM tblaca008 WHERE c_asigna='322801' AND horas_teoricas > 0 [1][0] OK
C:[14/05/2013 12:46:30.62][181.182.242.117][1600] SELECT sum(u_creditos*1) FROM dace006 a, tblaca009 b WHERE a.exp_e='08-19800436' AND a.lapso='2013-1' AND b.pensum='5' AND b.c_uni_ca='2' AND status IN ('7','A','2') AND a.c_asigna=b.c_asigna  [1][0] OK
C:[14/05/2013 12:46:30.56][181.182.242.117][1619] SELECT sum(u_creditos*1) FROM dace006 a, tblaca009 b WHERE a.exp_e='08-19800436' AND a.lapso='2013-1' AND b.pensum='5' AND b.c_uni_ca='2' AND status IN ('7','A','2') AND a.c_asigna=b.c_asigna AND a.c_asigna IN ('300956') [1][0] OK
C:[14/05/2013 12:46:30.94][181.182.242.117][1635] SELECT MAX(semestre) FROM dace006 a, tblaca009 b WHERE a.exp_e='08-19800436' AND a.lapso='2013-1' AND b.pensum='5' AND b.c_uni_ca='2' AND status IN ('7','A','2') AND a.c_asigna=b.c_asigna  [1][0] OK
C:[14/05/2013 12:46:30.31][181.182.242.117][1655] SELECT MIN(semestre) FROM dace006 a, tblaca009 b WHERE a.exp_e='08-19800436' AND a.lapso='2013-1' AND b.pensum='5' AND b.c_uni_ca='2' AND status IN ('7','A','2') AND a.c_asigna=b.c_asigna AND a.c_asigna IN ('322801') [1][0] OK
C:[14/05/2013 12:47:42.57][181.182.242.117][1392] SELECT pre_cod_asig1,pre_cod_asig2,pre_cod_asig3,pre_cod_asig4,pre_cod_asig5,pre_cod_asig6,pre_cod_asig7 FROM tblaca009 WHERE pensum='5' AND c_uni_ca='2' AND c_asigna='322801' [1][0] OK
C:[14/05/2013 12:47:42.57][181.182.242.117][1405] SELECT c_asigna FROM dace004 WHERE exp_e='08-19800436' AND c_asigna='322780' AND status IN ('0','3','B') [1][0] OK
C:[14/05/2013 12:47:42.57][181.182.242.117][1405] SELECT c_asigna FROM dace004 WHERE exp_e='08-19800436' AND c_asigna='322605' AND status IN ('0','3','B') [1][0] OK
C:[14/05/2013 12:47:42.57][181.182.242.117][1392] SELECT pre_cod_asig1,pre_cod_asig2,pre_cod_asig3,pre_cod_asig4,pre_cod_asig5,pre_cod_asig6,pre_cod_asig7 FROM tblaca009 WHERE pensum='5' AND c_uni_ca='2' AND c_asigna='300956' [1][0] OK
C:[14/05/2013 12:47:42.57][181.182.242.117][1405] SELECT c_asigna FROM dace004 WHERE exp_e='08-19800436' AND c_asigna='300422' AND status IN ('0','3','B') [1][0] OK
C:[14/05/2013 12:47:42.57][181.182.242.117][1405] SELECT c_asigna FROM dace004 WHERE exp_e='08-19800436' AND c_asigna='300105' AND status IN ('0','3','B') [1][0] OK
C:[14/05/2013 12:47:42.57][181.182.242.117][1405] SELECT c_asigna FROM dace004 WHERE exp_e='08-19800436' AND c_asigna='300314' AND status IN ('0','3','B') [1][0] OK
C:[14/05/2013 12:47:43.45][181.182.242.117][1436] SELECT par_cod_asig1,par_cod_asig2,par_cod_asig3 FROM tblaca009 WHERE pensum='5' AND c_uni_ca='2' AND c_asigna='322801' [1][0] OK
C:[14/05/2013 12:47:43.45][181.182.242.117][1436] SELECT par_cod_asig1,par_cod_asig2,par_cod_asig3 FROM tblaca009 WHERE pensum='5' AND c_uni_ca='2' AND c_asigna='300956' [1][0] OK
C:[14/05/2013 12:47:43.71][181.182.242.117][1566] SELECT horas_lab FROM tblaca008 WHERE c_asigna='322801' AND horas_teoricas > 0 [1][0] OK
C:[14/05/2013 12:47:43.83][181.182.242.117][1600] SELECT sum(u_creditos*1) FROM dace006 a, tblaca009 b WHERE a.exp_e='08-19800436' AND a.lapso='2013-1' AND b.pensum='5' AND b.c_uni_ca='2' AND status IN ('7','A','2') AND a.c_asigna=b.c_asigna  [1][0] OK
C:[14/05/2013 12:47:43.20][181.182.242.117][1619] SELECT sum(u_creditos*1) FROM dace006 a, tblaca009 b WHERE a.exp_e='08-19800436' AND a.lapso='2013-1' AND b.pensum='5' AND b.c_uni_ca='2' AND status IN ('7','A','2') AND a.c_asigna=b.c_asigna AND a.c_asigna IN ('300956') [1][0] OK
C:[14/05/2013 12:47:43.58][181.182.242.117][1635] SELECT MAX(semestre) FROM dace006 a, tblaca009 b WHERE a.exp_e='08-19800436' AND a.lapso='2013-1' AND b.pensum='5' AND b.c_uni_ca='2' AND status IN ('7','A','2') AND a.c_asigna=b.c_asigna  [1][0] OK
C:[14/05/2013 12:47:43.95][181.182.242.117][1655] SELECT MIN(semestre) FROM dace006 a, tblaca009 b WHERE a.exp_e='08-19800436' AND a.lapso='2013-1' AND b.pensum='5' AND b.c_uni_ca='2' AND status IN ('7','A','2') AND a.c_asigna=b.c_asigna AND a.c_asigna IN ('322801') [1][0] OK
C:[14/05/2013 12:54:46.29][181.182.242.117][1392] SELECT pre_cod_asig1,pre_cod_asig2,pre_cod_asig3,pre_cod_asig4,pre_cod_asig5,pre_cod_asig6,pre_cod_asig7 FROM tblaca009 WHERE pensum='5' AND c_uni_ca='2' AND c_asigna='322801' [1][0] OK
C:[14/05/2013 12:54:46.29][181.182.242.117][1405] SELECT c_asigna FROM dace004 WHERE exp_e='08-19800436' AND c_asigna='322780' AND status IN ('0','3','B') [1][0] OK
C:[14/05/2013 12:54:46.29][181.182.242.117][1405] SELECT c_asigna FROM dace004 WHERE exp_e='08-19800436' AND c_asigna='322605' AND status IN ('0','3','B') [1][0] OK
C:[14/05/2013 12:54:46.29][181.182.242.117][1392] SELECT pre_cod_asig1,pre_cod_asig2,pre_cod_asig3,pre_cod_asig4,pre_cod_asig5,pre_cod_asig6,pre_cod_asig7 FROM tblaca009 WHERE pensum='5' AND c_uni_ca='2' AND c_asigna='300956' [1][0] OK
C:[14/05/2013 12:54:46.29][181.182.242.117][1405] SELECT c_asigna FROM dace004 WHERE exp_e='08-19800436' AND c_asigna='300422' AND status IN ('0','3','B') [1][0] OK
C:[14/05/2013 12:54:46.29][181.182.242.117][1405] SELECT c_asigna FROM dace004 WHERE exp_e='08-19800436' AND c_asigna='300105' AND status IN ('0','3','B') [1][0] OK
C:[14/05/2013 12:54:46.29][181.182.242.117][1405] SELECT c_asigna FROM dace004 WHERE exp_e='08-19800436' AND c_asigna='300314' AND status IN ('0','3','B') [1][0] OK
C:[14/05/2013 12:54:46.29][181.182.242.117][1392] SELECT pre_cod_asig1,pre_cod_asig2,pre_cod_asig3,pre_cod_asig4,pre_cod_asig5,pre_cod_asig6,pre_cod_asig7 FROM tblaca009 WHERE pensum='5' AND c_uni_ca='2' AND c_asigna='322939' [1][0] OK
C:[14/05/2013 12:54:46.29][181.182.242.117][1405] SELECT c_asigna FROM dace004 WHERE exp_e='08-19800436' AND c_asigna='322728' AND status IN ('0','3','B') [1][0] OK
C:[14/05/2013 12:54:46.29][181.182.242.117][1405] SELECT c_asigna FROM dace004 WHERE exp_e='08-19800436' AND c_asigna='324862' AND status IN ('0','3','B') [1][0] OK
C:[14/05/2013 12:54:47.54][181.182.242.117][1436] SELECT par_cod_asig1,par_cod_asig2,par_cod_asig3 FROM tblaca009 WHERE pensum='5' AND c_uni_ca='2' AND c_asigna='322801' [1][0] OK
C:[14/05/2013 12:54:47.54][181.182.242.117][1436] SELECT par_cod_asig1,par_cod_asig2,par_cod_asig3 FROM tblaca009 WHERE pensum='5' AND c_uni_ca='2' AND c_asigna='300956' [1][0] OK
C:[14/05/2013 12:54:47.54][181.182.242.117][1436] SELECT par_cod_asig1,par_cod_asig2,par_cod_asig3 FROM tblaca009 WHERE pensum='5' AND c_uni_ca='2' AND c_asigna='322939' [1][0] OK
C:[14/05/2013 12:54:47.54][181.182.242.117][1450] SELECT c_asigna FROM dace004 WHERE exp_e='08-19800436' AND c_asigna='300956' AND status IN ('0','3','B','C') [0][0] OK
C:[14/05/2013 12:54:47.06][181.182.242.117][1566] SELECT horas_lab FROM tblaca008 WHERE c_asigna='322801' AND horas_teoricas > 0 [1][0] OK
C:[14/05/2013 12:54:47.17][181.182.242.117][1600] SELECT sum(u_creditos*1) FROM dace006 a, tblaca009 b WHERE a.exp_e='08-19800436' AND a.lapso='2013-1' AND b.pensum='5' AND b.c_uni_ca='2' AND status IN ('7','A','2') AND a.c_asigna=b.c_asigna  [1][0] OK
C:[14/05/2013 12:54:47.54][181.182.242.117][1619] SELECT sum(u_creditos*1) FROM dace006 a, tblaca009 b WHERE a.exp_e='08-19800436' AND a.lapso='2013-1' AND b.pensum='5' AND b.c_uni_ca='2' AND status IN ('7','A','2') AND a.c_asigna=b.c_asigna AND a.c_asigna IN ('300956','322939') [1][0] OK
C:[14/05/2013 12:54:47.92][181.182.242.117][1635] SELECT MAX(semestre) FROM dace006 a, tblaca009 b WHERE a.exp_e='08-19800436' AND a.lapso='2013-1' AND b.pensum='5' AND b.c_uni_ca='2' AND status IN ('7','A','2') AND a.c_asigna=b.c_asigna  [1][0] OK
C:[14/05/2013 12:54:47.30][181.182.242.117][1655] SELECT MIN(semestre) FROM dace006 a, tblaca009 b WHERE a.exp_e='08-19800436' AND a.lapso='2013-1' AND b.pensum='5' AND b.c_uni_ca='2' AND status IN ('7','A','2') AND a.c_asigna=b.c_asigna AND a.c_asigna IN ('322801') [1][0] OK
C:[14/05/2013 15:13:06.81][200.90.100.54][1392] SELECT pre_cod_asig1,pre_cod_asig2,pre_cod_asig3,pre_cod_asig4,pre_cod_asig5,pre_cod_asig6,pre_cod_asig7 FROM tblaca009 WHERE pensum='5' AND c_uni_ca='5' AND c_asigna='355835' [1][0] OK
C:[14/05/2013 15:13:06.81][200.90.100.54][1405] SELECT c_asigna FROM dace004 WHERE exp_e='08-20840478' AND c_asigna='355691' AND status IN ('0','3','B') [1][0] OK
C:[14/05/2013 15:13:06.81][200.90.100.54][1392] SELECT pre_cod_asig1,pre_cod_asig2,pre_cod_asig3,pre_cod_asig4,pre_cod_asig5,pre_cod_asig6,pre_cod_asig7 FROM tblaca009 WHERE pensum='5' AND c_uni_ca='5' AND c_asigna='355692' [1][0] OK
C:[14/05/2013 15:13:06.81][200.90.100.54][1405] SELECT c_asigna FROM dace004 WHERE exp_e='08-20840478' AND c_asigna='355448' AND status IN ('0','3','B') [1][0] OK
C:[14/05/2013 15:13:06.81][200.90.100.54][1405] SELECT c_asigna FROM dace004 WHERE exp_e='08-20840478' AND c_asigna='355570' AND status IN ('0','3','B') [1][0] OK
C:[14/05/2013 15:13:06.81][200.90.100.54][1392] SELECT pre_cod_asig1,pre_cod_asig2,pre_cod_asig3,pre_cod_asig4,pre_cod_asig5,pre_cod_asig6,pre_cod_asig7 FROM tblaca009 WHERE pensum='5' AND c_uni_ca='5' AND c_asigna='355721' [1][0] OK
C:[14/05/2013 15:13:06.81][200.90.100.54][1405] SELECT c_asigna FROM dace004 WHERE exp_e='08-20840478' AND c_asigna='355693' AND status IN ('0','3','B') [1][0] OK
C:[14/05/2013 15:13:06.81][200.90.100.54][1405] SELECT c_asigna FROM dace004 WHERE exp_e='08-20840478' AND c_asigna='355696' AND status IN ('0','3','B') [1][0] OK
C:[14/05/2013 15:13:06.81][200.90.100.54][1392] SELECT pre_cod_asig1,pre_cod_asig2,pre_cod_asig3,pre_cod_asig4,pre_cod_asig5,pre_cod_asig6,pre_cod_asig7 FROM tblaca009 WHERE pensum='5' AND c_uni_ca='5' AND c_asigna='355722' [1][0] OK
C:[14/05/2013 15:13:06.81][200.90.100.54][1405] SELECT c_asigna FROM dace004 WHERE exp_e='08-20840478' AND c_asigna='355691' AND status IN ('0','3','B') [1][0] OK
C:[14/05/2013 15:13:06.81][200.90.100.54][1405] SELECT c_asigna FROM dace004 WHERE exp_e='08-20840478' AND c_asigna='355595' AND status IN ('0','3','B') [1][0] OK
C:[14/05/2013 15:13:06.81][200.90.100.54][1392] SELECT pre_cod_asig1,pre_cod_asig2,pre_cod_asig3,pre_cod_asig4,pre_cod_asig5,pre_cod_asig6,pre_cod_asig7 FROM tblaca009 WHERE pensum='5' AND c_uni_ca='5' AND c_asigna='355874' [1][0] OK
C:[14/05/2013 15:13:06.81][200.90.100.54][1405] SELECT c_asigna FROM dace004 WHERE exp_e='08-20840478' AND c_asigna='355448' AND status IN ('0','3','B') [1][0] OK
C:[14/05/2013 15:13:07.45][200.90.100.54][1436] SELECT par_cod_asig1,par_cod_asig2,par_cod_asig3 FROM tblaca009 WHERE pensum='5' AND c_uni_ca='5' AND c_asigna='355835' [1][0] OK
C:[14/05/2013 15:13:07.45][200.90.100.54][1436] SELECT par_cod_asig1,par_cod_asig2,par_cod_asig3 FROM tblaca009 WHERE pensum='5' AND c_uni_ca='5' AND c_asigna='355692' [1][0] OK
C:[14/05/2013 15:13:07.45][200.90.100.54][1436] SELECT par_cod_asig1,par_cod_asig2,par_cod_asig3 FROM tblaca009 WHERE pensum='5' AND c_uni_ca='5' AND c_asigna='355721' [1][0] OK
C:[14/05/2013 15:13:07.45][200.90.100.54][1436] SELECT par_cod_asig1,par_cod_asig2,par_cod_asig3 FROM tblaca009 WHERE pensum='5' AND c_uni_ca='5' AND c_asigna='355722' [1][0] OK
C:[14/05/2013 15:13:07.45][200.90.100.54][1436] SELECT par_cod_asig1,par_cod_asig2,par_cod_asig3 FROM tblaca009 WHERE pensum='5' AND c_uni_ca='5' AND c_asigna='355874' [1][0] OK
C:[14/05/2013 15:13:07.08][200.90.100.54][1566] SELECT horas_lab FROM tblaca008 WHERE c_asigna='355835' AND horas_teoricas > 0 [1][0] OK
C:[14/05/2013 15:13:07.19][200.90.100.54][1600] SELECT sum(u_creditos*1) FROM dace006 a, tblaca009 b WHERE a.exp_e='08-20840478' AND a.lapso='2013-1' AND b.pensum='5' AND b.c_uni_ca='5' AND status IN ('7','A','2') AND a.c_asigna=b.c_asigna  [1][0] OK
C:[14/05/2013 15:13:07.13][200.90.100.54][1619] SELECT sum(u_creditos*1) FROM dace006 a, tblaca009 b WHERE a.exp_e='08-20840478' AND a.lapso='2013-1' AND b.pensum='5' AND b.c_uni_ca='5' AND status IN ('7','A','2') AND a.c_asigna=b.c_asigna AND a.c_asigna IN ('355692','355721','355722','355874') [1][0] OK
C:[14/05/2013 15:13:07.51][200.90.100.54][1635] SELECT MAX(semestre) FROM dace006 a, tblaca009 b WHERE a.exp_e='08-20840478' AND a.lapso='2013-1' AND b.pensum='5' AND b.c_uni_ca='5' AND status IN ('7','A','2') AND a.c_asigna=b.c_asigna  [1][0] OK
C:[14/05/2013 15:13:07.44][200.90.100.54][1655] SELECT MIN(semestre) FROM dace006 a, tblaca009 b WHERE a.exp_e='08-20840478' AND a.lapso='2013-1' AND b.pensum='5' AND b.c_uni_ca='5' AND status IN ('7','A','2') AND a.c_asigna=b.c_asigna AND a.c_asigna IN ('355835') [1][0] OK
C:[14/05/2013 15:43:57.25][190.201.172.253][1392] SELECT pre_cod_asig1,pre_cod_asig2,pre_cod_asig3,pre_cod_asig4,pre_cod_asig5,pre_cod_asig6,pre_cod_asig7 FROM tblaca009 WHERE pensum='5' AND c_uni_ca='3' AND c_asigna='300677' [1][0] OK
C:[14/05/2013 15:43:57.25][190.201.172.253][1392] SELECT pre_cod_asig1,pre_cod_asig2,pre_cod_asig3,pre_cod_asig4,pre_cod_asig5,pre_cod_asig6,pre_cod_asig7 FROM tblaca009 WHERE pensum='5' AND c_uni_ca='3' AND c_asigna='300422' [1][0] OK
C:[14/05/2013 15:43:57.25][190.201.172.253][1405] SELECT c_asigna FROM dace004 WHERE exp_e='07-20136232' AND c_asigna='300105' AND status IN ('0','3','B') [1][0] OK
C:[14/05/2013 15:43:57.25][190.201.172.253][1405] SELECT c_asigna FROM dace004 WHERE exp_e='07-20136232' AND c_asigna='300314' AND status IN ('0','3','B') [1][0] OK
C:[14/05/2013 15:43:57.25][190.201.172.253][1392] SELECT pre_cod_asig1,pre_cod_asig2,pre_cod_asig3,pre_cod_asig4,pre_cod_asig5,pre_cod_asig6,pre_cod_asig7 FROM tblaca009 WHERE pensum='5' AND c_uni_ca='3' AND c_asigna='311552' [1][0] OK
C:[14/05/2013 15:43:57.25][190.201.172.253][1405] SELECT c_asigna FROM dace004 WHERE exp_e='07-20136232' AND c_asigna='300317' AND status IN ('0','3','B') [1][0] OK
C:[14/05/2013 15:43:57.25][190.201.172.253][1405] SELECT c_asigna FROM dace004 WHERE exp_e='07-20136232' AND c_asigna='300209' AND status IN ('0','3','B') [1][0] OK
C:[14/05/2013 15:43:57.25][190.201.172.253][1392] SELECT pre_cod_asig1,pre_cod_asig2,pre_cod_asig3,pre_cod_asig4,pre_cod_asig5,pre_cod_asig6,pre_cod_asig7 FROM tblaca009 WHERE pensum='5' AND c_uni_ca='3' AND c_asigna='311673' [1][0] OK
C:[14/05/2013 15:43:57.25][190.201.172.253][1405] SELECT c_asigna FROM dace004 WHERE exp_e='07-20136232' AND c_asigna='311551' AND status IN ('0','3','B') [1][0] OK
C:[14/05/2013 15:43:57.25][190.201.172.253][1405] SELECT c_asigna FROM dace004 WHERE exp_e='07-20136232' AND c_asigna='311554' AND status IN ('0','3','B') [1][0] OK
C:[14/05/2013 15:43:57.25][190.201.172.253][1405] SELECT c_asigna FROM dace004 WHERE exp_e='07-20136232' AND c_asigna='311320' AND status IN ('0','3','B') [1][0] OK
C:[14/05/2013 15:43:57.25][190.201.172.253][1392] SELECT pre_cod_asig1,pre_cod_asig2,pre_cod_asig3,pre_cod_asig4,pre_cod_asig5,pre_cod_asig6,pre_cod_asig7 FROM tblaca009 WHERE pensum='5' AND c_uni_ca='3' AND c_asigna='311824' [1][0] OK
C:[14/05/2013 15:43:57.25][190.201.172.253][1405] SELECT c_asigna FROM dace004 WHERE exp_e='07-20136232' AND c_asigna='311796' AND status IN ('0','3','B') [1][0] OK
C:[14/05/2013 15:43:57.25][190.201.172.253][1392] SELECT pre_cod_asig1,pre_cod_asig2,pre_cod_asig3,pre_cod_asig4,pre_cod_asig5,pre_cod_asig6,pre_cod_asig7 FROM tblaca009 WHERE pensum='5' AND c_uni_ca='3' AND c_asigna='311827' [1][0] OK
C:[14/05/2013 15:43:57.25][190.201.172.253][1405] SELECT c_asigna FROM dace004 WHERE exp_e='07-20136232' AND c_asigna='311704' AND status IN ('0','3','B') [1][0] OK
C:[14/05/2013 15:43:58.13][190.201.172.253][1436] SELECT par_cod_asig1,par_cod_asig2,par_cod_asig3 FROM tblaca009 WHERE pensum='5' AND c_uni_ca='3' AND c_asigna='300677' [1][0] OK
C:[14/05/2013 15:43:58.13][190.201.172.253][1436] SELECT par_cod_asig1,par_cod_asig2,par_cod_asig3 FROM tblaca009 WHERE pensum='5' AND c_uni_ca='3' AND c_asigna='300422' [1][0] OK
C:[14/05/2013 15:43:58.13][190.201.172.253][1436] SELECT par_cod_asig1,par_cod_asig2,par_cod_asig3 FROM tblaca009 WHERE pensum='5' AND c_uni_ca='3' AND c_asigna='311552' [1][0] OK
C:[14/05/2013 15:43:58.13][190.201.172.253][1436] SELECT par_cod_asig1,par_cod_asig2,par_cod_asig3 FROM tblaca009 WHERE pensum='5' AND c_uni_ca='3' AND c_asigna='311673' [1][0] OK
C:[14/05/2013 15:43:58.13][190.201.172.253][1436] SELECT par_cod_asig1,par_cod_asig2,par_cod_asig3 FROM tblaca009 WHERE pensum='5' AND c_uni_ca='3' AND c_asigna='311824' [1][0] OK
C:[14/05/2013 15:43:58.13][190.201.172.253][1436] SELECT par_cod_asig1,par_cod_asig2,par_cod_asig3 FROM tblaca009 WHERE pensum='5' AND c_uni_ca='3' AND c_asigna='311827' [1][0] OK
C:[14/05/2013 15:43:58.89][190.201.172.253][1566] SELECT horas_lab FROM tblaca008 WHERE c_asigna='300677' AND horas_teoricas > 0 [1][0] OK
C:[14/05/2013 15:43:58.01][190.201.172.253][1600] SELECT sum(u_creditos*1) FROM dace006 a, tblaca009 b WHERE a.exp_e='07-20136232' AND a.lapso='2013-1' AND b.pensum='5' AND b.c_uni_ca='3' AND status IN ('7','A','2') AND a.c_asigna=b.c_asigna  [1][0] OK
C:[14/05/2013 15:43:58.94][190.201.172.253][1619] SELECT sum(u_creditos*1) FROM dace006 a, tblaca009 b WHERE a.exp_e='07-20136232' AND a.lapso='2013-1' AND b.pensum='5' AND b.c_uni_ca='3' AND status IN ('7','A','2') AND a.c_asigna=b.c_asigna AND a.c_asigna IN ('300422','311552','311673','311824','311827') [1][0] OK
C:[14/05/2013 15:43:58.88][190.201.172.253][1635] SELECT MAX(semestre) FROM dace006 a, tblaca009 b WHERE a.exp_e='07-20136232' AND a.lapso='2013-1' AND b.pensum='5' AND b.c_uni_ca='3' AND status IN ('7','A','2') AND a.c_asigna=b.c_asigna  [1][0] OK
C:[14/05/2013 15:43:58.82][190.201.172.253][1655] SELECT MIN(semestre) FROM dace006 a, tblaca009 b WHERE a.exp_e='07-20136232' AND a.lapso='2013-1' AND b.pensum='5' AND b.c_uni_ca='3' AND status IN ('7','A','2') AND a.c_asigna=b.c_asigna AND a.c_asigna IN ('300677') [1][0] OK
C:[14/05/2013 19:06:13.66][201.243.216.230][1392] SELECT pre_cod_asig1,pre_cod_asig2,pre_cod_asig3,pre_cod_asig4,pre_cod_asig5,pre_cod_asig6,pre_cod_asig7 FROM tblaca009 WHERE pensum='5' AND c_uni_ca='2' AND c_asigna='300314' [1][0] OK
C:[14/05/2013 19:06:13.66][201.243.216.230][1405] SELECT c_asigna FROM dace004 WHERE exp_e='12-21498562' AND c_asigna='300106' AND status IN ('0','3','B') [1][0] OK
C:[14/05/2013 19:06:13.66][201.243.216.230][1392] SELECT pre_cod_asig1,pre_cod_asig2,pre_cod_asig3,pre_cod_asig4,pre_cod_asig5,pre_cod_asig6,pre_cod_asig7 FROM tblaca009 WHERE pensum='5' AND c_uni_ca='2' AND c_asigna='300112' [1][0] OK
C:[14/05/2013 19:06:13.66][201.243.216.230][1392] SELECT pre_cod_asig1,pre_cod_asig2,pre_cod_asig3,pre_cod_asig4,pre_cod_asig5,pre_cod_asig6,pre_cod_asig7 FROM tblaca009 WHERE pensum='5' AND c_uni_ca='2' AND c_asigna='300116' [1][0] OK
C:[14/05/2013 19:06:13.66][201.243.216.230][1392] SELECT pre_cod_asig1,pre_cod_asig2,pre_cod_asig3,pre_cod_asig4,pre_cod_asig5,pre_cod_asig6,pre_cod_asig7 FROM tblaca009 WHERE pensum='5' AND c_uni_ca='2' AND c_asigna='300207' [1][0] OK
C:[14/05/2013 19:06:13.66][201.243.216.230][1405] SELECT c_asigna FROM dace004 WHERE exp_e='12-21498562' AND c_asigna='300101' AND status IN ('0','3','B') [1][0] OK
C:[14/05/2013 19:06:13.66][201.243.216.230][1392] SELECT pre_cod_asig1,pre_cod_asig2,pre_cod_asig3,pre_cod_asig4,pre_cod_asig5,pre_cod_asig6,pre_cod_asig7 FROM tblaca009 WHERE pensum='5' AND c_uni_ca='2' AND c_asigna='300218' [1][0] OK
C:[14/05/2013 19:06:13.66][201.243.216.230][1405] SELECT c_asigna FROM dace004 WHERE exp_e='12-21498562' AND c_asigna='300101' AND status IN ('0','3','B') [1][0] OK
C:[14/05/2013 19:06:13.66][201.243.216.230][1392] SELECT pre_cod_asig1,pre_cod_asig2,pre_cod_asig3,pre_cod_asig4,pre_cod_asig5,pre_cod_asig6,pre_cod_asig7 FROM tblaca009 WHERE pensum='5' AND c_uni_ca='2' AND c_asigna='300228' [1][0] OK
C:[14/05/2013 19:06:13.66][201.243.216.230][1405] SELECT c_asigna FROM dace004 WHERE exp_e='12-21498562' AND c_asigna='300101' AND status IN ('0','3','B') [1][0] OK
C:[14/05/2013 19:06:14.60][201.243.216.230][1436] SELECT par_cod_asig1,par_cod_asig2,par_cod_asig3 FROM tblaca009 WHERE pensum='5' AND c_uni_ca='2' AND c_asigna='300314' [1][0] OK
C:[14/05/2013 19:06:14.60][201.243.216.230][1436] SELECT par_cod_asig1,par_cod_asig2,par_cod_asig3 FROM tblaca009 WHERE pensum='5' AND c_uni_ca='2' AND c_asigna='300112' [1][0] OK
C:[14/05/2013 19:06:14.60][201.243.216.230][1436] SELECT par_cod_asig1,par_cod_asig2,par_cod_asig3 FROM tblaca009 WHERE pensum='5' AND c_uni_ca='2' AND c_asigna='300116' [1][0] OK
C:[14/05/2013 19:06:14.60][201.243.216.230][1436] SELECT par_cod_asig1,par_cod_asig2,par_cod_asig3 FROM tblaca009 WHERE pensum='5' AND c_uni_ca='2' AND c_asigna='300207' [1][0] OK
C:[14/05/2013 19:06:14.60][201.243.216.230][1436] SELECT par_cod_asig1,par_cod_asig2,par_cod_asig3 FROM tblaca009 WHERE pensum='5' AND c_uni_ca='2' AND c_asigna='300218' [1][0] OK
C:[14/05/2013 19:06:14.60][201.243.216.230][1450] SELECT c_asigna FROM dace004 WHERE exp_e='12-21498562' AND c_asigna='300228' AND status IN ('0','3','B','C') [0][0] OK
C:[14/05/2013 19:06:14.60][201.243.216.230][1436] SELECT par_cod_asig1,par_cod_asig2,par_cod_asig3 FROM tblaca009 WHERE pensum='5' AND c_uni_ca='2' AND c_asigna='300228' [1][0] OK
C:[14/05/2013 19:06:14.50][201.243.216.230][1566] SELECT horas_lab FROM tblaca008 WHERE c_asigna='300314' AND horas_teoricas > 0 [0][0] OK
C:[14/05/2013 19:06:14.61][201.243.216.230][1600] SELECT sum(u_creditos*1) FROM dace006 a, tblaca009 b WHERE a.exp_e='12-21498562' AND a.lapso='2013-1' AND b.pensum='5' AND b.c_uni_ca='2' AND status IN ('7','A','2') AND a.c_asigna=b.c_asigna  [1][0] OK
C:[14/05/2013 19:06:14.98][201.243.216.230][1619] SELECT sum(u_creditos*1) FROM dace006 a, tblaca009 b WHERE a.exp_e='12-21498562' AND a.lapso='2013-1' AND b.pensum='5' AND b.c_uni_ca='2' AND status IN ('7','A','2') AND a.c_asigna=b.c_asigna AND a.c_asigna IN ('300112','300116','300207','300218','300228') [1][0] OK
C:[14/05/2013 19:06:14.92][201.243.216.230][1635] SELECT MAX(semestre) FROM dace006 a, tblaca009 b WHERE a.exp_e='12-21498562' AND a.lapso='2013-1' AND b.pensum='5' AND b.c_uni_ca='2' AND status IN ('7','A','2') AND a.c_asigna=b.c_asigna  [1][0] OK
C:[14/05/2013 19:06:14.29][201.243.216.230][1655] SELECT MIN(semestre) FROM dace006 a, tblaca009 b WHERE a.exp_e='12-21498562' AND a.lapso='2013-1' AND b.pensum='5' AND b.c_uni_ca='2' AND status IN ('7','A','2') AND a.c_asigna=b.c_asigna AND a.c_asigna IN ('300314') [1][0] OK
C:[14/05/2013 19:34:32.51][190.94.232.40][1392] SELECT pre_cod_asig1,pre_cod_asig2,pre_cod_asig3,pre_cod_asig4,pre_cod_asig5,pre_cod_asig6,pre_cod_asig7 FROM tblaca009 WHERE pensum='5' AND c_uni_ca='2' AND c_asigna='300956' [1][0] OK
C:[14/05/2013 19:34:32.51][190.94.232.40][1405] SELECT c_asigna FROM dace004 WHERE exp_e='09-20361603' AND c_asigna='300422' AND status IN ('0','3','B') [1][0] OK
C:[14/05/2013 19:34:32.51][190.94.232.40][1405] SELECT c_asigna FROM dace004 WHERE exp_e='09-20361603' AND c_asigna='300105' AND status IN ('0','3','B') [1][0] OK
C:[14/05/2013 19:34:32.51][190.94.232.40][1405] SELECT c_asigna FROM dace004 WHERE exp_e='09-20361603' AND c_asigna='300314' AND status IN ('0','3','B') [1][0] OK
C:[14/05/2013 19:34:32.51][190.94.232.40][1392] SELECT pre_cod_asig1,pre_cod_asig2,pre_cod_asig3,pre_cod_asig4,pre_cod_asig5,pre_cod_asig6,pre_cod_asig7 FROM tblaca009 WHERE pensum='5' AND c_uni_ca='2' AND c_asigna='322801' [1][0] OK
C:[14/05/2013 19:34:32.51][190.94.232.40][1405] SELECT c_asigna FROM dace004 WHERE exp_e='09-20361603' AND c_asigna='322780' AND status IN ('0','3','B') [1][0] OK
C:[14/05/2013 19:34:32.51][190.94.232.40][1405] SELECT c_asigna FROM dace004 WHERE exp_e='09-20361603' AND c_asigna='322605' AND status IN ('0','3','B') [1][0] OK
C:[14/05/2013 19:34:32.51][190.94.232.40][1392] SELECT pre_cod_asig1,pre_cod_asig2,pre_cod_asig3,pre_cod_asig4,pre_cod_asig5,pre_cod_asig6,pre_cod_asig7 FROM tblaca009 WHERE pensum='5' AND c_uni_ca='2' AND c_asigna='322827' [1][0] OK
C:[14/05/2013 19:34:32.51][190.94.232.40][1405] SELECT c_asigna FROM dace004 WHERE exp_e='09-20361603' AND c_asigna='322703' AND status IN ('0','3','B') [1][0] OK
C:[14/05/2013 19:34:32.51][190.94.232.40][1405] SELECT c_asigna FROM dace004 WHERE exp_e='09-20361603' AND c_asigna='322782' AND status IN ('0','3','B') [1][0] OK
C:[14/05/2013 19:34:32.51][190.94.232.40][1405] SELECT c_asigna FROM dace004 WHERE exp_e='09-20361603' AND c_asigna='322449' AND status IN ('0','3','B') [1][0] OK
C:[14/05/2013 19:34:32.51][190.94.232.40][1392] SELECT pre_cod_asig1,pre_cod_asig2,pre_cod_asig3,pre_cod_asig4,pre_cod_asig5,pre_cod_asig6,pre_cod_asig7 FROM tblaca009 WHERE pensum='5' AND c_uni_ca='2' AND c_asigna='300870' [1][0] OK
C:[14/05/2013 19:34:32.51][190.94.232.40][1392] SELECT pre_cod_asig1,pre_cod_asig2,pre_cod_asig3,pre_cod_asig4,pre_cod_asig5,pre_cod_asig6,pre_cod_asig7 FROM tblaca009 WHERE pensum='5' AND c_uni_ca='2' AND c_asigna='322033' [1][0] OK
C:[14/05/2013 19:34:32.51][190.94.232.40][1392] SELECT pre_cod_asig1,pre_cod_asig2,pre_cod_asig3,pre_cod_asig4,pre_cod_asig5,pre_cod_asig6,pre_cod_asig7 FROM tblaca009 WHERE pensum='5' AND c_uni_ca='2' AND c_asigna='322055' [1][0] OK
C:[14/05/2013 19:34:32.51][190.94.232.40][1392] SELECT pre_cod_asig1,pre_cod_asig2,pre_cod_asig3,pre_cod_asig4,pre_cod_asig5,pre_cod_asig6,pre_cod_asig7 FROM tblaca009 WHERE pensum='5' AND c_uni_ca='2' AND c_asigna='322070' [1][0] OK
C:[14/05/2013 19:34:32.38][190.94.232.40][1436] SELECT par_cod_asig1,par_cod_asig2,par_cod_asig3 FROM tblaca009 WHERE pensum='5' AND c_uni_ca='2' AND c_asigna='300956' [1][0] OK
C:[14/05/2013 19:34:32.38][190.94.232.40][1436] SELECT par_cod_asig1,par_cod_asig2,par_cod_asig3 FROM tblaca009 WHERE pensum='5' AND c_uni_ca='2' AND c_asigna='322801' [1][0] OK
C:[14/05/2013 19:34:32.38][190.94.232.40][1436] SELECT par_cod_asig1,par_cod_asig2,par_cod_asig3 FROM tblaca009 WHERE pensum='5' AND c_uni_ca='2' AND c_asigna='322827' [1][0] OK
C:[14/05/2013 19:34:32.38][190.94.232.40][1436] SELECT par_cod_asig1,par_cod_asig2,par_cod_asig3 FROM tblaca009 WHERE pensum='5' AND c_uni_ca='2' AND c_asigna='300870' [1][0] OK
C:[14/05/2013 19:34:32.38][190.94.232.40][1436] SELECT par_cod_asig1,par_cod_asig2,par_cod_asig3 FROM tblaca009 WHERE pensum='5' AND c_uni_ca='2' AND c_asigna='322033' [1][0] OK
C:[14/05/2013 19:34:32.38][190.94.232.40][1436] SELECT par_cod_asig1,par_cod_asig2,par_cod_asig3 FROM tblaca009 WHERE pensum='5' AND c_uni_ca='2' AND c_asigna='322055' [1][0] OK
C:[14/05/2013 19:34:32.38][190.94.232.40][1436] SELECT par_cod_asig1,par_cod_asig2,par_cod_asig3 FROM tblaca009 WHERE pensum='5' AND c_uni_ca='2' AND c_asigna='322070' [1][0] OK
C:[14/05/2013 19:34:32.27][190.94.232.40][1566] SELECT horas_lab FROM tblaca008 WHERE c_asigna='300956' AND horas_teoricas > 0 [1][0] OK
C:[14/05/2013 19:34:32.38][190.94.232.40][1600] SELECT sum(u_creditos*1) FROM dace006 a, tblaca009 b WHERE a.exp_e='09-20361603' AND a.lapso='2013-1' AND b.pensum='5' AND b.c_uni_ca='2' AND status IN ('7','A','2') AND a.c_asigna=b.c_asigna  [1][0] OK
C:[14/05/2013 19:34:33.76][190.94.232.40][1619] SELECT sum(u_creditos*1) FROM dace006 a, tblaca009 b WHERE a.exp_e='09-20361603' AND a.lapso='2013-1' AND b.pensum='5' AND b.c_uni_ca='2' AND status IN ('7','A','2') AND a.c_asigna=b.c_asigna AND a.c_asigna IN ('322801','322827','300870','322033','322055','322070') [1][0] OK
C:[14/05/2013 19:34:33.69][190.94.232.40][1635] SELECT MAX(semestre) FROM dace006 a, tblaca009 b WHERE a.exp_e='09-20361603' AND a.lapso='2013-1' AND b.pensum='5' AND b.c_uni_ca='2' AND status IN ('7','A','2') AND a.c_asigna=b.c_asigna  [1][0] OK
C:[14/05/2013 19:34:33.07][190.94.232.40][1655] SELECT MIN(semestre) FROM dace006 a, tblaca009 b WHERE a.exp_e='09-20361603' AND a.lapso='2013-1' AND b.pensum='5' AND b.c_uni_ca='2' AND status IN ('7','A','2') AND a.c_asigna=b.c_asigna AND a.c_asigna IN ('300956') [1][0] OK
C:[14/05/2013 20:44:41.02][68.171.231.90][1392] SELECT pre_cod_asig1,pre_cod_asig2,pre_cod_asig3,pre_cod_asig4,pre_cod_asig5,pre_cod_asig6,pre_cod_asig7 FROM tblaca009 WHERE pensum='5' AND c_uni_ca='6' AND c_asigna='300113' [1][0] OK
C:[14/05/2013 20:44:41.02][68.171.231.90][1392] SELECT pre_cod_asig1,pre_cod_asig2,pre_cod_asig3,pre_cod_asig4,pre_cod_asig5,pre_cod_asig6,pre_cod_asig7 FROM tblaca009 WHERE pensum='5' AND c_uni_ca='6' AND c_asigna='300013' [1][0] OK
C:[14/05/2013 20:44:41.31][68.171.231.90][1436] SELECT par_cod_asig1,par_cod_asig2,par_cod_asig3 FROM tblaca009 WHERE pensum='5' AND c_uni_ca='6' AND c_asigna='300113' [1][0] OK
C:[14/05/2013 20:44:41.31][68.171.231.90][1450] SELECT c_asigna FROM dace004 WHERE exp_e='06-14611248' AND c_asigna='300013' AND status IN ('0','3','B','C') [0][0] OK
C:[14/05/2013 20:44:41.31][68.171.231.90][1436] SELECT par_cod_asig1,par_cod_asig2,par_cod_asig3 FROM tblaca009 WHERE pensum='5' AND c_uni_ca='6' AND c_asigna='300013' [1][0] OK
C:[14/05/2013 20:44:41.66][68.171.231.90][1566] SELECT horas_lab FROM tblaca008 WHERE c_asigna='300113' AND horas_teoricas > 0 [0][0] OK
C:[14/05/2013 20:44:41.77][68.171.231.90][1600] SELECT sum(u_creditos*1) FROM dace006 a, tblaca009 b WHERE a.exp_e='06-14611248' AND a.lapso='2013-1' AND b.pensum='5' AND b.c_uni_ca='6' AND status IN ('7','A','2') AND a.c_asigna=b.c_asigna  [1][0] OK
C:[14/05/2013 20:44:42.40][68.171.231.90][1619] SELECT sum(u_creditos*1) FROM dace006 a, tblaca009 b WHERE a.exp_e='06-14611248' AND a.lapso='2013-1' AND b.pensum='5' AND b.c_uni_ca='6' AND status IN ('7','A','2') AND a.c_asigna=b.c_asigna AND a.c_asigna IN ('300013') [1][0] OK
C:[14/05/2013 20:44:42.33][68.171.231.90][1635] SELECT MAX(semestre) FROM dace006 a, tblaca009 b WHERE a.exp_e='06-14611248' AND a.lapso='2013-1' AND b.pensum='5' AND b.c_uni_ca='6' AND status IN ('7','A','2') AND a.c_asigna=b.c_asigna  [1][0] OK
C:[14/05/2013 20:44:42.98][68.171.231.90][1655] SELECT MIN(semestre) FROM dace006 a, tblaca009 b WHERE a.exp_e='06-14611248' AND a.lapso='2013-1' AND b.pensum='5' AND b.c_uni_ca='6' AND status IN ('7','A','2') AND a.c_asigna=b.c_asigna AND a.c_asigna IN ('300113') [1][0] OK
C:[14/05/2013 22:02:55.81][190.202.221.150][1392] SELECT pre_cod_asig1,pre_cod_asig2,pre_cod_asig3,pre_cod_asig4,pre_cod_asig5,pre_cod_asig6,pre_cod_asig7 FROM tblaca009 WHERE pensum='5' AND c_uni_ca='5' AND c_asigna='300106' [1][0] OK
C:[14/05/2013 22:02:55.81][190.202.221.150][1392] SELECT pre_cod_asig1,pre_cod_asig2,pre_cod_asig3,pre_cod_asig4,pre_cod_asig5,pre_cod_asig6,pre_cod_asig7 FROM tblaca009 WHERE pensum='5' AND c_uni_ca='5' AND c_asigna='300113' [1][0] OK
C:[14/05/2013 22:02:55.81][190.202.221.150][1392] SELECT pre_cod_asig1,pre_cod_asig2,pre_cod_asig3,pre_cod_asig4,pre_cod_asig5,pre_cod_asig6,pre_cod_asig7 FROM tblaca009 WHERE pensum='5' AND c_uni_ca='5' AND c_asigna='300101' [1][0] OK
C:[14/05/2013 22:02:55.81][190.202.221.150][1392] SELECT pre_cod_asig1,pre_cod_asig2,pre_cod_asig3,pre_cod_asig4,pre_cod_asig5,pre_cod_asig6,pre_cod_asig7 FROM tblaca009 WHERE pensum='5' AND c_uni_ca='5' AND c_asigna='300112' [1][0] OK
C:[14/05/2013 22:02:55.81][190.202.221.150][1392] SELECT pre_cod_asig1,pre_cod_asig2,pre_cod_asig3,pre_cod_asig4,pre_cod_asig5,pre_cod_asig6,pre_cod_asig7 FROM tblaca009 WHERE pensum='5' AND c_uni_ca='5' AND c_asigna='300013' [1][0] OK
C:[14/05/2013 22:02:55.81][190.202.221.150][1392] SELECT pre_cod_asig1,pre_cod_asig2,pre_cod_asig3,pre_cod_asig4,pre_cod_asig5,pre_cod_asig6,pre_cod_asig7 FROM tblaca009 WHERE pensum='5' AND c_uni_ca='5' AND c_asigna='300105' [1][0] OK
C:[14/05/2013 22:02:55.81][190.202.221.150][1392] SELECT pre_cod_asig1,pre_cod_asig2,pre_cod_asig3,pre_cod_asig4,pre_cod_asig5,pre_cod_asig6,pre_cod_asig7 FROM tblaca009 WHERE pensum='5' AND c_uni_ca='5' AND c_asigna='300116' [1][0] OK
C:[14/05/2013 22:02:55.69][190.202.221.150][1436] SELECT par_cod_asig1,par_cod_asig2,par_cod_asig3 FROM tblaca009 WHERE pensum='5' AND c_uni_ca='5' AND c_asigna='300106' [1][0] OK
C:[14/05/2013 22:02:55.69][190.202.221.150][1436] SELECT par_cod_asig1,par_cod_asig2,par_cod_asig3 FROM tblaca009 WHERE pensum='5' AND c_uni_ca='5' AND c_asigna='300113' [1][0] OK
C:[14/05/2013 22:02:55.69][190.202.221.150][1450] SELECT c_asigna FROM dace004 WHERE exp_e='13-25083094' AND c_asigna='300013' AND status IN ('0','3','B','C') [0][0] OK
C:[14/05/2013 22:02:55.69][190.202.221.150][1436] SELECT par_cod_asig1,par_cod_asig2,par_cod_asig3 FROM tblaca009 WHERE pensum='5' AND c_uni_ca='5' AND c_asigna='300101' [1][0] OK
C:[14/05/2013 22:02:55.69][190.202.221.150][1436] SELECT par_cod_asig1,par_cod_asig2,par_cod_asig3 FROM tblaca009 WHERE pensum='5' AND c_uni_ca='5' AND c_asigna='300112' [1][0] OK
C:[14/05/2013 22:02:55.69][190.202.221.150][1436] SELECT par_cod_asig1,par_cod_asig2,par_cod_asig3 FROM tblaca009 WHERE pensum='5' AND c_uni_ca='5' AND c_asigna='300013' [1][0] OK
C:[14/05/2013 22:02:55.69][190.202.221.150][1436] SELECT par_cod_asig1,par_cod_asig2,par_cod_asig3 FROM tblaca009 WHERE pensum='5' AND c_uni_ca='5' AND c_asigna='300105' [1][0] OK
C:[14/05/2013 22:02:55.69][190.202.221.150][1436] SELECT par_cod_asig1,par_cod_asig2,par_cod_asig3 FROM tblaca009 WHERE pensum='5' AND c_uni_ca='5' AND c_asigna='300116' [1][0] OK
C:[14/05/2013 22:02:55.72][190.202.221.150][1566] SELECT horas_lab FROM tblaca008 WHERE c_asigna='300106' AND horas_teoricas > 0 [0][0] OK
C:[14/05/2013 22:02:55.72][190.202.221.150][1566] SELECT horas_lab FROM tblaca008 WHERE c_asigna='300113' AND horas_teoricas > 0 [0][0] OK
C:[14/05/2013 22:02:55.94][190.202.221.150][1600] SELECT sum(u_creditos*1) FROM dace006 a, tblaca009 b WHERE a.exp_e='13-25083094' AND a.lapso='2013-1' AND b.pensum='5' AND b.c_uni_ca='5' AND status IN ('7','A','2') AND a.c_asigna=b.c_asigna  [1][0] OK
C:[14/05/2013 22:02:55.88][190.202.221.150][1619] SELECT sum(u_creditos*1) FROM dace006 a, tblaca009 b WHERE a.exp_e='13-25083094' AND a.lapso='2013-1' AND b.pensum='5' AND b.c_uni_ca='5' AND status IN ('7','A','2') AND a.c_asigna=b.c_asigna AND a.c_asigna IN ('300101','300112','300013','300105','300116') [1][0] OK
C:[14/05/2013 22:02:55.82][190.202.221.150][1635] SELECT MAX(semestre) FROM dace006 a, tblaca009 b WHERE a.exp_e='13-25083094' AND a.lapso='2013-1' AND b.pensum='5' AND b.c_uni_ca='5' AND status IN ('7','A','2') AND a.c_asigna=b.c_asigna  [1][0] OK
C:[14/05/2013 22:02:55.76][190.202.221.150][1655] SELECT MIN(semestre) FROM dace006 a, tblaca009 b WHERE a.exp_e='13-25083094' AND a.lapso='2013-1' AND b.pensum='5' AND b.c_uni_ca='5' AND status IN ('7','A','2') AND a.c_asigna=b.c_asigna AND a.c_asigna IN ('300106','300113') [1][0] OK
C:[14/05/2013 22:33:40.38][190.73.127.51][1392] SELECT pre_cod_asig1,pre_cod_asig2,pre_cod_asig3,pre_cod_asig4,pre_cod_asig5,pre_cod_asig6,pre_cod_asig7 FROM tblaca009 WHERE pensum='5' AND c_uni_ca='5' AND c_asigna='351330' [1][0] OK
C:[14/05/2013 22:33:40.38][190.73.127.51][1405] SELECT c_asigna FROM dace004 WHERE exp_e='10-20701820' AND c_asigna='300218' AND status IN ('0','3','B') [1][0] OK
C:[14/05/2013 22:33:40.38][190.73.127.51][1392] SELECT pre_cod_asig1,pre_cod_asig2,pre_cod_asig3,pre_cod_asig4,pre_cod_asig5,pre_cod_asig6,pre_cod_asig7 FROM tblaca009 WHERE pensum='5' AND c_uni_ca='5' AND c_asigna='300313' [1][0] OK
C:[14/05/2013 22:33:40.38][190.73.127.51][1405] SELECT c_asigna FROM dace004 WHERE exp_e='10-20701820' AND c_asigna='300213' AND status IN ('0','3','B') [1][0] OK
C:[14/05/2013 22:33:40.38][190.73.127.51][1405] SELECT c_asigna FROM dace004 WHERE exp_e='10-20701820' AND c_asigna='300226' AND status IN ('0','3','B') [1][0] OK
C:[14/05/2013 22:33:40.38][190.73.127.51][1405] SELECT c_asigna FROM dace004 WHERE exp_e='10-20701820' AND c_asigna='300222' AND status IN ('0','3','B') [1][0] OK
C:[14/05/2013 22:33:40.38][190.73.127.51][1405] SELECT c_asigna FROM dace004 WHERE exp_e='10-20701820' AND c_asigna='300209' AND status IN ('0','3','B') [1][0] OK
C:[14/05/2013 22:33:40.38][190.73.127.51][1392] SELECT pre_cod_asig1,pre_cod_asig2,pre_cod_asig3,pre_cod_asig4,pre_cod_asig5,pre_cod_asig6,pre_cod_asig7 FROM tblaca009 WHERE pensum='5' AND c_uni_ca='5' AND c_asigna='300428' [1][0] OK
C:[14/05/2013 22:33:40.38][190.73.127.51][1405] SELECT c_asigna FROM dace004 WHERE exp_e='10-20701820' AND c_asigna='300317' AND status IN ('0','3','B') [1][0] OK
C:[14/05/2013 22:33:40.38][190.73.127.51][1405] SELECT c_asigna FROM dace004 WHERE exp_e='10-20701820' AND c_asigna='300209' AND status IN ('0','3','B') [1][0] OK
C:[14/05/2013 22:33:40.38][190.73.127.51][1392] SELECT pre_cod_asig1,pre_cod_asig2,pre_cod_asig3,pre_cod_asig4,pre_cod_asig5,pre_cod_asig6,pre_cod_asig7 FROM tblaca009 WHERE pensum='5' AND c_uni_ca='5' AND c_asigna='352440' [1][0] OK
C:[14/05/2013 22:33:40.38][190.73.127.51][1405] SELECT c_asigna FROM dace004 WHERE exp_e='10-20701820' AND c_asigna='300317' AND status IN ('0','3','B') [1][0] OK
C:[14/05/2013 22:33:40.38][190.73.127.51][1405] SELECT c_asigna FROM dace004 WHERE exp_e='10-20701820' AND c_asigna='300013' AND status IN ('0','3','B') [1][0] OK
C:[14/05/2013 22:33:40.38][190.73.127.51][1405] SELECT c_asigna FROM dace004 WHERE exp_e='10-20701820' AND c_asigna='300113' AND status IN ('0','3','B') [1][0] OK
C:[14/05/2013 22:33:41.13][190.73.127.51][1436] SELECT par_cod_asig1,par_cod_asig2,par_cod_asig3 FROM tblaca009 WHERE pensum='5' AND c_uni_ca='5' AND c_asigna='351330' [1][0] OK
C:[14/05/2013 22:33:41.13][190.73.127.51][1450] SELECT c_asigna FROM dace004 WHERE exp_e='10-20701820' AND c_asigna='300318' AND status IN ('0','3','B','C') [1][0] OK
C:[14/05/2013 22:33:41.13][190.73.127.51][1450] SELECT c_asigna FROM dace004 WHERE exp_e='10-20701820' AND c_asigna='300317' AND status IN ('0','3','B','C') [1][0] OK
C:[14/05/2013 22:33:41.13][190.73.127.51][1436] SELECT par_cod_asig1,par_cod_asig2,par_cod_asig3 FROM tblaca009 WHERE pensum='5' AND c_uni_ca='5' AND c_asigna='300313' [1][0] OK
C:[14/05/2013 22:33:41.13][190.73.127.51][1436] SELECT par_cod_asig1,par_cod_asig2,par_cod_asig3 FROM tblaca009 WHERE pensum='5' AND c_uni_ca='5' AND c_asigna='300428' [1][0] OK
C:[14/05/2013 22:33:41.13][190.73.127.51][1436] SELECT par_cod_asig1,par_cod_asig2,par_cod_asig3 FROM tblaca009 WHERE pensum='5' AND c_uni_ca='5' AND c_asigna='352440' [1][0] OK
C:[14/05/2013 22:33:41.89][190.73.127.51][1566] SELECT horas_lab FROM tblaca008 WHERE c_asigna='351330' AND horas_teoricas > 0 [1][0] OK
C:[14/05/2013 22:33:41.00][190.73.127.51][1600] SELECT sum(u_creditos*1) FROM dace006 a, tblaca009 b WHERE a.exp_e='10-20701820' AND a.lapso='2013-1' AND b.pensum='5' AND b.c_uni_ca='5' AND status IN ('7','A','2') AND a.c_asigna=b.c_asigna  [1][0] OK
C:[14/05/2013 22:33:41.75][190.73.127.51][1619] SELECT sum(u_creditos*1) FROM dace006 a, tblaca009 b WHERE a.exp_e='10-20701820' AND a.lapso='2013-1' AND b.pensum='5' AND b.c_uni_ca='5' AND status IN ('7','A','2') AND a.c_asigna=b.c_asigna AND a.c_asigna IN ('300313','300428','352440') [1][0] OK
C:[14/05/2013 22:33:41.82][190.73.127.51][1635] SELECT MAX(semestre) FROM dace006 a, tblaca009 b WHERE a.exp_e='10-20701820' AND a.lapso='2013-1' AND b.pensum='5' AND b.c_uni_ca='5' AND status IN ('7','A','2') AND a.c_asigna=b.c_asigna  [1][0] OK
C:[14/05/2013 22:33:41.90][190.73.127.51][1655] SELECT MIN(semestre) FROM dace006 a, tblaca009 b WHERE a.exp_e='10-20701820' AND a.lapso='2013-1' AND b.pensum='5' AND b.c_uni_ca='5' AND status IN ('7','A','2') AND a.c_asigna=b.c_asigna AND a.c_asigna IN ('351330') [1][0] OK
C:[14/05/2013 22:42:44.15][190.76.64.55][1392] SELECT pre_cod_asig1,pre_cod_asig2,pre_cod_asig3,pre_cod_asig4,pre_cod_asig5,pre_cod_asig6,pre_cod_asig7 FROM tblaca009 WHERE pensum='5' AND c_uni_ca='3' AND c_asigna='311933' [1][0] OK
C:[14/05/2013 22:42:44.15][190.76.64.55][1392] SELECT pre_cod_asig1,pre_cod_asig2,pre_cod_asig3,pre_cod_asig4,pre_cod_asig5,pre_cod_asig6,pre_cod_asig7 FROM tblaca009 WHERE pensum='5' AND c_uni_ca='3' AND c_asigna='300956' [1][0] OK
C:[14/05/2013 22:42:44.15][190.76.64.55][1405] SELECT c_asigna FROM dace004 WHERE exp_e='08-19536430' AND c_asigna='300422' AND status IN ('0','3','B') [1][0] OK
C:[14/05/2013 22:42:44.15][190.76.64.55][1405] SELECT c_asigna FROM dace004 WHERE exp_e='08-19536430' AND c_asigna='300105' AND status IN ('0','3','B') [1][0] OK
C:[14/05/2013 22:42:44.15][190.76.64.55][1405] SELECT c_asigna FROM dace004 WHERE exp_e='08-19536430' AND c_asigna='300314' AND status IN ('0','3','B') [1][0] OK
C:[14/05/2013 22:42:44.15][190.76.64.55][1392] SELECT pre_cod_asig1,pre_cod_asig2,pre_cod_asig3,pre_cod_asig4,pre_cod_asig5,pre_cod_asig6,pre_cod_asig7 FROM tblaca009 WHERE pensum='5' AND c_uni_ca='3' AND c_asigna='311939' [1][0] OK
C:[14/05/2013 22:42:44.15][190.76.64.55][1392] SELECT pre_cod_asig1,pre_cod_asig2,pre_cod_asig3,pre_cod_asig4,pre_cod_asig5,pre_cod_asig6,pre_cod_asig7 FROM tblaca009 WHERE pensum='5' AND c_uni_ca='3' AND c_asigna='300890' [1][0] OK
C:[14/05/2013 22:42:44.15][190.76.64.55][1392] SELECT pre_cod_asig1,pre_cod_asig2,pre_cod_asig3,pre_cod_asig4,pre_cod_asig5,pre_cod_asig6,pre_cod_asig7 FROM tblaca009 WHERE pensum='5' AND c_uni_ca='3' AND c_asigna='311100' [1][0] OK
C:[14/05/2013 22:42:44.15][190.76.64.55][1436] SELECT par_cod_asig1,par_cod_asig2,par_cod_asig3 FROM tblaca009 WHERE pensum='5' AND c_uni_ca='3' AND c_asigna='311933' [1][0] OK
C:[14/05/2013 22:42:44.15][190.76.64.55][1436] SELECT par_cod_asig1,par_cod_asig2,par_cod_asig3 FROM tblaca009 WHERE pensum='5' AND c_uni_ca='3' AND c_asigna='300956' [1][0] OK
C:[14/05/2013 22:42:44.15][190.76.64.55][1436] SELECT par_cod_asig1,par_cod_asig2,par_cod_asig3 FROM tblaca009 WHERE pensum='5' AND c_uni_ca='3' AND c_asigna='311939' [1][0] OK
C:[14/05/2013 22:42:44.15][190.76.64.55][1450] SELECT c_asigna FROM dace004 WHERE exp_e='08-19536430' AND c_asigna='300956' AND status IN ('0','3','B','C') [0][0] OK
C:[14/05/2013 22:42:44.15][190.76.64.55][1436] SELECT par_cod_asig1,par_cod_asig2,par_cod_asig3 FROM tblaca009 WHERE pensum='5' AND c_uni_ca='3' AND c_asigna='300890' [1][0] OK
C:[14/05/2013 22:42:44.15][190.76.64.55][1436] SELECT par_cod_asig1,par_cod_asig2,par_cod_asig3 FROM tblaca009 WHERE pensum='5' AND c_uni_ca='3' AND c_asigna='311100' [1][0] OK
C:[14/05/2013 22:42:44.92][190.76.64.55][1566] SELECT horas_lab FROM tblaca008 WHERE c_asigna='311933' AND horas_teoricas > 0 [1][0] OK
C:[14/05/2013 22:42:44.02][190.76.64.55][1600] SELECT sum(u_creditos*1) FROM dace006 a, tblaca009 b WHERE a.exp_e='08-19536430' AND a.lapso='2013-1' AND b.pensum='5' AND b.c_uni_ca='3' AND status IN ('7','A','2') AND a.c_asigna=b.c_asigna  [1][0] OK
C:[14/05/2013 22:42:44.40][190.76.64.55][1619] SELECT sum(u_creditos*1) FROM dace006 a, tblaca009 b WHERE a.exp_e='08-19536430' AND a.lapso='2013-1' AND b.pensum='5' AND b.c_uni_ca='3' AND status IN ('7','A','2') AND a.c_asigna=b.c_asigna AND a.c_asigna IN ('300956','311939','300890','311100') [1][0] OK
C:[14/05/2013 22:42:44.79][190.76.64.55][1635] SELECT MAX(semestre) FROM dace006 a, tblaca009 b WHERE a.exp_e='08-19536430' AND a.lapso='2013-1' AND b.pensum='5' AND b.c_uni_ca='3' AND status IN ('7','A','2') AND a.c_asigna=b.c_asigna  [1][0] OK
C:[14/05/2013 22:42:44.15][190.76.64.55][1655] SELECT MIN(semestre) FROM dace006 a, tblaca009 b WHERE a.exp_e='08-19536430' AND a.lapso='2013-1' AND b.pensum='5' AND b.c_uni_ca='3' AND status IN ('7','A','2') AND a.c_asigna=b.c_asigna AND a.c_asigna IN ('311933') [1][0] OK
C:[15/05/2013 08:10:20.18][190.202.98.217][1392] SELECT pre_cod_asig1,pre_cod_asig2,pre_cod_asig3,pre_cod_asig4,pre_cod_asig5,pre_cod_asig6,pre_cod_asig7 FROM tblaca009 WHERE pensum='5' AND c_uni_ca='3' AND c_asigna='311704' [1][0] OK
C:[15/05/2013 08:10:20.18][190.202.98.217][1405] SELECT c_asigna FROM dace004 WHERE exp_e='08-16834051' AND c_asigna='315671' AND status IN ('0','3','B') [1][0] OK
C:[15/05/2013 08:10:20.18][190.202.98.217][1392] SELECT pre_cod_asig1,pre_cod_asig2,pre_cod_asig3,pre_cod_asig4,pre_cod_asig5,pre_cod_asig6,pre_cod_asig7 FROM tblaca009 WHERE pensum='5' AND c_uni_ca='3' AND c_asigna='311554' [1][0] OK
C:[15/05/2013 08:10:20.18][190.202.98.217][1405] SELECT c_asigna FROM dace004 WHERE exp_e='08-16834051' AND c_asigna='300318' AND status IN ('0','3','B') [1][0] OK
C:[15/05/2013 08:10:20.18][190.202.98.217][1405] SELECT c_asigna FROM dace004 WHERE exp_e='08-16834051' AND c_asigna='300428' AND status IN ('0','3','B') [1][0] OK
C:[15/05/2013 08:10:20.18][190.202.98.217][1392] SELECT pre_cod_asig1,pre_cod_asig2,pre_cod_asig3,pre_cod_asig4,pre_cod_asig5,pre_cod_asig6,pre_cod_asig7 FROM tblaca009 WHERE pensum='5' AND c_uni_ca='3' AND c_asigna='310548' [1][0] OK
C:[15/05/2013 08:10:20.18][190.202.98.217][1405] SELECT c_asigna FROM dace004 WHERE exp_e='08-16834051' AND c_asigna='300428' AND status IN ('0','3','B') [1][0] OK
C:[15/05/2013 08:10:20.18][190.202.98.217][1405] SELECT c_asigna FROM dace004 WHERE exp_e='08-16834051' AND c_asigna='300313' AND status IN ('0','3','B') [1][0] OK
C:[15/05/2013 08:10:20.18][190.202.98.217][1405] SELECT c_asigna FROM dace004 WHERE exp_e='08-16834051' AND c_asigna='300222' AND status IN ('0','3','B') [1][0] OK
C:[15/05/2013 08:10:20.18][190.202.98.217][1405] SELECT c_asigna FROM dace004 WHERE exp_e='08-16834051' AND c_asigna='300226' AND status IN ('0','3','B') [1][0] OK
C:[15/05/2013 08:10:20.18][190.202.98.217][1405] SELECT c_asigna FROM dace004 WHERE exp_e='08-16834051' AND c_asigna='300209' AND status IN ('0','3','B') [1][0] OK
C:[15/05/2013 08:10:21.56][190.202.98.217][1436] SELECT par_cod_asig1,par_cod_asig2,par_cod_asig3 FROM tblaca009 WHERE pensum='5' AND c_uni_ca='3' AND c_asigna='311704' [1][0] OK
C:[15/05/2013 08:10:21.56][190.202.98.217][1436] SELECT par_cod_asig1,par_cod_asig2,par_cod_asig3 FROM tblaca009 WHERE pensum='5' AND c_uni_ca='3' AND c_asigna='311554' [1][0] OK
C:[15/05/2013 08:10:21.56][190.202.98.217][1436] SELECT par_cod_asig1,par_cod_asig2,par_cod_asig3 FROM tblaca009 WHERE pensum='5' AND c_uni_ca='3' AND c_asigna='310548' [1][0] OK
C:[15/05/2013 08:10:21.95][190.202.98.217][1566] SELECT horas_lab FROM tblaca008 WHERE c_asigna='311704' AND horas_teoricas > 0 [1][0] OK
C:[15/05/2013 08:10:21.06][190.202.98.217][1600] SELECT sum(u_creditos*1) FROM dace006 a, tblaca009 b WHERE a.exp_e='08-16834051' AND a.lapso='2013-1' AND b.pensum='5' AND b.c_uni_ca='3' AND status IN ('7','A','2') AND a.c_asigna=b.c_asigna  [1][0] OK
C:[15/05/2013 08:10:21.44][190.202.98.217][1619] SELECT sum(u_creditos*1) FROM dace006 a, tblaca009 b WHERE a.exp_e='08-16834051' AND a.lapso='2013-1' AND b.pensum='5' AND b.c_uni_ca='3' AND status IN ('7','A','2') AND a.c_asigna=b.c_asigna AND a.c_asigna IN ('311554','310548') [1][0] OK
C:[15/05/2013 08:10:21.81][190.202.98.217][1635] SELECT MAX(semestre) FROM dace006 a, tblaca009 b WHERE a.exp_e='08-16834051' AND a.lapso='2013-1' AND b.pensum='5' AND b.c_uni_ca='3' AND status IN ('7','A','2') AND a.c_asigna=b.c_asigna  [1][0] OK
C:[15/05/2013 08:10:21.19][190.202.98.217][1655] SELECT MIN(semestre) FROM dace006 a, tblaca009 b WHERE a.exp_e='08-16834051' AND a.lapso='2013-1' AND b.pensum='5' AND b.c_uni_ca='3' AND status IN ('7','A','2') AND a.c_asigna=b.c_asigna AND a.c_asigna IN ('311704') [1][0] OK
C:[15/05/2013 08:11:21.65][190.205.148.15][1392] SELECT pre_cod_asig1,pre_cod_asig2,pre_cod_asig3,pre_cod_asig4,pre_cod_asig5,pre_cod_asig6,pre_cod_asig7 FROM tblaca009 WHERE pensum='5' AND c_uni_ca='3' AND c_asigna='300422' [1][0] OK
C:[15/05/2013 08:11:21.65][190.205.148.15][1405] SELECT c_asigna FROM dace004 WHERE exp_e='05-18521568' AND c_asigna='300105' AND status IN ('0','3','B') [1][0] OK
C:[15/05/2013 08:11:21.65][190.205.148.15][1405] SELECT c_asigna FROM dace004 WHERE exp_e='05-18521568' AND c_asigna='300314' AND status IN ('0','3','B') [1][0] OK
C:[15/05/2013 08:11:21.03][190.205.148.15][1436] SELECT par_cod_asig1,par_cod_asig2,par_cod_asig3 FROM tblaca009 WHERE pensum='5' AND c_uni_ca='3' AND c_asigna='300422' [1][0] OK
C:[15/05/2013 08:11:21.17][190.205.148.15][1600] SELECT sum(u_creditos*1) FROM dace006 a, tblaca009 b WHERE a.exp_e='05-18521568' AND a.lapso='2013-1' AND b.pensum='5' AND b.c_uni_ca='3' AND status IN ('7','A','2') AND a.c_asigna=b.c_asigna  [1][0] OK
C:[15/05/2013 08:11:21.65][190.205.148.15][1619] SELECT sum(u_creditos*1) FROM dace006 a, tblaca009 b WHERE a.exp_e='05-18521568' AND a.lapso='2013-1' AND b.pensum='5' AND b.c_uni_ca='3' AND status IN ('7','A','2') AND a.c_asigna=b.c_asigna AND a.c_asigna IN ('300422') [1][0] OK
C:[15/05/2013 08:11:21.03][190.205.148.15][1635] SELECT MAX(semestre) FROM dace006 a, tblaca009 b WHERE a.exp_e='05-18521568' AND a.lapso='2013-1' AND b.pensum='5' AND b.c_uni_ca='3' AND status IN ('7','A','2') AND a.c_asigna=b.c_asigna  [1][0] OK
C:[15/05/2013 08:11:38.55][190.202.98.217][1392] SELECT pre_cod_asig1,pre_cod_asig2,pre_cod_asig3,pre_cod_asig4,pre_cod_asig5,pre_cod_asig6,pre_cod_asig7 FROM tblaca009 WHERE pensum='5' AND c_uni_ca='3' AND c_asigna='311704' [1][0] OK
C:[15/05/2013 08:11:38.55][190.202.98.217][1405] SELECT c_asigna FROM dace004 WHERE exp_e='08-16834051' AND c_asigna='315671' AND status IN ('0','3','B') [1][0] OK
C:[15/05/2013 08:11:38.55][190.202.98.217][1392] SELECT pre_cod_asig1,pre_cod_asig2,pre_cod_asig3,pre_cod_asig4,pre_cod_asig5,pre_cod_asig6,pre_cod_asig7 FROM tblaca009 WHERE pensum='5' AND c_uni_ca='3' AND c_asigna='311554' [1][0] OK
C:[15/05/2013 08:11:38.55][190.202.98.217][1405] SELECT c_asigna FROM dace004 WHERE exp_e='08-16834051' AND c_asigna='300318' AND status IN ('0','3','B') [1][0] OK
C:[15/05/2013 08:11:38.55][190.202.98.217][1405] SELECT c_asigna FROM dace004 WHERE exp_e='08-16834051' AND c_asigna='300428' AND status IN ('0','3','B') [1][0] OK
C:[15/05/2013 08:11:38.55][190.202.98.217][1392] SELECT pre_cod_asig1,pre_cod_asig2,pre_cod_asig3,pre_cod_asig4,pre_cod_asig5,pre_cod_asig6,pre_cod_asig7 FROM tblaca009 WHERE pensum='5' AND c_uni_ca='3' AND c_asigna='310548' [1][0] OK
C:[15/05/2013 08:11:38.55][190.202.98.217][1405] SELECT c_asigna FROM dace004 WHERE exp_e='08-16834051' AND c_asigna='300428' AND status IN ('0','3','B') [1][0] OK
C:[15/05/2013 08:11:38.55][190.202.98.217][1405] SELECT c_asigna FROM dace004 WHERE exp_e='08-16834051' AND c_asigna='300313' AND status IN ('0','3','B') [1][0] OK
C:[15/05/2013 08:11:38.55][190.202.98.217][1405] SELECT c_asigna FROM dace004 WHERE exp_e='08-16834051' AND c_asigna='300222' AND status IN ('0','3','B') [1][0] OK
C:[15/05/2013 08:11:38.55][190.202.98.217][1405] SELECT c_asigna FROM dace004 WHERE exp_e='08-16834051' AND c_asigna='300226' AND status IN ('0','3','B') [1][0] OK
C:[15/05/2013 08:11:38.55][190.202.98.217][1405] SELECT c_asigna FROM dace004 WHERE exp_e='08-16834051' AND c_asigna='300209' AND status IN ('0','3','B') [1][0] OK
C:[15/05/2013 08:11:38.93][190.202.98.217][1436] SELECT par_cod_asig1,par_cod_asig2,par_cod_asig3 FROM tblaca009 WHERE pensum='5' AND c_uni_ca='3' AND c_asigna='311704' [1][0] OK
C:[15/05/2013 08:11:38.93][190.202.98.217][1436] SELECT par_cod_asig1,par_cod_asig2,par_cod_asig3 FROM tblaca009 WHERE pensum='5' AND c_uni_ca='3' AND c_asigna='311554' [1][0] OK
C:[15/05/2013 08:11:38.93][190.202.98.217][1436] SELECT par_cod_asig1,par_cod_asig2,par_cod_asig3 FROM tblaca009 WHERE pensum='5' AND c_uni_ca='3' AND c_asigna='310548' [1][0] OK
C:[15/05/2013 08:11:38.31][190.202.98.217][1566] SELECT horas_lab FROM tblaca008 WHERE c_asigna='311704' AND horas_teoricas > 0 [1][0] OK
C:[15/05/2013 08:11:38.43][190.202.98.217][1600] SELECT sum(u_creditos*1) FROM dace006 a, tblaca009 b WHERE a.exp_e='08-16834051' AND a.lapso='2013-1' AND b.pensum='5' AND b.c_uni_ca='3' AND status IN ('7','A','2') AND a.c_asigna=b.c_asigna  [1][0] OK
C:[15/05/2013 08:11:38.37][190.202.98.217][1619] SELECT sum(u_creditos*1) FROM dace006 a, tblaca009 b WHERE a.exp_e='08-16834051' AND a.lapso='2013-1' AND b.pensum='5' AND b.c_uni_ca='3' AND status IN ('7','A','2') AND a.c_asigna=b.c_asigna AND a.c_asigna IN ('311554','310548') [1][0] OK
C:[15/05/2013 08:11:38.74][190.202.98.217][1635] SELECT MAX(semestre) FROM dace006 a, tblaca009 b WHERE a.exp_e='08-16834051' AND a.lapso='2013-1' AND b.pensum='5' AND b.c_uni_ca='3' AND status IN ('7','A','2') AND a.c_asigna=b.c_asigna  [1][0] OK
C:[15/05/2013 08:11:38.68][190.202.98.217][1655] SELECT MIN(semestre) FROM dace006 a, tblaca009 b WHERE a.exp_e='08-16834051' AND a.lapso='2013-1' AND b.pensum='5' AND b.c_uni_ca='3' AND status IN ('7','A','2') AND a.c_asigna=b.c_asigna AND a.c_asigna IN ('311704') [1][0] OK
C:[15/05/2013 08:13:16.68][190.205.148.15][1392] SELECT pre_cod_asig1,pre_cod_asig2,pre_cod_asig3,pre_cod_asig4,pre_cod_asig5,pre_cod_asig6,pre_cod_asig7 FROM tblaca009 WHERE pensum='5' AND c_uni_ca='3' AND c_asigna='300422' [1][0] OK
C:[15/05/2013 08:13:16.68][190.205.148.15][1405] SELECT c_asigna FROM dace004 WHERE exp_e='05-18521568' AND c_asigna='300105' AND status IN ('0','3','B') [1][0] OK
C:[15/05/2013 08:13:16.68][190.205.148.15][1405] SELECT c_asigna FROM dace004 WHERE exp_e='05-18521568' AND c_asigna='300314' AND status IN ('0','3','B') [1][0] OK
C:[15/05/2013 08:13:16.05][190.205.148.15][1436] SELECT par_cod_asig1,par_cod_asig2,par_cod_asig3 FROM tblaca009 WHERE pensum='5' AND c_uni_ca='3' AND c_asigna='300422' [1][0] OK
C:[15/05/2013 08:13:16.20][190.205.148.15][1600] SELECT sum(u_creditos*1) FROM dace006 a, tblaca009 b WHERE a.exp_e='05-18521568' AND a.lapso='2013-1' AND b.pensum='5' AND b.c_uni_ca='3' AND status IN ('7','A','2') AND a.c_asigna=b.c_asigna  [1][0] OK
C:[15/05/2013 08:13:16.56][190.205.148.15][1619] SELECT sum(u_creditos*1) FROM dace006 a, tblaca009 b WHERE a.exp_e='05-18521568' AND a.lapso='2013-1' AND b.pensum='5' AND b.c_uni_ca='3' AND status IN ('7','A','2') AND a.c_asigna=b.c_asigna AND a.c_asigna IN ('300422') [1][0] OK
C:[15/05/2013 08:13:16.93][190.205.148.15][1635] SELECT MAX(semestre) FROM dace006 a, tblaca009 b WHERE a.exp_e='05-18521568' AND a.lapso='2013-1' AND b.pensum='5' AND b.c_uni_ca='3' AND status IN ('7','A','2') AND a.c_asigna=b.c_asigna  [1][0] OK
C:[15/05/2013 08:15:31.71][190.205.148.15][1392] SELECT pre_cod_asig1,pre_cod_asig2,pre_cod_asig3,pre_cod_asig4,pre_cod_asig5,pre_cod_asig6,pre_cod_asig7 FROM tblaca009 WHERE pensum='5' AND c_uni_ca='3' AND c_asigna='300422' [1][0] OK
C:[15/05/2013 08:15:31.71][190.205.148.15][1405] SELECT c_asigna FROM dace004 WHERE exp_e='05-18521568' AND c_asigna='300105' AND status IN ('0','3','B') [1][0] OK
C:[15/05/2013 08:15:31.71][190.205.148.15][1405] SELECT c_asigna FROM dace004 WHERE exp_e='05-18521568' AND c_asigna='300314' AND status IN ('0','3','B') [1][0] OK
C:[15/05/2013 08:15:31.08][190.205.148.15][1436] SELECT par_cod_asig1,par_cod_asig2,par_cod_asig3 FROM tblaca009 WHERE pensum='5' AND c_uni_ca='3' AND c_asigna='300422' [1][0] OK
C:[15/05/2013 08:15:31.23][190.205.148.15][1600] SELECT sum(u_creditos*1) FROM dace006 a, tblaca009 b WHERE a.exp_e='05-18521568' AND a.lapso='2013-1' AND b.pensum='5' AND b.c_uni_ca='3' AND status IN ('7','A','2') AND a.c_asigna=b.c_asigna  [1][0] OK
C:[15/05/2013 08:15:31.58][190.205.148.15][1619] SELECT sum(u_creditos*1) FROM dace006 a, tblaca009 b WHERE a.exp_e='05-18521568' AND a.lapso='2013-1' AND b.pensum='5' AND b.c_uni_ca='3' AND status IN ('7','A','2') AND a.c_asigna=b.c_asigna AND a.c_asigna IN ('300422') [1][0] OK
C:[15/05/2013 08:15:31.96][190.205.148.15][1635] SELECT MAX(semestre) FROM dace006 a, tblaca009 b WHERE a.exp_e='05-18521568' AND a.lapso='2013-1' AND b.pensum='5' AND b.c_uni_ca='3' AND status IN ('7','A','2') AND a.c_asigna=b.c_asigna  [1][0] OK
C:[15/05/2013 08:20:41.78][190.202.98.217][1392] SELECT pre_cod_asig1,pre_cod_asig2,pre_cod_asig3,pre_cod_asig4,pre_cod_asig5,pre_cod_asig6,pre_cod_asig7 FROM tblaca009 WHERE pensum='5' AND c_uni_ca='3' AND c_asigna='311704' [1][0] OK
C:[15/05/2013 08:20:41.78][190.202.98.217][1405] SELECT c_asigna FROM dace004 WHERE exp_e='08-16834051' AND c_asigna='315671' AND status IN ('0','3','B') [1][0] OK
C:[15/05/2013 08:20:41.78][190.202.98.217][1392] SELECT pre_cod_asig1,pre_cod_asig2,pre_cod_asig3,pre_cod_asig4,pre_cod_asig5,pre_cod_asig6,pre_cod_asig7 FROM tblaca009 WHERE pensum='5' AND c_uni_ca='3' AND c_asigna='311554' [1][0] OK
C:[15/05/2013 08:20:41.78][190.202.98.217][1405] SELECT c_asigna FROM dace004 WHERE exp_e='08-16834051' AND c_asigna='300318' AND status IN ('0','3','B') [1][0] OK
C:[15/05/2013 08:20:41.78][190.202.98.217][1405] SELECT c_asigna FROM dace004 WHERE exp_e='08-16834051' AND c_asigna='300428' AND status IN ('0','3','B') [1][0] OK
C:[15/05/2013 08:20:41.78][190.202.98.217][1392] SELECT pre_cod_asig1,pre_cod_asig2,pre_cod_asig3,pre_cod_asig4,pre_cod_asig5,pre_cod_asig6,pre_cod_asig7 FROM tblaca009 WHERE pensum='5' AND c_uni_ca='3' AND c_asigna='310548' [1][0] OK
C:[15/05/2013 08:20:41.78][190.202.98.217][1405] SELECT c_asigna FROM dace004 WHERE exp_e='08-16834051' AND c_asigna='300428' AND status IN ('0','3','B') [1][0] OK
C:[15/05/2013 08:20:41.78][190.202.98.217][1405] SELECT c_asigna FROM dace004 WHERE exp_e='08-16834051' AND c_asigna='300313' AND status IN ('0','3','B') [1][0] OK
C:[15/05/2013 08:20:41.78][190.202.98.217][1405] SELECT c_asigna FROM dace004 WHERE exp_e='08-16834051' AND c_asigna='300222' AND status IN ('0','3','B') [1][0] OK
C:[15/05/2013 08:20:41.78][190.202.98.217][1405] SELECT c_asigna FROM dace004 WHERE exp_e='08-16834051' AND c_asigna='300226' AND status IN ('0','3','B') [1][0] OK
C:[15/05/2013 08:20:41.78][190.202.98.217][1405] SELECT c_asigna FROM dace004 WHERE exp_e='08-16834051' AND c_asigna='300209' AND status IN ('0','3','B') [1][0] OK
C:[15/05/2013 08:20:42.16][190.202.98.217][1436] SELECT par_cod_asig1,par_cod_asig2,par_cod_asig3 FROM tblaca009 WHERE pensum='5' AND c_uni_ca='3' AND c_asigna='311704' [1][0] OK
C:[15/05/2013 08:20:42.16][190.202.98.217][1436] SELECT par_cod_asig1,par_cod_asig2,par_cod_asig3 FROM tblaca009 WHERE pensum='5' AND c_uni_ca='3' AND c_asigna='311554' [1][0] OK
C:[15/05/2013 08:20:42.16][190.202.98.217][1436] SELECT par_cod_asig1,par_cod_asig2,par_cod_asig3 FROM tblaca009 WHERE pensum='5' AND c_uni_ca='3' AND c_asigna='310548' [1][0] OK
C:[15/05/2013 08:20:42.54][190.202.98.217][1566] SELECT horas_lab FROM tblaca008 WHERE c_asigna='311704' AND horas_teoricas > 0 [1][0] OK
C:[15/05/2013 08:20:42.66][190.202.98.217][1600] SELECT sum(u_creditos*1) FROM dace006 a, tblaca009 b WHERE a.exp_e='08-16834051' AND a.lapso='2013-1' AND b.pensum='5' AND b.c_uni_ca='3' AND status IN ('7','A','2') AND a.c_asigna=b.c_asigna  [1][0] OK
C:[15/05/2013 08:20:42.60][190.202.98.217][1619] SELECT sum(u_creditos*1) FROM dace006 a, tblaca009 b WHERE a.exp_e='08-16834051' AND a.lapso='2013-1' AND b.pensum='5' AND b.c_uni_ca='3' AND status IN ('7','A','2') AND a.c_asigna=b.c_asigna AND a.c_asigna IN ('311554','310548') [1][0] OK
C:[15/05/2013 08:20:42.97][190.202.98.217][1635] SELECT MAX(semestre) FROM dace006 a, tblaca009 b WHERE a.exp_e='08-16834051' AND a.lapso='2013-1' AND b.pensum='5' AND b.c_uni_ca='3' AND status IN ('7','A','2') AND a.c_asigna=b.c_asigna  [1][0] OK
C:[15/05/2013 08:20:42.35][190.202.98.217][1655] SELECT MIN(semestre) FROM dace006 a, tblaca009 b WHERE a.exp_e='08-16834051' AND a.lapso='2013-1' AND b.pensum='5' AND b.c_uni_ca='3' AND status IN ('7','A','2') AND a.c_asigna=b.c_asigna AND a.c_asigna IN ('311704') [1][0] OK
C:[15/05/2013 09:38:57.19][190.199.82.147][1392] SELECT pre_cod_asig1,pre_cod_asig2,pre_cod_asig3,pre_cod_asig4,pre_cod_asig5,pre_cod_asig6,pre_cod_asig7 FROM tblaca009 WHERE pensum='5' AND c_uni_ca='6' AND c_asigna='344687' [1][0] OK
C:[15/05/2013 09:38:57.19][190.199.82.147][1405] SELECT c_asigna FROM dace004 WHERE exp_e='06-18666807' AND c_asigna='344565' AND status IN ('0','3','B') [1][0] OK
C:[15/05/2013 09:38:57.19][190.199.82.147][1392] SELECT pre_cod_asig1,pre_cod_asig2,pre_cod_asig3,pre_cod_asig4,pre_cod_asig5,pre_cod_asig6,pre_cod_asig7 FROM tblaca009 WHERE pensum='5' AND c_uni_ca='6' AND c_asigna='344566' [1][0] OK
C:[15/05/2013 09:38:57.19][190.199.82.147][1405] SELECT c_asigna FROM dace004 WHERE exp_e='06-18666807' AND c_asigna='344446' AND status IN ('0','3','B') [1][0] OK
C:[15/05/2013 09:38:57.19][190.199.82.147][1405] SELECT c_asigna FROM dace004 WHERE exp_e='06-18666807' AND c_asigna='300428' AND status IN ('0','3','B') [1][0] OK
C:[15/05/2013 09:38:57.19][190.199.82.147][1405] SELECT c_asigna FROM dace004 WHERE exp_e='06-18666807' AND c_asigna='300209' AND status IN ('0','3','B') [1][0] OK
C:[15/05/2013 09:38:57.19][190.199.82.147][1405] SELECT c_asigna FROM dace004 WHERE exp_e='06-18666807' AND c_asigna='300222' AND status IN ('0','3','B') [1][0] OK
C:[15/05/2013 09:38:57.19][190.199.82.147][1405] SELECT c_asigna FROM dace004 WHERE exp_e='06-18666807' AND c_asigna='300226' AND status IN ('0','3','B') [1][0] OK
C:[15/05/2013 09:38:57.19][190.199.82.147][1405] SELECT c_asigna FROM dace004 WHERE exp_e='06-18666807' AND c_asigna='300317' AND status IN ('0','3','B') [1][0] OK
C:[15/05/2013 09:38:57.19][190.199.82.147][1405] SELECT c_asigna FROM dace004 WHERE exp_e='06-18666807' AND c_asigna='300313' AND status IN ('0','3','B') [1][0] OK
C:[15/05/2013 09:38:57.19][190.199.82.147][1392] SELECT pre_cod_asig1,pre_cod_asig2,pre_cod_asig3,pre_cod_asig4,pre_cod_asig5,pre_cod_asig6,pre_cod_asig7 FROM tblaca009 WHERE pensum='5' AND c_uni_ca='6' AND c_asigna='342567' [1][0] OK
C:[15/05/2013 09:38:57.19][190.199.82.147][1405] SELECT c_asigna FROM dace004 WHERE exp_e='06-18666807' AND c_asigna='342444' AND status IN ('0','3','B') [1][0] OK
C:[15/05/2013 09:38:57.19][190.199.82.147][1392] SELECT pre_cod_asig1,pre_cod_asig2,pre_cod_asig3,pre_cod_asig4,pre_cod_asig5,pre_cod_asig6,pre_cod_asig7 FROM tblaca009 WHERE pensum='5' AND c_uni_ca='6' AND c_asigna='300676' [1][0] OK
C:[15/05/2013 09:38:58.82][190.199.82.147][1436] SELECT par_cod_asig1,par_cod_asig2,par_cod_asig3 FROM tblaca009 WHERE pensum='5' AND c_uni_ca='6' AND c_asigna='344687' [1][0] OK
C:[15/05/2013 09:38:58.82][190.199.82.147][1436] SELECT par_cod_asig1,par_cod_asig2,par_cod_asig3 FROM tblaca009 WHERE pensum='5' AND c_uni_ca='6' AND c_asigna='344566' [1][0] OK
C:[15/05/2013 09:38:58.82][190.199.82.147][1436] SELECT par_cod_asig1,par_cod_asig2,par_cod_asig3 FROM tblaca009 WHERE pensum='5' AND c_uni_ca='6' AND c_asigna='342567' [1][0] OK
C:[15/05/2013 09:38:58.82][190.199.82.147][1436] SELECT par_cod_asig1,par_cod_asig2,par_cod_asig3 FROM tblaca009 WHERE pensum='5' AND c_uni_ca='6' AND c_asigna='300676' [1][0] OK
C:[15/05/2013 09:38:58.33][190.199.82.147][1566] SELECT horas_lab FROM tblaca008 WHERE c_asigna='344687' AND horas_teoricas > 0 [1][0] OK
C:[15/05/2013 09:38:58.44][190.199.82.147][1600] SELECT sum(u_creditos*1) FROM dace006 a, tblaca009 b WHERE a.exp_e='06-18666807' AND a.lapso='2013-1' AND b.pensum='5' AND b.c_uni_ca='6' AND status IN ('7','A','2') AND a.c_asigna=b.c_asigna  [1][0] OK
C:[15/05/2013 09:38:58.82][190.199.82.147][1619] SELECT sum(u_creditos*1) FROM dace006 a, tblaca009 b WHERE a.exp_e='06-18666807' AND a.lapso='2013-1' AND b.pensum='5' AND b.c_uni_ca='6' AND status IN ('7','A','2') AND a.c_asigna=b.c_asigna AND a.c_asigna IN ('344566','342567','300676') [1][0] OK
C:[15/05/2013 09:38:58.19][190.199.82.147][1635] SELECT MAX(semestre) FROM dace006 a, tblaca009 b WHERE a.exp_e='06-18666807' AND a.lapso='2013-1' AND b.pensum='5' AND b.c_uni_ca='6' AND status IN ('7','A','2') AND a.c_asigna=b.c_asigna  [1][0] OK
C:[15/05/2013 09:38:58.57][190.199.82.147][1655] SELECT MIN(semestre) FROM dace006 a, tblaca009 b WHERE a.exp_e='06-18666807' AND a.lapso='2013-1' AND b.pensum='5' AND b.c_uni_ca='6' AND status IN ('7','A','2') AND a.c_asigna=b.c_asigna AND a.c_asigna IN ('344687') [1][0] OK
C:[15/05/2013 10:55:09.56][190.77.207.233][1392] SELECT pre_cod_asig1,pre_cod_asig2,pre_cod_asig3,pre_cod_asig4,pre_cod_asig5,pre_cod_asig6,pre_cod_asig7 FROM tblaca009 WHERE pensum='5' AND c_uni_ca='6' AND c_asigna='344687' [1][0] OK
C:[15/05/2013 10:55:09.56][190.77.207.233][1405] SELECT c_asigna FROM dace004 WHERE exp_e='10-21132839' AND c_asigna='344565' AND status IN ('0','3','B') [1][0] OK
C:[15/05/2013 10:55:09.56][190.77.207.233][1392] SELECT pre_cod_asig1,pre_cod_asig2,pre_cod_asig3,pre_cod_asig4,pre_cod_asig5,pre_cod_asig6,pre_cod_asig7 FROM tblaca009 WHERE pensum='5' AND c_uni_ca='6' AND c_asigna='342436' [1][0] OK
C:[15/05/2013 10:55:09.56][190.77.207.233][1405] SELECT c_asigna FROM dace004 WHERE exp_e='10-21132839' AND c_asigna='300318' AND status IN ('0','3','B') [1][0] OK
C:[15/05/2013 10:55:09.56][190.77.207.233][1405] SELECT c_asigna FROM dace004 WHERE exp_e='10-21132839' AND c_asigna='300317' AND status IN ('0','3','B') [1][0] OK
C:[15/05/2013 10:55:09.56][190.77.207.233][1392] SELECT pre_cod_asig1,pre_cod_asig2,pre_cod_asig3,pre_cod_asig4,pre_cod_asig5,pre_cod_asig6,pre_cod_asig7 FROM tblaca009 WHERE pensum='5' AND c_uni_ca='6' AND c_asigna='342567' [1][0] OK
C:[15/05/2013 10:55:09.56][190.77.207.233][1405] SELECT c_asigna FROM dace004 WHERE exp_e='10-21132839' AND c_asigna='342444' AND status IN ('0','3','B') [1][0] OK
C:[15/05/2013 10:55:09.56][190.77.207.233][1392] SELECT pre_cod_asig1,pre_cod_asig2,pre_cod_asig3,pre_cod_asig4,pre_cod_asig5,pre_cod_asig6,pre_cod_asig7 FROM tblaca009 WHERE pensum='5' AND c_uni_ca='6' AND c_asigna='344566' [1][0] OK
C:[15/05/2013 10:55:09.56][190.77.207.233][1405] SELECT c_asigna FROM dace004 WHERE exp_e='10-21132839' AND c_asigna='344446' AND status IN ('0','3','B') [1][0] OK
C:[15/05/2013 10:55:09.56][190.77.207.233][1405] SELECT c_asigna FROM dace004 WHERE exp_e='10-21132839' AND c_asigna='300428' AND status IN ('0','3','B') [1][0] OK
C:[15/05/2013 10:55:09.56][190.77.207.233][1405] SELECT c_asigna FROM dace004 WHERE exp_e='10-21132839' AND c_asigna='300209' AND status IN ('0','3','B') [1][0] OK
C:[15/05/2013 10:55:09.56][190.77.207.233][1405] SELECT c_asigna FROM dace004 WHERE exp_e='10-21132839' AND c_asigna='300222' AND status IN ('0','3','B') [1][0] OK
C:[15/05/2013 10:55:09.56][190.77.207.233][1405] SELECT c_asigna FROM dace004 WHERE exp_e='10-21132839' AND c_asigna='300226' AND status IN ('0','3','B') [1][0] OK
C:[15/05/2013 10:55:09.56][190.77.207.233][1405] SELECT c_asigna FROM dace004 WHERE exp_e='10-21132839' AND c_asigna='300317' AND status IN ('0','3','B') [1][0] OK
C:[15/05/2013 10:55:09.56][190.77.207.233][1405] SELECT c_asigna FROM dace004 WHERE exp_e='10-21132839' AND c_asigna='300313' AND status IN ('0','3','B') [1][0] OK
C:[15/05/2013 10:55:09.56][190.77.207.233][1392] SELECT pre_cod_asig1,pre_cod_asig2,pre_cod_asig3,pre_cod_asig4,pre_cod_asig5,pre_cod_asig6,pre_cod_asig7 FROM tblaca009 WHERE pensum='5' AND c_uni_ca='6' AND c_asigna='300676' [1][0] OK
C:[15/05/2013 10:55:10.17][190.77.207.233][1436] SELECT par_cod_asig1,par_cod_asig2,par_cod_asig3 FROM tblaca009 WHERE pensum='5' AND c_uni_ca='6' AND c_asigna='344687' [1][0] OK
C:[15/05/2013 10:55:10.17][190.77.207.233][1436] SELECT par_cod_asig1,par_cod_asig2,par_cod_asig3 FROM tblaca009 WHERE pensum='5' AND c_uni_ca='6' AND c_asigna='342436' [1][0] OK
C:[15/05/2013 10:55:10.17][190.77.207.233][1436] SELECT par_cod_asig1,par_cod_asig2,par_cod_asig3 FROM tblaca009 WHERE pensum='5' AND c_uni_ca='6' AND c_asigna='342567' [1][0] OK
C:[15/05/2013 10:55:10.17][190.77.207.233][1436] SELECT par_cod_asig1,par_cod_asig2,par_cod_asig3 FROM tblaca009 WHERE pensum='5' AND c_uni_ca='6' AND c_asigna='344566' [1][0] OK
C:[15/05/2013 10:55:10.17][190.77.207.233][1436] SELECT par_cod_asig1,par_cod_asig2,par_cod_asig3 FROM tblaca009 WHERE pensum='5' AND c_uni_ca='6' AND c_asigna='300676' [1][0] OK
C:[15/05/2013 10:55:10.76][190.77.207.233][1566] SELECT horas_lab FROM tblaca008 WHERE c_asigna='344687' AND horas_teoricas > 0 [1][0] OK
C:[15/05/2013 10:55:10.87][190.77.207.233][1600] SELECT sum(u_creditos*1) FROM dace006 a, tblaca009 b WHERE a.exp_e='10-21132839' AND a.lapso='2013-1' AND b.pensum='5' AND b.c_uni_ca='6' AND status IN ('7','A','2') AND a.c_asigna=b.c_asigna  [1][0] OK
C:[15/05/2013 10:55:10.25][190.77.207.233][1619] SELECT sum(u_creditos*1) FROM dace006 a, tblaca009 b WHERE a.exp_e='10-21132839' AND a.lapso='2013-1' AND b.pensum='5' AND b.c_uni_ca='6' AND status IN ('7','A','2') AND a.c_asigna=b.c_asigna AND a.c_asigna IN ('342436','342567','344566','300676') [1][0] OK
C:[15/05/2013 10:55:10.62][190.77.207.233][1635] SELECT MAX(semestre) FROM dace006 a, tblaca009 b WHERE a.exp_e='10-21132839' AND a.lapso='2013-1' AND b.pensum='5' AND b.c_uni_ca='6' AND status IN ('7','A','2') AND a.c_asigna=b.c_asigna  [1][0] OK
C:[15/05/2013 10:55:10.00][190.77.207.233][1655] SELECT MIN(semestre) FROM dace006 a, tblaca009 b WHERE a.exp_e='10-21132839' AND a.lapso='2013-1' AND b.pensum='5' AND b.c_uni_ca='6' AND status IN ('7','A','2') AND a.c_asigna=b.c_asigna AND a.c_asigna IN ('344687') [1][0] OK
C:[15/05/2013 11:00:27.14][190.199.82.147][1392] SELECT pre_cod_asig1,pre_cod_asig2,pre_cod_asig3,pre_cod_asig4,pre_cod_asig5,pre_cod_asig6,pre_cod_asig7 FROM tblaca009 WHERE pensum='5' AND c_uni_ca='6' AND c_asigna='340327' [1][0] OK
C:[15/05/2013 11:00:27.14][190.199.82.147][1405] SELECT c_asigna FROM dace004 WHERE exp_e='12-23533863' AND c_asigna='300013' AND status IN ('0','3','B') [1][0] OK
C:[15/05/2013 11:00:27.14][190.199.82.147][1405] SELECT c_asigna FROM dace004 WHERE exp_e='12-23533863' AND c_asigna='300113' AND status IN ('0','3','B') [1][0] OK
C:[15/05/2013 11:00:27.14][190.199.82.147][1392] SELECT pre_cod_asig1,pre_cod_asig2,pre_cod_asig3,pre_cod_asig4,pre_cod_asig5,pre_cod_asig6,pre_cod_asig7 FROM tblaca009 WHERE pensum='5' AND c_uni_ca='6' AND c_asigna='300101' [1][0] OK
C:[15/05/2013 11:00:27.14][190.199.82.147][1392] SELECT pre_cod_asig1,pre_cod_asig2,pre_cod_asig3,pre_cod_asig4,pre_cod_asig5,pre_cod_asig6,pre_cod_asig7 FROM tblaca009 WHERE pensum='5' AND c_uni_ca='6' AND c_asigna='300222' [1][0] OK
C:[15/05/2013 11:00:27.14][190.199.82.147][1405] SELECT c_asigna FROM dace004 WHERE exp_e='12-23533863' AND c_asigna='300112' AND status IN ('0','3','B') [1][0] OK
C:[15/05/2013 11:00:27.14][190.199.82.147][1392] SELECT pre_cod_asig1,pre_cod_asig2,pre_cod_asig3,pre_cod_asig4,pre_cod_asig5,pre_cod_asig6,pre_cod_asig7 FROM tblaca009 WHERE pensum='5' AND c_uni_ca='6' AND c_asigna='300226' [1][0] OK
C:[15/05/2013 11:00:27.14][190.199.82.147][1405] SELECT c_asigna FROM dace004 WHERE exp_e='12-23533863' AND c_asigna='300116' AND status IN ('0','3','B') [1][0] OK
C:[15/05/2013 11:00:27.14][190.199.82.147][1392] SELECT pre_cod_asig1,pre_cod_asig2,pre_cod_asig3,pre_cod_asig4,pre_cod_asig5,pre_cod_asig6,pre_cod_asig7 FROM tblaca009 WHERE pensum='5' AND c_uni_ca='6' AND c_asigna='300314' [1][0] OK
C:[15/05/2013 11:00:27.14][190.199.82.147][1405] SELECT c_asigna FROM dace004 WHERE exp_e='12-23533863' AND c_asigna='300106' AND status IN ('0','3','B') [1][0] OK
C:[15/05/2013 11:00:27.95][190.199.82.147][1436] SELECT par_cod_asig1,par_cod_asig2,par_cod_asig3 FROM tblaca009 WHERE pensum='5' AND c_uni_ca='6' AND c_asigna='340327' [1][0] OK
C:[15/05/2013 11:00:27.95][190.199.82.147][1436] SELECT par_cod_asig1,par_cod_asig2,par_cod_asig3 FROM tblaca009 WHERE pensum='5' AND c_uni_ca='6' AND c_asigna='300101' [1][0] OK
C:[15/05/2013 11:00:27.95][190.199.82.147][1436] SELECT par_cod_asig1,par_cod_asig2,par_cod_asig3 FROM tblaca009 WHERE pensum='5' AND c_uni_ca='6' AND c_asigna='300222' [1][0] OK
C:[15/05/2013 11:00:27.95][190.199.82.147][1436] SELECT par_cod_asig1,par_cod_asig2,par_cod_asig3 FROM tblaca009 WHERE pensum='5' AND c_uni_ca='6' AND c_asigna='300226' [1][0] OK
C:[15/05/2013 11:00:27.95][190.199.82.147][1436] SELECT par_cod_asig1,par_cod_asig2,par_cod_asig3 FROM tblaca009 WHERE pensum='5' AND c_uni_ca='6' AND c_asigna='300314' [1][0] OK
C:[15/05/2013 11:00:28.59][190.199.82.147][1566] SELECT horas_lab FROM tblaca008 WHERE c_asigna='340327' AND horas_teoricas > 0 [1][0] OK
C:[15/05/2013 11:00:28.70][190.199.82.147][1600] SELECT sum(u_creditos*1) FROM dace006 a, tblaca009 b WHERE a.exp_e='12-23533863' AND a.lapso='2013-1' AND b.pensum='5' AND b.c_uni_ca='6' AND status IN ('7','A','2') AND a.c_asigna=b.c_asigna  [1][0] OK
C:[15/05/2013 11:00:28.08][190.199.82.147][1619] SELECT sum(u_creditos*1) FROM dace006 a, tblaca009 b WHERE a.exp_e='12-23533863' AND a.lapso='2013-1' AND b.pensum='5' AND b.c_uni_ca='6' AND status IN ('7','A','2') AND a.c_asigna=b.c_asigna AND a.c_asigna IN ('300101','300222','300226','300314') [1][0] OK
C:[15/05/2013 11:00:28.02][190.199.82.147][1635] SELECT MAX(semestre) FROM dace006 a, tblaca009 b WHERE a.exp_e='12-23533863' AND a.lapso='2013-1' AND b.pensum='5' AND b.c_uni_ca='6' AND status IN ('7','A','2') AND a.c_asigna=b.c_asigna  [1][0] OK
C:[15/05/2013 11:00:28.39][190.199.82.147][1655] SELECT MIN(semestre) FROM dace006 a, tblaca009 b WHERE a.exp_e='12-23533863' AND a.lapso='2013-1' AND b.pensum='5' AND b.c_uni_ca='6' AND status IN ('7','A','2') AND a.c_asigna=b.c_asigna AND a.c_asigna IN ('340327') [1][0] OK
C:[15/05/2013 11:09:11.35][172.16.8.125][1392] SELECT pre_cod_asig1,pre_cod_asig2,pre_cod_asig3,pre_cod_asig4,pre_cod_asig5,pre_cod_asig6,pre_cod_asig7 FROM tblaca009 WHERE pensum='5' AND c_uni_ca='6' AND c_asigna='300314' [1][0] OK
C:[15/05/2013 11:09:11.35][172.16.8.125][1405] SELECT c_asigna FROM dace004 WHERE exp_e='12-23966912' AND c_asigna='300106' AND status IN ('0','3','B') [1][0] OK
C:[15/05/2013 11:09:11.35][172.16.8.125][1392] SELECT pre_cod_asig1,pre_cod_asig2,pre_cod_asig3,pre_cod_asig4,pre_cod_asig5,pre_cod_asig6,pre_cod_asig7 FROM tblaca009 WHERE pensum='5' AND c_uni_ca='6' AND c_asigna='300101' [1][0] OK
C:[15/05/2013 11:09:11.35][172.16.8.125][1392] SELECT pre_cod_asig1,pre_cod_asig2,pre_cod_asig3,pre_cod_asig4,pre_cod_asig5,pre_cod_asig6,pre_cod_asig7 FROM tblaca009 WHERE pensum='5' AND c_uni_ca='6' AND c_asigna='300013' [1][0] OK
C:[15/05/2013 11:09:11.35][172.16.8.125][1392] SELECT pre_cod_asig1,pre_cod_asig2,pre_cod_asig3,pre_cod_asig4,pre_cod_asig5,pre_cod_asig6,pre_cod_asig7 FROM tblaca009 WHERE pensum='5' AND c_uni_ca='6' AND c_asigna='300112' [1][0] OK
C:[15/05/2013 11:09:11.35][172.16.8.125][1392] SELECT pre_cod_asig1,pre_cod_asig2,pre_cod_asig3,pre_cod_asig4,pre_cod_asig5,pre_cod_asig6,pre_cod_asig7 FROM tblaca009 WHERE pensum='5' AND c_uni_ca='6' AND c_asigna='300116' [1][0] OK
C:[15/05/2013 11:09:11.10][172.16.8.125][1436] SELECT par_cod_asig1,par_cod_asig2,par_cod_asig3 FROM tblaca009 WHERE pensum='5' AND c_uni_ca='6' AND c_asigna='300314' [1][0] OK
C:[15/05/2013 11:09:11.10][172.16.8.125][1436] SELECT par_cod_asig1,par_cod_asig2,par_cod_asig3 FROM tblaca009 WHERE pensum='5' AND c_uni_ca='6' AND c_asigna='300101' [1][0] OK
C:[15/05/2013 11:09:11.10][172.16.8.125][1436] SELECT par_cod_asig1,par_cod_asig2,par_cod_asig3 FROM tblaca009 WHERE pensum='5' AND c_uni_ca='6' AND c_asigna='300013' [1][0] OK
C:[15/05/2013 11:09:11.10][172.16.8.125][1436] SELECT par_cod_asig1,par_cod_asig2,par_cod_asig3 FROM tblaca009 WHERE pensum='5' AND c_uni_ca='6' AND c_asigna='300112' [1][0] OK
C:[15/05/2013 11:09:11.10][172.16.8.125][1436] SELECT par_cod_asig1,par_cod_asig2,par_cod_asig3 FROM tblaca009 WHERE pensum='5' AND c_uni_ca='6' AND c_asigna='300116' [1][0] OK
C:[15/05/2013 11:09:11.76][172.16.8.125][1566] SELECT horas_lab FROM tblaca008 WHERE c_asigna='300314' AND horas_teoricas > 0 [0][0] OK
C:[15/05/2013 11:09:12.85][172.16.8.125][1600] SELECT sum(u_creditos*1) FROM dace006 a, tblaca009 b WHERE a.exp_e='12-23966912' AND a.lapso='2013-1' AND b.pensum='5' AND b.c_uni_ca='6' AND status IN ('7','A','2') AND a.c_asigna=b.c_asigna  [1][0] OK
C:[15/05/2013 11:09:12.79][172.16.8.125][1619] SELECT sum(u_creditos*1) FROM dace006 a, tblaca009 b WHERE a.exp_e='12-23966912' AND a.lapso='2013-1' AND b.pensum='5' AND b.c_uni_ca='6' AND status IN ('7','A','2') AND a.c_asigna=b.c_asigna AND a.c_asigna IN ('300101','300013','300112','300116') [1][0] OK
C:[15/05/2013 11:09:12.73][172.16.8.125][1635] SELECT MAX(semestre) FROM dace006 a, tblaca009 b WHERE a.exp_e='12-23966912' AND a.lapso='2013-1' AND b.pensum='5' AND b.c_uni_ca='6' AND status IN ('7','A','2') AND a.c_asigna=b.c_asigna  [1][0] OK
C:[15/05/2013 11:09:12.67][172.16.8.125][1655] SELECT MIN(semestre) FROM dace006 a, tblaca009 b WHERE a.exp_e='12-23966912' AND a.lapso='2013-1' AND b.pensum='5' AND b.c_uni_ca='6' AND status IN ('7','A','2') AND a.c_asigna=b.c_asigna AND a.c_asigna IN ('300314') [1][0] OK
C:[15/05/2013 11:32:27.73][190.77.221.161][1392] SELECT pre_cod_asig1,pre_cod_asig2,pre_cod_asig3,pre_cod_asig4,pre_cod_asig5,pre_cod_asig6,pre_cod_asig7 FROM tblaca009 WHERE pensum='5' AND c_uni_ca='3' AND c_asigna='311554' [1][0] OK
C:[15/05/2013 11:32:27.73][190.77.221.161][1405] SELECT c_asigna FROM dace004 WHERE exp_e='09-20286788' AND c_asigna='300318' AND status IN ('0','3','B') [1][0] OK
C:[15/05/2013 11:32:27.73][190.77.221.161][1405] SELECT c_asigna FROM dace004 WHERE exp_e='09-20286788' AND c_asigna='300428' AND status IN ('0','3','B') [1][0] OK
C:[15/05/2013 11:32:27.73][190.77.221.161][1392] SELECT pre_cod_asig1,pre_cod_asig2,pre_cod_asig3,pre_cod_asig4,pre_cod_asig5,pre_cod_asig6,pre_cod_asig7 FROM tblaca009 WHERE pensum='5' AND c_uni_ca='3' AND c_asigna='311430' [1][0] OK
C:[15/05/2013 11:32:27.73][190.77.221.161][1405] SELECT c_asigna FROM dace004 WHERE exp_e='09-20286788' AND c_asigna='300317' AND status IN ('0','3','B') [1][0] OK
C:[15/05/2013 11:32:27.73][190.77.221.161][1405] SELECT c_asigna FROM dace004 WHERE exp_e='09-20286788' AND c_asigna='300318' AND status IN ('0','3','B') [1][0] OK
C:[15/05/2013 11:32:27.73][190.77.221.161][1405] SELECT c_asigna FROM dace004 WHERE exp_e='09-20286788' AND c_asigna='300313' AND status IN ('0','3','B') [1][0] OK
C:[15/05/2013 11:32:27.73][190.77.221.161][1405] SELECT c_asigna FROM dace004 WHERE exp_e='09-20286788' AND c_asigna='300222' AND status IN ('0','3','B') [1][0] OK
C:[15/05/2013 11:32:27.73][190.77.221.161][1405] SELECT c_asigna FROM dace004 WHERE exp_e='09-20286788' AND c_asigna='300226' AND status IN ('0','3','B') [1][0] OK
C:[15/05/2013 11:32:27.73][190.77.221.161][1405] SELECT c_asigna FROM dace004 WHERE exp_e='09-20286788' AND c_asigna='300209' AND status IN ('0','3','B') [1][0] OK
C:[15/05/2013 11:32:27.73][190.77.221.161][1392] SELECT pre_cod_asig1,pre_cod_asig2,pre_cod_asig3,pre_cod_asig4,pre_cod_asig5,pre_cod_asig6,pre_cod_asig7 FROM tblaca009 WHERE pensum='5' AND c_uni_ca='3' AND c_asigna='311431' [1][0] OK
C:[15/05/2013 11:32:27.73][190.77.221.161][1405] SELECT c_asigna FROM dace004 WHERE exp_e='09-20286788' AND c_asigna='311320' AND status IN ('0','3','B') [1][0] OK
C:[15/05/2013 11:32:27.73][190.77.221.161][1405] SELECT c_asigna FROM dace004 WHERE exp_e='09-20286788' AND c_asigna='300013' AND status IN ('0','3','B') [1][0] OK
C:[15/05/2013 11:32:27.73][190.77.221.161][1405] SELECT c_asigna FROM dace004 WHERE exp_e='09-20286788' AND c_asigna='300113' AND status IN ('0','3','B') [1][0] OK
C:[15/05/2013 11:32:27.73][190.77.221.161][1405] SELECT c_asigna FROM dace004 WHERE exp_e='09-20286788' AND c_asigna='300222' AND status IN ('0','3','B') [1][0] OK
C:[15/05/2013 11:32:27.73][190.77.221.161][1405] SELECT c_asigna FROM dace004 WHERE exp_e='09-20286788' AND c_asigna='300226' AND status IN ('0','3','B') [1][0] OK
C:[15/05/2013 11:32:27.73][190.77.221.161][1405] SELECT c_asigna FROM dace004 WHERE exp_e='09-20286788' AND c_asigna='300209' AND status IN ('0','3','B') [1][0] OK
C:[15/05/2013 11:32:27.73][190.77.221.161][1392] SELECT pre_cod_asig1,pre_cod_asig2,pre_cod_asig3,pre_cod_asig4,pre_cod_asig5,pre_cod_asig6,pre_cod_asig7 FROM tblaca009 WHERE pensum='5' AND c_uni_ca='3' AND c_asigna='311434' [1][0] OK
C:[15/05/2013 11:32:27.73][190.77.221.161][1405] SELECT c_asigna FROM dace004 WHERE exp_e='09-20286788' AND c_asigna='300222' AND status IN ('0','3','B') [1][0] OK
C:[15/05/2013 11:32:27.73][190.77.221.161][1405] SELECT c_asigna FROM dace004 WHERE exp_e='09-20286788' AND c_asigna='300226' AND status IN ('0','3','B') [1][0] OK
C:[15/05/2013 11:32:27.73][190.77.221.161][1405] SELECT c_asigna FROM dace004 WHERE exp_e='09-20286788' AND c_asigna='300209' AND status IN ('0','3','B') [1][0] OK
C:[15/05/2013 11:32:27.73][190.77.221.161][1392] SELECT pre_cod_asig1,pre_cod_asig2,pre_cod_asig3,pre_cod_asig4,pre_cod_asig5,pre_cod_asig6,pre_cod_asig7 FROM tblaca009 WHERE pensum='5' AND c_uni_ca='3' AND c_asigna='310548' [1][0] OK
C:[15/05/2013 11:32:27.73][190.77.221.161][1405] SELECT c_asigna FROM dace004 WHERE exp_e='09-20286788' AND c_asigna='300428' AND status IN ('0','3','B') [1][0] OK
C:[15/05/2013 11:32:27.73][190.77.221.161][1405] SELECT c_asigna FROM dace004 WHERE exp_e='09-20286788' AND c_asigna='300313' AND status IN ('0','3','B') [1][0] OK
C:[15/05/2013 11:32:27.73][190.77.221.161][1405] SELECT c_asigna FROM dace004 WHERE exp_e='09-20286788' AND c_asigna='300222' AND status IN ('0','3','B') [1][0] OK
C:[15/05/2013 11:32:27.73][190.77.221.161][1405] SELECT c_asigna FROM dace004 WHERE exp_e='09-20286788' AND c_asigna='300226' AND status IN ('0','3','B') [1][0] OK
C:[15/05/2013 11:32:27.73][190.77.221.161][1405] SELECT c_asigna FROM dace004 WHERE exp_e='09-20286788' AND c_asigna='300209' AND status IN ('0','3','B') [1][0] OK
C:[15/05/2013 11:32:27.73][190.77.221.161][1392] SELECT pre_cod_asig1,pre_cod_asig2,pre_cod_asig3,pre_cod_asig4,pre_cod_asig5,pre_cod_asig6,pre_cod_asig7 FROM tblaca009 WHERE pensum='5' AND c_uni_ca='3' AND c_asigna='314787' [1][0] OK
C:[15/05/2013 11:32:27.73][190.77.221.161][1405] SELECT c_asigna FROM dace004 WHERE exp_e='09-20286788' AND c_asigna='314662' AND status IN ('0','3','B') [1][0] OK
C:[15/05/2013 11:32:28.34][190.77.221.161][1436] SELECT par_cod_asig1,par_cod_asig2,par_cod_asig3 FROM tblaca009 WHERE pensum='5' AND c_uni_ca='3' AND c_asigna='311554' [1][0] OK
C:[15/05/2013 11:32:28.34][190.77.221.161][1436] SELECT par_cod_asig1,par_cod_asig2,par_cod_asig3 FROM tblaca009 WHERE pensum='5' AND c_uni_ca='3' AND c_asigna='311430' [1][0] OK
C:[15/05/2013 11:32:28.34][190.77.221.161][1436] SELECT par_cod_asig1,par_cod_asig2,par_cod_asig3 FROM tblaca009 WHERE pensum='5' AND c_uni_ca='3' AND c_asigna='311431' [1][0] OK
C:[15/05/2013 11:32:28.34][190.77.221.161][1450] SELECT c_asigna FROM dace004 WHERE exp_e='09-20286788' AND c_asigna='311430' AND status IN ('0','3','B','C') [0][0] OK
C:[15/05/2013 11:32:28.34][190.77.221.161][1436] SELECT par_cod_asig1,par_cod_asig2,par_cod_asig3 FROM tblaca009 WHERE pensum='5' AND c_uni_ca='3' AND c_asigna='311434' [1][0] OK
C:[15/05/2013 11:32:28.34][190.77.221.161][1450] SELECT c_asigna FROM dace004 WHERE exp_e='09-20286788' AND c_asigna='311431' AND status IN ('0','3','B','C') [0][0] OK
C:[15/05/2013 11:32:28.34][190.77.221.161][1436] SELECT par_cod_asig1,par_cod_asig2,par_cod_asig3 FROM tblaca009 WHERE pensum='5' AND c_uni_ca='3' AND c_asigna='310548' [1][0] OK
C:[15/05/2013 11:32:28.34][190.77.221.161][1436] SELECT par_cod_asig1,par_cod_asig2,par_cod_asig3 FROM tblaca009 WHERE pensum='5' AND c_uni_ca='3' AND c_asigna='314787' [1][0] OK
C:[15/05/2013 11:32:28.35][190.77.221.161][1566] SELECT horas_lab FROM tblaca008 WHERE c_asigna='311554' AND horas_teoricas > 0 [1][0] OK
C:[15/05/2013 11:32:28.46][190.77.221.161][1600] SELECT sum(u_creditos*1) FROM dace006 a, tblaca009 b WHERE a.exp_e='09-20286788' AND a.lapso='2013-1' AND b.pensum='5' AND b.c_uni_ca='3' AND status IN ('7','A','2') AND a.c_asigna=b.c_asigna  [1][0] OK
C:[15/05/2013 11:32:29.41][190.77.221.161][1619] SELECT sum(u_creditos*1) FROM dace006 a, tblaca009 b WHERE a.exp_e='09-20286788' AND a.lapso='2013-1' AND b.pensum='5' AND b.c_uni_ca='3' AND status IN ('7','A','2') AND a.c_asigna=b.c_asigna AND a.c_asigna IN ('311430','311431','311434','310548','314787') [1][0] OK
C:[15/05/2013 11:32:29.34][190.77.221.161][1635] SELECT MAX(semestre) FROM dace006 a, tblaca009 b WHERE a.exp_e='09-20286788' AND a.lapso='2013-1' AND b.pensum='5' AND b.c_uni_ca='3' AND status IN ('7','A','2') AND a.c_asigna=b.c_asigna  [1][0] OK
C:[15/05/2013 11:32:29.72][190.77.221.161][1655] SELECT MIN(semestre) FROM dace006 a, tblaca009 b WHERE a.exp_e='09-20286788' AND a.lapso='2013-1' AND b.pensum='5' AND b.c_uni_ca='3' AND status IN ('7','A','2') AND a.c_asigna=b.c_asigna AND a.c_asigna IN ('311554') [1][0] OK
C:[15/05/2013 11:34:25.35][190.199.82.147][1392] SELECT pre_cod_asig1,pre_cod_asig2,pre_cod_asig3,pre_cod_asig4,pre_cod_asig5,pre_cod_asig6,pre_cod_asig7 FROM tblaca009 WHERE pensum='5' AND c_uni_ca='4' AND c_asigna='300222' [1][0] OK
C:[15/05/2013 11:34:25.35][190.199.82.147][1405] SELECT c_asigna FROM dace004 WHERE exp_e='12-23611774' AND c_asigna='300112' AND status IN ('0','3','B') [1][0] OK
C:[15/05/2013 11:34:25.35][190.199.82.147][1392] SELECT pre_cod_asig1,pre_cod_asig2,pre_cod_asig3,pre_cod_asig4,pre_cod_asig5,pre_cod_asig6,pre_cod_asig7 FROM tblaca009 WHERE pensum='5' AND c_uni_ca='4' AND c_asigna='300207' [1][0] OK
C:[15/05/2013 11:34:25.35][190.199.82.147][1405] SELECT c_asigna FROM dace004 WHERE exp_e='12-23611774' AND c_asigna='300101' AND status IN ('0','3','B') [1][0] OK
C:[15/05/2013 11:34:25.35][190.199.82.147][1392] SELECT pre_cod_asig1,pre_cod_asig2,pre_cod_asig3,pre_cod_asig4,pre_cod_asig5,pre_cod_asig6,pre_cod_asig7 FROM tblaca009 WHERE pensum='5' AND c_uni_ca='4' AND c_asigna='300209' [1][0] OK
C:[15/05/2013 11:34:25.35][190.199.82.147][1405] SELECT c_asigna FROM dace004 WHERE exp_e='12-23611774' AND c_asigna='300101' AND status IN ('0','3','B') [1][0] OK
C:[15/05/2013 11:34:25.35][190.199.82.147][1392] SELECT pre_cod_asig1,pre_cod_asig2,pre_cod_asig3,pre_cod_asig4,pre_cod_asig5,pre_cod_asig6,pre_cod_asig7 FROM tblaca009 WHERE pensum='5' AND c_uni_ca='4' AND c_asigna='300218' [1][0] OK
C:[15/05/2013 11:34:25.35][190.199.82.147][1405] SELECT c_asigna FROM dace004 WHERE exp_e='12-23611774' AND c_asigna='300101' AND status IN ('0','3','B') [1][0] OK
C:[15/05/2013 11:34:25.35][190.199.82.147][1392] SELECT pre_cod_asig1,pre_cod_asig2,pre_cod_asig3,pre_cod_asig4,pre_cod_asig5,pre_cod_asig6,pre_cod_asig7 FROM tblaca009 WHERE pensum='5' AND c_uni_ca='4' AND c_asigna='300228' [1][0] OK
C:[15/05/2013 11:34:25.35][190.199.82.147][1405] SELECT c_asigna FROM dace004 WHERE exp_e='12-23611774' AND c_asigna='300101' AND status IN ('0','3','B') [1][0] OK
C:[15/05/2013 11:34:25.60][190.199.82.147][1436] SELECT par_cod_asig1,par_cod_asig2,par_cod_asig3 FROM tblaca009 WHERE pensum='5' AND c_uni_ca='4' AND c_asigna='300222' [1][0] OK
C:[15/05/2013 11:34:25.60][190.199.82.147][1436] SELECT par_cod_asig1,par_cod_asig2,par_cod_asig3 FROM tblaca009 WHERE pensum='5' AND c_uni_ca='4' AND c_asigna='300207' [1][0] OK
C:[15/05/2013 11:34:25.60][190.199.82.147][1436] SELECT par_cod_asig1,par_cod_asig2,par_cod_asig3 FROM tblaca009 WHERE pensum='5' AND c_uni_ca='4' AND c_asigna='300209' [1][0] OK
C:[15/05/2013 11:34:25.60][190.199.82.147][1436] SELECT par_cod_asig1,par_cod_asig2,par_cod_asig3 FROM tblaca009 WHERE pensum='5' AND c_uni_ca='4' AND c_asigna='300218' [1][0] OK
C:[15/05/2013 11:34:25.60][190.199.82.147][1450] SELECT c_asigna FROM dace004 WHERE exp_e='12-23611774' AND c_asigna='300228' AND status IN ('0','3','B','C') [0][0] OK
C:[15/05/2013 11:34:25.60][190.199.82.147][1436] SELECT par_cod_asig1,par_cod_asig2,par_cod_asig3 FROM tblaca009 WHERE pensum='5' AND c_uni_ca='4' AND c_asigna='300228' [1][0] OK
C:[15/05/2013 11:34:26.36][190.199.82.147][1566] SELECT horas_lab FROM tblaca008 WHERE c_asigna='300222' AND horas_teoricas > 0 [1][0] OK
C:[15/05/2013 11:34:26.49][190.199.82.147][1600] SELECT sum(u_creditos*1) FROM dace006 a, tblaca009 b WHERE a.exp_e='12-23611774' AND a.lapso='2013-1' AND b.pensum='5' AND b.c_uni_ca='4' AND status IN ('7','A','2') AND a.c_asigna=b.c_asigna  [1][0] OK
C:[15/05/2013 11:34:26.43][190.199.82.147][1619] SELECT sum(u_creditos*1) FROM dace006 a, tblaca009 b WHERE a.exp_e='12-23611774' AND a.lapso='2013-1' AND b.pensum='5' AND b.c_uni_ca='4' AND status IN ('7','A','2') AND a.c_asigna=b.c_asigna AND a.c_asigna IN ('300207','300209','300218','300228') [1][0] OK
C:[15/05/2013 11:34:26.36][190.199.82.147][1635] SELECT MAX(semestre) FROM dace006 a, tblaca009 b WHERE a.exp_e='12-23611774' AND a.lapso='2013-1' AND b.pensum='5' AND b.c_uni_ca='4' AND status IN ('7','A','2') AND a.c_asigna=b.c_asigna  [1][0] OK
C:[15/05/2013 11:34:26.31][190.199.82.147][1655] SELECT MIN(semestre) FROM dace006 a, tblaca009 b WHERE a.exp_e='12-23611774' AND a.lapso='2013-1' AND b.pensum='5' AND b.c_uni_ca='4' AND status IN ('7','A','2') AND a.c_asigna=b.c_asigna AND a.c_asigna IN ('300222') [1][0] OK
C:[15/05/2013 12:40:02.45][190.198.181.141][1392] SELECT pre_cod_asig1,pre_cod_asig2,pre_cod_asig3,pre_cod_asig4,pre_cod_asig5,pre_cod_asig6,pre_cod_asig7 FROM tblaca009 WHERE pensum='5' AND c_uni_ca='4' AND c_asigna='333326' [1][0] OK
C:[15/05/2013 12:40:02.45][190.198.181.141][1392] SELECT pre_cod_asig1,pre_cod_asig2,pre_cod_asig3,pre_cod_asig4,pre_cod_asig5,pre_cod_asig6,pre_cod_asig7 FROM tblaca009 WHERE pensum='5' AND c_uni_ca='4' AND c_asigna='300314' [1][0] OK
C:[15/05/2013 12:40:02.45][190.198.181.141][1405] SELECT c_asigna FROM dace004 WHERE exp_e='11-23498261' AND c_asigna='300106' AND status IN ('0','3','B') [1][0] OK
C:[15/05/2013 12:40:02.82][190.198.181.141][1436] SELECT par_cod_asig1,par_cod_asig2,par_cod_asig3 FROM tblaca009 WHERE pensum='5' AND c_uni_ca='4' AND c_asigna='333326' [1][0] OK
C:[15/05/2013 12:40:02.82][190.198.181.141][1436] SELECT par_cod_asig1,par_cod_asig2,par_cod_asig3 FROM tblaca009 WHERE pensum='5' AND c_uni_ca='4' AND c_asigna='300314' [1][0] OK
C:[15/05/2013 12:40:02.10][190.198.181.141][1566] SELECT horas_lab FROM tblaca008 WHERE c_asigna='333326' AND horas_teoricas > 0 [1][0] OK
C:[15/05/2013 12:40:02.20][190.198.181.141][1600] SELECT sum(u_creditos*1) FROM dace006 a, tblaca009 b WHERE a.exp_e='11-23498261' AND a.lapso='2013-1' AND b.pensum='5' AND b.c_uni_ca='4' AND status IN ('7','A','2') AND a.c_asigna=b.c_asigna  [1][0] OK
C:[15/05/2013 12:40:02.14][190.198.181.141][1619] SELECT sum(u_creditos*1) FROM dace006 a, tblaca009 b WHERE a.exp_e='11-23498261' AND a.lapso='2013-1' AND b.pensum='5' AND b.c_uni_ca='4' AND status IN ('7','A','2') AND a.c_asigna=b.c_asigna AND a.c_asigna IN ('300314') [1][0] OK
C:[15/05/2013 12:40:02.51][190.198.181.141][1635] SELECT MAX(semestre) FROM dace006 a, tblaca009 b WHERE a.exp_e='11-23498261' AND a.lapso='2013-1' AND b.pensum='5' AND b.c_uni_ca='4' AND status IN ('7','A','2') AND a.c_asigna=b.c_asigna  [1][0] OK
C:[15/05/2013 12:40:02.89][190.198.181.141][1655] SELECT MIN(semestre) FROM dace006 a, tblaca009 b WHERE a.exp_e='11-23498261' AND a.lapso='2013-1' AND b.pensum='5' AND b.c_uni_ca='4' AND status IN ('7','A','2') AND a.c_asigna=b.c_asigna AND a.c_asigna IN ('333326') [1][0] OK
C:[15/05/2013 14:00:22.98][190.199.82.147][1392] SELECT pre_cod_asig1,pre_cod_asig2,pre_cod_asig3,pre_cod_asig4,pre_cod_asig5,pre_cod_asig6,pre_cod_asig7 FROM tblaca009 WHERE pensum='5' AND c_uni_ca='3' AND c_asigna='315671' [1][0] OK
C:[15/05/2013 14:00:22.98][190.199.82.147][1405] SELECT c_asigna FROM dace004 WHERE exp_e='09-21084358' AND c_asigna='315552' AND status IN ('0','3','B') [1][0] OK
C:[15/05/2013 14:00:22.98][190.199.82.147][1392] SELECT pre_cod_asig1,pre_cod_asig2,pre_cod_asig3,pre_cod_asig4,pre_cod_asig5,pre_cod_asig6,pre_cod_asig7 FROM tblaca009 WHERE pensum='5' AND c_uni_ca='3' AND c_asigna='312444' [1][0] OK
C:[15/05/2013 14:00:22.98][190.199.82.147][1405] SELECT c_asigna FROM dace004 WHERE exp_e='09-21084358' AND c_asigna='312333' AND status IN ('0','3','B') [1][0] OK
C:[15/05/2013 14:00:22.98][190.199.82.147][1392] SELECT pre_cod_asig1,pre_cod_asig2,pre_cod_asig3,pre_cod_asig4,pre_cod_asig5,pre_cod_asig6,pre_cod_asig7 FROM tblaca009 WHERE pensum='5' AND c_uni_ca='3' AND c_asigna='311551' [1][0] OK
C:[15/05/2013 14:00:22.98][190.199.82.147][1405] SELECT c_asigna FROM dace004 WHERE exp_e='09-21084358' AND c_asigna='311430' AND status IN ('0','3','B') [1][0] OK
C:[15/05/2013 14:00:22.98][190.199.82.147][1405] SELECT c_asigna FROM dace004 WHERE exp_e='09-21084358' AND c_asigna='311431' AND status IN ('0','3','B') [1][0] OK
C:[15/05/2013 14:00:22.98][190.199.82.147][1405] SELECT c_asigna FROM dace004 WHERE exp_e='09-21084358' AND c_asigna='300222' AND status IN ('0','3','B') [1][0] OK
C:[15/05/2013 14:00:22.98][190.199.82.147][1405] SELECT c_asigna FROM dace004 WHERE exp_e='09-21084358' AND c_asigna='300226' AND status IN ('0','3','B') [1][0] OK
C:[15/05/2013 14:00:22.98][190.199.82.147][1405] SELECT c_asigna FROM dace004 WHERE exp_e='09-21084358' AND c_asigna='300209' AND status IN ('0','3','B') [1][0] OK
C:[15/05/2013 14:00:22.98][190.199.82.147][1405] SELECT c_asigna FROM dace004 WHERE exp_e='09-21084358' AND c_asigna='311320' AND status IN ('0','3','B') [1][0] OK
C:[15/05/2013 14:00:22.98][190.199.82.147][1392] SELECT pre_cod_asig1,pre_cod_asig2,pre_cod_asig3,pre_cod_asig4,pre_cod_asig5,pre_cod_asig6,pre_cod_asig7 FROM tblaca009 WHERE pensum='5' AND c_uni_ca='3' AND c_asigna='311554' [1][0] OK
C:[15/05/2013 14:00:22.98][190.199.82.147][1405] SELECT c_asigna FROM dace004 WHERE exp_e='09-21084358' AND c_asigna='300318' AND status IN ('0','3','B') [1][0] OK
C:[15/05/2013 14:00:22.98][190.199.82.147][1405] SELECT c_asigna FROM dace004 WHERE exp_e='09-21084358' AND c_asigna='300428' AND status IN ('0','3','B') [1][0] OK
C:[15/05/2013 14:00:22.98][190.199.82.147][1392] SELECT pre_cod_asig1,pre_cod_asig2,pre_cod_asig3,pre_cod_asig4,pre_cod_asig5,pre_cod_asig6,pre_cod_asig7 FROM tblaca009 WHERE pensum='5' AND c_uni_ca='3' AND c_asigna='311556' [1][0] OK
C:[15/05/2013 14:00:22.98][190.199.82.147][1405] SELECT c_asigna FROM dace004 WHERE exp_e='09-21084358' AND c_asigna='311434' AND status IN ('0','3','B') [1][0] OK
C:[15/05/2013 14:00:22.98][190.199.82.147][1405] SELECT c_asigna FROM dace004 WHERE exp_e='09-21084358' AND c_asigna='311430' AND status IN ('0','3','B') [1][0] OK
C:[15/05/2013 14:00:22.98][190.199.82.147][1405] SELECT c_asigna FROM dace004 WHERE exp_e='09-21084358' AND c_asigna='300222' AND status IN ('0','3','B') [1][0] OK
C:[15/05/2013 14:00:22.98][190.199.82.147][1405] SELECT c_asigna FROM dace004 WHERE exp_e='09-21084358' AND c_asigna='300226' AND status IN ('0','3','B') [1][0] OK
C:[15/05/2013 14:00:22.98][190.199.82.147][1405] SELECT c_asigna FROM dace004 WHERE exp_e='09-21084358' AND c_asigna='300209' AND status IN ('0','3','B') [1][0] OK
C:[15/05/2013 14:00:22.98][190.199.82.147][1392] SELECT pre_cod_asig1,pre_cod_asig2,pre_cod_asig3,pre_cod_asig4,pre_cod_asig5,pre_cod_asig6,pre_cod_asig7 FROM tblaca009 WHERE pensum='5' AND c_uni_ca='3' AND c_asigna='300677' [1][0] OK
C:[15/05/2013 14:00:23.61][190.199.82.147][1436] SELECT par_cod_asig1,par_cod_asig2,par_cod_asig3 FROM tblaca009 WHERE pensum='5' AND c_uni_ca='3' AND c_asigna='315671' [1][0] OK
C:[15/05/2013 14:00:23.61][190.199.82.147][1436] SELECT par_cod_asig1,par_cod_asig2,par_cod_asig3 FROM tblaca009 WHERE pensum='5' AND c_uni_ca='3' AND c_asigna='312444' [1][0] OK
C:[15/05/2013 14:00:23.61][190.199.82.147][1436] SELECT par_cod_asig1,par_cod_asig2,par_cod_asig3 FROM tblaca009 WHERE pensum='5' AND c_uni_ca='3' AND c_asigna='311551' [1][0] OK
C:[15/05/2013 14:00:23.61][190.199.82.147][1436] SELECT par_cod_asig1,par_cod_asig2,par_cod_asig3 FROM tblaca009 WHERE pensum='5' AND c_uni_ca='3' AND c_asigna='311554' [1][0] OK
C:[15/05/2013 14:00:23.61][190.199.82.147][1436] SELECT par_cod_asig1,par_cod_asig2,par_cod_asig3 FROM tblaca009 WHERE pensum='5' AND c_uni_ca='3' AND c_asigna='311556' [1][0] OK
C:[15/05/2013 14:00:23.61][190.199.82.147][1450] SELECT c_asigna FROM dace004 WHERE exp_e='09-21084358' AND c_asigna='311551' AND status IN ('0','3','B','C') [0][0] OK
C:[15/05/2013 14:00:23.61][190.199.82.147][1436] SELECT par_cod_asig1,par_cod_asig2,par_cod_asig3 FROM tblaca009 WHERE pensum='5' AND c_uni_ca='3' AND c_asigna='300677' [1][0] OK
C:[15/05/2013 14:00:23.50][190.199.82.147][1566] SELECT horas_lab FROM tblaca008 WHERE c_asigna='315671' AND horas_teoricas > 0 [1][0] OK
C:[15/05/2013 14:00:23.61][190.199.82.147][1600] SELECT sum(u_creditos*1) FROM dace006 a, tblaca009 b WHERE a.exp_e='09-21084358' AND a.lapso='2013-1' AND b.pensum='5' AND b.c_uni_ca='3' AND status IN ('7','A','2') AND a.c_asigna=b.c_asigna  [1][0] OK
C:[15/05/2013 14:00:23.11][190.199.82.147][1619] SELECT sum(u_creditos*1) FROM dace006 a, tblaca009 b WHERE a.exp_e='09-21084358' AND a.lapso='2013-1' AND b.pensum='5' AND b.c_uni_ca='3' AND status IN ('7','A','2') AND a.c_asigna=b.c_asigna AND a.c_asigna IN ('312444','311551','311554','311556','300677') [1][0] OK
C:[15/05/2013 14:00:23.17][190.199.82.147][1635] SELECT MAX(semestre) FROM dace006 a, tblaca009 b WHERE a.exp_e='09-21084358' AND a.lapso='2013-1' AND b.pensum='5' AND b.c_uni_ca='3' AND status IN ('7','A','2') AND a.c_asigna=b.c_asigna  [1][0] OK
C:[15/05/2013 14:00:24.12][190.199.82.147][1655] SELECT MIN(semestre) FROM dace006 a, tblaca009 b WHERE a.exp_e='09-21084358' AND a.lapso='2013-1' AND b.pensum='5' AND b.c_uni_ca='3' AND status IN ('7','A','2') AND a.c_asigna=b.c_asigna AND a.c_asigna IN ('315671') [1][0] OK
C:[15/05/2013 14:20:02.18][190.199.82.147][1392] SELECT pre_cod_asig1,pre_cod_asig2,pre_cod_asig3,pre_cod_asig4,pre_cod_asig5,pre_cod_asig6,pre_cod_asig7 FROM tblaca009 WHERE pensum='5' AND c_uni_ca='4' AND c_asigna='300101' [1][0] OK
C:[15/05/2013 14:20:02.18][190.199.82.147][1392] SELECT pre_cod_asig1,pre_cod_asig2,pre_cod_asig3,pre_cod_asig4,pre_cod_asig5,pre_cod_asig6,pre_cod_asig7 FROM tblaca009 WHERE pensum='5' AND c_uni_ca='4' AND c_asigna='300113' [1][0] OK
C:[15/05/2013 14:20:02.18][190.199.82.147][1392] SELECT pre_cod_asig1,pre_cod_asig2,pre_cod_asig3,pre_cod_asig4,pre_cod_asig5,pre_cod_asig6,pre_cod_asig7 FROM tblaca009 WHERE pensum='5' AND c_uni_ca='4' AND c_asigna='300112' [1][0] OK
C:[15/05/2013 14:20:02.18][190.199.82.147][1392] SELECT pre_cod_asig1,pre_cod_asig2,pre_cod_asig3,pre_cod_asig4,pre_cod_asig5,pre_cod_asig6,pre_cod_asig7 FROM tblaca009 WHERE pensum='5' AND c_uni_ca='4' AND c_asigna='300013' [1][0] OK
C:[15/05/2013 14:20:02.18][190.199.82.147][1392] SELECT pre_cod_asig1,pre_cod_asig2,pre_cod_asig3,pre_cod_asig4,pre_cod_asig5,pre_cod_asig6,pre_cod_asig7 FROM tblaca009 WHERE pensum='5' AND c_uni_ca='4' AND c_asigna='300105' [1][0] OK
C:[15/05/2013 14:20:02.18][190.199.82.147][1392] SELECT pre_cod_asig1,pre_cod_asig2,pre_cod_asig3,pre_cod_asig4,pre_cod_asig5,pre_cod_asig6,pre_cod_asig7 FROM tblaca009 WHERE pensum='5' AND c_uni_ca='4' AND c_asigna='300106' [1][0] OK
C:[15/05/2013 14:20:02.18][190.199.82.147][1392] SELECT pre_cod_asig1,pre_cod_asig2,pre_cod_asig3,pre_cod_asig4,pre_cod_asig5,pre_cod_asig6,pre_cod_asig7 FROM tblaca009 WHERE pensum='5' AND c_uni_ca='4' AND c_asigna='300116' [1][0] OK
C:[15/05/2013 14:20:03.06][190.199.82.147][1436] SELECT par_cod_asig1,par_cod_asig2,par_cod_asig3 FROM tblaca009 WHERE pensum='5' AND c_uni_ca='4' AND c_asigna='300101' [1][0] OK
C:[15/05/2013 14:20:03.06][190.199.82.147][1436] SELECT par_cod_asig1,par_cod_asig2,par_cod_asig3 FROM tblaca009 WHERE pensum='5' AND c_uni_ca='4' AND c_asigna='300113' [1][0] OK
C:[15/05/2013 14:20:03.06][190.199.82.147][1450] SELECT c_asigna FROM dace004 WHERE exp_e='13-21417775' AND c_asigna='300013' AND status IN ('0','3','B','C') [0][0] OK
C:[15/05/2013 14:20:03.06][190.199.82.147][1436] SELECT par_cod_asig1,par_cod_asig2,par_cod_asig3 FROM tblaca009 WHERE pensum='5' AND c_uni_ca='4' AND c_asigna='300112' [1][0] OK
C:[15/05/2013 14:20:03.06][190.199.82.147][1436] SELECT par_cod_asig1,par_cod_asig2,par_cod_asig3 FROM tblaca009 WHERE pensum='5' AND c_uni_ca='4' AND c_asigna='300013' [1][0] OK
C:[15/05/2013 14:20:03.06][190.199.82.147][1436] SELECT par_cod_asig1,par_cod_asig2,par_cod_asig3 FROM tblaca009 WHERE pensum='5' AND c_uni_ca='4' AND c_asigna='300105' [1][0] OK
C:[15/05/2013 14:20:03.06][190.199.82.147][1436] SELECT par_cod_asig1,par_cod_asig2,par_cod_asig3 FROM tblaca009 WHERE pensum='5' AND c_uni_ca='4' AND c_asigna='300106' [1][0] OK
C:[15/05/2013 14:20:03.06][190.199.82.147][1436] SELECT par_cod_asig1,par_cod_asig2,par_cod_asig3 FROM tblaca009 WHERE pensum='5' AND c_uni_ca='4' AND c_asigna='300116' [1][0] OK
C:[15/05/2013 14:20:03.32][190.199.82.147][1566] SELECT horas_lab FROM tblaca008 WHERE c_asigna='300101' AND horas_teoricas > 0 [1][0] OK
C:[15/05/2013 14:20:03.32][190.199.82.147][1566] SELECT horas_lab FROM tblaca008 WHERE c_asigna='300113' AND horas_teoricas > 0 [0][0] OK
C:[15/05/2013 14:20:03.44][190.199.82.147][1600] SELECT sum(u_creditos*1) FROM dace006 a, tblaca009 b WHERE a.exp_e='13-21417775' AND a.lapso='2013-1' AND b.pensum='5' AND b.c_uni_ca='4' AND status IN ('7','A','2') AND a.c_asigna=b.c_asigna  [1][0] OK
C:[15/05/2013 14:20:03.81][190.199.82.147][1619] SELECT sum(u_creditos*1) FROM dace006 a, tblaca009 b WHERE a.exp_e='13-21417775' AND a.lapso='2013-1' AND b.pensum='5' AND b.c_uni_ca='4' AND status IN ('7','A','2') AND a.c_asigna=b.c_asigna AND a.c_asigna IN ('300112','300013','300105','300106','300116') [1][0] OK
C:[15/05/2013 14:20:03.75][190.199.82.147][1635] SELECT MAX(semestre) FROM dace006 a, tblaca009 b WHERE a.exp_e='13-21417775' AND a.lapso='2013-1' AND b.pensum='5' AND b.c_uni_ca='4' AND status IN ('7','A','2') AND a.c_asigna=b.c_asigna  [1][0] OK
C:[15/05/2013 14:20:03.14][190.199.82.147][1655] SELECT MIN(semestre) FROM dace006 a, tblaca009 b WHERE a.exp_e='13-21417775' AND a.lapso='2013-1' AND b.pensum='5' AND b.c_uni_ca='4' AND status IN ('7','A','2') AND a.c_asigna=b.c_asigna AND a.c_asigna IN ('300101','300113') [1][0] OK
C:[15/05/2013 15:02:33.37][190.73.254.154][1392] SELECT pre_cod_asig1,pre_cod_asig2,pre_cod_asig3,pre_cod_asig4,pre_cod_asig5,pre_cod_asig6,pre_cod_asig7 FROM tblaca009 WHERE pensum='5' AND c_uni_ca='3' AND c_asigna='300318' [1][0] OK
C:[15/05/2013 15:02:33.37][190.73.254.154][1405] SELECT c_asigna FROM dace004 WHERE exp_e='11-24541639' AND c_asigna='300228' AND status IN ('0','3','B') [1][0] OK
C:[15/05/2013 15:02:33.37][190.73.254.154][1405] SELECT c_asigna FROM dace004 WHERE exp_e='11-24541639' AND c_asigna='300207' AND status IN ('0','3','B') [1][0] OK
C:[15/05/2013 15:02:33.37][190.73.254.154][1405] SELECT c_asigna FROM dace004 WHERE exp_e='11-24541639' AND c_asigna='300218' AND status IN ('0','3','B') [1][0] OK
C:[15/05/2013 15:02:33.37][190.73.254.154][1392] SELECT pre_cod_asig1,pre_cod_asig2,pre_cod_asig3,pre_cod_asig4,pre_cod_asig5,pre_cod_asig6,pre_cod_asig7 FROM tblaca009 WHERE pensum='5' AND c_uni_ca='3' AND c_asigna='300222' [1][0] OK
C:[15/05/2013 15:02:33.37][190.73.254.154][1405] SELECT c_asigna FROM dace004 WHERE exp_e='11-24541639' AND c_asigna='300112' AND status IN ('0','3','B') [1][0] OK
C:[15/05/2013 15:02:33.37][190.73.254.154][1392] SELECT pre_cod_asig1,pre_cod_asig2,pre_cod_asig3,pre_cod_asig4,pre_cod_asig5,pre_cod_asig6,pre_cod_asig7 FROM tblaca009 WHERE pensum='5' AND c_uni_ca='3' AND c_asigna='300314' [1][0] OK
C:[15/05/2013 15:02:33.37][190.73.254.154][1405] SELECT c_asigna FROM dace004 WHERE exp_e='11-24541639' AND c_asigna='300106' AND status IN ('0','3','B') [1][0] OK
C:[15/05/2013 15:02:33.37][190.73.254.154][1392] SELECT pre_cod_asig1,pre_cod_asig2,pre_cod_asig3,pre_cod_asig4,pre_cod_asig5,pre_cod_asig6,pre_cod_asig7 FROM tblaca009 WHERE pensum='5' AND c_uni_ca='3' AND c_asigna='300317' [1][0] OK
C:[15/05/2013 15:02:33.37][190.73.254.154][1405] SELECT c_asigna FROM dace004 WHERE exp_e='11-24541639' AND c_asigna='300207' AND status IN ('0','3','B') [1][0] OK
C:[15/05/2013 15:02:33.37][190.73.254.154][1405] SELECT c_asigna FROM dace004 WHERE exp_e='11-24541639' AND c_asigna='300209' AND status IN ('0','3','B') [1][0] OK
C:[15/05/2013 15:02:33.37][190.73.254.154][1392] SELECT pre_cod_asig1,pre_cod_asig2,pre_cod_asig3,pre_cod_asig4,pre_cod_asig5,pre_cod_asig6,pre_cod_asig7 FROM tblaca009 WHERE pensum='5' AND c_uni_ca='3' AND c_asigna='312333' [1][0] OK
C:[15/05/2013 15:02:33.37][190.73.254.154][1405] SELECT c_asigna FROM dace004 WHERE exp_e='11-24541639' AND c_asigna='300228' AND status IN ('0','3','B') [1][0] OK
C:[15/05/2013 15:02:33.00][190.73.254.154][1436] SELECT par_cod_asig1,par_cod_asig2,par_cod_asig3 FROM tblaca009 WHERE pensum='5' AND c_uni_ca='3' AND c_asigna='300318' [1][0] OK
C:[15/05/2013 15:02:33.00][190.73.254.154][1436] SELECT par_cod_asig1,par_cod_asig2,par_cod_asig3 FROM tblaca009 WHERE pensum='5' AND c_uni_ca='3' AND c_asigna='300222' [1][0] OK
C:[15/05/2013 15:02:33.00][190.73.254.154][1436] SELECT par_cod_asig1,par_cod_asig2,par_cod_asig3 FROM tblaca009 WHERE pensum='5' AND c_uni_ca='3' AND c_asigna='300314' [1][0] OK
C:[15/05/2013 15:02:33.00][190.73.254.154][1436] SELECT par_cod_asig1,par_cod_asig2,par_cod_asig3 FROM tblaca009 WHERE pensum='5' AND c_uni_ca='3' AND c_asigna='300317' [1][0] OK
C:[15/05/2013 15:02:33.00][190.73.254.154][1436] SELECT par_cod_asig1,par_cod_asig2,par_cod_asig3 FROM tblaca009 WHERE pensum='5' AND c_uni_ca='3' AND c_asigna='312333' [1][0] OK
C:[15/05/2013 15:02:34.64][190.73.254.154][1566] SELECT horas_lab FROM tblaca008 WHERE c_asigna='300318' AND horas_teoricas > 0 [1][0] OK
C:[15/05/2013 15:02:34.76][190.73.254.154][1600] SELECT sum(u_creditos*1) FROM dace006 a, tblaca009 b WHERE a.exp_e='11-24541639' AND a.lapso='2013-1' AND b.pensum='5' AND b.c_uni_ca='3' AND status IN ('7','A','2') AND a.c_asigna=b.c_asigna  [1][0] OK
C:[15/05/2013 15:02:34.69][190.73.254.154][1619] SELECT sum(u_creditos*1) FROM dace006 a, tblaca009 b WHERE a.exp_e='11-24541639' AND a.lapso='2013-1' AND b.pensum='5' AND b.c_uni_ca='3' AND status IN ('7','A','2') AND a.c_asigna=b.c_asigna AND a.c_asigna IN ('300222','300314','300317','312333') [1][0] OK
C:[15/05/2013 15:02:34.63][190.73.254.154][1635] SELECT MAX(semestre) FROM dace006 a, tblaca009 b WHERE a.exp_e='11-24541639' AND a.lapso='2013-1' AND b.pensum='5' AND b.c_uni_ca='3' AND status IN ('7','A','2') AND a.c_asigna=b.c_asigna  [1][0] OK
C:[15/05/2013 15:02:34.57][190.73.254.154][1655] SELECT MIN(semestre) FROM dace006 a, tblaca009 b WHERE a.exp_e='11-24541639' AND a.lapso='2013-1' AND b.pensum='5' AND b.c_uni_ca='3' AND status IN ('7','A','2') AND a.c_asigna=b.c_asigna AND a.c_asigna IN ('300318') [1][0] OK
C:[15/05/2013 16:46:46.09][200.90.113.25][1392] SELECT pre_cod_asig1,pre_cod_asig2,pre_cod_asig3,pre_cod_asig4,pre_cod_asig5,pre_cod_asig6,pre_cod_asig7 FROM tblaca009 WHERE pensum='5' AND c_uni_ca='6' AND c_asigna='344733' [1][0] OK
C:[15/05/2013 16:46:46.09][200.90.113.25][1392] SELECT pre_cod_asig1,pre_cod_asig2,pre_cod_asig3,pre_cod_asig4,pre_cod_asig5,pre_cod_asig6,pre_cod_asig7 FROM tblaca009 WHERE pensum='5' AND c_uni_ca='6' AND c_asigna='342679' [1][0] OK
C:[15/05/2013 16:46:46.09][200.90.113.25][1405] SELECT c_asigna FROM dace004 WHERE exp_e='10-20503353' AND c_asigna='342567' AND status IN ('0','3','B') [1][0] OK
C:[15/05/2013 16:46:46.09][200.90.113.25][1392] SELECT pre_cod_asig1,pre_cod_asig2,pre_cod_asig3,pre_cod_asig4,pre_cod_asig5,pre_cod_asig6,pre_cod_asig7 FROM tblaca009 WHERE pensum='5' AND c_uni_ca='6' AND c_asigna='344613' [1][0] OK
C:[15/05/2013 16:46:46.09][200.90.113.25][1405] SELECT c_asigna FROM dace004 WHERE exp_e='10-20503353' AND c_asigna='344566' AND status IN ('0','3','B') [1][0] OK
C:[15/05/2013 16:46:46.09][200.90.113.25][1405] SELECT c_asigna FROM dace004 WHERE exp_e='10-20503353' AND c_asigna='300209' AND status IN ('0','3','B') [1][0] OK
C:[15/05/2013 16:46:46.09][200.90.113.25][1405] SELECT c_asigna FROM dace004 WHERE exp_e='10-20503353' AND c_asigna='300222' AND status IN ('0','3','B') [1][0] OK
C:[15/05/2013 16:46:46.09][200.90.113.25][1405] SELECT c_asigna FROM dace004 WHERE exp_e='10-20503353' AND c_asigna='300226' AND status IN ('0','3','B') [1][0] OK
C:[15/05/2013 16:46:46.09][200.90.113.25][1405] SELECT c_asigna FROM dace004 WHERE exp_e='10-20503353' AND c_asigna='300313' AND status IN ('0','3','B') [1][0] OK
C:[15/05/2013 16:46:46.09][200.90.113.25][1405] SELECT c_asigna FROM dace004 WHERE exp_e='10-20503353' AND c_asigna='300428' AND status IN ('0','3','B') [1][0] OK
C:[15/05/2013 16:46:46.09][200.90.113.25][1405] SELECT c_asigna FROM dace004 WHERE exp_e='10-20503353' AND c_asigna='300317' AND status IN ('0','3','B') [1][0] OK
C:[15/05/2013 16:46:46.09][200.90.113.25][1392] SELECT pre_cod_asig1,pre_cod_asig2,pre_cod_asig3,pre_cod_asig4,pre_cod_asig5,pre_cod_asig6,pre_cod_asig7 FROM tblaca009 WHERE pensum='5' AND c_uni_ca='6' AND c_asigna='344687' [1][0] OK
C:[15/05/2013 16:46:46.09][200.90.113.25][1405] SELECT c_asigna FROM dace004 WHERE exp_e='10-20503353' AND c_asigna='344565' AND status IN ('0','3','B') [1][0] OK
C:[15/05/2013 16:46:46.09][200.90.113.25][1392] SELECT pre_cod_asig1,pre_cod_asig2,pre_cod_asig3,pre_cod_asig4,pre_cod_asig5,pre_cod_asig6,pre_cod_asig7 FROM tblaca009 WHERE pensum='5' AND c_uni_ca='6' AND c_asigna='344688' [1][0] OK
C:[15/05/2013 16:46:46.09][200.90.113.25][1405] SELECT c_asigna FROM dace004 WHERE exp_e='10-20503353' AND c_asigna='342567' AND status IN ('0','3','B') [1][0] OK
C:[15/05/2013 16:46:46.09][200.90.113.25][1405] SELECT c_asigna FROM dace004 WHERE exp_e='10-20503353' AND c_asigna='344565' AND status IN ('0','3','B') [1][0] OK
C:[15/05/2013 16:46:46.09][200.90.113.25][1392] SELECT pre_cod_asig1,pre_cod_asig2,pre_cod_asig3,pre_cod_asig4,pre_cod_asig5,pre_cod_asig6,pre_cod_asig7 FROM tblaca009 WHERE pensum='5' AND c_uni_ca='6' AND c_asigna='344689' [1][0] OK
C:[15/05/2013 16:46:46.09][200.90.113.25][1405] SELECT c_asigna FROM dace004 WHERE exp_e='10-20503353' AND c_asigna='344566' AND status IN ('0','3','B') [1][0] OK
C:[15/05/2013 16:46:46.09][200.90.113.25][1405] SELECT c_asigna FROM dace004 WHERE exp_e='10-20503353' AND c_asigna='300313' AND status IN ('0','3','B') [1][0] OK
C:[15/05/2013 16:46:47.04][200.90.113.25][1436] SELECT par_cod_asig1,par_cod_asig2,par_cod_asig3 FROM tblaca009 WHERE pensum='5' AND c_uni_ca='6' AND c_asigna='344733' [1][0] OK
C:[15/05/2013 16:46:47.04][200.90.113.25][1436] SELECT par_cod_asig1,par_cod_asig2,par_cod_asig3 FROM tblaca009 WHERE pensum='5' AND c_uni_ca='6' AND c_asigna='342679' [1][0] OK
C:[15/05/2013 16:46:47.04][200.90.113.25][1436] SELECT par_cod_asig1,par_cod_asig2,par_cod_asig3 FROM tblaca009 WHERE pensum='5' AND c_uni_ca='6' AND c_asigna='344613' [1][0] OK
C:[15/05/2013 16:46:47.04][200.90.113.25][1436] SELECT par_cod_asig1,par_cod_asig2,par_cod_asig3 FROM tblaca009 WHERE pensum='5' AND c_uni_ca='6' AND c_asigna='344687' [1][0] OK
C:[15/05/2013 16:46:47.04][200.90.113.25][1436] SELECT par_cod_asig1,par_cod_asig2,par_cod_asig3 FROM tblaca009 WHERE pensum='5' AND c_uni_ca='6' AND c_asigna='344688' [1][0] OK
C:[15/05/2013 16:46:47.04][200.90.113.25][1436] SELECT par_cod_asig1,par_cod_asig2,par_cod_asig3 FROM tblaca009 WHERE pensum='5' AND c_uni_ca='6' AND c_asigna='344689' [1][0] OK
C:[15/05/2013 16:46:47.80][200.90.113.25][1566] SELECT horas_lab FROM tblaca008 WHERE c_asigna='344733' AND horas_teoricas > 0 [1][0] OK
C:[15/05/2013 16:46:47.91][200.90.113.25][1600] SELECT sum(u_creditos*1) FROM dace006 a, tblaca009 b WHERE a.exp_e='10-20503353' AND a.lapso='2013-1' AND b.pensum='5' AND b.c_uni_ca='6' AND status IN ('7','A','2') AND a.c_asigna=b.c_asigna  [1][0] OK
C:[15/05/2013 16:46:47.97][200.90.113.25][1619] SELECT sum(u_creditos*1) FROM dace006 a, tblaca009 b WHERE a.exp_e='10-20503353' AND a.lapso='2013-1' AND b.pensum='5' AND b.c_uni_ca='6' AND status IN ('7','A','2') AND a.c_asigna=b.c_asigna AND a.c_asigna IN ('342679','344613','344687','344688','344689') [1][0] OK
C:[15/05/2013 16:46:47.47][200.90.113.25][1635] SELECT MAX(semestre) FROM dace006 a, tblaca009 b WHERE a.exp_e='10-20503353' AND a.lapso='2013-1' AND b.pensum='5' AND b.c_uni_ca='6' AND status IN ('7','A','2') AND a.c_asigna=b.c_asigna  [1][0] OK
C:[15/05/2013 16:46:48.41][200.90.113.25][1655] SELECT MIN(semestre) FROM dace006 a, tblaca009 b WHERE a.exp_e='10-20503353' AND a.lapso='2013-1' AND b.pensum='5' AND b.c_uni_ca='6' AND status IN ('7','A','2') AND a.c_asigna=b.c_asigna AND a.c_asigna IN ('344733') [1][0] OK
C:[15/05/2013 18:45:26.55][201.243.110.131][1392] SELECT pre_cod_asig1,pre_cod_asig2,pre_cod_asig3,pre_cod_asig4,pre_cod_asig5,pre_cod_asig6,pre_cod_asig7 FROM tblaca009 WHERE pensum='5' AND c_uni_ca='3' AND c_asigna='300676' [1][0] OK
C:[15/05/2013 18:45:26.55][201.243.110.131][1392] SELECT pre_cod_asig1,pre_cod_asig2,pre_cod_asig3,pre_cod_asig4,pre_cod_asig5,pre_cod_asig6,pre_cod_asig7 FROM tblaca009 WHERE pensum='5' AND c_uni_ca='3' AND c_asigna='300313' [1][0] OK
C:[15/05/2013 18:45:26.55][201.243.110.131][1405] SELECT c_asigna FROM dace004 WHERE exp_e='09-20702063' AND c_asigna='300213' AND status IN ('0','3','B') [1][0] OK
C:[15/05/2013 18:45:26.55][201.243.110.131][1405] SELECT c_asigna FROM dace004 WHERE exp_e='09-20702063' AND c_asigna='300226' AND status IN ('0','3','B') [1][0] OK
C:[15/05/2013 18:45:26.55][201.243.110.131][1405] SELECT c_asigna FROM dace004 WHERE exp_e='09-20702063' AND c_asigna='300222' AND status IN ('0','3','B') [1][0] OK
C:[15/05/2013 18:45:26.55][201.243.110.131][1405] SELECT c_asigna FROM dace004 WHERE exp_e='09-20702063' AND c_asigna='300209' AND status IN ('0','3','B') [1][0] OK
C:[15/05/2013 18:45:26.55][201.243.110.131][1392] SELECT pre_cod_asig1,pre_cod_asig2,pre_cod_asig3,pre_cod_asig4,pre_cod_asig5,pre_cod_asig6,pre_cod_asig7 FROM tblaca009 WHERE pensum='5' AND c_uni_ca='3' AND c_asigna='311551' [1][0] OK
C:[15/05/2013 18:45:26.55][201.243.110.131][1405] SELECT c_asigna FROM dace004 WHERE exp_e='09-20702063' AND c_asigna='311430' AND status IN ('0','3','B') [1][0] OK
C:[15/05/2013 18:45:26.55][201.243.110.131][1405] SELECT c_asigna FROM dace004 WHERE exp_e='09-20702063' AND c_asigna='311431' AND status IN ('0','3','B') [1][0] OK
C:[15/05/2013 18:45:26.55][201.243.110.131][1405] SELECT c_asigna FROM dace004 WHERE exp_e='09-20702063' AND c_asigna='300222' AND status IN ('0','3','B') [1][0] OK
C:[15/05/2013 18:45:26.55][201.243.110.131][1405] SELECT c_asigna FROM dace004 WHERE exp_e='09-20702063' AND c_asigna='300226' AND status IN ('0','3','B') [1][0] OK
C:[15/05/2013 18:45:26.55][201.243.110.131][1405] SELECT c_asigna FROM dace004 WHERE exp_e='09-20702063' AND c_asigna='300209' AND status IN ('0','3','B') [1][0] OK
C:[15/05/2013 18:45:26.55][201.243.110.131][1405] SELECT c_asigna FROM dace004 WHERE exp_e='09-20702063' AND c_asigna='311320' AND status IN ('0','3','B') [1][0] OK
C:[15/05/2013 18:45:26.55][201.243.110.131][1392] SELECT pre_cod_asig1,pre_cod_asig2,pre_cod_asig3,pre_cod_asig4,pre_cod_asig5,pre_cod_asig6,pre_cod_asig7 FROM tblaca009 WHERE pensum='5' AND c_uni_ca='3' AND c_asigna='311554' [1][0] OK
C:[15/05/2013 18:45:26.55][201.243.110.131][1405] SELECT c_asigna FROM dace004 WHERE exp_e='09-20702063' AND c_asigna='300318' AND status IN ('0','3','B') [1][0] OK
C:[15/05/2013 18:45:26.55][201.243.110.131][1405] SELECT c_asigna FROM dace004 WHERE exp_e='09-20702063' AND c_asigna='300428' AND status IN ('0','3','B') [1][0] OK
C:[15/05/2013 18:45:26.55][201.243.110.131][1392] SELECT pre_cod_asig1,pre_cod_asig2,pre_cod_asig3,pre_cod_asig4,pre_cod_asig5,pre_cod_asig6,pre_cod_asig7 FROM tblaca009 WHERE pensum='5' AND c_uni_ca='3' AND c_asigna='311655' [1][0] OK
C:[15/05/2013 18:45:26.55][201.243.110.131][1405] SELECT c_asigna FROM dace004 WHERE exp_e='09-20702063' AND c_asigna='311556' AND status IN ('0','3','B') [1][0] OK
C:[15/05/2013 18:45:26.55][201.243.110.131][1392] SELECT pre_cod_asig1,pre_cod_asig2,pre_cod_asig3,pre_cod_asig4,pre_cod_asig5,pre_cod_asig6,pre_cod_asig7 FROM tblaca009 WHERE pensum='5' AND c_uni_ca='3' AND c_asigna='315671' [1][0] OK
C:[15/05/2013 18:45:26.55][201.243.110.131][1405] SELECT c_asigna FROM dace004 WHERE exp_e='09-20702063' AND c_asigna='315552' AND status IN ('0','3','B') [1][0] OK
C:[15/05/2013 18:45:26.05][201.243.110.131][1436] SELECT par_cod_asig1,par_cod_asig2,par_cod_asig3 FROM tblaca009 WHERE pensum='5' AND c_uni_ca='3' AND c_asigna='300676' [1][0] OK
C:[15/05/2013 18:45:26.05][201.243.110.131][1436] SELECT par_cod_asig1,par_cod_asig2,par_cod_asig3 FROM tblaca009 WHERE pensum='5' AND c_uni_ca='3' AND c_asigna='300313' [1][0] OK
C:[15/05/2013 18:45:26.05][201.243.110.131][1436] SELECT par_cod_asig1,par_cod_asig2,par_cod_asig3 FROM tblaca009 WHERE pensum='5' AND c_uni_ca='3' AND c_asigna='311551' [1][0] OK
C:[15/05/2013 18:45:26.05][201.243.110.131][1436] SELECT par_cod_asig1,par_cod_asig2,par_cod_asig3 FROM tblaca009 WHERE pensum='5' AND c_uni_ca='3' AND c_asigna='311554' [1][0] OK
C:[15/05/2013 18:45:26.05][201.243.110.131][1436] SELECT par_cod_asig1,par_cod_asig2,par_cod_asig3 FROM tblaca009 WHERE pensum='5' AND c_uni_ca='3' AND c_asigna='311655' [1][0] OK
C:[15/05/2013 18:45:26.05][201.243.110.131][1436] SELECT par_cod_asig1,par_cod_asig2,par_cod_asig3 FROM tblaca009 WHERE pensum='5' AND c_uni_ca='3' AND c_asigna='315671' [1][0] OK
C:[15/05/2013 18:45:26.82][201.243.110.131][1566] SELECT horas_lab FROM tblaca008 WHERE c_asigna='300676' AND horas_teoricas > 0 [1][0] OK
C:[15/05/2013 18:45:26.93][201.243.110.131][1600] SELECT sum(u_creditos*1) FROM dace006 a, tblaca009 b WHERE a.exp_e='09-20702063' AND a.lapso='2013-1' AND b.pensum='5' AND b.c_uni_ca='3' AND status IN ('7','A','2') AND a.c_asigna=b.c_asigna  [1][0] OK
C:[15/05/2013 18:45:27.87][201.243.110.131][1619] SELECT sum(u_creditos*1) FROM dace006 a, tblaca009 b WHERE a.exp_e='09-20702063' AND a.lapso='2013-1' AND b.pensum='5' AND b.c_uni_ca='3' AND status IN ('7','A','2') AND a.c_asigna=b.c_asigna AND a.c_asigna IN ('300313','311551','311554','311655','315671') [1][0] OK
C:[15/05/2013 18:45:27.82][201.243.110.131][1635] SELECT MAX(semestre) FROM dace006 a, tblaca009 b WHERE a.exp_e='09-20702063' AND a.lapso='2013-1' AND b.pensum='5' AND b.c_uni_ca='3' AND status IN ('7','A','2') AND a.c_asigna=b.c_asigna  [1][0] OK
C:[15/05/2013 18:45:27.32][201.243.110.131][1655] SELECT MIN(semestre) FROM dace006 a, tblaca009 b WHERE a.exp_e='09-20702063' AND a.lapso='2013-1' AND b.pensum='5' AND b.c_uni_ca='3' AND status IN ('7','A','2') AND a.c_asigna=b.c_asigna AND a.c_asigna IN ('300676') [1][0] OK
C:[15/05/2013 20:41:40.73][190.200.31.198][1392] SELECT pre_cod_asig1,pre_cod_asig2,pre_cod_asig3,pre_cod_asig4,pre_cod_asig5,pre_cod_asig6,pre_cod_asig7 FROM tblaca009 WHERE pensum='5' AND c_uni_ca='5' AND c_asigna='300677' [1][0] OK
C:[15/05/2013 20:41:40.73][190.200.31.198][1392] SELECT pre_cod_asig1,pre_cod_asig2,pre_cod_asig3,pre_cod_asig4,pre_cod_asig5,pre_cod_asig6,pre_cod_asig7 FROM tblaca009 WHERE pensum='5' AND c_uni_ca='5' AND c_asigna='355570' [1][0] OK
C:[15/05/2013 20:41:40.73][190.200.31.198][1405] SELECT c_asigna FROM dace004 WHERE exp_e='10-19910041' AND c_asigna='355447' AND status IN ('0','3','B') [1][0] OK
C:[15/05/2013 20:41:40.73][190.200.31.198][1392] SELECT pre_cod_asig1,pre_cod_asig2,pre_cod_asig3,pre_cod_asig4,pre_cod_asig5,pre_cod_asig6,pre_cod_asig7 FROM tblaca009 WHERE pensum='5' AND c_uni_ca='5' AND c_asigna='355571' [1][0] OK
C:[15/05/2013 20:41:40.73][190.200.31.198][1405] SELECT c_asigna FROM dace004 WHERE exp_e='10-19910041' AND c_asigna='355447' AND status IN ('0','3','B') [1][0] OK
C:[15/05/2013 20:41:40.73][190.200.31.198][1392] SELECT pre_cod_asig1,pre_cod_asig2,pre_cod_asig3,pre_cod_asig4,pre_cod_asig5,pre_cod_asig6,pre_cod_asig7 FROM tblaca009 WHERE pensum='5' AND c_uni_ca='5' AND c_asigna='355595' [1][0] OK
C:[15/05/2013 20:41:40.73][190.200.31.198][1405] SELECT c_asigna FROM dace004 WHERE exp_e='10-19910041' AND c_asigna='351451' AND status IN ('0','3','B') [1][0] OK
C:[15/05/2013 20:41:40.73][190.200.31.198][1405] SELECT c_asigna FROM dace004 WHERE exp_e='10-19910041' AND c_asigna='355350' AND status IN ('0','3','B') [1][0] OK
C:[15/05/2013 20:41:40.73][190.200.31.198][1405] SELECT c_asigna FROM dace004 WHERE exp_e='10-19910041' AND c_asigna='300318' AND status IN ('0','3','B') [1][0] OK
C:[15/05/2013 20:41:40.73][190.200.31.198][1392] SELECT pre_cod_asig1,pre_cod_asig2,pre_cod_asig3,pre_cod_asig4,pre_cod_asig5,pre_cod_asig6,pre_cod_asig7 FROM tblaca009 WHERE pensum='5' AND c_uni_ca='5' AND c_asigna='355693' [1][0] OK
C:[15/05/2013 20:41:40.73][190.200.31.198][1405] SELECT c_asigna FROM dace004 WHERE exp_e='10-19910041' AND c_asigna='355572' AND status IN ('0','3','B') [1][0] OK
C:[15/05/2013 20:41:40.73][190.200.31.198][1405] SELECT c_asigna FROM dace004 WHERE exp_e='10-19910041' AND c_asigna='352440' AND status IN ('0','3','B') [1][0] OK
C:[15/05/2013 20:41:40.73][190.200.31.198][1405] SELECT c_asigna FROM dace004 WHERE exp_e='10-19910041' AND c_asigna='355573' AND status IN ('0','3','B') [1][0] OK
C:[15/05/2013 20:41:40.73][190.200.31.198][1405] SELECT c_asigna FROM dace004 WHERE exp_e='10-19910041' AND c_asigna='300226' AND status IN ('0','3','B') [1][0] OK
C:[15/05/2013 20:41:40.73][190.200.31.198][1405] SELECT c_asigna FROM dace004 WHERE exp_e='10-19910041' AND c_asigna='300222' AND status IN ('0','3','B') [1][0] OK
C:[15/05/2013 20:41:40.73][190.200.31.198][1405] SELECT c_asigna FROM dace004 WHERE exp_e='10-19910041' AND c_asigna='300013' AND status IN ('0','3','B') [1][0] OK
C:[15/05/2013 20:41:40.73][190.200.31.198][1405] SELECT c_asigna FROM dace004 WHERE exp_e='10-19910041' AND c_asigna='300113' AND status IN ('0','3','B') [1][0] OK
C:[15/05/2013 20:41:40.86][190.200.31.198][1436] SELECT par_cod_asig1,par_cod_asig2,par_cod_asig3 FROM tblaca009 WHERE pensum='5' AND c_uni_ca='5' AND c_asigna='300677' [1][0] OK
C:[15/05/2013 20:41:40.86][190.200.31.198][1436] SELECT par_cod_asig1,par_cod_asig2,par_cod_asig3 FROM tblaca009 WHERE pensum='5' AND c_uni_ca='5' AND c_asigna='355570' [1][0] OK
C:[15/05/2013 20:41:40.86][190.200.31.198][1436] SELECT par_cod_asig1,par_cod_asig2,par_cod_asig3 FROM tblaca009 WHERE pensum='5' AND c_uni_ca='5' AND c_asigna='355571' [1][0] OK
C:[15/05/2013 20:41:40.86][190.200.31.198][1436] SELECT par_cod_asig1,par_cod_asig2,par_cod_asig3 FROM tblaca009 WHERE pensum='5' AND c_uni_ca='5' AND c_asigna='355595' [1][0] OK
C:[15/05/2013 20:41:40.86][190.200.31.198][1436] SELECT par_cod_asig1,par_cod_asig2,par_cod_asig3 FROM tblaca009 WHERE pensum='5' AND c_uni_ca='5' AND c_asigna='355693' [1][0] OK
C:[15/05/2013 20:41:40.50][190.200.31.198][1566] SELECT horas_lab FROM tblaca008 WHERE c_asigna='300677' AND horas_teoricas > 0 [1][0] OK
C:[15/05/2013 20:41:40.61][190.200.31.198][1600] SELECT sum(u_creditos*1) FROM dace006 a, tblaca009 b WHERE a.exp_e='10-19910041' AND a.lapso='2013-1' AND b.pensum='5' AND b.c_uni_ca='5' AND status IN ('7','A','2') AND a.c_asigna=b.c_asigna  [1][0] OK
C:[15/05/2013 20:41:40.11][190.200.31.198][1619] SELECT sum(u_creditos*1) FROM dace006 a, tblaca009 b WHERE a.exp_e='10-19910041' AND a.lapso='2013-1' AND b.pensum='5' AND b.c_uni_ca='5' AND status IN ('7','A','2') AND a.c_asigna=b.c_asigna AND a.c_asigna IN ('355570','355571','355595','355693') [1][0] OK
C:[15/05/2013 20:41:40.07][190.200.31.198][1635] SELECT MAX(semestre) FROM dace006 a, tblaca009 b WHERE a.exp_e='10-19910041' AND a.lapso='2013-1' AND b.pensum='5' AND b.c_uni_ca='5' AND status IN ('7','A','2') AND a.c_asigna=b.c_asigna  [1][0] OK
C:[15/05/2013 20:41:41.42][190.200.31.198][1655] SELECT MIN(semestre) FROM dace006 a, tblaca009 b WHERE a.exp_e='10-19910041' AND a.lapso='2013-1' AND b.pensum='5' AND b.c_uni_ca='5' AND status IN ('7','A','2') AND a.c_asigna=b.c_asigna AND a.c_asigna IN ('300677') [1][0] OK
C:[15/05/2013 20:43:21.00][186.89.252.250][1392] SELECT pre_cod_asig1,pre_cod_asig2,pre_cod_asig3,pre_cod_asig4,pre_cod_asig5,pre_cod_asig6,pre_cod_asig7 FROM tblaca009 WHERE pensum='5' AND c_uni_ca='4' AND c_asigna='330310' [1][0] OK
C:[15/05/2013 20:43:21.00][186.89.252.250][1405] SELECT c_asigna FROM dace004 WHERE exp_e='12-25746056' AND c_asigna='300013' AND status IN ('0','3','B') [1][0] OK
C:[15/05/2013 20:43:21.00][186.89.252.250][1405] SELECT c_asigna FROM dace004 WHERE exp_e='12-25746056' AND c_asigna='300113' AND status IN ('0','3','B') [1][0] OK
C:[15/05/2013 20:43:21.00][186.89.252.250][1392] SELECT pre_cod_asig1,pre_cod_asig2,pre_cod_asig3,pre_cod_asig4,pre_cod_asig5,pre_cod_asig6,pre_cod_asig7 FROM tblaca009 WHERE pensum='5' AND c_uni_ca='4' AND c_asigna='300101' [1][0] OK
C:[15/05/2013 20:43:21.00][186.89.252.250][1392] SELECT pre_cod_asig1,pre_cod_asig2,pre_cod_asig3,pre_cod_asig4,pre_cod_asig5,pre_cod_asig6,pre_cod_asig7 FROM tblaca009 WHERE pensum='5' AND c_uni_ca='4' AND c_asigna='300222' [1][0] OK
C:[15/05/2013 20:43:21.00][186.89.252.250][1405] SELECT c_asigna FROM dace004 WHERE exp_e='12-25746056' AND c_asigna='300112' AND status IN ('0','3','B') [1][0] OK
C:[15/05/2013 20:43:21.00][186.89.252.250][1392] SELECT pre_cod_asig1,pre_cod_asig2,pre_cod_asig3,pre_cod_asig4,pre_cod_asig5,pre_cod_asig6,pre_cod_asig7 FROM tblaca009 WHERE pensum='5' AND c_uni_ca='4' AND c_asigna='300226' [1][0] OK
C:[15/05/2013 20:43:21.00][186.89.252.250][1405] SELECT c_asigna FROM dace004 WHERE exp_e='12-25746056' AND c_asigna='300116' AND status IN ('0','3','B') [1][0] OK
C:[15/05/2013 20:43:21.00][186.89.252.250][1392] SELECT pre_cod_asig1,pre_cod_asig2,pre_cod_asig3,pre_cod_asig4,pre_cod_asig5,pre_cod_asig6,pre_cod_asig7 FROM tblaca009 WHERE pensum='5' AND c_uni_ca='4' AND c_asigna='300314' [1][0] OK
C:[15/05/2013 20:43:21.00][186.89.252.250][1405] SELECT c_asigna FROM dace004 WHERE exp_e='12-25746056' AND c_asigna='300106' AND status IN ('0','3','B') [1][0] OK
C:[15/05/2013 20:43:21.25][186.89.252.250][1436] SELECT par_cod_asig1,par_cod_asig2,par_cod_asig3 FROM tblaca009 WHERE pensum='5' AND c_uni_ca='4' AND c_asigna='330310' [1][0] OK
C:[15/05/2013 20:43:21.25][186.89.252.250][1436] SELECT par_cod_asig1,par_cod_asig2,par_cod_asig3 FROM tblaca009 WHERE pensum='5' AND c_uni_ca='4' AND c_asigna='300101' [1][0] OK
C:[15/05/2013 20:43:21.25][186.89.252.250][1436] SELECT par_cod_asig1,par_cod_asig2,par_cod_asig3 FROM tblaca009 WHERE pensum='5' AND c_uni_ca='4' AND c_asigna='300222' [1][0] OK
C:[15/05/2013 20:43:21.25][186.89.252.250][1436] SELECT par_cod_asig1,par_cod_asig2,par_cod_asig3 FROM tblaca009 WHERE pensum='5' AND c_uni_ca='4' AND c_asigna='300226' [1][0] OK
C:[15/05/2013 20:43:21.25][186.89.252.250][1436] SELECT par_cod_asig1,par_cod_asig2,par_cod_asig3 FROM tblaca009 WHERE pensum='5' AND c_uni_ca='4' AND c_asigna='300314' [1][0] OK
C:[15/05/2013 20:43:22.89][186.89.252.250][1566] SELECT horas_lab FROM tblaca008 WHERE c_asigna='330310' AND horas_teoricas > 0 [1][0] OK
C:[15/05/2013 20:43:22.00][186.89.252.250][1600] SELECT sum(u_creditos*1) FROM dace006 a, tblaca009 b WHERE a.exp_e='12-25746056' AND a.lapso='2013-1' AND b.pensum='5' AND b.c_uni_ca='4' AND status IN ('7','A','2') AND a.c_asigna=b.c_asigna  [1][0] OK
C:[15/05/2013 20:43:22.38][186.89.252.250][1619] SELECT sum(u_creditos*1) FROM dace006 a, tblaca009 b WHERE a.exp_e='12-25746056' AND a.lapso='2013-1' AND b.pensum='5' AND b.c_uni_ca='4' AND status IN ('7','A','2') AND a.c_asigna=b.c_asigna AND a.c_asigna IN ('300101','300222','300226','300314') [1][0] OK
C:[15/05/2013 20:43:22.32][186.89.252.250][1635] SELECT MAX(semestre) FROM dace006 a, tblaca009 b WHERE a.exp_e='12-25746056' AND a.lapso='2013-1' AND b.pensum='5' AND b.c_uni_ca='4' AND status IN ('7','A','2') AND a.c_asigna=b.c_asigna  [1][0] OK
C:[15/05/2013 20:43:22.69][186.89.252.250][1655] SELECT MIN(semestre) FROM dace006 a, tblaca009 b WHERE a.exp_e='12-25746056' AND a.lapso='2013-1' AND b.pensum='5' AND b.c_uni_ca='4' AND status IN ('7','A','2') AND a.c_asigna=b.c_asigna AND a.c_asigna IN ('330310') [1][0] OK
C:[15/05/2013 21:04:52.01][186.88.163.250][1392] SELECT pre_cod_asig1,pre_cod_asig2,pre_cod_asig3,pre_cod_asig4,pre_cod_asig5,pre_cod_asig6,pre_cod_asig7 FROM tblaca009 WHERE pensum='5' AND c_uni_ca='6' AND c_asigna='300422' [1][0] OK
C:[15/05/2013 21:04:52.01][186.88.163.250][1405] SELECT c_asigna FROM dace004 WHERE exp_e='07-19301432' AND c_asigna='300105' AND status IN ('0','3','B') [1][0] OK
C:[15/05/2013 21:04:52.01][186.88.163.250][1405] SELECT c_asigna FROM dace004 WHERE exp_e='07-19301432' AND c_asigna='300314' AND status IN ('0','3','B') [1][0] OK
C:[15/05/2013 21:04:52.01][186.88.163.250][1392] SELECT pre_cod_asig1,pre_cod_asig2,pre_cod_asig3,pre_cod_asig4,pre_cod_asig5,pre_cod_asig6,pre_cod_asig7 FROM tblaca009 WHERE pensum='5' AND c_uni_ca='6' AND c_asigna='300317' [1][0] OK
C:[15/05/2013 21:04:52.01][186.88.163.250][1405] SELECT c_asigna FROM dace004 WHERE exp_e='07-19301432' AND c_asigna='300207' AND status IN ('0','3','B') [1][0] OK
C:[15/05/2013 21:04:52.01][186.88.163.250][1405] SELECT c_asigna FROM dace004 WHERE exp_e='07-19301432' AND c_asigna='300209' AND status IN ('0','3','B') [1][0] OK
C:[15/05/2013 21:04:52.89][186.88.163.250][1436] SELECT par_cod_asig1,par_cod_asig2,par_cod_asig3 FROM tblaca009 WHERE pensum='5' AND c_uni_ca='6' AND c_asigna='300422' [1][0] OK
C:[15/05/2013 21:04:52.89][186.88.163.250][1436] SELECT par_cod_asig1,par_cod_asig2,par_cod_asig3 FROM tblaca009 WHERE pensum='5' AND c_uni_ca='6' AND c_asigna='300317' [1][0] OK
C:[15/05/2013 21:04:53.15][186.88.163.250][1566] SELECT horas_lab FROM tblaca008 WHERE c_asigna='300422' AND horas_teoricas > 0 [0][0] OK
C:[15/05/2013 21:04:53.28][186.88.163.250][1600] SELECT sum(u_creditos*1) FROM dace006 a, tblaca009 b WHERE a.exp_e='07-19301432' AND a.lapso='2013-1' AND b.pensum='5' AND b.c_uni_ca='6' AND status IN ('7','A','2') AND a.c_asigna=b.c_asigna  [1][0] OK
C:[15/05/2013 21:04:53.64][186.88.163.250][1619] SELECT sum(u_creditos*1) FROM dace006 a, tblaca009 b WHERE a.exp_e='07-19301432' AND a.lapso='2013-1' AND b.pensum='5' AND b.c_uni_ca='6' AND status IN ('7','A','2') AND a.c_asigna=b.c_asigna AND a.c_asigna IN ('300317') [1][0] OK
C:[15/05/2013 21:04:53.01][186.88.163.250][1635] SELECT MAX(semestre) FROM dace006 a, tblaca009 b WHERE a.exp_e='07-19301432' AND a.lapso='2013-1' AND b.pensum='5' AND b.c_uni_ca='6' AND status IN ('7','A','2') AND a.c_asigna=b.c_asigna  [1][0] OK
C:[15/05/2013 21:04:53.39][186.88.163.250][1655] SELECT MIN(semestre) FROM dace006 a, tblaca009 b WHERE a.exp_e='07-19301432' AND a.lapso='2013-1' AND b.pensum='5' AND b.c_uni_ca='6' AND status IN ('7','A','2') AND a.c_asigna=b.c_asigna AND a.c_asigna IN ('300422') [1][0] OK
C:[15/05/2013 22:27:37.69][190.205.21.203][1392] SELECT pre_cod_asig1,pre_cod_asig2,pre_cod_asig3,pre_cod_asig4,pre_cod_asig5,pre_cod_asig6,pre_cod_asig7 FROM tblaca009 WHERE pensum='5' AND c_uni_ca='2' AND c_asigna='300116' [1][0] OK
C:[15/05/2013 22:27:37.69][190.205.21.203][1392] SELECT pre_cod_asig1,pre_cod_asig2,pre_cod_asig3,pre_cod_asig4,pre_cod_asig5,pre_cod_asig6,pre_cod_asig7 FROM tblaca009 WHERE pensum='5' AND c_uni_ca='2' AND c_asigna='300207' [1][0] OK
C:[15/05/2013 22:27:37.69][190.205.21.203][1405] SELECT c_asigna FROM dace004 WHERE exp_e='11-24559874' AND c_asigna='300101' AND status IN ('0','3','B') [1][0] OK
C:[15/05/2013 22:27:37.69][190.205.21.203][1392] SELECT pre_cod_asig1,pre_cod_asig2,pre_cod_asig3,pre_cod_asig4,pre_cod_asig5,pre_cod_asig6,pre_cod_asig7 FROM tblaca009 WHERE pensum='5' AND c_uni_ca='2' AND c_asigna='300209' [1][0] OK
C:[15/05/2013 22:27:37.69][190.205.21.203][1405] SELECT c_asigna FROM dace004 WHERE exp_e='11-24559874' AND c_asigna='300101' AND status IN ('0','3','B') [1][0] OK
C:[15/05/2013 22:27:37.69][190.205.21.203][1392] SELECT pre_cod_asig1,pre_cod_asig2,pre_cod_asig3,pre_cod_asig4,pre_cod_asig5,pre_cod_asig6,pre_cod_asig7 FROM tblaca009 WHERE pensum='5' AND c_uni_ca='2' AND c_asigna='300222' [1][0] OK
C:[15/05/2013 22:27:37.69][190.205.21.203][1405] SELECT c_asigna FROM dace004 WHERE exp_e='11-24559874' AND c_asigna='300112' AND status IN ('0','3','B') [1][0] OK
C:[15/05/2013 22:27:37.69][190.205.21.203][1392] SELECT pre_cod_asig1,pre_cod_asig2,pre_cod_asig3,pre_cod_asig4,pre_cod_asig5,pre_cod_asig6,pre_cod_asig7 FROM tblaca009 WHERE pensum='5' AND c_uni_ca='2' AND c_asigna='300228' [1][0] OK
C:[15/05/2013 22:27:37.69][190.205.21.203][1405] SELECT c_asigna FROM dace004 WHERE exp_e='11-24559874' AND c_asigna='300101' AND status IN ('0','3','B') [1][0] OK
C:[15/05/2013 22:27:37.81][190.205.21.203][1436] SELECT par_cod_asig1,par_cod_asig2,par_cod_asig3 FROM tblaca009 WHERE pensum='5' AND c_uni_ca='2' AND c_asigna='300116' [1][0] OK
C:[15/05/2013 22:27:37.81][190.205.21.203][1436] SELECT par_cod_asig1,par_cod_asig2,par_cod_asig3 FROM tblaca009 WHERE pensum='5' AND c_uni_ca='2' AND c_asigna='300207' [1][0] OK
C:[15/05/2013 22:27:37.81][190.205.21.203][1436] SELECT par_cod_asig1,par_cod_asig2,par_cod_asig3 FROM tblaca009 WHERE pensum='5' AND c_uni_ca='2' AND c_asigna='300209' [1][0] OK
C:[15/05/2013 22:27:37.81][190.205.21.203][1436] SELECT par_cod_asig1,par_cod_asig2,par_cod_asig3 FROM tblaca009 WHERE pensum='5' AND c_uni_ca='2' AND c_asigna='300222' [1][0] OK
C:[15/05/2013 22:27:37.81][190.205.21.203][1436] SELECT par_cod_asig1,par_cod_asig2,par_cod_asig3 FROM tblaca009 WHERE pensum='5' AND c_uni_ca='2' AND c_asigna='300228' [1][0] OK
C:[15/05/2013 22:27:38.45][190.205.21.203][1566] SELECT horas_lab FROM tblaca008 WHERE c_asigna='300116' AND horas_teoricas > 0 [1][0] OK
C:[15/05/2013 22:27:38.57][190.205.21.203][1600] SELECT sum(u_creditos*1) FROM dace006 a, tblaca009 b WHERE a.exp_e='11-24559874' AND a.lapso='2013-1' AND b.pensum='5' AND b.c_uni_ca='2' AND status IN ('7','A','2') AND a.c_asigna=b.c_asigna  [1][0] OK
C:[15/05/2013 22:27:38.94][190.205.21.203][1619] SELECT sum(u_creditos*1) FROM dace006 a, tblaca009 b WHERE a.exp_e='11-24559874' AND a.lapso='2013-1' AND b.pensum='5' AND b.c_uni_ca='2' AND status IN ('7','A','2') AND a.c_asigna=b.c_asigna AND a.c_asigna IN ('300207','300209','300222','300228') [1][0] OK
C:[15/05/2013 22:27:38.32][190.205.21.203][1635] SELECT MAX(semestre) FROM dace006 a, tblaca009 b WHERE a.exp_e='11-24559874' AND a.lapso='2013-1' AND b.pensum='5' AND b.c_uni_ca='2' AND status IN ('7','A','2') AND a.c_asigna=b.c_asigna  [1][0] OK
C:[15/05/2013 22:27:38.69][190.205.21.203][1655] SELECT MIN(semestre) FROM dace006 a, tblaca009 b WHERE a.exp_e='11-24559874' AND a.lapso='2013-1' AND b.pensum='5' AND b.c_uni_ca='2' AND status IN ('7','A','2') AND a.c_asigna=b.c_asigna AND a.c_asigna IN ('300116') [1][0] OK
C:[15/05/2013 22:58:13.40][190.200.17.156][1392] SELECT pre_cod_asig1,pre_cod_asig2,pre_cod_asig3,pre_cod_asig4,pre_cod_asig5,pre_cod_asig6,pre_cod_asig7 FROM tblaca009 WHERE pensum='5' AND c_uni_ca='6' AND c_asigna='300956' [1][0] OK
C:[15/05/2013 22:58:13.40][190.200.17.156][1405] SELECT c_asigna FROM dace004 WHERE exp_e='07-19904823' AND c_asigna='300422' AND status IN ('0','3','B') [1][0] OK
C:[15/05/2013 22:58:13.40][190.200.17.156][1405] SELECT c_asigna FROM dace004 WHERE exp_e='07-19904823' AND c_asigna='300105' AND status IN ('0','3','B') [1][0] OK
C:[15/05/2013 22:58:13.40][190.200.17.156][1405] SELECT c_asigna FROM dace004 WHERE exp_e='07-19904823' AND c_asigna='300314' AND status IN ('0','3','B') [1][0] OK
C:[15/05/2013 22:58:13.40][190.200.17.156][1392] SELECT pre_cod_asig1,pre_cod_asig2,pre_cod_asig3,pre_cod_asig4,pre_cod_asig5,pre_cod_asig6,pre_cod_asig7 FROM tblaca009 WHERE pensum='5' AND c_uni_ca='6' AND c_asigna='344834' [1][0] OK
C:[15/05/2013 22:58:13.40][190.200.17.156][1405] SELECT c_asigna FROM dace004 WHERE exp_e='07-19904823' AND c_asigna='344715' AND status IN ('0','3','B') [1][0] OK
C:[15/05/2013 22:58:13.40][190.200.17.156][1405] SELECT c_asigna FROM dace004 WHERE exp_e='07-19904823' AND c_asigna='344716' AND status IN ('0','3','B') [1][0] OK
C:[15/05/2013 22:58:13.40][190.200.17.156][1392] SELECT pre_cod_asig1,pre_cod_asig2,pre_cod_asig3,pre_cod_asig4,pre_cod_asig5,pre_cod_asig6,pre_cod_asig7 FROM tblaca009 WHERE pensum='5' AND c_uni_ca='6' AND c_asigna='344843' [1][0] OK
C:[15/05/2013 22:58:13.40][190.200.17.156][1405] SELECT c_asigna FROM dace004 WHERE exp_e='07-19904823' AND c_asigna='344714' AND status IN ('0','3','B') [1][0] OK
C:[15/05/2013 22:58:13.40][190.200.17.156][1405] SELECT c_asigna FROM dace004 WHERE exp_e='07-19904823' AND c_asigna='344715' AND status IN ('0','3','B') [1][0] OK
C:[15/05/2013 22:58:13.40][190.200.17.156][1405] SELECT c_asigna FROM dace004 WHERE exp_e='07-19904823' AND c_asigna='300313' AND status IN ('0','3','B') [1][0] OK
C:[15/05/2013 22:58:13.40][190.200.17.156][1392] SELECT pre_cod_asig1,pre_cod_asig2,pre_cod_asig3,pre_cod_asig4,pre_cod_asig5,pre_cod_asig6,pre_cod_asig7 FROM tblaca009 WHERE pensum='5' AND c_uni_ca='6' AND c_asigna='344953' [1][0] OK
C:[15/05/2013 22:58:13.40][190.200.17.156][1392] SELECT pre_cod_asig1,pre_cod_asig2,pre_cod_asig3,pre_cod_asig4,pre_cod_asig5,pre_cod_asig6,pre_cod_asig7 FROM tblaca009 WHERE pensum='5' AND c_uni_ca='6' AND c_asigna='344963' [1][0] OK
C:[15/05/2013 22:58:14.02][190.200.17.156][1436] SELECT par_cod_asig1,par_cod_asig2,par_cod_asig3 FROM tblaca009 WHERE pensum='5' AND c_uni_ca='6' AND c_asigna='300956' [1][0] OK
C:[15/05/2013 22:58:14.02][190.200.17.156][1436] SELECT par_cod_asig1,par_cod_asig2,par_cod_asig3 FROM tblaca009 WHERE pensum='5' AND c_uni_ca='6' AND c_asigna='344834' [1][0] OK
C:[15/05/2013 22:58:14.02][190.200.17.156][1436] SELECT par_cod_asig1,par_cod_asig2,par_cod_asig3 FROM tblaca009 WHERE pensum='5' AND c_uni_ca='6' AND c_asigna='344843' [1][0] OK
C:[15/05/2013 22:58:14.02][190.200.17.156][1436] SELECT par_cod_asig1,par_cod_asig2,par_cod_asig3 FROM tblaca009 WHERE pensum='5' AND c_uni_ca='6' AND c_asigna='344953' [1][0] OK
C:[15/05/2013 22:58:14.02][190.200.17.156][1436] SELECT par_cod_asig1,par_cod_asig2,par_cod_asig3 FROM tblaca009 WHERE pensum='5' AND c_uni_ca='6' AND c_asigna='344963' [1][0] OK
C:[15/05/2013 22:58:14.66][190.200.17.156][1566] SELECT horas_lab FROM tblaca008 WHERE c_asigna='300956' AND horas_teoricas > 0 [1][0] OK
C:[15/05/2013 22:58:14.77][190.200.17.156][1600] SELECT sum(u_creditos*1) FROM dace006 a, tblaca009 b WHERE a.exp_e='07-19904823' AND a.lapso='2013-1' AND b.pensum='5' AND b.c_uni_ca='6' AND status IN ('7','A','2') AND a.c_asigna=b.c_asigna  [1][0] OK
C:[15/05/2013 22:58:14.15][190.200.17.156][1619] SELECT sum(u_creditos*1) FROM dace006 a, tblaca009 b WHERE a.exp_e='07-19904823' AND a.lapso='2013-1' AND b.pensum='5' AND b.c_uni_ca='6' AND status IN ('7','A','2') AND a.c_asigna=b.c_asigna AND a.c_asigna IN ('344834','344843','344953','344963') [1][0] OK
C:[15/05/2013 22:58:14.53][190.200.17.156][1635] SELECT MAX(semestre) FROM dace006 a, tblaca009 b WHERE a.exp_e='07-19904823' AND a.lapso='2013-1' AND b.pensum='5' AND b.c_uni_ca='6' AND status IN ('7','A','2') AND a.c_asigna=b.c_asigna  [1][0] OK
C:[15/05/2013 22:58:14.91][190.200.17.156][1655] SELECT MIN(semestre) FROM dace006 a, tblaca009 b WHERE a.exp_e='07-19904823' AND a.lapso='2013-1' AND b.pensum='5' AND b.c_uni_ca='6' AND status IN ('7','A','2') AND a.c_asigna=b.c_asigna AND a.c_asigna IN ('300956') [1][0] OK
C:[16/05/2013 06:34:17.41][190.73.255.26][1392] SELECT pre_cod_asig1,pre_cod_asig2,pre_cod_asig3,pre_cod_asig4,pre_cod_asig5,pre_cod_asig6,pre_cod_asig7 FROM tblaca009 WHERE pensum='5' AND c_uni_ca='5' AND c_asigna='355874' [1][0] OK
C:[16/05/2013 06:34:17.41][190.73.255.26][1405] SELECT c_asigna FROM dace004 WHERE exp_e='10-84401997' AND c_asigna='355448' AND status IN ('0','3','B') [1][0] OK
C:[16/05/2013 06:34:17.41][190.73.255.26][1392] SELECT pre_cod_asig1,pre_cod_asig2,pre_cod_asig3,pre_cod_asig4,pre_cod_asig5,pre_cod_asig6,pre_cod_asig7 FROM tblaca009 WHERE pensum='5' AND c_uni_ca='5' AND c_asigna='300422' [1][0] OK
C:[16/05/2013 06:34:17.41][190.73.255.26][1405] SELECT c_asigna FROM dace004 WHERE exp_e='10-84401997' AND c_asigna='300105' AND status IN ('0','3','B') [1][0] OK
C:[16/05/2013 06:34:17.41][190.73.255.26][1405] SELECT c_asigna FROM dace004 WHERE exp_e='10-84401997' AND c_asigna='300314' AND status IN ('0','3','B') [1][0] OK
C:[16/05/2013 06:34:17.41][190.73.255.26][1392] SELECT pre_cod_asig1,pre_cod_asig2,pre_cod_asig3,pre_cod_asig4,pre_cod_asig5,pre_cod_asig6,pre_cod_asig7 FROM tblaca009 WHERE pensum='5' AND c_uni_ca='5' AND c_asigna='352440' [1][0] OK
C:[16/05/2013 06:34:17.41][190.73.255.26][1405] SELECT c_asigna FROM dace004 WHERE exp_e='10-84401997' AND c_asigna='300317' AND status IN ('0','3','B') [1][0] OK
C:[16/05/2013 06:34:17.41][190.73.255.26][1405] SELECT c_asigna FROM dace004 WHERE exp_e='10-84401997' AND c_asigna='300013' AND status IN ('0','3','B') [1][0] OK
C:[16/05/2013 06:34:17.41][190.73.255.26][1405] SELECT c_asigna FROM dace004 WHERE exp_e='10-84401997' AND c_asigna='300113' AND status IN ('0','3','B') [1][0] OK
C:[16/05/2013 06:34:17.41][190.73.255.26][1392] SELECT pre_cod_asig1,pre_cod_asig2,pre_cod_asig3,pre_cod_asig4,pre_cod_asig5,pre_cod_asig6,pre_cod_asig7 FROM tblaca009 WHERE pensum='5' AND c_uni_ca='5' AND c_asigna='355572' [1][0] OK
C:[16/05/2013 06:34:17.41][190.73.255.26][1405] SELECT c_asigna FROM dace004 WHERE exp_e='10-84401997' AND c_asigna='300428' AND status IN ('0','3','B') [1][0] OK
C:[16/05/2013 06:34:17.41][190.73.255.26][1392] SELECT pre_cod_asig1,pre_cod_asig2,pre_cod_asig3,pre_cod_asig4,pre_cod_asig5,pre_cod_asig6,pre_cod_asig7 FROM tblaca009 WHERE pensum='5' AND c_uni_ca='5' AND c_asigna='355573' [1][0] OK
C:[16/05/2013 06:34:17.41][190.73.255.26][1405] SELECT c_asigna FROM dace004 WHERE exp_e='10-84401997' AND c_asigna='355448' AND status IN ('0','3','B') [1][0] OK
C:[16/05/2013 06:34:18.16][190.73.255.26][1436] SELECT par_cod_asig1,par_cod_asig2,par_cod_asig3 FROM tblaca009 WHERE pensum='5' AND c_uni_ca='5' AND c_asigna='355874' [1][0] OK
C:[16/05/2013 06:34:18.16][190.73.255.26][1436] SELECT par_cod_asig1,par_cod_asig2,par_cod_asig3 FROM tblaca009 WHERE pensum='5' AND c_uni_ca='5' AND c_asigna='300422' [1][0] OK
C:[16/05/2013 06:34:18.16][190.73.255.26][1436] SELECT par_cod_asig1,par_cod_asig2,par_cod_asig3 FROM tblaca009 WHERE pensum='5' AND c_uni_ca='5' AND c_asigna='352440' [1][0] OK
C:[16/05/2013 06:34:18.16][190.73.255.26][1436] SELECT par_cod_asig1,par_cod_asig2,par_cod_asig3 FROM tblaca009 WHERE pensum='5' AND c_uni_ca='5' AND c_asigna='355572' [1][0] OK
C:[16/05/2013 06:34:18.16][190.73.255.26][1436] SELECT par_cod_asig1,par_cod_asig2,par_cod_asig3 FROM tblaca009 WHERE pensum='5' AND c_uni_ca='5' AND c_asigna='355573' [1][0] OK
C:[16/05/2013 06:34:18.80][190.73.255.26][1566] SELECT horas_lab FROM tblaca008 WHERE c_asigna='355874' AND horas_teoricas > 0 [1][0] OK
C:[16/05/2013 06:34:18.91][190.73.255.26][1600] SELECT sum(u_creditos*1) FROM dace006 a, tblaca009 b WHERE a.exp_e='10-84401997' AND a.lapso='2013-1' AND b.pensum='5' AND b.c_uni_ca='5' AND status IN ('7','A','2') AND a.c_asigna=b.c_asigna  [1][0] OK
C:[16/05/2013 06:34:18.29][190.73.255.26][1619] SELECT sum(u_creditos*1) FROM dace006 a, tblaca009 b WHERE a.exp_e='10-84401997' AND a.lapso='2013-1' AND b.pensum='5' AND b.c_uni_ca='5' AND status IN ('7','A','2') AND a.c_asigna=b.c_asigna AND a.c_asigna IN ('300422','352440','355572','355573') [1][0] OK
C:[16/05/2013 06:34:18.66][190.73.255.26][1635] SELECT MAX(semestre) FROM dace006 a, tblaca009 b WHERE a.exp_e='10-84401997' AND a.lapso='2013-1' AND b.pensum='5' AND b.c_uni_ca='5' AND status IN ('7','A','2') AND a.c_asigna=b.c_asigna  [1][0] OK
C:[16/05/2013 06:34:18.04][190.73.255.26][1655] SELECT MIN(semestre) FROM dace006 a, tblaca009 b WHERE a.exp_e='10-84401997' AND a.lapso='2013-1' AND b.pensum='5' AND b.c_uni_ca='5' AND status IN ('7','A','2') AND a.c_asigna=b.c_asigna AND a.c_asigna IN ('355874') [1][0] OK
C:[16/05/2013 08:56:54.96][172.16.8.247][1392] SELECT pre_cod_asig1,pre_cod_asig2,pre_cod_asig3,pre_cod_asig4,pre_cod_asig5,pre_cod_asig6,pre_cod_asig7 FROM tblaca009 WHERE pensum='5' AND c_uni_ca='6' AND c_asigna='300317' [1][0] OK
C:[16/05/2013 08:56:54.96][172.16.8.247][1405] SELECT c_asigna FROM dace004 WHERE exp_e='09-21197811' AND c_asigna='300207' AND status IN ('0','3','B') [1][0] OK
C:[16/05/2013 08:56:54.96][172.16.8.247][1405] SELECT c_asigna FROM dace004 WHERE exp_e='09-21197811' AND c_asigna='300209' AND status IN ('0','3','B') [1][0] OK
C:[16/05/2013 08:56:54.33][172.16.8.247][1436] SELECT par_cod_asig1,par_cod_asig2,par_cod_asig3 FROM tblaca009 WHERE pensum='5' AND c_uni_ca='6' AND c_asigna='300317' [1][0] OK
C:[16/05/2013 08:56:54.47][172.16.8.247][1566] SELECT horas_lab FROM tblaca008 WHERE c_asigna='300317' AND horas_teoricas > 0 [1][0] OK
C:[16/05/2013 08:56:54.58][172.16.8.247][1600] SELECT sum(u_creditos*1) FROM dace006 a, tblaca009 b WHERE a.exp_e='09-21197811' AND a.lapso='2013-1' AND b.pensum='5' AND b.c_uni_ca='6' AND status IN ('7','A','2') AND a.c_asigna=b.c_asigna  [1][0] OK
C:[16/05/2013 08:56:54.52][172.16.8.247][1619] SELECT sum(u_creditos*1) FROM dace006 a, tblaca009 b WHERE a.exp_e='09-21197811' AND a.lapso='2013-1' AND b.pensum='5' AND b.c_uni_ca='6' AND status IN ('7','A','2') AND a.c_asigna=b.c_asigna AND a.c_asigna IN () [0][0]  {[MERANT][ODBC SQLBase driver][SQLBase]00915 PRS IVC Invalid constant}
C:[16/05/2013 08:56:54.29][172.16.8.247][1635] SELECT MAX(semestre) FROM dace006 a, tblaca009 b WHERE a.exp_e='09-21197811' AND a.lapso='2013-1' AND b.pensum='5' AND b.c_uni_ca='6' AND status IN ('7','A','2') AND a.c_asigna=b.c_asigna  [1][0] [MERANT][ODBC SQLBase driver][SQLBase]00915 PRS IVC Invalid constant
C:[16/05/2013 08:56:54.02][172.16.8.247][1655] SELECT MIN(semestre) FROM dace006 a, tblaca009 b WHERE a.exp_e='09-21197811' AND a.lapso='2013-1' AND b.pensum='5' AND b.c_uni_ca='6' AND status IN ('7','A','2') AND a.c_asigna=b.c_asigna AND a.c_asigna IN ('300317') [1][0] [MERANT][ODBC SQLBase driver][SQLBase]00915 PRS IVC Invalid constant
C:[16/05/2013 08:57:25.74][172.16.8.247][1392] SELECT pre_cod_asig1,pre_cod_asig2,pre_cod_asig3,pre_cod_asig4,pre_cod_asig5,pre_cod_asig6,pre_cod_asig7 FROM tblaca009 WHERE pensum='5' AND c_uni_ca='6' AND c_asigna='300317' [1][0] OK
C:[16/05/2013 08:57:25.74][172.16.8.247][1405] SELECT c_asigna FROM dace004 WHERE exp_e='09-21197811' AND c_asigna='300207' AND status IN ('0','3','B') [1][0] OK
C:[16/05/2013 08:57:25.74][172.16.8.247][1405] SELECT c_asigna FROM dace004 WHERE exp_e='09-21197811' AND c_asigna='300209' AND status IN ('0','3','B') [1][0] OK
C:[16/05/2013 08:57:25.12][172.16.8.247][1436] SELECT par_cod_asig1,par_cod_asig2,par_cod_asig3 FROM tblaca009 WHERE pensum='5' AND c_uni_ca='6' AND c_asigna='300317' [1][0] OK
C:[16/05/2013 08:57:25.27][172.16.8.247][1600] SELECT sum(u_creditos*1) FROM dace006 a, tblaca009 b WHERE a.exp_e='09-21197811' AND a.lapso='2013-1' AND b.pensum='5' AND b.c_uni_ca='6' AND status IN ('7','A','2') AND a.c_asigna=b.c_asigna  [1][0] OK
C:[16/05/2013 08:57:26.18][172.16.8.247][1619] SELECT sum(u_creditos*1) FROM dace006 a, tblaca009 b WHERE a.exp_e='09-21197811' AND a.lapso='2013-1' AND b.pensum='5' AND b.c_uni_ca='6' AND status IN ('7','A','2') AND a.c_asigna=b.c_asigna AND a.c_asigna IN ('300317') [1][0] OK
C:[16/05/2013 08:57:26.56][172.16.8.247][1635] SELECT MAX(semestre) FROM dace006 a, tblaca009 b WHERE a.exp_e='09-21197811' AND a.lapso='2013-1' AND b.pensum='5' AND b.c_uni_ca='6' AND status IN ('7','A','2') AND a.c_asigna=b.c_asigna  [1][0] OK
C:[16/05/2013 10:06:58.83][200.109.203.135][1392] SELECT pre_cod_asig1,pre_cod_asig2,pre_cod_asig3,pre_cod_asig4,pre_cod_asig5,pre_cod_asig6,pre_cod_asig7 FROM tblaca009 WHERE pensum='5' AND c_uni_ca='4' AND c_asigna='300106' [1][0] OK
C:[16/05/2013 10:06:58.83][200.109.203.135][1392] SELECT pre_cod_asig1,pre_cod_asig2,pre_cod_asig3,pre_cod_asig4,pre_cod_asig5,pre_cod_asig6,pre_cod_asig7 FROM tblaca009 WHERE pensum='5' AND c_uni_ca='4' AND c_asigna='300113' [1][0] OK
C:[16/05/2013 10:06:58.08][200.109.203.135][1436] SELECT par_cod_asig1,par_cod_asig2,par_cod_asig3 FROM tblaca009 WHERE pensum='5' AND c_uni_ca='4' AND c_asigna='300106' [1][0] OK
C:[16/05/2013 10:06:58.08][200.109.203.135][1436] SELECT par_cod_asig1,par_cod_asig2,par_cod_asig3 FROM tblaca009 WHERE pensum='5' AND c_uni_ca='4' AND c_asigna='300113' [1][0] OK
C:[16/05/2013 10:06:58.08][200.109.203.135][1450] SELECT c_asigna FROM dace004 WHERE exp_e='10-23503568' AND c_asigna='300013' AND status IN ('0','3','B','C') [1][0] OK
C:[16/05/2013 10:06:58.47][200.109.203.135][1566] SELECT horas_lab FROM tblaca008 WHERE c_asigna='300106' AND horas_teoricas > 0 [0][0] OK
C:[16/05/2013 10:06:58.60][200.109.203.135][1600] SELECT sum(u_creditos*1) FROM dace006 a, tblaca009 b WHERE a.exp_e='10-23503568' AND a.lapso='2013-1' AND b.pensum='5' AND b.c_uni_ca='4' AND status IN ('7','A','2') AND a.c_asigna=b.c_asigna  [1][0] OK
C:[16/05/2013 10:06:58.20][200.109.203.135][1619] SELECT sum(u_creditos*1) FROM dace006 a, tblaca009 b WHERE a.exp_e='10-23503568' AND a.lapso='2013-1' AND b.pensum='5' AND b.c_uni_ca='4' AND status IN ('7','A','2') AND a.c_asigna=b.c_asigna AND a.c_asigna IN ('300113') [1][0] OK
C:[16/05/2013 10:06:59.83][200.109.203.135][1635] SELECT MAX(semestre) FROM dace006 a, tblaca009 b WHERE a.exp_e='10-23503568' AND a.lapso='2013-1' AND b.pensum='5' AND b.c_uni_ca='4' AND status IN ('7','A','2') AND a.c_asigna=b.c_asigna  [1][0] OK
C:[16/05/2013 10:06:59.21][200.109.203.135][1655] SELECT MIN(semestre) FROM dace006 a, tblaca009 b WHERE a.exp_e='10-23503568' AND a.lapso='2013-1' AND b.pensum='5' AND b.c_uni_ca='4' AND status IN ('7','A','2') AND a.c_asigna=b.c_asigna AND a.c_asigna IN ('300106') [1][0] OK
C:[16/05/2013 10:42:17.84][190.77.245.229][1392] SELECT pre_cod_asig1,pre_cod_asig2,pre_cod_asig3,pre_cod_asig4,pre_cod_asig5,pre_cod_asig6,pre_cod_asig7 FROM tblaca009 WHERE pensum='5' AND c_uni_ca='5' AND c_asigna='355448' [1][0] OK
C:[16/05/2013 10:42:17.84][190.77.245.229][1405] SELECT c_asigna FROM dace004 WHERE exp_e='10-22818875' AND c_asigna='300313' AND status IN ('0','3','B') [1][0] OK
C:[16/05/2013 10:42:17.84][190.77.245.229][1405] SELECT c_asigna FROM dace004 WHERE exp_e='10-22818875' AND c_asigna='300209' AND status IN ('0','3','B') [1][0] OK
C:[16/05/2013 10:42:17.84][190.77.245.229][1405] SELECT c_asigna FROM dace004 WHERE exp_e='10-22818875' AND c_asigna='300226' AND status IN ('0','3','B') [1][0] OK
C:[16/05/2013 10:42:17.84][190.77.245.229][1405] SELECT c_asigna FROM dace004 WHERE exp_e='10-22818875' AND c_asigna='300222' AND status IN ('0','3','B') [1][0] OK
C:[16/05/2013 10:42:17.84][190.77.245.229][1392] SELECT pre_cod_asig1,pre_cod_asig2,pre_cod_asig3,pre_cod_asig4,pre_cod_asig5,pre_cod_asig6,pre_cod_asig7 FROM tblaca009 WHERE pensum='5' AND c_uni_ca='5' AND c_asigna='300317' [1][0] OK
C:[16/05/2013 10:42:17.84][190.77.245.229][1405] SELECT c_asigna FROM dace004 WHERE exp_e='10-22818875' AND c_asigna='300207' AND status IN ('0','3','B') [1][0] OK
C:[16/05/2013 10:42:17.84][190.77.245.229][1405] SELECT c_asigna FROM dace004 WHERE exp_e='10-22818875' AND c_asigna='300209' AND status IN ('0','3','B') [1][0] OK
C:[16/05/2013 10:42:17.84][190.77.245.229][1392] SELECT pre_cod_asig1,pre_cod_asig2,pre_cod_asig3,pre_cod_asig4,pre_cod_asig5,pre_cod_asig6,pre_cod_asig7 FROM tblaca009 WHERE pensum='5' AND c_uni_ca='5' AND c_asigna='351330' [1][0] OK
C:[16/05/2013 10:42:17.84][190.77.245.229][1405] SELECT c_asigna FROM dace004 WHERE exp_e='10-22818875' AND c_asigna='300218' AND status IN ('0','3','B') [1][0] OK
C:[16/05/2013 10:42:18.09][190.77.245.229][1436] SELECT par_cod_asig1,par_cod_asig2,par_cod_asig3 FROM tblaca009 WHERE pensum='5' AND c_uni_ca='5' AND c_asigna='355448' [1][0] OK
C:[16/05/2013 10:42:18.09][190.77.245.229][1436] SELECT par_cod_asig1,par_cod_asig2,par_cod_asig3 FROM tblaca009 WHERE pensum='5' AND c_uni_ca='5' AND c_asigna='300317' [1][0] OK
C:[16/05/2013 10:42:18.09][190.77.245.229][1436] SELECT par_cod_asig1,par_cod_asig2,par_cod_asig3 FROM tblaca009 WHERE pensum='5' AND c_uni_ca='5' AND c_asigna='351330' [1][0] OK
C:[16/05/2013 10:42:18.09][190.77.245.229][1450] SELECT c_asigna FROM dace004 WHERE exp_e='10-22818875' AND c_asigna='300318' AND status IN ('0','3','B','C') [1][0] OK
C:[16/05/2013 10:42:18.09][190.77.245.229][1450] SELECT c_asigna FROM dace004 WHERE exp_e='10-22818875' AND c_asigna='300317' AND status IN ('0','3','B','C') [0][0] OK
C:[16/05/2013 10:42:18.74][190.77.245.229][1566] SELECT horas_lab FROM tblaca008 WHERE c_asigna='355448' AND horas_teoricas > 0 [1][0] OK
C:[16/05/2013 10:42:18.85][190.77.245.229][1600] SELECT sum(u_creditos*1) FROM dace006 a, tblaca009 b WHERE a.exp_e='10-22818875' AND a.lapso='2013-1' AND b.pensum='5' AND b.c_uni_ca='5' AND status IN ('7','A','2') AND a.c_asigna=b.c_asigna  [1][0] OK
C:[16/05/2013 10:42:18.79][190.77.245.229][1619] SELECT sum(u_creditos*1) FROM dace006 a, tblaca009 b WHERE a.exp_e='10-22818875' AND a.lapso='2013-1' AND b.pensum='5' AND b.c_uni_ca='5' AND status IN ('7','A','2') AND a.c_asigna=b.c_asigna AND a.c_asigna IN ('300317','351330') [1][0] OK
C:[16/05/2013 10:42:18.16][190.77.245.229][1635] SELECT MAX(semestre) FROM dace006 a, tblaca009 b WHERE a.exp_e='10-22818875' AND a.lapso='2013-1' AND b.pensum='5' AND b.c_uni_ca='5' AND status IN ('7','A','2') AND a.c_asigna=b.c_asigna  [1][0] OK
C:[16/05/2013 10:42:18.55][190.77.245.229][1655] SELECT MIN(semestre) FROM dace006 a, tblaca009 b WHERE a.exp_e='10-22818875' AND a.lapso='2013-1' AND b.pensum='5' AND b.c_uni_ca='5' AND status IN ('7','A','2') AND a.c_asigna=b.c_asigna AND a.c_asigna IN ('355448') [1][0] OK
C:[16/05/2013 11:25:09.29][190.202.219.48][1392] SELECT pre_cod_asig1,pre_cod_asig2,pre_cod_asig3,pre_cod_asig4,pre_cod_asig5,pre_cod_asig6,pre_cod_asig7 FROM tblaca009 WHERE pensum='5' AND c_uni_ca='4' AND c_asigna='300209' [1][0] OK
C:[16/05/2013 11:25:09.29][190.202.219.48][1405] SELECT c_asigna FROM dace004 WHERE exp_e='12-23504597' AND c_asigna='300101' AND status IN ('0','3','B') [1][0] OK
C:[16/05/2013 11:25:09.29][190.202.219.48][1392] SELECT pre_cod_asig1,pre_cod_asig2,pre_cod_asig3,pre_cod_asig4,pre_cod_asig5,pre_cod_asig6,pre_cod_asig7 FROM tblaca009 WHERE pensum='5' AND c_uni_ca='4' AND c_asigna='300213' [1][0] OK
C:[16/05/2013 11:25:09.29][190.202.219.48][1405] SELECT c_asigna FROM dace004 WHERE exp_e='12-23504597' AND c_asigna='300101' AND status IN ('0','3','B') [1][0] OK
C:[16/05/2013 11:25:09.29][190.202.219.48][1392] SELECT pre_cod_asig1,pre_cod_asig2,pre_cod_asig3,pre_cod_asig4,pre_cod_asig5,pre_cod_asig6,pre_cod_asig7 FROM tblaca009 WHERE pensum='5' AND c_uni_ca='4' AND c_asigna='300207' [1][0] OK
C:[16/05/2013 11:25:09.29][190.202.219.48][1405] SELECT c_asigna FROM dace004 WHERE exp_e='12-23504597' AND c_asigna='300101' AND status IN ('0','3','B') [1][0] OK
C:[16/05/2013 11:25:09.29][190.202.219.48][1392] SELECT pre_cod_asig1,pre_cod_asig2,pre_cod_asig3,pre_cod_asig4,pre_cod_asig5,pre_cod_asig6,pre_cod_asig7 FROM tblaca009 WHERE pensum='5' AND c_uni_ca='4' AND c_asigna='300218' [1][0] OK
C:[16/05/2013 11:25:09.29][190.202.219.48][1405] SELECT c_asigna FROM dace004 WHERE exp_e='12-23504597' AND c_asigna='300101' AND status IN ('0','3','B') [1][0] OK
C:[16/05/2013 11:25:09.29][190.202.219.48][1392] SELECT pre_cod_asig1,pre_cod_asig2,pre_cod_asig3,pre_cod_asig4,pre_cod_asig5,pre_cod_asig6,pre_cod_asig7 FROM tblaca009 WHERE pensum='5' AND c_uni_ca='4' AND c_asigna='300222' [1][0] OK
C:[16/05/2013 11:25:09.29][190.202.219.48][1405] SELECT c_asigna FROM dace004 WHERE exp_e='12-23504597' AND c_asigna='300112' AND status IN ('0','3','B') [1][0] OK
C:[16/05/2013 11:25:09.29][190.202.219.48][1392] SELECT pre_cod_asig1,pre_cod_asig2,pre_cod_asig3,pre_cod_asig4,pre_cod_asig5,pre_cod_asig6,pre_cod_asig7 FROM tblaca009 WHERE pensum='5' AND c_uni_ca='4' AND c_asigna='300226' [1][0] OK
C:[16/05/2013 11:25:09.29][190.202.219.48][1405] SELECT c_asigna FROM dace004 WHERE exp_e='12-23504597' AND c_asigna='300116' AND status IN ('0','3','B') [1][0] OK
C:[16/05/2013 11:25:09.29][190.202.219.48][1392] SELECT pre_cod_asig1,pre_cod_asig2,pre_cod_asig3,pre_cod_asig4,pre_cod_asig5,pre_cod_asig6,pre_cod_asig7 FROM tblaca009 WHERE pensum='5' AND c_uni_ca='4' AND c_asigna='300228' [1][0] OK
C:[16/05/2013 11:25:09.29][190.202.219.48][1405] SELECT c_asigna FROM dace004 WHERE exp_e='12-23504597' AND c_asigna='300101' AND status IN ('0','3','B') [1][0] OK
C:[16/05/2013 11:25:09.04][190.202.219.48][1436] SELECT par_cod_asig1,par_cod_asig2,par_cod_asig3 FROM tblaca009 WHERE pensum='5' AND c_uni_ca='4' AND c_asigna='300209' [1][0] OK
C:[16/05/2013 11:25:09.04][190.202.219.48][1436] SELECT par_cod_asig1,par_cod_asig2,par_cod_asig3 FROM tblaca009 WHERE pensum='5' AND c_uni_ca='4' AND c_asigna='300213' [1][0] OK
C:[16/05/2013 11:25:09.04][190.202.219.48][1450] SELECT c_asigna FROM dace004 WHERE exp_e='12-23504597' AND c_asigna='300209' AND status IN ('0','3','B','C') [0][0] OK
C:[16/05/2013 11:25:09.04][190.202.219.48][1436] SELECT par_cod_asig1,par_cod_asig2,par_cod_asig3 FROM tblaca009 WHERE pensum='5' AND c_uni_ca='4' AND c_asigna='300207' [1][0] OK
C:[16/05/2013 11:25:09.04][190.202.219.48][1436] SELECT par_cod_asig1,par_cod_asig2,par_cod_asig3 FROM tblaca009 WHERE pensum='5' AND c_uni_ca='4' AND c_asigna='300218' [1][0] OK
C:[16/05/2013 11:25:09.04][190.202.219.48][1450] SELECT c_asigna FROM dace004 WHERE exp_e='12-23504597' AND c_asigna='300228' AND status IN ('0','3','B','C') [0][0] OK
C:[16/05/2013 11:25:09.04][190.202.219.48][1436] SELECT par_cod_asig1,par_cod_asig2,par_cod_asig3 FROM tblaca009 WHERE pensum='5' AND c_uni_ca='4' AND c_asigna='300222' [1][0] OK
C:[16/05/2013 11:25:09.04][190.202.219.48][1436] SELECT par_cod_asig1,par_cod_asig2,par_cod_asig3 FROM tblaca009 WHERE pensum='5' AND c_uni_ca='4' AND c_asigna='300226' [1][0] OK
C:[16/05/2013 11:25:09.04][190.202.219.48][1436] SELECT par_cod_asig1,par_cod_asig2,par_cod_asig3 FROM tblaca009 WHERE pensum='5' AND c_uni_ca='4' AND c_asigna='300228' [1][0] OK
C:[16/05/2013 11:25:10.18][190.202.219.48][1566] SELECT horas_lab FROM tblaca008 WHERE c_asigna='300209' AND horas_teoricas > 0 [1][0] OK
C:[16/05/2013 11:25:10.18][190.202.219.48][1566] SELECT horas_lab FROM tblaca008 WHERE c_asigna='300213' AND horas_teoricas > 0 [1][0] OK
C:[16/05/2013 11:25:10.41][190.202.219.48][1600] SELECT sum(u_creditos*1) FROM dace006 a, tblaca009 b WHERE a.exp_e='12-23504597' AND a.lapso='2013-1' AND b.pensum='5' AND b.c_uni_ca='4' AND status IN ('7','A','2') AND a.c_asigna=b.c_asigna  [1][0] OK
C:[16/05/2013 11:25:10.35][190.202.219.48][1619] SELECT sum(u_creditos*1) FROM dace006 a, tblaca009 b WHERE a.exp_e='12-23504597' AND a.lapso='2013-1' AND b.pensum='5' AND b.c_uni_ca='4' AND status IN ('7','A','2') AND a.c_asigna=b.c_asigna AND a.c_asigna IN ('300207','300218','300222','300226','300228') [1][0] OK
C:[16/05/2013 11:25:10.29][190.202.219.48][1635] SELECT MAX(semestre) FROM dace006 a, tblaca009 b WHERE a.exp_e='12-23504597' AND a.lapso='2013-1' AND b.pensum='5' AND b.c_uni_ca='4' AND status IN ('7','A','2') AND a.c_asigna=b.c_asigna  [1][0] OK
C:[16/05/2013 11:25:10.23][190.202.219.48][1655] SELECT MIN(semestre) FROM dace006 a, tblaca009 b WHERE a.exp_e='12-23504597' AND a.lapso='2013-1' AND b.pensum='5' AND b.c_uni_ca='4' AND status IN ('7','A','2') AND a.c_asigna=b.c_asigna AND a.c_asigna IN ('300209','300213') [1][0] OK
C:[16/05/2013 14:26:54.18][190.199.80.146][1392] SELECT pre_cod_asig1,pre_cod_asig2,pre_cod_asig3,pre_cod_asig4,pre_cod_asig5,pre_cod_asig6,pre_cod_asig7 FROM tblaca009 WHERE pensum='5' AND c_uni_ca='5' AND c_asigna='300116' [1][0] OK
C:[16/05/2013 14:26:54.18][190.199.80.146][1392] SELECT pre_cod_asig1,pre_cod_asig2,pre_cod_asig3,pre_cod_asig4,pre_cod_asig5,pre_cod_asig6,pre_cod_asig7 FROM tblaca009 WHERE pensum='5' AND c_uni_ca='5' AND c_asigna='300207' [1][0] OK
C:[16/05/2013 14:26:54.18][190.199.80.146][1405] SELECT c_asigna FROM dace004 WHERE exp_e='10-23702349' AND c_asigna='300101' AND status IN ('0','3','B') [1][0] OK
C:[16/05/2013 14:26:54.18][190.199.80.146][1392] SELECT pre_cod_asig1,pre_cod_asig2,pre_cod_asig3,pre_cod_asig4,pre_cod_asig5,pre_cod_asig6,pre_cod_asig7 FROM tblaca009 WHERE pensum='5' AND c_uni_ca='5' AND c_asigna='300209' [1][0] OK
C:[16/05/2013 14:26:54.18][190.199.80.146][1405] SELECT c_asigna FROM dace004 WHERE exp_e='10-23702349' AND c_asigna='300101' AND status IN ('0','3','B') [1][0] OK
C:[16/05/2013 14:26:54.18][190.199.80.146][1392] SELECT pre_cod_asig1,pre_cod_asig2,pre_cod_asig3,pre_cod_asig4,pre_cod_asig5,pre_cod_asig6,pre_cod_asig7 FROM tblaca009 WHERE pensum='5' AND c_uni_ca='5' AND c_asigna='300218' [1][0] OK
C:[16/05/2013 14:26:54.18][190.199.80.146][1405] SELECT c_asigna FROM dace004 WHERE exp_e='10-23702349' AND c_asigna='300101' AND status IN ('0','3','B') [1][0] OK
C:[16/05/2013 14:26:54.18][190.199.80.146][1392] SELECT pre_cod_asig1,pre_cod_asig2,pre_cod_asig3,pre_cod_asig4,pre_cod_asig5,pre_cod_asig6,pre_cod_asig7 FROM tblaca009 WHERE pensum='5' AND c_uni_ca='5' AND c_asigna='300228' [1][0] OK
C:[16/05/2013 14:26:54.18][190.199.80.146][1405] SELECT c_asigna FROM dace004 WHERE exp_e='10-23702349' AND c_asigna='300101' AND status IN ('0','3','B') [1][0] OK
C:[16/05/2013 14:26:54.30][190.199.80.146][1436] SELECT par_cod_asig1,par_cod_asig2,par_cod_asig3 FROM tblaca009 WHERE pensum='5' AND c_uni_ca='5' AND c_asigna='300116' [1][0] OK
C:[16/05/2013 14:26:54.30][190.199.80.146][1436] SELECT par_cod_asig1,par_cod_asig2,par_cod_asig3 FROM tblaca009 WHERE pensum='5' AND c_uni_ca='5' AND c_asigna='300207' [1][0] OK
C:[16/05/2013 14:26:54.30][190.199.80.146][1436] SELECT par_cod_asig1,par_cod_asig2,par_cod_asig3 FROM tblaca009 WHERE pensum='5' AND c_uni_ca='5' AND c_asigna='300209' [1][0] OK
C:[16/05/2013 14:26:54.30][190.199.80.146][1436] SELECT par_cod_asig1,par_cod_asig2,par_cod_asig3 FROM tblaca009 WHERE pensum='5' AND c_uni_ca='5' AND c_asigna='300218' [1][0] OK
C:[16/05/2013 14:26:54.30][190.199.80.146][1450] SELECT c_asigna FROM dace004 WHERE exp_e='10-23702349' AND c_asigna='300228' AND status IN ('0','3','B','C') [0][0] OK
C:[16/05/2013 14:26:54.30][190.199.80.146][1436] SELECT par_cod_asig1,par_cod_asig2,par_cod_asig3 FROM tblaca009 WHERE pensum='5' AND c_uni_ca='5' AND c_asigna='300228' [1][0] OK
C:[16/05/2013 14:26:54.63][190.199.80.146][1566] SELECT horas_lab FROM tblaca008 WHERE c_asigna='300116' AND horas_teoricas > 0 [1][0] OK
C:[16/05/2013 14:26:54.74][190.199.80.146][1600] SELECT sum(u_creditos*1) FROM dace006 a, tblaca009 b WHERE a.exp_e='10-23702349' AND a.lapso='2013-1' AND b.pensum='5' AND b.c_uni_ca='5' AND status IN ('7','A','2') AND a.c_asigna=b.c_asigna  [1][0] OK
C:[16/05/2013 14:26:54.68][190.199.80.146][1619] SELECT sum(u_creditos*1) FROM dace006 a, tblaca009 b WHERE a.exp_e='10-23702349' AND a.lapso='2013-1' AND b.pensum='5' AND b.c_uni_ca='5' AND status IN ('7','A','2') AND a.c_asigna=b.c_asigna AND a.c_asigna IN ('300207','300209','300218','300228') [1][0] OK
C:[16/05/2013 14:26:54.61][190.199.80.146][1635] SELECT MAX(semestre) FROM dace006 a, tblaca009 b WHERE a.exp_e='10-23702349' AND a.lapso='2013-1' AND b.pensum='5' AND b.c_uni_ca='5' AND status IN ('7','A','2') AND a.c_asigna=b.c_asigna  [1][0] OK
C:[16/05/2013 14:26:55.99][190.199.80.146][1655] SELECT MIN(semestre) FROM dace006 a, tblaca009 b WHERE a.exp_e='10-23702349' AND a.lapso='2013-1' AND b.pensum='5' AND b.c_uni_ca='5' AND status IN ('7','A','2') AND a.c_asigna=b.c_asigna AND a.c_asigna IN ('300116') [1][0] OK
C:[16/05/2013 15:28:32.44][200.8.120.192][1392] SELECT pre_cod_asig1,pre_cod_asig2,pre_cod_asig3,pre_cod_asig4,pre_cod_asig5,pre_cod_asig6,pre_cod_asig7 FROM tblaca009 WHERE pensum='5' AND c_uni_ca='6' AND c_asigna='300213' [1][0] OK
C:[16/05/2013 15:28:32.44][200.8.120.192][1405] SELECT c_asigna FROM dace004 WHERE exp_e='08-20223044' AND c_asigna='300101' AND status IN ('0','3','B') [1][0] OK
C:[16/05/2013 15:28:32.69][200.8.120.192][1436] SELECT par_cod_asig1,par_cod_asig2,par_cod_asig3 FROM tblaca009 WHERE pensum='5' AND c_uni_ca='6' AND c_asigna='300213' [1][0] OK
C:[16/05/2013 15:28:32.69][200.8.120.192][1450] SELECT c_asigna FROM dace004 WHERE exp_e='08-20223044' AND c_asigna='300209' AND status IN ('0','3','B','C') [1][0] OK
C:[16/05/2013 15:28:32.96][200.8.120.192][1600] SELECT sum(u_creditos*1) FROM dace006 a, tblaca009 b WHERE a.exp_e='08-20223044' AND a.lapso='2013-1' AND b.pensum='5' AND b.c_uni_ca='6' AND status IN ('7','A','2') AND a.c_asigna=b.c_asigna  [1][0] OK
C:[16/05/2013 15:28:32.88][200.8.120.192][1619] SELECT sum(u_creditos*1) FROM dace006 a, tblaca009 b WHERE a.exp_e='08-20223044' AND a.lapso='2013-1' AND b.pensum='5' AND b.c_uni_ca='6' AND status IN ('7','A','2') AND a.c_asigna=b.c_asigna AND a.c_asigna IN ('300213') [1][0] OK
C:[16/05/2013 15:28:32.82][200.8.120.192][1635] SELECT MAX(semestre) FROM dace006 a, tblaca009 b WHERE a.exp_e='08-20223044' AND a.lapso='2013-1' AND b.pensum='5' AND b.c_uni_ca='6' AND status IN ('7','A','2') AND a.c_asigna=b.c_asigna  [1][0] OK
C:[16/05/2013 15:44:09.54][190.199.80.146][1392] SELECT pre_cod_asig1,pre_cod_asig2,pre_cod_asig3,pre_cod_asig4,pre_cod_asig5,pre_cod_asig6,pre_cod_asig7 FROM tblaca009 WHERE pensum='5' AND c_uni_ca='2' AND c_asigna='300116' [1][0] OK
C:[16/05/2013 15:44:09.54][190.199.80.146][1392] SELECT pre_cod_asig1,pre_cod_asig2,pre_cod_asig3,pre_cod_asig4,pre_cod_asig5,pre_cod_asig6,pre_cod_asig7 FROM tblaca009 WHERE pensum='5' AND c_uni_ca='2' AND c_asigna='300113' [1][0] OK
C:[16/05/2013 15:44:09.54][190.199.80.146][1392] SELECT pre_cod_asig1,pre_cod_asig2,pre_cod_asig3,pre_cod_asig4,pre_cod_asig5,pre_cod_asig6,pre_cod_asig7 FROM tblaca009 WHERE pensum='5' AND c_uni_ca='2' AND c_asigna='300207' [1][0] OK
C:[16/05/2013 15:44:09.54][190.199.80.146][1405] SELECT c_asigna FROM dace004 WHERE exp_e='11-24040652' AND c_asigna='300101' AND status IN ('0','3','B') [1][0] OK
C:[16/05/2013 15:44:09.54][190.199.80.146][1392] SELECT pre_cod_asig1,pre_cod_asig2,pre_cod_asig3,pre_cod_asig4,pre_cod_asig5,pre_cod_asig6,pre_cod_asig7 FROM tblaca009 WHERE pensum='5' AND c_uni_ca='2' AND c_asigna='300209' [1][0] OK
C:[16/05/2013 15:44:09.54][190.199.80.146][1405] SELECT c_asigna FROM dace004 WHERE exp_e='11-24040652' AND c_asigna='300101' AND status IN ('0','3','B') [1][0] OK
C:[16/05/2013 15:44:09.54][190.199.80.146][1392] SELECT pre_cod_asig1,pre_cod_asig2,pre_cod_asig3,pre_cod_asig4,pre_cod_asig5,pre_cod_asig6,pre_cod_asig7 FROM tblaca009 WHERE pensum='5' AND c_uni_ca='2' AND c_asigna='300228' [1][0] OK
C:[16/05/2013 15:44:09.54][190.199.80.146][1405] SELECT c_asigna FROM dace004 WHERE exp_e='11-24040652' AND c_asigna='300101' AND status IN ('0','3','B') [1][0] OK
C:[16/05/2013 15:44:09.54][190.199.80.146][1436] SELECT par_cod_asig1,par_cod_asig2,par_cod_asig3 FROM tblaca009 WHERE pensum='5' AND c_uni_ca='2' AND c_asigna='300116' [1][0] OK
C:[16/05/2013 15:44:09.54][190.199.80.146][1436] SELECT par_cod_asig1,par_cod_asig2,par_cod_asig3 FROM tblaca009 WHERE pensum='5' AND c_uni_ca='2' AND c_asigna='300113' [1][0] OK
C:[16/05/2013 15:44:09.54][190.199.80.146][1450] SELECT c_asigna FROM dace004 WHERE exp_e='11-24040652' AND c_asigna='300013' AND status IN ('0','3','B','C') [1][0] OK
C:[16/05/2013 15:44:09.54][190.199.80.146][1436] SELECT par_cod_asig1,par_cod_asig2,par_cod_asig3 FROM tblaca009 WHERE pensum='5' AND c_uni_ca='2' AND c_asigna='300207' [1][0] OK
C:[16/05/2013 15:44:09.54][190.199.80.146][1436] SELECT par_cod_asig1,par_cod_asig2,par_cod_asig3 FROM tblaca009 WHERE pensum='5' AND c_uni_ca='2' AND c_asigna='300209' [1][0] OK
C:[16/05/2013 15:44:09.54][190.199.80.146][1436] SELECT par_cod_asig1,par_cod_asig2,par_cod_asig3 FROM tblaca009 WHERE pensum='5' AND c_uni_ca='2' AND c_asigna='300228' [1][0] OK
C:[16/05/2013 15:44:09.31][190.199.80.146][1566] SELECT horas_lab FROM tblaca008 WHERE c_asigna='300116' AND horas_teoricas > 0 [1][0] OK
C:[16/05/2013 15:44:09.42][190.199.80.146][1600] SELECT sum(u_creditos*1) FROM dace006 a, tblaca009 b WHERE a.exp_e='11-24040652' AND a.lapso='2013-1' AND b.pensum='5' AND b.c_uni_ca='2' AND status IN ('7','A','2') AND a.c_asigna=b.c_asigna  [1][0] OK
C:[16/05/2013 15:44:10.92][190.199.80.146][1619] SELECT sum(u_creditos*1) FROM dace006 a, tblaca009 b WHERE a.exp_e='11-24040652' AND a.lapso='2013-1' AND b.pensum='5' AND b.c_uni_ca='2' AND status IN ('7','A','2') AND a.c_asigna=b.c_asigna AND a.c_asigna IN ('300113','300207','300209','300228') [1][0] OK
C:[16/05/2013 15:44:10.99][190.199.80.146][1635] SELECT MAX(semestre) FROM dace006 a, tblaca009 b WHERE a.exp_e='11-24040652' AND a.lapso='2013-1' AND b.pensum='5' AND b.c_uni_ca='2' AND status IN ('7','A','2') AND a.c_asigna=b.c_asigna  [1][0] OK
C:[16/05/2013 15:44:10.48][190.199.80.146][1655] SELECT MIN(semestre) FROM dace006 a, tblaca009 b WHERE a.exp_e='11-24040652' AND a.lapso='2013-1' AND b.pensum='5' AND b.c_uni_ca='2' AND status IN ('7','A','2') AND a.c_asigna=b.c_asigna AND a.c_asigna IN ('300116') [1][0] OK
C:[16/05/2013 16:33:31.41][190.199.80.146][1392] SELECT pre_cod_asig1,pre_cod_asig2,pre_cod_asig3,pre_cod_asig4,pre_cod_asig5,pre_cod_asig6,pre_cod_asig7 FROM tblaca009 WHERE pensum='5' AND c_uni_ca='5' AND c_asigna='300313' [1][0] OK
C:[16/05/2013 16:33:31.41][190.199.80.146][1405] SELECT c_asigna FROM dace004 WHERE exp_e='11-20840869' AND c_asigna='300213' AND status IN ('0','3','B') [1][0] OK
C:[16/05/2013 16:33:31.41][190.199.80.146][1405] SELECT c_asigna FROM dace004 WHERE exp_e='11-20840869' AND c_asigna='300226' AND status IN ('0','3','B') [1][0] OK
C:[16/05/2013 16:33:31.41][190.199.80.146][1405] SELECT c_asigna FROM dace004 WHERE exp_e='11-20840869' AND c_asigna='300222' AND status IN ('0','3','B') [1][0] OK
C:[16/05/2013 16:33:31.41][190.199.80.146][1405] SELECT c_asigna FROM dace004 WHERE exp_e='11-20840869' AND c_asigna='300209' AND status IN ('0','3','B') [1][0] OK
C:[16/05/2013 16:33:31.41][190.199.80.146][1392] SELECT pre_cod_asig1,pre_cod_asig2,pre_cod_asig3,pre_cod_asig4,pre_cod_asig5,pre_cod_asig6,pre_cod_asig7 FROM tblaca009 WHERE pensum='5' AND c_uni_ca='5' AND c_asigna='300317' [1][0] OK
C:[16/05/2013 16:33:31.41][190.199.80.146][1405] SELECT c_asigna FROM dace004 WHERE exp_e='11-20840869' AND c_asigna='300207' AND status IN ('0','3','B') [1][0] OK
C:[16/05/2013 16:33:31.41][190.199.80.146][1405] SELECT c_asigna FROM dace004 WHERE exp_e='11-20840869' AND c_asigna='300209' AND status IN ('0','3','B') [1][0] OK
C:[16/05/2013 16:33:31.41][190.199.80.146][1392] SELECT pre_cod_asig1,pre_cod_asig2,pre_cod_asig3,pre_cod_asig4,pre_cod_asig5,pre_cod_asig6,pre_cod_asig7 FROM tblaca009 WHERE pensum='5' AND c_uni_ca='5' AND c_asigna='300318' [1][0] OK
C:[16/05/2013 16:33:31.41][190.199.80.146][1405] SELECT c_asigna FROM dace004 WHERE exp_e='11-20840869' AND c_asigna='300228' AND status IN ('0','3','B') [1][0] OK
C:[16/05/2013 16:33:31.41][190.199.80.146][1405] SELECT c_asigna FROM dace004 WHERE exp_e='11-20840869' AND c_asigna='300207' AND status IN ('0','3','B') [1][0] OK
C:[16/05/2013 16:33:31.41][190.199.80.146][1405] SELECT c_asigna FROM dace004 WHERE exp_e='11-20840869' AND c_asigna='300218' AND status IN ('0','3','B') [1][0] OK
C:[16/05/2013 16:33:31.41][190.199.80.146][1392] SELECT pre_cod_asig1,pre_cod_asig2,pre_cod_asig3,pre_cod_asig4,pre_cod_asig5,pre_cod_asig6,pre_cod_asig7 FROM tblaca009 WHERE pensum='5' AND c_uni_ca='5' AND c_asigna='355350' [1][0] OK
C:[16/05/2013 16:33:31.41][190.199.80.146][1405] SELECT c_asigna FROM dace004 WHERE exp_e='11-20840869' AND c_asigna='300207' AND status IN ('0','3','B') [1][0] OK
C:[16/05/2013 16:33:31.41][190.199.80.146][1405] SELECT c_asigna FROM dace004 WHERE exp_e='11-20840869' AND c_asigna='300228' AND status IN ('0','3','B') [1][0] OK
C:[16/05/2013 16:33:31.28][190.199.80.146][1436] SELECT par_cod_asig1,par_cod_asig2,par_cod_asig3 FROM tblaca009 WHERE pensum='5' AND c_uni_ca='5' AND c_asigna='300313' [1][0] OK
C:[16/05/2013 16:33:31.28][190.199.80.146][1436] SELECT par_cod_asig1,par_cod_asig2,par_cod_asig3 FROM tblaca009 WHERE pensum='5' AND c_uni_ca='5' AND c_asigna='300317' [1][0] OK
C:[16/05/2013 16:33:31.28][190.199.80.146][1436] SELECT par_cod_asig1,par_cod_asig2,par_cod_asig3 FROM tblaca009 WHERE pensum='5' AND c_uni_ca='5' AND c_asigna='300318' [1][0] OK
C:[16/05/2013 16:33:31.28][190.199.80.146][1436] SELECT par_cod_asig1,par_cod_asig2,par_cod_asig3 FROM tblaca009 WHERE pensum='5' AND c_uni_ca='5' AND c_asigna='355350' [1][0] OK
C:[16/05/2013 16:33:31.80][190.199.80.146][1600] SELECT sum(u_creditos*1) FROM dace006 a, tblaca009 b WHERE a.exp_e='11-20840869' AND a.lapso='2013-1' AND b.pensum='5' AND b.c_uni_ca='5' AND status IN ('7','A','2') AND a.c_asigna=b.c_asigna  [1][0] OK
C:[16/05/2013 16:33:31.73][190.199.80.146][1619] SELECT sum(u_creditos*1) FROM dace006 a, tblaca009 b WHERE a.exp_e='11-20840869' AND a.lapso='2013-1' AND b.pensum='5' AND b.c_uni_ca='5' AND status IN ('7','A','2') AND a.c_asigna=b.c_asigna AND a.c_asigna IN ('300313','300317','300318','355350') [1][0] OK
C:[16/05/2013 16:33:31.66][190.199.80.146][1635] SELECT MAX(semestre) FROM dace006 a, tblaca009 b WHERE a.exp_e='11-20840869' AND a.lapso='2013-1' AND b.pensum='5' AND b.c_uni_ca='5' AND status IN ('7','A','2') AND a.c_asigna=b.c_asigna  [1][0] OK
C:[16/05/2013 16:34:29.91][190.199.80.146][1392] SELECT pre_cod_asig1,pre_cod_asig2,pre_cod_asig3,pre_cod_asig4,pre_cod_asig5,pre_cod_asig6,pre_cod_asig7 FROM tblaca009 WHERE pensum='5' AND c_uni_ca='5' AND c_asigna='300313' [1][0] OK
C:[16/05/2013 16:34:29.91][190.199.80.146][1405] SELECT c_asigna FROM dace004 WHERE exp_e='11-20840869' AND c_asigna='300213' AND status IN ('0','3','B') [1][0] OK
C:[16/05/2013 16:34:29.91][190.199.80.146][1405] SELECT c_asigna FROM dace004 WHERE exp_e='11-20840869' AND c_asigna='300226' AND status IN ('0','3','B') [1][0] OK
C:[16/05/2013 16:34:29.91][190.199.80.146][1405] SELECT c_asigna FROM dace004 WHERE exp_e='11-20840869' AND c_asigna='300222' AND status IN ('0','3','B') [1][0] OK
C:[16/05/2013 16:34:29.91][190.199.80.146][1405] SELECT c_asigna FROM dace004 WHERE exp_e='11-20840869' AND c_asigna='300209' AND status IN ('0','3','B') [1][0] OK
C:[16/05/2013 16:34:29.91][190.199.80.146][1392] SELECT pre_cod_asig1,pre_cod_asig2,pre_cod_asig3,pre_cod_asig4,pre_cod_asig5,pre_cod_asig6,pre_cod_asig7 FROM tblaca009 WHERE pensum='5' AND c_uni_ca='5' AND c_asigna='300317' [1][0] OK
C:[16/05/2013 16:34:29.91][190.199.80.146][1405] SELECT c_asigna FROM dace004 WHERE exp_e='11-20840869' AND c_asigna='300207' AND status IN ('0','3','B') [1][0] OK
C:[16/05/2013 16:34:29.91][190.199.80.146][1405] SELECT c_asigna FROM dace004 WHERE exp_e='11-20840869' AND c_asigna='300209' AND status IN ('0','3','B') [1][0] OK
C:[16/05/2013 16:34:29.91][190.199.80.146][1392] SELECT pre_cod_asig1,pre_cod_asig2,pre_cod_asig3,pre_cod_asig4,pre_cod_asig5,pre_cod_asig6,pre_cod_asig7 FROM tblaca009 WHERE pensum='5' AND c_uni_ca='5' AND c_asigna='300318' [1][0] OK
C:[16/05/2013 16:34:29.91][190.199.80.146][1405] SELECT c_asigna FROM dace004 WHERE exp_e='11-20840869' AND c_asigna='300228' AND status IN ('0','3','B') [1][0] OK
C:[16/05/2013 16:34:29.91][190.199.80.146][1405] SELECT c_asigna FROM dace004 WHERE exp_e='11-20840869' AND c_asigna='300207' AND status IN ('0','3','B') [1][0] OK
C:[16/05/2013 16:34:29.91][190.199.80.146][1405] SELECT c_asigna FROM dace004 WHERE exp_e='11-20840869' AND c_asigna='300218' AND status IN ('0','3','B') [1][0] OK
C:[16/05/2013 16:34:29.91][190.199.80.146][1392] SELECT pre_cod_asig1,pre_cod_asig2,pre_cod_asig3,pre_cod_asig4,pre_cod_asig5,pre_cod_asig6,pre_cod_asig7 FROM tblaca009 WHERE pensum='5' AND c_uni_ca='5' AND c_asigna='355350' [1][0] OK
C:[16/05/2013 16:34:29.91][190.199.80.146][1405] SELECT c_asigna FROM dace004 WHERE exp_e='11-20840869' AND c_asigna='300207' AND status IN ('0','3','B') [1][0] OK
C:[16/05/2013 16:34:29.91][190.199.80.146][1405] SELECT c_asigna FROM dace004 WHERE exp_e='11-20840869' AND c_asigna='300228' AND status IN ('0','3','B') [1][0] OK
C:[16/05/2013 16:34:30.33][190.199.80.146][1436] SELECT par_cod_asig1,par_cod_asig2,par_cod_asig3 FROM tblaca009 WHERE pensum='5' AND c_uni_ca='5' AND c_asigna='300313' [1][0] OK
C:[16/05/2013 16:34:30.33][190.199.80.146][1436] SELECT par_cod_asig1,par_cod_asig2,par_cod_asig3 FROM tblaca009 WHERE pensum='5' AND c_uni_ca='5' AND c_asigna='300317' [1][0] OK
C:[16/05/2013 16:34:30.33][190.199.80.146][1436] SELECT par_cod_asig1,par_cod_asig2,par_cod_asig3 FROM tblaca009 WHERE pensum='5' AND c_uni_ca='5' AND c_asigna='300318' [1][0] OK
C:[16/05/2013 16:34:30.33][190.199.80.146][1436] SELECT par_cod_asig1,par_cod_asig2,par_cod_asig3 FROM tblaca009 WHERE pensum='5' AND c_uni_ca='5' AND c_asigna='355350' [1][0] OK
C:[16/05/2013 16:34:30.85][190.199.80.146][1566] SELECT horas_lab FROM tblaca008 WHERE c_asigna='300313' AND horas_teoricas > 0 [1][0] OK
C:[16/05/2013 16:34:30.96][190.199.80.146][1600] SELECT sum(u_creditos*1) FROM dace006 a, tblaca009 b WHERE a.exp_e='11-20840869' AND a.lapso='2013-1' AND b.pensum='5' AND b.c_uni_ca='5' AND status IN ('7','A','2') AND a.c_asigna=b.c_asigna  [1][0] OK
C:[16/05/2013 16:34:30.90][190.199.80.146][1619] SELECT sum(u_creditos*1) FROM dace006 a, tblaca009 b WHERE a.exp_e='11-20840869' AND a.lapso='2013-1' AND b.pensum='5' AND b.c_uni_ca='5' AND status IN ('7','A','2') AND a.c_asigna=b.c_asigna AND a.c_asigna IN ('300317','300318','355350') [1][0] OK
C:[16/05/2013 16:34:30.27][190.199.80.146][1635] SELECT MAX(semestre) FROM dace006 a, tblaca009 b WHERE a.exp_e='11-20840869' AND a.lapso='2013-1' AND b.pensum='5' AND b.c_uni_ca='5' AND status IN ('7','A','2') AND a.c_asigna=b.c_asigna  [1][0] OK
C:[16/05/2013 16:34:30.21][190.199.80.146][1655] SELECT MIN(semestre) FROM dace006 a, tblaca009 b WHERE a.exp_e='11-20840869' AND a.lapso='2013-1' AND b.pensum='5' AND b.c_uni_ca='5' AND status IN ('7','A','2') AND a.c_asigna=b.c_asigna AND a.c_asigna IN ('300313') [1][0] OK
C:[16/05/2013 17:16:07.68][190.199.80.146][1392] SELECT pre_cod_asig1,pre_cod_asig2,pre_cod_asig3,pre_cod_asig4,pre_cod_asig5,pre_cod_asig6,pre_cod_asig7 FROM tblaca009 WHERE pensum='5' AND c_uni_ca='4' AND c_asigna='300422' [1][0] OK
C:[16/05/2013 17:16:07.68][190.199.80.146][1405] SELECT c_asigna FROM dace004 WHERE exp_e='11-24522716' AND c_asigna='300105' AND status IN ('0','3','B') [1][0] OK
C:[16/05/2013 17:16:07.68][190.199.80.146][1405] SELECT c_asigna FROM dace004 WHERE exp_e='11-24522716' AND c_asigna='300314' AND status IN ('0','3','B') [1][0] OK
C:[16/05/2013 17:16:07.68][190.199.80.146][1392] SELECT pre_cod_asig1,pre_cod_asig2,pre_cod_asig3,pre_cod_asig4,pre_cod_asig5,pre_cod_asig6,pre_cod_asig7 FROM tblaca009 WHERE pensum='5' AND c_uni_ca='4' AND c_asigna='300313' [1][0] OK
C:[16/05/2013 17:16:07.68][190.199.80.146][1405] SELECT c_asigna FROM dace004 WHERE exp_e='11-24522716' AND c_asigna='300213' AND status IN ('0','3','B') [1][0] OK
C:[16/05/2013 17:16:07.68][190.199.80.146][1405] SELECT c_asigna FROM dace004 WHERE exp_e='11-24522716' AND c_asigna='300226' AND status IN ('0','3','B') [1][0] OK
C:[16/05/2013 17:16:07.68][190.199.80.146][1405] SELECT c_asigna FROM dace004 WHERE exp_e='11-24522716' AND c_asigna='300222' AND status IN ('0','3','B') [1][0] OK
C:[16/05/2013 17:16:07.68][190.199.80.146][1405] SELECT c_asigna FROM dace004 WHERE exp_e='11-24522716' AND c_asigna='300209' AND status IN ('0','3','B') [1][0] OK
C:[16/05/2013 17:16:07.68][190.199.80.146][1392] SELECT pre_cod_asig1,pre_cod_asig2,pre_cod_asig3,pre_cod_asig4,pre_cod_asig5,pre_cod_asig6,pre_cod_asig7 FROM tblaca009 WHERE pensum='5' AND c_uni_ca='4' AND c_asigna='330435' [1][0] OK
C:[16/05/2013 17:16:07.68][190.199.80.146][1405] SELECT c_asigna FROM dace004 WHERE exp_e='11-24522716' AND c_asigna='300318' AND status IN ('0','3','B') [1][0] OK
C:[16/05/2013 17:16:07.68][190.199.80.146][1392] SELECT pre_cod_asig1,pre_cod_asig2,pre_cod_asig3,pre_cod_asig4,pre_cod_asig5,pre_cod_asig6,pre_cod_asig7 FROM tblaca009 WHERE pensum='5' AND c_uni_ca='4' AND c_asigna='333440' [1][0] OK
C:[16/05/2013 17:16:07.68][190.199.80.146][1405] SELECT c_asigna FROM dace004 WHERE exp_e='11-24522716' AND c_asigna='300317' AND status IN ('0','3','B') [1][0] OK
C:[16/05/2013 17:16:07.68][190.199.80.146][1405] SELECT c_asigna FROM dace004 WHERE exp_e='11-24522716' AND c_asigna='330310' AND status IN ('0','3','B') [1][0] OK
C:[16/05/2013 17:16:07.68][190.199.80.146][1405] SELECT c_asigna FROM dace004 WHERE exp_e='11-24522716' AND c_asigna='300209' AND status IN ('0','3','B') [1][0] OK
C:[16/05/2013 17:16:07.68][190.199.80.146][1392] SELECT pre_cod_asig1,pre_cod_asig2,pre_cod_asig3,pre_cod_asig4,pre_cod_asig5,pre_cod_asig6,pre_cod_asig7 FROM tblaca009 WHERE pensum='5' AND c_uni_ca='4' AND c_asigna='333441' [1][0] OK
C:[16/05/2013 17:16:07.68][190.199.80.146][1405] SELECT c_asigna FROM dace004 WHERE exp_e='11-24522716' AND c_asigna='333326' AND status IN ('0','3','B') [1][0] OK
C:[16/05/2013 17:16:07.68][190.199.80.146][1405] SELECT c_asigna FROM dace004 WHERE exp_e='11-24522716' AND c_asigna='300317' AND status IN ('0','3','B') [1][0] OK
C:[16/05/2013 17:16:07.68][190.199.80.146][1405] SELECT c_asigna FROM dace004 WHERE exp_e='11-24522716' AND c_asigna='300209' AND status IN ('0','3','B') [1][0] OK
C:[16/05/2013 17:16:07.68][190.199.80.146][1392] SELECT pre_cod_asig1,pre_cod_asig2,pre_cod_asig3,pre_cod_asig4,pre_cod_asig5,pre_cod_asig6,pre_cod_asig7 FROM tblaca009 WHERE pensum='5' AND c_uni_ca='4' AND c_asigna='333442' [1][0] OK
C:[16/05/2013 17:16:07.68][190.199.80.146][1405] SELECT c_asigna FROM dace004 WHERE exp_e='11-24522716' AND c_asigna='330310' AND status IN ('0','3','B') [1][0] OK
C:[16/05/2013 17:16:07.68][190.199.80.146][1405] SELECT c_asigna FROM dace004 WHERE exp_e='11-24522716' AND c_asigna='333326' AND status IN ('0','3','B') [1][0] OK
C:[16/05/2013 17:16:08.55][190.199.80.146][1436] SELECT par_cod_asig1,par_cod_asig2,par_cod_asig3 FROM tblaca009 WHERE pensum='5' AND c_uni_ca='4' AND c_asigna='300422' [1][0] OK
C:[16/05/2013 17:16:08.55][190.199.80.146][1436] SELECT par_cod_asig1,par_cod_asig2,par_cod_asig3 FROM tblaca009 WHERE pensum='5' AND c_uni_ca='4' AND c_asigna='300313' [1][0] OK
C:[16/05/2013 17:16:08.55][190.199.80.146][1436] SELECT par_cod_asig1,par_cod_asig2,par_cod_asig3 FROM tblaca009 WHERE pensum='5' AND c_uni_ca='4' AND c_asigna='330435' [1][0] OK
C:[16/05/2013 17:16:08.55][190.199.80.146][1436] SELECT par_cod_asig1,par_cod_asig2,par_cod_asig3 FROM tblaca009 WHERE pensum='5' AND c_uni_ca='4' AND c_asigna='333440' [1][0] OK
C:[16/05/2013 17:16:08.55][190.199.80.146][1450] SELECT c_asigna FROM dace004 WHERE exp_e='11-24522716' AND c_asigna='333441' AND status IN ('0','3','B','C') [0][0] OK
C:[16/05/2013 17:16:08.55][190.199.80.146][1436] SELECT par_cod_asig1,par_cod_asig2,par_cod_asig3 FROM tblaca009 WHERE pensum='5' AND c_uni_ca='4' AND c_asigna='333441' [1][0] OK
C:[16/05/2013 17:16:08.55][190.199.80.146][1436] SELECT par_cod_asig1,par_cod_asig2,par_cod_asig3 FROM tblaca009 WHERE pensum='5' AND c_uni_ca='4' AND c_asigna='333442' [1][0] OK
C:[16/05/2013 17:16:08.45][190.199.80.146][1566] SELECT horas_lab FROM tblaca008 WHERE c_asigna='300422' AND horas_teoricas > 0 [0][0] OK
C:[16/05/2013 17:16:08.57][190.199.80.146][1600] SELECT sum(u_creditos*1) FROM dace006 a, tblaca009 b WHERE a.exp_e='11-24522716' AND a.lapso='2013-1' AND b.pensum='5' AND b.c_uni_ca='4' AND status IN ('7','A','2') AND a.c_asigna=b.c_asigna  [1][0] OK
C:[16/05/2013 17:16:08.93][190.199.80.146][1619] SELECT sum(u_creditos*1) FROM dace006 a, tblaca009 b WHERE a.exp_e='11-24522716' AND a.lapso='2013-1' AND b.pensum='5' AND b.c_uni_ca='4' AND status IN ('7','A','2') AND a.c_asigna=b.c_asigna AND a.c_asigna IN ('300313','330435','333440','333441','333442') [1][0] OK
C:[16/05/2013 17:16:08.87][190.199.80.146][1635] SELECT MAX(semestre) FROM dace006 a, tblaca009 b WHERE a.exp_e='11-24522716' AND a.lapso='2013-1' AND b.pensum='5' AND b.c_uni_ca='4' AND status IN ('7','A','2') AND a.c_asigna=b.c_asigna  [1][0] OK
C:[16/05/2013 17:16:08.25][190.199.80.146][1655] SELECT MIN(semestre) FROM dace006 a, tblaca009 b WHERE a.exp_e='11-24522716' AND a.lapso='2013-1' AND b.pensum='5' AND b.c_uni_ca='4' AND status IN ('7','A','2') AND a.c_asigna=b.c_asigna AND a.c_asigna IN ('300422') [1][0] OK
C:[16/05/2013 19:06:33.88][190.60.51.23][1392] SELECT pre_cod_asig1,pre_cod_asig2,pre_cod_asig3,pre_cod_asig4,pre_cod_asig5,pre_cod_asig6,pre_cod_asig7 FROM tblaca009 WHERE pensum='5' AND c_uni_ca='3' AND c_asigna='300106' [1][0] OK
C:[16/05/2013 19:06:33.88][190.60.51.23][1392] SELECT pre_cod_asig1,pre_cod_asig2,pre_cod_asig3,pre_cod_asig4,pre_cod_asig5,pre_cod_asig6,pre_cod_asig7 FROM tblaca009 WHERE pensum='5' AND c_uni_ca='3' AND c_asigna='300113' [1][0] OK
C:[16/05/2013 19:06:33.88][190.60.51.23][1392] SELECT pre_cod_asig1,pre_cod_asig2,pre_cod_asig3,pre_cod_asig4,pre_cod_asig5,pre_cod_asig6,pre_cod_asig7 FROM tblaca009 WHERE pensum='5' AND c_uni_ca='3' AND c_asigna='300013' [1][0] OK
C:[16/05/2013 19:06:33.88][190.60.51.23][1392] SELECT pre_cod_asig1,pre_cod_asig2,pre_cod_asig3,pre_cod_asig4,pre_cod_asig5,pre_cod_asig6,pre_cod_asig7 FROM tblaca009 WHERE pensum='5' AND c_uni_ca='3' AND c_asigna='300101' [1][0] OK
C:[16/05/2013 19:06:33.88][190.60.51.23][1392] SELECT pre_cod_asig1,pre_cod_asig2,pre_cod_asig3,pre_cod_asig4,pre_cod_asig5,pre_cod_asig6,pre_cod_asig7 FROM tblaca009 WHERE pensum='5' AND c_uni_ca='3' AND c_asigna='300112' [1][0] OK
C:[16/05/2013 19:06:33.88][190.60.51.23][1392] SELECT pre_cod_asig1,pre_cod_asig2,pre_cod_asig3,pre_cod_asig4,pre_cod_asig5,pre_cod_asig6,pre_cod_asig7 FROM tblaca009 WHERE pensum='5' AND c_uni_ca='3' AND c_asigna='300105' [1][0] OK
C:[16/05/2013 19:06:33.88][190.60.51.23][1392] SELECT pre_cod_asig1,pre_cod_asig2,pre_cod_asig3,pre_cod_asig4,pre_cod_asig5,pre_cod_asig6,pre_cod_asig7 FROM tblaca009 WHERE pensum='5' AND c_uni_ca='3' AND c_asigna='300116' [1][0] OK
C:[16/05/2013 19:06:33.75][190.60.51.23][1436] SELECT par_cod_asig1,par_cod_asig2,par_cod_asig3 FROM tblaca009 WHERE pensum='5' AND c_uni_ca='3' AND c_asigna='300106' [1][0] OK
C:[16/05/2013 19:06:33.75][190.60.51.23][1436] SELECT par_cod_asig1,par_cod_asig2,par_cod_asig3 FROM tblaca009 WHERE pensum='5' AND c_uni_ca='3' AND c_asigna='300113' [1][0] OK
C:[16/05/2013 19:06:33.75][190.60.51.23][1450] SELECT c_asigna FROM dace004 WHERE exp_e='13-25859068' AND c_asigna='300013' AND status IN ('0','3','B','C') [0][0] OK
C:[16/05/2013 19:06:33.75][190.60.51.23][1436] SELECT par_cod_asig1,par_cod_asig2,par_cod_asig3 FROM tblaca009 WHERE pensum='5' AND c_uni_ca='3' AND c_asigna='300013' [1][0] OK
C:[16/05/2013 19:06:33.75][190.60.51.23][1436] SELECT par_cod_asig1,par_cod_asig2,par_cod_asig3 FROM tblaca009 WHERE pensum='5' AND c_uni_ca='3' AND c_asigna='300101' [1][0] OK
C:[16/05/2013 19:06:33.75][190.60.51.23][1436] SELECT par_cod_asig1,par_cod_asig2,par_cod_asig3 FROM tblaca009 WHERE pensum='5' AND c_uni_ca='3' AND c_asigna='300112' [1][0] OK
C:[16/05/2013 19:06:33.75][190.60.51.23][1436] SELECT par_cod_asig1,par_cod_asig2,par_cod_asig3 FROM tblaca009 WHERE pensum='5' AND c_uni_ca='3' AND c_asigna='300105' [1][0] OK
C:[16/05/2013 19:06:33.75][190.60.51.23][1436] SELECT par_cod_asig1,par_cod_asig2,par_cod_asig3 FROM tblaca009 WHERE pensum='5' AND c_uni_ca='3' AND c_asigna='300116' [1][0] OK
C:[16/05/2013 19:06:33.77][190.60.51.23][1566] SELECT horas_lab FROM tblaca008 WHERE c_asigna='300106' AND horas_teoricas > 0 [0][0] OK
C:[16/05/2013 19:06:33.77][190.60.51.23][1566] SELECT horas_lab FROM tblaca008 WHERE c_asigna='300113' AND horas_teoricas > 0 [0][0] OK
C:[16/05/2013 19:06:33.77][190.60.51.23][1566] SELECT horas_lab FROM tblaca008 WHERE c_asigna='300013' AND horas_teoricas > 0 [1][0] OK
C:[16/05/2013 19:06:34.14][190.60.51.23][1600] SELECT sum(u_creditos*1) FROM dace006 a, tblaca009 b WHERE a.exp_e='13-25859068' AND a.lapso='2013-1' AND b.pensum='5' AND b.c_uni_ca='3' AND status IN ('7','A','2') AND a.c_asigna=b.c_asigna  [1][0] OK
C:[16/05/2013 19:06:34.51][190.60.51.23][1619] SELECT sum(u_creditos*1) FROM dace006 a, tblaca009 b WHERE a.exp_e='13-25859068' AND a.lapso='2013-1' AND b.pensum='5' AND b.c_uni_ca='3' AND status IN ('7','A','2') AND a.c_asigna=b.c_asigna AND a.c_asigna IN ('300101','300112','300105','300116') [1][0] OK
C:[16/05/2013 19:06:34.44][190.60.51.23][1635] SELECT MAX(semestre) FROM dace006 a, tblaca009 b WHERE a.exp_e='13-25859068' AND a.lapso='2013-1' AND b.pensum='5' AND b.c_uni_ca='3' AND status IN ('7','A','2') AND a.c_asigna=b.c_asigna  [1][0] OK
C:[16/05/2013 19:06:34.95][190.60.51.23][1655] SELECT MIN(semestre) FROM dace006 a, tblaca009 b WHERE a.exp_e='13-25859068' AND a.lapso='2013-1' AND b.pensum='5' AND b.c_uni_ca='3' AND status IN ('7','A','2') AND a.c_asigna=b.c_asigna AND a.c_asigna IN ('300106','300113','300013') [1][0] OK
C:[16/05/2013 21:33:40.73][186.88.98.217][1392] SELECT pre_cod_asig1,pre_cod_asig2,pre_cod_asig3,pre_cod_asig4,pre_cod_asig5,pre_cod_asig6,pre_cod_asig7 FROM tblaca009 WHERE pensum='5' AND c_uni_ca='4' AND c_asigna='330435' [1][0] OK
C:[16/05/2013 21:33:40.73][186.88.98.217][1405] SELECT c_asigna FROM dace004 WHERE exp_e='08-20886197' AND c_asigna='300318' AND status IN ('0','3','B') [1][0] OK
C:[16/05/2013 21:33:40.73][186.88.98.217][1392] SELECT pre_cod_asig1,pre_cod_asig2,pre_cod_asig3,pre_cod_asig4,pre_cod_asig5,pre_cod_asig6,pre_cod_asig7 FROM tblaca009 WHERE pensum='5' AND c_uni_ca='4' AND c_asigna='300213' [1][0] OK
C:[16/05/2013 21:33:40.73][186.88.98.217][1405] SELECT c_asigna FROM dace004 WHERE exp_e='08-20886197' AND c_asigna='300101' AND status IN ('0','3','B') [1][0] OK
C:[16/05/2013 21:33:40.73][186.88.98.217][1392] SELECT pre_cod_asig1,pre_cod_asig2,pre_cod_asig3,pre_cod_asig4,pre_cod_asig5,pre_cod_asig6,pre_cod_asig7 FROM tblaca009 WHERE pensum='5' AND c_uni_ca='4' AND c_asigna='333441' [1][0] OK
C:[16/05/2013 21:33:40.73][186.88.98.217][1405] SELECT c_asigna FROM dace004 WHERE exp_e='08-20886197' AND c_asigna='333326' AND status IN ('0','3','B') [1][0] OK
C:[16/05/2013 21:33:40.73][186.88.98.217][1405] SELECT c_asigna FROM dace004 WHERE exp_e='08-20886197' AND c_asigna='300317' AND status IN ('0','3','B') [1][0] OK
C:[16/05/2013 21:33:40.73][186.88.98.217][1405] SELECT c_asigna FROM dace004 WHERE exp_e='08-20886197' AND c_asigna='300209' AND status IN ('0','3','B') [1][0] OK
C:[16/05/2013 21:33:40.73][186.88.98.217][1392] SELECT pre_cod_asig1,pre_cod_asig2,pre_cod_asig3,pre_cod_asig4,pre_cod_asig5,pre_cod_asig6,pre_cod_asig7 FROM tblaca009 WHERE pensum='5' AND c_uni_ca='4' AND c_asigna='333442' [1][0] OK
C:[16/05/2013 21:33:40.73][186.88.98.217][1405] SELECT c_asigna FROM dace004 WHERE exp_e='08-20886197' AND c_asigna='330310' AND status IN ('0','3','B') [1][0] OK
C:[16/05/2013 21:33:40.73][186.88.98.217][1405] SELECT c_asigna FROM dace004 WHERE exp_e='08-20886197' AND c_asigna='333326' AND status IN ('0','3','B') [1][0] OK
C:[16/05/2013 21:33:40.10][186.88.98.217][1436] SELECT par_cod_asig1,par_cod_asig2,par_cod_asig3 FROM tblaca009 WHERE pensum='5' AND c_uni_ca='4' AND c_asigna='330435' [1][0] OK
C:[16/05/2013 21:33:40.10][186.88.98.217][1436] SELECT par_cod_asig1,par_cod_asig2,par_cod_asig3 FROM tblaca009 WHERE pensum='5' AND c_uni_ca='4' AND c_asigna='300213' [1][0] OK
C:[16/05/2013 21:33:40.10][186.88.98.217][1450] SELECT c_asigna FROM dace004 WHERE exp_e='08-20886197' AND c_asigna='300209' AND status IN ('0','3','B','C') [1][0] OK
C:[16/05/2013 21:33:40.10][186.88.98.217][1436] SELECT par_cod_asig1,par_cod_asig2,par_cod_asig3 FROM tblaca009 WHERE pensum='5' AND c_uni_ca='4' AND c_asigna='333441' [1][0] OK
C:[16/05/2013 21:33:40.10][186.88.98.217][1436] SELECT par_cod_asig1,par_cod_asig2,par_cod_asig3 FROM tblaca009 WHERE pensum='5' AND c_uni_ca='4' AND c_asigna='333442' [1][0] OK
C:[16/05/2013 21:33:40.77][186.88.98.217][1566] SELECT horas_lab FROM tblaca008 WHERE c_asigna='330435' AND horas_teoricas > 0 [1][0] OK
C:[16/05/2013 21:33:40.86][186.88.98.217][1600] SELECT sum(u_creditos*1) FROM dace006 a, tblaca009 b WHERE a.exp_e='08-20886197' AND a.lapso='2013-1' AND b.pensum='5' AND b.c_uni_ca='4' AND status IN ('7','A','2') AND a.c_asigna=b.c_asigna  [1][0] OK
C:[16/05/2013 21:33:41.79][186.88.98.217][1619] SELECT sum(u_creditos*1) FROM dace006 a, tblaca009 b WHERE a.exp_e='08-20886197' AND a.lapso='2013-1' AND b.pensum='5' AND b.c_uni_ca='4' AND status IN ('7','A','2') AND a.c_asigna=b.c_asigna AND a.c_asigna IN ('300213','333441','333442') [1][0] OK
C:[16/05/2013 21:33:41.17][186.88.98.217][1635] SELECT MAX(semestre) FROM dace006 a, tblaca009 b WHERE a.exp_e='08-20886197' AND a.lapso='2013-1' AND b.pensum='5' AND b.c_uni_ca='4' AND status IN ('7','A','2') AND a.c_asigna=b.c_asigna  [1][0] OK
C:[16/05/2013 21:33:41.54][186.88.98.217][1655] SELECT MIN(semestre) FROM dace006 a, tblaca009 b WHERE a.exp_e='08-20886197' AND a.lapso='2013-1' AND b.pensum='5' AND b.c_uni_ca='4' AND status IN ('7','A','2') AND a.c_asigna=b.c_asigna AND a.c_asigna IN ('330435') [1][0] OK
C:[16/05/2013 22:25:54.27][181.183.168.160][1392] SELECT pre_cod_asig1,pre_cod_asig2,pre_cod_asig3,pre_cod_asig4,pre_cod_asig5,pre_cod_asig6,pre_cod_asig7 FROM tblaca009 WHERE pensum='5' AND c_uni_ca='3' AND c_asigna='300013' [1][0] OK
C:[16/05/2013 22:25:54.27][181.183.168.160][1392] SELECT pre_cod_asig1,pre_cod_asig2,pre_cod_asig3,pre_cod_asig4,pre_cod_asig5,pre_cod_asig6,pre_cod_asig7 FROM tblaca009 WHERE pensum='5' AND c_uni_ca='3' AND c_asigna='300101' [1][0] OK
C:[16/05/2013 22:25:54.52][181.183.168.160][1436] SELECT par_cod_asig1,par_cod_asig2,par_cod_asig3 FROM tblaca009 WHERE pensum='5' AND c_uni_ca='3' AND c_asigna='300013' [1][0] OK
C:[16/05/2013 22:25:54.52][181.183.168.160][1436] SELECT par_cod_asig1,par_cod_asig2,par_cod_asig3 FROM tblaca009 WHERE pensum='5' AND c_uni_ca='3' AND c_asigna='300101' [1][0] OK
C:[16/05/2013 22:25:54.80][181.183.168.160][1600] SELECT sum(u_creditos*1) FROM dace006 a, tblaca009 b WHERE a.exp_e='12-24541152' AND a.lapso='2013-1' AND b.pensum='5' AND b.c_uni_ca='3' AND status IN ('7','A','2') AND a.c_asigna=b.c_asigna  [1][0] OK
C:[16/05/2013 22:25:54.16][181.183.168.160][1619] SELECT sum(u_creditos*1) FROM dace006 a, tblaca009 b WHERE a.exp_e='12-24541152' AND a.lapso='2013-1' AND b.pensum='5' AND b.c_uni_ca='3' AND status IN ('7','A','2') AND a.c_asigna=b.c_asigna AND a.c_asigna IN ('300013','300101') [1][0] OK
C:[16/05/2013 22:25:55.52][181.183.168.160][1635] SELECT MAX(semestre) FROM dace006 a, tblaca009 b WHERE a.exp_e='12-24541152' AND a.lapso='2013-1' AND b.pensum='5' AND b.c_uni_ca='3' AND status IN ('7','A','2') AND a.c_asigna=b.c_asigna  [1][0] OK
C:[16/05/2013 22:50:47.69][186.94.85.140][1392] SELECT pre_cod_asig1,pre_cod_asig2,pre_cod_asig3,pre_cod_asig4,pre_cod_asig5,pre_cod_asig6,pre_cod_asig7 FROM tblaca009 WHERE pensum='5' AND c_uni_ca='3' AND c_asigna='300207' [1][0] OK
C:[16/05/2013 22:50:47.69][186.94.85.140][1405] SELECT c_asigna FROM dace004 WHERE exp_e='11-23501367' AND c_asigna='300101' AND status IN ('0','3','B') [1][0] OK
C:[16/05/2013 22:50:47.69][186.94.85.140][1392] SELECT pre_cod_asig1,pre_cod_asig2,pre_cod_asig3,pre_cod_asig4,pre_cod_asig5,pre_cod_asig6,pre_cod_asig7 FROM tblaca009 WHERE pensum='5' AND c_uni_ca='3' AND c_asigna='300213' [1][0] OK
C:[16/05/2013 22:50:47.69][186.94.85.140][1405] SELECT c_asigna FROM dace004 WHERE exp_e='11-23501367' AND c_asigna='300101' AND status IN ('0','3','B') [1][0] OK
C:[16/05/2013 22:50:47.69][186.94.85.140][1392] SELECT pre_cod_asig1,pre_cod_asig2,pre_cod_asig3,pre_cod_asig4,pre_cod_asig5,pre_cod_asig6,pre_cod_asig7 FROM tblaca009 WHERE pensum='5' AND c_uni_ca='3' AND c_asigna='300209' [1][0] OK
C:[16/05/2013 22:50:47.69][186.94.85.140][1405] SELECT c_asigna FROM dace004 WHERE exp_e='11-23501367' AND c_asigna='300101' AND status IN ('0','3','B') [1][0] OK
C:[16/05/2013 22:50:47.69][186.94.85.140][1392] SELECT pre_cod_asig1,pre_cod_asig2,pre_cod_asig3,pre_cod_asig4,pre_cod_asig5,pre_cod_asig6,pre_cod_asig7 FROM tblaca009 WHERE pensum='5' AND c_uni_ca='3' AND c_asigna='300218' [1][0] OK
C:[16/05/2013 22:50:47.69][186.94.85.140][1405] SELECT c_asigna FROM dace004 WHERE exp_e='11-23501367' AND c_asigna='300101' AND status IN ('0','3','B') [1][0] OK
C:[16/05/2013 22:50:47.69][186.94.85.140][1392] SELECT pre_cod_asig1,pre_cod_asig2,pre_cod_asig3,pre_cod_asig4,pre_cod_asig5,pre_cod_asig6,pre_cod_asig7 FROM tblaca009 WHERE pensum='5' AND c_uni_ca='3' AND c_asigna='300228' [1][0] OK
C:[16/05/2013 22:50:47.69][186.94.85.140][1405] SELECT c_asigna FROM dace004 WHERE exp_e='11-23501367' AND c_asigna='300101' AND status IN ('0','3','B') [1][0] OK
C:[16/05/2013 22:50:47.94][186.94.85.140][1436] SELECT par_cod_asig1,par_cod_asig2,par_cod_asig3 FROM tblaca009 WHERE pensum='5' AND c_uni_ca='3' AND c_asigna='300207' [1][0] OK
C:[16/05/2013 22:50:47.94][186.94.85.140][1436] SELECT par_cod_asig1,par_cod_asig2,par_cod_asig3 FROM tblaca009 WHERE pensum='5' AND c_uni_ca='3' AND c_asigna='300213' [1][0] OK
C:[16/05/2013 22:50:47.94][186.94.85.140][1450] SELECT c_asigna FROM dace004 WHERE exp_e='11-23501367' AND c_asigna='300209' AND status IN ('0','3','B','C') [0][0] OK
C:[16/05/2013 22:50:47.94][186.94.85.140][1436] SELECT par_cod_asig1,par_cod_asig2,par_cod_asig3 FROM tblaca009 WHERE pensum='5' AND c_uni_ca='3' AND c_asigna='300209' [1][0] OK
C:[16/05/2013 22:50:47.94][186.94.85.140][1436] SELECT par_cod_asig1,par_cod_asig2,par_cod_asig3 FROM tblaca009 WHERE pensum='5' AND c_uni_ca='3' AND c_asigna='300218' [1][0] OK
C:[16/05/2013 22:50:47.94][186.94.85.140][1450] SELECT c_asigna FROM dace004 WHERE exp_e='11-23501367' AND c_asigna='300228' AND status IN ('0','3','B','C') [0][0] OK
C:[16/05/2013 22:50:47.94][186.94.85.140][1436] SELECT par_cod_asig1,par_cod_asig2,par_cod_asig3 FROM tblaca009 WHERE pensum='5' AND c_uni_ca='3' AND c_asigna='300228' [1][0] OK
C:[16/05/2013 22:50:47.83][186.94.85.140][1566] SELECT horas_lab FROM tblaca008 WHERE c_asigna='300207' AND horas_teoricas > 0 [1][0] OK
C:[16/05/2013 22:50:47.94][186.94.85.140][1600] SELECT sum(u_creditos*1) FROM dace006 a, tblaca009 b WHERE a.exp_e='11-23501367' AND a.lapso='2013-1' AND b.pensum='5' AND b.c_uni_ca='3' AND status IN ('7','A','2') AND a.c_asigna=b.c_asigna  [1][0] OK
C:[16/05/2013 22:50:47.89][186.94.85.140][1619] SELECT sum(u_creditos*1) FROM dace006 a, tblaca009 b WHERE a.exp_e='11-23501367' AND a.lapso='2013-1' AND b.pensum='5' AND b.c_uni_ca='3' AND status IN ('7','A','2') AND a.c_asigna=b.c_asigna AND a.c_asigna IN ('300213','300209','300218','300228') [1][0] OK
C:[16/05/2013 22:50:47.39][186.94.85.140][1635] SELECT MAX(semestre) FROM dace006 a, tblaca009 b WHERE a.exp_e='11-23501367' AND a.lapso='2013-1' AND b.pensum='5' AND b.c_uni_ca='3' AND status IN ('7','A','2') AND a.c_asigna=b.c_asigna  [1][0] OK
C:[16/05/2013 22:50:47.32][186.94.85.140][1655] SELECT MIN(semestre) FROM dace006 a, tblaca009 b WHERE a.exp_e='11-23501367' AND a.lapso='2013-1' AND b.pensum='5' AND b.c_uni_ca='3' AND status IN ('7','A','2') AND a.c_asigna=b.c_asigna AND a.c_asigna IN ('300207') [1][0] OK
C:[17/05/2013 08:13:56.71][190.201.9.31][1392] SELECT pre_cod_asig1,pre_cod_asig2,pre_cod_asig3,pre_cod_asig4,pre_cod_asig5,pre_cod_asig6,pre_cod_asig7 FROM tblaca009 WHERE pensum='5' AND c_uni_ca='4' AND c_asigna='300013' [1][0] OK
C:[17/05/2013 08:13:56.71][190.201.9.31][1392] SELECT pre_cod_asig1,pre_cod_asig2,pre_cod_asig3,pre_cod_asig4,pre_cod_asig5,pre_cod_asig6,pre_cod_asig7 FROM tblaca009 WHERE pensum='5' AND c_uni_ca='4' AND c_asigna='300101' [1][0] OK
C:[17/05/2013 08:13:56.71][190.201.9.31][1392] SELECT pre_cod_asig1,pre_cod_asig2,pre_cod_asig3,pre_cod_asig4,pre_cod_asig5,pre_cod_asig6,pre_cod_asig7 FROM tblaca009 WHERE pensum='5' AND c_uni_ca='4' AND c_asigna='300112' [1][0] OK
C:[17/05/2013 08:13:56.71][190.201.9.31][1392] SELECT pre_cod_asig1,pre_cod_asig2,pre_cod_asig3,pre_cod_asig4,pre_cod_asig5,pre_cod_asig6,pre_cod_asig7 FROM tblaca009 WHERE pensum='5' AND c_uni_ca='4' AND c_asigna='300113' [1][0] OK
C:[17/05/2013 08:13:56.21][190.201.9.31][1436] SELECT par_cod_asig1,par_cod_asig2,par_cod_asig3 FROM tblaca009 WHERE pensum='5' AND c_uni_ca='4' AND c_asigna='300013' [1][0] OK
C:[17/05/2013 08:13:56.21][190.201.9.31][1436] SELECT par_cod_asig1,par_cod_asig2,par_cod_asig3 FROM tblaca009 WHERE pensum='5' AND c_uni_ca='4' AND c_asigna='300101' [1][0] OK
C:[17/05/2013 08:13:56.21][190.201.9.31][1436] SELECT par_cod_asig1,par_cod_asig2,par_cod_asig3 FROM tblaca009 WHERE pensum='5' AND c_uni_ca='4' AND c_asigna='300112' [1][0] OK
C:[17/05/2013 08:13:56.21][190.201.9.31][1436] SELECT par_cod_asig1,par_cod_asig2,par_cod_asig3 FROM tblaca009 WHERE pensum='5' AND c_uni_ca='4' AND c_asigna='300113' [1][0] OK
C:[17/05/2013 08:13:56.21][190.201.9.31][1450] SELECT c_asigna FROM dace004 WHERE exp_e='12-25017738' AND c_asigna='300013' AND status IN ('0','3','B','C') [0][0] OK
C:[17/05/2013 08:13:56.84][190.201.9.31][1566] SELECT horas_lab FROM tblaca008 WHERE c_asigna='300013' AND horas_teoricas > 0 [1][0] OK
C:[17/05/2013 08:13:56.95][190.201.9.31][1600] SELECT sum(u_creditos*1) FROM dace006 a, tblaca009 b WHERE a.exp_e='12-25017738' AND a.lapso='2013-1' AND b.pensum='5' AND b.c_uni_ca='4' AND status IN ('7','A','2') AND a.c_asigna=b.c_asigna  [1][0] OK
C:[17/05/2013 08:13:57.89][190.201.9.31][1619] SELECT sum(u_creditos*1) FROM dace006 a, tblaca009 b WHERE a.exp_e='12-25017738' AND a.lapso='2013-1' AND b.pensum='5' AND b.c_uni_ca='4' AND status IN ('7','A','2') AND a.c_asigna=b.c_asigna AND a.c_asigna IN ('300101','300112','300113') [1][0] OK
C:[17/05/2013 08:13:57.83][190.201.9.31][1635] SELECT MAX(semestre) FROM dace006 a, tblaca009 b WHERE a.exp_e='12-25017738' AND a.lapso='2013-1' AND b.pensum='5' AND b.c_uni_ca='4' AND status IN ('7','A','2') AND a.c_asigna=b.c_asigna  [1][0] OK
C:[17/05/2013 08:13:57.21][190.201.9.31][1655] SELECT MIN(semestre) FROM dace006 a, tblaca009 b WHERE a.exp_e='12-25017738' AND a.lapso='2013-1' AND b.pensum='5' AND b.c_uni_ca='4' AND status IN ('7','A','2') AND a.c_asigna=b.c_asigna AND a.c_asigna IN ('300013') [1][0] OK
C:[17/05/2013 09:24:48.19][172.16.8.247][1392] SELECT pre_cod_asig1,pre_cod_asig2,pre_cod_asig3,pre_cod_asig4,pre_cod_asig5,pre_cod_asig6,pre_cod_asig7 FROM tblaca009 WHERE pensum='5' AND c_uni_ca='4' AND c_asigna='330310' [1][0] OK
C:[17/05/2013 09:24:48.19][172.16.8.247][1405] SELECT c_asigna FROM dace004 WHERE exp_e='12-21248425' AND c_asigna='300013' AND status IN ('0','3','B') [1][0] OK
C:[17/05/2013 09:24:48.19][172.16.8.247][1405] SELECT c_asigna FROM dace004 WHERE exp_e='12-21248425' AND c_asigna='300113' AND status IN ('0','3','B') [1][0] OK
C:[17/05/2013 09:24:48.19][172.16.8.247][1392] SELECT pre_cod_asig1,pre_cod_asig2,pre_cod_asig3,pre_cod_asig4,pre_cod_asig5,pre_cod_asig6,pre_cod_asig7 FROM tblaca009 WHERE pensum='5' AND c_uni_ca='4' AND c_asigna='300207' [1][0] OK
C:[17/05/2013 09:24:48.19][172.16.8.247][1405] SELECT c_asigna FROM dace004 WHERE exp_e='12-21248425' AND c_asigna='300101' AND status IN ('0','3','B') [1][0] OK
C:[17/05/2013 09:24:48.19][172.16.8.247][1392] SELECT pre_cod_asig1,pre_cod_asig2,pre_cod_asig3,pre_cod_asig4,pre_cod_asig5,pre_cod_asig6,pre_cod_asig7 FROM tblaca009 WHERE pensum='5' AND c_uni_ca='4' AND c_asigna='300213' [1][0] OK
C:[17/05/2013 09:24:48.19][172.16.8.247][1405] SELECT c_asigna FROM dace004 WHERE exp_e='12-21248425' AND c_asigna='300101' AND status IN ('0','3','B') [1][0] OK
C:[17/05/2013 09:24:48.19][172.16.8.247][1392] SELECT pre_cod_asig1,pre_cod_asig2,pre_cod_asig3,pre_cod_asig4,pre_cod_asig5,pre_cod_asig6,pre_cod_asig7 FROM tblaca009 WHERE pensum='5' AND c_uni_ca='4' AND c_asigna='300314' [1][0] OK
C:[17/05/2013 09:24:48.19][172.16.8.247][1405] SELECT c_asigna FROM dace004 WHERE exp_e='12-21248425' AND c_asigna='300106' AND status IN ('0','3','B') [1][0] OK
C:[17/05/2013 09:24:48.19][172.16.8.247][1392] SELECT pre_cod_asig1,pre_cod_asig2,pre_cod_asig3,pre_cod_asig4,pre_cod_asig5,pre_cod_asig6,pre_cod_asig7 FROM tblaca009 WHERE pensum='5' AND c_uni_ca='4' AND c_asigna='333326' [1][0] OK
C:[17/05/2013 09:24:48.19][172.16.8.247][1392] SELECT pre_cod_asig1,pre_cod_asig2,pre_cod_asig3,pre_cod_asig4,pre_cod_asig5,pre_cod_asig6,pre_cod_asig7 FROM tblaca009 WHERE pensum='5' AND c_uni_ca='4' AND c_asigna='300209' [1][0] OK
C:[17/05/2013 09:24:48.19][172.16.8.247][1405] SELECT c_asigna FROM dace004 WHERE exp_e='12-21248425' AND c_asigna='300101' AND status IN ('0','3','B') [1][0] OK
C:[17/05/2013 09:24:49.71][172.16.8.247][1436] SELECT par_cod_asig1,par_cod_asig2,par_cod_asig3 FROM tblaca009 WHERE pensum='5' AND c_uni_ca='4' AND c_asigna='330310' [1][0] OK
C:[17/05/2013 09:24:49.71][172.16.8.247][1436] SELECT par_cod_asig1,par_cod_asig2,par_cod_asig3 FROM tblaca009 WHERE pensum='5' AND c_uni_ca='4' AND c_asigna='300207' [1][0] OK
C:[17/05/2013 09:24:49.71][172.16.8.247][1436] SELECT par_cod_asig1,par_cod_asig2,par_cod_asig3 FROM tblaca009 WHERE pensum='5' AND c_uni_ca='4' AND c_asigna='300213' [1][0] OK
C:[17/05/2013 09:24:49.71][172.16.8.247][1450] SELECT c_asigna FROM dace004 WHERE exp_e='12-21248425' AND c_asigna='300209' AND status IN ('0','3','B','C') [0][0] OK
C:[17/05/2013 09:24:49.71][172.16.8.247][1436] SELECT par_cod_asig1,par_cod_asig2,par_cod_asig3 FROM tblaca009 WHERE pensum='5' AND c_uni_ca='4' AND c_asigna='300314' [1][0] OK
C:[17/05/2013 09:24:49.71][172.16.8.247][1436] SELECT par_cod_asig1,par_cod_asig2,par_cod_asig3 FROM tblaca009 WHERE pensum='5' AND c_uni_ca='4' AND c_asigna='333326' [1][0] OK
C:[17/05/2013 09:24:49.71][172.16.8.247][1436] SELECT par_cod_asig1,par_cod_asig2,par_cod_asig3 FROM tblaca009 WHERE pensum='5' AND c_uni_ca='4' AND c_asigna='300209' [1][0] OK
C:[17/05/2013 09:24:49.15][172.16.8.247][1566] SELECT horas_lab FROM tblaca008 WHERE c_asigna='330310' AND horas_teoricas > 0 [1][0] OK
C:[17/05/2013 09:24:49.26][172.16.8.247][1600] SELECT sum(u_creditos*1) FROM dace006 a, tblaca009 b WHERE a.exp_e='12-21248425' AND a.lapso='2013-1' AND b.pensum='5' AND b.c_uni_ca='4' AND status IN ('7','A','2') AND a.c_asigna=b.c_asigna  [1][0] OK
C:[17/05/2013 09:24:49.20][172.16.8.247][1619] SELECT sum(u_creditos*1) FROM dace006 a, tblaca009 b WHERE a.exp_e='12-21248425' AND a.lapso='2013-1' AND b.pensum='5' AND b.c_uni_ca='4' AND status IN ('7','A','2') AND a.c_asigna=b.c_asigna AND a.c_asigna IN ('300207','300213','300314','333326','300209') [1][0] OK
C:[17/05/2013 09:24:49.14][172.16.8.247][1635] SELECT MAX(semestre) FROM dace006 a, tblaca009 b WHERE a.exp_e='12-21248425' AND a.lapso='2013-1' AND b.pensum='5' AND b.c_uni_ca='4' AND status IN ('7','A','2') AND a.c_asigna=b.c_asigna  [1][0] OK
C:[17/05/2013 09:24:49.07][172.16.8.247][1655] SELECT MIN(semestre) FROM dace006 a, tblaca009 b WHERE a.exp_e='12-21248425' AND a.lapso='2013-1' AND b.pensum='5' AND b.c_uni_ca='4' AND status IN ('7','A','2') AND a.c_asigna=b.c_asigna AND a.c_asigna IN ('330310') [1][0] OK
C:[17/05/2013 09:41:21.21][190.201.9.31][1392] SELECT pre_cod_asig1,pre_cod_asig2,pre_cod_asig3,pre_cod_asig4,pre_cod_asig5,pre_cod_asig6,pre_cod_asig7 FROM tblaca009 WHERE pensum='5' AND c_uni_ca='5' AND c_asigna='355722' [1][0] OK
C:[17/05/2013 09:41:21.21][190.201.9.31][1405] SELECT c_asigna FROM dace004 WHERE exp_e='09-21325719' AND c_asigna='355691' AND status IN ('0','3','B') [1][0] OK
C:[17/05/2013 09:41:21.21][190.201.9.31][1405] SELECT c_asigna FROM dace004 WHERE exp_e='09-21325719' AND c_asigna='355595' AND status IN ('0','3','B') [1][0] OK
C:[17/05/2013 09:41:21.21][190.201.9.31][1392] SELECT pre_cod_asig1,pre_cod_asig2,pre_cod_asig3,pre_cod_asig4,pre_cod_asig5,pre_cod_asig6,pre_cod_asig7 FROM tblaca009 WHERE pensum='5' AND c_uni_ca='5' AND c_asigna='355692' [1][0] OK
C:[17/05/2013 09:41:21.21][190.201.9.31][1405] SELECT c_asigna FROM dace004 WHERE exp_e='09-21325719' AND c_asigna='355448' AND status IN ('0','3','B') [1][0] OK
C:[17/05/2013 09:41:21.21][190.201.9.31][1405] SELECT c_asigna FROM dace004 WHERE exp_e='09-21325719' AND c_asigna='355570' AND status IN ('0','3','B') [1][0] OK
C:[17/05/2013 09:41:21.21][190.201.9.31][1392] SELECT pre_cod_asig1,pre_cod_asig2,pre_cod_asig3,pre_cod_asig4,pre_cod_asig5,pre_cod_asig6,pre_cod_asig7 FROM tblaca009 WHERE pensum='5' AND c_uni_ca='5' AND c_asigna='355694' [1][0] OK
C:[17/05/2013 09:41:21.21][190.201.9.31][1405] SELECT c_asigna FROM dace004 WHERE exp_e='09-21325719' AND c_asigna='355572' AND status IN ('0','3','B') [1][0] OK
C:[17/05/2013 09:41:21.21][190.201.9.31][1405] SELECT c_asigna FROM dace004 WHERE exp_e='09-21325719' AND c_asigna='355571' AND status IN ('0','3','B') [1][0] OK
C:[17/05/2013 09:41:21.21][190.201.9.31][1392] SELECT pre_cod_asig1,pre_cod_asig2,pre_cod_asig3,pre_cod_asig4,pre_cod_asig5,pre_cod_asig6,pre_cod_asig7 FROM tblaca009 WHERE pensum='5' AND c_uni_ca='5' AND c_asigna='355696' [1][0] OK
C:[17/05/2013 09:41:21.21][190.201.9.31][1405] SELECT c_asigna FROM dace004 WHERE exp_e='09-21325719' AND c_asigna='355570' AND status IN ('0','3','B') [1][0] OK
C:[17/05/2013 09:41:21.21][190.201.9.31][1405] SELECT c_asigna FROM dace004 WHERE exp_e='09-21325719' AND c_asigna='355571' AND status IN ('0','3','B') [1][0] OK
C:[17/05/2013 09:41:21.21][190.201.9.31][1392] SELECT pre_cod_asig1,pre_cod_asig2,pre_cod_asig3,pre_cod_asig4,pre_cod_asig5,pre_cod_asig6,pre_cod_asig7 FROM tblaca009 WHERE pensum='5' AND c_uni_ca='5' AND c_asigna='300677' [1][0] OK
C:[17/05/2013 09:41:21.21][190.201.9.31][1392] SELECT pre_cod_asig1,pre_cod_asig2,pre_cod_asig3,pre_cod_asig4,pre_cod_asig5,pre_cod_asig6,pre_cod_asig7 FROM tblaca009 WHERE pensum='5' AND c_uni_ca='5' AND c_asigna='355953' [1][0] OK
C:[17/05/2013 09:41:21.21][190.201.9.31][1405] SELECT c_asigna FROM dace004 WHERE exp_e='09-21325719' AND c_asigna='355691' AND status IN ('0','3','B') [1][0] OK
C:[17/05/2013 09:41:21.65][190.201.9.31][1436] SELECT par_cod_asig1,par_cod_asig2,par_cod_asig3 FROM tblaca009 WHERE pensum='5' AND c_uni_ca='5' AND c_asigna='355722' [1][0] OK
C:[17/05/2013 09:41:21.65][190.201.9.31][1436] SELECT par_cod_asig1,par_cod_asig2,par_cod_asig3 FROM tblaca009 WHERE pensum='5' AND c_uni_ca='5' AND c_asigna='355692' [1][0] OK
C:[17/05/2013 09:41:21.65][190.201.9.31][1436] SELECT par_cod_asig1,par_cod_asig2,par_cod_asig3 FROM tblaca009 WHERE pensum='5' AND c_uni_ca='5' AND c_asigna='355694' [1][0] OK
C:[17/05/2013 09:41:21.65][190.201.9.31][1436] SELECT par_cod_asig1,par_cod_asig2,par_cod_asig3 FROM tblaca009 WHERE pensum='5' AND c_uni_ca='5' AND c_asigna='355696' [1][0] OK
C:[17/05/2013 09:41:21.65][190.201.9.31][1436] SELECT par_cod_asig1,par_cod_asig2,par_cod_asig3 FROM tblaca009 WHERE pensum='5' AND c_uni_ca='5' AND c_asigna='300677' [1][0] OK
C:[17/05/2013 09:41:21.65][190.201.9.31][1436] SELECT par_cod_asig1,par_cod_asig2,par_cod_asig3 FROM tblaca009 WHERE pensum='5' AND c_uni_ca='5' AND c_asigna='355953' [1][0] OK
C:[17/05/2013 09:41:21.41][190.201.9.31][1566] SELECT horas_lab FROM tblaca008 WHERE c_asigna='355722' AND horas_teoricas > 0 [1][0] OK
C:[17/05/2013 09:41:21.52][190.201.9.31][1600] SELECT sum(u_creditos*1) FROM dace006 a, tblaca009 b WHERE a.exp_e='09-21325719' AND a.lapso='2013-1' AND b.pensum='5' AND b.c_uni_ca='5' AND status IN ('7','A','2') AND a.c_asigna=b.c_asigna  [1][0] OK
C:[17/05/2013 09:41:22.46][190.201.9.31][1619] SELECT sum(u_creditos*1) FROM dace006 a, tblaca009 b WHERE a.exp_e='09-21325719' AND a.lapso='2013-1' AND b.pensum='5' AND b.c_uni_ca='5' AND status IN ('7','A','2') AND a.c_asigna=b.c_asigna AND a.c_asigna IN ('355692','355694','355696','300677','355953') [1][0] OK
C:[17/05/2013 09:41:22.40][190.201.9.31][1635] SELECT MAX(semestre) FROM dace006 a, tblaca009 b WHERE a.exp_e='09-21325719' AND a.lapso='2013-1' AND b.pensum='5' AND b.c_uni_ca='5' AND status IN ('7','A','2') AND a.c_asigna=b.c_asigna  [1][0] OK
C:[17/05/2013 09:41:22.34][190.201.9.31][1655] SELECT MIN(semestre) FROM dace006 a, tblaca009 b WHERE a.exp_e='09-21325719' AND a.lapso='2013-1' AND b.pensum='5' AND b.c_uni_ca='5' AND status IN ('7','A','2') AND a.c_asigna=b.c_asigna AND a.c_asigna IN ('355722') [1][0] OK
C:[17/05/2013 10:27:04.09][190.201.9.31][1392] SELECT pre_cod_asig1,pre_cod_asig2,pre_cod_asig3,pre_cod_asig4,pre_cod_asig5,pre_cod_asig6,pre_cod_asig7 FROM tblaca009 WHERE pensum='5' AND c_uni_ca='6' AND c_asigna='300101' [1][0] OK
C:[17/05/2013 10:27:04.09][190.201.9.31][1392] SELECT pre_cod_asig1,pre_cod_asig2,pre_cod_asig3,pre_cod_asig4,pre_cod_asig5,pre_cod_asig6,pre_cod_asig7 FROM tblaca009 WHERE pensum='5' AND c_uni_ca='6' AND c_asigna='300105' [1][0] OK
C:[17/05/2013 10:27:04.09][190.201.9.31][1392] SELECT pre_cod_asig1,pre_cod_asig2,pre_cod_asig3,pre_cod_asig4,pre_cod_asig5,pre_cod_asig6,pre_cod_asig7 FROM tblaca009 WHERE pensum='5' AND c_uni_ca='6' AND c_asigna='300113' [1][0] OK
C:[17/05/2013 10:27:04.09][190.201.9.31][1392] SELECT pre_cod_asig1,pre_cod_asig2,pre_cod_asig3,pre_cod_asig4,pre_cod_asig5,pre_cod_asig6,pre_cod_asig7 FROM tblaca009 WHERE pensum='5' AND c_uni_ca='6' AND c_asigna='300112' [1][0] OK
C:[17/05/2013 10:27:04.09][190.201.9.31][1392] SELECT pre_cod_asig1,pre_cod_asig2,pre_cod_asig3,pre_cod_asig4,pre_cod_asig5,pre_cod_asig6,pre_cod_asig7 FROM tblaca009 WHERE pensum='5' AND c_uni_ca='6' AND c_asigna='300013' [1][0] OK
C:[17/05/2013 10:27:04.09][190.201.9.31][1392] SELECT pre_cod_asig1,pre_cod_asig2,pre_cod_asig3,pre_cod_asig4,pre_cod_asig5,pre_cod_asig6,pre_cod_asig7 FROM tblaca009 WHERE pensum='5' AND c_uni_ca='6' AND c_asigna='300106' [1][0] OK
C:[17/05/2013 10:27:04.09][190.201.9.31][1392] SELECT pre_cod_asig1,pre_cod_asig2,pre_cod_asig3,pre_cod_asig4,pre_cod_asig5,pre_cod_asig6,pre_cod_asig7 FROM tblaca009 WHERE pensum='5' AND c_uni_ca='6' AND c_asigna='300116' [1][0] OK
C:[17/05/2013 10:27:04.96][190.201.9.31][1436] SELECT par_cod_asig1,par_cod_asig2,par_cod_asig3 FROM tblaca009 WHERE pensum='5' AND c_uni_ca='6' AND c_asigna='300101' [1][0] OK
C:[17/05/2013 10:27:04.96][190.201.9.31][1436] SELECT par_cod_asig1,par_cod_asig2,par_cod_asig3 FROM tblaca009 WHERE pensum='5' AND c_uni_ca='6' AND c_asigna='300105' [1][0] OK
C:[17/05/2013 10:27:04.96][190.201.9.31][1436] SELECT par_cod_asig1,par_cod_asig2,par_cod_asig3 FROM tblaca009 WHERE pensum='5' AND c_uni_ca='6' AND c_asigna='300113' [1][0] OK
C:[17/05/2013 10:27:04.96][190.201.9.31][1450] SELECT c_asigna FROM dace004 WHERE exp_e='13-22617460' AND c_asigna='300013' AND status IN ('0','3','B','C') [0][0] OK
C:[17/05/2013 10:27:04.96][190.201.9.31][1436] SELECT par_cod_asig1,par_cod_asig2,par_cod_asig3 FROM tblaca009 WHERE pensum='5' AND c_uni_ca='6' AND c_asigna='300112' [1][0] OK
C:[17/05/2013 10:27:04.96][190.201.9.31][1436] SELECT par_cod_asig1,par_cod_asig2,par_cod_asig3 FROM tblaca009 WHERE pensum='5' AND c_uni_ca='6' AND c_asigna='300013' [1][0] OK
C:[17/05/2013 10:27:04.96][190.201.9.31][1436] SELECT par_cod_asig1,par_cod_asig2,par_cod_asig3 FROM tblaca009 WHERE pensum='5' AND c_uni_ca='6' AND c_asigna='300106' [1][0] OK
C:[17/05/2013 10:27:04.96][190.201.9.31][1436] SELECT par_cod_asig1,par_cod_asig2,par_cod_asig3 FROM tblaca009 WHERE pensum='5' AND c_uni_ca='6' AND c_asigna='300116' [1][0] OK
C:[17/05/2013 10:27:05.98][190.201.9.31][1566] SELECT horas_lab FROM tblaca008 WHERE c_asigna='300101' AND horas_teoricas > 0 [1][0] OK
C:[17/05/2013 10:27:05.98][190.201.9.31][1566] SELECT horas_lab FROM tblaca008 WHERE c_asigna='300105' AND horas_teoricas > 0 [1][0] OK
C:[17/05/2013 10:27:05.78][190.201.9.31][1600] SELECT sum(u_creditos*1) FROM dace006 a, tblaca009 b WHERE a.exp_e='13-22617460' AND a.lapso='2013-1' AND b.pensum='5' AND b.c_uni_ca='6' AND status IN ('7','A','2') AND a.c_asigna=b.c_asigna  [1][0] OK
C:[17/05/2013 10:27:05.28][190.201.9.31][1619] SELECT sum(u_creditos*1) FROM dace006 a, tblaca009 b WHERE a.exp_e='13-22617460' AND a.lapso='2013-1' AND b.pensum='5' AND b.c_uni_ca='6' AND status IN ('7','A','2') AND a.c_asigna=b.c_asigna AND a.c_asigna IN ('300113','300112','300013','300106','300116') [1][0] OK
C:[17/05/2013 10:27:05.78][190.201.9.31][1635] SELECT MAX(semestre) FROM dace006 a, tblaca009 b WHERE a.exp_e='13-22617460' AND a.lapso='2013-1' AND b.pensum='5' AND b.c_uni_ca='6' AND status IN ('7','A','2') AND a.c_asigna=b.c_asigna  [1][0] OK
C:[17/05/2013 10:27:05.28][190.201.9.31][1655] SELECT MIN(semestre) FROM dace006 a, tblaca009 b WHERE a.exp_e='13-22617460' AND a.lapso='2013-1' AND b.pensum='5' AND b.c_uni_ca='6' AND status IN ('7','A','2') AND a.c_asigna=b.c_asigna AND a.c_asigna IN ('300101','300105') [1][0] OK
C:[17/05/2013 10:28:43.28][190.201.9.31][1392] SELECT pre_cod_asig1,pre_cod_asig2,pre_cod_asig3,pre_cod_asig4,pre_cod_asig5,pre_cod_asig6,pre_cod_asig7 FROM tblaca009 WHERE pensum='5' AND c_uni_ca='6' AND c_asigna='300113' [1][0] OK
C:[17/05/2013 10:28:43.28][190.201.9.31][1392] SELECT pre_cod_asig1,pre_cod_asig2,pre_cod_asig3,pre_cod_asig4,pre_cod_asig5,pre_cod_asig6,pre_cod_asig7 FROM tblaca009 WHERE pensum='5' AND c_uni_ca='6' AND c_asigna='300101' [1][0] OK
C:[17/05/2013 10:28:43.28][190.201.9.31][1392] SELECT pre_cod_asig1,pre_cod_asig2,pre_cod_asig3,pre_cod_asig4,pre_cod_asig5,pre_cod_asig6,pre_cod_asig7 FROM tblaca009 WHERE pensum='5' AND c_uni_ca='6' AND c_asigna='300112' [1][0] OK
C:[17/05/2013 10:28:43.28][190.201.9.31][1392] SELECT pre_cod_asig1,pre_cod_asig2,pre_cod_asig3,pre_cod_asig4,pre_cod_asig5,pre_cod_asig6,pre_cod_asig7 FROM tblaca009 WHERE pensum='5' AND c_uni_ca='6' AND c_asigna='300013' [1][0] OK
C:[17/05/2013 10:28:43.28][190.201.9.31][1392] SELECT pre_cod_asig1,pre_cod_asig2,pre_cod_asig3,pre_cod_asig4,pre_cod_asig5,pre_cod_asig6,pre_cod_asig7 FROM tblaca009 WHERE pensum='5' AND c_uni_ca='6' AND c_asigna='300105' [1][0] OK
C:[17/05/2013 10:28:43.28][190.201.9.31][1392] SELECT pre_cod_asig1,pre_cod_asig2,pre_cod_asig3,pre_cod_asig4,pre_cod_asig5,pre_cod_asig6,pre_cod_asig7 FROM tblaca009 WHERE pensum='5' AND c_uni_ca='6' AND c_asigna='300106' [1][0] OK
C:[17/05/2013 10:28:43.28][190.201.9.31][1392] SELECT pre_cod_asig1,pre_cod_asig2,pre_cod_asig3,pre_cod_asig4,pre_cod_asig5,pre_cod_asig6,pre_cod_asig7 FROM tblaca009 WHERE pensum='5' AND c_uni_ca='6' AND c_asigna='300116' [1][0] OK
C:[17/05/2013 10:28:43.16][190.201.9.31][1436] SELECT par_cod_asig1,par_cod_asig2,par_cod_asig3 FROM tblaca009 WHERE pensum='5' AND c_uni_ca='6' AND c_asigna='300113' [1][0] OK
C:[17/05/2013 10:28:43.16][190.201.9.31][1450] SELECT c_asigna FROM dace004 WHERE exp_e='13-22617460' AND c_asigna='300013' AND status IN ('0','3','B','C') [0][0] OK
C:[17/05/2013 10:28:43.16][190.201.9.31][1436] SELECT par_cod_asig1,par_cod_asig2,par_cod_asig3 FROM tblaca009 WHERE pensum='5' AND c_uni_ca='6' AND c_asigna='300101' [1][0] OK
C:[17/05/2013 10:28:43.16][190.201.9.31][1436] SELECT par_cod_asig1,par_cod_asig2,par_cod_asig3 FROM tblaca009 WHERE pensum='5' AND c_uni_ca='6' AND c_asigna='300112' [1][0] OK
C:[17/05/2013 10:28:43.16][190.201.9.31][1436] SELECT par_cod_asig1,par_cod_asig2,par_cod_asig3 FROM tblaca009 WHERE pensum='5' AND c_uni_ca='6' AND c_asigna='300013' [1][0] OK
C:[17/05/2013 10:28:43.16][190.201.9.31][1436] SELECT par_cod_asig1,par_cod_asig2,par_cod_asig3 FROM tblaca009 WHERE pensum='5' AND c_uni_ca='6' AND c_asigna='300105' [1][0] OK
C:[17/05/2013 10:28:43.16][190.201.9.31][1436] SELECT par_cod_asig1,par_cod_asig2,par_cod_asig3 FROM tblaca009 WHERE pensum='5' AND c_uni_ca='6' AND c_asigna='300106' [1][0] OK
C:[17/05/2013 10:28:43.16][190.201.9.31][1436] SELECT par_cod_asig1,par_cod_asig2,par_cod_asig3 FROM tblaca009 WHERE pensum='5' AND c_uni_ca='6' AND c_asigna='300116' [1][0] OK
C:[17/05/2013 10:28:43.18][190.201.9.31][1600] SELECT sum(u_creditos*1) FROM dace006 a, tblaca009 b WHERE a.exp_e='13-22617460' AND a.lapso='2013-1' AND b.pensum='5' AND b.c_uni_ca='6' AND status IN ('7','A','2') AND a.c_asigna=b.c_asigna  [1][0] OK
C:[17/05/2013 10:28:43.66][190.201.9.31][1619] SELECT sum(u_creditos*1) FROM dace006 a, tblaca009 b WHERE a.exp_e='13-22617460' AND a.lapso='2013-1' AND b.pensum='5' AND b.c_uni_ca='6' AND status IN ('7','A','2') AND a.c_asigna=b.c_asigna AND a.c_asigna IN ('300113','300101','300112','300013','300105','300106','300116') [1][0] OK
C:[17/05/2013 10:28:44.72][190.201.9.31][1635] SELECT MAX(semestre) FROM dace006 a, tblaca009 b WHERE a.exp_e='13-22617460' AND a.lapso='2013-1' AND b.pensum='5' AND b.c_uni_ca='6' AND status IN ('7','A','2') AND a.c_asigna=b.c_asigna  [1][0] OK
C:[17/05/2013 10:42:44.65][172.16.10.247][1392] SELECT pre_cod_asig1,pre_cod_asig2,pre_cod_asig3,pre_cod_asig4,pre_cod_asig5,pre_cod_asig6,pre_cod_asig7 FROM tblaca009 WHERE pensum='5' AND c_uni_ca='6' AND c_asigna='344687' [1][0] OK
C:[17/05/2013 10:42:44.65][172.16.10.247][1405] SELECT c_asigna FROM dace004 WHERE exp_e='09-20566312' AND c_asigna='344565' AND status IN ('0','3','B') [1][0] OK
C:[17/05/2013 10:42:44.65][172.16.10.247][1392] SELECT pre_cod_asig1,pre_cod_asig2,pre_cod_asig3,pre_cod_asig4,pre_cod_asig5,pre_cod_asig6,pre_cod_asig7 FROM tblaca009 WHERE pensum='5' AND c_uni_ca='6' AND c_asigna='342567' [1][0] OK
C:[17/05/2013 10:42:44.65][172.16.10.247][1405] SELECT c_asigna FROM dace004 WHERE exp_e='09-20566312' AND c_asigna='342444' AND status IN ('0','3','B') [1][0] OK
C:[17/05/2013 10:42:44.65][172.16.10.247][1392] SELECT pre_cod_asig1,pre_cod_asig2,pre_cod_asig3,pre_cod_asig4,pre_cod_asig5,pre_cod_asig6,pre_cod_asig7 FROM tblaca009 WHERE pensum='5' AND c_uni_ca='6' AND c_asigna='344566' [1][0] OK
C:[17/05/2013 10:42:44.65][172.16.10.247][1405] SELECT c_asigna FROM dace004 WHERE exp_e='09-20566312' AND c_asigna='344446' AND status IN ('0','3','B') [1][0] OK
C:[17/05/2013 10:42:44.65][172.16.10.247][1405] SELECT c_asigna FROM dace004 WHERE exp_e='09-20566312' AND c_asigna='300428' AND status IN ('0','3','B') [1][0] OK
C:[17/05/2013 10:42:44.65][172.16.10.247][1405] SELECT c_asigna FROM dace004 WHERE exp_e='09-20566312' AND c_asigna='300209' AND status IN ('0','3','B') [1][0] OK
C:[17/05/2013 10:42:44.65][172.16.10.247][1405] SELECT c_asigna FROM dace004 WHERE exp_e='09-20566312' AND c_asigna='300222' AND status IN ('0','3','B') [1][0] OK
C:[17/05/2013 10:42:44.65][172.16.10.247][1405] SELECT c_asigna FROM dace004 WHERE exp_e='09-20566312' AND c_asigna='300226' AND status IN ('0','3','B') [1][0] OK
C:[17/05/2013 10:42:44.65][172.16.10.247][1405] SELECT c_asigna FROM dace004 WHERE exp_e='09-20566312' AND c_asigna='300317' AND status IN ('0','3','B') [1][0] OK
C:[17/05/2013 10:42:44.65][172.16.10.247][1405] SELECT c_asigna FROM dace004 WHERE exp_e='09-20566312' AND c_asigna='300313' AND status IN ('0','3','B') [1][0] OK
C:[17/05/2013 10:42:44.65][172.16.10.247][1392] SELECT pre_cod_asig1,pre_cod_asig2,pre_cod_asig3,pre_cod_asig4,pre_cod_asig5,pre_cod_asig6,pre_cod_asig7 FROM tblaca009 WHERE pensum='5' AND c_uni_ca='6' AND c_asigna='300676' [1][0] OK
C:[17/05/2013 10:42:44.28][172.16.10.247][1436] SELECT par_cod_asig1,par_cod_asig2,par_cod_asig3 FROM tblaca009 WHERE pensum='5' AND c_uni_ca='6' AND c_asigna='344687' [1][0] OK
C:[17/05/2013 10:42:44.28][172.16.10.247][1436] SELECT par_cod_asig1,par_cod_asig2,par_cod_asig3 FROM tblaca009 WHERE pensum='5' AND c_uni_ca='6' AND c_asigna='342567' [1][0] OK
C:[17/05/2013 10:42:44.28][172.16.10.247][1436] SELECT par_cod_asig1,par_cod_asig2,par_cod_asig3 FROM tblaca009 WHERE pensum='5' AND c_uni_ca='6' AND c_asigna='344566' [1][0] OK
C:[17/05/2013 10:42:44.28][172.16.10.247][1436] SELECT par_cod_asig1,par_cod_asig2,par_cod_asig3 FROM tblaca009 WHERE pensum='5' AND c_uni_ca='6' AND c_asigna='300676' [1][0] OK
C:[17/05/2013 10:42:44.80][172.16.10.247][1566] SELECT horas_lab FROM tblaca008 WHERE c_asigna='344687' AND horas_teoricas > 0 [1][0] OK
C:[17/05/2013 10:42:44.90][172.16.10.247][1600] SELECT sum(u_creditos*1) FROM dace006 a, tblaca009 b WHERE a.exp_e='09-20566312' AND a.lapso='2013-1' AND b.pensum='5' AND b.c_uni_ca='6' AND status IN ('7','A','2') AND a.c_asigna=b.c_asigna  [1][0] OK
C:[17/05/2013 10:42:44.84][172.16.10.247][1619] SELECT sum(u_creditos*1) FROM dace006 a, tblaca009 b WHERE a.exp_e='09-20566312' AND a.lapso='2013-1' AND b.pensum='5' AND b.c_uni_ca='6' AND status IN ('7','A','2') AND a.c_asigna=b.c_asigna AND a.c_asigna IN ('342567','344566','300676') [1][0] OK
C:[17/05/2013 10:42:44.21][172.16.10.247][1635] SELECT MAX(semestre) FROM dace006 a, tblaca009 b WHERE a.exp_e='09-20566312' AND a.lapso='2013-1' AND b.pensum='5' AND b.c_uni_ca='6' AND status IN ('7','A','2') AND a.c_asigna=b.c_asigna  [1][0] OK
C:[17/05/2013 10:42:45.16][172.16.10.247][1655] SELECT MIN(semestre) FROM dace006 a, tblaca009 b WHERE a.exp_e='09-20566312' AND a.lapso='2013-1' AND b.pensum='5' AND b.c_uni_ca='6' AND status IN ('7','A','2') AND a.c_asigna=b.c_asigna AND a.c_asigna IN ('344687') [1][0] OK
C:[17/05/2013 10:45:09.64][201.243.218.133][1392] SELECT pre_cod_asig1,pre_cod_asig2,pre_cod_asig3,pre_cod_asig4,pre_cod_asig5,pre_cod_asig6,pre_cod_asig7 FROM tblaca009 WHERE pensum='5' AND c_uni_ca='6' AND c_asigna='344687' [1][0] OK
C:[17/05/2013 10:45:09.64][201.243.218.133][1405] SELECT c_asigna FROM dace004 WHERE exp_e='08-20286293' AND c_asigna='344565' AND status IN ('0','3','B') [1][0] OK
C:[17/05/2013 10:45:09.64][201.243.218.133][1392] SELECT pre_cod_asig1,pre_cod_asig2,pre_cod_asig3,pre_cod_asig4,pre_cod_asig5,pre_cod_asig6,pre_cod_asig7 FROM tblaca009 WHERE pensum='5' AND c_uni_ca='6' AND c_asigna='300313' [1][0] OK
C:[17/05/2013 10:45:09.64][201.243.218.133][1405] SELECT c_asigna FROM dace004 WHERE exp_e='08-20286293' AND c_asigna='300213' AND status IN ('0','3','B') [1][0] OK
C:[17/05/2013 10:45:09.64][201.243.218.133][1405] SELECT c_asigna FROM dace004 WHERE exp_e='08-20286293' AND c_asigna='300226' AND status IN ('0','3','B') [1][0] OK
C:[17/05/2013 10:45:09.64][201.243.218.133][1405] SELECT c_asigna FROM dace004 WHERE exp_e='08-20286293' AND c_asigna='300222' AND status IN ('0','3','B') [1][0] OK
C:[17/05/2013 10:45:09.64][201.243.218.133][1405] SELECT c_asigna FROM dace004 WHERE exp_e='08-20286293' AND c_asigna='300209' AND status IN ('0','3','B') [1][0] OK
C:[17/05/2013 10:45:09.64][201.243.218.133][1392] SELECT pre_cod_asig1,pre_cod_asig2,pre_cod_asig3,pre_cod_asig4,pre_cod_asig5,pre_cod_asig6,pre_cod_asig7 FROM tblaca009 WHERE pensum='5' AND c_uni_ca='6' AND c_asigna='342436' [1][0] OK
C:[17/05/2013 10:45:09.64][201.243.218.133][1405] SELECT c_asigna FROM dace004 WHERE exp_e='08-20286293' AND c_asigna='300318' AND status IN ('0','3','B') [1][0] OK
C:[17/05/2013 10:45:09.64][201.243.218.133][1405] SELECT c_asigna FROM dace004 WHERE exp_e='08-20286293' AND c_asigna='300317' AND status IN ('0','3','B') [1][0] OK
C:[17/05/2013 10:45:09.64][201.243.218.133][1392] SELECT pre_cod_asig1,pre_cod_asig2,pre_cod_asig3,pre_cod_asig4,pre_cod_asig5,pre_cod_asig6,pre_cod_asig7 FROM tblaca009 WHERE pensum='5' AND c_uni_ca='6' AND c_asigna='342444' [1][0] OK
C:[17/05/2013 10:45:09.64][201.243.218.133][1405] SELECT c_asigna FROM dace004 WHERE exp_e='08-20286293' AND c_asigna='340323' AND status IN ('0','3','B') [1][0] OK
C:[17/05/2013 10:45:09.64][201.243.218.133][1392] SELECT pre_cod_asig1,pre_cod_asig2,pre_cod_asig3,pre_cod_asig4,pre_cod_asig5,pre_cod_asig6,pre_cod_asig7 FROM tblaca009 WHERE pensum='5' AND c_uni_ca='6' AND c_asigna='300677' [1][0] OK
C:[17/05/2013 10:45:09.26][201.243.218.133][1436] SELECT par_cod_asig1,par_cod_asig2,par_cod_asig3 FROM tblaca009 WHERE pensum='5' AND c_uni_ca='6' AND c_asigna='344687' [1][0] OK
C:[17/05/2013 10:45:09.26][201.243.218.133][1436] SELECT par_cod_asig1,par_cod_asig2,par_cod_asig3 FROM tblaca009 WHERE pensum='5' AND c_uni_ca='6' AND c_asigna='300313' [1][0] OK
C:[17/05/2013 10:45:09.26][201.243.218.133][1436] SELECT par_cod_asig1,par_cod_asig2,par_cod_asig3 FROM tblaca009 WHERE pensum='5' AND c_uni_ca='6' AND c_asigna='342436' [1][0] OK
C:[17/05/2013 10:45:09.26][201.243.218.133][1436] SELECT par_cod_asig1,par_cod_asig2,par_cod_asig3 FROM tblaca009 WHERE pensum='5' AND c_uni_ca='6' AND c_asigna='342444' [1][0] OK
C:[17/05/2013 10:45:09.26][201.243.218.133][1436] SELECT par_cod_asig1,par_cod_asig2,par_cod_asig3 FROM tblaca009 WHERE pensum='5' AND c_uni_ca='6' AND c_asigna='300677' [1][0] OK
C:[17/05/2013 10:45:09.90][201.243.218.133][1566] SELECT horas_lab FROM tblaca008 WHERE c_asigna='344687' AND horas_teoricas > 0 [1][0] OK
C:[17/05/2013 10:45:09.02][201.243.218.133][1600] SELECT sum(u_creditos*1) FROM dace006 a, tblaca009 b WHERE a.exp_e='08-20286293' AND a.lapso='2013-1' AND b.pensum='5' AND b.c_uni_ca='6' AND status IN ('7','A','2') AND a.c_asigna=b.c_asigna  [1][0] OK
C:[17/05/2013 10:45:09.95][201.243.218.133][1619] SELECT sum(u_creditos*1) FROM dace006 a, tblaca009 b WHERE a.exp_e='08-20286293' AND a.lapso='2013-1' AND b.pensum='5' AND b.c_uni_ca='6' AND status IN ('7','A','2') AND a.c_asigna=b.c_asigna AND a.c_asigna IN ('300313','342436','342444','300677') [1][0] OK
C:[17/05/2013 10:45:11.46][201.243.218.133][1635] SELECT MAX(semestre) FROM dace006 a, tblaca009 b WHERE a.exp_e='08-20286293' AND a.lapso='2013-1' AND b.pensum='5' AND b.c_uni_ca='6' AND status IN ('7','A','2') AND a.c_asigna=b.c_asigna  [1][0] OK
C:[17/05/2013 10:45:11.95][201.243.218.133][1655] SELECT MIN(semestre) FROM dace006 a, tblaca009 b WHERE a.exp_e='08-20286293' AND a.lapso='2013-1' AND b.pensum='5' AND b.c_uni_ca='6' AND status IN ('7','A','2') AND a.c_asigna=b.c_asigna AND a.c_asigna IN ('344687') [1][0] OK
C:[17/05/2013 12:44:28.39][186.24.14.54][1392] SELECT pre_cod_asig1,pre_cod_asig2,pre_cod_asig3,pre_cod_asig4,pre_cod_asig5,pre_cod_asig6,pre_cod_asig7 FROM tblaca009 WHERE pensum='5' AND c_uni_ca='5' AND c_asigna='300113' [1][0] OK
C:[17/05/2013 12:44:28.39][186.24.14.54][1392] SELECT pre_cod_asig1,pre_cod_asig2,pre_cod_asig3,pre_cod_asig4,pre_cod_asig5,pre_cod_asig6,pre_cod_asig7 FROM tblaca009 WHERE pensum='5' AND c_uni_ca='5' AND c_asigna='300013' [1][0] OK
C:[17/05/2013 12:44:28.65][186.24.14.54][1436] SELECT par_cod_asig1,par_cod_asig2,par_cod_asig3 FROM tblaca009 WHERE pensum='5' AND c_uni_ca='5' AND c_asigna='300113' [1][0] OK
C:[17/05/2013 12:44:28.65][186.24.14.54][1450] SELECT c_asigna FROM dace004 WHERE exp_e='11-25002350' AND c_asigna='300013' AND status IN ('0','3','B','C') [0][0] OK
C:[17/05/2013 12:44:28.65][186.24.14.54][1436] SELECT par_cod_asig1,par_cod_asig2,par_cod_asig3 FROM tblaca009 WHERE pensum='5' AND c_uni_ca='5' AND c_asigna='300013' [1][0] OK
C:[17/05/2013 12:44:28.04][186.24.14.54][1566] SELECT horas_lab FROM tblaca008 WHERE c_asigna='300113' AND horas_teoricas > 0 [0][0] OK
C:[17/05/2013 12:44:28.14][186.24.14.54][1600] SELECT sum(u_creditos*1) FROM dace006 a, tblaca009 b WHERE a.exp_e='11-25002350' AND a.lapso='2013-1' AND b.pensum='5' AND b.c_uni_ca='5' AND status IN ('7','A','2') AND a.c_asigna=b.c_asigna  [1][0] OK
C:[17/05/2013 12:44:28.52][186.24.14.54][1619] SELECT sum(u_creditos*1) FROM dace006 a, tblaca009 b WHERE a.exp_e='11-25002350' AND a.lapso='2013-1' AND b.pensum='5' AND b.c_uni_ca='5' AND status IN ('7','A','2') AND a.c_asigna=b.c_asigna AND a.c_asigna IN ('300013') [1][0] OK
C:[17/05/2013 12:44:28.90][186.24.14.54][1635] SELECT MAX(semestre) FROM dace006 a, tblaca009 b WHERE a.exp_e='11-25002350' AND a.lapso='2013-1' AND b.pensum='5' AND b.c_uni_ca='5' AND status IN ('7','A','2') AND a.c_asigna=b.c_asigna  [1][0] OK
C:[17/05/2013 12:44:29.84][186.24.14.54][1655] SELECT MIN(semestre) FROM dace006 a, tblaca009 b WHERE a.exp_e='11-25002350' AND a.lapso='2013-1' AND b.pensum='5' AND b.c_uni_ca='5' AND status IN ('7','A','2') AND a.c_asigna=b.c_asigna AND a.c_asigna IN ('300113') [1][0] OK
C:[17/05/2013 13:36:26.78][200.109.206.41][1392] SELECT pre_cod_asig1,pre_cod_asig2,pre_cod_asig3,pre_cod_asig4,pre_cod_asig5,pre_cod_asig6,pre_cod_asig7 FROM tblaca009 WHERE pensum='5' AND c_uni_ca='3' AND c_asigna='300213' [1][0] OK
C:[17/05/2013 13:36:26.78][200.109.206.41][1405] SELECT c_asigna FROM dace004 WHERE exp_e='08-21175260' AND c_asigna='300101' AND status IN ('0','3','B') [1][0] OK
C:[17/05/2013 13:36:26.78][200.109.206.41][1392] SELECT pre_cod_asig1,pre_cod_asig2,pre_cod_asig3,pre_cod_asig4,pre_cod_asig5,pre_cod_asig6,pre_cod_asig7 FROM tblaca009 WHERE pensum='5' AND c_uni_ca='3' AND c_asigna='311320' [1][0] OK
C:[17/05/2013 13:36:26.78][200.109.206.41][1405] SELECT c_asigna FROM dace004 WHERE exp_e='08-21175260' AND c_asigna='300013' AND status IN ('0','3','B') [1][0] OK
C:[17/05/2013 13:36:26.78][200.109.206.41][1405] SELECT c_asigna FROM dace004 WHERE exp_e='08-21175260' AND c_asigna='300113' AND status IN ('0','3','B') [1][0] OK
C:[17/05/2013 13:36:26.65][200.109.206.41][1436] SELECT par_cod_asig1,par_cod_asig2,par_cod_asig3 FROM tblaca009 WHERE pensum='5' AND c_uni_ca='3' AND c_asigna='300213' [1][0] OK
C:[17/05/2013 13:36:26.65][200.109.206.41][1450] SELECT c_asigna FROM dace004 WHERE exp_e='08-21175260' AND c_asigna='300209' AND status IN ('0','3','B','C') [1][0] OK
C:[17/05/2013 13:36:26.65][200.109.206.41][1436] SELECT par_cod_asig1,par_cod_asig2,par_cod_asig3 FROM tblaca009 WHERE pensum='5' AND c_uni_ca='3' AND c_asigna='311320' [1][0] OK
C:[17/05/2013 13:36:26.62][200.109.206.41][1600] SELECT sum(u_creditos*1) FROM dace006 a, tblaca009 b WHERE a.exp_e='08-21175260' AND a.lapso='2013-1' AND b.pensum='5' AND b.c_uni_ca='3' AND status IN ('7','A','2') AND a.c_asigna=b.c_asigna  [1][0] OK
C:[17/05/2013 13:36:26.53][200.109.206.41][1619] SELECT sum(u_creditos*1) FROM dace006 a, tblaca009 b WHERE a.exp_e='08-21175260' AND a.lapso='2013-1' AND b.pensum='5' AND b.c_uni_ca='3' AND status IN ('7','A','2') AND a.c_asigna=b.c_asigna AND a.c_asigna IN ('300213','311320') [1][0] OK
C:[17/05/2013 13:36:26.91][200.109.206.41][1635] SELECT MAX(semestre) FROM dace006 a, tblaca009 b WHERE a.exp_e='08-21175260' AND a.lapso='2013-1' AND b.pensum='5' AND b.c_uni_ca='3' AND status IN ('7','A','2') AND a.c_asigna=b.c_asigna  [1][0] OK
C:[17/05/2013 13:37:38.18][200.109.206.41][1392] SELECT pre_cod_asig1,pre_cod_asig2,pre_cod_asig3,pre_cod_asig4,pre_cod_asig5,pre_cod_asig6,pre_cod_asig7 FROM tblaca009 WHERE pensum='5' AND c_uni_ca='3' AND c_asigna='300213' [1][0] OK
C:[17/05/2013 13:37:38.18][200.109.206.41][1405] SELECT c_asigna FROM dace004 WHERE exp_e='08-21175260' AND c_asigna='300101' AND status IN ('0','3','B') [1][0] OK
C:[17/05/2013 13:37:38.18][200.109.206.41][1392] SELECT pre_cod_asig1,pre_cod_asig2,pre_cod_asig3,pre_cod_asig4,pre_cod_asig5,pre_cod_asig6,pre_cod_asig7 FROM tblaca009 WHERE pensum='5' AND c_uni_ca='3' AND c_asigna='311320' [1][0] OK
C:[17/05/2013 13:37:38.18][200.109.206.41][1405] SELECT c_asigna FROM dace004 WHERE exp_e='08-21175260' AND c_asigna='300013' AND status IN ('0','3','B') [1][0] OK
C:[17/05/2013 13:37:38.18][200.109.206.41][1405] SELECT c_asigna FROM dace004 WHERE exp_e='08-21175260' AND c_asigna='300113' AND status IN ('0','3','B') [1][0] OK
C:[17/05/2013 13:37:39.81][200.109.206.41][1436] SELECT par_cod_asig1,par_cod_asig2,par_cod_asig3 FROM tblaca009 WHERE pensum='5' AND c_uni_ca='3' AND c_asigna='300213' [1][0] OK
C:[17/05/2013 13:37:39.81][200.109.206.41][1450] SELECT c_asigna FROM dace004 WHERE exp_e='08-21175260' AND c_asigna='300209' AND status IN ('0','3','B','C') [1][0] OK
C:[17/05/2013 13:37:39.81][200.109.206.41][1436] SELECT par_cod_asig1,par_cod_asig2,par_cod_asig3 FROM tblaca009 WHERE pensum='5' AND c_uni_ca='3' AND c_asigna='311320' [1][0] OK
C:[17/05/2013 13:37:39.20][200.109.206.41][1566] SELECT horas_lab FROM tblaca008 WHERE c_asigna='300213' AND horas_teoricas > 0 [1][0] OK
C:[17/05/2013 13:37:39.20][200.109.206.41][1566] SELECT horas_lab FROM tblaca008 WHERE c_asigna='311320' AND horas_teoricas > 0 [1][0] OK
C:[17/05/2013 13:37:39.45][200.109.206.41][1600] SELECT sum(u_creditos*1) FROM dace006 a, tblaca009 b WHERE a.exp_e='08-21175260' AND a.lapso='2013-1' AND b.pensum='5' AND b.c_uni_ca='3' AND status IN ('7','A','2') AND a.c_asigna=b.c_asigna  [1][0] OK
C:[17/05/2013 13:37:39.82][200.109.206.41][1619] SELECT sum(u_creditos*1) FROM dace006 a, tblaca009 b WHERE a.exp_e='08-21175260' AND a.lapso='2013-1' AND b.pensum='5' AND b.c_uni_ca='3' AND status IN ('7','A','2') AND a.c_asigna=b.c_asigna AND a.c_asigna IN () [0][0]  {[MERANT][ODBC SQLBase driver][SQLBase]00915 PRS IVC Invalid constant}
C:[17/05/2013 13:37:39.37][200.109.206.41][1635] SELECT MAX(semestre) FROM dace006 a, tblaca009 b WHERE a.exp_e='08-21175260' AND a.lapso='2013-1' AND b.pensum='5' AND b.c_uni_ca='3' AND status IN ('7','A','2') AND a.c_asigna=b.c_asigna  [1][0] [MERANT][ODBC SQLBase driver][SQLBase]00915 PRS IVC Invalid constant
C:[17/05/2013 13:37:39.26][200.109.206.41][1655] SELECT MIN(semestre) FROM dace006 a, tblaca009 b WHERE a.exp_e='08-21175260' AND a.lapso='2013-1' AND b.pensum='5' AND b.c_uni_ca='3' AND status IN ('7','A','2') AND a.c_asigna=b.c_asigna AND a.c_asigna IN ('300213','311320') [1][0] [MERANT][ODBC SQLBase driver][SQLBase]00915 PRS IVC Invalid constant
C:[17/05/2013 13:38:45.57][200.109.206.41][1392] SELECT pre_cod_asig1,pre_cod_asig2,pre_cod_asig3,pre_cod_asig4,pre_cod_asig5,pre_cod_asig6,pre_cod_asig7 FROM tblaca009 WHERE pensum='5' AND c_uni_ca='3' AND c_asigna='300213' [1][0] OK
C:[17/05/2013 13:38:45.57][200.109.206.41][1405] SELECT c_asigna FROM dace004 WHERE exp_e='08-21175260' AND c_asigna='300101' AND status IN ('0','3','B') [1][0] OK
C:[17/05/2013 13:38:45.57][200.109.206.41][1392] SELECT pre_cod_asig1,pre_cod_asig2,pre_cod_asig3,pre_cod_asig4,pre_cod_asig5,pre_cod_asig6,pre_cod_asig7 FROM tblaca009 WHERE pensum='5' AND c_uni_ca='3' AND c_asigna='311320' [1][0] OK
C:[17/05/2013 13:38:45.57][200.109.206.41][1405] SELECT c_asigna FROM dace004 WHERE exp_e='08-21175260' AND c_asigna='300013' AND status IN ('0','3','B') [1][0] OK
C:[17/05/2013 13:38:45.57][200.109.206.41][1405] SELECT c_asigna FROM dace004 WHERE exp_e='08-21175260' AND c_asigna='300113' AND status IN ('0','3','B') [1][0] OK
C:[17/05/2013 13:38:45.89][200.109.206.41][1436] SELECT par_cod_asig1,par_cod_asig2,par_cod_asig3 FROM tblaca009 WHERE pensum='5' AND c_uni_ca='3' AND c_asigna='300213' [1][0] OK
C:[17/05/2013 13:38:45.89][200.109.206.41][1450] SELECT c_asigna FROM dace004 WHERE exp_e='08-21175260' AND c_asigna='300209' AND status IN ('0','3','B','C') [1][0] OK
C:[17/05/2013 13:38:45.89][200.109.206.41][1436] SELECT par_cod_asig1,par_cod_asig2,par_cod_asig3 FROM tblaca009 WHERE pensum='5' AND c_uni_ca='3' AND c_asigna='311320' [1][0] OK
C:[17/05/2013 13:38:46.30][200.109.206.41][1566] SELECT horas_lab FROM tblaca008 WHERE c_asigna='300213' AND horas_teoricas > 0 [1][0] OK
C:[17/05/2013 13:38:46.39][200.109.206.41][1600] SELECT sum(u_creditos*1) FROM dace006 a, tblaca009 b WHERE a.exp_e='08-21175260' AND a.lapso='2013-1' AND b.pensum='5' AND b.c_uni_ca='3' AND status IN ('7','A','2') AND a.c_asigna=b.c_asigna  [1][0] OK
C:[17/05/2013 13:38:46.76][200.109.206.41][1619] SELECT sum(u_creditos*1) FROM dace006 a, tblaca009 b WHERE a.exp_e='08-21175260' AND a.lapso='2013-1' AND b.pensum='5' AND b.c_uni_ca='3' AND status IN ('7','A','2') AND a.c_asigna=b.c_asigna AND a.c_asigna IN ('311320') [1][0] OK
C:[17/05/2013 13:38:46.15][200.109.206.41][1635] SELECT MAX(semestre) FROM dace006 a, tblaca009 b WHERE a.exp_e='08-21175260' AND a.lapso='2013-1' AND b.pensum='5' AND b.c_uni_ca='3' AND status IN ('7','A','2') AND a.c_asigna=b.c_asigna  [1][0] OK
C:[17/05/2013 13:38:46.52][200.109.206.41][1655] SELECT MIN(semestre) FROM dace006 a, tblaca009 b WHERE a.exp_e='08-21175260' AND a.lapso='2013-1' AND b.pensum='5' AND b.c_uni_ca='3' AND status IN ('7','A','2') AND a.c_asigna=b.c_asigna AND a.c_asigna IN ('300213') [1][0] OK
C:[17/05/2013 14:16:31.01][190.77.241.122][1392] SELECT pre_cod_asig1,pre_cod_asig2,pre_cod_asig3,pre_cod_asig4,pre_cod_asig5,pre_cod_asig6,pre_cod_asig7 FROM tblaca009 WHERE pensum='5' AND c_uni_ca='3' AND c_asigna='311824' [1][0] OK
C:[17/05/2013 14:16:31.01][190.77.241.122][1405] SELECT c_asigna FROM dace004 WHERE exp_e='07-20284042' AND c_asigna='311796' AND status IN ('0','3','B') [1][0] OK
C:[17/05/2013 14:16:31.01][190.77.241.122][1392] SELECT pre_cod_asig1,pre_cod_asig2,pre_cod_asig3,pre_cod_asig4,pre_cod_asig5,pre_cod_asig6,pre_cod_asig7 FROM tblaca009 WHERE pensum='5' AND c_uni_ca='3' AND c_asigna='300956' [1][0] OK
C:[17/05/2013 14:16:31.01][190.77.241.122][1405] SELECT c_asigna FROM dace004 WHERE exp_e='07-20284042' AND c_asigna='300422' AND status IN ('0','3','B') [1][0] OK
C:[17/05/2013 14:16:31.01][190.77.241.122][1405] SELECT c_asigna FROM dace004 WHERE exp_e='07-20284042' AND c_asigna='300105' AND status IN ('0','3','B') [1][0] OK
C:[17/05/2013 14:16:31.01][190.77.241.122][1405] SELECT c_asigna FROM dace004 WHERE exp_e='07-20284042' AND c_asigna='300314' AND status IN ('0','3','B') [1][0] OK
C:[17/05/2013 14:16:31.01][190.77.241.122][1392] SELECT pre_cod_asig1,pre_cod_asig2,pre_cod_asig3,pre_cod_asig4,pre_cod_asig5,pre_cod_asig6,pre_cod_asig7 FROM tblaca009 WHERE pensum='5' AND c_uni_ca='3' AND c_asigna='311094' [1][0] OK
C:[17/05/2013 14:16:31.01][190.77.241.122][1405] SELECT c_asigna FROM dace004 WHERE exp_e='07-20284042' AND c_asigna='311822' AND status IN ('0','3','B') [1][0] OK
C:[17/05/2013 14:16:31.01][190.77.241.122][1405] SELECT c_asigna FROM dace004 WHERE exp_e='07-20284042' AND c_asigna='311823' AND status IN ('0','3','B') [1][0] OK
C:[17/05/2013 14:16:31.01][190.77.241.122][1392] SELECT pre_cod_asig1,pre_cod_asig2,pre_cod_asig3,pre_cod_asig4,pre_cod_asig5,pre_cod_asig6,pre_cod_asig7 FROM tblaca009 WHERE pensum='5' AND c_uni_ca='3' AND c_asigna='311095' [1][0] OK
C:[17/05/2013 14:16:31.01][190.77.241.122][1405] SELECT c_asigna FROM dace004 WHERE exp_e='07-20284042' AND c_asigna='311822' AND status IN ('0','3','B') [1][0] OK
C:[17/05/2013 14:16:31.01][190.77.241.122][1392] SELECT pre_cod_asig1,pre_cod_asig2,pre_cod_asig3,pre_cod_asig4,pre_cod_asig5,pre_cod_asig6,pre_cod_asig7 FROM tblaca009 WHERE pensum='5' AND c_uni_ca='3' AND c_asigna='311098' [1][0] OK
C:[17/05/2013 14:16:31.01][190.77.241.122][1405] SELECT c_asigna FROM dace004 WHERE exp_e='07-20284042' AND c_asigna='311822' AND status IN ('0','3','B') [1][0] OK
C:[17/05/2013 14:16:31.01][190.77.241.122][1392] SELECT pre_cod_asig1,pre_cod_asig2,pre_cod_asig3,pre_cod_asig4,pre_cod_asig5,pre_cod_asig6,pre_cod_asig7 FROM tblaca009 WHERE pensum='5' AND c_uni_ca='3' AND c_asigna='311099' [1][0] OK
C:[17/05/2013 14:16:31.01][190.77.241.122][1405] SELECT c_asigna FROM dace004 WHERE exp_e='07-20284042' AND c_asigna='311795' AND status IN ('0','3','B') [1][0] OK
C:[17/05/2013 14:16:31.01][190.77.241.122][1405] SELECT c_asigna FROM dace004 WHERE exp_e='07-20284042' AND c_asigna='311825' AND status IN ('0','3','B') [1][0] OK
C:[17/05/2013 14:16:32.01][190.77.241.122][1436] SELECT par_cod_asig1,par_cod_asig2,par_cod_asig3 FROM tblaca009 WHERE pensum='5' AND c_uni_ca='3' AND c_asigna='311824' [1][0] OK
C:[17/05/2013 14:16:32.01][190.77.241.122][1436] SELECT par_cod_asig1,par_cod_asig2,par_cod_asig3 FROM tblaca009 WHERE pensum='5' AND c_uni_ca='3' AND c_asigna='300956' [1][0] OK
C:[17/05/2013 14:16:32.01][190.77.241.122][1436] SELECT par_cod_asig1,par_cod_asig2,par_cod_asig3 FROM tblaca009 WHERE pensum='5' AND c_uni_ca='3' AND c_asigna='311094' [1][0] OK
C:[17/05/2013 14:16:32.01][190.77.241.122][1436] SELECT par_cod_asig1,par_cod_asig2,par_cod_asig3 FROM tblaca009 WHERE pensum='5' AND c_uni_ca='3' AND c_asigna='311095' [1][0] OK
C:[17/05/2013 14:16:32.01][190.77.241.122][1436] SELECT par_cod_asig1,par_cod_asig2,par_cod_asig3 FROM tblaca009 WHERE pensum='5' AND c_uni_ca='3' AND c_asigna='311098' [1][0] OK
C:[17/05/2013 14:16:32.01][190.77.241.122][1436] SELECT par_cod_asig1,par_cod_asig2,par_cod_asig3 FROM tblaca009 WHERE pensum='5' AND c_uni_ca='3' AND c_asigna='311099' [1][0] OK
C:[17/05/2013 14:16:32.79][190.77.241.122][1566] SELECT horas_lab FROM tblaca008 WHERE c_asigna='311824' AND horas_teoricas > 0 [1][0] OK
C:[17/05/2013 14:16:32.89][190.77.241.122][1600] SELECT sum(u_creditos*1) FROM dace006 a, tblaca009 b WHERE a.exp_e='07-20284042' AND a.lapso='2013-1' AND b.pensum='5' AND b.c_uni_ca='3' AND status IN ('7','A','2') AND a.c_asigna=b.c_asigna  [1][0] OK
C:[17/05/2013 14:16:32.83][190.77.241.122][1619] SELECT sum(u_creditos*1) FROM dace006 a, tblaca009 b WHERE a.exp_e='07-20284042' AND a.lapso='2013-1' AND b.pensum='5' AND b.c_uni_ca='3' AND status IN ('7','A','2') AND a.c_asigna=b.c_asigna AND a.c_asigna IN ('300956','311094','311095','311098','311099') [1][0] OK
C:[17/05/2013 14:16:32.77][190.77.241.122][1635] SELECT MAX(semestre) FROM dace006 a, tblaca009 b WHERE a.exp_e='07-20284042' AND a.lapso='2013-1' AND b.pensum='5' AND b.c_uni_ca='3' AND status IN ('7','A','2') AND a.c_asigna=b.c_asigna  [1][0] OK
C:[17/05/2013 14:16:32.71][190.77.241.122][1655] SELECT MIN(semestre) FROM dace006 a, tblaca009 b WHERE a.exp_e='07-20284042' AND a.lapso='2013-1' AND b.pensum='5' AND b.c_uni_ca='3' AND status IN ('7','A','2') AND a.c_asigna=b.c_asigna AND a.c_asigna IN ('311824') [1][0] OK
C:[17/05/2013 15:48:32.21][190.201.9.31][1392] SELECT pre_cod_asig1,pre_cod_asig2,pre_cod_asig3,pre_cod_asig4,pre_cod_asig5,pre_cod_asig6,pre_cod_asig7 FROM tblaca009 WHERE pensum='5' AND c_uni_ca='4' AND c_asigna='330310' [1][0] OK
C:[17/05/2013 15:48:32.21][190.201.9.31][1405] SELECT c_asigna FROM dace004 WHERE exp_e='12-26138381' AND c_asigna='300013' AND status IN ('0','3','B') [1][0] OK
C:[17/05/2013 15:48:32.21][190.201.9.31][1405] SELECT c_asigna FROM dace004 WHERE exp_e='12-26138381' AND c_asigna='300113' AND status IN ('0','3','B') [1][0] OK
C:[17/05/2013 15:48:32.21][190.201.9.31][1392] SELECT pre_cod_asig1,pre_cod_asig2,pre_cod_asig3,pre_cod_asig4,pre_cod_asig5,pre_cod_asig6,pre_cod_asig7 FROM tblaca009 WHERE pensum='5' AND c_uni_ca='4' AND c_asigna='333326' [1][0] OK
C:[17/05/2013 15:48:32.21][190.201.9.31][1392] SELECT pre_cod_asig1,pre_cod_asig2,pre_cod_asig3,pre_cod_asig4,pre_cod_asig5,pre_cod_asig6,pre_cod_asig7 FROM tblaca009 WHERE pensum='5' AND c_uni_ca='4' AND c_asigna='300101' [1][0] OK
C:[17/05/2013 15:48:32.21][190.201.9.31][1392] SELECT pre_cod_asig1,pre_cod_asig2,pre_cod_asig3,pre_cod_asig4,pre_cod_asig5,pre_cod_asig6,pre_cod_asig7 FROM tblaca009 WHERE pensum='5' AND c_uni_ca='4' AND c_asigna='300222' [1][0] OK
C:[17/05/2013 15:48:32.21][190.201.9.31][1405] SELECT c_asigna FROM dace004 WHERE exp_e='12-26138381' AND c_asigna='300112' AND status IN ('0','3','B') [1][0] OK
C:[17/05/2013 15:48:32.21][190.201.9.31][1392] SELECT pre_cod_asig1,pre_cod_asig2,pre_cod_asig3,pre_cod_asig4,pre_cod_asig5,pre_cod_asig6,pre_cod_asig7 FROM tblaca009 WHERE pensum='5' AND c_uni_ca='4' AND c_asigna='300226' [1][0] OK
C:[17/05/2013 15:48:32.21][190.201.9.31][1405] SELECT c_asigna FROM dace004 WHERE exp_e='12-26138381' AND c_asigna='300116' AND status IN ('0','3','B') [1][0] OK
C:[17/05/2013 15:48:32.21][190.201.9.31][1392] SELECT pre_cod_asig1,pre_cod_asig2,pre_cod_asig3,pre_cod_asig4,pre_cod_asig5,pre_cod_asig6,pre_cod_asig7 FROM tblaca009 WHERE pensum='5' AND c_uni_ca='4' AND c_asigna='300314' [1][0] OK
C:[17/05/2013 15:48:32.21][190.201.9.31][1405] SELECT c_asigna FROM dace004 WHERE exp_e='12-26138381' AND c_asigna='300106' AND status IN ('0','3','B') [1][0] OK
C:[17/05/2013 15:48:32.59][190.201.9.31][1436] SELECT par_cod_asig1,par_cod_asig2,par_cod_asig3 FROM tblaca009 WHERE pensum='5' AND c_uni_ca='4' AND c_asigna='330310' [1][0] OK
C:[17/05/2013 15:48:32.59][190.201.9.31][1436] SELECT par_cod_asig1,par_cod_asig2,par_cod_asig3 FROM tblaca009 WHERE pensum='5' AND c_uni_ca='4' AND c_asigna='333326' [1][0] OK
C:[17/05/2013 15:48:32.59][190.201.9.31][1436] SELECT par_cod_asig1,par_cod_asig2,par_cod_asig3 FROM tblaca009 WHERE pensum='5' AND c_uni_ca='4' AND c_asigna='300101' [1][0] OK
C:[17/05/2013 15:48:32.59][190.201.9.31][1436] SELECT par_cod_asig1,par_cod_asig2,par_cod_asig3 FROM tblaca009 WHERE pensum='5' AND c_uni_ca='4' AND c_asigna='300222' [1][0] OK
C:[17/05/2013 15:48:32.59][190.201.9.31][1436] SELECT par_cod_asig1,par_cod_asig2,par_cod_asig3 FROM tblaca009 WHERE pensum='5' AND c_uni_ca='4' AND c_asigna='300226' [1][0] OK
C:[17/05/2013 15:48:32.59][190.201.9.31][1436] SELECT par_cod_asig1,par_cod_asig2,par_cod_asig3 FROM tblaca009 WHERE pensum='5' AND c_uni_ca='4' AND c_asigna='300314' [1][0] OK
C:[17/05/2013 15:48:32.40][190.201.9.31][1566] SELECT horas_lab FROM tblaca008 WHERE c_asigna='330310' AND horas_teoricas > 0 [1][0] OK
C:[17/05/2013 15:48:32.47][190.201.9.31][1600] SELECT sum(u_creditos*1) FROM dace006 a, tblaca009 b WHERE a.exp_e='12-26138381' AND a.lapso='2013-1' AND b.pensum='5' AND b.c_uni_ca='4' AND status IN ('7','A','2') AND a.c_asigna=b.c_asigna  [1][0] OK
C:[17/05/2013 15:48:32.53][190.201.9.31][1619] SELECT sum(u_creditos*1) FROM dace006 a, tblaca009 b WHERE a.exp_e='12-26138381' AND a.lapso='2013-1' AND b.pensum='5' AND b.c_uni_ca='4' AND status IN ('7','A','2') AND a.c_asigna=b.c_asigna AND a.c_asigna IN ('333326','300101','300222','300226','300314') [1][0] OK
C:[17/05/2013 15:48:32.91][190.201.9.31][1635] SELECT MAX(semestre) FROM dace006 a, tblaca009 b WHERE a.exp_e='12-26138381' AND a.lapso='2013-1' AND b.pensum='5' AND b.c_uni_ca='4' AND status IN ('7','A','2') AND a.c_asigna=b.c_asigna  [1][0] OK
C:[17/05/2013 15:48:32.10][190.201.9.31][1655] SELECT MIN(semestre) FROM dace006 a, tblaca009 b WHERE a.exp_e='12-26138381' AND a.lapso='2013-1' AND b.pensum='5' AND b.c_uni_ca='4' AND status IN ('7','A','2') AND a.c_asigna=b.c_asigna AND a.c_asigna IN ('330310') [1][0] OK
C:[17/05/2013 15:51:06.81][190.201.9.31][1392] SELECT pre_cod_asig1,pre_cod_asig2,pre_cod_asig3,pre_cod_asig4,pre_cod_asig5,pre_cod_asig6,pre_cod_asig7 FROM tblaca009 WHERE pensum='5' AND c_uni_ca='4' AND c_asigna='333326' [1][0] OK
C:[17/05/2013 15:51:06.81][190.201.9.31][1392] SELECT pre_cod_asig1,pre_cod_asig2,pre_cod_asig3,pre_cod_asig4,pre_cod_asig5,pre_cod_asig6,pre_cod_asig7 FROM tblaca009 WHERE pensum='5' AND c_uni_ca='4' AND c_asigna='300101' [1][0] OK
C:[17/05/2013 15:51:06.81][190.201.9.31][1392] SELECT pre_cod_asig1,pre_cod_asig2,pre_cod_asig3,pre_cod_asig4,pre_cod_asig5,pre_cod_asig6,pre_cod_asig7 FROM tblaca009 WHERE pensum='5' AND c_uni_ca='4' AND c_asigna='300222' [1][0] OK
C:[17/05/2013 15:51:06.81][190.201.9.31][1405] SELECT c_asigna FROM dace004 WHERE exp_e='12-26138381' AND c_asigna='300112' AND status IN ('0','3','B') [1][0] OK
C:[17/05/2013 15:51:06.81][190.201.9.31][1392] SELECT pre_cod_asig1,pre_cod_asig2,pre_cod_asig3,pre_cod_asig4,pre_cod_asig5,pre_cod_asig6,pre_cod_asig7 FROM tblaca009 WHERE pensum='5' AND c_uni_ca='4' AND c_asigna='300226' [1][0] OK
C:[17/05/2013 15:51:06.81][190.201.9.31][1405] SELECT c_asigna FROM dace004 WHERE exp_e='12-26138381' AND c_asigna='300116' AND status IN ('0','3','B') [1][0] OK
C:[17/05/2013 15:51:06.81][190.201.9.31][1392] SELECT pre_cod_asig1,pre_cod_asig2,pre_cod_asig3,pre_cod_asig4,pre_cod_asig5,pre_cod_asig6,pre_cod_asig7 FROM tblaca009 WHERE pensum='5' AND c_uni_ca='4' AND c_asigna='300314' [1][0] OK
C:[17/05/2013 15:51:06.81][190.201.9.31][1405] SELECT c_asigna FROM dace004 WHERE exp_e='12-26138381' AND c_asigna='300106' AND status IN ('0','3','B') [1][0] OK
C:[17/05/2013 15:51:06.82][190.201.9.31][1436] SELECT par_cod_asig1,par_cod_asig2,par_cod_asig3 FROM tblaca009 WHERE pensum='5' AND c_uni_ca='4' AND c_asigna='333326' [1][0] OK
C:[17/05/2013 15:51:06.82][190.201.9.31][1436] SELECT par_cod_asig1,par_cod_asig2,par_cod_asig3 FROM tblaca009 WHERE pensum='5' AND c_uni_ca='4' AND c_asigna='300101' [1][0] OK
C:[17/05/2013 15:51:06.82][190.201.9.31][1436] SELECT par_cod_asig1,par_cod_asig2,par_cod_asig3 FROM tblaca009 WHERE pensum='5' AND c_uni_ca='4' AND c_asigna='300222' [1][0] OK
C:[17/05/2013 15:51:06.82][190.201.9.31][1436] SELECT par_cod_asig1,par_cod_asig2,par_cod_asig3 FROM tblaca009 WHERE pensum='5' AND c_uni_ca='4' AND c_asigna='300226' [1][0] OK
C:[17/05/2013 15:51:06.82][190.201.9.31][1436] SELECT par_cod_asig1,par_cod_asig2,par_cod_asig3 FROM tblaca009 WHERE pensum='5' AND c_uni_ca='4' AND c_asigna='300314' [1][0] OK
C:[17/05/2013 15:51:06.72][190.201.9.31][1600] SELECT sum(u_creditos*1) FROM dace006 a, tblaca009 b WHERE a.exp_e='12-26138381' AND a.lapso='2013-1' AND b.pensum='5' AND b.c_uni_ca='4' AND status IN ('7','A','2') AND a.c_asigna=b.c_asigna  [1][0] OK
C:[17/05/2013 15:51:06.66][190.201.9.31][1619] SELECT sum(u_creditos*1) FROM dace006 a, tblaca009 b WHERE a.exp_e='12-26138381' AND a.lapso='2013-1' AND b.pensum='5' AND b.c_uni_ca='4' AND status IN ('7','A','2') AND a.c_asigna=b.c_asigna AND a.c_asigna IN ('333326','300101','300222','300226','300314') [1][0] OK
C:[17/05/2013 15:51:06.57][190.201.9.31][1635] SELECT MAX(semestre) FROM dace006 a, tblaca009 b WHERE a.exp_e='12-26138381' AND a.lapso='2013-1' AND b.pensum='5' AND b.c_uni_ca='4' AND status IN ('7','A','2') AND a.c_asigna=b.c_asigna  [1][0] OK
C:[17/05/2013 16:57:13.63][190.201.9.31][1392] SELECT pre_cod_asig1,pre_cod_asig2,pre_cod_asig3,pre_cod_asig4,pre_cod_asig5,pre_cod_asig6,pre_cod_asig7 FROM tblaca009 WHERE pensum='5' AND c_uni_ca='6' AND c_asigna='344687' [1][0] OK
C:[17/05/2013 16:57:13.63][190.201.9.31][1405] SELECT c_asigna FROM dace004 WHERE exp_e='08-21249035' AND c_asigna='344565' AND status IN ('0','3','B') [1][0] OK
C:[17/05/2013 16:57:13.63][190.201.9.31][1392] SELECT pre_cod_asig1,pre_cod_asig2,pre_cod_asig3,pre_cod_asig4,pre_cod_asig5,pre_cod_asig6,pre_cod_asig7 FROM tblaca009 WHERE pensum='5' AND c_uni_ca='6' AND c_asigna='342559' [1][0] OK
C:[17/05/2013 16:57:13.63][190.201.9.31][1405] SELECT c_asigna FROM dace004 WHERE exp_e='08-21249035' AND c_asigna='342436' AND status IN ('0','3','B') [1][0] OK
C:[17/05/2013 16:57:13.63][190.201.9.31][1392] SELECT pre_cod_asig1,pre_cod_asig2,pre_cod_asig3,pre_cod_asig4,pre_cod_asig5,pre_cod_asig6,pre_cod_asig7 FROM tblaca009 WHERE pensum='5' AND c_uni_ca='6' AND c_asigna='342679' [1][0] OK
C:[17/05/2013 16:57:13.63][190.201.9.31][1405] SELECT c_asigna FROM dace004 WHERE exp_e='08-21249035' AND c_asigna='342567' AND status IN ('0','3','B') [1][0] OK
C:[17/05/2013 16:57:13.63][190.201.9.31][1392] SELECT pre_cod_asig1,pre_cod_asig2,pre_cod_asig3,pre_cod_asig4,pre_cod_asig5,pre_cod_asig6,pre_cod_asig7 FROM tblaca009 WHERE pensum='5' AND c_uni_ca='6' AND c_asigna='344688' [1][0] OK
C:[17/05/2013 16:57:13.63][190.201.9.31][1405] SELECT c_asigna FROM dace004 WHERE exp_e='08-21249035' AND c_asigna='342567' AND status IN ('0','3','B') [1][0] OK
C:[17/05/2013 16:57:13.63][190.201.9.31][1405] SELECT c_asigna FROM dace004 WHERE exp_e='08-21249035' AND c_asigna='344565' AND status IN ('0','3','B') [1][0] OK
C:[17/05/2013 16:57:13.63][190.201.9.31][1392] SELECT pre_cod_asig1,pre_cod_asig2,pre_cod_asig3,pre_cod_asig4,pre_cod_asig5,pre_cod_asig6,pre_cod_asig7 FROM tblaca009 WHERE pensum='5' AND c_uni_ca='6' AND c_asigna='344733' [1][0] OK
C:[17/05/2013 16:57:13.63][190.201.9.31][1392] SELECT pre_cod_asig1,pre_cod_asig2,pre_cod_asig3,pre_cod_asig4,pre_cod_asig5,pre_cod_asig6,pre_cod_asig7 FROM tblaca009 WHERE pensum='5' AND c_uni_ca='6' AND c_asigna='344714' [1][0] OK
C:[17/05/2013 16:57:13.63][190.201.9.31][1405] SELECT c_asigna FROM dace004 WHERE exp_e='08-21249035' AND c_asigna='344689' AND status IN ('0','3','B') [1][0] OK
C:[17/05/2013 16:57:13.63][190.201.9.31][1405] SELECT c_asigna FROM dace004 WHERE exp_e='08-21249035' AND c_asigna='300313' AND status IN ('0','3','B') [1][0] OK
C:[17/05/2013 16:57:13.82][190.201.9.31][1436] SELECT par_cod_asig1,par_cod_asig2,par_cod_asig3 FROM tblaca009 WHERE pensum='5' AND c_uni_ca='6' AND c_asigna='344687' [1][0] OK
C:[17/05/2013 16:57:13.82][190.201.9.31][1436] SELECT par_cod_asig1,par_cod_asig2,par_cod_asig3 FROM tblaca009 WHERE pensum='5' AND c_uni_ca='6' AND c_asigna='342559' [1][0] OK
C:[17/05/2013 16:57:13.82][190.201.9.31][1436] SELECT par_cod_asig1,par_cod_asig2,par_cod_asig3 FROM tblaca009 WHERE pensum='5' AND c_uni_ca='6' AND c_asigna='342679' [1][0] OK
C:[17/05/2013 16:57:13.82][190.201.9.31][1436] SELECT par_cod_asig1,par_cod_asig2,par_cod_asig3 FROM tblaca009 WHERE pensum='5' AND c_uni_ca='6' AND c_asigna='344688' [1][0] OK
C:[17/05/2013 16:57:13.82][190.201.9.31][1436] SELECT par_cod_asig1,par_cod_asig2,par_cod_asig3 FROM tblaca009 WHERE pensum='5' AND c_uni_ca='6' AND c_asigna='344733' [1][0] OK
C:[17/05/2013 16:57:13.82][190.201.9.31][1436] SELECT par_cod_asig1,par_cod_asig2,par_cod_asig3 FROM tblaca009 WHERE pensum='5' AND c_uni_ca='6' AND c_asigna='344714' [1][0] OK
C:[17/05/2013 16:57:13.59][190.201.9.31][1566] SELECT horas_lab FROM tblaca008 WHERE c_asigna='344687' AND horas_teoricas > 0 [1][0] OK
C:[17/05/2013 16:57:13.69][190.201.9.31][1600] SELECT sum(u_creditos*1) FROM dace006 a, tblaca009 b WHERE a.exp_e='08-21249035' AND a.lapso='2013-1' AND b.pensum='5' AND b.c_uni_ca='6' AND status IN ('7','A','2') AND a.c_asigna=b.c_asigna  [1][0] OK
C:[17/05/2013 16:57:13.63][190.201.9.31][1619] SELECT sum(u_creditos*1) FROM dace006 a, tblaca009 b WHERE a.exp_e='08-21249035' AND a.lapso='2013-1' AND b.pensum='5' AND b.c_uni_ca='6' AND status IN ('7','A','2') AND a.c_asigna=b.c_asigna AND a.c_asigna IN ('342559','342679','344688','344733','344714') [1][0] OK
C:[17/05/2013 16:57:13.57][190.201.9.31][1635] SELECT MAX(semestre) FROM dace006 a, tblaca009 b WHERE a.exp_e='08-21249035' AND a.lapso='2013-1' AND b.pensum='5' AND b.c_uni_ca='6' AND status IN ('7','A','2') AND a.c_asigna=b.c_asigna  [1][0] OK
C:[17/05/2013 16:57:14.51][190.201.9.31][1655] SELECT MIN(semestre) FROM dace006 a, tblaca009 b WHERE a.exp_e='08-21249035' AND a.lapso='2013-1' AND b.pensum='5' AND b.c_uni_ca='6' AND status IN ('7','A','2') AND a.c_asigna=b.c_asigna AND a.c_asigna IN ('344687') [1][0] OK
C:[17/05/2013 16:59:05.39][186.88.135.153][1392] SELECT pre_cod_asig1,pre_cod_asig2,pre_cod_asig3,pre_cod_asig4,pre_cod_asig5,pre_cod_asig6,pre_cod_asig7 FROM tblaca009 WHERE pensum='5' AND c_uni_ca='3' AND c_asigna='300677' [1][0] OK
C:[17/05/2013 16:59:05.39][186.88.135.153][1392] SELECT pre_cod_asig1,pre_cod_asig2,pre_cod_asig3,pre_cod_asig4,pre_cod_asig5,pre_cod_asig6,pre_cod_asig7 FROM tblaca009 WHERE pensum='5' AND c_uni_ca='3' AND c_asigna='311673' [1][0] OK
C:[17/05/2013 16:59:05.39][186.88.135.153][1405] SELECT c_asigna FROM dace004 WHERE exp_e='07-18248546' AND c_asigna='311551' AND status IN ('0','3','B') [1][0] OK
C:[17/05/2013 16:59:05.39][186.88.135.153][1405] SELECT c_asigna FROM dace004 WHERE exp_e='07-18248546' AND c_asigna='311554' AND status IN ('0','3','B') [1][0] OK
C:[17/05/2013 16:59:05.39][186.88.135.153][1405] SELECT c_asigna FROM dace004 WHERE exp_e='07-18248546' AND c_asigna='311320' AND status IN ('0','3','B') [1][0] OK
C:[17/05/2013 16:59:05.39][186.88.135.153][1392] SELECT pre_cod_asig1,pre_cod_asig2,pre_cod_asig3,pre_cod_asig4,pre_cod_asig5,pre_cod_asig6,pre_cod_asig7 FROM tblaca009 WHERE pensum='5' AND c_uni_ca='3' AND c_asigna='300226' [1][0] OK
C:[17/05/2013 16:59:05.39][186.88.135.153][1405] SELECT c_asigna FROM dace004 WHERE exp_e='07-18248546' AND c_asigna='300116' AND status IN ('0','3','B') [1][0] OK
C:[17/05/2013 16:59:05.39][186.88.135.153][1392] SELECT pre_cod_asig1,pre_cod_asig2,pre_cod_asig3,pre_cod_asig4,pre_cod_asig5,pre_cod_asig6,pre_cod_asig7 FROM tblaca009 WHERE pensum='5' AND c_uni_ca='3' AND c_asigna='300222' [1][0] OK
C:[17/05/2013 16:59:05.39][186.88.135.153][1405] SELECT c_asigna FROM dace004 WHERE exp_e='07-18248546' AND c_asigna='300112' AND status IN ('0','3','B') [1][0] OK
C:[17/05/2013 16:59:05.39][186.88.135.153][1392] SELECT pre_cod_asig1,pre_cod_asig2,pre_cod_asig3,pre_cod_asig4,pre_cod_asig5,pre_cod_asig6,pre_cod_asig7 FROM tblaca009 WHERE pensum='5' AND c_uni_ca='3' AND c_asigna='311704' [1][0] OK
C:[17/05/2013 16:59:05.39][186.88.135.153][1405] SELECT c_asigna FROM dace004 WHERE exp_e='07-18248546' AND c_asigna='315671' AND status IN ('0','3','B') [1][0] OK
C:[17/05/2013 16:59:05.39][186.88.135.153][1392] SELECT pre_cod_asig1,pre_cod_asig2,pre_cod_asig3,pre_cod_asig4,pre_cod_asig5,pre_cod_asig6,pre_cod_asig7 FROM tblaca009 WHERE pensum='5' AND c_uni_ca='3' AND c_asigna='311775' [1][0] OK
C:[17/05/2013 16:59:05.39][186.88.135.153][1405] SELECT c_asigna FROM dace004 WHERE exp_e='07-18248546' AND c_asigna='311655' AND status IN ('0','3','B') [1][0] OK
C:[17/05/2013 16:59:06.00][186.88.135.153][1436] SELECT par_cod_asig1,par_cod_asig2,par_cod_asig3 FROM tblaca009 WHERE pensum='5' AND c_uni_ca='3' AND c_asigna='300677' [1][0] OK
C:[17/05/2013 16:59:06.00][186.88.135.153][1436] SELECT par_cod_asig1,par_cod_asig2,par_cod_asig3 FROM tblaca009 WHERE pensum='5' AND c_uni_ca='3' AND c_asigna='311673' [1][0] OK
C:[17/05/2013 16:59:06.00][186.88.135.153][1436] SELECT par_cod_asig1,par_cod_asig2,par_cod_asig3 FROM tblaca009 WHERE pensum='5' AND c_uni_ca='3' AND c_asigna='300226' [1][0] OK
C:[17/05/2013 16:59:06.00][186.88.135.153][1436] SELECT par_cod_asig1,par_cod_asig2,par_cod_asig3 FROM tblaca009 WHERE pensum='5' AND c_uni_ca='3' AND c_asigna='300222' [1][0] OK
C:[17/05/2013 16:59:06.00][186.88.135.153][1436] SELECT par_cod_asig1,par_cod_asig2,par_cod_asig3 FROM tblaca009 WHERE pensum='5' AND c_uni_ca='3' AND c_asigna='311704' [1][0] OK
C:[17/05/2013 16:59:06.00][186.88.135.153][1436] SELECT par_cod_asig1,par_cod_asig2,par_cod_asig3 FROM tblaca009 WHERE pensum='5' AND c_uni_ca='3' AND c_asigna='311775' [1][0] OK
C:[17/05/2013 16:59:06.76][186.88.135.153][1566] SELECT horas_lab FROM tblaca008 WHERE c_asigna='300677' AND horas_teoricas > 0 [1][0] OK
C:[17/05/2013 16:59:06.90][186.88.135.153][1600] SELECT sum(u_creditos*1) FROM dace006 a, tblaca009 b WHERE a.exp_e='07-18248546' AND a.lapso='2013-1' AND b.pensum='5' AND b.c_uni_ca='3' AND status IN ('7','A','2') AND a.c_asigna=b.c_asigna  [1][0] OK
C:[17/05/2013 16:59:06.94][186.88.135.153][1619] SELECT sum(u_creditos*1) FROM dace006 a, tblaca009 b WHERE a.exp_e='07-18248546' AND a.lapso='2013-1' AND b.pensum='5' AND b.c_uni_ca='3' AND status IN ('7','A','2') AND a.c_asigna=b.c_asigna AND a.c_asigna IN ('311673','300226','300222','311704','311775') [1][0] OK
C:[17/05/2013 16:59:06.88][186.88.135.153][1635] SELECT MAX(semestre) FROM dace006 a, tblaca009 b WHERE a.exp_e='07-18248546' AND a.lapso='2013-1' AND b.pensum='5' AND b.c_uni_ca='3' AND status IN ('7','A','2') AND a.c_asigna=b.c_asigna  [1][0] OK
C:[17/05/2013 16:59:06.84][186.88.135.153][1655] SELECT MIN(semestre) FROM dace006 a, tblaca009 b WHERE a.exp_e='07-18248546' AND a.lapso='2013-1' AND b.pensum='5' AND b.c_uni_ca='3' AND status IN ('7','A','2') AND a.c_asigna=b.c_asigna AND a.c_asigna IN ('300677') [1][0] OK
C:[17/05/2013 17:20:34.50][190.201.9.31][1392] SELECT pre_cod_asig1,pre_cod_asig2,pre_cod_asig3,pre_cod_asig4,pre_cod_asig5,pre_cod_asig6,pre_cod_asig7 FROM tblaca009 WHERE pensum='5' AND c_uni_ca='4' AND c_asigna='300677' [1][0] OK
C:[17/05/2013 17:20:34.50][190.201.9.31][1392] SELECT pre_cod_asig1,pre_cod_asig2,pre_cod_asig3,pre_cod_asig4,pre_cod_asig5,pre_cod_asig6,pre_cod_asig7 FROM tblaca009 WHERE pensum='5' AND c_uni_ca='4' AND c_asigna='311561' [1][0] OK
C:[17/05/2013 17:20:34.50][190.201.9.31][1405] SELECT c_asigna FROM dace004 WHERE exp_e='09-21236106' AND c_asigna='300318' AND status IN ('0','3','B') [1][0] OK
C:[17/05/2013 17:20:34.50][190.201.9.31][1392] SELECT pre_cod_asig1,pre_cod_asig2,pre_cod_asig3,pre_cod_asig4,pre_cod_asig5,pre_cod_asig6,pre_cod_asig7 FROM tblaca009 WHERE pensum='5' AND c_uni_ca='4' AND c_asigna='332558' [1][0] OK
C:[17/05/2013 17:20:34.50][190.201.9.31][1405] SELECT c_asigna FROM dace004 WHERE exp_e='09-21236106' AND c_asigna='330435' AND status IN ('0','3','B') [1][0] OK
C:[17/05/2013 17:20:34.50][190.201.9.31][1392] SELECT pre_cod_asig1,pre_cod_asig2,pre_cod_asig3,pre_cod_asig4,pre_cod_asig5,pre_cod_asig6,pre_cod_asig7 FROM tblaca009 WHERE pensum='5' AND c_uni_ca='4' AND c_asigna='333563' [1][0] OK
C:[17/05/2013 17:20:34.50][190.201.9.31][1405] SELECT c_asigna FROM dace004 WHERE exp_e='09-21236106' AND c_asigna='333440' AND status IN ('0','3','B') [1][0] OK
C:[17/05/2013 17:20:34.50][190.201.9.31][1405] SELECT c_asigna FROM dace004 WHERE exp_e='09-21236106' AND c_asigna='333442' AND status IN ('0','3','B') [1][0] OK
C:[17/05/2013 17:20:34.50][190.201.9.31][1405] SELECT c_asigna FROM dace004 WHERE exp_e='09-21236106' AND c_asigna='300209' AND status IN ('0','3','B') [1][0] OK
C:[17/05/2013 17:20:34.50][190.201.9.31][1392] SELECT pre_cod_asig1,pre_cod_asig2,pre_cod_asig3,pre_cod_asig4,pre_cod_asig5,pre_cod_asig6,pre_cod_asig7 FROM tblaca009 WHERE pensum='5' AND c_uni_ca='4' AND c_asigna='333584' [1][0] OK
C:[17/05/2013 17:20:34.50][190.201.9.31][1405] SELECT c_asigna FROM dace004 WHERE exp_e='09-21236106' AND c_asigna='300428' AND status IN ('0','3','B') [1][0] OK
C:[17/05/2013 17:20:34.50][190.201.9.31][1405] SELECT c_asigna FROM dace004 WHERE exp_e='09-21236106' AND c_asigna='333440' AND status IN ('0','3','B') [1][0] OK
C:[17/05/2013 17:20:34.50][190.201.9.31][1405] SELECT c_asigna FROM dace004 WHERE exp_e='09-21236106' AND c_asigna='300209' AND status IN ('0','3','B') [1][0] OK
C:[17/05/2013 17:20:34.50][190.201.9.31][1392] SELECT pre_cod_asig1,pre_cod_asig2,pre_cod_asig3,pre_cod_asig4,pre_cod_asig5,pre_cod_asig6,pre_cod_asig7 FROM tblaca009 WHERE pensum='5' AND c_uni_ca='4' AND c_asigna='333585' [1][0] OK
C:[17/05/2013 17:20:34.50][190.201.9.31][1405] SELECT c_asigna FROM dace004 WHERE exp_e='09-21236106' AND c_asigna='333440' AND status IN ('0','3','B') [1][0] OK
C:[17/05/2013 17:20:34.50][190.201.9.31][1405] SELECT c_asigna FROM dace004 WHERE exp_e='09-21236106' AND c_asigna='333441' AND status IN ('0','3','B') [1][0] OK
C:[17/05/2013 17:20:34.50][190.201.9.31][1405] SELECT c_asigna FROM dace004 WHERE exp_e='09-21236106' AND c_asigna='300209' AND status IN ('0','3','B') [1][0] OK
C:[17/05/2013 17:20:35.10][190.201.9.31][1436] SELECT par_cod_asig1,par_cod_asig2,par_cod_asig3 FROM tblaca009 WHERE pensum='5' AND c_uni_ca='4' AND c_asigna='300677' [1][0] OK
C:[17/05/2013 17:20:35.10][190.201.9.31][1436] SELECT par_cod_asig1,par_cod_asig2,par_cod_asig3 FROM tblaca009 WHERE pensum='5' AND c_uni_ca='4' AND c_asigna='311561' [1][0] OK
C:[17/05/2013 17:20:35.10][190.201.9.31][1436] SELECT par_cod_asig1,par_cod_asig2,par_cod_asig3 FROM tblaca009 WHERE pensum='5' AND c_uni_ca='4' AND c_asigna='332558' [1][0] OK
C:[17/05/2013 17:20:35.10][190.201.9.31][1436] SELECT par_cod_asig1,par_cod_asig2,par_cod_asig3 FROM tblaca009 WHERE pensum='5' AND c_uni_ca='4' AND c_asigna='333563' [1][0] OK
C:[17/05/2013 17:20:35.10][190.201.9.31][1436] SELECT par_cod_asig1,par_cod_asig2,par_cod_asig3 FROM tblaca009 WHERE pensum='5' AND c_uni_ca='4' AND c_asigna='333584' [1][0] OK
C:[17/05/2013 17:20:35.10][190.201.9.31][1450] SELECT c_asigna FROM dace004 WHERE exp_e='09-21236106' AND c_asigna='333563' AND status IN ('0','3','B','C') [0][0] OK
C:[17/05/2013 17:20:35.10][190.201.9.31][1436] SELECT par_cod_asig1,par_cod_asig2,par_cod_asig3 FROM tblaca009 WHERE pensum='5' AND c_uni_ca='4' AND c_asigna='333585' [1][0] OK
C:[17/05/2013 17:20:35.99][190.201.9.31][1566] SELECT horas_lab FROM tblaca008 WHERE c_asigna='300677' AND horas_teoricas > 0 [1][0] OK
C:[17/05/2013 17:20:35.10][190.201.9.31][1600] SELECT sum(u_creditos*1) FROM dace006 a, tblaca009 b WHERE a.exp_e='09-21236106' AND a.lapso='2013-1' AND b.pensum='5' AND b.c_uni_ca='4' AND status IN ('7','A','2') AND a.c_asigna=b.c_asigna  [1][0] OK
C:[17/05/2013 17:20:35.04][190.201.9.31][1619] SELECT sum(u_creditos*1) FROM dace006 a, tblaca009 b WHERE a.exp_e='09-21236106' AND a.lapso='2013-1' AND b.pensum='5' AND b.c_uni_ca='4' AND status IN ('7','A','2') AND a.c_asigna=b.c_asigna AND a.c_asigna IN ('311561','332558','333563','333584','333585') [1][0] OK
C:[17/05/2013 17:20:35.54][190.201.9.31][1635] SELECT MAX(semestre) FROM dace006 a, tblaca009 b WHERE a.exp_e='09-21236106' AND a.lapso='2013-1' AND b.pensum='5' AND b.c_uni_ca='4' AND status IN ('7','A','2') AND a.c_asigna=b.c_asigna  [1][0] OK
C:[17/05/2013 17:20:35.29][190.201.9.31][1655] SELECT MIN(semestre) FROM dace006 a, tblaca009 b WHERE a.exp_e='09-21236106' AND a.lapso='2013-1' AND b.pensum='5' AND b.c_uni_ca='4' AND status IN ('7','A','2') AND a.c_asigna=b.c_asigna AND a.c_asigna IN ('300677') [1][0] OK
C:[17/05/2013 17:56:21.62][190.204.200.144][1392] SELECT pre_cod_asig1,pre_cod_asig2,pre_cod_asig3,pre_cod_asig4,pre_cod_asig5,pre_cod_asig6,pre_cod_asig7 FROM tblaca009 WHERE pensum='5' AND c_uni_ca='6' AND c_asigna='300222' [1][0] OK
C:[17/05/2013 17:56:21.62][190.204.200.144][1405] SELECT c_asigna FROM dace004 WHERE exp_e='04-17069486' AND c_asigna='300112' AND status IN ('0','3','B') [1][0] OK
C:[17/05/2013 17:56:21.62][190.204.200.144][1392] SELECT pre_cod_asig1,pre_cod_asig2,pre_cod_asig3,pre_cod_asig4,pre_cod_asig5,pre_cod_asig6,pre_cod_asig7 FROM tblaca009 WHERE pensum='5' AND c_uni_ca='6' AND c_asigna='300013' [1][0] OK
C:[17/05/2013 17:56:21.62][190.204.200.144][1392] SELECT pre_cod_asig1,pre_cod_asig2,pre_cod_asig3,pre_cod_asig4,pre_cod_asig5,pre_cod_asig6,pre_cod_asig7 FROM tblaca009 WHERE pensum='5' AND c_uni_ca='6' AND c_asigna='300113' [1][0] OK
C:[17/05/2013 17:56:21.62][190.204.200.144][1392] SELECT pre_cod_asig1,pre_cod_asig2,pre_cod_asig3,pre_cod_asig4,pre_cod_asig5,pre_cod_asig6,pre_cod_asig7 FROM tblaca009 WHERE pensum='5' AND c_uni_ca='6' AND c_asigna='300226' [1][0] OK
C:[17/05/2013 17:56:21.62][190.204.200.144][1405] SELECT c_asigna FROM dace004 WHERE exp_e='04-17069486' AND c_asigna='300116' AND status IN ('0','3','B') [1][0] OK
C:[17/05/2013 17:56:21.37][190.204.200.144][1436] SELECT par_cod_asig1,par_cod_asig2,par_cod_asig3 FROM tblaca009 WHERE pensum='5' AND c_uni_ca='6' AND c_asigna='300222' [1][0] OK
C:[17/05/2013 17:56:21.37][190.204.200.144][1436] SELECT par_cod_asig1,par_cod_asig2,par_cod_asig3 FROM tblaca009 WHERE pensum='5' AND c_uni_ca='6' AND c_asigna='300013' [1][0] OK
C:[17/05/2013 17:56:21.37][190.204.200.144][1436] SELECT par_cod_asig1,par_cod_asig2,par_cod_asig3 FROM tblaca009 WHERE pensum='5' AND c_uni_ca='6' AND c_asigna='300113' [1][0] OK
C:[17/05/2013 17:56:21.37][190.204.200.144][1450] SELECT c_asigna FROM dace004 WHERE exp_e='04-17069486' AND c_asigna='300013' AND status IN ('0','3','B','C') [0][0] OK
C:[17/05/2013 17:56:21.37][190.204.200.144][1436] SELECT par_cod_asig1,par_cod_asig2,par_cod_asig3 FROM tblaca009 WHERE pensum='5' AND c_uni_ca='6' AND c_asigna='300226' [1][0] OK
C:[17/05/2013 17:56:21.01][190.204.200.144][1566] SELECT horas_lab FROM tblaca008 WHERE c_asigna='300222' AND horas_teoricas > 0 [1][0] OK
C:[17/05/2013 17:56:21.12][190.204.200.144][1600] SELECT sum(u_creditos*1) FROM dace006 a, tblaca009 b WHERE a.exp_e='04-17069486' AND a.lapso='2013-1' AND b.pensum='5' AND b.c_uni_ca='6' AND status IN ('7','A','2') AND a.c_asigna=b.c_asigna  [1][0] OK
C:[17/05/2013 17:56:21.62][190.204.200.144][1619] SELECT sum(u_creditos*1) FROM dace006 a, tblaca009 b WHERE a.exp_e='04-17069486' AND a.lapso='2013-1' AND b.pensum='5' AND b.c_uni_ca='6' AND status IN ('7','A','2') AND a.c_asigna=b.c_asigna AND a.c_asigna IN ('300013','300113','300226') [1][0] OK
C:[17/05/2013 17:56:21.56][190.204.200.144][1635] SELECT MAX(semestre) FROM dace006 a, tblaca009 b WHERE a.exp_e='04-17069486' AND a.lapso='2013-1' AND b.pensum='5' AND b.c_uni_ca='6' AND status IN ('7','A','2') AND a.c_asigna=b.c_asigna  [1][0] OK
C:[17/05/2013 17:56:21.50][190.204.200.144][1655] SELECT MIN(semestre) FROM dace006 a, tblaca009 b WHERE a.exp_e='04-17069486' AND a.lapso='2013-1' AND b.pensum='5' AND b.c_uni_ca='6' AND status IN ('7','A','2') AND a.c_asigna=b.c_asigna AND a.c_asigna IN ('300222') [1][0] OK
C:[18/05/2013 14:08:33.60][190.94.248.148][1392] SELECT pre_cod_asig1,pre_cod_asig2,pre_cod_asig3,pre_cod_asig4,pre_cod_asig5,pre_cod_asig6,pre_cod_asig7 FROM tblaca009 WHERE pensum='5' AND c_uni_ca='4' AND c_asigna='330310' [1][0] OK
C:[18/05/2013 14:08:33.60][190.94.248.148][1405] SELECT c_asigna FROM dace004 WHERE exp_e='11-20037139' AND c_asigna='300013' AND status IN ('0','3','B') [1][0] OK
C:[18/05/2013 14:08:33.60][190.94.248.148][1405] SELECT c_asigna FROM dace004 WHERE exp_e='11-20037139' AND c_asigna='300113' AND status IN ('0','3','B') [1][0] OK
C:[18/05/2013 14:08:33.60][190.94.248.148][1392] SELECT pre_cod_asig1,pre_cod_asig2,pre_cod_asig3,pre_cod_asig4,pre_cod_asig5,pre_cod_asig6,pre_cod_asig7 FROM tblaca009 WHERE pensum='5' AND c_uni_ca='4' AND c_asigna='300101' [1][0] OK
C:[18/05/2013 14:08:33.60][190.94.248.148][1392] SELECT pre_cod_asig1,pre_cod_asig2,pre_cod_asig3,pre_cod_asig4,pre_cod_asig5,pre_cod_asig6,pre_cod_asig7 FROM tblaca009 WHERE pensum='5' AND c_uni_ca='4' AND c_asigna='300222' [1][0] OK
C:[18/05/2013 14:08:33.60][190.94.248.148][1405] SELECT c_asigna FROM dace004 WHERE exp_e='11-20037139' AND c_asigna='300112' AND status IN ('0','3','B') [1][0] OK
C:[18/05/2013 14:08:34.35][190.94.248.148][1436] SELECT par_cod_asig1,par_cod_asig2,par_cod_asig3 FROM tblaca009 WHERE pensum='5' AND c_uni_ca='4' AND c_asigna='330310' [1][0] OK
C:[18/05/2013 14:08:34.35][190.94.248.148][1436] SELECT par_cod_asig1,par_cod_asig2,par_cod_asig3 FROM tblaca009 WHERE pensum='5' AND c_uni_ca='4' AND c_asigna='300101' [1][0] OK
C:[18/05/2013 14:08:34.35][190.94.248.148][1436] SELECT par_cod_asig1,par_cod_asig2,par_cod_asig3 FROM tblaca009 WHERE pensum='5' AND c_uni_ca='4' AND c_asigna='300222' [1][0] OK
C:[18/05/2013 14:08:34.74][190.94.248.148][1566] SELECT horas_lab FROM tblaca008 WHERE c_asigna='330310' AND horas_teoricas > 0 [1][0] OK
C:[18/05/2013 14:08:34.85][190.94.248.148][1600] SELECT sum(u_creditos*1) FROM dace006 a, tblaca009 b WHERE a.exp_e='11-20037139' AND a.lapso='2013-1' AND b.pensum='5' AND b.c_uni_ca='4' AND status IN ('7','A','2') AND a.c_asigna=b.c_asigna  [1][0] OK
C:[18/05/2013 14:08:34.23][190.94.248.148][1619] SELECT sum(u_creditos*1) FROM dace006 a, tblaca009 b WHERE a.exp_e='11-20037139' AND a.lapso='2013-1' AND b.pensum='5' AND b.c_uni_ca='4' AND status IN ('7','A','2') AND a.c_asigna=b.c_asigna AND a.c_asigna IN ('300101','300222') [1][0] OK
C:[18/05/2013 14:08:34.60][190.94.248.148][1635] SELECT MAX(semestre) FROM dace006 a, tblaca009 b WHERE a.exp_e='11-20037139' AND a.lapso='2013-1' AND b.pensum='5' AND b.c_uni_ca='4' AND status IN ('7','A','2') AND a.c_asigna=b.c_asigna  [1][0] OK
C:[18/05/2013 14:08:34.98][190.94.248.148][1655] SELECT MIN(semestre) FROM dace006 a, tblaca009 b WHERE a.exp_e='11-20037139' AND a.lapso='2013-1' AND b.pensum='5' AND b.c_uni_ca='4' AND status IN ('7','A','2') AND a.c_asigna=b.c_asigna AND a.c_asigna IN ('330310') [1][0] OK
C:[18/05/2013 14:10:20.39][190.73.249.159][1392] SELECT pre_cod_asig1,pre_cod_asig2,pre_cod_asig3,pre_cod_asig4,pre_cod_asig5,pre_cod_asig6,pre_cod_asig7 FROM tblaca009 WHERE pensum='5' AND c_uni_ca='3' AND c_asigna='312444' [1][0] OK
C:[18/05/2013 14:10:20.39][190.73.249.159][1405] SELECT c_asigna FROM dace004 WHERE exp_e='00-16374744' AND c_asigna='312333' AND status IN ('0','3','B') [1][0] OK
C:[18/05/2013 14:10:20.65][190.73.249.159][1436] SELECT par_cod_asig1,par_cod_asig2,par_cod_asig3 FROM tblaca009 WHERE pensum='5' AND c_uni_ca='3' AND c_asigna='312444' [1][0] OK
C:[18/05/2013 14:10:20.79][190.73.249.159][1600] SELECT sum(u_creditos*1) FROM dace006 a, tblaca009 b WHERE a.exp_e='00-16374744' AND a.lapso='2013-1' AND b.pensum='5' AND b.c_uni_ca='3' AND status IN ('7','A','2') AND a.c_asigna=b.c_asigna  [1][0] OK
C:[18/05/2013 14:10:20.83][190.73.249.159][1619] SELECT sum(u_creditos*1) FROM dace006 a, tblaca009 b WHERE a.exp_e='00-16374744' AND a.lapso='2013-1' AND b.pensum='5' AND b.c_uni_ca='3' AND status IN ('7','A','2') AND a.c_asigna=b.c_asigna AND a.c_asigna IN ('312444') [1][0] OK
C:[18/05/2013 14:10:20.77][190.73.249.159][1635] SELECT MAX(semestre) FROM dace006 a, tblaca009 b WHERE a.exp_e='00-16374744' AND a.lapso='2013-1' AND b.pensum='5' AND b.c_uni_ca='3' AND status IN ('7','A','2') AND a.c_asigna=b.c_asigna  [1][0] OK
C:[18/05/2013 14:11:55.22][190.73.249.159][1392] SELECT pre_cod_asig1,pre_cod_asig2,pre_cod_asig3,pre_cod_asig4,pre_cod_asig5,pre_cod_asig6,pre_cod_asig7 FROM tblaca009 WHERE pensum='5' AND c_uni_ca='3' AND c_asigna='312444' [1][0] OK
C:[18/05/2013 14:11:55.22][190.73.249.159][1405] SELECT c_asigna FROM dace004 WHERE exp_e='00-16374744' AND c_asigna='312333' AND status IN ('0','3','B') [1][0] OK
C:[18/05/2013 14:11:55.47][190.73.249.159][1436] SELECT par_cod_asig1,par_cod_asig2,par_cod_asig3 FROM tblaca009 WHERE pensum='5' AND c_uni_ca='3' AND c_asigna='312444' [1][0] OK
C:[18/05/2013 14:11:55.62][190.73.249.159][1600] SELECT sum(u_creditos*1) FROM dace006 a, tblaca009 b WHERE a.exp_e='00-16374744' AND a.lapso='2013-1' AND b.pensum='5' AND b.c_uni_ca='3' AND status IN ('7','A','2') AND a.c_asigna=b.c_asigna  [1][0] OK
C:[18/05/2013 14:11:55.54][190.73.249.159][1619] SELECT sum(u_creditos*1) FROM dace006 a, tblaca009 b WHERE a.exp_e='00-16374744' AND a.lapso='2013-1' AND b.pensum='5' AND b.c_uni_ca='3' AND status IN ('7','A','2') AND a.c_asigna=b.c_asigna AND a.c_asigna IN ('312444') [1][0] OK
C:[18/05/2013 14:11:55.48][190.73.249.159][1635] SELECT MAX(semestre) FROM dace006 a, tblaca009 b WHERE a.exp_e='00-16374744' AND a.lapso='2013-1' AND b.pensum='5' AND b.c_uni_ca='3' AND status IN ('7','A','2') AND a.c_asigna=b.c_asigna  [1][0] OK
C:[18/05/2013 18:01:55.98][190.37.173.244][1392] SELECT pre_cod_asig1,pre_cod_asig2,pre_cod_asig3,pre_cod_asig4,pre_cod_asig5,pre_cod_asig6,pre_cod_asig7 FROM tblaca009 WHERE pensum='5' AND c_uni_ca='2' AND c_asigna='300218' [1][0] OK
C:[18/05/2013 18:01:55.98][190.37.173.244][1405] SELECT c_asigna FROM dace004 WHERE exp_e='12-24179618' AND c_asigna='300101' AND status IN ('0','3','B') [1][0] OK
C:[18/05/2013 18:01:55.98][190.37.173.244][1392] SELECT pre_cod_asig1,pre_cod_asig2,pre_cod_asig3,pre_cod_asig4,pre_cod_asig5,pre_cod_asig6,pre_cod_asig7 FROM tblaca009 WHERE pensum='5' AND c_uni_ca='2' AND c_asigna='300228' [1][0] OK
C:[18/05/2013 18:01:55.98][190.37.173.244][1405] SELECT c_asigna FROM dace004 WHERE exp_e='12-24179618' AND c_asigna='300101' AND status IN ('0','3','B') [1][0] OK
C:[18/05/2013 18:01:55.98][190.37.173.244][1392] SELECT pre_cod_asig1,pre_cod_asig2,pre_cod_asig3,pre_cod_asig4,pre_cod_asig5,pre_cod_asig6,pre_cod_asig7 FROM tblaca009 WHERE pensum='5' AND c_uni_ca='2' AND c_asigna='300207' [1][0] OK
C:[18/05/2013 18:01:55.98][190.37.173.244][1405] SELECT c_asigna FROM dace004 WHERE exp_e='12-24179618' AND c_asigna='300101' AND status IN ('0','3','B') [1][0] OK
C:[18/05/2013 18:01:55.98][190.37.173.244][1392] SELECT pre_cod_asig1,pre_cod_asig2,pre_cod_asig3,pre_cod_asig4,pre_cod_asig5,pre_cod_asig6,pre_cod_asig7 FROM tblaca009 WHERE pensum='5' AND c_uni_ca='2' AND c_asigna='300209' [1][0] OK
C:[18/05/2013 18:01:55.98][190.37.173.244][1405] SELECT c_asigna FROM dace004 WHERE exp_e='12-24179618' AND c_asigna='300101' AND status IN ('0','3','B') [1][0] OK
C:[18/05/2013 18:01:55.98][190.37.173.244][1392] SELECT pre_cod_asig1,pre_cod_asig2,pre_cod_asig3,pre_cod_asig4,pre_cod_asig5,pre_cod_asig6,pre_cod_asig7 FROM tblaca009 WHERE pensum='5' AND c_uni_ca='2' AND c_asigna='300226' [1][0] OK
C:[18/05/2013 18:01:55.98][190.37.173.244][1405] SELECT c_asigna FROM dace004 WHERE exp_e='12-24179618' AND c_asigna='300116' AND status IN ('0','3','B') [1][0] OK
C:[18/05/2013 18:01:55.98][190.37.173.244][1392] SELECT pre_cod_asig1,pre_cod_asig2,pre_cod_asig3,pre_cod_asig4,pre_cod_asig5,pre_cod_asig6,pre_cod_asig7 FROM tblaca009 WHERE pensum='5' AND c_uni_ca='2' AND c_asigna='300222' [1][0] OK
C:[18/05/2013 18:01:55.98][190.37.173.244][1405] SELECT c_asigna FROM dace004 WHERE exp_e='12-24179618' AND c_asigna='300112' AND status IN ('0','3','B') [1][0] OK
C:[18/05/2013 18:01:56.49][190.37.173.244][1436] SELECT par_cod_asig1,par_cod_asig2,par_cod_asig3 FROM tblaca009 WHERE pensum='5' AND c_uni_ca='2' AND c_asigna='300218' [1][0] OK
C:[18/05/2013 18:01:56.49][190.37.173.244][1450] SELECT c_asigna FROM dace004 WHERE exp_e='12-24179618' AND c_asigna='300228' AND status IN ('0','3','B','C') [0][0] OK
C:[18/05/2013 18:01:56.49][190.37.173.244][1436] SELECT par_cod_asig1,par_cod_asig2,par_cod_asig3 FROM tblaca009 WHERE pensum='5' AND c_uni_ca='2' AND c_asigna='300228' [1][0] OK
C:[18/05/2013 18:01:56.49][190.37.173.244][1436] SELECT par_cod_asig1,par_cod_asig2,par_cod_asig3 FROM tblaca009 WHERE pensum='5' AND c_uni_ca='2' AND c_asigna='300207' [1][0] OK
C:[18/05/2013 18:01:56.49][190.37.173.244][1436] SELECT par_cod_asig1,par_cod_asig2,par_cod_asig3 FROM tblaca009 WHERE pensum='5' AND c_uni_ca='2' AND c_asigna='300209' [1][0] OK
C:[18/05/2013 18:01:56.49][190.37.173.244][1436] SELECT par_cod_asig1,par_cod_asig2,par_cod_asig3 FROM tblaca009 WHERE pensum='5' AND c_uni_ca='2' AND c_asigna='300226' [1][0] OK
C:[18/05/2013 18:01:56.49][190.37.173.244][1436] SELECT par_cod_asig1,par_cod_asig2,par_cod_asig3 FROM tblaca009 WHERE pensum='5' AND c_uni_ca='2' AND c_asigna='300222' [1][0] OK
C:[18/05/2013 18:01:56.38][190.37.173.244][1566] SELECT horas_lab FROM tblaca008 WHERE c_asigna='300218' AND horas_teoricas > 0 [0][0] OK
C:[18/05/2013 18:01:56.49][190.37.173.244][1600] SELECT sum(u_creditos*1) FROM dace006 a, tblaca009 b WHERE a.exp_e='12-24179618' AND a.lapso='2013-1' AND b.pensum='5' AND b.c_uni_ca='2' AND status IN ('7','A','2') AND a.c_asigna=b.c_asigna  [1][0] OK
C:[18/05/2013 18:01:56.86][190.37.173.244][1619] SELECT sum(u_creditos*1) FROM dace006 a, tblaca009 b WHERE a.exp_e='12-24179618' AND a.lapso='2013-1' AND b.pensum='5' AND b.c_uni_ca='2' AND status IN ('7','A','2') AND a.c_asigna=b.c_asigna AND a.c_asigna IN ('300228','300207','300209','300226','300222') [1][0] OK
C:[18/05/2013 18:01:56.80][190.37.173.244][1635] SELECT MAX(semestre) FROM dace006 a, tblaca009 b WHERE a.exp_e='12-24179618' AND a.lapso='2013-1' AND b.pensum='5' AND b.c_uni_ca='2' AND status IN ('7','A','2') AND a.c_asigna=b.c_asigna  [1][0] OK
C:[18/05/2013 18:01:56.17][190.37.173.244][1655] SELECT MIN(semestre) FROM dace006 a, tblaca009 b WHERE a.exp_e='12-24179618' AND a.lapso='2013-1' AND b.pensum='5' AND b.c_uni_ca='2' AND status IN ('7','A','2') AND a.c_asigna=b.c_asigna AND a.c_asigna IN ('300218') [1][0] OK
C:[18/05/2013 18:39:22.04][186.89.152.171][1392] SELECT pre_cod_asig1,pre_cod_asig2,pre_cod_asig3,pre_cod_asig4,pre_cod_asig5,pre_cod_asig6,pre_cod_asig7 FROM tblaca009 WHERE pensum='5' AND c_uni_ca='2' AND c_asigna='322449' [1][0] OK
C:[18/05/2013 18:39:22.04][186.89.152.171][1405] SELECT c_asigna FROM dace004 WHERE exp_e='12-24035156' AND c_asigna='300222' AND status IN ('0','3','B') [1][0] OK
C:[18/05/2013 18:39:22.04][186.89.152.171][1392] SELECT pre_cod_asig1,pre_cod_asig2,pre_cod_asig3,pre_cod_asig4,pre_cod_asig5,pre_cod_asig6,pre_cod_asig7 FROM tblaca009 WHERE pensum='5' AND c_uni_ca='2' AND c_asigna='300213' [1][0] OK
C:[18/05/2013 18:39:22.04][186.89.152.171][1405] SELECT c_asigna FROM dace004 WHERE exp_e='12-24035156' AND c_asigna='300101' AND status IN ('0','3','B') [1][0] OK
C:[18/05/2013 18:39:22.04][186.89.152.171][1392] SELECT pre_cod_asig1,pre_cod_asig2,pre_cod_asig3,pre_cod_asig4,pre_cod_asig5,pre_cod_asig6,pre_cod_asig7 FROM tblaca009 WHERE pensum='5' AND c_uni_ca='2' AND c_asigna='300314' [1][0] OK
C:[18/05/2013 18:39:22.04][186.89.152.171][1405] SELECT c_asigna FROM dace004 WHERE exp_e='12-24035156' AND c_asigna='300106' AND status IN ('0','3','B') [1][0] OK
C:[18/05/2013 18:39:22.04][186.89.152.171][1392] SELECT pre_cod_asig1,pre_cod_asig2,pre_cod_asig3,pre_cod_asig4,pre_cod_asig5,pre_cod_asig6,pre_cod_asig7 FROM tblaca009 WHERE pensum='5' AND c_uni_ca='2' AND c_asigna='300317' [1][0] OK
C:[18/05/2013 18:39:22.04][186.89.152.171][1405] SELECT c_asigna FROM dace004 WHERE exp_e='12-24035156' AND c_asigna='300207' AND status IN ('0','3','B') [1][0] OK
C:[18/05/2013 18:39:22.04][186.89.152.171][1405] SELECT c_asigna FROM dace004 WHERE exp_e='12-24035156' AND c_asigna='300209' AND status IN ('0','3','B') [1][0] OK
C:[18/05/2013 18:39:22.04][186.89.152.171][1392] SELECT pre_cod_asig1,pre_cod_asig2,pre_cod_asig3,pre_cod_asig4,pre_cod_asig5,pre_cod_asig6,pre_cod_asig7 FROM tblaca009 WHERE pensum='5' AND c_uni_ca='2' AND c_asigna='300318' [1][0] OK
C:[18/05/2013 18:39:22.04][186.89.152.171][1405] SELECT c_asigna FROM dace004 WHERE exp_e='12-24035156' AND c_asigna='300228' AND status IN ('0','3','B') [1][0] OK
C:[18/05/2013 18:39:22.04][186.89.152.171][1405] SELECT c_asigna FROM dace004 WHERE exp_e='12-24035156' AND c_asigna='300207' AND status IN ('0','3','B') [1][0] OK
C:[18/05/2013 18:39:22.04][186.89.152.171][1405] SELECT c_asigna FROM dace004 WHERE exp_e='12-24035156' AND c_asigna='300218' AND status IN ('0','3','B') [1][0] OK
C:[18/05/2013 18:39:22.04][186.89.152.171][1392] SELECT pre_cod_asig1,pre_cod_asig2,pre_cod_asig3,pre_cod_asig4,pre_cod_asig5,pre_cod_asig6,pre_cod_asig7 FROM tblaca009 WHERE pensum='5' AND c_uni_ca='2' AND c_asigna='320311' [1][0] OK
C:[18/05/2013 18:39:22.04][186.89.152.171][1405] SELECT c_asigna FROM dace004 WHERE exp_e='12-24035156' AND c_asigna='300013' AND status IN ('0','3','B') [1][0] OK
C:[18/05/2013 18:39:22.04][186.89.152.171][1405] SELECT c_asigna FROM dace004 WHERE exp_e='12-24035156' AND c_asigna='300113' AND status IN ('0','3','B') [1][0] OK
C:[18/05/2013 18:39:22.04][186.89.152.171][1392] SELECT pre_cod_asig1,pre_cod_asig2,pre_cod_asig3,pre_cod_asig4,pre_cod_asig5,pre_cod_asig6,pre_cod_asig7 FROM tblaca009 WHERE pensum='5' AND c_uni_ca='2' AND c_asigna='320323' [1][0] OK
C:[18/05/2013 18:39:22.04][186.89.152.171][1405] SELECT c_asigna FROM dace004 WHERE exp_e='12-24035156' AND c_asigna='300228' AND status IN ('0','3','B') [1][0] OK
C:[18/05/2013 18:39:22.04][186.89.152.171][1405] SELECT c_asigna FROM dace004 WHERE exp_e='12-24035156' AND c_asigna='300218' AND status IN ('0','3','B') [1][0] OK
C:[18/05/2013 18:39:22.42][186.89.152.171][1436] SELECT par_cod_asig1,par_cod_asig2,par_cod_asig3 FROM tblaca009 WHERE pensum='5' AND c_uni_ca='2' AND c_asigna='322449' [1][0] OK
C:[18/05/2013 18:39:22.42][186.89.152.171][1436] SELECT par_cod_asig1,par_cod_asig2,par_cod_asig3 FROM tblaca009 WHERE pensum='5' AND c_uni_ca='2' AND c_asigna='300213' [1][0] OK
C:[18/05/2013 18:39:22.42][186.89.152.171][1450] SELECT c_asigna FROM dace004 WHERE exp_e='12-24035156' AND c_asigna='300209' AND status IN ('0','3','B','C') [1][0] OK
C:[18/05/2013 18:39:22.42][186.89.152.171][1436] SELECT par_cod_asig1,par_cod_asig2,par_cod_asig3 FROM tblaca009 WHERE pensum='5' AND c_uni_ca='2' AND c_asigna='300314' [1][0] OK
C:[18/05/2013 18:39:22.42][186.89.152.171][1436] SELECT par_cod_asig1,par_cod_asig2,par_cod_asig3 FROM tblaca009 WHERE pensum='5' AND c_uni_ca='2' AND c_asigna='300317' [1][0] OK
C:[18/05/2013 18:39:22.42][186.89.152.171][1436] SELECT par_cod_asig1,par_cod_asig2,par_cod_asig3 FROM tblaca009 WHERE pensum='5' AND c_uni_ca='2' AND c_asigna='300318' [1][0] OK
C:[18/05/2013 18:39:22.42][186.89.152.171][1436] SELECT par_cod_asig1,par_cod_asig2,par_cod_asig3 FROM tblaca009 WHERE pensum='5' AND c_uni_ca='2' AND c_asigna='320311' [1][0] OK
C:[18/05/2013 18:39:22.42][186.89.152.171][1436] SELECT par_cod_asig1,par_cod_asig2,par_cod_asig3 FROM tblaca009 WHERE pensum='5' AND c_uni_ca='2' AND c_asigna='320323' [1][0] OK
C:[18/05/2013 18:39:22.43][186.89.152.171][1566] SELECT horas_lab FROM tblaca008 WHERE c_asigna='322449' AND horas_teoricas > 0 [1][0] OK
C:[18/05/2013 18:39:22.55][186.89.152.171][1600] SELECT sum(u_creditos*1) FROM dace006 a, tblaca009 b WHERE a.exp_e='12-24035156' AND a.lapso='2013-1' AND b.pensum='5' AND b.c_uni_ca='2' AND status IN ('7','A','2') AND a.c_asigna=b.c_asigna  [1][0] OK
C:[18/05/2013 18:39:23.92][186.89.152.171][1619] SELECT sum(u_creditos*1) FROM dace006 a, tblaca009 b WHERE a.exp_e='12-24035156' AND a.lapso='2013-1' AND b.pensum='5' AND b.c_uni_ca='2' AND status IN ('7','A','2') AND a.c_asigna=b.c_asigna AND a.c_asigna IN ('300213','300314','300317','300318','320311','320323') [1][0] OK
C:[18/05/2013 18:39:23.42][186.89.152.171][1635] SELECT MAX(semestre) FROM dace006 a, tblaca009 b WHERE a.exp_e='12-24035156' AND a.lapso='2013-1' AND b.pensum='5' AND b.c_uni_ca='2' AND status IN ('7','A','2') AND a.c_asigna=b.c_asigna  [1][0] OK
C:[18/05/2013 18:39:23.81][186.89.152.171][1655] SELECT MIN(semestre) FROM dace006 a, tblaca009 b WHERE a.exp_e='12-24035156' AND a.lapso='2013-1' AND b.pensum='5' AND b.c_uni_ca='2' AND status IN ('7','A','2') AND a.c_asigna=b.c_asigna AND a.c_asigna IN ('322449') [1][0] OK
C:[19/05/2013 12:08:16.10][181.185.127.191][1392] SELECT pre_cod_asig1,pre_cod_asig2,pre_cod_asig3,pre_cod_asig4,pre_cod_asig5,pre_cod_asig6,pre_cod_asig7 FROM tblaca009 WHERE pensum='5' AND c_uni_ca='4' AND c_asigna='300422' [1][0] OK
C:[19/05/2013 12:08:16.10][181.185.127.191][1405] SELECT c_asigna FROM dace004 WHERE exp_e='11-24036850' AND c_asigna='300105' AND status IN ('0','3','B') [1][0] OK
C:[19/05/2013 12:08:16.10][181.185.127.191][1405] SELECT c_asigna FROM dace004 WHERE exp_e='11-24036850' AND c_asigna='300314' AND status IN ('0','3','B') [1][0] OK
C:[19/05/2013 12:08:16.10][181.185.127.191][1392] SELECT pre_cod_asig1,pre_cod_asig2,pre_cod_asig3,pre_cod_asig4,pre_cod_asig5,pre_cod_asig6,pre_cod_asig7 FROM tblaca009 WHERE pensum='5' AND c_uni_ca='4' AND c_asigna='300313' [1][0] OK
C:[19/05/2013 12:08:16.10][181.185.127.191][1405] SELECT c_asigna FROM dace004 WHERE exp_e='11-24036850' AND c_asigna='300213' AND status IN ('0','3','B') [1][0] OK
C:[19/05/2013 12:08:16.10][181.185.127.191][1405] SELECT c_asigna FROM dace004 WHERE exp_e='11-24036850' AND c_asigna='300226' AND status IN ('0','3','B') [1][0] OK
C:[19/05/2013 12:08:16.10][181.185.127.191][1405] SELECT c_asigna FROM dace004 WHERE exp_e='11-24036850' AND c_asigna='300222' AND status IN ('0','3','B') [1][0] OK
C:[19/05/2013 12:08:16.10][181.185.127.191][1405] SELECT c_asigna FROM dace004 WHERE exp_e='11-24036850' AND c_asigna='300209' AND status IN ('0','3','B') [1][0] OK
C:[19/05/2013 12:08:16.10][181.185.127.191][1392] SELECT pre_cod_asig1,pre_cod_asig2,pre_cod_asig3,pre_cod_asig4,pre_cod_asig5,pre_cod_asig6,pre_cod_asig7 FROM tblaca009 WHERE pensum='5' AND c_uni_ca='4' AND c_asigna='330435' [1][0] OK
C:[19/05/2013 12:08:16.10][181.185.127.191][1405] SELECT c_asigna FROM dace004 WHERE exp_e='11-24036850' AND c_asigna='300318' AND status IN ('0','3','B') [1][0] OK
C:[19/05/2013 12:08:16.10][181.185.127.191][1392] SELECT pre_cod_asig1,pre_cod_asig2,pre_cod_asig3,pre_cod_asig4,pre_cod_asig5,pre_cod_asig6,pre_cod_asig7 FROM tblaca009 WHERE pensum='5' AND c_uni_ca='4' AND c_asigna='333440' [1][0] OK
C:[19/05/2013 12:08:16.10][181.185.127.191][1405] SELECT c_asigna FROM dace004 WHERE exp_e='11-24036850' AND c_asigna='300317' AND status IN ('0','3','B') [1][0] OK
C:[19/05/2013 12:08:16.10][181.185.127.191][1405] SELECT c_asigna FROM dace004 WHERE exp_e='11-24036850' AND c_asigna='330310' AND status IN ('0','3','B') [1][0] OK
C:[19/05/2013 12:08:16.10][181.185.127.191][1405] SELECT c_asigna FROM dace004 WHERE exp_e='11-24036850' AND c_asigna='300209' AND status IN ('0','3','B') [1][0] OK
C:[19/05/2013 12:08:16.10][181.185.127.191][1392] SELECT pre_cod_asig1,pre_cod_asig2,pre_cod_asig3,pre_cod_asig4,pre_cod_asig5,pre_cod_asig6,pre_cod_asig7 FROM tblaca009 WHERE pensum='5' AND c_uni_ca='4' AND c_asigna='333441' [1][0] OK
C:[19/05/2013 12:08:16.10][181.185.127.191][1405] SELECT c_asigna FROM dace004 WHERE exp_e='11-24036850' AND c_asigna='333326' AND status IN ('0','3','B') [1][0] OK
C:[19/05/2013 12:08:16.10][181.185.127.191][1405] SELECT c_asigna FROM dace004 WHERE exp_e='11-24036850' AND c_asigna='300317' AND status IN ('0','3','B') [1][0] OK
C:[19/05/2013 12:08:16.10][181.185.127.191][1405] SELECT c_asigna FROM dace004 WHERE exp_e='11-24036850' AND c_asigna='300209' AND status IN ('0','3','B') [1][0] OK
C:[19/05/2013 12:08:16.10][181.185.127.191][1392] SELECT pre_cod_asig1,pre_cod_asig2,pre_cod_asig3,pre_cod_asig4,pre_cod_asig5,pre_cod_asig6,pre_cod_asig7 FROM tblaca009 WHERE pensum='5' AND c_uni_ca='4' AND c_asigna='333442' [1][0] OK
C:[19/05/2013 12:08:16.10][181.185.127.191][1405] SELECT c_asigna FROM dace004 WHERE exp_e='11-24036850' AND c_asigna='330310' AND status IN ('0','3','B') [1][0] OK
C:[19/05/2013 12:08:16.10][181.185.127.191][1405] SELECT c_asigna FROM dace004 WHERE exp_e='11-24036850' AND c_asigna='333326' AND status IN ('0','3','B') [1][0] OK
C:[19/05/2013 12:08:17.86][181.185.127.191][1436] SELECT par_cod_asig1,par_cod_asig2,par_cod_asig3 FROM tblaca009 WHERE pensum='5' AND c_uni_ca='4' AND c_asigna='300422' [1][0] OK
C:[19/05/2013 12:08:17.86][181.185.127.191][1436] SELECT par_cod_asig1,par_cod_asig2,par_cod_asig3 FROM tblaca009 WHERE pensum='5' AND c_uni_ca='4' AND c_asigna='300313' [1][0] OK
C:[19/05/2013 12:08:17.86][181.185.127.191][1436] SELECT par_cod_asig1,par_cod_asig2,par_cod_asig3 FROM tblaca009 WHERE pensum='5' AND c_uni_ca='4' AND c_asigna='330435' [1][0] OK
C:[19/05/2013 12:08:17.86][181.185.127.191][1436] SELECT par_cod_asig1,par_cod_asig2,par_cod_asig3 FROM tblaca009 WHERE pensum='5' AND c_uni_ca='4' AND c_asigna='333440' [1][0] OK
C:[19/05/2013 12:08:17.86][181.185.127.191][1450] SELECT c_asigna FROM dace004 WHERE exp_e='11-24036850' AND c_asigna='333441' AND status IN ('0','3','B','C') [0][0] OK
C:[19/05/2013 12:08:17.86][181.185.127.191][1436] SELECT par_cod_asig1,par_cod_asig2,par_cod_asig3 FROM tblaca009 WHERE pensum='5' AND c_uni_ca='4' AND c_asigna='333441' [1][0] OK
C:[19/05/2013 12:08:17.86][181.185.127.191][1436] SELECT par_cod_asig1,par_cod_asig2,par_cod_asig3 FROM tblaca009 WHERE pensum='5' AND c_uni_ca='4' AND c_asigna='333442' [1][0] OK
C:[19/05/2013 12:08:17.74][181.185.127.191][1566] SELECT horas_lab FROM tblaca008 WHERE c_asigna='300422' AND horas_teoricas > 0 [0][0] OK
C:[19/05/2013 12:08:17.86][181.185.127.191][1600] SELECT sum(u_creditos*1) FROM dace006 a, tblaca009 b WHERE a.exp_e='11-24036850' AND a.lapso='2013-1' AND b.pensum='5' AND b.c_uni_ca='4' AND status IN ('7','A','2') AND a.c_asigna=b.c_asigna  [1][0] OK
C:[19/05/2013 12:08:17.24][181.185.127.191][1619] SELECT sum(u_creditos*1) FROM dace006 a, tblaca009 b WHERE a.exp_e='11-24036850' AND a.lapso='2013-1' AND b.pensum='5' AND b.c_uni_ca='4' AND status IN ('7','A','2') AND a.c_asigna=b.c_asigna AND a.c_asigna IN ('300313','330435','333440','333441','333442') [1][0] OK
C:[19/05/2013 12:08:17.17][181.185.127.191][1635] SELECT MAX(semestre) FROM dace006 a, tblaca009 b WHERE a.exp_e='11-24036850' AND a.lapso='2013-1' AND b.pensum='5' AND b.c_uni_ca='4' AND status IN ('7','A','2') AND a.c_asigna=b.c_asigna  [1][0] OK
C:[19/05/2013 12:08:17.54][181.185.127.191][1655] SELECT MIN(semestre) FROM dace006 a, tblaca009 b WHERE a.exp_e='11-24036850' AND a.lapso='2013-1' AND b.pensum='5' AND b.c_uni_ca='4' AND status IN ('7','A','2') AND a.c_asigna=b.c_asigna AND a.c_asigna IN ('300422') [1][0] OK
C:[19/05/2013 17:20:40.52][201.243.108.117][1392] SELECT pre_cod_asig1,pre_cod_asig2,pre_cod_asig3,pre_cod_asig4,pre_cod_asig5,pre_cod_asig6,pre_cod_asig7 FROM tblaca009 WHERE pensum='5' AND c_uni_ca='4' AND c_asigna='300213' [1][0] OK
C:[19/05/2013 17:20:40.52][201.243.108.117][1405] SELECT c_asigna FROM dace004 WHERE exp_e='06-18248094' AND c_asigna='300101' AND status IN ('0','3','B') [1][0] OK
C:[19/05/2013 17:20:40.52][201.243.108.117][1392] SELECT pre_cod_asig1,pre_cod_asig2,pre_cod_asig3,pre_cod_asig4,pre_cod_asig5,pre_cod_asig6,pre_cod_asig7 FROM tblaca009 WHERE pensum='5' AND c_uni_ca='4' AND c_asigna='300207' [1][0] OK
C:[19/05/2013 17:20:40.52][201.243.108.117][1405] SELECT c_asigna FROM dace004 WHERE exp_e='06-18248094' AND c_asigna='300101' AND status IN ('0','3','B') [1][0] OK
C:[19/05/2013 17:20:40.52][201.243.108.117][1392] SELECT pre_cod_asig1,pre_cod_asig2,pre_cod_asig3,pre_cod_asig4,pre_cod_asig5,pre_cod_asig6,pre_cod_asig7 FROM tblaca009 WHERE pensum='5' AND c_uni_ca='4' AND c_asigna='300209' [1][0] OK
C:[19/05/2013 17:20:40.52][201.243.108.117][1405] SELECT c_asigna FROM dace004 WHERE exp_e='06-18248094' AND c_asigna='300101' AND status IN ('0','3','B') [1][0] OK
C:[19/05/2013 17:20:40.28][201.243.108.117][1436] SELECT par_cod_asig1,par_cod_asig2,par_cod_asig3 FROM tblaca009 WHERE pensum='5' AND c_uni_ca='4' AND c_asigna='300213' [1][0] OK
C:[19/05/2013 17:20:40.28][201.243.108.117][1450] SELECT c_asigna FROM dace004 WHERE exp_e='06-18248094' AND c_asigna='300209' AND status IN ('0','3','B','C') [0][0] OK
C:[19/05/2013 17:20:40.28][201.243.108.117][1436] SELECT par_cod_asig1,par_cod_asig2,par_cod_asig3 FROM tblaca009 WHERE pensum='5' AND c_uni_ca='4' AND c_asigna='300207' [1][0] OK
C:[19/05/2013 17:20:40.28][201.243.108.117][1436] SELECT par_cod_asig1,par_cod_asig2,par_cod_asig3 FROM tblaca009 WHERE pensum='5' AND c_uni_ca='4' AND c_asigna='300209' [1][0] OK
C:[19/05/2013 17:20:40.02][201.243.108.117][1566] SELECT horas_lab FROM tblaca008 WHERE c_asigna='300213' AND horas_teoricas > 0 [1][0] OK
C:[19/05/2013 17:20:40.90][201.243.108.117][1600] SELECT sum(u_creditos*1) FROM dace006 a, tblaca009 b WHERE a.exp_e='06-18248094' AND a.lapso='2013-1' AND b.pensum='5' AND b.c_uni_ca='4' AND status IN ('7','A','2') AND a.c_asigna=b.c_asigna  [1][0] OK
C:[19/05/2013 17:20:40.28][201.243.108.117][1619] SELECT sum(u_creditos*1) FROM dace006 a, tblaca009 b WHERE a.exp_e='06-18248094' AND a.lapso='2013-1' AND b.pensum='5' AND b.c_uni_ca='4' AND status IN ('7','A','2') AND a.c_asigna=b.c_asigna AND a.c_asigna IN ('300207','300209') [1][0] OK
C:[19/05/2013 17:20:40.65][201.243.108.117][1635] SELECT MAX(semestre) FROM dace006 a, tblaca009 b WHERE a.exp_e='06-18248094' AND a.lapso='2013-1' AND b.pensum='5' AND b.c_uni_ca='4' AND status IN ('7','A','2') AND a.c_asigna=b.c_asigna  [1][0] OK
C:[19/05/2013 17:20:40.03][201.243.108.117][1655] SELECT MIN(semestre) FROM dace006 a, tblaca009 b WHERE a.exp_e='06-18248094' AND a.lapso='2013-1' AND b.pensum='5' AND b.c_uni_ca='4' AND status IN ('7','A','2') AND a.c_asigna=b.c_asigna AND a.c_asigna IN ('300213') [1][0] OK
C:[19/05/2013 21:55:05.94][190.37.200.246][1392] SELECT pre_cod_asig1,pre_cod_asig2,pre_cod_asig3,pre_cod_asig4,pre_cod_asig5,pre_cod_asig6,pre_cod_asig7 FROM tblaca009 WHERE pensum='5' AND c_uni_ca='2' AND c_asigna='300101' [1][0] OK
C:[19/05/2013 21:55:05.94][190.37.200.246][1392] SELECT pre_cod_asig1,pre_cod_asig2,pre_cod_asig3,pre_cod_asig4,pre_cod_asig5,pre_cod_asig6,pre_cod_asig7 FROM tblaca009 WHERE pensum='5' AND c_uni_ca='2' AND c_asigna='300112' [1][0] OK
C:[19/05/2013 21:55:05.94][190.37.200.246][1392] SELECT pre_cod_asig1,pre_cod_asig2,pre_cod_asig3,pre_cod_asig4,pre_cod_asig5,pre_cod_asig6,pre_cod_asig7 FROM tblaca009 WHERE pensum='5' AND c_uni_ca='2' AND c_asigna='300113' [1][0] OK
C:[19/05/2013 21:55:05.94][190.37.200.246][1392] SELECT pre_cod_asig1,pre_cod_asig2,pre_cod_asig3,pre_cod_asig4,pre_cod_asig5,pre_cod_asig6,pre_cod_asig7 FROM tblaca009 WHERE pensum='5' AND c_uni_ca='2' AND c_asigna='300116' [1][0] OK
C:[19/05/2013 21:55:05.44][190.37.200.246][1436] SELECT par_cod_asig1,par_cod_asig2,par_cod_asig3 FROM tblaca009 WHERE pensum='5' AND c_uni_ca='2' AND c_asigna='300101' [1][0] OK
C:[19/05/2013 21:55:05.44][190.37.200.246][1436] SELECT par_cod_asig1,par_cod_asig2,par_cod_asig3 FROM tblaca009 WHERE pensum='5' AND c_uni_ca='2' AND c_asigna='300112' [1][0] OK
C:[19/05/2013 21:55:05.44][190.37.200.246][1436] SELECT par_cod_asig1,par_cod_asig2,par_cod_asig3 FROM tblaca009 WHERE pensum='5' AND c_uni_ca='2' AND c_asigna='300113' [1][0] OK
C:[19/05/2013 21:55:05.44][190.37.200.246][1450] SELECT c_asigna FROM dace004 WHERE exp_e='12-24522770' AND c_asigna='300013' AND status IN ('0','3','B','C') [1][0] OK
C:[19/05/2013 21:55:05.44][190.37.200.246][1436] SELECT par_cod_asig1,par_cod_asig2,par_cod_asig3 FROM tblaca009 WHERE pensum='5' AND c_uni_ca='2' AND c_asigna='300116' [1][0] OK
C:[19/05/2013 21:55:06.09][190.37.200.246][1600] SELECT sum(u_creditos*1) FROM dace006 a, tblaca009 b WHERE a.exp_e='12-24522770' AND a.lapso='2013-1' AND b.pensum='5' AND b.c_uni_ca='2' AND status IN ('7','A','2') AND a.c_asigna=b.c_asigna  [1][0] OK
C:[19/05/2013 21:55:06.44][190.37.200.246][1619] SELECT sum(u_creditos*1) FROM dace006 a, tblaca009 b WHERE a.exp_e='12-24522770' AND a.lapso='2013-1' AND b.pensum='5' AND b.c_uni_ca='2' AND status IN ('7','A','2') AND a.c_asigna=b.c_asigna AND a.c_asigna IN ('300101','300112','300113','300116') [1][0] OK
C:[19/05/2013 21:55:06.38][190.37.200.246][1635] SELECT MAX(semestre) FROM dace006 a, tblaca009 b WHERE a.exp_e='12-24522770' AND a.lapso='2013-1' AND b.pensum='5' AND b.c_uni_ca='2' AND status IN ('7','A','2') AND a.c_asigna=b.c_asigna  [1][0] OK
C:[19/05/2013 21:57:52.55][190.37.200.246][1392] SELECT pre_cod_asig1,pre_cod_asig2,pre_cod_asig3,pre_cod_asig4,pre_cod_asig5,pre_cod_asig6,pre_cod_asig7 FROM tblaca009 WHERE pensum='5' AND c_uni_ca='2' AND c_asigna='300112' [1][0] OK
C:[19/05/2013 21:57:52.55][190.37.200.246][1392] SELECT pre_cod_asig1,pre_cod_asig2,pre_cod_asig3,pre_cod_asig4,pre_cod_asig5,pre_cod_asig6,pre_cod_asig7 FROM tblaca009 WHERE pensum='5' AND c_uni_ca='2' AND c_asigna='300113' [1][0] OK
C:[19/05/2013 21:57:52.55][190.37.200.246][1392] SELECT pre_cod_asig1,pre_cod_asig2,pre_cod_asig3,pre_cod_asig4,pre_cod_asig5,pre_cod_asig6,pre_cod_asig7 FROM tblaca009 WHERE pensum='5' AND c_uni_ca='2' AND c_asigna='300101' [1][0] OK
C:[19/05/2013 21:57:52.55][190.37.200.246][1392] SELECT pre_cod_asig1,pre_cod_asig2,pre_cod_asig3,pre_cod_asig4,pre_cod_asig5,pre_cod_asig6,pre_cod_asig7 FROM tblaca009 WHERE pensum='5' AND c_uni_ca='2' AND c_asigna='300116' [1][0] OK
C:[19/05/2013 21:57:52.05][190.37.200.246][1436] SELECT par_cod_asig1,par_cod_asig2,par_cod_asig3 FROM tblaca009 WHERE pensum='5' AND c_uni_ca='2' AND c_asigna='300112' [1][0] OK
C:[19/05/2013 21:57:52.05][190.37.200.246][1436] SELECT par_cod_asig1,par_cod_asig2,par_cod_asig3 FROM tblaca009 WHERE pensum='5' AND c_uni_ca='2' AND c_asigna='300113' [1][0] OK
C:[19/05/2013 21:57:52.05][190.37.200.246][1450] SELECT c_asigna FROM dace004 WHERE exp_e='12-24522770' AND c_asigna='300013' AND status IN ('0','3','B','C') [1][0] OK
C:[19/05/2013 21:57:52.05][190.37.200.246][1436] SELECT par_cod_asig1,par_cod_asig2,par_cod_asig3 FROM tblaca009 WHERE pensum='5' AND c_uni_ca='2' AND c_asigna='300101' [1][0] OK
C:[19/05/2013 21:57:52.05][190.37.200.246][1436] SELECT par_cod_asig1,par_cod_asig2,par_cod_asig3 FROM tblaca009 WHERE pensum='5' AND c_uni_ca='2' AND c_asigna='300116' [1][0] OK
C:[19/05/2013 21:57:52.69][190.37.200.246][1566] SELECT horas_lab FROM tblaca008 WHERE c_asigna='300112' AND horas_teoricas > 0 [1][0] OK
C:[19/05/2013 21:57:52.69][190.37.200.246][1566] SELECT horas_lab FROM tblaca008 WHERE c_asigna='300113' AND horas_teoricas > 0 [0][0] OK
C:[19/05/2013 21:57:52.93][190.37.200.246][1600] SELECT sum(u_creditos*1) FROM dace006 a, tblaca009 b WHERE a.exp_e='12-24522770' AND a.lapso='2013-1' AND b.pensum='5' AND b.c_uni_ca='2' AND status IN ('7','A','2') AND a.c_asigna=b.c_asigna  [1][0] OK
C:[19/05/2013 21:57:52.31][190.37.200.246][1619] SELECT sum(u_creditos*1) FROM dace006 a, tblaca009 b WHERE a.exp_e='12-24522770' AND a.lapso='2013-1' AND b.pensum='5' AND b.c_uni_ca='2' AND status IN ('7','A','2') AND a.c_asigna=b.c_asigna AND a.c_asigna IN ('300101','300116') [1][0] OK
C:[19/05/2013 21:57:53.68][190.37.200.246][1635] SELECT MAX(semestre) FROM dace006 a, tblaca009 b WHERE a.exp_e='12-24522770' AND a.lapso='2013-1' AND b.pensum='5' AND b.c_uni_ca='2' AND status IN ('7','A','2') AND a.c_asigna=b.c_asigna  [1][0] OK
C:[19/05/2013 21:57:53.06][190.37.200.246][1655] SELECT MIN(semestre) FROM dace006 a, tblaca009 b WHERE a.exp_e='12-24522770' AND a.lapso='2013-1' AND b.pensum='5' AND b.c_uni_ca='2' AND status IN ('7','A','2') AND a.c_asigna=b.c_asigna AND a.c_asigna IN ('300112','300113') [1][0] OK
C:[19/05/2013 23:07:45.17][190.121.238.16][1392] SELECT pre_cod_asig1,pre_cod_asig2,pre_cod_asig3,pre_cod_asig4,pre_cod_asig5,pre_cod_asig6,pre_cod_asig7 FROM tblaca009 WHERE pensum='5' AND c_uni_ca='4' AND c_asigna='300106' [1][0] OK
C:[19/05/2013 23:07:45.17][190.121.238.16][1392] SELECT pre_cod_asig1,pre_cod_asig2,pre_cod_asig3,pre_cod_asig4,pre_cod_asig5,pre_cod_asig6,pre_cod_asig7 FROM tblaca009 WHERE pensum='5' AND c_uni_ca='4' AND c_asigna='333326' [1][0] OK
C:[19/05/2013 23:07:45.17][190.121.238.16][1392] SELECT pre_cod_asig1,pre_cod_asig2,pre_cod_asig3,pre_cod_asig4,pre_cod_asig5,pre_cod_asig6,pre_cod_asig7 FROM tblaca009 WHERE pensum='5' AND c_uni_ca='4' AND c_asigna='300013' [1][0] OK
C:[19/05/2013 23:07:45.17][190.121.238.16][1392] SELECT pre_cod_asig1,pre_cod_asig2,pre_cod_asig3,pre_cod_asig4,pre_cod_asig5,pre_cod_asig6,pre_cod_asig7 FROM tblaca009 WHERE pensum='5' AND c_uni_ca='4' AND c_asigna='300113' [1][0] OK
C:[19/05/2013 23:07:45.17][190.121.238.16][1392] SELECT pre_cod_asig1,pre_cod_asig2,pre_cod_asig3,pre_cod_asig4,pre_cod_asig5,pre_cod_asig6,pre_cod_asig7 FROM tblaca009 WHERE pensum='5' AND c_uni_ca='4' AND c_asigna='300116' [1][0] OK
C:[19/05/2013 23:07:45.17][190.121.238.16][1392] SELECT pre_cod_asig1,pre_cod_asig2,pre_cod_asig3,pre_cod_asig4,pre_cod_asig5,pre_cod_asig6,pre_cod_asig7 FROM tblaca009 WHERE pensum='5' AND c_uni_ca='4' AND c_asigna='300101' [1][0] OK
C:[19/05/2013 23:07:45.17][190.121.238.16][1392] SELECT pre_cod_asig1,pre_cod_asig2,pre_cod_asig3,pre_cod_asig4,pre_cod_asig5,pre_cod_asig6,pre_cod_asig7 FROM tblaca009 WHERE pensum='5' AND c_uni_ca='4' AND c_asigna='300112' [1][0] OK
C:[19/05/2013 23:07:45.04][190.121.238.16][1436] SELECT par_cod_asig1,par_cod_asig2,par_cod_asig3 FROM tblaca009 WHERE pensum='5' AND c_uni_ca='4' AND c_asigna='300106' [1][0] OK
C:[19/05/2013 23:07:45.04][190.121.238.16][1436] SELECT par_cod_asig1,par_cod_asig2,par_cod_asig3 FROM tblaca009 WHERE pensum='5' AND c_uni_ca='4' AND c_asigna='333326' [1][0] OK
C:[19/05/2013 23:07:45.04][190.121.238.16][1436] SELECT par_cod_asig1,par_cod_asig2,par_cod_asig3 FROM tblaca009 WHERE pensum='5' AND c_uni_ca='4' AND c_asigna='300013' [1][0] OK
C:[19/05/2013 23:07:45.04][190.121.238.16][1436] SELECT par_cod_asig1,par_cod_asig2,par_cod_asig3 FROM tblaca009 WHERE pensum='5' AND c_uni_ca='4' AND c_asigna='300113' [1][0] OK
C:[19/05/2013 23:07:45.04][190.121.238.16][1450] SELECT c_asigna FROM dace004 WHERE exp_e='12-25329412' AND c_asigna='300013' AND status IN ('0','3','B','C') [0][0] OK
C:[19/05/2013 23:07:45.04][190.121.238.16][1436] SELECT par_cod_asig1,par_cod_asig2,par_cod_asig3 FROM tblaca009 WHERE pensum='5' AND c_uni_ca='4' AND c_asigna='300116' [1][0] OK
C:[19/05/2013 23:07:45.04][190.121.238.16][1436] SELECT par_cod_asig1,par_cod_asig2,par_cod_asig3 FROM tblaca009 WHERE pensum='5' AND c_uni_ca='4' AND c_asigna='300101' [1][0] OK
C:[19/05/2013 23:07:45.04][190.121.238.16][1436] SELECT par_cod_asig1,par_cod_asig2,par_cod_asig3 FROM tblaca009 WHERE pensum='5' AND c_uni_ca='4' AND c_asigna='300112' [1][0] OK
C:[19/05/2013 23:07:46.06][190.121.238.16][1566] SELECT horas_lab FROM tblaca008 WHERE c_asigna='300106' AND horas_teoricas > 0 [0][0] OK
C:[19/05/2013 23:07:46.17][190.121.238.16][1600] SELECT sum(u_creditos*1) FROM dace006 a, tblaca009 b WHERE a.exp_e='12-25329412' AND a.lapso='2013-1' AND b.pensum='5' AND b.c_uni_ca='4' AND status IN ('7','A','2') AND a.c_asigna=b.c_asigna  [1][0] OK
C:[19/05/2013 23:07:46.11][190.121.238.16][1619] SELECT sum(u_creditos*1) FROM dace006 a, tblaca009 b WHERE a.exp_e='12-25329412' AND a.lapso='2013-1' AND b.pensum='5' AND b.c_uni_ca='4' AND status IN ('7','A','2') AND a.c_asigna=b.c_asigna AND a.c_asigna IN ('333326','300013','300113','300116','300101','300112') [1][0] OK
C:[19/05/2013 23:07:46.04][190.121.238.16][1635] SELECT MAX(semestre) FROM dace006 a, tblaca009 b WHERE a.exp_e='12-25329412' AND a.lapso='2013-1' AND b.pensum='5' AND b.c_uni_ca='4' AND status IN ('7','A','2') AND a.c_asigna=b.c_asigna  [1][0] OK
C:[19/05/2013 23:07:46.42][190.121.238.16][1655] SELECT MIN(semestre) FROM dace006 a, tblaca009 b WHERE a.exp_e='12-25329412' AND a.lapso='2013-1' AND b.pensum='5' AND b.c_uni_ca='4' AND status IN ('7','A','2') AND a.c_asigna=b.c_asigna AND a.c_asigna IN ('300106') [1][0] OK
C:[20/05/2013 07:49:34.31][190.199.81.222][1392] SELECT pre_cod_asig1,pre_cod_asig2,pre_cod_asig3,pre_cod_asig4,pre_cod_asig5,pre_cod_asig6,pre_cod_asig7 FROM tblaca009 WHERE pensum='5' AND c_uni_ca='2' AND c_asigna='300218' [1][0] OK
C:[20/05/2013 07:49:34.31][190.199.81.222][1405] SELECT c_asigna FROM dace004 WHERE exp_e='11-25392073' AND c_asigna='300101' AND status IN ('0','3','B') [1][0] OK
C:[20/05/2013 07:49:34.31][190.199.81.222][1392] SELECT pre_cod_asig1,pre_cod_asig2,pre_cod_asig3,pre_cod_asig4,pre_cod_asig5,pre_cod_asig6,pre_cod_asig7 FROM tblaca009 WHERE pensum='5' AND c_uni_ca='2' AND c_asigna='300116' [1][0] OK
C:[20/05/2013 07:49:34.31][190.199.81.222][1392] SELECT pre_cod_asig1,pre_cod_asig2,pre_cod_asig3,pre_cod_asig4,pre_cod_asig5,pre_cod_asig6,pre_cod_asig7 FROM tblaca009 WHERE pensum='5' AND c_uni_ca='2' AND c_asigna='300207' [1][0] OK
C:[20/05/2013 07:49:34.31][190.199.81.222][1405] SELECT c_asigna FROM dace004 WHERE exp_e='11-25392073' AND c_asigna='300101' AND status IN ('0','3','B') [1][0] OK
C:[20/05/2013 07:49:34.31][190.199.81.222][1392] SELECT pre_cod_asig1,pre_cod_asig2,pre_cod_asig3,pre_cod_asig4,pre_cod_asig5,pre_cod_asig6,pre_cod_asig7 FROM tblaca009 WHERE pensum='5' AND c_uni_ca='2' AND c_asigna='300209' [1][0] OK
C:[20/05/2013 07:49:34.31][190.199.81.222][1405] SELECT c_asigna FROM dace004 WHERE exp_e='11-25392073' AND c_asigna='300101' AND status IN ('0','3','B') [1][0] OK
C:[20/05/2013 07:49:34.31][190.199.81.222][1392] SELECT pre_cod_asig1,pre_cod_asig2,pre_cod_asig3,pre_cod_asig4,pre_cod_asig5,pre_cod_asig6,pre_cod_asig7 FROM tblaca009 WHERE pensum='5' AND c_uni_ca='2' AND c_asigna='300228' [1][0] OK
C:[20/05/2013 07:49:34.31][190.199.81.222][1405] SELECT c_asigna FROM dace004 WHERE exp_e='11-25392073' AND c_asigna='300101' AND status IN ('0','3','B') [1][0] OK
C:[20/05/2013 07:49:34.44][190.199.81.222][1436] SELECT par_cod_asig1,par_cod_asig2,par_cod_asig3 FROM tblaca009 WHERE pensum='5' AND c_uni_ca='2' AND c_asigna='300218' [1][0] OK
C:[20/05/2013 07:49:34.44][190.199.81.222][1450] SELECT c_asigna FROM dace004 WHERE exp_e='11-25392073' AND c_asigna='300228' AND status IN ('0','3','B','C') [0][0] OK
C:[20/05/2013 07:49:34.44][190.199.81.222][1436] SELECT par_cod_asig1,par_cod_asig2,par_cod_asig3 FROM tblaca009 WHERE pensum='5' AND c_uni_ca='2' AND c_asigna='300116' [1][0] OK
C:[20/05/2013 07:49:34.44][190.199.81.222][1436] SELECT par_cod_asig1,par_cod_asig2,par_cod_asig3 FROM tblaca009 WHERE pensum='5' AND c_uni_ca='2' AND c_asigna='300207' [1][0] OK
C:[20/05/2013 07:49:34.44][190.199.81.222][1436] SELECT par_cod_asig1,par_cod_asig2,par_cod_asig3 FROM tblaca009 WHERE pensum='5' AND c_uni_ca='2' AND c_asigna='300209' [1][0] OK
C:[20/05/2013 07:49:34.44][190.199.81.222][1436] SELECT par_cod_asig1,par_cod_asig2,par_cod_asig3 FROM tblaca009 WHERE pensum='5' AND c_uni_ca='2' AND c_asigna='300228' [1][0] OK
C:[20/05/2013 07:49:35.33][190.199.81.222][1566] SELECT horas_lab FROM tblaca008 WHERE c_asigna='300218' AND horas_teoricas > 0 [0][0] OK
C:[20/05/2013 07:49:35.44][190.199.81.222][1600] SELECT sum(u_creditos*1) FROM dace006 a, tblaca009 b WHERE a.exp_e='11-25392073' AND a.lapso='2013-1' AND b.pensum='5' AND b.c_uni_ca='2' AND status IN ('7','A','2') AND a.c_asigna=b.c_asigna  [1][0] OK
C:[20/05/2013 07:49:35.82][190.199.81.222][1619] SELECT sum(u_creditos*1) FROM dace006 a, tblaca009 b WHERE a.exp_e='11-25392073' AND a.lapso='2013-1' AND b.pensum='5' AND b.c_uni_ca='2' AND status IN ('7','A','2') AND a.c_asigna=b.c_asigna AND a.c_asigna IN ('300116','300207','300209','300228') [1][0] OK
C:[20/05/2013 07:49:35.19][190.199.81.222][1635] SELECT MAX(semestre) FROM dace006 a, tblaca009 b WHERE a.exp_e='11-25392073' AND a.lapso='2013-1' AND b.pensum='5' AND b.c_uni_ca='2' AND status IN ('7','A','2') AND a.c_asigna=b.c_asigna  [1][0] OK
C:[20/05/2013 07:49:35.56][190.199.81.222][1655] SELECT MIN(semestre) FROM dace006 a, tblaca009 b WHERE a.exp_e='11-25392073' AND a.lapso='2013-1' AND b.pensum='5' AND b.c_uni_ca='2' AND status IN ('7','A','2') AND a.c_asigna=b.c_asigna AND a.c_asigna IN ('300218') [1][0] OK
C:[20/05/2013 10:26:03.33][190.207.45.184][1392] SELECT pre_cod_asig1,pre_cod_asig2,pre_cod_asig3,pre_cod_asig4,pre_cod_asig5,pre_cod_asig6,pre_cod_asig7 FROM tblaca009 WHERE pensum='5' AND c_uni_ca='6' AND c_asigna='300222' [1][0] OK
C:[20/05/2013 10:26:03.33][190.207.45.184][1405] SELECT c_asigna FROM dace004 WHERE exp_e='98-15276377' AND c_asigna='300112' AND status IN ('0','3','B') [1][0] OK
C:[20/05/2013 10:26:03.33][190.207.45.184][1392] SELECT pre_cod_asig1,pre_cod_asig2,pre_cod_asig3,pre_cod_asig4,pre_cod_asig5,pre_cod_asig6,pre_cod_asig7 FROM tblaca009 WHERE pensum='5' AND c_uni_ca='6' AND c_asigna='311561' [1][0] OK
C:[20/05/2013 10:26:03.33][190.207.45.184][1405] SELECT c_asigna FROM dace004 WHERE exp_e='98-15276377' AND c_asigna='300318' AND status IN ('0','3','B') [1][0] OK
C:[20/05/2013 10:26:03.83][190.207.45.184][1436] SELECT par_cod_asig1,par_cod_asig2,par_cod_asig3 FROM tblaca009 WHERE pensum='5' AND c_uni_ca='6' AND c_asigna='300222' [1][0] OK
C:[20/05/2013 10:26:03.83][190.207.45.184][1436] SELECT par_cod_asig1,par_cod_asig2,par_cod_asig3 FROM tblaca009 WHERE pensum='5' AND c_uni_ca='6' AND c_asigna='311561' [1][0] OK
C:[20/05/2013 10:26:03.10][190.207.45.184][1600] SELECT sum(u_creditos*1) FROM dace006 a, tblaca009 b WHERE a.exp_e='98-15276377' AND a.lapso='2013-1' AND b.pensum='5' AND b.c_uni_ca='6' AND status IN ('7','A','2') AND a.c_asigna=b.c_asigna  [1][0] OK
C:[20/05/2013 10:26:03.45][190.207.45.184][1619] SELECT sum(u_creditos*1) FROM dace006 a, tblaca009 b WHERE a.exp_e='98-15276377' AND a.lapso='2013-1' AND b.pensum='5' AND b.c_uni_ca='6' AND status IN ('7','A','2') AND a.c_asigna=b.c_asigna AND a.c_asigna IN ('300222','311561') [1][0] OK
C:[20/05/2013 10:26:03.83][190.207.45.184][1635] SELECT MAX(semestre) FROM dace006 a, tblaca009 b WHERE a.exp_e='98-15276377' AND a.lapso='2013-1' AND b.pensum='5' AND b.c_uni_ca='6' AND status IN ('7','A','2') AND a.c_asigna=b.c_asigna  [1][0] OK
C:[20/05/2013 10:33:45.60][190.207.45.184][1392] SELECT pre_cod_asig1,pre_cod_asig2,pre_cod_asig3,pre_cod_asig4,pre_cod_asig5,pre_cod_asig6,pre_cod_asig7 FROM tblaca009 WHERE pensum='5' AND c_uni_ca='6' AND c_asigna='300222' [1][0] OK
C:[20/05/2013 10:33:45.60][190.207.45.184][1405] SELECT c_asigna FROM dace004 WHERE exp_e='98-15276377' AND c_asigna='300112' AND status IN ('0','3','B') [1][0] OK
C:[20/05/2013 10:33:45.60][190.207.45.184][1392] SELECT pre_cod_asig1,pre_cod_asig2,pre_cod_asig3,pre_cod_asig4,pre_cod_asig5,pre_cod_asig6,pre_cod_asig7 FROM tblaca009 WHERE pensum='5' AND c_uni_ca='6' AND c_asigna='311561' [1][0] OK
C:[20/05/2013 10:33:45.60][190.207.45.184][1405] SELECT c_asigna FROM dace004 WHERE exp_e='98-15276377' AND c_asigna='300318' AND status IN ('0','3','B') [1][0] OK
C:[20/05/2013 10:33:45.10][190.207.45.184][1436] SELECT par_cod_asig1,par_cod_asig2,par_cod_asig3 FROM tblaca009 WHERE pensum='5' AND c_uni_ca='6' AND c_asigna='300222' [1][0] OK
C:[20/05/2013 10:33:45.10][190.207.45.184][1436] SELECT par_cod_asig1,par_cod_asig2,par_cod_asig3 FROM tblaca009 WHERE pensum='5' AND c_uni_ca='6' AND c_asigna='311561' [1][0] OK
C:[20/05/2013 10:33:46.37][190.207.45.184][1600] SELECT sum(u_creditos*1) FROM dace006 a, tblaca009 b WHERE a.exp_e='98-15276377' AND a.lapso='2013-1' AND b.pensum='5' AND b.c_uni_ca='6' AND status IN ('7','A','2') AND a.c_asigna=b.c_asigna  [1][0] OK
C:[20/05/2013 10:33:46.29][190.207.45.184][1619] SELECT sum(u_creditos*1) FROM dace006 a, tblaca009 b WHERE a.exp_e='98-15276377' AND a.lapso='2013-1' AND b.pensum='5' AND b.c_uni_ca='6' AND status IN ('7','A','2') AND a.c_asigna=b.c_asigna AND a.c_asigna IN ('300222','311561') [1][0] OK
C:[20/05/2013 10:33:46.66][190.207.45.184][1635] SELECT MAX(semestre) FROM dace006 a, tblaca009 b WHERE a.exp_e='98-15276377' AND a.lapso='2013-1' AND b.pensum='5' AND b.c_uni_ca='6' AND status IN ('7','A','2') AND a.c_asigna=b.c_asigna  [1][0] OK
C:[20/05/2013 10:39:22.19][190.207.45.184][1392] SELECT pre_cod_asig1,pre_cod_asig2,pre_cod_asig3,pre_cod_asig4,pre_cod_asig5,pre_cod_asig6,pre_cod_asig7 FROM tblaca009 WHERE pensum='5' AND c_uni_ca='6' AND c_asigna='300222' [1][0] OK
C:[20/05/2013 10:39:22.19][190.207.45.184][1405] SELECT c_asigna FROM dace004 WHERE exp_e='98-15276377' AND c_asigna='300112' AND status IN ('0','3','B') [1][0] OK
C:[20/05/2013 10:39:22.19][190.207.45.184][1392] SELECT pre_cod_asig1,pre_cod_asig2,pre_cod_asig3,pre_cod_asig4,pre_cod_asig5,pre_cod_asig6,pre_cod_asig7 FROM tblaca009 WHERE pensum='5' AND c_uni_ca='6' AND c_asigna='311561' [1][0] OK
C:[20/05/2013 10:39:22.19][190.207.45.184][1405] SELECT c_asigna FROM dace004 WHERE exp_e='98-15276377' AND c_asigna='300318' AND status IN ('0','3','B') [1][0] OK
C:[20/05/2013 10:39:22.69][190.207.45.184][1436] SELECT par_cod_asig1,par_cod_asig2,par_cod_asig3 FROM tblaca009 WHERE pensum='5' AND c_uni_ca='6' AND c_asigna='300222' [1][0] OK
C:[20/05/2013 10:39:22.69][190.207.45.184][1436] SELECT par_cod_asig1,par_cod_asig2,par_cod_asig3 FROM tblaca009 WHERE pensum='5' AND c_uni_ca='6' AND c_asigna='311561' [1][0] OK
C:[20/05/2013 10:39:22.96][190.207.45.184][1600] SELECT sum(u_creditos*1) FROM dace006 a, tblaca009 b WHERE a.exp_e='98-15276377' AND a.lapso='2013-1' AND b.pensum='5' AND b.c_uni_ca='6' AND status IN ('7','A','2') AND a.c_asigna=b.c_asigna  [1][0] OK
C:[20/05/2013 10:39:23.44][190.207.45.184][1619] SELECT sum(u_creditos*1) FROM dace006 a, tblaca009 b WHERE a.exp_e='98-15276377' AND a.lapso='2013-1' AND b.pensum='5' AND b.c_uni_ca='6' AND status IN ('7','A','2') AND a.c_asigna=b.c_asigna AND a.c_asigna IN ('300222','311561') [1][0] OK
C:[20/05/2013 10:39:23.82][190.207.45.184][1635] SELECT MAX(semestre) FROM dace006 a, tblaca009 b WHERE a.exp_e='98-15276377' AND a.lapso='2013-1' AND b.pensum='5' AND b.c_uni_ca='6' AND status IN ('7','A','2') AND a.c_asigna=b.c_asigna  [1][0] OK
C:[20/05/2013 14:09:00.48][190.199.81.222][1392] SELECT pre_cod_asig1,pre_cod_asig2,pre_cod_asig3,pre_cod_asig4,pre_cod_asig5,pre_cod_asig6,pre_cod_asig7 FROM tblaca009 WHERE pensum='5' AND c_uni_ca='6' AND c_asigna='300112' [1][0] OK
C:[20/05/2013 14:09:00.48][190.199.81.222][1392] SELECT pre_cod_asig1,pre_cod_asig2,pre_cod_asig3,pre_cod_asig4,pre_cod_asig5,pre_cod_asig6,pre_cod_asig7 FROM tblaca009 WHERE pensum='5' AND c_uni_ca='6' AND c_asigna='300013' [1][0] OK
C:[20/05/2013 14:09:00.48][190.199.81.222][1392] SELECT pre_cod_asig1,pre_cod_asig2,pre_cod_asig3,pre_cod_asig4,pre_cod_asig5,pre_cod_asig6,pre_cod_asig7 FROM tblaca009 WHERE pensum='5' AND c_uni_ca='6' AND c_asigna='300101' [1][0] OK
C:[20/05/2013 14:09:00.48][190.199.81.222][1392] SELECT pre_cod_asig1,pre_cod_asig2,pre_cod_asig3,pre_cod_asig4,pre_cod_asig5,pre_cod_asig6,pre_cod_asig7 FROM tblaca009 WHERE pensum='5' AND c_uni_ca='6' AND c_asigna='300116' [1][0] OK
C:[20/05/2013 14:09:00.97][190.199.81.222][1436] SELECT par_cod_asig1,par_cod_asig2,par_cod_asig3 FROM tblaca009 WHERE pensum='5' AND c_uni_ca='6' AND c_asigna='300112' [1][0] OK
C:[20/05/2013 14:09:00.97][190.199.81.222][1436] SELECT par_cod_asig1,par_cod_asig2,par_cod_asig3 FROM tblaca009 WHERE pensum='5' AND c_uni_ca='6' AND c_asigna='300013' [1][0] OK
C:[20/05/2013 14:09:00.97][190.199.81.222][1436] SELECT par_cod_asig1,par_cod_asig2,par_cod_asig3 FROM tblaca009 WHERE pensum='5' AND c_uni_ca='6' AND c_asigna='300101' [1][0] OK
C:[20/05/2013 14:09:00.97][190.199.81.222][1436] SELECT par_cod_asig1,par_cod_asig2,par_cod_asig3 FROM tblaca009 WHERE pensum='5' AND c_uni_ca='6' AND c_asigna='300116' [1][0] OK
C:[20/05/2013 14:09:00.48][190.199.81.222][1566] SELECT horas_lab FROM tblaca008 WHERE c_asigna='300112' AND horas_teoricas > 0 [1][0] OK
C:[20/05/2013 14:09:00.59][190.199.81.222][1600] SELECT sum(u_creditos*1) FROM dace006 a, tblaca009 b WHERE a.exp_e='12-25647557' AND a.lapso='2013-1' AND b.pensum='5' AND b.c_uni_ca='6' AND status IN ('7','A','2') AND a.c_asigna=b.c_asigna  [1][0] OK
C:[20/05/2013 14:09:00.97][190.199.81.222][1619] SELECT sum(u_creditos*1) FROM dace006 a, tblaca009 b WHERE a.exp_e='12-25647557' AND a.lapso='2013-1' AND b.pensum='5' AND b.c_uni_ca='6' AND status IN ('7','A','2') AND a.c_asigna=b.c_asigna AND a.c_asigna IN ('300013','300101','300116') [1][0] OK
C:[20/05/2013 14:09:00.35][190.199.81.222][1635] SELECT MAX(semestre) FROM dace006 a, tblaca009 b WHERE a.exp_e='12-25647557' AND a.lapso='2013-1' AND b.pensum='5' AND b.c_uni_ca='6' AND status IN ('7','A','2') AND a.c_asigna=b.c_asigna  [1][0] OK
C:[20/05/2013 14:09:01.72][190.199.81.222][1655] SELECT MIN(semestre) FROM dace006 a, tblaca009 b WHERE a.exp_e='12-25647557' AND a.lapso='2013-1' AND b.pensum='5' AND b.c_uni_ca='6' AND status IN ('7','A','2') AND a.c_asigna=b.c_asigna AND a.c_asigna IN ('300112') [1][0] OK
C:[20/05/2013 14:16:43.17][190.199.81.222][1392] SELECT pre_cod_asig1,pre_cod_asig2,pre_cod_asig3,pre_cod_asig4,pre_cod_asig5,pre_cod_asig6,pre_cod_asig7 FROM tblaca009 WHERE pensum='5' AND c_uni_ca='4' AND c_asigna='300112' [1][0] OK
C:[20/05/2013 14:16:43.17][190.199.81.222][1392] SELECT pre_cod_asig1,pre_cod_asig2,pre_cod_asig3,pre_cod_asig4,pre_cod_asig5,pre_cod_asig6,pre_cod_asig7 FROM tblaca009 WHERE pensum='5' AND c_uni_ca='4' AND c_asigna='300013' [1][0] OK
C:[20/05/2013 14:16:43.17][190.199.81.222][1392] SELECT pre_cod_asig1,pre_cod_asig2,pre_cod_asig3,pre_cod_asig4,pre_cod_asig5,pre_cod_asig6,pre_cod_asig7 FROM tblaca009 WHERE pensum='5' AND c_uni_ca='4' AND c_asigna='300101' [1][0] OK
C:[20/05/2013 14:16:43.17][190.199.81.222][1392] SELECT pre_cod_asig1,pre_cod_asig2,pre_cod_asig3,pre_cod_asig4,pre_cod_asig5,pre_cod_asig6,pre_cod_asig7 FROM tblaca009 WHERE pensum='5' AND c_uni_ca='4' AND c_asigna='300116' [1][0] OK
C:[20/05/2013 14:16:44.67][190.199.81.222][1436] SELECT par_cod_asig1,par_cod_asig2,par_cod_asig3 FROM tblaca009 WHERE pensum='5' AND c_uni_ca='4' AND c_asigna='300112' [1][0] OK
C:[20/05/2013 14:16:44.67][190.199.81.222][1436] SELECT par_cod_asig1,par_cod_asig2,par_cod_asig3 FROM tblaca009 WHERE pensum='5' AND c_uni_ca='4' AND c_asigna='300013' [1][0] OK
C:[20/05/2013 14:16:44.67][190.199.81.222][1436] SELECT par_cod_asig1,par_cod_asig2,par_cod_asig3 FROM tblaca009 WHERE pensum='5' AND c_uni_ca='4' AND c_asigna='300101' [1][0] OK
C:[20/05/2013 14:16:44.67][190.199.81.222][1436] SELECT par_cod_asig1,par_cod_asig2,par_cod_asig3 FROM tblaca009 WHERE pensum='5' AND c_uni_ca='4' AND c_asigna='300116' [1][0] OK
C:[20/05/2013 14:16:44.18][190.199.81.222][1566] SELECT horas_lab FROM tblaca008 WHERE c_asigna='300112' AND horas_teoricas > 0 [1][0] OK
C:[20/05/2013 14:16:44.29][190.199.81.222][1600] SELECT sum(u_creditos*1) FROM dace006 a, tblaca009 b WHERE a.exp_e='12-23507570' AND a.lapso='2013-1' AND b.pensum='5' AND b.c_uni_ca='4' AND status IN ('7','A','2') AND a.c_asigna=b.c_asigna  [1][0] OK
C:[20/05/2013 14:16:44.25][190.199.81.222][1619] SELECT sum(u_creditos*1) FROM dace006 a, tblaca009 b WHERE a.exp_e='12-23507570' AND a.lapso='2013-1' AND b.pensum='5' AND b.c_uni_ca='4' AND status IN ('7','A','2') AND a.c_asigna=b.c_asigna AND a.c_asigna IN ('300013','300101','300116') [1][0] OK
C:[20/05/2013 14:16:44.16][190.199.81.222][1635] SELECT MAX(semestre) FROM dace006 a, tblaca009 b WHERE a.exp_e='12-23507570' AND a.lapso='2013-1' AND b.pensum='5' AND b.c_uni_ca='4' AND status IN ('7','A','2') AND a.c_asigna=b.c_asigna  [1][0] OK
C:[20/05/2013 14:16:44.10][190.199.81.222][1655] SELECT MIN(semestre) FROM dace006 a, tblaca009 b WHERE a.exp_e='12-23507570' AND a.lapso='2013-1' AND b.pensum='5' AND b.c_uni_ca='4' AND status IN ('7','A','2') AND a.c_asigna=b.c_asigna AND a.c_asigna IN ('300112') [1][0] OK
C:[20/05/2013 14:17:52.59][190.199.81.222][1392] SELECT pre_cod_asig1,pre_cod_asig2,pre_cod_asig3,pre_cod_asig4,pre_cod_asig5,pre_cod_asig6,pre_cod_asig7 FROM tblaca009 WHERE pensum='5' AND c_uni_ca='6' AND c_asigna='300013' [1][0] OK
C:[20/05/2013 14:17:52.59][190.199.81.222][1392] SELECT pre_cod_asig1,pre_cod_asig2,pre_cod_asig3,pre_cod_asig4,pre_cod_asig5,pre_cod_asig6,pre_cod_asig7 FROM tblaca009 WHERE pensum='5' AND c_uni_ca='6' AND c_asigna='300101' [1][0] OK
C:[20/05/2013 14:17:52.59][190.199.81.222][1392] SELECT pre_cod_asig1,pre_cod_asig2,pre_cod_asig3,pre_cod_asig4,pre_cod_asig5,pre_cod_asig6,pre_cod_asig7 FROM tblaca009 WHERE pensum='5' AND c_uni_ca='6' AND c_asigna='300116' [1][0] OK
C:[20/05/2013 14:17:52.97][190.199.81.222][1436] SELECT par_cod_asig1,par_cod_asig2,par_cod_asig3 FROM tblaca009 WHERE pensum='5' AND c_uni_ca='6' AND c_asigna='300013' [1][0] OK
C:[20/05/2013 14:17:52.97][190.199.81.222][1436] SELECT par_cod_asig1,par_cod_asig2,par_cod_asig3 FROM tblaca009 WHERE pensum='5' AND c_uni_ca='6' AND c_asigna='300101' [1][0] OK
C:[20/05/2013 14:17:52.97][190.199.81.222][1436] SELECT par_cod_asig1,par_cod_asig2,par_cod_asig3 FROM tblaca009 WHERE pensum='5' AND c_uni_ca='6' AND c_asigna='300116' [1][0] OK
C:[20/05/2013 14:17:52.36][190.199.81.222][1600] SELECT sum(u_creditos*1) FROM dace006 a, tblaca009 b WHERE a.exp_e='12-25647557' AND a.lapso='2013-1' AND b.pensum='5' AND b.c_uni_ca='6' AND status IN ('7','A','2') AND a.c_asigna=b.c_asigna  [1][0] OK
C:[20/05/2013 14:17:53.28][190.199.81.222][1619] SELECT sum(u_creditos*1) FROM dace006 a, tblaca009 b WHERE a.exp_e='12-25647557' AND a.lapso='2013-1' AND b.pensum='5' AND b.c_uni_ca='6' AND status IN ('7','A','2') AND a.c_asigna=b.c_asigna AND a.c_asigna IN ('300013','300101','300116') [1][0] OK
C:[20/05/2013 14:17:53.21][190.199.81.222][1635] SELECT MAX(semestre) FROM dace006 a, tblaca009 b WHERE a.exp_e='12-25647557' AND a.lapso='2013-1' AND b.pensum='5' AND b.c_uni_ca='6' AND status IN ('7','A','2') AND a.c_asigna=b.c_asigna  [1][0] OK
C:[20/05/2013 14:47:49.67][190.121.238.1][1392] SELECT pre_cod_asig1,pre_cod_asig2,pre_cod_asig3,pre_cod_asig4,pre_cod_asig5,pre_cod_asig6,pre_cod_asig7 FROM tblaca009 WHERE pensum='5' AND c_uni_ca='5' AND c_asigna='300422' [1][0] OK
C:[20/05/2013 14:47:49.67][190.121.238.1][1405] SELECT c_asigna FROM dace004 WHERE exp_e='98-15034174' AND c_asigna='300105' AND status IN ('0','3','B') [1][0] OK
C:[20/05/2013 14:47:49.67][190.121.238.1][1405] SELECT c_asigna FROM dace004 WHERE exp_e='98-15034174' AND c_asigna='300314' AND status IN ('0','3','B') [1][0] OK
C:[20/05/2013 14:47:49.67][190.121.238.1][1392] SELECT pre_cod_asig1,pre_cod_asig2,pre_cod_asig3,pre_cod_asig4,pre_cod_asig5,pre_cod_asig6,pre_cod_asig7 FROM tblaca009 WHERE pensum='5' AND c_uni_ca='5' AND c_asigna='355573' [1][0] OK
C:[20/05/2013 14:47:49.67][190.121.238.1][1405] SELECT c_asigna FROM dace004 WHERE exp_e='98-15034174' AND c_asigna='355448' AND status IN ('0','3','B') [1][0] OK
C:[20/05/2013 14:47:49.67][190.121.238.1][1392] SELECT pre_cod_asig1,pre_cod_asig2,pre_cod_asig3,pre_cod_asig4,pre_cod_asig5,pre_cod_asig6,pre_cod_asig7 FROM tblaca009 WHERE pensum='5' AND c_uni_ca='5' AND c_asigna='355692' [1][0] OK
C:[20/05/2013 14:47:49.67][190.121.238.1][1405] SELECT c_asigna FROM dace004 WHERE exp_e='98-15034174' AND c_asigna='355448' AND status IN ('0','3','B') [1][0] OK
C:[20/05/2013 14:47:49.67][190.121.238.1][1405] SELECT c_asigna FROM dace004 WHERE exp_e='98-15034174' AND c_asigna='355570' AND status IN ('0','3','B') [1][0] OK
C:[20/05/2013 14:47:49.67][190.121.238.1][1392] SELECT pre_cod_asig1,pre_cod_asig2,pre_cod_asig3,pre_cod_asig4,pre_cod_asig5,pre_cod_asig6,pre_cod_asig7 FROM tblaca009 WHERE pensum='5' AND c_uni_ca='5' AND c_asigna='355696' [1][0] OK
C:[20/05/2013 14:47:49.67][190.121.238.1][1405] SELECT c_asigna FROM dace004 WHERE exp_e='98-15034174' AND c_asigna='355570' AND status IN ('0','3','B') [1][0] OK
C:[20/05/2013 14:47:49.67][190.121.238.1][1405] SELECT c_asigna FROM dace004 WHERE exp_e='98-15034174' AND c_asigna='355571' AND status IN ('0','3','B') [1][0] OK
C:[20/05/2013 14:47:49.67][190.121.238.1][1392] SELECT pre_cod_asig1,pre_cod_asig2,pre_cod_asig3,pre_cod_asig4,pre_cod_asig5,pre_cod_asig6,pre_cod_asig7 FROM tblaca009 WHERE pensum='5' AND c_uni_ca='5' AND c_asigna='355722' [1][0] OK
C:[20/05/2013 14:47:49.67][190.121.238.1][1405] SELECT c_asigna FROM dace004 WHERE exp_e='98-15034174' AND c_asigna='355691' AND status IN ('0','3','B') [1][0] OK
C:[20/05/2013 14:47:49.67][190.121.238.1][1405] SELECT c_asigna FROM dace004 WHERE exp_e='98-15034174' AND c_asigna='355595' AND status IN ('0','3','B') [1][0] OK
C:[20/05/2013 14:47:49.67][190.121.238.1][1392] SELECT pre_cod_asig1,pre_cod_asig2,pre_cod_asig3,pre_cod_asig4,pre_cod_asig5,pre_cod_asig6,pre_cod_asig7 FROM tblaca009 WHERE pensum='5' AND c_uni_ca='5' AND c_asigna='300676' [1][0] OK
C:[20/05/2013 14:47:49.55][190.121.238.1][1436] SELECT par_cod_asig1,par_cod_asig2,par_cod_asig3 FROM tblaca009 WHERE pensum='5' AND c_uni_ca='5' AND c_asigna='300422' [1][0] OK
C:[20/05/2013 14:47:49.55][190.121.238.1][1436] SELECT par_cod_asig1,par_cod_asig2,par_cod_asig3 FROM tblaca009 WHERE pensum='5' AND c_uni_ca='5' AND c_asigna='355573' [1][0] OK
C:[20/05/2013 14:47:49.55][190.121.238.1][1436] SELECT par_cod_asig1,par_cod_asig2,par_cod_asig3 FROM tblaca009 WHERE pensum='5' AND c_uni_ca='5' AND c_asigna='355692' [1][0] OK
C:[20/05/2013 14:47:49.55][190.121.238.1][1436] SELECT par_cod_asig1,par_cod_asig2,par_cod_asig3 FROM tblaca009 WHERE pensum='5' AND c_uni_ca='5' AND c_asigna='355696' [1][0] OK
C:[20/05/2013 14:47:49.55][190.121.238.1][1436] SELECT par_cod_asig1,par_cod_asig2,par_cod_asig3 FROM tblaca009 WHERE pensum='5' AND c_uni_ca='5' AND c_asigna='355722' [1][0] OK
C:[20/05/2013 14:47:49.55][190.121.238.1][1436] SELECT par_cod_asig1,par_cod_asig2,par_cod_asig3 FROM tblaca009 WHERE pensum='5' AND c_uni_ca='5' AND c_asigna='300676' [1][0] OK
C:[20/05/2013 14:47:49.01][190.121.238.1][1600] SELECT sum(u_creditos*1) FROM dace006 a, tblaca009 b WHERE a.exp_e='98-15034174' AND a.lapso='2013-1' AND b.pensum='5' AND b.c_uni_ca='5' AND status IN ('7','A','2') AND a.c_asigna=b.c_asigna  [1][0] OK
C:[20/05/2013 14:47:49.37][190.121.238.1][1619] SELECT sum(u_creditos*1) FROM dace006 a, tblaca009 b WHERE a.exp_e='98-15034174' AND a.lapso='2013-1' AND b.pensum='5' AND b.c_uni_ca='5' AND status IN ('7','A','2') AND a.c_asigna=b.c_asigna AND a.c_asigna IN ('300422','355573','355692','355696','355722','300676') [1][0] OK
C:[20/05/2013 14:47:50.30][190.121.238.1][1635] SELECT MAX(semestre) FROM dace006 a, tblaca009 b WHERE a.exp_e='98-15034174' AND a.lapso='2013-1' AND b.pensum='5' AND b.c_uni_ca='5' AND status IN ('7','A','2') AND a.c_asigna=b.c_asigna  [1][0] OK
C:[20/05/2013 14:49:11.45][190.37.41.168][1392] SELECT pre_cod_asig1,pre_cod_asig2,pre_cod_asig3,pre_cod_asig4,pre_cod_asig5,pre_cod_asig6,pre_cod_asig7 FROM tblaca009 WHERE pensum='5' AND c_uni_ca='5' AND c_asigna='355692' [1][0] OK
C:[20/05/2013 14:49:11.45][190.37.41.168][1405] SELECT c_asigna FROM dace004 WHERE exp_e='10-20654421' AND c_asigna='355448' AND status IN ('0','3','B') [1][0] OK
C:[20/05/2013 14:49:11.45][190.37.41.168][1405] SELECT c_asigna FROM dace004 WHERE exp_e='10-20654421' AND c_asigna='355570' AND status IN ('0','3','B') [1][0] OK
C:[20/05/2013 14:49:11.45][190.37.41.168][1392] SELECT pre_cod_asig1,pre_cod_asig2,pre_cod_asig3,pre_cod_asig4,pre_cod_asig5,pre_cod_asig6,pre_cod_asig7 FROM tblaca009 WHERE pensum='5' AND c_uni_ca='5' AND c_asigna='300422' [1][0] OK
C:[20/05/2013 14:49:11.45][190.37.41.168][1405] SELECT c_asigna FROM dace004 WHERE exp_e='10-20654421' AND c_asigna='300105' AND status IN ('0','3','B') [1][0] OK
C:[20/05/2013 14:49:11.45][190.37.41.168][1405] SELECT c_asigna FROM dace004 WHERE exp_e='10-20654421' AND c_asigna='300314' AND status IN ('0','3','B') [1][0] OK
C:[20/05/2013 14:49:11.45][190.37.41.168][1392] SELECT pre_cod_asig1,pre_cod_asig2,pre_cod_asig3,pre_cod_asig4,pre_cod_asig5,pre_cod_asig6,pre_cod_asig7 FROM tblaca009 WHERE pensum='5' AND c_uni_ca='5' AND c_asigna='355571' [1][0] OK
C:[20/05/2013 14:49:11.45][190.37.41.168][1405] SELECT c_asigna FROM dace004 WHERE exp_e='10-20654421' AND c_asigna='355447' AND status IN ('0','3','B') [1][0] OK
C:[20/05/2013 14:49:11.45][190.37.41.168][1392] SELECT pre_cod_asig1,pre_cod_asig2,pre_cod_asig3,pre_cod_asig4,pre_cod_asig5,pre_cod_asig6,pre_cod_asig7 FROM tblaca009 WHERE pensum='5' AND c_uni_ca='5' AND c_asigna='355572' [1][0] OK
C:[20/05/2013 14:49:11.45][190.37.41.168][1405] SELECT c_asigna FROM dace004 WHERE exp_e='10-20654421' AND c_asigna='300428' AND status IN ('0','3','B') [1][0] OK
C:[20/05/2013 14:49:11.45][190.37.41.168][1392] SELECT pre_cod_asig1,pre_cod_asig2,pre_cod_asig3,pre_cod_asig4,pre_cod_asig5,pre_cod_asig6,pre_cod_asig7 FROM tblaca009 WHERE pensum='5' AND c_uni_ca='5' AND c_asigna='355573' [1][0] OK
C:[20/05/2013 14:49:11.45][190.37.41.168][1405] SELECT c_asigna FROM dace004 WHERE exp_e='10-20654421' AND c_asigna='355448' AND status IN ('0','3','B') [1][0] OK
C:[20/05/2013 14:49:11.45][190.37.41.168][1392] SELECT pre_cod_asig1,pre_cod_asig2,pre_cod_asig3,pre_cod_asig4,pre_cod_asig5,pre_cod_asig6,pre_cod_asig7 FROM tblaca009 WHERE pensum='5' AND c_uni_ca='5' AND c_asigna='355595' [1][0] OK
C:[20/05/2013 14:49:11.45][190.37.41.168][1405] SELECT c_asigna FROM dace004 WHERE exp_e='10-20654421' AND c_asigna='351451' AND status IN ('0','3','B') [1][0] OK
C:[20/05/2013 14:49:11.45][190.37.41.168][1405] SELECT c_asigna FROM dace004 WHERE exp_e='10-20654421' AND c_asigna='355350' AND status IN ('0','3','B') [1][0] OK
C:[20/05/2013 14:49:11.45][190.37.41.168][1405] SELECT c_asigna FROM dace004 WHERE exp_e='10-20654421' AND c_asigna='300318' AND status IN ('0','3','B') [1][0] OK
C:[20/05/2013 14:49:12.47][190.37.41.168][1436] SELECT par_cod_asig1,par_cod_asig2,par_cod_asig3 FROM tblaca009 WHERE pensum='5' AND c_uni_ca='5' AND c_asigna='355692' [1][0] OK
C:[20/05/2013 14:49:12.47][190.37.41.168][1436] SELECT par_cod_asig1,par_cod_asig2,par_cod_asig3 FROM tblaca009 WHERE pensum='5' AND c_uni_ca='5' AND c_asigna='300422' [1][0] OK
C:[20/05/2013 14:49:12.47][190.37.41.168][1436] SELECT par_cod_asig1,par_cod_asig2,par_cod_asig3 FROM tblaca009 WHERE pensum='5' AND c_uni_ca='5' AND c_asigna='355571' [1][0] OK
C:[20/05/2013 14:49:12.47][190.37.41.168][1436] SELECT par_cod_asig1,par_cod_asig2,par_cod_asig3 FROM tblaca009 WHERE pensum='5' AND c_uni_ca='5' AND c_asigna='355572' [1][0] OK
C:[20/05/2013 14:49:12.47][190.37.41.168][1436] SELECT par_cod_asig1,par_cod_asig2,par_cod_asig3 FROM tblaca009 WHERE pensum='5' AND c_uni_ca='5' AND c_asigna='355573' [1][0] OK
C:[20/05/2013 14:49:12.47][190.37.41.168][1436] SELECT par_cod_asig1,par_cod_asig2,par_cod_asig3 FROM tblaca009 WHERE pensum='5' AND c_uni_ca='5' AND c_asigna='355595' [1][0] OK
C:[20/05/2013 14:49:12.21][190.37.41.168][1566] SELECT horas_lab FROM tblaca008 WHERE c_asigna='355692' AND horas_teoricas > 0 [1][0] OK
C:[20/05/2013 14:49:12.32][190.37.41.168][1600] SELECT sum(u_creditos*1) FROM dace006 a, tblaca009 b WHERE a.exp_e='10-20654421' AND a.lapso='2013-1' AND b.pensum='5' AND b.c_uni_ca='5' AND status IN ('7','A','2') AND a.c_asigna=b.c_asigna  [1][0] OK
C:[20/05/2013 14:49:12.72][190.37.41.168][1619] SELECT sum(u_creditos*1) FROM dace006 a, tblaca009 b WHERE a.exp_e='10-20654421' AND a.lapso='2013-1' AND b.pensum='5' AND b.c_uni_ca='5' AND status IN ('7','A','2') AND a.c_asigna=b.c_asigna AND a.c_asigna IN ('300422','355571','355572','355573','355595') [1][0] OK
C:[20/05/2013 14:49:12.07][190.37.41.168][1635] SELECT MAX(semestre) FROM dace006 a, tblaca009 b WHERE a.exp_e='10-20654421' AND a.lapso='2013-1' AND b.pensum='5' AND b.c_uni_ca='5' AND status IN ('7','A','2') AND a.c_asigna=b.c_asigna  [1][0] OK
C:[20/05/2013 14:49:12.45][190.37.41.168][1655] SELECT MIN(semestre) FROM dace006 a, tblaca009 b WHERE a.exp_e='10-20654421' AND a.lapso='2013-1' AND b.pensum='5' AND b.c_uni_ca='5' AND status IN ('7','A','2') AND a.c_asigna=b.c_asigna AND a.c_asigna IN ('355692') [1][0] OK
C:[20/05/2013 15:47:20.60][190.94.249.220][1392] SELECT pre_cod_asig1,pre_cod_asig2,pre_cod_asig3,pre_cod_asig4,pre_cod_asig5,pre_cod_asig6,pre_cod_asig7 FROM tblaca009 WHERE pensum='5' AND c_uni_ca='2' AND c_asigna='320311' [1][0] OK
C:[20/05/2013 15:47:20.60][190.94.249.220][1405] SELECT c_asigna FROM dace004 WHERE exp_e='12-24559242' AND c_asigna='300013' AND status IN ('0','3','B') [1][0] OK
C:[20/05/2013 15:47:20.60][190.94.249.220][1405] SELECT c_asigna FROM dace004 WHERE exp_e='12-24559242' AND c_asigna='300113' AND status IN ('0','3','B') [1][0] OK
C:[20/05/2013 15:47:20.60][190.94.249.220][1392] SELECT pre_cod_asig1,pre_cod_asig2,pre_cod_asig3,pre_cod_asig4,pre_cod_asig5,pre_cod_asig6,pre_cod_asig7 FROM tblaca009 WHERE pensum='5' AND c_uni_ca='2' AND c_asigna='300101' [1][0] OK
C:[20/05/2013 15:47:20.60][190.94.249.220][1392] SELECT pre_cod_asig1,pre_cod_asig2,pre_cod_asig3,pre_cod_asig4,pre_cod_asig5,pre_cod_asig6,pre_cod_asig7 FROM tblaca009 WHERE pensum='5' AND c_uni_ca='2' AND c_asigna='300222' [1][0] OK
C:[20/05/2013 15:47:20.60][190.94.249.220][1405] SELECT c_asigna FROM dace004 WHERE exp_e='12-24559242' AND c_asigna='300112' AND status IN ('0','3','B') [1][0] OK
C:[20/05/2013 15:47:20.60][190.94.249.220][1392] SELECT pre_cod_asig1,pre_cod_asig2,pre_cod_asig3,pre_cod_asig4,pre_cod_asig5,pre_cod_asig6,pre_cod_asig7 FROM tblaca009 WHERE pensum='5' AND c_uni_ca='2' AND c_asigna='300226' [1][0] OK
C:[20/05/2013 15:47:20.60][190.94.249.220][1405] SELECT c_asigna FROM dace004 WHERE exp_e='12-24559242' AND c_asigna='300116' AND status IN ('0','3','B') [1][0] OK
C:[20/05/2013 15:47:20.60][190.94.249.220][1436] SELECT par_cod_asig1,par_cod_asig2,par_cod_asig3 FROM tblaca009 WHERE pensum='5' AND c_uni_ca='2' AND c_asigna='320311' [1][0] OK
C:[20/05/2013 15:47:20.60][190.94.249.220][1436] SELECT par_cod_asig1,par_cod_asig2,par_cod_asig3 FROM tblaca009 WHERE pensum='5' AND c_uni_ca='2' AND c_asigna='300101' [1][0] OK
C:[20/05/2013 15:47:20.60][190.94.249.220][1436] SELECT par_cod_asig1,par_cod_asig2,par_cod_asig3 FROM tblaca009 WHERE pensum='5' AND c_uni_ca='2' AND c_asigna='300222' [1][0] OK
C:[20/05/2013 15:47:20.60][190.94.249.220][1436] SELECT par_cod_asig1,par_cod_asig2,par_cod_asig3 FROM tblaca009 WHERE pensum='5' AND c_uni_ca='2' AND c_asigna='300226' [1][0] OK
C:[20/05/2013 15:47:20.11][190.94.249.220][1566] SELECT horas_lab FROM tblaca008 WHERE c_asigna='320311' AND horas_teoricas > 0 [1][0] OK
C:[20/05/2013 15:47:20.22][190.94.249.220][1600] SELECT sum(u_creditos*1) FROM dace006 a, tblaca009 b WHERE a.exp_e='12-24559242' AND a.lapso='2013-1' AND b.pensum='5' AND b.c_uni_ca='2' AND status IN ('7','A','2') AND a.c_asigna=b.c_asigna  [1][0] OK
C:[20/05/2013 15:47:20.61][190.94.249.220][1619] SELECT sum(u_creditos*1) FROM dace006 a, tblaca009 b WHERE a.exp_e='12-24559242' AND a.lapso='2013-1' AND b.pensum='5' AND b.c_uni_ca='2' AND status IN ('7','A','2') AND a.c_asigna=b.c_asigna AND a.c_asigna IN ('300101','300222','300226') [1][0] OK
C:[20/05/2013 15:47:20.97][190.94.249.220][1635] SELECT MAX(semestre) FROM dace006 a, tblaca009 b WHERE a.exp_e='12-24559242' AND a.lapso='2013-1' AND b.pensum='5' AND b.c_uni_ca='2' AND status IN ('7','A','2') AND a.c_asigna=b.c_asigna  [1][0] OK
C:[20/05/2013 15:47:20.91][190.94.249.220][1655] SELECT MIN(semestre) FROM dace006 a, tblaca009 b WHERE a.exp_e='12-24559242' AND a.lapso='2013-1' AND b.pensum='5' AND b.c_uni_ca='2' AND status IN ('7','A','2') AND a.c_asigna=b.c_asigna AND a.c_asigna IN ('320311') [1][0] OK
C:[20/05/2013 17:07:25.23][190.198.82.148][1392] SELECT pre_cod_asig1,pre_cod_asig2,pre_cod_asig3,pre_cod_asig4,pre_cod_asig5,pre_cod_asig6,pre_cod_asig7 FROM tblaca009 WHERE pensum='5' AND c_uni_ca='2' AND c_asigna='322449' [1][0] OK
C:[20/05/2013 17:07:25.23][190.198.82.148][1405] SELECT c_asigna FROM dace004 WHERE exp_e='10-24481265' AND c_asigna='300222' AND status IN ('0','3','B') [1][0] OK
C:[20/05/2013 17:07:25.23][190.198.82.148][1392] SELECT pre_cod_asig1,pre_cod_asig2,pre_cod_asig3,pre_cod_asig4,pre_cod_asig5,pre_cod_asig6,pre_cod_asig7 FROM tblaca009 WHERE pensum='5' AND c_uni_ca='2' AND c_asigna='300313' [1][0] OK
C:[20/05/2013 17:07:25.23][190.198.82.148][1405] SELECT c_asigna FROM dace004 WHERE exp_e='10-24481265' AND c_asigna='300213' AND status IN ('0','3','B') [1][0] OK
C:[20/05/2013 17:07:25.23][190.198.82.148][1405] SELECT c_asigna FROM dace004 WHERE exp_e='10-24481265' AND c_asigna='300226' AND status IN ('0','3','B') [1][0] OK
C:[20/05/2013 17:07:25.23][190.198.82.148][1405] SELECT c_asigna FROM dace004 WHERE exp_e='10-24481265' AND c_asigna='300209' AND status IN ('0','3','B') [1][0] OK
C:[20/05/2013 17:07:25.23][190.198.82.148][1392] SELECT pre_cod_asig1,pre_cod_asig2,pre_cod_asig3,pre_cod_asig4,pre_cod_asig5,pre_cod_asig6,pre_cod_asig7 FROM tblaca009 WHERE pensum='5' AND c_uni_ca='2' AND c_asigna='320323' [1][0] OK
C:[20/05/2013 17:07:25.23][190.198.82.148][1405] SELECT c_asigna FROM dace004 WHERE exp_e='10-24481265' AND c_asigna='300228' AND status IN ('0','3','B') [1][0] OK
C:[20/05/2013 17:07:25.23][190.198.82.148][1405] SELECT c_asigna FROM dace004 WHERE exp_e='10-24481265' AND c_asigna='300218' AND status IN ('0','3','B') [1][0] OK
C:[20/05/2013 17:07:25.23][190.198.82.148][1392] SELECT pre_cod_asig1,pre_cod_asig2,pre_cod_asig3,pre_cod_asig4,pre_cod_asig5,pre_cod_asig6,pre_cod_asig7 FROM tblaca009 WHERE pensum='5' AND c_uni_ca='2' AND c_asigna='322436' [1][0] OK
C:[20/05/2013 17:07:25.23][190.198.82.148][1405] SELECT c_asigna FROM dace004 WHERE exp_e='10-24481265' AND c_asigna='300317' AND status IN ('0','3','B') [1][0] OK
C:[20/05/2013 17:07:25.23][190.198.82.148][1405] SELECT c_asigna FROM dace004 WHERE exp_e='10-24481265' AND c_asigna='320311' AND status IN ('0','3','B') [1][0] OK
C:[20/05/2013 17:07:25.23][190.198.82.148][1392] SELECT pre_cod_asig1,pre_cod_asig2,pre_cod_asig3,pre_cod_asig4,pre_cod_asig5,pre_cod_asig6,pre_cod_asig7 FROM tblaca009 WHERE pensum='5' AND c_uni_ca='2' AND c_asigna='300318' [1][0] OK
C:[20/05/2013 17:07:25.23][190.198.82.148][1405] SELECT c_asigna FROM dace004 WHERE exp_e='10-24481265' AND c_asigna='300228' AND status IN ('0','3','B') [1][0] OK
C:[20/05/2013 17:07:25.23][190.198.82.148][1405] SELECT c_asigna FROM dace004 WHERE exp_e='10-24481265' AND c_asigna='300207' AND status IN ('0','3','B') [1][0] OK
C:[20/05/2013 17:07:25.23][190.198.82.148][1405] SELECT c_asigna FROM dace004 WHERE exp_e='10-24481265' AND c_asigna='300218' AND status IN ('0','3','B') [1][0] OK
C:[20/05/2013 17:07:25.23][190.198.82.148][1436] SELECT par_cod_asig1,par_cod_asig2,par_cod_asig3 FROM tblaca009 WHERE pensum='5' AND c_uni_ca='2' AND c_asigna='322449' [1][0] OK
C:[20/05/2013 17:07:25.23][190.198.82.148][1436] SELECT par_cod_asig1,par_cod_asig2,par_cod_asig3 FROM tblaca009 WHERE pensum='5' AND c_uni_ca='2' AND c_asigna='300313' [1][0] OK
C:[20/05/2013 17:07:25.23][190.198.82.148][1436] SELECT par_cod_asig1,par_cod_asig2,par_cod_asig3 FROM tblaca009 WHERE pensum='5' AND c_uni_ca='2' AND c_asigna='320323' [1][0] OK
C:[20/05/2013 17:07:25.23][190.198.82.148][1436] SELECT par_cod_asig1,par_cod_asig2,par_cod_asig3 FROM tblaca009 WHERE pensum='5' AND c_uni_ca='2' AND c_asigna='322436' [1][0] OK
C:[20/05/2013 17:07:25.23][190.198.82.148][1436] SELECT par_cod_asig1,par_cod_asig2,par_cod_asig3 FROM tblaca009 WHERE pensum='5' AND c_uni_ca='2' AND c_asigna='300318' [1][0] OK
C:[20/05/2013 17:07:25.44][190.198.82.148][1566] SELECT horas_lab FROM tblaca008 WHERE c_asigna='322449' AND horas_teoricas > 0 [1][0] OK
C:[20/05/2013 17:07:25.54][190.198.82.148][1600] SELECT sum(u_creditos*1) FROM dace006 a, tblaca009 b WHERE a.exp_e='10-24481265' AND a.lapso='2013-1' AND b.pensum='5' AND b.c_uni_ca='2' AND status IN ('7','A','2') AND a.c_asigna=b.c_asigna  [1][0] OK
C:[20/05/2013 17:07:25.92][190.198.82.148][1619] SELECT sum(u_creditos*1) FROM dace006 a, tblaca009 b WHERE a.exp_e='10-24481265' AND a.lapso='2013-1' AND b.pensum='5' AND b.c_uni_ca='2' AND status IN ('7','A','2') AND a.c_asigna=b.c_asigna AND a.c_asigna IN ('300313','320323','322436','300318') [1][0] OK
C:[20/05/2013 17:07:26.30][190.198.82.148][1635] SELECT MAX(semestre) FROM dace006 a, tblaca009 b WHERE a.exp_e='10-24481265' AND a.lapso='2013-1' AND b.pensum='5' AND b.c_uni_ca='2' AND status IN ('7','A','2') AND a.c_asigna=b.c_asigna  [1][0] OK
C:[20/05/2013 17:07:26.68][190.198.82.148][1655] SELECT MIN(semestre) FROM dace006 a, tblaca009 b WHERE a.exp_e='10-24481265' AND a.lapso='2013-1' AND b.pensum='5' AND b.c_uni_ca='2' AND status IN ('7','A','2') AND a.c_asigna=b.c_asigna AND a.c_asigna IN ('322449') [1][0] OK
C:[20/05/2013 17:33:37.41][201.243.109.141][1392] SELECT pre_cod_asig1,pre_cod_asig2,pre_cod_asig3,pre_cod_asig4,pre_cod_asig5,pre_cod_asig6,pre_cod_asig7 FROM tblaca009 WHERE pensum='5' AND c_uni_ca='2' AND c_asigna='300218' [1][0] OK
C:[20/05/2013 17:33:37.41][201.243.109.141][1405] SELECT c_asigna FROM dace004 WHERE exp_e='12-21250728' AND c_asigna='300101' AND status IN ('0','3','B') [1][0] OK
C:[20/05/2013 17:33:37.41][201.243.109.141][1392] SELECT pre_cod_asig1,pre_cod_asig2,pre_cod_asig3,pre_cod_asig4,pre_cod_asig5,pre_cod_asig6,pre_cod_asig7 FROM tblaca009 WHERE pensum='5' AND c_uni_ca='2' AND c_asigna='300207' [1][0] OK
C:[20/05/2013 17:33:37.41][201.243.109.141][1405] SELECT c_asigna FROM dace004 WHERE exp_e='12-21250728' AND c_asigna='300101' AND status IN ('0','3','B') [1][0] OK
C:[20/05/2013 17:33:37.41][201.243.109.141][1392] SELECT pre_cod_asig1,pre_cod_asig2,pre_cod_asig3,pre_cod_asig4,pre_cod_asig5,pre_cod_asig6,pre_cod_asig7 FROM tblaca009 WHERE pensum='5' AND c_uni_ca='2' AND c_asigna='300209' [1][0] OK
C:[20/05/2013 17:33:37.41][201.243.109.141][1405] SELECT c_asigna FROM dace004 WHERE exp_e='12-21250728' AND c_asigna='300101' AND status IN ('0','3','B') [1][0] OK
C:[20/05/2013 17:33:37.41][201.243.109.141][1392] SELECT pre_cod_asig1,pre_cod_asig2,pre_cod_asig3,pre_cod_asig4,pre_cod_asig5,pre_cod_asig6,pre_cod_asig7 FROM tblaca009 WHERE pensum='5' AND c_uni_ca='2' AND c_asigna='300213' [1][0] OK
C:[20/05/2013 17:33:37.41][201.243.109.141][1405] SELECT c_asigna FROM dace004 WHERE exp_e='12-21250728' AND c_asigna='300101' AND status IN ('0','3','B') [1][0] OK
C:[20/05/2013 17:33:37.41][201.243.109.141][1392] SELECT pre_cod_asig1,pre_cod_asig2,pre_cod_asig3,pre_cod_asig4,pre_cod_asig5,pre_cod_asig6,pre_cod_asig7 FROM tblaca009 WHERE pensum='5' AND c_uni_ca='2' AND c_asigna='300226' [1][0] OK
C:[20/05/2013 17:33:37.41][201.243.109.141][1405] SELECT c_asigna FROM dace004 WHERE exp_e='12-21250728' AND c_asigna='300116' AND status IN ('0','3','B') [1][0] OK
C:[20/05/2013 17:33:37.41][201.243.109.141][1392] SELECT pre_cod_asig1,pre_cod_asig2,pre_cod_asig3,pre_cod_asig4,pre_cod_asig5,pre_cod_asig6,pre_cod_asig7 FROM tblaca009 WHERE pensum='5' AND c_uni_ca='2' AND c_asigna='300228' [1][0] OK
C:[20/05/2013 17:33:37.41][201.243.109.141][1405] SELECT c_asigna FROM dace004 WHERE exp_e='12-21250728' AND c_asigna='300101' AND status IN ('0','3','B') [1][0] OK
C:[20/05/2013 17:33:38.91][201.243.109.141][1436] SELECT par_cod_asig1,par_cod_asig2,par_cod_asig3 FROM tblaca009 WHERE pensum='5' AND c_uni_ca='2' AND c_asigna='300218' [1][0] OK
C:[20/05/2013 17:33:38.91][201.243.109.141][1450] SELECT c_asigna FROM dace004 WHERE exp_e='12-21250728' AND c_asigna='300228' AND status IN ('0','3','B','C') [0][0] OK
C:[20/05/2013 17:33:38.91][201.243.109.141][1436] SELECT par_cod_asig1,par_cod_asig2,par_cod_asig3 FROM tblaca009 WHERE pensum='5' AND c_uni_ca='2' AND c_asigna='300207' [1][0] OK
C:[20/05/2013 17:33:38.91][201.243.109.141][1436] SELECT par_cod_asig1,par_cod_asig2,par_cod_asig3 FROM tblaca009 WHERE pensum='5' AND c_uni_ca='2' AND c_asigna='300209' [1][0] OK
C:[20/05/2013 17:33:38.91][201.243.109.141][1436] SELECT par_cod_asig1,par_cod_asig2,par_cod_asig3 FROM tblaca009 WHERE pensum='5' AND c_uni_ca='2' AND c_asigna='300213' [1][0] OK
C:[20/05/2013 17:33:38.91][201.243.109.141][1450] SELECT c_asigna FROM dace004 WHERE exp_e='12-21250728' AND c_asigna='300209' AND status IN ('0','3','B','C') [0][0] OK
C:[20/05/2013 17:33:38.91][201.243.109.141][1436] SELECT par_cod_asig1,par_cod_asig2,par_cod_asig3 FROM tblaca009 WHERE pensum='5' AND c_uni_ca='2' AND c_asigna='300226' [1][0] OK
C:[20/05/2013 17:33:38.91][201.243.109.141][1436] SELECT par_cod_asig1,par_cod_asig2,par_cod_asig3 FROM tblaca009 WHERE pensum='5' AND c_uni_ca='2' AND c_asigna='300228' [1][0] OK
C:[20/05/2013 17:33:38.93][201.243.109.141][1566] SELECT horas_lab FROM tblaca008 WHERE c_asigna='300218' AND horas_teoricas > 0 [0][0] OK
C:[20/05/2013 17:33:38.04][201.243.109.141][1600] SELECT sum(u_creditos*1) FROM dace006 a, tblaca009 b WHERE a.exp_e='12-21250728' AND a.lapso='2013-1' AND b.pensum='5' AND b.c_uni_ca='2' AND status IN ('7','A','2') AND a.c_asigna=b.c_asigna  [1][0] OK
C:[20/05/2013 17:33:38.54][201.243.109.141][1619] SELECT sum(u_creditos*1) FROM dace006 a, tblaca009 b WHERE a.exp_e='12-21250728' AND a.lapso='2013-1' AND b.pensum='5' AND b.c_uni_ca='2' AND status IN ('7','A','2') AND a.c_asigna=b.c_asigna AND a.c_asigna IN ('300207','300209','300213','300226','300228') [1][0] OK
C:[20/05/2013 17:33:38.04][201.243.109.141][1635] SELECT MAX(semestre) FROM dace006 a, tblaca009 b WHERE a.exp_e='12-21250728' AND a.lapso='2013-1' AND b.pensum='5' AND b.c_uni_ca='2' AND status IN ('7','A','2') AND a.c_asigna=b.c_asigna  [1][0] OK
C:[20/05/2013 17:33:38.41][201.243.109.141][1655] SELECT MIN(semestre) FROM dace006 a, tblaca009 b WHERE a.exp_e='12-21250728' AND a.lapso='2013-1' AND b.pensum='5' AND b.c_uni_ca='2' AND status IN ('7','A','2') AND a.c_asigna=b.c_asigna AND a.c_asigna IN ('300218') [1][0] OK
C:[20/05/2013 20:31:11.52][68.171.231.91][1392] SELECT pre_cod_asig1,pre_cod_asig2,pre_cod_asig3,pre_cod_asig4,pre_cod_asig5,pre_cod_asig6,pre_cod_asig7 FROM tblaca009 WHERE pensum='5' AND c_uni_ca='2' AND c_asigna='322827' [1][0] OK
C:[20/05/2013 20:31:11.52][68.171.231.91][1405] SELECT c_asigna FROM dace004 WHERE exp_e='06-19095194' AND c_asigna='322703' AND status IN ('0','3','B') [1][0] OK
C:[20/05/2013 20:31:11.52][68.171.231.91][1405] SELECT c_asigna FROM dace004 WHERE exp_e='06-19095194' AND c_asigna='322782' AND status IN ('0','3','B') [1][0] OK
C:[20/05/2013 20:31:11.52][68.171.231.91][1405] SELECT c_asigna FROM dace004 WHERE exp_e='06-19095194' AND c_asigna='322449' AND status IN ('0','3','B') [1][0] OK
C:[20/05/2013 20:31:11.52][68.171.231.91][1392] SELECT pre_cod_asig1,pre_cod_asig2,pre_cod_asig3,pre_cod_asig4,pre_cod_asig5,pre_cod_asig6,pre_cod_asig7 FROM tblaca009 WHERE pensum='5' AND c_uni_ca='2' AND c_asigna='322826' [1][0] OK
C:[20/05/2013 20:31:11.52][68.171.231.91][1405] SELECT c_asigna FROM dace004 WHERE exp_e='06-19095194' AND c_asigna='322702' AND status IN ('0','3','B') [1][0] OK
C:[20/05/2013 20:31:11.52][68.171.231.91][1392] SELECT pre_cod_asig1,pre_cod_asig2,pre_cod_asig3,pre_cod_asig4,pre_cod_asig5,pre_cod_asig6,pre_cod_asig7 FROM tblaca009 WHERE pensum='5' AND c_uni_ca='2' AND c_asigna='300956' [1][0] OK
C:[20/05/2013 20:31:11.52][68.171.231.91][1405] SELECT c_asigna FROM dace004 WHERE exp_e='06-19095194' AND c_asigna='300422' AND status IN ('0','3','B') [1][0] OK
C:[20/05/2013 20:31:11.52][68.171.231.91][1405] SELECT c_asigna FROM dace004 WHERE exp_e='06-19095194' AND c_asigna='300105' AND status IN ('0','3','B') [1][0] OK
C:[20/05/2013 20:31:11.52][68.171.231.91][1405] SELECT c_asigna FROM dace004 WHERE exp_e='06-19095194' AND c_asigna='300314' AND status IN ('0','3','B') [1][0] OK
C:[20/05/2013 20:31:11.52][68.171.231.91][1392] SELECT pre_cod_asig1,pre_cod_asig2,pre_cod_asig3,pre_cod_asig4,pre_cod_asig5,pre_cod_asig6,pre_cod_asig7 FROM tblaca009 WHERE pensum='5' AND c_uni_ca='2' AND c_asigna='322939' [1][0] OK
C:[20/05/2013 20:31:11.52][68.171.231.91][1405] SELECT c_asigna FROM dace004 WHERE exp_e='06-19095194' AND c_asigna='322728' AND status IN ('0','3','B') [1][0] OK
C:[20/05/2013 20:31:11.52][68.171.231.91][1405] SELECT c_asigna FROM dace004 WHERE exp_e='06-19095194' AND c_asigna='324862' AND status IN ('0','3','B') [1][0] OK
C:[20/05/2013 20:31:11.15][68.171.231.91][1436] SELECT par_cod_asig1,par_cod_asig2,par_cod_asig3 FROM tblaca009 WHERE pensum='5' AND c_uni_ca='2' AND c_asigna='322827' [1][0] OK
C:[20/05/2013 20:31:11.15][68.171.231.91][1436] SELECT par_cod_asig1,par_cod_asig2,par_cod_asig3 FROM tblaca009 WHERE pensum='5' AND c_uni_ca='2' AND c_asigna='322826' [1][0] OK
C:[20/05/2013 20:31:11.15][68.171.231.91][1436] SELECT par_cod_asig1,par_cod_asig2,par_cod_asig3 FROM tblaca009 WHERE pensum='5' AND c_uni_ca='2' AND c_asigna='300956' [1][0] OK
C:[20/05/2013 20:31:11.15][68.171.231.91][1436] SELECT par_cod_asig1,par_cod_asig2,par_cod_asig3 FROM tblaca009 WHERE pensum='5' AND c_uni_ca='2' AND c_asigna='322939' [1][0] OK
C:[20/05/2013 20:31:11.15][68.171.231.91][1450] SELECT c_asigna FROM dace004 WHERE exp_e='06-19095194' AND c_asigna='300956' AND status IN ('0','3','B','C') [0][0] OK
C:[20/05/2013 20:31:12.78][68.171.231.91][1566] SELECT horas_lab FROM tblaca008 WHERE c_asigna='322827' AND horas_teoricas > 0 [1][0] OK
C:[20/05/2013 20:31:12.90][68.171.231.91][1600] SELECT sum(u_creditos*1) FROM dace006 a, tblaca009 b WHERE a.exp_e='06-19095194' AND a.lapso='2013-1' AND b.pensum='5' AND b.c_uni_ca='2' AND status IN ('7','A','2') AND a.c_asigna=b.c_asigna  [1][0] OK
C:[20/05/2013 20:31:12.84][68.171.231.91][1619] SELECT sum(u_creditos*1) FROM dace006 a, tblaca009 b WHERE a.exp_e='06-19095194' AND a.lapso='2013-1' AND b.pensum='5' AND b.c_uni_ca='2' AND status IN ('7','A','2') AND a.c_asigna=b.c_asigna AND a.c_asigna IN ('322826','300956','322939') [1][0] OK
C:[20/05/2013 20:31:12.21][68.171.231.91][1635] SELECT MAX(semestre) FROM dace006 a, tblaca009 b WHERE a.exp_e='06-19095194' AND a.lapso='2013-1' AND b.pensum='5' AND b.c_uni_ca='2' AND status IN ('7','A','2') AND a.c_asigna=b.c_asigna  [1][0] OK
C:[20/05/2013 20:31:12.15][68.171.231.91][1655] SELECT MIN(semestre) FROM dace006 a, tblaca009 b WHERE a.exp_e='06-19095194' AND a.lapso='2013-1' AND b.pensum='5' AND b.c_uni_ca='2' AND status IN ('7','A','2') AND a.c_asigna=b.c_asigna AND a.c_asigna IN ('322827') [1][0] OK
C:[20/05/2013 20:41:12.19][190.198.183.163][1392] SELECT pre_cod_asig1,pre_cod_asig2,pre_cod_asig3,pre_cod_asig4,pre_cod_asig5,pre_cod_asig6,pre_cod_asig7 FROM tblaca009 WHERE pensum='5' AND c_uni_ca='3' AND c_asigna='311320' [1][0] OK
C:[20/05/2013 20:41:12.19][190.198.183.163][1405] SELECT c_asigna FROM dace004 WHERE exp_e='12-18451176' AND c_asigna='300013' AND status IN ('0','3','B') [1][0] OK
C:[20/05/2013 20:41:12.19][190.198.183.163][1405] SELECT c_asigna FROM dace004 WHERE exp_e='12-18451176' AND c_asigna='300113' AND status IN ('0','3','B') [1][0] OK
C:[20/05/2013 20:41:12.19][190.198.183.163][1392] SELECT pre_cod_asig1,pre_cod_asig2,pre_cod_asig3,pre_cod_asig4,pre_cod_asig5,pre_cod_asig6,pre_cod_asig7 FROM tblaca009 WHERE pensum='5' AND c_uni_ca='3' AND c_asigna='311430' [1][0] OK
C:[20/05/2013 20:41:12.19][190.198.183.163][1405] SELECT c_asigna FROM dace004 WHERE exp_e='12-18451176' AND c_asigna='300317' AND status IN ('0','3','B') [1][0] OK
C:[20/05/2013 20:41:12.19][190.198.183.163][1405] SELECT c_asigna FROM dace004 WHERE exp_e='12-18451176' AND c_asigna='300318' AND status IN ('0','3','B') [1][0] OK
C:[20/05/2013 20:41:12.19][190.198.183.163][1405] SELECT c_asigna FROM dace004 WHERE exp_e='12-18451176' AND c_asigna='300313' AND status IN ('0','3','B') [1][0] OK
C:[20/05/2013 20:41:12.19][190.198.183.163][1405] SELECT c_asigna FROM dace004 WHERE exp_e='12-18451176' AND c_asigna='300222' AND status IN ('0','3','B') [1][0] OK
C:[20/05/2013 20:41:12.19][190.198.183.163][1405] SELECT c_asigna FROM dace004 WHERE exp_e='12-18451176' AND c_asigna='300226' AND status IN ('0','3','B') [1][0] OK
C:[20/05/2013 20:41:12.19][190.198.183.163][1405] SELECT c_asigna FROM dace004 WHERE exp_e='12-18451176' AND c_asigna='300209' AND status IN ('0','3','B') [1][0] OK
C:[20/05/2013 20:41:13.45][190.198.183.163][1436] SELECT par_cod_asig1,par_cod_asig2,par_cod_asig3 FROM tblaca009 WHERE pensum='5' AND c_uni_ca='3' AND c_asigna='311320' [1][0] OK
C:[20/05/2013 20:41:13.45][190.198.183.163][1436] SELECT par_cod_asig1,par_cod_asig2,par_cod_asig3 FROM tblaca009 WHERE pensum='5' AND c_uni_ca='3' AND c_asigna='311430' [1][0] OK
C:[20/05/2013 20:41:13.71][190.198.183.163][1566] SELECT horas_lab FROM tblaca008 WHERE c_asigna='311320' AND horas_teoricas > 0 [1][0] OK
C:[20/05/2013 20:41:13.82][190.198.183.163][1600] SELECT sum(u_creditos*1) FROM dace006 a, tblaca009 b WHERE a.exp_e='12-18451176' AND a.lapso='2013-1' AND b.pensum='5' AND b.c_uni_ca='3' AND status IN ('7','A','2') AND a.c_asigna=b.c_asigna  [1][0] OK
C:[20/05/2013 20:41:13.19][190.198.183.163][1619] SELECT sum(u_creditos*1) FROM dace006 a, tblaca009 b WHERE a.exp_e='12-18451176' AND a.lapso='2013-1' AND b.pensum='5' AND b.c_uni_ca='3' AND status IN ('7','A','2') AND a.c_asigna=b.c_asigna AND a.c_asigna IN ('311430') [1][0] OK
C:[20/05/2013 20:41:13.57][190.198.183.163][1635] SELECT MAX(semestre) FROM dace006 a, tblaca009 b WHERE a.exp_e='12-18451176' AND a.lapso='2013-1' AND b.pensum='5' AND b.c_uni_ca='3' AND status IN ('7','A','2') AND a.c_asigna=b.c_asigna  [1][0] OK
C:[20/05/2013 20:41:13.94][190.198.183.163][1655] SELECT MIN(semestre) FROM dace006 a, tblaca009 b WHERE a.exp_e='12-18451176' AND a.lapso='2013-1' AND b.pensum='5' AND b.c_uni_ca='3' AND status IN ('7','A','2') AND a.c_asigna=b.c_asigna AND a.c_asigna IN ('311320') [1][0] OK
C:[20/05/2013 21:16:46.67][186.94.52.197][1392] SELECT pre_cod_asig1,pre_cod_asig2,pre_cod_asig3,pre_cod_asig4,pre_cod_asig5,pre_cod_asig6,pre_cod_asig7 FROM tblaca009 WHERE pensum='5' AND c_uni_ca='4' AND c_asigna='300313' [1][0] OK
C:[20/05/2013 21:16:46.67][186.94.52.197][1405] SELECT c_asigna FROM dace004 WHERE exp_e='11-24522672' AND c_asigna='300213' AND status IN ('0','3','B') [1][0] OK
C:[20/05/2013 21:16:46.67][186.94.52.197][1405] SELECT c_asigna FROM dace004 WHERE exp_e='11-24522672' AND c_asigna='300226' AND status IN ('0','3','B') [1][0] OK
C:[20/05/2013 21:16:46.67][186.94.52.197][1405] SELECT c_asigna FROM dace004 WHERE exp_e='11-24522672' AND c_asigna='300222' AND status IN ('0','3','B') [1][0] OK
C:[20/05/2013 21:16:46.67][186.94.52.197][1405] SELECT c_asigna FROM dace004 WHERE exp_e='11-24522672' AND c_asigna='300209' AND status IN ('0','3','B') [1][0] OK
C:[20/05/2013 21:16:46.67][186.94.52.197][1392] SELECT pre_cod_asig1,pre_cod_asig2,pre_cod_asig3,pre_cod_asig4,pre_cod_asig5,pre_cod_asig6,pre_cod_asig7 FROM tblaca009 WHERE pensum='5' AND c_uni_ca='4' AND c_asigna='300207' [1][0] OK
C:[20/05/2013 21:16:46.67][186.94.52.197][1405] SELECT c_asigna FROM dace004 WHERE exp_e='11-24522672' AND c_asigna='300101' AND status IN ('0','3','B') [1][0] OK
C:[20/05/2013 21:16:46.67][186.94.52.197][1392] SELECT pre_cod_asig1,pre_cod_asig2,pre_cod_asig3,pre_cod_asig4,pre_cod_asig5,pre_cod_asig6,pre_cod_asig7 FROM tblaca009 WHERE pensum='5' AND c_uni_ca='4' AND c_asigna='300218' [1][0] OK
C:[20/05/2013 21:16:46.67][186.94.52.197][1405] SELECT c_asigna FROM dace004 WHERE exp_e='11-24522672' AND c_asigna='300101' AND status IN ('0','3','B') [1][0] OK
C:[20/05/2013 21:16:46.67][186.94.52.197][1392] SELECT pre_cod_asig1,pre_cod_asig2,pre_cod_asig3,pre_cod_asig4,pre_cod_asig5,pre_cod_asig6,pre_cod_asig7 FROM tblaca009 WHERE pensum='5' AND c_uni_ca='4' AND c_asigna='300228' [1][0] OK
C:[20/05/2013 21:16:46.67][186.94.52.197][1405] SELECT c_asigna FROM dace004 WHERE exp_e='11-24522672' AND c_asigna='300101' AND status IN ('0','3','B') [1][0] OK
C:[20/05/2013 21:16:46.05][186.94.52.197][1436] SELECT par_cod_asig1,par_cod_asig2,par_cod_asig3 FROM tblaca009 WHERE pensum='5' AND c_uni_ca='4' AND c_asigna='300313' [1][0] OK
C:[20/05/2013 21:16:46.05][186.94.52.197][1436] SELECT par_cod_asig1,par_cod_asig2,par_cod_asig3 FROM tblaca009 WHERE pensum='5' AND c_uni_ca='4' AND c_asigna='300207' [1][0] OK
C:[20/05/2013 21:16:46.05][186.94.52.197][1436] SELECT par_cod_asig1,par_cod_asig2,par_cod_asig3 FROM tblaca009 WHERE pensum='5' AND c_uni_ca='4' AND c_asigna='300218' [1][0] OK
C:[20/05/2013 21:16:46.05][186.94.52.197][1450] SELECT c_asigna FROM dace004 WHERE exp_e='11-24522672' AND c_asigna='300228' AND status IN ('0','3','B','C') [0][0] OK
C:[20/05/2013 21:16:46.05][186.94.52.197][1436] SELECT par_cod_asig1,par_cod_asig2,par_cod_asig3 FROM tblaca009 WHERE pensum='5' AND c_uni_ca='4' AND c_asigna='300228' [1][0] OK
C:[20/05/2013 21:16:47.68][186.94.52.197][1566] SELECT horas_lab FROM tblaca008 WHERE c_asigna='300313' AND horas_teoricas > 0 [1][0] OK
C:[20/05/2013 21:16:47.81][186.94.52.197][1600] SELECT sum(u_creditos*1) FROM dace006 a, tblaca009 b WHERE a.exp_e='11-24522672' AND a.lapso='2013-1' AND b.pensum='5' AND b.c_uni_ca='4' AND status IN ('7','A','2') AND a.c_asigna=b.c_asigna  [1][0] OK
C:[20/05/2013 21:16:47.99][186.94.52.197][1619] SELECT sum(u_creditos*1) FROM dace006 a, tblaca009 b WHERE a.exp_e='11-24522672' AND a.lapso='2013-1' AND b.pensum='5' AND b.c_uni_ca='4' AND status IN ('7','A','2') AND a.c_asigna=b.c_asigna AND a.c_asigna IN ('300207','300218','300228') [1][0] OK
C:[20/05/2013 21:16:47.36][186.94.52.197][1635] SELECT MAX(semestre) FROM dace006 a, tblaca009 b WHERE a.exp_e='11-24522672' AND a.lapso='2013-1' AND b.pensum='5' AND b.c_uni_ca='4' AND status IN ('7','A','2') AND a.c_asigna=b.c_asigna  [1][0] OK
C:[20/05/2013 21:16:47.55][186.94.52.197][1655] SELECT MIN(semestre) FROM dace006 a, tblaca009 b WHERE a.exp_e='11-24522672' AND a.lapso='2013-1' AND b.pensum='5' AND b.c_uni_ca='4' AND status IN ('7','A','2') AND a.c_asigna=b.c_asigna AND a.c_asigna IN ('300313') [1][0] OK
C:[20/05/2013 22:45:40.43][190.198.148.125][1392] SELECT pre_cod_asig1,pre_cod_asig2,pre_cod_asig3,pre_cod_asig4,pre_cod_asig5,pre_cod_asig6,pre_cod_asig7 FROM tblaca009 WHERE pensum='5' AND c_uni_ca='4' AND c_asigna='300226' [1][0] OK
C:[20/05/2013 22:45:40.43][190.198.148.125][1405] SELECT c_asigna FROM dace004 WHERE exp_e='09-22822775' AND c_asigna='300116' AND status IN ('0','3','B') [1][0] OK
C:[20/05/2013 22:45:40.43][190.198.148.125][1392] SELECT pre_cod_asig1,pre_cod_asig2,pre_cod_asig3,pre_cod_asig4,pre_cod_asig5,pre_cod_asig6,pre_cod_asig7 FROM tblaca009 WHERE pensum='5' AND c_uni_ca='4' AND c_asigna='300213' [1][0] OK
C:[20/05/2013 22:45:40.43][190.198.148.125][1405] SELECT c_asigna FROM dace004 WHERE exp_e='09-22822775' AND c_asigna='300101' AND status IN ('0','3','B') [1][0] OK
C:[20/05/2013 22:45:40.43][190.198.148.125][1392] SELECT pre_cod_asig1,pre_cod_asig2,pre_cod_asig3,pre_cod_asig4,pre_cod_asig5,pre_cod_asig6,pre_cod_asig7 FROM tblaca009 WHERE pensum='5' AND c_uni_ca='4' AND c_asigna='300318' [1][0] OK
C:[20/05/2013 22:45:40.43][190.198.148.125][1405] SELECT c_asigna FROM dace004 WHERE exp_e='09-22822775' AND c_asigna='300228' AND status IN ('0','3','B') [1][0] OK
C:[20/05/2013 22:45:40.43][190.198.148.125][1405] SELECT c_asigna FROM dace004 WHERE exp_e='09-22822775' AND c_asigna='300207' AND status IN ('0','3','B') [1][0] OK
C:[20/05/2013 22:45:40.43][190.198.148.125][1405] SELECT c_asigna FROM dace004 WHERE exp_e='09-22822775' AND c_asigna='300218' AND status IN ('0','3','B') [1][0] OK
C:[20/05/2013 22:45:40.43][190.198.148.125][1392] SELECT pre_cod_asig1,pre_cod_asig2,pre_cod_asig3,pre_cod_asig4,pre_cod_asig5,pre_cod_asig6,pre_cod_asig7 FROM tblaca009 WHERE pensum='5' AND c_uni_ca='4' AND c_asigna='330310' [1][0] OK
C:[20/05/2013 22:45:40.43][190.198.148.125][1405] SELECT c_asigna FROM dace004 WHERE exp_e='09-22822775' AND c_asigna='300013' AND status IN ('0','3','B') [1][0] OK
C:[20/05/2013 22:45:40.43][190.198.148.125][1405] SELECT c_asigna FROM dace004 WHERE exp_e='09-22822775' AND c_asigna='300113' AND status IN ('0','3','B') [1][0] OK
C:[20/05/2013 22:45:40.43][190.198.148.125][1392] SELECT pre_cod_asig1,pre_cod_asig2,pre_cod_asig3,pre_cod_asig4,pre_cod_asig5,pre_cod_asig6,pre_cod_asig7 FROM tblaca009 WHERE pensum='5' AND c_uni_ca='4' AND c_asigna='333441' [1][0] OK
C:[20/05/2013 22:45:40.43][190.198.148.125][1405] SELECT c_asigna FROM dace004 WHERE exp_e='09-22822775' AND c_asigna='333326' AND status IN ('0','3','B') [1][0] OK
C:[20/05/2013 22:45:40.43][190.198.148.125][1405] SELECT c_asigna FROM dace004 WHERE exp_e='09-22822775' AND c_asigna='300317' AND status IN ('0','3','B') [1][0] OK
C:[20/05/2013 22:45:40.43][190.198.148.125][1405] SELECT c_asigna FROM dace004 WHERE exp_e='09-22822775' AND c_asigna='300209' AND status IN ('0','3','B') [1][0] OK
C:[20/05/2013 22:45:41.31][190.198.148.125][1436] SELECT par_cod_asig1,par_cod_asig2,par_cod_asig3 FROM tblaca009 WHERE pensum='5' AND c_uni_ca='4' AND c_asigna='300226' [1][0] OK
C:[20/05/2013 22:45:41.31][190.198.148.125][1436] SELECT par_cod_asig1,par_cod_asig2,par_cod_asig3 FROM tblaca009 WHERE pensum='5' AND c_uni_ca='4' AND c_asigna='300213' [1][0] OK
C:[20/05/2013 22:45:41.31][190.198.148.125][1450] SELECT c_asigna FROM dace004 WHERE exp_e='09-22822775' AND c_asigna='300209' AND status IN ('0','3','B','C') [1][0] OK
C:[20/05/2013 22:45:41.31][190.198.148.125][1436] SELECT par_cod_asig1,par_cod_asig2,par_cod_asig3 FROM tblaca009 WHERE pensum='5' AND c_uni_ca='4' AND c_asigna='300318' [1][0] OK
C:[20/05/2013 22:45:41.31][190.198.148.125][1436] SELECT par_cod_asig1,par_cod_asig2,par_cod_asig3 FROM tblaca009 WHERE pensum='5' AND c_uni_ca='4' AND c_asigna='330310' [1][0] OK
C:[20/05/2013 22:45:41.31][190.198.148.125][1436] SELECT par_cod_asig1,par_cod_asig2,par_cod_asig3 FROM tblaca009 WHERE pensum='5' AND c_uni_ca='4' AND c_asigna='333441' [1][0] OK
C:[20/05/2013 22:45:41.06][190.198.148.125][1566] SELECT horas_lab FROM tblaca008 WHERE c_asigna='300226' AND horas_teoricas > 0 [1][0] OK
C:[20/05/2013 22:45:41.18][190.198.148.125][1600] SELECT sum(u_creditos*1) FROM dace006 a, tblaca009 b WHERE a.exp_e='09-22822775' AND a.lapso='2013-1' AND b.pensum='5' AND b.c_uni_ca='4' AND status IN ('7','A','2') AND a.c_asigna=b.c_asigna  [1][0] OK
C:[20/05/2013 22:45:41.55][190.198.148.125][1619] SELECT sum(u_creditos*1) FROM dace006 a, tblaca009 b WHERE a.exp_e='09-22822775' AND a.lapso='2013-1' AND b.pensum='5' AND b.c_uni_ca='4' AND status IN ('7','A','2') AND a.c_asigna=b.c_asigna AND a.c_asigna IN ('300213','300318','330310','333441') [1][0] OK
C:[20/05/2013 22:45:41.93][190.198.148.125][1635] SELECT MAX(semestre) FROM dace006 a, tblaca009 b WHERE a.exp_e='09-22822775' AND a.lapso='2013-1' AND b.pensum='5' AND b.c_uni_ca='4' AND status IN ('7','A','2') AND a.c_asigna=b.c_asigna  [1][0] OK
C:[20/05/2013 22:45:41.31][190.198.148.125][1655] SELECT MIN(semestre) FROM dace006 a, tblaca009 b WHERE a.exp_e='09-22822775' AND a.lapso='2013-1' AND b.pensum='5' AND b.c_uni_ca='4' AND status IN ('7','A','2') AND a.c_asigna=b.c_asigna AND a.c_asigna IN ('300226') [1][0] OK
C:[21/05/2013 08:50:22.63][172.16.9.67][1392] SELECT pre_cod_asig1,pre_cod_asig2,pre_cod_asig3,pre_cod_asig4,pre_cod_asig5,pre_cod_asig6,pre_cod_asig7 FROM tblaca009 WHERE pensum='5' AND c_uni_ca='6' AND c_asigna='300676' [1][0] OK
C:[21/05/2013 08:50:22.63][172.16.9.67][1392] SELECT pre_cod_asig1,pre_cod_asig2,pre_cod_asig3,pre_cod_asig4,pre_cod_asig5,pre_cod_asig6,pre_cod_asig7 FROM tblaca009 WHERE pensum='5' AND c_uni_ca='6' AND c_asigna='300422' [1][0] OK
C:[21/05/2013 08:50:22.63][172.16.9.67][1405] SELECT c_asigna FROM dace004 WHERE exp_e='08-20507906' AND c_asigna='300105' AND status IN ('0','3','B') [1][0] OK
C:[21/05/2013 08:50:22.63][172.16.9.67][1405] SELECT c_asigna FROM dace004 WHERE exp_e='08-20507906' AND c_asigna='300314' AND status IN ('0','3','B') [1][0] OK
C:[21/05/2013 08:50:22.63][172.16.9.67][1392] SELECT pre_cod_asig1,pre_cod_asig2,pre_cod_asig3,pre_cod_asig4,pre_cod_asig5,pre_cod_asig6,pre_cod_asig7 FROM tblaca009 WHERE pensum='5' AND c_uni_ca='6' AND c_asigna='342436' [1][0] OK
C:[21/05/2013 08:50:22.63][172.16.9.67][1405] SELECT c_asigna FROM dace004 WHERE exp_e='08-20507906' AND c_asigna='300318' AND status IN ('0','3','B') [1][0] OK
C:[21/05/2013 08:50:22.63][172.16.9.67][1405] SELECT c_asigna FROM dace004 WHERE exp_e='08-20507906' AND c_asigna='300317' AND status IN ('0','3','B') [1][0] OK
C:[21/05/2013 08:50:22.63][172.16.9.67][1392] SELECT pre_cod_asig1,pre_cod_asig2,pre_cod_asig3,pre_cod_asig4,pre_cod_asig5,pre_cod_asig6,pre_cod_asig7 FROM tblaca009 WHERE pensum='5' AND c_uni_ca='6' AND c_asigna='342444' [1][0] OK
C:[21/05/2013 08:50:22.63][172.16.9.67][1405] SELECT c_asigna FROM dace004 WHERE exp_e='08-20507906' AND c_asigna='340323' AND status IN ('0','3','B') [1][0] OK
C:[21/05/2013 08:50:22.63][172.16.9.67][1392] SELECT pre_cod_asig1,pre_cod_asig2,pre_cod_asig3,pre_cod_asig4,pre_cod_asig5,pre_cod_asig6,pre_cod_asig7 FROM tblaca009 WHERE pensum='5' AND c_uni_ca='6' AND c_asigna='344687' [1][0] OK
C:[21/05/2013 08:50:22.63][172.16.9.67][1405] SELECT c_asigna FROM dace004 WHERE exp_e='08-20507906' AND c_asigna='344565' AND status IN ('0','3','B') [1][0] OK
C:[21/05/2013 08:50:22.63][172.16.9.67][1392] SELECT pre_cod_asig1,pre_cod_asig2,pre_cod_asig3,pre_cod_asig4,pre_cod_asig5,pre_cod_asig6,pre_cod_asig7 FROM tblaca009 WHERE pensum='5' AND c_uni_ca='6' AND c_asigna='344689' [1][0] OK
C:[21/05/2013 08:50:22.63][172.16.9.67][1405] SELECT c_asigna FROM dace004 WHERE exp_e='08-20507906' AND c_asigna='344566' AND status IN ('0','3','B') [1][0] OK
C:[21/05/2013 08:50:22.63][172.16.9.67][1405] SELECT c_asigna FROM dace004 WHERE exp_e='08-20507906' AND c_asigna='300313' AND status IN ('0','3','B') [1][0] OK
C:[21/05/2013 08:50:23.38][172.16.9.67][1436] SELECT par_cod_asig1,par_cod_asig2,par_cod_asig3 FROM tblaca009 WHERE pensum='5' AND c_uni_ca='6' AND c_asigna='300676' [1][0] OK
C:[21/05/2013 08:50:23.38][172.16.9.67][1436] SELECT par_cod_asig1,par_cod_asig2,par_cod_asig3 FROM tblaca009 WHERE pensum='5' AND c_uni_ca='6' AND c_asigna='300422' [1][0] OK
C:[21/05/2013 08:50:23.38][172.16.9.67][1436] SELECT par_cod_asig1,par_cod_asig2,par_cod_asig3 FROM tblaca009 WHERE pensum='5' AND c_uni_ca='6' AND c_asigna='342436' [1][0] OK
C:[21/05/2013 08:50:23.38][172.16.9.67][1436] SELECT par_cod_asig1,par_cod_asig2,par_cod_asig3 FROM tblaca009 WHERE pensum='5' AND c_uni_ca='6' AND c_asigna='342444' [1][0] OK
C:[21/05/2013 08:50:23.38][172.16.9.67][1436] SELECT par_cod_asig1,par_cod_asig2,par_cod_asig3 FROM tblaca009 WHERE pensum='5' AND c_uni_ca='6' AND c_asigna='344687' [1][0] OK
C:[21/05/2013 08:50:23.38][172.16.9.67][1436] SELECT par_cod_asig1,par_cod_asig2,par_cod_asig3 FROM tblaca009 WHERE pensum='5' AND c_uni_ca='6' AND c_asigna='344689' [1][0] OK
C:[21/05/2013 08:50:23.14][172.16.9.67][1566] SELECT horas_lab FROM tblaca008 WHERE c_asigna='300676' AND horas_teoricas > 0 [1][0] OK
C:[21/05/2013 08:50:23.26][172.16.9.67][1600] SELECT sum(u_creditos*1) FROM dace006 a, tblaca009 b WHERE a.exp_e='08-20507906' AND a.lapso='2013-1' AND b.pensum='5' AND b.c_uni_ca='6' AND status IN ('7','A','2') AND a.c_asigna=b.c_asigna  [1][0] OK
C:[21/05/2013 08:50:23.76][172.16.9.67][1619] SELECT sum(u_creditos*1) FROM dace006 a, tblaca009 b WHERE a.exp_e='08-20507906' AND a.lapso='2013-1' AND b.pensum='5' AND b.c_uni_ca='6' AND status IN ('7','A','2') AND a.c_asigna=b.c_asigna AND a.c_asigna IN ('300422','342436','342444','344687','344689') [1][0] OK
C:[21/05/2013 08:50:23.70][172.16.9.67][1635] SELECT MAX(semestre) FROM dace006 a, tblaca009 b WHERE a.exp_e='08-20507906' AND a.lapso='2013-1' AND b.pensum='5' AND b.c_uni_ca='6' AND status IN ('7','A','2') AND a.c_asigna=b.c_asigna  [1][0] OK
C:[21/05/2013 08:50:23.63][172.16.9.67][1655] SELECT MIN(semestre) FROM dace006 a, tblaca009 b WHERE a.exp_e='08-20507906' AND a.lapso='2013-1' AND b.pensum='5' AND b.c_uni_ca='6' AND status IN ('7','A','2') AND a.c_asigna=b.c_asigna AND a.c_asigna IN ('300676') [1][0] OK
C:[21/05/2013 10:34:08.02][186.90.191.249][1392] SELECT pre_cod_asig1,pre_cod_asig2,pre_cod_asig3,pre_cod_asig4,pre_cod_asig5,pre_cod_asig6,pre_cod_asig7 FROM tblaca009 WHERE pensum='5' AND c_uni_ca='6' AND c_asigna='300677' [1][0] OK
C:[21/05/2013 10:34:08.02][186.90.191.249][1392] SELECT pre_cod_asig1,pre_cod_asig2,pre_cod_asig3,pre_cod_asig4,pre_cod_asig5,pre_cod_asig6,pre_cod_asig7 FROM tblaca009 WHERE pensum='5' AND c_uni_ca='6' AND c_asigna='300226' [1][0] OK
C:[21/05/2013 10:34:08.02][186.90.191.249][1405] SELECT c_asigna FROM dace004 WHERE exp_e='07-20171109' AND c_asigna='300116' AND status IN ('0','3','B') [1][0] OK
C:[21/05/2013 10:34:08.02][186.90.191.249][1392] SELECT pre_cod_asig1,pre_cod_asig2,pre_cod_asig3,pre_cod_asig4,pre_cod_asig5,pre_cod_asig6,pre_cod_asig7 FROM tblaca009 WHERE pensum='5' AND c_uni_ca='6' AND c_asigna='342559' [1][0] OK
C:[21/05/2013 10:34:08.02][186.90.191.249][1405] SELECT c_asigna FROM dace004 WHERE exp_e='07-20171109' AND c_asigna='342436' AND status IN ('0','3','B') [1][0] OK
C:[21/05/2013 10:34:08.02][186.90.191.249][1392] SELECT pre_cod_asig1,pre_cod_asig2,pre_cod_asig3,pre_cod_asig4,pre_cod_asig5,pre_cod_asig6,pre_cod_asig7 FROM tblaca009 WHERE pensum='5' AND c_uni_ca='6' AND c_asigna='344688' [1][0] OK
C:[21/05/2013 10:34:08.02][186.90.191.249][1405] SELECT c_asigna FROM dace004 WHERE exp_e='07-20171109' AND c_asigna='342567' AND status IN ('0','3','B') [1][0] OK
C:[21/05/2013 10:34:08.02][186.90.191.249][1405] SELECT c_asigna FROM dace004 WHERE exp_e='07-20171109' AND c_asigna='344565' AND status IN ('0','3','B') [1][0] OK
C:[21/05/2013 10:34:08.02][186.90.191.249][1436] SELECT par_cod_asig1,par_cod_asig2,par_cod_asig3 FROM tblaca009 WHERE pensum='5' AND c_uni_ca='6' AND c_asigna='300677' [1][0] OK
C:[21/05/2013 10:34:08.02][186.90.191.249][1436] SELECT par_cod_asig1,par_cod_asig2,par_cod_asig3 FROM tblaca009 WHERE pensum='5' AND c_uni_ca='6' AND c_asigna='300226' [1][0] OK
C:[21/05/2013 10:34:08.02][186.90.191.249][1436] SELECT par_cod_asig1,par_cod_asig2,par_cod_asig3 FROM tblaca009 WHERE pensum='5' AND c_uni_ca='6' AND c_asigna='342559' [1][0] OK
C:[21/05/2013 10:34:08.02][186.90.191.249][1436] SELECT par_cod_asig1,par_cod_asig2,par_cod_asig3 FROM tblaca009 WHERE pensum='5' AND c_uni_ca='6' AND c_asigna='344688' [1][0] OK
C:[21/05/2013 10:34:08.53][186.90.191.249][1566] SELECT horas_lab FROM tblaca008 WHERE c_asigna='300677' AND horas_teoricas > 0 [1][0] OK
C:[21/05/2013 10:34:08.64][186.90.191.249][1600] SELECT sum(u_creditos*1) FROM dace006 a, tblaca009 b WHERE a.exp_e='07-20171109' AND a.lapso='2013-1' AND b.pensum='5' AND b.c_uni_ca='6' AND status IN ('7','A','2') AND a.c_asigna=b.c_asigna  [1][0] OK
C:[21/05/2013 10:34:08.02][186.90.191.249][1619] SELECT sum(u_creditos*1) FROM dace006 a, tblaca009 b WHERE a.exp_e='07-20171109' AND a.lapso='2013-1' AND b.pensum='5' AND b.c_uni_ca='6' AND status IN ('7','A','2') AND a.c_asigna=b.c_asigna AND a.c_asigna IN ('300226','342559','344688') [1][0] OK
C:[21/05/2013 10:34:08.39][186.90.191.249][1635] SELECT MAX(semestre) FROM dace006 a, tblaca009 b WHERE a.exp_e='07-20171109' AND a.lapso='2013-1' AND b.pensum='5' AND b.c_uni_ca='6' AND status IN ('7','A','2') AND a.c_asigna=b.c_asigna  [1][0] OK
C:[21/05/2013 10:34:08.77][186.90.191.249][1655] SELECT MIN(semestre) FROM dace006 a, tblaca009 b WHERE a.exp_e='07-20171109' AND a.lapso='2013-1' AND b.pensum='5' AND b.c_uni_ca='6' AND status IN ('7','A','2') AND a.c_asigna=b.c_asigna AND a.c_asigna IN ('300677') [1][0] OK
C:[21/05/2013 12:35:03.05][172.16.8.113][1392] SELECT pre_cod_asig1,pre_cod_asig2,pre_cod_asig3,pre_cod_asig4,pre_cod_asig5,pre_cod_asig6,pre_cod_asig7 FROM tblaca009 WHERE pensum='5' AND c_uni_ca='3' AND c_asigna='300676' [1][0] OK
C:[21/05/2013 12:35:03.05][172.16.8.113][1392] SELECT pre_cod_asig1,pre_cod_asig2,pre_cod_asig3,pre_cod_asig4,pre_cod_asig5,pre_cod_asig6,pre_cod_asig7 FROM tblaca009 WHERE pensum='5' AND c_uni_ca='3' AND c_asigna='300422' [1][0] OK
C:[21/05/2013 12:35:03.05][172.16.8.113][1405] SELECT c_asigna FROM dace004 WHERE exp_e='07-20136232' AND c_asigna='300105' AND status IN ('0','3','B') [1][0] OK
C:[21/05/2013 12:35:03.05][172.16.8.113][1405] SELECT c_asigna FROM dace004 WHERE exp_e='07-20136232' AND c_asigna='300314' AND status IN ('0','3','B') [1][0] OK
C:[21/05/2013 12:35:03.05][172.16.8.113][1392] SELECT pre_cod_asig1,pre_cod_asig2,pre_cod_asig3,pre_cod_asig4,pre_cod_asig5,pre_cod_asig6,pre_cod_asig7 FROM tblaca009 WHERE pensum='5' AND c_uni_ca='3' AND c_asigna='311552' [1][0] OK
C:[21/05/2013 12:35:03.05][172.16.8.113][1405] SELECT c_asigna FROM dace004 WHERE exp_e='07-20136232' AND c_asigna='300317' AND status IN ('0','3','B') [1][0] OK
C:[21/05/2013 12:35:03.05][172.16.8.113][1405] SELECT c_asigna FROM dace004 WHERE exp_e='07-20136232' AND c_asigna='300209' AND status IN ('0','3','B') [1][0] OK
C:[21/05/2013 12:35:03.05][172.16.8.113][1392] SELECT pre_cod_asig1,pre_cod_asig2,pre_cod_asig3,pre_cod_asig4,pre_cod_asig5,pre_cod_asig6,pre_cod_asig7 FROM tblaca009 WHERE pensum='5' AND c_uni_ca='3' AND c_asigna='311673' [1][0] OK
C:[21/05/2013 12:35:03.05][172.16.8.113][1405] SELECT c_asigna FROM dace004 WHERE exp_e='07-20136232' AND c_asigna='311551' AND status IN ('0','3','B') [1][0] OK
C:[21/05/2013 12:35:03.05][172.16.8.113][1405] SELECT c_asigna FROM dace004 WHERE exp_e='07-20136232' AND c_asigna='311554' AND status IN ('0','3','B') [1][0] OK
C:[21/05/2013 12:35:03.05][172.16.8.113][1405] SELECT c_asigna FROM dace004 WHERE exp_e='07-20136232' AND c_asigna='311320' AND status IN ('0','3','B') [1][0] OK
C:[21/05/2013 12:35:03.05][172.16.8.113][1392] SELECT pre_cod_asig1,pre_cod_asig2,pre_cod_asig3,pre_cod_asig4,pre_cod_asig5,pre_cod_asig6,pre_cod_asig7 FROM tblaca009 WHERE pensum='5' AND c_uni_ca='3' AND c_asigna='311824' [1][0] OK
C:[21/05/2013 12:35:03.05][172.16.8.113][1405] SELECT c_asigna FROM dace004 WHERE exp_e='07-20136232' AND c_asigna='311796' AND status IN ('0','3','B') [1][0] OK
C:[21/05/2013 12:35:03.05][172.16.8.113][1392] SELECT pre_cod_asig1,pre_cod_asig2,pre_cod_asig3,pre_cod_asig4,pre_cod_asig5,pre_cod_asig6,pre_cod_asig7 FROM tblaca009 WHERE pensum='5' AND c_uni_ca='3' AND c_asigna='311827' [1][0] OK
C:[21/05/2013 12:35:03.05][172.16.8.113][1405] SELECT c_asigna FROM dace004 WHERE exp_e='07-20136232' AND c_asigna='311704' AND status IN ('0','3','B') [1][0] OK
C:[21/05/2013 12:35:04.93][172.16.8.113][1436] SELECT par_cod_asig1,par_cod_asig2,par_cod_asig3 FROM tblaca009 WHERE pensum='5' AND c_uni_ca='3' AND c_asigna='300676' [1][0] OK
C:[21/05/2013 12:35:04.93][172.16.8.113][1436] SELECT par_cod_asig1,par_cod_asig2,par_cod_asig3 FROM tblaca009 WHERE pensum='5' AND c_uni_ca='3' AND c_asigna='300422' [1][0] OK
C:[21/05/2013 12:35:04.93][172.16.8.113][1436] SELECT par_cod_asig1,par_cod_asig2,par_cod_asig3 FROM tblaca009 WHERE pensum='5' AND c_uni_ca='3' AND c_asigna='311552' [1][0] OK
C:[21/05/2013 12:35:04.93][172.16.8.113][1436] SELECT par_cod_asig1,par_cod_asig2,par_cod_asig3 FROM tblaca009 WHERE pensum='5' AND c_uni_ca='3' AND c_asigna='311673' [1][0] OK
C:[21/05/2013 12:35:04.93][172.16.8.113][1436] SELECT par_cod_asig1,par_cod_asig2,par_cod_asig3 FROM tblaca009 WHERE pensum='5' AND c_uni_ca='3' AND c_asigna='311824' [1][0] OK
C:[21/05/2013 12:35:04.93][172.16.8.113][1436] SELECT par_cod_asig1,par_cod_asig2,par_cod_asig3 FROM tblaca009 WHERE pensum='5' AND c_uni_ca='3' AND c_asigna='311827' [1][0] OK
C:[21/05/2013 12:35:04.69][172.16.8.113][1566] SELECT horas_lab FROM tblaca008 WHERE c_asigna='300676' AND horas_teoricas > 0 [1][0] OK
C:[21/05/2013 12:35:04.81][172.16.8.113][1600] SELECT sum(u_creditos*1) FROM dace006 a, tblaca009 b WHERE a.exp_e='07-20136232' AND a.lapso='2013-1' AND b.pensum='5' AND b.c_uni_ca='3' AND status IN ('7','A','2') AND a.c_asigna=b.c_asigna  [1][0] OK
C:[21/05/2013 12:35:04.13][172.16.8.113][1619] SELECT sum(u_creditos*1) FROM dace006 a, tblaca009 b WHERE a.exp_e='07-20136232' AND a.lapso='2013-1' AND b.pensum='5' AND b.c_uni_ca='3' AND status IN ('7','A','2') AND a.c_asigna=b.c_asigna AND a.c_asigna IN ('300422','311552','311673','311824','311827') [1][0] OK
C:[21/05/2013 12:35:04.87][172.16.8.113][1635] SELECT MAX(semestre) FROM dace006 a, tblaca009 b WHERE a.exp_e='07-20136232' AND a.lapso='2013-1' AND b.pensum='5' AND b.c_uni_ca='3' AND status IN ('7','A','2') AND a.c_asigna=b.c_asigna  [1][0] OK
C:[21/05/2013 12:35:05.37][172.16.8.113][1655] SELECT MIN(semestre) FROM dace006 a, tblaca009 b WHERE a.exp_e='07-20136232' AND a.lapso='2013-1' AND b.pensum='5' AND b.c_uni_ca='3' AND status IN ('7','A','2') AND a.c_asigna=b.c_asigna AND a.c_asigna IN ('300676') [1][0] OK
C:[21/05/2013 13:39:33.88][172.16.0.254][1392] SELECT pre_cod_asig1,pre_cod_asig2,pre_cod_asig3,pre_cod_asig4,pre_cod_asig5,pre_cod_asig6,pre_cod_asig7 FROM tblaca009 WHERE pensum='5' AND c_uni_ca='3' AND c_asigna='300222' [1][0] OK
C:[21/05/2013 13:39:33.88][172.16.0.254][1405] SELECT c_asigna FROM dace004 WHERE exp_e='11-21247129' AND c_asigna='300112' AND status IN ('0','3','B') [1][0] OK
C:[21/05/2013 13:39:33.88][172.16.0.254][1392] SELECT pre_cod_asig1,pre_cod_asig2,pre_cod_asig3,pre_cod_asig4,pre_cod_asig5,pre_cod_asig6,pre_cod_asig7 FROM tblaca009 WHERE pensum='5' AND c_uni_ca='3' AND c_asigna='300314' [1][0] OK
C:[21/05/2013 13:39:33.88][172.16.0.254][1405] SELECT c_asigna FROM dace004 WHERE exp_e='11-21247129' AND c_asigna='300106' AND status IN ('0','3','B') [1][0] OK
C:[21/05/2013 13:39:33.88][172.16.0.254][1392] SELECT pre_cod_asig1,pre_cod_asig2,pre_cod_asig3,pre_cod_asig4,pre_cod_asig5,pre_cod_asig6,pre_cod_asig7 FROM tblaca009 WHERE pensum='5' AND c_uni_ca='3' AND c_asigna='300317' [1][0] OK
C:[21/05/2013 13:39:33.88][172.16.0.254][1405] SELECT c_asigna FROM dace004 WHERE exp_e='11-21247129' AND c_asigna='300207' AND status IN ('0','3','B') [1][0] OK
C:[21/05/2013 13:39:33.88][172.16.0.254][1405] SELECT c_asigna FROM dace004 WHERE exp_e='11-21247129' AND c_asigna='300209' AND status IN ('0','3','B') [1][0] OK
C:[21/05/2013 13:39:33.88][172.16.0.254][1392] SELECT pre_cod_asig1,pre_cod_asig2,pre_cod_asig3,pre_cod_asig4,pre_cod_asig5,pre_cod_asig6,pre_cod_asig7 FROM tblaca009 WHERE pensum='5' AND c_uni_ca='3' AND c_asigna='300318' [1][0] OK
C:[21/05/2013 13:39:33.88][172.16.0.254][1405] SELECT c_asigna FROM dace004 WHERE exp_e='11-21247129' AND c_asigna='300228' AND status IN ('0','3','B') [1][0] OK
C:[21/05/2013 13:39:33.88][172.16.0.254][1405] SELECT c_asigna FROM dace004 WHERE exp_e='11-21247129' AND c_asigna='300207' AND status IN ('0','3','B') [1][0] OK
C:[21/05/2013 13:39:33.88][172.16.0.254][1405] SELECT c_asigna FROM dace004 WHERE exp_e='11-21247129' AND c_asigna='300218' AND status IN ('0','3','B') [1][0] OK
C:[21/05/2013 13:39:33.88][172.16.0.254][1392] SELECT pre_cod_asig1,pre_cod_asig2,pre_cod_asig3,pre_cod_asig4,pre_cod_asig5,pre_cod_asig6,pre_cod_asig7 FROM tblaca009 WHERE pensum='5' AND c_uni_ca='3' AND c_asigna='311320' [1][0] OK
C:[21/05/2013 13:39:33.88][172.16.0.254][1405] SELECT c_asigna FROM dace004 WHERE exp_e='11-21247129' AND c_asigna='300013' AND status IN ('0','3','B') [1][0] OK
C:[21/05/2013 13:39:33.88][172.16.0.254][1405] SELECT c_asigna FROM dace004 WHERE exp_e='11-21247129' AND c_asigna='300113' AND status IN ('0','3','B') [1][0] OK
C:[21/05/2013 13:39:33.88][172.16.0.254][1392] SELECT pre_cod_asig1,pre_cod_asig2,pre_cod_asig3,pre_cod_asig4,pre_cod_asig5,pre_cod_asig6,pre_cod_asig7 FROM tblaca009 WHERE pensum='5' AND c_uni_ca='3' AND c_asigna='312333' [1][0] OK
C:[21/05/2013 13:39:33.88][172.16.0.254][1405] SELECT c_asigna FROM dace004 WHERE exp_e='11-21247129' AND c_asigna='300228' AND status IN ('0','3','B') [1][0] OK
C:[21/05/2013 13:39:34.44][172.16.0.254][1436] SELECT par_cod_asig1,par_cod_asig2,par_cod_asig3 FROM tblaca009 WHERE pensum='5' AND c_uni_ca='3' AND c_asigna='300222' [1][0] OK
C:[21/05/2013 13:39:34.44][172.16.0.254][1436] SELECT par_cod_asig1,par_cod_asig2,par_cod_asig3 FROM tblaca009 WHERE pensum='5' AND c_uni_ca='3' AND c_asigna='300314' [1][0] OK
C:[21/05/2013 13:39:34.44][172.16.0.254][1436] SELECT par_cod_asig1,par_cod_asig2,par_cod_asig3 FROM tblaca009 WHERE pensum='5' AND c_uni_ca='3' AND c_asigna='300317' [1][0] OK
C:[21/05/2013 13:39:34.44][172.16.0.254][1436] SELECT par_cod_asig1,par_cod_asig2,par_cod_asig3 FROM tblaca009 WHERE pensum='5' AND c_uni_ca='3' AND c_asigna='300318' [1][0] OK
C:[21/05/2013 13:39:34.44][172.16.0.254][1436] SELECT par_cod_asig1,par_cod_asig2,par_cod_asig3 FROM tblaca009 WHERE pensum='5' AND c_uni_ca='3' AND c_asigna='311320' [1][0] OK
C:[21/05/2013 13:39:34.44][172.16.0.254][1436] SELECT par_cod_asig1,par_cod_asig2,par_cod_asig3 FROM tblaca009 WHERE pensum='5' AND c_uni_ca='3' AND c_asigna='312333' [1][0] OK
C:[21/05/2013 13:39:34.21][172.16.0.254][1566] SELECT horas_lab FROM tblaca008 WHERE c_asigna='300222' AND horas_teoricas > 0 [1][0] OK
C:[21/05/2013 13:39:34.32][172.16.0.254][1600] SELECT sum(u_creditos*1) FROM dace006 a, tblaca009 b WHERE a.exp_e='11-21247129' AND a.lapso='2013-1' AND b.pensum='5' AND b.c_uni_ca='3' AND status IN ('7','A','2') AND a.c_asigna=b.c_asigna  [1][0] OK
C:[21/05/2013 13:39:34.72][172.16.0.254][1619] SELECT sum(u_creditos*1) FROM dace006 a, tblaca009 b WHERE a.exp_e='11-21247129' AND a.lapso='2013-1' AND b.pensum='5' AND b.c_uni_ca='3' AND status IN ('7','A','2') AND a.c_asigna=b.c_asigna AND a.c_asigna IN ('300314','300317','300318','311320','312333') [1][0] OK
C:[21/05/2013 13:39:34.08][172.16.0.254][1635] SELECT MAX(semestre) FROM dace006 a, tblaca009 b WHERE a.exp_e='11-21247129' AND a.lapso='2013-1' AND b.pensum='5' AND b.c_uni_ca='3' AND status IN ('7','A','2') AND a.c_asigna=b.c_asigna  [1][0] OK
C:[21/05/2013 13:39:34.45][172.16.0.254][1655] SELECT MIN(semestre) FROM dace006 a, tblaca009 b WHERE a.exp_e='11-21247129' AND a.lapso='2013-1' AND b.pensum='5' AND b.c_uni_ca='3' AND status IN ('7','A','2') AND a.c_asigna=b.c_asigna AND a.c_asigna IN ('300222') [1][0] OK
C:[21/05/2013 14:27:23.31][186.90.48.41][1392] SELECT pre_cod_asig1,pre_cod_asig2,pre_cod_asig3,pre_cod_asig4,pre_cod_asig5,pre_cod_asig6,pre_cod_asig7 FROM tblaca009 WHERE pensum='5' AND c_uni_ca='4' AND c_asigna='333830' [1][0] OK
C:[21/05/2013 14:27:23.31][186.90.48.41][1405] SELECT c_asigna FROM dace004 WHERE exp_e='09-20887593' AND c_asigna='333710' AND status IN ('0','3','B') [1][0] OK
C:[21/05/2013 14:27:23.31][186.90.48.41][1405] SELECT c_asigna FROM dace004 WHERE exp_e='09-20887593' AND c_asigna='333782' AND status IN ('0','3','B') [1][0] OK
C:[21/05/2013 14:27:23.31][186.90.48.41][1392] SELECT pre_cod_asig1,pre_cod_asig2,pre_cod_asig3,pre_cod_asig4,pre_cod_asig5,pre_cod_asig6,pre_cod_asig7 FROM tblaca009 WHERE pensum='5' AND c_uni_ca='4' AND c_asigna='334762' [1][0] OK
C:[21/05/2013 14:27:23.31][186.90.48.41][1392] SELECT pre_cod_asig1,pre_cod_asig2,pre_cod_asig3,pre_cod_asig4,pre_cod_asig5,pre_cod_asig6,pre_cod_asig7 FROM tblaca009 WHERE pensum='5' AND c_uni_ca='4' AND c_asigna='334781' [1][0] OK
C:[21/05/2013 14:27:23.31][186.90.48.41][1405] SELECT c_asigna FROM dace004 WHERE exp_e='09-20887593' AND c_asigna='333444' AND status IN ('0','3','B') [1][0] OK
C:[21/05/2013 14:27:23.31][186.90.48.41][1405] SELECT c_asigna FROM dace004 WHERE exp_e='09-20887593' AND c_asigna='300209' AND status IN ('0','3','B') [1][0] OK
C:[21/05/2013 14:27:23.31][186.90.48.41][1405] SELECT c_asigna FROM dace004 WHERE exp_e='09-20887593' AND c_asigna='300313' AND status IN ('0','3','B') [1][0] OK
C:[21/05/2013 14:27:23.31][186.90.48.41][1405] SELECT c_asigna FROM dace004 WHERE exp_e='09-20887593' AND c_asigna='300222' AND status IN ('0','3','B') [1][0] OK
C:[21/05/2013 14:27:23.31][186.90.48.41][1405] SELECT c_asigna FROM dace004 WHERE exp_e='09-20887593' AND c_asigna='300226' AND status IN ('0','3','B') [1][0] OK
C:[21/05/2013 14:27:23.31][186.90.48.41][1405] SELECT c_asigna FROM dace004 WHERE exp_e='09-20887593' AND c_asigna='300317' AND status IN ('0','3','B') [1][0] OK
C:[21/05/2013 14:27:23.31][186.90.48.41][1392] SELECT pre_cod_asig1,pre_cod_asig2,pre_cod_asig3,pre_cod_asig4,pre_cod_asig5,pre_cod_asig6,pre_cod_asig7 FROM tblaca009 WHERE pensum='5' AND c_uni_ca='4' AND c_asigna='333809' [1][0] OK
C:[21/05/2013 14:27:23.31][186.90.48.41][1405] SELECT c_asigna FROM dace004 WHERE exp_e='09-20887593' AND c_asigna='333683' AND status IN ('0','3','B') [1][0] OK
C:[21/05/2013 14:27:23.31][186.90.48.41][1405] SELECT c_asigna FROM dace004 WHERE exp_e='09-20887593' AND c_asigna='333710' AND status IN ('0','3','B') [1][0] OK
C:[21/05/2013 14:27:23.31][186.90.48.41][1392] SELECT pre_cod_asig1,pre_cod_asig2,pre_cod_asig3,pre_cod_asig4,pre_cod_asig5,pre_cod_asig6,pre_cod_asig7 FROM tblaca009 WHERE pensum='5' AND c_uni_ca='4' AND c_asigna='333831' [1][0] OK
C:[21/05/2013 14:27:23.31][186.90.48.41][1405] SELECT c_asigna FROM dace004 WHERE exp_e='09-20887593' AND c_asigna='333611' AND status IN ('0','3','B') [1][0] OK
C:[21/05/2013 14:27:23.31][186.90.48.41][1392] SELECT pre_cod_asig1,pre_cod_asig2,pre_cod_asig3,pre_cod_asig4,pre_cod_asig5,pre_cod_asig6,pre_cod_asig7 FROM tblaca009 WHERE pensum='5' AND c_uni_ca='4' AND c_asigna='333838' [1][0] OK
C:[21/05/2013 14:27:23.31][186.90.48.41][1405] SELECT c_asigna FROM dace004 WHERE exp_e='09-20887593' AND c_asigna='333563' AND status IN ('0','3','B') [1][0] OK
C:[21/05/2013 14:27:23.31][186.90.48.41][1405] SELECT c_asigna FROM dace004 WHERE exp_e='09-20887593' AND c_asigna='333683' AND status IN ('0','3','B') [1][0] OK
C:[21/05/2013 14:27:23.69][186.90.48.41][1436] SELECT par_cod_asig1,par_cod_asig2,par_cod_asig3 FROM tblaca009 WHERE pensum='5' AND c_uni_ca='4' AND c_asigna='333830' [1][0] OK
C:[21/05/2013 14:27:23.69][186.90.48.41][1436] SELECT par_cod_asig1,par_cod_asig2,par_cod_asig3 FROM tblaca009 WHERE pensum='5' AND c_uni_ca='4' AND c_asigna='334762' [1][0] OK
C:[21/05/2013 14:27:23.69][186.90.48.41][1436] SELECT par_cod_asig1,par_cod_asig2,par_cod_asig3 FROM tblaca009 WHERE pensum='5' AND c_uni_ca='4' AND c_asigna='334781' [1][0] OK
C:[21/05/2013 14:27:23.69][186.90.48.41][1436] SELECT par_cod_asig1,par_cod_asig2,par_cod_asig3 FROM tblaca009 WHERE pensum='5' AND c_uni_ca='4' AND c_asigna='333809' [1][0] OK
C:[21/05/2013 14:27:23.69][186.90.48.41][1436] SELECT par_cod_asig1,par_cod_asig2,par_cod_asig3 FROM tblaca009 WHERE pensum='5' AND c_uni_ca='4' AND c_asigna='333831' [1][0] OK
C:[21/05/2013 14:27:23.69][186.90.48.41][1436] SELECT par_cod_asig1,par_cod_asig2,par_cod_asig3 FROM tblaca009 WHERE pensum='5' AND c_uni_ca='4' AND c_asigna='333838' [1][0] OK
C:[21/05/2013 14:27:24.45][186.90.48.41][1566] SELECT horas_lab FROM tblaca008 WHERE c_asigna='333830' AND horas_teoricas > 0 [1][0] OK
C:[21/05/2013 14:27:24.57][186.90.48.41][1600] SELECT sum(u_creditos*1) FROM dace006 a, tblaca009 b WHERE a.exp_e='09-20887593' AND a.lapso='2013-1' AND b.pensum='5' AND b.c_uni_ca='4' AND status IN ('7','A','2') AND a.c_asigna=b.c_asigna  [1][0] OK
C:[21/05/2013 14:27:24.51][186.90.48.41][1619] SELECT sum(u_creditos*1) FROM dace006 a, tblaca009 b WHERE a.exp_e='09-20887593' AND a.lapso='2013-1' AND b.pensum='5' AND b.c_uni_ca='4' AND status IN ('7','A','2') AND a.c_asigna=b.c_asigna AND a.c_asigna IN ('334762','334781','333809','333831','333838') [1][0] OK
C:[21/05/2013 14:27:24.44][186.90.48.41][1635] SELECT MAX(semestre) FROM dace006 a, tblaca009 b WHERE a.exp_e='09-20887593' AND a.lapso='2013-1' AND b.pensum='5' AND b.c_uni_ca='4' AND status IN ('7','A','2') AND a.c_asigna=b.c_asigna  [1][0] OK
C:[21/05/2013 14:27:24.39][186.90.48.41][1655] SELECT MIN(semestre) FROM dace006 a, tblaca009 b WHERE a.exp_e='09-20887593' AND a.lapso='2013-1' AND b.pensum='5' AND b.c_uni_ca='4' AND status IN ('7','A','2') AND a.c_asigna=b.c_asigna AND a.c_asigna IN ('333830') [1][0] OK
C:[21/05/2013 15:13:15.87][186.89.222.50][1392] SELECT pre_cod_asig1,pre_cod_asig2,pre_cod_asig3,pre_cod_asig4,pre_cod_asig5,pre_cod_asig6,pre_cod_asig7 FROM tblaca009 WHERE pensum='5' AND c_uni_ca='4' AND c_asigna='300101' [1][0] OK
C:[21/05/2013 15:13:15.87][186.89.222.50][1392] SELECT pre_cod_asig1,pre_cod_asig2,pre_cod_asig3,pre_cod_asig4,pre_cod_asig5,pre_cod_asig6,pre_cod_asig7 FROM tblaca009 WHERE pensum='5' AND c_uni_ca='4' AND c_asigna='300116' [1][0] OK
C:[21/05/2013 15:13:15.12][186.89.222.50][1436] SELECT par_cod_asig1,par_cod_asig2,par_cod_asig3 FROM tblaca009 WHERE pensum='5' AND c_uni_ca='4' AND c_asigna='300101' [1][0] OK
C:[21/05/2013 15:13:15.12][186.89.222.50][1436] SELECT par_cod_asig1,par_cod_asig2,par_cod_asig3 FROM tblaca009 WHERE pensum='5' AND c_uni_ca='4' AND c_asigna='300116' [1][0] OK
C:[21/05/2013 15:13:15.39][186.89.222.50][1566] SELECT horas_lab FROM tblaca008 WHERE c_asigna='300101' AND horas_teoricas > 0 [1][0] OK
C:[21/05/2013 15:13:15.39][186.89.222.50][1566] SELECT horas_lab FROM tblaca008 WHERE c_asigna='300116' AND horas_teoricas > 0 [1][0] OK
C:[21/05/2013 15:13:15.62][186.89.222.50][1600] SELECT sum(u_creditos*1) FROM dace006 a, tblaca009 b WHERE a.exp_e='12-21282574' AND a.lapso='2013-1' AND b.pensum='5' AND b.c_uni_ca='4' AND status IN ('7','A','2') AND a.c_asigna=b.c_asigna  [1][0] OK
C:[21/05/2013 15:13:15.00][186.89.222.50][1619] SELECT sum(u_creditos*1) FROM dace006 a, tblaca009 b WHERE a.exp_e='12-21282574' AND a.lapso='2013-1' AND b.pensum='5' AND b.c_uni_ca='4' AND status IN ('7','A','2') AND a.c_asigna=b.c_asigna AND a.c_asigna IN () [0][0]  {[MERANT][ODBC SQLBase driver][SQLBase]00915 PRS IVC Invalid constant}
C:[21/05/2013 15:13:15.26][186.89.222.50][1635] SELECT MAX(semestre) FROM dace006 a, tblaca009 b WHERE a.exp_e='12-21282574' AND a.lapso='2013-1' AND b.pensum='5' AND b.c_uni_ca='4' AND status IN ('7','A','2') AND a.c_asigna=b.c_asigna  [1][0] [MERANT][ODBC SQLBase driver][SQLBase]00915 PRS IVC Invalid constant
C:[21/05/2013 15:13:15.93][186.89.222.50][1655] SELECT MIN(semestre) FROM dace006 a, tblaca009 b WHERE a.exp_e='12-21282574' AND a.lapso='2013-1' AND b.pensum='5' AND b.c_uni_ca='4' AND status IN ('7','A','2') AND a.c_asigna=b.c_asigna AND a.c_asigna IN ('300101','300116') [1][0] [MERANT][ODBC SQLBase driver][SQLBase]00915 PRS IVC Invalid constant
C:[21/05/2013 15:14:25.85][186.89.222.50][1392] SELECT pre_cod_asig1,pre_cod_asig2,pre_cod_asig3,pre_cod_asig4,pre_cod_asig5,pre_cod_asig6,pre_cod_asig7 FROM tblaca009 WHERE pensum='5' AND c_uni_ca='4' AND c_asigna='300101' [1][0] OK
C:[21/05/2013 15:14:25.85][186.89.222.50][1392] SELECT pre_cod_asig1,pre_cod_asig2,pre_cod_asig3,pre_cod_asig4,pre_cod_asig5,pre_cod_asig6,pre_cod_asig7 FROM tblaca009 WHERE pensum='5' AND c_uni_ca='4' AND c_asigna='300116' [1][0] OK
C:[21/05/2013 15:14:25.10][186.89.222.50][1436] SELECT par_cod_asig1,par_cod_asig2,par_cod_asig3 FROM tblaca009 WHERE pensum='5' AND c_uni_ca='4' AND c_asigna='300101' [1][0] OK
C:[21/05/2013 15:14:25.10][186.89.222.50][1436] SELECT par_cod_asig1,par_cod_asig2,par_cod_asig3 FROM tblaca009 WHERE pensum='5' AND c_uni_ca='4' AND c_asigna='300116' [1][0] OK
C:[21/05/2013 15:14:25.36][186.89.222.50][1566] SELECT horas_lab FROM tblaca008 WHERE c_asigna='300101' AND horas_teoricas > 0 [1][0] OK
C:[21/05/2013 15:14:25.36][186.89.222.50][1566] SELECT horas_lab FROM tblaca008 WHERE c_asigna='300116' AND horas_teoricas > 0 [1][0] OK
C:[21/05/2013 15:14:25.60][186.89.222.50][1600] SELECT sum(u_creditos*1) FROM dace006 a, tblaca009 b WHERE a.exp_e='12-21282574' AND a.lapso='2013-1' AND b.pensum='5' AND b.c_uni_ca='4' AND status IN ('7','A','2') AND a.c_asigna=b.c_asigna  [1][0] OK
C:[21/05/2013 15:14:26.97][186.89.222.50][1619] SELECT sum(u_creditos*1) FROM dace006 a, tblaca009 b WHERE a.exp_e='12-21282574' AND a.lapso='2013-1' AND b.pensum='5' AND b.c_uni_ca='4' AND status IN ('7','A','2') AND a.c_asigna=b.c_asigna AND a.c_asigna IN () [0][0]  {[MERANT][ODBC SQLBase driver][SQLBase]00915 PRS IVC Invalid constant}
C:[21/05/2013 15:14:26.26][186.89.222.50][1635] SELECT MAX(semestre) FROM dace006 a, tblaca009 b WHERE a.exp_e='12-21282574' AND a.lapso='2013-1' AND b.pensum='5' AND b.c_uni_ca='4' AND status IN ('7','A','2') AND a.c_asigna=b.c_asigna  [1][0] [MERANT][ODBC SQLBase driver][SQLBase]00915 PRS IVC Invalid constant
C:[21/05/2013 15:14:26.91][186.89.222.50][1655] SELECT MIN(semestre) FROM dace006 a, tblaca009 b WHERE a.exp_e='12-21282574' AND a.lapso='2013-1' AND b.pensum='5' AND b.c_uni_ca='4' AND status IN ('7','A','2') AND a.c_asigna=b.c_asigna AND a.c_asigna IN ('300101','300116') [1][0] [MERANT][ODBC SQLBase driver][SQLBase]00915 PRS IVC Invalid constant
C:[21/05/2013 15:18:16.02][186.89.222.50][1392] SELECT pre_cod_asig1,pre_cod_asig2,pre_cod_asig3,pre_cod_asig4,pre_cod_asig5,pre_cod_asig6,pre_cod_asig7 FROM tblaca009 WHERE pensum='5' AND c_uni_ca='4' AND c_asigna='300101' [1][0] OK
C:[21/05/2013 15:18:16.02][186.89.222.50][1392] SELECT pre_cod_asig1,pre_cod_asig2,pre_cod_asig3,pre_cod_asig4,pre_cod_asig5,pre_cod_asig6,pre_cod_asig7 FROM tblaca009 WHERE pensum='5' AND c_uni_ca='4' AND c_asigna='300116' [1][0] OK
C:[21/05/2013 15:18:16.27][186.89.222.50][1436] SELECT par_cod_asig1,par_cod_asig2,par_cod_asig3 FROM tblaca009 WHERE pensum='5' AND c_uni_ca='4' AND c_asigna='300101' [1][0] OK
C:[21/05/2013 15:18:16.27][186.89.222.50][1436] SELECT par_cod_asig1,par_cod_asig2,par_cod_asig3 FROM tblaca009 WHERE pensum='5' AND c_uni_ca='4' AND c_asigna='300116' [1][0] OK
C:[21/05/2013 15:18:17.53][186.89.222.50][1566] SELECT horas_lab FROM tblaca008 WHERE c_asigna='300101' AND horas_teoricas > 0 [1][0] OK
C:[21/05/2013 15:18:17.53][186.89.222.50][1566] SELECT horas_lab FROM tblaca008 WHERE c_asigna='300116' AND horas_teoricas > 0 [1][0] OK
C:[21/05/2013 15:18:17.77][186.89.222.50][1600] SELECT sum(u_creditos*1) FROM dace006 a, tblaca009 b WHERE a.exp_e='12-21282574' AND a.lapso='2013-1' AND b.pensum='5' AND b.c_uni_ca='4' AND status IN ('7','A','2') AND a.c_asigna=b.c_asigna  [1][0] OK
C:[21/05/2013 15:18:17.15][186.89.222.50][1619] SELECT sum(u_creditos*1) FROM dace006 a, tblaca009 b WHERE a.exp_e='12-21282574' AND a.lapso='2013-1' AND b.pensum='5' AND b.c_uni_ca='4' AND status IN ('7','A','2') AND a.c_asigna=b.c_asigna AND a.c_asigna IN () [0][0]  {[MERANT][ODBC SQLBase driver][SQLBase]00915 PRS IVC Invalid constant}
C:[21/05/2013 15:18:17.43][186.89.222.50][1635] SELECT MAX(semestre) FROM dace006 a, tblaca009 b WHERE a.exp_e='12-21282574' AND a.lapso='2013-1' AND b.pensum='5' AND b.c_uni_ca='4' AND status IN ('7','A','2') AND a.c_asigna=b.c_asigna  [1][0] [MERANT][ODBC SQLBase driver][SQLBase]00915 PRS IVC Invalid constant
C:[21/05/2013 15:18:17.08][186.89.222.50][1655] SELECT MIN(semestre) FROM dace006 a, tblaca009 b WHERE a.exp_e='12-21282574' AND a.lapso='2013-1' AND b.pensum='5' AND b.c_uni_ca='4' AND status IN ('7','A','2') AND a.c_asigna=b.c_asigna AND a.c_asigna IN ('300101','300116') [1][0] [MERANT][ODBC SQLBase driver][SQLBase]00915 PRS IVC Invalid constant
C:[21/05/2013 16:06:58.83][190.207.45.169][1392] SELECT pre_cod_asig1,pre_cod_asig2,pre_cod_asig3,pre_cod_asig4,pre_cod_asig5,pre_cod_asig6,pre_cod_asig7 FROM tblaca009 WHERE pensum='5' AND c_uni_ca='4' AND c_asigna='300213' [1][0] OK
C:[21/05/2013 16:06:58.83][190.207.45.169][1405] SELECT c_asigna FROM dace004 WHERE exp_e='10-20805593' AND c_asigna='300101' AND status IN ('0','3','B') [1][0] OK
C:[21/05/2013 16:06:58.83][190.207.45.169][1392] SELECT pre_cod_asig1,pre_cod_asig2,pre_cod_asig3,pre_cod_asig4,pre_cod_asig5,pre_cod_asig6,pre_cod_asig7 FROM tblaca009 WHERE pensum='5' AND c_uni_ca='4' AND c_asigna='300318' [1][0] OK
C:[21/05/2013 16:06:58.83][190.207.45.169][1405] SELECT c_asigna FROM dace004 WHERE exp_e='10-20805593' AND c_asigna='300228' AND status IN ('0','3','B') [1][0] OK
C:[21/05/2013 16:06:58.83][190.207.45.169][1405] SELECT c_asigna FROM dace004 WHERE exp_e='10-20805593' AND c_asigna='300207' AND status IN ('0','3','B') [1][0] OK
C:[21/05/2013 16:06:58.83][190.207.45.169][1405] SELECT c_asigna FROM dace004 WHERE exp_e='10-20805593' AND c_asigna='300218' AND status IN ('0','3','B') [1][0] OK
C:[21/05/2013 16:06:58.83][190.207.45.169][1392] SELECT pre_cod_asig1,pre_cod_asig2,pre_cod_asig3,pre_cod_asig4,pre_cod_asig5,pre_cod_asig6,pre_cod_asig7 FROM tblaca009 WHERE pensum='5' AND c_uni_ca='4' AND c_asigna='300222' [1][0] OK
C:[21/05/2013 16:06:58.83][190.207.45.169][1405] SELECT c_asigna FROM dace004 WHERE exp_e='10-20805593' AND c_asigna='300112' AND status IN ('0','3','B') [1][0] OK
C:[21/05/2013 16:06:58.83][190.207.45.169][1392] SELECT pre_cod_asig1,pre_cod_asig2,pre_cod_asig3,pre_cod_asig4,pre_cod_asig5,pre_cod_asig6,pre_cod_asig7 FROM tblaca009 WHERE pensum='5' AND c_uni_ca='4' AND c_asigna='300317' [1][0] OK
C:[21/05/2013 16:06:58.83][190.207.45.169][1405] SELECT c_asigna FROM dace004 WHERE exp_e='10-20805593' AND c_asigna='300207' AND status IN ('0','3','B') [1][0] OK
C:[21/05/2013 16:06:58.83][190.207.45.169][1405] SELECT c_asigna FROM dace004 WHERE exp_e='10-20805593' AND c_asigna='300209' AND status IN ('0','3','B') [1][0] OK
C:[21/05/2013 16:06:58.20][190.207.45.169][1436] SELECT par_cod_asig1,par_cod_asig2,par_cod_asig3 FROM tblaca009 WHERE pensum='5' AND c_uni_ca='4' AND c_asigna='300213' [1][0] OK
C:[21/05/2013 16:06:58.20][190.207.45.169][1450] SELECT c_asigna FROM dace004 WHERE exp_e='10-20805593' AND c_asigna='300209' AND status IN ('0','3','B','C') [1][0] OK
C:[21/05/2013 16:06:58.20][190.207.45.169][1436] SELECT par_cod_asig1,par_cod_asig2,par_cod_asig3 FROM tblaca009 WHERE pensum='5' AND c_uni_ca='4' AND c_asigna='300318' [1][0] OK
C:[21/05/2013 16:06:58.20][190.207.45.169][1436] SELECT par_cod_asig1,par_cod_asig2,par_cod_asig3 FROM tblaca009 WHERE pensum='5' AND c_uni_ca='4' AND c_asigna='300222' [1][0] OK
C:[21/05/2013 16:06:58.20][190.207.45.169][1436] SELECT par_cod_asig1,par_cod_asig2,par_cod_asig3 FROM tblaca009 WHERE pensum='5' AND c_uni_ca='4' AND c_asigna='300317' [1][0] OK
C:[21/05/2013 16:06:58.84][190.207.45.169][1566] SELECT horas_lab FROM tblaca008 WHERE c_asigna='300213' AND horas_teoricas > 0 [1][0] OK
C:[21/05/2013 16:06:58.95][190.207.45.169][1600] SELECT sum(u_creditos*1) FROM dace006 a, tblaca009 b WHERE a.exp_e='10-20805593' AND a.lapso='2013-1' AND b.pensum='5' AND b.c_uni_ca='4' AND status IN ('7','A','2') AND a.c_asigna=b.c_asigna  [1][0] OK
C:[21/05/2013 16:06:59.89][190.207.45.169][1619] SELECT sum(u_creditos*1) FROM dace006 a, tblaca009 b WHERE a.exp_e='10-20805593' AND a.lapso='2013-1' AND b.pensum='5' AND b.c_uni_ca='4' AND status IN ('7','A','2') AND a.c_asigna=b.c_asigna AND a.c_asigna IN ('300318','300222','300317') [1][0] OK
C:[21/05/2013 16:06:59.83][190.207.45.169][1635] SELECT MAX(semestre) FROM dace006 a, tblaca009 b WHERE a.exp_e='10-20805593' AND a.lapso='2013-1' AND b.pensum='5' AND b.c_uni_ca='4' AND status IN ('7','A','2') AND a.c_asigna=b.c_asigna  [1][0] OK
C:[21/05/2013 16:06:59.77][190.207.45.169][1655] SELECT MIN(semestre) FROM dace006 a, tblaca009 b WHERE a.exp_e='10-20805593' AND a.lapso='2013-1' AND b.pensum='5' AND b.c_uni_ca='4' AND status IN ('7','A','2') AND a.c_asigna=b.c_asigna AND a.c_asigna IN ('300213') [1][0] OK
C:[21/05/2013 16:33:42.54][190.207.45.169][1392] SELECT pre_cod_asig1,pre_cod_asig2,pre_cod_asig3,pre_cod_asig4,pre_cod_asig5,pre_cod_asig6,pre_cod_asig7 FROM tblaca009 WHERE pensum='5' AND c_uni_ca='4' AND c_asigna='300422' [1][0] OK
C:[21/05/2013 16:33:42.54][190.207.45.169][1405] SELECT c_asigna FROM dace004 WHERE exp_e='11-24035912' AND c_asigna='300105' AND status IN ('0','3','B') [1][0] OK
C:[21/05/2013 16:33:42.54][190.207.45.169][1405] SELECT c_asigna FROM dace004 WHERE exp_e='11-24035912' AND c_asigna='300314' AND status IN ('0','3','B') [1][0] OK
C:[21/05/2013 16:33:42.54][190.207.45.169][1392] SELECT pre_cod_asig1,pre_cod_asig2,pre_cod_asig3,pre_cod_asig4,pre_cod_asig5,pre_cod_asig6,pre_cod_asig7 FROM tblaca009 WHERE pensum='5' AND c_uni_ca='4' AND c_asigna='300313' [1][0] OK
C:[21/05/2013 16:33:42.54][190.207.45.169][1405] SELECT c_asigna FROM dace004 WHERE exp_e='11-24035912' AND c_asigna='300213' AND status IN ('0','3','B') [1][0] OK
C:[21/05/2013 16:33:42.54][190.207.45.169][1405] SELECT c_asigna FROM dace004 WHERE exp_e='11-24035912' AND c_asigna='300226' AND status IN ('0','3','B') [1][0] OK
C:[21/05/2013 16:33:42.54][190.207.45.169][1405] SELECT c_asigna FROM dace004 WHERE exp_e='11-24035912' AND c_asigna='300222' AND status IN ('0','3','B') [1][0] OK
C:[21/05/2013 16:33:42.54][190.207.45.169][1405] SELECT c_asigna FROM dace004 WHERE exp_e='11-24035912' AND c_asigna='300209' AND status IN ('0','3','B') [1][0] OK
C:[21/05/2013 16:33:42.54][190.207.45.169][1392] SELECT pre_cod_asig1,pre_cod_asig2,pre_cod_asig3,pre_cod_asig4,pre_cod_asig5,pre_cod_asig6,pre_cod_asig7 FROM tblaca009 WHERE pensum='5' AND c_uni_ca='4' AND c_asigna='330435' [1][0] OK
C:[21/05/2013 16:33:42.54][190.207.45.169][1405] SELECT c_asigna FROM dace004 WHERE exp_e='11-24035912' AND c_asigna='300318' AND status IN ('0','3','B') [1][0] OK
C:[21/05/2013 16:33:42.54][190.207.45.169][1392] SELECT pre_cod_asig1,pre_cod_asig2,pre_cod_asig3,pre_cod_asig4,pre_cod_asig5,pre_cod_asig6,pre_cod_asig7 FROM tblaca009 WHERE pensum='5' AND c_uni_ca='4' AND c_asigna='333440' [1][0] OK
C:[21/05/2013 16:33:42.54][190.207.45.169][1405] SELECT c_asigna FROM dace004 WHERE exp_e='11-24035912' AND c_asigna='300317' AND status IN ('0','3','B') [1][0] OK
C:[21/05/2013 16:33:42.54][190.207.45.169][1405] SELECT c_asigna FROM dace004 WHERE exp_e='11-24035912' AND c_asigna='330310' AND status IN ('0','3','B') [1][0] OK
C:[21/05/2013 16:33:42.54][190.207.45.169][1405] SELECT c_asigna FROM dace004 WHERE exp_e='11-24035912' AND c_asigna='300209' AND status IN ('0','3','B') [1][0] OK
C:[21/05/2013 16:33:42.54][190.207.45.169][1392] SELECT pre_cod_asig1,pre_cod_asig2,pre_cod_asig3,pre_cod_asig4,pre_cod_asig5,pre_cod_asig6,pre_cod_asig7 FROM tblaca009 WHERE pensum='5' AND c_uni_ca='4' AND c_asigna='333441' [1][0] OK
C:[21/05/2013 16:33:42.54][190.207.45.169][1405] SELECT c_asigna FROM dace004 WHERE exp_e='11-24035912' AND c_asigna='333326' AND status IN ('0','3','B') [1][0] OK
C:[21/05/2013 16:33:42.54][190.207.45.169][1405] SELECT c_asigna FROM dace004 WHERE exp_e='11-24035912' AND c_asigna='300317' AND status IN ('0','3','B') [1][0] OK
C:[21/05/2013 16:33:42.54][190.207.45.169][1405] SELECT c_asigna FROM dace004 WHERE exp_e='11-24035912' AND c_asigna='300209' AND status IN ('0','3','B') [1][0] OK
C:[21/05/2013 16:33:42.54][190.207.45.169][1392] SELECT pre_cod_asig1,pre_cod_asig2,pre_cod_asig3,pre_cod_asig4,pre_cod_asig5,pre_cod_asig6,pre_cod_asig7 FROM tblaca009 WHERE pensum='5' AND c_uni_ca='4' AND c_asigna='333442' [1][0] OK
C:[21/05/2013 16:33:42.54][190.207.45.169][1405] SELECT c_asigna FROM dace004 WHERE exp_e='11-24035912' AND c_asigna='330310' AND status IN ('0','3','B') [1][0] OK
C:[21/05/2013 16:33:42.54][190.207.45.169][1405] SELECT c_asigna FROM dace004 WHERE exp_e='11-24035912' AND c_asigna='333326' AND status IN ('0','3','B') [1][0] OK
C:[21/05/2013 16:33:43.17][190.207.45.169][1436] SELECT par_cod_asig1,par_cod_asig2,par_cod_asig3 FROM tblaca009 WHERE pensum='5' AND c_uni_ca='4' AND c_asigna='300422' [1][0] OK
C:[21/05/2013 16:33:43.17][190.207.45.169][1436] SELECT par_cod_asig1,par_cod_asig2,par_cod_asig3 FROM tblaca009 WHERE pensum='5' AND c_uni_ca='4' AND c_asigna='300313' [1][0] OK
C:[21/05/2013 16:33:43.17][190.207.45.169][1436] SELECT par_cod_asig1,par_cod_asig2,par_cod_asig3 FROM tblaca009 WHERE pensum='5' AND c_uni_ca='4' AND c_asigna='330435' [1][0] OK
C:[21/05/2013 16:33:43.17][190.207.45.169][1436] SELECT par_cod_asig1,par_cod_asig2,par_cod_asig3 FROM tblaca009 WHERE pensum='5' AND c_uni_ca='4' AND c_asigna='333440' [1][0] OK
C:[21/05/2013 16:33:43.17][190.207.45.169][1450] SELECT c_asigna FROM dace004 WHERE exp_e='11-24035912' AND c_asigna='333441' AND status IN ('0','3','B','C') [0][0] OK
C:[21/05/2013 16:33:43.17][190.207.45.169][1436] SELECT par_cod_asig1,par_cod_asig2,par_cod_asig3 FROM tblaca009 WHERE pensum='5' AND c_uni_ca='4' AND c_asigna='333441' [1][0] OK
C:[21/05/2013 16:33:43.17][190.207.45.169][1436] SELECT par_cod_asig1,par_cod_asig2,par_cod_asig3 FROM tblaca009 WHERE pensum='5' AND c_uni_ca='4' AND c_asigna='333442' [1][0] OK
C:[21/05/2013 16:33:43.06][190.207.45.169][1566] SELECT horas_lab FROM tblaca008 WHERE c_asigna='300422' AND horas_teoricas > 0 [0][0] OK
C:[21/05/2013 16:33:43.17][190.207.45.169][1600] SELECT sum(u_creditos*1) FROM dace006 a, tblaca009 b WHERE a.exp_e='11-24035912' AND a.lapso='2013-1' AND b.pensum='5' AND b.c_uni_ca='4' AND status IN ('7','A','2') AND a.c_asigna=b.c_asigna  [1][0] OK
C:[21/05/2013 16:33:43.12][190.207.45.169][1619] SELECT sum(u_creditos*1) FROM dace006 a, tblaca009 b WHERE a.exp_e='11-24035912' AND a.lapso='2013-1' AND b.pensum='5' AND b.c_uni_ca='4' AND status IN ('7','A','2') AND a.c_asigna=b.c_asigna AND a.c_asigna IN ('300313','330435','333440','333441','333442') [1][0] OK
C:[21/05/2013 16:33:44.17][190.207.45.169][1635] SELECT MAX(semestre) FROM dace006 a, tblaca009 b WHERE a.exp_e='11-24035912' AND a.lapso='2013-1' AND b.pensum='5' AND b.c_uni_ca='4' AND status IN ('7','A','2') AND a.c_asigna=b.c_asigna  [1][0] OK
C:[21/05/2013 16:33:44.11][190.207.45.169][1655] SELECT MIN(semestre) FROM dace006 a, tblaca009 b WHERE a.exp_e='11-24035912' AND a.lapso='2013-1' AND b.pensum='5' AND b.c_uni_ca='4' AND status IN ('7','A','2') AND a.c_asigna=b.c_asigna AND a.c_asigna IN ('300422') [1][0] OK
C:[21/05/2013 17:08:50.14][190.121.238.8][1392] SELECT pre_cod_asig1,pre_cod_asig2,pre_cod_asig3,pre_cod_asig4,pre_cod_asig5,pre_cod_asig6,pre_cod_asig7 FROM tblaca009 WHERE pensum='5' AND c_uni_ca='4' AND c_asigna='330310' [1][0] OK
C:[21/05/2013 17:08:50.14][190.121.238.8][1405] SELECT c_asigna FROM dace004 WHERE exp_e='12-24183487' AND c_asigna='300013' AND status IN ('0','3','B') [1][0] OK
C:[21/05/2013 17:08:50.14][190.121.238.8][1405] SELECT c_asigna FROM dace004 WHERE exp_e='12-24183487' AND c_asigna='300113' AND status IN ('0','3','B') [1][0] OK
C:[21/05/2013 17:08:50.14][190.121.238.8][1392] SELECT pre_cod_asig1,pre_cod_asig2,pre_cod_asig3,pre_cod_asig4,pre_cod_asig5,pre_cod_asig6,pre_cod_asig7 FROM tblaca009 WHERE pensum='5' AND c_uni_ca='4' AND c_asigna='300314' [1][0] OK
C:[21/05/2013 17:08:50.14][190.121.238.8][1405] SELECT c_asigna FROM dace004 WHERE exp_e='12-24183487' AND c_asigna='300106' AND status IN ('0','3','B') [1][0] OK
C:[21/05/2013 17:08:50.14][190.121.238.8][1392] SELECT pre_cod_asig1,pre_cod_asig2,pre_cod_asig3,pre_cod_asig4,pre_cod_asig5,pre_cod_asig6,pre_cod_asig7 FROM tblaca009 WHERE pensum='5' AND c_uni_ca='4' AND c_asigna='300101' [1][0] OK
C:[21/05/2013 17:08:50.14][190.121.238.8][1392] SELECT pre_cod_asig1,pre_cod_asig2,pre_cod_asig3,pre_cod_asig4,pre_cod_asig5,pre_cod_asig6,pre_cod_asig7 FROM tblaca009 WHERE pensum='5' AND c_uni_ca='4' AND c_asigna='300116' [1][0] OK
C:[21/05/2013 17:08:50.14][190.121.238.8][1392] SELECT pre_cod_asig1,pre_cod_asig2,pre_cod_asig3,pre_cod_asig4,pre_cod_asig5,pre_cod_asig6,pre_cod_asig7 FROM tblaca009 WHERE pensum='5' AND c_uni_ca='4' AND c_asigna='300222' [1][0] OK
C:[21/05/2013 17:08:50.14][190.121.238.8][1405] SELECT c_asigna FROM dace004 WHERE exp_e='12-24183487' AND c_asigna='300112' AND status IN ('0','3','B') [1][0] OK
C:[21/05/2013 17:08:50.25][190.121.238.8][1436] SELECT par_cod_asig1,par_cod_asig2,par_cod_asig3 FROM tblaca009 WHERE pensum='5' AND c_uni_ca='4' AND c_asigna='330310' [1][0] OK
C:[21/05/2013 17:08:50.25][190.121.238.8][1436] SELECT par_cod_asig1,par_cod_asig2,par_cod_asig3 FROM tblaca009 WHERE pensum='5' AND c_uni_ca='4' AND c_asigna='300314' [1][0] OK
C:[21/05/2013 17:08:50.25][190.121.238.8][1436] SELECT par_cod_asig1,par_cod_asig2,par_cod_asig3 FROM tblaca009 WHERE pensum='5' AND c_uni_ca='4' AND c_asigna='300101' [1][0] OK
C:[21/05/2013 17:08:50.25][190.121.238.8][1436] SELECT par_cod_asig1,par_cod_asig2,par_cod_asig3 FROM tblaca009 WHERE pensum='5' AND c_uni_ca='4' AND c_asigna='300116' [1][0] OK
C:[21/05/2013 17:08:50.25][190.121.238.8][1436] SELECT par_cod_asig1,par_cod_asig2,par_cod_asig3 FROM tblaca009 WHERE pensum='5' AND c_uni_ca='4' AND c_asigna='300222' [1][0] OK
C:[21/05/2013 17:08:50.89][190.121.238.8][1566] SELECT horas_lab FROM tblaca008 WHERE c_asigna='330310' AND horas_teoricas > 0 [1][0] OK
C:[21/05/2013 17:08:50.01][190.121.238.8][1600] SELECT sum(u_creditos*1) FROM dace006 a, tblaca009 b WHERE a.exp_e='12-24183487' AND a.lapso='2013-1' AND b.pensum='5' AND b.c_uni_ca='4' AND status IN ('7','A','2') AND a.c_asigna=b.c_asigna  [1][0] OK
C:[21/05/2013 17:08:50.94][190.121.238.8][1619] SELECT sum(u_creditos*1) FROM dace006 a, tblaca009 b WHERE a.exp_e='12-24183487' AND a.lapso='2013-1' AND b.pensum='5' AND b.c_uni_ca='4' AND status IN ('7','A','2') AND a.c_asigna=b.c_asigna AND a.c_asigna IN ('300314','300101','300116','300222') [1][0] OK
C:[21/05/2013 17:08:50.88][190.121.238.8][1635] SELECT MAX(semestre) FROM dace006 a, tblaca009 b WHERE a.exp_e='12-24183487' AND a.lapso='2013-1' AND b.pensum='5' AND b.c_uni_ca='4' AND status IN ('7','A','2') AND a.c_asigna=b.c_asigna  [1][0] OK
C:[21/05/2013 17:08:50.82][190.121.238.8][1655] SELECT MIN(semestre) FROM dace006 a, tblaca009 b WHERE a.exp_e='12-24183487' AND a.lapso='2013-1' AND b.pensum='5' AND b.c_uni_ca='4' AND status IN ('7','A','2') AND a.c_asigna=b.c_asigna AND a.c_asigna IN ('330310') [1][0] OK
C:[21/05/2013 17:56:50.44][190.206.50.122][1392] SELECT pre_cod_asig1,pre_cod_asig2,pre_cod_asig3,pre_cod_asig4,pre_cod_asig5,pre_cod_asig6,pre_cod_asig7 FROM tblaca009 WHERE pensum='5' AND c_uni_ca='2' AND c_asigna='300317' [1][0] OK
C:[21/05/2013 17:56:50.44][190.206.50.122][1405] SELECT c_asigna FROM dace004 WHERE exp_e='10-21249643' AND c_asigna='300207' AND status IN ('0','3','B') [1][0] OK
C:[21/05/2013 17:56:50.44][190.206.50.122][1405] SELECT c_asigna FROM dace004 WHERE exp_e='10-21249643' AND c_asigna='300209' AND status IN ('0','3','B') [1][0] OK
C:[21/05/2013 17:56:50.82][190.206.50.122][1436] SELECT par_cod_asig1,par_cod_asig2,par_cod_asig3 FROM tblaca009 WHERE pensum='5' AND c_uni_ca='2' AND c_asigna='300317' [1][0] OK
C:[21/05/2013 17:56:50.96][190.206.50.122][1600] SELECT sum(u_creditos*1) FROM dace006 a, tblaca009 b WHERE a.exp_e='10-21249643' AND a.lapso='2013-1' AND b.pensum='5' AND b.c_uni_ca='2' AND status IN ('7','A','2') AND a.c_asigna=b.c_asigna  [1][0] OK
C:[21/05/2013 17:56:50.32][190.206.50.122][1619] SELECT sum(u_creditos*1) FROM dace006 a, tblaca009 b WHERE a.exp_e='10-21249643' AND a.lapso='2013-1' AND b.pensum='5' AND b.c_uni_ca='2' AND status IN ('7','A','2') AND a.c_asigna=b.c_asigna AND a.c_asigna IN ('300317') [1][0] OK
C:[21/05/2013 17:56:50.69][190.206.50.122][1635] SELECT MAX(semestre) FROM dace006 a, tblaca009 b WHERE a.exp_e='10-21249643' AND a.lapso='2013-1' AND b.pensum='5' AND b.c_uni_ca='2' AND status IN ('7','A','2') AND a.c_asigna=b.c_asigna  [1][0] OK
C:[21/05/2013 20:25:00.77][181.17.48.198][1392] SELECT pre_cod_asig1,pre_cod_asig2,pre_cod_asig3,pre_cod_asig4,pre_cod_asig5,pre_cod_asig6,pre_cod_asig7 FROM tblaca009 WHERE pensum='5' AND c_uni_ca='4' AND c_asigna='300676' [1][0] OK
C:[21/05/2013 20:25:00.77][181.17.48.198][1392] SELECT pre_cod_asig1,pre_cod_asig2,pre_cod_asig3,pre_cod_asig4,pre_cod_asig5,pre_cod_asig6,pre_cod_asig7 FROM tblaca009 WHERE pensum='5' AND c_uni_ca='4' AND c_asigna='332558' [1][0] OK
C:[21/05/2013 20:25:00.77][181.17.48.198][1405] SELECT c_asigna FROM dace004 WHERE exp_e='10-24039174' AND c_asigna='330435' AND status IN ('0','3','B') [1][0] OK
C:[21/05/2013 20:25:00.77][181.17.48.198][1392] SELECT pre_cod_asig1,pre_cod_asig2,pre_cod_asig3,pre_cod_asig4,pre_cod_asig5,pre_cod_asig6,pre_cod_asig7 FROM tblaca009 WHERE pensum='5' AND c_uni_ca='4' AND c_asigna='333563' [1][0] OK
C:[21/05/2013 20:25:00.77][181.17.48.198][1405] SELECT c_asigna FROM dace004 WHERE exp_e='10-24039174' AND c_asigna='333440' AND status IN ('0','3','B') [1][0] OK
C:[21/05/2013 20:25:00.77][181.17.48.198][1405] SELECT c_asigna FROM dace004 WHERE exp_e='10-24039174' AND c_asigna='333442' AND status IN ('0','3','B') [1][0] OK
C:[21/05/2013 20:25:00.77][181.17.48.198][1405] SELECT c_asigna FROM dace004 WHERE exp_e='10-24039174' AND c_asigna='300209' AND status IN ('0','3','B') [1][0] OK
C:[21/05/2013 20:25:00.77][181.17.48.198][1392] SELECT pre_cod_asig1,pre_cod_asig2,pre_cod_asig3,pre_cod_asig4,pre_cod_asig5,pre_cod_asig6,pre_cod_asig7 FROM tblaca009 WHERE pensum='5' AND c_uni_ca='4' AND c_asigna='333584' [1][0] OK
C:[21/05/2013 20:25:00.77][181.17.48.198][1405] SELECT c_asigna FROM dace004 WHERE exp_e='10-24039174' AND c_asigna='300428' AND status IN ('0','3','B') [1][0] OK
C:[21/05/2013 20:25:00.77][181.17.48.198][1405] SELECT c_asigna FROM dace004 WHERE exp_e='10-24039174' AND c_asigna='333440' AND status IN ('0','3','B') [1][0] OK
C:[21/05/2013 20:25:00.77][181.17.48.198][1405] SELECT c_asigna FROM dace004 WHERE exp_e='10-24039174' AND c_asigna='300209' AND status IN ('0','3','B') [1][0] OK
C:[21/05/2013 20:25:00.77][181.17.48.198][1392] SELECT pre_cod_asig1,pre_cod_asig2,pre_cod_asig3,pre_cod_asig4,pre_cod_asig5,pre_cod_asig6,pre_cod_asig7 FROM tblaca009 WHERE pensum='5' AND c_uni_ca='4' AND c_asigna='333585' [1][0] OK
C:[21/05/2013 20:25:00.77][181.17.48.198][1405] SELECT c_asigna FROM dace004 WHERE exp_e='10-24039174' AND c_asigna='333440' AND status IN ('0','3','B') [1][0] OK
C:[21/05/2013 20:25:00.77][181.17.48.198][1405] SELECT c_asigna FROM dace004 WHERE exp_e='10-24039174' AND c_asigna='333441' AND status IN ('0','3','B') [1][0] OK
C:[21/05/2013 20:25:00.77][181.17.48.198][1405] SELECT c_asigna FROM dace004 WHERE exp_e='10-24039174' AND c_asigna='300209' AND status IN ('0','3','B') [1][0] OK
C:[21/05/2013 20:25:00.64][181.17.48.198][1436] SELECT par_cod_asig1,par_cod_asig2,par_cod_asig3 FROM tblaca009 WHERE pensum='5' AND c_uni_ca='4' AND c_asigna='300676' [1][0] OK
C:[21/05/2013 20:25:00.64][181.17.48.198][1436] SELECT par_cod_asig1,par_cod_asig2,par_cod_asig3 FROM tblaca009 WHERE pensum='5' AND c_uni_ca='4' AND c_asigna='332558' [1][0] OK
C:[21/05/2013 20:25:00.64][181.17.48.198][1436] SELECT par_cod_asig1,par_cod_asig2,par_cod_asig3 FROM tblaca009 WHERE pensum='5' AND c_uni_ca='4' AND c_asigna='333563' [1][0] OK
C:[21/05/2013 20:25:00.64][181.17.48.198][1436] SELECT par_cod_asig1,par_cod_asig2,par_cod_asig3 FROM tblaca009 WHERE pensum='5' AND c_uni_ca='4' AND c_asigna='333584' [1][0] OK
C:[21/05/2013 20:25:00.64][181.17.48.198][1450] SELECT c_asigna FROM dace004 WHERE exp_e='10-24039174' AND c_asigna='333563' AND status IN ('0','3','B','C') [0][0] OK
C:[21/05/2013 20:25:00.64][181.17.48.198][1436] SELECT par_cod_asig1,par_cod_asig2,par_cod_asig3 FROM tblaca009 WHERE pensum='5' AND c_uni_ca='4' AND c_asigna='333585' [1][0] OK
C:[21/05/2013 20:25:01.42][181.17.48.198][1566] SELECT horas_lab FROM tblaca008 WHERE c_asigna='300676' AND horas_teoricas > 0 [1][0] OK
C:[21/05/2013 20:25:01.52][181.17.48.198][1600] SELECT sum(u_creditos*1) FROM dace006 a, tblaca009 b WHERE a.exp_e='10-24039174' AND a.lapso='2013-1' AND b.pensum='5' AND b.c_uni_ca='4' AND status IN ('7','A','2') AND a.c_asigna=b.c_asigna  [1][0] OK
C:[21/05/2013 20:25:01.89][181.17.48.198][1619] SELECT sum(u_creditos*1) FROM dace006 a, tblaca009 b WHERE a.exp_e='10-24039174' AND a.lapso='2013-1' AND b.pensum='5' AND b.c_uni_ca='4' AND status IN ('7','A','2') AND a.c_asigna=b.c_asigna AND a.c_asigna IN ('332558','333563','333584','333585') [1][0] OK
C:[21/05/2013 20:25:01.28][181.17.48.198][1635] SELECT MAX(semestre) FROM dace006 a, tblaca009 b WHERE a.exp_e='10-24039174' AND a.lapso='2013-1' AND b.pensum='5' AND b.c_uni_ca='4' AND status IN ('7','A','2') AND a.c_asigna=b.c_asigna  [1][0] OK
C:[21/05/2013 20:25:01.64][181.17.48.198][1655] SELECT MIN(semestre) FROM dace006 a, tblaca009 b WHERE a.exp_e='10-24039174' AND a.lapso='2013-1' AND b.pensum='5' AND b.c_uni_ca='4' AND status IN ('7','A','2') AND a.c_asigna=b.c_asigna AND a.c_asigna IN ('300676') [1][0] OK
C:[21/05/2013 21:01:00.49][190.38.64.153][1392] SELECT pre_cod_asig1,pre_cod_asig2,pre_cod_asig3,pre_cod_asig4,pre_cod_asig5,pre_cod_asig6,pre_cod_asig7 FROM tblaca009 WHERE pensum='5' AND c_uni_ca='6' AND c_asigna='300207' [1][0] OK
C:[21/05/2013 21:01:00.49][190.38.64.153][1405] SELECT c_asigna FROM dace004 WHERE exp_e='03-18078123' AND c_asigna='300101' AND status IN ('0','3','B') [1][0] OK
C:[21/05/2013 21:01:00.73][190.38.64.153][1436] SELECT par_cod_asig1,par_cod_asig2,par_cod_asig3 FROM tblaca009 WHERE pensum='5' AND c_uni_ca='6' AND c_asigna='300207' [1][0] OK
C:[21/05/2013 21:01:00.88][190.38.64.153][1600] SELECT sum(u_creditos*1) FROM dace006 a, tblaca009 b WHERE a.exp_e='03-18078123' AND a.lapso='2013-1' AND b.pensum='5' AND b.c_uni_ca='6' AND status IN ('7','A','2') AND a.c_asigna=b.c_asigna  [1][0] OK
C:[21/05/2013 21:01:00.24][190.38.64.153][1619] SELECT sum(u_creditos*1) FROM dace006 a, tblaca009 b WHERE a.exp_e='03-18078123' AND a.lapso='2013-1' AND b.pensum='5' AND b.c_uni_ca='6' AND status IN ('7','A','2') AND a.c_asigna=b.c_asigna AND a.c_asigna IN ('300207') [1][0] OK
C:[21/05/2013 21:01:00.61][190.38.64.153][1635] SELECT MAX(semestre) FROM dace006 a, tblaca009 b WHERE a.exp_e='03-18078123' AND a.lapso='2013-1' AND b.pensum='5' AND b.c_uni_ca='6' AND status IN ('7','A','2') AND a.c_asigna=b.c_asigna  [1][0] OK
C:[21/05/2013 21:24:15.36][190.198.90.55][1392] SELECT pre_cod_asig1,pre_cod_asig2,pre_cod_asig3,pre_cod_asig4,pre_cod_asig5,pre_cod_asig6,pre_cod_asig7 FROM tblaca009 WHERE pensum='5' AND c_uni_ca='6' AND c_asigna='300956' [1][0] OK
C:[21/05/2013 21:24:15.36][190.198.90.55][1405] SELECT c_asigna FROM dace004 WHERE exp_e='09-21052156' AND c_asigna='300422' AND status IN ('0','3','B') [1][0] OK
C:[21/05/2013 21:24:15.36][190.198.90.55][1405] SELECT c_asigna FROM dace004 WHERE exp_e='09-21052156' AND c_asigna='300105' AND status IN ('0','3','B') [1][0] OK
C:[21/05/2013 21:24:15.36][190.198.90.55][1405] SELECT c_asigna FROM dace004 WHERE exp_e='09-21052156' AND c_asigna='300314' AND status IN ('0','3','B') [1][0] OK
C:[21/05/2013 21:24:15.36][190.198.90.55][1392] SELECT pre_cod_asig1,pre_cod_asig2,pre_cod_asig3,pre_cod_asig4,pre_cod_asig5,pre_cod_asig6,pre_cod_asig7 FROM tblaca009 WHERE pensum='5' AND c_uni_ca='6' AND c_asigna='344953' [1][0] OK
C:[21/05/2013 21:24:15.36][190.198.90.55][1392] SELECT pre_cod_asig1,pre_cod_asig2,pre_cod_asig3,pre_cod_asig4,pre_cod_asig5,pre_cod_asig6,pre_cod_asig7 FROM tblaca009 WHERE pensum='5' AND c_uni_ca='6' AND c_asigna='344834' [1][0] OK
C:[21/05/2013 21:24:15.36][190.198.90.55][1405] SELECT c_asigna FROM dace004 WHERE exp_e='09-21052156' AND c_asigna='344715' AND status IN ('0','3','B') [1][0] OK
C:[21/05/2013 21:24:15.36][190.198.90.55][1405] SELECT c_asigna FROM dace004 WHERE exp_e='09-21052156' AND c_asigna='344716' AND status IN ('0','3','B') [1][0] OK
C:[21/05/2013 21:24:15.36][190.198.90.55][1392] SELECT pre_cod_asig1,pre_cod_asig2,pre_cod_asig3,pre_cod_asig4,pre_cod_asig5,pre_cod_asig6,pre_cod_asig7 FROM tblaca009 WHERE pensum='5' AND c_uni_ca='6' AND c_asigna='344047' [1][0] OK
C:[21/05/2013 21:24:15.36][190.198.90.55][1405] SELECT c_asigna FROM dace004 WHERE exp_e='09-21052156' AND c_asigna='344715' AND status IN ('0','3','B') [1][0] OK
C:[21/05/2013 21:24:15.36][190.198.90.55][1405] SELECT c_asigna FROM dace004 WHERE exp_e='09-21052156' AND c_asigna='344843' AND status IN ('0','3','B') [1][0] OK
C:[21/05/2013 21:24:15.36][190.198.90.55][1405] SELECT c_asigna FROM dace004 WHERE exp_e='09-21052156' AND c_asigna='300313' AND status IN ('0','3','B') [1][0] OK
C:[21/05/2013 21:24:15.36][190.198.90.55][1392] SELECT pre_cod_asig1,pre_cod_asig2,pre_cod_asig3,pre_cod_asig4,pre_cod_asig5,pre_cod_asig6,pre_cod_asig7 FROM tblaca009 WHERE pensum='5' AND c_uni_ca='6' AND c_asigna='344948' [1][0] OK
C:[21/05/2013 21:24:16.98][190.198.90.55][1436] SELECT par_cod_asig1,par_cod_asig2,par_cod_asig3 FROM tblaca009 WHERE pensum='5' AND c_uni_ca='6' AND c_asigna='300956' [1][0] OK
C:[21/05/2013 21:24:16.98][190.198.90.55][1436] SELECT par_cod_asig1,par_cod_asig2,par_cod_asig3 FROM tblaca009 WHERE pensum='5' AND c_uni_ca='6' AND c_asigna='344953' [1][0] OK
C:[21/05/2013 21:24:16.98][190.198.90.55][1436] SELECT par_cod_asig1,par_cod_asig2,par_cod_asig3 FROM tblaca009 WHERE pensum='5' AND c_uni_ca='6' AND c_asigna='344834' [1][0] OK
C:[21/05/2013 21:24:16.98][190.198.90.55][1436] SELECT par_cod_asig1,par_cod_asig2,par_cod_asig3 FROM tblaca009 WHERE pensum='5' AND c_uni_ca='6' AND c_asigna='344047' [1][0] OK
C:[21/05/2013 21:24:16.98][190.198.90.55][1436] SELECT par_cod_asig1,par_cod_asig2,par_cod_asig3 FROM tblaca009 WHERE pensum='5' AND c_uni_ca='6' AND c_asigna='344948' [1][0] OK
C:[21/05/2013 21:24:16.62][190.198.90.55][1566] SELECT horas_lab FROM tblaca008 WHERE c_asigna='300956' AND horas_teoricas > 0 [1][0] OK
C:[21/05/2013 21:24:16.74][190.198.90.55][1600] SELECT sum(u_creditos*1) FROM dace006 a, tblaca009 b WHERE a.exp_e='09-21052156' AND a.lapso='2013-1' AND b.pensum='5' AND b.c_uni_ca='6' AND status IN ('7','A','2') AND a.c_asigna=b.c_asigna  [1][0] OK
C:[21/05/2013 21:24:16.11][190.198.90.55][1619] SELECT sum(u_creditos*1) FROM dace006 a, tblaca009 b WHERE a.exp_e='09-21052156' AND a.lapso='2013-1' AND b.pensum='5' AND b.c_uni_ca='6' AND status IN ('7','A','2') AND a.c_asigna=b.c_asigna AND a.c_asigna IN ('344953','344834','344047','344948') [1][0] OK
C:[21/05/2013 21:24:16.48][190.198.90.55][1635] SELECT MAX(semestre) FROM dace006 a, tblaca009 b WHERE a.exp_e='09-21052156' AND a.lapso='2013-1' AND b.pensum='5' AND b.c_uni_ca='6' AND status IN ('7','A','2') AND a.c_asigna=b.c_asigna  [1][0] OK
C:[21/05/2013 21:24:16.86][190.198.90.55][1655] SELECT MIN(semestre) FROM dace006 a, tblaca009 b WHERE a.exp_e='09-21052156' AND a.lapso='2013-1' AND b.pensum='5' AND b.c_uni_ca='6' AND status IN ('7','A','2') AND a.c_asigna=b.c_asigna AND a.c_asigna IN ('300956') [1][0] OK
C:[21/05/2013 22:38:09.23][68.171.231.88][1392] SELECT pre_cod_asig1,pre_cod_asig2,pre_cod_asig3,pre_cod_asig4,pre_cod_asig5,pre_cod_asig6,pre_cod_asig7 FROM tblaca009 WHERE pensum='5' AND c_uni_ca='5' AND c_asigna='355722' [1][0] OK
C:[21/05/2013 22:38:09.23][68.171.231.88][1405] SELECT c_asigna FROM dace004 WHERE exp_e='09-21325719' AND c_asigna='355691' AND status IN ('0','3','B') [1][0] OK
C:[21/05/2013 22:38:09.23][68.171.231.88][1405] SELECT c_asigna FROM dace004 WHERE exp_e='09-21325719' AND c_asigna='355595' AND status IN ('0','3','B') [1][0] OK
C:[21/05/2013 22:38:09.23][68.171.231.88][1392] SELECT pre_cod_asig1,pre_cod_asig2,pre_cod_asig3,pre_cod_asig4,pre_cod_asig5,pre_cod_asig6,pre_cod_asig7 FROM tblaca009 WHERE pensum='5' AND c_uni_ca='5' AND c_asigna='355692' [1][0] OK
C:[21/05/2013 22:38:09.23][68.171.231.88][1405] SELECT c_asigna FROM dace004 WHERE exp_e='09-21325719' AND c_asigna='355448' AND status IN ('0','3','B') [1][0] OK
C:[21/05/2013 22:38:09.23][68.171.231.88][1405] SELECT c_asigna FROM dace004 WHERE exp_e='09-21325719' AND c_asigna='355570' AND status IN ('0','3','B') [1][0] OK
C:[21/05/2013 22:38:09.23][68.171.231.88][1392] SELECT pre_cod_asig1,pre_cod_asig2,pre_cod_asig3,pre_cod_asig4,pre_cod_asig5,pre_cod_asig6,pre_cod_asig7 FROM tblaca009 WHERE pensum='5' AND c_uni_ca='5' AND c_asigna='355694' [1][0] OK
C:[21/05/2013 22:38:09.23][68.171.231.88][1405] SELECT c_asigna FROM dace004 WHERE exp_e='09-21325719' AND c_asigna='355572' AND status IN ('0','3','B') [1][0] OK
C:[21/05/2013 22:38:09.23][68.171.231.88][1405] SELECT c_asigna FROM dace004 WHERE exp_e='09-21325719' AND c_asigna='355571' AND status IN ('0','3','B') [1][0] OK
C:[21/05/2013 22:38:09.23][68.171.231.88][1392] SELECT pre_cod_asig1,pre_cod_asig2,pre_cod_asig3,pre_cod_asig4,pre_cod_asig5,pre_cod_asig6,pre_cod_asig7 FROM tblaca009 WHERE pensum='5' AND c_uni_ca='5' AND c_asigna='355696' [1][0] OK
C:[21/05/2013 22:38:09.23][68.171.231.88][1405] SELECT c_asigna FROM dace004 WHERE exp_e='09-21325719' AND c_asigna='355570' AND status IN ('0','3','B') [1][0] OK
C:[21/05/2013 22:38:09.23][68.171.231.88][1405] SELECT c_asigna FROM dace004 WHERE exp_e='09-21325719' AND c_asigna='355571' AND status IN ('0','3','B') [1][0] OK
C:[21/05/2013 22:38:09.23][68.171.231.88][1392] SELECT pre_cod_asig1,pre_cod_asig2,pre_cod_asig3,pre_cod_asig4,pre_cod_asig5,pre_cod_asig6,pre_cod_asig7 FROM tblaca009 WHERE pensum='5' AND c_uni_ca='5' AND c_asigna='300677' [1][0] OK
C:[21/05/2013 22:38:09.23][68.171.231.88][1392] SELECT pre_cod_asig1,pre_cod_asig2,pre_cod_asig3,pre_cod_asig4,pre_cod_asig5,pre_cod_asig6,pre_cod_asig7 FROM tblaca009 WHERE pensum='5' AND c_uni_ca='5' AND c_asigna='355953' [1][0] OK
C:[21/05/2013 22:38:09.23][68.171.231.88][1405] SELECT c_asigna FROM dace004 WHERE exp_e='09-21325719' AND c_asigna='355691' AND status IN ('0','3','B') [1][0] OK
C:[21/05/2013 22:38:10.66][68.171.231.88][1436] SELECT par_cod_asig1,par_cod_asig2,par_cod_asig3 FROM tblaca009 WHERE pensum='5' AND c_uni_ca='5' AND c_asigna='355722' [1][0] OK
C:[21/05/2013 22:38:10.66][68.171.231.88][1436] SELECT par_cod_asig1,par_cod_asig2,par_cod_asig3 FROM tblaca009 WHERE pensum='5' AND c_uni_ca='5' AND c_asigna='355692' [1][0] OK
C:[21/05/2013 22:38:10.66][68.171.231.88][1436] SELECT par_cod_asig1,par_cod_asig2,par_cod_asig3 FROM tblaca009 WHERE pensum='5' AND c_uni_ca='5' AND c_asigna='355694' [1][0] OK
C:[21/05/2013 22:38:10.66][68.171.231.88][1436] SELECT par_cod_asig1,par_cod_asig2,par_cod_asig3 FROM tblaca009 WHERE pensum='5' AND c_uni_ca='5' AND c_asigna='355696' [1][0] OK
C:[21/05/2013 22:38:10.66][68.171.231.88][1436] SELECT par_cod_asig1,par_cod_asig2,par_cod_asig3 FROM tblaca009 WHERE pensum='5' AND c_uni_ca='5' AND c_asigna='300677' [1][0] OK
C:[21/05/2013 22:38:10.66][68.171.231.88][1436] SELECT par_cod_asig1,par_cod_asig2,par_cod_asig3 FROM tblaca009 WHERE pensum='5' AND c_uni_ca='5' AND c_asigna='355953' [1][0] OK
C:[21/05/2013 22:38:10.43][68.171.231.88][1566] SELECT horas_lab FROM tblaca008 WHERE c_asigna='355722' AND horas_teoricas > 0 [1][0] OK
C:[21/05/2013 22:38:10.54][68.171.231.88][1600] SELECT sum(u_creditos*1) FROM dace006 a, tblaca009 b WHERE a.exp_e='09-21325719' AND a.lapso='2013-1' AND b.pensum='5' AND b.c_uni_ca='5' AND status IN ('7','A','2') AND a.c_asigna=b.c_asigna  [1][0] OK
C:[21/05/2013 22:38:10.92][68.171.231.88][1619] SELECT sum(u_creditos*1) FROM dace006 a, tblaca009 b WHERE a.exp_e='09-21325719' AND a.lapso='2013-1' AND b.pensum='5' AND b.c_uni_ca='5' AND status IN ('7','A','2') AND a.c_asigna=b.c_asigna AND a.c_asigna IN ('355692','355694','355696','300677','355953') [1][0] OK
C:[21/05/2013 22:38:10.29][68.171.231.88][1635] SELECT MAX(semestre) FROM dace006 a, tblaca009 b WHERE a.exp_e='09-21325719' AND a.lapso='2013-1' AND b.pensum='5' AND b.c_uni_ca='5' AND status IN ('7','A','2') AND a.c_asigna=b.c_asigna  [1][0] OK
C:[21/05/2013 22:38:10.67][68.171.231.88][1655] SELECT MIN(semestre) FROM dace006 a, tblaca009 b WHERE a.exp_e='09-21325719' AND a.lapso='2013-1' AND b.pensum='5' AND b.c_uni_ca='5' AND status IN ('7','A','2') AND a.c_asigna=b.c_asigna AND a.c_asigna IN ('355722') [1][0] OK
C:[22/05/2013 00:18:33.38][68.171.231.85][1392] SELECT pre_cod_asig1,pre_cod_asig2,pre_cod_asig3,pre_cod_asig4,pre_cod_asig5,pre_cod_asig6,pre_cod_asig7 FROM tblaca009 WHERE pensum='5' AND c_uni_ca='2' AND c_asigna='300218' [1][0] OK
C:[22/05/2013 00:18:33.38][68.171.231.85][1405] SELECT c_asigna FROM dace004 WHERE exp_e='11-20503510' AND c_asigna='300101' AND status IN ('0','3','B') [1][0] OK
C:[22/05/2013 00:18:33.38][68.171.231.85][1392] SELECT pre_cod_asig1,pre_cod_asig2,pre_cod_asig3,pre_cod_asig4,pre_cod_asig5,pre_cod_asig6,pre_cod_asig7 FROM tblaca009 WHERE pensum='5' AND c_uni_ca='2' AND c_asigna='300228' [1][0] OK
C:[22/05/2013 00:18:33.38][68.171.231.85][1405] SELECT c_asigna FROM dace004 WHERE exp_e='11-20503510' AND c_asigna='300101' AND status IN ('0','3','B') [1][0] OK
C:[22/05/2013 00:18:33.38][68.171.231.85][1392] SELECT pre_cod_asig1,pre_cod_asig2,pre_cod_asig3,pre_cod_asig4,pre_cod_asig5,pre_cod_asig6,pre_cod_asig7 FROM tblaca009 WHERE pensum='5' AND c_uni_ca='2' AND c_asigna='300207' [1][0] OK
C:[22/05/2013 00:18:33.38][68.171.231.85][1405] SELECT c_asigna FROM dace004 WHERE exp_e='11-20503510' AND c_asigna='300101' AND status IN ('0','3','B') [1][0] OK
C:[22/05/2013 00:18:33.14][68.171.231.85][1436] SELECT par_cod_asig1,par_cod_asig2,par_cod_asig3 FROM tblaca009 WHERE pensum='5' AND c_uni_ca='2' AND c_asigna='300218' [1][0] OK
C:[22/05/2013 00:18:33.14][68.171.231.85][1450] SELECT c_asigna FROM dace004 WHERE exp_e='11-20503510' AND c_asigna='300228' AND status IN ('0','3','B','C') [0][0] OK
C:[22/05/2013 00:18:33.14][68.171.231.85][1436] SELECT par_cod_asig1,par_cod_asig2,par_cod_asig3 FROM tblaca009 WHERE pensum='5' AND c_uni_ca='2' AND c_asigna='300228' [1][0] OK
C:[22/05/2013 00:18:33.14][68.171.231.85][1436] SELECT par_cod_asig1,par_cod_asig2,par_cod_asig3 FROM tblaca009 WHERE pensum='5' AND c_uni_ca='2' AND c_asigna='300207' [1][0] OK
C:[22/05/2013 00:18:33.64][68.171.231.85][1566] SELECT horas_lab FROM tblaca008 WHERE c_asigna='300218' AND horas_teoricas > 0 [0][0] OK
C:[22/05/2013 00:18:33.76][68.171.231.85][1600] SELECT sum(u_creditos*1) FROM dace006 a, tblaca009 b WHERE a.exp_e='11-20503510' AND a.lapso='2013-1' AND b.pensum='5' AND b.c_uni_ca='2' AND status IN ('7','A','2') AND a.c_asigna=b.c_asigna  [1][0] OK
C:[22/05/2013 00:18:33.13][68.171.231.85][1619] SELECT sum(u_creditos*1) FROM dace006 a, tblaca009 b WHERE a.exp_e='11-20503510' AND a.lapso='2013-1' AND b.pensum='5' AND b.c_uni_ca='2' AND status IN ('7','A','2') AND a.c_asigna=b.c_asigna AND a.c_asigna IN ('300228','300207') [1][0] OK
C:[22/05/2013 00:18:33.51][68.171.231.85][1635] SELECT MAX(semestre) FROM dace006 a, tblaca009 b WHERE a.exp_e='11-20503510' AND a.lapso='2013-1' AND b.pensum='5' AND b.c_uni_ca='2' AND status IN ('7','A','2') AND a.c_asigna=b.c_asigna  [1][0] OK
C:[22/05/2013 00:18:33.88][68.171.231.85][1655] SELECT MIN(semestre) FROM dace006 a, tblaca009 b WHERE a.exp_e='11-20503510' AND a.lapso='2013-1' AND b.pensum='5' AND b.c_uni_ca='2' AND status IN ('7','A','2') AND a.c_asigna=b.c_asigna AND a.c_asigna IN ('300218') [1][0] OK
C:[22/05/2013 09:41:16.80][190.36.30.65][1392] SELECT pre_cod_asig1,pre_cod_asig2,pre_cod_asig3,pre_cod_asig4,pre_cod_asig5,pre_cod_asig6,pre_cod_asig7 FROM tblaca009 WHERE pensum='5' AND c_uni_ca='2' AND c_asigna='300113' [1][0] OK
C:[22/05/2013 09:41:16.80][190.36.30.65][1392] SELECT pre_cod_asig1,pre_cod_asig2,pre_cod_asig3,pre_cod_asig4,pre_cod_asig5,pre_cod_asig6,pre_cod_asig7 FROM tblaca009 WHERE pensum='5' AND c_uni_ca='2' AND c_asigna='300101' [1][0] OK
C:[22/05/2013 09:41:16.04][190.36.30.65][1436] SELECT par_cod_asig1,par_cod_asig2,par_cod_asig3 FROM tblaca009 WHERE pensum='5' AND c_uni_ca='2' AND c_asigna='300113' [1][0] OK
C:[22/05/2013 09:41:16.04][190.36.30.65][1450] SELECT c_asigna FROM dace004 WHERE exp_e='12-21608483' AND c_asigna='300013' AND status IN ('0','3','B','C') [1][0] OK
C:[22/05/2013 09:41:16.04][190.36.30.65][1436] SELECT par_cod_asig1,par_cod_asig2,par_cod_asig3 FROM tblaca009 WHERE pensum='5' AND c_uni_ca='2' AND c_asigna='300101' [1][0] OK
C:[22/05/2013 09:41:16.43][190.36.30.65][1566] SELECT horas_lab FROM tblaca008 WHERE c_asigna='300113' AND horas_teoricas > 0 [0][0] OK
C:[22/05/2013 09:41:16.54][190.36.30.65][1600] SELECT sum(u_creditos*1) FROM dace006 a, tblaca009 b WHERE a.exp_e='12-21608483' AND a.lapso='2013-1' AND b.pensum='5' AND b.c_uni_ca='2' AND status IN ('7','A','2') AND a.c_asigna=b.c_asigna  [1][0] OK
C:[22/05/2013 09:41:16.04][190.36.30.65][1619] SELECT sum(u_creditos*1) FROM dace006 a, tblaca009 b WHERE a.exp_e='12-21608483' AND a.lapso='2013-1' AND b.pensum='5' AND b.c_uni_ca='2' AND status IN ('7','A','2') AND a.c_asigna=b.c_asigna AND a.c_asigna IN ('300101') [1][0] OK
C:[22/05/2013 09:41:16.41][190.36.30.65][1635] SELECT MAX(semestre) FROM dace006 a, tblaca009 b WHERE a.exp_e='12-21608483' AND a.lapso='2013-1' AND b.pensum='5' AND b.c_uni_ca='2' AND status IN ('7','A','2') AND a.c_asigna=b.c_asigna  [1][0] OK
C:[22/05/2013 09:41:16.49][190.36.30.65][1655] SELECT MIN(semestre) FROM dace006 a, tblaca009 b WHERE a.exp_e='12-21608483' AND a.lapso='2013-1' AND b.pensum='5' AND b.c_uni_ca='2' AND status IN ('7','A','2') AND a.c_asigna=b.c_asigna AND a.c_asigna IN ('300113') [1][0] OK
C:[22/05/2013 11:50:15.86][190.73.234.134][1392] SELECT pre_cod_asig1,pre_cod_asig2,pre_cod_asig3,pre_cod_asig4,pre_cod_asig5,pre_cod_asig6,pre_cod_asig7 FROM tblaca009 WHERE pensum='5' AND c_uni_ca='4' AND c_asigna='300013' [1][0] OK
C:[22/05/2013 11:50:15.86][190.73.234.134][1392] SELECT pre_cod_asig1,pre_cod_asig2,pre_cod_asig3,pre_cod_asig4,pre_cod_asig5,pre_cod_asig6,pre_cod_asig7 FROM tblaca009 WHERE pensum='5' AND c_uni_ca='4' AND c_asigna='300101' [1][0] OK
C:[22/05/2013 11:50:15.10][190.73.234.134][1436] SELECT par_cod_asig1,par_cod_asig2,par_cod_asig3 FROM tblaca009 WHERE pensum='5' AND c_uni_ca='4' AND c_asigna='300013' [1][0] OK
C:[22/05/2013 11:50:15.10][190.73.234.134][1436] SELECT par_cod_asig1,par_cod_asig2,par_cod_asig3 FROM tblaca009 WHERE pensum='5' AND c_uni_ca='4' AND c_asigna='300101' [1][0] OK
C:[22/05/2013 11:50:15.36][190.73.234.134][1566] SELECT horas_lab FROM tblaca008 WHERE c_asigna='300013' AND horas_teoricas > 0 [1][0] OK
C:[22/05/2013 11:50:15.48][190.73.234.134][1600] SELECT sum(u_creditos*1) FROM dace006 a, tblaca009 b WHERE a.exp_e='11-21339498' AND a.lapso='2013-1' AND b.pensum='5' AND b.c_uni_ca='4' AND status IN ('7','A','2') AND a.c_asigna=b.c_asigna  [1][0] OK
C:[22/05/2013 11:50:15.41][190.73.234.134][1619] SELECT sum(u_creditos*1) FROM dace006 a, tblaca009 b WHERE a.exp_e='11-21339498' AND a.lapso='2013-1' AND b.pensum='5' AND b.c_uni_ca='4' AND status IN ('7','A','2') AND a.c_asigna=b.c_asigna AND a.c_asigna IN ('300101') [1][0] OK
C:[22/05/2013 11:50:15.79][190.73.234.134][1635] SELECT MAX(semestre) FROM dace006 a, tblaca009 b WHERE a.exp_e='11-21339498' AND a.lapso='2013-1' AND b.pensum='5' AND b.c_uni_ca='4' AND status IN ('7','A','2') AND a.c_asigna=b.c_asigna  [1][0] OK
C:[22/05/2013 11:50:15.73][190.73.234.134][1655] SELECT MIN(semestre) FROM dace006 a, tblaca009 b WHERE a.exp_e='11-21339498' AND a.lapso='2013-1' AND b.pensum='5' AND b.c_uni_ca='4' AND status IN ('7','A','2') AND a.c_asigna=b.c_asigna AND a.c_asigna IN ('300013') [1][0] OK
C:[22/05/2013 14:50:07.06][200.90.115.177][1392] SELECT pre_cod_asig1,pre_cod_asig2,pre_cod_asig3,pre_cod_asig4,pre_cod_asig5,pre_cod_asig6,pre_cod_asig7 FROM tblaca009 WHERE pensum='5' AND c_uni_ca='2' AND c_asigna='300213' [1][0] OK
C:[22/05/2013 14:50:07.06][200.90.115.177][1405] SELECT c_asigna FROM dace004 WHERE exp_e='12-24560849' AND c_asigna='300101' AND status IN ('0','3','B') [1][0] OK
C:[22/05/2013 14:50:07.06][200.90.115.177][1392] SELECT pre_cod_asig1,pre_cod_asig2,pre_cod_asig3,pre_cod_asig4,pre_cod_asig5,pre_cod_asig6,pre_cod_asig7 FROM tblaca009 WHERE pensum='5' AND c_uni_ca='2' AND c_asigna='300207' [1][0] OK
C:[22/05/2013 14:50:07.06][200.90.115.177][1405] SELECT c_asigna FROM dace004 WHERE exp_e='12-24560849' AND c_asigna='300101' AND status IN ('0','3','B') [1][0] OK
C:[22/05/2013 14:50:07.06][200.90.115.177][1392] SELECT pre_cod_asig1,pre_cod_asig2,pre_cod_asig3,pre_cod_asig4,pre_cod_asig5,pre_cod_asig6,pre_cod_asig7 FROM tblaca009 WHERE pensum='5' AND c_uni_ca='2' AND c_asigna='300209' [1][0] OK
C:[22/05/2013 14:50:07.06][200.90.115.177][1405] SELECT c_asigna FROM dace004 WHERE exp_e='12-24560849' AND c_asigna='300101' AND status IN ('0','3','B') [1][0] OK
C:[22/05/2013 14:50:07.06][200.90.115.177][1392] SELECT pre_cod_asig1,pre_cod_asig2,pre_cod_asig3,pre_cod_asig4,pre_cod_asig5,pre_cod_asig6,pre_cod_asig7 FROM tblaca009 WHERE pensum='5' AND c_uni_ca='2' AND c_asigna='300226' [1][0] OK
C:[22/05/2013 14:50:07.06][200.90.115.177][1405] SELECT c_asigna FROM dace004 WHERE exp_e='12-24560849' AND c_asigna='300116' AND status IN ('0','3','B') [1][0] OK
C:[22/05/2013 14:50:07.06][200.90.115.177][1392] SELECT pre_cod_asig1,pre_cod_asig2,pre_cod_asig3,pre_cod_asig4,pre_cod_asig5,pre_cod_asig6,pre_cod_asig7 FROM tblaca009 WHERE pensum='5' AND c_uni_ca='2' AND c_asigna='300228' [1][0] OK
C:[22/05/2013 14:50:07.06][200.90.115.177][1405] SELECT c_asigna FROM dace004 WHERE exp_e='12-24560849' AND c_asigna='300101' AND status IN ('0','3','B') [1][0] OK
C:[22/05/2013 14:50:07.06][200.90.115.177][1392] SELECT pre_cod_asig1,pre_cod_asig2,pre_cod_asig3,pre_cod_asig4,pre_cod_asig5,pre_cod_asig6,pre_cod_asig7 FROM tblaca009 WHERE pensum='5' AND c_uni_ca='2' AND c_asigna='300222' [1][0] OK
C:[22/05/2013 14:50:07.06][200.90.115.177][1405] SELECT c_asigna FROM dace004 WHERE exp_e='12-24560849' AND c_asigna='300112' AND status IN ('0','3','B') [1][0] OK
C:[22/05/2013 14:50:07.06][200.90.115.177][1392] SELECT pre_cod_asig1,pre_cod_asig2,pre_cod_asig3,pre_cod_asig4,pre_cod_asig5,pre_cod_asig6,pre_cod_asig7 FROM tblaca009 WHERE pensum='5' AND c_uni_ca='2' AND c_asigna='300218' [1][0] OK
C:[22/05/2013 14:50:07.06][200.90.115.177][1405] SELECT c_asigna FROM dace004 WHERE exp_e='12-24560849' AND c_asigna='300101' AND status IN ('0','3','B') [1][0] OK
C:[22/05/2013 14:50:07.81][200.90.115.177][1436] SELECT par_cod_asig1,par_cod_asig2,par_cod_asig3 FROM tblaca009 WHERE pensum='5' AND c_uni_ca='2' AND c_asigna='300213' [1][0] OK
C:[22/05/2013 14:50:07.81][200.90.115.177][1450] SELECT c_asigna FROM dace004 WHERE exp_e='12-24560849' AND c_asigna='300209' AND status IN ('0','3','B','C') [0][0] OK
C:[22/05/2013 14:50:07.81][200.90.115.177][1436] SELECT par_cod_asig1,par_cod_asig2,par_cod_asig3 FROM tblaca009 WHERE pensum='5' AND c_uni_ca='2' AND c_asigna='300207' [1][0] OK
C:[22/05/2013 14:50:07.81][200.90.115.177][1436] SELECT par_cod_asig1,par_cod_asig2,par_cod_asig3 FROM tblaca009 WHERE pensum='5' AND c_uni_ca='2' AND c_asigna='300209' [1][0] OK
C:[22/05/2013 14:50:07.81][200.90.115.177][1436] SELECT par_cod_asig1,par_cod_asig2,par_cod_asig3 FROM tblaca009 WHERE pensum='5' AND c_uni_ca='2' AND c_asigna='300226' [1][0] OK
C:[22/05/2013 14:50:07.81][200.90.115.177][1436] SELECT par_cod_asig1,par_cod_asig2,par_cod_asig3 FROM tblaca009 WHERE pensum='5' AND c_uni_ca='2' AND c_asigna='300228' [1][0] OK
C:[22/05/2013 14:50:07.81][200.90.115.177][1436] SELECT par_cod_asig1,par_cod_asig2,par_cod_asig3 FROM tblaca009 WHERE pensum='5' AND c_uni_ca='2' AND c_asigna='300222' [1][0] OK
C:[22/05/2013 14:50:07.81][200.90.115.177][1436] SELECT par_cod_asig1,par_cod_asig2,par_cod_asig3 FROM tblaca009 WHERE pensum='5' AND c_uni_ca='2' AND c_asigna='300218' [1][0] OK
C:[22/05/2013 14:50:07.81][200.90.115.177][1450] SELECT c_asigna FROM dace004 WHERE exp_e='12-24560849' AND c_asigna='300228' AND status IN ('0','3','B','C') [0][0] OK
C:[22/05/2013 14:50:07.95][200.90.115.177][1566] SELECT horas_lab FROM tblaca008 WHERE c_asigna='300213' AND horas_teoricas > 0 [1][0] OK
C:[22/05/2013 14:50:07.06][200.90.115.177][1600] SELECT sum(u_creditos*1) FROM dace006 a, tblaca009 b WHERE a.exp_e='12-24560849' AND a.lapso='2013-1' AND b.pensum='5' AND b.c_uni_ca='2' AND status IN ('7','A','2') AND a.c_asigna=b.c_asigna  [1][0] OK
C:[22/05/2013 14:50:07.44][200.90.115.177][1619] SELECT sum(u_creditos*1) FROM dace006 a, tblaca009 b WHERE a.exp_e='12-24560849' AND a.lapso='2013-1' AND b.pensum='5' AND b.c_uni_ca='2' AND status IN ('7','A','2') AND a.c_asigna=b.c_asigna AND a.c_asigna IN ('300207','300209','300226','300228','300222','300218') [1][0] OK
C:[22/05/2013 14:50:07.37][200.90.115.177][1635] SELECT MAX(semestre) FROM dace006 a, tblaca009 b WHERE a.exp_e='12-24560849' AND a.lapso='2013-1' AND b.pensum='5' AND b.c_uni_ca='2' AND status IN ('7','A','2') AND a.c_asigna=b.c_asigna  [1][0] OK
C:[22/05/2013 14:50:08.75][200.90.115.177][1655] SELECT MIN(semestre) FROM dace006 a, tblaca009 b WHERE a.exp_e='12-24560849' AND a.lapso='2013-1' AND b.pensum='5' AND b.c_uni_ca='2' AND status IN ('7','A','2') AND a.c_asigna=b.c_asigna AND a.c_asigna IN ('300213') [1][0] OK
C:[22/05/2013 14:51:49.27][190.201.8.83][1392] SELECT pre_cod_asig1,pre_cod_asig2,pre_cod_asig3,pre_cod_asig4,pre_cod_asig5,pre_cod_asig6,pre_cod_asig7 FROM tblaca009 WHERE pensum='5' AND c_uni_ca='4' AND c_asigna='300213' [1][0] OK
C:[22/05/2013 14:51:49.27][190.201.8.83][1405] SELECT c_asigna FROM dace004 WHERE exp_e='11-24035704' AND c_asigna='300101' AND status IN ('0','3','B') [1][0] OK
C:[22/05/2013 14:51:49.27][190.201.8.83][1392] SELECT pre_cod_asig1,pre_cod_asig2,pre_cod_asig3,pre_cod_asig4,pre_cod_asig5,pre_cod_asig6,pre_cod_asig7 FROM tblaca009 WHERE pensum='5' AND c_uni_ca='4' AND c_asigna='300222' [1][0] OK
C:[22/05/2013 14:51:49.27][190.201.8.83][1405] SELECT c_asigna FROM dace004 WHERE exp_e='11-24035704' AND c_asigna='300112' AND status IN ('0','3','B') [1][0] OK
C:[22/05/2013 14:51:49.27][190.201.8.83][1392] SELECT pre_cod_asig1,pre_cod_asig2,pre_cod_asig3,pre_cod_asig4,pre_cod_asig5,pre_cod_asig6,pre_cod_asig7 FROM tblaca009 WHERE pensum='5' AND c_uni_ca='4' AND c_asigna='300228' [1][0] OK
C:[22/05/2013 14:51:49.27][190.201.8.83][1405] SELECT c_asigna FROM dace004 WHERE exp_e='11-24035704' AND c_asigna='300101' AND status IN ('0','3','B') [1][0] OK
C:[22/05/2013 14:51:49.27][190.201.8.83][1392] SELECT pre_cod_asig1,pre_cod_asig2,pre_cod_asig3,pre_cod_asig4,pre_cod_asig5,pre_cod_asig6,pre_cod_asig7 FROM tblaca009 WHERE pensum='5' AND c_uni_ca='4' AND c_asigna='300317' [1][0] OK
C:[22/05/2013 14:51:49.27][190.201.8.83][1405] SELECT c_asigna FROM dace004 WHERE exp_e='11-24035704' AND c_asigna='300207' AND status IN ('0','3','B') [1][0] OK
C:[22/05/2013 14:51:49.27][190.201.8.83][1405] SELECT c_asigna FROM dace004 WHERE exp_e='11-24035704' AND c_asigna='300209' AND status IN ('0','3','B') [1][0] OK
C:[22/05/2013 14:51:49.40][190.201.8.83][1436] SELECT par_cod_asig1,par_cod_asig2,par_cod_asig3 FROM tblaca009 WHERE pensum='5' AND c_uni_ca='4' AND c_asigna='300213' [1][0] OK
C:[22/05/2013 14:51:49.40][190.201.8.83][1450] SELECT c_asigna FROM dace004 WHERE exp_e='11-24035704' AND c_asigna='300209' AND status IN ('0','3','B','C') [1][0] OK
C:[22/05/2013 14:51:49.40][190.201.8.83][1436] SELECT par_cod_asig1,par_cod_asig2,par_cod_asig3 FROM tblaca009 WHERE pensum='5' AND c_uni_ca='4' AND c_asigna='300222' [1][0] OK
C:[22/05/2013 14:51:49.40][190.201.8.83][1436] SELECT par_cod_asig1,par_cod_asig2,par_cod_asig3 FROM tblaca009 WHERE pensum='5' AND c_uni_ca='4' AND c_asigna='300228' [1][0] OK
C:[22/05/2013 14:51:49.40][190.201.8.83][1436] SELECT par_cod_asig1,par_cod_asig2,par_cod_asig3 FROM tblaca009 WHERE pensum='5' AND c_uni_ca='4' AND c_asigna='300317' [1][0] OK
C:[22/05/2013 14:51:49.05][190.201.8.83][1566] SELECT horas_lab FROM tblaca008 WHERE c_asigna='300213' AND horas_teoricas > 0 [1][0] OK
C:[22/05/2013 14:51:49.15][190.201.8.83][1600] SELECT sum(u_creditos*1) FROM dace006 a, tblaca009 b WHERE a.exp_e='11-24035704' AND a.lapso='2013-1' AND b.pensum='5' AND b.c_uni_ca='4' AND status IN ('7','A','2') AND a.c_asigna=b.c_asigna  [1][0] OK
C:[22/05/2013 14:51:49.09][190.201.8.83][1619] SELECT sum(u_creditos*1) FROM dace006 a, tblaca009 b WHERE a.exp_e='11-24035704' AND a.lapso='2013-1' AND b.pensum='5' AND b.c_uni_ca='4' AND status IN ('7','A','2') AND a.c_asigna=b.c_asigna AND a.c_asigna IN ('300222','300228','300317') [1][0] OK
C:[22/05/2013 14:51:49.02][190.201.8.83][1635] SELECT MAX(semestre) FROM dace006 a, tblaca009 b WHERE a.exp_e='11-24035704' AND a.lapso='2013-1' AND b.pensum='5' AND b.c_uni_ca='4' AND status IN ('7','A','2') AND a.c_asigna=b.c_asigna  [1][0] OK
C:[22/05/2013 14:51:50.40][190.201.8.83][1655] SELECT MIN(semestre) FROM dace006 a, tblaca009 b WHERE a.exp_e='11-24035704' AND a.lapso='2013-1' AND b.pensum='5' AND b.c_uni_ca='4' AND status IN ('7','A','2') AND a.c_asigna=b.c_asigna AND a.c_asigna IN ('300213') [1][0] OK
C:[22/05/2013 15:02:26.82][190.201.8.83][1392] SELECT pre_cod_asig1,pre_cod_asig2,pre_cod_asig3,pre_cod_asig4,pre_cod_asig5,pre_cod_asig6,pre_cod_asig7 FROM tblaca009 WHERE pensum='5' AND c_uni_ca='3' AND c_asigna='300207' [1][0] OK
C:[22/05/2013 15:02:26.82][190.201.8.83][1405] SELECT c_asigna FROM dace004 WHERE exp_e='09-22590451' AND c_asigna='300101' AND status IN ('0','3','B') [1][0] OK
C:[22/05/2013 15:02:26.82][190.201.8.83][1392] SELECT pre_cod_asig1,pre_cod_asig2,pre_cod_asig3,pre_cod_asig4,pre_cod_asig5,pre_cod_asig6,pre_cod_asig7 FROM tblaca009 WHERE pensum='5' AND c_uni_ca='3' AND c_asigna='300226' [1][0] OK
C:[22/05/2013 15:02:26.82][190.201.8.83][1405] SELECT c_asigna FROM dace004 WHERE exp_e='09-22590451' AND c_asigna='300116' AND status IN ('0','3','B') [1][0] OK
C:[22/05/2013 15:02:26.32][190.201.8.83][1436] SELECT par_cod_asig1,par_cod_asig2,par_cod_asig3 FROM tblaca009 WHERE pensum='5' AND c_uni_ca='3' AND c_asigna='300207' [1][0] OK
C:[22/05/2013 15:02:26.32][190.201.8.83][1436] SELECT par_cod_asig1,par_cod_asig2,par_cod_asig3 FROM tblaca009 WHERE pensum='5' AND c_uni_ca='3' AND c_asigna='300226' [1][0] OK
C:[22/05/2013 15:02:26.60][190.201.8.83][1600] SELECT sum(u_creditos*1) FROM dace006 a, tblaca009 b WHERE a.exp_e='09-22590451' AND a.lapso='2013-1' AND b.pensum='5' AND b.c_uni_ca='3' AND status IN ('7','A','2') AND a.c_asigna=b.c_asigna  [1][0] OK
C:[22/05/2013 15:02:26.52][190.201.8.83][1619] SELECT sum(u_creditos*1) FROM dace006 a, tblaca009 b WHERE a.exp_e='09-22590451' AND a.lapso='2013-1' AND b.pensum='5' AND b.c_uni_ca='3' AND status IN ('7','A','2') AND a.c_asigna=b.c_asigna AND a.c_asigna IN ('300207','300226') [1][0] OK
C:[22/05/2013 15:02:27.88][190.201.8.83][1635] SELECT MAX(semestre) FROM dace006 a, tblaca009 b WHERE a.exp_e='09-22590451' AND a.lapso='2013-1' AND b.pensum='5' AND b.c_uni_ca='3' AND status IN ('7','A','2') AND a.c_asigna=b.c_asigna  [1][0] OK
C:[22/05/2013 18:54:49.82][190.37.238.154][1392] SELECT pre_cod_asig1,pre_cod_asig2,pre_cod_asig3,pre_cod_asig4,pre_cod_asig5,pre_cod_asig6,pre_cod_asig7 FROM tblaca009 WHERE pensum='5' AND c_uni_ca='3' AND c_asigna='311552' [1][0] OK
C:[22/05/2013 18:54:49.82][190.37.238.154][1405] SELECT c_asigna FROM dace004 WHERE exp_e='12-18248745' AND c_asigna='300317' AND status IN ('0','3','B') [1][0] OK
C:[22/05/2013 18:54:49.82][190.37.238.154][1405] SELECT c_asigna FROM dace004 WHERE exp_e='12-18248745' AND c_asigna='300209' AND status IN ('0','3','B') [1][0] OK
C:[22/05/2013 18:54:49.82][190.37.238.154][1392] SELECT pre_cod_asig1,pre_cod_asig2,pre_cod_asig3,pre_cod_asig4,pre_cod_asig5,pre_cod_asig6,pre_cod_asig7 FROM tblaca009 WHERE pensum='5' AND c_uni_ca='3' AND c_asigna='311320' [1][0] OK
C:[22/05/2013 18:54:49.82][190.37.238.154][1405] SELECT c_asigna FROM dace004 WHERE exp_e='12-18248745' AND c_asigna='300013' AND status IN ('0','3','B') [1][0] OK
C:[22/05/2013 18:54:49.82][190.37.238.154][1405] SELECT c_asigna FROM dace004 WHERE exp_e='12-18248745' AND c_asigna='300113' AND status IN ('0','3','B') [1][0] OK
C:[22/05/2013 18:54:49.82][190.37.238.154][1392] SELECT pre_cod_asig1,pre_cod_asig2,pre_cod_asig3,pre_cod_asig4,pre_cod_asig5,pre_cod_asig6,pre_cod_asig7 FROM tblaca009 WHERE pensum='5' AND c_uni_ca='3' AND c_asigna='300428' [1][0] OK
C:[22/05/2013 18:54:49.82][190.37.238.154][1405] SELECT c_asigna FROM dace004 WHERE exp_e='12-18248745' AND c_asigna='300317' AND status IN ('0','3','B') [1][0] OK
C:[22/05/2013 18:54:49.82][190.37.238.154][1405] SELECT c_asigna FROM dace004 WHERE exp_e='12-18248745' AND c_asigna='300209' AND status IN ('0','3','B') [1][0] OK
C:[22/05/2013 18:54:49.82][190.37.238.154][1392] SELECT pre_cod_asig1,pre_cod_asig2,pre_cod_asig3,pre_cod_asig4,pre_cod_asig5,pre_cod_asig6,pre_cod_asig7 FROM tblaca009 WHERE pensum='5' AND c_uni_ca='3' AND c_asigna='311430' [1][0] OK
C:[22/05/2013 18:54:49.82][190.37.238.154][1405] SELECT c_asigna FROM dace004 WHERE exp_e='12-18248745' AND c_asigna='300317' AND status IN ('0','3','B') [1][0] OK
C:[22/05/2013 18:54:49.82][190.37.238.154][1405] SELECT c_asigna FROM dace004 WHERE exp_e='12-18248745' AND c_asigna='300318' AND status IN ('0','3','B') [1][0] OK
C:[22/05/2013 18:54:49.82][190.37.238.154][1405] SELECT c_asigna FROM dace004 WHERE exp_e='12-18248745' AND c_asigna='300313' AND status IN ('0','3','B') [1][0] OK
C:[22/05/2013 18:54:49.82][190.37.238.154][1405] SELECT c_asigna FROM dace004 WHERE exp_e='12-18248745' AND c_asigna='300222' AND status IN ('0','3','B') [1][0] OK
C:[22/05/2013 18:54:49.82][190.37.238.154][1405] SELECT c_asigna FROM dace004 WHERE exp_e='12-18248745' AND c_asigna='300226' AND status IN ('0','3','B') [1][0] OK
C:[22/05/2013 18:54:49.82][190.37.238.154][1405] SELECT c_asigna FROM dace004 WHERE exp_e='12-18248745' AND c_asigna='300209' AND status IN ('0','3','B') [1][0] OK
C:[22/05/2013 18:54:49.81][190.37.238.154][1436] SELECT par_cod_asig1,par_cod_asig2,par_cod_asig3 FROM tblaca009 WHERE pensum='5' AND c_uni_ca='3' AND c_asigna='311552' [1][0] OK
C:[22/05/2013 18:54:49.81][190.37.238.154][1436] SELECT par_cod_asig1,par_cod_asig2,par_cod_asig3 FROM tblaca009 WHERE pensum='5' AND c_uni_ca='3' AND c_asigna='311320' [1][0] OK
C:[22/05/2013 18:54:49.81][190.37.238.154][1436] SELECT par_cod_asig1,par_cod_asig2,par_cod_asig3 FROM tblaca009 WHERE pensum='5' AND c_uni_ca='3' AND c_asigna='300428' [1][0] OK
C:[22/05/2013 18:54:49.81][190.37.238.154][1436] SELECT par_cod_asig1,par_cod_asig2,par_cod_asig3 FROM tblaca009 WHERE pensum='5' AND c_uni_ca='3' AND c_asigna='311430' [1][0] OK
C:[22/05/2013 18:54:49.32][190.37.238.154][1566] SELECT horas_lab FROM tblaca008 WHERE c_asigna='311552' AND horas_teoricas > 0 [1][0] OK
C:[22/05/2013 18:54:49.44][190.37.238.154][1600] SELECT sum(u_creditos*1) FROM dace006 a, tblaca009 b WHERE a.exp_e='12-18248745' AND a.lapso='2013-1' AND b.pensum='5' AND b.c_uni_ca='3' AND status IN ('7','A','2') AND a.c_asigna=b.c_asigna  [1][0] OK
C:[22/05/2013 18:54:49.81][190.37.238.154][1619] SELECT sum(u_creditos*1) FROM dace006 a, tblaca009 b WHERE a.exp_e='12-18248745' AND a.lapso='2013-1' AND b.pensum='5' AND b.c_uni_ca='3' AND status IN ('7','A','2') AND a.c_asigna=b.c_asigna AND a.c_asigna IN ('311320','300428','311430') [1][0] OK
C:[22/05/2013 18:54:50.19][190.37.238.154][1635] SELECT MAX(semestre) FROM dace006 a, tblaca009 b WHERE a.exp_e='12-18248745' AND a.lapso='2013-1' AND b.pensum='5' AND b.c_uni_ca='3' AND status IN ('7','A','2') AND a.c_asigna=b.c_asigna  [1][0] OK
C:[22/05/2013 18:54:50.56][190.37.238.154][1655] SELECT MIN(semestre) FROM dace006 a, tblaca009 b WHERE a.exp_e='12-18248745' AND a.lapso='2013-1' AND b.pensum='5' AND b.c_uni_ca='3' AND status IN ('7','A','2') AND a.c_asigna=b.c_asigna AND a.c_asigna IN ('311552') [1][0] OK
C:[23/05/2013 08:03:32.30][190.78.119.62][1392] SELECT pre_cod_asig1,pre_cod_asig2,pre_cod_asig3,pre_cod_asig4,pre_cod_asig5,pre_cod_asig6,pre_cod_asig7 FROM tblaca009 WHERE pensum='5' AND c_uni_ca='2' AND c_asigna='300113' [1][0] OK
C:[23/05/2013 08:03:32.30][190.78.119.62][1392] SELECT pre_cod_asig1,pre_cod_asig2,pre_cod_asig3,pre_cod_asig4,pre_cod_asig5,pre_cod_asig6,pre_cod_asig7 FROM tblaca009 WHERE pensum='5' AND c_uni_ca='2' AND c_asigna='300101' [1][0] OK
C:[23/05/2013 08:03:32.30][190.78.119.62][1392] SELECT pre_cod_asig1,pre_cod_asig2,pre_cod_asig3,pre_cod_asig4,pre_cod_asig5,pre_cod_asig6,pre_cod_asig7 FROM tblaca009 WHERE pensum='5' AND c_uni_ca='2' AND c_asigna='300013' [1][0] OK
C:[23/05/2013 08:03:32.30][190.78.119.62][1392] SELECT pre_cod_asig1,pre_cod_asig2,pre_cod_asig3,pre_cod_asig4,pre_cod_asig5,pre_cod_asig6,pre_cod_asig7 FROM tblaca009 WHERE pensum='5' AND c_uni_ca='2' AND c_asigna='300112' [1][0] OK
C:[23/05/2013 08:03:32.30][190.78.119.62][1392] SELECT pre_cod_asig1,pre_cod_asig2,pre_cod_asig3,pre_cod_asig4,pre_cod_asig5,pre_cod_asig6,pre_cod_asig7 FROM tblaca009 WHERE pensum='5' AND c_uni_ca='2' AND c_asigna='300116' [1][0] OK
C:[23/05/2013 08:03:32.92][190.78.119.62][1436] SELECT par_cod_asig1,par_cod_asig2,par_cod_asig3 FROM tblaca009 WHERE pensum='5' AND c_uni_ca='2' AND c_asigna='300113' [1][0] OK
C:[23/05/2013 08:03:32.92][190.78.119.62][1450] SELECT c_asigna FROM dace004 WHERE exp_e='12-22590836' AND c_asigna='300013' AND status IN ('0','3','B','C') [0][0] OK
C:[23/05/2013 08:03:32.92][190.78.119.62][1436] SELECT par_cod_asig1,par_cod_asig2,par_cod_asig3 FROM tblaca009 WHERE pensum='5' AND c_uni_ca='2' AND c_asigna='300101' [1][0] OK
C:[23/05/2013 08:03:32.92][190.78.119.62][1436] SELECT par_cod_asig1,par_cod_asig2,par_cod_asig3 FROM tblaca009 WHERE pensum='5' AND c_uni_ca='2' AND c_asigna='300013' [1][0] OK
C:[23/05/2013 08:03:32.92][190.78.119.62][1436] SELECT par_cod_asig1,par_cod_asig2,par_cod_asig3 FROM tblaca009 WHERE pensum='5' AND c_uni_ca='2' AND c_asigna='300112' [1][0] OK
C:[23/05/2013 08:03:32.92][190.78.119.62][1436] SELECT par_cod_asig1,par_cod_asig2,par_cod_asig3 FROM tblaca009 WHERE pensum='5' AND c_uni_ca='2' AND c_asigna='300116' [1][0] OK
C:[23/05/2013 08:03:33.69][190.78.119.62][1566] SELECT horas_lab FROM tblaca008 WHERE c_asigna='300113' AND horas_teoricas > 0 [0][0] OK
C:[23/05/2013 08:03:33.80][190.78.119.62][1600] SELECT sum(u_creditos*1) FROM dace006 a, tblaca009 b WHERE a.exp_e='12-22590836' AND a.lapso='2013-1' AND b.pensum='5' AND b.c_uni_ca='2' AND status IN ('7','A','2') AND a.c_asigna=b.c_asigna  [1][0] OK
C:[23/05/2013 08:03:33.56][190.78.119.62][1619] SELECT sum(u_creditos*1) FROM dace006 a, tblaca009 b WHERE a.exp_e='12-22590836' AND a.lapso='2013-1' AND b.pensum='5' AND b.c_uni_ca='2' AND status IN ('7','A','2') AND a.c_asigna=b.c_asigna AND a.c_asigna IN ('300101','300013','300112','300116') [1][0] OK
C:[23/05/2013 08:03:33.05][190.78.119.62][1635] SELECT MAX(semestre) FROM dace006 a, tblaca009 b WHERE a.exp_e='12-22590836' AND a.lapso='2013-1' AND b.pensum='5' AND b.c_uni_ca='2' AND status IN ('7','A','2') AND a.c_asigna=b.c_asigna  [1][0] OK
C:[23/05/2013 08:03:33.24][190.78.119.62][1655] SELECT MIN(semestre) FROM dace006 a, tblaca009 b WHERE a.exp_e='12-22590836' AND a.lapso='2013-1' AND b.pensum='5' AND b.c_uni_ca='2' AND status IN ('7','A','2') AND a.c_asigna=b.c_asigna AND a.c_asigna IN ('300113') [1][0] OK
C:[23/05/2013 08:34:47.26][186.88.118.188][1392] SELECT pre_cod_asig1,pre_cod_asig2,pre_cod_asig3,pre_cod_asig4,pre_cod_asig5,pre_cod_asig6,pre_cod_asig7 FROM tblaca009 WHERE pensum='5' AND c_uni_ca='3' AND c_asigna='311556' [1][0] OK
C:[23/05/2013 08:34:47.26][186.88.118.188][1405] SELECT c_asigna FROM dace004 WHERE exp_e='08-17041449' AND c_asigna='311434' AND status IN ('0','3','B') [1][0] OK
C:[23/05/2013 08:34:47.26][186.88.118.188][1405] SELECT c_asigna FROM dace004 WHERE exp_e='08-17041449' AND c_asigna='311430' AND status IN ('0','3','B') [1][0] OK
C:[23/05/2013 08:34:47.26][186.88.118.188][1405] SELECT c_asigna FROM dace004 WHERE exp_e='08-17041449' AND c_asigna='300222' AND status IN ('0','3','B') [1][0] OK
C:[23/05/2013 08:34:47.26][186.88.118.188][1405] SELECT c_asigna FROM dace004 WHERE exp_e='08-17041449' AND c_asigna='300226' AND status IN ('0','3','B') [1][0] OK
C:[23/05/2013 08:34:47.26][186.88.118.188][1405] SELECT c_asigna FROM dace004 WHERE exp_e='08-17041449' AND c_asigna='300209' AND status IN ('0','3','B') [1][0] OK
C:[23/05/2013 08:34:47.26][186.88.118.188][1392] SELECT pre_cod_asig1,pre_cod_asig2,pre_cod_asig3,pre_cod_asig4,pre_cod_asig5,pre_cod_asig6,pre_cod_asig7 FROM tblaca009 WHERE pensum='5' AND c_uni_ca='3' AND c_asigna='311431' [1][0] OK
C:[23/05/2013 08:34:47.26][186.88.118.188][1405] SELECT c_asigna FROM dace004 WHERE exp_e='08-17041449' AND c_asigna='311320' AND status IN ('0','3','B') [1][0] OK
C:[23/05/2013 08:34:47.26][186.88.118.188][1405] SELECT c_asigna FROM dace004 WHERE exp_e='08-17041449' AND c_asigna='300013' AND status IN ('0','3','B') [1][0] OK
C:[23/05/2013 08:34:47.26][186.88.118.188][1405] SELECT c_asigna FROM dace004 WHERE exp_e='08-17041449' AND c_asigna='300113' AND status IN ('0','3','B') [1][0] OK
C:[23/05/2013 08:34:47.26][186.88.118.188][1405] SELECT c_asigna FROM dace004 WHERE exp_e='08-17041449' AND c_asigna='300222' AND status IN ('0','3','B') [1][0] OK
C:[23/05/2013 08:34:47.26][186.88.118.188][1405] SELECT c_asigna FROM dace004 WHERE exp_e='08-17041449' AND c_asigna='300226' AND status IN ('0','3','B') [1][0] OK
C:[23/05/2013 08:34:47.26][186.88.118.188][1405] SELECT c_asigna FROM dace004 WHERE exp_e='08-17041449' AND c_asigna='300209' AND status IN ('0','3','B') [1][0] OK
C:[23/05/2013 08:34:47.26][186.88.118.188][1392] SELECT pre_cod_asig1,pre_cod_asig2,pre_cod_asig3,pre_cod_asig4,pre_cod_asig5,pre_cod_asig6,pre_cod_asig7 FROM tblaca009 WHERE pensum='5' AND c_uni_ca='3' AND c_asigna='314787' [1][0] OK
C:[23/05/2013 08:34:47.26][186.88.118.188][1405] SELECT c_asigna FROM dace004 WHERE exp_e='08-17041449' AND c_asigna='314662' AND status IN ('0','3','B') [1][0] OK
C:[23/05/2013 08:34:47.26][186.88.118.188][1392] SELECT pre_cod_asig1,pre_cod_asig2,pre_cod_asig3,pre_cod_asig4,pre_cod_asig5,pre_cod_asig6,pre_cod_asig7 FROM tblaca009 WHERE pensum='5' AND c_uni_ca='3' AND c_asigna='300314' [1][0] OK
C:[23/05/2013 08:34:47.26][186.88.118.188][1405] SELECT c_asigna FROM dace004 WHERE exp_e='08-17041449' AND c_asigna='300106' AND status IN ('0','3','B') [1][0] OK
C:[23/05/2013 08:34:47.26][186.88.118.188][1392] SELECT pre_cod_asig1,pre_cod_asig2,pre_cod_asig3,pre_cod_asig4,pre_cod_asig5,pre_cod_asig6,pre_cod_asig7 FROM tblaca009 WHERE pensum='5' AND c_uni_ca='3' AND c_asigna='311674' [1][0] OK
C:[23/05/2013 08:34:47.26][186.88.118.188][1405] SELECT c_asigna FROM dace004 WHERE exp_e='08-17041449' AND c_asigna='310548' AND status IN ('0','3','B') [1][0] OK
C:[23/05/2013 08:34:47.26][186.88.118.188][1405] SELECT c_asigna FROM dace004 WHERE exp_e='08-17041449' AND c_asigna='311551' AND status IN ('0','3','B') [1][0] OK
C:[23/05/2013 08:34:47.26][186.88.118.188][1405] SELECT c_asigna FROM dace004 WHERE exp_e='08-17041449' AND c_asigna='311320' AND status IN ('0','3','B') [1][0] OK
C:[23/05/2013 08:34:48.89][186.88.118.188][1436] SELECT par_cod_asig1,par_cod_asig2,par_cod_asig3 FROM tblaca009 WHERE pensum='5' AND c_uni_ca='3' AND c_asigna='311556' [1][0] OK
C:[23/05/2013 08:34:48.89][186.88.118.188][1450] SELECT c_asigna FROM dace004 WHERE exp_e='08-17041449' AND c_asigna='311551' AND status IN ('0','3','B','C') [1][0] OK
C:[23/05/2013 08:34:48.89][186.88.118.188][1436] SELECT par_cod_asig1,par_cod_asig2,par_cod_asig3 FROM tblaca009 WHERE pensum='5' AND c_uni_ca='3' AND c_asigna='311431' [1][0] OK
C:[23/05/2013 08:34:48.89][186.88.118.188][1450] SELECT c_asigna FROM dace004 WHERE exp_e='08-17041449' AND c_asigna='311430' AND status IN ('0','3','B','C') [1][0] OK
C:[23/05/2013 08:34:48.89][186.88.118.188][1436] SELECT par_cod_asig1,par_cod_asig2,par_cod_asig3 FROM tblaca009 WHERE pensum='5' AND c_uni_ca='3' AND c_asigna='314787' [1][0] OK
C:[23/05/2013 08:34:48.89][186.88.118.188][1436] SELECT par_cod_asig1,par_cod_asig2,par_cod_asig3 FROM tblaca009 WHERE pensum='5' AND c_uni_ca='3' AND c_asigna='300314' [1][0] OK
C:[23/05/2013 08:34:48.89][186.88.118.188][1436] SELECT par_cod_asig1,par_cod_asig2,par_cod_asig3 FROM tblaca009 WHERE pensum='5' AND c_uni_ca='3' AND c_asigna='311674' [1][0] OK
C:[23/05/2013 08:34:48.77][186.88.118.188][1566] SELECT horas_lab FROM tblaca008 WHERE c_asigna='311556' AND horas_teoricas > 0 [0][0] OK
C:[23/05/2013 08:34:48.89][186.88.118.188][1600] SELECT sum(u_creditos*1) FROM dace006 a, tblaca009 b WHERE a.exp_e='08-17041449' AND a.lapso='2013-1' AND b.pensum='5' AND b.c_uni_ca='3' AND status IN ('7','A','2') AND a.c_asigna=b.c_asigna  [1][0] OK
C:[23/05/2013 08:34:48.64][186.88.118.188][1619] SELECT sum(u_creditos*1) FROM dace006 a, tblaca009 b WHERE a.exp_e='08-17041449' AND a.lapso='2013-1' AND b.pensum='5' AND b.c_uni_ca='3' AND status IN ('7','A','2') AND a.c_asigna=b.c_asigna AND a.c_asigna IN ('311431','314787','300314','311674') [1][0] OK
C:[23/05/2013 08:34:48.01][186.88.118.188][1635] SELECT MAX(semestre) FROM dace006 a, tblaca009 b WHERE a.exp_e='08-17041449' AND a.lapso='2013-1' AND b.pensum='5' AND b.c_uni_ca='3' AND status IN ('7','A','2') AND a.c_asigna=b.c_asigna  [1][0] OK
C:[23/05/2013 08:34:49.20][186.88.118.188][1655] SELECT MIN(semestre) FROM dace006 a, tblaca009 b WHERE a.exp_e='08-17041449' AND a.lapso='2013-1' AND b.pensum='5' AND b.c_uni_ca='3' AND status IN ('7','A','2') AND a.c_asigna=b.c_asigna AND a.c_asigna IN ('311556') [1][0] OK
C:[23/05/2013 08:51:48.75][190.200.55.102][1392] SELECT pre_cod_asig1,pre_cod_asig2,pre_cod_asig3,pre_cod_asig4,pre_cod_asig5,pre_cod_asig6,pre_cod_asig7 FROM tblaca009 WHERE pensum='5' AND c_uni_ca='3' AND c_asigna='300113' [1][0] OK
C:[23/05/2013 08:51:48.75][190.200.55.102][1392] SELECT pre_cod_asig1,pre_cod_asig2,pre_cod_asig3,pre_cod_asig4,pre_cod_asig5,pre_cod_asig6,pre_cod_asig7 FROM tblaca009 WHERE pensum='5' AND c_uni_ca='3' AND c_asigna='300116' [1][0] OK
C:[23/05/2013 08:51:48.75][190.200.55.102][1392] SELECT pre_cod_asig1,pre_cod_asig2,pre_cod_asig3,pre_cod_asig4,pre_cod_asig5,pre_cod_asig6,pre_cod_asig7 FROM tblaca009 WHERE pensum='5' AND c_uni_ca='3' AND c_asigna='300207' [1][0] OK
C:[23/05/2013 08:51:48.75][190.200.55.102][1405] SELECT c_asigna FROM dace004 WHERE exp_e='12-24412604' AND c_asigna='300101' AND status IN ('0','3','B') [1][0] OK
C:[23/05/2013 08:51:48.75][190.200.55.102][1392] SELECT pre_cod_asig1,pre_cod_asig2,pre_cod_asig3,pre_cod_asig4,pre_cod_asig5,pre_cod_asig6,pre_cod_asig7 FROM tblaca009 WHERE pensum='5' AND c_uni_ca='3' AND c_asigna='300013' [1][0] OK
C:[23/05/2013 08:51:48.75][190.200.55.102][1392] SELECT pre_cod_asig1,pre_cod_asig2,pre_cod_asig3,pre_cod_asig4,pre_cod_asig5,pre_cod_asig6,pre_cod_asig7 FROM tblaca009 WHERE pensum='5' AND c_uni_ca='3' AND c_asigna='300105' [1][0] OK
C:[23/05/2013 08:51:48.75][190.200.55.102][1392] SELECT pre_cod_asig1,pre_cod_asig2,pre_cod_asig3,pre_cod_asig4,pre_cod_asig5,pre_cod_asig6,pre_cod_asig7 FROM tblaca009 WHERE pensum='5' AND c_uni_ca='3' AND c_asigna='300209' [1][0] OK
C:[23/05/2013 08:51:48.75][190.200.55.102][1405] SELECT c_asigna FROM dace004 WHERE exp_e='12-24412604' AND c_asigna='300101' AND status IN ('0','3','B') [1][0] OK
C:[23/05/2013 08:51:48.75][190.200.55.102][1436] SELECT par_cod_asig1,par_cod_asig2,par_cod_asig3 FROM tblaca009 WHERE pensum='5' AND c_uni_ca='3' AND c_asigna='300113' [1][0] OK
C:[23/05/2013 08:51:48.75][190.200.55.102][1450] SELECT c_asigna FROM dace004 WHERE exp_e='12-24412604' AND c_asigna='300013' AND status IN ('0','3','B','C') [0][0] OK
C:[23/05/2013 08:51:48.75][190.200.55.102][1436] SELECT par_cod_asig1,par_cod_asig2,par_cod_asig3 FROM tblaca009 WHERE pensum='5' AND c_uni_ca='3' AND c_asigna='300116' [1][0] OK
C:[23/05/2013 08:51:48.75][190.200.55.102][1436] SELECT par_cod_asig1,par_cod_asig2,par_cod_asig3 FROM tblaca009 WHERE pensum='5' AND c_uni_ca='3' AND c_asigna='300207' [1][0] OK
C:[23/05/2013 08:51:48.75][190.200.55.102][1436] SELECT par_cod_asig1,par_cod_asig2,par_cod_asig3 FROM tblaca009 WHERE pensum='5' AND c_uni_ca='3' AND c_asigna='300013' [1][0] OK
C:[23/05/2013 08:51:48.75][190.200.55.102][1436] SELECT par_cod_asig1,par_cod_asig2,par_cod_asig3 FROM tblaca009 WHERE pensum='5' AND c_uni_ca='3' AND c_asigna='300105' [1][0] OK
C:[23/05/2013 08:51:48.75][190.200.55.102][1436] SELECT par_cod_asig1,par_cod_asig2,par_cod_asig3 FROM tblaca009 WHERE pensum='5' AND c_uni_ca='3' AND c_asigna='300209' [1][0] OK
C:[23/05/2013 08:51:48.20][190.200.55.102][1566] SELECT horas_lab FROM tblaca008 WHERE c_asigna='300113' AND horas_teoricas > 0 [0][0] OK
C:[23/05/2013 08:51:48.32][190.200.55.102][1600] SELECT sum(u_creditos*1) FROM dace006 a, tblaca009 b WHERE a.exp_e='12-24412604' AND a.lapso='2013-1' AND b.pensum='5' AND b.c_uni_ca='3' AND status IN ('7','A','2') AND a.c_asigna=b.c_asigna  [1][0] OK
C:[23/05/2013 08:51:48.25][190.200.55.102][1619] SELECT sum(u_creditos*1) FROM dace006 a, tblaca009 b WHERE a.exp_e='12-24412604' AND a.lapso='2013-1' AND b.pensum='5' AND b.c_uni_ca='3' AND status IN ('7','A','2') AND a.c_asigna=b.c_asigna AND a.c_asigna IN ('300116','300207','300013','300105','300209') [1][0] OK
C:[23/05/2013 08:51:48.19][190.200.55.102][1635] SELECT MAX(semestre) FROM dace006 a, tblaca009 b WHERE a.exp_e='12-24412604' AND a.lapso='2013-1' AND b.pensum='5' AND b.c_uni_ca='3' AND status IN ('7','A','2') AND a.c_asigna=b.c_asigna  [1][0] OK
C:[23/05/2013 08:51:48.13][190.200.55.102][1655] SELECT MIN(semestre) FROM dace006 a, tblaca009 b WHERE a.exp_e='12-24412604' AND a.lapso='2013-1' AND b.pensum='5' AND b.c_uni_ca='3' AND status IN ('7','A','2') AND a.c_asigna=b.c_asigna AND a.c_asigna IN ('300113') [1][0] OK
C:[23/05/2013 08:58:24.79][190.200.55.102][1392] SELECT pre_cod_asig1,pre_cod_asig2,pre_cod_asig3,pre_cod_asig4,pre_cod_asig5,pre_cod_asig6,pre_cod_asig7 FROM tblaca009 WHERE pensum='5' AND c_uni_ca='3' AND c_asigna='300013' [1][0] OK
C:[23/05/2013 08:58:24.79][190.200.55.102][1392] SELECT pre_cod_asig1,pre_cod_asig2,pre_cod_asig3,pre_cod_asig4,pre_cod_asig5,pre_cod_asig6,pre_cod_asig7 FROM tblaca009 WHERE pensum='5' AND c_uni_ca='3' AND c_asigna='300116' [1][0] OK
C:[23/05/2013 08:58:24.79][190.200.55.102][1392] SELECT pre_cod_asig1,pre_cod_asig2,pre_cod_asig3,pre_cod_asig4,pre_cod_asig5,pre_cod_asig6,pre_cod_asig7 FROM tblaca009 WHERE pensum='5' AND c_uni_ca='3' AND c_asigna='300207' [1][0] OK
C:[23/05/2013 08:58:24.79][190.200.55.102][1405] SELECT c_asigna FROM dace004 WHERE exp_e='12-24412604' AND c_asigna='300101' AND status IN ('0','3','B') [1][0] OK
C:[23/05/2013 08:58:24.79][190.200.55.102][1392] SELECT pre_cod_asig1,pre_cod_asig2,pre_cod_asig3,pre_cod_asig4,pre_cod_asig5,pre_cod_asig6,pre_cod_asig7 FROM tblaca009 WHERE pensum='5' AND c_uni_ca='3' AND c_asigna='300105' [1][0] OK
C:[23/05/2013 08:58:24.79][190.200.55.102][1392] SELECT pre_cod_asig1,pre_cod_asig2,pre_cod_asig3,pre_cod_asig4,pre_cod_asig5,pre_cod_asig6,pre_cod_asig7 FROM tblaca009 WHERE pensum='5' AND c_uni_ca='3' AND c_asigna='300209' [1][0] OK
C:[23/05/2013 08:58:24.79][190.200.55.102][1405] SELECT c_asigna FROM dace004 WHERE exp_e='12-24412604' AND c_asigna='300101' AND status IN ('0','3','B') [1][0] OK
C:[23/05/2013 08:58:24.66][190.200.55.102][1436] SELECT par_cod_asig1,par_cod_asig2,par_cod_asig3 FROM tblaca009 WHERE pensum='5' AND c_uni_ca='3' AND c_asigna='300013' [1][0] OK
C:[23/05/2013 08:58:24.66][190.200.55.102][1436] SELECT par_cod_asig1,par_cod_asig2,par_cod_asig3 FROM tblaca009 WHERE pensum='5' AND c_uni_ca='3' AND c_asigna='300116' [1][0] OK
C:[23/05/2013 08:58:24.66][190.200.55.102][1436] SELECT par_cod_asig1,par_cod_asig2,par_cod_asig3 FROM tblaca009 WHERE pensum='5' AND c_uni_ca='3' AND c_asigna='300207' [1][0] OK
C:[23/05/2013 08:58:24.66][190.200.55.102][1436] SELECT par_cod_asig1,par_cod_asig2,par_cod_asig3 FROM tblaca009 WHERE pensum='5' AND c_uni_ca='3' AND c_asigna='300105' [1][0] OK
C:[23/05/2013 08:58:24.66][190.200.55.102][1436] SELECT par_cod_asig1,par_cod_asig2,par_cod_asig3 FROM tblaca009 WHERE pensum='5' AND c_uni_ca='3' AND c_asigna='300209' [1][0] OK
C:[23/05/2013 08:58:24.30][190.200.55.102][1566] SELECT horas_lab FROM tblaca008 WHERE c_asigna='300013' AND horas_teoricas > 0 [1][0] OK
C:[23/05/2013 08:58:24.42][190.200.55.102][1600] SELECT sum(u_creditos*1) FROM dace006 a, tblaca009 b WHERE a.exp_e='12-24412604' AND a.lapso='2013-1' AND b.pensum='5' AND b.c_uni_ca='3' AND status IN ('7','A','2') AND a.c_asigna=b.c_asigna  [1][0] OK
C:[23/05/2013 08:58:24.35][190.200.55.102][1619] SELECT sum(u_creditos*1) FROM dace006 a, tblaca009 b WHERE a.exp_e='12-24412604' AND a.lapso='2013-1' AND b.pensum='5' AND b.c_uni_ca='3' AND status IN ('7','A','2') AND a.c_asigna=b.c_asigna AND a.c_asigna IN ('300116','300207','300105','300209') [1][0] OK
C:[23/05/2013 08:58:24.29][190.200.55.102][1635] SELECT MAX(semestre) FROM dace006 a, tblaca009 b WHERE a.exp_e='12-24412604' AND a.lapso='2013-1' AND b.pensum='5' AND b.c_uni_ca='3' AND status IN ('7','A','2') AND a.c_asigna=b.c_asigna  [1][0] OK
C:[23/05/2013 08:58:24.23][190.200.55.102][1655] SELECT MIN(semestre) FROM dace006 a, tblaca009 b WHERE a.exp_e='12-24412604' AND a.lapso='2013-1' AND b.pensum='5' AND b.c_uni_ca='3' AND status IN ('7','A','2') AND a.c_asigna=b.c_asigna AND a.c_asigna IN ('300013') [1][0] OK
C:[23/05/2013 09:17:04.13][190.37.155.216][1392] SELECT pre_cod_asig1,pre_cod_asig2,pre_cod_asig3,pre_cod_asig4,pre_cod_asig5,pre_cod_asig6,pre_cod_asig7 FROM tblaca009 WHERE pensum='5' AND c_uni_ca='4' AND c_asigna='300101' [1][0] OK
C:[23/05/2013 09:17:04.13][190.37.155.216][1392] SELECT pre_cod_asig1,pre_cod_asig2,pre_cod_asig3,pre_cod_asig4,pre_cod_asig5,pre_cod_asig6,pre_cod_asig7 FROM tblaca009 WHERE pensum='5' AND c_uni_ca='4' AND c_asigna='300116' [1][0] OK
C:[23/05/2013 09:17:04.38][190.37.155.216][1436] SELECT par_cod_asig1,par_cod_asig2,par_cod_asig3 FROM tblaca009 WHERE pensum='5' AND c_uni_ca='4' AND c_asigna='300101' [1][0] OK
C:[23/05/2013 09:17:04.38][190.37.155.216][1436] SELECT par_cod_asig1,par_cod_asig2,par_cod_asig3 FROM tblaca009 WHERE pensum='5' AND c_uni_ca='4' AND c_asigna='300116' [1][0] OK
C:[23/05/2013 09:17:04.64][190.37.155.216][1600] SELECT sum(u_creditos*1) FROM dace006 a, tblaca009 b WHERE a.exp_e='11-22818115' AND a.lapso='2013-1' AND b.pensum='5' AND b.c_uni_ca='4' AND status IN ('7','A','2') AND a.c_asigna=b.c_asigna  [1][0] OK
C:[23/05/2013 09:17:04.56][190.37.155.216][1619] SELECT sum(u_creditos*1) FROM dace006 a, tblaca009 b WHERE a.exp_e='11-22818115' AND a.lapso='2013-1' AND b.pensum='5' AND b.c_uni_ca='4' AND status IN ('7','A','2') AND a.c_asigna=b.c_asigna AND a.c_asigna IN ('300101','300116') [1][0] OK
C:[23/05/2013 09:17:04.94][190.37.155.216][1635] SELECT MAX(semestre) FROM dace006 a, tblaca009 b WHERE a.exp_e='11-22818115' AND a.lapso='2013-1' AND b.pensum='5' AND b.c_uni_ca='4' AND status IN ('7','A','2') AND a.c_asigna=b.c_asigna  [1][0] OK
C:[23/05/2013 14:30:50.43][186.88.105.55][1392] SELECT pre_cod_asig1,pre_cod_asig2,pre_cod_asig3,pre_cod_asig4,pre_cod_asig5,pre_cod_asig6,pre_cod_asig7 FROM tblaca009 WHERE pensum='5' AND c_uni_ca='6' AND c_asigna='300207' [1][0] OK
C:[23/05/2013 14:30:50.43][186.88.105.55][1405] SELECT c_asigna FROM dace004 WHERE exp_e='12-24963701' AND c_asigna='300101' AND status IN ('0','3','B') [1][0] OK
C:[23/05/2013 14:30:50.43][186.88.105.55][1392] SELECT pre_cod_asig1,pre_cod_asig2,pre_cod_asig3,pre_cod_asig4,pre_cod_asig5,pre_cod_asig6,pre_cod_asig7 FROM tblaca009 WHERE pensum='5' AND c_uni_ca='6' AND c_asigna='300013' [1][0] OK
C:[23/05/2013 14:30:50.43][186.88.105.55][1392] SELECT pre_cod_asig1,pre_cod_asig2,pre_cod_asig3,pre_cod_asig4,pre_cod_asig5,pre_cod_asig6,pre_cod_asig7 FROM tblaca009 WHERE pensum='5' AND c_uni_ca='6' AND c_asigna='300105' [1][0] OK
C:[23/05/2013 14:30:50.43][186.88.105.55][1392] SELECT pre_cod_asig1,pre_cod_asig2,pre_cod_asig3,pre_cod_asig4,pre_cod_asig5,pre_cod_asig6,pre_cod_asig7 FROM tblaca009 WHERE pensum='5' AND c_uni_ca='6' AND c_asigna='300112' [1][0] OK
C:[23/05/2013 14:30:50.43][186.88.105.55][1392] SELECT pre_cod_asig1,pre_cod_asig2,pre_cod_asig3,pre_cod_asig4,pre_cod_asig5,pre_cod_asig6,pre_cod_asig7 FROM tblaca009 WHERE pensum='5' AND c_uni_ca='6' AND c_asigna='300226' [1][0] OK
C:[23/05/2013 14:30:50.43][186.88.105.55][1405] SELECT c_asigna FROM dace004 WHERE exp_e='12-24963701' AND c_asigna='300116' AND status IN ('0','3','B') [1][0] OK
C:[23/05/2013 14:30:50.30][186.88.105.55][1436] SELECT par_cod_asig1,par_cod_asig2,par_cod_asig3 FROM tblaca009 WHERE pensum='5' AND c_uni_ca='6' AND c_asigna='300207' [1][0] OK
C:[23/05/2013 14:30:50.30][186.88.105.55][1436] SELECT par_cod_asig1,par_cod_asig2,par_cod_asig3 FROM tblaca009 WHERE pensum='5' AND c_uni_ca='6' AND c_asigna='300013' [1][0] OK
C:[23/05/2013 14:30:50.30][186.88.105.55][1436] SELECT par_cod_asig1,par_cod_asig2,par_cod_asig3 FROM tblaca009 WHERE pensum='5' AND c_uni_ca='6' AND c_asigna='300105' [1][0] OK
C:[23/05/2013 14:30:50.30][186.88.105.55][1436] SELECT par_cod_asig1,par_cod_asig2,par_cod_asig3 FROM tblaca009 WHERE pensum='5' AND c_uni_ca='6' AND c_asigna='300112' [1][0] OK
C:[23/05/2013 14:30:50.30][186.88.105.55][1436] SELECT par_cod_asig1,par_cod_asig2,par_cod_asig3 FROM tblaca009 WHERE pensum='5' AND c_uni_ca='6' AND c_asigna='300226' [1][0] OK
C:[23/05/2013 14:30:51.94][186.88.105.55][1566] SELECT horas_lab FROM tblaca008 WHERE c_asigna='300207' AND horas_teoricas > 0 [1][0] OK
C:[23/05/2013 14:30:51.05][186.88.105.55][1600] SELECT sum(u_creditos*1) FROM dace006 a, tblaca009 b WHERE a.exp_e='12-24963701' AND a.lapso='2013-1' AND b.pensum='5' AND b.c_uni_ca='6' AND status IN ('7','A','2') AND a.c_asigna=b.c_asigna  [1][0] OK
C:[23/05/2013 14:30:51.44][186.88.105.55][1619] SELECT sum(u_creditos*1) FROM dace006 a, tblaca009 b WHERE a.exp_e='12-24963701' AND a.lapso='2013-1' AND b.pensum='5' AND b.c_uni_ca='6' AND status IN ('7','A','2') AND a.c_asigna=b.c_asigna AND a.c_asigna IN ('300013','300105','300112','300226') [1][0] OK
C:[23/05/2013 14:30:51.81][186.88.105.55][1635] SELECT MAX(semestre) FROM dace006 a, tblaca009 b WHERE a.exp_e='12-24963701' AND a.lapso='2013-1' AND b.pensum='5' AND b.c_uni_ca='6' AND status IN ('7','A','2') AND a.c_asigna=b.c_asigna  [1][0] OK
C:[23/05/2013 14:30:51.18][186.88.105.55][1655] SELECT MIN(semestre) FROM dace006 a, tblaca009 b WHERE a.exp_e='12-24963701' AND a.lapso='2013-1' AND b.pensum='5' AND b.c_uni_ca='6' AND status IN ('7','A','2') AND a.c_asigna=b.c_asigna AND a.c_asigna IN ('300207') [1][0] OK
C:[23/05/2013 14:58:19.45][190.198.21.188][1392] SELECT pre_cod_asig1,pre_cod_asig2,pre_cod_asig3,pre_cod_asig4,pre_cod_asig5,pre_cod_asig6,pre_cod_asig7 FROM tblaca009 WHERE pensum='5' AND c_uni_ca='2' AND c_asigna='322558' [1][0] OK
C:[23/05/2013 14:58:19.45][190.198.21.188][1405] SELECT c_asigna FROM dace004 WHERE exp_e='07-19910318' AND c_asigna='300428' AND status IN ('0','3','B') [1][0] OK
C:[23/05/2013 14:58:19.45][190.198.21.188][1405] SELECT c_asigna FROM dace004 WHERE exp_e='07-19910318' AND c_asigna='320323' AND status IN ('0','3','B') [1][0] OK
C:[23/05/2013 14:58:19.84][190.198.21.188][1436] SELECT par_cod_asig1,par_cod_asig2,par_cod_asig3 FROM tblaca009 WHERE pensum='5' AND c_uni_ca='2' AND c_asigna='322558' [1][0] OK
C:[23/05/2013 14:58:19.97][190.198.21.188][1600] SELECT sum(u_creditos*1) FROM dace006 a, tblaca009 b WHERE a.exp_e='07-19910318' AND a.lapso='2013-1' AND b.pensum='5' AND b.c_uni_ca='2' AND status IN ('7','A','2') AND a.c_asigna=b.c_asigna  [1][0] OK
C:[23/05/2013 14:58:19.89][190.198.21.188][1619] SELECT sum(u_creditos*1) FROM dace006 a, tblaca009 b WHERE a.exp_e='07-19910318' AND a.lapso='2013-1' AND b.pensum='5' AND b.c_uni_ca='2' AND status IN ('7','A','2') AND a.c_asigna=b.c_asigna AND a.c_asigna IN ('322558') [1][0] OK
C:[23/05/2013 14:58:19.83][190.198.21.188][1635] SELECT MAX(semestre) FROM dace006 a, tblaca009 b WHERE a.exp_e='07-19910318' AND a.lapso='2013-1' AND b.pensum='5' AND b.c_uni_ca='2' AND status IN ('7','A','2') AND a.c_asigna=b.c_asigna  [1][0] OK
C:[23/05/2013 15:33:51.97][190.200.55.102][1392] SELECT pre_cod_asig1,pre_cod_asig2,pre_cod_asig3,pre_cod_asig4,pre_cod_asig5,pre_cod_asig6,pre_cod_asig7 FROM tblaca009 WHERE pensum='5' AND c_uni_ca='4' AND c_asigna='300313' [1][0] OK
C:[23/05/2013 15:33:51.97][190.200.55.102][1405] SELECT c_asigna FROM dace004 WHERE exp_e='09-22588375' AND c_asigna='300213' AND status IN ('0','3','B') [1][0] OK
C:[23/05/2013 15:33:51.97][190.200.55.102][1405] SELECT c_asigna FROM dace004 WHERE exp_e='09-22588375' AND c_asigna='300226' AND status IN ('0','3','B') [1][0] OK
C:[23/05/2013 15:33:51.97][190.200.55.102][1405] SELECT c_asigna FROM dace004 WHERE exp_e='09-22588375' AND c_asigna='300222' AND status IN ('0','3','B') [1][0] OK
C:[23/05/2013 15:33:51.97][190.200.55.102][1405] SELECT c_asigna FROM dace004 WHERE exp_e='09-22588375' AND c_asigna='300209' AND status IN ('0','3','B') [1][0] OK
C:[23/05/2013 15:33:51.97][190.200.55.102][1392] SELECT pre_cod_asig1,pre_cod_asig2,pre_cod_asig3,pre_cod_asig4,pre_cod_asig5,pre_cod_asig6,pre_cod_asig7 FROM tblaca009 WHERE pensum='5' AND c_uni_ca='4' AND c_asigna='300428' [1][0] OK
C:[23/05/2013 15:33:51.97][190.200.55.102][1405] SELECT c_asigna FROM dace004 WHERE exp_e='09-22588375' AND c_asigna='300317' AND status IN ('0','3','B') [1][0] OK
C:[23/05/2013 15:33:51.97][190.200.55.102][1405] SELECT c_asigna FROM dace004 WHERE exp_e='09-22588375' AND c_asigna='300209' AND status IN ('0','3','B') [1][0] OK
C:[23/05/2013 15:33:51.97][190.200.55.102][1392] SELECT pre_cod_asig1,pre_cod_asig2,pre_cod_asig3,pre_cod_asig4,pre_cod_asig5,pre_cod_asig6,pre_cod_asig7 FROM tblaca009 WHERE pensum='5' AND c_uni_ca='4' AND c_asigna='300318' [1][0] OK
C:[23/05/2013 15:33:51.97][190.200.55.102][1405] SELECT c_asigna FROM dace004 WHERE exp_e='09-22588375' AND c_asigna='300228' AND status IN ('0','3','B') [1][0] OK
C:[23/05/2013 15:33:51.97][190.200.55.102][1405] SELECT c_asigna FROM dace004 WHERE exp_e='09-22588375' AND c_asigna='300207' AND status IN ('0','3','B') [1][0] OK
C:[23/05/2013 15:33:51.97][190.200.55.102][1405] SELECT c_asigna FROM dace004 WHERE exp_e='09-22588375' AND c_asigna='300218' AND status IN ('0','3','B') [1][0] OK
C:[23/05/2013 15:33:51.97][190.200.55.102][1392] SELECT pre_cod_asig1,pre_cod_asig2,pre_cod_asig3,pre_cod_asig4,pre_cod_asig5,pre_cod_asig6,pre_cod_asig7 FROM tblaca009 WHERE pensum='5' AND c_uni_ca='4' AND c_asigna='330310' [1][0] OK
C:[23/05/2013 15:33:51.97][190.200.55.102][1405] SELECT c_asigna FROM dace004 WHERE exp_e='09-22588375' AND c_asigna='300013' AND status IN ('0','3','B') [1][0] OK
C:[23/05/2013 15:33:51.97][190.200.55.102][1405] SELECT c_asigna FROM dace004 WHERE exp_e='09-22588375' AND c_asigna='300113' AND status IN ('0','3','B') [1][0] OK
C:[23/05/2013 15:33:52.85][190.200.55.102][1436] SELECT par_cod_asig1,par_cod_asig2,par_cod_asig3 FROM tblaca009 WHERE pensum='5' AND c_uni_ca='4' AND c_asigna='300313' [1][0] OK
C:[23/05/2013 15:33:52.85][190.200.55.102][1436] SELECT par_cod_asig1,par_cod_asig2,par_cod_asig3 FROM tblaca009 WHERE pensum='5' AND c_uni_ca='4' AND c_asigna='300428' [1][0] OK
C:[23/05/2013 15:33:52.85][190.200.55.102][1436] SELECT par_cod_asig1,par_cod_asig2,par_cod_asig3 FROM tblaca009 WHERE pensum='5' AND c_uni_ca='4' AND c_asigna='300318' [1][0] OK
C:[23/05/2013 15:33:52.85][190.200.55.102][1436] SELECT par_cod_asig1,par_cod_asig2,par_cod_asig3 FROM tblaca009 WHERE pensum='5' AND c_uni_ca='4' AND c_asigna='330310' [1][0] OK
C:[23/05/2013 15:33:52.36][190.200.55.102][1566] SELECT horas_lab FROM tblaca008 WHERE c_asigna='300313' AND horas_teoricas > 0 [1][0] OK
C:[23/05/2013 15:33:52.48][190.200.55.102][1600] SELECT sum(u_creditos*1) FROM dace006 a, tblaca009 b WHERE a.exp_e='09-22588375' AND a.lapso='2013-1' AND b.pensum='5' AND b.c_uni_ca='4' AND status IN ('7','A','2') AND a.c_asigna=b.c_asigna  [1][0] OK
C:[23/05/2013 15:33:52.98][190.200.55.102][1619] SELECT sum(u_creditos*1) FROM dace006 a, tblaca009 b WHERE a.exp_e='09-22588375' AND a.lapso='2013-1' AND b.pensum='5' AND b.c_uni_ca='4' AND status IN ('7','A','2') AND a.c_asigna=b.c_asigna AND a.c_asigna IN ('300428','300318','330310') [1][0] OK
C:[23/05/2013 15:33:52.35][190.200.55.102][1635] SELECT MAX(semestre) FROM dace006 a, tblaca009 b WHERE a.exp_e='09-22588375' AND a.lapso='2013-1' AND b.pensum='5' AND b.c_uni_ca='4' AND status IN ('7','A','2') AND a.c_asigna=b.c_asigna  [1][0] OK
C:[23/05/2013 15:33:52.29][190.200.55.102][1655] SELECT MIN(semestre) FROM dace006 a, tblaca009 b WHERE a.exp_e='09-22588375' AND a.lapso='2013-1' AND b.pensum='5' AND b.c_uni_ca='4' AND status IN ('7','A','2') AND a.c_asigna=b.c_asigna AND a.c_asigna IN ('300313') [1][0] OK
C:[23/05/2013 16:58:47.12][190.200.55.102][1392] SELECT pre_cod_asig1,pre_cod_asig2,pre_cod_asig3,pre_cod_asig4,pre_cod_asig5,pre_cod_asig6,pre_cod_asig7 FROM tblaca009 WHERE pensum='5' AND c_uni_ca='2' AND c_asigna='300422' [1][0] OK
C:[23/05/2013 16:58:47.12][190.200.55.102][1405] SELECT c_asigna FROM dace004 WHERE exp_e='06-17999021' AND c_asigna='300105' AND status IN ('0','3','B') [1][0] OK
C:[23/05/2013 16:58:47.12][190.200.55.102][1405] SELECT c_asigna FROM dace004 WHERE exp_e='06-17999021' AND c_asigna='300314' AND status IN ('0','3','B') [1][0] OK
C:[23/05/2013 16:58:47.12][190.200.55.102][1392] SELECT pre_cod_asig1,pre_cod_asig2,pre_cod_asig3,pre_cod_asig4,pre_cod_asig5,pre_cod_asig6,pre_cod_asig7 FROM tblaca009 WHERE pensum='5' AND c_uni_ca='2' AND c_asigna='300213' [1][0] OK
C:[23/05/2013 16:58:47.12][190.200.55.102][1405] SELECT c_asigna FROM dace004 WHERE exp_e='06-17999021' AND c_asigna='300101' AND status IN ('0','3','B') [1][0] OK
C:[23/05/2013 16:58:47.74][190.200.55.102][1436] SELECT par_cod_asig1,par_cod_asig2,par_cod_asig3 FROM tblaca009 WHERE pensum='5' AND c_uni_ca='2' AND c_asigna='300422' [1][0] OK
C:[23/05/2013 16:58:47.74][190.200.55.102][1436] SELECT par_cod_asig1,par_cod_asig2,par_cod_asig3 FROM tblaca009 WHERE pensum='5' AND c_uni_ca='2' AND c_asigna='300213' [1][0] OK
C:[23/05/2013 16:58:47.74][190.200.55.102][1450] SELECT c_asigna FROM dace004 WHERE exp_e='06-17999021' AND c_asigna='300209' AND status IN ('0','3','B','C') [1][0] OK
C:[23/05/2013 16:58:47.13][190.200.55.102][1566] SELECT horas_lab FROM tblaca008 WHERE c_asigna='300422' AND horas_teoricas > 0 [0][0] OK
C:[23/05/2013 16:58:47.24][190.200.55.102][1600] SELECT sum(u_creditos*1) FROM dace006 a, tblaca009 b WHERE a.exp_e='06-17999021' AND a.lapso='2013-1' AND b.pensum='5' AND b.c_uni_ca='2' AND status IN ('7','A','2') AND a.c_asigna=b.c_asigna  [1][0] OK
C:[23/05/2013 16:58:47.87][190.200.55.102][1619] SELECT sum(u_creditos*1) FROM dace006 a, tblaca009 b WHERE a.exp_e='06-17999021' AND a.lapso='2013-1' AND b.pensum='5' AND b.c_uni_ca='2' AND status IN ('7','A','2') AND a.c_asigna=b.c_asigna AND a.c_asigna IN ('300213') [1][0] OK
C:[23/05/2013 16:58:47.80][190.200.55.102][1635] SELECT MAX(semestre) FROM dace006 a, tblaca009 b WHERE a.exp_e='06-17999021' AND a.lapso='2013-1' AND b.pensum='5' AND b.c_uni_ca='2' AND status IN ('7','A','2') AND a.c_asigna=b.c_asigna  [1][0] OK
C:[23/05/2013 16:58:47.75][190.200.55.102][1655] SELECT MIN(semestre) FROM dace006 a, tblaca009 b WHERE a.exp_e='06-17999021' AND a.lapso='2013-1' AND b.pensum='5' AND b.c_uni_ca='2' AND status IN ('7','A','2') AND a.c_asigna=b.c_asigna AND a.c_asigna IN ('300422') [1][0] OK
C:[24/05/2013 09:11:30.36][172.16.8.251][1392] SELECT pre_cod_asig1,pre_cod_asig2,pre_cod_asig3,pre_cod_asig4,pre_cod_asig5,pre_cod_asig6,pre_cod_asig7 FROM tblaca009 WHERE pensum='5' AND c_uni_ca='2' AND c_asigna='322436' [1][0] OK
C:[24/05/2013 09:11:30.36][172.16.8.251][1405] SELECT c_asigna FROM dace004 WHERE exp_e='11-25274977' AND c_asigna='300317' AND status IN ('0','3','B') [1][0] OK
C:[24/05/2013 09:11:30.36][172.16.8.251][1405] SELECT c_asigna FROM dace004 WHERE exp_e='11-25274977' AND c_asigna='320311' AND status IN ('0','3','B') [1][0] OK
C:[24/05/2013 09:11:30.36][172.16.8.251][1392] SELECT pre_cod_asig1,pre_cod_asig2,pre_cod_asig3,pre_cod_asig4,pre_cod_asig5,pre_cod_asig6,pre_cod_asig7 FROM tblaca009 WHERE pensum='5' AND c_uni_ca='2' AND c_asigna='300226' [1][0] OK
C:[24/05/2013 09:11:30.36][172.16.8.251][1405] SELECT c_asigna FROM dace004 WHERE exp_e='11-25274977' AND c_asigna='300116' AND status IN ('0','3','B') [1][0] OK
C:[24/05/2013 09:11:30.36][172.16.8.251][1392] SELECT pre_cod_asig1,pre_cod_asig2,pre_cod_asig3,pre_cod_asig4,pre_cod_asig5,pre_cod_asig6,pre_cod_asig7 FROM tblaca009 WHERE pensum='5' AND c_uni_ca='2' AND c_asigna='300228' [1][0] OK
C:[24/05/2013 09:11:30.36][172.16.8.251][1405] SELECT c_asigna FROM dace004 WHERE exp_e='11-25274977' AND c_asigna='300101' AND status IN ('0','3','B') [1][0] OK
C:[24/05/2013 09:11:30.36][172.16.8.251][1392] SELECT pre_cod_asig1,pre_cod_asig2,pre_cod_asig3,pre_cod_asig4,pre_cod_asig5,pre_cod_asig6,pre_cod_asig7 FROM tblaca009 WHERE pensum='5' AND c_uni_ca='2' AND c_asigna='300428' [1][0] OK
C:[24/05/2013 09:11:30.36][172.16.8.251][1405] SELECT c_asigna FROM dace004 WHERE exp_e='11-25274977' AND c_asigna='300317' AND status IN ('0','3','B') [1][0] OK
C:[24/05/2013 09:11:30.36][172.16.8.251][1405] SELECT c_asigna FROM dace004 WHERE exp_e='11-25274977' AND c_asigna='300209' AND status IN ('0','3','B') [1][0] OK
C:[24/05/2013 09:11:30.61][172.16.8.251][1436] SELECT par_cod_asig1,par_cod_asig2,par_cod_asig3 FROM tblaca009 WHERE pensum='5' AND c_uni_ca='2' AND c_asigna='322436' [1][0] OK
C:[24/05/2013 09:11:30.61][172.16.8.251][1436] SELECT par_cod_asig1,par_cod_asig2,par_cod_asig3 FROM tblaca009 WHERE pensum='5' AND c_uni_ca='2' AND c_asigna='300226' [1][0] OK
C:[24/05/2013 09:11:30.61][172.16.8.251][1436] SELECT par_cod_asig1,par_cod_asig2,par_cod_asig3 FROM tblaca009 WHERE pensum='5' AND c_uni_ca='2' AND c_asigna='300228' [1][0] OK
C:[24/05/2013 09:11:30.61][172.16.8.251][1436] SELECT par_cod_asig1,par_cod_asig2,par_cod_asig3 FROM tblaca009 WHERE pensum='5' AND c_uni_ca='2' AND c_asigna='300428' [1][0] OK
C:[24/05/2013 09:11:30.13][172.16.8.251][1566] SELECT horas_lab FROM tblaca008 WHERE c_asigna='322436' AND horas_teoricas > 0 [1][0] OK
C:[24/05/2013 09:11:30.24][172.16.8.251][1600] SELECT sum(u_creditos*1) FROM dace006 a, tblaca009 b WHERE a.exp_e='11-25274977' AND a.lapso='2013-1' AND b.pensum='5' AND b.c_uni_ca='2' AND status IN ('7','A','2') AND a.c_asigna=b.c_asigna  [1][0] OK
C:[24/05/2013 09:11:30.61][172.16.8.251][1619] SELECT sum(u_creditos*1) FROM dace006 a, tblaca009 b WHERE a.exp_e='11-25274977' AND a.lapso='2013-1' AND b.pensum='5' AND b.c_uni_ca='2' AND status IN ('7','A','2') AND a.c_asigna=b.c_asigna AND a.c_asigna IN ('300226','300228','300428') [1][0] OK
C:[24/05/2013 09:11:30.98][172.16.8.251][1635] SELECT MAX(semestre) FROM dace006 a, tblaca009 b WHERE a.exp_e='11-25274977' AND a.lapso='2013-1' AND b.pensum='5' AND b.c_uni_ca='2' AND status IN ('7','A','2') AND a.c_asigna=b.c_asigna  [1][0] OK
C:[24/05/2013 09:11:30.92][172.16.8.251][1655] SELECT MIN(semestre) FROM dace006 a, tblaca009 b WHERE a.exp_e='11-25274977' AND a.lapso='2013-1' AND b.pensum='5' AND b.c_uni_ca='2' AND status IN ('7','A','2') AND a.c_asigna=b.c_asigna AND a.c_asigna IN ('322436') [1][0] OK
C:[24/05/2013 10:52:34.92][186.89.178.160][1392] SELECT pre_cod_asig1,pre_cod_asig2,pre_cod_asig3,pre_cod_asig4,pre_cod_asig5,pre_cod_asig6,pre_cod_asig7 FROM tblaca009 WHERE pensum='5' AND c_uni_ca='5' AND c_asigna='300112' [1][0] OK
C:[24/05/2013 10:52:34.92][186.89.178.160][1392] SELECT pre_cod_asig1,pre_cod_asig2,pre_cod_asig3,pre_cod_asig4,pre_cod_asig5,pre_cod_asig6,pre_cod_asig7 FROM tblaca009 WHERE pensum='5' AND c_uni_ca='5' AND c_asigna='300101' [1][0] OK
C:[24/05/2013 10:52:34.92][186.89.178.160][1392] SELECT pre_cod_asig1,pre_cod_asig2,pre_cod_asig3,pre_cod_asig4,pre_cod_asig5,pre_cod_asig6,pre_cod_asig7 FROM tblaca009 WHERE pensum='5' AND c_uni_ca='5' AND c_asigna='300105' [1][0] OK
C:[24/05/2013 10:52:34.92][186.89.178.160][1392] SELECT pre_cod_asig1,pre_cod_asig2,pre_cod_asig3,pre_cod_asig4,pre_cod_asig5,pre_cod_asig6,pre_cod_asig7 FROM tblaca009 WHERE pensum='5' AND c_uni_ca='5' AND c_asigna='300113' [1][0] OK
C:[24/05/2013 10:52:34.92][186.89.178.160][1392] SELECT pre_cod_asig1,pre_cod_asig2,pre_cod_asig3,pre_cod_asig4,pre_cod_asig5,pre_cod_asig6,pre_cod_asig7 FROM tblaca009 WHERE pensum='5' AND c_uni_ca='5' AND c_asigna='300116' [1][0] OK
C:[24/05/2013 10:52:34.54][186.89.178.160][1436] SELECT par_cod_asig1,par_cod_asig2,par_cod_asig3 FROM tblaca009 WHERE pensum='5' AND c_uni_ca='5' AND c_asigna='300112' [1][0] OK
C:[24/05/2013 10:52:34.54][186.89.178.160][1436] SELECT par_cod_asig1,par_cod_asig2,par_cod_asig3 FROM tblaca009 WHERE pensum='5' AND c_uni_ca='5' AND c_asigna='300101' [1][0] OK
C:[24/05/2013 10:52:34.54][186.89.178.160][1436] SELECT par_cod_asig1,par_cod_asig2,par_cod_asig3 FROM tblaca009 WHERE pensum='5' AND c_uni_ca='5' AND c_asigna='300105' [1][0] OK
C:[24/05/2013 10:52:34.54][186.89.178.160][1436] SELECT par_cod_asig1,par_cod_asig2,par_cod_asig3 FROM tblaca009 WHERE pensum='5' AND c_uni_ca='5' AND c_asigna='300113' [1][0] OK
C:[24/05/2013 10:52:34.54][186.89.178.160][1450] SELECT c_asigna FROM dace004 WHERE exp_e='12-24863898' AND c_asigna='300013' AND status IN ('0','3','B','C') [1][0] OK
C:[24/05/2013 10:52:34.54][186.89.178.160][1436] SELECT par_cod_asig1,par_cod_asig2,par_cod_asig3 FROM tblaca009 WHERE pensum='5' AND c_uni_ca='5' AND c_asigna='300116' [1][0] OK
C:[24/05/2013 10:52:34.43][186.89.178.160][1566] SELECT horas_lab FROM tblaca008 WHERE c_asigna='300112' AND horas_teoricas > 0 [1][0] OK
C:[24/05/2013 10:52:35.55][186.89.178.160][1600] SELECT sum(u_creditos*1) FROM dace006 a, tblaca009 b WHERE a.exp_e='12-24863898' AND a.lapso='2013-1' AND b.pensum='5' AND b.c_uni_ca='5' AND status IN ('7','A','2') AND a.c_asigna=b.c_asigna  [1][0] OK
C:[24/05/2013 10:52:35.09][186.89.178.160][1619] SELECT sum(u_creditos*1) FROM dace006 a, tblaca009 b WHERE a.exp_e='12-24863898' AND a.lapso='2013-1' AND b.pensum='5' AND b.c_uni_ca='5' AND status IN ('7','A','2') AND a.c_asigna=b.c_asigna AND a.c_asigna IN ('300101','300105','300113','300116') [1][0] OK
C:[24/05/2013 10:52:35.59][186.89.178.160][1635] SELECT MAX(semestre) FROM dace006 a, tblaca009 b WHERE a.exp_e='12-24863898' AND a.lapso='2013-1' AND b.pensum='5' AND b.c_uni_ca='5' AND status IN ('7','A','2') AND a.c_asigna=b.c_asigna  [1][0] OK
C:[24/05/2013 10:52:35.05][186.89.178.160][1655] SELECT MIN(semestre) FROM dace006 a, tblaca009 b WHERE a.exp_e='12-24863898' AND a.lapso='2013-1' AND b.pensum='5' AND b.c_uni_ca='5' AND status IN ('7','A','2') AND a.c_asigna=b.c_asigna AND a.c_asigna IN ('300112') [1][0] OK
C:[24/05/2013 13:19:54.77][181.208.67.240][1392] SELECT pre_cod_asig1,pre_cod_asig2,pre_cod_asig3,pre_cod_asig4,pre_cod_asig5,pre_cod_asig6,pre_cod_asig7 FROM tblaca009 WHERE pensum='5' AND c_uni_ca='6' AND c_asigna='300313' [1][0] OK
C:[24/05/2013 13:19:54.77][181.208.67.240][1405] SELECT c_asigna FROM dace004 WHERE exp_e='04-18246487' AND c_asigna='300213' AND status IN ('0','3','B') [1][0] OK
C:[24/05/2013 13:19:54.77][181.208.67.240][1405] SELECT c_asigna FROM dace004 WHERE exp_e='04-18246487' AND c_asigna='300226' AND status IN ('0','3','B') [1][0] OK
C:[24/05/2013 13:19:54.77][181.208.67.240][1405] SELECT c_asigna FROM dace004 WHERE exp_e='04-18246487' AND c_asigna='300222' AND status IN ('0','3','B') [1][0] OK
C:[24/05/2013 13:19:54.77][181.208.67.240][1405] SELECT c_asigna FROM dace004 WHERE exp_e='04-18246487' AND c_asigna='300209' AND status IN ('0','3','B') [1][0] OK
C:[24/05/2013 13:19:55.40][181.208.67.240][1436] SELECT par_cod_asig1,par_cod_asig2,par_cod_asig3 FROM tblaca009 WHERE pensum='5' AND c_uni_ca='6' AND c_asigna='300313' [1][0] OK
C:[24/05/2013 13:19:55.55][181.208.67.240][1600] SELECT sum(u_creditos*1) FROM dace006 a, tblaca009 b WHERE a.exp_e='04-18246487' AND a.lapso='2013-1' AND b.pensum='5' AND b.c_uni_ca='6' AND status IN ('7','A','2') AND a.c_asigna=b.c_asigna  [1][0] OK
C:[24/05/2013 13:19:55.90][181.208.67.240][1619] SELECT sum(u_creditos*1) FROM dace006 a, tblaca009 b WHERE a.exp_e='04-18246487' AND a.lapso='2013-1' AND b.pensum='5' AND b.c_uni_ca='6' AND status IN ('7','A','2') AND a.c_asigna=b.c_asigna AND a.c_asigna IN ('300313') [1][0] OK
C:[24/05/2013 13:19:55.28][181.208.67.240][1635] SELECT MAX(semestre) FROM dace006 a, tblaca009 b WHERE a.exp_e='04-18246487' AND a.lapso='2013-1' AND b.pensum='5' AND b.c_uni_ca='6' AND status IN ('7','A','2') AND a.c_asigna=b.c_asigna  [1][0] OK
C:[24/05/2013 13:22:10.38][181.208.67.240][1392] SELECT pre_cod_asig1,pre_cod_asig2,pre_cod_asig3,pre_cod_asig4,pre_cod_asig5,pre_cod_asig6,pre_cod_asig7 FROM tblaca009 WHERE pensum='5' AND c_uni_ca='6' AND c_asigna='300313' [1][0] OK
C:[24/05/2013 13:22:10.38][181.208.67.240][1405] SELECT c_asigna FROM dace004 WHERE exp_e='04-18246487' AND c_asigna='300213' AND status IN ('0','3','B') [1][0] OK
C:[24/05/2013 13:22:10.38][181.208.67.240][1405] SELECT c_asigna FROM dace004 WHERE exp_e='04-18246487' AND c_asigna='300226' AND status IN ('0','3','B') [1][0] OK
C:[24/05/2013 13:22:10.38][181.208.67.240][1405] SELECT c_asigna FROM dace004 WHERE exp_e='04-18246487' AND c_asigna='300222' AND status IN ('0','3','B') [1][0] OK
C:[24/05/2013 13:22:10.38][181.208.67.240][1405] SELECT c_asigna FROM dace004 WHERE exp_e='04-18246487' AND c_asigna='300209' AND status IN ('0','3','B') [1][0] OK
C:[24/05/2013 13:22:10.01][181.208.67.240][1436] SELECT par_cod_asig1,par_cod_asig2,par_cod_asig3 FROM tblaca009 WHERE pensum='5' AND c_uni_ca='6' AND c_asigna='300313' [1][0] OK
C:[24/05/2013 13:22:10.15][181.208.67.240][1600] SELECT sum(u_creditos*1) FROM dace006 a, tblaca009 b WHERE a.exp_e='04-18246487' AND a.lapso='2013-1' AND b.pensum='5' AND b.c_uni_ca='6' AND status IN ('7','A','2') AND a.c_asigna=b.c_asigna  [1][0] OK
C:[24/05/2013 13:22:10.51][181.208.67.240][1619] SELECT sum(u_creditos*1) FROM dace006 a, tblaca009 b WHERE a.exp_e='04-18246487' AND a.lapso='2013-1' AND b.pensum='5' AND b.c_uni_ca='6' AND status IN ('7','A','2') AND a.c_asigna=b.c_asigna AND a.c_asigna IN ('300313') [1][0] OK
C:[24/05/2013 13:22:10.57][181.208.67.240][1635] SELECT MAX(semestre) FROM dace006 a, tblaca009 b WHERE a.exp_e='04-18246487' AND a.lapso='2013-1' AND b.pensum='5' AND b.c_uni_ca='6' AND status IN ('7','A','2') AND a.c_asigna=b.c_asigna  [1][0] OK
C:[24/05/2013 14:08:47.38][190.79.26.185][1392] SELECT pre_cod_asig1,pre_cod_asig2,pre_cod_asig3,pre_cod_asig4,pre_cod_asig5,pre_cod_asig6,pre_cod_asig7 FROM tblaca009 WHERE pensum='5' AND c_uni_ca='2' AND c_asigna='300112' [1][0] OK
C:[24/05/2013 14:08:47.38][190.79.26.185][1392] SELECT pre_cod_asig1,pre_cod_asig2,pre_cod_asig3,pre_cod_asig4,pre_cod_asig5,pre_cod_asig6,pre_cod_asig7 FROM tblaca009 WHERE pensum='5' AND c_uni_ca='2' AND c_asigna='300013' [1][0] OK
C:[24/05/2013 14:08:47.38][190.79.26.185][1392] SELECT pre_cod_asig1,pre_cod_asig2,pre_cod_asig3,pre_cod_asig4,pre_cod_asig5,pre_cod_asig6,pre_cod_asig7 FROM tblaca009 WHERE pensum='5' AND c_uni_ca='2' AND c_asigna='300101' [1][0] OK
C:[24/05/2013 14:08:47.38][190.79.26.185][1392] SELECT pre_cod_asig1,pre_cod_asig2,pre_cod_asig3,pre_cod_asig4,pre_cod_asig5,pre_cod_asig6,pre_cod_asig7 FROM tblaca009 WHERE pensum='5' AND c_uni_ca='2' AND c_asigna='300105' [1][0] OK
C:[24/05/2013 14:08:47.38][190.79.26.185][1392] SELECT pre_cod_asig1,pre_cod_asig2,pre_cod_asig3,pre_cod_asig4,pre_cod_asig5,pre_cod_asig6,pre_cod_asig7 FROM tblaca009 WHERE pensum='5' AND c_uni_ca='2' AND c_asigna='300226' [1][0] OK
C:[24/05/2013 14:08:47.38][190.79.26.185][1405] SELECT c_asigna FROM dace004 WHERE exp_e='12-24541670' AND c_asigna='300116' AND status IN ('0','3','B') [1][0] OK
C:[24/05/2013 14:08:47.14][190.79.26.185][1436] SELECT par_cod_asig1,par_cod_asig2,par_cod_asig3 FROM tblaca009 WHERE pensum='5' AND c_uni_ca='2' AND c_asigna='300112' [1][0] OK
C:[24/05/2013 14:08:47.14][190.79.26.185][1436] SELECT par_cod_asig1,par_cod_asig2,par_cod_asig3 FROM tblaca009 WHERE pensum='5' AND c_uni_ca='2' AND c_asigna='300013' [1][0] OK
C:[24/05/2013 14:08:47.14][190.79.26.185][1436] SELECT par_cod_asig1,par_cod_asig2,par_cod_asig3 FROM tblaca009 WHERE pensum='5' AND c_uni_ca='2' AND c_asigna='300101' [1][0] OK
C:[24/05/2013 14:08:47.14][190.79.26.185][1436] SELECT par_cod_asig1,par_cod_asig2,par_cod_asig3 FROM tblaca009 WHERE pensum='5' AND c_uni_ca='2' AND c_asigna='300105' [1][0] OK
C:[24/05/2013 14:08:47.14][190.79.26.185][1436] SELECT par_cod_asig1,par_cod_asig2,par_cod_asig3 FROM tblaca009 WHERE pensum='5' AND c_uni_ca='2' AND c_asigna='300226' [1][0] OK
C:[24/05/2013 14:08:48.77][190.79.26.185][1566] SELECT horas_lab FROM tblaca008 WHERE c_asigna='300112' AND horas_teoricas > 0 [1][0] OK
C:[24/05/2013 14:08:48.89][190.79.26.185][1600] SELECT sum(u_creditos*1) FROM dace006 a, tblaca009 b WHERE a.exp_e='12-24541670' AND a.lapso='2013-1' AND b.pensum='5' AND b.c_uni_ca='2' AND status IN ('7','A','2') AND a.c_asigna=b.c_asigna  [1][0] OK
C:[24/05/2013 14:08:48.26][190.79.26.185][1619] SELECT sum(u_creditos*1) FROM dace006 a, tblaca009 b WHERE a.exp_e='12-24541670' AND a.lapso='2013-1' AND b.pensum='5' AND b.c_uni_ca='2' AND status IN ('7','A','2') AND a.c_asigna=b.c_asigna AND a.c_asigna IN ('300013','300101','300105','300226') [1][0] OK
C:[24/05/2013 14:08:48.63][190.79.26.185][1635] SELECT MAX(semestre) FROM dace006 a, tblaca009 b WHERE a.exp_e='12-24541670' AND a.lapso='2013-1' AND b.pensum='5' AND b.c_uni_ca='2' AND status IN ('7','A','2') AND a.c_asigna=b.c_asigna  [1][0] OK
C:[24/05/2013 14:08:48.01][190.79.26.185][1655] SELECT MIN(semestre) FROM dace006 a, tblaca009 b WHERE a.exp_e='12-24541670' AND a.lapso='2013-1' AND b.pensum='5' AND b.c_uni_ca='2' AND status IN ('7','A','2') AND a.c_asigna=b.c_asigna AND a.c_asigna IN ('300112') [1][0] OK
C:[24/05/2013 14:52:46.92][190.79.26.185][1392] SELECT pre_cod_asig1,pre_cod_asig2,pre_cod_asig3,pre_cod_asig4,pre_cod_asig5,pre_cod_asig6,pre_cod_asig7 FROM tblaca009 WHERE pensum='5' AND c_uni_ca='4' AND c_asigna='300112' [1][0] OK
C:[24/05/2013 14:52:46.92][190.79.26.185][1392] SELECT pre_cod_asig1,pre_cod_asig2,pre_cod_asig3,pre_cod_asig4,pre_cod_asig5,pre_cod_asig6,pre_cod_asig7 FROM tblaca009 WHERE pensum='5' AND c_uni_ca='4' AND c_asigna='300013' [1][0] OK
C:[24/05/2013 14:52:46.92][190.79.26.185][1392] SELECT pre_cod_asig1,pre_cod_asig2,pre_cod_asig3,pre_cod_asig4,pre_cod_asig5,pre_cod_asig6,pre_cod_asig7 FROM tblaca009 WHERE pensum='5' AND c_uni_ca='4' AND c_asigna='300101' [1][0] OK
C:[24/05/2013 14:52:46.92][190.79.26.185][1392] SELECT pre_cod_asig1,pre_cod_asig2,pre_cod_asig3,pre_cod_asig4,pre_cod_asig5,pre_cod_asig6,pre_cod_asig7 FROM tblaca009 WHERE pensum='5' AND c_uni_ca='4' AND c_asigna='300226' [1][0] OK
C:[24/05/2013 14:52:46.92][190.79.26.185][1405] SELECT c_asigna FROM dace004 WHERE exp_e='12-25017434' AND c_asigna='300116' AND status IN ('0','3','B') [1][0] OK
C:[24/05/2013 14:52:46.54][190.79.26.185][1436] SELECT par_cod_asig1,par_cod_asig2,par_cod_asig3 FROM tblaca009 WHERE pensum='5' AND c_uni_ca='4' AND c_asigna='300112' [1][0] OK
C:[24/05/2013 14:52:46.54][190.79.26.185][1436] SELECT par_cod_asig1,par_cod_asig2,par_cod_asig3 FROM tblaca009 WHERE pensum='5' AND c_uni_ca='4' AND c_asigna='300013' [1][0] OK
C:[24/05/2013 14:52:46.54][190.79.26.185][1436] SELECT par_cod_asig1,par_cod_asig2,par_cod_asig3 FROM tblaca009 WHERE pensum='5' AND c_uni_ca='4' AND c_asigna='300101' [1][0] OK
C:[24/05/2013 14:52:46.54][190.79.26.185][1436] SELECT par_cod_asig1,par_cod_asig2,par_cod_asig3 FROM tblaca009 WHERE pensum='5' AND c_uni_ca='4' AND c_asigna='300226' [1][0] OK
C:[24/05/2013 14:52:47.06][190.79.26.185][1566] SELECT horas_lab FROM tblaca008 WHERE c_asigna='300112' AND horas_teoricas > 0 [1][0] OK
C:[24/05/2013 14:52:47.18][190.79.26.185][1600] SELECT sum(u_creditos*1) FROM dace006 a, tblaca009 b WHERE a.exp_e='12-25017434' AND a.lapso='2013-1' AND b.pensum='5' AND b.c_uni_ca='4' AND status IN ('7','A','2') AND a.c_asigna=b.c_asigna  [1][0] OK
C:[24/05/2013 14:52:47.55][190.79.26.185][1619] SELECT sum(u_creditos*1) FROM dace006 a, tblaca009 b WHERE a.exp_e='12-25017434' AND a.lapso='2013-1' AND b.pensum='5' AND b.c_uni_ca='4' AND status IN ('7','A','2') AND a.c_asigna=b.c_asigna AND a.c_asigna IN ('300013','300101','300226') [1][0] OK
C:[24/05/2013 14:52:47.92][190.79.26.185][1635] SELECT MAX(semestre) FROM dace006 a, tblaca009 b WHERE a.exp_e='12-25017434' AND a.lapso='2013-1' AND b.pensum='5' AND b.c_uni_ca='4' AND status IN ('7','A','2') AND a.c_asigna=b.c_asigna  [1][0] OK
C:[24/05/2013 14:52:47.30][190.79.26.185][1655] SELECT MIN(semestre) FROM dace006 a, tblaca009 b WHERE a.exp_e='12-25017434' AND a.lapso='2013-1' AND b.pensum='5' AND b.c_uni_ca='4' AND status IN ('7','A','2') AND a.c_asigna=b.c_asigna AND a.c_asigna IN ('300112') [1][0] OK
C:[24/05/2013 14:58:44.79][181.185.147.11][1392] SELECT pre_cod_asig1,pre_cod_asig2,pre_cod_asig3,pre_cod_asig4,pre_cod_asig5,pre_cod_asig6,pre_cod_asig7 FROM tblaca009 WHERE pensum='5' AND c_uni_ca='5' AND c_asigna='355693' [1][0] OK
C:[24/05/2013 14:58:44.79][181.185.147.11][1405] SELECT c_asigna FROM dace004 WHERE exp_e='10-20506402' AND c_asigna='355572' AND status IN ('0','3','B') [1][0] OK
C:[24/05/2013 14:58:44.79][181.185.147.11][1405] SELECT c_asigna FROM dace004 WHERE exp_e='10-20506402' AND c_asigna='352440' AND status IN ('0','3','B') [1][0] OK
C:[24/05/2013 14:58:44.79][181.185.147.11][1405] SELECT c_asigna FROM dace004 WHERE exp_e='10-20506402' AND c_asigna='355573' AND status IN ('0','3','B') [1][0] OK
C:[24/05/2013 14:58:44.79][181.185.147.11][1405] SELECT c_asigna FROM dace004 WHERE exp_e='10-20506402' AND c_asigna='300226' AND status IN ('0','3','B') [1][0] OK
C:[24/05/2013 14:58:44.79][181.185.147.11][1405] SELECT c_asigna FROM dace004 WHERE exp_e='10-20506402' AND c_asigna='300222' AND status IN ('0','3','B') [1][0] OK
C:[24/05/2013 14:58:44.79][181.185.147.11][1405] SELECT c_asigna FROM dace004 WHERE exp_e='10-20506402' AND c_asigna='300013' AND status IN ('0','3','B') [1][0] OK
C:[24/05/2013 14:58:44.79][181.185.147.11][1405] SELECT c_asigna FROM dace004 WHERE exp_e='10-20506402' AND c_asigna='300113' AND status IN ('0','3','B') [1][0] OK
C:[24/05/2013 14:58:44.79][181.185.147.11][1392] SELECT pre_cod_asig1,pre_cod_asig2,pre_cod_asig3,pre_cod_asig4,pre_cod_asig5,pre_cod_asig6,pre_cod_asig7 FROM tblaca009 WHERE pensum='5' AND c_uni_ca='5' AND c_asigna='300314' [1][0] OK
C:[24/05/2013 14:58:44.79][181.185.147.11][1405] SELECT c_asigna FROM dace004 WHERE exp_e='10-20506402' AND c_asigna='300106' AND status IN ('0','3','B') [1][0] OK
C:[24/05/2013 14:58:44.79][181.185.147.11][1392] SELECT pre_cod_asig1,pre_cod_asig2,pre_cod_asig3,pre_cod_asig4,pre_cod_asig5,pre_cod_asig6,pre_cod_asig7 FROM tblaca009 WHERE pensum='5' AND c_uni_ca='5' AND c_asigna='355570' [1][0] OK
C:[24/05/2013 14:58:44.79][181.185.147.11][1405] SELECT c_asigna FROM dace004 WHERE exp_e='10-20506402' AND c_asigna='355447' AND status IN ('0','3','B') [1][0] OK
C:[24/05/2013 14:58:44.79][181.185.147.11][1392] SELECT pre_cod_asig1,pre_cod_asig2,pre_cod_asig3,pre_cod_asig4,pre_cod_asig5,pre_cod_asig6,pre_cod_asig7 FROM tblaca009 WHERE pensum='5' AND c_uni_ca='5' AND c_asigna='355571' [1][0] OK
C:[24/05/2013 14:58:44.79][181.185.147.11][1405] SELECT c_asigna FROM dace004 WHERE exp_e='10-20506402' AND c_asigna='355447' AND status IN ('0','3','B') [1][0] OK
C:[24/05/2013 14:58:44.79][181.185.147.11][1392] SELECT pre_cod_asig1,pre_cod_asig2,pre_cod_asig3,pre_cod_asig4,pre_cod_asig5,pre_cod_asig6,pre_cod_asig7 FROM tblaca009 WHERE pensum='5' AND c_uni_ca='5' AND c_asigna='355595' [1][0] OK
C:[24/05/2013 14:58:44.79][181.185.147.11][1405] SELECT c_asigna FROM dace004 WHERE exp_e='10-20506402' AND c_asigna='351451' AND status IN ('0','3','B') [1][0] OK
C:[24/05/2013 14:58:44.79][181.185.147.11][1405] SELECT c_asigna FROM dace004 WHERE exp_e='10-20506402' AND c_asigna='355350' AND status IN ('0','3','B') [1][0] OK
C:[24/05/2013 14:58:44.79][181.185.147.11][1405] SELECT c_asigna FROM dace004 WHERE exp_e='10-20506402' AND c_asigna='300318' AND status IN ('0','3','B') [1][0] OK
C:[24/05/2013 14:58:44.79][181.185.147.11][1392] SELECT pre_cod_asig1,pre_cod_asig2,pre_cod_asig3,pre_cod_asig4,pre_cod_asig5,pre_cod_asig6,pre_cod_asig7 FROM tblaca009 WHERE pensum='5' AND c_uni_ca='5' AND c_asigna='300676' [1][0] OK
C:[24/05/2013 14:58:45.73][181.185.147.11][1436] SELECT par_cod_asig1,par_cod_asig2,par_cod_asig3 FROM tblaca009 WHERE pensum='5' AND c_uni_ca='5' AND c_asigna='355693' [1][0] OK
C:[24/05/2013 14:58:45.73][181.185.147.11][1436] SELECT par_cod_asig1,par_cod_asig2,par_cod_asig3 FROM tblaca009 WHERE pensum='5' AND c_uni_ca='5' AND c_asigna='300314' [1][0] OK
C:[24/05/2013 14:58:45.73][181.185.147.11][1436] SELECT par_cod_asig1,par_cod_asig2,par_cod_asig3 FROM tblaca009 WHERE pensum='5' AND c_uni_ca='5' AND c_asigna='355570' [1][0] OK
C:[24/05/2013 14:58:45.73][181.185.147.11][1436] SELECT par_cod_asig1,par_cod_asig2,par_cod_asig3 FROM tblaca009 WHERE pensum='5' AND c_uni_ca='5' AND c_asigna='355571' [1][0] OK
C:[24/05/2013 14:58:45.73][181.185.147.11][1436] SELECT par_cod_asig1,par_cod_asig2,par_cod_asig3 FROM tblaca009 WHERE pensum='5' AND c_uni_ca='5' AND c_asigna='355595' [1][0] OK
C:[24/05/2013 14:58:45.73][181.185.147.11][1436] SELECT par_cod_asig1,par_cod_asig2,par_cod_asig3 FROM tblaca009 WHERE pensum='5' AND c_uni_ca='5' AND c_asigna='300676' [1][0] OK
C:[24/05/2013 14:58:45.49][181.185.147.11][1566] SELECT horas_lab FROM tblaca008 WHERE c_asigna='355693' AND horas_teoricas > 0 [1][0] OK
C:[24/05/2013 14:58:45.60][181.185.147.11][1600] SELECT sum(u_creditos*1) FROM dace006 a, tblaca009 b WHERE a.exp_e='10-20506402' AND a.lapso='2013-1' AND b.pensum='5' AND b.c_uni_ca='5' AND status IN ('7','A','2') AND a.c_asigna=b.c_asigna  [1][0] OK
C:[24/05/2013 14:58:45.54][181.185.147.11][1619] SELECT sum(u_creditos*1) FROM dace006 a, tblaca009 b WHERE a.exp_e='10-20506402' AND a.lapso='2013-1' AND b.pensum='5' AND b.c_uni_ca='5' AND status IN ('7','A','2') AND a.c_asigna=b.c_asigna AND a.c_asigna IN ('300314','355570','355571','355595','300676') [1][0] OK
C:[24/05/2013 14:58:45.48][181.185.147.11][1635] SELECT MAX(semestre) FROM dace006 a, tblaca009 b WHERE a.exp_e='10-20506402' AND a.lapso='2013-1' AND b.pensum='5' AND b.c_uni_ca='5' AND status IN ('7','A','2') AND a.c_asigna=b.c_asigna  [1][0] OK
C:[24/05/2013 14:58:45.42][181.185.147.11][1655] SELECT MIN(semestre) FROM dace006 a, tblaca009 b WHERE a.exp_e='10-20506402' AND a.lapso='2013-1' AND b.pensum='5' AND b.c_uni_ca='5' AND status IN ('7','A','2') AND a.c_asigna=b.c_asigna AND a.c_asigna IN ('355693') [1][0] OK
C:[24/05/2013 16:25:47.86][190.79.26.185][1392] SELECT pre_cod_asig1,pre_cod_asig2,pre_cod_asig3,pre_cod_asig4,pre_cod_asig5,pre_cod_asig6,pre_cod_asig7 FROM tblaca009 WHERE pensum='5' AND c_uni_ca='2' AND c_asigna='300422' [1][0] OK
C:[24/05/2013 16:25:47.86][190.79.26.185][1405] SELECT c_asigna FROM dace004 WHERE exp_e='07-18521940' AND c_asigna='300105' AND status IN ('0','3','B') [1][0] OK
C:[24/05/2013 16:25:47.86][190.79.26.185][1405] SELECT c_asigna FROM dace004 WHERE exp_e='07-18521940' AND c_asigna='300314' AND status IN ('0','3','B') [1][0] OK
C:[24/05/2013 16:25:47.86][190.79.26.185][1392] SELECT pre_cod_asig1,pre_cod_asig2,pre_cod_asig3,pre_cod_asig4,pre_cod_asig5,pre_cod_asig6,pre_cod_asig7 FROM tblaca009 WHERE pensum='5' AND c_uni_ca='2' AND c_asigna='300313' [1][0] OK
C:[24/05/2013 16:25:47.86][190.79.26.185][1405] SELECT c_asigna FROM dace004 WHERE exp_e='07-18521940' AND c_asigna='300213' AND status IN ('0','3','B') [1][0] OK
C:[24/05/2013 16:25:47.86][190.79.26.185][1405] SELECT c_asigna FROM dace004 WHERE exp_e='07-18521940' AND c_asigna='300226' AND status IN ('0','3','B') [1][0] OK
C:[24/05/2013 16:25:47.86][190.79.26.185][1405] SELECT c_asigna FROM dace004 WHERE exp_e='07-18521940' AND c_asigna='300209' AND status IN ('0','3','B') [1][0] OK
C:[24/05/2013 16:25:47.86][190.79.26.185][1392] SELECT pre_cod_asig1,pre_cod_asig2,pre_cod_asig3,pre_cod_asig4,pre_cod_asig5,pre_cod_asig6,pre_cod_asig7 FROM tblaca009 WHERE pensum='5' AND c_uni_ca='2' AND c_asigna='320311' [1][0] OK
C:[24/05/2013 16:25:47.86][190.79.26.185][1405] SELECT c_asigna FROM dace004 WHERE exp_e='07-18521940' AND c_asigna='300013' AND status IN ('0','3','B') [1][0] OK
C:[24/05/2013 16:25:47.86][190.79.26.185][1405] SELECT c_asigna FROM dace004 WHERE exp_e='07-18521940' AND c_asigna='300113' AND status IN ('0','3','B') [1][0] OK
C:[24/05/2013 16:25:47.86][190.79.26.185][1392] SELECT pre_cod_asig1,pre_cod_asig2,pre_cod_asig3,pre_cod_asig4,pre_cod_asig5,pre_cod_asig6,pre_cod_asig7 FROM tblaca009 WHERE pensum='5' AND c_uni_ca='2' AND c_asigna='322433' [1][0] OK
C:[24/05/2013 16:25:47.86][190.79.26.185][1405] SELECT c_asigna FROM dace004 WHERE exp_e='07-18521940' AND c_asigna='320323' AND status IN ('0','3','B') [1][0] OK
C:[24/05/2013 16:25:47.86][190.79.26.185][1405] SELECT c_asigna FROM dace004 WHERE exp_e='07-18521940' AND c_asigna='300209' AND status IN ('0','3','B') [1][0] OK
C:[24/05/2013 16:25:47.86][190.79.26.185][1392] SELECT pre_cod_asig1,pre_cod_asig2,pre_cod_asig3,pre_cod_asig4,pre_cod_asig5,pre_cod_asig6,pre_cod_asig7 FROM tblaca009 WHERE pensum='5' AND c_uni_ca='2' AND c_asigna='322449' [1][0] OK
C:[24/05/2013 16:25:47.86][190.79.26.185][1405] SELECT c_asigna FROM dace004 WHERE exp_e='07-18521940' AND c_asigna='300222' AND status IN ('0','3','B') [1][0] OK
C:[24/05/2013 16:25:47.86][190.79.26.185][1392] SELECT pre_cod_asig1,pre_cod_asig2,pre_cod_asig3,pre_cod_asig4,pre_cod_asig5,pre_cod_asig6,pre_cod_asig7 FROM tblaca009 WHERE pensum='5' AND c_uni_ca='2' AND c_asigna='322558' [1][0] OK
C:[24/05/2013 16:25:47.86][190.79.26.185][1405] SELECT c_asigna FROM dace004 WHERE exp_e='07-18521940' AND c_asigna='300428' AND status IN ('0','3','B') [1][0] OK
C:[24/05/2013 16:25:47.86][190.79.26.185][1405] SELECT c_asigna FROM dace004 WHERE exp_e='07-18521940' AND c_asigna='320323' AND status IN ('0','3','B') [1][0] OK
C:[24/05/2013 16:25:47.12][190.79.26.185][1436] SELECT par_cod_asig1,par_cod_asig2,par_cod_asig3 FROM tblaca009 WHERE pensum='5' AND c_uni_ca='2' AND c_asigna='300422' [1][0] OK
C:[24/05/2013 16:25:47.12][190.79.26.185][1436] SELECT par_cod_asig1,par_cod_asig2,par_cod_asig3 FROM tblaca009 WHERE pensum='5' AND c_uni_ca='2' AND c_asigna='300313' [1][0] OK
C:[24/05/2013 16:25:47.12][190.79.26.185][1436] SELECT par_cod_asig1,par_cod_asig2,par_cod_asig3 FROM tblaca009 WHERE pensum='5' AND c_uni_ca='2' AND c_asigna='320311' [1][0] OK
C:[24/05/2013 16:25:47.12][190.79.26.185][1436] SELECT par_cod_asig1,par_cod_asig2,par_cod_asig3 FROM tblaca009 WHERE pensum='5' AND c_uni_ca='2' AND c_asigna='322433' [1][0] OK
C:[24/05/2013 16:25:47.12][190.79.26.185][1436] SELECT par_cod_asig1,par_cod_asig2,par_cod_asig3 FROM tblaca009 WHERE pensum='5' AND c_uni_ca='2' AND c_asigna='322449' [1][0] OK
C:[24/05/2013 16:25:47.12][190.79.26.185][1436] SELECT par_cod_asig1,par_cod_asig2,par_cod_asig3 FROM tblaca009 WHERE pensum='5' AND c_uni_ca='2' AND c_asigna='322558' [1][0] OK
C:[24/05/2013 16:25:47.87][190.79.26.185][1566] SELECT horas_lab FROM tblaca008 WHERE c_asigna='300422' AND horas_teoricas > 0 [0][0] OK
C:[24/05/2013 16:25:47.99][190.79.26.185][1600] SELECT sum(u_creditos*1) FROM dace006 a, tblaca009 b WHERE a.exp_e='07-18521940' AND a.lapso='2013-1' AND b.pensum='5' AND b.c_uni_ca='2' AND status IN ('7','A','2') AND a.c_asigna=b.c_asigna  [1][0] OK
C:[24/05/2013 16:25:47.36][190.79.26.185][1619] SELECT sum(u_creditos*1) FROM dace006 a, tblaca009 b WHERE a.exp_e='07-18521940' AND a.lapso='2013-1' AND b.pensum='5' AND b.c_uni_ca='2' AND status IN ('7','A','2') AND a.c_asigna=b.c_asigna AND a.c_asigna IN ('300313','320311','322433','322449','322558') [1][0] OK
C:[24/05/2013 16:25:48.74][190.79.26.185][1635] SELECT MAX(semestre) FROM dace006 a, tblaca009 b WHERE a.exp_e='07-18521940' AND a.lapso='2013-1' AND b.pensum='5' AND b.c_uni_ca='2' AND status IN ('7','A','2') AND a.c_asigna=b.c_asigna  [1][0] OK
C:[24/05/2013 16:25:48.11][190.79.26.185][1655] SELECT MIN(semestre) FROM dace006 a, tblaca009 b WHERE a.exp_e='07-18521940' AND a.lapso='2013-1' AND b.pensum='5' AND b.c_uni_ca='2' AND status IN ('7','A','2') AND a.c_asigna=b.c_asigna AND a.c_asigna IN ('300422') [1][0] OK
C:[24/05/2013 16:29:58.20][190.74.191.232][1392] SELECT pre_cod_asig1,pre_cod_asig2,pre_cod_asig3,pre_cod_asig4,pre_cod_asig5,pre_cod_asig6,pre_cod_asig7 FROM tblaca009 WHERE pensum='5' AND c_uni_ca='6' AND c_asigna='300013' [1][0] OK
C:[24/05/2013 16:29:58.20][190.74.191.232][1392] SELECT pre_cod_asig1,pre_cod_asig2,pre_cod_asig3,pre_cod_asig4,pre_cod_asig5,pre_cod_asig6,pre_cod_asig7 FROM tblaca009 WHERE pensum='5' AND c_uni_ca='6' AND c_asigna='300105' [1][0] OK
C:[24/05/2013 16:29:58.20][190.74.191.232][1392] SELECT pre_cod_asig1,pre_cod_asig2,pre_cod_asig3,pre_cod_asig4,pre_cod_asig5,pre_cod_asig6,pre_cod_asig7 FROM tblaca009 WHERE pensum='5' AND c_uni_ca='6' AND c_asigna='300112' [1][0] OK
C:[24/05/2013 16:29:58.20][190.74.191.232][1392] SELECT pre_cod_asig1,pre_cod_asig2,pre_cod_asig3,pre_cod_asig4,pre_cod_asig5,pre_cod_asig6,pre_cod_asig7 FROM tblaca009 WHERE pensum='5' AND c_uni_ca='6' AND c_asigna='300113' [1][0] OK
C:[24/05/2013 16:29:58.20][190.74.191.232][1392] SELECT pre_cod_asig1,pre_cod_asig2,pre_cod_asig3,pre_cod_asig4,pre_cod_asig5,pre_cod_asig6,pre_cod_asig7 FROM tblaca009 WHERE pensum='5' AND c_uni_ca='6' AND c_asigna='300116' [1][0] OK
C:[24/05/2013 16:29:58.82][190.74.191.232][1436] SELECT par_cod_asig1,par_cod_asig2,par_cod_asig3 FROM tblaca009 WHERE pensum='5' AND c_uni_ca='6' AND c_asigna='300013' [1][0] OK
C:[24/05/2013 16:29:58.82][190.74.191.232][1436] SELECT par_cod_asig1,par_cod_asig2,par_cod_asig3 FROM tblaca009 WHERE pensum='5' AND c_uni_ca='6' AND c_asigna='300105' [1][0] OK
C:[24/05/2013 16:29:58.82][190.74.191.232][1436] SELECT par_cod_asig1,par_cod_asig2,par_cod_asig3 FROM tblaca009 WHERE pensum='5' AND c_uni_ca='6' AND c_asigna='300112' [1][0] OK
C:[24/05/2013 16:29:58.82][190.74.191.232][1436] SELECT par_cod_asig1,par_cod_asig2,par_cod_asig3 FROM tblaca009 WHERE pensum='5' AND c_uni_ca='6' AND c_asigna='300113' [1][0] OK
C:[24/05/2013 16:29:58.82][190.74.191.232][1450] SELECT c_asigna FROM dace004 WHERE exp_e='12-26132709' AND c_asigna='300013' AND status IN ('0','3','B','C') [0][0] OK
C:[24/05/2013 16:29:58.82][190.74.191.232][1436] SELECT par_cod_asig1,par_cod_asig2,par_cod_asig3 FROM tblaca009 WHERE pensum='5' AND c_uni_ca='6' AND c_asigna='300116' [1][0] OK
C:[24/05/2013 16:29:58.61][190.74.191.232][1600] SELECT sum(u_creditos*1) FROM dace006 a, tblaca009 b WHERE a.exp_e='12-26132709' AND a.lapso='2013-1' AND b.pensum='5' AND b.c_uni_ca='6' AND status IN ('7','A','2') AND a.c_asigna=b.c_asigna  [1][0] OK
C:[24/05/2013 16:29:58.52][190.74.191.232][1619] SELECT sum(u_creditos*1) FROM dace006 a, tblaca009 b WHERE a.exp_e='12-26132709' AND a.lapso='2013-1' AND b.pensum='5' AND b.c_uni_ca='6' AND status IN ('7','A','2') AND a.c_asigna=b.c_asigna AND a.c_asigna IN ('300013','300105','300112','300113','300116') [1][0] OK
C:[24/05/2013 16:29:58.45][190.74.191.232][1635] SELECT MAX(semestre) FROM dace006 a, tblaca009 b WHERE a.exp_e='12-26132709' AND a.lapso='2013-1' AND b.pensum='5' AND b.c_uni_ca='6' AND status IN ('7','A','2') AND a.c_asigna=b.c_asigna  [1][0] OK
C:[24/05/2013 16:31:02.33][190.74.191.232][1392] SELECT pre_cod_asig1,pre_cod_asig2,pre_cod_asig3,pre_cod_asig4,pre_cod_asig5,pre_cod_asig6,pre_cod_asig7 FROM tblaca009 WHERE pensum='5' AND c_uni_ca='6' AND c_asigna='300013' [1][0] OK
C:[24/05/2013 16:31:02.33][190.74.191.232][1392] SELECT pre_cod_asig1,pre_cod_asig2,pre_cod_asig3,pre_cod_asig4,pre_cod_asig5,pre_cod_asig6,pre_cod_asig7 FROM tblaca009 WHERE pensum='5' AND c_uni_ca='6' AND c_asigna='300105' [1][0] OK
C:[24/05/2013 16:31:02.33][190.74.191.232][1392] SELECT pre_cod_asig1,pre_cod_asig2,pre_cod_asig3,pre_cod_asig4,pre_cod_asig5,pre_cod_asig6,pre_cod_asig7 FROM tblaca009 WHERE pensum='5' AND c_uni_ca='6' AND c_asigna='300112' [1][0] OK
C:[24/05/2013 16:31:02.33][190.74.191.232][1392] SELECT pre_cod_asig1,pre_cod_asig2,pre_cod_asig3,pre_cod_asig4,pre_cod_asig5,pre_cod_asig6,pre_cod_asig7 FROM tblaca009 WHERE pensum='5' AND c_uni_ca='6' AND c_asigna='300113' [1][0] OK
C:[24/05/2013 16:31:02.33][190.74.191.232][1392] SELECT pre_cod_asig1,pre_cod_asig2,pre_cod_asig3,pre_cod_asig4,pre_cod_asig5,pre_cod_asig6,pre_cod_asig7 FROM tblaca009 WHERE pensum='5' AND c_uni_ca='6' AND c_asigna='300116' [1][0] OK
C:[24/05/2013 16:31:02.96][190.74.191.232][1436] SELECT par_cod_asig1,par_cod_asig2,par_cod_asig3 FROM tblaca009 WHERE pensum='5' AND c_uni_ca='6' AND c_asigna='300013' [1][0] OK
C:[24/05/2013 16:31:02.96][190.74.191.232][1436] SELECT par_cod_asig1,par_cod_asig2,par_cod_asig3 FROM tblaca009 WHERE pensum='5' AND c_uni_ca='6' AND c_asigna='300105' [1][0] OK
C:[24/05/2013 16:31:02.96][190.74.191.232][1436] SELECT par_cod_asig1,par_cod_asig2,par_cod_asig3 FROM tblaca009 WHERE pensum='5' AND c_uni_ca='6' AND c_asigna='300112' [1][0] OK
C:[24/05/2013 16:31:02.96][190.74.191.232][1436] SELECT par_cod_asig1,par_cod_asig2,par_cod_asig3 FROM tblaca009 WHERE pensum='5' AND c_uni_ca='6' AND c_asigna='300113' [1][0] OK
C:[24/05/2013 16:31:02.96][190.74.191.232][1450] SELECT c_asigna FROM dace004 WHERE exp_e='12-26132709' AND c_asigna='300013' AND status IN ('0','3','B','C') [0][0] OK
C:[24/05/2013 16:31:02.96][190.74.191.232][1436] SELECT par_cod_asig1,par_cod_asig2,par_cod_asig3 FROM tblaca009 WHERE pensum='5' AND c_uni_ca='6' AND c_asigna='300116' [1][0] OK
C:[24/05/2013 16:31:02.72][190.74.191.232][1600] SELECT sum(u_creditos*1) FROM dace006 a, tblaca009 b WHERE a.exp_e='12-26132709' AND a.lapso='2013-1' AND b.pensum='5' AND b.c_uni_ca='6' AND status IN ('7','A','2') AND a.c_asigna=b.c_asigna  [1][0] OK
C:[24/05/2013 16:31:02.64][190.74.191.232][1619] SELECT sum(u_creditos*1) FROM dace006 a, tblaca009 b WHERE a.exp_e='12-26132709' AND a.lapso='2013-1' AND b.pensum='5' AND b.c_uni_ca='6' AND status IN ('7','A','2') AND a.c_asigna=b.c_asigna AND a.c_asigna IN ('300013','300105','300112','300113','300116') [1][0] OK
C:[24/05/2013 16:31:02.58][190.74.191.232][1635] SELECT MAX(semestre) FROM dace006 a, tblaca009 b WHERE a.exp_e='12-26132709' AND a.lapso='2013-1' AND b.pensum='5' AND b.c_uni_ca='6' AND status IN ('7','A','2') AND a.c_asigna=b.c_asigna  [1][0] OK
C:[24/05/2013 19:16:43.99][190.201.11.144][1392] SELECT pre_cod_asig1,pre_cod_asig2,pre_cod_asig3,pre_cod_asig4,pre_cod_asig5,pre_cod_asig6,pre_cod_asig7 FROM tblaca009 WHERE pensum='5' AND c_uni_ca='2' AND c_asigna='322826' [1][0] OK
C:[24/05/2013 19:16:43.99][190.201.11.144][1405] SELECT c_asigna FROM dace004 WHERE exp_e='04-17750047' AND c_asigna='322702' AND status IN ('0','3','B') [1][0] OK
C:[24/05/2013 19:16:43.99][190.201.11.144][1392] SELECT pre_cod_asig1,pre_cod_asig2,pre_cod_asig3,pre_cod_asig4,pre_cod_asig5,pre_cod_asig6,pre_cod_asig7 FROM tblaca009 WHERE pensum='5' AND c_uni_ca='2' AND c_asigna='322801' [1][0] OK
C:[24/05/2013 19:16:43.99][190.201.11.144][1405] SELECT c_asigna FROM dace004 WHERE exp_e='04-17750047' AND c_asigna='322780' AND status IN ('0','3','B') [1][0] OK
C:[24/05/2013 19:16:43.99][190.201.11.144][1405] SELECT c_asigna FROM dace004 WHERE exp_e='04-17750047' AND c_asigna='322605' AND status IN ('0','3','B') [1][0] OK
C:[24/05/2013 19:16:43.99][190.201.11.144][1392] SELECT pre_cod_asig1,pre_cod_asig2,pre_cod_asig3,pre_cod_asig4,pre_cod_asig5,pre_cod_asig6,pre_cod_asig7 FROM tblaca009 WHERE pensum='5' AND c_uni_ca='2' AND c_asigna='322033' [1][0] OK
C:[24/05/2013 19:16:43.99][190.201.11.144][1392] SELECT pre_cod_asig1,pre_cod_asig2,pre_cod_asig3,pre_cod_asig4,pre_cod_asig5,pre_cod_asig6,pre_cod_asig7 FROM tblaca009 WHERE pensum='5' AND c_uni_ca='2' AND c_asigna='322055' [1][0] OK
C:[24/05/2013 19:16:43.99][190.201.11.144][1392] SELECT pre_cod_asig1,pre_cod_asig2,pre_cod_asig3,pre_cod_asig4,pre_cod_asig5,pre_cod_asig6,pre_cod_asig7 FROM tblaca009 WHERE pensum='5' AND c_uni_ca='2' AND c_asigna='322930' [1][0] OK
C:[24/05/2013 19:16:43.99][190.201.11.144][1392] SELECT pre_cod_asig1,pre_cod_asig2,pre_cod_asig3,pre_cod_asig4,pre_cod_asig5,pre_cod_asig6,pre_cod_asig7 FROM tblaca009 WHERE pensum='5' AND c_uni_ca='2' AND c_asigna='322070' [1][0] OK
C:[24/05/2013 19:16:44.12][190.201.11.144][1436] SELECT par_cod_asig1,par_cod_asig2,par_cod_asig3 FROM tblaca009 WHERE pensum='5' AND c_uni_ca='2' AND c_asigna='322826' [1][0] OK
C:[24/05/2013 19:16:44.12][190.201.11.144][1436] SELECT par_cod_asig1,par_cod_asig2,par_cod_asig3 FROM tblaca009 WHERE pensum='5' AND c_uni_ca='2' AND c_asigna='322801' [1][0] OK
C:[24/05/2013 19:16:44.12][190.201.11.144][1436] SELECT par_cod_asig1,par_cod_asig2,par_cod_asig3 FROM tblaca009 WHERE pensum='5' AND c_uni_ca='2' AND c_asigna='322033' [1][0] OK
C:[24/05/2013 19:16:44.12][190.201.11.144][1436] SELECT par_cod_asig1,par_cod_asig2,par_cod_asig3 FROM tblaca009 WHERE pensum='5' AND c_uni_ca='2' AND c_asigna='322055' [1][0] OK
C:[24/05/2013 19:16:44.12][190.201.11.144][1436] SELECT par_cod_asig1,par_cod_asig2,par_cod_asig3 FROM tblaca009 WHERE pensum='5' AND c_uni_ca='2' AND c_asigna='322930' [1][0] OK
C:[24/05/2013 19:16:44.12][190.201.11.144][1436] SELECT par_cod_asig1,par_cod_asig2,par_cod_asig3 FROM tblaca009 WHERE pensum='5' AND c_uni_ca='2' AND c_asigna='322070' [1][0] OK
C:[24/05/2013 19:16:44.88][190.201.11.144][1566] SELECT horas_lab FROM tblaca008 WHERE c_asigna='322826' AND horas_teoricas > 0 [1][0] OK
C:[24/05/2013 19:16:44.99][190.201.11.144][1600] SELECT sum(u_creditos*1) FROM dace006 a, tblaca009 b WHERE a.exp_e='04-17750047' AND a.lapso='2013-1' AND b.pensum='5' AND b.c_uni_ca='2' AND status IN ('7','A','2') AND a.c_asigna=b.c_asigna  [1][0] OK
C:[24/05/2013 19:16:44.37][190.201.11.144][1619] SELECT sum(u_creditos*1) FROM dace006 a, tblaca009 b WHERE a.exp_e='04-17750047' AND a.lapso='2013-1' AND b.pensum='5' AND b.c_uni_ca='2' AND status IN ('7','A','2') AND a.c_asigna=b.c_asigna AND a.c_asigna IN ('322801','322033','322055','322930','322070') [1][0] OK
C:[24/05/2013 19:16:44.30][190.201.11.144][1635] SELECT MAX(semestre) FROM dace006 a, tblaca009 b WHERE a.exp_e='04-17750047' AND a.lapso='2013-1' AND b.pensum='5' AND b.c_uni_ca='2' AND status IN ('7','A','2') AND a.c_asigna=b.c_asigna  [1][0] OK
C:[24/05/2013 19:16:44.68][190.201.11.144][1655] SELECT MIN(semestre) FROM dace006 a, tblaca009 b WHERE a.exp_e='04-17750047' AND a.lapso='2013-1' AND b.pensum='5' AND b.c_uni_ca='2' AND status IN ('7','A','2') AND a.c_asigna=b.c_asigna AND a.c_asigna IN ('322826') [1][0] OK
C:[24/05/2013 19:56:32.12][190.37.173.244][1392] SELECT pre_cod_asig1,pre_cod_asig2,pre_cod_asig3,pre_cod_asig4,pre_cod_asig5,pre_cod_asig6,pre_cod_asig7 FROM tblaca009 WHERE pensum='5' AND c_uni_ca='3' AND c_asigna='300222' [1][0] OK
C:[24/05/2013 19:56:32.12][190.37.173.244][1405] SELECT c_asigna FROM dace004 WHERE exp_e='12-24184416' AND c_asigna='300112' AND status IN ('0','3','B') [1][0] OK
C:[24/05/2013 19:56:32.12][190.37.173.244][1392] SELECT pre_cod_asig1,pre_cod_asig2,pre_cod_asig3,pre_cod_asig4,pre_cod_asig5,pre_cod_asig6,pre_cod_asig7 FROM tblaca009 WHERE pensum='5' AND c_uni_ca='3' AND c_asigna='300228' [1][0] OK
C:[24/05/2013 19:56:32.12][190.37.173.244][1405] SELECT c_asigna FROM dace004 WHERE exp_e='12-24184416' AND c_asigna='300101' AND status IN ('0','3','B') [1][0] OK
C:[24/05/2013 19:56:32.12][190.37.173.244][1392] SELECT pre_cod_asig1,pre_cod_asig2,pre_cod_asig3,pre_cod_asig4,pre_cod_asig5,pre_cod_asig6,pre_cod_asig7 FROM tblaca009 WHERE pensum='5' AND c_uni_ca='3' AND c_asigna='300207' [1][0] OK
C:[24/05/2013 19:56:32.12][190.37.173.244][1405] SELECT c_asigna FROM dace004 WHERE exp_e='12-24184416' AND c_asigna='300101' AND status IN ('0','3','B') [1][0] OK
C:[24/05/2013 19:56:32.12][190.37.173.244][1392] SELECT pre_cod_asig1,pre_cod_asig2,pre_cod_asig3,pre_cod_asig4,pre_cod_asig5,pre_cod_asig6,pre_cod_asig7 FROM tblaca009 WHERE pensum='5' AND c_uni_ca='3' AND c_asigna='300209' [1][0] OK
C:[24/05/2013 19:56:32.12][190.37.173.244][1405] SELECT c_asigna FROM dace004 WHERE exp_e='12-24184416' AND c_asigna='300101' AND status IN ('0','3','B') [1][0] OK
C:[24/05/2013 19:56:32.12][190.37.173.244][1436] SELECT par_cod_asig1,par_cod_asig2,par_cod_asig3 FROM tblaca009 WHERE pensum='5' AND c_uni_ca='3' AND c_asigna='300222' [1][0] OK
C:[24/05/2013 19:56:32.12][190.37.173.244][1436] SELECT par_cod_asig1,par_cod_asig2,par_cod_asig3 FROM tblaca009 WHERE pensum='5' AND c_uni_ca='3' AND c_asigna='300228' [1][0] OK
C:[24/05/2013 19:56:32.12][190.37.173.244][1436] SELECT par_cod_asig1,par_cod_asig2,par_cod_asig3 FROM tblaca009 WHERE pensum='5' AND c_uni_ca='3' AND c_asigna='300207' [1][0] OK
C:[24/05/2013 19:56:32.12][190.37.173.244][1436] SELECT par_cod_asig1,par_cod_asig2,par_cod_asig3 FROM tblaca009 WHERE pensum='5' AND c_uni_ca='3' AND c_asigna='300209' [1][0] OK
C:[24/05/2013 19:56:32.63][190.37.173.244][1566] SELECT horas_lab FROM tblaca008 WHERE c_asigna='300222' AND horas_teoricas > 0 [1][0] OK
C:[24/05/2013 19:56:32.75][190.37.173.244][1600] SELECT sum(u_creditos*1) FROM dace006 a, tblaca009 b WHERE a.exp_e='12-24184416' AND a.lapso='2013-1' AND b.pensum='5' AND b.c_uni_ca='3' AND status IN ('7','A','2') AND a.c_asigna=b.c_asigna  [1][0] OK
C:[24/05/2013 19:56:32.68][190.37.173.244][1619] SELECT sum(u_creditos*1) FROM dace006 a, tblaca009 b WHERE a.exp_e='12-24184416' AND a.lapso='2013-1' AND b.pensum='5' AND b.c_uni_ca='3' AND status IN ('7','A','2') AND a.c_asigna=b.c_asigna AND a.c_asigna IN ('300228','300207','300209') [1][0] OK
C:[24/05/2013 19:56:32.62][190.37.173.244][1635] SELECT MAX(semestre) FROM dace006 a, tblaca009 b WHERE a.exp_e='12-24184416' AND a.lapso='2013-1' AND b.pensum='5' AND b.c_uni_ca='3' AND status IN ('7','A','2') AND a.c_asigna=b.c_asigna  [1][0] OK
C:[24/05/2013 19:56:32.00][190.37.173.244][1655] SELECT MIN(semestre) FROM dace006 a, tblaca009 b WHERE a.exp_e='12-24184416' AND a.lapso='2013-1' AND b.pensum='5' AND b.c_uni_ca='3' AND status IN ('7','A','2') AND a.c_asigna=b.c_asigna AND a.c_asigna IN ('300222') [1][0] OK
C:[24/05/2013 21:07:21.38][190.206.226.248][1392] SELECT pre_cod_asig1,pre_cod_asig2,pre_cod_asig3,pre_cod_asig4,pre_cod_asig5,pre_cod_asig6,pre_cod_asig7 FROM tblaca009 WHERE pensum='5' AND c_uni_ca='2' AND c_asigna='320323' [1][0] OK
C:[24/05/2013 21:07:21.38][190.206.226.248][1405] SELECT c_asigna FROM dace004 WHERE exp_e='06-19158478' AND c_asigna='300228' AND status IN ('0','3','B') [1][0] OK
C:[24/05/2013 21:07:21.38][190.206.226.248][1405] SELECT c_asigna FROM dace004 WHERE exp_e='06-19158478' AND c_asigna='300218' AND status IN ('0','3','B') [1][0] OK
C:[24/05/2013 21:07:21.75][190.206.226.248][1436] SELECT par_cod_asig1,par_cod_asig2,par_cod_asig3 FROM tblaca009 WHERE pensum='5' AND c_uni_ca='2' AND c_asigna='320323' [1][0] OK
C:[24/05/2013 21:07:21.89][190.206.226.248][1600] SELECT sum(u_creditos*1) FROM dace006 a, tblaca009 b WHERE a.exp_e='06-19158478' AND a.lapso='2013-1' AND b.pensum='5' AND b.c_uni_ca='2' AND status IN ('7','A','2') AND a.c_asigna=b.c_asigna  [1][0] OK
C:[24/05/2013 21:07:21.25][190.206.226.248][1619] SELECT sum(u_creditos*1) FROM dace006 a, tblaca009 b WHERE a.exp_e='06-19158478' AND a.lapso='2013-1' AND b.pensum='5' AND b.c_uni_ca='2' AND status IN ('7','A','2') AND a.c_asigna=b.c_asigna AND a.c_asigna IN ('320323') [1][0] OK
C:[24/05/2013 21:07:22.63][190.206.226.248][1635] SELECT MAX(semestre) FROM dace006 a, tblaca009 b WHERE a.exp_e='06-19158478' AND a.lapso='2013-1' AND b.pensum='5' AND b.c_uni_ca='2' AND status IN ('7','A','2') AND a.c_asigna=b.c_asigna  [1][0] OK
C:[25/05/2013 10:33:09.49][190.205.22.251][1392] SELECT pre_cod_asig1,pre_cod_asig2,pre_cod_asig3,pre_cod_asig4,pre_cod_asig5,pre_cod_asig6,pre_cod_asig7 FROM tblaca009 WHERE pensum='5' AND c_uni_ca='2' AND c_asigna='300226' [1][0] OK
C:[25/05/2013 10:33:09.49][190.205.22.251][1405] SELECT c_asigna FROM dace004 WHERE exp_e='11-22826859' AND c_asigna='300116' AND status IN ('0','3','B') [1][0] OK
C:[25/05/2013 10:33:09.49][190.205.22.251][1392] SELECT pre_cod_asig1,pre_cod_asig2,pre_cod_asig3,pre_cod_asig4,pre_cod_asig5,pre_cod_asig6,pre_cod_asig7 FROM tblaca009 WHERE pensum='5' AND c_uni_ca='2' AND c_asigna='300318' [1][0] OK
C:[25/05/2013 10:33:09.49][190.205.22.251][1405] SELECT c_asigna FROM dace004 WHERE exp_e='11-22826859' AND c_asigna='300228' AND status IN ('0','3','B') [1][0] OK
C:[25/05/2013 10:33:09.49][190.205.22.251][1405] SELECT c_asigna FROM dace004 WHERE exp_e='11-22826859' AND c_asigna='300207' AND status IN ('0','3','B') [1][0] OK
C:[25/05/2013 10:33:09.49][190.205.22.251][1405] SELECT c_asigna FROM dace004 WHERE exp_e='11-22826859' AND c_asigna='300218' AND status IN ('0','3','B') [1][0] OK
C:[25/05/2013 10:33:09.49][190.205.22.251][1392] SELECT pre_cod_asig1,pre_cod_asig2,pre_cod_asig3,pre_cod_asig4,pre_cod_asig5,pre_cod_asig6,pre_cod_asig7 FROM tblaca009 WHERE pensum='5' AND c_uni_ca='2' AND c_asigna='320311' [1][0] OK
C:[25/05/2013 10:33:09.49][190.205.22.251][1405] SELECT c_asigna FROM dace004 WHERE exp_e='11-22826859' AND c_asigna='300013' AND status IN ('0','3','B') [1][0] OK
C:[25/05/2013 10:33:09.49][190.205.22.251][1405] SELECT c_asigna FROM dace004 WHERE exp_e='11-22826859' AND c_asigna='300113' AND status IN ('0','3','B') [1][0] OK
C:[25/05/2013 10:33:09.49][190.205.22.251][1392] SELECT pre_cod_asig1,pre_cod_asig2,pre_cod_asig3,pre_cod_asig4,pre_cod_asig5,pre_cod_asig6,pre_cod_asig7 FROM tblaca009 WHERE pensum='5' AND c_uni_ca='2' AND c_asigna='320323' [1][0] OK
C:[25/05/2013 10:33:09.49][190.205.22.251][1405] SELECT c_asigna FROM dace004 WHERE exp_e='11-22826859' AND c_asigna='300228' AND status IN ('0','3','B') [1][0] OK
C:[25/05/2013 10:33:09.49][190.205.22.251][1405] SELECT c_asigna FROM dace004 WHERE exp_e='11-22826859' AND c_asigna='300218' AND status IN ('0','3','B') [1][0] OK
C:[25/05/2013 10:33:09.49][190.205.22.251][1392] SELECT pre_cod_asig1,pre_cod_asig2,pre_cod_asig3,pre_cod_asig4,pre_cod_asig5,pre_cod_asig6,pre_cod_asig7 FROM tblaca009 WHERE pensum='5' AND c_uni_ca='2' AND c_asigna='322449' [1][0] OK
C:[25/05/2013 10:33:09.49][190.205.22.251][1405] SELECT c_asigna FROM dace004 WHERE exp_e='11-22826859' AND c_asigna='300222' AND status IN ('0','3','B') [1][0] OK
C:[25/05/2013 10:33:09.49][190.205.22.251][1392] SELECT pre_cod_asig1,pre_cod_asig2,pre_cod_asig3,pre_cod_asig4,pre_cod_asig5,pre_cod_asig6,pre_cod_asig7 FROM tblaca009 WHERE pensum='5' AND c_uni_ca='2' AND c_asigna='300428' [1][0] OK
C:[25/05/2013 10:33:09.49][190.205.22.251][1405] SELECT c_asigna FROM dace004 WHERE exp_e='11-22826859' AND c_asigna='300317' AND status IN ('0','3','B') [1][0] OK
C:[25/05/2013 10:33:09.49][190.205.22.251][1405] SELECT c_asigna FROM dace004 WHERE exp_e='11-22826859' AND c_asigna='300209' AND status IN ('0','3','B') [1][0] OK
C:[25/05/2013 10:33:09.61][190.205.22.251][1436] SELECT par_cod_asig1,par_cod_asig2,par_cod_asig3 FROM tblaca009 WHERE pensum='5' AND c_uni_ca='2' AND c_asigna='300226' [1][0] OK
C:[25/05/2013 10:33:09.61][190.205.22.251][1436] SELECT par_cod_asig1,par_cod_asig2,par_cod_asig3 FROM tblaca009 WHERE pensum='5' AND c_uni_ca='2' AND c_asigna='300318' [1][0] OK
C:[25/05/2013 10:33:09.61][190.205.22.251][1436] SELECT par_cod_asig1,par_cod_asig2,par_cod_asig3 FROM tblaca009 WHERE pensum='5' AND c_uni_ca='2' AND c_asigna='320311' [1][0] OK
C:[25/05/2013 10:33:09.61][190.205.22.251][1436] SELECT par_cod_asig1,par_cod_asig2,par_cod_asig3 FROM tblaca009 WHERE pensum='5' AND c_uni_ca='2' AND c_asigna='320323' [1][0] OK
C:[25/05/2013 10:33:09.61][190.205.22.251][1436] SELECT par_cod_asig1,par_cod_asig2,par_cod_asig3 FROM tblaca009 WHERE pensum='5' AND c_uni_ca='2' AND c_asigna='322449' [1][0] OK
C:[25/05/2013 10:33:09.61][190.205.22.251][1436] SELECT par_cod_asig1,par_cod_asig2,par_cod_asig3 FROM tblaca009 WHERE pensum='5' AND c_uni_ca='2' AND c_asigna='300428' [1][0] OK
C:[25/05/2013 10:33:09.38][190.205.22.251][1566] SELECT horas_lab FROM tblaca008 WHERE c_asigna='300226' AND horas_teoricas > 0 [1][0] OK
C:[25/05/2013 10:33:09.49][190.205.22.251][1600] SELECT sum(u_creditos*1) FROM dace006 a, tblaca009 b WHERE a.exp_e='11-22826859' AND a.lapso='2013-1' AND b.pensum='5' AND b.c_uni_ca='2' AND status IN ('7','A','2') AND a.c_asigna=b.c_asigna  [1][0] OK
C:[25/05/2013 10:33:10.43][190.205.22.251][1619] SELECT sum(u_creditos*1) FROM dace006 a, tblaca009 b WHERE a.exp_e='11-22826859' AND a.lapso='2013-1' AND b.pensum='5' AND b.c_uni_ca='2' AND status IN ('7','A','2') AND a.c_asigna=b.c_asigna AND a.c_asigna IN ('300318','320311','320323','322449','300428') [1][0] OK
C:[25/05/2013 10:33:10.36][190.205.22.251][1635] SELECT MAX(semestre) FROM dace006 a, tblaca009 b WHERE a.exp_e='11-22826859' AND a.lapso='2013-1' AND b.pensum='5' AND b.c_uni_ca='2' AND status IN ('7','A','2') AND a.c_asigna=b.c_asigna  [1][0] OK
C:[25/05/2013 10:33:10.74][190.205.22.251][1655] SELECT MIN(semestre) FROM dace006 a, tblaca009 b WHERE a.exp_e='11-22826859' AND a.lapso='2013-1' AND b.pensum='5' AND b.c_uni_ca='2' AND status IN ('7','A','2') AND a.c_asigna=b.c_asigna AND a.c_asigna IN ('300226') [1][0] OK
C:[25/05/2013 10:33:58.96][190.205.22.251][1392] SELECT pre_cod_asig1,pre_cod_asig2,pre_cod_asig3,pre_cod_asig4,pre_cod_asig5,pre_cod_asig6,pre_cod_asig7 FROM tblaca009 WHERE pensum='5' AND c_uni_ca='2' AND c_asigna='300226' [1][0] OK
C:[25/05/2013 10:33:58.96][190.205.22.251][1405] SELECT c_asigna FROM dace004 WHERE exp_e='11-22826859' AND c_asigna='300116' AND status IN ('0','3','B') [1][0] OK
C:[25/05/2013 10:33:58.96][190.205.22.251][1392] SELECT pre_cod_asig1,pre_cod_asig2,pre_cod_asig3,pre_cod_asig4,pre_cod_asig5,pre_cod_asig6,pre_cod_asig7 FROM tblaca009 WHERE pensum='5' AND c_uni_ca='2' AND c_asigna='300318' [1][0] OK
C:[25/05/2013 10:33:58.96][190.205.22.251][1405] SELECT c_asigna FROM dace004 WHERE exp_e='11-22826859' AND c_asigna='300228' AND status IN ('0','3','B') [1][0] OK
C:[25/05/2013 10:33:58.96][190.205.22.251][1405] SELECT c_asigna FROM dace004 WHERE exp_e='11-22826859' AND c_asigna='300207' AND status IN ('0','3','B') [1][0] OK
C:[25/05/2013 10:33:58.96][190.205.22.251][1405] SELECT c_asigna FROM dace004 WHERE exp_e='11-22826859' AND c_asigna='300218' AND status IN ('0','3','B') [1][0] OK
C:[25/05/2013 10:33:58.96][190.205.22.251][1392] SELECT pre_cod_asig1,pre_cod_asig2,pre_cod_asig3,pre_cod_asig4,pre_cod_asig5,pre_cod_asig6,pre_cod_asig7 FROM tblaca009 WHERE pensum='5' AND c_uni_ca='2' AND c_asigna='320311' [1][0] OK
C:[25/05/2013 10:33:58.96][190.205.22.251][1405] SELECT c_asigna FROM dace004 WHERE exp_e='11-22826859' AND c_asigna='300013' AND status IN ('0','3','B') [1][0] OK
C:[25/05/2013 10:33:58.96][190.205.22.251][1405] SELECT c_asigna FROM dace004 WHERE exp_e='11-22826859' AND c_asigna='300113' AND status IN ('0','3','B') [1][0] OK
C:[25/05/2013 10:33:58.96][190.205.22.251][1392] SELECT pre_cod_asig1,pre_cod_asig2,pre_cod_asig3,pre_cod_asig4,pre_cod_asig5,pre_cod_asig6,pre_cod_asig7 FROM tblaca009 WHERE pensum='5' AND c_uni_ca='2' AND c_asigna='320323' [1][0] OK
C:[25/05/2013 10:33:58.96][190.205.22.251][1405] SELECT c_asigna FROM dace004 WHERE exp_e='11-22826859' AND c_asigna='300228' AND status IN ('0','3','B') [1][0] OK
C:[25/05/2013 10:33:58.96][190.205.22.251][1405] SELECT c_asigna FROM dace004 WHERE exp_e='11-22826859' AND c_asigna='300218' AND status IN ('0','3','B') [1][0] OK
C:[25/05/2013 10:33:58.96][190.205.22.251][1392] SELECT pre_cod_asig1,pre_cod_asig2,pre_cod_asig3,pre_cod_asig4,pre_cod_asig5,pre_cod_asig6,pre_cod_asig7 FROM tblaca009 WHERE pensum='5' AND c_uni_ca='2' AND c_asigna='322449' [1][0] OK
C:[25/05/2013 10:33:58.96][190.205.22.251][1405] SELECT c_asigna FROM dace004 WHERE exp_e='11-22826859' AND c_asigna='300222' AND status IN ('0','3','B') [1][0] OK
C:[25/05/2013 10:33:58.96][190.205.22.251][1392] SELECT pre_cod_asig1,pre_cod_asig2,pre_cod_asig3,pre_cod_asig4,pre_cod_asig5,pre_cod_asig6,pre_cod_asig7 FROM tblaca009 WHERE pensum='5' AND c_uni_ca='2' AND c_asigna='300428' [1][0] OK
C:[25/05/2013 10:33:58.96][190.205.22.251][1405] SELECT c_asigna FROM dace004 WHERE exp_e='11-22826859' AND c_asigna='300317' AND status IN ('0','3','B') [1][0] OK
C:[25/05/2013 10:33:58.96][190.205.22.251][1405] SELECT c_asigna FROM dace004 WHERE exp_e='11-22826859' AND c_asigna='300209' AND status IN ('0','3','B') [1][0] OK
C:[25/05/2013 10:33:59.08][190.205.22.251][1436] SELECT par_cod_asig1,par_cod_asig2,par_cod_asig3 FROM tblaca009 WHERE pensum='5' AND c_uni_ca='2' AND c_asigna='300226' [1][0] OK
C:[25/05/2013 10:33:59.08][190.205.22.251][1436] SELECT par_cod_asig1,par_cod_asig2,par_cod_asig3 FROM tblaca009 WHERE pensum='5' AND c_uni_ca='2' AND c_asigna='300318' [1][0] OK
C:[25/05/2013 10:33:59.08][190.205.22.251][1436] SELECT par_cod_asig1,par_cod_asig2,par_cod_asig3 FROM tblaca009 WHERE pensum='5' AND c_uni_ca='2' AND c_asigna='320311' [1][0] OK
C:[25/05/2013 10:33:59.08][190.205.22.251][1436] SELECT par_cod_asig1,par_cod_asig2,par_cod_asig3 FROM tblaca009 WHERE pensum='5' AND c_uni_ca='2' AND c_asigna='320323' [1][0] OK
C:[25/05/2013 10:33:59.08][190.205.22.251][1436] SELECT par_cod_asig1,par_cod_asig2,par_cod_asig3 FROM tblaca009 WHERE pensum='5' AND c_uni_ca='2' AND c_asigna='322449' [1][0] OK
C:[25/05/2013 10:33:59.08][190.205.22.251][1436] SELECT par_cod_asig1,par_cod_asig2,par_cod_asig3 FROM tblaca009 WHERE pensum='5' AND c_uni_ca='2' AND c_asigna='300428' [1][0] OK
C:[25/05/2013 10:33:59.97][190.205.22.251][1566] SELECT horas_lab FROM tblaca008 WHERE c_asigna='300226' AND horas_teoricas > 0 [1][0] OK
C:[25/05/2013 10:33:59.08][190.205.22.251][1600] SELECT sum(u_creditos*1) FROM dace006 a, tblaca009 b WHERE a.exp_e='11-22826859' AND a.lapso='2013-1' AND b.pensum='5' AND b.c_uni_ca='2' AND status IN ('7','A','2') AND a.c_asigna=b.c_asigna  [1][0] OK
C:[25/05/2013 10:33:59.03][190.205.22.251][1619] SELECT sum(u_creditos*1) FROM dace006 a, tblaca009 b WHERE a.exp_e='11-22826859' AND a.lapso='2013-1' AND b.pensum='5' AND b.c_uni_ca='2' AND status IN ('7','A','2') AND a.c_asigna=b.c_asigna AND a.c_asigna IN ('300318','320311','320323','322449','300428') [1][0] OK
C:[25/05/2013 10:33:59.96][190.205.22.251][1635] SELECT MAX(semestre) FROM dace006 a, tblaca009 b WHERE a.exp_e='11-22826859' AND a.lapso='2013-1' AND b.pensum='5' AND b.c_uni_ca='2' AND status IN ('7','A','2') AND a.c_asigna=b.c_asigna  [1][0] OK
C:[25/05/2013 10:33:59.90][190.205.22.251][1655] SELECT MIN(semestre) FROM dace006 a, tblaca009 b WHERE a.exp_e='11-22826859' AND a.lapso='2013-1' AND b.pensum='5' AND b.c_uni_ca='2' AND status IN ('7','A','2') AND a.c_asigna=b.c_asigna AND a.c_asigna IN ('300226') [1][0] OK
C:[25/05/2013 10:51:25.11][190.207.33.44][1392] SELECT pre_cod_asig1,pre_cod_asig2,pre_cod_asig3,pre_cod_asig4,pre_cod_asig5,pre_cod_asig6,pre_cod_asig7 FROM tblaca009 WHERE pensum='5' AND c_uni_ca='3' AND c_asigna='300317' [1][0] OK
C:[25/05/2013 10:51:25.11][190.207.33.44][1405] SELECT c_asigna FROM dace004 WHERE exp_e='09-20804573' AND c_asigna='300207' AND status IN ('0','3','B') [1][0] OK
C:[25/05/2013 10:51:25.11][190.207.33.44][1405] SELECT c_asigna FROM dace004 WHERE exp_e='09-20804573' AND c_asigna='300209' AND status IN ('0','3','B') [1][0] OK
C:[25/05/2013 10:51:25.11][190.207.33.44][1392] SELECT pre_cod_asig1,pre_cod_asig2,pre_cod_asig3,pre_cod_asig4,pre_cod_asig5,pre_cod_asig6,pre_cod_asig7 FROM tblaca009 WHERE pensum='5' AND c_uni_ca='3' AND c_asigna='300222' [1][0] OK
C:[25/05/2013 10:51:25.11][190.207.33.44][1405] SELECT c_asigna FROM dace004 WHERE exp_e='09-20804573' AND c_asigna='300112' AND status IN ('0','3','B') [1][0] OK
C:[25/05/2013 10:51:25.11][190.207.33.44][1392] SELECT pre_cod_asig1,pre_cod_asig2,pre_cod_asig3,pre_cod_asig4,pre_cod_asig5,pre_cod_asig6,pre_cod_asig7 FROM tblaca009 WHERE pensum='5' AND c_uni_ca='3' AND c_asigna='300213' [1][0] OK
C:[25/05/2013 10:51:25.11][190.207.33.44][1405] SELECT c_asigna FROM dace004 WHERE exp_e='09-20804573' AND c_asigna='300101' AND status IN ('0','3','B') [1][0] OK
C:[25/05/2013 10:51:25.11][190.207.33.44][1392] SELECT pre_cod_asig1,pre_cod_asig2,pre_cod_asig3,pre_cod_asig4,pre_cod_asig5,pre_cod_asig6,pre_cod_asig7 FROM tblaca009 WHERE pensum='5' AND c_uni_ca='3' AND c_asigna='300228' [1][0] OK
C:[25/05/2013 10:51:25.11][190.207.33.44][1405] SELECT c_asigna FROM dace004 WHERE exp_e='09-20804573' AND c_asigna='300101' AND status IN ('0','3','B') [1][0] OK
C:[25/05/2013 10:51:25.11][190.207.33.44][1392] SELECT pre_cod_asig1,pre_cod_asig2,pre_cod_asig3,pre_cod_asig4,pre_cod_asig5,pre_cod_asig6,pre_cod_asig7 FROM tblaca009 WHERE pensum='5' AND c_uni_ca='3' AND c_asigna='300314' [1][0] OK
C:[25/05/2013 10:51:25.11][190.207.33.44][1405] SELECT c_asigna FROM dace004 WHERE exp_e='09-20804573' AND c_asigna='300106' AND status IN ('0','3','B') [1][0] OK
C:[25/05/2013 10:51:25.48][190.207.33.44][1436] SELECT par_cod_asig1,par_cod_asig2,par_cod_asig3 FROM tblaca009 WHERE pensum='5' AND c_uni_ca='3' AND c_asigna='300317' [1][0] OK
C:[25/05/2013 10:51:25.48][190.207.33.44][1436] SELECT par_cod_asig1,par_cod_asig2,par_cod_asig3 FROM tblaca009 WHERE pensum='5' AND c_uni_ca='3' AND c_asigna='300222' [1][0] OK
C:[25/05/2013 10:51:25.48][190.207.33.44][1436] SELECT par_cod_asig1,par_cod_asig2,par_cod_asig3 FROM tblaca009 WHERE pensum='5' AND c_uni_ca='3' AND c_asigna='300213' [1][0] OK
C:[25/05/2013 10:51:25.48][190.207.33.44][1450] SELECT c_asigna FROM dace004 WHERE exp_e='09-20804573' AND c_asigna='300209' AND status IN ('0','3','B','C') [1][0] OK
C:[25/05/2013 10:51:25.48][190.207.33.44][1436] SELECT par_cod_asig1,par_cod_asig2,par_cod_asig3 FROM tblaca009 WHERE pensum='5' AND c_uni_ca='3' AND c_asigna='300228' [1][0] OK
C:[25/05/2013 10:51:25.48][190.207.33.44][1436] SELECT par_cod_asig1,par_cod_asig2,par_cod_asig3 FROM tblaca009 WHERE pensum='5' AND c_uni_ca='3' AND c_asigna='300314' [1][0] OK
C:[25/05/2013 10:51:26.25][190.207.33.44][1566] SELECT horas_lab FROM tblaca008 WHERE c_asigna='300317' AND horas_teoricas > 0 [1][0] OK
C:[25/05/2013 10:51:26.36][190.207.33.44][1600] SELECT sum(u_creditos*1) FROM dace006 a, tblaca009 b WHERE a.exp_e='09-20804573' AND a.lapso='2013-1' AND b.pensum='5' AND b.c_uni_ca='3' AND status IN ('7','A','2') AND a.c_asigna=b.c_asigna  [1][0] OK
C:[25/05/2013 10:51:26.74][190.207.33.44][1619] SELECT sum(u_creditos*1) FROM dace006 a, tblaca009 b WHERE a.exp_e='09-20804573' AND a.lapso='2013-1' AND b.pensum='5' AND b.c_uni_ca='3' AND status IN ('7','A','2') AND a.c_asigna=b.c_asigna AND a.c_asigna IN ('300222','300213','300228','300314') [1][0] OK
C:[25/05/2013 10:51:26.11][190.207.33.44][1635] SELECT MAX(semestre) FROM dace006 a, tblaca009 b WHERE a.exp_e='09-20804573' AND a.lapso='2013-1' AND b.pensum='5' AND b.c_uni_ca='3' AND status IN ('7','A','2') AND a.c_asigna=b.c_asigna  [1][0] OK
C:[25/05/2013 10:51:26.49][190.207.33.44][1655] SELECT MIN(semestre) FROM dace006 a, tblaca009 b WHERE a.exp_e='09-20804573' AND a.lapso='2013-1' AND b.pensum='5' AND b.c_uni_ca='3' AND status IN ('7','A','2') AND a.c_asigna=b.c_asigna AND a.c_asigna IN ('300317') [1][0] OK
C:[25/05/2013 11:21:09.35][190.206.44.248][1392] SELECT pre_cod_asig1,pre_cod_asig2,pre_cod_asig3,pre_cod_asig4,pre_cod_asig5,pre_cod_asig6,pre_cod_asig7 FROM tblaca009 WHERE pensum='5' AND c_uni_ca='6' AND c_asigna='300112' [1][0] OK
C:[25/05/2013 11:21:09.35][190.206.44.248][1392] SELECT pre_cod_asig1,pre_cod_asig2,pre_cod_asig3,pre_cod_asig4,pre_cod_asig5,pre_cod_asig6,pre_cod_asig7 FROM tblaca009 WHERE pensum='5' AND c_uni_ca='6' AND c_asigna='300101' [1][0] OK
C:[25/05/2013 11:21:09.35][190.206.44.248][1392] SELECT pre_cod_asig1,pre_cod_asig2,pre_cod_asig3,pre_cod_asig4,pre_cod_asig5,pre_cod_asig6,pre_cod_asig7 FROM tblaca009 WHERE pensum='5' AND c_uni_ca='6' AND c_asigna='300116' [1][0] OK
C:[25/05/2013 11:21:10.73][190.206.44.248][1436] SELECT par_cod_asig1,par_cod_asig2,par_cod_asig3 FROM tblaca009 WHERE pensum='5' AND c_uni_ca='6' AND c_asigna='300112' [1][0] OK
C:[25/05/2013 11:21:10.73][190.206.44.248][1436] SELECT par_cod_asig1,par_cod_asig2,par_cod_asig3 FROM tblaca009 WHERE pensum='5' AND c_uni_ca='6' AND c_asigna='300101' [1][0] OK
C:[25/05/2013 11:21:10.73][190.206.44.248][1436] SELECT par_cod_asig1,par_cod_asig2,par_cod_asig3 FROM tblaca009 WHERE pensum='5' AND c_uni_ca='6' AND c_asigna='300116' [1][0] OK
C:[25/05/2013 11:21:10.12][190.206.44.248][1566] SELECT horas_lab FROM tblaca008 WHERE c_asigna='300112' AND horas_teoricas > 0 [1][0] OK
C:[25/05/2013 11:21:10.23][190.206.44.248][1600] SELECT sum(u_creditos*1) FROM dace006 a, tblaca009 b WHERE a.exp_e='12-25267915' AND a.lapso='2013-1' AND b.pensum='5' AND b.c_uni_ca='6' AND status IN ('7','A','2') AND a.c_asigna=b.c_asigna  [1][0] OK
C:[25/05/2013 11:21:10.60][190.206.44.248][1619] SELECT sum(u_creditos*1) FROM dace006 a, tblaca009 b WHERE a.exp_e='12-25267915' AND a.lapso='2013-1' AND b.pensum='5' AND b.c_uni_ca='6' AND status IN ('7','A','2') AND a.c_asigna=b.c_asigna AND a.c_asigna IN ('300101','300116') [1][0] OK
C:[25/05/2013 11:21:10.97][190.206.44.248][1635] SELECT MAX(semestre) FROM dace006 a, tblaca009 b WHERE a.exp_e='12-25267915' AND a.lapso='2013-1' AND b.pensum='5' AND b.c_uni_ca='6' AND status IN ('7','A','2') AND a.c_asigna=b.c_asigna  [1][0] OK
C:[25/05/2013 11:21:10.35][190.206.44.248][1655] SELECT MIN(semestre) FROM dace006 a, tblaca009 b WHERE a.exp_e='12-25267915' AND a.lapso='2013-1' AND b.pensum='5' AND b.c_uni_ca='6' AND status IN ('7','A','2') AND a.c_asigna=b.c_asigna AND a.c_asigna IN ('300112') [1][0] OK
C:[25/05/2013 11:23:50.26][190.206.44.248][1392] SELECT pre_cod_asig1,pre_cod_asig2,pre_cod_asig3,pre_cod_asig4,pre_cod_asig5,pre_cod_asig6,pre_cod_asig7 FROM tblaca009 WHERE pensum='5' AND c_uni_ca='6' AND c_asigna='300101' [1][0] OK
C:[25/05/2013 11:23:50.26][190.206.44.248][1392] SELECT pre_cod_asig1,pre_cod_asig2,pre_cod_asig3,pre_cod_asig4,pre_cod_asig5,pre_cod_asig6,pre_cod_asig7 FROM tblaca009 WHERE pensum='5' AND c_uni_ca='6' AND c_asigna='300116' [1][0] OK
C:[25/05/2013 11:23:50.51][190.206.44.248][1436] SELECT par_cod_asig1,par_cod_asig2,par_cod_asig3 FROM tblaca009 WHERE pensum='5' AND c_uni_ca='6' AND c_asigna='300101' [1][0] OK
C:[25/05/2013 11:23:50.51][190.206.44.248][1436] SELECT par_cod_asig1,par_cod_asig2,par_cod_asig3 FROM tblaca009 WHERE pensum='5' AND c_uni_ca='6' AND c_asigna='300116' [1][0] OK
C:[25/05/2013 11:23:50.78][190.206.44.248][1600] SELECT sum(u_creditos*1) FROM dace006 a, tblaca009 b WHERE a.exp_e='12-25267915' AND a.lapso='2013-1' AND b.pensum='5' AND b.c_uni_ca='6' AND status IN ('7','A','2') AND a.c_asigna=b.c_asigna  [1][0] OK
C:[25/05/2013 11:23:50.26][190.206.44.248][1619] SELECT sum(u_creditos*1) FROM dace006 a, tblaca009 b WHERE a.exp_e='12-25267915' AND a.lapso='2013-1' AND b.pensum='5' AND b.c_uni_ca='6' AND status IN ('7','A','2') AND a.c_asigna=b.c_asigna AND a.c_asigna IN ('300101','300116') [1][0] OK
C:[25/05/2013 11:23:50.20][190.206.44.248][1635] SELECT MAX(semestre) FROM dace006 a, tblaca009 b WHERE a.exp_e='12-25267915' AND a.lapso='2013-1' AND b.pensum='5' AND b.c_uni_ca='6' AND status IN ('7','A','2') AND a.c_asigna=b.c_asigna  [1][0] OK
C:[25/05/2013 11:24:38.44][190.206.44.248][1392] SELECT pre_cod_asig1,pre_cod_asig2,pre_cod_asig3,pre_cod_asig4,pre_cod_asig5,pre_cod_asig6,pre_cod_asig7 FROM tblaca009 WHERE pensum='5' AND c_uni_ca='6' AND c_asigna='300101' [1][0] OK
C:[25/05/2013 11:24:38.44][190.206.44.248][1392] SELECT pre_cod_asig1,pre_cod_asig2,pre_cod_asig3,pre_cod_asig4,pre_cod_asig5,pre_cod_asig6,pre_cod_asig7 FROM tblaca009 WHERE pensum='5' AND c_uni_ca='6' AND c_asigna='300116' [1][0] OK
C:[25/05/2013 11:24:38.69][190.206.44.248][1436] SELECT par_cod_asig1,par_cod_asig2,par_cod_asig3 FROM tblaca009 WHERE pensum='5' AND c_uni_ca='6' AND c_asigna='300101' [1][0] OK
C:[25/05/2013 11:24:38.69][190.206.44.248][1436] SELECT par_cod_asig1,par_cod_asig2,par_cod_asig3 FROM tblaca009 WHERE pensum='5' AND c_uni_ca='6' AND c_asigna='300116' [1][0] OK
C:[25/05/2013 11:24:38.96][190.206.44.248][1600] SELECT sum(u_creditos*1) FROM dace006 a, tblaca009 b WHERE a.exp_e='12-25267915' AND a.lapso='2013-1' AND b.pensum='5' AND b.c_uni_ca='6' AND status IN ('7','A','2') AND a.c_asigna=b.c_asigna  [1][0] OK
C:[25/05/2013 11:24:38.88][190.206.44.248][1619] SELECT sum(u_creditos*1) FROM dace006 a, tblaca009 b WHERE a.exp_e='12-25267915' AND a.lapso='2013-1' AND b.pensum='5' AND b.c_uni_ca='6' AND status IN ('7','A','2') AND a.c_asigna=b.c_asigna AND a.c_asigna IN ('300101','300116') [1][0] OK
C:[25/05/2013 11:24:38.26][190.206.44.248][1635] SELECT MAX(semestre) FROM dace006 a, tblaca009 b WHERE a.exp_e='12-25267915' AND a.lapso='2013-1' AND b.pensum='5' AND b.c_uni_ca='6' AND status IN ('7','A','2') AND a.c_asigna=b.c_asigna  [1][0] OK
C:[25/05/2013 11:25:37.62][190.206.44.248][1392] SELECT pre_cod_asig1,pre_cod_asig2,pre_cod_asig3,pre_cod_asig4,pre_cod_asig5,pre_cod_asig6,pre_cod_asig7 FROM tblaca009 WHERE pensum='5' AND c_uni_ca='6' AND c_asigna='300101' [1][0] OK
C:[25/05/2013 11:25:37.62][190.206.44.248][1392] SELECT pre_cod_asig1,pre_cod_asig2,pre_cod_asig3,pre_cod_asig4,pre_cod_asig5,pre_cod_asig6,pre_cod_asig7 FROM tblaca009 WHERE pensum='5' AND c_uni_ca='6' AND c_asigna='300116' [1][0] OK
C:[25/05/2013 11:25:37.87][190.206.44.248][1436] SELECT par_cod_asig1,par_cod_asig2,par_cod_asig3 FROM tblaca009 WHERE pensum='5' AND c_uni_ca='6' AND c_asigna='300101' [1][0] OK
C:[25/05/2013 11:25:37.87][190.206.44.248][1436] SELECT par_cod_asig1,par_cod_asig2,par_cod_asig3 FROM tblaca009 WHERE pensum='5' AND c_uni_ca='6' AND c_asigna='300116' [1][0] OK
C:[25/05/2013 11:25:37.14][190.206.44.248][1600] SELECT sum(u_creditos*1) FROM dace006 a, tblaca009 b WHERE a.exp_e='12-25267915' AND a.lapso='2013-1' AND b.pensum='5' AND b.c_uni_ca='6' AND status IN ('7','A','2') AND a.c_asigna=b.c_asigna  [1][0] OK
C:[25/05/2013 11:25:37.64][190.206.44.248][1619] SELECT sum(u_creditos*1) FROM dace006 a, tblaca009 b WHERE a.exp_e='12-25267915' AND a.lapso='2013-1' AND b.pensum='5' AND b.c_uni_ca='6' AND status IN ('7','A','2') AND a.c_asigna=b.c_asigna AND a.c_asigna IN ('300101','300116') [1][0] OK
C:[25/05/2013 11:25:37.12][190.206.44.248][1635] SELECT MAX(semestre) FROM dace006 a, tblaca009 b WHERE a.exp_e='12-25267915' AND a.lapso='2013-1' AND b.pensum='5' AND b.c_uni_ca='6' AND status IN ('7','A','2') AND a.c_asigna=b.c_asigna  [1][0] OK
C:[25/05/2013 16:31:37.61][190.79.26.183][1392] SELECT pre_cod_asig1,pre_cod_asig2,pre_cod_asig3,pre_cod_asig4,pre_cod_asig5,pre_cod_asig6,pre_cod_asig7 FROM tblaca009 WHERE pensum='5' AND c_uni_ca='5' AND c_asigna='300113' [1][0] OK
C:[25/05/2013 16:31:37.61][190.79.26.183][1392] SELECT pre_cod_asig1,pre_cod_asig2,pre_cod_asig3,pre_cod_asig4,pre_cod_asig5,pre_cod_asig6,pre_cod_asig7 FROM tblaca009 WHERE pensum='5' AND c_uni_ca='5' AND c_asigna='300101' [1][0] OK
C:[25/05/2013 16:31:37.61][190.79.26.183][1392] SELECT pre_cod_asig1,pre_cod_asig2,pre_cod_asig3,pre_cod_asig4,pre_cod_asig5,pre_cod_asig6,pre_cod_asig7 FROM tblaca009 WHERE pensum='5' AND c_uni_ca='5' AND c_asigna='300222' [1][0] OK
C:[25/05/2013 16:31:37.61][190.79.26.183][1405] SELECT c_asigna FROM dace004 WHERE exp_e='12-25511212' AND c_asigna='300112' AND status IN ('0','3','B') [1][0] OK
C:[25/05/2013 16:31:37.61][190.79.26.183][1392] SELECT pre_cod_asig1,pre_cod_asig2,pre_cod_asig3,pre_cod_asig4,pre_cod_asig5,pre_cod_asig6,pre_cod_asig7 FROM tblaca009 WHERE pensum='5' AND c_uni_ca='5' AND c_asigna='300226' [1][0] OK
C:[25/05/2013 16:31:37.61][190.79.26.183][1405] SELECT c_asigna FROM dace004 WHERE exp_e='12-25511212' AND c_asigna='300116' AND status IN ('0','3','B') [1][0] OK
C:[25/05/2013 16:31:37.36][190.79.26.183][1436] SELECT par_cod_asig1,par_cod_asig2,par_cod_asig3 FROM tblaca009 WHERE pensum='5' AND c_uni_ca='5' AND c_asigna='300113' [1][0] OK
C:[25/05/2013 16:31:37.36][190.79.26.183][1450] SELECT c_asigna FROM dace004 WHERE exp_e='12-25511212' AND c_asigna='300013' AND status IN ('0','3','B','C') [1][0] OK
C:[25/05/2013 16:31:37.36][190.79.26.183][1436] SELECT par_cod_asig1,par_cod_asig2,par_cod_asig3 FROM tblaca009 WHERE pensum='5' AND c_uni_ca='5' AND c_asigna='300101' [1][0] OK
C:[25/05/2013 16:31:37.36][190.79.26.183][1436] SELECT par_cod_asig1,par_cod_asig2,par_cod_asig3 FROM tblaca009 WHERE pensum='5' AND c_uni_ca='5' AND c_asigna='300222' [1][0] OK
C:[25/05/2013 16:31:37.36][190.79.26.183][1436] SELECT par_cod_asig1,par_cod_asig2,par_cod_asig3 FROM tblaca009 WHERE pensum='5' AND c_uni_ca='5' AND c_asigna='300226' [1][0] OK
C:[25/05/2013 16:31:37.00][190.79.26.183][1566] SELECT horas_lab FROM tblaca008 WHERE c_asigna='300113' AND horas_teoricas > 0 [0][0] OK
C:[25/05/2013 16:31:37.11][190.79.26.183][1600] SELECT sum(u_creditos*1) FROM dace006 a, tblaca009 b WHERE a.exp_e='12-25511212' AND a.lapso='2013-1' AND b.pensum='5' AND b.c_uni_ca='5' AND status IN ('7','A','2') AND a.c_asigna=b.c_asigna  [1][0] OK
C:[25/05/2013 16:31:38.30][190.79.26.183][1619] SELECT sum(u_creditos*1) FROM dace006 a, tblaca009 b WHERE a.exp_e='12-25511212' AND a.lapso='2013-1' AND b.pensum='5' AND b.c_uni_ca='5' AND status IN ('7','A','2') AND a.c_asigna=b.c_asigna AND a.c_asigna IN ('300101','300222','300226') [1][0] OK
C:[25/05/2013 16:31:38.23][190.79.26.183][1635] SELECT MAX(semestre) FROM dace006 a, tblaca009 b WHERE a.exp_e='12-25511212' AND a.lapso='2013-1' AND b.pensum='5' AND b.c_uni_ca='5' AND status IN ('7','A','2') AND a.c_asigna=b.c_asigna  [1][0] OK
C:[25/05/2013 16:31:38.30][190.79.26.183][1655] SELECT MIN(semestre) FROM dace006 a, tblaca009 b WHERE a.exp_e='12-25511212' AND a.lapso='2013-1' AND b.pensum='5' AND b.c_uni_ca='5' AND status IN ('7','A','2') AND a.c_asigna=b.c_asigna AND a.c_asigna IN ('300113') [1][0] OK
C:[25/05/2013 18:21:15.86][201.243.194.188][1392] SELECT pre_cod_asig1,pre_cod_asig2,pre_cod_asig3,pre_cod_asig4,pre_cod_asig5,pre_cod_asig6,pre_cod_asig7 FROM tblaca009 WHERE pensum='5' AND c_uni_ca='6' AND c_asigna='340327' [1][0] OK
C:[25/05/2013 18:21:15.86][201.243.194.188][1405] SELECT c_asigna FROM dace004 WHERE exp_e='11-21236163' AND c_asigna='300013' AND status IN ('0','3','B') [1][0] OK
C:[25/05/2013 18:21:15.86][201.243.194.188][1405] SELECT c_asigna FROM dace004 WHERE exp_e='11-21236163' AND c_asigna='300113' AND status IN ('0','3','B') [1][0] OK
C:[25/05/2013 18:21:15.86][201.243.194.188][1392] SELECT pre_cod_asig1,pre_cod_asig2,pre_cod_asig3,pre_cod_asig4,pre_cod_asig5,pre_cod_asig6,pre_cod_asig7 FROM tblaca009 WHERE pensum='5' AND c_uni_ca='6' AND c_asigna='300222' [1][0] OK
C:[25/05/2013 18:21:15.86][201.243.194.188][1405] SELECT c_asigna FROM dace004 WHERE exp_e='11-21236163' AND c_asigna='300112' AND status IN ('0','3','B') [1][0] OK
C:[25/05/2013 18:21:15.86][201.243.194.188][1392] SELECT pre_cod_asig1,pre_cod_asig2,pre_cod_asig3,pre_cod_asig4,pre_cod_asig5,pre_cod_asig6,pre_cod_asig7 FROM tblaca009 WHERE pensum='5' AND c_uni_ca='6' AND c_asigna='300213' [1][0] OK
C:[25/05/2013 18:21:15.86][201.243.194.188][1405] SELECT c_asigna FROM dace004 WHERE exp_e='11-21236163' AND c_asigna='300101' AND status IN ('0','3','B') [1][0] OK
C:[25/05/2013 18:21:15.86][201.243.194.188][1392] SELECT pre_cod_asig1,pre_cod_asig2,pre_cod_asig3,pre_cod_asig4,pre_cod_asig5,pre_cod_asig6,pre_cod_asig7 FROM tblaca009 WHERE pensum='5' AND c_uni_ca='6' AND c_asigna='300317' [1][0] OK
C:[25/05/2013 18:21:15.86][201.243.194.188][1405] SELECT c_asigna FROM dace004 WHERE exp_e='11-21236163' AND c_asigna='300207' AND status IN ('0','3','B') [1][0] OK
C:[25/05/2013 18:21:15.86][201.243.194.188][1405] SELECT c_asigna FROM dace004 WHERE exp_e='11-21236163' AND c_asigna='300209' AND status IN ('0','3','B') [1][0] OK
C:[25/05/2013 18:21:16.11][201.243.194.188][1436] SELECT par_cod_asig1,par_cod_asig2,par_cod_asig3 FROM tblaca009 WHERE pensum='5' AND c_uni_ca='6' AND c_asigna='340327' [1][0] OK
C:[25/05/2013 18:21:16.11][201.243.194.188][1436] SELECT par_cod_asig1,par_cod_asig2,par_cod_asig3 FROM tblaca009 WHERE pensum='5' AND c_uni_ca='6' AND c_asigna='300222' [1][0] OK
C:[25/05/2013 18:21:16.11][201.243.194.188][1436] SELECT par_cod_asig1,par_cod_asig2,par_cod_asig3 FROM tblaca009 WHERE pensum='5' AND c_uni_ca='6' AND c_asigna='300213' [1][0] OK
C:[25/05/2013 18:21:16.11][201.243.194.188][1450] SELECT c_asigna FROM dace004 WHERE exp_e='11-21236163' AND c_asigna='300209' AND status IN ('0','3','B','C') [1][0] OK
C:[25/05/2013 18:21:16.11][201.243.194.188][1436] SELECT par_cod_asig1,par_cod_asig2,par_cod_asig3 FROM tblaca009 WHERE pensum='5' AND c_uni_ca='6' AND c_asigna='300317' [1][0] OK
C:[25/05/2013 18:21:16.74][201.243.194.188][1566] SELECT horas_lab FROM tblaca008 WHERE c_asigna='340327' AND horas_teoricas > 0 [1][0] OK
C:[25/05/2013 18:21:16.86][201.243.194.188][1600] SELECT sum(u_creditos*1) FROM dace006 a, tblaca009 b WHERE a.exp_e='11-21236163' AND a.lapso='2013-1' AND b.pensum='5' AND b.c_uni_ca='6' AND status IN ('7','A','2') AND a.c_asigna=b.c_asigna  [1][0] OK
C:[25/05/2013 18:21:16.23][201.243.194.188][1619] SELECT sum(u_creditos*1) FROM dace006 a, tblaca009 b WHERE a.exp_e='11-21236163' AND a.lapso='2013-1' AND b.pensum='5' AND b.c_uni_ca='6' AND status IN ('7','A','2') AND a.c_asigna=b.c_asigna AND a.c_asigna IN ('300222','300213','300317') [1][0] OK
C:[25/05/2013 18:21:16.61][201.243.194.188][1635] SELECT MAX(semestre) FROM dace006 a, tblaca009 b WHERE a.exp_e='11-21236163' AND a.lapso='2013-1' AND b.pensum='5' AND b.c_uni_ca='6' AND status IN ('7','A','2') AND a.c_asigna=b.c_asigna  [1][0] OK
C:[25/05/2013 18:21:16.98][201.243.194.188][1655] SELECT MIN(semestre) FROM dace006 a, tblaca009 b WHERE a.exp_e='11-21236163' AND a.lapso='2013-1' AND b.pensum='5' AND b.c_uni_ca='6' AND status IN ('7','A','2') AND a.c_asigna=b.c_asigna AND a.c_asigna IN ('340327') [1][0] OK
C:[25/05/2013 18:55:38.66][190.207.49.59][1392] SELECT pre_cod_asig1,pre_cod_asig2,pre_cod_asig3,pre_cod_asig4,pre_cod_asig5,pre_cod_asig6,pre_cod_asig7 FROM tblaca009 WHERE pensum='5' AND c_uni_ca='4' AND c_asigna='333606' [1][0] OK
C:[25/05/2013 18:55:38.66][190.207.49.59][1405] SELECT c_asigna FROM dace004 WHERE exp_e='08-20035138' AND c_asigna='333584' AND status IN ('0','3','B') [1][0] OK
C:[25/05/2013 18:55:38.66][190.207.49.59][1392] SELECT pre_cod_asig1,pre_cod_asig2,pre_cod_asig3,pre_cod_asig4,pre_cod_asig5,pre_cod_asig6,pre_cod_asig7 FROM tblaca009 WHERE pensum='5' AND c_uni_ca='4' AND c_asigna='333608' [1][0] OK
C:[25/05/2013 18:55:38.66][190.207.49.59][1405] SELECT c_asigna FROM dace004 WHERE exp_e='08-20035138' AND c_asigna='311561' AND status IN ('0','3','B') [1][0] OK
C:[25/05/2013 18:55:38.66][190.207.49.59][1405] SELECT c_asigna FROM dace004 WHERE exp_e='08-20035138' AND c_asigna='333564' AND status IN ('0','3','B') [1][0] OK
C:[25/05/2013 18:55:38.66][190.207.49.59][1392] SELECT pre_cod_asig1,pre_cod_asig2,pre_cod_asig3,pre_cod_asig4,pre_cod_asig5,pre_cod_asig6,pre_cod_asig7 FROM tblaca009 WHERE pensum='5' AND c_uni_ca='4' AND c_asigna='334762' [1][0] OK
C:[25/05/2013 18:55:38.66][190.207.49.59][1392] SELECT pre_cod_asig1,pre_cod_asig2,pre_cod_asig3,pre_cod_asig4,pre_cod_asig5,pre_cod_asig6,pre_cod_asig7 FROM tblaca009 WHERE pensum='5' AND c_uni_ca='4' AND c_asigna='334781' [1][0] OK
C:[25/05/2013 18:55:38.66][190.207.49.59][1405] SELECT c_asigna FROM dace004 WHERE exp_e='08-20035138' AND c_asigna='333444' AND status IN ('0','3','B') [1][0] OK
C:[25/05/2013 18:55:38.66][190.207.49.59][1405] SELECT c_asigna FROM dace004 WHERE exp_e='08-20035138' AND c_asigna='300209' AND status IN ('0','3','B') [1][0] OK
C:[25/05/2013 18:55:38.66][190.207.49.59][1405] SELECT c_asigna FROM dace004 WHERE exp_e='08-20035138' AND c_asigna='300313' AND status IN ('0','3','B') [1][0] OK
C:[25/05/2013 18:55:38.66][190.207.49.59][1405] SELECT c_asigna FROM dace004 WHERE exp_e='08-20035138' AND c_asigna='300222' AND status IN ('0','3','B') [1][0] OK
C:[25/05/2013 18:55:38.66][190.207.49.59][1405] SELECT c_asigna FROM dace004 WHERE exp_e='08-20035138' AND c_asigna='300226' AND status IN ('0','3','B') [1][0] OK
C:[25/05/2013 18:55:38.66][190.207.49.59][1405] SELECT c_asigna FROM dace004 WHERE exp_e='08-20035138' AND c_asigna='300317' AND status IN ('0','3','B') [1][0] OK
C:[25/05/2013 18:55:39.29][190.207.49.59][1436] SELECT par_cod_asig1,par_cod_asig2,par_cod_asig3 FROM tblaca009 WHERE pensum='5' AND c_uni_ca='4' AND c_asigna='333606' [1][0] OK
C:[25/05/2013 18:55:39.29][190.207.49.59][1436] SELECT par_cod_asig1,par_cod_asig2,par_cod_asig3 FROM tblaca009 WHERE pensum='5' AND c_uni_ca='4' AND c_asigna='333608' [1][0] OK
C:[25/05/2013 18:55:39.29][190.207.49.59][1436] SELECT par_cod_asig1,par_cod_asig2,par_cod_asig3 FROM tblaca009 WHERE pensum='5' AND c_uni_ca='4' AND c_asigna='334762' [1][0] OK
C:[25/05/2013 18:55:39.29][190.207.49.59][1436] SELECT par_cod_asig1,par_cod_asig2,par_cod_asig3 FROM tblaca009 WHERE pensum='5' AND c_uni_ca='4' AND c_asigna='334781' [1][0] OK
C:[25/05/2013 18:55:39.80][190.207.49.59][1566] SELECT horas_lab FROM tblaca008 WHERE c_asigna='333606' AND horas_teoricas > 0 [1][0] OK
C:[25/05/2013 18:55:39.92][190.207.49.59][1600] SELECT sum(u_creditos*1) FROM dace006 a, tblaca009 b WHERE a.exp_e='08-20035138' AND a.lapso='2013-1' AND b.pensum='5' AND b.c_uni_ca='4' AND status IN ('7','A','2') AND a.c_asigna=b.c_asigna  [1][0] OK
C:[25/05/2013 18:55:39.86][190.207.49.59][1619] SELECT sum(u_creditos*1) FROM dace006 a, tblaca009 b WHERE a.exp_e='08-20035138' AND a.lapso='2013-1' AND b.pensum='5' AND b.c_uni_ca='4' AND status IN ('7','A','2') AND a.c_asigna=b.c_asigna AND a.c_asigna IN ('333608','334762','334781') [1][0] OK
C:[25/05/2013 18:55:39.23][190.207.49.59][1635] SELECT MAX(semestre) FROM dace006 a, tblaca009 b WHERE a.exp_e='08-20035138' AND a.lapso='2013-1' AND b.pensum='5' AND b.c_uni_ca='4' AND status IN ('7','A','2') AND a.c_asigna=b.c_asigna  [1][0] OK
C:[25/05/2013 18:55:39.61][190.207.49.59][1655] SELECT MIN(semestre) FROM dace006 a, tblaca009 b WHERE a.exp_e='08-20035138' AND a.lapso='2013-1' AND b.pensum='5' AND b.c_uni_ca='4' AND status IN ('7','A','2') AND a.c_asigna=b.c_asigna AND a.c_asigna IN ('333606') [1][0] OK
C:[25/05/2013 19:07:29.99][190.36.1.235][1392] SELECT pre_cod_asig1,pre_cod_asig2,pre_cod_asig3,pre_cod_asig4,pre_cod_asig5,pre_cod_asig6,pre_cod_asig7 FROM tblaca009 WHERE pensum='5' AND c_uni_ca='4' AND c_asigna='300226' [1][0] OK
C:[25/05/2013 19:07:29.99][190.36.1.235][1405] SELECT c_asigna FROM dace004 WHERE exp_e='12-22207025' AND c_asigna='300116' AND status IN ('0','3','B') [1][0] OK
C:[25/05/2013 19:07:29.99][190.36.1.235][1392] SELECT pre_cod_asig1,pre_cod_asig2,pre_cod_asig3,pre_cod_asig4,pre_cod_asig5,pre_cod_asig6,pre_cod_asig7 FROM tblaca009 WHERE pensum='5' AND c_uni_ca='4' AND c_asigna='300101' [1][0] OK
C:[25/05/2013 19:07:29.99][190.36.1.235][1392] SELECT pre_cod_asig1,pre_cod_asig2,pre_cod_asig3,pre_cod_asig4,pre_cod_asig5,pre_cod_asig6,pre_cod_asig7 FROM tblaca009 WHERE pensum='5' AND c_uni_ca='4' AND c_asigna='300112' [1][0] OK
C:[25/05/2013 19:07:29.99][190.36.1.235][1392] SELECT pre_cod_asig1,pre_cod_asig2,pre_cod_asig3,pre_cod_asig4,pre_cod_asig5,pre_cod_asig6,pre_cod_asig7 FROM tblaca009 WHERE pensum='5' AND c_uni_ca='4' AND c_asigna='300314' [1][0] OK
C:[25/05/2013 19:07:29.99][190.36.1.235][1405] SELECT c_asigna FROM dace004 WHERE exp_e='12-22207025' AND c_asigna='300106' AND status IN ('0','3','B') [1][0] OK
C:[25/05/2013 19:07:29.99][190.36.1.235][1392] SELECT pre_cod_asig1,pre_cod_asig2,pre_cod_asig3,pre_cod_asig4,pre_cod_asig5,pre_cod_asig6,pre_cod_asig7 FROM tblaca009 WHERE pensum='5' AND c_uni_ca='4' AND c_asigna='330310' [1][0] OK
C:[25/05/2013 19:07:29.99][190.36.1.235][1405] SELECT c_asigna FROM dace004 WHERE exp_e='12-22207025' AND c_asigna='300013' AND status IN ('0','3','B') [1][0] OK
C:[25/05/2013 19:07:29.99][190.36.1.235][1405] SELECT c_asigna FROM dace004 WHERE exp_e='12-22207025' AND c_asigna='300113' AND status IN ('0','3','B') [1][0] OK
C:[25/05/2013 19:07:29.99][190.36.1.235][1392] SELECT pre_cod_asig1,pre_cod_asig2,pre_cod_asig3,pre_cod_asig4,pre_cod_asig5,pre_cod_asig6,pre_cod_asig7 FROM tblaca009 WHERE pensum='5' AND c_uni_ca='4' AND c_asigna='333326' [1][0] OK
C:[25/05/2013 19:07:30.24][190.36.1.235][1436] SELECT par_cod_asig1,par_cod_asig2,par_cod_asig3 FROM tblaca009 WHERE pensum='5' AND c_uni_ca='4' AND c_asigna='300226' [1][0] OK
C:[25/05/2013 19:07:30.24][190.36.1.235][1436] SELECT par_cod_asig1,par_cod_asig2,par_cod_asig3 FROM tblaca009 WHERE pensum='5' AND c_uni_ca='4' AND c_asigna='300101' [1][0] OK
C:[25/05/2013 19:07:30.24][190.36.1.235][1436] SELECT par_cod_asig1,par_cod_asig2,par_cod_asig3 FROM tblaca009 WHERE pensum='5' AND c_uni_ca='4' AND c_asigna='300112' [1][0] OK
C:[25/05/2013 19:07:30.24][190.36.1.235][1436] SELECT par_cod_asig1,par_cod_asig2,par_cod_asig3 FROM tblaca009 WHERE pensum='5' AND c_uni_ca='4' AND c_asigna='300314' [1][0] OK
C:[25/05/2013 19:07:30.24][190.36.1.235][1436] SELECT par_cod_asig1,par_cod_asig2,par_cod_asig3 FROM tblaca009 WHERE pensum='5' AND c_uni_ca='4' AND c_asigna='330310' [1][0] OK
C:[25/05/2013 19:07:30.24][190.36.1.235][1436] SELECT par_cod_asig1,par_cod_asig2,par_cod_asig3 FROM tblaca009 WHERE pensum='5' AND c_uni_ca='4' AND c_asigna='333326' [1][0] OK
C:[25/05/2013 19:07:30.02][190.36.1.235][1566] SELECT horas_lab FROM tblaca008 WHERE c_asigna='300226' AND horas_teoricas > 0 [1][0] OK
C:[25/05/2013 19:07:30.12][190.36.1.235][1600] SELECT sum(u_creditos*1) FROM dace006 a, tblaca009 b WHERE a.exp_e='12-22207025' AND a.lapso='2013-1' AND b.pensum='5' AND b.c_uni_ca='4' AND status IN ('7','A','2') AND a.c_asigna=b.c_asigna  [1][0] OK
C:[25/05/2013 19:07:30.49][190.36.1.235][1619] SELECT sum(u_creditos*1) FROM dace006 a, tblaca009 b WHERE a.exp_e='12-22207025' AND a.lapso='2013-1' AND b.pensum='5' AND b.c_uni_ca='4' AND status IN ('7','A','2') AND a.c_asigna=b.c_asigna AND a.c_asigna IN ('300101','300112','300314','330310','333326') [1][0] OK
C:[25/05/2013 19:07:30.43][190.36.1.235][1635] SELECT MAX(semestre) FROM dace006 a, tblaca009 b WHERE a.exp_e='12-22207025' AND a.lapso='2013-1' AND b.pensum='5' AND b.c_uni_ca='4' AND status IN ('7','A','2') AND a.c_asigna=b.c_asigna  [1][0] OK
C:[25/05/2013 19:07:30.81][190.36.1.235][1655] SELECT MIN(semestre) FROM dace006 a, tblaca009 b WHERE a.exp_e='12-22207025' AND a.lapso='2013-1' AND b.pensum='5' AND b.c_uni_ca='4' AND status IN ('7','A','2') AND a.c_asigna=b.c_asigna AND a.c_asigna IN ('300226') [1][0] OK
C:[25/05/2013 19:12:57.75][190.206.42.19][1392] SELECT pre_cod_asig1,pre_cod_asig2,pre_cod_asig3,pre_cod_asig4,pre_cod_asig5,pre_cod_asig6,pre_cod_asig7 FROM tblaca009 WHERE pensum='5' AND c_uni_ca='5' AND c_asigna='355722' [1][0] OK
C:[25/05/2013 19:12:57.75][190.206.42.19][1405] SELECT c_asigna FROM dace004 WHERE exp_e='09-20934398' AND c_asigna='355691' AND status IN ('0','3','B') [1][0] OK
C:[25/05/2013 19:12:57.75][190.206.42.19][1405] SELECT c_asigna FROM dace004 WHERE exp_e='09-20934398' AND c_asigna='355595' AND status IN ('0','3','B') [1][0] OK
C:[25/05/2013 19:12:57.75][190.206.42.19][1392] SELECT pre_cod_asig1,pre_cod_asig2,pre_cod_asig3,pre_cod_asig4,pre_cod_asig5,pre_cod_asig6,pre_cod_asig7 FROM tblaca009 WHERE pensum='5' AND c_uni_ca='5' AND c_asigna='355720' [1][0] OK
C:[25/05/2013 19:12:57.75][190.206.42.19][1405] SELECT c_asigna FROM dace004 WHERE exp_e='09-20934398' AND c_asigna='355692' AND status IN ('0','3','B') [1][0] OK
C:[25/05/2013 19:12:57.75][190.206.42.19][1405] SELECT c_asigna FROM dace004 WHERE exp_e='09-20934398' AND c_asigna='355696' AND status IN ('0','3','B') [1][0] OK
C:[25/05/2013 19:12:57.75][190.206.42.19][1392] SELECT pre_cod_asig1,pre_cod_asig2,pre_cod_asig3,pre_cod_asig4,pre_cod_asig5,pre_cod_asig6,pre_cod_asig7 FROM tblaca009 WHERE pensum='5' AND c_uni_ca='5' AND c_asigna='355721' [1][0] OK
C:[25/05/2013 19:12:57.75][190.206.42.19][1405] SELECT c_asigna FROM dace004 WHERE exp_e='09-20934398' AND c_asigna='355693' AND status IN ('0','3','B') [1][0] OK
C:[25/05/2013 19:12:57.75][190.206.42.19][1405] SELECT c_asigna FROM dace004 WHERE exp_e='09-20934398' AND c_asigna='355696' AND status IN ('0','3','B') [1][0] OK
C:[25/05/2013 19:12:57.75][190.206.42.19][1392] SELECT pre_cod_asig1,pre_cod_asig2,pre_cod_asig3,pre_cod_asig4,pre_cod_asig5,pre_cod_asig6,pre_cod_asig7 FROM tblaca009 WHERE pensum='5' AND c_uni_ca='5' AND c_asigna='355723' [1][0] OK
C:[25/05/2013 19:12:57.75][190.206.42.19][1405] SELECT c_asigna FROM dace004 WHERE exp_e='09-20934398' AND c_asigna='355694' AND status IN ('0','3','B') [1][0] OK
C:[25/05/2013 19:12:57.75][190.206.42.19][1392] SELECT pre_cod_asig1,pre_cod_asig2,pre_cod_asig3,pre_cod_asig4,pre_cod_asig5,pre_cod_asig6,pre_cod_asig7 FROM tblaca009 WHERE pensum='5' AND c_uni_ca='5' AND c_asigna='355724' [1][0] OK
C:[25/05/2013 19:12:57.75][190.206.42.19][1405] SELECT c_asigna FROM dace004 WHERE exp_e='09-20934398' AND c_asigna='355692' AND status IN ('0','3','B') [1][0] OK
C:[25/05/2013 19:12:57.75][190.206.42.19][1392] SELECT pre_cod_asig1,pre_cod_asig2,pre_cod_asig3,pre_cod_asig4,pre_cod_asig5,pre_cod_asig6,pre_cod_asig7 FROM tblaca009 WHERE pensum='5' AND c_uni_ca='5' AND c_asigna='355725' [1][0] OK
C:[25/05/2013 19:12:57.75][190.206.42.19][1405] SELECT c_asigna FROM dace004 WHERE exp_e='09-20934398' AND c_asigna='355693' AND status IN ('0','3','B') [1][0] OK
C:[25/05/2013 19:12:57.75][190.206.42.19][1405] SELECT c_asigna FROM dace004 WHERE exp_e='09-20934398' AND c_asigna='355692' AND status IN ('0','3','B') [1][0] OK
C:[25/05/2013 19:12:57.75][190.206.42.19][1392] SELECT pre_cod_asig1,pre_cod_asig2,pre_cod_asig3,pre_cod_asig4,pre_cod_asig5,pre_cod_asig6,pre_cod_asig7 FROM tblaca009 WHERE pensum='5' AND c_uni_ca='5' AND c_asigna='355953' [1][0] OK
C:[25/05/2013 19:12:57.75][190.206.42.19][1405] SELECT c_asigna FROM dace004 WHERE exp_e='09-20934398' AND c_asigna='355691' AND status IN ('0','3','B') [1][0] OK
C:[25/05/2013 19:12:58.00][190.206.42.19][1436] SELECT par_cod_asig1,par_cod_asig2,par_cod_asig3 FROM tblaca009 WHERE pensum='5' AND c_uni_ca='5' AND c_asigna='355722' [1][0] OK
C:[25/05/2013 19:12:58.00][190.206.42.19][1436] SELECT par_cod_asig1,par_cod_asig2,par_cod_asig3 FROM tblaca009 WHERE pensum='5' AND c_uni_ca='5' AND c_asigna='355720' [1][0] OK
C:[25/05/2013 19:12:58.00][190.206.42.19][1436] SELECT par_cod_asig1,par_cod_asig2,par_cod_asig3 FROM tblaca009 WHERE pensum='5' AND c_uni_ca='5' AND c_asigna='355721' [1][0] OK
C:[25/05/2013 19:12:58.00][190.206.42.19][1436] SELECT par_cod_asig1,par_cod_asig2,par_cod_asig3 FROM tblaca009 WHERE pensum='5' AND c_uni_ca='5' AND c_asigna='355723' [1][0] OK
C:[25/05/2013 19:12:58.00][190.206.42.19][1436] SELECT par_cod_asig1,par_cod_asig2,par_cod_asig3 FROM tblaca009 WHERE pensum='5' AND c_uni_ca='5' AND c_asigna='355724' [1][0] OK
C:[25/05/2013 19:12:58.00][190.206.42.19][1436] SELECT par_cod_asig1,par_cod_asig2,par_cod_asig3 FROM tblaca009 WHERE pensum='5' AND c_uni_ca='5' AND c_asigna='355725' [1][0] OK
C:[25/05/2013 19:12:58.00][190.206.42.19][1436] SELECT par_cod_asig1,par_cod_asig2,par_cod_asig3 FROM tblaca009 WHERE pensum='5' AND c_uni_ca='5' AND c_asigna='355953' [1][0] OK
C:[25/05/2013 19:12:58.89][190.206.42.19][1566] SELECT horas_lab FROM tblaca008 WHERE c_asigna='355722' AND horas_teoricas > 0 [1][0] OK
C:[25/05/2013 19:12:58.00][190.206.42.19][1600] SELECT sum(u_creditos*1) FROM dace006 a, tblaca009 b WHERE a.exp_e='09-20934398' AND a.lapso='2013-1' AND b.pensum='5' AND b.c_uni_ca='5' AND status IN ('7','A','2') AND a.c_asigna=b.c_asigna  [1][0] OK
C:[25/05/2013 19:12:58.19][190.206.42.19][1619] SELECT sum(u_creditos*1) FROM dace006 a, tblaca009 b WHERE a.exp_e='09-20934398' AND a.lapso='2013-1' AND b.pensum='5' AND b.c_uni_ca='5' AND status IN ('7','A','2') AND a.c_asigna=b.c_asigna AND a.c_asigna IN ('355720','355721','355723','355724','355725','355953') [1][0] OK
C:[25/05/2013 19:12:58.81][190.206.42.19][1635] SELECT MAX(semestre) FROM dace006 a, tblaca009 b WHERE a.exp_e='09-20934398' AND a.lapso='2013-1' AND b.pensum='5' AND b.c_uni_ca='5' AND status IN ('7','A','2') AND a.c_asigna=b.c_asigna  [1][0] OK
C:[25/05/2013 19:12:59.31][190.206.42.19][1655] SELECT MIN(semestre) FROM dace006 a, tblaca009 b WHERE a.exp_e='09-20934398' AND a.lapso='2013-1' AND b.pensum='5' AND b.c_uni_ca='5' AND status IN ('7','A','2') AND a.c_asigna=b.c_asigna AND a.c_asigna IN ('355722') [1][0] OK
C:[26/05/2013 15:02:53.54][200.84.92.74][1392] SELECT pre_cod_asig1,pre_cod_asig2,pre_cod_asig3,pre_cod_asig4,pre_cod_asig5,pre_cod_asig6,pre_cod_asig7 FROM tblaca009 WHERE pensum='5' AND c_uni_ca='5' AND c_asigna='300318' [1][0] OK
C:[26/05/2013 15:02:53.54][200.84.92.74][1405] SELECT c_asigna FROM dace004 WHERE exp_e='09-20703727' AND c_asigna='300228' AND status IN ('0','3','B') [1][0] OK
C:[26/05/2013 15:02:53.54][200.84.92.74][1405] SELECT c_asigna FROM dace004 WHERE exp_e='09-20703727' AND c_asigna='300207' AND status IN ('0','3','B') [1][0] OK
C:[26/05/2013 15:02:53.54][200.84.92.74][1405] SELECT c_asigna FROM dace004 WHERE exp_e='09-20703727' AND c_asigna='300218' AND status IN ('0','3','B') [1][0] OK
C:[26/05/2013 15:02:53.54][200.84.92.74][1392] SELECT pre_cod_asig1,pre_cod_asig2,pre_cod_asig3,pre_cod_asig4,pre_cod_asig5,pre_cod_asig6,pre_cod_asig7 FROM tblaca009 WHERE pensum='5' AND c_uni_ca='5' AND c_asigna='351330' [1][0] OK
C:[26/05/2013 15:02:53.54][200.84.92.74][1405] SELECT c_asigna FROM dace004 WHERE exp_e='09-20703727' AND c_asigna='300218' AND status IN ('0','3','B') [1][0] OK
C:[26/05/2013 15:02:53.54][200.84.92.74][1392] SELECT pre_cod_asig1,pre_cod_asig2,pre_cod_asig3,pre_cod_asig4,pre_cod_asig5,pre_cod_asig6,pre_cod_asig7 FROM tblaca009 WHERE pensum='5' AND c_uni_ca='5' AND c_asigna='300422' [1][0] OK
C:[26/05/2013 15:02:53.54][200.84.92.74][1405] SELECT c_asigna FROM dace004 WHERE exp_e='09-20703727' AND c_asigna='300105' AND status IN ('0','3','B') [1][0] OK
C:[26/05/2013 15:02:53.54][200.84.92.74][1405] SELECT c_asigna FROM dace004 WHERE exp_e='09-20703727' AND c_asigna='300314' AND status IN ('0','3','B') [1][0] OK
C:[26/05/2013 15:02:53.54][200.84.92.74][1392] SELECT pre_cod_asig1,pre_cod_asig2,pre_cod_asig3,pre_cod_asig4,pre_cod_asig5,pre_cod_asig6,pre_cod_asig7 FROM tblaca009 WHERE pensum='5' AND c_uni_ca='5' AND c_asigna='355448' [1][0] OK
C:[26/05/2013 15:02:53.54][200.84.92.74][1405] SELECT c_asigna FROM dace004 WHERE exp_e='09-20703727' AND c_asigna='300313' AND status IN ('0','3','B') [1][0] OK
C:[26/05/2013 15:02:53.54][200.84.92.74][1405] SELECT c_asigna FROM dace004 WHERE exp_e='09-20703727' AND c_asigna='300209' AND status IN ('0','3','B') [1][0] OK
C:[26/05/2013 15:02:53.54][200.84.92.74][1405] SELECT c_asigna FROM dace004 WHERE exp_e='09-20703727' AND c_asigna='300226' AND status IN ('0','3','B') [1][0] OK
C:[26/05/2013 15:02:53.54][200.84.92.74][1405] SELECT c_asigna FROM dace004 WHERE exp_e='09-20703727' AND c_asigna='300222' AND status IN ('0','3','B') [1][0] OK
C:[26/05/2013 15:02:53.54][200.84.92.74][1392] SELECT pre_cod_asig1,pre_cod_asig2,pre_cod_asig3,pre_cod_asig4,pre_cod_asig5,pre_cod_asig6,pre_cod_asig7 FROM tblaca009 WHERE pensum='5' AND c_uni_ca='5' AND c_asigna='355572' [1][0] OK
C:[26/05/2013 15:02:53.54][200.84.92.74][1405] SELECT c_asigna FROM dace004 WHERE exp_e='09-20703727' AND c_asigna='300428' AND status IN ('0','3','B') [1][0] OK
C:[26/05/2013 15:02:54.55][200.84.92.74][1436] SELECT par_cod_asig1,par_cod_asig2,par_cod_asig3 FROM tblaca009 WHERE pensum='5' AND c_uni_ca='5' AND c_asigna='300318' [1][0] OK
C:[26/05/2013 15:02:54.55][200.84.92.74][1436] SELECT par_cod_asig1,par_cod_asig2,par_cod_asig3 FROM tblaca009 WHERE pensum='5' AND c_uni_ca='5' AND c_asigna='351330' [1][0] OK
C:[26/05/2013 15:02:54.55][200.84.92.74][1450] SELECT c_asigna FROM dace004 WHERE exp_e='09-20703727' AND c_asigna='300318' AND status IN ('0','3','B','C') [0][0] OK
C:[26/05/2013 15:02:54.55][200.84.92.74][1450] SELECT c_asigna FROM dace004 WHERE exp_e='09-20703727' AND c_asigna='300317' AND status IN ('0','3','B','C') [1][0] OK
C:[26/05/2013 15:02:54.55][200.84.92.74][1436] SELECT par_cod_asig1,par_cod_asig2,par_cod_asig3 FROM tblaca009 WHERE pensum='5' AND c_uni_ca='5' AND c_asigna='300422' [1][0] OK
C:[26/05/2013 15:02:54.55][200.84.92.74][1436] SELECT par_cod_asig1,par_cod_asig2,par_cod_asig3 FROM tblaca009 WHERE pensum='5' AND c_uni_ca='5' AND c_asigna='355448' [1][0] OK
C:[26/05/2013 15:02:54.55][200.84.92.74][1436] SELECT par_cod_asig1,par_cod_asig2,par_cod_asig3 FROM tblaca009 WHERE pensum='5' AND c_uni_ca='5' AND c_asigna='355572' [1][0] OK
C:[26/05/2013 15:02:54.44][200.84.92.74][1600] SELECT sum(u_creditos*1) FROM dace006 a, tblaca009 b WHERE a.exp_e='09-20703727' AND a.lapso='2013-1' AND b.pensum='5' AND b.c_uni_ca='5' AND status IN ('7','A','2') AND a.c_asigna=b.c_asigna  [1][0] OK
C:[26/05/2013 15:02:54.79][200.84.92.74][1619] SELECT sum(u_creditos*1) FROM dace006 a, tblaca009 b WHERE a.exp_e='09-20703727' AND a.lapso='2013-1' AND b.pensum='5' AND b.c_uni_ca='5' AND status IN ('7','A','2') AND a.c_asigna=b.c_asigna AND a.c_asigna IN ('300318','351330','300422','355448','355572') [1][0] OK
C:[26/05/2013 15:02:54.74][200.84.92.74][1635] SELECT MAX(semestre) FROM dace006 a, tblaca009 b WHERE a.exp_e='09-20703727' AND a.lapso='2013-1' AND b.pensum='5' AND b.c_uni_ca='5' AND status IN ('7','A','2') AND a.c_asigna=b.c_asigna  [1][0] OK
C:[26/05/2013 17:14:32.53][190.201.183.230][1392] SELECT pre_cod_asig1,pre_cod_asig2,pre_cod_asig3,pre_cod_asig4,pre_cod_asig5,pre_cod_asig6,pre_cod_asig7 FROM tblaca009 WHERE pensum='5' AND c_uni_ca='2' AND c_asigna='300314' [1][0] OK
C:[26/05/2013 17:14:32.53][190.201.183.230][1405] SELECT c_asigna FROM dace004 WHERE exp_e='12-24626509' AND c_asigna='300106' AND status IN ('0','3','B') [1][0] OK
C:[26/05/2013 17:14:32.53][190.201.183.230][1392] SELECT pre_cod_asig1,pre_cod_asig2,pre_cod_asig3,pre_cod_asig4,pre_cod_asig5,pre_cod_asig6,pre_cod_asig7 FROM tblaca009 WHERE pensum='5' AND c_uni_ca='2' AND c_asigna='320311' [1][0] OK
C:[26/05/2013 17:14:32.53][190.201.183.230][1405] SELECT c_asigna FROM dace004 WHERE exp_e='12-24626509' AND c_asigna='300013' AND status IN ('0','3','B') [1][0] OK
C:[26/05/2013 17:14:32.53][190.201.183.230][1405] SELECT c_asigna FROM dace004 WHERE exp_e='12-24626509' AND c_asigna='300113' AND status IN ('0','3','B') [1][0] OK
C:[26/05/2013 17:14:32.53][190.201.183.230][1392] SELECT pre_cod_asig1,pre_cod_asig2,pre_cod_asig3,pre_cod_asig4,pre_cod_asig5,pre_cod_asig6,pre_cod_asig7 FROM tblaca009 WHERE pensum='5' AND c_uni_ca='2' AND c_asigna='300226' [1][0] OK
C:[26/05/2013 17:14:32.53][190.201.183.230][1405] SELECT c_asigna FROM dace004 WHERE exp_e='12-24626509' AND c_asigna='300116' AND status IN ('0','3','B') [1][0] OK
C:[26/05/2013 17:14:32.53][190.201.183.230][1392] SELECT pre_cod_asig1,pre_cod_asig2,pre_cod_asig3,pre_cod_asig4,pre_cod_asig5,pre_cod_asig6,pre_cod_asig7 FROM tblaca009 WHERE pensum='5' AND c_uni_ca='2' AND c_asigna='300101' [1][0] OK
C:[26/05/2013 17:14:32.53][190.201.183.230][1392] SELECT pre_cod_asig1,pre_cod_asig2,pre_cod_asig3,pre_cod_asig4,pre_cod_asig5,pre_cod_asig6,pre_cod_asig7 FROM tblaca009 WHERE pensum='5' AND c_uni_ca='2' AND c_asigna='300222' [1][0] OK
C:[26/05/2013 17:14:32.53][190.201.183.230][1405] SELECT c_asigna FROM dace004 WHERE exp_e='12-24626509' AND c_asigna='300112' AND status IN ('0','3','B') [1][0] OK
C:[26/05/2013 17:14:32.78][190.201.183.230][1436] SELECT par_cod_asig1,par_cod_asig2,par_cod_asig3 FROM tblaca009 WHERE pensum='5' AND c_uni_ca='2' AND c_asigna='300314' [1][0] OK
C:[26/05/2013 17:14:32.78][190.201.183.230][1436] SELECT par_cod_asig1,par_cod_asig2,par_cod_asig3 FROM tblaca009 WHERE pensum='5' AND c_uni_ca='2' AND c_asigna='320311' [1][0] OK
C:[26/05/2013 17:14:32.78][190.201.183.230][1436] SELECT par_cod_asig1,par_cod_asig2,par_cod_asig3 FROM tblaca009 WHERE pensum='5' AND c_uni_ca='2' AND c_asigna='300226' [1][0] OK
C:[26/05/2013 17:14:32.78][190.201.183.230][1436] SELECT par_cod_asig1,par_cod_asig2,par_cod_asig3 FROM tblaca009 WHERE pensum='5' AND c_uni_ca='2' AND c_asigna='300101' [1][0] OK
C:[26/05/2013 17:14:32.78][190.201.183.230][1436] SELECT par_cod_asig1,par_cod_asig2,par_cod_asig3 FROM tblaca009 WHERE pensum='5' AND c_uni_ca='2' AND c_asigna='300222' [1][0] OK
C:[26/05/2013 17:14:32.41][190.201.183.230][1566] SELECT horas_lab FROM tblaca008 WHERE c_asigna='300314' AND horas_teoricas > 0 [0][0] OK
C:[26/05/2013 17:14:32.53][190.201.183.230][1600] SELECT sum(u_creditos*1) FROM dace006 a, tblaca009 b WHERE a.exp_e='12-24626509' AND a.lapso='2013-1' AND b.pensum='5' AND b.c_uni_ca='2' AND status IN ('7','A','2') AND a.c_asigna=b.c_asigna  [1][0] OK
C:[26/05/2013 17:14:32.91][190.201.183.230][1619] SELECT sum(u_creditos*1) FROM dace006 a, tblaca009 b WHERE a.exp_e='12-24626509' AND a.lapso='2013-1' AND b.pensum='5' AND b.c_uni_ca='2' AND status IN ('7','A','2') AND a.c_asigna=b.c_asigna AND a.c_asigna IN ('320311','300226','300101','300222') [1][0] OK
C:[26/05/2013 17:14:32.84][190.201.183.230][1635] SELECT MAX(semestre) FROM dace006 a, tblaca009 b WHERE a.exp_e='12-24626509' AND a.lapso='2013-1' AND b.pensum='5' AND b.c_uni_ca='2' AND status IN ('7','A','2') AND a.c_asigna=b.c_asigna  [1][0] OK
C:[26/05/2013 17:14:32.22][190.201.183.230][1655] SELECT MIN(semestre) FROM dace006 a, tblaca009 b WHERE a.exp_e='12-24626509' AND a.lapso='2013-1' AND b.pensum='5' AND b.c_uni_ca='2' AND status IN ('7','A','2') AND a.c_asigna=b.c_asigna AND a.c_asigna IN ('300314') [1][0] OK
C:[26/05/2013 22:03:19.72][181.185.192.27][1392] SELECT pre_cod_asig1,pre_cod_asig2,pre_cod_asig3,pre_cod_asig4,pre_cod_asig5,pre_cod_asig6,pre_cod_asig7 FROM tblaca009 WHERE pensum='5' AND c_uni_ca='2' AND c_asigna='300222' [1][0] OK
C:[26/05/2013 22:03:19.72][181.185.192.27][1405] SELECT c_asigna FROM dace004 WHERE exp_e='12-24179618' AND c_asigna='300112' AND status IN ('0','3','B') [1][0] OK
C:[26/05/2013 22:03:19.72][181.185.192.27][1392] SELECT pre_cod_asig1,pre_cod_asig2,pre_cod_asig3,pre_cod_asig4,pre_cod_asig5,pre_cod_asig6,pre_cod_asig7 FROM tblaca009 WHERE pensum='5' AND c_uni_ca='2' AND c_asigna='300228' [1][0] OK
C:[26/05/2013 22:03:19.72][181.185.192.27][1405] SELECT c_asigna FROM dace004 WHERE exp_e='12-24179618' AND c_asigna='300101' AND status IN ('0','3','B') [1][0] OK
C:[26/05/2013 22:03:19.72][181.185.192.27][1392] SELECT pre_cod_asig1,pre_cod_asig2,pre_cod_asig3,pre_cod_asig4,pre_cod_asig5,pre_cod_asig6,pre_cod_asig7 FROM tblaca009 WHERE pensum='5' AND c_uni_ca='2' AND c_asigna='300207' [1][0] OK
C:[26/05/2013 22:03:19.72][181.185.192.27][1405] SELECT c_asigna FROM dace004 WHERE exp_e='12-24179618' AND c_asigna='300101' AND status IN ('0','3','B') [1][0] OK
C:[26/05/2013 22:03:19.72][181.185.192.27][1392] SELECT pre_cod_asig1,pre_cod_asig2,pre_cod_asig3,pre_cod_asig4,pre_cod_asig5,pre_cod_asig6,pre_cod_asig7 FROM tblaca009 WHERE pensum='5' AND c_uni_ca='2' AND c_asigna='300209' [1][0] OK
C:[26/05/2013 22:03:19.72][181.185.192.27][1405] SELECT c_asigna FROM dace004 WHERE exp_e='12-24179618' AND c_asigna='300101' AND status IN ('0','3','B') [1][0] OK
C:[26/05/2013 22:03:19.72][181.185.192.27][1392] SELECT pre_cod_asig1,pre_cod_asig2,pre_cod_asig3,pre_cod_asig4,pre_cod_asig5,pre_cod_asig6,pre_cod_asig7 FROM tblaca009 WHERE pensum='5' AND c_uni_ca='2' AND c_asigna='300226' [1][0] OK
C:[26/05/2013 22:03:19.72][181.185.192.27][1405] SELECT c_asigna FROM dace004 WHERE exp_e='12-24179618' AND c_asigna='300116' AND status IN ('0','3','B') [1][0] OK
C:[26/05/2013 22:03:19.97][181.185.192.27][1436] SELECT par_cod_asig1,par_cod_asig2,par_cod_asig3 FROM tblaca009 WHERE pensum='5' AND c_uni_ca='2' AND c_asigna='300222' [1][0] OK
C:[26/05/2013 22:03:19.97][181.185.192.27][1436] SELECT par_cod_asig1,par_cod_asig2,par_cod_asig3 FROM tblaca009 WHERE pensum='5' AND c_uni_ca='2' AND c_asigna='300228' [1][0] OK
C:[26/05/2013 22:03:19.97][181.185.192.27][1436] SELECT par_cod_asig1,par_cod_asig2,par_cod_asig3 FROM tblaca009 WHERE pensum='5' AND c_uni_ca='2' AND c_asigna='300207' [1][0] OK
C:[26/05/2013 22:03:19.97][181.185.192.27][1436] SELECT par_cod_asig1,par_cod_asig2,par_cod_asig3 FROM tblaca009 WHERE pensum='5' AND c_uni_ca='2' AND c_asigna='300209' [1][0] OK
C:[26/05/2013 22:03:19.97][181.185.192.27][1436] SELECT par_cod_asig1,par_cod_asig2,par_cod_asig3 FROM tblaca009 WHERE pensum='5' AND c_uni_ca='2' AND c_asigna='300226' [1][0] OK
C:[26/05/2013 22:03:20.61][181.185.192.27][1566] SELECT horas_lab FROM tblaca008 WHERE c_asigna='300222' AND horas_teoricas > 0 [1][0] OK
C:[26/05/2013 22:03:20.72][181.185.192.27][1600] SELECT sum(u_creditos*1) FROM dace006 a, tblaca009 b WHERE a.exp_e='12-24179618' AND a.lapso='2013-1' AND b.pensum='5' AND b.c_uni_ca='2' AND status IN ('7','A','2') AND a.c_asigna=b.c_asigna  [1][0] OK
C:[26/05/2013 22:03:20.09][181.185.192.27][1619] SELECT sum(u_creditos*1) FROM dace006 a, tblaca009 b WHERE a.exp_e='12-24179618' AND a.lapso='2013-1' AND b.pensum='5' AND b.c_uni_ca='2' AND status IN ('7','A','2') AND a.c_asigna=b.c_asigna AND a.c_asigna IN ('300228','300207','300209','300226') [1][0] OK
C:[26/05/2013 22:03:20.48][181.185.192.27][1635] SELECT MAX(semestre) FROM dace006 a, tblaca009 b WHERE a.exp_e='12-24179618' AND a.lapso='2013-1' AND b.pensum='5' AND b.c_uni_ca='2' AND status IN ('7','A','2') AND a.c_asigna=b.c_asigna  [1][0] OK
C:[26/05/2013 22:03:20.85][181.185.192.27][1655] SELECT MIN(semestre) FROM dace006 a, tblaca009 b WHERE a.exp_e='12-24179618' AND a.lapso='2013-1' AND b.pensum='5' AND b.c_uni_ca='2' AND status IN ('7','A','2') AND a.c_asigna=b.c_asigna AND a.c_asigna IN ('300222') [1][0] OK
C:[26/05/2013 22:12:01.59][190.205.145.163][1392] SELECT pre_cod_asig1,pre_cod_asig2,pre_cod_asig3,pre_cod_asig4,pre_cod_asig5,pre_cod_asig6,pre_cod_asig7 FROM tblaca009 WHERE pensum='5' AND c_uni_ca='2' AND c_asigna='300213' [1][0] OK
C:[26/05/2013 22:12:01.59][190.205.145.163][1405] SELECT c_asigna FROM dace004 WHERE exp_e='11-25595093' AND c_asigna='300101' AND status IN ('0','3','B') [1][0] OK
C:[26/05/2013 22:12:01.59][190.205.145.163][1392] SELECT pre_cod_asig1,pre_cod_asig2,pre_cod_asig3,pre_cod_asig4,pre_cod_asig5,pre_cod_asig6,pre_cod_asig7 FROM tblaca009 WHERE pensum='5' AND c_uni_ca='2' AND c_asigna='300207' [1][0] OK
C:[26/05/2013 22:12:01.59][190.205.145.163][1405] SELECT c_asigna FROM dace004 WHERE exp_e='11-25595093' AND c_asigna='300101' AND status IN ('0','3','B') [1][0] OK
C:[26/05/2013 22:12:01.59][190.205.145.163][1392] SELECT pre_cod_asig1,pre_cod_asig2,pre_cod_asig3,pre_cod_asig4,pre_cod_asig5,pre_cod_asig6,pre_cod_asig7 FROM tblaca009 WHERE pensum='5' AND c_uni_ca='2' AND c_asigna='300209' [1][0] OK
C:[26/05/2013 22:12:01.59][190.205.145.163][1405] SELECT c_asigna FROM dace004 WHERE exp_e='11-25595093' AND c_asigna='300101' AND status IN ('0','3','B') [1][0] OK
C:[26/05/2013 22:12:01.59][190.205.145.163][1392] SELECT pre_cod_asig1,pre_cod_asig2,pre_cod_asig3,pre_cod_asig4,pre_cod_asig5,pre_cod_asig6,pre_cod_asig7 FROM tblaca009 WHERE pensum='5' AND c_uni_ca='2' AND c_asigna='300218' [1][0] OK
C:[26/05/2013 22:12:01.59][190.205.145.163][1405] SELECT c_asigna FROM dace004 WHERE exp_e='11-25595093' AND c_asigna='300101' AND status IN ('0','3','B') [1][0] OK
C:[26/05/2013 22:12:01.59][190.205.145.163][1392] SELECT pre_cod_asig1,pre_cod_asig2,pre_cod_asig3,pre_cod_asig4,pre_cod_asig5,pre_cod_asig6,pre_cod_asig7 FROM tblaca009 WHERE pensum='5' AND c_uni_ca='2' AND c_asigna='300228' [1][0] OK
C:[26/05/2013 22:12:01.59][190.205.145.163][1405] SELECT c_asigna FROM dace004 WHERE exp_e='11-25595093' AND c_asigna='300101' AND status IN ('0','3','B') [1][0] OK
C:[26/05/2013 22:12:02.84][190.205.145.163][1436] SELECT par_cod_asig1,par_cod_asig2,par_cod_asig3 FROM tblaca009 WHERE pensum='5' AND c_uni_ca='2' AND c_asigna='300213' [1][0] OK
C:[26/05/2013 22:12:02.84][190.205.145.163][1450] SELECT c_asigna FROM dace004 WHERE exp_e='11-25595093' AND c_asigna='300209' AND status IN ('0','3','B','C') [0][0] OK
C:[26/05/2013 22:12:02.84][190.205.145.163][1436] SELECT par_cod_asig1,par_cod_asig2,par_cod_asig3 FROM tblaca009 WHERE pensum='5' AND c_uni_ca='2' AND c_asigna='300207' [1][0] OK
C:[26/05/2013 22:12:02.84][190.205.145.163][1436] SELECT par_cod_asig1,par_cod_asig2,par_cod_asig3 FROM tblaca009 WHERE pensum='5' AND c_uni_ca='2' AND c_asigna='300209' [1][0] OK
C:[26/05/2013 22:12:02.84][190.205.145.163][1436] SELECT par_cod_asig1,par_cod_asig2,par_cod_asig3 FROM tblaca009 WHERE pensum='5' AND c_uni_ca='2' AND c_asigna='300218' [1][0] OK
C:[26/05/2013 22:12:02.84][190.205.145.163][1450] SELECT c_asigna FROM dace004 WHERE exp_e='11-25595093' AND c_asigna='300228' AND status IN ('0','3','B','C') [0][0] OK
C:[26/05/2013 22:12:02.84][190.205.145.163][1436] SELECT par_cod_asig1,par_cod_asig2,par_cod_asig3 FROM tblaca009 WHERE pensum='5' AND c_uni_ca='2' AND c_asigna='300228' [1][0] OK
C:[26/05/2013 22:12:02.73][190.205.145.163][1566] SELECT horas_lab FROM tblaca008 WHERE c_asigna='300213' AND horas_teoricas > 0 [1][0] OK
C:[26/05/2013 22:12:02.84][190.205.145.163][1600] SELECT sum(u_creditos*1) FROM dace006 a, tblaca009 b WHERE a.exp_e='11-25595093' AND a.lapso='2013-1' AND b.pensum='5' AND b.c_uni_ca='2' AND status IN ('7','A','2') AND a.c_asigna=b.c_asigna  [1][0] OK
C:[26/05/2013 22:12:02.34][190.205.145.163][1619] SELECT sum(u_creditos*1) FROM dace006 a, tblaca009 b WHERE a.exp_e='11-25595093' AND a.lapso='2013-1' AND b.pensum='5' AND b.c_uni_ca='2' AND status IN ('7','A','2') AND a.c_asigna=b.c_asigna AND a.c_asigna IN ('300207','300209','300218','300228') [1][0] OK
C:[26/05/2013 22:12:02.72][190.205.145.163][1635] SELECT MAX(semestre) FROM dace006 a, tblaca009 b WHERE a.exp_e='11-25595093' AND a.lapso='2013-1' AND b.pensum='5' AND b.c_uni_ca='2' AND status IN ('7','A','2') AND a.c_asigna=b.c_asigna  [1][0] OK
C:[26/05/2013 22:12:02.66][190.205.145.163][1655] SELECT MIN(semestre) FROM dace006 a, tblaca009 b WHERE a.exp_e='11-25595093' AND a.lapso='2013-1' AND b.pensum='5' AND b.c_uni_ca='2' AND status IN ('7','A','2') AND a.c_asigna=b.c_asigna AND a.c_asigna IN ('300213') [1][0] OK
C:[27/05/2013 08:11:38.70][190.201.171.199][1392] SELECT pre_cod_asig1,pre_cod_asig2,pre_cod_asig3,pre_cod_asig4,pre_cod_asig5,pre_cod_asig6,pre_cod_asig7 FROM tblaca009 WHERE pensum='5' AND c_uni_ca='3' AND c_asigna='300113' [1][0] OK
C:[27/05/2013 08:11:38.70][190.201.171.199][1392] SELECT pre_cod_asig1,pre_cod_asig2,pre_cod_asig3,pre_cod_asig4,pre_cod_asig5,pre_cod_asig6,pre_cod_asig7 FROM tblaca009 WHERE pensum='5' AND c_uni_ca='3' AND c_asigna='300013' [1][0] OK
C:[27/05/2013 08:11:38.95][190.201.171.199][1436] SELECT par_cod_asig1,par_cod_asig2,par_cod_asig3 FROM tblaca009 WHERE pensum='5' AND c_uni_ca='3' AND c_asigna='300113' [1][0] OK
C:[27/05/2013 08:11:38.95][190.201.171.199][1450] SELECT c_asigna FROM dace004 WHERE exp_e='10-23256769' AND c_asigna='300013' AND status IN ('0','3','B','C') [0][0] OK
C:[27/05/2013 08:11:38.95][190.201.171.199][1436] SELECT par_cod_asig1,par_cod_asig2,par_cod_asig3 FROM tblaca009 WHERE pensum='5' AND c_uni_ca='3' AND c_asigna='300013' [1][0] OK
C:[27/05/2013 08:11:38.34][190.201.171.199][1566] SELECT horas_lab FROM tblaca008 WHERE c_asigna='300113' AND horas_teoricas > 0 [0][0] OK
C:[27/05/2013 08:11:38.45][190.201.171.199][1600] SELECT sum(u_creditos*1) FROM dace006 a, tblaca009 b WHERE a.exp_e='10-23256769' AND a.lapso='2013-1' AND b.pensum='5' AND b.c_uni_ca='3' AND status IN ('7','A','2') AND a.c_asigna=b.c_asigna  [1][0] OK
C:[27/05/2013 08:11:39.83][190.201.171.199][1619] SELECT sum(u_creditos*1) FROM dace006 a, tblaca009 b WHERE a.exp_e='10-23256769' AND a.lapso='2013-1' AND b.pensum='5' AND b.c_uni_ca='3' AND status IN ('7','A','2') AND a.c_asigna=b.c_asigna AND a.c_asigna IN ('300013') [1][0] OK
C:[27/05/2013 08:11:39.20][190.201.171.199][1635] SELECT MAX(semestre) FROM dace006 a, tblaca009 b WHERE a.exp_e='10-23256769' AND a.lapso='2013-1' AND b.pensum='5' AND b.c_uni_ca='3' AND status IN ('7','A','2') AND a.c_asigna=b.c_asigna  [1][0] OK
C:[27/05/2013 08:11:39.58][190.201.171.199][1655] SELECT MIN(semestre) FROM dace006 a, tblaca009 b WHERE a.exp_e='10-23256769' AND a.lapso='2013-1' AND b.pensum='5' AND b.c_uni_ca='3' AND status IN ('7','A','2') AND a.c_asigna=b.c_asigna AND a.c_asigna IN ('300113') [1][0] OK
C:[27/05/2013 08:47:16.11][190.79.14.180][1392] SELECT pre_cod_asig1,pre_cod_asig2,pre_cod_asig3,pre_cod_asig4,pre_cod_asig5,pre_cod_asig6,pre_cod_asig7 FROM tblaca009 WHERE pensum='5' AND c_uni_ca='6' AND c_asigna='300677' [1][0] OK
C:[27/05/2013 08:47:16.11][190.79.14.180][1392] SELECT pre_cod_asig1,pre_cod_asig2,pre_cod_asig3,pre_cod_asig4,pre_cod_asig5,pre_cod_asig6,pre_cod_asig7 FROM tblaca009 WHERE pensum='5' AND c_uni_ca='6' AND c_asigna='300313' [1][0] OK
C:[27/05/2013 08:47:16.11][190.79.14.180][1405] SELECT c_asigna FROM dace004 WHERE exp_e='07-19621920' AND c_asigna='300213' AND status IN ('0','3','B') [1][0] OK
C:[27/05/2013 08:47:16.11][190.79.14.180][1405] SELECT c_asigna FROM dace004 WHERE exp_e='07-19621920' AND c_asigna='300226' AND status IN ('0','3','B') [1][0] OK
C:[27/05/2013 08:47:16.11][190.79.14.180][1405] SELECT c_asigna FROM dace004 WHERE exp_e='07-19621920' AND c_asigna='300222' AND status IN ('0','3','B') [1][0] OK
C:[27/05/2013 08:47:16.11][190.79.14.180][1405] SELECT c_asigna FROM dace004 WHERE exp_e='07-19621920' AND c_asigna='300209' AND status IN ('0','3','B') [1][0] OK
C:[27/05/2013 08:47:16.11][190.79.14.180][1392] SELECT pre_cod_asig1,pre_cod_asig2,pre_cod_asig3,pre_cod_asig4,pre_cod_asig5,pre_cod_asig6,pre_cod_asig7 FROM tblaca009 WHERE pensum='5' AND c_uni_ca='6' AND c_asigna='344733' [1][0] OK
C:[27/05/2013 08:47:16.11][190.79.14.180][1392] SELECT pre_cod_asig1,pre_cod_asig2,pre_cod_asig3,pre_cod_asig4,pre_cod_asig5,pre_cod_asig6,pre_cod_asig7 FROM tblaca009 WHERE pensum='5' AND c_uni_ca='6' AND c_asigna='342436' [1][0] OK
C:[27/05/2013 08:47:16.11][190.79.14.180][1405] SELECT c_asigna FROM dace004 WHERE exp_e='07-19621920' AND c_asigna='300318' AND status IN ('0','3','B') [1][0] OK
C:[27/05/2013 08:47:16.11][190.79.14.180][1405] SELECT c_asigna FROM dace004 WHERE exp_e='07-19621920' AND c_asigna='300317' AND status IN ('0','3','B') [1][0] OK
C:[27/05/2013 08:47:16.11][190.79.14.180][1392] SELECT pre_cod_asig1,pre_cod_asig2,pre_cod_asig3,pre_cod_asig4,pre_cod_asig5,pre_cod_asig6,pre_cod_asig7 FROM tblaca009 WHERE pensum='5' AND c_uni_ca='6' AND c_asigna='311561' [1][0] OK
C:[27/05/2013 08:47:16.11][190.79.14.180][1405] SELECT c_asigna FROM dace004 WHERE exp_e='07-19621920' AND c_asigna='300318' AND status IN ('0','3','B') [1][0] OK
C:[27/05/2013 08:47:16.11][190.79.14.180][1392] SELECT pre_cod_asig1,pre_cod_asig2,pre_cod_asig3,pre_cod_asig4,pre_cod_asig5,pre_cod_asig6,pre_cod_asig7 FROM tblaca009 WHERE pensum='5' AND c_uni_ca='6' AND c_asigna='344812' [1][0] OK
C:[27/05/2013 08:47:16.11][190.79.14.180][1405] SELECT c_asigna FROM dace004 WHERE exp_e='07-19621920' AND c_asigna='344715' AND status IN ('0','3','B') [1][0] OK
C:[27/05/2013 08:47:16.11][190.79.14.180][1405] SELECT c_asigna FROM dace004 WHERE exp_e='07-19621920' AND c_asigna='344742' AND status IN ('0','3','B') [1][0] OK
C:[27/05/2013 08:47:17.55][190.79.14.180][1436] SELECT par_cod_asig1,par_cod_asig2,par_cod_asig3 FROM tblaca009 WHERE pensum='5' AND c_uni_ca='6' AND c_asigna='300677' [1][0] OK
C:[27/05/2013 08:47:17.55][190.79.14.180][1436] SELECT par_cod_asig1,par_cod_asig2,par_cod_asig3 FROM tblaca009 WHERE pensum='5' AND c_uni_ca='6' AND c_asigna='300313' [1][0] OK
C:[27/05/2013 08:47:17.55][190.79.14.180][1436] SELECT par_cod_asig1,par_cod_asig2,par_cod_asig3 FROM tblaca009 WHERE pensum='5' AND c_uni_ca='6' AND c_asigna='344733' [1][0] OK
C:[27/05/2013 08:47:17.55][190.79.14.180][1436] SELECT par_cod_asig1,par_cod_asig2,par_cod_asig3 FROM tblaca009 WHERE pensum='5' AND c_uni_ca='6' AND c_asigna='342436' [1][0] OK
C:[27/05/2013 08:47:17.55][190.79.14.180][1436] SELECT par_cod_asig1,par_cod_asig2,par_cod_asig3 FROM tblaca009 WHERE pensum='5' AND c_uni_ca='6' AND c_asigna='311561' [1][0] OK
C:[27/05/2013 08:47:17.55][190.79.14.180][1436] SELECT par_cod_asig1,par_cod_asig2,par_cod_asig3 FROM tblaca009 WHERE pensum='5' AND c_uni_ca='6' AND c_asigna='344812' [1][0] OK
C:[27/05/2013 08:47:17.31][190.79.14.180][1566] SELECT horas_lab FROM tblaca008 WHERE c_asigna='300677' AND horas_teoricas > 0 [1][0] OK
C:[27/05/2013 08:47:17.42][190.79.14.180][1600] SELECT sum(u_creditos*1) FROM dace006 a, tblaca009 b WHERE a.exp_e='07-19621920' AND a.lapso='2013-1' AND b.pensum='5' AND b.c_uni_ca='6' AND status IN ('7','A','2') AND a.c_asigna=b.c_asigna  [1][0] OK
C:[27/05/2013 08:47:17.36][190.79.14.180][1619] SELECT sum(u_creditos*1) FROM dace006 a, tblaca009 b WHERE a.exp_e='07-19621920' AND a.lapso='2013-1' AND b.pensum='5' AND b.c_uni_ca='6' AND status IN ('7','A','2') AND a.c_asigna=b.c_asigna AND a.c_asigna IN ('300313','344733','342436','311561','344812') [1][0] OK
C:[27/05/2013 08:47:17.30][190.79.14.180][1635] SELECT MAX(semestre) FROM dace006 a, tblaca009 b WHERE a.exp_e='07-19621920' AND a.lapso='2013-1' AND b.pensum='5' AND b.c_uni_ca='6' AND status IN ('7','A','2') AND a.c_asigna=b.c_asigna  [1][0] OK
C:[27/05/2013 08:47:17.24][190.79.14.180][1655] SELECT MIN(semestre) FROM dace006 a, tblaca009 b WHERE a.exp_e='07-19621920' AND a.lapso='2013-1' AND b.pensum='5' AND b.c_uni_ca='6' AND status IN ('7','A','2') AND a.c_asigna=b.c_asigna AND a.c_asigna IN ('300677') [1][0] OK
C:[27/05/2013 08:54:48.54][172.16.8.247][1392] SELECT pre_cod_asig1,pre_cod_asig2,pre_cod_asig3,pre_cod_asig4,pre_cod_asig5,pre_cod_asig6,pre_cod_asig7 FROM tblaca009 WHERE pensum='5' AND c_uni_ca='5' AND c_asigna='300112' [1][0] OK
C:[27/05/2013 08:54:48.54][172.16.8.247][1392] SELECT pre_cod_asig1,pre_cod_asig2,pre_cod_asig3,pre_cod_asig4,pre_cod_asig5,pre_cod_asig6,pre_cod_asig7 FROM tblaca009 WHERE pensum='5' AND c_uni_ca='5' AND c_asigna='300116' [1][0] OK
C:[27/05/2013 08:54:48.54][172.16.8.247][1392] SELECT pre_cod_asig1,pre_cod_asig2,pre_cod_asig3,pre_cod_asig4,pre_cod_asig5,pre_cod_asig6,pre_cod_asig7 FROM tblaca009 WHERE pensum='5' AND c_uni_ca='5' AND c_asigna='300101' [1][0] OK
C:[27/05/2013 08:54:48.54][172.16.8.247][1392] SELECT pre_cod_asig1,pre_cod_asig2,pre_cod_asig3,pre_cod_asig4,pre_cod_asig5,pre_cod_asig6,pre_cod_asig7 FROM tblaca009 WHERE pensum='5' AND c_uni_ca='5' AND c_asigna='300105' [1][0] OK
C:[27/05/2013 08:54:48.04][172.16.8.247][1436] SELECT par_cod_asig1,par_cod_asig2,par_cod_asig3 FROM tblaca009 WHERE pensum='5' AND c_uni_ca='5' AND c_asigna='300112' [1][0] OK
C:[27/05/2013 08:54:48.04][172.16.8.247][1436] SELECT par_cod_asig1,par_cod_asig2,par_cod_asig3 FROM tblaca009 WHERE pensum='5' AND c_uni_ca='5' AND c_asigna='300116' [1][0] OK
C:[27/05/2013 08:54:48.04][172.16.8.247][1436] SELECT par_cod_asig1,par_cod_asig2,par_cod_asig3 FROM tblaca009 WHERE pensum='5' AND c_uni_ca='5' AND c_asigna='300101' [1][0] OK
C:[27/05/2013 08:54:48.04][172.16.8.247][1436] SELECT par_cod_asig1,par_cod_asig2,par_cod_asig3 FROM tblaca009 WHERE pensum='5' AND c_uni_ca='5' AND c_asigna='300105' [1][0] OK
C:[27/05/2013 08:54:48.55][172.16.8.247][1566] SELECT horas_lab FROM tblaca008 WHERE c_asigna='300112' AND horas_teoricas > 0 [1][0] OK
C:[27/05/2013 08:54:48.67][172.16.8.247][1600] SELECT sum(u_creditos*1) FROM dace006 a, tblaca009 b WHERE a.exp_e='12-24889243' AND a.lapso='2013-1' AND b.pensum='5' AND b.c_uni_ca='5' AND status IN ('7','A','2') AND a.c_asigna=b.c_asigna  [1][0] OK
C:[27/05/2013 08:54:48.04][172.16.8.247][1619] SELECT sum(u_creditos*1) FROM dace006 a, tblaca009 b WHERE a.exp_e='12-24889243' AND a.lapso='2013-1' AND b.pensum='5' AND b.c_uni_ca='5' AND status IN ('7','A','2') AND a.c_asigna=b.c_asigna AND a.c_asigna IN ('300116','300101','300105') [1][0] OK
C:[27/05/2013 08:54:48.42][172.16.8.247][1635] SELECT MAX(semestre) FROM dace006 a, tblaca009 b WHERE a.exp_e='12-24889243' AND a.lapso='2013-1' AND b.pensum='5' AND b.c_uni_ca='5' AND status IN ('7','A','2') AND a.c_asigna=b.c_asigna  [1][0] OK
C:[27/05/2013 08:54:48.79][172.16.8.247][1655] SELECT MIN(semestre) FROM dace006 a, tblaca009 b WHERE a.exp_e='12-24889243' AND a.lapso='2013-1' AND b.pensum='5' AND b.c_uni_ca='5' AND status IN ('7','A','2') AND a.c_asigna=b.c_asigna AND a.c_asigna IN ('300112') [1][0] OK
C:[27/05/2013 09:56:40.33][172.17.118.163][1392] SELECT pre_cod_asig1,pre_cod_asig2,pre_cod_asig3,pre_cod_asig4,pre_cod_asig5,pre_cod_asig6,pre_cod_asig7 FROM tblaca009 WHERE pensum='5' AND c_uni_ca='6' AND c_asigna='300226' [1][0] OK
C:[27/05/2013 09:56:40.33][172.17.118.163][1405] SELECT c_asigna FROM dace004 WHERE exp_e='12-25933115' AND c_asigna='300116' AND status IN ('0','3','B') [1][0] OK
C:[27/05/2013 09:56:40.33][172.17.118.163][1392] SELECT pre_cod_asig1,pre_cod_asig2,pre_cod_asig3,pre_cod_asig4,pre_cod_asig5,pre_cod_asig6,pre_cod_asig7 FROM tblaca009 WHERE pensum='5' AND c_uni_ca='6' AND c_asigna='340327' [1][0] OK
C:[27/05/2013 09:56:40.33][172.17.118.163][1405] SELECT c_asigna FROM dace004 WHERE exp_e='12-25933115' AND c_asigna='300013' AND status IN ('0','3','B') [1][0] OK
C:[27/05/2013 09:56:40.33][172.17.118.163][1405] SELECT c_asigna FROM dace004 WHERE exp_e='12-25933115' AND c_asigna='300113' AND status IN ('0','3','B') [1][0] OK
C:[27/05/2013 09:56:40.33][172.17.118.163][1392] SELECT pre_cod_asig1,pre_cod_asig2,pre_cod_asig3,pre_cod_asig4,pre_cod_asig5,pre_cod_asig6,pre_cod_asig7 FROM tblaca009 WHERE pensum='5' AND c_uni_ca='6' AND c_asigna='300101' [1][0] OK
C:[27/05/2013 09:56:40.33][172.17.118.163][1392] SELECT pre_cod_asig1,pre_cod_asig2,pre_cod_asig3,pre_cod_asig4,pre_cod_asig5,pre_cod_asig6,pre_cod_asig7 FROM tblaca009 WHERE pensum='5' AND c_uni_ca='6' AND c_asigna='300112' [1][0] OK
C:[27/05/2013 09:56:41.33][172.17.118.163][1436] SELECT par_cod_asig1,par_cod_asig2,par_cod_asig3 FROM tblaca009 WHERE pensum='5' AND c_uni_ca='6' AND c_asigna='300226' [1][0] OK
C:[27/05/2013 09:56:41.33][172.17.118.163][1436] SELECT par_cod_asig1,par_cod_asig2,par_cod_asig3 FROM tblaca009 WHERE pensum='5' AND c_uni_ca='6' AND c_asigna='340327' [1][0] OK
C:[27/05/2013 09:56:41.33][172.17.118.163][1436] SELECT par_cod_asig1,par_cod_asig2,par_cod_asig3 FROM tblaca009 WHERE pensum='5' AND c_uni_ca='6' AND c_asigna='300101' [1][0] OK
C:[27/05/2013 09:56:41.33][172.17.118.163][1436] SELECT par_cod_asig1,par_cod_asig2,par_cod_asig3 FROM tblaca009 WHERE pensum='5' AND c_uni_ca='6' AND c_asigna='300112' [1][0] OK
C:[27/05/2013 09:56:41.85][172.17.118.163][1566] SELECT horas_lab FROM tblaca008 WHERE c_asigna='300226' AND horas_teoricas > 0 [1][0] OK
C:[27/05/2013 09:56:41.96][172.17.118.163][1600] SELECT sum(u_creditos*1) FROM dace006 a, tblaca009 b WHERE a.exp_e='12-25933115' AND a.lapso='2013-1' AND b.pensum='5' AND b.c_uni_ca='6' AND status IN ('7','A','2') AND a.c_asigna=b.c_asigna  [1][0] OK
C:[27/05/2013 09:56:41.34][172.17.118.163][1619] SELECT sum(u_creditos*1) FROM dace006 a, tblaca009 b WHERE a.exp_e='12-25933115' AND a.lapso='2013-1' AND b.pensum='5' AND b.c_uni_ca='6' AND status IN ('7','A','2') AND a.c_asigna=b.c_asigna AND a.c_asigna IN ('340327','300101','300112') [1][0] OK
C:[27/05/2013 09:56:41.26][172.17.118.163][1635] SELECT MAX(semestre) FROM dace006 a, tblaca009 b WHERE a.exp_e='12-25933115' AND a.lapso='2013-1' AND b.pensum='5' AND b.c_uni_ca='6' AND status IN ('7','A','2') AND a.c_asigna=b.c_asigna  [1][0] OK
C:[27/05/2013 09:56:41.20][172.17.118.163][1655] SELECT MIN(semestre) FROM dace006 a, tblaca009 b WHERE a.exp_e='12-25933115' AND a.lapso='2013-1' AND b.pensum='5' AND b.c_uni_ca='6' AND status IN ('7','A','2') AND a.c_asigna=b.c_asigna AND a.c_asigna IN ('300226') [1][0] OK
C:[27/05/2013 09:59:04.93][172.17.118.163][1392] SELECT pre_cod_asig1,pre_cod_asig2,pre_cod_asig3,pre_cod_asig4,pre_cod_asig5,pre_cod_asig6,pre_cod_asig7 FROM tblaca009 WHERE pensum='5' AND c_uni_ca='3' AND c_asigna='300226' [1][0] OK
C:[27/05/2013 09:59:04.93][172.17.118.163][1405] SELECT c_asigna FROM dace004 WHERE exp_e='12-22813050' AND c_asigna='300116' AND status IN ('0','3','B') [1][0] OK
C:[27/05/2013 09:59:04.93][172.17.118.163][1392] SELECT pre_cod_asig1,pre_cod_asig2,pre_cod_asig3,pre_cod_asig4,pre_cod_asig5,pre_cod_asig6,pre_cod_asig7 FROM tblaca009 WHERE pensum='5' AND c_uni_ca='3' AND c_asigna='300314' [1][0] OK
C:[27/05/2013 09:59:04.93][172.17.118.163][1405] SELECT c_asigna FROM dace004 WHERE exp_e='12-22813050' AND c_asigna='300106' AND status IN ('0','3','B') [1][0] OK
C:[27/05/2013 09:59:04.93][172.17.118.163][1392] SELECT pre_cod_asig1,pre_cod_asig2,pre_cod_asig3,pre_cod_asig4,pre_cod_asig5,pre_cod_asig6,pre_cod_asig7 FROM tblaca009 WHERE pensum='5' AND c_uni_ca='3' AND c_asigna='300101' [1][0] OK
C:[27/05/2013 09:59:04.93][172.17.118.163][1392] SELECT pre_cod_asig1,pre_cod_asig2,pre_cod_asig3,pre_cod_asig4,pre_cod_asig5,pre_cod_asig6,pre_cod_asig7 FROM tblaca009 WHERE pensum='5' AND c_uni_ca='3' AND c_asigna='300112' [1][0] OK
C:[27/05/2013 09:59:04.93][172.17.118.163][1392] SELECT pre_cod_asig1,pre_cod_asig2,pre_cod_asig3,pre_cod_asig4,pre_cod_asig5,pre_cod_asig6,pre_cod_asig7 FROM tblaca009 WHERE pensum='5' AND c_uni_ca='3' AND c_asigna='300113' [1][0] OK
C:[27/05/2013 09:59:05.36][172.17.118.163][1436] SELECT par_cod_asig1,par_cod_asig2,par_cod_asig3 FROM tblaca009 WHERE pensum='5' AND c_uni_ca='3' AND c_asigna='300226' [1][0] OK
C:[27/05/2013 09:59:05.36][172.17.118.163][1436] SELECT par_cod_asig1,par_cod_asig2,par_cod_asig3 FROM tblaca009 WHERE pensum='5' AND c_uni_ca='3' AND c_asigna='300314' [1][0] OK
C:[27/05/2013 09:59:05.36][172.17.118.163][1436] SELECT par_cod_asig1,par_cod_asig2,par_cod_asig3 FROM tblaca009 WHERE pensum='5' AND c_uni_ca='3' AND c_asigna='300101' [1][0] OK
C:[27/05/2013 09:59:05.36][172.17.118.163][1436] SELECT par_cod_asig1,par_cod_asig2,par_cod_asig3 FROM tblaca009 WHERE pensum='5' AND c_uni_ca='3' AND c_asigna='300112' [1][0] OK
C:[27/05/2013 09:59:05.36][172.17.118.163][1436] SELECT par_cod_asig1,par_cod_asig2,par_cod_asig3 FROM tblaca009 WHERE pensum='5' AND c_uni_ca='3' AND c_asigna='300113' [1][0] OK
C:[27/05/2013 09:59:05.36][172.17.118.163][1450] SELECT c_asigna FROM dace004 WHERE exp_e='12-22813050' AND c_asigna='300013' AND status IN ('0','3','B','C') [1][0] OK
C:[27/05/2013 09:59:05.14][172.17.118.163][1566] SELECT horas_lab FROM tblaca008 WHERE c_asigna='300226' AND horas_teoricas > 0 [1][0] OK
C:[27/05/2013 09:59:05.24][172.17.118.163][1600] SELECT sum(u_creditos*1) FROM dace006 a, tblaca009 b WHERE a.exp_e='12-22813050' AND a.lapso='2013-1' AND b.pensum='5' AND b.c_uni_ca='3' AND status IN ('7','A','2') AND a.c_asigna=b.c_asigna  [1][0] OK
C:[27/05/2013 09:59:05.18][172.17.118.163][1619] SELECT sum(u_creditos*1) FROM dace006 a, tblaca009 b WHERE a.exp_e='12-22813050' AND a.lapso='2013-1' AND b.pensum='5' AND b.c_uni_ca='3' AND status IN ('7','A','2') AND a.c_asigna=b.c_asigna AND a.c_asigna IN ('300314','300101','300112','300113') [1][0] OK
C:[27/05/2013 09:59:05.11][172.17.118.163][1635] SELECT MAX(semestre) FROM dace006 a, tblaca009 b WHERE a.exp_e='12-22813050' AND a.lapso='2013-1' AND b.pensum='5' AND b.c_uni_ca='3' AND status IN ('7','A','2') AND a.c_asigna=b.c_asigna  [1][0] OK
C:[27/05/2013 09:59:05.06][172.17.118.163][1655] SELECT MIN(semestre) FROM dace006 a, tblaca009 b WHERE a.exp_e='12-22813050' AND a.lapso='2013-1' AND b.pensum='5' AND b.c_uni_ca='3' AND status IN ('7','A','2') AND a.c_asigna=b.c_asigna AND a.c_asigna IN ('300226') [1][0] OK
C:[27/05/2013 11:06:40.94][201.249.146.61][1392] SELECT pre_cod_asig1,pre_cod_asig2,pre_cod_asig3,pre_cod_asig4,pre_cod_asig5,pre_cod_asig6,pre_cod_asig7 FROM tblaca009 WHERE pensum='5' AND c_uni_ca='5' AND c_asigna='351451' [1][0] OK
C:[27/05/2013 11:06:40.94][201.249.146.61][1405] SELECT c_asigna FROM dace004 WHERE exp_e='11-21250530' AND c_asigna='351330' AND status IN ('0','3','B') [1][0] OK
C:[27/05/2013 11:06:40.94][201.249.146.61][1405] SELECT c_asigna FROM dace004 WHERE exp_e='11-21250530' AND c_asigna='355350' AND status IN ('0','3','B') [1][0] OK
C:[27/05/2013 11:06:40.94][201.249.146.61][1405] SELECT c_asigna FROM dace004 WHERE exp_e='11-21250530' AND c_asigna='300318' AND status IN ('0','3','B') [1][0] OK
C:[27/05/2013 11:06:40.94][201.249.146.61][1405] SELECT c_asigna FROM dace004 WHERE exp_e='11-21250530' AND c_asigna='300209' AND status IN ('0','3','B') [1][0] OK
C:[27/05/2013 11:06:40.94][201.249.146.61][1405] SELECT c_asigna FROM dace004 WHERE exp_e='11-21250530' AND c_asigna='300222' AND status IN ('0','3','B') [1][0] OK
C:[27/05/2013 11:06:40.94][201.249.146.61][1392] SELECT pre_cod_asig1,pre_cod_asig2,pre_cod_asig3,pre_cod_asig4,pre_cod_asig5,pre_cod_asig6,pre_cod_asig7 FROM tblaca009 WHERE pensum='5' AND c_uni_ca='5' AND c_asigna='300422' [1][0] OK
C:[27/05/2013 11:06:40.94][201.249.146.61][1405] SELECT c_asigna FROM dace004 WHERE exp_e='11-21250530' AND c_asigna='300105' AND status IN ('0','3','B') [1][0] OK
C:[27/05/2013 11:06:40.94][201.249.146.61][1405] SELECT c_asigna FROM dace004 WHERE exp_e='11-21250530' AND c_asigna='300314' AND status IN ('0','3','B') [1][0] OK
C:[27/05/2013 11:06:40.94][201.249.146.61][1392] SELECT pre_cod_asig1,pre_cod_asig2,pre_cod_asig3,pre_cod_asig4,pre_cod_asig5,pre_cod_asig6,pre_cod_asig7 FROM tblaca009 WHERE pensum='5' AND c_uni_ca='5' AND c_asigna='300428' [1][0] OK
C:[27/05/2013 11:06:40.94][201.249.146.61][1405] SELECT c_asigna FROM dace004 WHERE exp_e='11-21250530' AND c_asigna='300317' AND status IN ('0','3','B') [1][0] OK
C:[27/05/2013 11:06:40.94][201.249.146.61][1405] SELECT c_asigna FROM dace004 WHERE exp_e='11-21250530' AND c_asigna='300209' AND status IN ('0','3','B') [1][0] OK
C:[27/05/2013 11:06:40.94][201.249.146.61][1392] SELECT pre_cod_asig1,pre_cod_asig2,pre_cod_asig3,pre_cod_asig4,pre_cod_asig5,pre_cod_asig6,pre_cod_asig7 FROM tblaca009 WHERE pensum='5' AND c_uni_ca='5' AND c_asigna='355447' [1][0] OK
C:[27/05/2013 11:06:40.94][201.249.146.61][1405] SELECT c_asigna FROM dace004 WHERE exp_e='11-21250530' AND c_asigna='351330' AND status IN ('0','3','B') [1][0] OK
C:[27/05/2013 11:06:40.94][201.249.146.61][1392] SELECT pre_cod_asig1,pre_cod_asig2,pre_cod_asig3,pre_cod_asig4,pre_cod_asig5,pre_cod_asig6,pre_cod_asig7 FROM tblaca009 WHERE pensum='5' AND c_uni_ca='5' AND c_asigna='355448' [1][0] OK
C:[27/05/2013 11:06:40.94][201.249.146.61][1405] SELECT c_asigna FROM dace004 WHERE exp_e='11-21250530' AND c_asigna='300313' AND status IN ('0','3','B') [1][0] OK
C:[27/05/2013 11:06:40.94][201.249.146.61][1405] SELECT c_asigna FROM dace004 WHERE exp_e='11-21250530' AND c_asigna='300209' AND status IN ('0','3','B') [1][0] OK
C:[27/05/2013 11:06:40.94][201.249.146.61][1405] SELECT c_asigna FROM dace004 WHERE exp_e='11-21250530' AND c_asigna='300226' AND status IN ('0','3','B') [1][0] OK
C:[27/05/2013 11:06:40.94][201.249.146.61][1405] SELECT c_asigna FROM dace004 WHERE exp_e='11-21250530' AND c_asigna='300222' AND status IN ('0','3','B') [1][0] OK
C:[27/05/2013 11:06:41.88][201.249.146.61][1436] SELECT par_cod_asig1,par_cod_asig2,par_cod_asig3 FROM tblaca009 WHERE pensum='5' AND c_uni_ca='5' AND c_asigna='351451' [1][0] OK
C:[27/05/2013 11:06:41.88][201.249.146.61][1436] SELECT par_cod_asig1,par_cod_asig2,par_cod_asig3 FROM tblaca009 WHERE pensum='5' AND c_uni_ca='5' AND c_asigna='300422' [1][0] OK
C:[27/05/2013 11:06:41.88][201.249.146.61][1436] SELECT par_cod_asig1,par_cod_asig2,par_cod_asig3 FROM tblaca009 WHERE pensum='5' AND c_uni_ca='5' AND c_asigna='300428' [1][0] OK
C:[27/05/2013 11:06:41.88][201.249.146.61][1436] SELECT par_cod_asig1,par_cod_asig2,par_cod_asig3 FROM tblaca009 WHERE pensum='5' AND c_uni_ca='5' AND c_asigna='355447' [1][0] OK
C:[27/05/2013 11:06:41.88][201.249.146.61][1436] SELECT par_cod_asig1,par_cod_asig2,par_cod_asig3 FROM tblaca009 WHERE pensum='5' AND c_uni_ca='5' AND c_asigna='355448' [1][0] OK
C:[27/05/2013 11:06:41.52][201.249.146.61][1566] SELECT horas_lab FROM tblaca008 WHERE c_asigna='351451' AND horas_teoricas > 0 [1][0] OK
C:[27/05/2013 11:06:41.63][201.249.146.61][1600] SELECT sum(u_creditos*1) FROM dace006 a, tblaca009 b WHERE a.exp_e='11-21250530' AND a.lapso='2013-1' AND b.pensum='5' AND b.c_uni_ca='5' AND status IN ('7','A','2') AND a.c_asigna=b.c_asigna  [1][0] OK
C:[27/05/2013 11:06:41.13][201.249.146.61][1619] SELECT sum(u_creditos*1) FROM dace006 a, tblaca009 b WHERE a.exp_e='11-21250530' AND a.lapso='2013-1' AND b.pensum='5' AND b.c_uni_ca='5' AND status IN ('7','A','2') AND a.c_asigna=b.c_asigna AND a.c_asigna IN ('300422','300428','355447','355448') [1][0] OK
C:[27/05/2013 11:06:41.07][201.249.146.61][1635] SELECT MAX(semestre) FROM dace006 a, tblaca009 b WHERE a.exp_e='11-21250530' AND a.lapso='2013-1' AND b.pensum='5' AND b.c_uni_ca='5' AND status IN ('7','A','2') AND a.c_asigna=b.c_asigna  [1][0] OK
C:[27/05/2013 11:06:42.01][201.249.146.61][1655] SELECT MIN(semestre) FROM dace006 a, tblaca009 b WHERE a.exp_e='11-21250530' AND a.lapso='2013-1' AND b.pensum='5' AND b.c_uni_ca='5' AND status IN ('7','A','2') AND a.c_asigna=b.c_asigna AND a.c_asigna IN ('351451') [1][0] OK
C:[27/05/2013 11:20:04.65][200.84.73.31][1392] SELECT pre_cod_asig1,pre_cod_asig2,pre_cod_asig3,pre_cod_asig4,pre_cod_asig5,pre_cod_asig6,pre_cod_asig7 FROM tblaca009 WHERE pensum='5' AND c_uni_ca='5' AND c_asigna='355691' [1][0] OK
C:[27/05/2013 11:20:04.65][200.84.73.31][1405] SELECT c_asigna FROM dace004 WHERE exp_e='09-20703221' AND c_asigna='355571' AND status IN ('0','3','B') [1][0] OK
C:[27/05/2013 11:20:04.65][200.84.73.31][1392] SELECT pre_cod_asig1,pre_cod_asig2,pre_cod_asig3,pre_cod_asig4,pre_cod_asig5,pre_cod_asig6,pre_cod_asig7 FROM tblaca009 WHERE pensum='5' AND c_uni_ca='5' AND c_asigna='355570' [1][0] OK
C:[27/05/2013 11:20:04.65][200.84.73.31][1405] SELECT c_asigna FROM dace004 WHERE exp_e='09-20703221' AND c_asigna='355447' AND status IN ('0','3','B') [1][0] OK
C:[27/05/2013 11:20:04.65][200.84.73.31][1392] SELECT pre_cod_asig1,pre_cod_asig2,pre_cod_asig3,pre_cod_asig4,pre_cod_asig5,pre_cod_asig6,pre_cod_asig7 FROM tblaca009 WHERE pensum='5' AND c_uni_ca='5' AND c_asigna='355693' [1][0] OK
C:[27/05/2013 11:20:04.65][200.84.73.31][1405] SELECT c_asigna FROM dace004 WHERE exp_e='09-20703221' AND c_asigna='355572' AND status IN ('0','3','B') [1][0] OK
C:[27/05/2013 11:20:04.65][200.84.73.31][1405] SELECT c_asigna FROM dace004 WHERE exp_e='09-20703221' AND c_asigna='352440' AND status IN ('0','3','B') [1][0] OK
C:[27/05/2013 11:20:04.65][200.84.73.31][1405] SELECT c_asigna FROM dace004 WHERE exp_e='09-20703221' AND c_asigna='355573' AND status IN ('0','3','B') [1][0] OK
C:[27/05/2013 11:20:04.65][200.84.73.31][1405] SELECT c_asigna FROM dace004 WHERE exp_e='09-20703221' AND c_asigna='300226' AND status IN ('0','3','B') [1][0] OK
C:[27/05/2013 11:20:04.65][200.84.73.31][1405] SELECT c_asigna FROM dace004 WHERE exp_e='09-20703221' AND c_asigna='300222' AND status IN ('0','3','B') [1][0] OK
C:[27/05/2013 11:20:04.65][200.84.73.31][1405] SELECT c_asigna FROM dace004 WHERE exp_e='09-20703221' AND c_asigna='300013' AND status IN ('0','3','B') [1][0] OK
C:[27/05/2013 11:20:04.65][200.84.73.31][1405] SELECT c_asigna FROM dace004 WHERE exp_e='09-20703221' AND c_asigna='300113' AND status IN ('0','3','B') [1][0] OK
C:[27/05/2013 11:20:04.65][200.84.73.31][1392] SELECT pre_cod_asig1,pre_cod_asig2,pre_cod_asig3,pre_cod_asig4,pre_cod_asig5,pre_cod_asig6,pre_cod_asig7 FROM tblaca009 WHERE pensum='5' AND c_uni_ca='5' AND c_asigna='355694' [1][0] OK
C:[27/05/2013 11:20:04.65][200.84.73.31][1405] SELECT c_asigna FROM dace004 WHERE exp_e='09-20703221' AND c_asigna='355572' AND status IN ('0','3','B') [1][0] OK
C:[27/05/2013 11:20:04.65][200.84.73.31][1405] SELECT c_asigna FROM dace004 WHERE exp_e='09-20703221' AND c_asigna='355571' AND status IN ('0','3','B') [1][0] OK
C:[27/05/2013 11:20:05.52][200.84.73.31][1436] SELECT par_cod_asig1,par_cod_asig2,par_cod_asig3 FROM tblaca009 WHERE pensum='5' AND c_uni_ca='5' AND c_asigna='355691' [1][0] OK
C:[27/05/2013 11:20:05.52][200.84.73.31][1436] SELECT par_cod_asig1,par_cod_asig2,par_cod_asig3 FROM tblaca009 WHERE pensum='5' AND c_uni_ca='5' AND c_asigna='355570' [1][0] OK
C:[27/05/2013 11:20:05.52][200.84.73.31][1436] SELECT par_cod_asig1,par_cod_asig2,par_cod_asig3 FROM tblaca009 WHERE pensum='5' AND c_uni_ca='5' AND c_asigna='355693' [1][0] OK
C:[27/05/2013 11:20:05.52][200.84.73.31][1436] SELECT par_cod_asig1,par_cod_asig2,par_cod_asig3 FROM tblaca009 WHERE pensum='5' AND c_uni_ca='5' AND c_asigna='355694' [1][0] OK
C:[27/05/2013 11:20:05.06][200.84.73.31][1566] SELECT horas_lab FROM tblaca008 WHERE c_asigna='355691' AND horas_teoricas > 0 [1][0] OK
C:[27/05/2013 11:20:05.15][200.84.73.31][1600] SELECT sum(u_creditos*1) FROM dace006 a, tblaca009 b WHERE a.exp_e='09-20703221' AND a.lapso='2013-1' AND b.pensum='5' AND b.c_uni_ca='5' AND status IN ('7','A','2') AND a.c_asigna=b.c_asigna  [1][0] OK
C:[27/05/2013 11:20:05.34][200.84.73.31][1619] SELECT sum(u_creditos*1) FROM dace006 a, tblaca009 b WHERE a.exp_e='09-20703221' AND a.lapso='2013-1' AND b.pensum='5' AND b.c_uni_ca='5' AND status IN ('7','A','2') AND a.c_asigna=b.c_asigna AND a.c_asigna IN ('355570','355693','355694') [1][0] OK
C:[27/05/2013 11:20:05.96][200.84.73.31][1635] SELECT MAX(semestre) FROM dace006 a, tblaca009 b WHERE a.exp_e='09-20703221' AND a.lapso='2013-1' AND b.pensum='5' AND b.c_uni_ca='5' AND status IN ('7','A','2') AND a.c_asigna=b.c_asigna  [1][0] OK
C:[27/05/2013 11:20:05.48][200.84.73.31][1655] SELECT MIN(semestre) FROM dace006 a, tblaca009 b WHERE a.exp_e='09-20703221' AND a.lapso='2013-1' AND b.pensum='5' AND b.c_uni_ca='5' AND status IN ('7','A','2') AND a.c_asigna=b.c_asigna AND a.c_asigna IN ('355691') [1][0] OK
C:[27/05/2013 11:36:30.11][190.201.171.199][1392] SELECT pre_cod_asig1,pre_cod_asig2,pre_cod_asig3,pre_cod_asig4,pre_cod_asig5,pre_cod_asig6,pre_cod_asig7 FROM tblaca009 WHERE pensum='5' AND c_uni_ca='5' AND c_asigna='351330' [1][0] OK
C:[27/05/2013 11:36:30.11][190.201.171.199][1405] SELECT c_asigna FROM dace004 WHERE exp_e='11-24559199' AND c_asigna='300218' AND status IN ('0','3','B') [1][0] OK
C:[27/05/2013 11:36:30.11][190.201.171.199][1392] SELECT pre_cod_asig1,pre_cod_asig2,pre_cod_asig3,pre_cod_asig4,pre_cod_asig5,pre_cod_asig6,pre_cod_asig7 FROM tblaca009 WHERE pensum='5' AND c_uni_ca='5' AND c_asigna='300317' [1][0] OK
C:[27/05/2013 11:36:30.11][190.201.171.199][1405] SELECT c_asigna FROM dace004 WHERE exp_e='11-24559199' AND c_asigna='300207' AND status IN ('0','3','B') [1][0] OK
C:[27/05/2013 11:36:30.11][190.201.171.199][1405] SELECT c_asigna FROM dace004 WHERE exp_e='11-24559199' AND c_asigna='300209' AND status IN ('0','3','B') [1][0] OK
C:[27/05/2013 11:36:30.11][190.201.171.199][1392] SELECT pre_cod_asig1,pre_cod_asig2,pre_cod_asig3,pre_cod_asig4,pre_cod_asig5,pre_cod_asig6,pre_cod_asig7 FROM tblaca009 WHERE pensum='5' AND c_uni_ca='5' AND c_asigna='300318' [1][0] OK
C:[27/05/2013 11:36:30.11][190.201.171.199][1405] SELECT c_asigna FROM dace004 WHERE exp_e='11-24559199' AND c_asigna='300228' AND status IN ('0','3','B') [1][0] OK
C:[27/05/2013 11:36:30.11][190.201.171.199][1405] SELECT c_asigna FROM dace004 WHERE exp_e='11-24559199' AND c_asigna='300207' AND status IN ('0','3','B') [1][0] OK
C:[27/05/2013 11:36:30.11][190.201.171.199][1405] SELECT c_asigna FROM dace004 WHERE exp_e='11-24559199' AND c_asigna='300218' AND status IN ('0','3','B') [1][0] OK
C:[27/05/2013 11:36:30.11][190.201.171.199][1392] SELECT pre_cod_asig1,pre_cod_asig2,pre_cod_asig3,pre_cod_asig4,pre_cod_asig5,pre_cod_asig6,pre_cod_asig7 FROM tblaca009 WHERE pensum='5' AND c_uni_ca='5' AND c_asigna='355350' [1][0] OK
C:[27/05/2013 11:36:30.11][190.201.171.199][1405] SELECT c_asigna FROM dace004 WHERE exp_e='11-24559199' AND c_asigna='300207' AND status IN ('0','3','B') [1][0] OK
C:[27/05/2013 11:36:30.11][190.201.171.199][1405] SELECT c_asigna FROM dace004 WHERE exp_e='11-24559199' AND c_asigna='300228' AND status IN ('0','3','B') [1][0] OK
C:[27/05/2013 11:36:31.86][190.201.171.199][1436] SELECT par_cod_asig1,par_cod_asig2,par_cod_asig3 FROM tblaca009 WHERE pensum='5' AND c_uni_ca='5' AND c_asigna='351330' [1][0] OK
C:[27/05/2013 11:36:31.86][190.201.171.199][1450] SELECT c_asigna FROM dace004 WHERE exp_e='11-24559199' AND c_asigna='300318' AND status IN ('0','3','B','C') [0][0] OK
C:[27/05/2013 11:36:31.86][190.201.171.199][1450] SELECT c_asigna FROM dace004 WHERE exp_e='11-24559199' AND c_asigna='300317' AND status IN ('0','3','B','C') [0][0] OK
C:[27/05/2013 11:36:31.86][190.201.171.199][1436] SELECT par_cod_asig1,par_cod_asig2,par_cod_asig3 FROM tblaca009 WHERE pensum='5' AND c_uni_ca='5' AND c_asigna='300317' [1][0] OK
C:[27/05/2013 11:36:31.86][190.201.171.199][1436] SELECT par_cod_asig1,par_cod_asig2,par_cod_asig3 FROM tblaca009 WHERE pensum='5' AND c_uni_ca='5' AND c_asigna='300318' [1][0] OK
C:[27/05/2013 11:36:31.86][190.201.171.199][1436] SELECT par_cod_asig1,par_cod_asig2,par_cod_asig3 FROM tblaca009 WHERE pensum='5' AND c_uni_ca='5' AND c_asigna='355350' [1][0] OK
C:[27/05/2013 11:36:31.17][190.201.171.199][1566] SELECT horas_lab FROM tblaca008 WHERE c_asigna='351330' AND horas_teoricas > 0 [1][0] OK
C:[27/05/2013 11:36:31.29][190.201.171.199][1600] SELECT sum(u_creditos*1) FROM dace006 a, tblaca009 b WHERE a.exp_e='11-24559199' AND a.lapso='2013-1' AND b.pensum='5' AND b.c_uni_ca='5' AND status IN ('7','A','2') AND a.c_asigna=b.c_asigna  [1][0] OK
C:[27/05/2013 11:36:31.04][190.201.171.199][1619] SELECT sum(u_creditos*1) FROM dace006 a, tblaca009 b WHERE a.exp_e='11-24559199' AND a.lapso='2013-1' AND b.pensum='5' AND b.c_uni_ca='5' AND status IN ('7','A','2') AND a.c_asigna=b.c_asigna AND a.c_asigna IN ('300317','300318','355350') [1][0] OK
C:[27/05/2013 11:36:31.23][190.201.171.199][1635] SELECT MAX(semestre) FROM dace006 a, tblaca009 b WHERE a.exp_e='11-24559199' AND a.lapso='2013-1' AND b.pensum='5' AND b.c_uni_ca='5' AND status IN ('7','A','2') AND a.c_asigna=b.c_asigna  [1][0] OK
C:[27/05/2013 11:36:31.54][190.201.171.199][1655] SELECT MIN(semestre) FROM dace006 a, tblaca009 b WHERE a.exp_e='11-24559199' AND a.lapso='2013-1' AND b.pensum='5' AND b.c_uni_ca='5' AND status IN ('7','A','2') AND a.c_asigna=b.c_asigna AND a.c_asigna IN ('351330') [1][0] OK
C:[27/05/2013 12:07:29.08][190.94.232.126][1392] SELECT pre_cod_asig1,pre_cod_asig2,pre_cod_asig3,pre_cod_asig4,pre_cod_asig5,pre_cod_asig6,pre_cod_asig7 FROM tblaca009 WHERE pensum='5' AND c_uni_ca='2' AND c_asigna='322449' [1][0] OK
C:[27/05/2013 12:07:29.08][190.94.232.126][1405] SELECT c_asigna FROM dace004 WHERE exp_e='12-21111853' AND c_asigna='300222' AND status IN ('0','3','B') [1][0] OK
C:[27/05/2013 12:07:29.08][190.94.232.126][1392] SELECT pre_cod_asig1,pre_cod_asig2,pre_cod_asig3,pre_cod_asig4,pre_cod_asig5,pre_cod_asig6,pre_cod_asig7 FROM tblaca009 WHERE pensum='5' AND c_uni_ca='2' AND c_asigna='300116' [1][0] OK
C:[27/05/2013 12:07:29.08][190.94.232.126][1392] SELECT pre_cod_asig1,pre_cod_asig2,pre_cod_asig3,pre_cod_asig4,pre_cod_asig5,pre_cod_asig6,pre_cod_asig7 FROM tblaca009 WHERE pensum='5' AND c_uni_ca='2' AND c_asigna='300207' [1][0] OK
C:[27/05/2013 12:07:29.08][190.94.232.126][1405] SELECT c_asigna FROM dace004 WHERE exp_e='12-21111853' AND c_asigna='300101' AND status IN ('0','3','B') [1][0] OK
C:[27/05/2013 12:07:29.08][190.94.232.126][1392] SELECT pre_cod_asig1,pre_cod_asig2,pre_cod_asig3,pre_cod_asig4,pre_cod_asig5,pre_cod_asig6,pre_cod_asig7 FROM tblaca009 WHERE pensum='5' AND c_uni_ca='2' AND c_asigna='300314' [1][0] OK
C:[27/05/2013 12:07:29.08][190.94.232.126][1405] SELECT c_asigna FROM dace004 WHERE exp_e='12-21111853' AND c_asigna='300106' AND status IN ('0','3','B') [1][0] OK
C:[27/05/2013 12:07:29.08][190.94.232.126][1392] SELECT pre_cod_asig1,pre_cod_asig2,pre_cod_asig3,pre_cod_asig4,pre_cod_asig5,pre_cod_asig6,pre_cod_asig7 FROM tblaca009 WHERE pensum='5' AND c_uni_ca='2' AND c_asigna='320311' [1][0] OK
C:[27/05/2013 12:07:29.08][190.94.232.126][1405] SELECT c_asigna FROM dace004 WHERE exp_e='12-21111853' AND c_asigna='300013' AND status IN ('0','3','B') [1][0] OK
C:[27/05/2013 12:07:29.08][190.94.232.126][1405] SELECT c_asigna FROM dace004 WHERE exp_e='12-21111853' AND c_asigna='300113' AND status IN ('0','3','B') [1][0] OK
C:[27/05/2013 12:07:29.08][190.94.232.126][1392] SELECT pre_cod_asig1,pre_cod_asig2,pre_cod_asig3,pre_cod_asig4,pre_cod_asig5,pre_cod_asig6,pre_cod_asig7 FROM tblaca009 WHERE pensum='5' AND c_uni_ca='2' AND c_asigna='320323' [1][0] OK
C:[27/05/2013 12:07:29.08][190.94.232.126][1405] SELECT c_asigna FROM dace004 WHERE exp_e='12-21111853' AND c_asigna='300228' AND status IN ('0','3','B') [1][0] OK
C:[27/05/2013 12:07:29.08][190.94.232.126][1405] SELECT c_asigna FROM dace004 WHERE exp_e='12-21111853' AND c_asigna='300218' AND status IN ('0','3','B') [1][0] OK
C:[27/05/2013 12:07:30.71][190.94.232.126][1436] SELECT par_cod_asig1,par_cod_asig2,par_cod_asig3 FROM tblaca009 WHERE pensum='5' AND c_uni_ca='2' AND c_asigna='322449' [1][0] OK
C:[27/05/2013 12:07:30.71][190.94.232.126][1436] SELECT par_cod_asig1,par_cod_asig2,par_cod_asig3 FROM tblaca009 WHERE pensum='5' AND c_uni_ca='2' AND c_asigna='300116' [1][0] OK
C:[27/05/2013 12:07:30.71][190.94.232.126][1436] SELECT par_cod_asig1,par_cod_asig2,par_cod_asig3 FROM tblaca009 WHERE pensum='5' AND c_uni_ca='2' AND c_asigna='300207' [1][0] OK
C:[27/05/2013 12:07:30.71][190.94.232.126][1436] SELECT par_cod_asig1,par_cod_asig2,par_cod_asig3 FROM tblaca009 WHERE pensum='5' AND c_uni_ca='2' AND c_asigna='300314' [1][0] OK
C:[27/05/2013 12:07:30.71][190.94.232.126][1436] SELECT par_cod_asig1,par_cod_asig2,par_cod_asig3 FROM tblaca009 WHERE pensum='5' AND c_uni_ca='2' AND c_asigna='320311' [1][0] OK
C:[27/05/2013 12:07:30.71][190.94.232.126][1436] SELECT par_cod_asig1,par_cod_asig2,par_cod_asig3 FROM tblaca009 WHERE pensum='5' AND c_uni_ca='2' AND c_asigna='320323' [1][0] OK
C:[27/05/2013 12:07:30.49][190.94.232.126][1566] SELECT horas_lab FROM tblaca008 WHERE c_asigna='322449' AND horas_teoricas > 0 [1][0] OK
C:[27/05/2013 12:07:30.58][190.94.232.126][1600] SELECT sum(u_creditos*1) FROM dace006 a, tblaca009 b WHERE a.exp_e='12-21111853' AND a.lapso='2013-1' AND b.pensum='5' AND b.c_uni_ca='2' AND status IN ('7','A','2') AND a.c_asigna=b.c_asigna  [1][0] OK
C:[27/05/2013 12:07:30.63][190.94.232.126][1619] SELECT sum(u_creditos*1) FROM dace006 a, tblaca009 b WHERE a.exp_e='12-21111853' AND a.lapso='2013-1' AND b.pensum='5' AND b.c_uni_ca='2' AND status IN ('7','A','2') AND a.c_asigna=b.c_asigna AND a.c_asigna IN ('300116','300207','300314','320311','320323') [1][0] OK
C:[27/05/2013 12:07:30.71][190.94.232.126][1635] SELECT MAX(semestre) FROM dace006 a, tblaca009 b WHERE a.exp_e='12-21111853' AND a.lapso='2013-1' AND b.pensum='5' AND b.c_uni_ca='2' AND status IN ('7','A','2') AND a.c_asigna=b.c_asigna  [1][0] OK
C:[27/05/2013 12:07:30.93][190.94.232.126][1655] SELECT MIN(semestre) FROM dace006 a, tblaca009 b WHERE a.exp_e='12-21111853' AND a.lapso='2013-1' AND b.pensum='5' AND b.c_uni_ca='2' AND status IN ('7','A','2') AND a.c_asigna=b.c_asigna AND a.c_asigna IN ('322449') [1][0] OK
C:[27/05/2013 12:54:31.49][200.109.223.164][1392] SELECT pre_cod_asig1,pre_cod_asig2,pre_cod_asig3,pre_cod_asig4,pre_cod_asig5,pre_cod_asig6,pre_cod_asig7 FROM tblaca009 WHERE pensum='5' AND c_uni_ca='6' AND c_asigna='344687' [1][0] OK
C:[27/05/2013 12:54:31.49][200.109.223.164][1405] SELECT c_asigna FROM dace004 WHERE exp_e='11-18452135' AND c_asigna='344565' AND status IN ('0','3','B') [1][0] OK
C:[27/05/2013 12:54:31.49][200.109.223.164][1392] SELECT pre_cod_asig1,pre_cod_asig2,pre_cod_asig3,pre_cod_asig4,pre_cod_asig5,pre_cod_asig6,pre_cod_asig7 FROM tblaca009 WHERE pensum='5' AND c_uni_ca='6' AND c_asigna='342559' [1][0] OK
C:[27/05/2013 12:54:31.49][200.109.223.164][1405] SELECT c_asigna FROM dace004 WHERE exp_e='11-18452135' AND c_asigna='342436' AND status IN ('0','3','B') [1][0] OK
C:[27/05/2013 12:54:31.49][200.109.223.164][1392] SELECT pre_cod_asig1,pre_cod_asig2,pre_cod_asig3,pre_cod_asig4,pre_cod_asig5,pre_cod_asig6,pre_cod_asig7 FROM tblaca009 WHERE pensum='5' AND c_uni_ca='6' AND c_asigna='342567' [1][0] OK
C:[27/05/2013 12:54:31.49][200.109.223.164][1405] SELECT c_asigna FROM dace004 WHERE exp_e='11-18452135' AND c_asigna='342444' AND status IN ('0','3','B') [1][0] OK
C:[27/05/2013 12:54:31.49][200.109.223.164][1392] SELECT pre_cod_asig1,pre_cod_asig2,pre_cod_asig3,pre_cod_asig4,pre_cod_asig5,pre_cod_asig6,pre_cod_asig7 FROM tblaca009 WHERE pensum='5' AND c_uni_ca='6' AND c_asigna='344566' [1][0] OK
C:[27/05/2013 12:54:31.49][200.109.223.164][1405] SELECT c_asigna FROM dace004 WHERE exp_e='11-18452135' AND c_asigna='344446' AND status IN ('0','3','B') [1][0] OK
C:[27/05/2013 12:54:31.49][200.109.223.164][1405] SELECT c_asigna FROM dace004 WHERE exp_e='11-18452135' AND c_asigna='300428' AND status IN ('0','3','B') [1][0] OK
C:[27/05/2013 12:54:31.49][200.109.223.164][1405] SELECT c_asigna FROM dace004 WHERE exp_e='11-18452135' AND c_asigna='300209' AND status IN ('0','3','B') [1][0] OK
C:[27/05/2013 12:54:31.49][200.109.223.164][1405] SELECT c_asigna FROM dace004 WHERE exp_e='11-18452135' AND c_asigna='300222' AND status IN ('0','3','B') [1][0] OK
C:[27/05/2013 12:54:31.49][200.109.223.164][1405] SELECT c_asigna FROM dace004 WHERE exp_e='11-18452135' AND c_asigna='300226' AND status IN ('0','3','B') [1][0] OK
C:[27/05/2013 12:54:31.49][200.109.223.164][1405] SELECT c_asigna FROM dace004 WHERE exp_e='11-18452135' AND c_asigna='300317' AND status IN ('0','3','B') [1][0] OK
C:[27/05/2013 12:54:31.49][200.109.223.164][1405] SELECT c_asigna FROM dace004 WHERE exp_e='11-18452135' AND c_asigna='300313' AND status IN ('0','3','B') [1][0] OK
C:[27/05/2013 12:54:31.49][200.109.223.164][1392] SELECT pre_cod_asig1,pre_cod_asig2,pre_cod_asig3,pre_cod_asig4,pre_cod_asig5,pre_cod_asig6,pre_cod_asig7 FROM tblaca009 WHERE pensum='5' AND c_uni_ca='6' AND c_asigna='300676' [1][0] OK
C:[27/05/2013 12:54:32.36][200.109.223.164][1436] SELECT par_cod_asig1,par_cod_asig2,par_cod_asig3 FROM tblaca009 WHERE pensum='5' AND c_uni_ca='6' AND c_asigna='344687' [1][0] OK
C:[27/05/2013 12:54:32.36][200.109.223.164][1436] SELECT par_cod_asig1,par_cod_asig2,par_cod_asig3 FROM tblaca009 WHERE pensum='5' AND c_uni_ca='6' AND c_asigna='342559' [1][0] OK
C:[27/05/2013 12:54:32.36][200.109.223.164][1436] SELECT par_cod_asig1,par_cod_asig2,par_cod_asig3 FROM tblaca009 WHERE pensum='5' AND c_uni_ca='6' AND c_asigna='342567' [1][0] OK
C:[27/05/2013 12:54:32.36][200.109.223.164][1436] SELECT par_cod_asig1,par_cod_asig2,par_cod_asig3 FROM tblaca009 WHERE pensum='5' AND c_uni_ca='6' AND c_asigna='344566' [1][0] OK
C:[27/05/2013 12:54:32.36][200.109.223.164][1436] SELECT par_cod_asig1,par_cod_asig2,par_cod_asig3 FROM tblaca009 WHERE pensum='5' AND c_uni_ca='6' AND c_asigna='300676' [1][0] OK
C:[27/05/2013 12:54:32.00][200.109.223.164][1566] SELECT horas_lab FROM tblaca008 WHERE c_asigna='344687' AND horas_teoricas > 0 [1][0] OK
C:[27/05/2013 12:54:32.11][200.109.223.164][1600] SELECT sum(u_creditos*1) FROM dace006 a, tblaca009 b WHERE a.exp_e='11-18452135' AND a.lapso='2013-1' AND b.pensum='5' AND b.c_uni_ca='6' AND status IN ('7','A','2') AND a.c_asigna=b.c_asigna  [1][0] OK
C:[27/05/2013 12:54:32.05][200.109.223.164][1619] SELECT sum(u_creditos*1) FROM dace006 a, tblaca009 b WHERE a.exp_e='11-18452135' AND a.lapso='2013-1' AND b.pensum='5' AND b.c_uni_ca='6' AND status IN ('7','A','2') AND a.c_asigna=b.c_asigna AND a.c_asigna IN ('342559','342567','344566','300676') [1][0] OK
C:[27/05/2013 12:54:32.99][200.109.223.164][1635] SELECT MAX(semestre) FROM dace006 a, tblaca009 b WHERE a.exp_e='11-18452135' AND a.lapso='2013-1' AND b.pensum='5' AND b.c_uni_ca='6' AND status IN ('7','A','2') AND a.c_asigna=b.c_asigna  [1][0] OK
C:[27/05/2013 12:54:32.92][200.109.223.164][1655] SELECT MIN(semestre) FROM dace006 a, tblaca009 b WHERE a.exp_e='11-18452135' AND a.lapso='2013-1' AND b.pensum='5' AND b.c_uni_ca='6' AND status IN ('7','A','2') AND a.c_asigna=b.c_asigna AND a.c_asigna IN ('344687') [1][0] OK
C:[27/05/2013 13:09:14.71][190.201.15.37][1392] SELECT pre_cod_asig1,pre_cod_asig2,pre_cod_asig3,pre_cod_asig4,pre_cod_asig5,pre_cod_asig6,pre_cod_asig7 FROM tblaca009 WHERE pensum='5' AND c_uni_ca='6' AND c_asigna='300112' [1][0] OK
C:[27/05/2013 13:09:14.71][190.201.15.37][1392] SELECT pre_cod_asig1,pre_cod_asig2,pre_cod_asig3,pre_cod_asig4,pre_cod_asig5,pre_cod_asig6,pre_cod_asig7 FROM tblaca009 WHERE pensum='5' AND c_uni_ca='6' AND c_asigna='300013' [1][0] OK
C:[27/05/2013 13:09:14.71][190.201.15.37][1392] SELECT pre_cod_asig1,pre_cod_asig2,pre_cod_asig3,pre_cod_asig4,pre_cod_asig5,pre_cod_asig6,pre_cod_asig7 FROM tblaca009 WHERE pensum='5' AND c_uni_ca='6' AND c_asigna='300101' [1][0] OK
C:[27/05/2013 13:09:14.09][190.201.15.37][1436] SELECT par_cod_asig1,par_cod_asig2,par_cod_asig3 FROM tblaca009 WHERE pensum='5' AND c_uni_ca='6' AND c_asigna='300112' [1][0] OK
C:[27/05/2013 13:09:14.09][190.201.15.37][1436] SELECT par_cod_asig1,par_cod_asig2,par_cod_asig3 FROM tblaca009 WHERE pensum='5' AND c_uni_ca='6' AND c_asigna='300013' [1][0] OK
C:[27/05/2013 13:09:14.09][190.201.15.37][1436] SELECT par_cod_asig1,par_cod_asig2,par_cod_asig3 FROM tblaca009 WHERE pensum='5' AND c_uni_ca='6' AND c_asigna='300101' [1][0] OK
C:[27/05/2013 13:09:14.48][190.201.15.37][1566] SELECT horas_lab FROM tblaca008 WHERE c_asigna='300112' AND horas_teoricas > 0 [1][0] OK
C:[27/05/2013 13:09:14.59][190.201.15.37][1600] SELECT sum(u_creditos*1) FROM dace006 a, tblaca009 b WHERE a.exp_e='12-24559712' AND a.lapso='2013-1' AND b.pensum='5' AND b.c_uni_ca='6' AND status IN ('7','A','2') AND a.c_asigna=b.c_asigna  [1][0] OK
C:[27/05/2013 13:09:14.54][190.201.15.37][1619] SELECT sum(u_creditos*1) FROM dace006 a, tblaca009 b WHERE a.exp_e='12-24559712' AND a.lapso='2013-1' AND b.pensum='5' AND b.c_uni_ca='6' AND status IN ('7','A','2') AND a.c_asigna=b.c_asigna AND a.c_asigna IN ('300013','300101') [1][0] OK
C:[27/05/2013 13:09:14.90][190.201.15.37][1635] SELECT MAX(semestre) FROM dace006 a, tblaca009 b WHERE a.exp_e='12-24559712' AND a.lapso='2013-1' AND b.pensum='5' AND b.c_uni_ca='6' AND status IN ('7','A','2') AND a.c_asigna=b.c_asigna  [1][0] OK
C:[27/05/2013 13:09:14.84][190.201.15.37][1655] SELECT MIN(semestre) FROM dace006 a, tblaca009 b WHERE a.exp_e='12-24559712' AND a.lapso='2013-1' AND b.pensum='5' AND b.c_uni_ca='6' AND status IN ('7','A','2') AND a.c_asigna=b.c_asigna AND a.c_asigna IN ('300112') [1][0] OK
C:[27/05/2013 13:23:48.38][190.207.47.7][1392] SELECT pre_cod_asig1,pre_cod_asig2,pre_cod_asig3,pre_cod_asig4,pre_cod_asig5,pre_cod_asig6,pre_cod_asig7 FROM tblaca009 WHERE pensum='5' AND c_uni_ca='6' AND c_asigna='300101' [1][0] OK
C:[27/05/2013 13:23:48.50][190.207.47.7][1436] SELECT par_cod_asig1,par_cod_asig2,par_cod_asig3 FROM tblaca009 WHERE pensum='5' AND c_uni_ca='6' AND c_asigna='300101' [1][0] OK
C:[27/05/2013 13:23:48.65][190.207.47.7][1600] SELECT sum(u_creditos*1) FROM dace006 a, tblaca009 b WHERE a.exp_e='11-23501286' AND a.lapso='2013-1' AND b.pensum='5' AND b.c_uni_ca='6' AND status IN ('7','A','2') AND a.c_asigna=b.c_asigna  [1][0] OK
C:[27/05/2013 13:23:48.57][190.207.47.7][1619] SELECT sum(u_creditos*1) FROM dace006 a, tblaca009 b WHERE a.exp_e='11-23501286' AND a.lapso='2013-1' AND b.pensum='5' AND b.c_uni_ca='6' AND status IN ('7','A','2') AND a.c_asigna=b.c_asigna AND a.c_asigna IN ('300101') [1][0] OK
C:[27/05/2013 13:23:48.94][190.207.47.7][1635] SELECT MAX(semestre) FROM dace006 a, tblaca009 b WHERE a.exp_e='11-23501286' AND a.lapso='2013-1' AND b.pensum='5' AND b.c_uni_ca='6' AND status IN ('7','A','2') AND a.c_asigna=b.c_asigna  [1][0] OK
C:[27/05/2013 13:30:34.82][190.201.171.199][1392] SELECT pre_cod_asig1,pre_cod_asig2,pre_cod_asig3,pre_cod_asig4,pre_cod_asig5,pre_cod_asig6,pre_cod_asig7 FROM tblaca009 WHERE pensum='5' AND c_uni_ca='2' AND c_asigna='300318' [1][0] OK
C:[27/05/2013 13:30:34.82][190.201.171.199][1405] SELECT c_asigna FROM dace004 WHERE exp_e='10-23590838' AND c_asigna='300228' AND status IN ('0','3','B') [1][0] OK
C:[27/05/2013 13:30:34.82][190.201.171.199][1405] SELECT c_asigna FROM dace004 WHERE exp_e='10-23590838' AND c_asigna='300207' AND status IN ('0','3','B') [1][0] OK
C:[27/05/2013 13:30:34.82][190.201.171.199][1405] SELECT c_asigna FROM dace004 WHERE exp_e='10-23590838' AND c_asigna='300218' AND status IN ('0','3','B') [1][0] OK
C:[27/05/2013 13:30:34.82][190.201.171.199][1392] SELECT pre_cod_asig1,pre_cod_asig2,pre_cod_asig3,pre_cod_asig4,pre_cod_asig5,pre_cod_asig6,pre_cod_asig7 FROM tblaca009 WHERE pensum='5' AND c_uni_ca='2' AND c_asigna='300313' [1][0] OK
C:[27/05/2013 13:30:34.82][190.201.171.199][1405] SELECT c_asigna FROM dace004 WHERE exp_e='10-23590838' AND c_asigna='300213' AND status IN ('0','3','B') [1][0] OK
C:[27/05/2013 13:30:34.82][190.201.171.199][1405] SELECT c_asigna FROM dace004 WHERE exp_e='10-23590838' AND c_asigna='300226' AND status IN ('0','3','B') [1][0] OK
C:[27/05/2013 13:30:34.82][190.201.171.199][1405] SELECT c_asigna FROM dace004 WHERE exp_e='10-23590838' AND c_asigna='300209' AND status IN ('0','3','B') [1][0] OK
C:[27/05/2013 13:30:34.82][190.201.171.199][1392] SELECT pre_cod_asig1,pre_cod_asig2,pre_cod_asig3,pre_cod_asig4,pre_cod_asig5,pre_cod_asig6,pre_cod_asig7 FROM tblaca009 WHERE pensum='5' AND c_uni_ca='2' AND c_asigna='320323' [1][0] OK
C:[27/05/2013 13:30:34.82][190.201.171.199][1405] SELECT c_asigna FROM dace004 WHERE exp_e='10-23590838' AND c_asigna='300228' AND status IN ('0','3','B') [1][0] OK
C:[27/05/2013 13:30:34.82][190.201.171.199][1405] SELECT c_asigna FROM dace004 WHERE exp_e='10-23590838' AND c_asigna='300218' AND status IN ('0','3','B') [1][0] OK
C:[27/05/2013 13:30:34.82][190.201.171.199][1392] SELECT pre_cod_asig1,pre_cod_asig2,pre_cod_asig3,pre_cod_asig4,pre_cod_asig5,pre_cod_asig6,pre_cod_asig7 FROM tblaca009 WHERE pensum='5' AND c_uni_ca='2' AND c_asigna='300428' [1][0] OK
C:[27/05/2013 13:30:34.82][190.201.171.199][1405] SELECT c_asigna FROM dace004 WHERE exp_e='10-23590838' AND c_asigna='300317' AND status IN ('0','3','B') [1][0] OK
C:[27/05/2013 13:30:34.82][190.201.171.199][1405] SELECT c_asigna FROM dace004 WHERE exp_e='10-23590838' AND c_asigna='300209' AND status IN ('0','3','B') [1][0] OK
C:[27/05/2013 13:30:34.57][190.201.171.199][1436] SELECT par_cod_asig1,par_cod_asig2,par_cod_asig3 FROM tblaca009 WHERE pensum='5' AND c_uni_ca='2' AND c_asigna='300318' [1][0] OK
C:[27/05/2013 13:30:34.57][190.201.171.199][1436] SELECT par_cod_asig1,par_cod_asig2,par_cod_asig3 FROM tblaca009 WHERE pensum='5' AND c_uni_ca='2' AND c_asigna='300313' [1][0] OK
C:[27/05/2013 13:30:34.57][190.201.171.199][1436] SELECT par_cod_asig1,par_cod_asig2,par_cod_asig3 FROM tblaca009 WHERE pensum='5' AND c_uni_ca='2' AND c_asigna='320323' [1][0] OK
C:[27/05/2013 13:30:34.57][190.201.171.199][1436] SELECT par_cod_asig1,par_cod_asig2,par_cod_asig3 FROM tblaca009 WHERE pensum='5' AND c_uni_ca='2' AND c_asigna='300428' [1][0] OK
C:[27/05/2013 13:30:35.08][190.201.171.199][1566] SELECT horas_lab FROM tblaca008 WHERE c_asigna='300318' AND horas_teoricas > 0 [1][0] OK
C:[27/05/2013 13:30:35.20][190.201.171.199][1600] SELECT sum(u_creditos*1) FROM dace006 a, tblaca009 b WHERE a.exp_e='10-23590838' AND a.lapso='2013-1' AND b.pensum='5' AND b.c_uni_ca='2' AND status IN ('7','A','2') AND a.c_asigna=b.c_asigna  [1][0] OK
C:[27/05/2013 13:30:35.57][190.201.171.199][1619] SELECT sum(u_creditos*1) FROM dace006 a, tblaca009 b WHERE a.exp_e='10-23590838' AND a.lapso='2013-1' AND b.pensum='5' AND b.c_uni_ca='2' AND status IN ('7','A','2') AND a.c_asigna=b.c_asigna AND a.c_asigna IN ('300313','320323','300428') [1][0] OK
C:[27/05/2013 13:30:35.95][190.201.171.199][1635] SELECT MAX(semestre) FROM dace006 a, tblaca009 b WHERE a.exp_e='10-23590838' AND a.lapso='2013-1' AND b.pensum='5' AND b.c_uni_ca='2' AND status IN ('7','A','2') AND a.c_asigna=b.c_asigna  [1][0] OK
C:[27/05/2013 13:30:35.88][190.201.171.199][1655] SELECT MIN(semestre) FROM dace006 a, tblaca009 b WHERE a.exp_e='10-23590838' AND a.lapso='2013-1' AND b.pensum='5' AND b.c_uni_ca='2' AND status IN ('7','A','2') AND a.c_asigna=b.c_asigna AND a.c_asigna IN ('300318') [1][0] OK
C:[27/05/2013 14:14:00.11][190.201.171.199][1392] SELECT pre_cod_asig1,pre_cod_asig2,pre_cod_asig3,pre_cod_asig4,pre_cod_asig5,pre_cod_asig6,pre_cod_asig7 FROM tblaca009 WHERE pensum='5' AND c_uni_ca='3' AND c_asigna='300317' [1][0] OK
C:[27/05/2013 14:14:00.11][190.201.171.199][1405] SELECT c_asigna FROM dace004 WHERE exp_e='11-23500278' AND c_asigna='300207' AND status IN ('0','3','B') [1][0] OK
C:[27/05/2013 14:14:00.11][190.201.171.199][1405] SELECT c_asigna FROM dace004 WHERE exp_e='11-23500278' AND c_asigna='300209' AND status IN ('0','3','B') [1][0] OK
C:[27/05/2013 14:14:00.11][190.201.171.199][1392] SELECT pre_cod_asig1,pre_cod_asig2,pre_cod_asig3,pre_cod_asig4,pre_cod_asig5,pre_cod_asig6,pre_cod_asig7 FROM tblaca009 WHERE pensum='5' AND c_uni_ca='3' AND c_asigna='300313' [1][0] OK
C:[27/05/2013 14:14:00.11][190.201.171.199][1405] SELECT c_asigna FROM dace004 WHERE exp_e='11-23500278' AND c_asigna='300213' AND status IN ('0','3','B') [1][0] OK
C:[27/05/2013 14:14:00.11][190.201.171.199][1405] SELECT c_asigna FROM dace004 WHERE exp_e='11-23500278' AND c_asigna='300226' AND status IN ('0','3','B') [1][0] OK
C:[27/05/2013 14:14:00.11][190.201.171.199][1405] SELECT c_asigna FROM dace004 WHERE exp_e='11-23500278' AND c_asigna='300222' AND status IN ('0','3','B') [1][0] OK
C:[27/05/2013 14:14:00.11][190.201.171.199][1405] SELECT c_asigna FROM dace004 WHERE exp_e='11-23500278' AND c_asigna='300209' AND status IN ('0','3','B') [1][0] OK
C:[27/05/2013 14:14:00.11][190.201.171.199][1392] SELECT pre_cod_asig1,pre_cod_asig2,pre_cod_asig3,pre_cod_asig4,pre_cod_asig5,pre_cod_asig6,pre_cod_asig7 FROM tblaca009 WHERE pensum='5' AND c_uni_ca='3' AND c_asigna='300318' [1][0] OK
C:[27/05/2013 14:14:00.11][190.201.171.199][1405] SELECT c_asigna FROM dace004 WHERE exp_e='11-23500278' AND c_asigna='300228' AND status IN ('0','3','B') [1][0] OK
C:[27/05/2013 14:14:00.11][190.201.171.199][1405] SELECT c_asigna FROM dace004 WHERE exp_e='11-23500278' AND c_asigna='300207' AND status IN ('0','3','B') [1][0] OK
C:[27/05/2013 14:14:00.11][190.201.171.199][1405] SELECT c_asigna FROM dace004 WHERE exp_e='11-23500278' AND c_asigna='300218' AND status IN ('0','3','B') [1][0] OK
C:[27/05/2013 14:14:00.11][190.201.171.199][1392] SELECT pre_cod_asig1,pre_cod_asig2,pre_cod_asig3,pre_cod_asig4,pre_cod_asig5,pre_cod_asig6,pre_cod_asig7 FROM tblaca009 WHERE pensum='5' AND c_uni_ca='3' AND c_asigna='311320' [1][0] OK
C:[27/05/2013 14:14:00.11][190.201.171.199][1405] SELECT c_asigna FROM dace004 WHERE exp_e='11-23500278' AND c_asigna='300013' AND status IN ('0','3','B') [1][0] OK
C:[27/05/2013 14:14:00.11][190.201.171.199][1405] SELECT c_asigna FROM dace004 WHERE exp_e='11-23500278' AND c_asigna='300113' AND status IN ('0','3','B') [1][0] OK
C:[27/05/2013 14:14:00.11][190.201.171.199][1392] SELECT pre_cod_asig1,pre_cod_asig2,pre_cod_asig3,pre_cod_asig4,pre_cod_asig5,pre_cod_asig6,pre_cod_asig7 FROM tblaca009 WHERE pensum='5' AND c_uni_ca='3' AND c_asigna='312333' [1][0] OK
C:[27/05/2013 14:14:00.11][190.201.171.199][1405] SELECT c_asigna FROM dace004 WHERE exp_e='11-23500278' AND c_asigna='300228' AND status IN ('0','3','B') [1][0] OK
C:[27/05/2013 14:14:01.24][190.201.171.199][1436] SELECT par_cod_asig1,par_cod_asig2,par_cod_asig3 FROM tblaca009 WHERE pensum='5' AND c_uni_ca='3' AND c_asigna='300317' [1][0] OK
C:[27/05/2013 14:14:01.24][190.201.171.199][1436] SELECT par_cod_asig1,par_cod_asig2,par_cod_asig3 FROM tblaca009 WHERE pensum='5' AND c_uni_ca='3' AND c_asigna='300313' [1][0] OK
C:[27/05/2013 14:14:01.24][190.201.171.199][1436] SELECT par_cod_asig1,par_cod_asig2,par_cod_asig3 FROM tblaca009 WHERE pensum='5' AND c_uni_ca='3' AND c_asigna='300318' [1][0] OK
C:[27/05/2013 14:14:01.24][190.201.171.199][1436] SELECT par_cod_asig1,par_cod_asig2,par_cod_asig3 FROM tblaca009 WHERE pensum='5' AND c_uni_ca='3' AND c_asigna='311320' [1][0] OK
C:[27/05/2013 14:14:01.24][190.201.171.199][1436] SELECT par_cod_asig1,par_cod_asig2,par_cod_asig3 FROM tblaca009 WHERE pensum='5' AND c_uni_ca='3' AND c_asigna='312333' [1][0] OK
C:[27/05/2013 14:14:01.88][190.201.171.199][1566] SELECT horas_lab FROM tblaca008 WHERE c_asigna='300317' AND horas_teoricas > 0 [1][0] OK
C:[27/05/2013 14:14:01.99][190.201.171.199][1600] SELECT sum(u_creditos*1) FROM dace006 a, tblaca009 b WHERE a.exp_e='11-23500278' AND a.lapso='2013-1' AND b.pensum='5' AND b.c_uni_ca='3' AND status IN ('7','A','2') AND a.c_asigna=b.c_asigna  [1][0] OK
C:[27/05/2013 14:14:01.93][190.201.171.199][1619] SELECT sum(u_creditos*1) FROM dace006 a, tblaca009 b WHERE a.exp_e='11-23500278' AND a.lapso='2013-1' AND b.pensum='5' AND b.c_uni_ca='3' AND status IN ('7','A','2') AND a.c_asigna=b.c_asigna AND a.c_asigna IN ('300313','300318','311320','312333') [1][0] OK
C:[27/05/2013 14:14:01.87][190.201.171.199][1635] SELECT MAX(semestre) FROM dace006 a, tblaca009 b WHERE a.exp_e='11-23500278' AND a.lapso='2013-1' AND b.pensum='5' AND b.c_uni_ca='3' AND status IN ('7','A','2') AND a.c_asigna=b.c_asigna  [1][0] OK
C:[27/05/2013 14:14:01.81][190.201.171.199][1655] SELECT MIN(semestre) FROM dace006 a, tblaca009 b WHERE a.exp_e='11-23500278' AND a.lapso='2013-1' AND b.pensum='5' AND b.c_uni_ca='3' AND status IN ('7','A','2') AND a.c_asigna=b.c_asigna AND a.c_asigna IN ('300317') [1][0] OK
C:[27/05/2013 17:40:20.38][200.84.69.120][1392] SELECT pre_cod_asig1,pre_cod_asig2,pre_cod_asig3,pre_cod_asig4,pre_cod_asig5,pre_cod_asig6,pre_cod_asig7 FROM tblaca009 WHERE pensum='5' AND c_uni_ca='3' AND c_asigna='311822' [1][0] OK
C:[27/05/2013 17:40:20.38][200.84.69.120][1405] SELECT c_asigna FROM dace004 WHERE exp_e='02-11820740' AND c_asigna='311795' AND status IN ('0','3','B') [1][0] OK
C:[27/05/2013 17:40:20.38][200.84.69.120][1392] SELECT pre_cod_asig1,pre_cod_asig2,pre_cod_asig3,pre_cod_asig4,pre_cod_asig5,pre_cod_asig6,pre_cod_asig7 FROM tblaca009 WHERE pensum='5' AND c_uni_ca='3' AND c_asigna='300422' [1][0] OK
C:[27/05/2013 17:40:20.38][200.84.69.120][1405] SELECT c_asigna FROM dace004 WHERE exp_e='02-11820740' AND c_asigna='300105' AND status IN ('0','3','B') [1][0] OK
C:[27/05/2013 17:40:20.38][200.84.69.120][1405] SELECT c_asigna FROM dace004 WHERE exp_e='02-11820740' AND c_asigna='300314' AND status IN ('0','3','B') [1][0] OK
C:[27/05/2013 17:40:20.38][200.84.69.120][1392] SELECT pre_cod_asig1,pre_cod_asig2,pre_cod_asig3,pre_cod_asig4,pre_cod_asig5,pre_cod_asig6,pre_cod_asig7 FROM tblaca009 WHERE pensum='5' AND c_uni_ca='3' AND c_asigna='311823' [1][0] OK
C:[27/05/2013 17:40:20.38][200.84.69.120][1405] SELECT c_asigna FROM dace004 WHERE exp_e='02-11820740' AND c_asigna='311795' AND status IN ('0','3','B') [1][0] OK
C:[27/05/2013 17:40:20.38][200.84.69.120][1392] SELECT pre_cod_asig1,pre_cod_asig2,pre_cod_asig3,pre_cod_asig4,pre_cod_asig5,pre_cod_asig6,pre_cod_asig7 FROM tblaca009 WHERE pensum='5' AND c_uni_ca='3' AND c_asigna='311825' [1][0] OK
C:[27/05/2013 17:40:20.38][200.84.69.120][1405] SELECT c_asigna FROM dace004 WHERE exp_e='02-11820740' AND c_asigna='311775' AND status IN ('0','3','B') [1][0] OK
C:[27/05/2013 17:40:20.38][200.84.69.120][1405] SELECT c_asigna FROM dace004 WHERE exp_e='02-11820740' AND c_asigna='311795' AND status IN ('0','3','B') [1][0] OK
C:[27/05/2013 17:40:20.62][200.84.69.120][1436] SELECT par_cod_asig1,par_cod_asig2,par_cod_asig3 FROM tblaca009 WHERE pensum='5' AND c_uni_ca='3' AND c_asigna='311822' [1][0] OK
C:[27/05/2013 17:40:20.62][200.84.69.120][1436] SELECT par_cod_asig1,par_cod_asig2,par_cod_asig3 FROM tblaca009 WHERE pensum='5' AND c_uni_ca='3' AND c_asigna='300422' [1][0] OK
C:[27/05/2013 17:40:20.62][200.84.69.120][1436] SELECT par_cod_asig1,par_cod_asig2,par_cod_asig3 FROM tblaca009 WHERE pensum='5' AND c_uni_ca='3' AND c_asigna='311823' [1][0] OK
C:[27/05/2013 17:40:20.62][200.84.69.120][1436] SELECT par_cod_asig1,par_cod_asig2,par_cod_asig3 FROM tblaca009 WHERE pensum='5' AND c_uni_ca='3' AND c_asigna='311825' [1][0] OK
C:[27/05/2013 17:40:20.14][200.84.69.120][1566] SELECT horas_lab FROM tblaca008 WHERE c_asigna='311822' AND horas_teoricas > 0 [1][0] OK
C:[27/05/2013 17:40:20.25][200.84.69.120][1600] SELECT sum(u_creditos*1) FROM dace006 a, tblaca009 b WHERE a.exp_e='02-11820740' AND a.lapso='2013-1' AND b.pensum='5' AND b.c_uni_ca='3' AND status IN ('7','A','2') AND a.c_asigna=b.c_asigna  [1][0] OK
C:[27/05/2013 17:40:20.19][200.84.69.120][1619] SELECT sum(u_creditos*1) FROM dace006 a, tblaca009 b WHERE a.exp_e='02-11820740' AND a.lapso='2013-1' AND b.pensum='5' AND b.c_uni_ca='3' AND status IN ('7','A','2') AND a.c_asigna=b.c_asigna AND a.c_asigna IN ('300422','311823','311825') [1][0] OK
C:[27/05/2013 17:40:20.56][200.84.69.120][1635] SELECT MAX(semestre) FROM dace006 a, tblaca009 b WHERE a.exp_e='02-11820740' AND a.lapso='2013-1' AND b.pensum='5' AND b.c_uni_ca='3' AND status IN ('7','A','2') AND a.c_asigna=b.c_asigna  [1][0] OK
C:[27/05/2013 17:40:20.94][200.84.69.120][1655] SELECT MIN(semestre) FROM dace006 a, tblaca009 b WHERE a.exp_e='02-11820740' AND a.lapso='2013-1' AND b.pensum='5' AND b.c_uni_ca='3' AND status IN ('7','A','2') AND a.c_asigna=b.c_asigna AND a.c_asigna IN ('311822') [1][0] OK
C:[27/05/2013 22:02:23.19][190.200.8.179][1392] SELECT pre_cod_asig1,pre_cod_asig2,pre_cod_asig3,pre_cod_asig4,pre_cod_asig5,pre_cod_asig6,pre_cod_asig7 FROM tblaca009 WHERE pensum='5' AND c_uni_ca='2' AND c_asigna='322782' [1][0] OK
C:[27/05/2013 22:02:23.19][190.200.8.179][1405] SELECT c_asigna FROM dace004 WHERE exp_e='07-12285471' AND c_asigna='322669' AND status IN ('0','3','B') [1][0] OK
C:[27/05/2013 22:02:23.19][190.200.8.179][1405] SELECT c_asigna FROM dace004 WHERE exp_e='07-12285471' AND c_asigna='322550' AND status IN ('0','3','B') [1][0] OK
C:[27/05/2013 22:02:23.19][190.200.8.179][1392] SELECT pre_cod_asig1,pre_cod_asig2,pre_cod_asig3,pre_cod_asig4,pre_cod_asig5,pre_cod_asig6,pre_cod_asig7 FROM tblaca009 WHERE pensum='5' AND c_uni_ca='2' AND c_asigna='322702' [1][0] OK
C:[27/05/2013 22:02:23.19][190.200.8.179][1405] SELECT c_asigna FROM dace004 WHERE exp_e='07-12285471' AND c_asigna='322683' AND status IN ('0','3','B') [1][0] OK
C:[27/05/2013 22:02:23.19][190.200.8.179][1405] SELECT c_asigna FROM dace004 WHERE exp_e='07-12285471' AND c_asigna='300313' AND status IN ('0','3','B') [1][0] OK
C:[27/05/2013 22:02:23.19][190.200.8.179][1392] SELECT pre_cod_asig1,pre_cod_asig2,pre_cod_asig3,pre_cod_asig4,pre_cod_asig5,pre_cod_asig6,pre_cod_asig7 FROM tblaca009 WHERE pensum='5' AND c_uni_ca='2' AND c_asigna='322703' [1][0] OK
C:[27/05/2013 22:02:23.19][190.200.8.179][1405] SELECT c_asigna FROM dace004 WHERE exp_e='07-12285471' AND c_asigna='322669' AND status IN ('0','3','B') [1][0] OK
C:[27/05/2013 22:02:23.19][190.200.8.179][1392] SELECT pre_cod_asig1,pre_cod_asig2,pre_cod_asig3,pre_cod_asig4,pre_cod_asig5,pre_cod_asig6,pre_cod_asig7 FROM tblaca009 WHERE pensum='5' AND c_uni_ca='2' AND c_asigna='322728' [1][0] OK
C:[27/05/2013 22:02:23.19][190.200.8.179][1405] SELECT c_asigna FROM dace004 WHERE exp_e='07-12285471' AND c_asigna='311561' AND status IN ('0','3','B') [1][0] OK
C:[27/05/2013 22:02:23.19][190.200.8.179][1405] SELECT c_asigna FROM dace004 WHERE exp_e='07-12285471' AND c_asigna='322681' AND status IN ('0','3','B') [1][0] OK
C:[27/05/2013 22:02:24.70][190.200.8.179][1436] SELECT par_cod_asig1,par_cod_asig2,par_cod_asig3 FROM tblaca009 WHERE pensum='5' AND c_uni_ca='2' AND c_asigna='322782' [1][0] OK
C:[27/05/2013 22:02:24.70][190.200.8.179][1436] SELECT par_cod_asig1,par_cod_asig2,par_cod_asig3 FROM tblaca009 WHERE pensum='5' AND c_uni_ca='2' AND c_asigna='322702' [1][0] OK
C:[27/05/2013 22:02:24.70][190.200.8.179][1436] SELECT par_cod_asig1,par_cod_asig2,par_cod_asig3 FROM tblaca009 WHERE pensum='5' AND c_uni_ca='2' AND c_asigna='322703' [1][0] OK
C:[27/05/2013 22:02:24.70][190.200.8.179][1436] SELECT par_cod_asig1,par_cod_asig2,par_cod_asig3 FROM tblaca009 WHERE pensum='5' AND c_uni_ca='2' AND c_asigna='322728' [1][0] OK
C:[27/05/2013 22:02:24.20][190.200.8.179][1566] SELECT horas_lab FROM tblaca008 WHERE c_asigna='322782' AND horas_teoricas > 0 [1][0] OK
C:[27/05/2013 22:02:24.31][190.200.8.179][1600] SELECT sum(u_creditos*1) FROM dace006 a, tblaca009 b WHERE a.exp_e='07-12285471' AND a.lapso='2013-1' AND b.pensum='5' AND b.c_uni_ca='2' AND status IN ('7','A','2') AND a.c_asigna=b.c_asigna  [1][0] OK
C:[27/05/2013 22:02:24.25][190.200.8.179][1619] SELECT sum(u_creditos*1) FROM dace006 a, tblaca009 b WHERE a.exp_e='07-12285471' AND a.lapso='2013-1' AND b.pensum='5' AND b.c_uni_ca='2' AND status IN ('7','A','2') AND a.c_asigna=b.c_asigna AND a.c_asigna IN ('322702','322703','322728') [1][0] OK
C:[27/05/2013 22:02:24.63][190.200.8.179][1635] SELECT MAX(semestre) FROM dace006 a, tblaca009 b WHERE a.exp_e='07-12285471' AND a.lapso='2013-1' AND b.pensum='5' AND b.c_uni_ca='2' AND status IN ('7','A','2') AND a.c_asigna=b.c_asigna  [1][0] OK
C:[27/05/2013 22:02:24.57][190.200.8.179][1655] SELECT MIN(semestre) FROM dace006 a, tblaca009 b WHERE a.exp_e='07-12285471' AND a.lapso='2013-1' AND b.pensum='5' AND b.c_uni_ca='2' AND status IN ('7','A','2') AND a.c_asigna=b.c_asigna AND a.c_asigna IN ('322782') [1][0] OK
C:[27/05/2013 22:06:33.24][186.88.160.58][1392] SELECT pre_cod_asig1,pre_cod_asig2,pre_cod_asig3,pre_cod_asig4,pre_cod_asig5,pre_cod_asig6,pre_cod_asig7 FROM tblaca009 WHERE pensum='5' AND c_uni_ca='2' AND c_asigna='300422' [1][0] OK
C:[27/05/2013 22:06:33.24][186.88.160.58][1405] SELECT c_asigna FROM dace004 WHERE exp_e='09-20841089' AND c_asigna='300105' AND status IN ('0','3','B') [1][0] OK
C:[27/05/2013 22:06:33.24][186.88.160.58][1405] SELECT c_asigna FROM dace004 WHERE exp_e='09-20841089' AND c_asigna='300314' AND status IN ('0','3','B') [1][0] OK
C:[27/05/2013 22:06:33.24][186.88.160.58][1392] SELECT pre_cod_asig1,pre_cod_asig2,pre_cod_asig3,pre_cod_asig4,pre_cod_asig5,pre_cod_asig6,pre_cod_asig7 FROM tblaca009 WHERE pensum='5' AND c_uni_ca='2' AND c_asigna='322436' [1][0] OK
C:[27/05/2013 22:06:33.24][186.88.160.58][1405] SELECT c_asigna FROM dace004 WHERE exp_e='09-20841089' AND c_asigna='300317' AND status IN ('0','3','B') [1][0] OK
C:[27/05/2013 22:06:33.24][186.88.160.58][1405] SELECT c_asigna FROM dace004 WHERE exp_e='09-20841089' AND c_asigna='320311' AND status IN ('0','3','B') [1][0] OK
C:[27/05/2013 22:06:33.24][186.88.160.58][1392] SELECT pre_cod_asig1,pre_cod_asig2,pre_cod_asig3,pre_cod_asig4,pre_cod_asig5,pre_cod_asig6,pre_cod_asig7 FROM tblaca009 WHERE pensum='5' AND c_uni_ca='2' AND c_asigna='300313' [1][0] OK
C:[27/05/2013 22:06:33.24][186.88.160.58][1405] SELECT c_asigna FROM dace004 WHERE exp_e='09-20841089' AND c_asigna='300213' AND status IN ('0','3','B') [1][0] OK
C:[27/05/2013 22:06:33.24][186.88.160.58][1405] SELECT c_asigna FROM dace004 WHERE exp_e='09-20841089' AND c_asigna='300226' AND status IN ('0','3','B') [1][0] OK
C:[27/05/2013 22:06:33.24][186.88.160.58][1405] SELECT c_asigna FROM dace004 WHERE exp_e='09-20841089' AND c_asigna='300209' AND status IN ('0','3','B') [1][0] OK
C:[27/05/2013 22:06:33.24][186.88.160.58][1392] SELECT pre_cod_asig1,pre_cod_asig2,pre_cod_asig3,pre_cod_asig4,pre_cod_asig5,pre_cod_asig6,pre_cod_asig7 FROM tblaca009 WHERE pensum='5' AND c_uni_ca='2' AND c_asigna='300428' [1][0] OK
C:[27/05/2013 22:06:33.24][186.88.160.58][1405] SELECT c_asigna FROM dace004 WHERE exp_e='09-20841089' AND c_asigna='300317' AND status IN ('0','3','B') [1][0] OK
C:[27/05/2013 22:06:33.24][186.88.160.58][1405] SELECT c_asigna FROM dace004 WHERE exp_e='09-20841089' AND c_asigna='300209' AND status IN ('0','3','B') [1][0] OK
C:[27/05/2013 22:06:33.44][186.88.160.58][1436] SELECT par_cod_asig1,par_cod_asig2,par_cod_asig3 FROM tblaca009 WHERE pensum='5' AND c_uni_ca='2' AND c_asigna='300422' [1][0] OK
C:[27/05/2013 22:06:33.44][186.88.160.58][1436] SELECT par_cod_asig1,par_cod_asig2,par_cod_asig3 FROM tblaca009 WHERE pensum='5' AND c_uni_ca='2' AND c_asigna='322436' [1][0] OK
C:[27/05/2013 22:06:33.44][186.88.160.58][1436] SELECT par_cod_asig1,par_cod_asig2,par_cod_asig3 FROM tblaca009 WHERE pensum='5' AND c_uni_ca='2' AND c_asigna='300313' [1][0] OK
C:[27/05/2013 22:06:33.44][186.88.160.58][1436] SELECT par_cod_asig1,par_cod_asig2,par_cod_asig3 FROM tblaca009 WHERE pensum='5' AND c_uni_ca='2' AND c_asigna='300428' [1][0] OK
C:[27/05/2013 22:06:34.95][186.88.160.58][1566] SELECT horas_lab FROM tblaca008 WHERE c_asigna='300422' AND horas_teoricas > 0 [0][0] OK
C:[27/05/2013 22:06:34.06][186.88.160.58][1600] SELECT sum(u_creditos*1) FROM dace006 a, tblaca009 b WHERE a.exp_e='09-20841089' AND a.lapso='2013-1' AND b.pensum='5' AND b.c_uni_ca='2' AND status IN ('7','A','2') AND a.c_asigna=b.c_asigna  [1][0] OK
C:[27/05/2013 22:06:34.01][186.88.160.58][1619] SELECT sum(u_creditos*1) FROM dace006 a, tblaca009 b WHERE a.exp_e='09-20841089' AND a.lapso='2013-1' AND b.pensum='5' AND b.c_uni_ca='2' AND status IN ('7','A','2') AND a.c_asigna=b.c_asigna AND a.c_asigna IN ('322436','300313','300428') [1][0] OK
C:[27/05/2013 22:06:34.37][186.88.160.58][1635] SELECT MAX(semestre) FROM dace006 a, tblaca009 b WHERE a.exp_e='09-20841089' AND a.lapso='2013-1' AND b.pensum='5' AND b.c_uni_ca='2' AND status IN ('7','A','2') AND a.c_asigna=b.c_asigna  [1][0] OK
C:[27/05/2013 22:06:34.75][186.88.160.58][1655] SELECT MIN(semestre) FROM dace006 a, tblaca009 b WHERE a.exp_e='09-20841089' AND a.lapso='2013-1' AND b.pensum='5' AND b.c_uni_ca='2' AND status IN ('7','A','2') AND a.c_asigna=b.c_asigna AND a.c_asigna IN ('300422') [1][0] OK
C:[27/05/2013 22:53:14.31][190.121.239.34][1392] SELECT pre_cod_asig1,pre_cod_asig2,pre_cod_asig3,pre_cod_asig4,pre_cod_asig5,pre_cod_asig6,pre_cod_asig7 FROM tblaca009 WHERE pensum='5' AND c_uni_ca='3' AND c_asigna='300013' [1][0] OK
C:[27/05/2013 22:53:14.31][190.121.239.34][1392] SELECT pre_cod_asig1,pre_cod_asig2,pre_cod_asig3,pre_cod_asig4,pre_cod_asig5,pre_cod_asig6,pre_cod_asig7 FROM tblaca009 WHERE pensum='5' AND c_uni_ca='3' AND c_asigna='300101' [1][0] OK
C:[27/05/2013 22:53:14.56][190.121.239.34][1436] SELECT par_cod_asig1,par_cod_asig2,par_cod_asig3 FROM tblaca009 WHERE pensum='5' AND c_uni_ca='3' AND c_asigna='300013' [1][0] OK
C:[27/05/2013 22:53:14.56][190.121.239.34][1436] SELECT par_cod_asig1,par_cod_asig2,par_cod_asig3 FROM tblaca009 WHERE pensum='5' AND c_uni_ca='3' AND c_asigna='300101' [1][0] OK
C:[27/05/2013 22:53:14.82][190.121.239.34][1600] SELECT sum(u_creditos*1) FROM dace006 a, tblaca009 b WHERE a.exp_e='10-20505505' AND a.lapso='2013-1' AND b.pensum='5' AND b.c_uni_ca='3' AND status IN ('7','A','2') AND a.c_asigna=b.c_asigna  [1][0] OK
C:[27/05/2013 22:53:14.75][190.121.239.34][1619] SELECT sum(u_creditos*1) FROM dace006 a, tblaca009 b WHERE a.exp_e='10-20505505' AND a.lapso='2013-1' AND b.pensum='5' AND b.c_uni_ca='3' AND status IN ('7','A','2') AND a.c_asigna=b.c_asigna AND a.c_asigna IN ('300013','300101') [1][0] OK
C:[27/05/2013 22:53:14.13][190.121.239.34][1635] SELECT MAX(semestre) FROM dace006 a, tblaca009 b WHERE a.exp_e='10-20505505' AND a.lapso='2013-1' AND b.pensum='5' AND b.c_uni_ca='3' AND status IN ('7','A','2') AND a.c_asigna=b.c_asigna  [1][0] OK
C:[28/05/2013 05:49:17.00][201.243.110.51][1392] SELECT pre_cod_asig1,pre_cod_asig2,pre_cod_asig3,pre_cod_asig4,pre_cod_asig5,pre_cod_asig6,pre_cod_asig7 FROM tblaca009 WHERE pensum='5' AND c_uni_ca='2' AND c_asigna='300228' [1][0] OK
C:[28/05/2013 05:49:17.00][201.243.110.51][1405] SELECT c_asigna FROM dace004 WHERE exp_e='12-21250728' AND c_asigna='300101' AND status IN ('0','3','B') [1][0] OK
C:[28/05/2013 05:49:17.00][201.243.110.51][1392] SELECT pre_cod_asig1,pre_cod_asig2,pre_cod_asig3,pre_cod_asig4,pre_cod_asig5,pre_cod_asig6,pre_cod_asig7 FROM tblaca009 WHERE pensum='5' AND c_uni_ca='2' AND c_asigna='300207' [1][0] OK
C:[28/05/2013 05:49:17.00][201.243.110.51][1405] SELECT c_asigna FROM dace004 WHERE exp_e='12-21250728' AND c_asigna='300101' AND status IN ('0','3','B') [1][0] OK
C:[28/05/2013 05:49:17.00][201.243.110.51][1392] SELECT pre_cod_asig1,pre_cod_asig2,pre_cod_asig3,pre_cod_asig4,pre_cod_asig5,pre_cod_asig6,pre_cod_asig7 FROM tblaca009 WHERE pensum='5' AND c_uni_ca='2' AND c_asigna='300209' [1][0] OK
C:[28/05/2013 05:49:17.00][201.243.110.51][1405] SELECT c_asigna FROM dace004 WHERE exp_e='12-21250728' AND c_asigna='300101' AND status IN ('0','3','B') [1][0] OK
C:[28/05/2013 05:49:17.00][201.243.110.51][1392] SELECT pre_cod_asig1,pre_cod_asig2,pre_cod_asig3,pre_cod_asig4,pre_cod_asig5,pre_cod_asig6,pre_cod_asig7 FROM tblaca009 WHERE pensum='5' AND c_uni_ca='2' AND c_asigna='300213' [1][0] OK
C:[28/05/2013 05:49:17.00][201.243.110.51][1405] SELECT c_asigna FROM dace004 WHERE exp_e='12-21250728' AND c_asigna='300101' AND status IN ('0','3','B') [1][0] OK
C:[28/05/2013 05:49:17.00][201.243.110.51][1392] SELECT pre_cod_asig1,pre_cod_asig2,pre_cod_asig3,pre_cod_asig4,pre_cod_asig5,pre_cod_asig6,pre_cod_asig7 FROM tblaca009 WHERE pensum='5' AND c_uni_ca='2' AND c_asigna='300226' [1][0] OK
C:[28/05/2013 05:49:17.00][201.243.110.51][1405] SELECT c_asigna FROM dace004 WHERE exp_e='12-21250728' AND c_asigna='300116' AND status IN ('0','3','B') [1][0] OK
C:[28/05/2013 05:49:18.26][201.243.110.51][1436] SELECT par_cod_asig1,par_cod_asig2,par_cod_asig3 FROM tblaca009 WHERE pensum='5' AND c_uni_ca='2' AND c_asigna='300228' [1][0] OK
C:[28/05/2013 05:49:18.26][201.243.110.51][1436] SELECT par_cod_asig1,par_cod_asig2,par_cod_asig3 FROM tblaca009 WHERE pensum='5' AND c_uni_ca='2' AND c_asigna='300207' [1][0] OK
C:[28/05/2013 05:49:18.26][201.243.110.51][1436] SELECT par_cod_asig1,par_cod_asig2,par_cod_asig3 FROM tblaca009 WHERE pensum='5' AND c_uni_ca='2' AND c_asigna='300209' [1][0] OK
C:[28/05/2013 05:49:18.26][201.243.110.51][1436] SELECT par_cod_asig1,par_cod_asig2,par_cod_asig3 FROM tblaca009 WHERE pensum='5' AND c_uni_ca='2' AND c_asigna='300213' [1][0] OK
C:[28/05/2013 05:49:18.26][201.243.110.51][1450] SELECT c_asigna FROM dace004 WHERE exp_e='12-21250728' AND c_asigna='300209' AND status IN ('0','3','B','C') [0][0] OK
C:[28/05/2013 05:49:18.26][201.243.110.51][1436] SELECT par_cod_asig1,par_cod_asig2,par_cod_asig3 FROM tblaca009 WHERE pensum='5' AND c_uni_ca='2' AND c_asigna='300226' [1][0] OK
C:[28/05/2013 05:49:18.02][201.243.110.51][1566] SELECT horas_lab FROM tblaca008 WHERE c_asigna='300228' AND horas_teoricas > 0 [1][0] OK
C:[28/05/2013 05:49:18.14][201.243.110.51][1600] SELECT sum(u_creditos*1) FROM dace006 a, tblaca009 b WHERE a.exp_e='12-21250728' AND a.lapso='2013-1' AND b.pensum='5' AND b.c_uni_ca='2' AND status IN ('7','A','2') AND a.c_asigna=b.c_asigna  [1][0] OK
C:[28/05/2013 05:49:18.32][201.243.110.51][1619] SELECT sum(u_creditos*1) FROM dace006 a, tblaca009 b WHERE a.exp_e='12-21250728' AND a.lapso='2013-1' AND b.pensum='5' AND b.c_uni_ca='2' AND status IN ('7','A','2') AND a.c_asigna=b.c_asigna AND a.c_asigna IN ('300207','300209','300213','300226') [1][0] OK
C:[28/05/2013 05:49:18.82][201.243.110.51][1635] SELECT MAX(semestre) FROM dace006 a, tblaca009 b WHERE a.exp_e='12-21250728' AND a.lapso='2013-1' AND b.pensum='5' AND b.c_uni_ca='2' AND status IN ('7','A','2') AND a.c_asigna=b.c_asigna  [1][0] OK
C:[28/05/2013 05:49:18.26][201.243.110.51][1655] SELECT MIN(semestre) FROM dace006 a, tblaca009 b WHERE a.exp_e='12-21250728' AND a.lapso='2013-1' AND b.pensum='5' AND b.c_uni_ca='2' AND status IN ('7','A','2') AND a.c_asigna=b.c_asigna AND a.c_asigna IN ('300228') [1][0] OK
C:[28/05/2013 07:57:33.38][68.171.231.85][1392] SELECT pre_cod_asig1,pre_cod_asig2,pre_cod_asig3,pre_cod_asig4,pre_cod_asig5,pre_cod_asig6,pre_cod_asig7 FROM tblaca009 WHERE pensum='5' AND c_uni_ca='3' AND c_asigna='300314' [1][0] OK
C:[28/05/2013 07:57:33.38][68.171.231.85][1405] SELECT c_asigna FROM dace004 WHERE exp_e='12-20935342' AND c_asigna='300106' AND status IN ('0','3','B') [1][0] OK
C:[28/05/2013 07:57:33.38][68.171.231.85][1392] SELECT pre_cod_asig1,pre_cod_asig2,pre_cod_asig3,pre_cod_asig4,pre_cod_asig5,pre_cod_asig6,pre_cod_asig7 FROM tblaca009 WHERE pensum='5' AND c_uni_ca='3' AND c_asigna='300222' [1][0] OK
C:[28/05/2013 07:57:33.38][68.171.231.85][1405] SELECT c_asigna FROM dace004 WHERE exp_e='12-20935342' AND c_asigna='300112' AND status IN ('0','3','B') [1][0] OK
C:[28/05/2013 07:57:33.38][68.171.231.85][1392] SELECT pre_cod_asig1,pre_cod_asig2,pre_cod_asig3,pre_cod_asig4,pre_cod_asig5,pre_cod_asig6,pre_cod_asig7 FROM tblaca009 WHERE pensum='5' AND c_uni_ca='3' AND c_asigna='300228' [1][0] OK
C:[28/05/2013 07:57:33.38][68.171.231.85][1405] SELECT c_asigna FROM dace004 WHERE exp_e='12-20935342' AND c_asigna='300101' AND status IN ('0','3','B') [1][0] OK
C:[28/05/2013 07:57:33.38][68.171.231.85][1392] SELECT pre_cod_asig1,pre_cod_asig2,pre_cod_asig3,pre_cod_asig4,pre_cod_asig5,pre_cod_asig6,pre_cod_asig7 FROM tblaca009 WHERE pensum='5' AND c_uni_ca='3' AND c_asigna='311320' [1][0] OK
C:[28/05/2013 07:57:33.38][68.171.231.85][1405] SELECT c_asigna FROM dace004 WHERE exp_e='12-20935342' AND c_asigna='300013' AND status IN ('0','3','B') [1][0] OK
C:[28/05/2013 07:57:33.38][68.171.231.85][1405] SELECT c_asigna FROM dace004 WHERE exp_e='12-20935342' AND c_asigna='300113' AND status IN ('0','3','B') [1][0] OK
C:[28/05/2013 07:57:33.38][68.171.231.85][1392] SELECT pre_cod_asig1,pre_cod_asig2,pre_cod_asig3,pre_cod_asig4,pre_cod_asig5,pre_cod_asig6,pre_cod_asig7 FROM tblaca009 WHERE pensum='5' AND c_uni_ca='3' AND c_asigna='300209' [1][0] OK
C:[28/05/2013 07:57:33.38][68.171.231.85][1405] SELECT c_asigna FROM dace004 WHERE exp_e='12-20935342' AND c_asigna='300101' AND status IN ('0','3','B') [1][0] OK
C:[28/05/2013 07:57:33.38][68.171.231.85][1392] SELECT pre_cod_asig1,pre_cod_asig2,pre_cod_asig3,pre_cod_asig4,pre_cod_asig5,pre_cod_asig6,pre_cod_asig7 FROM tblaca009 WHERE pensum='5' AND c_uni_ca='3' AND c_asigna='300218' [1][0] OK
C:[28/05/2013 07:57:33.38][68.171.231.85][1405] SELECT c_asigna FROM dace004 WHERE exp_e='12-20935342' AND c_asigna='300101' AND status IN ('0','3','B') [1][0] OK
C:[28/05/2013 07:57:33.01][68.171.231.85][1436] SELECT par_cod_asig1,par_cod_asig2,par_cod_asig3 FROM tblaca009 WHERE pensum='5' AND c_uni_ca='3' AND c_asigna='300314' [1][0] OK
C:[28/05/2013 07:57:33.01][68.171.231.85][1436] SELECT par_cod_asig1,par_cod_asig2,par_cod_asig3 FROM tblaca009 WHERE pensum='5' AND c_uni_ca='3' AND c_asigna='300222' [1][0] OK
C:[28/05/2013 07:57:33.01][68.171.231.85][1436] SELECT par_cod_asig1,par_cod_asig2,par_cod_asig3 FROM tblaca009 WHERE pensum='5' AND c_uni_ca='3' AND c_asigna='300228' [1][0] OK
C:[28/05/2013 07:57:33.01][68.171.231.85][1436] SELECT par_cod_asig1,par_cod_asig2,par_cod_asig3 FROM tblaca009 WHERE pensum='5' AND c_uni_ca='3' AND c_asigna='311320' [1][0] OK
C:[28/05/2013 07:57:33.01][68.171.231.85][1436] SELECT par_cod_asig1,par_cod_asig2,par_cod_asig3 FROM tblaca009 WHERE pensum='5' AND c_uni_ca='3' AND c_asigna='300209' [1][0] OK
C:[28/05/2013 07:57:33.01][68.171.231.85][1436] SELECT par_cod_asig1,par_cod_asig2,par_cod_asig3 FROM tblaca009 WHERE pensum='5' AND c_uni_ca='3' AND c_asigna='300218' [1][0] OK
C:[28/05/2013 07:57:33.01][68.171.231.85][1450] SELECT c_asigna FROM dace004 WHERE exp_e='12-20935342' AND c_asigna='300228' AND status IN ('0','3','B','C') [0][0] OK
C:[28/05/2013 07:57:33.90][68.171.231.85][1566] SELECT horas_lab FROM tblaca008 WHERE c_asigna='300314' AND horas_teoricas > 0 [0][0] OK
C:[28/05/2013 07:57:33.01][68.171.231.85][1600] SELECT sum(u_creditos*1) FROM dace006 a, tblaca009 b WHERE a.exp_e='12-20935342' AND a.lapso='2013-1' AND b.pensum='5' AND b.c_uni_ca='3' AND status IN ('7','A','2') AND a.c_asigna=b.c_asigna  [1][0] OK
C:[28/05/2013 07:57:34.95][68.171.231.85][1619] SELECT sum(u_creditos*1) FROM dace006 a, tblaca009 b WHERE a.exp_e='12-20935342' AND a.lapso='2013-1' AND b.pensum='5' AND b.c_uni_ca='3' AND status IN ('7','A','2') AND a.c_asigna=b.c_asigna AND a.c_asigna IN ('300222','300228','311320','300209','300218') [1][0] OK
C:[28/05/2013 07:57:34.89][68.171.231.85][1635] SELECT MAX(semestre) FROM dace006 a, tblaca009 b WHERE a.exp_e='12-20935342' AND a.lapso='2013-1' AND b.pensum='5' AND b.c_uni_ca='3' AND status IN ('7','A','2') AND a.c_asigna=b.c_asigna  [1][0] OK
C:[28/05/2013 07:57:34.83][68.171.231.85][1655] SELECT MIN(semestre) FROM dace006 a, tblaca009 b WHERE a.exp_e='12-20935342' AND a.lapso='2013-1' AND b.pensum='5' AND b.c_uni_ca='3' AND status IN ('7','A','2') AND a.c_asigna=b.c_asigna AND a.c_asigna IN ('300314') [1][0] OK
C:[28/05/2013 08:13:14.02][190.202.81.201][1392] SELECT pre_cod_asig1,pre_cod_asig2,pre_cod_asig3,pre_cod_asig4,pre_cod_asig5,pre_cod_asig6,pre_cod_asig7 FROM tblaca009 WHERE pensum='5' AND c_uni_ca='3' AND c_asigna='311554' [1][0] OK
C:[28/05/2013 08:13:14.02][190.202.81.201][1405] SELECT c_asigna FROM dace004 WHERE exp_e='12-18806107' AND c_asigna='300318' AND status IN ('0','3','B') [1][0] OK
C:[28/05/2013 08:13:14.02][190.202.81.201][1405] SELECT c_asigna FROM dace004 WHERE exp_e='12-18806107' AND c_asigna='300428' AND status IN ('0','3','B') [1][0] OK
C:[28/05/2013 08:13:14.02][190.202.81.201][1392] SELECT pre_cod_asig1,pre_cod_asig2,pre_cod_asig3,pre_cod_asig4,pre_cod_asig5,pre_cod_asig6,pre_cod_asig7 FROM tblaca009 WHERE pensum='5' AND c_uni_ca='3' AND c_asigna='311556' [1][0] OK
C:[28/05/2013 08:13:14.02][190.202.81.201][1405] SELECT c_asigna FROM dace004 WHERE exp_e='12-18806107' AND c_asigna='311434' AND status IN ('0','3','B') [1][0] OK
C:[28/05/2013 08:13:14.02][190.202.81.201][1405] SELECT c_asigna FROM dace004 WHERE exp_e='12-18806107' AND c_asigna='311430' AND status IN ('0','3','B') [1][0] OK
C:[28/05/2013 08:13:14.02][190.202.81.201][1405] SELECT c_asigna FROM dace004 WHERE exp_e='12-18806107' AND c_asigna='300222' AND status IN ('0','3','B') [1][0] OK
C:[28/05/2013 08:13:14.02][190.202.81.201][1405] SELECT c_asigna FROM dace004 WHERE exp_e='12-18806107' AND c_asigna='300226' AND status IN ('0','3','B') [1][0] OK
C:[28/05/2013 08:13:14.02][190.202.81.201][1405] SELECT c_asigna FROM dace004 WHERE exp_e='12-18806107' AND c_asigna='300209' AND status IN ('0','3','B') [1][0] OK
C:[28/05/2013 08:13:14.02][190.202.81.201][1392] SELECT pre_cod_asig1,pre_cod_asig2,pre_cod_asig3,pre_cod_asig4,pre_cod_asig5,pre_cod_asig6,pre_cod_asig7 FROM tblaca009 WHERE pensum='5' AND c_uni_ca='3' AND c_asigna='300422' [1][0] OK
C:[28/05/2013 08:13:14.02][190.202.81.201][1405] SELECT c_asigna FROM dace004 WHERE exp_e='12-18806107' AND c_asigna='300105' AND status IN ('0','3','B') [1][0] OK
C:[28/05/2013 08:13:14.02][190.202.81.201][1405] SELECT c_asigna FROM dace004 WHERE exp_e='12-18806107' AND c_asigna='300314' AND status IN ('0','3','B') [1][0] OK
C:[28/05/2013 08:13:14.02][190.202.81.201][1392] SELECT pre_cod_asig1,pre_cod_asig2,pre_cod_asig3,pre_cod_asig4,pre_cod_asig5,pre_cod_asig6,pre_cod_asig7 FROM tblaca009 WHERE pensum='5' AND c_uni_ca='3' AND c_asigna='310548' [1][0] OK
C:[28/05/2013 08:13:14.02][190.202.81.201][1405] SELECT c_asigna FROM dace004 WHERE exp_e='12-18806107' AND c_asigna='300428' AND status IN ('0','3','B') [1][0] OK
C:[28/05/2013 08:13:14.02][190.202.81.201][1405] SELECT c_asigna FROM dace004 WHERE exp_e='12-18806107' AND c_asigna='300313' AND status IN ('0','3','B') [1][0] OK
C:[28/05/2013 08:13:14.02][190.202.81.201][1405] SELECT c_asigna FROM dace004 WHERE exp_e='12-18806107' AND c_asigna='300222' AND status IN ('0','3','B') [1][0] OK
C:[28/05/2013 08:13:14.02][190.202.81.201][1405] SELECT c_asigna FROM dace004 WHERE exp_e='12-18806107' AND c_asigna='300226' AND status IN ('0','3','B') [1][0] OK
C:[28/05/2013 08:13:14.02][190.202.81.201][1405] SELECT c_asigna FROM dace004 WHERE exp_e='12-18806107' AND c_asigna='300209' AND status IN ('0','3','B') [1][0] OK
C:[28/05/2013 08:13:14.02][190.202.81.201][1392] SELECT pre_cod_asig1,pre_cod_asig2,pre_cod_asig3,pre_cod_asig4,pre_cod_asig5,pre_cod_asig6,pre_cod_asig7 FROM tblaca009 WHERE pensum='5' AND c_uni_ca='3' AND c_asigna='311551' [1][0] OK
C:[28/05/2013 08:13:14.02][190.202.81.201][1405] SELECT c_asigna FROM dace004 WHERE exp_e='12-18806107' AND c_asigna='311430' AND status IN ('0','3','B') [1][0] OK
C:[28/05/2013 08:13:14.02][190.202.81.201][1405] SELECT c_asigna FROM dace004 WHERE exp_e='12-18806107' AND c_asigna='311431' AND status IN ('0','3','B') [1][0] OK
C:[28/05/2013 08:13:14.02][190.202.81.201][1405] SELECT c_asigna FROM dace004 WHERE exp_e='12-18806107' AND c_asigna='300222' AND status IN ('0','3','B') [1][0] OK
C:[28/05/2013 08:13:14.02][190.202.81.201][1405] SELECT c_asigna FROM dace004 WHERE exp_e='12-18806107' AND c_asigna='300226' AND status IN ('0','3','B') [1][0] OK
C:[28/05/2013 08:13:14.02][190.202.81.201][1405] SELECT c_asigna FROM dace004 WHERE exp_e='12-18806107' AND c_asigna='300209' AND status IN ('0','3','B') [1][0] OK
C:[28/05/2013 08:13:14.02][190.202.81.201][1405] SELECT c_asigna FROM dace004 WHERE exp_e='12-18806107' AND c_asigna='311320' AND status IN ('0','3','B') [1][0] OK
C:[28/05/2013 08:13:14.02][190.202.81.201][1392] SELECT pre_cod_asig1,pre_cod_asig2,pre_cod_asig3,pre_cod_asig4,pre_cod_asig5,pre_cod_asig6,pre_cod_asig7 FROM tblaca009 WHERE pensum='5' AND c_uni_ca='3' AND c_asigna='315552' [1][0] OK
C:[28/05/2013 08:13:14.02][190.202.81.201][1405] SELECT c_asigna FROM dace004 WHERE exp_e='12-18806107' AND c_asigna='311430' AND status IN ('0','3','B') [1][0] OK
C:[28/05/2013 08:13:14.02][190.202.81.201][1405] SELECT c_asigna FROM dace004 WHERE exp_e='12-18806107' AND c_asigna='300222' AND status IN ('0','3','B') [1][0] OK
C:[28/05/2013 08:13:14.02][190.202.81.201][1405] SELECT c_asigna FROM dace004 WHERE exp_e='12-18806107' AND c_asigna='300226' AND status IN ('0','3','B') [1][0] OK
C:[28/05/2013 08:13:14.02][190.202.81.201][1405] SELECT c_asigna FROM dace004 WHERE exp_e='12-18806107' AND c_asigna='300209' AND status IN ('0','3','B') [1][0] OK
C:[28/05/2013 08:13:15.89][190.202.81.201][1436] SELECT par_cod_asig1,par_cod_asig2,par_cod_asig3 FROM tblaca009 WHERE pensum='5' AND c_uni_ca='3' AND c_asigna='311554' [1][0] OK
C:[28/05/2013 08:13:15.89][190.202.81.201][1436] SELECT par_cod_asig1,par_cod_asig2,par_cod_asig3 FROM tblaca009 WHERE pensum='5' AND c_uni_ca='3' AND c_asigna='311556' [1][0] OK
C:[28/05/2013 08:13:15.89][190.202.81.201][1450] SELECT c_asigna FROM dace004 WHERE exp_e='12-18806107' AND c_asigna='311551' AND status IN ('0','3','B','C') [0][0] OK
C:[28/05/2013 08:13:15.89][190.202.81.201][1436] SELECT par_cod_asig1,par_cod_asig2,par_cod_asig3 FROM tblaca009 WHERE pensum='5' AND c_uni_ca='3' AND c_asigna='300422' [1][0] OK
C:[28/05/2013 08:13:15.89][190.202.81.201][1436] SELECT par_cod_asig1,par_cod_asig2,par_cod_asig3 FROM tblaca009 WHERE pensum='5' AND c_uni_ca='3' AND c_asigna='310548' [1][0] OK
C:[28/05/2013 08:13:15.89][190.202.81.201][1436] SELECT par_cod_asig1,par_cod_asig2,par_cod_asig3 FROM tblaca009 WHERE pensum='5' AND c_uni_ca='3' AND c_asigna='311551' [1][0] OK
C:[28/05/2013 08:13:15.89][190.202.81.201][1436] SELECT par_cod_asig1,par_cod_asig2,par_cod_asig3 FROM tblaca009 WHERE pensum='5' AND c_uni_ca='3' AND c_asigna='315552' [1][0] OK
C:[28/05/2013 08:13:15.78][190.202.81.201][1566] SELECT horas_lab FROM tblaca008 WHERE c_asigna='311554' AND horas_teoricas > 0 [1][0] OK
C:[28/05/2013 08:13:15.78][190.202.81.201][1566] SELECT horas_lab FROM tblaca008 WHERE c_asigna='311556' AND horas_teoricas > 0 [0][0] OK
C:[28/05/2013 08:13:15.01][190.202.81.201][1600] SELECT sum(u_creditos*1) FROM dace006 a, tblaca009 b WHERE a.exp_e='12-18806107' AND a.lapso='2013-1' AND b.pensum='5' AND b.c_uni_ca='3' AND status IN ('7','A','2') AND a.c_asigna=b.c_asigna  [1][0] OK
C:[28/05/2013 08:13:15.95][190.202.81.201][1619] SELECT sum(u_creditos*1) FROM dace006 a, tblaca009 b WHERE a.exp_e='12-18806107' AND a.lapso='2013-1' AND b.pensum='5' AND b.c_uni_ca='3' AND status IN ('7','A','2') AND a.c_asigna=b.c_asigna AND a.c_asigna IN ('300422','310548','311551','315552') [1][0] OK
C:[28/05/2013 08:13:15.89][190.202.81.201][1635] SELECT MAX(semestre) FROM dace006 a, tblaca009 b WHERE a.exp_e='12-18806107' AND a.lapso='2013-1' AND b.pensum='5' AND b.c_uni_ca='3' AND status IN ('7','A','2') AND a.c_asigna=b.c_asigna  [1][0] OK
C:[28/05/2013 08:13:15.83][190.202.81.201][1655] SELECT MIN(semestre) FROM dace006 a, tblaca009 b WHERE a.exp_e='12-18806107' AND a.lapso='2013-1' AND b.pensum='5' AND b.c_uni_ca='3' AND status IN ('7','A','2') AND a.c_asigna=b.c_asigna AND a.c_asigna IN ('311554','311556') [1][0] OK
C:[28/05/2013 08:59:32.96][186.90.62.169][1392] SELECT pre_cod_asig1,pre_cod_asig2,pre_cod_asig3,pre_cod_asig4,pre_cod_asig5,pre_cod_asig6,pre_cod_asig7 FROM tblaca009 WHERE pensum='5' AND c_uni_ca='2' AND c_asigna='300113' [1][0] OK
C:[28/05/2013 08:59:32.96][186.90.62.169][1392] SELECT pre_cod_asig1,pre_cod_asig2,pre_cod_asig3,pre_cod_asig4,pre_cod_asig5,pre_cod_asig6,pre_cod_asig7 FROM tblaca009 WHERE pensum='5' AND c_uni_ca='2' AND c_asigna='300213' [1][0] OK
C:[28/05/2013 08:59:32.96][186.90.62.169][1405] SELECT c_asigna FROM dace004 WHERE exp_e='09-22833462' AND c_asigna='300101' AND status IN ('0','3','B') [1][0] OK
C:[28/05/2013 08:59:32.96][186.90.62.169][1392] SELECT pre_cod_asig1,pre_cod_asig2,pre_cod_asig3,pre_cod_asig4,pre_cod_asig5,pre_cod_asig6,pre_cod_asig7 FROM tblaca009 WHERE pensum='5' AND c_uni_ca='2' AND c_asigna='300013' [1][0] OK
C:[28/05/2013 08:59:32.96][186.90.62.169][1392] SELECT pre_cod_asig1,pre_cod_asig2,pre_cod_asig3,pre_cod_asig4,pre_cod_asig5,pre_cod_asig6,pre_cod_asig7 FROM tblaca009 WHERE pensum='5' AND c_uni_ca='2' AND c_asigna='300207' [1][0] OK
C:[28/05/2013 08:59:32.96][186.90.62.169][1405] SELECT c_asigna FROM dace004 WHERE exp_e='09-22833462' AND c_asigna='300101' AND status IN ('0','3','B') [1][0] OK
C:[28/05/2013 08:59:32.96][186.90.62.169][1392] SELECT pre_cod_asig1,pre_cod_asig2,pre_cod_asig3,pre_cod_asig4,pre_cod_asig5,pre_cod_asig6,pre_cod_asig7 FROM tblaca009 WHERE pensum='5' AND c_uni_ca='2' AND c_asigna='300209' [1][0] OK
C:[28/05/2013 08:59:32.96][186.90.62.169][1405] SELECT c_asigna FROM dace004 WHERE exp_e='09-22833462' AND c_asigna='300101' AND status IN ('0','3','B') [1][0] OK
C:[28/05/2013 08:59:32.96][186.90.62.169][1392] SELECT pre_cod_asig1,pre_cod_asig2,pre_cod_asig3,pre_cod_asig4,pre_cod_asig5,pre_cod_asig6,pre_cod_asig7 FROM tblaca009 WHERE pensum='5' AND c_uni_ca='2' AND c_asigna='300226' [1][0] OK
C:[28/05/2013 08:59:32.96][186.90.62.169][1405] SELECT c_asigna FROM dace004 WHERE exp_e='09-22833462' AND c_asigna='300116' AND status IN ('0','3','B') [1][0] OK
C:[28/05/2013 08:59:32.22][186.90.62.169][1436] SELECT par_cod_asig1,par_cod_asig2,par_cod_asig3 FROM tblaca009 WHERE pensum='5' AND c_uni_ca='2' AND c_asigna='300113' [1][0] OK
C:[28/05/2013 08:59:32.22][186.90.62.169][1450] SELECT c_asigna FROM dace004 WHERE exp_e='09-22833462' AND c_asigna='300013' AND status IN ('0','3','B','C') [0][0] OK
C:[28/05/2013 08:59:32.22][186.90.62.169][1436] SELECT par_cod_asig1,par_cod_asig2,par_cod_asig3 FROM tblaca009 WHERE pensum='5' AND c_uni_ca='2' AND c_asigna='300213' [1][0] OK
C:[28/05/2013 08:59:32.22][186.90.62.169][1450] SELECT c_asigna FROM dace004 WHERE exp_e='09-22833462' AND c_asigna='300209' AND status IN ('0','3','B','C') [0][0] OK
C:[28/05/2013 08:59:32.22][186.90.62.169][1436] SELECT par_cod_asig1,par_cod_asig2,par_cod_asig3 FROM tblaca009 WHERE pensum='5' AND c_uni_ca='2' AND c_asigna='300013' [1][0] OK
C:[28/05/2013 08:59:32.22][186.90.62.169][1436] SELECT par_cod_asig1,par_cod_asig2,par_cod_asig3 FROM tblaca009 WHERE pensum='5' AND c_uni_ca='2' AND c_asigna='300207' [1][0] OK
C:[28/05/2013 08:59:32.22][186.90.62.169][1436] SELECT par_cod_asig1,par_cod_asig2,par_cod_asig3 FROM tblaca009 WHERE pensum='5' AND c_uni_ca='2' AND c_asigna='300209' [1][0] OK
C:[28/05/2013 08:59:32.22][186.90.62.169][1436] SELECT par_cod_asig1,par_cod_asig2,par_cod_asig3 FROM tblaca009 WHERE pensum='5' AND c_uni_ca='2' AND c_asigna='300226' [1][0] OK
C:[28/05/2013 08:59:33.23][186.90.62.169][1566] SELECT horas_lab FROM tblaca008 WHERE c_asigna='300113' AND horas_teoricas > 0 [0][0] OK
C:[28/05/2013 08:59:33.34][186.90.62.169][1600] SELECT sum(u_creditos*1) FROM dace006 a, tblaca009 b WHERE a.exp_e='09-22833462' AND a.lapso='2013-1' AND b.pensum='5' AND b.c_uni_ca='2' AND status IN ('7','A','2') AND a.c_asigna=b.c_asigna  [1][0] OK
C:[28/05/2013 08:59:33.28][186.90.62.169][1619] SELECT sum(u_creditos*1) FROM dace006 a, tblaca009 b WHERE a.exp_e='09-22833462' AND a.lapso='2013-1' AND b.pensum='5' AND b.c_uni_ca='2' AND status IN ('7','A','2') AND a.c_asigna=b.c_asigna AND a.c_asigna IN ('300213','300013','300207','300209','300226') [1][0] OK
C:[28/05/2013 08:59:33.22][186.90.62.169][1635] SELECT MAX(semestre) FROM dace006 a, tblaca009 b WHERE a.exp_e='09-22833462' AND a.lapso='2013-1' AND b.pensum='5' AND b.c_uni_ca='2' AND status IN ('7','A','2') AND a.c_asigna=b.c_asigna  [1][0] OK
C:[28/05/2013 08:59:33.59][186.90.62.169][1655] SELECT MIN(semestre) FROM dace006 a, tblaca009 b WHERE a.exp_e='09-22833462' AND a.lapso='2013-1' AND b.pensum='5' AND b.c_uni_ca='2' AND status IN ('7','A','2') AND a.c_asigna=b.c_asigna AND a.c_asigna IN ('300113') [1][0] OK
C:[28/05/2013 10:05:14.90][200.84.72.3][1392] SELECT pre_cod_asig1,pre_cod_asig2,pre_cod_asig3,pre_cod_asig4,pre_cod_asig5,pre_cod_asig6,pre_cod_asig7 FROM tblaca009 WHERE pensum='5' AND c_uni_ca='5' AND c_asigna='355573' [1][0] OK
C:[28/05/2013 10:05:14.90][200.84.72.3][1405] SELECT c_asigna FROM dace004 WHERE exp_e='07-18806393' AND c_asigna='355448' AND status IN ('0','3','B') [1][0] OK
C:[28/05/2013 10:05:14.90][200.84.72.3][1392] SELECT pre_cod_asig1,pre_cod_asig2,pre_cod_asig3,pre_cod_asig4,pre_cod_asig5,pre_cod_asig6,pre_cod_asig7 FROM tblaca009 WHERE pensum='5' AND c_uni_ca='5' AND c_asigna='355696' [1][0] OK
C:[28/05/2013 10:05:14.90][200.84.72.3][1405] SELECT c_asigna FROM dace004 WHERE exp_e='07-18806393' AND c_asigna='355570' AND status IN ('0','3','B') [1][0] OK
C:[28/05/2013 10:05:14.90][200.84.72.3][1405] SELECT c_asigna FROM dace004 WHERE exp_e='07-18806393' AND c_asigna='355571' AND status IN ('0','3','B') [1][0] OK
C:[28/05/2013 10:05:14.52][200.84.72.3][1436] SELECT par_cod_asig1,par_cod_asig2,par_cod_asig3 FROM tblaca009 WHERE pensum='5' AND c_uni_ca='5' AND c_asigna='355573' [1][0] OK
C:[28/05/2013 10:05:14.52][200.84.72.3][1436] SELECT par_cod_asig1,par_cod_asig2,par_cod_asig3 FROM tblaca009 WHERE pensum='5' AND c_uni_ca='5' AND c_asigna='355696' [1][0] OK
C:[28/05/2013 10:05:14.80][200.84.72.3][1600] SELECT sum(u_creditos*1) FROM dace006 a, tblaca009 b WHERE a.exp_e='07-18806393' AND a.lapso='2013-1' AND b.pensum='5' AND b.c_uni_ca='5' AND status IN ('7','A','2') AND a.c_asigna=b.c_asigna  [1][0] OK
C:[28/05/2013 10:05:14.14][200.84.72.3][1619] SELECT sum(u_creditos*1) FROM dace006 a, tblaca009 b WHERE a.exp_e='07-18806393' AND a.lapso='2013-1' AND b.pensum='5' AND b.c_uni_ca='5' AND status IN ('7','A','2') AND a.c_asigna=b.c_asigna AND a.c_asigna IN ('355573','355696') [1][0] OK
C:[28/05/2013 10:05:14.52][200.84.72.3][1635] SELECT MAX(semestre) FROM dace006 a, tblaca009 b WHERE a.exp_e='07-18806393' AND a.lapso='2013-1' AND b.pensum='5' AND b.c_uni_ca='5' AND status IN ('7','A','2') AND a.c_asigna=b.c_asigna  [1][0] OK
C:[28/05/2013 11:14:35.73][190.77.245.218][1392] SELECT pre_cod_asig1,pre_cod_asig2,pre_cod_asig3,pre_cod_asig4,pre_cod_asig5,pre_cod_asig6,pre_cod_asig7 FROM tblaca009 WHERE pensum='5' AND c_uni_ca='3' AND c_asigna='300207' [1][0] OK
C:[28/05/2013 11:14:35.73][190.77.245.218][1405] SELECT c_asigna FROM dace004 WHERE exp_e='11-21286003' AND c_asigna='300101' AND status IN ('0','3','B') [1][0] OK
C:[28/05/2013 11:14:35.73][190.77.245.218][1392] SELECT pre_cod_asig1,pre_cod_asig2,pre_cod_asig3,pre_cod_asig4,pre_cod_asig5,pre_cod_asig6,pre_cod_asig7 FROM tblaca009 WHERE pensum='5' AND c_uni_ca='3' AND c_asigna='300209' [1][0] OK
C:[28/05/2013 11:14:35.73][190.77.245.218][1405] SELECT c_asigna FROM dace004 WHERE exp_e='11-21286003' AND c_asigna='300101' AND status IN ('0','3','B') [1][0] OK
C:[28/05/2013 11:14:35.73][190.77.245.218][1392] SELECT pre_cod_asig1,pre_cod_asig2,pre_cod_asig3,pre_cod_asig4,pre_cod_asig5,pre_cod_asig6,pre_cod_asig7 FROM tblaca009 WHERE pensum='5' AND c_uni_ca='3' AND c_asigna='300213' [1][0] OK
C:[28/05/2013 11:14:35.73][190.77.245.218][1405] SELECT c_asigna FROM dace004 WHERE exp_e='11-21286003' AND c_asigna='300101' AND status IN ('0','3','B') [1][0] OK
C:[28/05/2013 11:14:35.73][190.77.245.218][1392] SELECT pre_cod_asig1,pre_cod_asig2,pre_cod_asig3,pre_cod_asig4,pre_cod_asig5,pre_cod_asig6,pre_cod_asig7 FROM tblaca009 WHERE pensum='5' AND c_uni_ca='3' AND c_asigna='300218' [1][0] OK
C:[28/05/2013 11:14:35.73][190.77.245.218][1405] SELECT c_asigna FROM dace004 WHERE exp_e='11-21286003' AND c_asigna='300101' AND status IN ('0','3','B') [1][0] OK
C:[28/05/2013 11:14:35.73][190.77.245.218][1392] SELECT pre_cod_asig1,pre_cod_asig2,pre_cod_asig3,pre_cod_asig4,pre_cod_asig5,pre_cod_asig6,pre_cod_asig7 FROM tblaca009 WHERE pensum='5' AND c_uni_ca='3' AND c_asigna='300228' [1][0] OK
C:[28/05/2013 11:14:35.73][190.77.245.218][1405] SELECT c_asigna FROM dace004 WHERE exp_e='11-21286003' AND c_asigna='300101' AND status IN ('0','3','B') [1][0] OK
C:[28/05/2013 11:14:35.99][190.77.245.218][1436] SELECT par_cod_asig1,par_cod_asig2,par_cod_asig3 FROM tblaca009 WHERE pensum='5' AND c_uni_ca='3' AND c_asigna='300207' [1][0] OK
C:[28/05/2013 11:14:35.99][190.77.245.218][1436] SELECT par_cod_asig1,par_cod_asig2,par_cod_asig3 FROM tblaca009 WHERE pensum='5' AND c_uni_ca='3' AND c_asigna='300209' [1][0] OK
C:[28/05/2013 11:14:35.99][190.77.245.218][1436] SELECT par_cod_asig1,par_cod_asig2,par_cod_asig3 FROM tblaca009 WHERE pensum='5' AND c_uni_ca='3' AND c_asigna='300213' [1][0] OK
C:[28/05/2013 11:14:35.99][190.77.245.218][1450] SELECT c_asigna FROM dace004 WHERE exp_e='11-21286003' AND c_asigna='300209' AND status IN ('0','3','B','C') [0][0] OK
C:[28/05/2013 11:14:35.99][190.77.245.218][1436] SELECT par_cod_asig1,par_cod_asig2,par_cod_asig3 FROM tblaca009 WHERE pensum='5' AND c_uni_ca='3' AND c_asigna='300218' [1][0] OK
C:[28/05/2013 11:14:35.99][190.77.245.218][1450] SELECT c_asigna FROM dace004 WHERE exp_e='11-21286003' AND c_asigna='300228' AND status IN ('0','3','B','C') [0][0] OK
C:[28/05/2013 11:14:35.99][190.77.245.218][1436] SELECT par_cod_asig1,par_cod_asig2,par_cod_asig3 FROM tblaca009 WHERE pensum='5' AND c_uni_ca='3' AND c_asigna='300228' [1][0] OK
C:[28/05/2013 11:14:35.88][190.77.245.218][1566] SELECT horas_lab FROM tblaca008 WHERE c_asigna='300207' AND horas_teoricas > 0 [1][0] OK
C:[28/05/2013 11:14:36.98][190.77.245.218][1600] SELECT sum(u_creditos*1) FROM dace006 a, tblaca009 b WHERE a.exp_e='11-21286003' AND a.lapso='2013-1' AND b.pensum='5' AND b.c_uni_ca='3' AND status IN ('7','A','2') AND a.c_asigna=b.c_asigna  [1][0] OK
C:[28/05/2013 11:14:36.92][190.77.245.218][1619] SELECT sum(u_creditos*1) FROM dace006 a, tblaca009 b WHERE a.exp_e='11-21286003' AND a.lapso='2013-1' AND b.pensum='5' AND b.c_uni_ca='3' AND status IN ('7','A','2') AND a.c_asigna=b.c_asigna AND a.c_asigna IN ('300209','300213','300218','300228') [1][0] OK
C:[28/05/2013 11:14:36.85][190.77.245.218][1635] SELECT MAX(semestre) FROM dace006 a, tblaca009 b WHERE a.exp_e='11-21286003' AND a.lapso='2013-1' AND b.pensum='5' AND b.c_uni_ca='3' AND status IN ('7','A','2') AND a.c_asigna=b.c_asigna  [1][0] OK
C:[28/05/2013 11:14:36.92][190.77.245.218][1655] SELECT MIN(semestre) FROM dace006 a, tblaca009 b WHERE a.exp_e='11-21286003' AND a.lapso='2013-1' AND b.pensum='5' AND b.c_uni_ca='3' AND status IN ('7','A','2') AND a.c_asigna=b.c_asigna AND a.c_asigna IN ('300207') [1][0] OK
C:[28/05/2013 12:06:59.28][186.89.222.50][1392] SELECT pre_cod_asig1,pre_cod_asig2,pre_cod_asig3,pre_cod_asig4,pre_cod_asig5,pre_cod_asig6,pre_cod_asig7 FROM tblaca009 WHERE pensum='5' AND c_uni_ca='4' AND c_asigna='300101' [1][0] OK
C:[28/05/2013 12:06:59.28][186.89.222.50][1392] SELECT pre_cod_asig1,pre_cod_asig2,pre_cod_asig3,pre_cod_asig4,pre_cod_asig5,pre_cod_asig6,pre_cod_asig7 FROM tblaca009 WHERE pensum='5' AND c_uni_ca='4' AND c_asigna='300116' [1][0] OK
C:[28/05/2013 12:06:59.53][186.89.222.50][1436] SELECT par_cod_asig1,par_cod_asig2,par_cod_asig3 FROM tblaca009 WHERE pensum='5' AND c_uni_ca='4' AND c_asigna='300101' [1][0] OK
C:[28/05/2013 12:06:59.53][186.89.222.50][1436] SELECT par_cod_asig1,par_cod_asig2,par_cod_asig3 FROM tblaca009 WHERE pensum='5' AND c_uni_ca='4' AND c_asigna='300116' [1][0] OK
C:[28/05/2013 12:06:59.80][186.89.222.50][1566] SELECT horas_lab FROM tblaca008 WHERE c_asigna='300101' AND horas_teoricas > 0 [1][0] OK
C:[28/05/2013 12:06:59.80][186.89.222.50][1566] SELECT horas_lab FROM tblaca008 WHERE c_asigna='300116' AND horas_teoricas > 0 [1][0] OK
C:[28/05/2013 12:06:59.03][186.89.222.50][1600] SELECT sum(u_creditos*1) FROM dace006 a, tblaca009 b WHERE a.exp_e='12-21282574' AND a.lapso='2013-1' AND b.pensum='5' AND b.c_uni_ca='4' AND status IN ('7','A','2') AND a.c_asigna=b.c_asigna  [1][0] OK
C:[28/05/2013 12:06:59.54][186.89.222.50][1619] SELECT sum(u_creditos*1) FROM dace006 a, tblaca009 b WHERE a.exp_e='12-21282574' AND a.lapso='2013-1' AND b.pensum='5' AND b.c_uni_ca='4' AND status IN ('7','A','2') AND a.c_asigna=b.c_asigna AND a.c_asigna IN () [0][0]  {[MERANT][ODBC SQLBase driver][SQLBase]00915 PRS IVC Invalid constant}
C:[28/05/2013 12:06:59.84][186.89.222.50][1635] SELECT MAX(semestre) FROM dace006 a, tblaca009 b WHERE a.exp_e='12-21282574' AND a.lapso='2013-1' AND b.pensum='5' AND b.c_uni_ca='4' AND status IN ('7','A','2') AND a.c_asigna=b.c_asigna  [1][0] [MERANT][ODBC SQLBase driver][SQLBase]00915 PRS IVC Invalid constant
C:[28/05/2013 12:07:00.72][186.89.222.50][1655] SELECT MIN(semestre) FROM dace006 a, tblaca009 b WHERE a.exp_e='12-21282574' AND a.lapso='2013-1' AND b.pensum='5' AND b.c_uni_ca='4' AND status IN ('7','A','2') AND a.c_asigna=b.c_asigna AND a.c_asigna IN ('300101','300116') [1][0] [MERANT][ODBC SQLBase driver][SQLBase]00915 PRS IVC Invalid constant
C:[28/05/2013 12:07:54.96][186.89.222.50][1392] SELECT pre_cod_asig1,pre_cod_asig2,pre_cod_asig3,pre_cod_asig4,pre_cod_asig5,pre_cod_asig6,pre_cod_asig7 FROM tblaca009 WHERE pensum='5' AND c_uni_ca='4' AND c_asigna='300101' [1][0] OK
C:[28/05/2013 12:07:54.96][186.89.222.50][1392] SELECT pre_cod_asig1,pre_cod_asig2,pre_cod_asig3,pre_cod_asig4,pre_cod_asig5,pre_cod_asig6,pre_cod_asig7 FROM tblaca009 WHERE pensum='5' AND c_uni_ca='4' AND c_asigna='300116' [1][0] OK
C:[28/05/2013 12:07:54.21][186.89.222.50][1436] SELECT par_cod_asig1,par_cod_asig2,par_cod_asig3 FROM tblaca009 WHERE pensum='5' AND c_uni_ca='4' AND c_asigna='300101' [1][0] OK
C:[28/05/2013 12:07:54.21][186.89.222.50][1436] SELECT par_cod_asig1,par_cod_asig2,par_cod_asig3 FROM tblaca009 WHERE pensum='5' AND c_uni_ca='4' AND c_asigna='300116' [1][0] OK
C:[28/05/2013 12:07:54.49][186.89.222.50][1566] SELECT horas_lab FROM tblaca008 WHERE c_asigna='300101' AND horas_teoricas > 0 [1][0] OK
C:[28/05/2013 12:07:54.49][186.89.222.50][1566] SELECT horas_lab FROM tblaca008 WHERE c_asigna='300116' AND horas_teoricas > 0 [1][0] OK
C:[28/05/2013 12:07:54.71][186.89.222.50][1600] SELECT sum(u_creditos*1) FROM dace006 a, tblaca009 b WHERE a.exp_e='12-21282574' AND a.lapso='2013-1' AND b.pensum='5' AND b.c_uni_ca='4' AND status IN ('7','A','2') AND a.c_asigna=b.c_asigna  [1][0] OK
C:[28/05/2013 12:07:54.08][186.89.222.50][1619] SELECT sum(u_creditos*1) FROM dace006 a, tblaca009 b WHERE a.exp_e='12-21282574' AND a.lapso='2013-1' AND b.pensum='5' AND b.c_uni_ca='4' AND status IN ('7','A','2') AND a.c_asigna=b.c_asigna AND a.c_asigna IN () [0][0]  {[MERANT][ODBC SQLBase driver][SQLBase]00915 PRS IVC Invalid constant}
C:[28/05/2013 12:07:54.34][186.89.222.50][1635] SELECT MAX(semestre) FROM dace006 a, tblaca009 b WHERE a.exp_e='12-21282574' AND a.lapso='2013-1' AND b.pensum='5' AND b.c_uni_ca='4' AND status IN ('7','A','2') AND a.c_asigna=b.c_asigna  [1][0] [MERANT][ODBC SQLBase driver][SQLBase]00915 PRS IVC Invalid constant
C:[28/05/2013 12:07:54.02][186.89.222.50][1655] SELECT MIN(semestre) FROM dace006 a, tblaca009 b WHERE a.exp_e='12-21282574' AND a.lapso='2013-1' AND b.pensum='5' AND b.c_uni_ca='4' AND status IN ('7','A','2') AND a.c_asigna=b.c_asigna AND a.c_asigna IN ('300101','300116') [1][0] [MERANT][ODBC SQLBase driver][SQLBase]00915 PRS IVC Invalid constant
C:[28/05/2013 13:44:09.79][190.201.189.120][1392] SELECT pre_cod_asig1,pre_cod_asig2,pre_cod_asig3,pre_cod_asig4,pre_cod_asig5,pre_cod_asig6,pre_cod_asig7 FROM tblaca009 WHERE pensum='5' AND c_uni_ca='6' AND c_asigna='340327' [1][0] OK
C:[28/05/2013 13:44:09.79][190.201.189.120][1405] SELECT c_asigna FROM dace004 WHERE exp_e='11-23500676' AND c_asigna='300013' AND status IN ('0','3','B') [1][0] OK
C:[28/05/2013 13:44:09.79][190.201.189.120][1405] SELECT c_asigna FROM dace004 WHERE exp_e='11-23500676' AND c_asigna='300113' AND status IN ('0','3','B') [1][0] OK
C:[28/05/2013 13:44:09.79][190.201.189.120][1392] SELECT pre_cod_asig1,pre_cod_asig2,pre_cod_asig3,pre_cod_asig4,pre_cod_asig5,pre_cod_asig6,pre_cod_asig7 FROM tblaca009 WHERE pensum='5' AND c_uni_ca='6' AND c_asigna='300207' [1][0] OK
C:[28/05/2013 13:44:09.79][190.201.189.120][1405] SELECT c_asigna FROM dace004 WHERE exp_e='11-23500676' AND c_asigna='300101' AND status IN ('0','3','B') [1][0] OK
C:[28/05/2013 13:44:09.79][190.201.189.120][1392] SELECT pre_cod_asig1,pre_cod_asig2,pre_cod_asig3,pre_cod_asig4,pre_cod_asig5,pre_cod_asig6,pre_cod_asig7 FROM tblaca009 WHERE pensum='5' AND c_uni_ca='6' AND c_asigna='300218' [1][0] OK
C:[28/05/2013 13:44:09.79][190.201.189.120][1405] SELECT c_asigna FROM dace004 WHERE exp_e='11-23500676' AND c_asigna='300101' AND status IN ('0','3','B') [1][0] OK
C:[28/05/2013 13:44:09.79][190.201.189.120][1392] SELECT pre_cod_asig1,pre_cod_asig2,pre_cod_asig3,pre_cod_asig4,pre_cod_asig5,pre_cod_asig6,pre_cod_asig7 FROM tblaca009 WHERE pensum='5' AND c_uni_ca='6' AND c_asigna='300228' [1][0] OK
C:[28/05/2013 13:44:09.79][190.201.189.120][1405] SELECT c_asigna FROM dace004 WHERE exp_e='11-23500676' AND c_asigna='300101' AND status IN ('0','3','B') [1][0] OK
C:[28/05/2013 13:44:09.79][190.201.189.120][1392] SELECT pre_cod_asig1,pre_cod_asig2,pre_cod_asig3,pre_cod_asig4,pre_cod_asig5,pre_cod_asig6,pre_cod_asig7 FROM tblaca009 WHERE pensum='5' AND c_uni_ca='6' AND c_asigna='300313' [1][0] OK
C:[28/05/2013 13:44:09.79][190.201.189.120][1405] SELECT c_asigna FROM dace004 WHERE exp_e='11-23500676' AND c_asigna='300213' AND status IN ('0','3','B') [1][0] OK
C:[28/05/2013 13:44:09.79][190.201.189.120][1405] SELECT c_asigna FROM dace004 WHERE exp_e='11-23500676' AND c_asigna='300226' AND status IN ('0','3','B') [1][0] OK
C:[28/05/2013 13:44:09.79][190.201.189.120][1405] SELECT c_asigna FROM dace004 WHERE exp_e='11-23500676' AND c_asigna='300222' AND status IN ('0','3','B') [1][0] OK
C:[28/05/2013 13:44:09.79][190.201.189.120][1405] SELECT c_asigna FROM dace004 WHERE exp_e='11-23500676' AND c_asigna='300209' AND status IN ('0','3','B') [1][0] OK
C:[28/05/2013 13:44:10.53][190.201.189.120][1436] SELECT par_cod_asig1,par_cod_asig2,par_cod_asig3 FROM tblaca009 WHERE pensum='5' AND c_uni_ca='6' AND c_asigna='340327' [1][0] OK
C:[28/05/2013 13:44:10.53][190.201.189.120][1436] SELECT par_cod_asig1,par_cod_asig2,par_cod_asig3 FROM tblaca009 WHERE pensum='5' AND c_uni_ca='6' AND c_asigna='300207' [1][0] OK
C:[28/05/2013 13:44:10.53][190.201.189.120][1436] SELECT par_cod_asig1,par_cod_asig2,par_cod_asig3 FROM tblaca009 WHERE pensum='5' AND c_uni_ca='6' AND c_asigna='300218' [1][0] OK
C:[28/05/2013 13:44:10.53][190.201.189.120][1450] SELECT c_asigna FROM dace004 WHERE exp_e='11-23500676' AND c_asigna='300228' AND status IN ('0','3','B','C') [0][0] OK
C:[28/05/2013 13:44:10.53][190.201.189.120][1436] SELECT par_cod_asig1,par_cod_asig2,par_cod_asig3 FROM tblaca009 WHERE pensum='5' AND c_uni_ca='6' AND c_asigna='300228' [1][0] OK
C:[28/05/2013 13:44:10.53][190.201.189.120][1436] SELECT par_cod_asig1,par_cod_asig2,par_cod_asig3 FROM tblaca009 WHERE pensum='5' AND c_uni_ca='6' AND c_asigna='300313' [1][0] OK
C:[28/05/2013 13:44:10.30][190.201.189.120][1566] SELECT horas_lab FROM tblaca008 WHERE c_asigna='340327' AND horas_teoricas > 0 [1][0] OK
C:[28/05/2013 13:44:10.41][190.201.189.120][1600] SELECT sum(u_creditos*1) FROM dace006 a, tblaca009 b WHERE a.exp_e='11-23500676' AND a.lapso='2013-1' AND b.pensum='5' AND b.c_uni_ca='6' AND status IN ('7','A','2') AND a.c_asigna=b.c_asigna  [1][0] OK
C:[28/05/2013 13:44:10.17][190.201.189.120][1619] SELECT sum(u_creditos*1) FROM dace006 a, tblaca009 b WHERE a.exp_e='11-23500676' AND a.lapso='2013-1' AND b.pensum='5' AND b.c_uni_ca='6' AND status IN ('7','A','2') AND a.c_asigna=b.c_asigna AND a.c_asigna IN ('300207','300218','300228','300313') [1][0] OK
C:[28/05/2013 13:44:10.92][190.201.189.120][1635] SELECT MAX(semestre) FROM dace006 a, tblaca009 b WHERE a.exp_e='11-23500676' AND a.lapso='2013-1' AND b.pensum='5' AND b.c_uni_ca='6' AND status IN ('7','A','2') AND a.c_asigna=b.c_asigna  [1][0] OK
C:[28/05/2013 13:44:10.54][190.201.189.120][1655] SELECT MIN(semestre) FROM dace006 a, tblaca009 b WHERE a.exp_e='11-23500676' AND a.lapso='2013-1' AND b.pensum='5' AND b.c_uni_ca='6' AND status IN ('7','A','2') AND a.c_asigna=b.c_asigna AND a.c_asigna IN ('340327') [1][0] OK
C:[28/05/2013 14:17:29.87][201.243.122.239][1392] SELECT pre_cod_asig1,pre_cod_asig2,pre_cod_asig3,pre_cod_asig4,pre_cod_asig5,pre_cod_asig6,pre_cod_asig7 FROM tblaca009 WHERE pensum='5' AND c_uni_ca='2' AND c_asigna='322558' [1][0] OK
C:[28/05/2013 14:17:29.87][201.243.122.239][1405] SELECT c_asigna FROM dace004 WHERE exp_e='11-21251091' AND c_asigna='300428' AND status IN ('0','3','B') [1][0] OK
C:[28/05/2013 14:17:29.87][201.243.122.239][1405] SELECT c_asigna FROM dace004 WHERE exp_e='11-21251091' AND c_asigna='320323' AND status IN ('0','3','B') [1][0] OK
C:[28/05/2013 14:17:29.87][201.243.122.239][1392] SELECT pre_cod_asig1,pre_cod_asig2,pre_cod_asig3,pre_cod_asig4,pre_cod_asig5,pre_cod_asig6,pre_cod_asig7 FROM tblaca009 WHERE pensum='5' AND c_uni_ca='2' AND c_asigna='300313' [1][0] OK
C:[28/05/2013 14:17:29.87][201.243.122.239][1405] SELECT c_asigna FROM dace004 WHERE exp_e='11-21251091' AND c_asigna='300213' AND status IN ('0','3','B') [1][0] OK
C:[28/05/2013 14:17:29.87][201.243.122.239][1405] SELECT c_asigna FROM dace004 WHERE exp_e='11-21251091' AND c_asigna='300226' AND status IN ('0','3','B') [1][0] OK
C:[28/05/2013 14:17:29.87][201.243.122.239][1405] SELECT c_asigna FROM dace004 WHERE exp_e='11-21251091' AND c_asigna='300209' AND status IN ('0','3','B') [1][0] OK
C:[28/05/2013 14:17:29.87][201.243.122.239][1392] SELECT pre_cod_asig1,pre_cod_asig2,pre_cod_asig3,pre_cod_asig4,pre_cod_asig5,pre_cod_asig6,pre_cod_asig7 FROM tblaca009 WHERE pensum='5' AND c_uni_ca='2' AND c_asigna='300318' [1][0] OK
C:[28/05/2013 14:17:29.87][201.243.122.239][1405] SELECT c_asigna FROM dace004 WHERE exp_e='11-21251091' AND c_asigna='300228' AND status IN ('0','3','B') [1][0] OK
C:[28/05/2013 14:17:29.87][201.243.122.239][1405] SELECT c_asigna FROM dace004 WHERE exp_e='11-21251091' AND c_asigna='300207' AND status IN ('0','3','B') [1][0] OK
C:[28/05/2013 14:17:29.87][201.243.122.239][1405] SELECT c_asigna FROM dace004 WHERE exp_e='11-21251091' AND c_asigna='300218' AND status IN ('0','3','B') [1][0] OK
C:[28/05/2013 14:17:29.87][201.243.122.239][1392] SELECT pre_cod_asig1,pre_cod_asig2,pre_cod_asig3,pre_cod_asig4,pre_cod_asig5,pre_cod_asig6,pre_cod_asig7 FROM tblaca009 WHERE pensum='5' AND c_uni_ca='2' AND c_asigna='300422' [1][0] OK
C:[28/05/2013 14:17:29.87][201.243.122.239][1405] SELECT c_asigna FROM dace004 WHERE exp_e='11-21251091' AND c_asigna='300105' AND status IN ('0','3','B') [1][0] OK
C:[28/05/2013 14:17:29.87][201.243.122.239][1405] SELECT c_asigna FROM dace004 WHERE exp_e='11-21251091' AND c_asigna='300314' AND status IN ('0','3','B') [1][0] OK
C:[28/05/2013 14:17:29.87][201.243.122.239][1392] SELECT pre_cod_asig1,pre_cod_asig2,pre_cod_asig3,pre_cod_asig4,pre_cod_asig5,pre_cod_asig6,pre_cod_asig7 FROM tblaca009 WHERE pensum='5' AND c_uni_ca='2' AND c_asigna='322433' [1][0] OK
C:[28/05/2013 14:17:29.87][201.243.122.239][1405] SELECT c_asigna FROM dace004 WHERE exp_e='11-21251091' AND c_asigna='320323' AND status IN ('0','3','B') [1][0] OK
C:[28/05/2013 14:17:29.87][201.243.122.239][1405] SELECT c_asigna FROM dace004 WHERE exp_e='11-21251091' AND c_asigna='300209' AND status IN ('0','3','B') [1][0] OK
C:[28/05/2013 14:17:29.87][201.243.122.239][1392] SELECT pre_cod_asig1,pre_cod_asig2,pre_cod_asig3,pre_cod_asig4,pre_cod_asig5,pre_cod_asig6,pre_cod_asig7 FROM tblaca009 WHERE pensum='5' AND c_uni_ca='2' AND c_asigna='322436' [1][0] OK
C:[28/05/2013 14:17:29.87][201.243.122.239][1405] SELECT c_asigna FROM dace004 WHERE exp_e='11-21251091' AND c_asigna='300317' AND status IN ('0','3','B') [1][0] OK
C:[28/05/2013 14:17:29.87][201.243.122.239][1405] SELECT c_asigna FROM dace004 WHERE exp_e='11-21251091' AND c_asigna='320311' AND status IN ('0','3','B') [1][0] OK
C:[28/05/2013 14:17:29.37][201.243.122.239][1436] SELECT par_cod_asig1,par_cod_asig2,par_cod_asig3 FROM tblaca009 WHERE pensum='5' AND c_uni_ca='2' AND c_asigna='322558' [1][0] OK
C:[28/05/2013 14:17:29.37][201.243.122.239][1436] SELECT par_cod_asig1,par_cod_asig2,par_cod_asig3 FROM tblaca009 WHERE pensum='5' AND c_uni_ca='2' AND c_asigna='300313' [1][0] OK
C:[28/05/2013 14:17:29.37][201.243.122.239][1436] SELECT par_cod_asig1,par_cod_asig2,par_cod_asig3 FROM tblaca009 WHERE pensum='5' AND c_uni_ca='2' AND c_asigna='300318' [1][0] OK
C:[28/05/2013 14:17:29.37][201.243.122.239][1436] SELECT par_cod_asig1,par_cod_asig2,par_cod_asig3 FROM tblaca009 WHERE pensum='5' AND c_uni_ca='2' AND c_asigna='300422' [1][0] OK
C:[28/05/2013 14:17:29.37][201.243.122.239][1436] SELECT par_cod_asig1,par_cod_asig2,par_cod_asig3 FROM tblaca009 WHERE pensum='5' AND c_uni_ca='2' AND c_asigna='322433' [1][0] OK
C:[28/05/2013 14:17:29.37][201.243.122.239][1436] SELECT par_cod_asig1,par_cod_asig2,par_cod_asig3 FROM tblaca009 WHERE pensum='5' AND c_uni_ca='2' AND c_asigna='322436' [1][0] OK
C:[28/05/2013 14:17:30.13][201.243.122.239][1566] SELECT horas_lab FROM tblaca008 WHERE c_asigna='322558' AND horas_teoricas > 0 [1][0] OK
C:[28/05/2013 14:17:30.24][201.243.122.239][1600] SELECT sum(u_creditos*1) FROM dace006 a, tblaca009 b WHERE a.exp_e='11-21251091' AND a.lapso='2013-1' AND b.pensum='5' AND b.c_uni_ca='2' AND status IN ('7','A','2') AND a.c_asigna=b.c_asigna  [1][0] OK
C:[28/05/2013 14:17:30.87][201.243.122.239][1619] SELECT sum(u_creditos*1) FROM dace006 a, tblaca009 b WHERE a.exp_e='11-21251091' AND a.lapso='2013-1' AND b.pensum='5' AND b.c_uni_ca='2' AND status IN ('7','A','2') AND a.c_asigna=b.c_asigna AND a.c_asigna IN ('300313','300318','300422','322433','322436') [1][0] OK
C:[28/05/2013 14:17:30.50][201.243.122.239][1635] SELECT MAX(semestre) FROM dace006 a, tblaca009 b WHERE a.exp_e='11-21251091' AND a.lapso='2013-1' AND b.pensum='5' AND b.c_uni_ca='2' AND status IN ('7','A','2') AND a.c_asigna=b.c_asigna  [1][0] OK
C:[28/05/2013 14:17:30.87][201.243.122.239][1655] SELECT MIN(semestre) FROM dace006 a, tblaca009 b WHERE a.exp_e='11-21251091' AND a.lapso='2013-1' AND b.pensum='5' AND b.c_uni_ca='2' AND status IN ('7','A','2') AND a.c_asigna=b.c_asigna AND a.c_asigna IN ('322558') [1][0] OK
C:[28/05/2013 14:19:59.98][186.90.62.169][1392] SELECT pre_cod_asig1,pre_cod_asig2,pre_cod_asig3,pre_cod_asig4,pre_cod_asig5,pre_cod_asig6,pre_cod_asig7 FROM tblaca009 WHERE pensum='5' AND c_uni_ca='4' AND c_asigna='300218' [1][0] OK
C:[28/05/2013 14:19:59.98][186.90.62.169][1405] SELECT c_asigna FROM dace004 WHERE exp_e='12-25081412' AND c_asigna='300101' AND status IN ('0','3','B') [1][0] OK
C:[28/05/2013 14:19:59.98][186.90.62.169][1392] SELECT pre_cod_asig1,pre_cod_asig2,pre_cod_asig3,pre_cod_asig4,pre_cod_asig5,pre_cod_asig6,pre_cod_asig7 FROM tblaca009 WHERE pensum='5' AND c_uni_ca='4' AND c_asigna='300112' [1][0] OK
C:[28/05/2013 14:19:59.98][186.90.62.169][1392] SELECT pre_cod_asig1,pre_cod_asig2,pre_cod_asig3,pre_cod_asig4,pre_cod_asig5,pre_cod_asig6,pre_cod_asig7 FROM tblaca009 WHERE pensum='5' AND c_uni_ca='4' AND c_asigna='300116' [1][0] OK
C:[28/05/2013 14:19:59.98][186.90.62.169][1392] SELECT pre_cod_asig1,pre_cod_asig2,pre_cod_asig3,pre_cod_asig4,pre_cod_asig5,pre_cod_asig6,pre_cod_asig7 FROM tblaca009 WHERE pensum='5' AND c_uni_ca='4' AND c_asigna='300207' [1][0] OK
C:[28/05/2013 14:19:59.98][186.90.62.169][1405] SELECT c_asigna FROM dace004 WHERE exp_e='12-25081412' AND c_asigna='300101' AND status IN ('0','3','B') [1][0] OK
C:[28/05/2013 14:19:59.98][186.90.62.169][1392] SELECT pre_cod_asig1,pre_cod_asig2,pre_cod_asig3,pre_cod_asig4,pre_cod_asig5,pre_cod_asig6,pre_cod_asig7 FROM tblaca009 WHERE pensum='5' AND c_uni_ca='4' AND c_asigna='300228' [1][0] OK
C:[28/05/2013 14:19:59.98][186.90.62.169][1405] SELECT c_asigna FROM dace004 WHERE exp_e='12-25081412' AND c_asigna='300101' AND status IN ('0','3','B') [1][0] OK
C:[28/05/2013 14:20:00.98][186.90.62.169][1436] SELECT par_cod_asig1,par_cod_asig2,par_cod_asig3 FROM tblaca009 WHERE pensum='5' AND c_uni_ca='4' AND c_asigna='300218' [1][0] OK
C:[28/05/2013 14:20:00.98][186.90.62.169][1450] SELECT c_asigna FROM dace004 WHERE exp_e='12-25081412' AND c_asigna='300228' AND status IN ('0','3','B','C') [0][0] OK
C:[28/05/2013 14:20:00.98][186.90.62.169][1436] SELECT par_cod_asig1,par_cod_asig2,par_cod_asig3 FROM tblaca009 WHERE pensum='5' AND c_uni_ca='4' AND c_asigna='300112' [1][0] OK
C:[28/05/2013 14:20:00.98][186.90.62.169][1436] SELECT par_cod_asig1,par_cod_asig2,par_cod_asig3 FROM tblaca009 WHERE pensum='5' AND c_uni_ca='4' AND c_asigna='300116' [1][0] OK
C:[28/05/2013 14:20:00.98][186.90.62.169][1436] SELECT par_cod_asig1,par_cod_asig2,par_cod_asig3 FROM tblaca009 WHERE pensum='5' AND c_uni_ca='4' AND c_asigna='300207' [1][0] OK
C:[28/05/2013 14:20:00.98][186.90.62.169][1436] SELECT par_cod_asig1,par_cod_asig2,par_cod_asig3 FROM tblaca009 WHERE pensum='5' AND c_uni_ca='4' AND c_asigna='300228' [1][0] OK
C:[28/05/2013 14:20:00.74][186.90.62.169][1566] SELECT horas_lab FROM tblaca008 WHERE c_asigna='300218' AND horas_teoricas > 0 [0][0] OK
C:[28/05/2013 14:20:00.85][186.90.62.169][1600] SELECT sum(u_creditos*1) FROM dace006 a, tblaca009 b WHERE a.exp_e='12-25081412' AND a.lapso='2013-1' AND b.pensum='5' AND b.c_uni_ca='4' AND status IN ('7','A','2') AND a.c_asigna=b.c_asigna  [1][0] OK
C:[28/05/2013 14:20:00.05][186.90.62.169][1619] SELECT sum(u_creditos*1) FROM dace006 a, tblaca009 b WHERE a.exp_e='12-25081412' AND a.lapso='2013-1' AND b.pensum='5' AND b.c_uni_ca='4' AND status IN ('7','A','2') AND a.c_asigna=b.c_asigna AND a.c_asigna IN ('300112','300116','300207','300228') [1][0] OK
C:[28/05/2013 14:20:00.42][186.90.62.169][1635] SELECT MAX(semestre) FROM dace006 a, tblaca009 b WHERE a.exp_e='12-25081412' AND a.lapso='2013-1' AND b.pensum='5' AND b.c_uni_ca='4' AND status IN ('7','A','2') AND a.c_asigna=b.c_asigna  [1][0] OK
C:[28/05/2013 14:20:00.04][186.90.62.169][1655] SELECT MIN(semestre) FROM dace006 a, tblaca009 b WHERE a.exp_e='12-25081412' AND a.lapso='2013-1' AND b.pensum='5' AND b.c_uni_ca='4' AND status IN ('7','A','2') AND a.c_asigna=b.c_asigna AND a.c_asigna IN ('300218') [1][0] OK
C:[28/05/2013 15:06:54.14][186.90.62.169][1392] SELECT pre_cod_asig1,pre_cod_asig2,pre_cod_asig3,pre_cod_asig4,pre_cod_asig5,pre_cod_asig6,pre_cod_asig7 FROM tblaca009 WHERE pensum='5' AND c_uni_ca='2' AND c_asigna='320323' [1][0] OK
C:[28/05/2013 15:06:54.14][186.90.62.169][1405] SELECT c_asigna FROM dace004 WHERE exp_e='11-24579309' AND c_asigna='300228' AND status IN ('0','3','B') [1][0] OK
C:[28/05/2013 15:06:54.14][186.90.62.169][1405] SELECT c_asigna FROM dace004 WHERE exp_e='11-24579309' AND c_asigna='300218' AND status IN ('0','3','B') [1][0] OK
C:[28/05/2013 15:06:54.14][186.90.62.169][1392] SELECT pre_cod_asig1,pre_cod_asig2,pre_cod_asig3,pre_cod_asig4,pre_cod_asig5,pre_cod_asig6,pre_cod_asig7 FROM tblaca009 WHERE pensum='5' AND c_uni_ca='2' AND c_asigna='300313' [1][0] OK
C:[28/05/2013 15:06:54.14][186.90.62.169][1405] SELECT c_asigna FROM dace004 WHERE exp_e='11-24579309' AND c_asigna='300213' AND status IN ('0','3','B') [1][0] OK
C:[28/05/2013 15:06:54.14][186.90.62.169][1405] SELECT c_asigna FROM dace004 WHERE exp_e='11-24579309' AND c_asigna='300226' AND status IN ('0','3','B') [1][0] OK
C:[28/05/2013 15:06:54.14][186.90.62.169][1405] SELECT c_asigna FROM dace004 WHERE exp_e='11-24579309' AND c_asigna='300209' AND status IN ('0','3','B') [1][0] OK
C:[28/05/2013 15:06:54.14][186.90.62.169][1392] SELECT pre_cod_asig1,pre_cod_asig2,pre_cod_asig3,pre_cod_asig4,pre_cod_asig5,pre_cod_asig6,pre_cod_asig7 FROM tblaca009 WHERE pensum='5' AND c_uni_ca='2' AND c_asigna='300317' [1][0] OK
C:[28/05/2013 15:06:54.14][186.90.62.169][1405] SELECT c_asigna FROM dace004 WHERE exp_e='11-24579309' AND c_asigna='300207' AND status IN ('0','3','B') [1][0] OK
C:[28/05/2013 15:06:54.14][186.90.62.169][1405] SELECT c_asigna FROM dace004 WHERE exp_e='11-24579309' AND c_asigna='300209' AND status IN ('0','3','B') [1][0] OK
C:[28/05/2013 15:06:54.14][186.90.62.169][1392] SELECT pre_cod_asig1,pre_cod_asig2,pre_cod_asig3,pre_cod_asig4,pre_cod_asig5,pre_cod_asig6,pre_cod_asig7 FROM tblaca009 WHERE pensum='5' AND c_uni_ca='2' AND c_asigna='300318' [1][0] OK
C:[28/05/2013 15:06:54.14][186.90.62.169][1405] SELECT c_asigna FROM dace004 WHERE exp_e='11-24579309' AND c_asigna='300228' AND status IN ('0','3','B') [1][0] OK
C:[28/05/2013 15:06:54.14][186.90.62.169][1405] SELECT c_asigna FROM dace004 WHERE exp_e='11-24579309' AND c_asigna='300207' AND status IN ('0','3','B') [1][0] OK
C:[28/05/2013 15:06:54.14][186.90.62.169][1405] SELECT c_asigna FROM dace004 WHERE exp_e='11-24579309' AND c_asigna='300218' AND status IN ('0','3','B') [1][0] OK
C:[28/05/2013 15:06:54.14][186.90.62.169][1392] SELECT pre_cod_asig1,pre_cod_asig2,pre_cod_asig3,pre_cod_asig4,pre_cod_asig5,pre_cod_asig6,pre_cod_asig7 FROM tblaca009 WHERE pensum='5' AND c_uni_ca='2' AND c_asigna='322449' [1][0] OK
C:[28/05/2013 15:06:54.14][186.90.62.169][1405] SELECT c_asigna FROM dace004 WHERE exp_e='11-24579309' AND c_asigna='300222' AND status IN ('0','3','B') [1][0] OK
C:[28/05/2013 15:06:54.14][186.90.62.169][1436] SELECT par_cod_asig1,par_cod_asig2,par_cod_asig3 FROM tblaca009 WHERE pensum='5' AND c_uni_ca='2' AND c_asigna='320323' [1][0] OK
C:[28/05/2013 15:06:54.14][186.90.62.169][1436] SELECT par_cod_asig1,par_cod_asig2,par_cod_asig3 FROM tblaca009 WHERE pensum='5' AND c_uni_ca='2' AND c_asigna='300313' [1][0] OK
C:[28/05/2013 15:06:54.14][186.90.62.169][1436] SELECT par_cod_asig1,par_cod_asig2,par_cod_asig3 FROM tblaca009 WHERE pensum='5' AND c_uni_ca='2' AND c_asigna='300317' [1][0] OK
C:[28/05/2013 15:06:54.14][186.90.62.169][1436] SELECT par_cod_asig1,par_cod_asig2,par_cod_asig3 FROM tblaca009 WHERE pensum='5' AND c_uni_ca='2' AND c_asigna='300318' [1][0] OK
C:[28/05/2013 15:06:54.14][186.90.62.169][1436] SELECT par_cod_asig1,par_cod_asig2,par_cod_asig3 FROM tblaca009 WHERE pensum='5' AND c_uni_ca='2' AND c_asigna='322449' [1][0] OK
C:[28/05/2013 15:06:54.79][186.90.62.169][1566] SELECT horas_lab FROM tblaca008 WHERE c_asigna='320323' AND horas_teoricas > 0 [1][0] OK
C:[28/05/2013 15:06:54.89][186.90.62.169][1600] SELECT sum(u_creditos*1) FROM dace006 a, tblaca009 b WHERE a.exp_e='11-24579309' AND a.lapso='2013-1' AND b.pensum='5' AND b.c_uni_ca='2' AND status IN ('7','A','2') AND a.c_asigna=b.c_asigna  [1][0] OK
C:[28/05/2013 15:06:54.52][186.90.62.169][1619] SELECT sum(u_creditos*1) FROM dace006 a, tblaca009 b WHERE a.exp_e='11-24579309' AND a.lapso='2013-1' AND b.pensum='5' AND b.c_uni_ca='2' AND status IN ('7','A','2') AND a.c_asigna=b.c_asigna AND a.c_asigna IN ('300313','300317','300318','322449') [1][0] OK
C:[28/05/2013 15:06:55.02][186.90.62.169][1635] SELECT MAX(semestre) FROM dace006 a, tblaca009 b WHERE a.exp_e='11-24579309' AND a.lapso='2013-1' AND b.pensum='5' AND b.c_uni_ca='2' AND status IN ('7','A','2') AND a.c_asigna=b.c_asigna  [1][0] OK
C:[28/05/2013 15:06:55.64][186.90.62.169][1655] SELECT MIN(semestre) FROM dace006 a, tblaca009 b WHERE a.exp_e='11-24579309' AND a.lapso='2013-1' AND b.pensum='5' AND b.c_uni_ca='2' AND status IN ('7','A','2') AND a.c_asigna=b.c_asigna AND a.c_asigna IN ('320323') [1][0] OK
C:[28/05/2013 20:24:56.09][181.182.111.223][1392] SELECT pre_cod_asig1,pre_cod_asig2,pre_cod_asig3,pre_cod_asig4,pre_cod_asig5,pre_cod_asig6,pre_cod_asig7 FROM tblaca009 WHERE pensum='5' AND c_uni_ca='4' AND c_asigna='330310' [1][0] OK
C:[28/05/2013 20:24:56.09][181.182.111.223][1405] SELECT c_asigna FROM dace004 WHERE exp_e='12-20805979' AND c_asigna='300013' AND status IN ('0','3','B') [1][0] OK
C:[28/05/2013 20:24:56.09][181.182.111.223][1405] SELECT c_asigna FROM dace004 WHERE exp_e='12-20805979' AND c_asigna='300113' AND status IN ('0','3','B') [1][0] OK
C:[28/05/2013 20:24:56.09][181.182.111.223][1392] SELECT pre_cod_asig1,pre_cod_asig2,pre_cod_asig3,pre_cod_asig4,pre_cod_asig5,pre_cod_asig6,pre_cod_asig7 FROM tblaca009 WHERE pensum='5' AND c_uni_ca='4' AND c_asigna='300101' [1][0] OK
C:[28/05/2013 20:24:56.09][181.182.111.223][1392] SELECT pre_cod_asig1,pre_cod_asig2,pre_cod_asig3,pre_cod_asig4,pre_cod_asig5,pre_cod_asig6,pre_cod_asig7 FROM tblaca009 WHERE pensum='5' AND c_uni_ca='4' AND c_asigna='300112' [1][0] OK
C:[28/05/2013 20:24:56.09][181.182.111.223][1392] SELECT pre_cod_asig1,pre_cod_asig2,pre_cod_asig3,pre_cod_asig4,pre_cod_asig5,pre_cod_asig6,pre_cod_asig7 FROM tblaca009 WHERE pensum='5' AND c_uni_ca='4' AND c_asigna='300226' [1][0] OK
C:[28/05/2013 20:24:56.09][181.182.111.223][1405] SELECT c_asigna FROM dace004 WHERE exp_e='12-20805979' AND c_asigna='300116' AND status IN ('0','3','B') [1][0] OK
C:[28/05/2013 20:24:56.97][181.182.111.223][1436] SELECT par_cod_asig1,par_cod_asig2,par_cod_asig3 FROM tblaca009 WHERE pensum='5' AND c_uni_ca='4' AND c_asigna='330310' [1][0] OK
C:[28/05/2013 20:24:56.97][181.182.111.223][1436] SELECT par_cod_asig1,par_cod_asig2,par_cod_asig3 FROM tblaca009 WHERE pensum='5' AND c_uni_ca='4' AND c_asigna='300101' [1][0] OK
C:[28/05/2013 20:24:56.97][181.182.111.223][1436] SELECT par_cod_asig1,par_cod_asig2,par_cod_asig3 FROM tblaca009 WHERE pensum='5' AND c_uni_ca='4' AND c_asigna='300112' [1][0] OK
C:[28/05/2013 20:24:56.97][181.182.111.223][1436] SELECT par_cod_asig1,par_cod_asig2,par_cod_asig3 FROM tblaca009 WHERE pensum='5' AND c_uni_ca='4' AND c_asigna='300226' [1][0] OK
C:[28/05/2013 20:24:56.56][181.182.111.223][1566] SELECT horas_lab FROM tblaca008 WHERE c_asigna='330310' AND horas_teoricas > 0 [1][0] OK
C:[28/05/2013 20:24:56.60][181.182.111.223][1600] SELECT sum(u_creditos*1) FROM dace006 a, tblaca009 b WHERE a.exp_e='12-20805979' AND a.lapso='2013-1' AND b.pensum='5' AND b.c_uni_ca='4' AND status IN ('7','A','2') AND a.c_asigna=b.c_asigna  [1][0] OK
C:[28/05/2013 20:24:56.54][181.182.111.223][1619] SELECT sum(u_creditos*1) FROM dace006 a, tblaca009 b WHERE a.exp_e='12-20805979' AND a.lapso='2013-1' AND b.pensum='5' AND b.c_uni_ca='4' AND status IN ('7','A','2') AND a.c_asigna=b.c_asigna AND a.c_asigna IN ('300101','300112','300226') [1][0] OK
C:[28/05/2013 20:24:56.91][181.182.111.223][1635] SELECT MAX(semestre) FROM dace006 a, tblaca009 b WHERE a.exp_e='12-20805979' AND a.lapso='2013-1' AND b.pensum='5' AND b.c_uni_ca='4' AND status IN ('7','A','2') AND a.c_asigna=b.c_asigna  [1][0] OK
C:[28/05/2013 20:24:57.85][181.182.111.223][1655] SELECT MIN(semestre) FROM dace006 a, tblaca009 b WHERE a.exp_e='12-20805979' AND a.lapso='2013-1' AND b.pensum='5' AND b.c_uni_ca='4' AND status IN ('7','A','2') AND a.c_asigna=b.c_asigna AND a.c_asigna IN ('330310') [1][0] OK
C:[28/05/2013 22:15:58.34][190.36.1.235][1392] SELECT pre_cod_asig1,pre_cod_asig2,pre_cod_asig3,pre_cod_asig4,pre_cod_asig5,pre_cod_asig6,pre_cod_asig7 FROM tblaca009 WHERE pensum='5' AND c_uni_ca='4' AND c_asigna='330310' [1][0] OK
C:[28/05/2013 22:15:58.34][190.36.1.235][1405] SELECT c_asigna FROM dace004 WHERE exp_e='12-22207025' AND c_asigna='300013' AND status IN ('0','3','B') [1][0] OK
C:[28/05/2013 22:15:58.34][190.36.1.235][1405] SELECT c_asigna FROM dace004 WHERE exp_e='12-22207025' AND c_asigna='300113' AND status IN ('0','3','B') [1][0] OK
C:[28/05/2013 22:15:58.34][190.36.1.235][1392] SELECT pre_cod_asig1,pre_cod_asig2,pre_cod_asig3,pre_cod_asig4,pre_cod_asig5,pre_cod_asig6,pre_cod_asig7 FROM tblaca009 WHERE pensum='5' AND c_uni_ca='4' AND c_asigna='300101' [1][0] OK
C:[28/05/2013 22:15:58.34][190.36.1.235][1392] SELECT pre_cod_asig1,pre_cod_asig2,pre_cod_asig3,pre_cod_asig4,pre_cod_asig5,pre_cod_asig6,pre_cod_asig7 FROM tblaca009 WHERE pensum='5' AND c_uni_ca='4' AND c_asigna='300112' [1][0] OK
C:[28/05/2013 22:15:58.34][190.36.1.235][1392] SELECT pre_cod_asig1,pre_cod_asig2,pre_cod_asig3,pre_cod_asig4,pre_cod_asig5,pre_cod_asig6,pre_cod_asig7 FROM tblaca009 WHERE pensum='5' AND c_uni_ca='4' AND c_asigna='300314' [1][0] OK
C:[28/05/2013 22:15:58.34][190.36.1.235][1405] SELECT c_asigna FROM dace004 WHERE exp_e='12-22207025' AND c_asigna='300106' AND status IN ('0','3','B') [1][0] OK
C:[28/05/2013 22:15:58.34][190.36.1.235][1392] SELECT pre_cod_asig1,pre_cod_asig2,pre_cod_asig3,pre_cod_asig4,pre_cod_asig5,pre_cod_asig6,pre_cod_asig7 FROM tblaca009 WHERE pensum='5' AND c_uni_ca='4' AND c_asigna='333326' [1][0] OK
C:[28/05/2013 22:15:58.34][190.36.1.235][1436] SELECT par_cod_asig1,par_cod_asig2,par_cod_asig3 FROM tblaca009 WHERE pensum='5' AND c_uni_ca='4' AND c_asigna='330310' [1][0] OK
C:[28/05/2013 22:15:58.34][190.36.1.235][1436] SELECT par_cod_asig1,par_cod_asig2,par_cod_asig3 FROM tblaca009 WHERE pensum='5' AND c_uni_ca='4' AND c_asigna='300101' [1][0] OK
C:[28/05/2013 22:15:58.34][190.36.1.235][1436] SELECT par_cod_asig1,par_cod_asig2,par_cod_asig3 FROM tblaca009 WHERE pensum='5' AND c_uni_ca='4' AND c_asigna='300112' [1][0] OK
C:[28/05/2013 22:15:58.34][190.36.1.235][1436] SELECT par_cod_asig1,par_cod_asig2,par_cod_asig3 FROM tblaca009 WHERE pensum='5' AND c_uni_ca='4' AND c_asigna='300314' [1][0] OK
C:[28/05/2013 22:15:58.34][190.36.1.235][1436] SELECT par_cod_asig1,par_cod_asig2,par_cod_asig3 FROM tblaca009 WHERE pensum='5' AND c_uni_ca='4' AND c_asigna='333326' [1][0] OK
C:[28/05/2013 22:15:58.98][190.36.1.235][1566] SELECT horas_lab FROM tblaca008 WHERE c_asigna='330310' AND horas_teoricas > 0 [1][0] OK
C:[28/05/2013 22:15:58.09][190.36.1.235][1600] SELECT sum(u_creditos*1) FROM dace006 a, tblaca009 b WHERE a.exp_e='12-22207025' AND a.lapso='2013-1' AND b.pensum='5' AND b.c_uni_ca='4' AND status IN ('7','A','2') AND a.c_asigna=b.c_asigna  [1][0] OK
C:[28/05/2013 22:15:58.02][190.36.1.235][1619] SELECT sum(u_creditos*1) FROM dace006 a, tblaca009 b WHERE a.exp_e='12-22207025' AND a.lapso='2013-1' AND b.pensum='5' AND b.c_uni_ca='4' AND status IN ('7','A','2') AND a.c_asigna=b.c_asigna AND a.c_asigna IN ('300101','300112','300314','333326') [1][0] OK
C:[28/05/2013 22:15:58.96][190.36.1.235][1635] SELECT MAX(semestre) FROM dace006 a, tblaca009 b WHERE a.exp_e='12-22207025' AND a.lapso='2013-1' AND b.pensum='5' AND b.c_uni_ca='4' AND status IN ('7','A','2') AND a.c_asigna=b.c_asigna  [1][0] OK
C:[28/05/2013 22:15:59.34][190.36.1.235][1655] SELECT MIN(semestre) FROM dace006 a, tblaca009 b WHERE a.exp_e='12-22207025' AND a.lapso='2013-1' AND b.pensum='5' AND b.c_uni_ca='4' AND status IN ('7','A','2') AND a.c_asigna=b.c_asigna AND a.c_asigna IN ('330310') [1][0] OK
C:[28/05/2013 22:24:11.11][190.200.53.78][1392] SELECT pre_cod_asig1,pre_cod_asig2,pre_cod_asig3,pre_cod_asig4,pre_cod_asig5,pre_cod_asig6,pre_cod_asig7 FROM tblaca009 WHERE pensum='5' AND c_uni_ca='5' AND c_asigna='355693' [1][0] OK
C:[28/05/2013 22:24:11.11][190.200.53.78][1405] SELECT c_asigna FROM dace004 WHERE exp_e='08-20804454' AND c_asigna='355572' AND status IN ('0','3','B') [1][0] OK
C:[28/05/2013 22:24:11.11][190.200.53.78][1405] SELECT c_asigna FROM dace004 WHERE exp_e='08-20804454' AND c_asigna='352440' AND status IN ('0','3','B') [1][0] OK
C:[28/05/2013 22:24:11.11][190.200.53.78][1405] SELECT c_asigna FROM dace004 WHERE exp_e='08-20804454' AND c_asigna='355573' AND status IN ('0','3','B') [1][0] OK
C:[28/05/2013 22:24:11.11][190.200.53.78][1405] SELECT c_asigna FROM dace004 WHERE exp_e='08-20804454' AND c_asigna='300226' AND status IN ('0','3','B') [1][0] OK
C:[28/05/2013 22:24:11.11][190.200.53.78][1405] SELECT c_asigna FROM dace004 WHERE exp_e='08-20804454' AND c_asigna='300222' AND status IN ('0','3','B') [1][0] OK
C:[28/05/2013 22:24:11.11][190.200.53.78][1405] SELECT c_asigna FROM dace004 WHERE exp_e='08-20804454' AND c_asigna='300013' AND status IN ('0','3','B') [1][0] OK
C:[28/05/2013 22:24:11.11][190.200.53.78][1405] SELECT c_asigna FROM dace004 WHERE exp_e='08-20804454' AND c_asigna='300113' AND status IN ('0','3','B') [1][0] OK
C:[28/05/2013 22:24:11.11][190.200.53.78][1392] SELECT pre_cod_asig1,pre_cod_asig2,pre_cod_asig3,pre_cod_asig4,pre_cod_asig5,pre_cod_asig6,pre_cod_asig7 FROM tblaca009 WHERE pensum='5' AND c_uni_ca='5' AND c_asigna='300422' [1][0] OK
C:[28/05/2013 22:24:11.11][190.200.53.78][1405] SELECT c_asigna FROM dace004 WHERE exp_e='08-20804454' AND c_asigna='300105' AND status IN ('0','3','B') [1][0] OK
C:[28/05/2013 22:24:11.11][190.200.53.78][1405] SELECT c_asigna FROM dace004 WHERE exp_e='08-20804454' AND c_asigna='300314' AND status IN ('0','3','B') [1][0] OK
C:[28/05/2013 22:24:11.11][190.200.53.78][1392] SELECT pre_cod_asig1,pre_cod_asig2,pre_cod_asig3,pre_cod_asig4,pre_cod_asig5,pre_cod_asig6,pre_cod_asig7 FROM tblaca009 WHERE pensum='5' AND c_uni_ca='5' AND c_asigna='355691' [1][0] OK
C:[28/05/2013 22:24:11.11][190.200.53.78][1405] SELECT c_asigna FROM dace004 WHERE exp_e='08-20804454' AND c_asigna='355571' AND status IN ('0','3','B') [1][0] OK
C:[28/05/2013 22:24:11.11][190.200.53.78][1392] SELECT pre_cod_asig1,pre_cod_asig2,pre_cod_asig3,pre_cod_asig4,pre_cod_asig5,pre_cod_asig6,pre_cod_asig7 FROM tblaca009 WHERE pensum='5' AND c_uni_ca='5' AND c_asigna='355694' [1][0] OK
C:[28/05/2013 22:24:11.11][190.200.53.78][1405] SELECT c_asigna FROM dace004 WHERE exp_e='08-20804454' AND c_asigna='355572' AND status IN ('0','3','B') [1][0] OK
C:[28/05/2013 22:24:11.11][190.200.53.78][1405] SELECT c_asigna FROM dace004 WHERE exp_e='08-20804454' AND c_asigna='355571' AND status IN ('0','3','B') [1][0] OK
C:[28/05/2013 22:24:11.11][190.200.53.78][1392] SELECT pre_cod_asig1,pre_cod_asig2,pre_cod_asig3,pre_cod_asig4,pre_cod_asig5,pre_cod_asig6,pre_cod_asig7 FROM tblaca009 WHERE pensum='5' AND c_uni_ca='5' AND c_asigna='355696' [1][0] OK
C:[28/05/2013 22:24:11.11][190.200.53.78][1405] SELECT c_asigna FROM dace004 WHERE exp_e='08-20804454' AND c_asigna='355570' AND status IN ('0','3','B') [1][0] OK
C:[28/05/2013 22:24:11.11][190.200.53.78][1405] SELECT c_asigna FROM dace004 WHERE exp_e='08-20804454' AND c_asigna='355571' AND status IN ('0','3','B') [1][0] OK
C:[28/05/2013 22:24:11.11][190.200.53.78][1392] SELECT pre_cod_asig1,pre_cod_asig2,pre_cod_asig3,pre_cod_asig4,pre_cod_asig5,pre_cod_asig6,pre_cod_asig7 FROM tblaca009 WHERE pensum='5' AND c_uni_ca='5' AND c_asigna='300676' [1][0] OK
C:[28/05/2013 22:24:12.61][190.200.53.78][1436] SELECT par_cod_asig1,par_cod_asig2,par_cod_asig3 FROM tblaca009 WHERE pensum='5' AND c_uni_ca='5' AND c_asigna='355693' [1][0] OK
C:[28/05/2013 22:24:12.61][190.200.53.78][1436] SELECT par_cod_asig1,par_cod_asig2,par_cod_asig3 FROM tblaca009 WHERE pensum='5' AND c_uni_ca='5' AND c_asigna='300422' [1][0] OK
C:[28/05/2013 22:24:12.61][190.200.53.78][1436] SELECT par_cod_asig1,par_cod_asig2,par_cod_asig3 FROM tblaca009 WHERE pensum='5' AND c_uni_ca='5' AND c_asigna='355691' [1][0] OK
C:[28/05/2013 22:24:12.61][190.200.53.78][1436] SELECT par_cod_asig1,par_cod_asig2,par_cod_asig3 FROM tblaca009 WHERE pensum='5' AND c_uni_ca='5' AND c_asigna='355694' [1][0] OK
C:[28/05/2013 22:24:12.61][190.200.53.78][1436] SELECT par_cod_asig1,par_cod_asig2,par_cod_asig3 FROM tblaca009 WHERE pensum='5' AND c_uni_ca='5' AND c_asigna='355696' [1][0] OK
C:[28/05/2013 22:24:12.61][190.200.53.78][1436] SELECT par_cod_asig1,par_cod_asig2,par_cod_asig3 FROM tblaca009 WHERE pensum='5' AND c_uni_ca='5' AND c_asigna='300676' [1][0] OK
C:[28/05/2013 22:24:12.37][190.200.53.78][1566] SELECT horas_lab FROM tblaca008 WHERE c_asigna='355693' AND horas_teoricas > 0 [1][0] OK
C:[28/05/2013 22:24:12.48][190.200.53.78][1600] SELECT sum(u_creditos*1) FROM dace006 a, tblaca009 b WHERE a.exp_e='08-20804454' AND a.lapso='2013-1' AND b.pensum='5' AND b.c_uni_ca='5' AND status IN ('7','A','2') AND a.c_asigna=b.c_asigna  [1][0] OK
C:[28/05/2013 22:24:12.86][190.200.53.78][1619] SELECT sum(u_creditos*1) FROM dace006 a, tblaca009 b WHERE a.exp_e='08-20804454' AND a.lapso='2013-1' AND b.pensum='5' AND b.c_uni_ca='5' AND status IN ('7','A','2') AND a.c_asigna=b.c_asigna AND a.c_asigna IN ('300422','355691','355694','355696','300676') [1][0] OK
C:[28/05/2013 22:24:12.79][190.200.53.78][1635] SELECT MAX(semestre) FROM dace006 a, tblaca009 b WHERE a.exp_e='08-20804454' AND a.lapso='2013-1' AND b.pensum='5' AND b.c_uni_ca='5' AND status IN ('7','A','2') AND a.c_asigna=b.c_asigna  [1][0] OK
C:[28/05/2013 22:24:13.73][190.200.53.78][1655] SELECT MIN(semestre) FROM dace006 a, tblaca009 b WHERE a.exp_e='08-20804454' AND a.lapso='2013-1' AND b.pensum='5' AND b.c_uni_ca='5' AND status IN ('7','A','2') AND a.c_asigna=b.c_asigna AND a.c_asigna IN ('355693') [1][0] OK
C:[28/05/2013 22:40:18.88][190.207.50.68][1392] SELECT pre_cod_asig1,pre_cod_asig2,pre_cod_asig3,pre_cod_asig4,pre_cod_asig5,pre_cod_asig6,pre_cod_asig7 FROM tblaca009 WHERE pensum='5' AND c_uni_ca='5' AND c_asigna='355835' [1][0] OK
C:[28/05/2013 22:40:18.88][190.207.50.68][1405] SELECT c_asigna FROM dace004 WHERE exp_e='01-16500643' AND c_asigna='355691' AND status IN ('0','3','B') [1][0] OK
C:[28/05/2013 22:40:18.88][190.207.50.68][1392] SELECT pre_cod_asig1,pre_cod_asig2,pre_cod_asig3,pre_cod_asig4,pre_cod_asig5,pre_cod_asig6,pre_cod_asig7 FROM tblaca009 WHERE pensum='5' AND c_uni_ca='5' AND c_asigna='355724' [1][0] OK
C:[28/05/2013 22:40:18.88][190.207.50.68][1405] SELECT c_asigna FROM dace004 WHERE exp_e='01-16500643' AND c_asigna='355692' AND status IN ('0','3','B') [1][0] OK
C:[28/05/2013 22:40:18.88][190.207.50.68][1392] SELECT pre_cod_asig1,pre_cod_asig2,pre_cod_asig3,pre_cod_asig4,pre_cod_asig5,pre_cod_asig6,pre_cod_asig7 FROM tblaca009 WHERE pensum='5' AND c_uni_ca='5' AND c_asigna='300676' [1][0] OK
C:[28/05/2013 22:40:18.88][190.207.50.68][1392] SELECT pre_cod_asig1,pre_cod_asig2,pre_cod_asig3,pre_cod_asig4,pre_cod_asig5,pre_cod_asig6,pre_cod_asig7 FROM tblaca009 WHERE pensum='5' AND c_uni_ca='5' AND c_asigna='355833' [1][0] OK
C:[28/05/2013 22:40:18.88][190.207.50.68][1405] SELECT c_asigna FROM dace004 WHERE exp_e='01-16500643' AND c_asigna='355694' AND status IN ('0','3','B') [1][0] OK
C:[28/05/2013 22:40:19.76][190.207.50.68][1436] SELECT par_cod_asig1,par_cod_asig2,par_cod_asig3 FROM tblaca009 WHERE pensum='5' AND c_uni_ca='5' AND c_asigna='355835' [1][0] OK
C:[28/05/2013 22:40:19.76][190.207.50.68][1436] SELECT par_cod_asig1,par_cod_asig2,par_cod_asig3 FROM tblaca009 WHERE pensum='5' AND c_uni_ca='5' AND c_asigna='355724' [1][0] OK
C:[28/05/2013 22:40:19.76][190.207.50.68][1436] SELECT par_cod_asig1,par_cod_asig2,par_cod_asig3 FROM tblaca009 WHERE pensum='5' AND c_uni_ca='5' AND c_asigna='300676' [1][0] OK
C:[28/05/2013 22:40:19.76][190.207.50.68][1436] SELECT par_cod_asig1,par_cod_asig2,par_cod_asig3 FROM tblaca009 WHERE pensum='5' AND c_uni_ca='5' AND c_asigna='355833' [1][0] OK
C:[28/05/2013 22:40:19.29][190.207.50.68][1566] SELECT horas_lab FROM tblaca008 WHERE c_asigna='355835' AND horas_teoricas > 0 [1][0] OK
C:[28/05/2013 22:40:19.39][190.207.50.68][1600] SELECT sum(u_creditos*1) FROM dace006 a, tblaca009 b WHERE a.exp_e='01-16500643' AND a.lapso='2013-1' AND b.pensum='5' AND b.c_uni_ca='5' AND status IN ('7','A','2') AND a.c_asigna=b.c_asigna  [1][0] OK
C:[28/05/2013 22:40:19.77][190.207.50.68][1619] SELECT sum(u_creditos*1) FROM dace006 a, tblaca009 b WHERE a.exp_e='01-16500643' AND a.lapso='2013-1' AND b.pensum='5' AND b.c_uni_ca='5' AND status IN ('7','A','2') AND a.c_asigna=b.c_asigna AND a.c_asigna IN ('355724','300676','355833') [1][0] OK
C:[28/05/2013 22:40:19.70][190.207.50.68][1635] SELECT MAX(semestre) FROM dace006 a, tblaca009 b WHERE a.exp_e='01-16500643' AND a.lapso='2013-1' AND b.pensum='5' AND b.c_uni_ca='5' AND status IN ('7','A','2') AND a.c_asigna=b.c_asigna  [1][0] OK
C:[28/05/2013 22:40:19.64][190.207.50.68][1655] SELECT MIN(semestre) FROM dace006 a, tblaca009 b WHERE a.exp_e='01-16500643' AND a.lapso='2013-1' AND b.pensum='5' AND b.c_uni_ca='5' AND status IN ('7','A','2') AND a.c_asigna=b.c_asigna AND a.c_asigna IN ('355835') [1][0] OK
C:[29/05/2013 10:07:54.57][190.201.10.7][1392] SELECT pre_cod_asig1,pre_cod_asig2,pre_cod_asig3,pre_cod_asig4,pre_cod_asig5,pre_cod_asig6,pre_cod_asig7 FROM tblaca009 WHERE pensum='5' AND c_uni_ca='2' AND c_asigna='322702' [1][0] OK
C:[29/05/2013 10:07:54.57][190.201.10.7][1405] SELECT c_asigna FROM dace004 WHERE exp_e='08-20286750' AND c_asigna='322683' AND status IN ('0','3','B') [1][0] OK
C:[29/05/2013 10:07:54.57][190.201.10.7][1405] SELECT c_asigna FROM dace004 WHERE exp_e='08-20286750' AND c_asigna='300313' AND status IN ('0','3','B') [1][0] OK
C:[29/05/2013 10:07:54.57][190.201.10.7][1392] SELECT pre_cod_asig1,pre_cod_asig2,pre_cod_asig3,pre_cod_asig4,pre_cod_asig5,pre_cod_asig6,pre_cod_asig7 FROM tblaca009 WHERE pensum='5' AND c_uni_ca='2' AND c_asigna='322605' [1][0] OK
C:[29/05/2013 10:07:54.57][190.201.10.7][1405] SELECT c_asigna FROM dace004 WHERE exp_e='08-20286750' AND c_asigna='322436' AND status IN ('0','3','B') [1][0] OK
C:[29/05/2013 10:07:54.57][190.201.10.7][1392] SELECT pre_cod_asig1,pre_cod_asig2,pre_cod_asig3,pre_cod_asig4,pre_cod_asig5,pre_cod_asig6,pre_cod_asig7 FROM tblaca009 WHERE pensum='5' AND c_uni_ca='2' AND c_asigna='322780' [1][0] OK
C:[29/05/2013 10:07:54.57][190.201.10.7][1405] SELECT c_asigna FROM dace004 WHERE exp_e='08-20286750' AND c_asigna='322678' AND status IN ('0','3','B') [1][0] OK
C:[29/05/2013 10:07:54.57][190.201.10.7][1392] SELECT pre_cod_asig1,pre_cod_asig2,pre_cod_asig3,pre_cod_asig4,pre_cod_asig5,pre_cod_asig6,pre_cod_asig7 FROM tblaca009 WHERE pensum='5' AND c_uni_ca='2' AND c_asigna='322827' [1][0] OK
C:[29/05/2013 10:07:54.57][190.201.10.7][1405] SELECT c_asigna FROM dace004 WHERE exp_e='08-20286750' AND c_asigna='322703' AND status IN ('0','3','B') [1][0] OK
C:[29/05/2013 10:07:54.57][190.201.10.7][1405] SELECT c_asigna FROM dace004 WHERE exp_e='08-20286750' AND c_asigna='322782' AND status IN ('0','3','B') [1][0] OK
C:[29/05/2013 10:07:54.57][190.201.10.7][1405] SELECT c_asigna FROM dace004 WHERE exp_e='08-20286750' AND c_asigna='322449' AND status IN ('0','3','B') [1][0] OK
C:[29/05/2013 10:07:54.95][190.201.10.7][1436] SELECT par_cod_asig1,par_cod_asig2,par_cod_asig3 FROM tblaca009 WHERE pensum='5' AND c_uni_ca='2' AND c_asigna='322702' [1][0] OK
C:[29/05/2013 10:07:54.95][190.201.10.7][1436] SELECT par_cod_asig1,par_cod_asig2,par_cod_asig3 FROM tblaca009 WHERE pensum='5' AND c_uni_ca='2' AND c_asigna='322605' [1][0] OK
C:[29/05/2013 10:07:54.95][190.201.10.7][1436] SELECT par_cod_asig1,par_cod_asig2,par_cod_asig3 FROM tblaca009 WHERE pensum='5' AND c_uni_ca='2' AND c_asigna='322780' [1][0] OK
C:[29/05/2013 10:07:54.95][190.201.10.7][1436] SELECT par_cod_asig1,par_cod_asig2,par_cod_asig3 FROM tblaca009 WHERE pensum='5' AND c_uni_ca='2' AND c_asigna='322827' [1][0] OK
C:[29/05/2013 10:07:55.49][190.201.10.7][1566] SELECT horas_lab FROM tblaca008 WHERE c_asigna='322702' AND horas_teoricas > 0 [1][0] OK
C:[29/05/2013 10:07:55.57][190.201.10.7][1600] SELECT sum(u_creditos*1) FROM dace006 a, tblaca009 b WHERE a.exp_e='08-20286750' AND a.lapso='2013-1' AND b.pensum='5' AND b.c_uni_ca='2' AND status IN ('7','A','2') AND a.c_asigna=b.c_asigna  [1][0] OK
C:[29/05/2013 10:07:55.51][190.201.10.7][1619] SELECT sum(u_creditos*1) FROM dace006 a, tblaca009 b WHERE a.exp_e='08-20286750' AND a.lapso='2013-1' AND b.pensum='5' AND b.c_uni_ca='2' AND status IN ('7','A','2') AND a.c_asigna=b.c_asigna AND a.c_asigna IN ('322605','322780','322827') [1][0] OK
C:[29/05/2013 10:07:55.89][190.201.10.7][1635] SELECT MAX(semestre) FROM dace006 a, tblaca009 b WHERE a.exp_e='08-20286750' AND a.lapso='2013-1' AND b.pensum='5' AND b.c_uni_ca='2' AND status IN ('7','A','2') AND a.c_asigna=b.c_asigna  [1][0] OK
C:[29/05/2013 10:07:55.39][190.201.10.7][1655] SELECT MIN(semestre) FROM dace006 a, tblaca009 b WHERE a.exp_e='08-20286750' AND a.lapso='2013-1' AND b.pensum='5' AND b.c_uni_ca='2' AND status IN ('7','A','2') AND a.c_asigna=b.c_asigna AND a.c_asigna IN ('322702') [1][0] OK
C:[29/05/2013 10:17:01.60][68.171.231.89][1392] SELECT pre_cod_asig1,pre_cod_asig2,pre_cod_asig3,pre_cod_asig4,pre_cod_asig5,pre_cod_asig6,pre_cod_asig7 FROM tblaca009 WHERE pensum='5' AND c_uni_ca='5' AND c_asigna='300317' [1][0] OK
C:[29/05/2013 10:17:01.60][68.171.231.89][1405] SELECT c_asigna FROM dace004 WHERE exp_e='09-10941373' AND c_asigna='300207' AND status IN ('0','3','B') [1][0] OK
C:[29/05/2013 10:17:01.60][68.171.231.89][1405] SELECT c_asigna FROM dace004 WHERE exp_e='09-10941373' AND c_asigna='300209' AND status IN ('0','3','B') [1][0] OK
C:[29/05/2013 10:17:01.60][68.171.231.89][1392] SELECT pre_cod_asig1,pre_cod_asig2,pre_cod_asig3,pre_cod_asig4,pre_cod_asig5,pre_cod_asig6,pre_cod_asig7 FROM tblaca009 WHERE pensum='5' AND c_uni_ca='5' AND c_asigna='300318' [1][0] OK
C:[29/05/2013 10:17:01.60][68.171.231.89][1405] SELECT c_asigna FROM dace004 WHERE exp_e='09-10941373' AND c_asigna='300228' AND status IN ('0','3','B') [1][0] OK
C:[29/05/2013 10:17:01.60][68.171.231.89][1405] SELECT c_asigna FROM dace004 WHERE exp_e='09-10941373' AND c_asigna='300207' AND status IN ('0','3','B') [1][0] OK
C:[29/05/2013 10:17:01.60][68.171.231.89][1405] SELECT c_asigna FROM dace004 WHERE exp_e='09-10941373' AND c_asigna='300218' AND status IN ('0','3','B') [1][0] OK
C:[29/05/2013 10:17:01.47][68.171.231.89][1436] SELECT par_cod_asig1,par_cod_asig2,par_cod_asig3 FROM tblaca009 WHERE pensum='5' AND c_uni_ca='5' AND c_asigna='300317' [1][0] OK
C:[29/05/2013 10:17:01.47][68.171.231.89][1436] SELECT par_cod_asig1,par_cod_asig2,par_cod_asig3 FROM tblaca009 WHERE pensum='5' AND c_uni_ca='5' AND c_asigna='300318' [1][0] OK
C:[29/05/2013 10:17:01.74][68.171.231.89][1600] SELECT sum(u_creditos*1) FROM dace006 a, tblaca009 b WHERE a.exp_e='09-10941373' AND a.lapso='2013-1' AND b.pensum='5' AND b.c_uni_ca='5' AND status IN ('7','A','2') AND a.c_asigna=b.c_asigna  [1][0] OK
C:[29/05/2013 10:17:02.91][68.171.231.89][1619] SELECT sum(u_creditos*1) FROM dace006 a, tblaca009 b WHERE a.exp_e='09-10941373' AND a.lapso='2013-1' AND b.pensum='5' AND b.c_uni_ca='5' AND status IN ('7','A','2') AND a.c_asigna=b.c_asigna AND a.c_asigna IN ('300317','300318') [1][0] OK
C:[29/05/2013 10:17:02.53][68.171.231.89][1635] SELECT MAX(semestre) FROM dace006 a, tblaca009 b WHERE a.exp_e='09-10941373' AND a.lapso='2013-1' AND b.pensum='5' AND b.c_uni_ca='5' AND status IN ('7','A','2') AND a.c_asigna=b.c_asigna  [1][0] OK
C:[29/05/2013 11:41:51.20][190.36.0.63][1392] SELECT pre_cod_asig1,pre_cod_asig2,pre_cod_asig3,pre_cod_asig4,pre_cod_asig5,pre_cod_asig6,pre_cod_asig7 FROM tblaca009 WHERE pensum='5' AND c_uni_ca='2' AND c_asigna='300318' [1][0] OK
C:[29/05/2013 11:41:51.20][190.36.0.63][1405] SELECT c_asigna FROM dace004 WHERE exp_e='10-23501183' AND c_asigna='300228' AND status IN ('0','3','B') [1][0] OK
C:[29/05/2013 11:41:51.20][190.36.0.63][1405] SELECT c_asigna FROM dace004 WHERE exp_e='10-23501183' AND c_asigna='300207' AND status IN ('0','3','B') [1][0] OK
C:[29/05/2013 11:41:51.20][190.36.0.63][1405] SELECT c_asigna FROM dace004 WHERE exp_e='10-23501183' AND c_asigna='300218' AND status IN ('0','3','B') [1][0] OK
C:[29/05/2013 11:41:51.20][190.36.0.63][1392] SELECT pre_cod_asig1,pre_cod_asig2,pre_cod_asig3,pre_cod_asig4,pre_cod_asig5,pre_cod_asig6,pre_cod_asig7 FROM tblaca009 WHERE pensum='5' AND c_uni_ca='2' AND c_asigna='300313' [1][0] OK
C:[29/05/2013 11:41:51.20][190.36.0.63][1405] SELECT c_asigna FROM dace004 WHERE exp_e='10-23501183' AND c_asigna='300213' AND status IN ('0','3','B') [1][0] OK
C:[29/05/2013 11:41:51.20][190.36.0.63][1405] SELECT c_asigna FROM dace004 WHERE exp_e='10-23501183' AND c_asigna='300226' AND status IN ('0','3','B') [1][0] OK
C:[29/05/2013 11:41:51.20][190.36.0.63][1405] SELECT c_asigna FROM dace004 WHERE exp_e='10-23501183' AND c_asigna='300209' AND status IN ('0','3','B') [1][0] OK
C:[29/05/2013 11:41:51.20][190.36.0.63][1392] SELECT pre_cod_asig1,pre_cod_asig2,pre_cod_asig3,pre_cod_asig4,pre_cod_asig5,pre_cod_asig6,pre_cod_asig7 FROM tblaca009 WHERE pensum='5' AND c_uni_ca='2' AND c_asigna='320323' [1][0] OK
C:[29/05/2013 11:41:51.20][190.36.0.63][1405] SELECT c_asigna FROM dace004 WHERE exp_e='10-23501183' AND c_asigna='300228' AND status IN ('0','3','B') [1][0] OK
C:[29/05/2013 11:41:51.20][190.36.0.63][1405] SELECT c_asigna FROM dace004 WHERE exp_e='10-23501183' AND c_asigna='300218' AND status IN ('0','3','B') [1][0] OK
C:[29/05/2013 11:41:51.20][190.36.0.63][1392] SELECT pre_cod_asig1,pre_cod_asig2,pre_cod_asig3,pre_cod_asig4,pre_cod_asig5,pre_cod_asig6,pre_cod_asig7 FROM tblaca009 WHERE pensum='5' AND c_uni_ca='2' AND c_asigna='300428' [1][0] OK
C:[29/05/2013 11:41:51.20][190.36.0.63][1405] SELECT c_asigna FROM dace004 WHERE exp_e='10-23501183' AND c_asigna='300317' AND status IN ('0','3','B') [1][0] OK
C:[29/05/2013 11:41:51.20][190.36.0.63][1405] SELECT c_asigna FROM dace004 WHERE exp_e='10-23501183' AND c_asigna='300209' AND status IN ('0','3','B') [1][0] OK
C:[29/05/2013 11:41:51.95][190.36.0.63][1436] SELECT par_cod_asig1,par_cod_asig2,par_cod_asig3 FROM tblaca009 WHERE pensum='5' AND c_uni_ca='2' AND c_asigna='300318' [1][0] OK
C:[29/05/2013 11:41:51.95][190.36.0.63][1436] SELECT par_cod_asig1,par_cod_asig2,par_cod_asig3 FROM tblaca009 WHERE pensum='5' AND c_uni_ca='2' AND c_asigna='300313' [1][0] OK
C:[29/05/2013 11:41:51.95][190.36.0.63][1436] SELECT par_cod_asig1,par_cod_asig2,par_cod_asig3 FROM tblaca009 WHERE pensum='5' AND c_uni_ca='2' AND c_asigna='320323' [1][0] OK
C:[29/05/2013 11:41:51.95][190.36.0.63][1436] SELECT par_cod_asig1,par_cod_asig2,par_cod_asig3 FROM tblaca009 WHERE pensum='5' AND c_uni_ca='2' AND c_asigna='300428' [1][0] OK
C:[29/05/2013 11:41:51.46][190.36.0.63][1566] SELECT horas_lab FROM tblaca008 WHERE c_asigna='300318' AND horas_teoricas > 0 [1][0] OK
C:[29/05/2013 11:41:51.57][190.36.0.63][1600] SELECT sum(u_creditos*1) FROM dace006 a, tblaca009 b WHERE a.exp_e='10-23501183' AND a.lapso='2013-1' AND b.pensum='5' AND b.c_uni_ca='2' AND status IN ('7','A','2') AND a.c_asigna=b.c_asigna  [1][0] OK
C:[29/05/2013 11:41:52.97][190.36.0.63][1619] SELECT sum(u_creditos*1) FROM dace006 a, tblaca009 b WHERE a.exp_e='10-23501183' AND a.lapso='2013-1' AND b.pensum='5' AND b.c_uni_ca='2' AND status IN ('7','A','2') AND a.c_asigna=b.c_asigna AND a.c_asigna IN ('300313','320323','300428') [1][0] OK
C:[29/05/2013 11:41:52.32][190.36.0.63][1635] SELECT MAX(semestre) FROM dace006 a, tblaca009 b WHERE a.exp_e='10-23501183' AND a.lapso='2013-1' AND b.pensum='5' AND b.c_uni_ca='2' AND status IN ('7','A','2') AND a.c_asigna=b.c_asigna  [1][0] OK
C:[29/05/2013 11:41:52.27][190.36.0.63][1655] SELECT MIN(semestre) FROM dace006 a, tblaca009 b WHERE a.exp_e='10-23501183' AND a.lapso='2013-1' AND b.pensum='5' AND b.c_uni_ca='2' AND status IN ('7','A','2') AND a.c_asigna=b.c_asigna AND a.c_asigna IN ('300318') [1][0] OK
C:[29/05/2013 12:19:19.64][190.204.200.144][1392] SELECT pre_cod_asig1,pre_cod_asig2,pre_cod_asig3,pre_cod_asig4,pre_cod_asig5,pre_cod_asig6,pre_cod_asig7 FROM tblaca009 WHERE pensum='5' AND c_uni_ca='5' AND c_asigna='300112' [1][0] OK
C:[29/05/2013 12:19:19.76][190.204.200.144][1436] SELECT par_cod_asig1,par_cod_asig2,par_cod_asig3 FROM tblaca009 WHERE pensum='5' AND c_uni_ca='5' AND c_asigna='300112' [1][0] OK
C:[29/05/2013 12:19:19.90][190.204.200.144][1600] SELECT sum(u_creditos*1) FROM dace006 a, tblaca009 b WHERE a.exp_e='00-15688436' AND a.lapso='2013-1' AND b.pensum='5' AND b.c_uni_ca='5' AND status IN ('7','A','2') AND a.c_asigna=b.c_asigna  [1][0] OK
C:[29/05/2013 12:19:19.82][190.204.200.144][1619] SELECT sum(u_creditos*1) FROM dace006 a, tblaca009 b WHERE a.exp_e='00-15688436' AND a.lapso='2013-1' AND b.pensum='5' AND b.c_uni_ca='5' AND status IN ('7','A','2') AND a.c_asigna=b.c_asigna AND a.c_asigna IN ('300112') [1][0] OK
C:[29/05/2013 12:19:19.20][190.204.200.144][1635] SELECT MAX(semestre) FROM dace006 a, tblaca009 b WHERE a.exp_e='00-15688436' AND a.lapso='2013-1' AND b.pensum='5' AND b.c_uni_ca='5' AND status IN ('7','A','2') AND a.c_asigna=b.c_asigna  [1][0] OK
C:[29/05/2013 13:47:55.29][186.90.220.13][1392] SELECT pre_cod_asig1,pre_cod_asig2,pre_cod_asig3,pre_cod_asig4,pre_cod_asig5,pre_cod_asig6,pre_cod_asig7 FROM tblaca009 WHERE pensum='5' AND c_uni_ca='6' AND c_asigna='300218' [1][0] OK
C:[29/05/2013 13:47:55.29][186.90.220.13][1405] SELECT c_asigna FROM dace004 WHERE exp_e='12-24963993' AND c_asigna='300101' AND status IN ('0','3','B') [1][0] OK
C:[29/05/2013 13:47:55.29][186.90.220.13][1392] SELECT pre_cod_asig1,pre_cod_asig2,pre_cod_asig3,pre_cod_asig4,pre_cod_asig5,pre_cod_asig6,pre_cod_asig7 FROM tblaca009 WHERE pensum='5' AND c_uni_ca='6' AND c_asigna='300207' [1][0] OK
C:[29/05/2013 13:47:55.29][186.90.220.13][1405] SELECT c_asigna FROM dace004 WHERE exp_e='12-24963993' AND c_asigna='300101' AND status IN ('0','3','B') [1][0] OK
C:[29/05/2013 13:47:55.29][186.90.220.13][1392] SELECT pre_cod_asig1,pre_cod_asig2,pre_cod_asig3,pre_cod_asig4,pre_cod_asig5,pre_cod_asig6,pre_cod_asig7 FROM tblaca009 WHERE pensum='5' AND c_uni_ca='6' AND c_asigna='300209' [1][0] OK
C:[29/05/2013 13:47:55.29][186.90.220.13][1405] SELECT c_asigna FROM dace004 WHERE exp_e='12-24963993' AND c_asigna='300101' AND status IN ('0','3','B') [1][0] OK
C:[29/05/2013 13:47:55.29][186.90.220.13][1392] SELECT pre_cod_asig1,pre_cod_asig2,pre_cod_asig3,pre_cod_asig4,pre_cod_asig5,pre_cod_asig6,pre_cod_asig7 FROM tblaca009 WHERE pensum='5' AND c_uni_ca='6' AND c_asigna='300213' [1][0] OK
C:[29/05/2013 13:47:55.29][186.90.220.13][1405] SELECT c_asigna FROM dace004 WHERE exp_e='12-24963993' AND c_asigna='300101' AND status IN ('0','3','B') [1][0] OK
C:[29/05/2013 13:47:55.29][186.90.220.13][1392] SELECT pre_cod_asig1,pre_cod_asig2,pre_cod_asig3,pre_cod_asig4,pre_cod_asig5,pre_cod_asig6,pre_cod_asig7 FROM tblaca009 WHERE pensum='5' AND c_uni_ca='6' AND c_asigna='300222' [1][0] OK
C:[29/05/2013 13:47:55.29][186.90.220.13][1405] SELECT c_asigna FROM dace004 WHERE exp_e='12-24963993' AND c_asigna='300112' AND status IN ('0','3','B') [1][0] OK
C:[29/05/2013 13:47:55.29][186.90.220.13][1392] SELECT pre_cod_asig1,pre_cod_asig2,pre_cod_asig3,pre_cod_asig4,pre_cod_asig5,pre_cod_asig6,pre_cod_asig7 FROM tblaca009 WHERE pensum='5' AND c_uni_ca='6' AND c_asigna='300226' [1][0] OK
C:[29/05/2013 13:47:55.29][186.90.220.13][1405] SELECT c_asigna FROM dace004 WHERE exp_e='12-24963993' AND c_asigna='300116' AND status IN ('0','3','B') [1][0] OK
C:[29/05/2013 13:47:55.29][186.90.220.13][1392] SELECT pre_cod_asig1,pre_cod_asig2,pre_cod_asig3,pre_cod_asig4,pre_cod_asig5,pre_cod_asig6,pre_cod_asig7 FROM tblaca009 WHERE pensum='5' AND c_uni_ca='6' AND c_asigna='300228' [1][0] OK
C:[29/05/2013 13:47:55.29][186.90.220.13][1405] SELECT c_asigna FROM dace004 WHERE exp_e='12-24963993' AND c_asigna='300101' AND status IN ('0','3','B') [1][0] OK
C:[29/05/2013 13:47:55.04][186.90.220.13][1436] SELECT par_cod_asig1,par_cod_asig2,par_cod_asig3 FROM tblaca009 WHERE pensum='5' AND c_uni_ca='6' AND c_asigna='300218' [1][0] OK
C:[29/05/2013 13:47:55.04][186.90.220.13][1450] SELECT c_asigna FROM dace004 WHERE exp_e='12-24963993' AND c_asigna='300228' AND status IN ('0','3','B','C') [0][0] OK
C:[29/05/2013 13:47:55.04][186.90.220.13][1436] SELECT par_cod_asig1,par_cod_asig2,par_cod_asig3 FROM tblaca009 WHERE pensum='5' AND c_uni_ca='6' AND c_asigna='300207' [1][0] OK
C:[29/05/2013 13:47:55.04][186.90.220.13][1436] SELECT par_cod_asig1,par_cod_asig2,par_cod_asig3 FROM tblaca009 WHERE pensum='5' AND c_uni_ca='6' AND c_asigna='300209' [1][0] OK
C:[29/05/2013 13:47:55.04][186.90.220.13][1436] SELECT par_cod_asig1,par_cod_asig2,par_cod_asig3 FROM tblaca009 WHERE pensum='5' AND c_uni_ca='6' AND c_asigna='300213' [1][0] OK
C:[29/05/2013 13:47:55.04][186.90.220.13][1450] SELECT c_asigna FROM dace004 WHERE exp_e='12-24963993' AND c_asigna='300209' AND status IN ('0','3','B','C') [0][0] OK
C:[29/05/2013 13:47:55.04][186.90.220.13][1436] SELECT par_cod_asig1,par_cod_asig2,par_cod_asig3 FROM tblaca009 WHERE pensum='5' AND c_uni_ca='6' AND c_asigna='300222' [1][0] OK
C:[29/05/2013 13:47:55.04][186.90.220.13][1436] SELECT par_cod_asig1,par_cod_asig2,par_cod_asig3 FROM tblaca009 WHERE pensum='5' AND c_uni_ca='6' AND c_asigna='300226' [1][0] OK
C:[29/05/2013 13:47:55.04][186.90.220.13][1436] SELECT par_cod_asig1,par_cod_asig2,par_cod_asig3 FROM tblaca009 WHERE pensum='5' AND c_uni_ca='6' AND c_asigna='300228' [1][0] OK
C:[29/05/2013 13:47:55.18][186.90.220.13][1566] SELECT horas_lab FROM tblaca008 WHERE c_asigna='300218' AND horas_teoricas > 0 [0][0] OK
C:[29/05/2013 13:47:55.29][186.90.220.13][1600] SELECT sum(u_creditos*1) FROM dace006 a, tblaca009 b WHERE a.exp_e='12-24963993' AND a.lapso='2013-1' AND b.pensum='5' AND b.c_uni_ca='6' AND status IN ('7','A','2') AND a.c_asigna=b.c_asigna  [1][0] OK
C:[29/05/2013 13:47:55.68][186.90.220.13][1619] SELECT sum(u_creditos*1) FROM dace006 a, tblaca009 b WHERE a.exp_e='12-24963993' AND a.lapso='2013-1' AND b.pensum='5' AND b.c_uni_ca='6' AND status IN ('7','A','2') AND a.c_asigna=b.c_asigna AND a.c_asigna IN ('300207','300209','300213','300222','300226','300228') [1][0] OK
C:[29/05/2013 13:47:55.62][186.90.220.13][1635] SELECT MAX(semestre) FROM dace006 a, tblaca009 b WHERE a.exp_e='12-24963993' AND a.lapso='2013-1' AND b.pensum='5' AND b.c_uni_ca='6' AND status IN ('7','A','2') AND a.c_asigna=b.c_asigna  [1][0] OK
C:[29/05/2013 13:47:56.98][186.90.220.13][1655] SELECT MIN(semestre) FROM dace006 a, tblaca009 b WHERE a.exp_e='12-24963993' AND a.lapso='2013-1' AND b.pensum='5' AND b.c_uni_ca='6' AND status IN ('7','A','2') AND a.c_asigna=b.c_asigna AND a.c_asigna IN ('300218') [1][0] OK
C:[29/05/2013 15:15:14.64][200.84.82.246][1392] SELECT pre_cod_asig1,pre_cod_asig2,pre_cod_asig3,pre_cod_asig4,pre_cod_asig5,pre_cod_asig6,pre_cod_asig7 FROM tblaca009 WHERE pensum='5' AND c_uni_ca='5' AND c_asigna='355835' [1][0] OK
C:[29/05/2013 15:15:14.64][200.84.82.246][1405] SELECT c_asigna FROM dace004 WHERE exp_e='09-24039065' AND c_asigna='355691' AND status IN ('0','3','B') [1][0] OK
C:[29/05/2013 15:15:14.64][200.84.82.246][1392] SELECT pre_cod_asig1,pre_cod_asig2,pre_cod_asig3,pre_cod_asig4,pre_cod_asig5,pre_cod_asig6,pre_cod_asig7 FROM tblaca009 WHERE pensum='5' AND c_uni_ca='5' AND c_asigna='355692' [1][0] OK
C:[29/05/2013 15:15:14.64][200.84.82.246][1405] SELECT c_asigna FROM dace004 WHERE exp_e='09-24039065' AND c_asigna='355448' AND status IN ('0','3','B') [1][0] OK
C:[29/05/2013 15:15:14.64][200.84.82.246][1405] SELECT c_asigna FROM dace004 WHERE exp_e='09-24039065' AND c_asigna='355570' AND status IN ('0','3','B') [1][0] OK
C:[29/05/2013 15:15:14.64][200.84.82.246][1392] SELECT pre_cod_asig1,pre_cod_asig2,pre_cod_asig3,pre_cod_asig4,pre_cod_asig5,pre_cod_asig6,pre_cod_asig7 FROM tblaca009 WHERE pensum='5' AND c_uni_ca='5' AND c_asigna='355721' [1][0] OK
C:[29/05/2013 15:15:14.64][200.84.82.246][1405] SELECT c_asigna FROM dace004 WHERE exp_e='09-24039065' AND c_asigna='355693' AND status IN ('0','3','B') [1][0] OK
C:[29/05/2013 15:15:14.64][200.84.82.246][1405] SELECT c_asigna FROM dace004 WHERE exp_e='09-24039065' AND c_asigna='355696' AND status IN ('0','3','B') [1][0] OK
C:[29/05/2013 15:15:14.64][200.84.82.246][1392] SELECT pre_cod_asig1,pre_cod_asig2,pre_cod_asig3,pre_cod_asig4,pre_cod_asig5,pre_cod_asig6,pre_cod_asig7 FROM tblaca009 WHERE pensum='5' AND c_uni_ca='5' AND c_asigna='355722' [1][0] OK
C:[29/05/2013 15:15:14.64][200.84.82.246][1405] SELECT c_asigna FROM dace004 WHERE exp_e='09-24039065' AND c_asigna='355691' AND status IN ('0','3','B') [1][0] OK
C:[29/05/2013 15:15:14.64][200.84.82.246][1405] SELECT c_asigna FROM dace004 WHERE exp_e='09-24039065' AND c_asigna='355595' AND status IN ('0','3','B') [1][0] OK
C:[29/05/2013 15:15:14.64][200.84.82.246][1392] SELECT pre_cod_asig1,pre_cod_asig2,pre_cod_asig3,pre_cod_asig4,pre_cod_asig5,pre_cod_asig6,pre_cod_asig7 FROM tblaca009 WHERE pensum='5' AND c_uni_ca='5' AND c_asigna='355723' [1][0] OK
C:[29/05/2013 15:15:14.64][200.84.82.246][1405] SELECT c_asigna FROM dace004 WHERE exp_e='09-24039065' AND c_asigna='355694' AND status IN ('0','3','B') [1][0] OK
C:[29/05/2013 15:15:15.27][200.84.82.246][1436] SELECT par_cod_asig1,par_cod_asig2,par_cod_asig3 FROM tblaca009 WHERE pensum='5' AND c_uni_ca='5' AND c_asigna='355835' [1][0] OK
C:[29/05/2013 15:15:15.27][200.84.82.246][1436] SELECT par_cod_asig1,par_cod_asig2,par_cod_asig3 FROM tblaca009 WHERE pensum='5' AND c_uni_ca='5' AND c_asigna='355692' [1][0] OK
C:[29/05/2013 15:15:15.27][200.84.82.246][1436] SELECT par_cod_asig1,par_cod_asig2,par_cod_asig3 FROM tblaca009 WHERE pensum='5' AND c_uni_ca='5' AND c_asigna='355721' [1][0] OK
C:[29/05/2013 15:15:15.27][200.84.82.246][1436] SELECT par_cod_asig1,par_cod_asig2,par_cod_asig3 FROM tblaca009 WHERE pensum='5' AND c_uni_ca='5' AND c_asigna='355722' [1][0] OK
C:[29/05/2013 15:15:15.27][200.84.82.246][1436] SELECT par_cod_asig1,par_cod_asig2,par_cod_asig3 FROM tblaca009 WHERE pensum='5' AND c_uni_ca='5' AND c_asigna='355723' [1][0] OK
C:[29/05/2013 15:15:15.91][200.84.82.246][1566] SELECT horas_lab FROM tblaca008 WHERE c_asigna='355835' AND horas_teoricas > 0 [1][0] OK
C:[29/05/2013 15:15:15.02][200.84.82.246][1600] SELECT sum(u_creditos*1) FROM dace006 a, tblaca009 b WHERE a.exp_e='09-24039065' AND a.lapso='2013-1' AND b.pensum='5' AND b.c_uni_ca='5' AND status IN ('7','A','2') AND a.c_asigna=b.c_asigna  [1][0] OK
C:[29/05/2013 15:15:15.20][200.84.82.246][1619] SELECT sum(u_creditos*1) FROM dace006 a, tblaca009 b WHERE a.exp_e='09-24039065' AND a.lapso='2013-1' AND b.pensum='5' AND b.c_uni_ca='5' AND status IN ('7','A','2') AND a.c_asigna=b.c_asigna AND a.c_asigna IN ('355692','355721','355722','355723') [1][0] OK
C:[29/05/2013 15:15:15.58][200.84.82.246][1635] SELECT MAX(semestre) FROM dace006 a, tblaca009 b WHERE a.exp_e='09-24039065' AND a.lapso='2013-1' AND b.pensum='5' AND b.c_uni_ca='5' AND status IN ('7','A','2') AND a.c_asigna=b.c_asigna  [1][0] OK
C:[29/05/2013 15:15:15.20][200.84.82.246][1655] SELECT MIN(semestre) FROM dace006 a, tblaca009 b WHERE a.exp_e='09-24039065' AND a.lapso='2013-1' AND b.pensum='5' AND b.c_uni_ca='5' AND status IN ('7','A','2') AND a.c_asigna=b.c_asigna AND a.c_asigna IN ('355835') [1][0] OK
C:[29/05/2013 16:08:26.16][201.243.222.218][1392] SELECT pre_cod_asig1,pre_cod_asig2,pre_cod_asig3,pre_cod_asig4,pre_cod_asig5,pre_cod_asig6,pre_cod_asig7 FROM tblaca009 WHERE pensum='5' AND c_uni_ca='2' AND c_asigna='300226' [1][0] OK
C:[29/05/2013 16:08:26.16][201.243.222.218][1405] SELECT c_asigna FROM dace004 WHERE exp_e='12-26124584' AND c_asigna='300116' AND status IN ('0','3','B') [1][0] OK
C:[29/05/2013 16:08:26.16][201.243.222.218][1392] SELECT pre_cod_asig1,pre_cod_asig2,pre_cod_asig3,pre_cod_asig4,pre_cod_asig5,pre_cod_asig6,pre_cod_asig7 FROM tblaca009 WHERE pensum='5' AND c_uni_ca='2' AND c_asigna='300013' [1][0] OK
C:[29/05/2013 16:08:26.16][201.243.222.218][1392] SELECT pre_cod_asig1,pre_cod_asig2,pre_cod_asig3,pre_cod_asig4,pre_cod_asig5,pre_cod_asig6,pre_cod_asig7 FROM tblaca009 WHERE pensum='5' AND c_uni_ca='2' AND c_asigna='300101' [1][0] OK
C:[29/05/2013 16:08:26.16][201.243.222.218][1392] SELECT pre_cod_asig1,pre_cod_asig2,pre_cod_asig3,pre_cod_asig4,pre_cod_asig5,pre_cod_asig6,pre_cod_asig7 FROM tblaca009 WHERE pensum='5' AND c_uni_ca='2' AND c_asigna='300222' [1][0] OK
C:[29/05/2013 16:08:26.16][201.243.222.218][1405] SELECT c_asigna FROM dace004 WHERE exp_e='12-26124584' AND c_asigna='300112' AND status IN ('0','3','B') [1][0] OK
C:[29/05/2013 16:08:26.16][201.243.222.218][1392] SELECT pre_cod_asig1,pre_cod_asig2,pre_cod_asig3,pre_cod_asig4,pre_cod_asig5,pre_cod_asig6,pre_cod_asig7 FROM tblaca009 WHERE pensum='5' AND c_uni_ca='2' AND c_asigna='300314' [1][0] OK
C:[29/05/2013 16:08:26.16][201.243.222.218][1405] SELECT c_asigna FROM dace004 WHERE exp_e='12-26124584' AND c_asigna='300106' AND status IN ('0','3','B') [1][0] OK
C:[29/05/2013 16:08:26.16][201.243.222.218][1436] SELECT par_cod_asig1,par_cod_asig2,par_cod_asig3 FROM tblaca009 WHERE pensum='5' AND c_uni_ca='2' AND c_asigna='300226' [1][0] OK
C:[29/05/2013 16:08:26.16][201.243.222.218][1436] SELECT par_cod_asig1,par_cod_asig2,par_cod_asig3 FROM tblaca009 WHERE pensum='5' AND c_uni_ca='2' AND c_asigna='300013' [1][0] OK
C:[29/05/2013 16:08:26.16][201.243.222.218][1436] SELECT par_cod_asig1,par_cod_asig2,par_cod_asig3 FROM tblaca009 WHERE pensum='5' AND c_uni_ca='2' AND c_asigna='300101' [1][0] OK
C:[29/05/2013 16:08:26.16][201.243.222.218][1436] SELECT par_cod_asig1,par_cod_asig2,par_cod_asig3 FROM tblaca009 WHERE pensum='5' AND c_uni_ca='2' AND c_asigna='300222' [1][0] OK
C:[29/05/2013 16:08:26.16][201.243.222.218][1436] SELECT par_cod_asig1,par_cod_asig2,par_cod_asig3 FROM tblaca009 WHERE pensum='5' AND c_uni_ca='2' AND c_asigna='300314' [1][0] OK
C:[29/05/2013 16:08:26.79][201.243.222.218][1566] SELECT horas_lab FROM tblaca008 WHERE c_asigna='300226' AND horas_teoricas > 0 [1][0] OK
C:[29/05/2013 16:08:26.91][201.243.222.218][1600] SELECT sum(u_creditos*1) FROM dace006 a, tblaca009 b WHERE a.exp_e='12-26124584' AND a.lapso='2013-1' AND b.pensum='5' AND b.c_uni_ca='2' AND status IN ('7','A','2') AND a.c_asigna=b.c_asigna  [1][0] OK
C:[29/05/2013 16:08:26.85][201.243.222.218][1619] SELECT sum(u_creditos*1) FROM dace006 a, tblaca009 b WHERE a.exp_e='12-26124584' AND a.lapso='2013-1' AND b.pensum='5' AND b.c_uni_ca='2' AND status IN ('7','A','2') AND a.c_asigna=b.c_asigna AND a.c_asigna IN ('300013','300101','300222','300314') [1][0] OK
C:[29/05/2013 16:08:26.22][201.243.222.218][1635] SELECT MAX(semestre) FROM dace006 a, tblaca009 b WHERE a.exp_e='12-26124584' AND a.lapso='2013-1' AND b.pensum='5' AND b.c_uni_ca='2' AND status IN ('7','A','2') AND a.c_asigna=b.c_asigna  [1][0] OK
C:[29/05/2013 16:08:26.60][201.243.222.218][1655] SELECT MIN(semestre) FROM dace006 a, tblaca009 b WHERE a.exp_e='12-26124584' AND a.lapso='2013-1' AND b.pensum='5' AND b.c_uni_ca='2' AND status IN ('7','A','2') AND a.c_asigna=b.c_asigna AND a.c_asigna IN ('300226') [1][0] OK
C:[29/05/2013 17:12:19.54][190.77.227.126][1392] SELECT pre_cod_asig1,pre_cod_asig2,pre_cod_asig3,pre_cod_asig4,pre_cod_asig5,pre_cod_asig6,pre_cod_asig7 FROM tblaca009 WHERE pensum='5' AND c_uni_ca='5' AND c_asigna='300207' [1][0] OK
C:[29/05/2013 17:12:19.54][190.77.227.126][1405] SELECT c_asigna FROM dace004 WHERE exp_e='12-24963808' AND c_asigna='300101' AND status IN ('0','3','B') [1][0] OK
C:[29/05/2013 17:12:19.54][190.77.227.126][1392] SELECT pre_cod_asig1,pre_cod_asig2,pre_cod_asig3,pre_cod_asig4,pre_cod_asig5,pre_cod_asig6,pre_cod_asig7 FROM tblaca009 WHERE pensum='5' AND c_uni_ca='5' AND c_asigna='300209' [1][0] OK
C:[29/05/2013 17:12:19.54][190.77.227.126][1405] SELECT c_asigna FROM dace004 WHERE exp_e='12-24963808' AND c_asigna='300101' AND status IN ('0','3','B') [1][0] OK
C:[29/05/2013 17:12:19.54][190.77.227.126][1392] SELECT pre_cod_asig1,pre_cod_asig2,pre_cod_asig3,pre_cod_asig4,pre_cod_asig5,pre_cod_asig6,pre_cod_asig7 FROM tblaca009 WHERE pensum='5' AND c_uni_ca='5' AND c_asigna='300213' [1][0] OK
C:[29/05/2013 17:12:19.54][190.77.227.126][1405] SELECT c_asigna FROM dace004 WHERE exp_e='12-24963808' AND c_asigna='300101' AND status IN ('0','3','B') [1][0] OK
C:[29/05/2013 17:12:19.54][190.77.227.126][1392] SELECT pre_cod_asig1,pre_cod_asig2,pre_cod_asig3,pre_cod_asig4,pre_cod_asig5,pre_cod_asig6,pre_cod_asig7 FROM tblaca009 WHERE pensum='5' AND c_uni_ca='5' AND c_asigna='300218' [1][0] OK
C:[29/05/2013 17:12:19.54][190.77.227.126][1405] SELECT c_asigna FROM dace004 WHERE exp_e='12-24963808' AND c_asigna='300101' AND status IN ('0','3','B') [1][0] OK
C:[29/05/2013 17:12:19.54][190.77.227.126][1392] SELECT pre_cod_asig1,pre_cod_asig2,pre_cod_asig3,pre_cod_asig4,pre_cod_asig5,pre_cod_asig6,pre_cod_asig7 FROM tblaca009 WHERE pensum='5' AND c_uni_ca='5' AND c_asigna='300226' [1][0] OK
C:[29/05/2013 17:12:19.54][190.77.227.126][1405] SELECT c_asigna FROM dace004 WHERE exp_e='12-24963808' AND c_asigna='300116' AND status IN ('0','3','B') [1][0] OK
C:[29/05/2013 17:12:19.54][190.77.227.126][1392] SELECT pre_cod_asig1,pre_cod_asig2,pre_cod_asig3,pre_cod_asig4,pre_cod_asig5,pre_cod_asig6,pre_cod_asig7 FROM tblaca009 WHERE pensum='5' AND c_uni_ca='5' AND c_asigna='300228' [1][0] OK
C:[29/05/2013 17:12:19.54][190.77.227.126][1405] SELECT c_asigna FROM dace004 WHERE exp_e='12-24963808' AND c_asigna='300101' AND status IN ('0','3','B') [1][0] OK
C:[29/05/2013 17:12:20.04][190.77.227.126][1436] SELECT par_cod_asig1,par_cod_asig2,par_cod_asig3 FROM tblaca009 WHERE pensum='5' AND c_uni_ca='5' AND c_asigna='300207' [1][0] OK
C:[29/05/2013 17:12:20.04][190.77.227.126][1436] SELECT par_cod_asig1,par_cod_asig2,par_cod_asig3 FROM tblaca009 WHERE pensum='5' AND c_uni_ca='5' AND c_asigna='300209' [1][0] OK
C:[29/05/2013 17:12:20.04][190.77.227.126][1436] SELECT par_cod_asig1,par_cod_asig2,par_cod_asig3 FROM tblaca009 WHERE pensum='5' AND c_uni_ca='5' AND c_asigna='300213' [1][0] OK
C:[29/05/2013 17:12:20.04][190.77.227.126][1450] SELECT c_asigna FROM dace004 WHERE exp_e='12-24963808' AND c_asigna='300209' AND status IN ('0','3','B','C') [0][0] OK
C:[29/05/2013 17:12:20.04][190.77.227.126][1436] SELECT par_cod_asig1,par_cod_asig2,par_cod_asig3 FROM tblaca009 WHERE pensum='5' AND c_uni_ca='5' AND c_asigna='300218' [1][0] OK
C:[29/05/2013 17:12:20.04][190.77.227.126][1450] SELECT c_asigna FROM dace004 WHERE exp_e='12-24963808' AND c_asigna='300228' AND status IN ('0','3','B','C') [0][0] OK
C:[29/05/2013 17:12:20.04][190.77.227.126][1436] SELECT par_cod_asig1,par_cod_asig2,par_cod_asig3 FROM tblaca009 WHERE pensum='5' AND c_uni_ca='5' AND c_asigna='300226' [1][0] OK
C:[29/05/2013 17:12:20.04][190.77.227.126][1436] SELECT par_cod_asig1,par_cod_asig2,par_cod_asig3 FROM tblaca009 WHERE pensum='5' AND c_uni_ca='5' AND c_asigna='300228' [1][0] OK
C:[29/05/2013 17:12:20.05][190.77.227.126][1566] SELECT horas_lab FROM tblaca008 WHERE c_asigna='300207' AND horas_teoricas > 0 [1][0] OK
C:[29/05/2013 17:12:20.18][190.77.227.126][1600] SELECT sum(u_creditos*1) FROM dace006 a, tblaca009 b WHERE a.exp_e='12-24963808' AND a.lapso='2013-1' AND b.pensum='5' AND b.c_uni_ca='5' AND status IN ('7','A','2') AND a.c_asigna=b.c_asigna  [1][0] OK
C:[29/05/2013 17:12:20.67][190.77.227.126][1619] SELECT sum(u_creditos*1) FROM dace006 a, tblaca009 b WHERE a.exp_e='12-24963808' AND a.lapso='2013-1' AND b.pensum='5' AND b.c_uni_ca='5' AND status IN ('7','A','2') AND a.c_asigna=b.c_asigna AND a.c_asigna IN ('300209','300213','300218','300226','300228') [1][0] OK
C:[29/05/2013 17:12:20.16][190.77.227.126][1635] SELECT MAX(semestre) FROM dace006 a, tblaca009 b WHERE a.exp_e='12-24963808' AND a.lapso='2013-1' AND b.pensum='5' AND b.c_uni_ca='5' AND status IN ('7','A','2') AND a.c_asigna=b.c_asigna  [1][0] OK
C:[29/05/2013 17:12:20.67][190.77.227.126][1655] SELECT MIN(semestre) FROM dace006 a, tblaca009 b WHERE a.exp_e='12-24963808' AND a.lapso='2013-1' AND b.pensum='5' AND b.c_uni_ca='5' AND status IN ('7','A','2') AND a.c_asigna=b.c_asigna AND a.c_asigna IN ('300207') [1][0] OK
C:[29/05/2013 18:14:44.80][190.206.62.144][1392] SELECT pre_cod_asig1,pre_cod_asig2,pre_cod_asig3,pre_cod_asig4,pre_cod_asig5,pre_cod_asig6,pre_cod_asig7 FROM tblaca009 WHERE pensum='5' AND c_uni_ca='4' AND c_asigna='300113' [1][0] OK
C:[29/05/2013 18:14:44.80][190.206.62.144][1392] SELECT pre_cod_asig1,pre_cod_asig2,pre_cod_asig3,pre_cod_asig4,pre_cod_asig5,pre_cod_asig6,pre_cod_asig7 FROM tblaca009 WHERE pensum='5' AND c_uni_ca='4' AND c_asigna='300101' [1][0] OK
C:[29/05/2013 18:14:44.05][190.206.62.144][1436] SELECT par_cod_asig1,par_cod_asig2,par_cod_asig3 FROM tblaca009 WHERE pensum='5' AND c_uni_ca='4' AND c_asigna='300113' [1][0] OK
C:[29/05/2013 18:14:44.05][190.206.62.144][1450] SELECT c_asigna FROM dace004 WHERE exp_e='12-22816318' AND c_asigna='300013' AND status IN ('0','3','B','C') [1][0] OK
C:[29/05/2013 18:14:44.05][190.206.62.144][1436] SELECT par_cod_asig1,par_cod_asig2,par_cod_asig3 FROM tblaca009 WHERE pensum='5' AND c_uni_ca='4' AND c_asigna='300101' [1][0] OK
C:[29/05/2013 18:14:44.44][190.206.62.144][1566] SELECT horas_lab FROM tblaca008 WHERE c_asigna='300113' AND horas_teoricas > 0 [0][0] OK
C:[29/05/2013 18:14:44.55][190.206.62.144][1600] SELECT sum(u_creditos*1) FROM dace006 a, tblaca009 b WHERE a.exp_e='12-22816318' AND a.lapso='2013-1' AND b.pensum='5' AND b.c_uni_ca='4' AND status IN ('7','A','2') AND a.c_asigna=b.c_asigna  [1][0] OK
C:[29/05/2013 18:14:44.93][190.206.62.144][1619] SELECT sum(u_creditos*1) FROM dace006 a, tblaca009 b WHERE a.exp_e='12-22816318' AND a.lapso='2013-1' AND b.pensum='5' AND b.c_uni_ca='4' AND status IN ('7','A','2') AND a.c_asigna=b.c_asigna AND a.c_asigna IN ('300101') [1][0] OK
C:[29/05/2013 18:14:44.30][190.206.62.144][1635] SELECT MAX(semestre) FROM dace006 a, tblaca009 b WHERE a.exp_e='12-22816318' AND a.lapso='2013-1' AND b.pensum='5' AND b.c_uni_ca='4' AND status IN ('7','A','2') AND a.c_asigna=b.c_asigna  [1][0] OK
C:[29/05/2013 18:14:44.68][190.206.62.144][1655] SELECT MIN(semestre) FROM dace006 a, tblaca009 b WHERE a.exp_e='12-22816318' AND a.lapso='2013-1' AND b.pensum='5' AND b.c_uni_ca='4' AND status IN ('7','A','2') AND a.c_asigna=b.c_asigna AND a.c_asigna IN ('300113') [1][0] OK
C:[29/05/2013 20:16:28.11][190.121.238.10][1392] SELECT pre_cod_asig1,pre_cod_asig2,pre_cod_asig3,pre_cod_asig4,pre_cod_asig5,pre_cod_asig6,pre_cod_asig7 FROM tblaca009 WHERE pensum='5' AND c_uni_ca='5' AND c_asigna='300317' [1][0] OK
C:[29/05/2013 20:16:28.11][190.121.238.10][1405] SELECT c_asigna FROM dace004 WHERE exp_e='09-10941373' AND c_asigna='300207' AND status IN ('0','3','B') [1][0] OK
C:[29/05/2013 20:16:28.11][190.121.238.10][1405] SELECT c_asigna FROM dace004 WHERE exp_e='09-10941373' AND c_asigna='300209' AND status IN ('0','3','B') [1][0] OK
C:[29/05/2013 20:16:28.11][190.121.238.10][1392] SELECT pre_cod_asig1,pre_cod_asig2,pre_cod_asig3,pre_cod_asig4,pre_cod_asig5,pre_cod_asig6,pre_cod_asig7 FROM tblaca009 WHERE pensum='5' AND c_uni_ca='5' AND c_asigna='300318' [1][0] OK
C:[29/05/2013 20:16:28.11][190.121.238.10][1405] SELECT c_asigna FROM dace004 WHERE exp_e='09-10941373' AND c_asigna='300228' AND status IN ('0','3','B') [1][0] OK
C:[29/05/2013 20:16:28.11][190.121.238.10][1405] SELECT c_asigna FROM dace004 WHERE exp_e='09-10941373' AND c_asigna='300207' AND status IN ('0','3','B') [1][0] OK
C:[29/05/2013 20:16:28.11][190.121.238.10][1405] SELECT c_asigna FROM dace004 WHERE exp_e='09-10941373' AND c_asigna='300218' AND status IN ('0','3','B') [1][0] OK
C:[29/05/2013 20:16:28.99][190.121.238.10][1436] SELECT par_cod_asig1,par_cod_asig2,par_cod_asig3 FROM tblaca009 WHERE pensum='5' AND c_uni_ca='5' AND c_asigna='300317' [1][0] OK
C:[29/05/2013 20:16:28.99][190.121.238.10][1436] SELECT par_cod_asig1,par_cod_asig2,par_cod_asig3 FROM tblaca009 WHERE pensum='5' AND c_uni_ca='5' AND c_asigna='300318' [1][0] OK
C:[29/05/2013 20:16:28.25][190.121.238.10][1566] SELECT horas_lab FROM tblaca008 WHERE c_asigna='300317' AND horas_teoricas > 0 [1][0] OK
C:[29/05/2013 20:16:28.36][190.121.238.10][1600] SELECT sum(u_creditos*1) FROM dace006 a, tblaca009 b WHERE a.exp_e='09-10941373' AND a.lapso='2013-1' AND b.pensum='5' AND b.c_uni_ca='5' AND status IN ('7','A','2') AND a.c_asigna=b.c_asigna  [1][0] OK
C:[29/05/2013 20:16:28.55][190.121.238.10][1619] SELECT sum(u_creditos*1) FROM dace006 a, tblaca009 b WHERE a.exp_e='09-10941373' AND a.lapso='2013-1' AND b.pensum='5' AND b.c_uni_ca='5' AND status IN ('7','A','2') AND a.c_asigna=b.c_asigna AND a.c_asigna IN ('300318') [1][0] OK
C:[29/05/2013 20:16:28.62][190.121.238.10][1635] SELECT MAX(semestre) FROM dace006 a, tblaca009 b WHERE a.exp_e='09-10941373' AND a.lapso='2013-1' AND b.pensum='5' AND b.c_uni_ca='5' AND status IN ('7','A','2') AND a.c_asigna=b.c_asigna  [1][0] OK
C:[29/05/2013 20:16:29.55][190.121.238.10][1655] SELECT MIN(semestre) FROM dace006 a, tblaca009 b WHERE a.exp_e='09-10941373' AND a.lapso='2013-1' AND b.pensum='5' AND b.c_uni_ca='5' AND status IN ('7','A','2') AND a.c_asigna=b.c_asigna AND a.c_asigna IN ('300317') [1][0] OK
C:[29/05/2013 20:17:51.81][190.121.238.10][1392] SELECT pre_cod_asig1,pre_cod_asig2,pre_cod_asig3,pre_cod_asig4,pre_cod_asig5,pre_cod_asig6,pre_cod_asig7 FROM tblaca009 WHERE pensum='5' AND c_uni_ca='5' AND c_asigna='300317' [1][0] OK
C:[29/05/2013 20:17:51.81][190.121.238.10][1405] SELECT c_asigna FROM dace004 WHERE exp_e='09-10941373' AND c_asigna='300207' AND status IN ('0','3','B') [1][0] OK
C:[29/05/2013 20:17:51.81][190.121.238.10][1405] SELECT c_asigna FROM dace004 WHERE exp_e='09-10941373' AND c_asigna='300209' AND status IN ('0','3','B') [1][0] OK
C:[29/05/2013 20:17:51.81][190.121.238.10][1392] SELECT pre_cod_asig1,pre_cod_asig2,pre_cod_asig3,pre_cod_asig4,pre_cod_asig5,pre_cod_asig6,pre_cod_asig7 FROM tblaca009 WHERE pensum='5' AND c_uni_ca='5' AND c_asigna='300318' [1][0] OK
C:[29/05/2013 20:17:51.81][190.121.238.10][1405] SELECT c_asigna FROM dace004 WHERE exp_e='09-10941373' AND c_asigna='300228' AND status IN ('0','3','B') [1][0] OK
C:[29/05/2013 20:17:51.81][190.121.238.10][1405] SELECT c_asigna FROM dace004 WHERE exp_e='09-10941373' AND c_asigna='300207' AND status IN ('0','3','B') [1][0] OK
C:[29/05/2013 20:17:51.81][190.121.238.10][1405] SELECT c_asigna FROM dace004 WHERE exp_e='09-10941373' AND c_asigna='300218' AND status IN ('0','3','B') [1][0] OK
C:[29/05/2013 20:17:52.68][190.121.238.10][1436] SELECT par_cod_asig1,par_cod_asig2,par_cod_asig3 FROM tblaca009 WHERE pensum='5' AND c_uni_ca='5' AND c_asigna='300317' [1][0] OK
C:[29/05/2013 20:17:52.68][190.121.238.10][1436] SELECT par_cod_asig1,par_cod_asig2,par_cod_asig3 FROM tblaca009 WHERE pensum='5' AND c_uni_ca='5' AND c_asigna='300318' [1][0] OK
C:[29/05/2013 20:17:52.94][190.121.238.10][1566] SELECT horas_lab FROM tblaca008 WHERE c_asigna='300317' AND horas_teoricas > 0 [1][0] OK
C:[29/05/2013 20:17:52.06][190.121.238.10][1600] SELECT sum(u_creditos*1) FROM dace006 a, tblaca009 b WHERE a.exp_e='09-10941373' AND a.lapso='2013-1' AND b.pensum='5' AND b.c_uni_ca='5' AND status IN ('7','A','2') AND a.c_asigna=b.c_asigna  [1][0] OK
C:[29/05/2013 20:17:52.99][190.121.238.10][1619] SELECT sum(u_creditos*1) FROM dace006 a, tblaca009 b WHERE a.exp_e='09-10941373' AND a.lapso='2013-1' AND b.pensum='5' AND b.c_uni_ca='5' AND status IN ('7','A','2') AND a.c_asigna=b.c_asigna AND a.c_asigna IN ('300318') [1][0] OK
C:[29/05/2013 20:17:52.94][190.121.238.10][1635] SELECT MAX(semestre) FROM dace006 a, tblaca009 b WHERE a.exp_e='09-10941373' AND a.lapso='2013-1' AND b.pensum='5' AND b.c_uni_ca='5' AND status IN ('7','A','2') AND a.c_asigna=b.c_asigna  [1][0] OK
C:[29/05/2013 20:17:52.87][190.121.238.10][1655] SELECT MIN(semestre) FROM dace006 a, tblaca009 b WHERE a.exp_e='09-10941373' AND a.lapso='2013-1' AND b.pensum='5' AND b.c_uni_ca='5' AND status IN ('7','A','2') AND a.c_asigna=b.c_asigna AND a.c_asigna IN ('300317') [1][0] OK
C:[29/05/2013 20:21:40.45][190.121.238.26][1392] SELECT pre_cod_asig1,pre_cod_asig2,pre_cod_asig3,pre_cod_asig4,pre_cod_asig5,pre_cod_asig6,pre_cod_asig7 FROM tblaca009 WHERE pensum='5' AND c_uni_ca='5' AND c_asigna='300317' [1][0] OK
C:[29/05/2013 20:21:40.45][190.121.238.26][1405] SELECT c_asigna FROM dace004 WHERE exp_e='09-10941373' AND c_asigna='300207' AND status IN ('0','3','B') [1][0] OK
C:[29/05/2013 20:21:40.45][190.121.238.26][1405] SELECT c_asigna FROM dace004 WHERE exp_e='09-10941373' AND c_asigna='300209' AND status IN ('0','3','B') [1][0] OK
C:[29/05/2013 20:21:40.45][190.121.238.26][1392] SELECT pre_cod_asig1,pre_cod_asig2,pre_cod_asig3,pre_cod_asig4,pre_cod_asig5,pre_cod_asig6,pre_cod_asig7 FROM tblaca009 WHERE pensum='5' AND c_uni_ca='5' AND c_asigna='300318' [1][0] OK
C:[29/05/2013 20:21:40.45][190.121.238.26][1405] SELECT c_asigna FROM dace004 WHERE exp_e='09-10941373' AND c_asigna='300228' AND status IN ('0','3','B') [1][0] OK
C:[29/05/2013 20:21:40.45][190.121.238.26][1405] SELECT c_asigna FROM dace004 WHERE exp_e='09-10941373' AND c_asigna='300207' AND status IN ('0','3','B') [1][0] OK
C:[29/05/2013 20:21:40.45][190.121.238.26][1405] SELECT c_asigna FROM dace004 WHERE exp_e='09-10941373' AND c_asigna='300218' AND status IN ('0','3','B') [1][0] OK
C:[29/05/2013 20:21:41.32][190.121.238.26][1436] SELECT par_cod_asig1,par_cod_asig2,par_cod_asig3 FROM tblaca009 WHERE pensum='5' AND c_uni_ca='5' AND c_asigna='300317' [1][0] OK
C:[29/05/2013 20:21:41.32][190.121.238.26][1436] SELECT par_cod_asig1,par_cod_asig2,par_cod_asig3 FROM tblaca009 WHERE pensum='5' AND c_uni_ca='5' AND c_asigna='300318' [1][0] OK
C:[29/05/2013 20:21:41.59][190.121.238.26][1600] SELECT sum(u_creditos*1) FROM dace006 a, tblaca009 b WHERE a.exp_e='09-10941373' AND a.lapso='2013-1' AND b.pensum='5' AND b.c_uni_ca='5' AND status IN ('7','A','2') AND a.c_asigna=b.c_asigna  [1][0] OK
C:[29/05/2013 20:21:41.95][190.121.238.26][1619] SELECT sum(u_creditos*1) FROM dace006 a, tblaca009 b WHERE a.exp_e='09-10941373' AND a.lapso='2013-1' AND b.pensum='5' AND b.c_uni_ca='5' AND status IN ('7','A','2') AND a.c_asigna=b.c_asigna AND a.c_asigna IN ('300317','300318') [1][0] OK
C:[29/05/2013 20:21:41.32][190.121.238.26][1635] SELECT MAX(semestre) FROM dace006 a, tblaca009 b WHERE a.exp_e='09-10941373' AND a.lapso='2013-1' AND b.pensum='5' AND b.c_uni_ca='5' AND status IN ('7','A','2') AND a.c_asigna=b.c_asigna  [1][0] OK
C:[29/05/2013 20:23:20.75][190.121.238.26][1392] SELECT pre_cod_asig1,pre_cod_asig2,pre_cod_asig3,pre_cod_asig4,pre_cod_asig5,pre_cod_asig6,pre_cod_asig7 FROM tblaca009 WHERE pensum='5' AND c_uni_ca='5' AND c_asigna='300317' [1][0] OK
C:[29/05/2013 20:23:20.75][190.121.238.26][1405] SELECT c_asigna FROM dace004 WHERE exp_e='09-10941373' AND c_asigna='300207' AND status IN ('0','3','B') [1][0] OK
C:[29/05/2013 20:23:20.75][190.121.238.26][1405] SELECT c_asigna FROM dace004 WHERE exp_e='09-10941373' AND c_asigna='300209' AND status IN ('0','3','B') [1][0] OK
C:[29/05/2013 20:23:20.75][190.121.238.26][1392] SELECT pre_cod_asig1,pre_cod_asig2,pre_cod_asig3,pre_cod_asig4,pre_cod_asig5,pre_cod_asig6,pre_cod_asig7 FROM tblaca009 WHERE pensum='5' AND c_uni_ca='5' AND c_asigna='300318' [1][0] OK
C:[29/05/2013 20:23:20.75][190.121.238.26][1405] SELECT c_asigna FROM dace004 WHERE exp_e='09-10941373' AND c_asigna='300228' AND status IN ('0','3','B') [1][0] OK
C:[29/05/2013 20:23:20.75][190.121.238.26][1405] SELECT c_asigna FROM dace004 WHERE exp_e='09-10941373' AND c_asigna='300207' AND status IN ('0','3','B') [1][0] OK
C:[29/05/2013 20:23:20.75][190.121.238.26][1405] SELECT c_asigna FROM dace004 WHERE exp_e='09-10941373' AND c_asigna='300218' AND status IN ('0','3','B') [1][0] OK
C:[29/05/2013 20:23:20.63][190.121.238.26][1436] SELECT par_cod_asig1,par_cod_asig2,par_cod_asig3 FROM tblaca009 WHERE pensum='5' AND c_uni_ca='5' AND c_asigna='300317' [1][0] OK
C:[29/05/2013 20:23:20.63][190.121.238.26][1436] SELECT par_cod_asig1,par_cod_asig2,par_cod_asig3 FROM tblaca009 WHERE pensum='5' AND c_uni_ca='5' AND c_asigna='300318' [1][0] OK
C:[29/05/2013 20:23:20.88][190.121.238.26][1566] SELECT horas_lab FROM tblaca008 WHERE c_asigna='300317' AND horas_teoricas > 0 [1][0] OK
C:[29/05/2013 20:23:20.99][190.121.238.26][1600] SELECT sum(u_creditos*1) FROM dace006 a, tblaca009 b WHERE a.exp_e='09-10941373' AND a.lapso='2013-1' AND b.pensum='5' AND b.c_uni_ca='5' AND status IN ('7','A','2') AND a.c_asigna=b.c_asigna  [1][0] OK
C:[29/05/2013 20:23:20.94][190.121.238.26][1619] SELECT sum(u_creditos*1) FROM dace006 a, tblaca009 b WHERE a.exp_e='09-10941373' AND a.lapso='2013-1' AND b.pensum='5' AND b.c_uni_ca='5' AND status IN ('7','A','2') AND a.c_asigna=b.c_asigna AND a.c_asigna IN ('300318') [1][0] OK
C:[29/05/2013 20:23:20.30][190.121.238.26][1635] SELECT MAX(semestre) FROM dace006 a, tblaca009 b WHERE a.exp_e='09-10941373' AND a.lapso='2013-1' AND b.pensum='5' AND b.c_uni_ca='5' AND status IN ('7','A','2') AND a.c_asigna=b.c_asigna  [1][0] OK
C:[29/05/2013 20:23:20.68][190.121.238.26][1655] SELECT MIN(semestre) FROM dace006 a, tblaca009 b WHERE a.exp_e='09-10941373' AND a.lapso='2013-1' AND b.pensum='5' AND b.c_uni_ca='5' AND status IN ('7','A','2') AND a.c_asigna=b.c_asigna AND a.c_asigna IN ('300317') [1][0] OK
C:[29/05/2013 20:33:23.75][186.88.170.100][1392] SELECT pre_cod_asig1,pre_cod_asig2,pre_cod_asig3,pre_cod_asig4,pre_cod_asig5,pre_cod_asig6,pre_cod_asig7 FROM tblaca009 WHERE pensum='5' AND c_uni_ca='2' AND c_asigna='300314' [1][0] OK
C:[29/05/2013 20:33:23.75][186.88.170.100][1405] SELECT c_asigna FROM dace004 WHERE exp_e='12-25040701' AND c_asigna='300106' AND status IN ('0','3','B') [1][0] OK
C:[29/05/2013 20:33:23.75][186.88.170.100][1392] SELECT pre_cod_asig1,pre_cod_asig2,pre_cod_asig3,pre_cod_asig4,pre_cod_asig5,pre_cod_asig6,pre_cod_asig7 FROM tblaca009 WHERE pensum='5' AND c_uni_ca='2' AND c_asigna='300113' [1][0] OK
C:[29/05/2013 20:33:23.75][186.88.170.100][1392] SELECT pre_cod_asig1,pre_cod_asig2,pre_cod_asig3,pre_cod_asig4,pre_cod_asig5,pre_cod_asig6,pre_cod_asig7 FROM tblaca009 WHERE pensum='5' AND c_uni_ca='2' AND c_asigna='300207' [1][0] OK
C:[29/05/2013 20:33:23.75][186.88.170.100][1405] SELECT c_asigna FROM dace004 WHERE exp_e='12-25040701' AND c_asigna='300101' AND status IN ('0','3','B') [1][0] OK
C:[29/05/2013 20:33:23.75][186.88.170.100][1392] SELECT pre_cod_asig1,pre_cod_asig2,pre_cod_asig3,pre_cod_asig4,pre_cod_asig5,pre_cod_asig6,pre_cod_asig7 FROM tblaca009 WHERE pensum='5' AND c_uni_ca='2' AND c_asigna='300209' [1][0] OK
C:[29/05/2013 20:33:23.75][186.88.170.100][1405] SELECT c_asigna FROM dace004 WHERE exp_e='12-25040701' AND c_asigna='300101' AND status IN ('0','3','B') [1][0] OK
C:[29/05/2013 20:33:23.75][186.88.170.100][1392] SELECT pre_cod_asig1,pre_cod_asig2,pre_cod_asig3,pre_cod_asig4,pre_cod_asig5,pre_cod_asig6,pre_cod_asig7 FROM tblaca009 WHERE pensum='5' AND c_uni_ca='2' AND c_asigna='300213' [1][0] OK
C:[29/05/2013 20:33:23.75][186.88.170.100][1405] SELECT c_asigna FROM dace004 WHERE exp_e='12-25040701' AND c_asigna='300101' AND status IN ('0','3','B') [1][0] OK
C:[29/05/2013 20:33:23.75][186.88.170.100][1392] SELECT pre_cod_asig1,pre_cod_asig2,pre_cod_asig3,pre_cod_asig4,pre_cod_asig5,pre_cod_asig6,pre_cod_asig7 FROM tblaca009 WHERE pensum='5' AND c_uni_ca='2' AND c_asigna='300226' [1][0] OK
C:[29/05/2013 20:33:23.75][186.88.170.100][1405] SELECT c_asigna FROM dace004 WHERE exp_e='12-25040701' AND c_asigna='300116' AND status IN ('0','3','B') [1][0] OK
C:[29/05/2013 20:33:24.12][186.88.170.100][1436] SELECT par_cod_asig1,par_cod_asig2,par_cod_asig3 FROM tblaca009 WHERE pensum='5' AND c_uni_ca='2' AND c_asigna='300314' [1][0] OK
C:[29/05/2013 20:33:24.12][186.88.170.100][1436] SELECT par_cod_asig1,par_cod_asig2,par_cod_asig3 FROM tblaca009 WHERE pensum='5' AND c_uni_ca='2' AND c_asigna='300113' [1][0] OK
C:[29/05/2013 20:33:24.12][186.88.170.100][1450] SELECT c_asigna FROM dace004 WHERE exp_e='12-25040701' AND c_asigna='300013' AND status IN ('0','3','B','C') [1][0] OK
C:[29/05/2013 20:33:24.12][186.88.170.100][1436] SELECT par_cod_asig1,par_cod_asig2,par_cod_asig3 FROM tblaca009 WHERE pensum='5' AND c_uni_ca='2' AND c_asigna='300207' [1][0] OK
C:[29/05/2013 20:33:24.12][186.88.170.100][1436] SELECT par_cod_asig1,par_cod_asig2,par_cod_asig3 FROM tblaca009 WHERE pensum='5' AND c_uni_ca='2' AND c_asigna='300209' [1][0] OK
C:[29/05/2013 20:33:24.12][186.88.170.100][1436] SELECT par_cod_asig1,par_cod_asig2,par_cod_asig3 FROM tblaca009 WHERE pensum='5' AND c_uni_ca='2' AND c_asigna='300213' [1][0] OK
C:[29/05/2013 20:33:24.12][186.88.170.100][1450] SELECT c_asigna FROM dace004 WHERE exp_e='12-25040701' AND c_asigna='300209' AND status IN ('0','3','B','C') [0][0] OK
C:[29/05/2013 20:33:24.12][186.88.170.100][1436] SELECT par_cod_asig1,par_cod_asig2,par_cod_asig3 FROM tblaca009 WHERE pensum='5' AND c_uni_ca='2' AND c_asigna='300226' [1][0] OK
C:[29/05/2013 20:33:24.14][186.88.170.100][1566] SELECT horas_lab FROM tblaca008 WHERE c_asigna='300314' AND horas_teoricas > 0 [0][0] OK
C:[29/05/2013 20:33:24.25][186.88.170.100][1600] SELECT sum(u_creditos*1) FROM dace006 a, tblaca009 b WHERE a.exp_e='12-25040701' AND a.lapso='2013-1' AND b.pensum='5' AND b.c_uni_ca='2' AND status IN ('7','A','2') AND a.c_asigna=b.c_asigna  [1][0] OK
C:[29/05/2013 20:33:24.63][186.88.170.100][1619] SELECT sum(u_creditos*1) FROM dace006 a, tblaca009 b WHERE a.exp_e='12-25040701' AND a.lapso='2013-1' AND b.pensum='5' AND b.c_uni_ca='2' AND status IN ('7','A','2') AND a.c_asigna=b.c_asigna AND a.c_asigna IN ('300113','300207','300209','300213','300226') [1][0] OK
C:[29/05/2013 20:33:24.56][186.88.170.100][1635] SELECT MAX(semestre) FROM dace006 a, tblaca009 b WHERE a.exp_e='12-25040701' AND a.lapso='2013-1' AND b.pensum='5' AND b.c_uni_ca='2' AND status IN ('7','A','2') AND a.c_asigna=b.c_asigna  [1][0] OK
C:[29/05/2013 20:33:24.94][186.88.170.100][1655] SELECT MIN(semestre) FROM dace006 a, tblaca009 b WHERE a.exp_e='12-25040701' AND a.lapso='2013-1' AND b.pensum='5' AND b.c_uni_ca='2' AND status IN ('7','A','2') AND a.c_asigna=b.c_asigna AND a.c_asigna IN ('300314') [1][0] OK
C:[29/05/2013 23:29:55.95][190.198.149.65][1392] SELECT pre_cod_asig1,pre_cod_asig2,pre_cod_asig3,pre_cod_asig4,pre_cod_asig5,pre_cod_asig6,pre_cod_asig7 FROM tblaca009 WHERE pensum='5' AND c_uni_ca='6' AND c_asigna='300113' [1][0] OK
C:[29/05/2013 23:29:55.95][190.198.149.65][1392] SELECT pre_cod_asig1,pre_cod_asig2,pre_cod_asig3,pre_cod_asig4,pre_cod_asig5,pre_cod_asig6,pre_cod_asig7 FROM tblaca009 WHERE pensum='5' AND c_uni_ca='6' AND c_asigna='300101' [1][0] OK
C:[29/05/2013 23:29:55.20][190.198.149.65][1436] SELECT par_cod_asig1,par_cod_asig2,par_cod_asig3 FROM tblaca009 WHERE pensum='5' AND c_uni_ca='6' AND c_asigna='300113' [1][0] OK
C:[29/05/2013 23:29:55.20][190.198.149.65][1450] SELECT c_asigna FROM dace004 WHERE exp_e='11-23951399' AND c_asigna='300013' AND status IN ('0','3','B','C') [1][0] OK
C:[29/05/2013 23:29:55.20][190.198.149.65][1436] SELECT par_cod_asig1,par_cod_asig2,par_cod_asig3 FROM tblaca009 WHERE pensum='5' AND c_uni_ca='6' AND c_asigna='300101' [1][0] OK
C:[29/05/2013 23:29:55.59][190.198.149.65][1566] SELECT horas_lab FROM tblaca008 WHERE c_asigna='300113' AND horas_teoricas > 0 [0][0] OK
C:[29/05/2013 23:29:55.70][190.198.149.65][1600] SELECT sum(u_creditos*1) FROM dace006 a, tblaca009 b WHERE a.exp_e='11-23951399' AND a.lapso='2013-1' AND b.pensum='5' AND b.c_uni_ca='6' AND status IN ('7','A','2') AND a.c_asigna=b.c_asigna  [1][0] OK
C:[29/05/2013 23:29:55.20][190.198.149.65][1619] SELECT sum(u_creditos*1) FROM dace006 a, tblaca009 b WHERE a.exp_e='11-23951399' AND a.lapso='2013-1' AND b.pensum='5' AND b.c_uni_ca='6' AND status IN ('7','A','2') AND a.c_asigna=b.c_asigna AND a.c_asigna IN ('300101') [1][0] OK
C:[29/05/2013 23:29:55.70][190.198.149.65][1635] SELECT MAX(semestre) FROM dace006 a, tblaca009 b WHERE a.exp_e='11-23951399' AND a.lapso='2013-1' AND b.pensum='5' AND b.c_uni_ca='6' AND status IN ('7','A','2') AND a.c_asigna=b.c_asigna  [1][0] OK
C:[29/05/2013 23:29:55.64][190.198.149.65][1655] SELECT MIN(semestre) FROM dace006 a, tblaca009 b WHERE a.exp_e='11-23951399' AND a.lapso='2013-1' AND b.pensum='5' AND b.c_uni_ca='6' AND status IN ('7','A','2') AND a.c_asigna=b.c_asigna AND a.c_asigna IN ('300113') [1][0] OK
C:[30/05/2013 00:54:03.42][181.183.184.103][1392] SELECT pre_cod_asig1,pre_cod_asig2,pre_cod_asig3,pre_cod_asig4,pre_cod_asig5,pre_cod_asig6,pre_cod_asig7 FROM tblaca009 WHERE pensum='5' AND c_uni_ca='5' AND c_asigna='300676' [1][0] OK
C:[30/05/2013 00:54:03.42][181.183.184.103][1392] SELECT pre_cod_asig1,pre_cod_asig2,pre_cod_asig3,pre_cod_asig4,pre_cod_asig5,pre_cod_asig6,pre_cod_asig7 FROM tblaca009 WHERE pensum='5' AND c_uni_ca='5' AND c_asigna='355350' [1][0] OK
C:[30/05/2013 00:54:03.42][181.183.184.103][1405] SELECT c_asigna FROM dace004 WHERE exp_e='05-18371650' AND c_asigna='300207' AND status IN ('0','3','B') [2][0] OK
C:[30/05/2013 00:54:03.42][181.183.184.103][1405] SELECT c_asigna FROM dace004 WHERE exp_e='05-18371650' AND c_asigna='300228' AND status IN ('0','3','B') [1][0] OK
C:[30/05/2013 00:54:03.42][181.183.184.103][1392] SELECT pre_cod_asig1,pre_cod_asig2,pre_cod_asig3,pre_cod_asig4,pre_cod_asig5,pre_cod_asig6,pre_cod_asig7 FROM tblaca009 WHERE pensum='5' AND c_uni_ca='5' AND c_asigna='355721' [1][0] OK
C:[30/05/2013 00:54:03.42][181.183.184.103][1405] SELECT c_asigna FROM dace004 WHERE exp_e='05-18371650' AND c_asigna='355693' AND status IN ('0','3','B') [1][0] OK
C:[30/05/2013 00:54:03.42][181.183.184.103][1405] SELECT c_asigna FROM dace004 WHERE exp_e='05-18371650' AND c_asigna='355696' AND status IN ('0','3','B') [1][0] OK
C:[30/05/2013 00:54:03.42][181.183.184.103][1392] SELECT pre_cod_asig1,pre_cod_asig2,pre_cod_asig3,pre_cod_asig4,pre_cod_asig5,pre_cod_asig6,pre_cod_asig7 FROM tblaca009 WHERE pensum='5' AND c_uni_ca='5' AND c_asigna='300226' [1][0] OK
C:[30/05/2013 00:54:03.42][181.183.184.103][1405] SELECT c_asigna FROM dace004 WHERE exp_e='05-18371650' AND c_asigna='300116' AND status IN ('0','3','B') [1][0] OK
C:[30/05/2013 00:54:03.42][181.183.184.103][1392] SELECT pre_cod_asig1,pre_cod_asig2,pre_cod_asig3,pre_cod_asig4,pre_cod_asig5,pre_cod_asig6,pre_cod_asig7 FROM tblaca009 WHERE pensum='5' AND c_uni_ca='5' AND c_asigna='355720' [1][0] OK
C:[30/05/2013 00:54:03.42][181.183.184.103][1405] SELECT c_asigna FROM dace004 WHERE exp_e='05-18371650' AND c_asigna='355692' AND status IN ('0','3','B') [1][0] OK
C:[30/05/2013 00:54:03.42][181.183.184.103][1405] SELECT c_asigna FROM dace004 WHERE exp_e='05-18371650' AND c_asigna='355696' AND status IN ('0','3','B') [1][0] OK
C:[30/05/2013 00:54:03.42][181.183.184.103][1392] SELECT pre_cod_asig1,pre_cod_asig2,pre_cod_asig3,pre_cod_asig4,pre_cod_asig5,pre_cod_asig6,pre_cod_asig7 FROM tblaca009 WHERE pensum='5' AND c_uni_ca='5' AND c_asigna='355724' [1][0] OK
C:[30/05/2013 00:54:03.42][181.183.184.103][1405] SELECT c_asigna FROM dace004 WHERE exp_e='05-18371650' AND c_asigna='355692' AND status IN ('0','3','B') [1][0] OK
C:[30/05/2013 00:54:04.17][181.183.184.103][1436] SELECT par_cod_asig1,par_cod_asig2,par_cod_asig3 FROM tblaca009 WHERE pensum='5' AND c_uni_ca='5' AND c_asigna='300676' [1][0] OK
C:[30/05/2013 00:54:04.17][181.183.184.103][1436] SELECT par_cod_asig1,par_cod_asig2,par_cod_asig3 FROM tblaca009 WHERE pensum='5' AND c_uni_ca='5' AND c_asigna='355350' [1][0] OK
C:[30/05/2013 00:54:04.17][181.183.184.103][1436] SELECT par_cod_asig1,par_cod_asig2,par_cod_asig3 FROM tblaca009 WHERE pensum='5' AND c_uni_ca='5' AND c_asigna='355721' [1][0] OK
C:[30/05/2013 00:54:04.17][181.183.184.103][1436] SELECT par_cod_asig1,par_cod_asig2,par_cod_asig3 FROM tblaca009 WHERE pensum='5' AND c_uni_ca='5' AND c_asigna='300226' [1][0] OK
C:[30/05/2013 00:54:04.17][181.183.184.103][1436] SELECT par_cod_asig1,par_cod_asig2,par_cod_asig3 FROM tblaca009 WHERE pensum='5' AND c_uni_ca='5' AND c_asigna='355720' [1][0] OK
C:[30/05/2013 00:54:04.17][181.183.184.103][1436] SELECT par_cod_asig1,par_cod_asig2,par_cod_asig3 FROM tblaca009 WHERE pensum='5' AND c_uni_ca='5' AND c_asigna='355724' [1][0] OK
C:[30/05/2013 00:54:04.93][181.183.184.103][1566] SELECT horas_lab FROM tblaca008 WHERE c_asigna='300676' AND horas_teoricas > 0 [1][0] OK
C:[30/05/2013 00:54:04.05][181.183.184.103][1600] SELECT sum(u_creditos*1) FROM dace006 a, tblaca009 b WHERE a.exp_e='05-18371650' AND a.lapso='2013-1' AND b.pensum='5' AND b.c_uni_ca='5' AND status IN ('7','A','2') AND a.c_asigna=b.c_asigna  [1][0] OK
C:[30/05/2013 00:54:04.42][181.183.184.103][1619] SELECT sum(u_creditos*1) FROM dace006 a, tblaca009 b WHERE a.exp_e='05-18371650' AND a.lapso='2013-1' AND b.pensum='5' AND b.c_uni_ca='5' AND status IN ('7','A','2') AND a.c_asigna=b.c_asigna AND a.c_asigna IN ('355350','355721','300226','355720','355724') [1][0] OK
C:[30/05/2013 00:54:04.36][181.183.184.103][1635] SELECT MAX(semestre) FROM dace006 a, tblaca009 b WHERE a.exp_e='05-18371650' AND a.lapso='2013-1' AND b.pensum='5' AND b.c_uni_ca='5' AND status IN ('7','A','2') AND a.c_asigna=b.c_asigna  [1][0] OK
C:[30/05/2013 00:54:04.73][181.183.184.103][1655] SELECT MIN(semestre) FROM dace006 a, tblaca009 b WHERE a.exp_e='05-18371650' AND a.lapso='2013-1' AND b.pensum='5' AND b.c_uni_ca='5' AND status IN ('7','A','2') AND a.c_asigna=b.c_asigna AND a.c_asigna IN ('300676') [1][0] OK
C:[30/05/2013 07:46:24.47][186.90.62.152][1392] SELECT pre_cod_asig1,pre_cod_asig2,pre_cod_asig3,pre_cod_asig4,pre_cod_asig5,pre_cod_asig6,pre_cod_asig7 FROM tblaca009 WHERE pensum='5' AND c_uni_ca='5' AND c_asigna='300113' [1][0] OK
C:[30/05/2013 07:46:24.47][186.90.62.152][1392] SELECT pre_cod_asig1,pre_cod_asig2,pre_cod_asig3,pre_cod_asig4,pre_cod_asig5,pre_cod_asig6,pre_cod_asig7 FROM tblaca009 WHERE pensum='5' AND c_uni_ca='5' AND c_asigna='300013' [1][0] OK
C:[30/05/2013 07:46:24.47][186.90.62.152][1392] SELECT pre_cod_asig1,pre_cod_asig2,pre_cod_asig3,pre_cod_asig4,pre_cod_asig5,pre_cod_asig6,pre_cod_asig7 FROM tblaca009 WHERE pensum='5' AND c_uni_ca='5' AND c_asigna='300101' [1][0] OK
C:[30/05/2013 07:46:24.47][186.90.62.152][1392] SELECT pre_cod_asig1,pre_cod_asig2,pre_cod_asig3,pre_cod_asig4,pre_cod_asig5,pre_cod_asig6,pre_cod_asig7 FROM tblaca009 WHERE pensum='5' AND c_uni_ca='5' AND c_asigna='300112' [1][0] OK
C:[30/05/2013 07:46:24.47][186.90.62.152][1392] SELECT pre_cod_asig1,pre_cod_asig2,pre_cod_asig3,pre_cod_asig4,pre_cod_asig5,pre_cod_asig6,pre_cod_asig7 FROM tblaca009 WHERE pensum='5' AND c_uni_ca='5' AND c_asigna='300116' [1][0] OK
C:[30/05/2013 07:46:24.10][186.90.62.152][1436] SELECT par_cod_asig1,par_cod_asig2,par_cod_asig3 FROM tblaca009 WHERE pensum='5' AND c_uni_ca='5' AND c_asigna='300113' [1][0] OK
C:[30/05/2013 07:46:24.10][186.90.62.152][1450] SELECT c_asigna FROM dace004 WHERE exp_e='12-21249271' AND c_asigna='300013' AND status IN ('0','3','B','C') [0][0] OK
C:[30/05/2013 07:46:24.10][186.90.62.152][1436] SELECT par_cod_asig1,par_cod_asig2,par_cod_asig3 FROM tblaca009 WHERE pensum='5' AND c_uni_ca='5' AND c_asigna='300013' [1][0] OK
C:[30/05/2013 07:46:24.10][186.90.62.152][1436] SELECT par_cod_asig1,par_cod_asig2,par_cod_asig3 FROM tblaca009 WHERE pensum='5' AND c_uni_ca='5' AND c_asigna='300101' [1][0] OK
C:[30/05/2013 07:46:24.10][186.90.62.152][1436] SELECT par_cod_asig1,par_cod_asig2,par_cod_asig3 FROM tblaca009 WHERE pensum='5' AND c_uni_ca='5' AND c_asigna='300112' [1][0] OK
C:[30/05/2013 07:46:24.10][186.90.62.152][1436] SELECT par_cod_asig1,par_cod_asig2,par_cod_asig3 FROM tblaca009 WHERE pensum='5' AND c_uni_ca='5' AND c_asigna='300116' [1][0] OK
C:[30/05/2013 07:46:24.87][186.90.62.152][1566] SELECT horas_lab FROM tblaca008 WHERE c_asigna='300113' AND horas_teoricas > 0 [0][0] OK
C:[30/05/2013 07:46:24.98][186.90.62.152][1600] SELECT sum(u_creditos*1) FROM dace006 a, tblaca009 b WHERE a.exp_e='12-21249271' AND a.lapso='2013-1' AND b.pensum='5' AND b.c_uni_ca='5' AND status IN ('7','A','2') AND a.c_asigna=b.c_asigna  [1][0] OK
C:[30/05/2013 07:46:24.35][186.90.62.152][1619] SELECT sum(u_creditos*1) FROM dace006 a, tblaca009 b WHERE a.exp_e='12-21249271' AND a.lapso='2013-1' AND b.pensum='5' AND b.c_uni_ca='5' AND status IN ('7','A','2') AND a.c_asigna=b.c_asigna AND a.c_asigna IN ('300013','300101','300112','300116') [1][0] OK
C:[30/05/2013 07:46:25.29][186.90.62.152][1635] SELECT MAX(semestre) FROM dace006 a, tblaca009 b WHERE a.exp_e='12-21249271' AND a.lapso='2013-1' AND b.pensum='5' AND b.c_uni_ca='5' AND status IN ('7','A','2') AND a.c_asigna=b.c_asigna  [1][0] OK
C:[30/05/2013 07:46:25.23][186.90.62.152][1655] SELECT MIN(semestre) FROM dace006 a, tblaca009 b WHERE a.exp_e='12-21249271' AND a.lapso='2013-1' AND b.pensum='5' AND b.c_uni_ca='5' AND status IN ('7','A','2') AND a.c_asigna=b.c_asigna AND a.c_asigna IN ('300113') [1][0] OK
C:[30/05/2013 08:20:21.25][190.206.42.19][1392] SELECT pre_cod_asig1,pre_cod_asig2,pre_cod_asig3,pre_cod_asig4,pre_cod_asig5,pre_cod_asig6,pre_cod_asig7 FROM tblaca009 WHERE pensum='5' AND c_uni_ca='5' AND c_asigna='355720' [1][0] OK
C:[30/05/2013 08:20:21.25][190.206.42.19][1405] SELECT c_asigna FROM dace004 WHERE exp_e='09-20934398' AND c_asigna='355692' AND status IN ('0','3','B') [1][0] OK
C:[30/05/2013 08:20:21.25][190.206.42.19][1405] SELECT c_asigna FROM dace004 WHERE exp_e='09-20934398' AND c_asigna='355696' AND status IN ('0','3','B') [1][0] OK
C:[30/05/2013 08:20:21.25][190.206.42.19][1392] SELECT pre_cod_asig1,pre_cod_asig2,pre_cod_asig3,pre_cod_asig4,pre_cod_asig5,pre_cod_asig6,pre_cod_asig7 FROM tblaca009 WHERE pensum='5' AND c_uni_ca='5' AND c_asigna='355721' [1][0] OK
C:[30/05/2013 08:20:21.25][190.206.42.19][1405] SELECT c_asigna FROM dace004 WHERE exp_e='09-20934398' AND c_asigna='355693' AND status IN ('0','3','B') [1][0] OK
C:[30/05/2013 08:20:21.25][190.206.42.19][1405] SELECT c_asigna FROM dace004 WHERE exp_e='09-20934398' AND c_asigna='355696' AND status IN ('0','3','B') [1][0] OK
C:[30/05/2013 08:20:21.25][190.206.42.19][1392] SELECT pre_cod_asig1,pre_cod_asig2,pre_cod_asig3,pre_cod_asig4,pre_cod_asig5,pre_cod_asig6,pre_cod_asig7 FROM tblaca009 WHERE pensum='5' AND c_uni_ca='5' AND c_asigna='355723' [1][0] OK
C:[30/05/2013 08:20:21.25][190.206.42.19][1405] SELECT c_asigna FROM dace004 WHERE exp_e='09-20934398' AND c_asigna='355694' AND status IN ('0','3','B') [1][0] OK
C:[30/05/2013 08:20:21.25][190.206.42.19][1392] SELECT pre_cod_asig1,pre_cod_asig2,pre_cod_asig3,pre_cod_asig4,pre_cod_asig5,pre_cod_asig6,pre_cod_asig7 FROM tblaca009 WHERE pensum='5' AND c_uni_ca='5' AND c_asigna='355724' [1][0] OK
C:[30/05/2013 08:20:21.25][190.206.42.19][1405] SELECT c_asigna FROM dace004 WHERE exp_e='09-20934398' AND c_asigna='355692' AND status IN ('0','3','B') [1][0] OK
C:[30/05/2013 08:20:21.25][190.206.42.19][1392] SELECT pre_cod_asig1,pre_cod_asig2,pre_cod_asig3,pre_cod_asig4,pre_cod_asig5,pre_cod_asig6,pre_cod_asig7 FROM tblaca009 WHERE pensum='5' AND c_uni_ca='5' AND c_asigna='355725' [1][0] OK
C:[30/05/2013 08:20:21.25][190.206.42.19][1405] SELECT c_asigna FROM dace004 WHERE exp_e='09-20934398' AND c_asigna='355693' AND status IN ('0','3','B') [1][0] OK
C:[30/05/2013 08:20:21.25][190.206.42.19][1405] SELECT c_asigna FROM dace004 WHERE exp_e='09-20934398' AND c_asigna='355692' AND status IN ('0','3','B') [1][0] OK
C:[30/05/2013 08:20:21.25][190.206.42.19][1392] SELECT pre_cod_asig1,pre_cod_asig2,pre_cod_asig3,pre_cod_asig4,pre_cod_asig5,pre_cod_asig6,pre_cod_asig7 FROM tblaca009 WHERE pensum='5' AND c_uni_ca='5' AND c_asigna='355953' [1][0] OK
C:[30/05/2013 08:20:21.25][190.206.42.19][1405] SELECT c_asigna FROM dace004 WHERE exp_e='09-20934398' AND c_asigna='355691' AND status IN ('0','3','B') [1][0] OK
C:[30/05/2013 08:20:21.12][190.206.42.19][1436] SELECT par_cod_asig1,par_cod_asig2,par_cod_asig3 FROM tblaca009 WHERE pensum='5' AND c_uni_ca='5' AND c_asigna='355720' [1][0] OK
C:[30/05/2013 08:20:21.12][190.206.42.19][1436] SELECT par_cod_asig1,par_cod_asig2,par_cod_asig3 FROM tblaca009 WHERE pensum='5' AND c_uni_ca='5' AND c_asigna='355721' [1][0] OK
C:[30/05/2013 08:20:21.12][190.206.42.19][1436] SELECT par_cod_asig1,par_cod_asig2,par_cod_asig3 FROM tblaca009 WHERE pensum='5' AND c_uni_ca='5' AND c_asigna='355723' [1][0] OK
C:[30/05/2013 08:20:21.12][190.206.42.19][1436] SELECT par_cod_asig1,par_cod_asig2,par_cod_asig3 FROM tblaca009 WHERE pensum='5' AND c_uni_ca='5' AND c_asigna='355724' [1][0] OK
C:[30/05/2013 08:20:21.12][190.206.42.19][1436] SELECT par_cod_asig1,par_cod_asig2,par_cod_asig3 FROM tblaca009 WHERE pensum='5' AND c_uni_ca='5' AND c_asigna='355725' [1][0] OK
C:[30/05/2013 08:20:21.12][190.206.42.19][1436] SELECT par_cod_asig1,par_cod_asig2,par_cod_asig3 FROM tblaca009 WHERE pensum='5' AND c_uni_ca='5' AND c_asigna='355953' [1][0] OK
C:[30/05/2013 08:20:21.90][190.206.42.19][1600] SELECT sum(u_creditos*1) FROM dace006 a, tblaca009 b WHERE a.exp_e='09-20934398' AND a.lapso='2013-1' AND b.pensum='5' AND b.c_uni_ca='5' AND status IN ('7','A','2') AND a.c_asigna=b.c_asigna  [1][0] OK
C:[30/05/2013 08:20:22.25][190.206.42.19][1619] SELECT sum(u_creditos*1) FROM dace006 a, tblaca009 b WHERE a.exp_e='09-20934398' AND a.lapso='2013-1' AND b.pensum='5' AND b.c_uni_ca='5' AND status IN ('7','A','2') AND a.c_asigna=b.c_asigna AND a.c_asigna IN ('355720','355721','355723','355724','355725','355953') [1][0] OK
C:[30/05/2013 08:20:22.19][190.206.42.19][1635] SELECT MAX(semestre) FROM dace006 a, tblaca009 b WHERE a.exp_e='09-20934398' AND a.lapso='2013-1' AND b.pensum='5' AND b.c_uni_ca='5' AND status IN ('7','A','2') AND a.c_asigna=b.c_asigna  [1][0] OK
C:[30/05/2013 08:29:57.98][186.90.62.152][1392] SELECT pre_cod_asig1,pre_cod_asig2,pre_cod_asig3,pre_cod_asig4,pre_cod_asig5,pre_cod_asig6,pre_cod_asig7 FROM tblaca009 WHERE pensum='5' AND c_uni_ca='2' AND c_asigna='300228' [1][0] OK
C:[30/05/2013 08:29:57.98][186.90.62.152][1405] SELECT c_asigna FROM dace004 WHERE exp_e='12-24847690' AND c_asigna='300101' AND status IN ('0','3','B') [1][0] OK
C:[30/05/2013 08:29:57.98][186.90.62.152][1392] SELECT pre_cod_asig1,pre_cod_asig2,pre_cod_asig3,pre_cod_asig4,pre_cod_asig5,pre_cod_asig6,pre_cod_asig7 FROM tblaca009 WHERE pensum='5' AND c_uni_ca='2' AND c_asigna='300209' [1][0] OK
C:[30/05/2013 08:29:57.98][186.90.62.152][1405] SELECT c_asigna FROM dace004 WHERE exp_e='12-24847690' AND c_asigna='300101' AND status IN ('0','3','B') [1][0] OK
C:[30/05/2013 08:29:57.98][186.90.62.152][1392] SELECT pre_cod_asig1,pre_cod_asig2,pre_cod_asig3,pre_cod_asig4,pre_cod_asig5,pre_cod_asig6,pre_cod_asig7 FROM tblaca009 WHERE pensum='5' AND c_uni_ca='2' AND c_asigna='300222' [1][0] OK
C:[30/05/2013 08:29:57.98][186.90.62.152][1405] SELECT c_asigna FROM dace004 WHERE exp_e='12-24847690' AND c_asigna='300112' AND status IN ('0','3','B') [1][0] OK
C:[30/05/2013 08:29:57.98][186.90.62.152][1392] SELECT pre_cod_asig1,pre_cod_asig2,pre_cod_asig3,pre_cod_asig4,pre_cod_asig5,pre_cod_asig6,pre_cod_asig7 FROM tblaca009 WHERE pensum='5' AND c_uni_ca='2' AND c_asigna='300226' [1][0] OK
C:[30/05/2013 08:29:57.98][186.90.62.152][1405] SELECT c_asigna FROM dace004 WHERE exp_e='12-24847690' AND c_asigna='300116' AND status IN ('0','3','B') [1][0] OK
C:[30/05/2013 08:29:57.98][186.90.62.152][1392] SELECT pre_cod_asig1,pre_cod_asig2,pre_cod_asig3,pre_cod_asig4,pre_cod_asig5,pre_cod_asig6,pre_cod_asig7 FROM tblaca009 WHERE pensum='5' AND c_uni_ca='2' AND c_asigna='300207' [1][0] OK
C:[30/05/2013 08:29:57.98][186.90.62.152][1405] SELECT c_asigna FROM dace004 WHERE exp_e='12-24847690' AND c_asigna='300101' AND status IN ('0','3','B') [1][0] OK
C:[30/05/2013 08:29:58.25][186.90.62.152][1436] SELECT par_cod_asig1,par_cod_asig2,par_cod_asig3 FROM tblaca009 WHERE pensum='5' AND c_uni_ca='2' AND c_asigna='300228' [1][0] OK
C:[30/05/2013 08:29:58.25][186.90.62.152][1436] SELECT par_cod_asig1,par_cod_asig2,par_cod_asig3 FROM tblaca009 WHERE pensum='5' AND c_uni_ca='2' AND c_asigna='300209' [1][0] OK
C:[30/05/2013 08:29:58.25][186.90.62.152][1436] SELECT par_cod_asig1,par_cod_asig2,par_cod_asig3 FROM tblaca009 WHERE pensum='5' AND c_uni_ca='2' AND c_asigna='300222' [1][0] OK
C:[30/05/2013 08:29:58.25][186.90.62.152][1436] SELECT par_cod_asig1,par_cod_asig2,par_cod_asig3 FROM tblaca009 WHERE pensum='5' AND c_uni_ca='2' AND c_asigna='300226' [1][0] OK
C:[30/05/2013 08:29:58.25][186.90.62.152][1436] SELECT par_cod_asig1,par_cod_asig2,par_cod_asig3 FROM tblaca009 WHERE pensum='5' AND c_uni_ca='2' AND c_asigna='300207' [1][0] OK
C:[30/05/2013 08:29:58.88][186.90.62.152][1566] SELECT horas_lab FROM tblaca008 WHERE c_asigna='300228' AND horas_teoricas > 0 [1][0] OK
C:[30/05/2013 08:29:58.98][186.90.62.152][1600] SELECT sum(u_creditos*1) FROM dace006 a, tblaca009 b WHERE a.exp_e='12-24847690' AND a.lapso='2013-1' AND b.pensum='5' AND b.c_uni_ca='2' AND status IN ('7','A','2') AND a.c_asigna=b.c_asigna  [1][0] OK
C:[30/05/2013 08:29:58.93][186.90.62.152][1619] SELECT sum(u_creditos*1) FROM dace006 a, tblaca009 b WHERE a.exp_e='12-24847690' AND a.lapso='2013-1' AND b.pensum='5' AND b.c_uni_ca='2' AND status IN ('7','A','2') AND a.c_asigna=b.c_asigna AND a.c_asigna IN ('300209','300222','300226','300207') [1][0] OK
C:[30/05/2013 08:29:58.86][186.90.62.152][1635] SELECT MAX(semestre) FROM dace006 a, tblaca009 b WHERE a.exp_e='12-24847690' AND a.lapso='2013-1' AND b.pensum='5' AND b.c_uni_ca='2' AND status IN ('7','A','2') AND a.c_asigna=b.c_asigna  [1][0] OK
C:[30/05/2013 08:29:58.80][186.90.62.152][1655] SELECT MIN(semestre) FROM dace006 a, tblaca009 b WHERE a.exp_e='12-24847690' AND a.lapso='2013-1' AND b.pensum='5' AND b.c_uni_ca='2' AND status IN ('7','A','2') AND a.c_asigna=b.c_asigna AND a.c_asigna IN ('300228') [1][0] OK
C:[30/05/2013 08:51:40.66][172.16.8.247][1392] SELECT pre_cod_asig1,pre_cod_asig2,pre_cod_asig3,pre_cod_asig4,pre_cod_asig5,pre_cod_asig6,pre_cod_asig7 FROM tblaca009 WHERE pensum='5' AND c_uni_ca='3' AND c_asigna='300207' [1][0] OK
C:[30/05/2013 08:51:40.66][172.16.8.247][1405] SELECT c_asigna FROM dace004 WHERE exp_e='12-24522873' AND c_asigna='300101' AND status IN ('0','3','B') [1][0] OK
C:[30/05/2013 08:51:40.66][172.16.8.247][1392] SELECT pre_cod_asig1,pre_cod_asig2,pre_cod_asig3,pre_cod_asig4,pre_cod_asig5,pre_cod_asig6,pre_cod_asig7 FROM tblaca009 WHERE pensum='5' AND c_uni_ca='3' AND c_asigna='300116' [1][0] OK
C:[30/05/2013 08:51:40.66][172.16.8.247][1392] SELECT pre_cod_asig1,pre_cod_asig2,pre_cod_asig3,pre_cod_asig4,pre_cod_asig5,pre_cod_asig6,pre_cod_asig7 FROM tblaca009 WHERE pensum='5' AND c_uni_ca='3' AND c_asigna='300209' [1][0] OK
C:[30/05/2013 08:51:40.66][172.16.8.247][1405] SELECT c_asigna FROM dace004 WHERE exp_e='12-24522873' AND c_asigna='300101' AND status IN ('0','3','B') [1][0] OK
C:[30/05/2013 08:51:40.66][172.16.8.247][1392] SELECT pre_cod_asig1,pre_cod_asig2,pre_cod_asig3,pre_cod_asig4,pre_cod_asig5,pre_cod_asig6,pre_cod_asig7 FROM tblaca009 WHERE pensum='5' AND c_uni_ca='3' AND c_asigna='300213' [1][0] OK
C:[30/05/2013 08:51:40.66][172.16.8.247][1405] SELECT c_asigna FROM dace004 WHERE exp_e='12-24522873' AND c_asigna='300101' AND status IN ('0','3','B') [1][0] OK
C:[30/05/2013 08:51:40.66][172.16.8.247][1392] SELECT pre_cod_asig1,pre_cod_asig2,pre_cod_asig3,pre_cod_asig4,pre_cod_asig5,pre_cod_asig6,pre_cod_asig7 FROM tblaca009 WHERE pensum='5' AND c_uni_ca='3' AND c_asigna='300228' [1][0] OK
C:[30/05/2013 08:51:40.66][172.16.8.247][1405] SELECT c_asigna FROM dace004 WHERE exp_e='12-24522873' AND c_asigna='300101' AND status IN ('0','3','B') [1][0] OK
C:[30/05/2013 08:51:40.79][172.16.8.247][1436] SELECT par_cod_asig1,par_cod_asig2,par_cod_asig3 FROM tblaca009 WHERE pensum='5' AND c_uni_ca='3' AND c_asigna='300207' [1][0] OK
C:[30/05/2013 08:51:40.79][172.16.8.247][1436] SELECT par_cod_asig1,par_cod_asig2,par_cod_asig3 FROM tblaca009 WHERE pensum='5' AND c_uni_ca='3' AND c_asigna='300116' [1][0] OK
C:[30/05/2013 08:51:40.79][172.16.8.247][1436] SELECT par_cod_asig1,par_cod_asig2,par_cod_asig3 FROM tblaca009 WHERE pensum='5' AND c_uni_ca='3' AND c_asigna='300209' [1][0] OK
C:[30/05/2013 08:51:40.79][172.16.8.247][1436] SELECT par_cod_asig1,par_cod_asig2,par_cod_asig3 FROM tblaca009 WHERE pensum='5' AND c_uni_ca='3' AND c_asigna='300213' [1][0] OK
C:[30/05/2013 08:51:40.79][172.16.8.247][1450] SELECT c_asigna FROM dace004 WHERE exp_e='12-24522873' AND c_asigna='300209' AND status IN ('0','3','B','C') [0][0] OK
C:[30/05/2013 08:51:40.79][172.16.8.247][1436] SELECT par_cod_asig1,par_cod_asig2,par_cod_asig3 FROM tblaca009 WHERE pensum='5' AND c_uni_ca='3' AND c_asigna='300228' [1][0] OK
C:[30/05/2013 08:51:40.54][172.16.8.247][1566] SELECT horas_lab FROM tblaca008 WHERE c_asigna='300207' AND horas_teoricas > 0 [1][0] OK
C:[30/05/2013 08:51:40.66][172.16.8.247][1600] SELECT sum(u_creditos*1) FROM dace006 a, tblaca009 b WHERE a.exp_e='12-24522873' AND a.lapso='2013-1' AND b.pensum='5' AND b.c_uni_ca='3' AND status IN ('7','A','2') AND a.c_asigna=b.c_asigna  [1][0] OK
C:[30/05/2013 08:51:41.85][172.16.8.247][1619] SELECT sum(u_creditos*1) FROM dace006 a, tblaca009 b WHERE a.exp_e='12-24522873' AND a.lapso='2013-1' AND b.pensum='5' AND b.c_uni_ca='3' AND status IN ('7','A','2') AND a.c_asigna=b.c_asigna AND a.c_asigna IN ('300116','300209','300213','300228') [1][0] OK
C:[30/05/2013 08:51:41.35][172.16.8.247][1635] SELECT MAX(semestre) FROM dace006 a, tblaca009 b WHERE a.exp_e='12-24522873' AND a.lapso='2013-1' AND b.pensum='5' AND b.c_uni_ca='3' AND status IN ('7','A','2') AND a.c_asigna=b.c_asigna  [1][0] OK
C:[30/05/2013 08:51:41.29][172.16.8.247][1655] SELECT MIN(semestre) FROM dace006 a, tblaca009 b WHERE a.exp_e='12-24522873' AND a.lapso='2013-1' AND b.pensum='5' AND b.c_uni_ca='3' AND status IN ('7','A','2') AND a.c_asigna=b.c_asigna AND a.c_asigna IN ('300207') [1][0] OK
C:[30/05/2013 08:55:19.00][186.90.62.152][1392] SELECT pre_cod_asig1,pre_cod_asig2,pre_cod_asig3,pre_cod_asig4,pre_cod_asig5,pre_cod_asig6,pre_cod_asig7 FROM tblaca009 WHERE pensum='5' AND c_uni_ca='5' AND c_asigna='300677' [1][0] OK
C:[30/05/2013 08:55:19.00][186.90.62.152][1392] SELECT pre_cod_asig1,pre_cod_asig2,pre_cod_asig3,pre_cod_asig4,pre_cod_asig5,pre_cod_asig6,pre_cod_asig7 FROM tblaca009 WHERE pensum='5' AND c_uni_ca='5' AND c_asigna='300422' [1][0] OK
C:[30/05/2013 08:55:19.00][186.90.62.152][1405] SELECT c_asigna FROM dace004 WHERE exp_e='09-22594454' AND c_asigna='300105' AND status IN ('0','3','B') [1][0] OK
C:[30/05/2013 08:55:19.00][186.90.62.152][1405] SELECT c_asigna FROM dace004 WHERE exp_e='09-22594454' AND c_asigna='300314' AND status IN ('0','3','B') [1][0] OK
C:[30/05/2013 08:55:19.00][186.90.62.152][1392] SELECT pre_cod_asig1,pre_cod_asig2,pre_cod_asig3,pre_cod_asig4,pre_cod_asig5,pre_cod_asig6,pre_cod_asig7 FROM tblaca009 WHERE pensum='5' AND c_uni_ca='5' AND c_asigna='351451' [1][0] OK
C:[30/05/2013 08:55:19.00][186.90.62.152][1405] SELECT c_asigna FROM dace004 WHERE exp_e='09-22594454' AND c_asigna='351330' AND status IN ('0','3','B') [1][0] OK
C:[30/05/2013 08:55:19.00][186.90.62.152][1405] SELECT c_asigna FROM dace004 WHERE exp_e='09-22594454' AND c_asigna='355350' AND status IN ('0','3','B') [1][0] OK
C:[30/05/2013 08:55:19.00][186.90.62.152][1405] SELECT c_asigna FROM dace004 WHERE exp_e='09-22594454' AND c_asigna='300318' AND status IN ('0','3','B') [1][0] OK
C:[30/05/2013 08:55:19.00][186.90.62.152][1405] SELECT c_asigna FROM dace004 WHERE exp_e='09-22594454' AND c_asigna='300209' AND status IN ('0','3','B') [1][0] OK
C:[30/05/2013 08:55:19.00][186.90.62.152][1405] SELECT c_asigna FROM dace004 WHERE exp_e='09-22594454' AND c_asigna='300222' AND status IN ('0','3','B') [1][0] OK
C:[30/05/2013 08:55:19.00][186.90.62.152][1392] SELECT pre_cod_asig1,pre_cod_asig2,pre_cod_asig3,pre_cod_asig4,pre_cod_asig5,pre_cod_asig6,pre_cod_asig7 FROM tblaca009 WHERE pensum='5' AND c_uni_ca='5' AND c_asigna='355570' [1][0] OK
C:[30/05/2013 08:55:19.00][186.90.62.152][1405] SELECT c_asigna FROM dace004 WHERE exp_e='09-22594454' AND c_asigna='355447' AND status IN ('0','3','B') [1][0] OK
C:[30/05/2013 08:55:19.00][186.90.62.152][1392] SELECT pre_cod_asig1,pre_cod_asig2,pre_cod_asig3,pre_cod_asig4,pre_cod_asig5,pre_cod_asig6,pre_cod_asig7 FROM tblaca009 WHERE pensum='5' AND c_uni_ca='5' AND c_asigna='355573' [1][0] OK
C:[30/05/2013 08:55:19.00][186.90.62.152][1405] SELECT c_asigna FROM dace004 WHERE exp_e='09-22594454' AND c_asigna='355448' AND status IN ('0','3','B') [1][0] OK
C:[30/05/2013 08:55:20.75][186.90.62.152][1436] SELECT par_cod_asig1,par_cod_asig2,par_cod_asig3 FROM tblaca009 WHERE pensum='5' AND c_uni_ca='5' AND c_asigna='300677' [1][0] OK
C:[30/05/2013 08:55:20.75][186.90.62.152][1436] SELECT par_cod_asig1,par_cod_asig2,par_cod_asig3 FROM tblaca009 WHERE pensum='5' AND c_uni_ca='5' AND c_asigna='300422' [1][0] OK
C:[30/05/2013 08:55:20.75][186.90.62.152][1436] SELECT par_cod_asig1,par_cod_asig2,par_cod_asig3 FROM tblaca009 WHERE pensum='5' AND c_uni_ca='5' AND c_asigna='351451' [1][0] OK
C:[30/05/2013 08:55:20.75][186.90.62.152][1436] SELECT par_cod_asig1,par_cod_asig2,par_cod_asig3 FROM tblaca009 WHERE pensum='5' AND c_uni_ca='5' AND c_asigna='355570' [1][0] OK
C:[30/05/2013 08:55:20.75][186.90.62.152][1436] SELECT par_cod_asig1,par_cod_asig2,par_cod_asig3 FROM tblaca009 WHERE pensum='5' AND c_uni_ca='5' AND c_asigna='355573' [1][0] OK
C:[30/05/2013 08:55:20.96][186.90.62.152][1566] SELECT horas_lab FROM tblaca008 WHERE c_asigna='300677' AND horas_teoricas > 0 [1][0] OK
C:[30/05/2013 08:55:20.06][186.90.62.152][1600] SELECT sum(u_creditos*1) FROM dace006 a, tblaca009 b WHERE a.exp_e='09-22594454' AND a.lapso='2013-1' AND b.pensum='5' AND b.c_uni_ca='5' AND status IN ('7','A','2') AND a.c_asigna=b.c_asigna  [1][0] OK
C:[30/05/2013 08:55:20.69][186.90.62.152][1619] SELECT sum(u_creditos*1) FROM dace006 a, tblaca009 b WHERE a.exp_e='09-22594454' AND a.lapso='2013-1' AND b.pensum='5' AND b.c_uni_ca='5' AND status IN ('7','A','2') AND a.c_asigna=b.c_asigna AND a.c_asigna IN ('300422','351451','355570','355573') [1][0] OK
C:[30/05/2013 08:55:20.06][186.90.62.152][1635] SELECT MAX(semestre) FROM dace006 a, tblaca009 b WHERE a.exp_e='09-22594454' AND a.lapso='2013-1' AND b.pensum='5' AND b.c_uni_ca='5' AND status IN ('7','A','2') AND a.c_asigna=b.c_asigna  [1][0] OK
C:[30/05/2013 08:55:20.70][186.90.62.152][1655] SELECT MIN(semestre) FROM dace006 a, tblaca009 b WHERE a.exp_e='09-22594454' AND a.lapso='2013-1' AND b.pensum='5' AND b.c_uni_ca='5' AND status IN ('7','A','2') AND a.c_asigna=b.c_asigna AND a.c_asigna IN ('300677') [1][0] OK
C:[30/05/2013 09:29:15.97][186.90.62.152][1392] SELECT pre_cod_asig1,pre_cod_asig2,pre_cod_asig3,pre_cod_asig4,pre_cod_asig5,pre_cod_asig6,pre_cod_asig7 FROM tblaca009 WHERE pensum='5' AND c_uni_ca='5' AND c_asigna='355722' [1][0] OK
C:[30/05/2013 09:29:15.97][186.90.62.152][1405] SELECT c_asigna FROM dace004 WHERE exp_e='10-20805925' AND c_asigna='355691' AND status IN ('0','3','B') [1][0] OK
C:[30/05/2013 09:29:15.97][186.90.62.152][1405] SELECT c_asigna FROM dace004 WHERE exp_e='10-20805925' AND c_asigna='355595' AND status IN ('0','3','B') [1][0] OK
C:[30/05/2013 09:29:15.97][186.90.62.152][1392] SELECT pre_cod_asig1,pre_cod_asig2,pre_cod_asig3,pre_cod_asig4,pre_cod_asig5,pre_cod_asig6,pre_cod_asig7 FROM tblaca009 WHERE pensum='5' AND c_uni_ca='5' AND c_asigna='355692' [1][0] OK
C:[30/05/2013 09:29:15.97][186.90.62.152][1405] SELECT c_asigna FROM dace004 WHERE exp_e='10-20805925' AND c_asigna='355448' AND status IN ('0','3','B') [1][0] OK
C:[30/05/2013 09:29:15.97][186.90.62.152][1405] SELECT c_asigna FROM dace004 WHERE exp_e='10-20805925' AND c_asigna='355570' AND status IN ('0','3','B') [1][0] OK
C:[30/05/2013 09:29:15.97][186.90.62.152][1392] SELECT pre_cod_asig1,pre_cod_asig2,pre_cod_asig3,pre_cod_asig4,pre_cod_asig5,pre_cod_asig6,pre_cod_asig7 FROM tblaca009 WHERE pensum='5' AND c_uni_ca='5' AND c_asigna='355693' [1][0] OK
C:[30/05/2013 09:29:15.97][186.90.62.152][1405] SELECT c_asigna FROM dace004 WHERE exp_e='10-20805925' AND c_asigna='355572' AND status IN ('0','3','B') [1][0] OK
C:[30/05/2013 09:29:15.97][186.90.62.152][1405] SELECT c_asigna FROM dace004 WHERE exp_e='10-20805925' AND c_asigna='352440' AND status IN ('0','3','B') [1][0] OK
C:[30/05/2013 09:29:15.97][186.90.62.152][1405] SELECT c_asigna FROM dace004 WHERE exp_e='10-20805925' AND c_asigna='355573' AND status IN ('0','3','B') [1][0] OK
C:[30/05/2013 09:29:15.97][186.90.62.152][1405] SELECT c_asigna FROM dace004 WHERE exp_e='10-20805925' AND c_asigna='300226' AND status IN ('0','3','B') [1][0] OK
C:[30/05/2013 09:29:15.97][186.90.62.152][1405] SELECT c_asigna FROM dace004 WHERE exp_e='10-20805925' AND c_asigna='300222' AND status IN ('0','3','B') [1][0] OK
C:[30/05/2013 09:29:15.97][186.90.62.152][1405] SELECT c_asigna FROM dace004 WHERE exp_e='10-20805925' AND c_asigna='300013' AND status IN ('0','3','B') [1][0] OK
C:[30/05/2013 09:29:15.97][186.90.62.152][1405] SELECT c_asigna FROM dace004 WHERE exp_e='10-20805925' AND c_asigna='300113' AND status IN ('0','3','B') [1][0] OK
C:[30/05/2013 09:29:15.97][186.90.62.152][1392] SELECT pre_cod_asig1,pre_cod_asig2,pre_cod_asig3,pre_cod_asig4,pre_cod_asig5,pre_cod_asig6,pre_cod_asig7 FROM tblaca009 WHERE pensum='5' AND c_uni_ca='5' AND c_asigna='355694' [1][0] OK
C:[30/05/2013 09:29:15.97][186.90.62.152][1405] SELECT c_asigna FROM dace004 WHERE exp_e='10-20805925' AND c_asigna='355572' AND status IN ('0','3','B') [1][0] OK
C:[30/05/2013 09:29:15.97][186.90.62.152][1405] SELECT c_asigna FROM dace004 WHERE exp_e='10-20805925' AND c_asigna='355571' AND status IN ('0','3','B') [1][0] OK
C:[30/05/2013 09:29:15.97][186.90.62.152][1392] SELECT pre_cod_asig1,pre_cod_asig2,pre_cod_asig3,pre_cod_asig4,pre_cod_asig5,pre_cod_asig6,pre_cod_asig7 FROM tblaca009 WHERE pensum='5' AND c_uni_ca='5' AND c_asigna='355696' [1][0] OK
C:[30/05/2013 09:29:15.97][186.90.62.152][1405] SELECT c_asigna FROM dace004 WHERE exp_e='10-20805925' AND c_asigna='355570' AND status IN ('0','3','B') [1][0] OK
C:[30/05/2013 09:29:15.97][186.90.62.152][1405] SELECT c_asigna FROM dace004 WHERE exp_e='10-20805925' AND c_asigna='355571' AND status IN ('0','3','B') [1][0] OK
C:[30/05/2013 09:29:16.47][186.90.62.152][1436] SELECT par_cod_asig1,par_cod_asig2,par_cod_asig3 FROM tblaca009 WHERE pensum='5' AND c_uni_ca='5' AND c_asigna='355722' [1][0] OK
C:[30/05/2013 09:29:16.47][186.90.62.152][1436] SELECT par_cod_asig1,par_cod_asig2,par_cod_asig3 FROM tblaca009 WHERE pensum='5' AND c_uni_ca='5' AND c_asigna='355692' [1][0] OK
C:[30/05/2013 09:29:16.47][186.90.62.152][1436] SELECT par_cod_asig1,par_cod_asig2,par_cod_asig3 FROM tblaca009 WHERE pensum='5' AND c_uni_ca='5' AND c_asigna='355693' [1][0] OK
C:[30/05/2013 09:29:16.47][186.90.62.152][1436] SELECT par_cod_asig1,par_cod_asig2,par_cod_asig3 FROM tblaca009 WHERE pensum='5' AND c_uni_ca='5' AND c_asigna='355694' [1][0] OK
C:[30/05/2013 09:29:16.47][186.90.62.152][1436] SELECT par_cod_asig1,par_cod_asig2,par_cod_asig3 FROM tblaca009 WHERE pensum='5' AND c_uni_ca='5' AND c_asigna='355696' [1][0] OK
C:[30/05/2013 09:29:16.11][186.90.62.152][1566] SELECT horas_lab FROM tblaca008 WHERE c_asigna='355722' AND horas_teoricas > 0 [1][0] OK
C:[30/05/2013 09:29:16.22][186.90.62.152][1600] SELECT sum(u_creditos*1) FROM dace006 a, tblaca009 b WHERE a.exp_e='10-20805925' AND a.lapso='2013-1' AND b.pensum='5' AND b.c_uni_ca='5' AND status IN ('7','A','2') AND a.c_asigna=b.c_asigna  [1][0] OK
C:[30/05/2013 09:29:16.16][186.90.62.152][1619] SELECT sum(u_creditos*1) FROM dace006 a, tblaca009 b WHERE a.exp_e='10-20805925' AND a.lapso='2013-1' AND b.pensum='5' AND b.c_uni_ca='5' AND status IN ('7','A','2') AND a.c_asigna=b.c_asigna AND a.c_asigna IN ('355692','355693','355694','355696') [1][0] OK
C:[30/05/2013 09:29:16.09][186.90.62.152][1635] SELECT MAX(semestre) FROM dace006 a, tblaca009 b WHERE a.exp_e='10-20805925' AND a.lapso='2013-1' AND b.pensum='5' AND b.c_uni_ca='5' AND status IN ('7','A','2') AND a.c_asigna=b.c_asigna  [1][0] OK
C:[30/05/2013 09:29:17.04][186.90.62.152][1655] SELECT MIN(semestre) FROM dace006 a, tblaca009 b WHERE a.exp_e='10-20805925' AND a.lapso='2013-1' AND b.pensum='5' AND b.c_uni_ca='5' AND status IN ('7','A','2') AND a.c_asigna=b.c_asigna AND a.c_asigna IN ('355722') [1][0] OK
C:[30/05/2013 10:23:00.88][190.200.16.107][1392] SELECT pre_cod_asig1,pre_cod_asig2,pre_cod_asig3,pre_cod_asig4,pre_cod_asig5,pre_cod_asig6,pre_cod_asig7 FROM tblaca009 WHERE pensum='5' AND c_uni_ca='3' AND c_asigna='311822' [1][0] OK
C:[30/05/2013 10:23:00.88][190.200.16.107][1405] SELECT c_asigna FROM dace004 WHERE exp_e='04-17091998' AND c_asigna='311795' AND status IN ('0','3','B') [1][0] OK
C:[30/05/2013 10:23:00.88][190.200.16.107][1392] SELECT pre_cod_asig1,pre_cod_asig2,pre_cod_asig3,pre_cod_asig4,pre_cod_asig5,pre_cod_asig6,pre_cod_asig7 FROM tblaca009 WHERE pensum='5' AND c_uni_ca='3' AND c_asigna='311796' [1][0] OK
C:[30/05/2013 10:23:00.88][190.200.16.107][1405] SELECT c_asigna FROM dace004 WHERE exp_e='04-17091998' AND c_asigna='315671' AND status IN ('0','3','B') [1][0] OK
C:[30/05/2013 10:23:00.88][190.200.16.107][1392] SELECT pre_cod_asig1,pre_cod_asig2,pre_cod_asig3,pre_cod_asig4,pre_cod_asig5,pre_cod_asig6,pre_cod_asig7 FROM tblaca009 WHERE pensum='5' AND c_uni_ca='3' AND c_asigna='311823' [1][0] OK
C:[30/05/2013 10:23:00.88][190.200.16.107][1405] SELECT c_asigna FROM dace004 WHERE exp_e='04-17091998' AND c_asigna='311795' AND status IN ('0','3','B') [1][0] OK
C:[30/05/2013 10:23:00.88][190.200.16.107][1392] SELECT pre_cod_asig1,pre_cod_asig2,pre_cod_asig3,pre_cod_asig4,pre_cod_asig5,pre_cod_asig6,pre_cod_asig7 FROM tblaca009 WHERE pensum='5' AND c_uni_ca='3' AND c_asigna='311825' [1][0] OK
C:[30/05/2013 10:23:00.88][190.200.16.107][1405] SELECT c_asigna FROM dace004 WHERE exp_e='04-17091998' AND c_asigna='311775' AND status IN ('0','3','B') [1][0] OK
C:[30/05/2013 10:23:00.88][190.200.16.107][1405] SELECT c_asigna FROM dace004 WHERE exp_e='04-17091998' AND c_asigna='311795' AND status IN ('0','3','B') [1][0] OK
C:[30/05/2013 10:23:00.01][190.200.16.107][1436] SELECT par_cod_asig1,par_cod_asig2,par_cod_asig3 FROM tblaca009 WHERE pensum='5' AND c_uni_ca='3' AND c_asigna='311822' [1][0] OK
C:[30/05/2013 10:23:00.01][190.200.16.107][1436] SELECT par_cod_asig1,par_cod_asig2,par_cod_asig3 FROM tblaca009 WHERE pensum='5' AND c_uni_ca='3' AND c_asigna='311796' [1][0] OK
C:[30/05/2013 10:23:00.01][190.200.16.107][1436] SELECT par_cod_asig1,par_cod_asig2,par_cod_asig3 FROM tblaca009 WHERE pensum='5' AND c_uni_ca='3' AND c_asigna='311823' [1][0] OK
C:[30/05/2013 10:23:00.01][190.200.16.107][1436] SELECT par_cod_asig1,par_cod_asig2,par_cod_asig3 FROM tblaca009 WHERE pensum='5' AND c_uni_ca='3' AND c_asigna='311825' [1][0] OK
C:[30/05/2013 10:23:00.54][190.200.16.107][1566] SELECT horas_lab FROM tblaca008 WHERE c_asigna='311822' AND horas_teoricas > 0 [1][0] OK
C:[30/05/2013 10:23:00.63][190.200.16.107][1600] SELECT sum(u_creditos*1) FROM dace006 a, tblaca009 b WHERE a.exp_e='04-17091998' AND a.lapso='2013-1' AND b.pensum='5' AND b.c_uni_ca='3' AND status IN ('7','A','2') AND a.c_asigna=b.c_asigna  [1][0] OK
C:[30/05/2013 10:23:00.57][190.200.16.107][1619] SELECT sum(u_creditos*1) FROM dace006 a, tblaca009 b WHERE a.exp_e='04-17091998' AND a.lapso='2013-1' AND b.pensum='5' AND b.c_uni_ca='3' AND status IN ('7','A','2') AND a.c_asigna=b.c_asigna AND a.c_asigna IN ('311796','311823','311825') [1][0] OK
C:[30/05/2013 10:23:01.94][190.200.16.107][1635] SELECT MAX(semestre) FROM dace006 a, tblaca009 b WHERE a.exp_e='04-17091998' AND a.lapso='2013-1' AND b.pensum='5' AND b.c_uni_ca='3' AND status IN ('7','A','2') AND a.c_asigna=b.c_asigna  [1][0] OK
C:[30/05/2013 10:23:01.88][190.200.16.107][1655] SELECT MIN(semestre) FROM dace006 a, tblaca009 b WHERE a.exp_e='04-17091998' AND a.lapso='2013-1' AND b.pensum='5' AND b.c_uni_ca='3' AND status IN ('7','A','2') AND a.c_asigna=b.c_asigna AND a.c_asigna IN ('311822') [1][0] OK
C:[30/05/2013 11:23:06.08][65.49.14.167][1392] SELECT pre_cod_asig1,pre_cod_asig2,pre_cod_asig3,pre_cod_asig4,pre_cod_asig5,pre_cod_asig6,pre_cod_asig7 FROM tblaca009 WHERE pensum='5' AND c_uni_ca='4' AND c_asigna='300113' [1][0] OK
C:[30/05/2013 11:23:06.08][65.49.14.167][1392] SELECT pre_cod_asig1,pre_cod_asig2,pre_cod_asig3,pre_cod_asig4,pre_cod_asig5,pre_cod_asig6,pre_cod_asig7 FROM tblaca009 WHERE pensum='5' AND c_uni_ca='4' AND c_asigna='300112' [1][0] OK
C:[30/05/2013 11:23:06.33][65.49.14.167][1436] SELECT par_cod_asig1,par_cod_asig2,par_cod_asig3 FROM tblaca009 WHERE pensum='5' AND c_uni_ca='4' AND c_asigna='300113' [1][0] OK
C:[30/05/2013 11:23:06.33][65.49.14.167][1450] SELECT c_asigna FROM dace004 WHERE exp_e='10-22594428' AND c_asigna='300013' AND status IN ('0','3','B','C') [1][0] OK
C:[30/05/2013 11:23:06.33][65.49.14.167][1436] SELECT par_cod_asig1,par_cod_asig2,par_cod_asig3 FROM tblaca009 WHERE pensum='5' AND c_uni_ca='4' AND c_asigna='300112' [1][0] OK
C:[30/05/2013 11:23:06.72][65.49.14.167][1566] SELECT horas_lab FROM tblaca008 WHERE c_asigna='300113' AND horas_teoricas > 0 [0][0] OK
C:[30/05/2013 11:23:06.83][65.49.14.167][1600] SELECT sum(u_creditos*1) FROM dace006 a, tblaca009 b WHERE a.exp_e='10-22594428' AND a.lapso='2013-1' AND b.pensum='5' AND b.c_uni_ca='4' AND status IN ('7','A','2') AND a.c_asigna=b.c_asigna  [1][0] OK
C:[30/05/2013 11:23:06.78][65.49.14.167][1619] SELECT sum(u_creditos*1) FROM dace006 a, tblaca009 b WHERE a.exp_e='10-22594428' AND a.lapso='2013-1' AND b.pensum='5' AND b.c_uni_ca='4' AND status IN ('7','A','2') AND a.c_asigna=b.c_asigna AND a.c_asigna IN ('300112') [1][0] OK
C:[30/05/2013 11:23:06.14][65.49.14.167][1635] SELECT MAX(semestre) FROM dace006 a, tblaca009 b WHERE a.exp_e='10-22594428' AND a.lapso='2013-1' AND b.pensum='5' AND b.c_uni_ca='4' AND status IN ('7','A','2') AND a.c_asigna=b.c_asigna  [1][0] OK
C:[30/05/2013 11:23:06.08][65.49.14.167][1655] SELECT MIN(semestre) FROM dace006 a, tblaca009 b WHERE a.exp_e='10-22594428' AND a.lapso='2013-1' AND b.pensum='5' AND b.c_uni_ca='4' AND status IN ('7','A','2') AND a.c_asigna=b.c_asigna AND a.c_asigna IN ('300113') [1][0] OK
C:[30/05/2013 12:52:56.51][201.248.68.101][1392] SELECT pre_cod_asig1,pre_cod_asig2,pre_cod_asig3,pre_cod_asig4,pre_cod_asig5,pre_cod_asig6,pre_cod_asig7 FROM tblaca009 WHERE pensum='5' AND c_uni_ca='3' AND c_asigna='300113' [1][0] OK
C:[30/05/2013 12:52:56.51][201.248.68.101][1392] SELECT pre_cod_asig1,pre_cod_asig2,pre_cod_asig3,pre_cod_asig4,pre_cod_asig5,pre_cod_asig6,pre_cod_asig7 FROM tblaca009 WHERE pensum='5' AND c_uni_ca='3' AND c_asigna='300101' [1][0] OK
C:[30/05/2013 12:52:56.51][201.248.68.101][1392] SELECT pre_cod_asig1,pre_cod_asig2,pre_cod_asig3,pre_cod_asig4,pre_cod_asig5,pre_cod_asig6,pre_cod_asig7 FROM tblaca009 WHERE pensum='5' AND c_uni_ca='3' AND c_asigna='300013' [1][0] OK
C:[30/05/2013 12:52:56.51][201.248.68.101][1392] SELECT pre_cod_asig1,pre_cod_asig2,pre_cod_asig3,pre_cod_asig4,pre_cod_asig5,pre_cod_asig6,pre_cod_asig7 FROM tblaca009 WHERE pensum='5' AND c_uni_ca='3' AND c_asigna='300105' [1][0] OK
C:[30/05/2013 12:52:56.51][201.248.68.101][1392] SELECT pre_cod_asig1,pre_cod_asig2,pre_cod_asig3,pre_cod_asig4,pre_cod_asig5,pre_cod_asig6,pre_cod_asig7 FROM tblaca009 WHERE pensum='5' AND c_uni_ca='3' AND c_asigna='300112' [1][0] OK
C:[30/05/2013 12:52:57.14][201.248.68.101][1436] SELECT par_cod_asig1,par_cod_asig2,par_cod_asig3 FROM tblaca009 WHERE pensum='5' AND c_uni_ca='3' AND c_asigna='300113' [1][0] OK
C:[30/05/2013 12:52:57.14][201.248.68.101][1450] SELECT c_asigna FROM dace004 WHERE exp_e='12-25085859' AND c_asigna='300013' AND status IN ('0','3','B','C') [0][0] OK
C:[30/05/2013 12:52:57.14][201.248.68.101][1436] SELECT par_cod_asig1,par_cod_asig2,par_cod_asig3 FROM tblaca009 WHERE pensum='5' AND c_uni_ca='3' AND c_asigna='300101' [1][0] OK
C:[30/05/2013 12:52:57.14][201.248.68.101][1436] SELECT par_cod_asig1,par_cod_asig2,par_cod_asig3 FROM tblaca009 WHERE pensum='5' AND c_uni_ca='3' AND c_asigna='300013' [1][0] OK
C:[30/05/2013 12:52:57.14][201.248.68.101][1436] SELECT par_cod_asig1,par_cod_asig2,par_cod_asig3 FROM tblaca009 WHERE pensum='5' AND c_uni_ca='3' AND c_asigna='300105' [1][0] OK
C:[30/05/2013 12:52:57.14][201.248.68.101][1436] SELECT par_cod_asig1,par_cod_asig2,par_cod_asig3 FROM tblaca009 WHERE pensum='5' AND c_uni_ca='3' AND c_asigna='300112' [1][0] OK
C:[30/05/2013 12:52:57.90][201.248.68.101][1566] SELECT horas_lab FROM tblaca008 WHERE c_asigna='300113' AND horas_teoricas > 0 [0][0] OK
C:[30/05/2013 12:52:57.02][201.248.68.101][1600] SELECT sum(u_creditos*1) FROM dace006 a, tblaca009 b WHERE a.exp_e='12-25085859' AND a.lapso='2013-1' AND b.pensum='5' AND b.c_uni_ca='3' AND status IN ('7','A','2') AND a.c_asigna=b.c_asigna  [1][0] OK
C:[30/05/2013 12:52:57.95][201.248.68.101][1619] SELECT sum(u_creditos*1) FROM dace006 a, tblaca009 b WHERE a.exp_e='12-25085859' AND a.lapso='2013-1' AND b.pensum='5' AND b.c_uni_ca='3' AND status IN ('7','A','2') AND a.c_asigna=b.c_asigna AND a.c_asigna IN ('300101','300013','300105','300112') [1][0] OK
C:[30/05/2013 12:52:57.89][201.248.68.101][1635] SELECT MAX(semestre) FROM dace006 a, tblaca009 b WHERE a.exp_e='12-25085859' AND a.lapso='2013-1' AND b.pensum='5' AND b.c_uni_ca='3' AND status IN ('7','A','2') AND a.c_asigna=b.c_asigna  [1][0] OK
C:[30/05/2013 12:52:57.83][201.248.68.101][1655] SELECT MIN(semestre) FROM dace006 a, tblaca009 b WHERE a.exp_e='12-25085859' AND a.lapso='2013-1' AND b.pensum='5' AND b.c_uni_ca='3' AND status IN ('7','A','2') AND a.c_asigna=b.c_asigna AND a.c_asigna IN ('300113') [1][0] OK
C:[30/05/2013 13:36:13.37][190.94.232.126][1392] SELECT pre_cod_asig1,pre_cod_asig2,pre_cod_asig3,pre_cod_asig4,pre_cod_asig5,pre_cod_asig6,pre_cod_asig7 FROM tblaca009 WHERE pensum='5' AND c_uni_ca='2' AND c_asigna='320323' [1][0] OK
C:[30/05/2013 13:36:13.37][190.94.232.126][1405] SELECT c_asigna FROM dace004 WHERE exp_e='12-21111853' AND c_asigna='300228' AND status IN ('0','3','B') [1][0] OK
C:[30/05/2013 13:36:13.37][190.94.232.126][1405] SELECT c_asigna FROM dace004 WHERE exp_e='12-21111853' AND c_asigna='300218' AND status IN ('0','3','B') [1][0] OK
C:[30/05/2013 13:36:13.37][190.94.232.126][1392] SELECT pre_cod_asig1,pre_cod_asig2,pre_cod_asig3,pre_cod_asig4,pre_cod_asig5,pre_cod_asig6,pre_cod_asig7 FROM tblaca009 WHERE pensum='5' AND c_uni_ca='2' AND c_asigna='300116' [1][0] OK
C:[30/05/2013 13:36:13.37][190.94.232.126][1392] SELECT pre_cod_asig1,pre_cod_asig2,pre_cod_asig3,pre_cod_asig4,pre_cod_asig5,pre_cod_asig6,pre_cod_asig7 FROM tblaca009 WHERE pensum='5' AND c_uni_ca='2' AND c_asigna='300207' [1][0] OK
C:[30/05/2013 13:36:13.37][190.94.232.126][1405] SELECT c_asigna FROM dace004 WHERE exp_e='12-21111853' AND c_asigna='300101' AND status IN ('0','3','B') [1][0] OK
C:[30/05/2013 13:36:13.37][190.94.232.126][1392] SELECT pre_cod_asig1,pre_cod_asig2,pre_cod_asig3,pre_cod_asig4,pre_cod_asig5,pre_cod_asig6,pre_cod_asig7 FROM tblaca009 WHERE pensum='5' AND c_uni_ca='2' AND c_asigna='300314' [1][0] OK
C:[30/05/2013 13:36:13.37][190.94.232.126][1405] SELECT c_asigna FROM dace004 WHERE exp_e='12-21111853' AND c_asigna='300106' AND status IN ('0','3','B') [1][0] OK
C:[30/05/2013 13:36:13.37][190.94.232.126][1392] SELECT pre_cod_asig1,pre_cod_asig2,pre_cod_asig3,pre_cod_asig4,pre_cod_asig5,pre_cod_asig6,pre_cod_asig7 FROM tblaca009 WHERE pensum='5' AND c_uni_ca='2' AND c_asigna='320311' [1][0] OK
C:[30/05/2013 13:36:13.37][190.94.232.126][1405] SELECT c_asigna FROM dace004 WHERE exp_e='12-21111853' AND c_asigna='300013' AND status IN ('0','3','B') [1][0] OK
C:[30/05/2013 13:36:13.37][190.94.232.126][1405] SELECT c_asigna FROM dace004 WHERE exp_e='12-21111853' AND c_asigna='300113' AND status IN ('0','3','B') [1][0] OK
C:[30/05/2013 13:36:13.75][190.94.232.126][1436] SELECT par_cod_asig1,par_cod_asig2,par_cod_asig3 FROM tblaca009 WHERE pensum='5' AND c_uni_ca='2' AND c_asigna='320323' [1][0] OK
C:[30/05/2013 13:36:13.75][190.94.232.126][1436] SELECT par_cod_asig1,par_cod_asig2,par_cod_asig3 FROM tblaca009 WHERE pensum='5' AND c_uni_ca='2' AND c_asigna='300116' [1][0] OK
C:[30/05/2013 13:36:13.75][190.94.232.126][1436] SELECT par_cod_asig1,par_cod_asig2,par_cod_asig3 FROM tblaca009 WHERE pensum='5' AND c_uni_ca='2' AND c_asigna='300207' [1][0] OK
C:[30/05/2013 13:36:13.75][190.94.232.126][1436] SELECT par_cod_asig1,par_cod_asig2,par_cod_asig3 FROM tblaca009 WHERE pensum='5' AND c_uni_ca='2' AND c_asigna='300314' [1][0] OK
C:[30/05/2013 13:36:13.75][190.94.232.126][1436] SELECT par_cod_asig1,par_cod_asig2,par_cod_asig3 FROM tblaca009 WHERE pensum='5' AND c_uni_ca='2' AND c_asigna='320311' [1][0] OK
C:[30/05/2013 13:36:14.39][190.94.232.126][1566] SELECT horas_lab FROM tblaca008 WHERE c_asigna='320323' AND horas_teoricas > 0 [1][0] OK
C:[30/05/2013 13:36:14.50][190.94.232.126][1600] SELECT sum(u_creditos*1) FROM dace006 a, tblaca009 b WHERE a.exp_e='12-21111853' AND a.lapso='2013-1' AND b.pensum='5' AND b.c_uni_ca='2' AND status IN ('7','A','2') AND a.c_asigna=b.c_asigna  [1][0] OK
C:[30/05/2013 13:36:14.44][190.94.232.126][1619] SELECT sum(u_creditos*1) FROM dace006 a, tblaca009 b WHERE a.exp_e='12-21111853' AND a.lapso='2013-1' AND b.pensum='5' AND b.c_uni_ca='2' AND status IN ('7','A','2') AND a.c_asigna=b.c_asigna AND a.c_asigna IN ('300116','300207','300314','320311') [1][0] OK
C:[30/05/2013 13:36:14.38][190.94.232.126][1635] SELECT MAX(semestre) FROM dace006 a, tblaca009 b WHERE a.exp_e='12-21111853' AND a.lapso='2013-1' AND b.pensum='5' AND b.c_uni_ca='2' AND status IN ('7','A','2') AND a.c_asigna=b.c_asigna  [1][0] OK
C:[30/05/2013 13:36:14.31][190.94.232.126][1655] SELECT MIN(semestre) FROM dace006 a, tblaca009 b WHERE a.exp_e='12-21111853' AND a.lapso='2013-1' AND b.pensum='5' AND b.c_uni_ca='2' AND status IN ('7','A','2') AND a.c_asigna=b.c_asigna AND a.c_asigna IN ('320323') [1][0] OK
C:[30/05/2013 15:29:43.33][172.16.7.129][1392] SELECT pre_cod_asig1,pre_cod_asig2,pre_cod_asig3,pre_cod_asig4,pre_cod_asig5,pre_cod_asig6,pre_cod_asig7 FROM tblaca009 WHERE pensum='5' AND c_uni_ca='5' AND c_asigna='355723' [1][0] OK
C:[30/05/2013 15:29:43.33][172.16.7.129][1405] SELECT c_asigna FROM dace004 WHERE exp_e='05-18385979' AND c_asigna='355694' AND status IN ('0','3','B') [1][0] OK
C:[30/05/2013 15:29:43.33][172.16.7.129][1392] SELECT pre_cod_asig1,pre_cod_asig2,pre_cod_asig3,pre_cod_asig4,pre_cod_asig5,pre_cod_asig6,pre_cod_asig7 FROM tblaca009 WHERE pensum='5' AND c_uni_ca='5' AND c_asigna='355834' [1][0] OK
C:[30/05/2013 15:29:43.33][172.16.7.129][1405] SELECT c_asigna FROM dace004 WHERE exp_e='05-18385979' AND c_asigna='355694' AND status IN ('0','3','B') [1][0] OK
C:[30/05/2013 15:29:43.33][172.16.7.129][1392] SELECT pre_cod_asig1,pre_cod_asig2,pre_cod_asig3,pre_cod_asig4,pre_cod_asig5,pre_cod_asig6,pre_cod_asig7 FROM tblaca009 WHERE pensum='5' AND c_uni_ca='5' AND c_asigna='300222' [1][0] OK
C:[30/05/2013 15:29:43.33][172.16.7.129][1405] SELECT c_asigna FROM dace004 WHERE exp_e='05-18385979' AND c_asigna='300112' AND status IN ('0','3','B') [1][0] OK
C:[30/05/2013 15:29:43.33][172.16.7.129][1392] SELECT pre_cod_asig1,pre_cod_asig2,pre_cod_asig3,pre_cod_asig4,pre_cod_asig5,pre_cod_asig6,pre_cod_asig7 FROM tblaca009 WHERE pensum='5' AND c_uni_ca='5' AND c_asigna='300226' [1][0] OK
C:[30/05/2013 15:29:43.33][172.16.7.129][1405] SELECT c_asigna FROM dace004 WHERE exp_e='05-18385979' AND c_asigna='300116' AND status IN ('0','3','B') [1][0] OK
C:[30/05/2013 15:29:43.33][172.16.7.129][1392] SELECT pre_cod_asig1,pre_cod_asig2,pre_cod_asig3,pre_cod_asig4,pre_cod_asig5,pre_cod_asig6,pre_cod_asig7 FROM tblaca009 WHERE pensum='5' AND c_uni_ca='5' AND c_asigna='355573' [1][0] OK
C:[30/05/2013 15:29:43.33][172.16.7.129][1405] SELECT c_asigna FROM dace004 WHERE exp_e='05-18385979' AND c_asigna='355448' AND status IN ('0','3','B') [1][0] OK
C:[30/05/2013 15:29:43.58][172.16.7.129][1436] SELECT par_cod_asig1,par_cod_asig2,par_cod_asig3 FROM tblaca009 WHERE pensum='5' AND c_uni_ca='5' AND c_asigna='355723' [1][0] OK
C:[30/05/2013 15:29:43.58][172.16.7.129][1436] SELECT par_cod_asig1,par_cod_asig2,par_cod_asig3 FROM tblaca009 WHERE pensum='5' AND c_uni_ca='5' AND c_asigna='355834' [1][0] OK
C:[30/05/2013 15:29:43.58][172.16.7.129][1436] SELECT par_cod_asig1,par_cod_asig2,par_cod_asig3 FROM tblaca009 WHERE pensum='5' AND c_uni_ca='5' AND c_asigna='300222' [1][0] OK
C:[30/05/2013 15:29:43.58][172.16.7.129][1436] SELECT par_cod_asig1,par_cod_asig2,par_cod_asig3 FROM tblaca009 WHERE pensum='5' AND c_uni_ca='5' AND c_asigna='300226' [1][0] OK
C:[30/05/2013 15:29:43.58][172.16.7.129][1436] SELECT par_cod_asig1,par_cod_asig2,par_cod_asig3 FROM tblaca009 WHERE pensum='5' AND c_uni_ca='5' AND c_asigna='355573' [1][0] OK
C:[30/05/2013 15:29:43.22][172.16.7.129][1566] SELECT horas_lab FROM tblaca008 WHERE c_asigna='355723' AND horas_teoricas > 0 [1][0] OK
C:[30/05/2013 15:29:43.33][172.16.7.129][1600] SELECT sum(u_creditos*1) FROM dace006 a, tblaca009 b WHERE a.exp_e='05-18385979' AND a.lapso='2013-1' AND b.pensum='5' AND b.c_uni_ca='5' AND status IN ('7','A','2') AND a.c_asigna=b.c_asigna  [1][0] OK
C:[30/05/2013 15:29:43.83][172.16.7.129][1619] SELECT sum(u_creditos*1) FROM dace006 a, tblaca009 b WHERE a.exp_e='05-18385979' AND a.lapso='2013-1' AND b.pensum='5' AND b.c_uni_ca='5' AND status IN ('7','A','2') AND a.c_asigna=b.c_asigna AND a.c_asigna IN ('355834','300222','300226','355573') [1][0] OK
C:[30/05/2013 15:29:44.33][172.16.7.129][1635] SELECT MAX(semestre) FROM dace006 a, tblaca009 b WHERE a.exp_e='05-18385979' AND a.lapso='2013-1' AND b.pensum='5' AND b.c_uni_ca='5' AND status IN ('7','A','2') AND a.c_asigna=b.c_asigna  [1][0] OK
C:[30/05/2013 15:29:44.71][172.16.7.129][1655] SELECT MIN(semestre) FROM dace006 a, tblaca009 b WHERE a.exp_e='05-18385979' AND a.lapso='2013-1' AND b.pensum='5' AND b.c_uni_ca='5' AND status IN ('7','A','2') AND a.c_asigna=b.c_asigna AND a.c_asigna IN ('355723') [1][0] OK
C:[30/05/2013 16:55:31.29][190.205.159.83][1392] SELECT pre_cod_asig1,pre_cod_asig2,pre_cod_asig3,pre_cod_asig4,pre_cod_asig5,pre_cod_asig6,pre_cod_asig7 FROM tblaca009 WHERE pensum='5' AND c_uni_ca='3' AND c_asigna='300314' [1][0] OK
C:[30/05/2013 16:55:31.29][190.205.159.83][1405] SELECT c_asigna FROM dace004 WHERE exp_e='12-24658853' AND c_asigna='300106' AND status IN ('0','3','B') [1][0] OK
C:[30/05/2013 16:55:31.29][190.205.159.83][1392] SELECT pre_cod_asig1,pre_cod_asig2,pre_cod_asig3,pre_cod_asig4,pre_cod_asig5,pre_cod_asig6,pre_cod_asig7 FROM tblaca009 WHERE pensum='5' AND c_uni_ca='3' AND c_asigna='300013' [1][0] OK
C:[30/05/2013 16:55:31.29][190.205.159.83][1392] SELECT pre_cod_asig1,pre_cod_asig2,pre_cod_asig3,pre_cod_asig4,pre_cod_asig5,pre_cod_asig6,pre_cod_asig7 FROM tblaca009 WHERE pensum='5' AND c_uni_ca='3' AND c_asigna='300101' [1][0] OK
C:[30/05/2013 16:55:31.29][190.205.159.83][1392] SELECT pre_cod_asig1,pre_cod_asig2,pre_cod_asig3,pre_cod_asig4,pre_cod_asig5,pre_cod_asig6,pre_cod_asig7 FROM tblaca009 WHERE pensum='5' AND c_uni_ca='3' AND c_asigna='300105' [1][0] OK
C:[30/05/2013 16:55:32.92][190.205.159.83][1436] SELECT par_cod_asig1,par_cod_asig2,par_cod_asig3 FROM tblaca009 WHERE pensum='5' AND c_uni_ca='3' AND c_asigna='300314' [1][0] OK
C:[30/05/2013 16:55:32.92][190.205.159.83][1436] SELECT par_cod_asig1,par_cod_asig2,par_cod_asig3 FROM tblaca009 WHERE pensum='5' AND c_uni_ca='3' AND c_asigna='300013' [1][0] OK
C:[30/05/2013 16:55:32.92][190.205.159.83][1436] SELECT par_cod_asig1,par_cod_asig2,par_cod_asig3 FROM tblaca009 WHERE pensum='5' AND c_uni_ca='3' AND c_asigna='300101' [1][0] OK
C:[30/05/2013 16:55:32.92][190.205.159.83][1436] SELECT par_cod_asig1,par_cod_asig2,par_cod_asig3 FROM tblaca009 WHERE pensum='5' AND c_uni_ca='3' AND c_asigna='300105' [1][0] OK
C:[30/05/2013 16:55:32.43][190.205.159.83][1600] SELECT sum(u_creditos*1) FROM dace006 a, tblaca009 b WHERE a.exp_e='12-24658853' AND a.lapso='2013-1' AND b.pensum='5' AND b.c_uni_ca='3' AND status IN ('7','A','2') AND a.c_asigna=b.c_asigna  [1][0] OK
C:[30/05/2013 16:55:32.60][190.205.159.83][1619] SELECT sum(u_creditos*1) FROM dace006 a, tblaca009 b WHERE a.exp_e='12-24658853' AND a.lapso='2013-1' AND b.pensum='5' AND b.c_uni_ca='3' AND status IN ('7','A','2') AND a.c_asigna=b.c_asigna AND a.c_asigna IN ('300314','300013','300101','300105') [1][0] OK
C:[30/05/2013 16:55:32.98][190.205.159.83][1635] SELECT MAX(semestre) FROM dace006 a, tblaca009 b WHERE a.exp_e='12-24658853' AND a.lapso='2013-1' AND b.pensum='5' AND b.c_uni_ca='3' AND status IN ('7','A','2') AND a.c_asigna=b.c_asigna  [1][0] OK
C:[30/05/2013 17:15:07.43][190.76.109.187][1392] SELECT pre_cod_asig1,pre_cod_asig2,pre_cod_asig3,pre_cod_asig4,pre_cod_asig5,pre_cod_asig6,pre_cod_asig7 FROM tblaca009 WHERE pensum='5' AND c_uni_ca='6' AND c_asigna='300677' [1][0] OK
C:[30/05/2013 17:15:07.43][190.76.109.187][1392] SELECT pre_cod_asig1,pre_cod_asig2,pre_cod_asig3,pre_cod_asig4,pre_cod_asig5,pre_cod_asig6,pre_cod_asig7 FROM tblaca009 WHERE pensum='5' AND c_uni_ca='6' AND c_asigna='344812' [1][0] OK
C:[30/05/2013 17:15:07.43][190.76.109.187][1405] SELECT c_asigna FROM dace004 WHERE exp_e='05-15065336' AND c_asigna='344715' AND status IN ('0','3','B') [1][0] OK
C:[30/05/2013 17:15:07.43][190.76.109.187][1405] SELECT c_asigna FROM dace004 WHERE exp_e='05-15065336' AND c_asigna='344742' AND status IN ('0','3','B') [1][0] OK
C:[30/05/2013 17:15:07.43][190.76.109.187][1392] SELECT pre_cod_asig1,pre_cod_asig2,pre_cod_asig3,pre_cod_asig4,pre_cod_asig5,pre_cod_asig6,pre_cod_asig7 FROM tblaca009 WHERE pensum='5' AND c_uni_ca='6' AND c_asigna='344834' [1][0] OK
C:[30/05/2013 17:15:07.43][190.76.109.187][1405] SELECT c_asigna FROM dace004 WHERE exp_e='05-15065336' AND c_asigna='344715' AND status IN ('0','3','B') [1][0] OK
C:[30/05/2013 17:15:07.43][190.76.109.187][1405] SELECT c_asigna FROM dace004 WHERE exp_e='05-15065336' AND c_asigna='344716' AND status IN ('0','3','B') [1][0] OK
C:[30/05/2013 17:15:07.43][190.76.109.187][1392] SELECT pre_cod_asig1,pre_cod_asig2,pre_cod_asig3,pre_cod_asig4,pre_cod_asig5,pre_cod_asig6,pre_cod_asig7 FROM tblaca009 WHERE pensum='5' AND c_uni_ca='6' AND c_asigna='344965' [1][0] OK
C:[30/05/2013 17:15:07.43][190.76.109.187][1405] SELECT c_asigna FROM dace004 WHERE exp_e='05-15065336' AND c_asigna='344714' AND status IN ('0','3','B') [1][0] OK
C:[30/05/2013 17:15:07.43][190.76.109.187][1392] SELECT pre_cod_asig1,pre_cod_asig2,pre_cod_asig3,pre_cod_asig4,pre_cod_asig5,pre_cod_asig6,pre_cod_asig7 FROM tblaca009 WHERE pensum='5' AND c_uni_ca='6' AND c_asigna='344951' [1][0] OK
C:[30/05/2013 17:15:07.43][190.76.109.187][1405] SELECT c_asigna FROM dace004 WHERE exp_e='05-15065336' AND c_asigna='344689' AND status IN ('0','3','B') [1][0] OK
C:[30/05/2013 17:15:07.43][190.76.109.187][1405] SELECT c_asigna FROM dace004 WHERE exp_e='05-15065336' AND c_asigna='344687' AND status IN ('0','3','B') [1][0] OK
C:[30/05/2013 17:15:07.43][190.76.109.187][1392] SELECT pre_cod_asig1,pre_cod_asig2,pre_cod_asig3,pre_cod_asig4,pre_cod_asig5,pre_cod_asig6,pre_cod_asig7 FROM tblaca009 WHERE pensum='5' AND c_uni_ca='6' AND c_asigna='300222' [1][0] OK
C:[30/05/2013 17:15:07.43][190.76.109.187][1405] SELECT c_asigna FROM dace004 WHERE exp_e='05-15065336' AND c_asigna='300112' AND status IN ('0','3','B') [1][0] OK
C:[30/05/2013 17:15:07.43][190.76.109.187][1392] SELECT pre_cod_asig1,pre_cod_asig2,pre_cod_asig3,pre_cod_asig4,pre_cod_asig5,pre_cod_asig6,pre_cod_asig7 FROM tblaca009 WHERE pensum='5' AND c_uni_ca='6' AND c_asigna='300218' [1][0] OK
C:[30/05/2013 17:15:07.43][190.76.109.187][1405] SELECT c_asigna FROM dace004 WHERE exp_e='05-15065336' AND c_asigna='300101' AND status IN ('0','3','B') [1][0] OK
C:[30/05/2013 17:15:07.43][190.76.109.187][1436] SELECT par_cod_asig1,par_cod_asig2,par_cod_asig3 FROM tblaca009 WHERE pensum='5' AND c_uni_ca='6' AND c_asigna='300677' [1][0] OK
C:[30/05/2013 17:15:07.43][190.76.109.187][1436] SELECT par_cod_asig1,par_cod_asig2,par_cod_asig3 FROM tblaca009 WHERE pensum='5' AND c_uni_ca='6' AND c_asigna='344812' [1][0] OK
C:[30/05/2013 17:15:07.43][190.76.109.187][1436] SELECT par_cod_asig1,par_cod_asig2,par_cod_asig3 FROM tblaca009 WHERE pensum='5' AND c_uni_ca='6' AND c_asigna='344834' [1][0] OK
C:[30/05/2013 17:15:07.43][190.76.109.187][1436] SELECT par_cod_asig1,par_cod_asig2,par_cod_asig3 FROM tblaca009 WHERE pensum='5' AND c_uni_ca='6' AND c_asigna='344965' [1][0] OK
C:[30/05/2013 17:15:07.43][190.76.109.187][1436] SELECT par_cod_asig1,par_cod_asig2,par_cod_asig3 FROM tblaca009 WHERE pensum='5' AND c_uni_ca='6' AND c_asigna='344951' [1][0] OK
C:[30/05/2013 17:15:07.43][190.76.109.187][1436] SELECT par_cod_asig1,par_cod_asig2,par_cod_asig3 FROM tblaca009 WHERE pensum='5' AND c_uni_ca='6' AND c_asigna='300222' [1][0] OK
C:[30/05/2013 17:15:07.43][190.76.109.187][1436] SELECT par_cod_asig1,par_cod_asig2,par_cod_asig3 FROM tblaca009 WHERE pensum='5' AND c_uni_ca='6' AND c_asigna='300218' [1][0] OK
C:[30/05/2013 17:15:07.43][190.76.109.187][1450] SELECT c_asigna FROM dace004 WHERE exp_e='05-15065336' AND c_asigna='300228' AND status IN ('0','3','B','C') [1][0] OK
C:[30/05/2013 17:15:08.44][190.76.109.187][1566] SELECT horas_lab FROM tblaca008 WHERE c_asigna='300677' AND horas_teoricas > 0 [1][0] OK
C:[30/05/2013 17:15:08.62][190.76.109.187][1600] SELECT sum(u_creditos*1) FROM dace006 a, tblaca009 b WHERE a.exp_e='05-15065336' AND a.lapso='2013-1' AND b.pensum='5' AND b.c_uni_ca='6' AND status IN ('7','A','2') AND a.c_asigna=b.c_asigna  [1][0] OK
C:[30/05/2013 17:15:08.49][190.76.109.187][1619] SELECT sum(u_creditos*1) FROM dace006 a, tblaca009 b WHERE a.exp_e='05-15065336' AND a.lapso='2013-1' AND b.pensum='5' AND b.c_uni_ca='6' AND status IN ('7','A','2') AND a.c_asigna=b.c_asigna AND a.c_asigna IN ('344812','344834','344965','344951','300222','300218') [1][0] OK
C:[30/05/2013 17:15:08.43][190.76.109.187][1635] SELECT MAX(semestre) FROM dace006 a, tblaca009 b WHERE a.exp_e='05-15065336' AND a.lapso='2013-1' AND b.pensum='5' AND b.c_uni_ca='6' AND status IN ('7','A','2') AND a.c_asigna=b.c_asigna  [1][0] OK
C:[30/05/2013 17:15:08.37][190.76.109.187][1655] SELECT MIN(semestre) FROM dace006 a, tblaca009 b WHERE a.exp_e='05-15065336' AND a.lapso='2013-1' AND b.pensum='5' AND b.c_uni_ca='6' AND status IN ('7','A','2') AND a.c_asigna=b.c_asigna AND a.c_asigna IN ('300677') [1][0] OK
C:[30/05/2013 17:38:18.90][190.201.5.206][1392] SELECT pre_cod_asig1,pre_cod_asig2,pre_cod_asig3,pre_cod_asig4,pre_cod_asig5,pre_cod_asig6,pre_cod_asig7 FROM tblaca009 WHERE pensum='5' AND c_uni_ca='5' AND c_asigna='351330' [1][0] OK
C:[30/05/2013 17:38:18.90][190.201.5.206][1405] SELECT c_asigna FROM dace004 WHERE exp_e='10-25002551' AND c_asigna='300218' AND status IN ('0','3','B') [1][0] OK
C:[30/05/2013 17:38:18.90][190.201.5.206][1392] SELECT pre_cod_asig1,pre_cod_asig2,pre_cod_asig3,pre_cod_asig4,pre_cod_asig5,pre_cod_asig6,pre_cod_asig7 FROM tblaca009 WHERE pensum='5' AND c_uni_ca='5' AND c_asigna='300313' [1][0] OK
C:[30/05/2013 17:38:18.90][190.201.5.206][1405] SELECT c_asigna FROM dace004 WHERE exp_e='10-25002551' AND c_asigna='300213' AND status IN ('0','3','B') [1][0] OK
C:[30/05/2013 17:38:18.90][190.201.5.206][1405] SELECT c_asigna FROM dace004 WHERE exp_e='10-25002551' AND c_asigna='300226' AND status IN ('0','3','B') [1][0] OK
C:[30/05/2013 17:38:18.90][190.201.5.206][1405] SELECT c_asigna FROM dace004 WHERE exp_e='10-25002551' AND c_asigna='300222' AND status IN ('0','3','B') [1][0] OK
C:[30/05/2013 17:38:18.90][190.201.5.206][1405] SELECT c_asigna FROM dace004 WHERE exp_e='10-25002551' AND c_asigna='300209' AND status IN ('0','3','B') [1][0] OK
C:[30/05/2013 17:38:18.90][190.201.5.206][1392] SELECT pre_cod_asig1,pre_cod_asig2,pre_cod_asig3,pre_cod_asig4,pre_cod_asig5,pre_cod_asig6,pre_cod_asig7 FROM tblaca009 WHERE pensum='5' AND c_uni_ca='5' AND c_asigna='300317' [1][0] OK
C:[30/05/2013 17:38:18.90][190.201.5.206][1405] SELECT c_asigna FROM dace004 WHERE exp_e='10-25002551' AND c_asigna='300207' AND status IN ('0','3','B') [1][0] OK
C:[30/05/2013 17:38:18.90][190.201.5.206][1405] SELECT c_asigna FROM dace004 WHERE exp_e='10-25002551' AND c_asigna='300209' AND status IN ('0','3','B') [1][0] OK
C:[30/05/2013 17:38:18.90][190.201.5.206][1392] SELECT pre_cod_asig1,pre_cod_asig2,pre_cod_asig3,pre_cod_asig4,pre_cod_asig5,pre_cod_asig6,pre_cod_asig7 FROM tblaca009 WHERE pensum='5' AND c_uni_ca='5' AND c_asigna='300318' [1][0] OK
C:[30/05/2013 17:38:18.90][190.201.5.206][1405] SELECT c_asigna FROM dace004 WHERE exp_e='10-25002551' AND c_asigna='300228' AND status IN ('0','3','B') [1][0] OK
C:[30/05/2013 17:38:18.90][190.201.5.206][1405] SELECT c_asigna FROM dace004 WHERE exp_e='10-25002551' AND c_asigna='300207' AND status IN ('0','3','B') [1][0] OK
C:[30/05/2013 17:38:18.90][190.201.5.206][1405] SELECT c_asigna FROM dace004 WHERE exp_e='10-25002551' AND c_asigna='300218' AND status IN ('0','3','B') [1][0] OK
C:[30/05/2013 17:38:18.90][190.201.5.206][1392] SELECT pre_cod_asig1,pre_cod_asig2,pre_cod_asig3,pre_cod_asig4,pre_cod_asig5,pre_cod_asig6,pre_cod_asig7 FROM tblaca009 WHERE pensum='5' AND c_uni_ca='5' AND c_asigna='355350' [1][0] OK
C:[30/05/2013 17:38:18.90][190.201.5.206][1405] SELECT c_asigna FROM dace004 WHERE exp_e='10-25002551' AND c_asigna='300207' AND status IN ('0','3','B') [1][0] OK
C:[30/05/2013 17:38:18.90][190.201.5.206][1405] SELECT c_asigna FROM dace004 WHERE exp_e='10-25002551' AND c_asigna='300228' AND status IN ('0','3','B') [1][0] OK
C:[30/05/2013 17:38:18.90][190.201.5.206][1392] SELECT pre_cod_asig1,pre_cod_asig2,pre_cod_asig3,pre_cod_asig4,pre_cod_asig5,pre_cod_asig6,pre_cod_asig7 FROM tblaca009 WHERE pensum='5' AND c_uni_ca='5' AND c_asigna='300314' [1][0] OK
C:[30/05/2013 17:38:18.90][190.201.5.206][1405] SELECT c_asigna FROM dace004 WHERE exp_e='10-25002551' AND c_asigna='300106' AND status IN ('0','3','B') [1][0] OK
C:[30/05/2013 17:38:19.26][190.201.5.206][1436] SELECT par_cod_asig1,par_cod_asig2,par_cod_asig3 FROM tblaca009 WHERE pensum='5' AND c_uni_ca='5' AND c_asigna='351330' [1][0] OK
C:[30/05/2013 17:38:19.26][190.201.5.206][1450] SELECT c_asigna FROM dace004 WHERE exp_e='10-25002551' AND c_asigna='300318' AND status IN ('0','3','B','C') [0][0] OK
C:[30/05/2013 17:38:19.26][190.201.5.206][1450] SELECT c_asigna FROM dace004 WHERE exp_e='10-25002551' AND c_asigna='300317' AND status IN ('0','3','B','C') [0][0] OK
C:[30/05/2013 17:38:19.26][190.201.5.206][1436] SELECT par_cod_asig1,par_cod_asig2,par_cod_asig3 FROM tblaca009 WHERE pensum='5' AND c_uni_ca='5' AND c_asigna='300313' [1][0] OK
C:[30/05/2013 17:38:19.26][190.201.5.206][1436] SELECT par_cod_asig1,par_cod_asig2,par_cod_asig3 FROM tblaca009 WHERE pensum='5' AND c_uni_ca='5' AND c_asigna='300317' [1][0] OK
C:[30/05/2013 17:38:19.26][190.201.5.206][1436] SELECT par_cod_asig1,par_cod_asig2,par_cod_asig3 FROM tblaca009 WHERE pensum='5' AND c_uni_ca='5' AND c_asigna='300318' [1][0] OK
C:[30/05/2013 17:38:19.26][190.201.5.206][1436] SELECT par_cod_asig1,par_cod_asig2,par_cod_asig3 FROM tblaca009 WHERE pensum='5' AND c_uni_ca='5' AND c_asigna='355350' [1][0] OK
C:[30/05/2013 17:38:19.26][190.201.5.206][1436] SELECT par_cod_asig1,par_cod_asig2,par_cod_asig3 FROM tblaca009 WHERE pensum='5' AND c_uni_ca='5' AND c_asigna='300314' [1][0] OK
C:[30/05/2013 17:38:19.27][190.201.5.206][1566] SELECT horas_lab FROM tblaca008 WHERE c_asigna='351330' AND horas_teoricas > 0 [1][0] OK
C:[30/05/2013 17:38:19.38][190.201.5.206][1600] SELECT sum(u_creditos*1) FROM dace006 a, tblaca009 b WHERE a.exp_e='10-25002551' AND a.lapso='2013-1' AND b.pensum='5' AND b.c_uni_ca='5' AND status IN ('7','A','2') AND a.c_asigna=b.c_asigna  [1][0] OK
C:[30/05/2013 17:38:19.32][190.201.5.206][1619] SELECT sum(u_creditos*1) FROM dace006 a, tblaca009 b WHERE a.exp_e='10-25002551' AND a.lapso='2013-1' AND b.pensum='5' AND b.c_uni_ca='5' AND status IN ('7','A','2') AND a.c_asigna=b.c_asigna AND a.c_asigna IN ('300313','300317','300318','355350','300314') [1][0] OK
C:[30/05/2013 17:38:19.26][190.201.5.206][1635] SELECT MAX(semestre) FROM dace006 a, tblaca009 b WHERE a.exp_e='10-25002551' AND a.lapso='2013-1' AND b.pensum='5' AND b.c_uni_ca='5' AND status IN ('7','A','2') AND a.c_asigna=b.c_asigna  [1][0] OK
C:[30/05/2013 17:38:20.20][190.201.5.206][1655] SELECT MIN(semestre) FROM dace006 a, tblaca009 b WHERE a.exp_e='10-25002551' AND a.lapso='2013-1' AND b.pensum='5' AND b.c_uni_ca='5' AND status IN ('7','A','2') AND a.c_asigna=b.c_asigna AND a.c_asigna IN ('351330') [1][0] OK
C:[30/05/2013 19:30:26.78][201.243.194.222][1392] SELECT pre_cod_asig1,pre_cod_asig2,pre_cod_asig3,pre_cod_asig4,pre_cod_asig5,pre_cod_asig6,pre_cod_asig7 FROM tblaca009 WHERE pensum='5' AND c_uni_ca='6' AND c_asigna='300213' [1][0] OK
C:[30/05/2013 19:30:26.78][201.243.194.222][1405] SELECT c_asigna FROM dace004 WHERE exp_e='11-17750349' AND c_asigna='300101' AND status IN ('0','3','B') [1][0] OK
C:[30/05/2013 19:30:26.78][201.243.194.222][1392] SELECT pre_cod_asig1,pre_cod_asig2,pre_cod_asig3,pre_cod_asig4,pre_cod_asig5,pre_cod_asig6,pre_cod_asig7 FROM tblaca009 WHERE pensum='5' AND c_uni_ca='6' AND c_asigna='300209' [1][0] OK
C:[30/05/2013 19:30:26.78][201.243.194.222][1405] SELECT c_asigna FROM dace004 WHERE exp_e='11-17750349' AND c_asigna='300101' AND status IN ('0','3','B') [1][0] OK
C:[30/05/2013 19:30:26.78][201.243.194.222][1392] SELECT pre_cod_asig1,pre_cod_asig2,pre_cod_asig3,pre_cod_asig4,pre_cod_asig5,pre_cod_asig6,pre_cod_asig7 FROM tblaca009 WHERE pensum='5' AND c_uni_ca='6' AND c_asigna='300222' [1][0] OK
C:[30/05/2013 19:30:26.78][201.243.194.222][1405] SELECT c_asigna FROM dace004 WHERE exp_e='11-17750349' AND c_asigna='300112' AND status IN ('0','3','B') [1][0] OK
C:[30/05/2013 19:30:26.53][201.243.194.222][1436] SELECT par_cod_asig1,par_cod_asig2,par_cod_asig3 FROM tblaca009 WHERE pensum='5' AND c_uni_ca='6' AND c_asigna='300213' [1][0] OK
C:[30/05/2013 19:30:26.53][201.243.194.222][1450] SELECT c_asigna FROM dace004 WHERE exp_e='11-17750349' AND c_asigna='300209' AND status IN ('0','3','B','C') [0][0] OK
C:[30/05/2013 19:30:26.53][201.243.194.222][1436] SELECT par_cod_asig1,par_cod_asig2,par_cod_asig3 FROM tblaca009 WHERE pensum='5' AND c_uni_ca='6' AND c_asigna='300209' [1][0] OK
C:[30/05/2013 19:30:26.53][201.243.194.222][1436] SELECT par_cod_asig1,par_cod_asig2,par_cod_asig3 FROM tblaca009 WHERE pensum='5' AND c_uni_ca='6' AND c_asigna='300222' [1][0] OK
C:[30/05/2013 19:30:26.05][201.243.194.222][1566] SELECT horas_lab FROM tblaca008 WHERE c_asigna='300213' AND horas_teoricas > 0 [1][0] OK
C:[30/05/2013 19:30:26.16][201.243.194.222][1600] SELECT sum(u_creditos*1) FROM dace006 a, tblaca009 b WHERE a.exp_e='11-17750349' AND a.lapso='2013-1' AND b.pensum='5' AND b.c_uni_ca='6' AND status IN ('7','A','2') AND a.c_asigna=b.c_asigna  [1][0] OK
C:[30/05/2013 19:30:26.10][201.243.194.222][1619] SELECT sum(u_creditos*1) FROM dace006 a, tblaca009 b WHERE a.exp_e='11-17750349' AND a.lapso='2013-1' AND b.pensum='5' AND b.c_uni_ca='6' AND status IN ('7','A','2') AND a.c_asigna=b.c_asigna AND a.c_asigna IN ('300209','300222') [1][0] OK
C:[30/05/2013 19:30:27.47][201.243.194.222][1635] SELECT MAX(semestre) FROM dace006 a, tblaca009 b WHERE a.exp_e='11-17750349' AND a.lapso='2013-1' AND b.pensum='5' AND b.c_uni_ca='6' AND status IN ('7','A','2') AND a.c_asigna=b.c_asigna  [1][0] OK
C:[30/05/2013 19:30:27.41][201.243.194.222][1655] SELECT MIN(semestre) FROM dace006 a, tblaca009 b WHERE a.exp_e='11-17750349' AND a.lapso='2013-1' AND b.pensum='5' AND b.c_uni_ca='6' AND status IN ('7','A','2') AND a.c_asigna=b.c_asigna AND a.c_asigna IN ('300213') [1][0] OK
C:[30/05/2013 20:20:57.94][190.94.237.131][1392] SELECT pre_cod_asig1,pre_cod_asig2,pre_cod_asig3,pre_cod_asig4,pre_cod_asig5,pre_cod_asig6,pre_cod_asig7 FROM tblaca009 WHERE pensum='5' AND c_uni_ca='5' AND c_asigna='355691' [1][0] OK
C:[30/05/2013 20:20:57.94][190.94.237.131][1405] SELECT c_asigna FROM dace004 WHERE exp_e='10-21701043' AND c_asigna='355571' AND status IN ('0','3','B') [1][0] OK
C:[30/05/2013 20:20:57.94][190.94.237.131][1392] SELECT pre_cod_asig1,pre_cod_asig2,pre_cod_asig3,pre_cod_asig4,pre_cod_asig5,pre_cod_asig6,pre_cod_asig7 FROM tblaca009 WHERE pensum='5' AND c_uni_ca='5' AND c_asigna='355692' [1][0] OK
C:[30/05/2013 20:20:57.94][190.94.237.131][1405] SELECT c_asigna FROM dace004 WHERE exp_e='10-21701043' AND c_asigna='355448' AND status IN ('0','3','B') [1][0] OK
C:[30/05/2013 20:20:57.94][190.94.237.131][1405] SELECT c_asigna FROM dace004 WHERE exp_e='10-21701043' AND c_asigna='355570' AND status IN ('0','3','B') [1][0] OK
C:[30/05/2013 20:20:57.94][190.94.237.131][1392] SELECT pre_cod_asig1,pre_cod_asig2,pre_cod_asig3,pre_cod_asig4,pre_cod_asig5,pre_cod_asig6,pre_cod_asig7 FROM tblaca009 WHERE pensum='5' AND c_uni_ca='5' AND c_asigna='355693' [1][0] OK
C:[30/05/2013 20:20:57.94][190.94.237.131][1405] SELECT c_asigna FROM dace004 WHERE exp_e='10-21701043' AND c_asigna='355572' AND status IN ('0','3','B') [1][0] OK
C:[30/05/2013 20:20:57.94][190.94.237.131][1405] SELECT c_asigna FROM dace004 WHERE exp_e='10-21701043' AND c_asigna='352440' AND status IN ('0','3','B') [1][0] OK
C:[30/05/2013 20:20:57.94][190.94.237.131][1405] SELECT c_asigna FROM dace004 WHERE exp_e='10-21701043' AND c_asigna='355573' AND status IN ('0','3','B') [1][0] OK
C:[30/05/2013 20:20:57.94][190.94.237.131][1405] SELECT c_asigna FROM dace004 WHERE exp_e='10-21701043' AND c_asigna='300226' AND status IN ('0','3','B') [1][0] OK
C:[30/05/2013 20:20:57.94][190.94.237.131][1405] SELECT c_asigna FROM dace004 WHERE exp_e='10-21701043' AND c_asigna='300222' AND status IN ('0','3','B') [1][0] OK
C:[30/05/2013 20:20:57.94][190.94.237.131][1405] SELECT c_asigna FROM dace004 WHERE exp_e='10-21701043' AND c_asigna='300013' AND status IN ('0','3','B') [1][0] OK
C:[30/05/2013 20:20:57.94][190.94.237.131][1405] SELECT c_asigna FROM dace004 WHERE exp_e='10-21701043' AND c_asigna='300113' AND status IN ('0','3','B') [1][0] OK
C:[30/05/2013 20:20:57.94][190.94.237.131][1392] SELECT pre_cod_asig1,pre_cod_asig2,pre_cod_asig3,pre_cod_asig4,pre_cod_asig5,pre_cod_asig6,pre_cod_asig7 FROM tblaca009 WHERE pensum='5' AND c_uni_ca='5' AND c_asigna='355694' [1][0] OK
C:[30/05/2013 20:20:57.94][190.94.237.131][1405] SELECT c_asigna FROM dace004 WHERE exp_e='10-21701043' AND c_asigna='355572' AND status IN ('0','3','B') [1][0] OK
C:[30/05/2013 20:20:57.94][190.94.237.131][1405] SELECT c_asigna FROM dace004 WHERE exp_e='10-21701043' AND c_asigna='355571' AND status IN ('0','3','B') [1][0] OK
C:[30/05/2013 20:20:57.94][190.94.237.131][1392] SELECT pre_cod_asig1,pre_cod_asig2,pre_cod_asig3,pre_cod_asig4,pre_cod_asig5,pre_cod_asig6,pre_cod_asig7 FROM tblaca009 WHERE pensum='5' AND c_uni_ca='5' AND c_asigna='355696' [1][0] OK
C:[30/05/2013 20:20:57.94][190.94.237.131][1405] SELECT c_asigna FROM dace004 WHERE exp_e='10-21701043' AND c_asigna='355570' AND status IN ('0','3','B') [1][0] OK
C:[30/05/2013 20:20:57.94][190.94.237.131][1405] SELECT c_asigna FROM dace004 WHERE exp_e='10-21701043' AND c_asigna='355571' AND status IN ('0','3','B') [1][0] OK
C:[30/05/2013 20:20:57.31][190.94.237.131][1436] SELECT par_cod_asig1,par_cod_asig2,par_cod_asig3 FROM tblaca009 WHERE pensum='5' AND c_uni_ca='5' AND c_asigna='355691' [1][0] OK
C:[30/05/2013 20:20:57.31][190.94.237.131][1436] SELECT par_cod_asig1,par_cod_asig2,par_cod_asig3 FROM tblaca009 WHERE pensum='5' AND c_uni_ca='5' AND c_asigna='355692' [1][0] OK
C:[30/05/2013 20:20:57.31][190.94.237.131][1436] SELECT par_cod_asig1,par_cod_asig2,par_cod_asig3 FROM tblaca009 WHERE pensum='5' AND c_uni_ca='5' AND c_asigna='355693' [1][0] OK
C:[30/05/2013 20:20:57.31][190.94.237.131][1436] SELECT par_cod_asig1,par_cod_asig2,par_cod_asig3 FROM tblaca009 WHERE pensum='5' AND c_uni_ca='5' AND c_asigna='355694' [1][0] OK
C:[30/05/2013 20:20:57.31][190.94.237.131][1436] SELECT par_cod_asig1,par_cod_asig2,par_cod_asig3 FROM tblaca009 WHERE pensum='5' AND c_uni_ca='5' AND c_asigna='355696' [1][0] OK
C:[30/05/2013 20:20:57.95][190.94.237.131][1566] SELECT horas_lab FROM tblaca008 WHERE c_asigna='355691' AND horas_teoricas > 0 [1][0] OK
C:[30/05/2013 20:20:57.06][190.94.237.131][1600] SELECT sum(u_creditos*1) FROM dace006 a, tblaca009 b WHERE a.exp_e='10-21701043' AND a.lapso='2013-1' AND b.pensum='5' AND b.c_uni_ca='5' AND status IN ('7','A','2') AND a.c_asigna=b.c_asigna  [1][0] OK
C:[30/05/2013 20:20:58.00][190.94.237.131][1619] SELECT sum(u_creditos*1) FROM dace006 a, tblaca009 b WHERE a.exp_e='10-21701043' AND a.lapso='2013-1' AND b.pensum='5' AND b.c_uni_ca='5' AND status IN ('7','A','2') AND a.c_asigna=b.c_asigna AND a.c_asigna IN ('355692','355693','355694','355696') [1][0] OK
C:[30/05/2013 20:20:58.94][190.94.237.131][1635] SELECT MAX(semestre) FROM dace006 a, tblaca009 b WHERE a.exp_e='10-21701043' AND a.lapso='2013-1' AND b.pensum='5' AND b.c_uni_ca='5' AND status IN ('7','A','2') AND a.c_asigna=b.c_asigna  [1][0] OK
C:[30/05/2013 20:20:58.88][190.94.237.131][1655] SELECT MIN(semestre) FROM dace006 a, tblaca009 b WHERE a.exp_e='10-21701043' AND a.lapso='2013-1' AND b.pensum='5' AND b.c_uni_ca='5' AND status IN ('7','A','2') AND a.c_asigna=b.c_asigna AND a.c_asigna IN ('355691') [1][0] OK
C:[30/05/2013 20:22:37.60][186.90.190.207][1392] SELECT pre_cod_asig1,pre_cod_asig2,pre_cod_asig3,pre_cod_asig4,pre_cod_asig5,pre_cod_asig6,pre_cod_asig7 FROM tblaca009 WHERE pensum='5' AND c_uni_ca='5' AND c_asigna='355691' [1][0] OK
C:[30/05/2013 20:22:37.60][186.90.190.207][1405] SELECT c_asigna FROM dace004 WHERE exp_e='10-20808861' AND c_asigna='355571' AND status IN ('0','3','B') [1][0] OK
C:[30/05/2013 20:22:37.60][186.90.190.207][1392] SELECT pre_cod_asig1,pre_cod_asig2,pre_cod_asig3,pre_cod_asig4,pre_cod_asig5,pre_cod_asig6,pre_cod_asig7 FROM tblaca009 WHERE pensum='5' AND c_uni_ca='5' AND c_asigna='355692' [1][0] OK
C:[30/05/2013 20:22:37.60][186.90.190.207][1405] SELECT c_asigna FROM dace004 WHERE exp_e='10-20808861' AND c_asigna='355448' AND status IN ('0','3','B') [1][0] OK
C:[30/05/2013 20:22:37.60][186.90.190.207][1405] SELECT c_asigna FROM dace004 WHERE exp_e='10-20808861' AND c_asigna='355570' AND status IN ('0','3','B') [1][0] OK
C:[30/05/2013 20:22:37.60][186.90.190.207][1392] SELECT pre_cod_asig1,pre_cod_asig2,pre_cod_asig3,pre_cod_asig4,pre_cod_asig5,pre_cod_asig6,pre_cod_asig7 FROM tblaca009 WHERE pensum='5' AND c_uni_ca='5' AND c_asigna='355693' [1][0] OK
C:[30/05/2013 20:22:37.60][186.90.190.207][1405] SELECT c_asigna FROM dace004 WHERE exp_e='10-20808861' AND c_asigna='355572' AND status IN ('0','3','B') [1][0] OK
C:[30/05/2013 20:22:37.60][186.90.190.207][1405] SELECT c_asigna FROM dace004 WHERE exp_e='10-20808861' AND c_asigna='352440' AND status IN ('0','3','B') [1][0] OK
C:[30/05/2013 20:22:37.60][186.90.190.207][1405] SELECT c_asigna FROM dace004 WHERE exp_e='10-20808861' AND c_asigna='355573' AND status IN ('0','3','B') [1][0] OK
C:[30/05/2013 20:22:37.60][186.90.190.207][1405] SELECT c_asigna FROM dace004 WHERE exp_e='10-20808861' AND c_asigna='300226' AND status IN ('0','3','B') [1][0] OK
C:[30/05/2013 20:22:37.60][186.90.190.207][1405] SELECT c_asigna FROM dace004 WHERE exp_e='10-20808861' AND c_asigna='300222' AND status IN ('0','3','B') [1][0] OK
C:[30/05/2013 20:22:37.60][186.90.190.207][1405] SELECT c_asigna FROM dace004 WHERE exp_e='10-20808861' AND c_asigna='300013' AND status IN ('0','3','B') [1][0] OK
C:[30/05/2013 20:22:37.60][186.90.190.207][1405] SELECT c_asigna FROM dace004 WHERE exp_e='10-20808861' AND c_asigna='300113' AND status IN ('0','3','B') [1][0] OK
C:[30/05/2013 20:22:37.60][186.90.190.207][1392] SELECT pre_cod_asig1,pre_cod_asig2,pre_cod_asig3,pre_cod_asig4,pre_cod_asig5,pre_cod_asig6,pre_cod_asig7 FROM tblaca009 WHERE pensum='5' AND c_uni_ca='5' AND c_asigna='355694' [1][0] OK
C:[30/05/2013 20:22:37.60][186.90.190.207][1405] SELECT c_asigna FROM dace004 WHERE exp_e='10-20808861' AND c_asigna='355572' AND status IN ('0','3','B') [1][0] OK
C:[30/05/2013 20:22:37.60][186.90.190.207][1405] SELECT c_asigna FROM dace004 WHERE exp_e='10-20808861' AND c_asigna='355571' AND status IN ('0','3','B') [1][0] OK
C:[30/05/2013 20:22:37.60][186.90.190.207][1392] SELECT pre_cod_asig1,pre_cod_asig2,pre_cod_asig3,pre_cod_asig4,pre_cod_asig5,pre_cod_asig6,pre_cod_asig7 FROM tblaca009 WHERE pensum='5' AND c_uni_ca='5' AND c_asigna='355696' [1][0] OK
C:[30/05/2013 20:22:37.60][186.90.190.207][1405] SELECT c_asigna FROM dace004 WHERE exp_e='10-20808861' AND c_asigna='355570' AND status IN ('0','3','B') [1][0] OK
C:[30/05/2013 20:22:37.60][186.90.190.207][1405] SELECT c_asigna FROM dace004 WHERE exp_e='10-20808861' AND c_asigna='355571' AND status IN ('0','3','B') [1][0] OK
C:[30/05/2013 20:22:38.54][186.90.190.207][1436] SELECT par_cod_asig1,par_cod_asig2,par_cod_asig3 FROM tblaca009 WHERE pensum='5' AND c_uni_ca='5' AND c_asigna='355691' [1][0] OK
C:[30/05/2013 20:22:38.54][186.90.190.207][1436] SELECT par_cod_asig1,par_cod_asig2,par_cod_asig3 FROM tblaca009 WHERE pensum='5' AND c_uni_ca='5' AND c_asigna='355692' [1][0] OK
C:[30/05/2013 20:22:38.54][186.90.190.207][1436] SELECT par_cod_asig1,par_cod_asig2,par_cod_asig3 FROM tblaca009 WHERE pensum='5' AND c_uni_ca='5' AND c_asigna='355693' [1][0] OK
C:[30/05/2013 20:22:38.54][186.90.190.207][1436] SELECT par_cod_asig1,par_cod_asig2,par_cod_asig3 FROM tblaca009 WHERE pensum='5' AND c_uni_ca='5' AND c_asigna='355694' [1][0] OK
C:[30/05/2013 20:22:38.54][186.90.190.207][1436] SELECT par_cod_asig1,par_cod_asig2,par_cod_asig3 FROM tblaca009 WHERE pensum='5' AND c_uni_ca='5' AND c_asigna='355696' [1][0] OK
C:[30/05/2013 20:22:38.18][186.90.190.207][1566] SELECT horas_lab FROM tblaca008 WHERE c_asigna='355691' AND horas_teoricas > 0 [1][0] OK
C:[30/05/2013 20:22:38.29][186.90.190.207][1600] SELECT sum(u_creditos*1) FROM dace006 a, tblaca009 b WHERE a.exp_e='10-20808861' AND a.lapso='2013-1' AND b.pensum='5' AND b.c_uni_ca='5' AND status IN ('7','A','2') AND a.c_asigna=b.c_asigna  [1][0] OK
C:[30/05/2013 20:22:38.67][186.90.190.207][1619] SELECT sum(u_creditos*1) FROM dace006 a, tblaca009 b WHERE a.exp_e='10-20808861' AND a.lapso='2013-1' AND b.pensum='5' AND b.c_uni_ca='5' AND status IN ('7','A','2') AND a.c_asigna=b.c_asigna AND a.c_asigna IN ('355692','355693','355694','355696') [1][0] OK
C:[30/05/2013 20:22:38.60][186.90.190.207][1635] SELECT MAX(semestre) FROM dace006 a, tblaca009 b WHERE a.exp_e='10-20808861' AND a.lapso='2013-1' AND b.pensum='5' AND b.c_uni_ca='5' AND status IN ('7','A','2') AND a.c_asigna=b.c_asigna  [1][0] OK
C:[30/05/2013 20:22:38.54][186.90.190.207][1655] SELECT MIN(semestre) FROM dace006 a, tblaca009 b WHERE a.exp_e='10-20808861' AND a.lapso='2013-1' AND b.pensum='5' AND b.c_uni_ca='5' AND status IN ('7','A','2') AND a.c_asigna=b.c_asigna AND a.c_asigna IN ('355691') [1][0] OK
C:[30/05/2013 21:05:05.23][190.199.92.156][1392] SELECT pre_cod_asig1,pre_cod_asig2,pre_cod_asig3,pre_cod_asig4,pre_cod_asig5,pre_cod_asig6,pre_cod_asig7 FROM tblaca009 WHERE pensum='5' AND c_uni_ca='5' AND c_asigna='300890' [1][0] OK
C:[30/05/2013 21:05:05.23][190.199.92.156][1392] SELECT pre_cod_asig1,pre_cod_asig2,pre_cod_asig3,pre_cod_asig4,pre_cod_asig5,pre_cod_asig6,pre_cod_asig7 FROM tblaca009 WHERE pensum='5' AND c_uni_ca='5' AND c_asigna='355720' [1][0] OK
C:[30/05/2013 21:05:05.23][190.199.92.156][1405] SELECT c_asigna FROM dace004 WHERE exp_e='06-19622182' AND c_asigna='355692' AND status IN ('0','3','B') [1][0] OK
C:[30/05/2013 21:05:05.23][190.199.92.156][1405] SELECT c_asigna FROM dace004 WHERE exp_e='06-19622182' AND c_asigna='355696' AND status IN ('0','3','B') [1][0] OK
C:[30/05/2013 21:05:05.23][190.199.92.156][1392] SELECT pre_cod_asig1,pre_cod_asig2,pre_cod_asig3,pre_cod_asig4,pre_cod_asig5,pre_cod_asig6,pre_cod_asig7 FROM tblaca009 WHERE pensum='5' AND c_uni_ca='5' AND c_asigna='355721' [1][0] OK
C:[30/05/2013 21:05:05.23][190.199.92.156][1405] SELECT c_asigna FROM dace004 WHERE exp_e='06-19622182' AND c_asigna='355693' AND status IN ('0','3','B') [1][0] OK
C:[30/05/2013 21:05:05.23][190.199.92.156][1405] SELECT c_asigna FROM dace004 WHERE exp_e='06-19622182' AND c_asigna='355696' AND status IN ('0','3','B') [1][0] OK
C:[30/05/2013 21:05:05.23][190.199.92.156][1392] SELECT pre_cod_asig1,pre_cod_asig2,pre_cod_asig3,pre_cod_asig4,pre_cod_asig5,pre_cod_asig6,pre_cod_asig7 FROM tblaca009 WHERE pensum='5' AND c_uni_ca='5' AND c_asigna='300956' [1][0] OK
C:[30/05/2013 21:05:05.23][190.199.92.156][1405] SELECT c_asigna FROM dace004 WHERE exp_e='06-19622182' AND c_asigna='300422' AND status IN ('0','3','B') [1][0] OK
C:[30/05/2013 21:05:05.23][190.199.92.156][1405] SELECT c_asigna FROM dace004 WHERE exp_e='06-19622182' AND c_asigna='300105' AND status IN ('0','3','B') [1][0] OK
C:[30/05/2013 21:05:05.23][190.199.92.156][1405] SELECT c_asigna FROM dace004 WHERE exp_e='06-19622182' AND c_asigna='300314' AND status IN ('0','3','B') [1][0] OK
C:[30/05/2013 21:05:05.61][190.199.92.156][1436] SELECT par_cod_asig1,par_cod_asig2,par_cod_asig3 FROM tblaca009 WHERE pensum='5' AND c_uni_ca='5' AND c_asigna='300890' [1][0] OK
C:[30/05/2013 21:05:05.61][190.199.92.156][1436] SELECT par_cod_asig1,par_cod_asig2,par_cod_asig3 FROM tblaca009 WHERE pensum='5' AND c_uni_ca='5' AND c_asigna='355720' [1][0] OK
C:[30/05/2013 21:05:05.61][190.199.92.156][1436] SELECT par_cod_asig1,par_cod_asig2,par_cod_asig3 FROM tblaca009 WHERE pensum='5' AND c_uni_ca='5' AND c_asigna='355721' [1][0] OK
C:[30/05/2013 21:05:05.61][190.199.92.156][1436] SELECT par_cod_asig1,par_cod_asig2,par_cod_asig3 FROM tblaca009 WHERE pensum='5' AND c_uni_ca='5' AND c_asigna='300956' [1][0] OK
C:[30/05/2013 21:05:05.12][190.199.92.156][1566] SELECT horas_lab FROM tblaca008 WHERE c_asigna='300890' AND horas_teoricas > 0 [1][0] OK
C:[30/05/2013 21:05:05.24][190.199.92.156][1600] SELECT sum(u_creditos*1) FROM dace006 a, tblaca009 b WHERE a.exp_e='06-19622182' AND a.lapso='2013-1' AND b.pensum='5' AND b.c_uni_ca='5' AND status IN ('7','A','2') AND a.c_asigna=b.c_asigna  [1][0] OK
C:[30/05/2013 21:05:05.19][190.199.92.156][1619] SELECT sum(u_creditos*1) FROM dace006 a, tblaca009 b WHERE a.exp_e='06-19622182' AND a.lapso='2013-1' AND b.pensum='5' AND b.c_uni_ca='5' AND status IN ('7','A','2') AND a.c_asigna=b.c_asigna AND a.c_asigna IN ('355720','355721','300956') [1][0] OK
C:[30/05/2013 21:05:05.11][190.199.92.156][1635] SELECT MAX(semestre) FROM dace006 a, tblaca009 b WHERE a.exp_e='06-19622182' AND a.lapso='2013-1' AND b.pensum='5' AND b.c_uni_ca='5' AND status IN ('7','A','2') AND a.c_asigna=b.c_asigna  [1][0] OK
C:[30/05/2013 21:05:05.06][190.199.92.156][1655] SELECT MIN(semestre) FROM dace006 a, tblaca009 b WHERE a.exp_e='06-19622182' AND a.lapso='2013-1' AND b.pensum='5' AND b.c_uni_ca='5' AND status IN ('7','A','2') AND a.c_asigna=b.c_asigna AND a.c_asigna IN ('300890') [1][0] OK
C:[30/05/2013 23:49:13.56][190.38.126.14][1392] SELECT pre_cod_asig1,pre_cod_asig2,pre_cod_asig3,pre_cod_asig4,pre_cod_asig5,pre_cod_asig6,pre_cod_asig7 FROM tblaca009 WHERE pensum='5' AND c_uni_ca='2' AND c_asigna='300226' [1][0] OK
C:[30/05/2013 23:49:13.56][190.38.126.14][1405] SELECT c_asigna FROM dace004 WHERE exp_e='12-23872034' AND c_asigna='300116' AND status IN ('0','3','B') [1][0] OK
C:[30/05/2013 23:49:13.56][190.38.126.14][1392] SELECT pre_cod_asig1,pre_cod_asig2,pre_cod_asig3,pre_cod_asig4,pre_cod_asig5,pre_cod_asig6,pre_cod_asig7 FROM tblaca009 WHERE pensum='5' AND c_uni_ca='2' AND c_asigna='300101' [1][0] OK
C:[30/05/2013 23:49:13.56][190.38.126.14][1392] SELECT pre_cod_asig1,pre_cod_asig2,pre_cod_asig3,pre_cod_asig4,pre_cod_asig5,pre_cod_asig6,pre_cod_asig7 FROM tblaca009 WHERE pensum='5' AND c_uni_ca='2' AND c_asigna='300113' [1][0] OK
C:[30/05/2013 23:49:13.56][190.38.126.14][1392] SELECT pre_cod_asig1,pre_cod_asig2,pre_cod_asig3,pre_cod_asig4,pre_cod_asig5,pre_cod_asig6,pre_cod_asig7 FROM tblaca009 WHERE pensum='5' AND c_uni_ca='2' AND c_asigna='300013' [1][0] OK
C:[30/05/2013 23:49:13.56][190.38.126.14][1392] SELECT pre_cod_asig1,pre_cod_asig2,pre_cod_asig3,pre_cod_asig4,pre_cod_asig5,pre_cod_asig6,pre_cod_asig7 FROM tblaca009 WHERE pensum='5' AND c_uni_ca='2' AND c_asigna='300222' [1][0] OK
C:[30/05/2013 23:49:13.56][190.38.126.14][1405] SELECT c_asigna FROM dace004 WHERE exp_e='12-23872034' AND c_asigna='300112' AND status IN ('0','3','B') [1][0] OK
C:[30/05/2013 23:49:13.56][190.38.126.14][1392] SELECT pre_cod_asig1,pre_cod_asig2,pre_cod_asig3,pre_cod_asig4,pre_cod_asig5,pre_cod_asig6,pre_cod_asig7 FROM tblaca009 WHERE pensum='5' AND c_uni_ca='2' AND c_asigna='300314' [1][0] OK
C:[30/05/2013 23:49:13.56][190.38.126.14][1405] SELECT c_asigna FROM dace004 WHERE exp_e='12-23872034' AND c_asigna='300106' AND status IN ('0','3','B') [1][0] OK
C:[30/05/2013 23:49:13.68][190.38.126.14][1436] SELECT par_cod_asig1,par_cod_asig2,par_cod_asig3 FROM tblaca009 WHERE pensum='5' AND c_uni_ca='2' AND c_asigna='300226' [1][0] OK
C:[30/05/2013 23:49:13.68][190.38.126.14][1436] SELECT par_cod_asig1,par_cod_asig2,par_cod_asig3 FROM tblaca009 WHERE pensum='5' AND c_uni_ca='2' AND c_asigna='300101' [1][0] OK
C:[30/05/2013 23:49:13.68][190.38.126.14][1436] SELECT par_cod_asig1,par_cod_asig2,par_cod_asig3 FROM tblaca009 WHERE pensum='5' AND c_uni_ca='2' AND c_asigna='300113' [1][0] OK
C:[30/05/2013 23:49:13.68][190.38.126.14][1450] SELECT c_asigna FROM dace004 WHERE exp_e='12-23872034' AND c_asigna='300013' AND status IN ('0','3','B','C') [0][0] OK
C:[30/05/2013 23:49:13.68][190.38.126.14][1436] SELECT par_cod_asig1,par_cod_asig2,par_cod_asig3 FROM tblaca009 WHERE pensum='5' AND c_uni_ca='2' AND c_asigna='300013' [1][0] OK
C:[30/05/2013 23:49:13.68][190.38.126.14][1436] SELECT par_cod_asig1,par_cod_asig2,par_cod_asig3 FROM tblaca009 WHERE pensum='5' AND c_uni_ca='2' AND c_asigna='300222' [1][0] OK
C:[30/05/2013 23:49:13.68][190.38.126.14][1436] SELECT par_cod_asig1,par_cod_asig2,par_cod_asig3 FROM tblaca009 WHERE pensum='5' AND c_uni_ca='2' AND c_asigna='300314' [1][0] OK
C:[30/05/2013 23:49:13.58][190.38.126.14][1566] SELECT horas_lab FROM tblaca008 WHERE c_asigna='300226' AND horas_teoricas > 0 [1][0] OK
C:[30/05/2013 23:49:13.69][190.38.126.14][1600] SELECT sum(u_creditos*1) FROM dace006 a, tblaca009 b WHERE a.exp_e='12-23872034' AND a.lapso='2013-1' AND b.pensum='5' AND b.c_uni_ca='2' AND status IN ('7','A','2') AND a.c_asigna=b.c_asigna  [1][0] OK
C:[30/05/2013 23:49:13.07][190.38.126.14][1619] SELECT sum(u_creditos*1) FROM dace006 a, tblaca009 b WHERE a.exp_e='12-23872034' AND a.lapso='2013-1' AND b.pensum='5' AND b.c_uni_ca='2' AND status IN ('7','A','2') AND a.c_asigna=b.c_asigna AND a.c_asigna IN ('300101','300113','300013','300222','300314') [1][0] OK
C:[30/05/2013 23:49:13.00][190.38.126.14][1635] SELECT MAX(semestre) FROM dace006 a, tblaca009 b WHERE a.exp_e='12-23872034' AND a.lapso='2013-1' AND b.pensum='5' AND b.c_uni_ca='2' AND status IN ('7','A','2') AND a.c_asigna=b.c_asigna  [1][0] OK
C:[30/05/2013 23:49:24.00][190.38.126.14][1655] SELECT MIN(semestre) FROM dace006 a, tblaca009 b WHERE a.exp_e='12-23872034' AND a.lapso='2013-1' AND b.pensum='5' AND b.c_uni_ca='2' AND status IN ('7','A','2') AND a.c_asigna=b.c_asigna AND a.c_asigna IN ('300226') [1][0] OK
C:[31/05/2013 07:34:21.29][190.201.11.127][1392] SELECT pre_cod_asig1,pre_cod_asig2,pre_cod_asig3,pre_cod_asig4,pre_cod_asig5,pre_cod_asig6,pre_cod_asig7 FROM tblaca009 WHERE pensum='5' AND c_uni_ca='6' AND c_asigna='300207' [1][0] OK
C:[31/05/2013 07:34:21.29][190.201.11.127][1405] SELECT c_asigna FROM dace004 WHERE exp_e='08-18667214' AND c_asigna='300101' AND status IN ('0','3','B') [1][0] OK
C:[31/05/2013 07:34:21.29][190.201.11.127][1392] SELECT pre_cod_asig1,pre_cod_asig2,pre_cod_asig3,pre_cod_asig4,pre_cod_asig5,pre_cod_asig6,pre_cod_asig7 FROM tblaca009 WHERE pensum='5' AND c_uni_ca='6' AND c_asigna='300228' [1][0] OK
C:[31/05/2013 07:34:21.29][190.201.11.127][1405] SELECT c_asigna FROM dace004 WHERE exp_e='08-18667214' AND c_asigna='300101' AND status IN ('0','3','B') [1][0] OK
C:[31/05/2013 07:34:21.78][190.201.11.127][1436] SELECT par_cod_asig1,par_cod_asig2,par_cod_asig3 FROM tblaca009 WHERE pensum='5' AND c_uni_ca='6' AND c_asigna='300207' [1][0] OK
C:[31/05/2013 07:34:21.78][190.201.11.127][1436] SELECT par_cod_asig1,par_cod_asig2,par_cod_asig3 FROM tblaca009 WHERE pensum='5' AND c_uni_ca='6' AND c_asigna='300228' [1][0] OK
C:[31/05/2013 07:34:21.05][190.201.11.127][1600] SELECT sum(u_creditos*1) FROM dace006 a, tblaca009 b WHERE a.exp_e='08-18667214' AND a.lapso='2013-1' AND b.pensum='5' AND b.c_uni_ca='6' AND status IN ('7','A','2') AND a.c_asigna=b.c_asigna  [1][0] OK
C:[31/05/2013 07:34:21.97][190.201.11.127][1619] SELECT sum(u_creditos*1) FROM dace006 a, tblaca009 b WHERE a.exp_e='08-18667214' AND a.lapso='2013-1' AND b.pensum='5' AND b.c_uni_ca='6' AND status IN ('7','A','2') AND a.c_asigna=b.c_asigna AND a.c_asigna IN ('300207','300228') [1][0] OK
C:[31/05/2013 07:34:21.35][190.201.11.127][1635] SELECT MAX(semestre) FROM dace006 a, tblaca009 b WHERE a.exp_e='08-18667214' AND a.lapso='2013-1' AND b.pensum='5' AND b.c_uni_ca='6' AND status IN ('7','A','2') AND a.c_asigna=b.c_asigna  [1][0] OK
C:[31/05/2013 08:54:36.67][190.36.0.88][1392] SELECT pre_cod_asig1,pre_cod_asig2,pre_cod_asig3,pre_cod_asig4,pre_cod_asig5,pre_cod_asig6,pre_cod_asig7 FROM tblaca009 WHERE pensum='5' AND c_uni_ca='5' AND c_asigna='355571' [1][0] OK
C:[31/05/2013 08:54:36.67][190.36.0.88][1405] SELECT c_asigna FROM dace004 WHERE exp_e='09-20702168' AND c_asigna='355447' AND status IN ('0','3','B') [1][0] OK
C:[31/05/2013 08:54:36.67][190.36.0.88][1392] SELECT pre_cod_asig1,pre_cod_asig2,pre_cod_asig3,pre_cod_asig4,pre_cod_asig5,pre_cod_asig6,pre_cod_asig7 FROM tblaca009 WHERE pensum='5' AND c_uni_ca='5' AND c_asigna='300422' [1][0] OK
C:[31/05/2013 08:54:36.67][190.36.0.88][1405] SELECT c_asigna FROM dace004 WHERE exp_e='09-20702168' AND c_asigna='300105' AND status IN ('0','3','B') [1][0] OK
C:[31/05/2013 08:54:36.67][190.36.0.88][1405] SELECT c_asigna FROM dace004 WHERE exp_e='09-20702168' AND c_asigna='300314' AND status IN ('0','3','B') [1][0] OK
C:[31/05/2013 08:54:36.67][190.36.0.88][1392] SELECT pre_cod_asig1,pre_cod_asig2,pre_cod_asig3,pre_cod_asig4,pre_cod_asig5,pre_cod_asig6,pre_cod_asig7 FROM tblaca009 WHERE pensum='5' AND c_uni_ca='5' AND c_asigna='355570' [1][0] OK
C:[31/05/2013 08:54:36.67][190.36.0.88][1405] SELECT c_asigna FROM dace004 WHERE exp_e='09-20702168' AND c_asigna='355447' AND status IN ('0','3','B') [1][0] OK
C:[31/05/2013 08:54:36.67][190.36.0.88][1392] SELECT pre_cod_asig1,pre_cod_asig2,pre_cod_asig3,pre_cod_asig4,pre_cod_asig5,pre_cod_asig6,pre_cod_asig7 FROM tblaca009 WHERE pensum='5' AND c_uni_ca='5' AND c_asigna='355572' [1][0] OK
C:[31/05/2013 08:54:36.67][190.36.0.88][1405] SELECT c_asigna FROM dace004 WHERE exp_e='09-20702168' AND c_asigna='300428' AND status IN ('0','3','B') [1][0] OK
C:[31/05/2013 08:54:36.67][190.36.0.88][1392] SELECT pre_cod_asig1,pre_cod_asig2,pre_cod_asig3,pre_cod_asig4,pre_cod_asig5,pre_cod_asig6,pre_cod_asig7 FROM tblaca009 WHERE pensum='5' AND c_uni_ca='5' AND c_asigna='300213' [1][0] OK
C:[31/05/2013 08:54:36.67][190.36.0.88][1405] SELECT c_asigna FROM dace004 WHERE exp_e='09-20702168' AND c_asigna='300101' AND status IN ('0','3','B') [1][0] OK
C:[31/05/2013 08:54:36.67][190.36.0.88][1392] SELECT pre_cod_asig1,pre_cod_asig2,pre_cod_asig3,pre_cod_asig4,pre_cod_asig5,pre_cod_asig6,pre_cod_asig7 FROM tblaca009 WHERE pensum='5' AND c_uni_ca='5' AND c_asigna='355595' [1][0] OK
C:[31/05/2013 08:54:36.67][190.36.0.88][1405] SELECT c_asigna FROM dace004 WHERE exp_e='09-20702168' AND c_asigna='351451' AND status IN ('0','3','B') [1][0] OK
C:[31/05/2013 08:54:36.67][190.36.0.88][1405] SELECT c_asigna FROM dace004 WHERE exp_e='09-20702168' AND c_asigna='355350' AND status IN ('0','3','B') [1][0] OK
C:[31/05/2013 08:54:36.67][190.36.0.88][1405] SELECT c_asigna FROM dace004 WHERE exp_e='09-20702168' AND c_asigna='300318' AND status IN ('0','3','B') [1][0] OK
C:[31/05/2013 08:54:36.55][190.36.0.88][1436] SELECT par_cod_asig1,par_cod_asig2,par_cod_asig3 FROM tblaca009 WHERE pensum='5' AND c_uni_ca='5' AND c_asigna='355571' [1][0] OK
C:[31/05/2013 08:54:36.55][190.36.0.88][1436] SELECT par_cod_asig1,par_cod_asig2,par_cod_asig3 FROM tblaca009 WHERE pensum='5' AND c_uni_ca='5' AND c_asigna='300422' [1][0] OK
C:[31/05/2013 08:54:36.55][190.36.0.88][1436] SELECT par_cod_asig1,par_cod_asig2,par_cod_asig3 FROM tblaca009 WHERE pensum='5' AND c_uni_ca='5' AND c_asigna='355570' [1][0] OK
C:[31/05/2013 08:54:36.55][190.36.0.88][1436] SELECT par_cod_asig1,par_cod_asig2,par_cod_asig3 FROM tblaca009 WHERE pensum='5' AND c_uni_ca='5' AND c_asigna='355572' [1][0] OK
C:[31/05/2013 08:54:36.55][190.36.0.88][1436] SELECT par_cod_asig1,par_cod_asig2,par_cod_asig3 FROM tblaca009 WHERE pensum='5' AND c_uni_ca='5' AND c_asigna='300213' [1][0] OK
C:[31/05/2013 08:54:36.55][190.36.0.88][1450] SELECT c_asigna FROM dace004 WHERE exp_e='09-20702168' AND c_asigna='300209' AND status IN ('0','3','B','C') [1][0] OK
C:[31/05/2013 08:54:36.55][190.36.0.88][1436] SELECT par_cod_asig1,par_cod_asig2,par_cod_asig3 FROM tblaca009 WHERE pensum='5' AND c_uni_ca='5' AND c_asigna='355595' [1][0] OK
C:[31/05/2013 08:54:37.44][190.36.0.88][1566] SELECT horas_lab FROM tblaca008 WHERE c_asigna='355571' AND horas_teoricas > 0 [1][0] OK
C:[31/05/2013 08:54:37.55][190.36.0.88][1600] SELECT sum(u_creditos*1) FROM dace006 a, tblaca009 b WHERE a.exp_e='09-20702168' AND a.lapso='2013-1' AND b.pensum='5' AND b.c_uni_ca='5' AND status IN ('7','A','2') AND a.c_asigna=b.c_asigna  [1][0] OK
C:[31/05/2013 08:54:37.74][190.36.0.88][1619] SELECT sum(u_creditos*1) FROM dace006 a, tblaca009 b WHERE a.exp_e='09-20702168' AND a.lapso='2013-1' AND b.pensum='5' AND b.c_uni_ca='5' AND status IN ('7','A','2') AND a.c_asigna=b.c_asigna AND a.c_asigna IN ('300422','355570','355572','300213','355595') [1][0] OK
C:[31/05/2013 08:54:37.93][190.36.0.88][1635] SELECT MAX(semestre) FROM dace006 a, tblaca009 b WHERE a.exp_e='09-20702168' AND a.lapso='2013-1' AND b.pensum='5' AND b.c_uni_ca='5' AND status IN ('7','A','2') AND a.c_asigna=b.c_asigna  [1][0] OK
C:[31/05/2013 08:54:37.12][190.36.0.88][1655] SELECT MIN(semestre) FROM dace006 a, tblaca009 b WHERE a.exp_e='09-20702168' AND a.lapso='2013-1' AND b.pensum='5' AND b.c_uni_ca='5' AND status IN ('7','A','2') AND a.c_asigna=b.c_asigna AND a.c_asigna IN ('355571') [1][0] OK
C:[31/05/2013 10:08:02.82][190.199.82.234][1392] SELECT pre_cod_asig1,pre_cod_asig2,pre_cod_asig3,pre_cod_asig4,pre_cod_asig5,pre_cod_asig6,pre_cod_asig7 FROM tblaca009 WHERE pensum='5' AND c_uni_ca='5' AND c_asigna='355571' [1][0] OK
C:[31/05/2013 10:08:02.82][190.199.82.234][1405] SELECT c_asigna FROM dace004 WHERE exp_e='10-20286560' AND c_asigna='355447' AND status IN ('0','3','B') [1][0] OK
C:[31/05/2013 10:08:02.82][190.199.82.234][1392] SELECT pre_cod_asig1,pre_cod_asig2,pre_cod_asig3,pre_cod_asig4,pre_cod_asig5,pre_cod_asig6,pre_cod_asig7 FROM tblaca009 WHERE pensum='5' AND c_uni_ca='5' AND c_asigna='300313' [1][0] OK
C:[31/05/2013 10:08:02.82][190.199.82.234][1405] SELECT c_asigna FROM dace004 WHERE exp_e='10-20286560' AND c_asigna='300213' AND status IN ('0','3','B') [1][0] OK
C:[31/05/2013 10:08:02.82][190.199.82.234][1405] SELECT c_asigna FROM dace004 WHERE exp_e='10-20286560' AND c_asigna='300226' AND status IN ('0','3','B') [1][0] OK
C:[31/05/2013 10:08:02.82][190.199.82.234][1405] SELECT c_asigna FROM dace004 WHERE exp_e='10-20286560' AND c_asigna='300222' AND status IN ('0','3','B') [1][0] OK
C:[31/05/2013 10:08:02.82][190.199.82.234][1405] SELECT c_asigna FROM dace004 WHERE exp_e='10-20286560' AND c_asigna='300209' AND status IN ('0','3','B') [1][0] OK
C:[31/05/2013 10:08:02.82][190.199.82.234][1392] SELECT pre_cod_asig1,pre_cod_asig2,pre_cod_asig3,pre_cod_asig4,pre_cod_asig5,pre_cod_asig6,pre_cod_asig7 FROM tblaca009 WHERE pensum='5' AND c_uni_ca='5' AND c_asigna='300422' [1][0] OK
C:[31/05/2013 10:08:02.82][190.199.82.234][1405] SELECT c_asigna FROM dace004 WHERE exp_e='10-20286560' AND c_asigna='300105' AND status IN ('0','3','B') [1][0] OK
C:[31/05/2013 10:08:02.82][190.199.82.234][1405] SELECT c_asigna FROM dace004 WHERE exp_e='10-20286560' AND c_asigna='300314' AND status IN ('0','3','B') [1][0] OK
C:[31/05/2013 10:08:02.82][190.199.82.234][1392] SELECT pre_cod_asig1,pre_cod_asig2,pre_cod_asig3,pre_cod_asig4,pre_cod_asig5,pre_cod_asig6,pre_cod_asig7 FROM tblaca009 WHERE pensum='5' AND c_uni_ca='5' AND c_asigna='355570' [1][0] OK
C:[31/05/2013 10:08:02.82][190.199.82.234][1405] SELECT c_asigna FROM dace004 WHERE exp_e='10-20286560' AND c_asigna='355447' AND status IN ('0','3','B') [1][0] OK
C:[31/05/2013 10:08:02.82][190.199.82.234][1392] SELECT pre_cod_asig1,pre_cod_asig2,pre_cod_asig3,pre_cod_asig4,pre_cod_asig5,pre_cod_asig6,pre_cod_asig7 FROM tblaca009 WHERE pensum='5' AND c_uni_ca='5' AND c_asigna='355572' [1][0] OK
C:[31/05/2013 10:08:02.82][190.199.82.234][1405] SELECT c_asigna FROM dace004 WHERE exp_e='10-20286560' AND c_asigna='300428' AND status IN ('0','3','B') [1][0] OK
C:[31/05/2013 10:08:02.82][190.199.82.234][1392] SELECT pre_cod_asig1,pre_cod_asig2,pre_cod_asig3,pre_cod_asig4,pre_cod_asig5,pre_cod_asig6,pre_cod_asig7 FROM tblaca009 WHERE pensum='5' AND c_uni_ca='5' AND c_asigna='355595' [1][0] OK
C:[31/05/2013 10:08:02.82][190.199.82.234][1405] SELECT c_asigna FROM dace004 WHERE exp_e='10-20286560' AND c_asigna='351451' AND status IN ('0','3','B') [1][0] OK
C:[31/05/2013 10:08:02.82][190.199.82.234][1405] SELECT c_asigna FROM dace004 WHERE exp_e='10-20286560' AND c_asigna='355350' AND status IN ('0','3','B') [1][0] OK
C:[31/05/2013 10:08:02.82][190.199.82.234][1405] SELECT c_asigna FROM dace004 WHERE exp_e='10-20286560' AND c_asigna='300318' AND status IN ('0','3','B') [1][0] OK
C:[31/05/2013 10:08:03.07][190.199.82.234][1436] SELECT par_cod_asig1,par_cod_asig2,par_cod_asig3 FROM tblaca009 WHERE pensum='5' AND c_uni_ca='5' AND c_asigna='355571' [1][0] OK
C:[31/05/2013 10:08:03.07][190.199.82.234][1436] SELECT par_cod_asig1,par_cod_asig2,par_cod_asig3 FROM tblaca009 WHERE pensum='5' AND c_uni_ca='5' AND c_asigna='300313' [1][0] OK
C:[31/05/2013 10:08:03.07][190.199.82.234][1436] SELECT par_cod_asig1,par_cod_asig2,par_cod_asig3 FROM tblaca009 WHERE pensum='5' AND c_uni_ca='5' AND c_asigna='300422' [1][0] OK
C:[31/05/2013 10:08:03.07][190.199.82.234][1436] SELECT par_cod_asig1,par_cod_asig2,par_cod_asig3 FROM tblaca009 WHERE pensum='5' AND c_uni_ca='5' AND c_asigna='355570' [1][0] OK
C:[31/05/2013 10:08:03.07][190.199.82.234][1436] SELECT par_cod_asig1,par_cod_asig2,par_cod_asig3 FROM tblaca009 WHERE pensum='5' AND c_uni_ca='5' AND c_asigna='355572' [1][0] OK
C:[31/05/2013 10:08:03.07][190.199.82.234][1436] SELECT par_cod_asig1,par_cod_asig2,par_cod_asig3 FROM tblaca009 WHERE pensum='5' AND c_uni_ca='5' AND c_asigna='355595' [1][0] OK
C:[31/05/2013 10:08:03.84][190.199.82.234][1566] SELECT horas_lab FROM tblaca008 WHERE c_asigna='355571' AND horas_teoricas > 0 [1][0] OK
C:[31/05/2013 10:08:03.95][190.199.82.234][1600] SELECT sum(u_creditos*1) FROM dace006 a, tblaca009 b WHERE a.exp_e='10-20286560' AND a.lapso='2013-1' AND b.pensum='5' AND b.c_uni_ca='5' AND status IN ('7','A','2') AND a.c_asigna=b.c_asigna  [1][0] OK
C:[31/05/2013 10:08:03.89][190.199.82.234][1619] SELECT sum(u_creditos*1) FROM dace006 a, tblaca009 b WHERE a.exp_e='10-20286560' AND a.lapso='2013-1' AND b.pensum='5' AND b.c_uni_ca='5' AND status IN ('7','A','2') AND a.c_asigna=b.c_asigna AND a.c_asigna IN ('300313','300422','355570','355572','355595') [1][0] OK
C:[31/05/2013 10:08:03.39][190.199.82.234][1635] SELECT MAX(semestre) FROM dace006 a, tblaca009 b WHERE a.exp_e='10-20286560' AND a.lapso='2013-1' AND b.pensum='5' AND b.c_uni_ca='5' AND status IN ('7','A','2') AND a.c_asigna=b.c_asigna  [1][0] OK
C:[31/05/2013 10:08:03.32][190.199.82.234][1655] SELECT MIN(semestre) FROM dace006 a, tblaca009 b WHERE a.exp_e='10-20286560' AND a.lapso='2013-1' AND b.pensum='5' AND b.c_uni_ca='5' AND status IN ('7','A','2') AND a.c_asigna=b.c_asigna AND a.c_asigna IN ('355571') [1][0] OK
C:[31/05/2013 13:15:06.29][190.206.234.235][1392] SELECT pre_cod_asig1,pre_cod_asig2,pre_cod_asig3,pre_cod_asig4,pre_cod_asig5,pre_cod_asig6,pre_cod_asig7 FROM tblaca009 WHERE pensum='5' AND c_uni_ca='2' AND c_asigna='322681' [1][0] OK
C:[31/05/2013 13:15:06.29][190.206.234.235][1405] SELECT c_asigna FROM dace004 WHERE exp_e='09-20224050' AND c_asigna='320437' AND status IN ('0','3','B') [1][0] OK
C:[31/05/2013 13:15:06.29][190.206.234.235][1405] SELECT c_asigna FROM dace004 WHERE exp_e='09-20224050' AND c_asigna='322449' AND status IN ('0','3','B') [1][0] OK
C:[31/05/2013 13:15:06.29][190.206.234.235][1405] SELECT c_asigna FROM dace004 WHERE exp_e='09-20224050' AND c_asigna='300313' AND status IN ('0','3','B') [1][0] OK
C:[31/05/2013 13:15:06.29][190.206.234.235][1405] SELECT c_asigna FROM dace004 WHERE exp_e='09-20224050' AND c_asigna='300209' AND status IN ('0','3','B') [1][0] OK
C:[31/05/2013 13:15:06.29][190.206.234.235][1405] SELECT c_asigna FROM dace004 WHERE exp_e='09-20224050' AND c_asigna='300226' AND status IN ('0','3','B') [1][0] OK
C:[31/05/2013 13:15:06.29][190.206.234.235][1392] SELECT pre_cod_asig1,pre_cod_asig2,pre_cod_asig3,pre_cod_asig4,pre_cod_asig5,pre_cod_asig6,pre_cod_asig7 FROM tblaca009 WHERE pensum='5' AND c_uni_ca='2' AND c_asigna='300314' [1][0] OK
C:[31/05/2013 13:15:06.29][190.206.234.235][1405] SELECT c_asigna FROM dace004 WHERE exp_e='09-20224050' AND c_asigna='300106' AND status IN ('0','3','B') [1][0] OK
C:[31/05/2013 13:15:06.29][190.206.234.235][1392] SELECT pre_cod_asig1,pre_cod_asig2,pre_cod_asig3,pre_cod_asig4,pre_cod_asig5,pre_cod_asig6,pre_cod_asig7 FROM tblaca009 WHERE pensum='5' AND c_uni_ca='2' AND c_asigna='300318' [1][0] OK
C:[31/05/2013 13:15:06.29][190.206.234.235][1405] SELECT c_asigna FROM dace004 WHERE exp_e='09-20224050' AND c_asigna='300228' AND status IN ('0','3','B') [1][0] OK
C:[31/05/2013 13:15:06.29][190.206.234.235][1405] SELECT c_asigna FROM dace004 WHERE exp_e='09-20224050' AND c_asigna='300207' AND status IN ('0','3','B') [1][0] OK
C:[31/05/2013 13:15:06.29][190.206.234.235][1405] SELECT c_asigna FROM dace004 WHERE exp_e='09-20224050' AND c_asigna='300218' AND status IN ('0','3','B') [1][0] OK
C:[31/05/2013 13:15:06.29][190.206.234.235][1392] SELECT pre_cod_asig1,pre_cod_asig2,pre_cod_asig3,pre_cod_asig4,pre_cod_asig5,pre_cod_asig6,pre_cod_asig7 FROM tblaca009 WHERE pensum='5' AND c_uni_ca='2' AND c_asigna='320323' [1][0] OK
C:[31/05/2013 13:15:06.29][190.206.234.235][1405] SELECT c_asigna FROM dace004 WHERE exp_e='09-20224050' AND c_asigna='300228' AND status IN ('0','3','B') [1][0] OK
C:[31/05/2013 13:15:06.29][190.206.234.235][1405] SELECT c_asigna FROM dace004 WHERE exp_e='09-20224050' AND c_asigna='300218' AND status IN ('0','3','B') [1][0] OK
C:[31/05/2013 13:15:06.29][190.206.234.235][1392] SELECT pre_cod_asig1,pre_cod_asig2,pre_cod_asig3,pre_cod_asig4,pre_cod_asig5,pre_cod_asig6,pre_cod_asig7 FROM tblaca009 WHERE pensum='5' AND c_uni_ca='2' AND c_asigna='322436' [1][0] OK
C:[31/05/2013 13:15:06.29][190.206.234.235][1405] SELECT c_asigna FROM dace004 WHERE exp_e='09-20224050' AND c_asigna='300317' AND status IN ('0','3','B') [1][0] OK
C:[31/05/2013 13:15:06.29][190.206.234.235][1405] SELECT c_asigna FROM dace004 WHERE exp_e='09-20224050' AND c_asigna='320311' AND status IN ('0','3','B') [1][0] OK
C:[31/05/2013 13:15:07.23][190.206.234.235][1436] SELECT par_cod_asig1,par_cod_asig2,par_cod_asig3 FROM tblaca009 WHERE pensum='5' AND c_uni_ca='2' AND c_asigna='322681' [1][0] OK
C:[31/05/2013 13:15:07.23][190.206.234.235][1436] SELECT par_cod_asig1,par_cod_asig2,par_cod_asig3 FROM tblaca009 WHERE pensum='5' AND c_uni_ca='2' AND c_asigna='300314' [1][0] OK
C:[31/05/2013 13:15:07.23][190.206.234.235][1436] SELECT par_cod_asig1,par_cod_asig2,par_cod_asig3 FROM tblaca009 WHERE pensum='5' AND c_uni_ca='2' AND c_asigna='300318' [1][0] OK
C:[31/05/2013 13:15:07.23][190.206.234.235][1436] SELECT par_cod_asig1,par_cod_asig2,par_cod_asig3 FROM tblaca009 WHERE pensum='5' AND c_uni_ca='2' AND c_asigna='320323' [1][0] OK
C:[31/05/2013 13:15:07.23][190.206.234.235][1436] SELECT par_cod_asig1,par_cod_asig2,par_cod_asig3 FROM tblaca009 WHERE pensum='5' AND c_uni_ca='2' AND c_asigna='322436' [1][0] OK
C:[31/05/2013 13:15:07.86][190.206.234.235][1566] SELECT horas_lab FROM tblaca008 WHERE c_asigna='322681' AND horas_teoricas > 0 [1][0] OK
C:[31/05/2013 13:15:07.98][190.206.234.235][1600] SELECT sum(u_creditos*1) FROM dace006 a, tblaca009 b WHERE a.exp_e='09-20224050' AND a.lapso='2013-1' AND b.pensum='5' AND b.c_uni_ca='2' AND status IN ('7','A','2') AND a.c_asigna=b.c_asigna  [1][0] OK
C:[31/05/2013 13:15:07.92][190.206.234.235][1619] SELECT sum(u_creditos*1) FROM dace006 a, tblaca009 b WHERE a.exp_e='09-20224050' AND a.lapso='2013-1' AND b.pensum='5' AND b.c_uni_ca='2' AND status IN ('7','A','2') AND a.c_asigna=b.c_asigna AND a.c_asigna IN ('300314','300318','320323','322436') [1][0] OK
C:[31/05/2013 13:15:07.85][190.206.234.235][1635] SELECT MAX(semestre) FROM dace006 a, tblaca009 b WHERE a.exp_e='09-20224050' AND a.lapso='2013-1' AND b.pensum='5' AND b.c_uni_ca='2' AND status IN ('7','A','2') AND a.c_asigna=b.c_asigna  [1][0] OK
C:[31/05/2013 13:15:07.79][190.206.234.235][1655] SELECT MIN(semestre) FROM dace006 a, tblaca009 b WHERE a.exp_e='09-20224050' AND a.lapso='2013-1' AND b.pensum='5' AND b.c_uni_ca='2' AND status IN ('7','A','2') AND a.c_asigna=b.c_asigna AND a.c_asigna IN ('322681') [1][0] OK
C:[31/05/2013 15:07:09.94][186.88.132.174][1392] SELECT pre_cod_asig1,pre_cod_asig2,pre_cod_asig3,pre_cod_asig4,pre_cod_asig5,pre_cod_asig6,pre_cod_asig7 FROM tblaca009 WHERE pensum='5' AND c_uni_ca='5' AND c_asigna='355692' [1][0] OK
C:[31/05/2013 15:07:09.94][186.88.132.174][1405] SELECT c_asigna FROM dace004 WHERE exp_e='91-10552454' AND c_asigna='355448' AND status IN ('0','3','B') [1][0] OK
C:[31/05/2013 15:07:09.94][186.88.132.174][1405] SELECT c_asigna FROM dace004 WHERE exp_e='91-10552454' AND c_asigna='355570' AND status IN ('0','3','B') [1][0] OK
C:[31/05/2013 15:07:09.94][186.88.132.174][1392] SELECT pre_cod_asig1,pre_cod_asig2,pre_cod_asig3,pre_cod_asig4,pre_cod_asig5,pre_cod_asig6,pre_cod_asig7 FROM tblaca009 WHERE pensum='5' AND c_uni_ca='5' AND c_asigna='355959' [1][0] OK
C:[31/05/2013 15:07:09.00][186.88.132.174][1436] SELECT par_cod_asig1,par_cod_asig2,par_cod_asig3 FROM tblaca009 WHERE pensum='5' AND c_uni_ca='5' AND c_asigna='355692' [1][0] OK
C:[31/05/2013 15:07:09.00][186.88.132.174][1436] SELECT par_cod_asig1,par_cod_asig2,par_cod_asig3 FROM tblaca009 WHERE pensum='5' AND c_uni_ca='5' AND c_asigna='355959' [1][0] OK
C:[31/05/2013 15:07:09.00][186.88.132.174][1450] SELECT c_asigna FROM dace004 WHERE exp_e='91-10552454' AND c_asigna='300956' AND status IN ('0','3','B','C') [1][0] OK
C:[31/05/2013 15:07:09.39][186.88.132.174][1566] SELECT horas_lab FROM tblaca008 WHERE c_asigna='355692' AND horas_teoricas > 0 [1][0] OK
C:[31/05/2013 15:07:09.50][186.88.132.174][1600] SELECT sum(u_creditos*1) FROM dace006 a, tblaca009 b WHERE a.exp_e='91-10552454' AND a.lapso='2013-1' AND b.pensum='5' AND b.c_uni_ca='5' AND status IN ('7','A','2') AND a.c_asigna=b.c_asigna  [1][0] OK
C:[31/05/2013 15:07:10.44][186.88.132.174][1619] SELECT sum(u_creditos*1) FROM dace006 a, tblaca009 b WHERE a.exp_e='91-10552454' AND a.lapso='2013-1' AND b.pensum='5' AND b.c_uni_ca='5' AND status IN ('7','A','2') AND a.c_asigna=b.c_asigna AND a.c_asigna IN ('355959') [1][0] OK
C:[31/05/2013 15:07:10.38][186.88.132.174][1635] SELECT MAX(semestre) FROM dace006 a, tblaca009 b WHERE a.exp_e='91-10552454' AND a.lapso='2013-1' AND b.pensum='5' AND b.c_uni_ca='5' AND status IN ('7','A','2') AND a.c_asigna=b.c_asigna  [1][0] OK
C:[31/05/2013 15:07:10.31][186.88.132.174][1655] SELECT MIN(semestre) FROM dace006 a, tblaca009 b WHERE a.exp_e='91-10552454' AND a.lapso='2013-1' AND b.pensum='5' AND b.c_uni_ca='5' AND status IN ('7','A','2') AND a.c_asigna=b.c_asigna AND a.c_asigna IN ('355692') [1][0] OK
C:[31/05/2013 15:19:03.45][190.204.206.91][1392] SELECT pre_cod_asig1,pre_cod_asig2,pre_cod_asig3,pre_cod_asig4,pre_cod_asig5,pre_cod_asig6,pre_cod_asig7 FROM tblaca009 WHERE pensum='5' AND c_uni_ca='5' AND c_asigna='355722' [1][0] OK
C:[31/05/2013 15:19:03.45][190.204.206.91][1405] SELECT c_asigna FROM dace004 WHERE exp_e='07-18513261' AND c_asigna='355691' AND status IN ('0','3','B') [1][0] OK
C:[31/05/2013 15:19:03.45][190.204.206.91][1405] SELECT c_asigna FROM dace004 WHERE exp_e='07-18513261' AND c_asigna='355595' AND status IN ('0','3','B') [1][0] OK
C:[31/05/2013 15:19:03.45][190.204.206.91][1392] SELECT pre_cod_asig1,pre_cod_asig2,pre_cod_asig3,pre_cod_asig4,pre_cod_asig5,pre_cod_asig6,pre_cod_asig7 FROM tblaca009 WHERE pensum='5' AND c_uni_ca='5' AND c_asigna='355692' [1][0] OK
C:[31/05/2013 15:19:03.45][190.204.206.91][1405] SELECT c_asigna FROM dace004 WHERE exp_e='07-18513261' AND c_asigna='355448' AND status IN ('0','3','B') [1][0] OK
C:[31/05/2013 15:19:03.45][190.204.206.91][1405] SELECT c_asigna FROM dace004 WHERE exp_e='07-18513261' AND c_asigna='355570' AND status IN ('0','3','B') [1][0] OK
C:[31/05/2013 15:19:03.45][190.204.206.91][1392] SELECT pre_cod_asig1,pre_cod_asig2,pre_cod_asig3,pre_cod_asig4,pre_cod_asig5,pre_cod_asig6,pre_cod_asig7 FROM tblaca009 WHERE pensum='5' AND c_uni_ca='5' AND c_asigna='355832' [1][0] OK
C:[31/05/2013 15:19:03.45][190.204.206.91][1405] SELECT c_asigna FROM dace004 WHERE exp_e='07-18513261' AND c_asigna='355694' AND status IN ('0','3','B') [1][0] OK
C:[31/05/2013 15:19:03.45][190.204.206.91][1392] SELECT pre_cod_asig1,pre_cod_asig2,pre_cod_asig3,pre_cod_asig4,pre_cod_asig5,pre_cod_asig6,pre_cod_asig7 FROM tblaca009 WHERE pensum='5' AND c_uni_ca='5' AND c_asigna='355833' [1][0] OK
C:[31/05/2013 15:19:03.45][190.204.206.91][1405] SELECT c_asigna FROM dace004 WHERE exp_e='07-18513261' AND c_asigna='355694' AND status IN ('0','3','B') [1][0] OK
C:[31/05/2013 15:19:04.70][190.204.206.91][1436] SELECT par_cod_asig1,par_cod_asig2,par_cod_asig3 FROM tblaca009 WHERE pensum='5' AND c_uni_ca='5' AND c_asigna='355722' [1][0] OK
C:[31/05/2013 15:19:04.70][190.204.206.91][1436] SELECT par_cod_asig1,par_cod_asig2,par_cod_asig3 FROM tblaca009 WHERE pensum='5' AND c_uni_ca='5' AND c_asigna='355692' [1][0] OK
C:[31/05/2013 15:19:04.70][190.204.206.91][1436] SELECT par_cod_asig1,par_cod_asig2,par_cod_asig3 FROM tblaca009 WHERE pensum='5' AND c_uni_ca='5' AND c_asigna='355832' [1][0] OK
C:[31/05/2013 15:19:04.70][190.204.206.91][1436] SELECT par_cod_asig1,par_cod_asig2,par_cod_asig3 FROM tblaca009 WHERE pensum='5' AND c_uni_ca='5' AND c_asigna='355833' [1][0] OK
C:[31/05/2013 15:19:04.21][190.204.206.91][1566] SELECT horas_lab FROM tblaca008 WHERE c_asigna='355722' AND horas_teoricas > 0 [1][0] OK
C:[31/05/2013 15:19:04.32][190.204.206.91][1600] SELECT sum(u_creditos*1) FROM dace006 a, tblaca009 b WHERE a.exp_e='07-18513261' AND a.lapso='2013-1' AND b.pensum='5' AND b.c_uni_ca='5' AND status IN ('7','A','2') AND a.c_asigna=b.c_asigna  [1][0] OK
C:[31/05/2013 15:19:04.70][190.204.206.91][1619] SELECT sum(u_creditos*1) FROM dace006 a, tblaca009 b WHERE a.exp_e='07-18513261' AND a.lapso='2013-1' AND b.pensum='5' AND b.c_uni_ca='5' AND status IN ('7','A','2') AND a.c_asigna=b.c_asigna AND a.c_asigna IN ('355692','355832','355833') [1][0] OK
C:[31/05/2013 15:19:04.07][190.204.206.91][1635] SELECT MAX(semestre) FROM dace006 a, tblaca009 b WHERE a.exp_e='07-18513261' AND a.lapso='2013-1' AND b.pensum='5' AND b.c_uni_ca='5' AND status IN ('7','A','2') AND a.c_asigna=b.c_asigna  [1][0] OK
C:[31/05/2013 15:19:04.01][190.204.206.91][1655] SELECT MIN(semestre) FROM dace006 a, tblaca009 b WHERE a.exp_e='07-18513261' AND a.lapso='2013-1' AND b.pensum='5' AND b.c_uni_ca='5' AND status IN ('7','A','2') AND a.c_asigna=b.c_asigna AND a.c_asigna IN ('355722') [1][0] OK
C:[31/05/2013 16:28:09.82][186.24.7.194][1392] SELECT pre_cod_asig1,pre_cod_asig2,pre_cod_asig3,pre_cod_asig4,pre_cod_asig5,pre_cod_asig6,pre_cod_asig7 FROM tblaca009 WHERE pensum='5' AND c_uni_ca='6' AND c_asigna='300226' [1][0] OK
C:[31/05/2013 16:28:09.82][186.24.7.194][1405] SELECT c_asigna FROM dace004 WHERE exp_e='12-22590312' AND c_asigna='300116' AND status IN ('0','3','B') [1][0] OK
C:[31/05/2013 16:28:09.82][186.24.7.194][1392] SELECT pre_cod_asig1,pre_cod_asig2,pre_cod_asig3,pre_cod_asig4,pre_cod_asig5,pre_cod_asig6,pre_cod_asig7 FROM tblaca009 WHERE pensum='5' AND c_uni_ca='6' AND c_asigna='300314' [1][0] OK
C:[31/05/2013 16:28:09.82][186.24.7.194][1405] SELECT c_asigna FROM dace004 WHERE exp_e='12-22590312' AND c_asigna='300106' AND status IN ('0','3','B') [1][0] OK
C:[31/05/2013 16:28:09.82][186.24.7.194][1392] SELECT pre_cod_asig1,pre_cod_asig2,pre_cod_asig3,pre_cod_asig4,pre_cod_asig5,pre_cod_asig6,pre_cod_asig7 FROM tblaca009 WHERE pensum='5' AND c_uni_ca='6' AND c_asigna='300317' [1][0] OK
C:[31/05/2013 16:28:09.82][186.24.7.194][1405] SELECT c_asigna FROM dace004 WHERE exp_e='12-22590312' AND c_asigna='300207' AND status IN ('0','3','B') [1][0] OK
C:[31/05/2013 16:28:09.82][186.24.7.194][1405] SELECT c_asigna FROM dace004 WHERE exp_e='12-22590312' AND c_asigna='300209' AND status IN ('0','3','B') [1][0] OK
C:[31/05/2013 16:28:09.82][186.24.7.194][1392] SELECT pre_cod_asig1,pre_cod_asig2,pre_cod_asig3,pre_cod_asig4,pre_cod_asig5,pre_cod_asig6,pre_cod_asig7 FROM tblaca009 WHERE pensum='5' AND c_uni_ca='6' AND c_asigna='300318' [1][0] OK
C:[31/05/2013 16:28:09.82][186.24.7.194][1405] SELECT c_asigna FROM dace004 WHERE exp_e='12-22590312' AND c_asigna='300228' AND status IN ('0','3','B') [1][0] OK
C:[31/05/2013 16:28:09.82][186.24.7.194][1405] SELECT c_asigna FROM dace004 WHERE exp_e='12-22590312' AND c_asigna='300207' AND status IN ('0','3','B') [1][0] OK
C:[31/05/2013 16:28:09.82][186.24.7.194][1405] SELECT c_asigna FROM dace004 WHERE exp_e='12-22590312' AND c_asigna='300218' AND status IN ('0','3','B') [1][0] OK
C:[31/05/2013 16:28:09.21][186.24.7.194][1436] SELECT par_cod_asig1,par_cod_asig2,par_cod_asig3 FROM tblaca009 WHERE pensum='5' AND c_uni_ca='6' AND c_asigna='300226' [1][0] OK
C:[31/05/2013 16:28:09.21][186.24.7.194][1436] SELECT par_cod_asig1,par_cod_asig2,par_cod_asig3 FROM tblaca009 WHERE pensum='5' AND c_uni_ca='6' AND c_asigna='300314' [1][0] OK
C:[31/05/2013 16:28:09.21][186.24.7.194][1436] SELECT par_cod_asig1,par_cod_asig2,par_cod_asig3 FROM tblaca009 WHERE pensum='5' AND c_uni_ca='6' AND c_asigna='300317' [1][0] OK
C:[31/05/2013 16:28:09.21][186.24.7.194][1436] SELECT par_cod_asig1,par_cod_asig2,par_cod_asig3 FROM tblaca009 WHERE pensum='5' AND c_uni_ca='6' AND c_asigna='300318' [1][0] OK
C:[31/05/2013 16:28:10.72][186.24.7.194][1600] SELECT sum(u_creditos*1) FROM dace006 a, tblaca009 b WHERE a.exp_e='12-22590312' AND a.lapso='2013-1' AND b.pensum='5' AND b.c_uni_ca='6' AND status IN ('7','A','2') AND a.c_asigna=b.c_asigna  [1][0] OK
C:[31/05/2013 16:28:10.65][186.24.7.194][1619] SELECT sum(u_creditos*1) FROM dace006 a, tblaca009 b WHERE a.exp_e='12-22590312' AND a.lapso='2013-1' AND b.pensum='5' AND b.c_uni_ca='6' AND status IN ('7','A','2') AND a.c_asigna=b.c_asigna AND a.c_asigna IN ('300226','300314','300317','300318') [1][0] OK
C:[31/05/2013 16:28:10.58][186.24.7.194][1635] SELECT MAX(semestre) FROM dace006 a, tblaca009 b WHERE a.exp_e='12-22590312' AND a.lapso='2013-1' AND b.pensum='5' AND b.c_uni_ca='6' AND status IN ('7','A','2') AND a.c_asigna=b.c_asigna  [1][0] OK
C:[31/05/2013 16:29:19.29][186.24.7.194][1392] SELECT pre_cod_asig1,pre_cod_asig2,pre_cod_asig3,pre_cod_asig4,pre_cod_asig5,pre_cod_asig6,pre_cod_asig7 FROM tblaca009 WHERE pensum='5' AND c_uni_ca='6' AND c_asigna='300314' [1][0] OK
C:[31/05/2013 16:29:19.29][186.24.7.194][1405] SELECT c_asigna FROM dace004 WHERE exp_e='12-22590312' AND c_asigna='300106' AND status IN ('0','3','B') [1][0] OK
C:[31/05/2013 16:29:19.29][186.24.7.194][1392] SELECT pre_cod_asig1,pre_cod_asig2,pre_cod_asig3,pre_cod_asig4,pre_cod_asig5,pre_cod_asig6,pre_cod_asig7 FROM tblaca009 WHERE pensum='5' AND c_uni_ca='6' AND c_asigna='300226' [1][0] OK
C:[31/05/2013 16:29:19.29][186.24.7.194][1405] SELECT c_asigna FROM dace004 WHERE exp_e='12-22590312' AND c_asigna='300116' AND status IN ('0','3','B') [1][0] OK
C:[31/05/2013 16:29:19.29][186.24.7.194][1392] SELECT pre_cod_asig1,pre_cod_asig2,pre_cod_asig3,pre_cod_asig4,pre_cod_asig5,pre_cod_asig6,pre_cod_asig7 FROM tblaca009 WHERE pensum='5' AND c_uni_ca='6' AND c_asigna='300317' [1][0] OK
C:[31/05/2013 16:29:19.29][186.24.7.194][1405] SELECT c_asigna FROM dace004 WHERE exp_e='12-22590312' AND c_asigna='300207' AND status IN ('0','3','B') [1][0] OK
C:[31/05/2013 16:29:19.29][186.24.7.194][1405] SELECT c_asigna FROM dace004 WHERE exp_e='12-22590312' AND c_asigna='300209' AND status IN ('0','3','B') [1][0] OK
C:[31/05/2013 16:29:19.29][186.24.7.194][1392] SELECT pre_cod_asig1,pre_cod_asig2,pre_cod_asig3,pre_cod_asig4,pre_cod_asig5,pre_cod_asig6,pre_cod_asig7 FROM tblaca009 WHERE pensum='5' AND c_uni_ca='6' AND c_asigna='300318' [1][0] OK
C:[31/05/2013 16:29:19.29][186.24.7.194][1405] SELECT c_asigna FROM dace004 WHERE exp_e='12-22590312' AND c_asigna='300228' AND status IN ('0','3','B') [1][0] OK
C:[31/05/2013 16:29:19.29][186.24.7.194][1405] SELECT c_asigna FROM dace004 WHERE exp_e='12-22590312' AND c_asigna='300207' AND status IN ('0','3','B') [1][0] OK
C:[31/05/2013 16:29:19.29][186.24.7.194][1405] SELECT c_asigna FROM dace004 WHERE exp_e='12-22590312' AND c_asigna='300218' AND status IN ('0','3','B') [1][0] OK
C:[31/05/2013 16:29:19.66][186.24.7.194][1436] SELECT par_cod_asig1,par_cod_asig2,par_cod_asig3 FROM tblaca009 WHERE pensum='5' AND c_uni_ca='6' AND c_asigna='300314' [1][0] OK
C:[31/05/2013 16:29:19.66][186.24.7.194][1436] SELECT par_cod_asig1,par_cod_asig2,par_cod_asig3 FROM tblaca009 WHERE pensum='5' AND c_uni_ca='6' AND c_asigna='300226' [1][0] OK
C:[31/05/2013 16:29:19.66][186.24.7.194][1436] SELECT par_cod_asig1,par_cod_asig2,par_cod_asig3 FROM tblaca009 WHERE pensum='5' AND c_uni_ca='6' AND c_asigna='300317' [1][0] OK
C:[31/05/2013 16:29:19.66][186.24.7.194][1436] SELECT par_cod_asig1,par_cod_asig2,par_cod_asig3 FROM tblaca009 WHERE pensum='5' AND c_uni_ca='6' AND c_asigna='300318' [1][0] OK
C:[31/05/2013 16:29:19.17][186.24.7.194][1566] SELECT horas_lab FROM tblaca008 WHERE c_asigna='300314' AND horas_teoricas > 0 [0][0] OK
C:[31/05/2013 16:29:19.29][186.24.7.194][1600] SELECT sum(u_creditos*1) FROM dace006 a, tblaca009 b WHERE a.exp_e='12-22590312' AND a.lapso='2013-1' AND b.pensum='5' AND b.c_uni_ca='6' AND status IN ('7','A','2') AND a.c_asigna=b.c_asigna  [1][0] OK
C:[31/05/2013 16:29:19.22][186.24.7.194][1619] SELECT sum(u_creditos*1) FROM dace006 a, tblaca009 b WHERE a.exp_e='12-22590312' AND a.lapso='2013-1' AND b.pensum='5' AND b.c_uni_ca='6' AND status IN ('7','A','2') AND a.c_asigna=b.c_asigna AND a.c_asigna IN ('300226','300317','300318') [1][0] OK
C:[31/05/2013 16:29:19.60][186.24.7.194][1635] SELECT MAX(semestre) FROM dace006 a, tblaca009 b WHERE a.exp_e='12-22590312' AND a.lapso='2013-1' AND b.pensum='5' AND b.c_uni_ca='6' AND status IN ('7','A','2') AND a.c_asigna=b.c_asigna  [1][0] OK
C:[31/05/2013 16:29:20.97][186.24.7.194][1655] SELECT MIN(semestre) FROM dace006 a, tblaca009 b WHERE a.exp_e='12-22590312' AND a.lapso='2013-1' AND b.pensum='5' AND b.c_uni_ca='6' AND status IN ('7','A','2') AND a.c_asigna=b.c_asigna AND a.c_asigna IN ('300314') [1][0] OK
C:[31/05/2013 18:26:03.67][186.90.181.202][1392] SELECT pre_cod_asig1,pre_cod_asig2,pre_cod_asig3,pre_cod_asig4,pre_cod_asig5,pre_cod_asig6,pre_cod_asig7 FROM tblaca009 WHERE pensum='5' AND c_uni_ca='4' AND c_asigna='300113' [1][0] OK
C:[31/05/2013 18:26:03.67][186.90.181.202][1392] SELECT pre_cod_asig1,pre_cod_asig2,pre_cod_asig3,pre_cod_asig4,pre_cod_asig5,pre_cod_asig6,pre_cod_asig7 FROM tblaca009 WHERE pensum='5' AND c_uni_ca='4' AND c_asigna='300112' [1][0] OK
C:[31/05/2013 18:26:03.67][186.90.181.202][1392] SELECT pre_cod_asig1,pre_cod_asig2,pre_cod_asig3,pre_cod_asig4,pre_cod_asig5,pre_cod_asig6,pre_cod_asig7 FROM tblaca009 WHERE pensum='5' AND c_uni_ca='4' AND c_asigna='300314' [1][0] OK
C:[31/05/2013 18:26:03.67][186.90.181.202][1405] SELECT c_asigna FROM dace004 WHERE exp_e='12-25744486' AND c_asigna='300106' AND status IN ('0','3','B') [1][0] OK
C:[31/05/2013 18:26:03.67][186.90.181.202][1392] SELECT pre_cod_asig1,pre_cod_asig2,pre_cod_asig3,pre_cod_asig4,pre_cod_asig5,pre_cod_asig6,pre_cod_asig7 FROM tblaca009 WHERE pensum='5' AND c_uni_ca='4' AND c_asigna='300101' [1][0] OK
C:[31/05/2013 18:26:03.67][186.90.181.202][1392] SELECT pre_cod_asig1,pre_cod_asig2,pre_cod_asig3,pre_cod_asig4,pre_cod_asig5,pre_cod_asig6,pre_cod_asig7 FROM tblaca009 WHERE pensum='5' AND c_uni_ca='4' AND c_asigna='300116' [1][0] OK
C:[31/05/2013 18:26:03.42][186.90.181.202][1436] SELECT par_cod_asig1,par_cod_asig2,par_cod_asig3 FROM tblaca009 WHERE pensum='5' AND c_uni_ca='4' AND c_asigna='300113' [1][0] OK
C:[31/05/2013 18:26:03.42][186.90.181.202][1450] SELECT c_asigna FROM dace004 WHERE exp_e='12-25744486' AND c_asigna='300013' AND status IN ('0','3','B','C') [1][0] OK
C:[31/05/2013 18:26:03.42][186.90.181.202][1436] SELECT par_cod_asig1,par_cod_asig2,par_cod_asig3 FROM tblaca009 WHERE pensum='5' AND c_uni_ca='4' AND c_asigna='300112' [1][0] OK
C:[31/05/2013 18:26:03.42][186.90.181.202][1436] SELECT par_cod_asig1,par_cod_asig2,par_cod_asig3 FROM tblaca009 WHERE pensum='5' AND c_uni_ca='4' AND c_asigna='300314' [1][0] OK
C:[31/05/2013 18:26:03.42][186.90.181.202][1436] SELECT par_cod_asig1,par_cod_asig2,par_cod_asig3 FROM tblaca009 WHERE pensum='5' AND c_uni_ca='4' AND c_asigna='300101' [1][0] OK
C:[31/05/2013 18:26:03.42][186.90.181.202][1436] SELECT par_cod_asig1,par_cod_asig2,par_cod_asig3 FROM tblaca009 WHERE pensum='5' AND c_uni_ca='4' AND c_asigna='300116' [1][0] OK
C:[31/05/2013 18:26:03.18][186.90.181.202][1566] SELECT horas_lab FROM tblaca008 WHERE c_asigna='300113' AND horas_teoricas > 0 [0][0] OK
C:[31/05/2013 18:26:03.29][186.90.181.202][1600] SELECT sum(u_creditos*1) FROM dace006 a, tblaca009 b WHERE a.exp_e='12-25744486' AND a.lapso='2013-1' AND b.pensum='5' AND b.c_uni_ca='4' AND status IN ('7','A','2') AND a.c_asigna=b.c_asigna  [1][0] OK
C:[31/05/2013 18:26:03.67][186.90.181.202][1619] SELECT sum(u_creditos*1) FROM dace006 a, tblaca009 b WHERE a.exp_e='12-25744486' AND a.lapso='2013-1' AND b.pensum='5' AND b.c_uni_ca='4' AND status IN ('7','A','2') AND a.c_asigna=b.c_asigna AND a.c_asigna IN ('300112','300314','300101','300116') [1][0] OK
C:[31/05/2013 18:26:04.61][186.90.181.202][1635] SELECT MAX(semestre) FROM dace006 a, tblaca009 b WHERE a.exp_e='12-25744486' AND a.lapso='2013-1' AND b.pensum='5' AND b.c_uni_ca='4' AND status IN ('7','A','2') AND a.c_asigna=b.c_asigna  [1][0] OK
C:[31/05/2013 18:26:04.55][186.90.181.202][1655] SELECT MIN(semestre) FROM dace006 a, tblaca009 b WHERE a.exp_e='12-25744486' AND a.lapso='2013-1' AND b.pensum='5' AND b.c_uni_ca='4' AND status IN ('7','A','2') AND a.c_asigna=b.c_asigna AND a.c_asigna IN ('300113') [1][0] OK
C:[31/05/2013 18:57:01.02][200.84.67.116][1392] SELECT pre_cod_asig1,pre_cod_asig2,pre_cod_asig3,pre_cod_asig4,pre_cod_asig5,pre_cod_asig6,pre_cod_asig7 FROM tblaca009 WHERE pensum='5' AND c_uni_ca='5' AND c_asigna='300207' [1][0] OK
C:[31/05/2013 18:57:01.02][200.84.67.116][1405] SELECT c_asigna FROM dace004 WHERE exp_e='09-20298897' AND c_asigna='300101' AND status IN ('0','3','B') [1][0] OK
C:[31/05/2013 18:57:01.02][200.84.67.116][1392] SELECT pre_cod_asig1,pre_cod_asig2,pre_cod_asig3,pre_cod_asig4,pre_cod_asig5,pre_cod_asig6,pre_cod_asig7 FROM tblaca009 WHERE pensum='5' AND c_uni_ca='5' AND c_asigna='300213' [1][0] OK
C:[31/05/2013 18:57:01.02][200.84.67.116][1405] SELECT c_asigna FROM dace004 WHERE exp_e='09-20298897' AND c_asigna='300101' AND status IN ('0','3','B') [1][0] OK
C:[31/05/2013 18:57:01.52][200.84.67.116][1436] SELECT par_cod_asig1,par_cod_asig2,par_cod_asig3 FROM tblaca009 WHERE pensum='5' AND c_uni_ca='5' AND c_asigna='300207' [1][0] OK
C:[31/05/2013 18:57:01.52][200.84.67.116][1436] SELECT par_cod_asig1,par_cod_asig2,par_cod_asig3 FROM tblaca009 WHERE pensum='5' AND c_uni_ca='5' AND c_asigna='300213' [1][0] OK
C:[31/05/2013 18:57:01.52][200.84.67.116][1450] SELECT c_asigna FROM dace004 WHERE exp_e='09-20298897' AND c_asigna='300209' AND status IN ('0','3','B','C') [1][0] OK
C:[31/05/2013 18:57:01.92][200.84.67.116][1600] SELECT sum(u_creditos*1) FROM dace006 a, tblaca009 b WHERE a.exp_e='09-20298897' AND a.lapso='2013-1' AND b.pensum='5' AND b.c_uni_ca='5' AND status IN ('7','A','2') AND a.c_asigna=b.c_asigna  [1][0] OK
C:[31/05/2013 18:57:01.84][200.84.67.116][1619] SELECT sum(u_creditos*1) FROM dace006 a, tblaca009 b WHERE a.exp_e='09-20298897' AND a.lapso='2013-1' AND b.pensum='5' AND b.c_uni_ca='5' AND status IN ('7','A','2') AND a.c_asigna=b.c_asigna AND a.c_asigna IN ('300207','300213') [1][0] OK
C:[31/05/2013 18:57:01.21][200.84.67.116][1635] SELECT MAX(semestre) FROM dace006 a, tblaca009 b WHERE a.exp_e='09-20298897' AND a.lapso='2013-1' AND b.pensum='5' AND b.c_uni_ca='5' AND status IN ('7','A','2') AND a.c_asigna=b.c_asigna  [1][0] OK
C:[31/05/2013 19:16:49.19][190.121.238.14][1392] SELECT pre_cod_asig1,pre_cod_asig2,pre_cod_asig3,pre_cod_asig4,pre_cod_asig5,pre_cod_asig6,pre_cod_asig7 FROM tblaca009 WHERE pensum='5' AND c_uni_ca='3' AND c_asigna='300317' [1][0] OK
C:[31/05/2013 19:16:49.19][190.121.238.14][1405] SELECT c_asigna FROM dace004 WHERE exp_e='06-21248470' AND c_asigna='300207' AND status IN ('0','3','B') [1][0] OK
C:[31/05/2013 19:16:49.19][190.121.238.14][1405] SELECT c_asigna FROM dace004 WHERE exp_e='06-21248470' AND c_asigna='300209' AND status IN ('0','3','B') [1][0] OK
C:[31/05/2013 19:16:49.57][190.121.238.14][1436] SELECT par_cod_asig1,par_cod_asig2,par_cod_asig3 FROM tblaca009 WHERE pensum='5' AND c_uni_ca='3' AND c_asigna='300317' [1][0] OK
C:[31/05/2013 19:16:49.70][190.121.238.14][1600] SELECT sum(u_creditos*1) FROM dace006 a, tblaca009 b WHERE a.exp_e='06-21248470' AND a.lapso='2013-1' AND b.pensum='5' AND b.c_uni_ca='3' AND status IN ('7','A','2') AND a.c_asigna=b.c_asigna  [1][0] OK
C:[31/05/2013 19:16:49.63][190.121.238.14][1619] SELECT sum(u_creditos*1) FROM dace006 a, tblaca009 b WHERE a.exp_e='06-21248470' AND a.lapso='2013-1' AND b.pensum='5' AND b.c_uni_ca='3' AND status IN ('7','A','2') AND a.c_asigna=b.c_asigna AND a.c_asigna IN ('300317') [1][0] OK
C:[31/05/2013 19:16:49.03][190.121.238.14][1635] SELECT MAX(semestre) FROM dace006 a, tblaca009 b WHERE a.exp_e='06-21248470' AND a.lapso='2013-1' AND b.pensum='5' AND b.c_uni_ca='3' AND status IN ('7','A','2') AND a.c_asigna=b.c_asigna  [1][0] OK
C:[31/05/2013 20:35:52.76][190.37.115.57][1392] SELECT pre_cod_asig1,pre_cod_asig2,pre_cod_asig3,pre_cod_asig4,pre_cod_asig5,pre_cod_asig6,pre_cod_asig7 FROM tblaca009 WHERE pensum='5' AND c_uni_ca='5' AND c_asigna='355692' [1][0] OK
C:[31/05/2013 20:35:52.76][190.37.115.57][1405] SELECT c_asigna FROM dace004 WHERE exp_e='09-20645214' AND c_asigna='355448' AND status IN ('0','3','B') [1][0] OK
C:[31/05/2013 20:35:52.76][190.37.115.57][1405] SELECT c_asigna FROM dace004 WHERE exp_e='09-20645214' AND c_asigna='355570' AND status IN ('0','3','B') [1][0] OK
C:[31/05/2013 20:35:52.76][190.37.115.57][1392] SELECT pre_cod_asig1,pre_cod_asig2,pre_cod_asig3,pre_cod_asig4,pre_cod_asig5,pre_cod_asig6,pre_cod_asig7 FROM tblaca009 WHERE pensum='5' AND c_uni_ca='5' AND c_asigna='355721' [1][0] OK
C:[31/05/2013 20:35:52.76][190.37.115.57][1405] SELECT c_asigna FROM dace004 WHERE exp_e='09-20645214' AND c_asigna='355693' AND status IN ('0','3','B') [1][0] OK
C:[31/05/2013 20:35:52.76][190.37.115.57][1405] SELECT c_asigna FROM dace004 WHERE exp_e='09-20645214' AND c_asigna='355696' AND status IN ('0','3','B') [1][0] OK
C:[31/05/2013 20:35:52.76][190.37.115.57][1392] SELECT pre_cod_asig1,pre_cod_asig2,pre_cod_asig3,pre_cod_asig4,pre_cod_asig5,pre_cod_asig6,pre_cod_asig7 FROM tblaca009 WHERE pensum='5' AND c_uni_ca='5' AND c_asigna='355722' [1][0] OK
C:[31/05/2013 20:35:52.76][190.37.115.57][1405] SELECT c_asigna FROM dace004 WHERE exp_e='09-20645214' AND c_asigna='355691' AND status IN ('0','3','B') [1][0] OK
C:[31/05/2013 20:35:52.76][190.37.115.57][1405] SELECT c_asigna FROM dace004 WHERE exp_e='09-20645214' AND c_asigna='355595' AND status IN ('0','3','B') [1][0] OK
C:[31/05/2013 20:35:52.76][190.37.115.57][1392] SELECT pre_cod_asig1,pre_cod_asig2,pre_cod_asig3,pre_cod_asig4,pre_cod_asig5,pre_cod_asig6,pre_cod_asig7 FROM tblaca009 WHERE pensum='5' AND c_uni_ca='5' AND c_asigna='355723' [1][0] OK
C:[31/05/2013 20:35:52.76][190.37.115.57][1405] SELECT c_asigna FROM dace004 WHERE exp_e='09-20645214' AND c_asigna='355694' AND status IN ('0','3','B') [1][0] OK
C:[31/05/2013 20:35:52.76][190.37.115.57][1392] SELECT pre_cod_asig1,pre_cod_asig2,pre_cod_asig3,pre_cod_asig4,pre_cod_asig5,pre_cod_asig6,pre_cod_asig7 FROM tblaca009 WHERE pensum='5' AND c_uni_ca='5' AND c_asigna='300677' [1][0] OK
C:[31/05/2013 20:35:53.25][190.37.115.57][1436] SELECT par_cod_asig1,par_cod_asig2,par_cod_asig3 FROM tblaca009 WHERE pensum='5' AND c_uni_ca='5' AND c_asigna='355692' [1][0] OK
C:[31/05/2013 20:35:53.25][190.37.115.57][1436] SELECT par_cod_asig1,par_cod_asig2,par_cod_asig3 FROM tblaca009 WHERE pensum='5' AND c_uni_ca='5' AND c_asigna='355721' [1][0] OK
C:[31/05/2013 20:35:53.25][190.37.115.57][1436] SELECT par_cod_asig1,par_cod_asig2,par_cod_asig3 FROM tblaca009 WHERE pensum='5' AND c_uni_ca='5' AND c_asigna='355722' [1][0] OK
C:[31/05/2013 20:35:53.25][190.37.115.57][1436] SELECT par_cod_asig1,par_cod_asig2,par_cod_asig3 FROM tblaca009 WHERE pensum='5' AND c_uni_ca='5' AND c_asigna='355723' [1][0] OK
C:[31/05/2013 20:35:53.25][190.37.115.57][1436] SELECT par_cod_asig1,par_cod_asig2,par_cod_asig3 FROM tblaca009 WHERE pensum='5' AND c_uni_ca='5' AND c_asigna='300677' [1][0] OK
C:[31/05/2013 20:35:53.89][190.37.115.57][1566] SELECT horas_lab FROM tblaca008 WHERE c_asigna='355692' AND horas_teoricas > 0 [1][0] OK
C:[31/05/2013 20:35:53.00][190.37.115.57][1600] SELECT sum(u_creditos*1) FROM dace006 a, tblaca009 b WHERE a.exp_e='09-20645214' AND a.lapso='2013-1' AND b.pensum='5' AND b.c_uni_ca='5' AND status IN ('7','A','2') AND a.c_asigna=b.c_asigna  [1][0] OK
C:[31/05/2013 20:35:53.38][190.37.115.57][1619] SELECT sum(u_creditos*1) FROM dace006 a, tblaca009 b WHERE a.exp_e='09-20645214' AND a.lapso='2013-1' AND b.pensum='5' AND b.c_uni_ca='5' AND status IN ('7','A','2') AND a.c_asigna=b.c_asigna AND a.c_asigna IN ('355721','355722','355723','300677') [1][0] OK
C:[31/05/2013 20:35:53.75][190.37.115.57][1635] SELECT MAX(semestre) FROM dace006 a, tblaca009 b WHERE a.exp_e='09-20645214' AND a.lapso='2013-1' AND b.pensum='5' AND b.c_uni_ca='5' AND status IN ('7','A','2') AND a.c_asigna=b.c_asigna  [1][0] OK
C:[31/05/2013 20:35:53.13][190.37.115.57][1655] SELECT MIN(semestre) FROM dace006 a, tblaca009 b WHERE a.exp_e='09-20645214' AND a.lapso='2013-1' AND b.pensum='5' AND b.c_uni_ca='5' AND status IN ('7','A','2') AND a.c_asigna=b.c_asigna AND a.c_asigna IN ('355692') [1][0] OK
C:[31/05/2013 23:26:30.63][190.37.164.78][1392] SELECT pre_cod_asig1,pre_cod_asig2,pre_cod_asig3,pre_cod_asig4,pre_cod_asig5,pre_cod_asig6,pre_cod_asig7 FROM tblaca009 WHERE pensum='5' AND c_uni_ca='5' AND c_asigna='355572' [1][0] OK
C:[31/05/2013 23:26:30.63][190.37.164.78][1405] SELECT c_asigna FROM dace004 WHERE exp_e='10-20887087' AND c_asigna='300428' AND status IN ('0','3','B') [1][0] OK
C:[31/05/2013 23:26:30.63][190.37.164.78][1392] SELECT pre_cod_asig1,pre_cod_asig2,pre_cod_asig3,pre_cod_asig4,pre_cod_asig5,pre_cod_asig6,pre_cod_asig7 FROM tblaca009 WHERE pensum='5' AND c_uni_ca='5' AND c_asigna='300313' [1][0] OK
C:[31/05/2013 23:26:30.63][190.37.164.78][1405] SELECT c_asigna FROM dace004 WHERE exp_e='10-20887087' AND c_asigna='300213' AND status IN ('0','3','B') [1][0] OK
C:[31/05/2013 23:26:30.63][190.37.164.78][1405] SELECT c_asigna FROM dace004 WHERE exp_e='10-20887087' AND c_asigna='300226' AND status IN ('0','3','B') [1][0] OK
C:[31/05/2013 23:26:30.63][190.37.164.78][1405] SELECT c_asigna FROM dace004 WHERE exp_e='10-20887087' AND c_asigna='300222' AND status IN ('0','3','B') [1][0] OK
C:[31/05/2013 23:26:30.63][190.37.164.78][1405] SELECT c_asigna FROM dace004 WHERE exp_e='10-20887087' AND c_asigna='300209' AND status IN ('0','3','B') [1][0] OK
C:[31/05/2013 23:26:30.63][190.37.164.78][1392] SELECT pre_cod_asig1,pre_cod_asig2,pre_cod_asig3,pre_cod_asig4,pre_cod_asig5,pre_cod_asig6,pre_cod_asig7 FROM tblaca009 WHERE pensum='5' AND c_uni_ca='5' AND c_asigna='300318' [1][0] OK
C:[31/05/2013 23:26:30.63][190.37.164.78][1405] SELECT c_asigna FROM dace004 WHERE exp_e='10-20887087' AND c_asigna='300228' AND status IN ('0','3','B') [1][0] OK
C:[31/05/2013 23:26:30.63][190.37.164.78][1405] SELECT c_asigna FROM dace004 WHERE exp_e='10-20887087' AND c_asigna='300207' AND status IN ('0','3','B') [1][0] OK
C:[31/05/2013 23:26:30.63][190.37.164.78][1405] SELECT c_asigna FROM dace004 WHERE exp_e='10-20887087' AND c_asigna='300218' AND status IN ('0','3','B') [1][0] OK
C:[31/05/2013 23:26:30.63][190.37.164.78][1392] SELECT pre_cod_asig1,pre_cod_asig2,pre_cod_asig3,pre_cod_asig4,pre_cod_asig5,pre_cod_asig6,pre_cod_asig7 FROM tblaca009 WHERE pensum='5' AND c_uni_ca='5' AND c_asigna='351330' [1][0] OK
C:[31/05/2013 23:26:30.63][190.37.164.78][1405] SELECT c_asigna FROM dace004 WHERE exp_e='10-20887087' AND c_asigna='300218' AND status IN ('0','3','B') [1][0] OK
C:[31/05/2013 23:26:30.63][190.37.164.78][1392] SELECT pre_cod_asig1,pre_cod_asig2,pre_cod_asig3,pre_cod_asig4,pre_cod_asig5,pre_cod_asig6,pre_cod_asig7 FROM tblaca009 WHERE pensum='5' AND c_uni_ca='5' AND c_asigna='355350' [1][0] OK
C:[31/05/2013 23:26:30.63][190.37.164.78][1405] SELECT c_asigna FROM dace004 WHERE exp_e='10-20887087' AND c_asigna='300207' AND status IN ('0','3','B') [1][0] OK
C:[31/05/2013 23:26:30.63][190.37.164.78][1405] SELECT c_asigna FROM dace004 WHERE exp_e='10-20887087' AND c_asigna='300228' AND status IN ('0','3','B') [1][0] OK
C:[31/05/2013 23:26:31.63][190.37.164.78][1436] SELECT par_cod_asig1,par_cod_asig2,par_cod_asig3 FROM tblaca009 WHERE pensum='5' AND c_uni_ca='5' AND c_asigna='355572' [1][0] OK
C:[31/05/2013 23:26:31.63][190.37.164.78][1436] SELECT par_cod_asig1,par_cod_asig2,par_cod_asig3 FROM tblaca009 WHERE pensum='5' AND c_uni_ca='5' AND c_asigna='300313' [1][0] OK
C:[31/05/2013 23:26:31.63][190.37.164.78][1436] SELECT par_cod_asig1,par_cod_asig2,par_cod_asig3 FROM tblaca009 WHERE pensum='5' AND c_uni_ca='5' AND c_asigna='300318' [1][0] OK
C:[31/05/2013 23:26:31.63][190.37.164.78][1436] SELECT par_cod_asig1,par_cod_asig2,par_cod_asig3 FROM tblaca009 WHERE pensum='5' AND c_uni_ca='5' AND c_asigna='351330' [1][0] OK
C:[31/05/2013 23:26:31.63][190.37.164.78][1450] SELECT c_asigna FROM dace004 WHERE exp_e='10-20887087' AND c_asigna='300318' AND status IN ('0','3','B','C') [0][0] OK
C:[31/05/2013 23:26:31.63][190.37.164.78][1450] SELECT c_asigna FROM dace004 WHERE exp_e='10-20887087' AND c_asigna='300317' AND status IN ('0','3','B','C') [1][0] OK
C:[31/05/2013 23:26:31.63][190.37.164.78][1436] SELECT par_cod_asig1,par_cod_asig2,par_cod_asig3 FROM tblaca009 WHERE pensum='5' AND c_uni_ca='5' AND c_asigna='355350' [1][0] OK
C:[31/05/2013 23:26:31.52][190.37.164.78][1566] SELECT horas_lab FROM tblaca008 WHERE c_asigna='355572' AND horas_teoricas > 0 [1][0] OK
C:[31/05/2013 23:26:31.63][190.37.164.78][1600] SELECT sum(u_creditos*1) FROM dace006 a, tblaca009 b WHERE a.exp_e='10-20887087' AND a.lapso='2013-1' AND b.pensum='5' AND b.c_uni_ca='5' AND status IN ('7','A','2') AND a.c_asigna=b.c_asigna  [1][0] OK
C:[31/05/2013 23:26:31.26][190.37.164.78][1619] SELECT sum(u_creditos*1) FROM dace006 a, tblaca009 b WHERE a.exp_e='10-20887087' AND a.lapso='2013-1' AND b.pensum='5' AND b.c_uni_ca='5' AND status IN ('7','A','2') AND a.c_asigna=b.c_asigna AND a.c_asigna IN ('300313','300318','351330','355350') [1][0] OK
C:[31/05/2013 23:26:31.88][190.37.164.78][1635] SELECT MAX(semestre) FROM dace006 a, tblaca009 b WHERE a.exp_e='10-20887087' AND a.lapso='2013-1' AND b.pensum='5' AND b.c_uni_ca='5' AND status IN ('7','A','2') AND a.c_asigna=b.c_asigna  [1][0] OK
C:[31/05/2013 23:26:31.69][190.37.164.78][1655] SELECT MIN(semestre) FROM dace006 a, tblaca009 b WHERE a.exp_e='10-20887087' AND a.lapso='2013-1' AND b.pensum='5' AND b.c_uni_ca='5' AND status IN ('7','A','2') AND a.c_asigna=b.c_asigna AND a.c_asigna IN ('355572') [1][0] OK
C:[01/06/2013 16:25:47.66][181.184.0.132][1392] SELECT pre_cod_asig1,pre_cod_asig2,pre_cod_asig3,pre_cod_asig4,pre_cod_asig5,pre_cod_asig6,pre_cod_asig7 FROM tblaca009 WHERE pensum='5' AND c_uni_ca='2' AND c_asigna='322449' [1][0] OK
C:[01/06/2013 16:25:47.66][181.184.0.132][1405] SELECT c_asigna FROM dace004 WHERE exp_e='12-26154145' AND c_asigna='300222' AND status IN ('0','3','B') [1][0] OK
C:[01/06/2013 16:25:47.66][181.184.0.132][1392] SELECT pre_cod_asig1,pre_cod_asig2,pre_cod_asig3,pre_cod_asig4,pre_cod_asig5,pre_cod_asig6,pre_cod_asig7 FROM tblaca009 WHERE pensum='5' AND c_uni_ca='2' AND c_asigna='300116' [1][0] OK
C:[01/06/2013 16:25:47.66][181.184.0.132][1392] SELECT pre_cod_asig1,pre_cod_asig2,pre_cod_asig3,pre_cod_asig4,pre_cod_asig5,pre_cod_asig6,pre_cod_asig7 FROM tblaca009 WHERE pensum='5' AND c_uni_ca='2' AND c_asigna='300207' [1][0] OK
C:[01/06/2013 16:25:47.66][181.184.0.132][1405] SELECT c_asigna FROM dace004 WHERE exp_e='12-26154145' AND c_asigna='300101' AND status IN ('0','3','B') [1][0] OK
C:[01/06/2013 16:25:47.66][181.184.0.132][1392] SELECT pre_cod_asig1,pre_cod_asig2,pre_cod_asig3,pre_cod_asig4,pre_cod_asig5,pre_cod_asig6,pre_cod_asig7 FROM tblaca009 WHERE pensum='5' AND c_uni_ca='2' AND c_asigna='300209' [1][0] OK
C:[01/06/2013 16:25:47.66][181.184.0.132][1405] SELECT c_asigna FROM dace004 WHERE exp_e='12-26154145' AND c_asigna='300101' AND status IN ('0','3','B') [1][0] OK
C:[01/06/2013 16:25:47.66][181.184.0.132][1392] SELECT pre_cod_asig1,pre_cod_asig2,pre_cod_asig3,pre_cod_asig4,pre_cod_asig5,pre_cod_asig6,pre_cod_asig7 FROM tblaca009 WHERE pensum='5' AND c_uni_ca='2' AND c_asigna='300218' [1][0] OK
C:[01/06/2013 16:25:47.66][181.184.0.132][1405] SELECT c_asigna FROM dace004 WHERE exp_e='12-26154145' AND c_asigna='300101' AND status IN ('0','3','B') [1][0] OK
C:[01/06/2013 16:25:47.66][181.184.0.132][1392] SELECT pre_cod_asig1,pre_cod_asig2,pre_cod_asig3,pre_cod_asig4,pre_cod_asig5,pre_cod_asig6,pre_cod_asig7 FROM tblaca009 WHERE pensum='5' AND c_uni_ca='2' AND c_asigna='300228' [1][0] OK
C:[01/06/2013 16:25:47.66][181.184.0.132][1405] SELECT c_asigna FROM dace004 WHERE exp_e='12-26154145' AND c_asigna='300101' AND status IN ('0','3','B') [1][0] OK
C:[01/06/2013 16:25:47.60][181.184.0.132][1436] SELECT par_cod_asig1,par_cod_asig2,par_cod_asig3 FROM tblaca009 WHERE pensum='5' AND c_uni_ca='2' AND c_asigna='322449' [1][0] OK
C:[01/06/2013 16:25:47.60][181.184.0.132][1436] SELECT par_cod_asig1,par_cod_asig2,par_cod_asig3 FROM tblaca009 WHERE pensum='5' AND c_uni_ca='2' AND c_asigna='300116' [1][0] OK
C:[01/06/2013 16:25:47.60][181.184.0.132][1436] SELECT par_cod_asig1,par_cod_asig2,par_cod_asig3 FROM tblaca009 WHERE pensum='5' AND c_uni_ca='2' AND c_asigna='300207' [1][0] OK
C:[01/06/2013 16:25:47.60][181.184.0.132][1436] SELECT par_cod_asig1,par_cod_asig2,par_cod_asig3 FROM tblaca009 WHERE pensum='5' AND c_uni_ca='2' AND c_asigna='300209' [1][0] OK
C:[01/06/2013 16:25:47.60][181.184.0.132][1436] SELECT par_cod_asig1,par_cod_asig2,par_cod_asig3 FROM tblaca009 WHERE pensum='5' AND c_uni_ca='2' AND c_asigna='300218' [1][0] OK
C:[01/06/2013 16:25:47.60][181.184.0.132][1450] SELECT c_asigna FROM dace004 WHERE exp_e='12-26154145' AND c_asigna='300228' AND status IN ('0','3','B','C') [0][0] OK
C:[01/06/2013 16:25:47.60][181.184.0.132][1436] SELECT par_cod_asig1,par_cod_asig2,par_cod_asig3 FROM tblaca009 WHERE pensum='5' AND c_uni_ca='2' AND c_asigna='300228' [1][0] OK
C:[01/06/2013 16:25:47.48][181.184.0.132][1566] SELECT horas_lab FROM tblaca008 WHERE c_asigna='322449' AND horas_teoricas > 0 [1][0] OK
C:[01/06/2013 16:25:47.61][181.184.0.132][1600] SELECT sum(u_creditos*1) FROM dace006 a, tblaca009 b WHERE a.exp_e='12-26154145' AND a.lapso='2013-1' AND b.pensum='5' AND b.c_uni_ca='2' AND status IN ('7','A','2') AND a.c_asigna=b.c_asigna  [1][0] OK
C:[01/06/2013 16:25:47.97][181.184.0.132][1619] SELECT sum(u_creditos*1) FROM dace006 a, tblaca009 b WHERE a.exp_e='12-26154145' AND a.lapso='2013-1' AND b.pensum='5' AND b.c_uni_ca='2' AND status IN ('7','A','2') AND a.c_asigna=b.c_asigna AND a.c_asigna IN ('300116','300207','300209','300218','300228') [1][0] OK
C:[01/06/2013 16:25:47.91][181.184.0.132][1635] SELECT MAX(semestre) FROM dace006 a, tblaca009 b WHERE a.exp_e='12-26154145' AND a.lapso='2013-1' AND b.pensum='5' AND b.c_uni_ca='2' AND status IN ('7','A','2') AND a.c_asigna=b.c_asigna  [1][0] OK
C:[01/06/2013 16:25:48.28][181.184.0.132][1655] SELECT MIN(semestre) FROM dace006 a, tblaca009 b WHERE a.exp_e='12-26154145' AND a.lapso='2013-1' AND b.pensum='5' AND b.c_uni_ca='2' AND status IN ('7','A','2') AND a.c_asigna=b.c_asigna AND a.c_asigna IN ('322449') [1][0] OK
C:[01/06/2013 21:10:10.17][186.90.60.195][1392] SELECT pre_cod_asig1,pre_cod_asig2,pre_cod_asig3,pre_cod_asig4,pre_cod_asig5,pre_cod_asig6,pre_cod_asig7 FROM tblaca009 WHERE pensum='5' AND c_uni_ca='6' AND c_asigna='344687' [1][0] OK
C:[01/06/2013 21:10:10.17][186.90.60.195][1405] SELECT c_asigna FROM dace004 WHERE exp_e='08-20805180' AND c_asigna='344565' AND status IN ('0','3','B') [1][0] OK
C:[01/06/2013 21:10:10.17][186.90.60.195][1392] SELECT pre_cod_asig1,pre_cod_asig2,pre_cod_asig3,pre_cod_asig4,pre_cod_asig5,pre_cod_asig6,pre_cod_asig7 FROM tblaca009 WHERE pensum='5' AND c_uni_ca='6' AND c_asigna='342679' [1][0] OK
C:[01/06/2013 21:10:10.17][186.90.60.195][1405] SELECT c_asigna FROM dace004 WHERE exp_e='08-20805180' AND c_asigna='342567' AND status IN ('0','3','B') [1][0] OK
C:[01/06/2013 21:10:10.17][186.90.60.195][1392] SELECT pre_cod_asig1,pre_cod_asig2,pre_cod_asig3,pre_cod_asig4,pre_cod_asig5,pre_cod_asig6,pre_cod_asig7 FROM tblaca009 WHERE pensum='5' AND c_uni_ca='6' AND c_asigna='344613' [1][0] OK
C:[01/06/2013 21:10:10.17][186.90.60.195][1405] SELECT c_asigna FROM dace004 WHERE exp_e='08-20805180' AND c_asigna='344566' AND status IN ('0','3','B') [1][0] OK
C:[01/06/2013 21:10:10.17][186.90.60.195][1405] SELECT c_asigna FROM dace004 WHERE exp_e='08-20805180' AND c_asigna='300209' AND status IN ('0','3','B') [1][0] OK
C:[01/06/2013 21:10:10.17][186.90.60.195][1405] SELECT c_asigna FROM dace004 WHERE exp_e='08-20805180' AND c_asigna='300222' AND status IN ('0','3','B') [1][0] OK
C:[01/06/2013 21:10:10.17][186.90.60.195][1405] SELECT c_asigna FROM dace004 WHERE exp_e='08-20805180' AND c_asigna='300226' AND status IN ('0','3','B') [1][0] OK
C:[01/06/2013 21:10:10.17][186.90.60.195][1405] SELECT c_asigna FROM dace004 WHERE exp_e='08-20805180' AND c_asigna='300313' AND status IN ('0','3','B') [1][0] OK
C:[01/06/2013 21:10:10.17][186.90.60.195][1405] SELECT c_asigna FROM dace004 WHERE exp_e='08-20805180' AND c_asigna='300428' AND status IN ('0','3','B') [1][0] OK
C:[01/06/2013 21:10:10.17][186.90.60.195][1405] SELECT c_asigna FROM dace004 WHERE exp_e='08-20805180' AND c_asigna='300317' AND status IN ('0','3','B') [1][0] OK
C:[01/06/2013 21:10:10.17][186.90.60.195][1392] SELECT pre_cod_asig1,pre_cod_asig2,pre_cod_asig3,pre_cod_asig4,pre_cod_asig5,pre_cod_asig6,pre_cod_asig7 FROM tblaca009 WHERE pensum='5' AND c_uni_ca='6' AND c_asigna='344688' [1][0] OK
C:[01/06/2013 21:10:10.17][186.90.60.195][1405] SELECT c_asigna FROM dace004 WHERE exp_e='08-20805180' AND c_asigna='342567' AND status IN ('0','3','B') [1][0] OK
C:[01/06/2013 21:10:10.17][186.90.60.195][1405] SELECT c_asigna FROM dace004 WHERE exp_e='08-20805180' AND c_asigna='344565' AND status IN ('0','3','B') [1][0] OK
C:[01/06/2013 21:10:10.17][186.90.60.195][1392] SELECT pre_cod_asig1,pre_cod_asig2,pre_cod_asig3,pre_cod_asig4,pre_cod_asig5,pre_cod_asig6,pre_cod_asig7 FROM tblaca009 WHERE pensum='5' AND c_uni_ca='6' AND c_asigna='344689' [1][0] OK
C:[01/06/2013 21:10:10.17][186.90.60.195][1405] SELECT c_asigna FROM dace004 WHERE exp_e='08-20805180' AND c_asigna='344566' AND status IN ('0','3','B') [1][0] OK
C:[01/06/2013 21:10:10.17][186.90.60.195][1405] SELECT c_asigna FROM dace004 WHERE exp_e='08-20805180' AND c_asigna='300313' AND status IN ('0','3','B') [1][0] OK
C:[01/06/2013 21:10:10.42][186.90.60.195][1436] SELECT par_cod_asig1,par_cod_asig2,par_cod_asig3 FROM tblaca009 WHERE pensum='5' AND c_uni_ca='6' AND c_asigna='344687' [1][0] OK
C:[01/06/2013 21:10:10.42][186.90.60.195][1436] SELECT par_cod_asig1,par_cod_asig2,par_cod_asig3 FROM tblaca009 WHERE pensum='5' AND c_uni_ca='6' AND c_asigna='342679' [1][0] OK
C:[01/06/2013 21:10:10.42][186.90.60.195][1436] SELECT par_cod_asig1,par_cod_asig2,par_cod_asig3 FROM tblaca009 WHERE pensum='5' AND c_uni_ca='6' AND c_asigna='344613' [1][0] OK
C:[01/06/2013 21:10:10.42][186.90.60.195][1436] SELECT par_cod_asig1,par_cod_asig2,par_cod_asig3 FROM tblaca009 WHERE pensum='5' AND c_uni_ca='6' AND c_asigna='344688' [1][0] OK
C:[01/06/2013 21:10:10.42][186.90.60.195][1436] SELECT par_cod_asig1,par_cod_asig2,par_cod_asig3 FROM tblaca009 WHERE pensum='5' AND c_uni_ca='6' AND c_asigna='344689' [1][0] OK
C:[01/06/2013 21:10:10.05][186.90.60.195][1566] SELECT horas_lab FROM tblaca008 WHERE c_asigna='344687' AND horas_teoricas > 0 [1][0] OK
C:[01/06/2013 21:10:10.17][186.90.60.195][1600] SELECT sum(u_creditos*1) FROM dace006 a, tblaca009 b WHERE a.exp_e='08-20805180' AND a.lapso='2013-1' AND b.pensum='5' AND b.c_uni_ca='6' AND status IN ('7','A','2') AND a.c_asigna=b.c_asigna  [1][0] OK
C:[01/06/2013 21:10:10.56][186.90.60.195][1619] SELECT sum(u_creditos*1) FROM dace006 a, tblaca009 b WHERE a.exp_e='08-20805180' AND a.lapso='2013-1' AND b.pensum='5' AND b.c_uni_ca='6' AND status IN ('7','A','2') AND a.c_asigna=b.c_asigna AND a.c_asigna IN ('342679','344613','344688','344689') [1][0] OK
C:[01/06/2013 21:10:11.92][186.90.60.195][1635] SELECT MAX(semestre) FROM dace006 a, tblaca009 b WHERE a.exp_e='08-20805180' AND a.lapso='2013-1' AND b.pensum='5' AND b.c_uni_ca='6' AND status IN ('7','A','2') AND a.c_asigna=b.c_asigna  [1][0] OK
C:[01/06/2013 21:10:11.29][186.90.60.195][1655] SELECT MIN(semestre) FROM dace006 a, tblaca009 b WHERE a.exp_e='08-20805180' AND a.lapso='2013-1' AND b.pensum='5' AND b.c_uni_ca='6' AND status IN ('7','A','2') AND a.c_asigna=b.c_asigna AND a.c_asigna IN ('344687') [1][0] OK
C:[01/06/2013 22:31:09.50][186.89.159.8][1392] SELECT pre_cod_asig1,pre_cod_asig2,pre_cod_asig3,pre_cod_asig4,pre_cod_asig5,pre_cod_asig6,pre_cod_asig7 FROM tblaca009 WHERE pensum='5' AND c_uni_ca='4' AND c_asigna='300226' [1][0] OK
C:[01/06/2013 22:31:09.50][186.89.159.8][1405] SELECT c_asigna FROM dace004 WHERE exp_e='08-16164359' AND c_asigna='300116' AND status IN ('0','3','B') [1][0] OK
C:[01/06/2013 22:31:09.50][186.89.159.8][1392] SELECT pre_cod_asig1,pre_cod_asig2,pre_cod_asig3,pre_cod_asig4,pre_cod_asig5,pre_cod_asig6,pre_cod_asig7 FROM tblaca009 WHERE pensum='5' AND c_uni_ca='4' AND c_asigna='300317' [1][0] OK
C:[01/06/2013 22:31:09.50][186.89.159.8][1405] SELECT c_asigna FROM dace004 WHERE exp_e='08-16164359' AND c_asigna='300207' AND status IN ('0','3','B') [1][0] OK
C:[01/06/2013 22:31:09.50][186.89.159.8][1405] SELECT c_asigna FROM dace004 WHERE exp_e='08-16164359' AND c_asigna='300209' AND status IN ('0','3','B') [1][0] OK
C:[01/06/2013 22:31:10.12][186.89.159.8][1436] SELECT par_cod_asig1,par_cod_asig2,par_cod_asig3 FROM tblaca009 WHERE pensum='5' AND c_uni_ca='4' AND c_asigna='300226' [1][0] OK
C:[01/06/2013 22:31:10.12][186.89.159.8][1436] SELECT par_cod_asig1,par_cod_asig2,par_cod_asig3 FROM tblaca009 WHERE pensum='5' AND c_uni_ca='4' AND c_asigna='300317' [1][0] OK
C:[01/06/2013 22:31:10.39][186.89.159.8][1600] SELECT sum(u_creditos*1) FROM dace006 a, tblaca009 b WHERE a.exp_e='08-16164359' AND a.lapso='2013-1' AND b.pensum='5' AND b.c_uni_ca='4' AND status IN ('7','A','2') AND a.c_asigna=b.c_asigna  [1][0] OK
C:[01/06/2013 22:31:10.75][186.89.159.8][1619] SELECT sum(u_creditos*1) FROM dace006 a, tblaca009 b WHERE a.exp_e='08-16164359' AND a.lapso='2013-1' AND b.pensum='5' AND b.c_uni_ca='4' AND status IN ('7','A','2') AND a.c_asigna=b.c_asigna AND a.c_asigna IN ('300226','300317') [1][0] OK
C:[01/06/2013 22:31:10.12][186.89.159.8][1635] SELECT MAX(semestre) FROM dace006 a, tblaca009 b WHERE a.exp_e='08-16164359' AND a.lapso='2013-1' AND b.pensum='5' AND b.c_uni_ca='4' AND status IN ('7','A','2') AND a.c_asigna=b.c_asigna  [1][0] OK
C:[02/06/2013 00:42:42.09][190.74.178.104][1392] SELECT pre_cod_asig1,pre_cod_asig2,pre_cod_asig3,pre_cod_asig4,pre_cod_asig5,pre_cod_asig6,pre_cod_asig7 FROM tblaca009 WHERE pensum='5' AND c_uni_ca='4' AND c_asigna='333440' [1][0] OK
C:[02/06/2013 00:42:42.09][190.74.178.104][1405] SELECT c_asigna FROM dace004 WHERE exp_e='05-16253185' AND c_asigna='300317' AND status IN ('0','3','B') [1][0] OK
C:[02/06/2013 00:42:42.09][190.74.178.104][1405] SELECT c_asigna FROM dace004 WHERE exp_e='05-16253185' AND c_asigna='330310' AND status IN ('0','3','B') [1][0] OK
C:[02/06/2013 00:42:42.09][190.74.178.104][1405] SELECT c_asigna FROM dace004 WHERE exp_e='05-16253185' AND c_asigna='300209' AND status IN ('0','3','B') [1][0] OK
C:[02/06/2013 00:42:42.09][190.74.178.104][1392] SELECT pre_cod_asig1,pre_cod_asig2,pre_cod_asig3,pre_cod_asig4,pre_cod_asig5,pre_cod_asig6,pre_cod_asig7 FROM tblaca009 WHERE pensum='5' AND c_uni_ca='4' AND c_asigna='300213' [1][0] OK
C:[02/06/2013 00:42:42.09][190.74.178.104][1405] SELECT c_asigna FROM dace004 WHERE exp_e='05-16253185' AND c_asigna='300101' AND status IN ('0','3','B') [1][0] OK
C:[02/06/2013 00:42:42.09][190.74.178.104][1392] SELECT pre_cod_asig1,pre_cod_asig2,pre_cod_asig3,pre_cod_asig4,pre_cod_asig5,pre_cod_asig6,pre_cod_asig7 FROM tblaca009 WHERE pensum='5' AND c_uni_ca='4' AND c_asigna='333441' [1][0] OK
C:[02/06/2013 00:42:42.09][190.74.178.104][1405] SELECT c_asigna FROM dace004 WHERE exp_e='05-16253185' AND c_asigna='333326' AND status IN ('0','3','B') [1][0] OK
C:[02/06/2013 00:42:42.09][190.74.178.104][1405] SELECT c_asigna FROM dace004 WHERE exp_e='05-16253185' AND c_asigna='300317' AND status IN ('0','3','B') [1][0] OK
C:[02/06/2013 00:42:42.09][190.74.178.104][1405] SELECT c_asigna FROM dace004 WHERE exp_e='05-16253185' AND c_asigna='300209' AND status IN ('0','3','B') [1][0] OK
C:[02/06/2013 00:42:42.09][190.74.178.104][1392] SELECT pre_cod_asig1,pre_cod_asig2,pre_cod_asig3,pre_cod_asig4,pre_cod_asig5,pre_cod_asig6,pre_cod_asig7 FROM tblaca009 WHERE pensum='5' AND c_uni_ca='4' AND c_asigna='333442' [1][0] OK
C:[02/06/2013 00:42:42.09][190.74.178.104][1405] SELECT c_asigna FROM dace004 WHERE exp_e='05-16253185' AND c_asigna='330310' AND status IN ('0','3','B') [1][0] OK
C:[02/06/2013 00:42:42.09][190.74.178.104][1405] SELECT c_asigna FROM dace004 WHERE exp_e='05-16253185' AND c_asigna='333326' AND status IN ('0','3','B') [1][0] OK
C:[02/06/2013 00:42:42.72][190.74.178.104][1436] SELECT par_cod_asig1,par_cod_asig2,par_cod_asig3 FROM tblaca009 WHERE pensum='5' AND c_uni_ca='4' AND c_asigna='333440' [1][0] OK
C:[02/06/2013 00:42:42.72][190.74.178.104][1450] SELECT c_asigna FROM dace004 WHERE exp_e='05-16253185' AND c_asigna='333441' AND status IN ('0','3','B','C') [0][0] OK
C:[02/06/2013 00:42:42.72][190.74.178.104][1436] SELECT par_cod_asig1,par_cod_asig2,par_cod_asig3 FROM tblaca009 WHERE pensum='5' AND c_uni_ca='4' AND c_asigna='300213' [1][0] OK
C:[02/06/2013 00:42:42.72][190.74.178.104][1450] SELECT c_asigna FROM dace004 WHERE exp_e='05-16253185' AND c_asigna='300209' AND status IN ('0','3','B','C') [1][0] OK
C:[02/06/2013 00:42:42.72][190.74.178.104][1436] SELECT par_cod_asig1,par_cod_asig2,par_cod_asig3 FROM tblaca009 WHERE pensum='5' AND c_uni_ca='4' AND c_asigna='333441' [1][0] OK
C:[02/06/2013 00:42:42.72][190.74.178.104][1436] SELECT par_cod_asig1,par_cod_asig2,par_cod_asig3 FROM tblaca009 WHERE pensum='5' AND c_uni_ca='4' AND c_asigna='333442' [1][0] OK
C:[02/06/2013 00:42:42.48][190.74.178.104][1566] SELECT horas_lab FROM tblaca008 WHERE c_asigna='333440' AND horas_teoricas > 0 [1][0] OK
C:[02/06/2013 00:42:42.59][190.74.178.104][1600] SELECT sum(u_creditos*1) FROM dace006 a, tblaca009 b WHERE a.exp_e='05-16253185' AND a.lapso='2013-1' AND b.pensum='5' AND b.c_uni_ca='4' AND status IN ('7','A','2') AND a.c_asigna=b.c_asigna  [1][0] OK
C:[02/06/2013 00:42:43.97][190.74.178.104][1619] SELECT sum(u_creditos*1) FROM dace006 a, tblaca009 b WHERE a.exp_e='05-16253185' AND a.lapso='2013-1' AND b.pensum='5' AND b.c_uni_ca='4' AND status IN ('7','A','2') AND a.c_asigna=b.c_asigna AND a.c_asigna IN ('300213','333441','333442') [1][0] OK
C:[02/06/2013 00:42:43.34][190.74.178.104][1635] SELECT MAX(semestre) FROM dace006 a, tblaca009 b WHERE a.exp_e='05-16253185' AND a.lapso='2013-1' AND b.pensum='5' AND b.c_uni_ca='4' AND status IN ('7','A','2') AND a.c_asigna=b.c_asigna  [1][0] OK
C:[02/06/2013 00:42:43.72][190.74.178.104][1655] SELECT MIN(semestre) FROM dace006 a, tblaca009 b WHERE a.exp_e='05-16253185' AND a.lapso='2013-1' AND b.pensum='5' AND b.c_uni_ca='4' AND status IN ('7','A','2') AND a.c_asigna=b.c_asigna AND a.c_asigna IN ('333440') [1][0] OK
C:[02/06/2013 17:38:19.99][190.206.33.225][1392] SELECT pre_cod_asig1,pre_cod_asig2,pre_cod_asig3,pre_cod_asig4,pre_cod_asig5,pre_cod_asig6,pre_cod_asig7 FROM tblaca009 WHERE pensum='5' AND c_uni_ca='2' AND c_asigna='300112' [1][0] OK
C:[02/06/2013 17:38:19.99][190.206.33.225][1392] SELECT pre_cod_asig1,pre_cod_asig2,pre_cod_asig3,pre_cod_asig4,pre_cod_asig5,pre_cod_asig6,pre_cod_asig7 FROM tblaca009 WHERE pensum='5' AND c_uni_ca='2' AND c_asigna='300101' [1][0] OK
C:[02/06/2013 17:38:19.99][190.206.33.225][1392] SELECT pre_cod_asig1,pre_cod_asig2,pre_cod_asig3,pre_cod_asig4,pre_cod_asig5,pre_cod_asig6,pre_cod_asig7 FROM tblaca009 WHERE pensum='5' AND c_uni_ca='2' AND c_asigna='300113' [1][0] OK
C:[02/06/2013 17:38:19.99][190.206.33.225][1392] SELECT pre_cod_asig1,pre_cod_asig2,pre_cod_asig3,pre_cod_asig4,pre_cod_asig5,pre_cod_asig6,pre_cod_asig7 FROM tblaca009 WHERE pensum='5' AND c_uni_ca='2' AND c_asigna='300013' [1][0] OK
C:[02/06/2013 17:38:19.99][190.206.33.225][1392] SELECT pre_cod_asig1,pre_cod_asig2,pre_cod_asig3,pre_cod_asig4,pre_cod_asig5,pre_cod_asig6,pre_cod_asig7 FROM tblaca009 WHERE pensum='5' AND c_uni_ca='2' AND c_asigna='300116' [1][0] OK
C:[02/06/2013 17:38:20.18][190.206.33.225][1436] SELECT par_cod_asig1,par_cod_asig2,par_cod_asig3 FROM tblaca009 WHERE pensum='5' AND c_uni_ca='2' AND c_asigna='300112' [1][0] OK
C:[02/06/2013 17:38:20.18][190.206.33.225][1436] SELECT par_cod_asig1,par_cod_asig2,par_cod_asig3 FROM tblaca009 WHERE pensum='5' AND c_uni_ca='2' AND c_asigna='300101' [1][0] OK
C:[02/06/2013 17:38:20.18][190.206.33.225][1436] SELECT par_cod_asig1,par_cod_asig2,par_cod_asig3 FROM tblaca009 WHERE pensum='5' AND c_uni_ca='2' AND c_asigna='300113' [1][0] OK
C:[02/06/2013 17:38:20.18][190.206.33.225][1450] SELECT c_asigna FROM dace004 WHERE exp_e='12-25036417' AND c_asigna='300013' AND status IN ('0','3','B','C') [0][0] OK
C:[02/06/2013 17:38:20.18][190.206.33.225][1436] SELECT par_cod_asig1,par_cod_asig2,par_cod_asig3 FROM tblaca009 WHERE pensum='5' AND c_uni_ca='2' AND c_asigna='300013' [1][0] OK
C:[02/06/2013 17:38:20.18][190.206.33.225][1436] SELECT par_cod_asig1,par_cod_asig2,par_cod_asig3 FROM tblaca009 WHERE pensum='5' AND c_uni_ca='2' AND c_asigna='300116' [1][0] OK
C:[02/06/2013 17:38:20.94][190.206.33.225][1566] SELECT horas_lab FROM tblaca008 WHERE c_asigna='300112' AND horas_teoricas > 0 [1][0] OK
C:[02/06/2013 17:38:20.05][190.206.33.225][1600] SELECT sum(u_creditos*1) FROM dace006 a, tblaca009 b WHERE a.exp_e='12-25036417' AND a.lapso='2013-1' AND b.pensum='5' AND b.c_uni_ca='2' AND status IN ('7','A','2') AND a.c_asigna=b.c_asigna  [1][0] OK
C:[02/06/2013 17:38:20.99][190.206.33.225][1619] SELECT sum(u_creditos*1) FROM dace006 a, tblaca009 b WHERE a.exp_e='12-25036417' AND a.lapso='2013-1' AND b.pensum='5' AND b.c_uni_ca='2' AND status IN ('7','A','2') AND a.c_asigna=b.c_asigna AND a.c_asigna IN ('300101','300113','300013','300116') [1][0] OK
C:[02/06/2013 17:38:20.93][190.206.33.225][1635] SELECT MAX(semestre) FROM dace006 a, tblaca009 b WHERE a.exp_e='12-25036417' AND a.lapso='2013-1' AND b.pensum='5' AND b.c_uni_ca='2' AND status IN ('7','A','2') AND a.c_asigna=b.c_asigna  [1][0] OK
C:[02/06/2013 17:38:20.30][190.206.33.225][1655] SELECT MIN(semestre) FROM dace006 a, tblaca009 b WHERE a.exp_e='12-25036417' AND a.lapso='2013-1' AND b.pensum='5' AND b.c_uni_ca='2' AND status IN ('7','A','2') AND a.c_asigna=b.c_asigna AND a.c_asigna IN ('300112') [1][0] OK
C:[02/06/2013 19:36:04.11][190.60.50.67][1392] SELECT pre_cod_asig1,pre_cod_asig2,pre_cod_asig3,pre_cod_asig4,pre_cod_asig5,pre_cod_asig6,pre_cod_asig7 FROM tblaca009 WHERE pensum='5' AND c_uni_ca='3' AND c_asigna='311095' [1][0] OK
C:[02/06/2013 19:36:04.11][190.60.50.67][1405] SELECT c_asigna FROM dace004 WHERE exp_e='08-19419203' AND c_asigna='311822' AND status IN ('0','3','B') [1][0] OK
C:[02/06/2013 19:36:04.11][190.60.50.67][1392] SELECT pre_cod_asig1,pre_cod_asig2,pre_cod_asig3,pre_cod_asig4,pre_cod_asig5,pre_cod_asig6,pre_cod_asig7 FROM tblaca009 WHERE pensum='5' AND c_uni_ca='3' AND c_asigna='311094' [1][0] OK
C:[02/06/2013 19:36:04.11][190.60.50.67][1405] SELECT c_asigna FROM dace004 WHERE exp_e='08-19419203' AND c_asigna='311822' AND status IN ('0','3','B') [1][0] OK
C:[02/06/2013 19:36:04.11][190.60.50.67][1405] SELECT c_asigna FROM dace004 WHERE exp_e='08-19419203' AND c_asigna='311823' AND status IN ('0','3','B') [1][0] OK
C:[02/06/2013 19:36:04.11][190.60.50.67][1392] SELECT pre_cod_asig1,pre_cod_asig2,pre_cod_asig3,pre_cod_asig4,pre_cod_asig5,pre_cod_asig6,pre_cod_asig7 FROM tblaca009 WHERE pensum='5' AND c_uni_ca='3' AND c_asigna='311098' [1][0] OK
C:[02/06/2013 19:36:04.11][190.60.50.67][1405] SELECT c_asigna FROM dace004 WHERE exp_e='08-19419203' AND c_asigna='311822' AND status IN ('0','3','B') [1][0] OK
C:[02/06/2013 19:36:04.11][190.60.50.67][1392] SELECT pre_cod_asig1,pre_cod_asig2,pre_cod_asig3,pre_cod_asig4,pre_cod_asig5,pre_cod_asig6,pre_cod_asig7 FROM tblaca009 WHERE pensum='5' AND c_uni_ca='3' AND c_asigna='300226' [1][0] OK
C:[02/06/2013 19:36:04.11][190.60.50.67][1405] SELECT c_asigna FROM dace004 WHERE exp_e='08-19419203' AND c_asigna='300116' AND status IN ('0','3','B') [1][0] OK
C:[02/06/2013 19:36:04.11][190.60.50.67][1392] SELECT pre_cod_asig1,pre_cod_asig2,pre_cod_asig3,pre_cod_asig4,pre_cod_asig5,pre_cod_asig6,pre_cod_asig7 FROM tblaca009 WHERE pensum='5' AND c_uni_ca='3' AND c_asigna='311824' [1][0] OK
C:[02/06/2013 19:36:04.11][190.60.50.67][1405] SELECT c_asigna FROM dace004 WHERE exp_e='08-19419203' AND c_asigna='311796' AND status IN ('0','3','B') [1][0] OK
C:[02/06/2013 19:36:04.11][190.60.50.67][1392] SELECT pre_cod_asig1,pre_cod_asig2,pre_cod_asig3,pre_cod_asig4,pre_cod_asig5,pre_cod_asig6,pre_cod_asig7 FROM tblaca009 WHERE pensum='5' AND c_uni_ca='3' AND c_asigna='311825' [1][0] OK
C:[02/06/2013 19:36:04.11][190.60.50.67][1405] SELECT c_asigna FROM dace004 WHERE exp_e='08-19419203' AND c_asigna='311775' AND status IN ('0','3','B') [1][0] OK
C:[02/06/2013 19:36:04.11][190.60.50.67][1405] SELECT c_asigna FROM dace004 WHERE exp_e='08-19419203' AND c_asigna='311795' AND status IN ('0','3','B') [1][0] OK
C:[02/06/2013 19:36:04.86][190.60.50.67][1436] SELECT par_cod_asig1,par_cod_asig2,par_cod_asig3 FROM tblaca009 WHERE pensum='5' AND c_uni_ca='3' AND c_asigna='311095' [1][0] OK
C:[02/06/2013 19:36:04.86][190.60.50.67][1436] SELECT par_cod_asig1,par_cod_asig2,par_cod_asig3 FROM tblaca009 WHERE pensum='5' AND c_uni_ca='3' AND c_asigna='311094' [1][0] OK
C:[02/06/2013 19:36:04.86][190.60.50.67][1436] SELECT par_cod_asig1,par_cod_asig2,par_cod_asig3 FROM tblaca009 WHERE pensum='5' AND c_uni_ca='3' AND c_asigna='311098' [1][0] OK
C:[02/06/2013 19:36:04.86][190.60.50.67][1436] SELECT par_cod_asig1,par_cod_asig2,par_cod_asig3 FROM tblaca009 WHERE pensum='5' AND c_uni_ca='3' AND c_asigna='300226' [1][0] OK
C:[02/06/2013 19:36:04.86][190.60.50.67][1436] SELECT par_cod_asig1,par_cod_asig2,par_cod_asig3 FROM tblaca009 WHERE pensum='5' AND c_uni_ca='3' AND c_asigna='311824' [1][0] OK
C:[02/06/2013 19:36:04.86][190.60.50.67][1436] SELECT par_cod_asig1,par_cod_asig2,par_cod_asig3 FROM tblaca009 WHERE pensum='5' AND c_uni_ca='3' AND c_asigna='311825' [1][0] OK
C:[02/06/2013 19:36:04.62][190.60.50.67][1566] SELECT horas_lab FROM tblaca008 WHERE c_asigna='311095' AND horas_teoricas > 0 [1][0] OK
C:[02/06/2013 19:36:04.73][190.60.50.67][1600] SELECT sum(u_creditos*1) FROM dace006 a, tblaca009 b WHERE a.exp_e='08-19419203' AND a.lapso='2013-1' AND b.pensum='5' AND b.c_uni_ca='3' AND status IN ('7','A','2') AND a.c_asigna=b.c_asigna  [1][0] OK
C:[02/06/2013 19:36:04.68][190.60.50.67][1619] SELECT sum(u_creditos*1) FROM dace006 a, tblaca009 b WHERE a.exp_e='08-19419203' AND a.lapso='2013-1' AND b.pensum='5' AND b.c_uni_ca='3' AND status IN ('7','A','2') AND a.c_asigna=b.c_asigna AND a.c_asigna IN ('311094','311098','300226','311824','311825') [1][0] OK
C:[02/06/2013 19:36:05.61][190.60.50.67][1635] SELECT MAX(semestre) FROM dace006 a, tblaca009 b WHERE a.exp_e='08-19419203' AND a.lapso='2013-1' AND b.pensum='5' AND b.c_uni_ca='3' AND status IN ('7','A','2') AND a.c_asigna=b.c_asigna  [1][0] OK
C:[02/06/2013 19:36:05.55][190.60.50.67][1655] SELECT MIN(semestre) FROM dace006 a, tblaca009 b WHERE a.exp_e='08-19419203' AND a.lapso='2013-1' AND b.pensum='5' AND b.c_uni_ca='3' AND status IN ('7','A','2') AND a.c_asigna=b.c_asigna AND a.c_asigna IN ('311095') [1][0] OK
C:[02/06/2013 21:35:46.19][186.89.135.209][1392] SELECT pre_cod_asig1,pre_cod_asig2,pre_cod_asig3,pre_cod_asig4,pre_cod_asig5,pre_cod_asig6,pre_cod_asig7 FROM tblaca009 WHERE pensum='5' AND c_uni_ca='2' AND c_asigna='320323' [1][0] OK
C:[02/06/2013 21:35:46.19][186.89.135.209][1405] SELECT c_asigna FROM dace004 WHERE exp_e='11-24848460' AND c_asigna='300228' AND status IN ('0','3','B') [1][0] OK
C:[02/06/2013 21:35:46.19][186.89.135.209][1405] SELECT c_asigna FROM dace004 WHERE exp_e='11-24848460' AND c_asigna='300218' AND status IN ('0','3','B') [1][0] OK
C:[02/06/2013 21:35:46.19][186.89.135.209][1392] SELECT pre_cod_asig1,pre_cod_asig2,pre_cod_asig3,pre_cod_asig4,pre_cod_asig5,pre_cod_asig6,pre_cod_asig7 FROM tblaca009 WHERE pensum='5' AND c_uni_ca='2' AND c_asigna='300207' [1][0] OK
C:[02/06/2013 21:35:46.19][186.89.135.209][1405] SELECT c_asigna FROM dace004 WHERE exp_e='11-24848460' AND c_asigna='300101' AND status IN ('0','3','B') [1][0] OK
C:[02/06/2013 21:35:46.19][186.89.135.209][1392] SELECT pre_cod_asig1,pre_cod_asig2,pre_cod_asig3,pre_cod_asig4,pre_cod_asig5,pre_cod_asig6,pre_cod_asig7 FROM tblaca009 WHERE pensum='5' AND c_uni_ca='2' AND c_asigna='300213' [1][0] OK
C:[02/06/2013 21:35:46.19][186.89.135.209][1405] SELECT c_asigna FROM dace004 WHERE exp_e='11-24848460' AND c_asigna='300101' AND status IN ('0','3','B') [1][0] OK
C:[02/06/2013 21:35:46.19][186.89.135.209][1392] SELECT pre_cod_asig1,pre_cod_asig2,pre_cod_asig3,pre_cod_asig4,pre_cod_asig5,pre_cod_asig6,pre_cod_asig7 FROM tblaca009 WHERE pensum='5' AND c_uni_ca='2' AND c_asigna='320311' [1][0] OK
C:[02/06/2013 21:35:46.19][186.89.135.209][1405] SELECT c_asigna FROM dace004 WHERE exp_e='11-24848460' AND c_asigna='300013' AND status IN ('0','3','B') [1][0] OK
C:[02/06/2013 21:35:46.19][186.89.135.209][1405] SELECT c_asigna FROM dace004 WHERE exp_e='11-24848460' AND c_asigna='300113' AND status IN ('0','3','B') [1][0] OK
C:[02/06/2013 21:35:46.44][186.89.135.209][1436] SELECT par_cod_asig1,par_cod_asig2,par_cod_asig3 FROM tblaca009 WHERE pensum='5' AND c_uni_ca='2' AND c_asigna='320323' [1][0] OK
C:[02/06/2013 21:35:46.44][186.89.135.209][1436] SELECT par_cod_asig1,par_cod_asig2,par_cod_asig3 FROM tblaca009 WHERE pensum='5' AND c_uni_ca='2' AND c_asigna='300207' [1][0] OK
C:[02/06/2013 21:35:46.44][186.89.135.209][1436] SELECT par_cod_asig1,par_cod_asig2,par_cod_asig3 FROM tblaca009 WHERE pensum='5' AND c_uni_ca='2' AND c_asigna='300213' [1][0] OK
C:[02/06/2013 21:35:46.44][186.89.135.209][1450] SELECT c_asigna FROM dace004 WHERE exp_e='11-24848460' AND c_asigna='300209' AND status IN ('0','3','B','C') [1][0] OK
C:[02/06/2013 21:35:46.44][186.89.135.209][1436] SELECT par_cod_asig1,par_cod_asig2,par_cod_asig3 FROM tblaca009 WHERE pensum='5' AND c_uni_ca='2' AND c_asigna='320311' [1][0] OK
C:[02/06/2013 21:35:47.07][186.89.135.209][1566] SELECT horas_lab FROM tblaca008 WHERE c_asigna='320323' AND horas_teoricas > 0 [1][0] OK
C:[02/06/2013 21:35:47.19][186.89.135.209][1600] SELECT sum(u_creditos*1) FROM dace006 a, tblaca009 b WHERE a.exp_e='11-24848460' AND a.lapso='2013-1' AND b.pensum='5' AND b.c_uni_ca='2' AND status IN ('7','A','2') AND a.c_asigna=b.c_asigna  [1][0] OK
C:[02/06/2013 21:35:47.56][186.89.135.209][1619] SELECT sum(u_creditos*1) FROM dace006 a, tblaca009 b WHERE a.exp_e='11-24848460' AND a.lapso='2013-1' AND b.pensum='5' AND b.c_uni_ca='2' AND status IN ('7','A','2') AND a.c_asigna=b.c_asigna AND a.c_asigna IN ('300207','300213','320311') [1][0] OK
C:[02/06/2013 21:35:47.94][186.89.135.209][1635] SELECT MAX(semestre) FROM dace006 a, tblaca009 b WHERE a.exp_e='11-24848460' AND a.lapso='2013-1' AND b.pensum='5' AND b.c_uni_ca='2' AND status IN ('7','A','2') AND a.c_asigna=b.c_asigna  [1][0] OK
C:[02/06/2013 21:35:47.31][186.89.135.209][1655] SELECT MIN(semestre) FROM dace006 a, tblaca009 b WHERE a.exp_e='11-24848460' AND a.lapso='2013-1' AND b.pensum='5' AND b.c_uni_ca='2' AND status IN ('7','A','2') AND a.c_asigna=b.c_asigna AND a.c_asigna IN ('320323') [1][0] OK
C:[02/06/2013 21:36:27.25][186.89.135.209][1392] SELECT pre_cod_asig1,pre_cod_asig2,pre_cod_asig3,pre_cod_asig4,pre_cod_asig5,pre_cod_asig6,pre_cod_asig7 FROM tblaca009 WHERE pensum='5' AND c_uni_ca='2' AND c_asigna='320323' [1][0] OK
C:[02/06/2013 21:36:27.25][186.89.135.209][1405] SELECT c_asigna FROM dace004 WHERE exp_e='11-24411683' AND c_asigna='300228' AND status IN ('0','3','B') [1][0] OK
C:[02/06/2013 21:36:27.25][186.89.135.209][1405] SELECT c_asigna FROM dace004 WHERE exp_e='11-24411683' AND c_asigna='300218' AND status IN ('0','3','B') [1][0] OK
C:[02/06/2013 21:36:27.25][186.89.135.209][1392] SELECT pre_cod_asig1,pre_cod_asig2,pre_cod_asig3,pre_cod_asig4,pre_cod_asig5,pre_cod_asig6,pre_cod_asig7 FROM tblaca009 WHERE pensum='5' AND c_uni_ca='2' AND c_asigna='300207' [1][0] OK
C:[02/06/2013 21:36:27.25][186.89.135.209][1405] SELECT c_asigna FROM dace004 WHERE exp_e='11-24411683' AND c_asigna='300101' AND status IN ('0','3','B') [1][0] OK
C:[02/06/2013 21:36:27.25][186.89.135.209][1392] SELECT pre_cod_asig1,pre_cod_asig2,pre_cod_asig3,pre_cod_asig4,pre_cod_asig5,pre_cod_asig6,pre_cod_asig7 FROM tblaca009 WHERE pensum='5' AND c_uni_ca='2' AND c_asigna='300213' [1][0] OK
C:[02/06/2013 21:36:27.25][186.89.135.209][1405] SELECT c_asigna FROM dace004 WHERE exp_e='11-24411683' AND c_asigna='300101' AND status IN ('0','3','B') [1][0] OK
C:[02/06/2013 21:36:27.25][186.89.135.209][1392] SELECT pre_cod_asig1,pre_cod_asig2,pre_cod_asig3,pre_cod_asig4,pre_cod_asig5,pre_cod_asig6,pre_cod_asig7 FROM tblaca009 WHERE pensum='5' AND c_uni_ca='2' AND c_asigna='320311' [1][0] OK
C:[02/06/2013 21:36:27.25][186.89.135.209][1405] SELECT c_asigna FROM dace004 WHERE exp_e='11-24411683' AND c_asigna='300013' AND status IN ('0','3','B') [1][0] OK
C:[02/06/2013 21:36:27.25][186.89.135.209][1405] SELECT c_asigna FROM dace004 WHERE exp_e='11-24411683' AND c_asigna='300113' AND status IN ('0','3','B') [1][0] OK
C:[02/06/2013 21:36:28.51][186.89.135.209][1436] SELECT par_cod_asig1,par_cod_asig2,par_cod_asig3 FROM tblaca009 WHERE pensum='5' AND c_uni_ca='2' AND c_asigna='320323' [1][0] OK
C:[02/06/2013 21:36:28.51][186.89.135.209][1436] SELECT par_cod_asig1,par_cod_asig2,par_cod_asig3 FROM tblaca009 WHERE pensum='5' AND c_uni_ca='2' AND c_asigna='300207' [1][0] OK
C:[02/06/2013 21:36:28.51][186.89.135.209][1436] SELECT par_cod_asig1,par_cod_asig2,par_cod_asig3 FROM tblaca009 WHERE pensum='5' AND c_uni_ca='2' AND c_asigna='300213' [1][0] OK
C:[02/06/2013 21:36:28.51][186.89.135.209][1450] SELECT c_asigna FROM dace004 WHERE exp_e='11-24411683' AND c_asigna='300209' AND status IN ('0','3','B','C') [1][0] OK
C:[02/06/2013 21:36:28.51][186.89.135.209][1436] SELECT par_cod_asig1,par_cod_asig2,par_cod_asig3 FROM tblaca009 WHERE pensum='5' AND c_uni_ca='2' AND c_asigna='320311' [1][0] OK
C:[02/06/2013 21:36:28.14][186.89.135.209][1566] SELECT horas_lab FROM tblaca008 WHERE c_asigna='320323' AND horas_teoricas > 0 [1][0] OK
C:[02/06/2013 21:36:28.25][186.89.135.209][1600] SELECT sum(u_creditos*1) FROM dace006 a, tblaca009 b WHERE a.exp_e='11-24411683' AND a.lapso='2013-1' AND b.pensum='5' AND b.c_uni_ca='2' AND status IN ('7','A','2') AND a.c_asigna=b.c_asigna  [1][0] OK
C:[02/06/2013 21:36:28.63][186.89.135.209][1619] SELECT sum(u_creditos*1) FROM dace006 a, tblaca009 b WHERE a.exp_e='11-24411683' AND a.lapso='2013-1' AND b.pensum='5' AND b.c_uni_ca='2' AND status IN ('7','A','2') AND a.c_asigna=b.c_asigna AND a.c_asigna IN ('300207','300213','320311') [1][0] OK
C:[02/06/2013 21:36:28.00][186.89.135.209][1635] SELECT MAX(semestre) FROM dace006 a, tblaca009 b WHERE a.exp_e='11-24411683' AND a.lapso='2013-1' AND b.pensum='5' AND b.c_uni_ca='2' AND status IN ('7','A','2') AND a.c_asigna=b.c_asigna  [1][0] OK
C:[02/06/2013 21:36:28.94][186.89.135.209][1655] SELECT MIN(semestre) FROM dace006 a, tblaca009 b WHERE a.exp_e='11-24411683' AND a.lapso='2013-1' AND b.pensum='5' AND b.c_uni_ca='2' AND status IN ('7','A','2') AND a.c_asigna=b.c_asigna AND a.c_asigna IN ('320323') [1][0] OK
C:[03/06/2013 06:45:42.21][201.243.216.230][1392] SELECT pre_cod_asig1,pre_cod_asig2,pre_cod_asig3,pre_cod_asig4,pre_cod_asig5,pre_cod_asig6,pre_cod_asig7 FROM tblaca009 WHERE pensum='5' AND c_uni_ca='3' AND c_asigna='300116' [1][0] OK
C:[03/06/2013 06:45:42.34][201.243.216.230][1436] SELECT par_cod_asig1,par_cod_asig2,par_cod_asig3 FROM tblaca009 WHERE pensum='5' AND c_uni_ca='3' AND c_asigna='300116' [1][0] OK
C:[03/06/2013 06:45:42.48][201.243.216.230][1600] SELECT sum(u_creditos*1) FROM dace006 a, tblaca009 b WHERE a.exp_e='10-21498564' AND a.lapso='2013-1' AND b.pensum='5' AND b.c_uni_ca='3' AND status IN ('7','A','2') AND a.c_asigna=b.c_asigna  [1][0] OK
C:[03/06/2013 06:45:43.96][201.243.216.230][1619] SELECT sum(u_creditos*1) FROM dace006 a, tblaca009 b WHERE a.exp_e='10-21498564' AND a.lapso='2013-1' AND b.pensum='5' AND b.c_uni_ca='3' AND status IN ('7','A','2') AND a.c_asigna=b.c_asigna AND a.c_asigna IN ('300116') [1][0] OK
C:[03/06/2013 06:45:43.33][201.243.216.230][1635] SELECT MAX(semestre) FROM dace006 a, tblaca009 b WHERE a.exp_e='10-21498564' AND a.lapso='2013-1' AND b.pensum='5' AND b.c_uni_ca='3' AND status IN ('7','A','2') AND a.c_asigna=b.c_asigna  [1][0] OK
C:[03/06/2013 08:37:11.52][190.201.169.158][1392] SELECT pre_cod_asig1,pre_cod_asig2,pre_cod_asig3,pre_cod_asig4,pre_cod_asig5,pre_cod_asig6,pre_cod_asig7 FROM tblaca009 WHERE pensum='5' AND c_uni_ca='4' AND c_asigna='300207' [1][0] OK
C:[03/06/2013 08:37:11.52][190.201.169.158][1405] SELECT c_asigna FROM dace004 WHERE exp_e='10-20884848' AND c_asigna='300101' AND status IN ('0','3','B') [1][0] OK
C:[03/06/2013 08:37:11.52][190.201.169.158][1392] SELECT pre_cod_asig1,pre_cod_asig2,pre_cod_asig3,pre_cod_asig4,pre_cod_asig5,pre_cod_asig6,pre_cod_asig7 FROM tblaca009 WHERE pensum='5' AND c_uni_ca='4' AND c_asigna='300209' [1][0] OK
C:[03/06/2013 08:37:11.52][190.201.169.158][1405] SELECT c_asigna FROM dace004 WHERE exp_e='10-20884848' AND c_asigna='300101' AND status IN ('0','3','B') [1][0] OK
C:[03/06/2013 08:37:11.52][190.201.169.158][1392] SELECT pre_cod_asig1,pre_cod_asig2,pre_cod_asig3,pre_cod_asig4,pre_cod_asig5,pre_cod_asig6,pre_cod_asig7 FROM tblaca009 WHERE pensum='5' AND c_uni_ca='4' AND c_asigna='300213' [1][0] OK
C:[03/06/2013 08:37:11.52][190.201.169.158][1405] SELECT c_asigna FROM dace004 WHERE exp_e='10-20884848' AND c_asigna='300101' AND status IN ('0','3','B') [1][0] OK
C:[03/06/2013 08:37:11.52][190.201.169.158][1392] SELECT pre_cod_asig1,pre_cod_asig2,pre_cod_asig3,pre_cod_asig4,pre_cod_asig5,pre_cod_asig6,pre_cod_asig7 FROM tblaca009 WHERE pensum='5' AND c_uni_ca='4' AND c_asigna='300218' [1][0] OK
C:[03/06/2013 08:37:11.52][190.201.169.158][1405] SELECT c_asigna FROM dace004 WHERE exp_e='10-20884848' AND c_asigna='300101' AND status IN ('0','3','B') [1][0] OK
C:[03/06/2013 08:37:11.52][190.201.169.158][1392] SELECT pre_cod_asig1,pre_cod_asig2,pre_cod_asig3,pre_cod_asig4,pre_cod_asig5,pre_cod_asig6,pre_cod_asig7 FROM tblaca009 WHERE pensum='5' AND c_uni_ca='4' AND c_asigna='300228' [1][0] OK
C:[03/06/2013 08:37:11.52][190.201.169.158][1405] SELECT c_asigna FROM dace004 WHERE exp_e='10-20884848' AND c_asigna='300101' AND status IN ('0','3','B') [1][0] OK
C:[03/06/2013 08:37:11.77][190.201.169.158][1436] SELECT par_cod_asig1,par_cod_asig2,par_cod_asig3 FROM tblaca009 WHERE pensum='5' AND c_uni_ca='4' AND c_asigna='300207' [1][0] OK
C:[03/06/2013 08:37:11.77][190.201.169.158][1436] SELECT par_cod_asig1,par_cod_asig2,par_cod_asig3 FROM tblaca009 WHERE pensum='5' AND c_uni_ca='4' AND c_asigna='300209' [1][0] OK
C:[03/06/2013 08:37:11.77][190.201.169.158][1436] SELECT par_cod_asig1,par_cod_asig2,par_cod_asig3 FROM tblaca009 WHERE pensum='5' AND c_uni_ca='4' AND c_asigna='300213' [1][0] OK
C:[03/06/2013 08:37:11.77][190.201.169.158][1450] SELECT c_asigna FROM dace004 WHERE exp_e='10-20884848' AND c_asigna='300209' AND status IN ('0','3','B','C') [0][0] OK
C:[03/06/2013 08:37:11.77][190.201.169.158][1436] SELECT par_cod_asig1,par_cod_asig2,par_cod_asig3 FROM tblaca009 WHERE pensum='5' AND c_uni_ca='4' AND c_asigna='300218' [1][0] OK
C:[03/06/2013 08:37:11.77][190.201.169.158][1450] SELECT c_asigna FROM dace004 WHERE exp_e='10-20884848' AND c_asigna='300228' AND status IN ('0','3','B','C') [0][0] OK
C:[03/06/2013 08:37:11.77][190.201.169.158][1436] SELECT par_cod_asig1,par_cod_asig2,par_cod_asig3 FROM tblaca009 WHERE pensum='5' AND c_uni_ca='4' AND c_asigna='300228' [1][0] OK
C:[03/06/2013 08:37:12.66][190.201.169.158][1566] SELECT horas_lab FROM tblaca008 WHERE c_asigna='300207' AND horas_teoricas > 0 [1][0] OK
C:[03/06/2013 08:37:12.66][190.201.169.158][1566] SELECT horas_lab FROM tblaca008 WHERE c_asigna='300209' AND horas_teoricas > 0 [1][0] OK
C:[03/06/2013 08:37:12.66][190.201.169.158][1566] SELECT horas_lab FROM tblaca008 WHERE c_asigna='300213' AND horas_teoricas > 0 [1][0] OK
C:[03/06/2013 08:37:12.66][190.201.169.158][1566] SELECT horas_lab FROM tblaca008 WHERE c_asigna='300218' AND horas_teoricas > 0 [0][0] OK
C:[03/06/2013 08:37:12.66][190.201.169.158][1566] SELECT horas_lab FROM tblaca008 WHERE c_asigna='300228' AND horas_teoricas > 0 [1][0] OK
C:[03/06/2013 08:37:12.27][190.201.169.158][1600] SELECT sum(u_creditos*1) FROM dace006 a, tblaca009 b WHERE a.exp_e='10-20884848' AND a.lapso='2013-1' AND b.pensum='5' AND b.c_uni_ca='4' AND status IN ('7','A','2') AND a.c_asigna=b.c_asigna  [1][0] OK
C:[03/06/2013 08:37:12.21][190.201.169.158][1619] SELECT sum(u_creditos*1) FROM dace006 a, tblaca009 b WHERE a.exp_e='10-20884848' AND a.lapso='2013-1' AND b.pensum='5' AND b.c_uni_ca='4' AND status IN ('7','A','2') AND a.c_asigna=b.c_asigna AND a.c_asigna IN () [0][0]  {[MERANT][ODBC SQLBase driver][SQLBase]00915 PRS IVC Invalid constant}
C:[03/06/2013 08:37:12.99][190.201.169.158][1635] SELECT MAX(semestre) FROM dace006 a, tblaca009 b WHERE a.exp_e='10-20884848' AND a.lapso='2013-1' AND b.pensum='5' AND b.c_uni_ca='4' AND status IN ('7','A','2') AND a.c_asigna=b.c_asigna  [1][0] [MERANT][ODBC SQLBase driver][SQLBase]00915 PRS IVC Invalid constant
C:[03/06/2013 08:37:12.27][190.201.169.158][1655] SELECT MIN(semestre) FROM dace006 a, tblaca009 b WHERE a.exp_e='10-20884848' AND a.lapso='2013-1' AND b.pensum='5' AND b.c_uni_ca='4' AND status IN ('7','A','2') AND a.c_asigna=b.c_asigna AND a.c_asigna IN ('300207','300209','300213','300218','300228') [1][0] [MERANT][ODBC SQLBase driver][SQLBase]00915 PRS IVC Invalid constant
C:[03/06/2013 08:38:54.81][190.201.169.158][1392] SELECT pre_cod_asig1,pre_cod_asig2,pre_cod_asig3,pre_cod_asig4,pre_cod_asig5,pre_cod_asig6,pre_cod_asig7 FROM tblaca009 WHERE pensum='5' AND c_uni_ca='4' AND c_asigna='300207' [1][0] OK
C:[03/06/2013 08:38:54.81][190.201.169.158][1405] SELECT c_asigna FROM dace004 WHERE exp_e='10-20884848' AND c_asigna='300101' AND status IN ('0','3','B') [1][0] OK
C:[03/06/2013 08:38:54.81][190.201.169.158][1392] SELECT pre_cod_asig1,pre_cod_asig2,pre_cod_asig3,pre_cod_asig4,pre_cod_asig5,pre_cod_asig6,pre_cod_asig7 FROM tblaca009 WHERE pensum='5' AND c_uni_ca='4' AND c_asigna='300213' [1][0] OK
C:[03/06/2013 08:38:54.81][190.201.169.158][1405] SELECT c_asigna FROM dace004 WHERE exp_e='10-20884848' AND c_asigna='300101' AND status IN ('0','3','B') [1][0] OK
C:[03/06/2013 08:38:54.81][190.201.169.158][1392] SELECT pre_cod_asig1,pre_cod_asig2,pre_cod_asig3,pre_cod_asig4,pre_cod_asig5,pre_cod_asig6,pre_cod_asig7 FROM tblaca009 WHERE pensum='5' AND c_uni_ca='4' AND c_asigna='300218' [1][0] OK
C:[03/06/2013 08:38:54.81][190.201.169.158][1405] SELECT c_asigna FROM dace004 WHERE exp_e='10-20884848' AND c_asigna='300101' AND status IN ('0','3','B') [1][0] OK
C:[03/06/2013 08:38:54.81][190.201.169.158][1392] SELECT pre_cod_asig1,pre_cod_asig2,pre_cod_asig3,pre_cod_asig4,pre_cod_asig5,pre_cod_asig6,pre_cod_asig7 FROM tblaca009 WHERE pensum='5' AND c_uni_ca='4' AND c_asigna='300228' [1][0] OK
C:[03/06/2013 08:38:54.81][190.201.169.158][1405] SELECT c_asigna FROM dace004 WHERE exp_e='10-20884848' AND c_asigna='300101' AND status IN ('0','3','B') [1][0] OK
C:[03/06/2013 08:38:54.81][190.201.169.158][1392] SELECT pre_cod_asig1,pre_cod_asig2,pre_cod_asig3,pre_cod_asig4,pre_cod_asig5,pre_cod_asig6,pre_cod_asig7 FROM tblaca009 WHERE pensum='5' AND c_uni_ca='4' AND c_asigna='300209' [1][0] OK
C:[03/06/2013 08:38:54.81][190.201.169.158][1405] SELECT c_asigna FROM dace004 WHERE exp_e='10-20884848' AND c_asigna='300101' AND status IN ('0','3','B') [1][0] OK
C:[03/06/2013 08:38:55.07][190.201.169.158][1436] SELECT par_cod_asig1,par_cod_asig2,par_cod_asig3 FROM tblaca009 WHERE pensum='5' AND c_uni_ca='4' AND c_asigna='300207' [1][0] OK
C:[03/06/2013 08:38:55.07][190.201.169.158][1436] SELECT par_cod_asig1,par_cod_asig2,par_cod_asig3 FROM tblaca009 WHERE pensum='5' AND c_uni_ca='4' AND c_asigna='300213' [1][0] OK
C:[03/06/2013 08:38:55.07][190.201.169.158][1450] SELECT c_asigna FROM dace004 WHERE exp_e='10-20884848' AND c_asigna='300209' AND status IN ('0','3','B','C') [0][0] OK
C:[03/06/2013 08:38:55.07][190.201.169.158][1436] SELECT par_cod_asig1,par_cod_asig2,par_cod_asig3 FROM tblaca009 WHERE pensum='5' AND c_uni_ca='4' AND c_asigna='300218' [1][0] OK
C:[03/06/2013 08:38:55.07][190.201.169.158][1450] SELECT c_asigna FROM dace004 WHERE exp_e='10-20884848' AND c_asigna='300228' AND status IN ('0','3','B','C') [0][0] OK
C:[03/06/2013 08:38:55.07][190.201.169.158][1436] SELECT par_cod_asig1,par_cod_asig2,par_cod_asig3 FROM tblaca009 WHERE pensum='5' AND c_uni_ca='4' AND c_asigna='300228' [1][0] OK
C:[03/06/2013 08:38:55.07][190.201.169.158][1436] SELECT par_cod_asig1,par_cod_asig2,par_cod_asig3 FROM tblaca009 WHERE pensum='5' AND c_uni_ca='4' AND c_asigna='300209' [1][0] OK
C:[03/06/2013 08:38:55.52][190.201.169.158][1566] SELECT horas_lab FROM tblaca008 WHERE c_asigna='300207' AND horas_teoricas > 0 [1][0] OK
C:[03/06/2013 08:38:55.52][190.201.169.158][1566] SELECT horas_lab FROM tblaca008 WHERE c_asigna='300213' AND horas_teoricas > 0 [1][0] OK
C:[03/06/2013 08:38:55.52][190.201.169.158][1566] SELECT horas_lab FROM tblaca008 WHERE c_asigna='300218' AND horas_teoricas > 0 [0][0] OK
C:[03/06/2013 08:38:55.52][190.201.169.158][1566] SELECT horas_lab FROM tblaca008 WHERE c_asigna='300228' AND horas_teoricas > 0 [1][0] OK
C:[03/06/2013 08:38:55.00][190.201.169.158][1600] SELECT sum(u_creditos*1) FROM dace006 a, tblaca009 b WHERE a.exp_e='10-20884848' AND a.lapso='2013-1' AND b.pensum='5' AND b.c_uni_ca='4' AND status IN ('7','A','2') AND a.c_asigna=b.c_asigna  [1][0] OK
C:[03/06/2013 08:38:55.94][190.201.169.158][1619] SELECT sum(u_creditos*1) FROM dace006 a, tblaca009 b WHERE a.exp_e='10-20884848' AND a.lapso='2013-1' AND b.pensum='5' AND b.c_uni_ca='4' AND status IN ('7','A','2') AND a.c_asigna=b.c_asigna AND a.c_asigna IN ('300209') [1][0] OK
C:[03/06/2013 08:38:55.88][190.201.169.158][1635] SELECT MAX(semestre) FROM dace006 a, tblaca009 b WHERE a.exp_e='10-20884848' AND a.lapso='2013-1' AND b.pensum='5' AND b.c_uni_ca='4' AND status IN ('7','A','2') AND a.c_asigna=b.c_asigna  [1][0] OK
C:[03/06/2013 08:38:55.82][190.201.169.158][1655] SELECT MIN(semestre) FROM dace006 a, tblaca009 b WHERE a.exp_e='10-20884848' AND a.lapso='2013-1' AND b.pensum='5' AND b.c_uni_ca='4' AND status IN ('7','A','2') AND a.c_asigna=b.c_asigna AND a.c_asigna IN ('300207','300213','300218','300228') [1][0] OK
C:[03/06/2013 08:42:25.91][190.201.169.158][1392] SELECT pre_cod_asig1,pre_cod_asig2,pre_cod_asig3,pre_cod_asig4,pre_cod_asig5,pre_cod_asig6,pre_cod_asig7 FROM tblaca009 WHERE pensum='5' AND c_uni_ca='4' AND c_asigna='300213' [1][0] OK
C:[03/06/2013 08:42:25.91][190.201.169.158][1405] SELECT c_asigna FROM dace004 WHERE exp_e='10-20884848' AND c_asigna='300101' AND status IN ('0','3','B') [1][0] OK
C:[03/06/2013 08:42:25.91][190.201.169.158][1392] SELECT pre_cod_asig1,pre_cod_asig2,pre_cod_asig3,pre_cod_asig4,pre_cod_asig5,pre_cod_asig6,pre_cod_asig7 FROM tblaca009 WHERE pensum='5' AND c_uni_ca='4' AND c_asigna='300218' [1][0] OK
C:[03/06/2013 08:42:25.91][190.201.169.158][1405] SELECT c_asigna FROM dace004 WHERE exp_e='10-20884848' AND c_asigna='300101' AND status IN ('0','3','B') [1][0] OK
C:[03/06/2013 08:42:25.91][190.201.169.158][1392] SELECT pre_cod_asig1,pre_cod_asig2,pre_cod_asig3,pre_cod_asig4,pre_cod_asig5,pre_cod_asig6,pre_cod_asig7 FROM tblaca009 WHERE pensum='5' AND c_uni_ca='4' AND c_asigna='300207' [1][0] OK
C:[03/06/2013 08:42:25.91][190.201.169.158][1405] SELECT c_asigna FROM dace004 WHERE exp_e='10-20884848' AND c_asigna='300101' AND status IN ('0','3','B') [1][0] OK
C:[03/06/2013 08:42:25.91][190.201.169.158][1392] SELECT pre_cod_asig1,pre_cod_asig2,pre_cod_asig3,pre_cod_asig4,pre_cod_asig5,pre_cod_asig6,pre_cod_asig7 FROM tblaca009 WHERE pensum='5' AND c_uni_ca='4' AND c_asigna='300209' [1][0] OK
C:[03/06/2013 08:42:25.91][190.201.169.158][1405] SELECT c_asigna FROM dace004 WHERE exp_e='10-20884848' AND c_asigna='300101' AND status IN ('0','3','B') [1][0] OK
C:[03/06/2013 08:42:25.91][190.201.169.158][1392] SELECT pre_cod_asig1,pre_cod_asig2,pre_cod_asig3,pre_cod_asig4,pre_cod_asig5,pre_cod_asig6,pre_cod_asig7 FROM tblaca009 WHERE pensum='5' AND c_uni_ca='4' AND c_asigna='300228' [1][0] OK
C:[03/06/2013 08:42:25.91][190.201.169.158][1405] SELECT c_asigna FROM dace004 WHERE exp_e='10-20884848' AND c_asigna='300101' AND status IN ('0','3','B') [1][0] OK
C:[03/06/2013 08:42:26.17][190.201.169.158][1436] SELECT par_cod_asig1,par_cod_asig2,par_cod_asig3 FROM tblaca009 WHERE pensum='5' AND c_uni_ca='4' AND c_asigna='300213' [1][0] OK
C:[03/06/2013 08:42:26.17][190.201.169.158][1450] SELECT c_asigna FROM dace004 WHERE exp_e='10-20884848' AND c_asigna='300209' AND status IN ('0','3','B','C') [0][0] OK
C:[03/06/2013 08:42:26.17][190.201.169.158][1436] SELECT par_cod_asig1,par_cod_asig2,par_cod_asig3 FROM tblaca009 WHERE pensum='5' AND c_uni_ca='4' AND c_asigna='300218' [1][0] OK
C:[03/06/2013 08:42:26.17][190.201.169.158][1450] SELECT c_asigna FROM dace004 WHERE exp_e='10-20884848' AND c_asigna='300228' AND status IN ('0','3','B','C') [0][0] OK
C:[03/06/2013 08:42:26.17][190.201.169.158][1436] SELECT par_cod_asig1,par_cod_asig2,par_cod_asig3 FROM tblaca009 WHERE pensum='5' AND c_uni_ca='4' AND c_asigna='300207' [1][0] OK
C:[03/06/2013 08:42:26.17][190.201.169.158][1436] SELECT par_cod_asig1,par_cod_asig2,par_cod_asig3 FROM tblaca009 WHERE pensum='5' AND c_uni_ca='4' AND c_asigna='300209' [1][0] OK
C:[03/06/2013 08:42:26.17][190.201.169.158][1436] SELECT par_cod_asig1,par_cod_asig2,par_cod_asig3 FROM tblaca009 WHERE pensum='5' AND c_uni_ca='4' AND c_asigna='300228' [1][0] OK
C:[03/06/2013 08:42:26.06][190.201.169.158][1566] SELECT horas_lab FROM tblaca008 WHERE c_asigna='300213' AND horas_teoricas > 0 [1][0] OK
C:[03/06/2013 08:42:26.06][190.201.169.158][1566] SELECT horas_lab FROM tblaca008 WHERE c_asigna='300218' AND horas_teoricas > 0 [0][0] OK
C:[03/06/2013 08:42:26.29][190.201.169.158][1600] SELECT sum(u_creditos*1) FROM dace006 a, tblaca009 b WHERE a.exp_e='10-20884848' AND a.lapso='2013-1' AND b.pensum='5' AND b.c_uni_ca='4' AND status IN ('7','A','2') AND a.c_asigna=b.c_asigna  [1][0] OK
C:[03/06/2013 08:42:26.66][190.201.169.158][1619] SELECT sum(u_creditos*1) FROM dace006 a, tblaca009 b WHERE a.exp_e='10-20884848' AND a.lapso='2013-1' AND b.pensum='5' AND b.c_uni_ca='4' AND status IN ('7','A','2') AND a.c_asigna=b.c_asigna AND a.c_asigna IN ('300207','300209','300228') [1][0] OK
C:[03/06/2013 08:42:26.04][190.201.169.158][1635] SELECT MAX(semestre) FROM dace006 a, tblaca009 b WHERE a.exp_e='10-20884848' AND a.lapso='2013-1' AND b.pensum='5' AND b.c_uni_ca='4' AND status IN ('7','A','2') AND a.c_asigna=b.c_asigna  [1][0] OK
C:[03/06/2013 08:42:26.41][190.201.169.158][1655] SELECT MIN(semestre) FROM dace006 a, tblaca009 b WHERE a.exp_e='10-20884848' AND a.lapso='2013-1' AND b.pensum='5' AND b.c_uni_ca='4' AND status IN ('7','A','2') AND a.c_asigna=b.c_asigna AND a.c_asigna IN ('300213','300218') [1][0] OK
C:[03/06/2013 08:44:30.78][190.201.169.158][1392] SELECT pre_cod_asig1,pre_cod_asig2,pre_cod_asig3,pre_cod_asig4,pre_cod_asig5,pre_cod_asig6,pre_cod_asig7 FROM tblaca009 WHERE pensum='5' AND c_uni_ca='4' AND c_asigna='300207' [1][0] OK
C:[03/06/2013 08:44:30.78][190.201.169.158][1405] SELECT c_asigna FROM dace004 WHERE exp_e='10-20884848' AND c_asigna='300101' AND status IN ('0','3','B') [1][0] OK
C:[03/06/2013 08:44:30.78][190.201.169.158][1392] SELECT pre_cod_asig1,pre_cod_asig2,pre_cod_asig3,pre_cod_asig4,pre_cod_asig5,pre_cod_asig6,pre_cod_asig7 FROM tblaca009 WHERE pensum='5' AND c_uni_ca='4' AND c_asigna='300209' [1][0] OK
C:[03/06/2013 08:44:30.78][190.201.169.158][1405] SELECT c_asigna FROM dace004 WHERE exp_e='10-20884848' AND c_asigna='300101' AND status IN ('0','3','B') [1][0] OK
C:[03/06/2013 08:44:30.78][190.201.169.158][1392] SELECT pre_cod_asig1,pre_cod_asig2,pre_cod_asig3,pre_cod_asig4,pre_cod_asig5,pre_cod_asig6,pre_cod_asig7 FROM tblaca009 WHERE pensum='5' AND c_uni_ca='4' AND c_asigna='300228' [1][0] OK
C:[03/06/2013 08:44:30.78][190.201.169.158][1405] SELECT c_asigna FROM dace004 WHERE exp_e='10-20884848' AND c_asigna='300101' AND status IN ('0','3','B') [1][0] OK
C:[03/06/2013 08:44:31.53][190.201.169.158][1436] SELECT par_cod_asig1,par_cod_asig2,par_cod_asig3 FROM tblaca009 WHERE pensum='5' AND c_uni_ca='4' AND c_asigna='300207' [1][0] OK
C:[03/06/2013 08:44:31.53][190.201.169.158][1436] SELECT par_cod_asig1,par_cod_asig2,par_cod_asig3 FROM tblaca009 WHERE pensum='5' AND c_uni_ca='4' AND c_asigna='300209' [1][0] OK
C:[03/06/2013 08:44:31.53][190.201.169.158][1436] SELECT par_cod_asig1,par_cod_asig2,par_cod_asig3 FROM tblaca009 WHERE pensum='5' AND c_uni_ca='4' AND c_asigna='300228' [1][0] OK
C:[03/06/2013 08:44:31.92][190.201.169.158][1600] SELECT sum(u_creditos*1) FROM dace006 a, tblaca009 b WHERE a.exp_e='10-20884848' AND a.lapso='2013-1' AND b.pensum='5' AND b.c_uni_ca='4' AND status IN ('7','A','2') AND a.c_asigna=b.c_asigna  [1][0] OK
C:[03/06/2013 08:44:31.10][190.201.169.158][1619] SELECT sum(u_creditos*1) FROM dace006 a, tblaca009 b WHERE a.exp_e='10-20884848' AND a.lapso='2013-1' AND b.pensum='5' AND b.c_uni_ca='4' AND status IN ('7','A','2') AND a.c_asigna=b.c_asigna AND a.c_asigna IN ('300207','300209','300228') [1][0] OK
C:[03/06/2013 08:44:31.28][190.201.169.158][1635] SELECT MAX(semestre) FROM dace006 a, tblaca009 b WHERE a.exp_e='10-20884848' AND a.lapso='2013-1' AND b.pensum='5' AND b.c_uni_ca='4' AND status IN ('7','A','2') AND a.c_asigna=b.c_asigna  [1][0] OK
C:[03/06/2013 09:17:17.10][190.206.93.89][1392] SELECT pre_cod_asig1,pre_cod_asig2,pre_cod_asig3,pre_cod_asig4,pre_cod_asig5,pre_cod_asig6,pre_cod_asig7 FROM tblaca009 WHERE pensum='5' AND c_uni_ca='4' AND c_asigna='300314' [1][0] OK
C:[03/06/2013 09:17:17.10][190.206.93.89][1405] SELECT c_asigna FROM dace004 WHERE exp_e='07-16392323' AND c_asigna='300106' AND status IN ('0','3','B') [1][0] OK
C:[03/06/2013 09:17:17.10][190.206.93.89][1392] SELECT pre_cod_asig1,pre_cod_asig2,pre_cod_asig3,pre_cod_asig4,pre_cod_asig5,pre_cod_asig6,pre_cod_asig7 FROM tblaca009 WHERE pensum='5' AND c_uni_ca='4' AND c_asigna='300113' [1][0] OK
C:[03/06/2013 09:17:17.10][190.206.93.89][1392] SELECT pre_cod_asig1,pre_cod_asig2,pre_cod_asig3,pre_cod_asig4,pre_cod_asig5,pre_cod_asig6,pre_cod_asig7 FROM tblaca009 WHERE pensum='5' AND c_uni_ca='4' AND c_asigna='300222' [1][0] OK
C:[03/06/2013 09:17:17.10][190.206.93.89][1405] SELECT c_asigna FROM dace004 WHERE exp_e='07-16392323' AND c_asigna='300112' AND status IN ('0','3','B') [1][0] OK
C:[03/06/2013 09:17:17.74][190.206.93.89][1436] SELECT par_cod_asig1,par_cod_asig2,par_cod_asig3 FROM tblaca009 WHERE pensum='5' AND c_uni_ca='4' AND c_asigna='300314' [1][0] OK
C:[03/06/2013 09:17:17.74][190.206.93.89][1436] SELECT par_cod_asig1,par_cod_asig2,par_cod_asig3 FROM tblaca009 WHERE pensum='5' AND c_uni_ca='4' AND c_asigna='300113' [1][0] OK
C:[03/06/2013 09:17:17.74][190.206.93.89][1450] SELECT c_asigna FROM dace004 WHERE exp_e='07-16392323' AND c_asigna='300013' AND status IN ('0','3','B','C') [1][0] OK
C:[03/06/2013 09:17:17.74][190.206.93.89][1436] SELECT par_cod_asig1,par_cod_asig2,par_cod_asig3 FROM tblaca009 WHERE pensum='5' AND c_uni_ca='4' AND c_asigna='300222' [1][0] OK
C:[03/06/2013 09:17:17.24][190.206.93.89][1566] SELECT horas_lab FROM tblaca008 WHERE c_asigna='300314' AND horas_teoricas > 0 [0][0] OK
C:[03/06/2013 09:17:17.36][190.206.93.89][1600] SELECT sum(u_creditos*1) FROM dace006 a, tblaca009 b WHERE a.exp_e='07-16392323' AND a.lapso='2013-1' AND b.pensum='5' AND b.c_uni_ca='4' AND status IN ('7','A','2') AND a.c_asigna=b.c_asigna  [1][0] OK
C:[03/06/2013 09:17:18.29][190.206.93.89][1619] SELECT sum(u_creditos*1) FROM dace006 a, tblaca009 b WHERE a.exp_e='07-16392323' AND a.lapso='2013-1' AND b.pensum='5' AND b.c_uni_ca='4' AND status IN ('7','A','2') AND a.c_asigna=b.c_asigna AND a.c_asigna IN ('300113','300222') [1][0] OK
C:[03/06/2013 09:17:18.67][190.206.93.89][1635] SELECT MAX(semestre) FROM dace006 a, tblaca009 b WHERE a.exp_e='07-16392323' AND a.lapso='2013-1' AND b.pensum='5' AND b.c_uni_ca='4' AND status IN ('7','A','2') AND a.c_asigna=b.c_asigna  [1][0] OK
C:[03/06/2013 09:17:18.61][190.206.93.89][1655] SELECT MIN(semestre) FROM dace006 a, tblaca009 b WHERE a.exp_e='07-16392323' AND a.lapso='2013-1' AND b.pensum='5' AND b.c_uni_ca='4' AND status IN ('7','A','2') AND a.c_asigna=b.c_asigna AND a.c_asigna IN ('300314') [1][0] OK
C:[03/06/2013 16:42:35.62][186.90.184.113][1392] SELECT pre_cod_asig1,pre_cod_asig2,pre_cod_asig3,pre_cod_asig4,pre_cod_asig5,pre_cod_asig6,pre_cod_asig7 FROM tblaca009 WHERE pensum='5' AND c_uni_ca='3' AND c_asigna='300113' [1][0] OK
C:[03/06/2013 16:42:35.62][186.90.184.113][1392] SELECT pre_cod_asig1,pre_cod_asig2,pre_cod_asig3,pre_cod_asig4,pre_cod_asig5,pre_cod_asig6,pre_cod_asig7 FROM tblaca009 WHERE pensum='5' AND c_uni_ca='3' AND c_asigna='300207' [1][0] OK
C:[03/06/2013 16:42:35.62][186.90.184.113][1405] SELECT c_asigna FROM dace004 WHERE exp_e='12-18667793' AND c_asigna='300101' AND status IN ('0','3','B') [1][0] OK
C:[03/06/2013 16:42:35.99][186.90.184.113][1436] SELECT par_cod_asig1,par_cod_asig2,par_cod_asig3 FROM tblaca009 WHERE pensum='5' AND c_uni_ca='3' AND c_asigna='300113' [1][0] OK
C:[03/06/2013 16:42:35.99][186.90.184.113][1450] SELECT c_asigna FROM dace004 WHERE exp_e='12-18667793' AND c_asigna='300013' AND status IN ('0','3','B','C') [1][0] OK
C:[03/06/2013 16:42:35.99][186.90.184.113][1436] SELECT par_cod_asig1,par_cod_asig2,par_cod_asig3 FROM tblaca009 WHERE pensum='5' AND c_uni_ca='3' AND c_asigna='300207' [1][0] OK
C:[03/06/2013 16:42:35.38][186.90.184.113][1600] SELECT sum(u_creditos*1) FROM dace006 a, tblaca009 b WHERE a.exp_e='12-18667793' AND a.lapso='2013-1' AND b.pensum='5' AND b.c_uni_ca='3' AND status IN ('7','A','2') AND a.c_asigna=b.c_asigna  [1][0] OK
C:[03/06/2013 16:42:35.74][186.90.184.113][1619] SELECT sum(u_creditos*1) FROM dace006 a, tblaca009 b WHERE a.exp_e='12-18667793' AND a.lapso='2013-1' AND b.pensum='5' AND b.c_uni_ca='3' AND status IN ('7','A','2') AND a.c_asigna=b.c_asigna AND a.c_asigna IN ('300113','300207') [1][0] OK
C:[03/06/2013 16:42:35.11][186.90.184.113][1635] SELECT MAX(semestre) FROM dace006 a, tblaca009 b WHERE a.exp_e='12-18667793' AND a.lapso='2013-1' AND b.pensum='5' AND b.c_uni_ca='3' AND status IN ('7','A','2') AND a.c_asigna=b.c_asigna  [1][0] OK
C:[03/06/2013 17:10:00.87][190.38.64.153][1392] SELECT pre_cod_asig1,pre_cod_asig2,pre_cod_asig3,pre_cod_asig4,pre_cod_asig5,pre_cod_asig6,pre_cod_asig7 FROM tblaca009 WHERE pensum='5' AND c_uni_ca='6' AND c_asigna='300207' [1][0] OK
C:[03/06/2013 17:10:00.87][190.38.64.153][1405] SELECT c_asigna FROM dace004 WHERE exp_e='03-18078123' AND c_asigna='300101' AND status IN ('0','3','B') [1][0] OK
C:[03/06/2013 17:10:00.12][190.38.64.153][1436] SELECT par_cod_asig1,par_cod_asig2,par_cod_asig3 FROM tblaca009 WHERE pensum='5' AND c_uni_ca='6' AND c_asigna='300207' [1][0] OK
C:[03/06/2013 17:10:00.27][190.38.64.153][1600] SELECT sum(u_creditos*1) FROM dace006 a, tblaca009 b WHERE a.exp_e='03-18078123' AND a.lapso='2013-1' AND b.pensum='5' AND b.c_uni_ca='6' AND status IN ('7','A','2') AND a.c_asigna=b.c_asigna  [1][0] OK
C:[03/06/2013 17:10:00.63][190.38.64.153][1619] SELECT sum(u_creditos*1) FROM dace006 a, tblaca009 b WHERE a.exp_e='03-18078123' AND a.lapso='2013-1' AND b.pensum='5' AND b.c_uni_ca='6' AND status IN ('7','A','2') AND a.c_asigna=b.c_asigna AND a.c_asigna IN ('300207') [1][0] OK
C:[03/06/2013 17:10:00.56][190.38.64.153][1635] SELECT MAX(semestre) FROM dace006 a, tblaca009 b WHERE a.exp_e='03-18078123' AND a.lapso='2013-1' AND b.pensum='5' AND b.c_uni_ca='6' AND status IN ('7','A','2') AND a.c_asigna=b.c_asigna  [1][0] OK
C:[03/06/2013 17:34:00.84][190.200.26.60][1392] SELECT pre_cod_asig1,pre_cod_asig2,pre_cod_asig3,pre_cod_asig4,pre_cod_asig5,pre_cod_asig6,pre_cod_asig7 FROM tblaca009 WHERE pensum='5' AND c_uni_ca='5' AND c_asigna='355951' [1][0] OK
C:[03/06/2013 17:34:00.84][190.200.26.60][1405] SELECT c_asigna FROM dace004 WHERE exp_e='04-17432660' AND c_asigna='355691' AND status IN ('0','3','B') [1][0] OK
C:[03/06/2013 17:34:00.84][190.200.26.60][1392] SELECT pre_cod_asig1,pre_cod_asig2,pre_cod_asig3,pre_cod_asig4,pre_cod_asig5,pre_cod_asig6,pre_cod_asig7 FROM tblaca009 WHERE pensum='5' AND c_uni_ca='5' AND c_asigna='355573' [1][0] OK
C:[03/06/2013 17:34:00.84][190.200.26.60][1405] SELECT c_asigna FROM dace004 WHERE exp_e='04-17432660' AND c_asigna='355448' AND status IN ('0','3','B') [1][0] OK
C:[03/06/2013 17:34:00.84][190.200.26.60][1392] SELECT pre_cod_asig1,pre_cod_asig2,pre_cod_asig3,pre_cod_asig4,pre_cod_asig5,pre_cod_asig6,pre_cod_asig7 FROM tblaca009 WHERE pensum='5' AND c_uni_ca='5' AND c_asigna='355874' [1][0] OK
C:[03/06/2013 17:34:00.84][190.200.26.60][1405] SELECT c_asigna FROM dace004 WHERE exp_e='04-17432660' AND c_asigna='355448' AND status IN ('0','3','B') [1][0] OK
C:[03/06/2013 17:34:01.60][190.200.26.60][1436] SELECT par_cod_asig1,par_cod_asig2,par_cod_asig3 FROM tblaca009 WHERE pensum='5' AND c_uni_ca='5' AND c_asigna='355951' [1][0] OK
C:[03/06/2013 17:34:01.60][190.200.26.60][1436] SELECT par_cod_asig1,par_cod_asig2,par_cod_asig3 FROM tblaca009 WHERE pensum='5' AND c_uni_ca='5' AND c_asigna='355573' [1][0] OK
C:[03/06/2013 17:34:01.60][190.200.26.60][1436] SELECT par_cod_asig1,par_cod_asig2,par_cod_asig3 FROM tblaca009 WHERE pensum='5' AND c_uni_ca='5' AND c_asigna='355874' [1][0] OK
C:[03/06/2013 17:34:01.98][190.200.26.60][1566] SELECT horas_lab FROM tblaca008 WHERE c_asigna='355951' AND horas_teoricas > 0 [1][0] OK
C:[03/06/2013 17:34:01.09][190.200.26.60][1600] SELECT sum(u_creditos*1) FROM dace006 a, tblaca009 b WHERE a.exp_e='04-17432660' AND a.lapso='2013-1' AND b.pensum='5' AND b.c_uni_ca='5' AND status IN ('7','A','2') AND a.c_asigna=b.c_asigna  [1][0] OK
C:[03/06/2013 17:34:01.47][190.200.26.60][1619] SELECT sum(u_creditos*1) FROM dace006 a, tblaca009 b WHERE a.exp_e='04-17432660' AND a.lapso='2013-1' AND b.pensum='5' AND b.c_uni_ca='5' AND status IN ('7','A','2') AND a.c_asigna=b.c_asigna AND a.c_asigna IN ('355573','355874') [1][0] OK
C:[03/06/2013 17:34:01.84][190.200.26.60][1635] SELECT MAX(semestre) FROM dace006 a, tblaca009 b WHERE a.exp_e='04-17432660' AND a.lapso='2013-1' AND b.pensum='5' AND b.c_uni_ca='5' AND status IN ('7','A','2') AND a.c_asigna=b.c_asigna  [1][0] OK
C:[03/06/2013 17:34:01.22][190.200.26.60][1655] SELECT MIN(semestre) FROM dace006 a, tblaca009 b WHERE a.exp_e='04-17432660' AND a.lapso='2013-1' AND b.pensum='5' AND b.c_uni_ca='5' AND status IN ('7','A','2') AND a.c_asigna=b.c_asigna AND a.c_asigna IN ('355951') [1][0] OK
C:[04/06/2013 09:17:54.47][190.206.58.11][1392] SELECT pre_cod_asig1,pre_cod_asig2,pre_cod_asig3,pre_cod_asig4,pre_cod_asig5,pre_cod_asig6,pre_cod_asig7 FROM tblaca009 WHERE pensum='5' AND c_uni_ca='4' AND c_asigna='333053' [1][0] OK
C:[04/06/2013 09:17:54.47][190.206.58.11][1392] SELECT pre_cod_asig1,pre_cod_asig2,pre_cod_asig3,pre_cod_asig4,pre_cod_asig5,pre_cod_asig6,pre_cod_asig7 FROM tblaca009 WHERE pensum='5' AND c_uni_ca='4' AND c_asigna='300422' [1][0] OK
C:[04/06/2013 09:17:54.47][190.206.58.11][1405] SELECT c_asigna FROM dace004 WHERE exp_e='06-19093382' AND c_asigna='300105' AND status IN ('0','3','B') [1][0] OK
C:[04/06/2013 09:17:54.47][190.206.58.11][1405] SELECT c_asigna FROM dace004 WHERE exp_e='06-19093382' AND c_asigna='300314' AND status IN ('0','3','B') [1][0] OK
C:[04/06/2013 09:17:54.47][190.206.58.11][1392] SELECT pre_cod_asig1,pre_cod_asig2,pre_cod_asig3,pre_cod_asig4,pre_cod_asig5,pre_cod_asig6,pre_cod_asig7 FROM tblaca009 WHERE pensum='5' AND c_uni_ca='4' AND c_asigna='333939' [1][0] OK
C:[04/06/2013 09:17:54.47][190.206.58.11][1392] SELECT pre_cod_asig1,pre_cod_asig2,pre_cod_asig3,pre_cod_asig4,pre_cod_asig5,pre_cod_asig6,pre_cod_asig7 FROM tblaca009 WHERE pensum='5' AND c_uni_ca='4' AND c_asigna='333052' [1][0] OK
C:[04/06/2013 09:17:54.47][190.206.58.11][1392] SELECT pre_cod_asig1,pre_cod_asig2,pre_cod_asig3,pre_cod_asig4,pre_cod_asig5,pre_cod_asig6,pre_cod_asig7 FROM tblaca009 WHERE pensum='5' AND c_uni_ca='4' AND c_asigna='333059' [1][0] OK
C:[04/06/2013 09:17:54.35][190.206.58.11][1436] SELECT par_cod_asig1,par_cod_asig2,par_cod_asig3 FROM tblaca009 WHERE pensum='5' AND c_uni_ca='4' AND c_asigna='333053' [1][0] OK
C:[04/06/2013 09:17:54.35][190.206.58.11][1436] SELECT par_cod_asig1,par_cod_asig2,par_cod_asig3 FROM tblaca009 WHERE pensum='5' AND c_uni_ca='4' AND c_asigna='300422' [1][0] OK
C:[04/06/2013 09:17:54.35][190.206.58.11][1436] SELECT par_cod_asig1,par_cod_asig2,par_cod_asig3 FROM tblaca009 WHERE pensum='5' AND c_uni_ca='4' AND c_asigna='333939' [1][0] OK
C:[04/06/2013 09:17:54.35][190.206.58.11][1436] SELECT par_cod_asig1,par_cod_asig2,par_cod_asig3 FROM tblaca009 WHERE pensum='5' AND c_uni_ca='4' AND c_asigna='333052' [1][0] OK
C:[04/06/2013 09:17:54.35][190.206.58.11][1436] SELECT par_cod_asig1,par_cod_asig2,par_cod_asig3 FROM tblaca009 WHERE pensum='5' AND c_uni_ca='4' AND c_asigna='333059' [1][0] OK
C:[04/06/2013 09:17:55.98][190.206.58.11][1566] SELECT horas_lab FROM tblaca008 WHERE c_asigna='333053' AND horas_teoricas > 0 [1][0] OK
C:[04/06/2013 09:17:55.10][190.206.58.11][1600] SELECT sum(u_creditos*1) FROM dace006 a, tblaca009 b WHERE a.exp_e='06-19093382' AND a.lapso='2013-1' AND b.pensum='5' AND b.c_uni_ca='4' AND status IN ('7','A','2') AND a.c_asigna=b.c_asigna  [1][0] OK
C:[04/06/2013 09:17:55.47][190.206.58.11][1619] SELECT sum(u_creditos*1) FROM dace006 a, tblaca009 b WHERE a.exp_e='06-19093382' AND a.lapso='2013-1' AND b.pensum='5' AND b.c_uni_ca='4' AND status IN ('7','A','2') AND a.c_asigna=b.c_asigna AND a.c_asigna IN ('300422','333939','333052','333059') [1][0] OK
C:[04/06/2013 09:17:55.41][190.206.58.11][1635] SELECT MAX(semestre) FROM dace006 a, tblaca009 b WHERE a.exp_e='06-19093382' AND a.lapso='2013-1' AND b.pensum='5' AND b.c_uni_ca='4' AND status IN ('7','A','2') AND a.c_asigna=b.c_asigna  [1][0] OK
C:[04/06/2013 09:17:55.78][190.206.58.11][1655] SELECT MIN(semestre) FROM dace006 a, tblaca009 b WHERE a.exp_e='06-19093382' AND a.lapso='2013-1' AND b.pensum='5' AND b.c_uni_ca='4' AND status IN ('7','A','2') AND a.c_asigna=b.c_asigna AND a.c_asigna IN ('333053') [1][0] OK
C:[04/06/2013 19:09:36.70][190.207.47.252][1392] SELECT pre_cod_asig1,pre_cod_asig2,pre_cod_asig3,pre_cod_asig4,pre_cod_asig5,pre_cod_asig6,pre_cod_asig7 FROM tblaca009 WHERE pensum='5' AND c_uni_ca='6' AND c_asigna='300317' [1][0] OK
C:[04/06/2013 19:09:36.70][190.207.47.252][1405] SELECT c_asigna FROM dace004 WHERE exp_e='11-24560762' AND c_asigna='300207' AND status IN ('0','3','B') [1][0] OK
C:[04/06/2013 19:09:36.70][190.207.47.252][1405] SELECT c_asigna FROM dace004 WHERE exp_e='11-24560762' AND c_asigna='300209' AND status IN ('0','3','B') [1][0] OK
C:[04/06/2013 19:09:36.70][190.207.47.252][1392] SELECT pre_cod_asig1,pre_cod_asig2,pre_cod_asig3,pre_cod_asig4,pre_cod_asig5,pre_cod_asig6,pre_cod_asig7 FROM tblaca009 WHERE pensum='5' AND c_uni_ca='6' AND c_asigna='300218' [1][0] OK
C:[04/06/2013 19:09:36.70][190.207.47.252][1405] SELECT c_asigna FROM dace004 WHERE exp_e='11-24560762' AND c_asigna='300101' AND status IN ('0','3','B') [1][0] OK
C:[04/06/2013 19:09:36.70][190.207.47.252][1392] SELECT pre_cod_asig1,pre_cod_asig2,pre_cod_asig3,pre_cod_asig4,pre_cod_asig5,pre_cod_asig6,pre_cod_asig7 FROM tblaca009 WHERE pensum='5' AND c_uni_ca='6' AND c_asigna='340327' [1][0] OK
C:[04/06/2013 19:09:36.70][190.207.47.252][1405] SELECT c_asigna FROM dace004 WHERE exp_e='11-24560762' AND c_asigna='300013' AND status IN ('0','3','B') [1][0] OK
C:[04/06/2013 19:09:36.70][190.207.47.252][1405] SELECT c_asigna FROM dace004 WHERE exp_e='11-24560762' AND c_asigna='300113' AND status IN ('0','3','B') [1][0] OK
C:[04/06/2013 19:09:36.70][190.207.47.252][1392] SELECT pre_cod_asig1,pre_cod_asig2,pre_cod_asig3,pre_cod_asig4,pre_cod_asig5,pre_cod_asig6,pre_cod_asig7 FROM tblaca009 WHERE pensum='5' AND c_uni_ca='6' AND c_asigna='300226' [1][0] OK
C:[04/06/2013 19:09:36.70][190.207.47.252][1405] SELECT c_asigna FROM dace004 WHERE exp_e='11-24560762' AND c_asigna='300116' AND status IN ('0','3','B') [1][0] OK
C:[04/06/2013 19:09:36.70][190.207.47.252][1392] SELECT pre_cod_asig1,pre_cod_asig2,pre_cod_asig3,pre_cod_asig4,pre_cod_asig5,pre_cod_asig6,pre_cod_asig7 FROM tblaca009 WHERE pensum='5' AND c_uni_ca='6' AND c_asigna='300228' [1][0] OK
C:[04/06/2013 19:09:36.70][190.207.47.252][1405] SELECT c_asigna FROM dace004 WHERE exp_e='11-24560762' AND c_asigna='300101' AND status IN ('0','3','B') [1][0] OK
C:[04/06/2013 19:09:36.21][190.207.47.252][1436] SELECT par_cod_asig1,par_cod_asig2,par_cod_asig3 FROM tblaca009 WHERE pensum='5' AND c_uni_ca='6' AND c_asigna='300317' [1][0] OK
C:[04/06/2013 19:09:36.21][190.207.47.252][1436] SELECT par_cod_asig1,par_cod_asig2,par_cod_asig3 FROM tblaca009 WHERE pensum='5' AND c_uni_ca='6' AND c_asigna='300218' [1][0] OK
C:[04/06/2013 19:09:36.21][190.207.47.252][1450] SELECT c_asigna FROM dace004 WHERE exp_e='11-24560762' AND c_asigna='300228' AND status IN ('0','3','B','C') [0][0] OK
C:[04/06/2013 19:09:36.21][190.207.47.252][1436] SELECT par_cod_asig1,par_cod_asig2,par_cod_asig3 FROM tblaca009 WHERE pensum='5' AND c_uni_ca='6' AND c_asigna='340327' [1][0] OK
C:[04/06/2013 19:09:36.21][190.207.47.252][1436] SELECT par_cod_asig1,par_cod_asig2,par_cod_asig3 FROM tblaca009 WHERE pensum='5' AND c_uni_ca='6' AND c_asigna='300226' [1][0] OK
C:[04/06/2013 19:09:36.21][190.207.47.252][1436] SELECT par_cod_asig1,par_cod_asig2,par_cod_asig3 FROM tblaca009 WHERE pensum='5' AND c_uni_ca='6' AND c_asigna='300228' [1][0] OK
C:[04/06/2013 19:09:36.10][190.207.47.252][1566] SELECT horas_lab FROM tblaca008 WHERE c_asigna='300317' AND horas_teoricas > 0 [1][0] OK
C:[04/06/2013 19:09:36.20][190.207.47.252][1600] SELECT sum(u_creditos*1) FROM dace006 a, tblaca009 b WHERE a.exp_e='11-24560762' AND a.lapso='2013-1' AND b.pensum='5' AND b.c_uni_ca='6' AND status IN ('7','A','2') AND a.c_asigna=b.c_asigna  [1][0] OK
C:[04/06/2013 19:09:36.14][190.207.47.252][1619] SELECT sum(u_creditos*1) FROM dace006 a, tblaca009 b WHERE a.exp_e='11-24560762' AND a.lapso='2013-1' AND b.pensum='5' AND b.c_uni_ca='6' AND status IN ('7','A','2') AND a.c_asigna=b.c_asigna AND a.c_asigna IN ('300218','340327','300226','300228') [1][0] OK
C:[04/06/2013 19:09:36.07][190.207.47.252][1635] SELECT MAX(semestre) FROM dace006 a, tblaca009 b WHERE a.exp_e='11-24560762' AND a.lapso='2013-1' AND b.pensum='5' AND b.c_uni_ca='6' AND status IN ('7','A','2') AND a.c_asigna=b.c_asigna  [1][0] OK
C:[04/06/2013 19:09:37.01][190.207.47.252][1655] SELECT MIN(semestre) FROM dace006 a, tblaca009 b WHERE a.exp_e='11-24560762' AND a.lapso='2013-1' AND b.pensum='5' AND b.c_uni_ca='6' AND status IN ('7','A','2') AND a.c_asigna=b.c_asigna AND a.c_asigna IN ('300317') [1][0] OK
C:[04/06/2013 20:22:32.78][181.17.18.250][1392] SELECT pre_cod_asig1,pre_cod_asig2,pre_cod_asig3,pre_cod_asig4,pre_cod_asig5,pre_cod_asig6,pre_cod_asig7 FROM tblaca009 WHERE pensum='5' AND c_uni_ca='4' AND c_asigna='333440' [1][0] OK
C:[04/06/2013 20:22:32.78][181.17.18.250][1405] SELECT c_asigna FROM dace004 WHERE exp_e='05-13500489' AND c_asigna='300317' AND status IN ('0','3','B') [1][0] OK
C:[04/06/2013 20:22:32.78][181.17.18.250][1405] SELECT c_asigna FROM dace004 WHERE exp_e='05-13500489' AND c_asigna='330310' AND status IN ('0','3','B') [1][0] OK
C:[04/06/2013 20:22:32.78][181.17.18.250][1405] SELECT c_asigna FROM dace004 WHERE exp_e='05-13500489' AND c_asigna='300209' AND status IN ('0','3','B') [1][0] OK
C:[04/06/2013 20:22:32.28][181.17.18.250][1436] SELECT par_cod_asig1,par_cod_asig2,par_cod_asig3 FROM tblaca009 WHERE pensum='5' AND c_uni_ca='4' AND c_asigna='333440' [1][0] OK
C:[04/06/2013 20:22:32.28][181.17.18.250][1450] SELECT c_asigna FROM dace004 WHERE exp_e='05-13500489' AND c_asigna='333441' AND status IN ('0','3','B','C') [1][0] OK
C:[04/06/2013 20:22:32.56][181.17.18.250][1600] SELECT sum(u_creditos*1) FROM dace006 a, tblaca009 b WHERE a.exp_e='05-13500489' AND a.lapso='2013-1' AND b.pensum='5' AND b.c_uni_ca='4' AND status IN ('7','A','2') AND a.c_asigna=b.c_asigna  [1][0] OK
C:[04/06/2013 20:22:33.48][181.17.18.250][1619] SELECT sum(u_creditos*1) FROM dace006 a, tblaca009 b WHERE a.exp_e='05-13500489' AND a.lapso='2013-1' AND b.pensum='5' AND b.c_uni_ca='4' AND status IN ('7','A','2') AND a.c_asigna=b.c_asigna AND a.c_asigna IN ('333440') [1][0] OK
C:[04/06/2013 20:22:33.85][181.17.18.250][1635] SELECT MAX(semestre) FROM dace006 a, tblaca009 b WHERE a.exp_e='05-13500489' AND a.lapso='2013-1' AND b.pensum='5' AND b.c_uni_ca='4' AND status IN ('7','A','2') AND a.c_asigna=b.c_asigna  [1][0] OK
C:[05/06/2013 11:04:18.69][186.90.182.231][1392] SELECT pre_cod_asig1,pre_cod_asig2,pre_cod_asig3,pre_cod_asig4,pre_cod_asig5,pre_cod_asig6,pre_cod_asig7 FROM tblaca009 WHERE pensum='5' AND c_uni_ca='2' AND c_asigna='300101' [1][0] OK
C:[05/06/2013 11:04:18.81][186.90.182.231][1436] SELECT par_cod_asig1,par_cod_asig2,par_cod_asig3 FROM tblaca009 WHERE pensum='5' AND c_uni_ca='2' AND c_asigna='300101' [1][0] OK
C:[05/06/2013 11:04:18.96][186.90.182.231][1600] SELECT sum(u_creditos*1) FROM dace006 a, tblaca009 b WHERE a.exp_e='11-24149640' AND a.lapso='2013-1' AND b.pensum='5' AND b.c_uni_ca='2' AND status IN ('7','A','2') AND a.c_asigna=b.c_asigna  [1][0] OK
C:[05/06/2013 11:04:18.88][186.90.182.231][1619] SELECT sum(u_creditos*1) FROM dace006 a, tblaca009 b WHERE a.exp_e='11-24149640' AND a.lapso='2013-1' AND b.pensum='5' AND b.c_uni_ca='2' AND status IN ('7','A','2') AND a.c_asigna=b.c_asigna AND a.c_asigna IN ('300101') [1][0] OK
C:[05/06/2013 11:04:18.26][186.90.182.231][1635] SELECT MAX(semestre) FROM dace006 a, tblaca009 b WHERE a.exp_e='11-24149640' AND a.lapso='2013-1' AND b.pensum='5' AND b.c_uni_ca='2' AND status IN ('7','A','2') AND a.c_asigna=b.c_asigna  [1][0] OK
C:[05/06/2013 12:59:37.08][190.201.11.155][1392] SELECT pre_cod_asig1,pre_cod_asig2,pre_cod_asig3,pre_cod_asig4,pre_cod_asig5,pre_cod_asig6,pre_cod_asig7 FROM tblaca009 WHERE pensum='5' AND c_uni_ca='2' AND c_asigna='300317' [1][0] OK
C:[05/06/2013 12:59:37.08][190.201.11.155][1405] SELECT c_asigna FROM dace004 WHERE exp_e='11-22587521' AND c_asigna='300207' AND status IN ('0','3','B') [1][0] OK
C:[05/06/2013 12:59:37.08][190.201.11.155][1405] SELECT c_asigna FROM dace004 WHERE exp_e='11-22587521' AND c_asigna='300209' AND status IN ('0','3','B') [1][0] OK
C:[05/06/2013 12:59:37.08][190.201.11.155][1392] SELECT pre_cod_asig1,pre_cod_asig2,pre_cod_asig3,pre_cod_asig4,pre_cod_asig5,pre_cod_asig6,pre_cod_asig7 FROM tblaca009 WHERE pensum='5' AND c_uni_ca='2' AND c_asigna='300313' [1][0] OK
C:[05/06/2013 12:59:37.08][190.201.11.155][1405] SELECT c_asigna FROM dace004 WHERE exp_e='11-22587521' AND c_asigna='300213' AND status IN ('0','3','B') [1][0] OK
C:[05/06/2013 12:59:37.08][190.201.11.155][1405] SELECT c_asigna FROM dace004 WHERE exp_e='11-22587521' AND c_asigna='300226' AND status IN ('0','3','B') [1][0] OK
C:[05/06/2013 12:59:37.08][190.201.11.155][1405] SELECT c_asigna FROM dace004 WHERE exp_e='11-22587521' AND c_asigna='300209' AND status IN ('0','3','B') [1][0] OK
C:[05/06/2013 12:59:37.08][190.201.11.155][1392] SELECT pre_cod_asig1,pre_cod_asig2,pre_cod_asig3,pre_cod_asig4,pre_cod_asig5,pre_cod_asig6,pre_cod_asig7 FROM tblaca009 WHERE pensum='5' AND c_uni_ca='2' AND c_asigna='300318' [1][0] OK
C:[05/06/2013 12:59:37.08][190.201.11.155][1405] SELECT c_asigna FROM dace004 WHERE exp_e='11-22587521' AND c_asigna='300228' AND status IN ('0','3','B') [1][0] OK
C:[05/06/2013 12:59:37.08][190.201.11.155][1405] SELECT c_asigna FROM dace004 WHERE exp_e='11-22587521' AND c_asigna='300207' AND status IN ('0','3','B') [1][0] OK
C:[05/06/2013 12:59:37.08][190.201.11.155][1405] SELECT c_asigna FROM dace004 WHERE exp_e='11-22587521' AND c_asigna='300218' AND status IN ('0','3','B') [1][0] OK
C:[05/06/2013 12:59:37.08][190.201.11.155][1392] SELECT pre_cod_asig1,pre_cod_asig2,pre_cod_asig3,pre_cod_asig4,pre_cod_asig5,pre_cod_asig6,pre_cod_asig7 FROM tblaca009 WHERE pensum='5' AND c_uni_ca='2' AND c_asigna='322433' [1][0] OK
C:[05/06/2013 12:59:37.08][190.201.11.155][1405] SELECT c_asigna FROM dace004 WHERE exp_e='11-22587521' AND c_asigna='320323' AND status IN ('0','3','B') [1][0] OK
C:[05/06/2013 12:59:37.08][190.201.11.155][1405] SELECT c_asigna FROM dace004 WHERE exp_e='11-22587521' AND c_asigna='300209' AND status IN ('0','3','B') [1][0] OK
C:[05/06/2013 12:59:38.83][190.201.11.155][1436] SELECT par_cod_asig1,par_cod_asig2,par_cod_asig3 FROM tblaca009 WHERE pensum='5' AND c_uni_ca='2' AND c_asigna='300317' [1][0] OK
C:[05/06/2013 12:59:38.83][190.201.11.155][1436] SELECT par_cod_asig1,par_cod_asig2,par_cod_asig3 FROM tblaca009 WHERE pensum='5' AND c_uni_ca='2' AND c_asigna='300313' [1][0] OK
C:[05/06/2013 12:59:38.83][190.201.11.155][1436] SELECT par_cod_asig1,par_cod_asig2,par_cod_asig3 FROM tblaca009 WHERE pensum='5' AND c_uni_ca='2' AND c_asigna='300318' [1][0] OK
C:[05/06/2013 12:59:38.83][190.201.11.155][1436] SELECT par_cod_asig1,par_cod_asig2,par_cod_asig3 FROM tblaca009 WHERE pensum='5' AND c_uni_ca='2' AND c_asigna='322433' [1][0] OK
C:[05/06/2013 12:59:38.35][190.201.11.155][1566] SELECT horas_lab FROM tblaca008 WHERE c_asigna='300317' AND horas_teoricas > 0 [1][0] OK
C:[05/06/2013 12:59:38.46][190.201.11.155][1600] SELECT sum(u_creditos*1) FROM dace006 a, tblaca009 b WHERE a.exp_e='11-22587521' AND a.lapso='2013-1' AND b.pensum='5' AND b.c_uni_ca='2' AND status IN ('7','A','2') AND a.c_asigna=b.c_asigna  [1][0] OK
C:[05/06/2013 12:59:38.84][190.201.11.155][1619] SELECT sum(u_creditos*1) FROM dace006 a, tblaca009 b WHERE a.exp_e='11-22587521' AND a.lapso='2013-1' AND b.pensum='5' AND b.c_uni_ca='2' AND status IN ('7','A','2') AND a.c_asigna=b.c_asigna AND a.c_asigna IN ('300313','300318','322433') [1][0] OK
C:[05/06/2013 12:59:38.21][190.201.11.155][1635] SELECT MAX(semestre) FROM dace006 a, tblaca009 b WHERE a.exp_e='11-22587521' AND a.lapso='2013-1' AND b.pensum='5' AND b.c_uni_ca='2' AND status IN ('7','A','2') AND a.c_asigna=b.c_asigna  [1][0] OK
C:[05/06/2013 12:59:38.58][190.201.11.155][1655] SELECT MIN(semestre) FROM dace006 a, tblaca009 b WHERE a.exp_e='11-22587521' AND a.lapso='2013-1' AND b.pensum='5' AND b.c_uni_ca='2' AND status IN ('7','A','2') AND a.c_asigna=b.c_asigna AND a.c_asigna IN ('300317') [1][0] OK
C:[05/06/2013 20:32:15.80][190.37.60.92][1392] SELECT pre_cod_asig1,pre_cod_asig2,pre_cod_asig3,pre_cod_asig4,pre_cod_asig5,pre_cod_asig6,pre_cod_asig7 FROM tblaca009 WHERE pensum='5' AND c_uni_ca='6' AND c_asigna='300428' [1][0] OK
C:[05/06/2013 20:32:15.80][190.37.60.92][1405] SELECT c_asigna FROM dace004 WHERE exp_e='06-19093272' AND c_asigna='300317' AND status IN ('0','3','B') [1][0] OK
C:[05/06/2013 20:32:15.80][190.37.60.92][1405] SELECT c_asigna FROM dace004 WHERE exp_e='06-19093272' AND c_asigna='300209' AND status IN ('0','3','B') [1][0] OK
C:[05/06/2013 20:32:15.16][190.37.60.92][1436] SELECT par_cod_asig1,par_cod_asig2,par_cod_asig3 FROM tblaca009 WHERE pensum='5' AND c_uni_ca='6' AND c_asigna='300428' [1][0] OK
C:[05/06/2013 20:32:15.31][190.37.60.92][1600] SELECT sum(u_creditos*1) FROM dace006 a, tblaca009 b WHERE a.exp_e='06-19093272' AND a.lapso='2013-1' AND b.pensum='5' AND b.c_uni_ca='6' AND status IN ('7','A','2') AND a.c_asigna=b.c_asigna  [1][0] OK
C:[05/06/2013 20:32:15.23][190.37.60.92][1619] SELECT sum(u_creditos*1) FROM dace006 a, tblaca009 b WHERE a.exp_e='06-19093272' AND a.lapso='2013-1' AND b.pensum='5' AND b.c_uni_ca='6' AND status IN ('7','A','2') AND a.c_asigna=b.c_asigna AND a.c_asigna IN ('300428') [1][0] OK
C:[05/06/2013 20:32:15.60][190.37.60.92][1635] SELECT MAX(semestre) FROM dace006 a, tblaca009 b WHERE a.exp_e='06-19093272' AND a.lapso='2013-1' AND b.pensum='5' AND b.c_uni_ca='6' AND status IN ('7','A','2') AND a.c_asigna=b.c_asigna  [1][0] OK
C:[06/06/2013 11:14:34.58][190.204.85.210][1392] SELECT pre_cod_asig1,pre_cod_asig2,pre_cod_asig3,pre_cod_asig4,pre_cod_asig5,pre_cod_asig6,pre_cod_asig7 FROM tblaca009 WHERE pensum='5' AND c_uni_ca='2' AND c_asigna='300207' [1][0] OK
C:[06/06/2013 11:14:34.58][190.204.85.210][1405] SELECT c_asigna FROM dace004 WHERE exp_e='10-21122903' AND c_asigna='300101' AND status IN ('0','3','B') [1][0] OK
C:[06/06/2013 11:14:34.84][190.204.85.210][1436] SELECT par_cod_asig1,par_cod_asig2,par_cod_asig3 FROM tblaca009 WHERE pensum='5' AND c_uni_ca='2' AND c_asigna='300207' [1][0] OK
C:[06/06/2013 11:14:34.97][190.204.85.210][1600] SELECT sum(u_creditos*1) FROM dace006 a, tblaca009 b WHERE a.exp_e='10-21122903' AND a.lapso='2013-1' AND b.pensum='5' AND b.c_uni_ca='2' AND status IN ('7','A','2') AND a.c_asigna=b.c_asigna  [1][0] OK
C:[06/06/2013 11:14:34.89][190.204.85.210][1619] SELECT sum(u_creditos*1) FROM dace006 a, tblaca009 b WHERE a.exp_e='10-21122903' AND a.lapso='2013-1' AND b.pensum='5' AND b.c_uni_ca='2' AND status IN ('7','A','2') AND a.c_asigna=b.c_asigna AND a.c_asigna IN ('300207') [1][0] OK
C:[06/06/2013 11:14:35.27][190.204.85.210][1635] SELECT MAX(semestre) FROM dace006 a, tblaca009 b WHERE a.exp_e='10-21122903' AND a.lapso='2013-1' AND b.pensum='5' AND b.c_uni_ca='2' AND status IN ('7','A','2') AND a.c_asigna=b.c_asigna  [1][0] OK
C:[06/06/2013 11:17:12.62][190.204.85.210][1392] SELECT pre_cod_asig1,pre_cod_asig2,pre_cod_asig3,pre_cod_asig4,pre_cod_asig5,pre_cod_asig6,pre_cod_asig7 FROM tblaca009 WHERE pensum='5' AND c_uni_ca='2' AND c_asigna='300207' [1][0] OK
C:[06/06/2013 11:17:12.62][190.204.85.210][1405] SELECT c_asigna FROM dace004 WHERE exp_e='10-21122903' AND c_asigna='300101' AND status IN ('0','3','B') [1][0] OK
C:[06/06/2013 11:17:12.87][190.204.85.210][1436] SELECT par_cod_asig1,par_cod_asig2,par_cod_asig3 FROM tblaca009 WHERE pensum='5' AND c_uni_ca='2' AND c_asigna='300207' [1][0] OK
C:[06/06/2013 11:17:12.02][190.204.85.210][1600] SELECT sum(u_creditos*1) FROM dace006 a, tblaca009 b WHERE a.exp_e='10-21122903' AND a.lapso='2013-1' AND b.pensum='5' AND b.c_uni_ca='2' AND status IN ('7','A','2') AND a.c_asigna=b.c_asigna  [1][0] OK
C:[06/06/2013 11:17:12.95][190.204.85.210][1619] SELECT sum(u_creditos*1) FROM dace006 a, tblaca009 b WHERE a.exp_e='10-21122903' AND a.lapso='2013-1' AND b.pensum='5' AND b.c_uni_ca='2' AND status IN ('7','A','2') AND a.c_asigna=b.c_asigna AND a.c_asigna IN ('300207') [1][0] OK
C:[06/06/2013 11:17:12.31][190.204.85.210][1635] SELECT MAX(semestre) FROM dace006 a, tblaca009 b WHERE a.exp_e='10-21122903' AND a.lapso='2013-1' AND b.pensum='5' AND b.c_uni_ca='2' AND status IN ('7','A','2') AND a.c_asigna=b.c_asigna  [1][0] OK
C:[06/06/2013 11:18:48.97][190.204.85.210][1392] SELECT pre_cod_asig1,pre_cod_asig2,pre_cod_asig3,pre_cod_asig4,pre_cod_asig5,pre_cod_asig6,pre_cod_asig7 FROM tblaca009 WHERE pensum='5' AND c_uni_ca='2' AND c_asigna='300207' [1][0] OK
C:[06/06/2013 11:18:48.97][190.204.85.210][1405] SELECT c_asigna FROM dace004 WHERE exp_e='10-21122903' AND c_asigna='300101' AND status IN ('0','3','B') [1][0] OK
C:[06/06/2013 11:18:48.22][190.204.85.210][1436] SELECT par_cod_asig1,par_cod_asig2,par_cod_asig3 FROM tblaca009 WHERE pensum='5' AND c_uni_ca='2' AND c_asigna='300207' [1][0] OK
C:[06/06/2013 11:18:48.38][190.204.85.210][1600] SELECT sum(u_creditos*1) FROM dace006 a, tblaca009 b WHERE a.exp_e='10-21122903' AND a.lapso='2013-1' AND b.pensum='5' AND b.c_uni_ca='2' AND status IN ('7','A','2') AND a.c_asigna=b.c_asigna  [1][0] OK
C:[06/06/2013 11:18:49.10][190.204.85.210][1619] SELECT sum(u_creditos*1) FROM dace006 a, tblaca009 b WHERE a.exp_e='10-21122903' AND a.lapso='2013-1' AND b.pensum='5' AND b.c_uni_ca='2' AND status IN ('7','A','2') AND a.c_asigna=b.c_asigna AND a.c_asigna IN ('300207') [1][0] OK
C:[06/06/2013 11:18:49.29][190.204.85.210][1635] SELECT MAX(semestre) FROM dace006 a, tblaca009 b WHERE a.exp_e='10-21122903' AND a.lapso='2013-1' AND b.pensum='5' AND b.c_uni_ca='2' AND status IN ('7','A','2') AND a.c_asigna=b.c_asigna  [1][0] OK
C:[06/06/2013 12:33:47.52][190.201.12.233][1392] SELECT pre_cod_asig1,pre_cod_asig2,pre_cod_asig3,pre_cod_asig4,pre_cod_asig5,pre_cod_asig6,pre_cod_asig7 FROM tblaca009 WHERE pensum='5' AND c_uni_ca='5' AND c_asigna='300317' [1][0] OK
C:[06/06/2013 12:33:47.52][190.201.12.233][1405] SELECT c_asigna FROM dace004 WHERE exp_e='09-10941373' AND c_asigna='300207' AND status IN ('0','3','B') [1][0] OK
C:[06/06/2013 12:33:47.52][190.201.12.233][1405] SELECT c_asigna FROM dace004 WHERE exp_e='09-10941373' AND c_asigna='300209' AND status IN ('0','3','B') [1][0] OK
C:[06/06/2013 12:33:47.52][190.201.12.233][1392] SELECT pre_cod_asig1,pre_cod_asig2,pre_cod_asig3,pre_cod_asig4,pre_cod_asig5,pre_cod_asig6,pre_cod_asig7 FROM tblaca009 WHERE pensum='5' AND c_uni_ca='5' AND c_asigna='300318' [1][0] OK
C:[06/06/2013 12:33:47.52][190.201.12.233][1405] SELECT c_asigna FROM dace004 WHERE exp_e='09-10941373' AND c_asigna='300228' AND status IN ('0','3','B') [1][0] OK
C:[06/06/2013 12:33:47.52][190.201.12.233][1405] SELECT c_asigna FROM dace004 WHERE exp_e='09-10941373' AND c_asigna='300207' AND status IN ('0','3','B') [1][0] OK
C:[06/06/2013 12:33:47.52][190.201.12.233][1405] SELECT c_asigna FROM dace004 WHERE exp_e='09-10941373' AND c_asigna='300218' AND status IN ('0','3','B') [1][0] OK
C:[06/06/2013 12:33:48.40][190.201.12.233][1436] SELECT par_cod_asig1,par_cod_asig2,par_cod_asig3 FROM tblaca009 WHERE pensum='5' AND c_uni_ca='5' AND c_asigna='300317' [1][0] OK
C:[06/06/2013 12:33:48.40][190.201.12.233][1436] SELECT par_cod_asig1,par_cod_asig2,par_cod_asig3 FROM tblaca009 WHERE pensum='5' AND c_uni_ca='5' AND c_asigna='300318' [1][0] OK
C:[06/06/2013 12:33:48.68][190.201.12.233][1600] SELECT sum(u_creditos*1) FROM dace006 a, tblaca009 b WHERE a.exp_e='09-10941373' AND a.lapso='2013-1' AND b.pensum='5' AND b.c_uni_ca='5' AND status IN ('7','A','2') AND a.c_asigna=b.c_asigna  [1][0] OK
C:[06/06/2013 12:33:48.14][190.201.12.233][1619] SELECT sum(u_creditos*1) FROM dace006 a, tblaca009 b WHERE a.exp_e='09-10941373' AND a.lapso='2013-1' AND b.pensum='5' AND b.c_uni_ca='5' AND status IN ('7','A','2') AND a.c_asigna=b.c_asigna AND a.c_asigna IN ('300317','300318') [1][0] OK
C:[06/06/2013 12:33:48.08][190.201.12.233][1635] SELECT MAX(semestre) FROM dace006 a, tblaca009 b WHERE a.exp_e='09-10941373' AND a.lapso='2013-1' AND b.pensum='5' AND b.c_uni_ca='5' AND status IN ('7','A','2') AND a.c_asigna=b.c_asigna  [1][0] OK
C:[06/06/2013 13:01:30.84][190.38.119.175][1392] SELECT pre_cod_asig1,pre_cod_asig2,pre_cod_asig3,pre_cod_asig4,pre_cod_asig5,pre_cod_asig6,pre_cod_asig7 FROM tblaca009 WHERE pensum='5' AND c_uni_ca='2' AND c_asigna='300013' [1][0] OK
C:[06/06/2013 13:01:30.84][190.38.119.175][1392] SELECT pre_cod_asig1,pre_cod_asig2,pre_cod_asig3,pre_cod_asig4,pre_cod_asig5,pre_cod_asig6,pre_cod_asig7 FROM tblaca009 WHERE pensum='5' AND c_uni_ca='2' AND c_asigna='300112' [1][0] OK
C:[06/06/2013 13:01:31.09][190.38.119.175][1436] SELECT par_cod_asig1,par_cod_asig2,par_cod_asig3 FROM tblaca009 WHERE pensum='5' AND c_uni_ca='2' AND c_asigna='300013' [1][0] OK
C:[06/06/2013 13:01:31.09][190.38.119.175][1436] SELECT par_cod_asig1,par_cod_asig2,par_cod_asig3 FROM tblaca009 WHERE pensum='5' AND c_uni_ca='2' AND c_asigna='300112' [1][0] OK
C:[06/06/2013 13:01:31.36][190.38.119.175][1600] SELECT sum(u_creditos*1) FROM dace006 a, tblaca009 b WHERE a.exp_e='10-20808640' AND a.lapso='2013-1' AND b.pensum='5' AND b.c_uni_ca='2' AND status IN ('7','A','2') AND a.c_asigna=b.c_asigna  [1][0] OK
C:[06/06/2013 13:01:31.28][190.38.119.175][1619] SELECT sum(u_creditos*1) FROM dace006 a, tblaca009 b WHERE a.exp_e='10-20808640' AND a.lapso='2013-1' AND b.pensum='5' AND b.c_uni_ca='2' AND status IN ('7','A','2') AND a.c_asigna=b.c_asigna AND a.c_asigna IN ('300013','300112') [1][0] OK
C:[06/06/2013 13:01:31.22][190.38.119.175][1635] SELECT MAX(semestre) FROM dace006 a, tblaca009 b WHERE a.exp_e='10-20808640' AND a.lapso='2013-1' AND b.pensum='5' AND b.c_uni_ca='2' AND status IN ('7','A','2') AND a.c_asigna=b.c_asigna  [1][0] OK
C:[06/06/2013 13:04:42.15][190.38.119.175][1392] SELECT pre_cod_asig1,pre_cod_asig2,pre_cod_asig3,pre_cod_asig4,pre_cod_asig5,pre_cod_asig6,pre_cod_asig7 FROM tblaca009 WHERE pensum='5' AND c_uni_ca='2' AND c_asigna='300013' [1][0] OK
C:[06/06/2013 13:04:42.15][190.38.119.175][1392] SELECT pre_cod_asig1,pre_cod_asig2,pre_cod_asig3,pre_cod_asig4,pre_cod_asig5,pre_cod_asig6,pre_cod_asig7 FROM tblaca009 WHERE pensum='5' AND c_uni_ca='2' AND c_asigna='300112' [1][0] OK
C:[06/06/2013 13:04:42.40][190.38.119.175][1436] SELECT par_cod_asig1,par_cod_asig2,par_cod_asig3 FROM tblaca009 WHERE pensum='5' AND c_uni_ca='2' AND c_asigna='300013' [1][0] OK
C:[06/06/2013 13:04:42.40][190.38.119.175][1436] SELECT par_cod_asig1,par_cod_asig2,par_cod_asig3 FROM tblaca009 WHERE pensum='5' AND c_uni_ca='2' AND c_asigna='300112' [1][0] OK
C:[06/06/2013 13:04:42.66][190.38.119.175][1566] SELECT horas_lab FROM tblaca008 WHERE c_asigna='300013' AND horas_teoricas > 0 [1][0] OK
C:[06/06/2013 13:04:42.78][190.38.119.175][1600] SELECT sum(u_creditos*1) FROM dace006 a, tblaca009 b WHERE a.exp_e='10-20808640' AND a.lapso='2013-1' AND b.pensum='5' AND b.c_uni_ca='2' AND status IN ('7','A','2') AND a.c_asigna=b.c_asigna  [1][0] OK
C:[06/06/2013 13:04:42.15][190.38.119.175][1619] SELECT sum(u_creditos*1) FROM dace006 a, tblaca009 b WHERE a.exp_e='10-20808640' AND a.lapso='2013-1' AND b.pensum='5' AND b.c_uni_ca='2' AND status IN ('7','A','2') AND a.c_asigna=b.c_asigna AND a.c_asigna IN ('300112') [1][0] OK
C:[06/06/2013 13:04:42.53][190.38.119.175][1635] SELECT MAX(semestre) FROM dace006 a, tblaca009 b WHERE a.exp_e='10-20808640' AND a.lapso='2013-1' AND b.pensum='5' AND b.c_uni_ca='2' AND status IN ('7','A','2') AND a.c_asigna=b.c_asigna  [1][0] OK
C:[06/06/2013 13:04:42.90][190.38.119.175][1655] SELECT MIN(semestre) FROM dace006 a, tblaca009 b WHERE a.exp_e='10-20808640' AND a.lapso='2013-1' AND b.pensum='5' AND b.c_uni_ca='2' AND status IN ('7','A','2') AND a.c_asigna=b.c_asigna AND a.c_asigna IN ('300013') [1][0] OK
C:[07/06/2013 09:33:58.37][190.76.83.244][1392] SELECT pre_cod_asig1,pre_cod_asig2,pre_cod_asig3,pre_cod_asig4,pre_cod_asig5,pre_cod_asig6,pre_cod_asig7 FROM tblaca009 WHERE pensum='5' AND c_uni_ca='5' AND c_asigna='351330' [1][0] OK
C:[07/06/2013 09:33:58.37][190.76.83.244][1405] SELECT c_asigna FROM dace004 WHERE exp_e='11-25362857' AND c_asigna='300218' AND status IN ('0','3','B') [1][0] OK
C:[07/06/2013 09:33:58.37][190.76.83.244][1392] SELECT pre_cod_asig1,pre_cod_asig2,pre_cod_asig3,pre_cod_asig4,pre_cod_asig5,pre_cod_asig6,pre_cod_asig7 FROM tblaca009 WHERE pensum='5' AND c_uni_ca='5' AND c_asigna='300222' [1][0] OK
C:[07/06/2013 09:33:58.37][190.76.83.244][1405] SELECT c_asigna FROM dace004 WHERE exp_e='11-25362857' AND c_asigna='300112' AND status IN ('0','3','B') [1][0] OK
C:[07/06/2013 09:33:58.37][190.76.83.244][1392] SELECT pre_cod_asig1,pre_cod_asig2,pre_cod_asig3,pre_cod_asig4,pre_cod_asig5,pre_cod_asig6,pre_cod_asig7 FROM tblaca009 WHERE pensum='5' AND c_uni_ca='5' AND c_asigna='355350' [1][0] OK
C:[07/06/2013 09:33:58.37][190.76.83.244][1405] SELECT c_asigna FROM dace004 WHERE exp_e='11-25362857' AND c_asigna='300207' AND status IN ('0','3','B') [1][0] OK
C:[07/06/2013 09:33:58.37][190.76.83.244][1405] SELECT c_asigna FROM dace004 WHERE exp_e='11-25362857' AND c_asigna='300228' AND status IN ('0','3','B') [1][0] OK
C:[07/06/2013 09:33:58.37][190.76.83.244][1392] SELECT pre_cod_asig1,pre_cod_asig2,pre_cod_asig3,pre_cod_asig4,pre_cod_asig5,pre_cod_asig6,pre_cod_asig7 FROM tblaca009 WHERE pensum='5' AND c_uni_ca='5' AND c_asigna='300317' [1][0] OK
C:[07/06/2013 09:33:58.37][190.76.83.244][1405] SELECT c_asigna FROM dace004 WHERE exp_e='11-25362857' AND c_asigna='300207' AND status IN ('0','3','B') [1][0] OK
C:[07/06/2013 09:33:58.37][190.76.83.244][1405] SELECT c_asigna FROM dace004 WHERE exp_e='11-25362857' AND c_asigna='300209' AND status IN ('0','3','B') [1][0] OK
C:[07/06/2013 09:33:58.37][190.76.83.244][1392] SELECT pre_cod_asig1,pre_cod_asig2,pre_cod_asig3,pre_cod_asig4,pre_cod_asig5,pre_cod_asig6,pre_cod_asig7 FROM tblaca009 WHERE pensum='5' AND c_uni_ca='5' AND c_asigna='300318' [1][0] OK
C:[07/06/2013 09:33:58.37][190.76.83.244][1405] SELECT c_asigna FROM dace004 WHERE exp_e='11-25362857' AND c_asigna='300228' AND status IN ('0','3','B') [1][0] OK
C:[07/06/2013 09:33:58.37][190.76.83.244][1405] SELECT c_asigna FROM dace004 WHERE exp_e='11-25362857' AND c_asigna='300207' AND status IN ('0','3','B') [1][0] OK
C:[07/06/2013 09:33:58.37][190.76.83.244][1405] SELECT c_asigna FROM dace004 WHERE exp_e='11-25362857' AND c_asigna='300218' AND status IN ('0','3','B') [1][0] OK
C:[07/06/2013 09:33:58.12][190.76.83.244][1436] SELECT par_cod_asig1,par_cod_asig2,par_cod_asig3 FROM tblaca009 WHERE pensum='5' AND c_uni_ca='5' AND c_asigna='351330' [1][0] OK
C:[07/06/2013 09:33:58.12][190.76.83.244][1450] SELECT c_asigna FROM dace004 WHERE exp_e='11-25362857' AND c_asigna='300318' AND status IN ('0','3','B','C') [0][0] OK
C:[07/06/2013 09:33:58.12][190.76.83.244][1450] SELECT c_asigna FROM dace004 WHERE exp_e='11-25362857' AND c_asigna='300317' AND status IN ('0','3','B','C') [0][0] OK
C:[07/06/2013 09:33:58.12][190.76.83.244][1436] SELECT par_cod_asig1,par_cod_asig2,par_cod_asig3 FROM tblaca009 WHERE pensum='5' AND c_uni_ca='5' AND c_asigna='300222' [1][0] OK
C:[07/06/2013 09:33:58.12][190.76.83.244][1436] SELECT par_cod_asig1,par_cod_asig2,par_cod_asig3 FROM tblaca009 WHERE pensum='5' AND c_uni_ca='5' AND c_asigna='355350' [1][0] OK
C:[07/06/2013 09:33:58.12][190.76.83.244][1436] SELECT par_cod_asig1,par_cod_asig2,par_cod_asig3 FROM tblaca009 WHERE pensum='5' AND c_uni_ca='5' AND c_asigna='300317' [1][0] OK
C:[07/06/2013 09:33:58.12][190.76.83.244][1436] SELECT par_cod_asig1,par_cod_asig2,par_cod_asig3 FROM tblaca009 WHERE pensum='5' AND c_uni_ca='5' AND c_asigna='300318' [1][0] OK
C:[07/06/2013 09:33:58.02][190.76.83.244][1566] SELECT horas_lab FROM tblaca008 WHERE c_asigna='351330' AND horas_teoricas > 0 [1][0] OK
C:[07/06/2013 09:33:58.12][190.76.83.244][1600] SELECT sum(u_creditos*1) FROM dace006 a, tblaca009 b WHERE a.exp_e='11-25362857' AND a.lapso='2013-1' AND b.pensum='5' AND b.c_uni_ca='5' AND status IN ('7','A','2') AND a.c_asigna=b.c_asigna  [1][0] OK
C:[07/06/2013 09:33:59.63][190.76.83.244][1619] SELECT sum(u_creditos*1) FROM dace006 a, tblaca009 b WHERE a.exp_e='11-25362857' AND a.lapso='2013-1' AND b.pensum='5' AND b.c_uni_ca='5' AND status IN ('7','A','2') AND a.c_asigna=b.c_asigna AND a.c_asigna IN ('300222','355350','300317','300318') [1][0] OK
C:[07/06/2013 09:33:59.69][190.76.83.244][1635] SELECT MAX(semestre) FROM dace006 a, tblaca009 b WHERE a.exp_e='11-25362857' AND a.lapso='2013-1' AND b.pensum='5' AND b.c_uni_ca='5' AND status IN ('7','A','2') AND a.c_asigna=b.c_asigna  [1][0] OK
C:[07/06/2013 09:33:59.19][190.76.83.244][1655] SELECT MIN(semestre) FROM dace006 a, tblaca009 b WHERE a.exp_e='11-25362857' AND a.lapso='2013-1' AND b.pensum='5' AND b.c_uni_ca='5' AND status IN ('7','A','2') AND a.c_asigna=b.c_asigna AND a.c_asigna IN ('351330') [1][0] OK
C:[07/06/2013 12:03:21.25][190.36.30.135][1392] SELECT pre_cod_asig1,pre_cod_asig2,pre_cod_asig3,pre_cod_asig4,pre_cod_asig5,pre_cod_asig6,pre_cod_asig7 FROM tblaca009 WHERE pensum='5' AND c_uni_ca='3' AND c_asigna='300101' [1][0] OK
C:[07/06/2013 12:03:22.08][190.36.30.135][1436] SELECT par_cod_asig1,par_cod_asig2,par_cod_asig3 FROM tblaca009 WHERE pensum='5' AND c_uni_ca='3' AND c_asigna='300101' [1][0] OK
C:[07/06/2013 12:03:22.62][190.36.30.135][1600] SELECT sum(u_creditos*1) FROM dace006 a, tblaca009 b WHERE a.exp_e='12-24031087' AND a.lapso='2013-1' AND b.pensum='5' AND b.c_uni_ca='3' AND status IN ('7','A','2') AND a.c_asigna=b.c_asigna  [1][0] OK
C:[07/06/2013 12:03:22.13][190.36.30.135][1619] SELECT sum(u_creditos*1) FROM dace006 a, tblaca009 b WHERE a.exp_e='12-24031087' AND a.lapso='2013-1' AND b.pensum='5' AND b.c_uni_ca='3' AND status IN ('7','A','2') AND a.c_asigna=b.c_asigna AND a.c_asigna IN ('300101') [1][0] OK
C:[07/06/2013 12:03:22.07][190.36.30.135][1635] SELECT MAX(semestre) FROM dace006 a, tblaca009 b WHERE a.exp_e='12-24031087' AND a.lapso='2013-1' AND b.pensum='5' AND b.c_uni_ca='3' AND status IN ('7','A','2') AND a.c_asigna=b.c_asigna  [1][0] OK
C:[10/06/2013 07:13:28.20][190.77.216.104][1392] SELECT pre_cod_asig1,pre_cod_asig2,pre_cod_asig3,pre_cod_asig4,pre_cod_asig5,pre_cod_asig6,pre_cod_asig7 FROM tblaca009 WHERE pensum='5' AND c_uni_ca='4' AND c_asigna='300228' [1][0] OK
C:[10/06/2013 07:13:28.20][190.77.216.104][1405] SELECT c_asigna FROM dace004 WHERE exp_e='10-20805508' AND c_asigna='300101' AND status IN ('0','3','B') [1][0] OK
C:[10/06/2013 07:13:28.20][190.77.216.104][1392] SELECT pre_cod_asig1,pre_cod_asig2,pre_cod_asig3,pre_cod_asig4,pre_cod_asig5,pre_cod_asig6,pre_cod_asig7 FROM tblaca009 WHERE pensum='5' AND c_uni_ca='4' AND c_asigna='300207' [1][0] OK
C:[10/06/2013 07:13:28.20][190.77.216.104][1405] SELECT c_asigna FROM dace004 WHERE exp_e='10-20805508' AND c_asigna='300101' AND status IN ('0','3','B') [1][0] OK
C:[10/06/2013 07:13:28.20][190.77.216.104][1392] SELECT pre_cod_asig1,pre_cod_asig2,pre_cod_asig3,pre_cod_asig4,pre_cod_asig5,pre_cod_asig6,pre_cod_asig7 FROM tblaca009 WHERE pensum='5' AND c_uni_ca='4' AND c_asigna='300209' [1][0] OK
C:[10/06/2013 07:13:28.20][190.77.216.104][1405] SELECT c_asigna FROM dace004 WHERE exp_e='10-20805508' AND c_asigna='300101' AND status IN ('0','3','B') [1][0] OK
C:[10/06/2013 07:13:28.20][190.77.216.104][1392] SELECT pre_cod_asig1,pre_cod_asig2,pre_cod_asig3,pre_cod_asig4,pre_cod_asig5,pre_cod_asig6,pre_cod_asig7 FROM tblaca009 WHERE pensum='5' AND c_uni_ca='4' AND c_asigna='300213' [1][0] OK
C:[10/06/2013 07:13:28.20][190.77.216.104][1405] SELECT c_asigna FROM dace004 WHERE exp_e='10-20805508' AND c_asigna='300101' AND status IN ('0','3','B') [1][0] OK
C:[10/06/2013 07:13:28.89][190.77.216.104][1436] SELECT par_cod_asig1,par_cod_asig2,par_cod_asig3 FROM tblaca009 WHERE pensum='5' AND c_uni_ca='4' AND c_asigna='300228' [1][0] OK
C:[10/06/2013 07:13:28.89][190.77.216.104][1436] SELECT par_cod_asig1,par_cod_asig2,par_cod_asig3 FROM tblaca009 WHERE pensum='5' AND c_uni_ca='4' AND c_asigna='300207' [1][0] OK
C:[10/06/2013 07:13:28.89][190.77.216.104][1436] SELECT par_cod_asig1,par_cod_asig2,par_cod_asig3 FROM tblaca009 WHERE pensum='5' AND c_uni_ca='4' AND c_asigna='300209' [1][0] OK
C:[10/06/2013 07:13:28.89][190.77.216.104][1436] SELECT par_cod_asig1,par_cod_asig2,par_cod_asig3 FROM tblaca009 WHERE pensum='5' AND c_uni_ca='4' AND c_asigna='300213' [1][0] OK
C:[10/06/2013 07:13:28.89][190.77.216.104][1450] SELECT c_asigna FROM dace004 WHERE exp_e='10-20805508' AND c_asigna='300209' AND status IN ('0','3','B','C') [0][0] OK
C:[10/06/2013 07:13:29.53][190.77.216.104][1566] SELECT horas_lab FROM tblaca008 WHERE c_asigna='300228' AND horas_teoricas > 0 [1][0] OK
C:[10/06/2013 07:13:29.64][190.77.216.104][1600] SELECT sum(u_creditos*1) FROM dace006 a, tblaca009 b WHERE a.exp_e='10-20805508' AND a.lapso='2013-1' AND b.pensum='5' AND b.c_uni_ca='4' AND status IN ('7','A','2') AND a.c_asigna=b.c_asigna  [1][0] OK
C:[10/06/2013 07:13:29.02][190.77.216.104][1619] SELECT sum(u_creditos*1) FROM dace006 a, tblaca009 b WHERE a.exp_e='10-20805508' AND a.lapso='2013-1' AND b.pensum='5' AND b.c_uni_ca='4' AND status IN ('7','A','2') AND a.c_asigna=b.c_asigna AND a.c_asigna IN ('300207','300209','300213') [1][0] OK
C:[10/06/2013 07:13:29.39][190.77.216.104][1635] SELECT MAX(semestre) FROM dace006 a, tblaca009 b WHERE a.exp_e='10-20805508' AND a.lapso='2013-1' AND b.pensum='5' AND b.c_uni_ca='4' AND status IN ('7','A','2') AND a.c_asigna=b.c_asigna  [1][0] OK
C:[10/06/2013 07:13:29.77][190.77.216.104][1655] SELECT MIN(semestre) FROM dace006 a, tblaca009 b WHERE a.exp_e='10-20805508' AND a.lapso='2013-1' AND b.pensum='5' AND b.c_uni_ca='4' AND status IN ('7','A','2') AND a.c_asigna=b.c_asigna AND a.c_asigna IN ('300228') [1][0] OK
C:[10/06/2013 12:00:15.86][190.201.162.170][1392] SELECT pre_cod_asig1,pre_cod_asig2,pre_cod_asig3,pre_cod_asig4,pre_cod_asig5,pre_cod_asig6,pre_cod_asig7 FROM tblaca009 WHERE pensum='5' AND c_uni_ca='2' AND c_asigna='300013' [1][0] OK
C:[10/06/2013 12:00:15.86][190.201.162.170][1392] SELECT pre_cod_asig1,pre_cod_asig2,pre_cod_asig3,pre_cod_asig4,pre_cod_asig5,pre_cod_asig6,pre_cod_asig7 FROM tblaca009 WHERE pensum='5' AND c_uni_ca='2' AND c_asigna='300101' [1][0] OK
C:[10/06/2013 12:00:15.86][190.201.162.170][1392] SELECT pre_cod_asig1,pre_cod_asig2,pre_cod_asig3,pre_cod_asig4,pre_cod_asig5,pre_cod_asig6,pre_cod_asig7 FROM tblaca009 WHERE pensum='5' AND c_uni_ca='2' AND c_asigna='300112' [1][0] OK
C:[10/06/2013 12:00:15.86][190.201.162.170][1392] SELECT pre_cod_asig1,pre_cod_asig2,pre_cod_asig3,pre_cod_asig4,pre_cod_asig5,pre_cod_asig6,pre_cod_asig7 FROM tblaca009 WHERE pensum='5' AND c_uni_ca='2' AND c_asigna='300116' [1][0] OK
C:[10/06/2013 12:00:15.36][190.201.162.170][1436] SELECT par_cod_asig1,par_cod_asig2,par_cod_asig3 FROM tblaca009 WHERE pensum='5' AND c_uni_ca='2' AND c_asigna='300013' [1][0] OK
C:[10/06/2013 12:00:15.36][190.201.162.170][1436] SELECT par_cod_asig1,par_cod_asig2,par_cod_asig3 FROM tblaca009 WHERE pensum='5' AND c_uni_ca='2' AND c_asigna='300101' [1][0] OK
C:[10/06/2013 12:00:15.36][190.201.162.170][1436] SELECT par_cod_asig1,par_cod_asig2,par_cod_asig3 FROM tblaca009 WHERE pensum='5' AND c_uni_ca='2' AND c_asigna='300112' [1][0] OK
C:[10/06/2013 12:00:15.36][190.201.162.170][1436] SELECT par_cod_asig1,par_cod_asig2,par_cod_asig3 FROM tblaca009 WHERE pensum='5' AND c_uni_ca='2' AND c_asigna='300116' [1][0] OK
C:[10/06/2013 12:00:15.88][190.201.162.170][1566] SELECT horas_lab FROM tblaca008 WHERE c_asigna='300013' AND horas_teoricas > 0 [1][0] OK
C:[10/06/2013 12:00:15.99][190.201.162.170][1600] SELECT sum(u_creditos*1) FROM dace006 a, tblaca009 b WHERE a.exp_e='12-22590836' AND a.lapso='2013-1' AND b.pensum='5' AND b.c_uni_ca='2' AND status IN ('7','A','2') AND a.c_asigna=b.c_asigna  [1][0] OK
C:[10/06/2013 12:00:15.93][190.201.162.170][1619] SELECT sum(u_creditos*1) FROM dace006 a, tblaca009 b WHERE a.exp_e='12-22590836' AND a.lapso='2013-1' AND b.pensum='5' AND b.c_uni_ca='2' AND status IN ('7','A','2') AND a.c_asigna=b.c_asigna AND a.c_asigna IN ('300101','300112','300116') [1][0] OK
C:[10/06/2013 12:00:15.30][190.201.162.170][1635] SELECT MAX(semestre) FROM dace006 a, tblaca009 b WHERE a.exp_e='12-22590836' AND a.lapso='2013-1' AND b.pensum='5' AND b.c_uni_ca='2' AND status IN ('7','A','2') AND a.c_asigna=b.c_asigna  [1][0] OK
C:[10/06/2013 12:00:15.24][190.201.162.170][1655] SELECT MIN(semestre) FROM dace006 a, tblaca009 b WHERE a.exp_e='12-22590836' AND a.lapso='2013-1' AND b.pensum='5' AND b.c_uni_ca='2' AND status IN ('7','A','2') AND a.c_asigna=b.c_asigna AND a.c_asigna IN ('300013') [1][0] OK
C:[10/06/2013 13:10:15.02][190.121.234.57][1392] SELECT pre_cod_asig1,pre_cod_asig2,pre_cod_asig3,pre_cod_asig4,pre_cod_asig5,pre_cod_asig6,pre_cod_asig7 FROM tblaca009 WHERE pensum='5' AND c_uni_ca='2' AND c_asigna='300209' [1][0] OK
C:[10/06/2013 13:10:15.02][190.121.234.57][1405] SELECT c_asigna FROM dace004 WHERE exp_e='08-18667288' AND c_asigna='300101' AND status IN ('0','3','B') [1][0] OK
C:[10/06/2013 13:10:15.02][190.121.234.57][1392] SELECT pre_cod_asig1,pre_cod_asig2,pre_cod_asig3,pre_cod_asig4,pre_cod_asig5,pre_cod_asig6,pre_cod_asig7 FROM tblaca009 WHERE pensum='5' AND c_uni_ca='2' AND c_asigna='300228' [1][0] OK
C:[10/06/2013 13:10:15.02][190.121.234.57][1405] SELECT c_asigna FROM dace004 WHERE exp_e='08-18667288' AND c_asigna='300101' AND status IN ('0','3','B') [1][0] OK
C:[10/06/2013 13:10:15.53][190.121.234.57][1436] SELECT par_cod_asig1,par_cod_asig2,par_cod_asig3 FROM tblaca009 WHERE pensum='5' AND c_uni_ca='2' AND c_asigna='300209' [1][0] OK
C:[10/06/2013 13:10:15.53][190.121.234.57][1436] SELECT par_cod_asig1,par_cod_asig2,par_cod_asig3 FROM tblaca009 WHERE pensum='5' AND c_uni_ca='2' AND c_asigna='300228' [1][0] OK
C:[10/06/2013 13:10:15.79][190.121.234.57][1600] SELECT sum(u_creditos*1) FROM dace006 a, tblaca009 b WHERE a.exp_e='08-18667288' AND a.lapso='2013-1' AND b.pensum='5' AND b.c_uni_ca='2' AND status IN ('7','A','2') AND a.c_asigna=b.c_asigna  [1][0] OK
C:[10/06/2013 13:10:15.71][190.121.234.57][1619] SELECT sum(u_creditos*1) FROM dace006 a, tblaca009 b WHERE a.exp_e='08-18667288' AND a.lapso='2013-1' AND b.pensum='5' AND b.c_uni_ca='2' AND status IN ('7','A','2') AND a.c_asigna=b.c_asigna AND a.c_asigna IN ('300209','300228') [1][0] OK
C:[10/06/2013 13:10:15.08][190.121.234.57][1635] SELECT MAX(semestre) FROM dace006 a, tblaca009 b WHERE a.exp_e='08-18667288' AND a.lapso='2013-1' AND b.pensum='5' AND b.c_uni_ca='2' AND status IN ('7','A','2') AND a.c_asigna=b.c_asigna  [1][0] OK
C:[25/11/2013 10:48:59.07][186.94.51.155][1392] SELECT pre_cod_asig1,pre_cod_asig2,pre_cod_asig3,pre_cod_asig4,pre_cod_asig5,pre_cod_asig6,pre_cod_asig7 FROM tblaca009 WHERE pensum='5' AND c_uni_ca='2' AND c_asigna='322683' [1][0] OK
C:[25/11/2013 10:48:59.07][186.94.51.155][1405] SELECT c_asigna FROM dace004 WHERE exp_e='10-20036438' AND c_asigna='322560' AND status IN ('0','3','B') [1][0] OK
C:[25/11/2013 10:48:59.07][186.94.51.155][1392] SELECT pre_cod_asig1,pre_cod_asig2,pre_cod_asig3,pre_cod_asig4,pre_cod_asig5,pre_cod_asig6,pre_cod_asig7 FROM tblaca009 WHERE pensum='5' AND c_uni_ca='2' AND c_asigna='300428' [1][0] OK
C:[25/11/2013 10:48:59.07][186.94.51.155][1405] SELECT c_asigna FROM dace004 WHERE exp_e='10-20036438' AND c_asigna='300317' AND status IN ('0','3','B') [1][0] OK
C:[25/11/2013 10:48:59.07][186.94.51.155][1405] SELECT c_asigna FROM dace004 WHERE exp_e='10-20036438' AND c_asigna='300209' AND status IN ('0','3','B') [1][0] OK
C:[25/11/2013 10:48:59.07][186.94.51.155][1392] SELECT pre_cod_asig1,pre_cod_asig2,pre_cod_asig3,pre_cod_asig4,pre_cod_asig5,pre_cod_asig6,pre_cod_asig7 FROM tblaca009 WHERE pensum='5' AND c_uni_ca='2' AND c_asigna='311561' [1][0] OK
C:[25/11/2013 10:48:59.07][186.94.51.155][1405] SELECT c_asigna FROM dace004 WHERE exp_e='10-20036438' AND c_asigna='300318' AND status IN ('0','3','B') [1][0] OK
C:[25/11/2013 10:48:59.07][186.94.51.155][1392] SELECT pre_cod_asig1,pre_cod_asig2,pre_cod_asig3,pre_cod_asig4,pre_cod_asig5,pre_cod_asig6,pre_cod_asig7 FROM tblaca009 WHERE pensum='5' AND c_uni_ca='2' AND c_asigna='300676' [1][0] OK
C:[25/11/2013 10:48:59.07][186.94.51.155][1392] SELECT pre_cod_asig1,pre_cod_asig2,pre_cod_asig3,pre_cod_asig4,pre_cod_asig5,pre_cod_asig6,pre_cod_asig7 FROM tblaca009 WHERE pensum='5' AND c_uni_ca='2' AND c_asigna='322681' [1][0] OK
C:[25/11/2013 10:48:59.07][186.94.51.155][1405] SELECT c_asigna FROM dace004 WHERE exp_e='10-20036438' AND c_asigna='320437' AND status IN ('0','3','B') [1][0] OK
C:[25/11/2013 10:48:59.07][186.94.51.155][1405] SELECT c_asigna FROM dace004 WHERE exp_e='10-20036438' AND c_asigna='322449' AND status IN ('0','3','B') [1][0] OK
C:[25/11/2013 10:48:59.07][186.94.51.155][1405] SELECT c_asigna FROM dace004 WHERE exp_e='10-20036438' AND c_asigna='300313' AND status IN ('0','3','B') [1][0] OK
C:[25/11/2013 10:48:59.07][186.94.51.155][1405] SELECT c_asigna FROM dace004 WHERE exp_e='10-20036438' AND c_asigna='300209' AND status IN ('0','3','B') [1][0] OK
C:[25/11/2013 10:48:59.07][186.94.51.155][1405] SELECT c_asigna FROM dace004 WHERE exp_e='10-20036438' AND c_asigna='300226' AND status IN ('0','3','B') [1][0] OK
C:[25/11/2013 10:49:00.07][186.94.51.155][1436] SELECT par_cod_asig1,par_cod_asig2,par_cod_asig3 FROM tblaca009 WHERE pensum='5' AND c_uni_ca='2' AND c_asigna='322683' [1][0] OK
C:[25/11/2013 10:49:00.07][186.94.51.155][1450] SELECT c_asigna FROM dace004 WHERE exp_e='10-20036438' AND c_asigna='322681' AND status IN ('0','3','B','C') [0][0] OK
C:[25/11/2013 10:49:00.07][186.94.51.155][1436] SELECT par_cod_asig1,par_cod_asig2,par_cod_asig3 FROM tblaca009 WHERE pensum='5' AND c_uni_ca='2' AND c_asigna='300428' [1][0] OK
C:[25/11/2013 10:49:00.07][186.94.51.155][1436] SELECT par_cod_asig1,par_cod_asig2,par_cod_asig3 FROM tblaca009 WHERE pensum='5' AND c_uni_ca='2' AND c_asigna='311561' [1][0] OK
C:[25/11/2013 10:49:00.07][186.94.51.155][1436] SELECT par_cod_asig1,par_cod_asig2,par_cod_asig3 FROM tblaca009 WHERE pensum='5' AND c_uni_ca='2' AND c_asigna='300676' [1][0] OK
C:[25/11/2013 10:49:00.07][186.94.51.155][1436] SELECT par_cod_asig1,par_cod_asig2,par_cod_asig3 FROM tblaca009 WHERE pensum='5' AND c_uni_ca='2' AND c_asigna='322681' [1][0] OK
C:[25/11/2013 10:49:00.83][186.94.51.155][1566] SELECT horas_lab FROM tblaca008 WHERE c_asigna='322683' AND horas_teoricas > 0 [1][0] OK
C:[25/11/2013 10:49:00.95][186.94.51.155][1600] SELECT sum(u_creditos*1) FROM dace006 a, tblaca009 b WHERE a.exp_e='10-20036438' AND a.lapso='2013-2' AND b.pensum='5' AND b.c_uni_ca='2' AND status IN ('7','A','2') AND a.c_asigna=b.c_asigna  [1][0] OK
C:[25/11/2013 10:49:00.89][186.94.51.155][1619] SELECT sum(u_creditos*1) FROM dace006 a, tblaca009 b WHERE a.exp_e='10-20036438' AND a.lapso='2013-2' AND b.pensum='5' AND b.c_uni_ca='2' AND status IN ('7','A','2') AND a.c_asigna=b.c_asigna AND a.c_asigna IN ('300428','311561','300676','322681') [1][0] OK
C:[25/11/2013 10:49:00.26][186.94.51.155][1635] SELECT MAX(semestre) FROM dace006 a, tblaca009 b WHERE a.exp_e='10-20036438' AND a.lapso='2013-2' AND b.pensum='5' AND b.c_uni_ca='2' AND status IN ('7','A','2') AND a.c_asigna=b.c_asigna  [1][0] OK
C:[25/11/2013 10:49:00.20][186.94.51.155][1655] SELECT MIN(semestre) FROM dace006 a, tblaca009 b WHERE a.exp_e='10-20036438' AND a.lapso='2013-2' AND b.pensum='5' AND b.c_uni_ca='2' AND status IN ('7','A','2') AND a.c_asigna=b.c_asigna AND a.c_asigna IN ('322683') [1][0] OK
C:[25/11/2013 12:42:31.96][200.84.78.30][1392] SELECT pre_cod_asig1,pre_cod_asig2,pre_cod_asig3,pre_cod_asig4,pre_cod_asig5,pre_cod_asig6,pre_cod_asig7 FROM tblaca009 WHERE pensum='5' AND c_uni_ca='2' AND c_asigna='320437' [1][0] OK
C:[25/11/2013 12:42:31.96][200.84.78.30][1405] SELECT c_asigna FROM dace004 WHERE exp_e='08-20804127' AND c_asigna='300317' AND status IN ('0','3','B') [1][0] OK
C:[25/11/2013 12:42:31.96][200.84.78.30][1405] SELECT c_asigna FROM dace004 WHERE exp_e='08-20804127' AND c_asigna='300313' AND status IN ('0','3','B') [1][0] OK
C:[25/11/2013 12:42:31.96][200.84.78.30][1405] SELECT c_asigna FROM dace004 WHERE exp_e='08-20804127' AND c_asigna='300209' AND status IN ('0','3','B') [1][0] OK
C:[25/11/2013 12:42:31.96][200.84.78.30][1405] SELECT c_asigna FROM dace004 WHERE exp_e='08-20804127' AND c_asigna='300226' AND status IN ('0','3','B') [1][0] OK
C:[25/11/2013 12:42:31.96][200.84.78.30][1392] SELECT pre_cod_asig1,pre_cod_asig2,pre_cod_asig3,pre_cod_asig4,pre_cod_asig5,pre_cod_asig6,pre_cod_asig7 FROM tblaca009 WHERE pensum='5' AND c_uni_ca='2' AND c_asigna='322433' [1][0] OK
C:[25/11/2013 12:42:31.96][200.84.78.30][1405] SELECT c_asigna FROM dace004 WHERE exp_e='08-20804127' AND c_asigna='320323' AND status IN ('0','3','B') [1][0] OK
C:[25/11/2013 12:42:31.96][200.84.78.30][1405] SELECT c_asigna FROM dace004 WHERE exp_e='08-20804127' AND c_asigna='300209' AND status IN ('0','3','B') [1][0] OK
C:[25/11/2013 12:42:31.96][200.84.78.30][1392] SELECT pre_cod_asig1,pre_cod_asig2,pre_cod_asig3,pre_cod_asig4,pre_cod_asig5,pre_cod_asig6,pre_cod_asig7 FROM tblaca009 WHERE pensum='5' AND c_uni_ca='2' AND c_asigna='300422' [1][0] OK
C:[25/11/2013 12:42:31.96][200.84.78.30][1405] SELECT c_asigna FROM dace004 WHERE exp_e='08-20804127' AND c_asigna='300105' AND status IN ('0','3','B') [1][0] OK
C:[25/11/2013 12:42:31.96][200.84.78.30][1405] SELECT c_asigna FROM dace004 WHERE exp_e='08-20804127' AND c_asigna='300314' AND status IN ('0','3','B') [1][0] OK
C:[25/11/2013 12:42:31.90][200.84.78.30][1436] SELECT par_cod_asig1,par_cod_asig2,par_cod_asig3 FROM tblaca009 WHERE pensum='5' AND c_uni_ca='2' AND c_asigna='320437' [1][0] OK
C:[25/11/2013 12:42:31.90][200.84.78.30][1436] SELECT par_cod_asig1,par_cod_asig2,par_cod_asig3 FROM tblaca009 WHERE pensum='5' AND c_uni_ca='2' AND c_asigna='322433' [1][0] OK
C:[25/11/2013 12:42:31.90][200.84.78.30][1436] SELECT par_cod_asig1,par_cod_asig2,par_cod_asig3 FROM tblaca009 WHERE pensum='5' AND c_uni_ca='2' AND c_asigna='300422' [1][0] OK
C:[25/11/2013 12:42:31.28][200.84.78.30][1566] SELECT horas_lab FROM tblaca008 WHERE c_asigna='320437' AND horas_teoricas > 0 [1][0] OK
C:[25/11/2013 12:42:31.40][200.84.78.30][1600] SELECT sum(u_creditos*1) FROM dace006 a, tblaca009 b WHERE a.exp_e='08-20804127' AND a.lapso='2013-2' AND b.pensum='5' AND b.c_uni_ca='2' AND status IN ('7','A','2') AND a.c_asigna=b.c_asigna  [1][0] OK
C:[25/11/2013 12:42:32.34][200.84.78.30][1619] SELECT sum(u_creditos*1) FROM dace006 a, tblaca009 b WHERE a.exp_e='08-20804127' AND a.lapso='2013-2' AND b.pensum='5' AND b.c_uni_ca='2' AND status IN ('7','A','2') AND a.c_asigna=b.c_asigna AND a.c_asigna IN ('322433','300422') [1][0] OK
C:[25/11/2013 12:42:32.28][200.84.78.30][1635] SELECT MAX(semestre) FROM dace006 a, tblaca009 b WHERE a.exp_e='08-20804127' AND a.lapso='2013-2' AND b.pensum='5' AND b.c_uni_ca='2' AND status IN ('7','A','2') AND a.c_asigna=b.c_asigna  [1][0] OK
C:[25/11/2013 12:42:32.21][200.84.78.30][1655] SELECT MIN(semestre) FROM dace006 a, tblaca009 b WHERE a.exp_e='08-20804127' AND a.lapso='2013-2' AND b.pensum='5' AND b.c_uni_ca='2' AND status IN ('7','A','2') AND a.c_asigna=b.c_asigna AND a.c_asigna IN ('320437') [1][0] OK
C:[25/11/2013 21:46:41.42][190.206.86.236][1392] SELECT pre_cod_asig1,pre_cod_asig2,pre_cod_asig3,pre_cod_asig4,pre_cod_asig5,pre_cod_asig6,pre_cod_asig7 FROM tblaca009 WHERE pensum='5' AND c_uni_ca='6' AND c_asigna='300116' [1][0] OK
C:[25/11/2013 21:46:41.42][190.206.86.236][1392] SELECT pre_cod_asig1,pre_cod_asig2,pre_cod_asig3,pre_cod_asig4,pre_cod_asig5,pre_cod_asig6,pre_cod_asig7 FROM tblaca009 WHERE pensum='5' AND c_uni_ca='6' AND c_asigna='300013' [1][0] OK
C:[25/11/2013 21:46:41.42][190.206.86.236][1392] SELECT pre_cod_asig1,pre_cod_asig2,pre_cod_asig3,pre_cod_asig4,pre_cod_asig5,pre_cod_asig6,pre_cod_asig7 FROM tblaca009 WHERE pensum='5' AND c_uni_ca='6' AND c_asigna='300101' [1][0] OK
C:[25/11/2013 21:46:41.42][190.206.86.236][1392] SELECT pre_cod_asig1,pre_cod_asig2,pre_cod_asig3,pre_cod_asig4,pre_cod_asig5,pre_cod_asig6,pre_cod_asig7 FROM tblaca009 WHERE pensum='5' AND c_uni_ca='6' AND c_asigna='300105' [1][0] OK
C:[25/11/2013 21:46:41.42][190.206.86.236][1392] SELECT pre_cod_asig1,pre_cod_asig2,pre_cod_asig3,pre_cod_asig4,pre_cod_asig5,pre_cod_asig6,pre_cod_asig7 FROM tblaca009 WHERE pensum='5' AND c_uni_ca='6' AND c_asigna='300112' [1][0] OK
C:[25/11/2013 21:46:41.42][190.206.86.236][1392] SELECT pre_cod_asig1,pre_cod_asig2,pre_cod_asig3,pre_cod_asig4,pre_cod_asig5,pre_cod_asig6,pre_cod_asig7 FROM tblaca009 WHERE pensum='5' AND c_uni_ca='6' AND c_asigna='300113' [1][0] OK
C:[25/11/2013 21:46:42.42][190.206.86.236][1436] SELECT par_cod_asig1,par_cod_asig2,par_cod_asig3 FROM tblaca009 WHERE pensum='5' AND c_uni_ca='6' AND c_asigna='300116' [1][0] OK
C:[25/11/2013 21:46:42.42][190.206.86.236][1436] SELECT par_cod_asig1,par_cod_asig2,par_cod_asig3 FROM tblaca009 WHERE pensum='5' AND c_uni_ca='6' AND c_asigna='300013' [1][0] OK
C:[25/11/2013 21:46:42.42][190.206.86.236][1436] SELECT par_cod_asig1,par_cod_asig2,par_cod_asig3 FROM tblaca009 WHERE pensum='5' AND c_uni_ca='6' AND c_asigna='300101' [1][0] OK
C:[25/11/2013 21:46:42.42][190.206.86.236][1436] SELECT par_cod_asig1,par_cod_asig2,par_cod_asig3 FROM tblaca009 WHERE pensum='5' AND c_uni_ca='6' AND c_asigna='300105' [1][0] OK
C:[25/11/2013 21:46:42.42][190.206.86.236][1436] SELECT par_cod_asig1,par_cod_asig2,par_cod_asig3 FROM tblaca009 WHERE pensum='5' AND c_uni_ca='6' AND c_asigna='300112' [1][0] OK
C:[25/11/2013 21:46:42.42][190.206.86.236][1436] SELECT par_cod_asig1,par_cod_asig2,par_cod_asig3 FROM tblaca009 WHERE pensum='5' AND c_uni_ca='6' AND c_asigna='300113' [1][0] OK
C:[25/11/2013 21:46:42.42][190.206.86.236][1450] SELECT c_asigna FROM dace004 WHERE exp_e='12-26132439' AND c_asigna='300013' AND status IN ('0','3','B','C') [0][0] OK
C:[25/11/2013 21:46:42.43][190.206.86.236][1566] SELECT horas_lab FROM tblaca008 WHERE c_asigna='300116' AND horas_teoricas > 0 [1][0] OK
C:[25/11/2013 21:46:42.54][190.206.86.236][1600] SELECT sum(u_creditos*1) FROM dace006 a, tblaca009 b WHERE a.exp_e='12-26132439' AND a.lapso='2013-2' AND b.pensum='5' AND b.c_uni_ca='6' AND status IN ('7','A','2') AND a.c_asigna=b.c_asigna  [1][0] OK
C:[25/11/2013 21:46:42.48][190.206.86.236][1619] SELECT sum(u_creditos*1) FROM dace006 a, tblaca009 b WHERE a.exp_e='12-26132439' AND a.lapso='2013-2' AND b.pensum='5' AND b.c_uni_ca='6' AND status IN ('7','A','2') AND a.c_asigna=b.c_asigna AND a.c_asigna IN ('300013','300101','300105','300112','300113') [1][0] OK
C:[25/11/2013 21:46:42.42][190.206.86.236][1635] SELECT MAX(semestre) FROM dace006 a, tblaca009 b WHERE a.exp_e='12-26132439' AND a.lapso='2013-2' AND b.pensum='5' AND b.c_uni_ca='6' AND status IN ('7','A','2') AND a.c_asigna=b.c_asigna  [1][0] OK
C:[25/11/2013 21:46:42.35][190.206.86.236][1655] SELECT MIN(semestre) FROM dace006 a, tblaca009 b WHERE a.exp_e='12-26132439' AND a.lapso='2013-2' AND b.pensum='5' AND b.c_uni_ca='6' AND status IN ('7','A','2') AND a.c_asigna=b.c_asigna AND a.c_asigna IN ('300116') [1][0] OK
C:[26/11/2013 08:04:52.22][190.198.248.3][1392] SELECT pre_cod_asig1,pre_cod_asig2,pre_cod_asig3,pre_cod_asig4,pre_cod_asig5,pre_cod_asig6,pre_cod_asig7 FROM tblaca009 WHERE pensum='5' AND c_uni_ca='3' AND c_asigna='300222' [1][0] OK
C:[26/11/2013 08:04:52.22][190.198.248.3][1405] SELECT c_asigna FROM dace004 WHERE exp_e='13-24033275' AND c_asigna='300112' AND status IN ('0','3','B') [1][0] OK
C:[26/11/2013 08:04:52.22][190.198.248.3][1392] SELECT pre_cod_asig1,pre_cod_asig2,pre_cod_asig3,pre_cod_asig4,pre_cod_asig5,pre_cod_asig6,pre_cod_asig7 FROM tblaca009 WHERE pensum='5' AND c_uni_ca='3' AND c_asigna='300013' [1][0] OK
C:[26/11/2013 08:04:52.22][190.198.248.3][1392] SELECT pre_cod_asig1,pre_cod_asig2,pre_cod_asig3,pre_cod_asig4,pre_cod_asig5,pre_cod_asig6,pre_cod_asig7 FROM tblaca009 WHERE pensum='5' AND c_uni_ca='3' AND c_asigna='300101' [1][0] OK
C:[26/11/2013 08:04:52.22][190.198.248.3][1392] SELECT pre_cod_asig1,pre_cod_asig2,pre_cod_asig3,pre_cod_asig4,pre_cod_asig5,pre_cod_asig6,pre_cod_asig7 FROM tblaca009 WHERE pensum='5' AND c_uni_ca='3' AND c_asigna='300105' [1][0] OK
C:[26/11/2013 08:04:52.22][190.198.248.3][1392] SELECT pre_cod_asig1,pre_cod_asig2,pre_cod_asig3,pre_cod_asig4,pre_cod_asig5,pre_cod_asig6,pre_cod_asig7 FROM tblaca009 WHERE pensum='5' AND c_uni_ca='3' AND c_asigna='300113' [1][0] OK
C:[26/11/2013 08:04:52.10][190.198.248.3][1436] SELECT par_cod_asig1,par_cod_asig2,par_cod_asig3 FROM tblaca009 WHERE pensum='5' AND c_uni_ca='3' AND c_asigna='300222' [1][0] OK
C:[26/11/2013 08:04:52.10][190.198.248.3][1436] SELECT par_cod_asig1,par_cod_asig2,par_cod_asig3 FROM tblaca009 WHERE pensum='5' AND c_uni_ca='3' AND c_asigna='300013' [1][0] OK
C:[26/11/2013 08:04:52.10][190.198.248.3][1436] SELECT par_cod_asig1,par_cod_asig2,par_cod_asig3 FROM tblaca009 WHERE pensum='5' AND c_uni_ca='3' AND c_asigna='300101' [1][0] OK
C:[26/11/2013 08:04:52.10][190.198.248.3][1436] SELECT par_cod_asig1,par_cod_asig2,par_cod_asig3 FROM tblaca009 WHERE pensum='5' AND c_uni_ca='3' AND c_asigna='300105' [1][0] OK
C:[26/11/2013 08:04:52.10][190.198.248.3][1436] SELECT par_cod_asig1,par_cod_asig2,par_cod_asig3 FROM tblaca009 WHERE pensum='5' AND c_uni_ca='3' AND c_asigna='300113' [1][0] OK
C:[26/11/2013 08:04:52.10][190.198.248.3][1450] SELECT c_asigna FROM dace004 WHERE exp_e='13-24033275' AND c_asigna='300013' AND status IN ('0','3','B','C') [0][0] OK
C:[26/11/2013 08:04:53.86][190.198.248.3][1566] SELECT horas_lab FROM tblaca008 WHERE c_asigna='300222' AND horas_teoricas > 0 [1][0] OK
C:[26/11/2013 08:04:53.98][190.198.248.3][1600] SELECT sum(u_creditos*1) FROM dace006 a, tblaca009 b WHERE a.exp_e='13-24033275' AND a.lapso='2013-2' AND b.pensum='5' AND b.c_uni_ca='3' AND status IN ('7','A','2') AND a.c_asigna=b.c_asigna  [1][0] OK
C:[26/11/2013 08:04:53.91][190.198.248.3][1619] SELECT sum(u_creditos*1) FROM dace006 a, tblaca009 b WHERE a.exp_e='13-24033275' AND a.lapso='2013-2' AND b.pensum='5' AND b.c_uni_ca='3' AND status IN ('7','A','2') AND a.c_asigna=b.c_asigna AND a.c_asigna IN ('300013','300101','300105','300113') [1][0] OK
C:[26/11/2013 08:04:53.85][190.198.248.3][1635] SELECT MAX(semestre) FROM dace006 a, tblaca009 b WHERE a.exp_e='13-24033275' AND a.lapso='2013-2' AND b.pensum='5' AND b.c_uni_ca='3' AND status IN ('7','A','2') AND a.c_asigna=b.c_asigna  [1][0] OK
C:[26/11/2013 08:04:53.79][190.198.248.3][1655] SELECT MIN(semestre) FROM dace006 a, tblaca009 b WHERE a.exp_e='13-24033275' AND a.lapso='2013-2' AND b.pensum='5' AND b.c_uni_ca='3' AND status IN ('7','A','2') AND a.c_asigna=b.c_asigna AND a.c_asigna IN ('300222') [1][0] OK
C:[26/11/2013 08:56:56.02][190.198.248.3][1392] SELECT pre_cod_asig1,pre_cod_asig2,pre_cod_asig3,pre_cod_asig4,pre_cod_asig5,pre_cod_asig6,pre_cod_asig7 FROM tblaca009 WHERE pensum='5' AND c_uni_ca='6' AND c_asigna='300112' [1][0] OK
C:[26/11/2013 08:56:56.02][190.198.248.3][1392] SELECT pre_cod_asig1,pre_cod_asig2,pre_cod_asig3,pre_cod_asig4,pre_cod_asig5,pre_cod_asig6,pre_cod_asig7 FROM tblaca009 WHERE pensum='5' AND c_uni_ca='6' AND c_asigna='300101' [1][0] OK
C:[26/11/2013 08:56:56.02][190.198.248.3][1392] SELECT pre_cod_asig1,pre_cod_asig2,pre_cod_asig3,pre_cod_asig4,pre_cod_asig5,pre_cod_asig6,pre_cod_asig7 FROM tblaca009 WHERE pensum='5' AND c_uni_ca='6' AND c_asigna='300113' [1][0] OK
C:[26/11/2013 08:56:56.02][190.198.248.3][1392] SELECT pre_cod_asig1,pre_cod_asig2,pre_cod_asig3,pre_cod_asig4,pre_cod_asig5,pre_cod_asig6,pre_cod_asig7 FROM tblaca009 WHERE pensum='5' AND c_uni_ca='6' AND c_asigna='300116' [1][0] OK
C:[26/11/2013 08:56:56.09][190.198.248.3][1436] SELECT par_cod_asig1,par_cod_asig2,par_cod_asig3 FROM tblaca009 WHERE pensum='5' AND c_uni_ca='6' AND c_asigna='300112' [1][0] OK
C:[26/11/2013 08:56:56.09][190.198.248.3][1436] SELECT par_cod_asig1,par_cod_asig2,par_cod_asig3 FROM tblaca009 WHERE pensum='5' AND c_uni_ca='6' AND c_asigna='300101' [1][0] OK
C:[26/11/2013 08:56:56.09][190.198.248.3][1436] SELECT par_cod_asig1,par_cod_asig2,par_cod_asig3 FROM tblaca009 WHERE pensum='5' AND c_uni_ca='6' AND c_asigna='300113' [1][0] OK
C:[26/11/2013 08:56:56.09][190.198.248.3][1450] SELECT c_asigna FROM dace004 WHERE exp_e='12-25003231' AND c_asigna='300013' AND status IN ('0','3','B','C') [1][0] OK
C:[26/11/2013 08:56:56.09][190.198.248.3][1436] SELECT par_cod_asig1,par_cod_asig2,par_cod_asig3 FROM tblaca009 WHERE pensum='5' AND c_uni_ca='6' AND c_asigna='300116' [1][0] OK
C:[26/11/2013 08:56:57.30][190.198.248.3][1566] SELECT horas_lab FROM tblaca008 WHERE c_asigna='300112' AND horas_teoricas > 0 [1][0] OK
C:[26/11/2013 08:56:57.40][190.198.248.3][1600] SELECT sum(u_creditos*1) FROM dace006 a, tblaca009 b WHERE a.exp_e='12-25003231' AND a.lapso='2013-2' AND b.pensum='5' AND b.c_uni_ca='6' AND status IN ('7','A','2') AND a.c_asigna=b.c_asigna  [1][0] OK
C:[26/11/2013 08:56:57.34][190.198.248.3][1619] SELECT sum(u_creditos*1) FROM dace006 a, tblaca009 b WHERE a.exp_e='12-25003231' AND a.lapso='2013-2' AND b.pensum='5' AND b.c_uni_ca='6' AND status IN ('7','A','2') AND a.c_asigna=b.c_asigna AND a.c_asigna IN ('300101','300113','300116') [1][0] OK
C:[26/11/2013 08:56:57.27][190.198.248.3][1635] SELECT MAX(semestre) FROM dace006 a, tblaca009 b WHERE a.exp_e='12-25003231' AND a.lapso='2013-2' AND b.pensum='5' AND b.c_uni_ca='6' AND status IN ('7','A','2') AND a.c_asigna=b.c_asigna  [1][0] OK
C:[26/11/2013 08:56:57.21][190.198.248.3][1655] SELECT MIN(semestre) FROM dace006 a, tblaca009 b WHERE a.exp_e='12-25003231' AND a.lapso='2013-2' AND b.pensum='5' AND b.c_uni_ca='6' AND status IN ('7','A','2') AND a.c_asigna=b.c_asigna AND a.c_asigna IN ('300112') [1][0] OK
C:[26/11/2013 09:27:04.77][200.109.206.68][1392] SELECT pre_cod_asig1,pre_cod_asig2,pre_cod_asig3,pre_cod_asig4,pre_cod_asig5,pre_cod_asig6,pre_cod_asig7 FROM tblaca009 WHERE pensum='5' AND c_uni_ca='6' AND c_asigna='300222' [1][0] OK
C:[26/11/2013 09:27:04.77][200.109.206.68][1405] SELECT c_asigna FROM dace004 WHERE exp_e='98-15276377' AND c_asigna='300112' AND status IN ('0','3','B') [1][0] OK
C:[26/11/2013 09:27:04.02][200.109.206.68][1436] SELECT par_cod_asig1,par_cod_asig2,par_cod_asig3 FROM tblaca009 WHERE pensum='5' AND c_uni_ca='6' AND c_asigna='300222' [1][0] OK
C:[26/11/2013 09:27:04.17][200.109.206.68][1600] SELECT sum(u_creditos*1) FROM dace006 a, tblaca009 b WHERE a.exp_e='98-15276377' AND a.lapso='2013-2' AND b.pensum='5' AND b.c_uni_ca='6' AND status IN ('7','A','2') AND a.c_asigna=b.c_asigna  [1][0] OK
C:[26/11/2013 09:27:05.21][200.109.206.68][1619] SELECT sum(u_creditos*1) FROM dace006 a, tblaca009 b WHERE a.exp_e='98-15276377' AND a.lapso='2013-2' AND b.pensum='5' AND b.c_uni_ca='6' AND status IN ('7','A','2') AND a.c_asigna=b.c_asigna AND a.c_asigna IN ('300222') [1][0] OK
C:[26/11/2013 09:27:05.27][200.109.206.68][1635] SELECT MAX(semestre) FROM dace006 a, tblaca009 b WHERE a.exp_e='98-15276377' AND a.lapso='2013-2' AND b.pensum='5' AND b.c_uni_ca='6' AND status IN ('7','A','2') AND a.c_asigna=b.c_asigna  [1][0] OK
C:[26/11/2013 15:42:07.10][107.6.95.14][1392] SELECT pre_cod_asig1,pre_cod_asig2,pre_cod_asig3,pre_cod_asig4,pre_cod_asig5,pre_cod_asig6,pre_cod_asig7 FROM tblaca009 WHERE pensum='5' AND c_uni_ca='6' AND c_asigna='344963' [1][0] OK
C:[26/11/2013 15:42:07.10][107.6.95.14][1392] SELECT pre_cod_asig1,pre_cod_asig2,pre_cod_asig3,pre_cod_asig4,pre_cod_asig5,pre_cod_asig6,pre_cod_asig7 FROM tblaca009 WHERE pensum='5' AND c_uni_ca='6' AND c_asigna='344965' [1][0] OK
C:[26/11/2013 15:42:07.10][107.6.95.14][1405] SELECT c_asigna FROM dace004 WHERE exp_e='06-18885746' AND c_asigna='344714' AND status IN ('0','3','B') [1][0] OK
C:[26/11/2013 15:42:07.10][107.6.95.14][1392] SELECT pre_cod_asig1,pre_cod_asig2,pre_cod_asig3,pre_cod_asig4,pre_cod_asig5,pre_cod_asig6,pre_cod_asig7 FROM tblaca009 WHERE pensum='5' AND c_uni_ca='6' AND c_asigna='300313' [1][0] OK
C:[26/11/2013 15:42:07.10][107.6.95.14][1405] SELECT c_asigna FROM dace004 WHERE exp_e='06-18885746' AND c_asigna='300213' AND status IN ('0','3','B') [1][0] OK
C:[26/11/2013 15:42:07.10][107.6.95.14][1405] SELECT c_asigna FROM dace004 WHERE exp_e='06-18885746' AND c_asigna='300226' AND status IN ('0','3','B') [1][0] OK
C:[26/11/2013 15:42:07.10][107.6.95.14][1405] SELECT c_asigna FROM dace004 WHERE exp_e='06-18885746' AND c_asigna='300222' AND status IN ('0','3','B') [1][0] OK
C:[26/11/2013 15:42:07.10][107.6.95.14][1405] SELECT c_asigna FROM dace004 WHERE exp_e='06-18885746' AND c_asigna='300209' AND status IN ('0','3','B') [1][0] OK
C:[26/11/2013 15:42:07.10][107.6.95.14][1392] SELECT pre_cod_asig1,pre_cod_asig2,pre_cod_asig3,pre_cod_asig4,pre_cod_asig5,pre_cod_asig6,pre_cod_asig7 FROM tblaca009 WHERE pensum='5' AND c_uni_ca='6' AND c_asigna='344951' [1][0] OK
C:[26/11/2013 15:42:07.10][107.6.95.14][1405] SELECT c_asigna FROM dace004 WHERE exp_e='06-18885746' AND c_asigna='344689' AND status IN ('0','3','B') [1][0] OK
C:[26/11/2013 15:42:07.10][107.6.95.14][1405] SELECT c_asigna FROM dace004 WHERE exp_e='06-18885746' AND c_asigna='344687' AND status IN ('0','3','B') [1][0] OK
C:[26/11/2013 15:42:07.10][107.6.95.14][1392] SELECT pre_cod_asig1,pre_cod_asig2,pre_cod_asig3,pre_cod_asig4,pre_cod_asig5,pre_cod_asig6,pre_cod_asig7 FROM tblaca009 WHERE pensum='5' AND c_uni_ca='6' AND c_asigna='344953' [1][0] OK
C:[26/11/2013 15:42:07.10][107.6.95.14][1392] SELECT pre_cod_asig1,pre_cod_asig2,pre_cod_asig3,pre_cod_asig4,pre_cod_asig5,pre_cod_asig6,pre_cod_asig7 FROM tblaca009 WHERE pensum='5' AND c_uni_ca='6' AND c_asigna='344812' [1][0] OK
C:[26/11/2013 15:42:07.10][107.6.95.14][1405] SELECT c_asigna FROM dace004 WHERE exp_e='06-18885746' AND c_asigna='344715' AND status IN ('0','3','B') [1][0] OK
C:[26/11/2013 15:42:07.10][107.6.95.14][1405] SELECT c_asigna FROM dace004 WHERE exp_e='06-18885746' AND c_asigna='344742' AND status IN ('0','3','B') [1][0] OK
C:[26/11/2013 15:42:08.67][107.6.95.14][1436] SELECT par_cod_asig1,par_cod_asig2,par_cod_asig3 FROM tblaca009 WHERE pensum='5' AND c_uni_ca='6' AND c_asigna='344963' [1][0] OK
C:[26/11/2013 15:42:08.67][107.6.95.14][1436] SELECT par_cod_asig1,par_cod_asig2,par_cod_asig3 FROM tblaca009 WHERE pensum='5' AND c_uni_ca='6' AND c_asigna='344965' [1][0] OK
C:[26/11/2013 15:42:08.67][107.6.95.14][1436] SELECT par_cod_asig1,par_cod_asig2,par_cod_asig3 FROM tblaca009 WHERE pensum='5' AND c_uni_ca='6' AND c_asigna='300313' [1][0] OK
C:[26/11/2013 15:42:08.67][107.6.95.14][1436] SELECT par_cod_asig1,par_cod_asig2,par_cod_asig3 FROM tblaca009 WHERE pensum='5' AND c_uni_ca='6' AND c_asigna='344951' [1][0] OK
C:[26/11/2013 15:42:08.67][107.6.95.14][1436] SELECT par_cod_asig1,par_cod_asig2,par_cod_asig3 FROM tblaca009 WHERE pensum='5' AND c_uni_ca='6' AND c_asigna='344953' [1][0] OK
C:[26/11/2013 15:42:08.67][107.6.95.14][1436] SELECT par_cod_asig1,par_cod_asig2,par_cod_asig3 FROM tblaca009 WHERE pensum='5' AND c_uni_ca='6' AND c_asigna='344812' [1][0] OK
C:[26/11/2013 15:42:08.43][107.6.95.14][1566] SELECT horas_lab FROM tblaca008 WHERE c_asigna='344963' AND horas_teoricas > 0 [1][0] OK
C:[26/11/2013 15:42:08.54][107.6.95.14][1600] SELECT sum(u_creditos*1) FROM dace006 a, tblaca009 b WHERE a.exp_e='06-18885746' AND a.lapso='2013-2' AND b.pensum='5' AND b.c_uni_ca='6' AND status IN ('7','A','2') AND a.c_asigna=b.c_asigna  [1][0] OK
C:[26/11/2013 15:42:08.48][107.6.95.14][1619] SELECT sum(u_creditos*1) FROM dace006 a, tblaca009 b WHERE a.exp_e='06-18885746' AND a.lapso='2013-2' AND b.pensum='5' AND b.c_uni_ca='6' AND status IN ('7','A','2') AND a.c_asigna=b.c_asigna AND a.c_asigna IN ('344965','300313','344951','344953','344812') [1][0] OK
C:[26/11/2013 15:42:08.85][107.6.95.14][1635] SELECT MAX(semestre) FROM dace006 a, tblaca009 b WHERE a.exp_e='06-18885746' AND a.lapso='2013-2' AND b.pensum='5' AND b.c_uni_ca='6' AND status IN ('7','A','2') AND a.c_asigna=b.c_asigna  [1][0] OK
C:[26/11/2013 15:42:09.80][107.6.95.14][1655] SELECT MIN(semestre) FROM dace006 a, tblaca009 b WHERE a.exp_e='06-18885746' AND a.lapso='2013-2' AND b.pensum='5' AND b.c_uni_ca='6' AND status IN ('7','A','2') AND a.c_asigna=b.c_asigna AND a.c_asigna IN ('344963') [1][0] OK
C:[26/11/2013 16:19:05.41][190.198.248.3][1392] SELECT pre_cod_asig1,pre_cod_asig2,pre_cod_asig3,pre_cod_asig4,pre_cod_asig5,pre_cod_asig6,pre_cod_asig7 FROM tblaca009 WHERE pensum='5' AND c_uni_ca='6' AND c_asigna='300101' [1][0] OK
C:[26/11/2013 16:19:05.41][190.198.248.3][1392] SELECT pre_cod_asig1,pre_cod_asig2,pre_cod_asig3,pre_cod_asig4,pre_cod_asig5,pre_cod_asig6,pre_cod_asig7 FROM tblaca009 WHERE pensum='5' AND c_uni_ca='6' AND c_asigna='300222' [1][0] OK
C:[26/11/2013 16:19:05.41][190.198.248.3][1405] SELECT c_asigna FROM dace004 WHERE exp_e='13-24179195' AND c_asigna='300112' AND status IN ('0','3','B') [1][0] OK
C:[26/11/2013 16:19:05.41][190.198.248.3][1392] SELECT pre_cod_asig1,pre_cod_asig2,pre_cod_asig3,pre_cod_asig4,pre_cod_asig5,pre_cod_asig6,pre_cod_asig7 FROM tblaca009 WHERE pensum='5' AND c_uni_ca='6' AND c_asigna='300226' [1][0] OK
C:[26/11/2013 16:19:05.41][190.198.248.3][1405] SELECT c_asigna FROM dace004 WHERE exp_e='13-24179195' AND c_asigna='300116' AND status IN ('0','3','B') [1][0] OK
C:[26/11/2013 16:19:06.60][190.198.248.3][1436] SELECT par_cod_asig1,par_cod_asig2,par_cod_asig3 FROM tblaca009 WHERE pensum='5' AND c_uni_ca='6' AND c_asigna='300101' [1][0] OK
C:[26/11/2013 16:19:06.60][190.198.248.3][1436] SELECT par_cod_asig1,par_cod_asig2,par_cod_asig3 FROM tblaca009 WHERE pensum='5' AND c_uni_ca='6' AND c_asigna='300222' [1][0] OK
C:[26/11/2013 16:19:06.60][190.198.248.3][1436] SELECT par_cod_asig1,par_cod_asig2,par_cod_asig3 FROM tblaca009 WHERE pensum='5' AND c_uni_ca='6' AND c_asigna='300226' [1][0] OK
C:[26/11/2013 16:19:06.99][190.198.248.3][1600] SELECT sum(u_creditos*1) FROM dace006 a, tblaca009 b WHERE a.exp_e='13-24179195' AND a.lapso='2013-2' AND b.pensum='5' AND b.c_uni_ca='6' AND status IN ('7','A','2') AND a.c_asigna=b.c_asigna  [1][0] OK
C:[26/11/2013 16:19:06.48][190.198.248.3][1619] SELECT sum(u_creditos*1) FROM dace006 a, tblaca009 b WHERE a.exp_e='13-24179195' AND a.lapso='2013-2' AND b.pensum='5' AND b.c_uni_ca='6' AND status IN ('7','A','2') AND a.c_asigna=b.c_asigna AND a.c_asigna IN ('300101','300222','300226') [1][0] OK
C:[26/11/2013 16:19:06.97][190.198.248.3][1635] SELECT MAX(semestre) FROM dace006 a, tblaca009 b WHERE a.exp_e='13-24179195' AND a.lapso='2013-2' AND b.pensum='5' AND b.c_uni_ca='6' AND status IN ('7','A','2') AND a.c_asigna=b.c_asigna  [1][0] OK
C:[26/11/2013 16:19:52.52][190.198.248.3][1392] SELECT pre_cod_asig1,pre_cod_asig2,pre_cod_asig3,pre_cod_asig4,pre_cod_asig5,pre_cod_asig6,pre_cod_asig7 FROM tblaca009 WHERE pensum='5' AND c_uni_ca='6' AND c_asigna='300101' [1][0] OK
C:[26/11/2013 16:19:52.52][190.198.248.3][1392] SELECT pre_cod_asig1,pre_cod_asig2,pre_cod_asig3,pre_cod_asig4,pre_cod_asig5,pre_cod_asig6,pre_cod_asig7 FROM tblaca009 WHERE pensum='5' AND c_uni_ca='6' AND c_asigna='300222' [1][0] OK
C:[26/11/2013 16:19:52.52][190.198.248.3][1405] SELECT c_asigna FROM dace004 WHERE exp_e='13-24179195' AND c_asigna='300112' AND status IN ('0','3','B') [1][0] OK
C:[26/11/2013 16:19:52.52][190.198.248.3][1392] SELECT pre_cod_asig1,pre_cod_asig2,pre_cod_asig3,pre_cod_asig4,pre_cod_asig5,pre_cod_asig6,pre_cod_asig7 FROM tblaca009 WHERE pensum='5' AND c_uni_ca='6' AND c_asigna='300226' [1][0] OK
C:[26/11/2013 16:19:52.52][190.198.248.3][1405] SELECT c_asigna FROM dace004 WHERE exp_e='13-24179195' AND c_asigna='300116' AND status IN ('0','3','B') [1][0] OK
C:[26/11/2013 16:19:52.71][190.198.248.3][1436] SELECT par_cod_asig1,par_cod_asig2,par_cod_asig3 FROM tblaca009 WHERE pensum='5' AND c_uni_ca='6' AND c_asigna='300101' [1][0] OK
C:[26/11/2013 16:19:52.71][190.198.248.3][1436] SELECT par_cod_asig1,par_cod_asig2,par_cod_asig3 FROM tblaca009 WHERE pensum='5' AND c_uni_ca='6' AND c_asigna='300222' [1][0] OK
C:[26/11/2013 16:19:52.71][190.198.248.3][1436] SELECT par_cod_asig1,par_cod_asig2,par_cod_asig3 FROM tblaca009 WHERE pensum='5' AND c_uni_ca='6' AND c_asigna='300226' [1][0] OK
C:[26/11/2013 16:19:52.12][190.198.248.3][1600] SELECT sum(u_creditos*1) FROM dace006 a, tblaca009 b WHERE a.exp_e='13-24179195' AND a.lapso='2013-2' AND b.pensum='5' AND b.c_uni_ca='6' AND status IN ('7','A','2') AND a.c_asigna=b.c_asigna  [1][0] OK
C:[26/11/2013 16:19:52.15][190.198.248.3][1619] SELECT sum(u_creditos*1) FROM dace006 a, tblaca009 b WHERE a.exp_e='13-24179195' AND a.lapso='2013-2' AND b.pensum='5' AND b.c_uni_ca='6' AND status IN ('7','A','2') AND a.c_asigna=b.c_asigna AND a.c_asigna IN ('300101','300222','300226') [1][0] OK
C:[26/11/2013 16:19:52.77][190.198.248.3][1635] SELECT MAX(semestre) FROM dace006 a, tblaca009 b WHERE a.exp_e='13-24179195' AND a.lapso='2013-2' AND b.pensum='5' AND b.c_uni_ca='6' AND status IN ('7','A','2') AND a.c_asigna=b.c_asigna  [1][0] OK
C:[26/11/2013 16:52:07.94][186.90.196.241][1392] SELECT pre_cod_asig1,pre_cod_asig2,pre_cod_asig3,pre_cod_asig4,pre_cod_asig5,pre_cod_asig6,pre_cod_asig7 FROM tblaca009 WHERE pensum='5' AND c_uni_ca='6' AND c_asigna='344965' [1][0] OK
C:[26/11/2013 16:52:07.94][186.90.196.241][1405] SELECT c_asigna FROM dace004 WHERE exp_e='07-19657063' AND c_asigna='344714' AND status IN ('0','3','B') [1][0] OK
C:[26/11/2013 16:52:07.94][186.90.196.241][1392] SELECT pre_cod_asig1,pre_cod_asig2,pre_cod_asig3,pre_cod_asig4,pre_cod_asig5,pre_cod_asig6,pre_cod_asig7 FROM tblaca009 WHERE pensum='5' AND c_uni_ca='6' AND c_asigna='344812' [1][0] OK
C:[26/11/2013 16:52:07.94][186.90.196.241][1405] SELECT c_asigna FROM dace004 WHERE exp_e='07-19657063' AND c_asigna='344715' AND status IN ('0','3','B') [1][0] OK
C:[26/11/2013 16:52:07.94][186.90.196.241][1405] SELECT c_asigna FROM dace004 WHERE exp_e='07-19657063' AND c_asigna='344742' AND status IN ('0','3','B') [1][0] OK
C:[26/11/2013 16:52:07.94][186.90.196.241][1392] SELECT pre_cod_asig1,pre_cod_asig2,pre_cod_asig3,pre_cod_asig4,pre_cod_asig5,pre_cod_asig6,pre_cod_asig7 FROM tblaca009 WHERE pensum='5' AND c_uni_ca='6' AND c_asigna='344834' [1][0] OK
C:[26/11/2013 16:52:07.94][186.90.196.241][1405] SELECT c_asigna FROM dace004 WHERE exp_e='07-19657063' AND c_asigna='344715' AND status IN ('0','3','B') [1][0] OK
C:[26/11/2013 16:52:07.94][186.90.196.241][1405] SELECT c_asigna FROM dace004 WHERE exp_e='07-19657063' AND c_asigna='344716' AND status IN ('0','3','B') [1][0] OK
C:[26/11/2013 16:52:07.94][186.90.196.241][1392] SELECT pre_cod_asig1,pre_cod_asig2,pre_cod_asig3,pre_cod_asig4,pre_cod_asig5,pre_cod_asig6,pre_cod_asig7 FROM tblaca009 WHERE pensum='5' AND c_uni_ca='6' AND c_asigna='300956' [1][0] OK
C:[26/11/2013 16:52:07.94][186.90.196.241][1405] SELECT c_asigna FROM dace004 WHERE exp_e='07-19657063' AND c_asigna='300422' AND status IN ('0','3','B') [1][0] OK
C:[26/11/2013 16:52:07.94][186.90.196.241][1405] SELECT c_asigna FROM dace004 WHERE exp_e='07-19657063' AND c_asigna='300105' AND status IN ('0','3','B') [1][0] OK
C:[26/11/2013 16:52:07.94][186.90.196.241][1405] SELECT c_asigna FROM dace004 WHERE exp_e='07-19657063' AND c_asigna='300314' AND status IN ('0','3','B') [1][0] OK
C:[26/11/2013 16:52:07.94][186.90.196.241][1392] SELECT pre_cod_asig1,pre_cod_asig2,pre_cod_asig3,pre_cod_asig4,pre_cod_asig5,pre_cod_asig6,pre_cod_asig7 FROM tblaca009 WHERE pensum='5' AND c_uni_ca='6' AND c_asigna='344948' [1][0] OK
C:[26/11/2013 16:52:07.94][186.90.196.241][1392] SELECT pre_cod_asig1,pre_cod_asig2,pre_cod_asig3,pre_cod_asig4,pre_cod_asig5,pre_cod_asig6,pre_cod_asig7 FROM tblaca009 WHERE pensum='5' AND c_uni_ca='6' AND c_asigna='344951' [1][0] OK
C:[26/11/2013 16:52:07.94][186.90.196.241][1405] SELECT c_asigna FROM dace004 WHERE exp_e='07-19657063' AND c_asigna='344689' AND status IN ('0','3','B') [1][0] OK
C:[26/11/2013 16:52:07.94][186.90.196.241][1405] SELECT c_asigna FROM dace004 WHERE exp_e='07-19657063' AND c_asigna='344687' AND status IN ('0','3','B') [1][0] OK
C:[26/11/2013 16:52:07.94][186.90.196.241][1392] SELECT pre_cod_asig1,pre_cod_asig2,pre_cod_asig3,pre_cod_asig4,pre_cod_asig5,pre_cod_asig6,pre_cod_asig7 FROM tblaca009 WHERE pensum='5' AND c_uni_ca='6' AND c_asigna='344953' [1][0] OK
C:[26/11/2013 16:52:07.63][186.90.196.241][1436] SELECT par_cod_asig1,par_cod_asig2,par_cod_asig3 FROM tblaca009 WHERE pensum='5' AND c_uni_ca='6' AND c_asigna='344965' [1][0] OK
C:[26/11/2013 16:52:07.63][186.90.196.241][1436] SELECT par_cod_asig1,par_cod_asig2,par_cod_asig3 FROM tblaca009 WHERE pensum='5' AND c_uni_ca='6' AND c_asigna='344812' [1][0] OK
C:[26/11/2013 16:52:07.63][186.90.196.241][1436] SELECT par_cod_asig1,par_cod_asig2,par_cod_asig3 FROM tblaca009 WHERE pensum='5' AND c_uni_ca='6' AND c_asigna='344834' [1][0] OK
C:[26/11/2013 16:52:07.63][186.90.196.241][1436] SELECT par_cod_asig1,par_cod_asig2,par_cod_asig3 FROM tblaca009 WHERE pensum='5' AND c_uni_ca='6' AND c_asigna='300956' [1][0] OK
C:[26/11/2013 16:52:07.63][186.90.196.241][1436] SELECT par_cod_asig1,par_cod_asig2,par_cod_asig3 FROM tblaca009 WHERE pensum='5' AND c_uni_ca='6' AND c_asigna='344948' [1][0] OK
C:[26/11/2013 16:52:07.63][186.90.196.241][1436] SELECT par_cod_asig1,par_cod_asig2,par_cod_asig3 FROM tblaca009 WHERE pensum='5' AND c_uni_ca='6' AND c_asigna='344951' [1][0] OK
C:[26/11/2013 16:52:07.63][186.90.196.241][1436] SELECT par_cod_asig1,par_cod_asig2,par_cod_asig3 FROM tblaca009 WHERE pensum='5' AND c_uni_ca='6' AND c_asigna='344953' [1][0] OK
C:[26/11/2013 16:52:08.51][186.90.196.241][1566] SELECT horas_lab FROM tblaca008 WHERE c_asigna='344965' AND horas_teoricas > 0 [1][0] OK
C:[26/11/2013 16:52:08.63][186.90.196.241][1600] SELECT sum(u_creditos*1) FROM dace006 a, tblaca009 b WHERE a.exp_e='07-19657063' AND a.lapso='2013-2' AND b.pensum='5' AND b.c_uni_ca='6' AND status IN ('7','A','2') AND a.c_asigna=b.c_asigna  [1][0] OK
C:[26/11/2013 16:52:08.57][186.90.196.241][1619] SELECT sum(u_creditos*1) FROM dace006 a, tblaca009 b WHERE a.exp_e='07-19657063' AND a.lapso='2013-2' AND b.pensum='5' AND b.c_uni_ca='6' AND status IN ('7','A','2') AND a.c_asigna=b.c_asigna AND a.c_asigna IN ('344812','344834','300956','344948','344951','344953') [1][0] OK
C:[26/11/2013 16:52:08.50][186.90.196.241][1635] SELECT MAX(semestre) FROM dace006 a, tblaca009 b WHERE a.exp_e='07-19657063' AND a.lapso='2013-2' AND b.pensum='5' AND b.c_uni_ca='6' AND status IN ('7','A','2') AND a.c_asigna=b.c_asigna  [1][0] OK
C:[26/11/2013 16:52:08.44][186.90.196.241][1655] SELECT MIN(semestre) FROM dace006 a, tblaca009 b WHERE a.exp_e='07-19657063' AND a.lapso='2013-2' AND b.pensum='5' AND b.c_uni_ca='6' AND status IN ('7','A','2') AND a.c_asigna=b.c_asigna AND a.c_asigna IN ('344965') [1][0] OK
C:[26/11/2013 17:11:04.94][181.183.234.212][1392] SELECT pre_cod_asig1,pre_cod_asig2,pre_cod_asig3,pre_cod_asig4,pre_cod_asig5,pre_cod_asig6,pre_cod_asig7 FROM tblaca009 WHERE pensum='5' AND c_uni_ca='6' AND c_asigna='333059' [1][0] OK
C:[26/11/2013 17:11:04.94][181.183.234.212][1392] SELECT pre_cod_asig1,pre_cod_asig2,pre_cod_asig3,pre_cod_asig4,pre_cod_asig5,pre_cod_asig6,pre_cod_asig7 FROM tblaca009 WHERE pensum='5' AND c_uni_ca='6' AND c_asigna='300956' [1][0] OK
C:[26/11/2013 17:11:04.94][181.183.234.212][1405] SELECT c_asigna FROM dace004 WHERE exp_e='08-82345916' AND c_asigna='300422' AND status IN ('0','3','B') [1][0] OK
C:[26/11/2013 17:11:04.94][181.183.234.212][1405] SELECT c_asigna FROM dace004 WHERE exp_e='08-82345916' AND c_asigna='300105' AND status IN ('0','3','B') [1][0] OK
C:[26/11/2013 17:11:04.94][181.183.234.212][1405] SELECT c_asigna FROM dace004 WHERE exp_e='08-82345916' AND c_asigna='300314' AND status IN ('0','3','B') [1][0] OK
C:[26/11/2013 17:11:04.94][181.183.234.212][1392] SELECT pre_cod_asig1,pre_cod_asig2,pre_cod_asig3,pre_cod_asig4,pre_cod_asig5,pre_cod_asig6,pre_cod_asig7 FROM tblaca009 WHERE pensum='5' AND c_uni_ca='6' AND c_asigna='344939' [1][0] OK
C:[26/11/2013 17:11:04.94][181.183.234.212][1405] SELECT c_asigna FROM dace004 WHERE exp_e='08-82345916' AND c_asigna='344834' AND status IN ('0','3','B') [1][0] OK
C:[26/11/2013 17:11:04.94][181.183.234.212][1405] SELECT c_asigna FROM dace004 WHERE exp_e='08-82345916' AND c_asigna='344812' AND status IN ('0','3','B') [1][0] OK
C:[26/11/2013 17:11:04.94][181.183.234.212][1392] SELECT pre_cod_asig1,pre_cod_asig2,pre_cod_asig3,pre_cod_asig4,pre_cod_asig5,pre_cod_asig6,pre_cod_asig7 FROM tblaca009 WHERE pensum='5' AND c_uni_ca='6' AND c_asigna='344046' [1][0] OK
C:[26/11/2013 17:11:04.94][181.183.234.212][1405] SELECT c_asigna FROM dace004 WHERE exp_e='08-82345916' AND c_asigna='344834' AND status IN ('0','3','B') [1][0] OK
C:[26/11/2013 17:11:04.94][181.183.234.212][1405] SELECT c_asigna FROM dace004 WHERE exp_e='08-82345916' AND c_asigna='344732' AND status IN ('0','3','B') [1][0] OK
C:[26/11/2013 17:11:04.94][181.183.234.212][1392] SELECT pre_cod_asig1,pre_cod_asig2,pre_cod_asig3,pre_cod_asig4,pre_cod_asig5,pre_cod_asig6,pre_cod_asig7 FROM tblaca009 WHERE pensum='5' AND c_uni_ca='6' AND c_asigna='344953' [1][0] OK
C:[26/11/2013 17:11:04.01][181.183.234.212][1436] SELECT par_cod_asig1,par_cod_asig2,par_cod_asig3 FROM tblaca009 WHERE pensum='5' AND c_uni_ca='6' AND c_asigna='333059' [1][0] OK
C:[26/11/2013 17:11:04.01][181.183.234.212][1436] SELECT par_cod_asig1,par_cod_asig2,par_cod_asig3 FROM tblaca009 WHERE pensum='5' AND c_uni_ca='6' AND c_asigna='300956' [1][0] OK
C:[26/11/2013 17:11:04.01][181.183.234.212][1436] SELECT par_cod_asig1,par_cod_asig2,par_cod_asig3 FROM tblaca009 WHERE pensum='5' AND c_uni_ca='6' AND c_asigna='344939' [1][0] OK
C:[26/11/2013 17:11:04.01][181.183.234.212][1436] SELECT par_cod_asig1,par_cod_asig2,par_cod_asig3 FROM tblaca009 WHERE pensum='5' AND c_uni_ca='6' AND c_asigna='344046' [1][0] OK
C:[26/11/2013 17:11:04.01][181.183.234.212][1436] SELECT par_cod_asig1,par_cod_asig2,par_cod_asig3 FROM tblaca009 WHERE pensum='5' AND c_uni_ca='6' AND c_asigna='344953' [1][0] OK
C:[26/11/2013 17:11:04.65][181.183.234.212][1566] SELECT horas_lab FROM tblaca008 WHERE c_asigna='333059' AND horas_teoricas > 0 [1][0] OK
C:[26/11/2013 17:11:04.76][181.183.234.212][1600] SELECT sum(u_creditos*1) FROM dace006 a, tblaca009 b WHERE a.exp_e='08-82345916' AND a.lapso='2013-2' AND b.pensum='5' AND b.c_uni_ca='6' AND status IN ('7','A','2') AND a.c_asigna=b.c_asigna  [1][0] OK
C:[26/11/2013 17:11:05.26][181.183.234.212][1619] SELECT sum(u_creditos*1) FROM dace006 a, tblaca009 b WHERE a.exp_e='08-82345916' AND a.lapso='2013-2' AND b.pensum='5' AND b.c_uni_ca='6' AND status IN ('7','A','2') AND a.c_asigna=b.c_asigna AND a.c_asigna IN ('300956','344939','344046','344953') [1][0] OK
C:[26/11/2013 17:11:05.19][181.183.234.212][1635] SELECT MAX(semestre) FROM dace006 a, tblaca009 b WHERE a.exp_e='08-82345916' AND a.lapso='2013-2' AND b.pensum='5' AND b.c_uni_ca='6' AND status IN ('7','A','2') AND a.c_asigna=b.c_asigna  [1][0] OK
C:[26/11/2013 17:11:05.13][181.183.234.212][1655] SELECT MIN(semestre) FROM dace006 a, tblaca009 b WHERE a.exp_e='08-82345916' AND a.lapso='2013-2' AND b.pensum='5' AND b.c_uni_ca='6' AND status IN ('7','A','2') AND a.c_asigna=b.c_asigna AND a.c_asigna IN ('333059') [1][0] OK
C:[26/11/2013 17:13:07.90][190.198.248.3][1392] SELECT pre_cod_asig1,pre_cod_asig2,pre_cod_asig3,pre_cod_asig4,pre_cod_asig5,pre_cod_asig6,pre_cod_asig7 FROM tblaca009 WHERE pensum='5' AND c_uni_ca='2' AND c_asigna='300422' [1][0] OK
C:[26/11/2013 17:13:07.90][190.198.248.3][1405] SELECT c_asigna FROM dace004 WHERE exp_e='11-22574644' AND c_asigna='300105' AND status IN ('0','3','B') [1][0] OK
C:[26/11/2013 17:13:07.90][190.198.248.3][1405] SELECT c_asigna FROM dace004 WHERE exp_e='11-22574644' AND c_asigna='300314' AND status IN ('0','3','B') [1][0] OK
C:[26/11/2013 17:13:07.90][190.198.248.3][1392] SELECT pre_cod_asig1,pre_cod_asig2,pre_cod_asig3,pre_cod_asig4,pre_cod_asig5,pre_cod_asig6,pre_cod_asig7 FROM tblaca009 WHERE pensum='5' AND c_uni_ca='2' AND c_asigna='320437' [1][0] OK
C:[26/11/2013 17:13:07.90][190.198.248.3][1405] SELECT c_asigna FROM dace004 WHERE exp_e='11-22574644' AND c_asigna='300317' AND status IN ('0','3','B') [1][0] OK
C:[26/11/2013 17:13:07.90][190.198.248.3][1405] SELECT c_asigna FROM dace004 WHERE exp_e='11-22574644' AND c_asigna='300313' AND status IN ('0','3','B') [1][0] OK
C:[26/11/2013 17:13:07.90][190.198.248.3][1405] SELECT c_asigna FROM dace004 WHERE exp_e='11-22574644' AND c_asigna='300209' AND status IN ('0','3','B') [1][0] OK
C:[26/11/2013 17:13:07.90][190.198.248.3][1405] SELECT c_asigna FROM dace004 WHERE exp_e='11-22574644' AND c_asigna='300226' AND status IN ('0','3','B') [1][0] OK
C:[26/11/2013 17:13:07.90][190.198.248.3][1392] SELECT pre_cod_asig1,pre_cod_asig2,pre_cod_asig3,pre_cod_asig4,pre_cod_asig5,pre_cod_asig6,pre_cod_asig7 FROM tblaca009 WHERE pensum='5' AND c_uni_ca='2' AND c_asigna='322560' [1][0] OK
C:[26/11/2013 17:13:07.90][190.198.248.3][1392] SELECT pre_cod_asig1,pre_cod_asig2,pre_cod_asig3,pre_cod_asig4,pre_cod_asig5,pre_cod_asig6,pre_cod_asig7 FROM tblaca009 WHERE pensum='5' AND c_uni_ca='2' AND c_asigna='323528' [1][0] OK
C:[26/11/2013 17:13:07.90][190.198.248.3][1392] SELECT pre_cod_asig1,pre_cod_asig2,pre_cod_asig3,pre_cod_asig4,pre_cod_asig5,pre_cod_asig6,pre_cod_asig7 FROM tblaca009 WHERE pensum='5' AND c_uni_ca='2' AND c_asigna='322550' [1][0] OK
C:[26/11/2013 17:13:07.90][190.198.248.3][1405] SELECT c_asigna FROM dace004 WHERE exp_e='11-22574644' AND c_asigna='322433' AND status IN ('0','3','B') [1][0] OK
C:[26/11/2013 17:13:07.96][190.198.248.3][1436] SELECT par_cod_asig1,par_cod_asig2,par_cod_asig3 FROM tblaca009 WHERE pensum='5' AND c_uni_ca='2' AND c_asigna='300422' [1][0] OK
C:[26/11/2013 17:13:07.96][190.198.248.3][1436] SELECT par_cod_asig1,par_cod_asig2,par_cod_asig3 FROM tblaca009 WHERE pensum='5' AND c_uni_ca='2' AND c_asigna='320437' [1][0] OK
C:[26/11/2013 17:13:07.96][190.198.248.3][1436] SELECT par_cod_asig1,par_cod_asig2,par_cod_asig3 FROM tblaca009 WHERE pensum='5' AND c_uni_ca='2' AND c_asigna='322560' [1][0] OK
C:[26/11/2013 17:13:07.96][190.198.248.3][1450] SELECT c_asigna FROM dace004 WHERE exp_e='11-22574644' AND c_asigna='323528' AND status IN ('0','3','B','C') [0][0] OK
C:[26/11/2013 17:13:07.96][190.198.248.3][1436] SELECT par_cod_asig1,par_cod_asig2,par_cod_asig3 FROM tblaca009 WHERE pensum='5' AND c_uni_ca='2' AND c_asigna='323528' [1][0] OK
C:[26/11/2013 17:13:07.96][190.198.248.3][1436] SELECT par_cod_asig1,par_cod_asig2,par_cod_asig3 FROM tblaca009 WHERE pensum='5' AND c_uni_ca='2' AND c_asigna='322550' [1][0] OK
C:[26/11/2013 17:13:07.73][190.198.248.3][1566] SELECT horas_lab FROM tblaca008 WHERE c_asigna='300422' AND horas_teoricas > 0 [0][0] OK
C:[26/11/2013 17:13:07.84][190.198.248.3][1600] SELECT sum(u_creditos*1) FROM dace006 a, tblaca009 b WHERE a.exp_e='11-22574644' AND a.lapso='2013-2' AND b.pensum='5' AND b.c_uni_ca='2' AND status IN ('7','A','2') AND a.c_asigna=b.c_asigna  [1][0] OK
C:[26/11/2013 17:13:07.78][190.198.248.3][1619] SELECT sum(u_creditos*1) FROM dace006 a, tblaca009 b WHERE a.exp_e='11-22574644' AND a.lapso='2013-2' AND b.pensum='5' AND b.c_uni_ca='2' AND status IN ('7','A','2') AND a.c_asigna=b.c_asigna AND a.c_asigna IN ('320437','322560','323528','322550') [1][0] OK
C:[26/11/2013 17:13:08.71][190.198.248.3][1635] SELECT MAX(semestre) FROM dace006 a, tblaca009 b WHERE a.exp_e='11-22574644' AND a.lapso='2013-2' AND b.pensum='5' AND b.c_uni_ca='2' AND status IN ('7','A','2') AND a.c_asigna=b.c_asigna  [1][0] OK
C:[26/11/2013 17:13:08.65][190.198.248.3][1655] SELECT MIN(semestre) FROM dace006 a, tblaca009 b WHERE a.exp_e='11-22574644' AND a.lapso='2013-2' AND b.pensum='5' AND b.c_uni_ca='2' AND status IN ('7','A','2') AND a.c_asigna=b.c_asigna AND a.c_asigna IN ('300422') [1][0] OK
C:[26/11/2013 17:41:05.35][172.17.135.225][1392] SELECT pre_cod_asig1,pre_cod_asig2,pre_cod_asig3,pre_cod_asig4,pre_cod_asig5,pre_cod_asig6,pre_cod_asig7 FROM tblaca009 WHERE pensum='5' AND c_uni_ca='2' AND c_asigna='333059' [1][0] OK
C:[26/11/2013 17:41:05.35][172.17.135.225][1392] SELECT pre_cod_asig1,pre_cod_asig2,pre_cod_asig3,pre_cod_asig4,pre_cod_asig5,pre_cod_asig6,pre_cod_asig7 FROM tblaca009 WHERE pensum='5' AND c_uni_ca='2' AND c_asigna='322728' [1][0] OK
C:[26/11/2013 17:41:05.35][172.17.135.225][1405] SELECT c_asigna FROM dace004 WHERE exp_e='10-20171856' AND c_asigna='311561' AND status IN ('0','3','B') [1][0] OK
C:[26/11/2013 17:41:05.35][172.17.135.225][1405] SELECT c_asigna FROM dace004 WHERE exp_e='10-20171856' AND c_asigna='322681' AND status IN ('0','3','B') [1][0] OK
C:[26/11/2013 17:41:05.35][172.17.135.225][1392] SELECT pre_cod_asig1,pre_cod_asig2,pre_cod_asig3,pre_cod_asig4,pre_cod_asig5,pre_cod_asig6,pre_cod_asig7 FROM tblaca009 WHERE pensum='5' AND c_uni_ca='2' AND c_asigna='322826' [1][0] OK
C:[26/11/2013 17:41:05.35][172.17.135.225][1405] SELECT c_asigna FROM dace004 WHERE exp_e='10-20171856' AND c_asigna='322702' AND status IN ('0','3','B') [1][0] OK
C:[26/11/2013 17:41:05.35][172.17.135.225][1392] SELECT pre_cod_asig1,pre_cod_asig2,pre_cod_asig3,pre_cod_asig4,pre_cod_asig5,pre_cod_asig6,pre_cod_asig7 FROM tblaca009 WHERE pensum='5' AND c_uni_ca='2' AND c_asigna='322827' [1][0] OK
C:[26/11/2013 17:41:05.35][172.17.135.225][1405] SELECT c_asigna FROM dace004 WHERE exp_e='10-20171856' AND c_asigna='322703' AND status IN ('0','3','B') [1][0] OK
C:[26/11/2013 17:41:05.35][172.17.135.225][1405] SELECT c_asigna FROM dace004 WHERE exp_e='10-20171856' AND c_asigna='322782' AND status IN ('0','3','B') [1][0] OK
C:[26/11/2013 17:41:05.35][172.17.135.225][1405] SELECT c_asigna FROM dace004 WHERE exp_e='10-20171856' AND c_asigna='322449' AND status IN ('0','3','B') [1][0] OK
C:[26/11/2013 17:41:05.35][172.17.135.225][1392] SELECT pre_cod_asig1,pre_cod_asig2,pre_cod_asig3,pre_cod_asig4,pre_cod_asig5,pre_cod_asig6,pre_cod_asig7 FROM tblaca009 WHERE pensum='5' AND c_uni_ca='2' AND c_asigna='322033' [1][0] OK
C:[26/11/2013 17:41:05.35][172.17.135.225][1392] SELECT pre_cod_asig1,pre_cod_asig2,pre_cod_asig3,pre_cod_asig4,pre_cod_asig5,pre_cod_asig6,pre_cod_asig7 FROM tblaca009 WHERE pensum='5' AND c_uni_ca='2' AND c_asigna='322070' [1][0] OK
C:[26/11/2013 17:41:06.98][172.17.135.225][1436] SELECT par_cod_asig1,par_cod_asig2,par_cod_asig3 FROM tblaca009 WHERE pensum='5' AND c_uni_ca='2' AND c_asigna='333059' [1][0] OK
C:[26/11/2013 17:41:06.98][172.17.135.225][1436] SELECT par_cod_asig1,par_cod_asig2,par_cod_asig3 FROM tblaca009 WHERE pensum='5' AND c_uni_ca='2' AND c_asigna='322728' [1][0] OK
C:[26/11/2013 17:41:06.98][172.17.135.225][1436] SELECT par_cod_asig1,par_cod_asig2,par_cod_asig3 FROM tblaca009 WHERE pensum='5' AND c_uni_ca='2' AND c_asigna='322826' [1][0] OK
C:[26/11/2013 17:41:06.98][172.17.135.225][1436] SELECT par_cod_asig1,par_cod_asig2,par_cod_asig3 FROM tblaca009 WHERE pensum='5' AND c_uni_ca='2' AND c_asigna='322827' [1][0] OK
C:[26/11/2013 17:41:06.98][172.17.135.225][1436] SELECT par_cod_asig1,par_cod_asig2,par_cod_asig3 FROM tblaca009 WHERE pensum='5' AND c_uni_ca='2' AND c_asigna='322033' [1][0] OK
C:[26/11/2013 17:41:06.98][172.17.135.225][1436] SELECT par_cod_asig1,par_cod_asig2,par_cod_asig3 FROM tblaca009 WHERE pensum='5' AND c_uni_ca='2' AND c_asigna='322070' [1][0] OK
C:[26/11/2013 17:41:06.76][172.17.135.225][1566] SELECT horas_lab FROM tblaca008 WHERE c_asigna='333059' AND horas_teoricas > 0 [1][0] OK
C:[26/11/2013 17:41:06.86][172.17.135.225][1600] SELECT sum(u_creditos*1) FROM dace006 a, tblaca009 b WHERE a.exp_e='10-20171856' AND a.lapso='2013-2' AND b.pensum='5' AND b.c_uni_ca='2' AND status IN ('7','A','2') AND a.c_asigna=b.c_asigna  [1][0] OK
C:[26/11/2013 17:41:06.80][172.17.135.225][1619] SELECT sum(u_creditos*1) FROM dace006 a, tblaca009 b WHERE a.exp_e='10-20171856' AND a.lapso='2013-2' AND b.pensum='5' AND b.c_uni_ca='2' AND status IN ('7','A','2') AND a.c_asigna=b.c_asigna AND a.c_asigna IN ('322728','322826','322827','322033','322070') [1][0] OK
C:[26/11/2013 17:41:06.73][172.17.135.225][1635] SELECT MAX(semestre) FROM dace006 a, tblaca009 b WHERE a.exp_e='10-20171856' AND a.lapso='2013-2' AND b.pensum='5' AND b.c_uni_ca='2' AND status IN ('7','A','2') AND a.c_asigna=b.c_asigna  [1][0] OK
C:[26/11/2013 17:41:06.67][172.17.135.225][1655] SELECT MIN(semestre) FROM dace006 a, tblaca009 b WHERE a.exp_e='10-20171856' AND a.lapso='2013-2' AND b.pensum='5' AND b.c_uni_ca='2' AND status IN ('7','A','2') AND a.c_asigna=b.c_asigna AND a.c_asigna IN ('333059') [1][0] OK
C:[26/11/2013 18:35:30.81][190.206.240.231][1392] SELECT pre_cod_asig1,pre_cod_asig2,pre_cod_asig3,pre_cod_asig4,pre_cod_asig5,pre_cod_asig6,pre_cod_asig7 FROM tblaca009 WHERE pensum='5' AND c_uni_ca='6' AND c_asigna='343568' [1][0] OK
C:[26/11/2013 18:35:30.81][190.206.240.231][1405] SELECT c_asigna FROM dace004 WHERE exp_e='04-18886325' AND c_asigna='340327' AND status IN ('0','3','B') [1][0] OK
C:[26/11/2013 18:35:30.81][190.206.240.231][1392] SELECT pre_cod_asig1,pre_cod_asig2,pre_cod_asig3,pre_cod_asig4,pre_cod_asig5,pre_cod_asig6,pre_cod_asig7 FROM tblaca009 WHERE pensum='5' AND c_uni_ca='6' AND c_asigna='300313' [1][0] OK
C:[26/11/2013 18:35:30.81][190.206.240.231][1405] SELECT c_asigna FROM dace004 WHERE exp_e='04-18886325' AND c_asigna='300213' AND status IN ('0','3','B') [1][0] OK
C:[26/11/2013 18:35:30.81][190.206.240.231][1405] SELECT c_asigna FROM dace004 WHERE exp_e='04-18886325' AND c_asigna='300226' AND status IN ('0','3','B') [1][0] OK
C:[26/11/2013 18:35:30.81][190.206.240.231][1405] SELECT c_asigna FROM dace004 WHERE exp_e='04-18886325' AND c_asigna='300222' AND status IN ('0','3','B') [1][0] OK
C:[26/11/2013 18:35:30.81][190.206.240.231][1405] SELECT c_asigna FROM dace004 WHERE exp_e='04-18886325' AND c_asigna='300209' AND status IN ('0','3','B') [1][0] OK
C:[26/11/2013 18:35:30.81][190.206.240.231][1392] SELECT pre_cod_asig1,pre_cod_asig2,pre_cod_asig3,pre_cod_asig4,pre_cod_asig5,pre_cod_asig6,pre_cod_asig7 FROM tblaca009 WHERE pensum='5' AND c_uni_ca='6' AND c_asigna='344715' [1][0] OK
C:[26/11/2013 18:35:30.81][190.206.240.231][1405] SELECT c_asigna FROM dace004 WHERE exp_e='04-18886325' AND c_asigna='344688' AND status IN ('0','3','B') [1][0] OK
C:[26/11/2013 18:35:30.81][190.206.240.231][1405] SELECT c_asigna FROM dace004 WHERE exp_e='04-18886325' AND c_asigna='344613' AND status IN ('0','3','B') [1][0] OK
C:[26/11/2013 18:35:30.81][190.206.240.231][1392] SELECT pre_cod_asig1,pre_cod_asig2,pre_cod_asig3,pre_cod_asig4,pre_cod_asig5,pre_cod_asig6,pre_cod_asig7 FROM tblaca009 WHERE pensum='5' AND c_uni_ca='6' AND c_asigna='344742' [1][0] OK
C:[26/11/2013 18:35:30.81][190.206.240.231][1405] SELECT c_asigna FROM dace004 WHERE exp_e='04-18886325' AND c_asigna='344688' AND status IN ('0','3','B') [1][0] OK
C:[26/11/2013 18:35:30.81][190.206.240.231][1405] SELECT c_asigna FROM dace004 WHERE exp_e='04-18886325' AND c_asigna='342679' AND status IN ('0','3','B') [1][0] OK
C:[26/11/2013 18:35:30.81][190.206.240.231][1392] SELECT pre_cod_asig1,pre_cod_asig2,pre_cod_asig3,pre_cod_asig4,pre_cod_asig5,pre_cod_asig6,pre_cod_asig7 FROM tblaca009 WHERE pensum='5' AND c_uni_ca='6' AND c_asigna='344716' [1][0] OK
C:[26/11/2013 18:35:30.81][190.206.240.231][1405] SELECT c_asigna FROM dace004 WHERE exp_e='04-18886325' AND c_asigna='344688' AND status IN ('0','3','B') [1][0] OK
C:[26/11/2013 18:35:30.81][190.206.240.231][1405] SELECT c_asigna FROM dace004 WHERE exp_e='04-18886325' AND c_asigna='342559' AND status IN ('0','3','B') [1][0] OK
C:[26/11/2013 18:35:30.37][190.206.240.231][1436] SELECT par_cod_asig1,par_cod_asig2,par_cod_asig3 FROM tblaca009 WHERE pensum='5' AND c_uni_ca='6' AND c_asigna='343568' [1][0] OK
C:[26/11/2013 18:35:30.37][190.206.240.231][1436] SELECT par_cod_asig1,par_cod_asig2,par_cod_asig3 FROM tblaca009 WHERE pensum='5' AND c_uni_ca='6' AND c_asigna='300313' [1][0] OK
C:[26/11/2013 18:35:30.37][190.206.240.231][1436] SELECT par_cod_asig1,par_cod_asig2,par_cod_asig3 FROM tblaca009 WHERE pensum='5' AND c_uni_ca='6' AND c_asigna='344715' [1][0] OK
C:[26/11/2013 18:35:30.37][190.206.240.231][1436] SELECT par_cod_asig1,par_cod_asig2,par_cod_asig3 FROM tblaca009 WHERE pensum='5' AND c_uni_ca='6' AND c_asigna='344742' [1][0] OK
C:[26/11/2013 18:35:30.37][190.206.240.231][1436] SELECT par_cod_asig1,par_cod_asig2,par_cod_asig3 FROM tblaca009 WHERE pensum='5' AND c_uni_ca='6' AND c_asigna='344716' [1][0] OK
C:[26/11/2013 18:35:31.02][190.206.240.231][1566] SELECT horas_lab FROM tblaca008 WHERE c_asigna='343568' AND horas_teoricas > 0 [1][0] OK
C:[26/11/2013 18:35:31.13][190.206.240.231][1600] SELECT sum(u_creditos*1) FROM dace006 a, tblaca009 b WHERE a.exp_e='04-18886325' AND a.lapso='2013-2' AND b.pensum='5' AND b.c_uni_ca='6' AND status IN ('7','A','2') AND a.c_asigna=b.c_asigna  [1][0] OK
C:[26/11/2013 18:35:31.07][190.206.240.231][1619] SELECT sum(u_creditos*1) FROM dace006 a, tblaca009 b WHERE a.exp_e='04-18886325' AND a.lapso='2013-2' AND b.pensum='5' AND b.c_uni_ca='6' AND status IN ('7','A','2') AND a.c_asigna=b.c_asigna AND a.c_asigna IN ('300313','344715','344742','344716') [1][0] OK
C:[26/11/2013 18:35:31.25][190.206.240.231][1635] SELECT MAX(semestre) FROM dace006 a, tblaca009 b WHERE a.exp_e='04-18886325' AND a.lapso='2013-2' AND b.pensum='5' AND b.c_uni_ca='6' AND status IN ('7','A','2') AND a.c_asigna=b.c_asigna  [1][0] OK
C:[26/11/2013 18:35:31.32][190.206.240.231][1655] SELECT MIN(semestre) FROM dace006 a, tblaca009 b WHERE a.exp_e='04-18886325' AND a.lapso='2013-2' AND b.pensum='5' AND b.c_uni_ca='6' AND status IN ('7','A','2') AND a.c_asigna=b.c_asigna AND a.c_asigna IN ('343568') [1][0] OK
C:[26/11/2013 18:55:04.74][74.82.68.162][1392] SELECT pre_cod_asig1,pre_cod_asig2,pre_cod_asig3,pre_cod_asig4,pre_cod_asig5,pre_cod_asig6,pre_cod_asig7 FROM tblaca009 WHERE pensum='5' AND c_uni_ca='6' AND c_asigna='300676' [1][0] OK
C:[26/11/2013 18:55:04.74][74.82.68.162][1392] SELECT pre_cod_asig1,pre_cod_asig2,pre_cod_asig3,pre_cod_asig4,pre_cod_asig5,pre_cod_asig6,pre_cod_asig7 FROM tblaca009 WHERE pensum='5' AND c_uni_ca='6' AND c_asigna='342444' [1][0] OK
C:[26/11/2013 18:55:04.74][74.82.68.162][1405] SELECT c_asigna FROM dace004 WHERE exp_e='08-23500701' AND c_asigna='340323' AND status IN ('0','3','B') [1][0] OK
C:[26/11/2013 18:55:04.74][74.82.68.162][1392] SELECT pre_cod_asig1,pre_cod_asig2,pre_cod_asig3,pre_cod_asig4,pre_cod_asig5,pre_cod_asig6,pre_cod_asig7 FROM tblaca009 WHERE pensum='5' AND c_uni_ca='6' AND c_asigna='343568' [1][0] OK
C:[26/11/2013 18:55:04.74][74.82.68.162][1405] SELECT c_asigna FROM dace004 WHERE exp_e='08-23500701' AND c_asigna='340327' AND status IN ('0','3','B') [1][0] OK
C:[26/11/2013 18:55:04.74][74.82.68.162][1392] SELECT pre_cod_asig1,pre_cod_asig2,pre_cod_asig3,pre_cod_asig4,pre_cod_asig5,pre_cod_asig6,pre_cod_asig7 FROM tblaca009 WHERE pensum='5' AND c_uni_ca='6' AND c_asigna='344445' [1][0] OK
C:[26/11/2013 18:55:04.74][74.82.68.162][1392] SELECT pre_cod_asig1,pre_cod_asig2,pre_cod_asig3,pre_cod_asig4,pre_cod_asig5,pre_cod_asig6,pre_cod_asig7 FROM tblaca009 WHERE pensum='5' AND c_uni_ca='6' AND c_asigna='344613' [1][0] OK
C:[26/11/2013 18:55:04.74][74.82.68.162][1405] SELECT c_asigna FROM dace004 WHERE exp_e='08-23500701' AND c_asigna='344566' AND status IN ('0','3','B') [1][0] OK
C:[26/11/2013 18:55:04.74][74.82.68.162][1405] SELECT c_asigna FROM dace004 WHERE exp_e='08-23500701' AND c_asigna='300209' AND status IN ('0','3','B') [1][0] OK
C:[26/11/2013 18:55:04.74][74.82.68.162][1405] SELECT c_asigna FROM dace004 WHERE exp_e='08-23500701' AND c_asigna='300222' AND status IN ('0','3','B') [1][0] OK
C:[26/11/2013 18:55:04.74][74.82.68.162][1405] SELECT c_asigna FROM dace004 WHERE exp_e='08-23500701' AND c_asigna='300226' AND status IN ('0','3','B') [1][0] OK
C:[26/11/2013 18:55:04.74][74.82.68.162][1405] SELECT c_asigna FROM dace004 WHERE exp_e='08-23500701' AND c_asigna='300313' AND status IN ('0','3','B') [1][0] OK
C:[26/11/2013 18:55:04.74][74.82.68.162][1405] SELECT c_asigna FROM dace004 WHERE exp_e='08-23500701' AND c_asigna='300428' AND status IN ('0','3','B') [1][0] OK
C:[26/11/2013 18:55:04.74][74.82.68.162][1405] SELECT c_asigna FROM dace004 WHERE exp_e='08-23500701' AND c_asigna='300317' AND status IN ('0','3','B') [1][0] OK
C:[26/11/2013 18:55:04.74][74.82.68.162][1392] SELECT pre_cod_asig1,pre_cod_asig2,pre_cod_asig3,pre_cod_asig4,pre_cod_asig5,pre_cod_asig6,pre_cod_asig7 FROM tblaca009 WHERE pensum='5' AND c_uni_ca='6' AND c_asigna='342559' [1][0] OK
C:[26/11/2013 18:55:04.74][74.82.68.162][1405] SELECT c_asigna FROM dace004 WHERE exp_e='08-23500701' AND c_asigna='342436' AND status IN ('0','3','B') [1][0] OK
C:[26/11/2013 18:55:05.31][74.82.68.162][1436] SELECT par_cod_asig1,par_cod_asig2,par_cod_asig3 FROM tblaca009 WHERE pensum='5' AND c_uni_ca='6' AND c_asigna='300676' [1][0] OK
C:[26/11/2013 18:55:05.31][74.82.68.162][1436] SELECT par_cod_asig1,par_cod_asig2,par_cod_asig3 FROM tblaca009 WHERE pensum='5' AND c_uni_ca='6' AND c_asigna='342444' [1][0] OK
C:[26/11/2013 18:55:05.31][74.82.68.162][1436] SELECT par_cod_asig1,par_cod_asig2,par_cod_asig3 FROM tblaca009 WHERE pensum='5' AND c_uni_ca='6' AND c_asigna='343568' [1][0] OK
C:[26/11/2013 18:55:05.31][74.82.68.162][1436] SELECT par_cod_asig1,par_cod_asig2,par_cod_asig3 FROM tblaca009 WHERE pensum='5' AND c_uni_ca='6' AND c_asigna='344445' [1][0] OK
C:[26/11/2013 18:55:05.31][74.82.68.162][1436] SELECT par_cod_asig1,par_cod_asig2,par_cod_asig3 FROM tblaca009 WHERE pensum='5' AND c_uni_ca='6' AND c_asigna='344613' [1][0] OK
C:[26/11/2013 18:55:05.31][74.82.68.162][1436] SELECT par_cod_asig1,par_cod_asig2,par_cod_asig3 FROM tblaca009 WHERE pensum='5' AND c_uni_ca='6' AND c_asigna='342559' [1][0] OK
C:[26/11/2013 18:55:05.64][74.82.68.162][1566] SELECT horas_lab FROM tblaca008 WHERE c_asigna='300676' AND horas_teoricas > 0 [1][0] OK
C:[26/11/2013 18:55:05.75][74.82.68.162][1600] SELECT sum(u_creditos*1) FROM dace006 a, tblaca009 b WHERE a.exp_e='08-23500701' AND a.lapso='2013-2' AND b.pensum='5' AND b.c_uni_ca='6' AND status IN ('7','A','2') AND a.c_asigna=b.c_asigna  [1][0] OK
C:[26/11/2013 18:55:05.68][74.82.68.162][1619] SELECT sum(u_creditos*1) FROM dace006 a, tblaca009 b WHERE a.exp_e='08-23500701' AND a.lapso='2013-2' AND b.pensum='5' AND b.c_uni_ca='6' AND status IN ('7','A','2') AND a.c_asigna=b.c_asigna AND a.c_asigna IN ('342444','343568','344445','344613','342559') [1][0] OK
C:[26/11/2013 18:55:05.62][74.82.68.162][1635] SELECT MAX(semestre) FROM dace006 a, tblaca009 b WHERE a.exp_e='08-23500701' AND a.lapso='2013-2' AND b.pensum='5' AND b.c_uni_ca='6' AND status IN ('7','A','2') AND a.c_asigna=b.c_asigna  [1][0] OK
C:[26/11/2013 18:55:05.56][74.82.68.162][1655] SELECT MIN(semestre) FROM dace006 a, tblaca009 b WHERE a.exp_e='08-23500701' AND a.lapso='2013-2' AND b.pensum='5' AND b.c_uni_ca='6' AND status IN ('7','A','2') AND a.c_asigna=b.c_asigna AND a.c_asigna IN ('300676') [1][0] OK
C:[27/11/2013 09:46:20.85][201.248.68.101][1392] SELECT pre_cod_asig1,pre_cod_asig2,pre_cod_asig3,pre_cod_asig4,pre_cod_asig5,pre_cod_asig6,pre_cod_asig7 FROM tblaca009 WHERE pensum='5' AND c_uni_ca='5' AND c_asigna='300676' [1][0] OK
C:[27/11/2013 09:46:20.85][201.248.68.101][1392] SELECT pre_cod_asig1,pre_cod_asig2,pre_cod_asig3,pre_cod_asig4,pre_cod_asig5,pre_cod_asig6,pre_cod_asig7 FROM tblaca009 WHERE pensum='5' AND c_uni_ca='5' AND c_asigna='355571' [1][0] OK
C:[27/11/2013 09:46:20.85][201.248.68.101][1405] SELECT c_asigna FROM dace004 WHERE exp_e='08-19158741' AND c_asigna='355447' AND status IN ('0','3','B') [1][0] OK
C:[27/11/2013 09:46:20.85][201.248.68.101][1392] SELECT pre_cod_asig1,pre_cod_asig2,pre_cod_asig3,pre_cod_asig4,pre_cod_asig5,pre_cod_asig6,pre_cod_asig7 FROM tblaca009 WHERE pensum='5' AND c_uni_ca='5' AND c_asigna='355693' [1][0] OK
C:[27/11/2013 09:46:20.85][201.248.68.101][1405] SELECT c_asigna FROM dace004 WHERE exp_e='08-19158741' AND c_asigna='355572' AND status IN ('0','3','B') [1][0] OK
C:[27/11/2013 09:46:20.85][201.248.68.101][1405] SELECT c_asigna FROM dace004 WHERE exp_e='08-19158741' AND c_asigna='352440' AND status IN ('0','3','B') [1][0] OK
C:[27/11/2013 09:46:20.85][201.248.68.101][1405] SELECT c_asigna FROM dace004 WHERE exp_e='08-19158741' AND c_asigna='355573' AND status IN ('0','3','B') [1][0] OK
C:[27/11/2013 09:46:20.85][201.248.68.101][1405] SELECT c_asigna FROM dace004 WHERE exp_e='08-19158741' AND c_asigna='300226' AND status IN ('0','3','B') [1][0] OK
C:[27/11/2013 09:46:20.85][201.248.68.101][1405] SELECT c_asigna FROM dace004 WHERE exp_e='08-19158741' AND c_asigna='300222' AND status IN ('0','3','B') [1][0] OK
C:[27/11/2013 09:46:20.85][201.248.68.101][1405] SELECT c_asigna FROM dace004 WHERE exp_e='08-19158741' AND c_asigna='300013' AND status IN ('0','3','B') [1][0] OK
C:[27/11/2013 09:46:20.85][201.248.68.101][1405] SELECT c_asigna FROM dace004 WHERE exp_e='08-19158741' AND c_asigna='300113' AND status IN ('0','3','B') [1][0] OK
C:[27/11/2013 09:46:20.85][201.248.68.101][1392] SELECT pre_cod_asig1,pre_cod_asig2,pre_cod_asig3,pre_cod_asig4,pre_cod_asig5,pre_cod_asig6,pre_cod_asig7 FROM tblaca009 WHERE pensum='5' AND c_uni_ca='5' AND c_asigna='355595' [1][0] OK
C:[27/11/2013 09:46:20.85][201.248.68.101][1405] SELECT c_asigna FROM dace004 WHERE exp_e='08-19158741' AND c_asigna='351451' AND status IN ('0','3','B') [1][0] OK
C:[27/11/2013 09:46:20.85][201.248.68.101][1405] SELECT c_asigna FROM dace004 WHERE exp_e='08-19158741' AND c_asigna='355350' AND status IN ('0','3','B') [1][0] OK
C:[27/11/2013 09:46:20.85][201.248.68.101][1405] SELECT c_asigna FROM dace004 WHERE exp_e='08-19158741' AND c_asigna='300318' AND status IN ('0','3','B') [1][0] OK
C:[27/11/2013 09:46:20.85][201.248.68.101][1392] SELECT pre_cod_asig1,pre_cod_asig2,pre_cod_asig3,pre_cod_asig4,pre_cod_asig5,pre_cod_asig6,pre_cod_asig7 FROM tblaca009 WHERE pensum='5' AND c_uni_ca='5' AND c_asigna='355570' [1][0] OK
C:[27/11/2013 09:46:20.85][201.248.68.101][1405] SELECT c_asigna FROM dace004 WHERE exp_e='08-19158741' AND c_asigna='355447' AND status IN ('0','3','B') [1][0] OK
C:[27/11/2013 09:46:21.98][201.248.68.101][1436] SELECT par_cod_asig1,par_cod_asig2,par_cod_asig3 FROM tblaca009 WHERE pensum='5' AND c_uni_ca='5' AND c_asigna='300676' [1][0] OK
C:[27/11/2013 09:46:21.98][201.248.68.101][1436] SELECT par_cod_asig1,par_cod_asig2,par_cod_asig3 FROM tblaca009 WHERE pensum='5' AND c_uni_ca='5' AND c_asigna='355571' [1][0] OK
C:[27/11/2013 09:46:21.98][201.248.68.101][1436] SELECT par_cod_asig1,par_cod_asig2,par_cod_asig3 FROM tblaca009 WHERE pensum='5' AND c_uni_ca='5' AND c_asigna='355693' [1][0] OK
C:[27/11/2013 09:46:21.98][201.248.68.101][1436] SELECT par_cod_asig1,par_cod_asig2,par_cod_asig3 FROM tblaca009 WHERE pensum='5' AND c_uni_ca='5' AND c_asigna='355595' [1][0] OK
C:[27/11/2013 09:46:21.98][201.248.68.101][1436] SELECT par_cod_asig1,par_cod_asig2,par_cod_asig3 FROM tblaca009 WHERE pensum='5' AND c_uni_ca='5' AND c_asigna='355570' [1][0] OK
C:[27/11/2013 09:46:21.62][201.248.68.101][1566] SELECT horas_lab FROM tblaca008 WHERE c_asigna='300676' AND horas_teoricas > 0 [1][0] OK
C:[27/11/2013 09:46:21.72][201.248.68.101][1600] SELECT sum(u_creditos*1) FROM dace006 a, tblaca009 b WHERE a.exp_e='08-19158741' AND a.lapso='2013-2' AND b.pensum='5' AND b.c_uni_ca='5' AND status IN ('7','A','2') AND a.c_asigna=b.c_asigna  [1][0] OK
C:[27/11/2013 09:46:21.22][201.248.68.101][1619] SELECT sum(u_creditos*1) FROM dace006 a, tblaca009 b WHERE a.exp_e='08-19158741' AND a.lapso='2013-2' AND b.pensum='5' AND b.c_uni_ca='5' AND status IN ('7','A','2') AND a.c_asigna=b.c_asigna AND a.c_asigna IN ('355571','355693','355595','355570') [1][0] OK
C:[27/11/2013 09:46:21.73][201.248.68.101][1635] SELECT MAX(semestre) FROM dace006 a, tblaca009 b WHERE a.exp_e='08-19158741' AND a.lapso='2013-2' AND b.pensum='5' AND b.c_uni_ca='5' AND status IN ('7','A','2') AND a.c_asigna=b.c_asigna  [1][0] OK
C:[27/11/2013 09:46:21.67][201.248.68.101][1655] SELECT MIN(semestre) FROM dace006 a, tblaca009 b WHERE a.exp_e='08-19158741' AND a.lapso='2013-2' AND b.pensum='5' AND b.c_uni_ca='5' AND status IN ('7','A','2') AND a.c_asigna=b.c_asigna AND a.c_asigna IN ('300676') [1][0] OK
C:[27/11/2013 09:46:39.72][190.207.44.51][1392] SELECT pre_cod_asig1,pre_cod_asig2,pre_cod_asig3,pre_cod_asig4,pre_cod_asig5,pre_cod_asig6,pre_cod_asig7 FROM tblaca009 WHERE pensum='5' AND c_uni_ca='3' AND c_asigna='300213' [1][0] OK
C:[27/11/2013 09:46:39.72][190.207.44.51][1405] SELECT c_asigna FROM dace004 WHERE exp_e='13-22587294' AND c_asigna='300101' AND status IN ('0','3','B') [1][0] OK
C:[27/11/2013 09:46:39.72][190.207.44.51][1392] SELECT pre_cod_asig1,pre_cod_asig2,pre_cod_asig3,pre_cod_asig4,pre_cod_asig5,pre_cod_asig6,pre_cod_asig7 FROM tblaca009 WHERE pensum='5' AND c_uni_ca='3' AND c_asigna='300116' [1][0] OK
C:[27/11/2013 09:46:39.72][190.207.44.51][1392] SELECT pre_cod_asig1,pre_cod_asig2,pre_cod_asig3,pre_cod_asig4,pre_cod_asig5,pre_cod_asig6,pre_cod_asig7 FROM tblaca009 WHERE pensum='5' AND c_uni_ca='3' AND c_asigna='300207' [1][0] OK
C:[27/11/2013 09:46:39.72][190.207.44.51][1405] SELECT c_asigna FROM dace004 WHERE exp_e='13-22587294' AND c_asigna='300101' AND status IN ('0','3','B') [1][0] OK
C:[27/11/2013 09:46:39.72][190.207.44.51][1392] SELECT pre_cod_asig1,pre_cod_asig2,pre_cod_asig3,pre_cod_asig4,pre_cod_asig5,pre_cod_asig6,pre_cod_asig7 FROM tblaca009 WHERE pensum='5' AND c_uni_ca='3' AND c_asigna='300218' [1][0] OK
C:[27/11/2013 09:46:39.72][190.207.44.51][1405] SELECT c_asigna FROM dace004 WHERE exp_e='13-22587294' AND c_asigna='300101' AND status IN ('0','3','B') [1][0] OK
C:[27/11/2013 09:46:39.72][190.207.44.51][1392] SELECT pre_cod_asig1,pre_cod_asig2,pre_cod_asig3,pre_cod_asig4,pre_cod_asig5,pre_cod_asig6,pre_cod_asig7 FROM tblaca009 WHERE pensum='5' AND c_uni_ca='3' AND c_asigna='300228' [1][0] OK
C:[27/11/2013 09:46:39.72][190.207.44.51][1405] SELECT c_asigna FROM dace004 WHERE exp_e='13-22587294' AND c_asigna='300101' AND status IN ('0','3','B') [1][0] OK
C:[27/11/2013 09:46:39.72][190.207.44.51][1392] SELECT pre_cod_asig1,pre_cod_asig2,pre_cod_asig3,pre_cod_asig4,pre_cod_asig5,pre_cod_asig6,pre_cod_asig7 FROM tblaca009 WHERE pensum='5' AND c_uni_ca='3' AND c_asigna='300209' [1][0] OK
C:[27/11/2013 09:46:39.72][190.207.44.51][1405] SELECT c_asigna FROM dace004 WHERE exp_e='13-22587294' AND c_asigna='300101' AND status IN ('0','3','B') [1][0] OK
C:[27/11/2013 09:46:39.72][190.207.44.51][1392] SELECT pre_cod_asig1,pre_cod_asig2,pre_cod_asig3,pre_cod_asig4,pre_cod_asig5,pre_cod_asig6,pre_cod_asig7 FROM tblaca009 WHERE pensum='5' AND c_uni_ca='3' AND c_asigna='300222' [1][0] OK
C:[27/11/2013 09:46:39.72][190.207.44.51][1405] SELECT c_asigna FROM dace004 WHERE exp_e='13-22587294' AND c_asigna='300112' AND status IN ('0','3','B') [1][0] OK
C:[27/11/2013 09:46:39.35][190.207.44.51][1436] SELECT par_cod_asig1,par_cod_asig2,par_cod_asig3 FROM tblaca009 WHERE pensum='5' AND c_uni_ca='3' AND c_asigna='300213' [1][0] OK
C:[27/11/2013 09:46:39.35][190.207.44.51][1450] SELECT c_asigna FROM dace004 WHERE exp_e='13-22587294' AND c_asigna='300209' AND status IN ('0','3','B','C') [0][0] OK
C:[27/11/2013 09:46:39.35][190.207.44.51][1436] SELECT par_cod_asig1,par_cod_asig2,par_cod_asig3 FROM tblaca009 WHERE pensum='5' AND c_uni_ca='3' AND c_asigna='300116' [1][0] OK
C:[27/11/2013 09:46:39.35][190.207.44.51][1436] SELECT par_cod_asig1,par_cod_asig2,par_cod_asig3 FROM tblaca009 WHERE pensum='5' AND c_uni_ca='3' AND c_asigna='300207' [1][0] OK
C:[27/11/2013 09:46:39.35][190.207.44.51][1436] SELECT par_cod_asig1,par_cod_asig2,par_cod_asig3 FROM tblaca009 WHERE pensum='5' AND c_uni_ca='3' AND c_asigna='300218' [1][0] OK
C:[27/11/2013 09:46:39.35][190.207.44.51][1450] SELECT c_asigna FROM dace004 WHERE exp_e='13-22587294' AND c_asigna='300228' AND status IN ('0','3','B','C') [0][0] OK
C:[27/11/2013 09:46:39.35][190.207.44.51][1436] SELECT par_cod_asig1,par_cod_asig2,par_cod_asig3 FROM tblaca009 WHERE pensum='5' AND c_uni_ca='3' AND c_asigna='300228' [1][0] OK
C:[27/11/2013 09:46:39.35][190.207.44.51][1436] SELECT par_cod_asig1,par_cod_asig2,par_cod_asig3 FROM tblaca009 WHERE pensum='5' AND c_uni_ca='3' AND c_asigna='300209' [1][0] OK
C:[27/11/2013 09:46:39.35][190.207.44.51][1436] SELECT par_cod_asig1,par_cod_asig2,par_cod_asig3 FROM tblaca009 WHERE pensum='5' AND c_uni_ca='3' AND c_asigna='300222' [1][0] OK
C:[27/11/2013 09:46:39.49][190.207.44.51][1566] SELECT horas_lab FROM tblaca008 WHERE c_asigna='300213' AND horas_teoricas > 0 [1][0] OK
C:[27/11/2013 09:46:39.60][190.207.44.51][1600] SELECT sum(u_creditos*1) FROM dace006 a, tblaca009 b WHERE a.exp_e='13-22587294' AND a.lapso='2013-2' AND b.pensum='5' AND b.c_uni_ca='3' AND status IN ('7','A','2') AND a.c_asigna=b.c_asigna  [1][0] OK
C:[27/11/2013 09:46:39.10][190.207.44.51][1619] SELECT sum(u_creditos*1) FROM dace006 a, tblaca009 b WHERE a.exp_e='13-22587294' AND a.lapso='2013-2' AND b.pensum='5' AND b.c_uni_ca='3' AND status IN ('7','A','2') AND a.c_asigna=b.c_asigna AND a.c_asigna IN ('300116','300207','300218','300228','300209','300222') [1][0] OK
C:[27/11/2013 09:46:40.60][190.207.44.51][1635] SELECT MAX(semestre) FROM dace006 a, tblaca009 b WHERE a.exp_e='13-22587294' AND a.lapso='2013-2' AND b.pensum='5' AND b.c_uni_ca='3' AND status IN ('7','A','2') AND a.c_asigna=b.c_asigna  [1][0] OK
C:[27/11/2013 09:46:40.53][190.207.44.51][1655] SELECT MIN(semestre) FROM dace006 a, tblaca009 b WHERE a.exp_e='13-22587294' AND a.lapso='2013-2' AND b.pensum='5' AND b.c_uni_ca='3' AND status IN ('7','A','2') AND a.c_asigna=b.c_asigna AND a.c_asigna IN ('300213') [1][0] OK
C:[27/11/2013 14:26:34.61][190.207.46.214][1392] SELECT pre_cod_asig1,pre_cod_asig2,pre_cod_asig3,pre_cod_asig4,pre_cod_asig5,pre_cod_asig6,pre_cod_asig7 FROM tblaca009 WHERE pensum='5' AND c_uni_ca='5' AND c_asigna='300317' [1][0] OK
C:[27/11/2013 14:26:34.61][190.207.46.214][1405] SELECT c_asigna FROM dace004 WHERE exp_e='12-23721994' AND c_asigna='300207' AND status IN ('0','3','B') [1][0] OK
C:[27/11/2013 14:26:34.61][190.207.46.214][1405] SELECT c_asigna FROM dace004 WHERE exp_e='12-23721994' AND c_asigna='300209' AND status IN ('0','3','B') [1][0] OK
C:[27/11/2013 14:26:34.61][190.207.46.214][1392] SELECT pre_cod_asig1,pre_cod_asig2,pre_cod_asig3,pre_cod_asig4,pre_cod_asig5,pre_cod_asig6,pre_cod_asig7 FROM tblaca009 WHERE pensum='5' AND c_uni_ca='5' AND c_asigna='300313' [1][0] OK
C:[27/11/2013 14:26:34.61][190.207.46.214][1405] SELECT c_asigna FROM dace004 WHERE exp_e='12-23721994' AND c_asigna='300213' AND status IN ('0','3','B') [1][0] OK
C:[27/11/2013 14:26:34.61][190.207.46.214][1405] SELECT c_asigna FROM dace004 WHERE exp_e='12-23721994' AND c_asigna='300226' AND status IN ('0','3','B') [1][0] OK
C:[27/11/2013 14:26:34.61][190.207.46.214][1405] SELECT c_asigna FROM dace004 WHERE exp_e='12-23721994' AND c_asigna='300222' AND status IN ('0','3','B') [1][0] OK
C:[27/11/2013 14:26:34.61][190.207.46.214][1405] SELECT c_asigna FROM dace004 WHERE exp_e='12-23721994' AND c_asigna='300209' AND status IN ('0','3','B') [1][0] OK
C:[27/11/2013 14:26:34.61][190.207.46.214][1392] SELECT pre_cod_asig1,pre_cod_asig2,pre_cod_asig3,pre_cod_asig4,pre_cod_asig5,pre_cod_asig6,pre_cod_asig7 FROM tblaca009 WHERE pensum='5' AND c_uni_ca='5' AND c_asigna='300318' [1][0] OK
C:[27/11/2013 14:26:34.61][190.207.46.214][1405] SELECT c_asigna FROM dace004 WHERE exp_e='12-23721994' AND c_asigna='300228' AND status IN ('0','3','B') [1][0] OK
C:[27/11/2013 14:26:34.61][190.207.46.214][1405] SELECT c_asigna FROM dace004 WHERE exp_e='12-23721994' AND c_asigna='300207' AND status IN ('0','3','B') [1][0] OK
C:[27/11/2013 14:26:34.61][190.207.46.214][1405] SELECT c_asigna FROM dace004 WHERE exp_e='12-23721994' AND c_asigna='300218' AND status IN ('0','3','B') [1][0] OK
C:[27/11/2013 14:26:34.61][190.207.46.214][1392] SELECT pre_cod_asig1,pre_cod_asig2,pre_cod_asig3,pre_cod_asig4,pre_cod_asig5,pre_cod_asig6,pre_cod_asig7 FROM tblaca009 WHERE pensum='5' AND c_uni_ca='5' AND c_asigna='351330' [1][0] OK
C:[27/11/2013 14:26:34.61][190.207.46.214][1405] SELECT c_asigna FROM dace004 WHERE exp_e='12-23721994' AND c_asigna='300218' AND status IN ('0','3','B') [1][0] OK
C:[27/11/2013 14:26:34.61][190.207.46.214][1392] SELECT pre_cod_asig1,pre_cod_asig2,pre_cod_asig3,pre_cod_asig4,pre_cod_asig5,pre_cod_asig6,pre_cod_asig7 FROM tblaca009 WHERE pensum='5' AND c_uni_ca='5' AND c_asigna='355350' [1][0] OK
C:[27/11/2013 14:26:34.61][190.207.46.214][1405] SELECT c_asigna FROM dace004 WHERE exp_e='12-23721994' AND c_asigna='300207' AND status IN ('0','3','B') [1][0] OK
C:[27/11/2013 14:26:34.61][190.207.46.214][1405] SELECT c_asigna FROM dace004 WHERE exp_e='12-23721994' AND c_asigna='300228' AND status IN ('0','3','B') [1][0] OK
C:[27/11/2013 14:26:35.54][190.207.46.214][1436] SELECT par_cod_asig1,par_cod_asig2,par_cod_asig3 FROM tblaca009 WHERE pensum='5' AND c_uni_ca='5' AND c_asigna='300317' [1][0] OK
C:[27/11/2013 14:26:35.54][190.207.46.214][1436] SELECT par_cod_asig1,par_cod_asig2,par_cod_asig3 FROM tblaca009 WHERE pensum='5' AND c_uni_ca='5' AND c_asigna='300313' [1][0] OK
C:[27/11/2013 14:26:35.54][190.207.46.214][1436] SELECT par_cod_asig1,par_cod_asig2,par_cod_asig3 FROM tblaca009 WHERE pensum='5' AND c_uni_ca='5' AND c_asigna='300318' [1][0] OK
C:[27/11/2013 14:26:35.54][190.207.46.214][1436] SELECT par_cod_asig1,par_cod_asig2,par_cod_asig3 FROM tblaca009 WHERE pensum='5' AND c_uni_ca='5' AND c_asigna='351330' [1][0] OK
C:[27/11/2013 14:26:35.54][190.207.46.214][1450] SELECT c_asigna FROM dace004 WHERE exp_e='12-23721994' AND c_asigna='300318' AND status IN ('0','3','B','C') [0][0] OK
C:[27/11/2013 14:26:35.54][190.207.46.214][1450] SELECT c_asigna FROM dace004 WHERE exp_e='12-23721994' AND c_asigna='300317' AND status IN ('0','3','B','C') [0][0] OK
C:[27/11/2013 14:26:35.54][190.207.46.214][1436] SELECT par_cod_asig1,par_cod_asig2,par_cod_asig3 FROM tblaca009 WHERE pensum='5' AND c_uni_ca='5' AND c_asigna='355350' [1][0] OK
C:[27/11/2013 14:26:35.43][190.207.46.214][1566] SELECT horas_lab FROM tblaca008 WHERE c_asigna='300317' AND horas_teoricas > 0 [1][0] OK
C:[27/11/2013 14:26:35.54][190.207.46.214][1600] SELECT sum(u_creditos*1) FROM dace006 a, tblaca009 b WHERE a.exp_e='12-23721994' AND a.lapso='2013-2' AND b.pensum='5' AND b.c_uni_ca='5' AND status IN ('7','A','2') AND a.c_asigna=b.c_asigna  [1][0] OK
C:[27/11/2013 14:26:35.48][190.207.46.214][1619] SELECT sum(u_creditos*1) FROM dace006 a, tblaca009 b WHERE a.exp_e='12-23721994' AND a.lapso='2013-2' AND b.pensum='5' AND b.c_uni_ca='5' AND status IN ('7','A','2') AND a.c_asigna=b.c_asigna AND a.c_asigna IN ('300313','300318','351330','355350') [1][0] OK
C:[27/11/2013 14:26:35.41][190.207.46.214][1635] SELECT MAX(semestre) FROM dace006 a, tblaca009 b WHERE a.exp_e='12-23721994' AND a.lapso='2013-2' AND b.pensum='5' AND b.c_uni_ca='5' AND status IN ('7','A','2') AND a.c_asigna=b.c_asigna  [1][0] OK
C:[27/11/2013 14:26:36.93][190.207.46.214][1655] SELECT MIN(semestre) FROM dace006 a, tblaca009 b WHERE a.exp_e='12-23721994' AND a.lapso='2013-2' AND b.pensum='5' AND b.c_uni_ca='5' AND status IN ('7','A','2') AND a.c_asigna=b.c_asigna AND a.c_asigna IN ('300317') [1][0] OK
C:[28/11/2013 08:29:46.34][190.74.179.170][1392] SELECT pre_cod_asig1,pre_cod_asig2,pre_cod_asig3,pre_cod_asig4,pre_cod_asig5,pre_cod_asig6,pre_cod_asig7 FROM tblaca009 WHERE pensum='5' AND c_uni_ca='2' AND c_asigna='333059' [1][0] OK
C:[28/11/2013 08:29:46.34][190.74.179.170][1392] SELECT pre_cod_asig1,pre_cod_asig2,pre_cod_asig3,pre_cod_asig4,pre_cod_asig5,pre_cod_asig6,pre_cod_asig7 FROM tblaca009 WHERE pensum='5' AND c_uni_ca='2' AND c_asigna='300956' [1][0] OK
C:[28/11/2013 08:29:46.34][190.74.179.170][1405] SELECT c_asigna FROM dace004 WHERE exp_e='07-18336466' AND c_asigna='300422' AND status IN ('0','3','B') [1][0] OK
C:[28/11/2013 08:29:46.34][190.74.179.170][1405] SELECT c_asigna FROM dace004 WHERE exp_e='07-18336466' AND c_asigna='300105' AND status IN ('0','3','B') [1][0] OK
C:[28/11/2013 08:29:46.34][190.74.179.170][1405] SELECT c_asigna FROM dace004 WHERE exp_e='07-18336466' AND c_asigna='300314' AND status IN ('0','3','B') [1][0] OK
C:[28/11/2013 08:29:46.34][190.74.179.170][1392] SELECT pre_cod_asig1,pre_cod_asig2,pre_cod_asig3,pre_cod_asig4,pre_cod_asig5,pre_cod_asig6,pre_cod_asig7 FROM tblaca009 WHERE pensum='5' AND c_uni_ca='2' AND c_asigna='322936' [1][0] OK
C:[28/11/2013 08:29:46.34][190.74.179.170][1405] SELECT c_asigna FROM dace004 WHERE exp_e='07-18336466' AND c_asigna='322801' AND status IN ('0','3','B') [1][0] OK
C:[28/11/2013 08:29:46.34][190.74.179.170][1392] SELECT pre_cod_asig1,pre_cod_asig2,pre_cod_asig3,pre_cod_asig4,pre_cod_asig5,pre_cod_asig6,pre_cod_asig7 FROM tblaca009 WHERE pensum='5' AND c_uni_ca='2' AND c_asigna='322782' [1][0] OK
C:[28/11/2013 08:29:46.34][190.74.179.170][1405] SELECT c_asigna FROM dace004 WHERE exp_e='07-18336466' AND c_asigna='322669' AND status IN ('0','3','B') [1][0] OK
C:[28/11/2013 08:29:46.34][190.74.179.170][1405] SELECT c_asigna FROM dace004 WHERE exp_e='07-18336466' AND c_asigna='322550' AND status IN ('0','3','B') [1][0] OK
C:[28/11/2013 08:29:46.34][190.74.179.170][1392] SELECT pre_cod_asig1,pre_cod_asig2,pre_cod_asig3,pre_cod_asig4,pre_cod_asig5,pre_cod_asig6,pre_cod_asig7 FROM tblaca009 WHERE pensum='5' AND c_uni_ca='2' AND c_asigna='322826' [1][0] OK
C:[28/11/2013 08:29:46.34][190.74.179.170][1405] SELECT c_asigna FROM dace004 WHERE exp_e='07-18336466' AND c_asigna='322702' AND status IN ('0','3','B') [1][0] OK
C:[28/11/2013 08:29:46.34][190.74.179.170][1392] SELECT pre_cod_asig1,pre_cod_asig2,pre_cod_asig3,pre_cod_asig4,pre_cod_asig5,pre_cod_asig6,pre_cod_asig7 FROM tblaca009 WHERE pensum='5' AND c_uni_ca='2' AND c_asigna='322033' [1][0] OK
C:[28/11/2013 08:29:46.34][190.74.179.170][1392] SELECT pre_cod_asig1,pre_cod_asig2,pre_cod_asig3,pre_cod_asig4,pre_cod_asig5,pre_cod_asig6,pre_cod_asig7 FROM tblaca009 WHERE pensum='5' AND c_uni_ca='2' AND c_asigna='322070' [1][0] OK
C:[28/11/2013 08:29:47.65][190.74.179.170][1436] SELECT par_cod_asig1,par_cod_asig2,par_cod_asig3 FROM tblaca009 WHERE pensum='5' AND c_uni_ca='2' AND c_asigna='333059' [1][0] OK
C:[28/11/2013 08:29:47.65][190.74.179.170][1436] SELECT par_cod_asig1,par_cod_asig2,par_cod_asig3 FROM tblaca009 WHERE pensum='5' AND c_uni_ca='2' AND c_asigna='300956' [1][0] OK
C:[28/11/2013 08:29:47.65][190.74.179.170][1436] SELECT par_cod_asig1,par_cod_asig2,par_cod_asig3 FROM tblaca009 WHERE pensum='5' AND c_uni_ca='2' AND c_asigna='322936' [1][0] OK
C:[28/11/2013 08:29:47.65][190.74.179.170][1436] SELECT par_cod_asig1,par_cod_asig2,par_cod_asig3 FROM tblaca009 WHERE pensum='5' AND c_uni_ca='2' AND c_asigna='322782' [1][0] OK
C:[28/11/2013 08:29:47.65][190.74.179.170][1436] SELECT par_cod_asig1,par_cod_asig2,par_cod_asig3 FROM tblaca009 WHERE pensum='5' AND c_uni_ca='2' AND c_asigna='322826' [1][0] OK
C:[28/11/2013 08:29:47.65][190.74.179.170][1436] SELECT par_cod_asig1,par_cod_asig2,par_cod_asig3 FROM tblaca009 WHERE pensum='5' AND c_uni_ca='2' AND c_asigna='322033' [1][0] OK
C:[28/11/2013 08:29:47.65][190.74.179.170][1436] SELECT par_cod_asig1,par_cod_asig2,par_cod_asig3 FROM tblaca009 WHERE pensum='5' AND c_uni_ca='2' AND c_asigna='322070' [1][0] OK
C:[28/11/2013 08:29:47.54][190.74.179.170][1566] SELECT horas_lab FROM tblaca008 WHERE c_asigna='333059' AND horas_teoricas > 0 [1][0] OK
C:[28/11/2013 08:29:47.65][190.74.179.170][1600] SELECT sum(u_creditos*1) FROM dace006 a, tblaca009 b WHERE a.exp_e='07-18336466' AND a.lapso='2013-2' AND b.pensum='5' AND b.c_uni_ca='2' AND status IN ('7','A','2') AND a.c_asigna=b.c_asigna  [1][0] OK
C:[28/11/2013 08:29:47.59][190.74.179.170][1619] SELECT sum(u_creditos*1) FROM dace006 a, tblaca009 b WHERE a.exp_e='07-18336466' AND a.lapso='2013-2' AND b.pensum='5' AND b.c_uni_ca='2' AND status IN ('7','A','2') AND a.c_asigna=b.c_asigna AND a.c_asigna IN ('300956','322936','322782','322826','322033','322070') [1][0] OK
C:[28/11/2013 08:29:47.53][190.74.179.170][1635] SELECT MAX(semestre) FROM dace006 a, tblaca009 b WHERE a.exp_e='07-18336466' AND a.lapso='2013-2' AND b.pensum='5' AND b.c_uni_ca='2' AND status IN ('7','A','2') AND a.c_asigna=b.c_asigna  [1][0] OK
C:[28/11/2013 08:29:47.46][190.74.179.170][1655] SELECT MIN(semestre) FROM dace006 a, tblaca009 b WHERE a.exp_e='07-18336466' AND a.lapso='2013-2' AND b.pensum='5' AND b.c_uni_ca='2' AND status IN ('7','A','2') AND a.c_asigna=b.c_asigna AND a.c_asigna IN ('333059') [1][0] OK
C:[28/11/2013 09:54:43.10][201.248.68.101][1392] SELECT pre_cod_asig1,pre_cod_asig2,pre_cod_asig3,pre_cod_asig4,pre_cod_asig5,pre_cod_asig6,pre_cod_asig7 FROM tblaca009 WHERE pensum='5' AND c_uni_ca='6' AND c_asigna='343568' [1][0] OK
C:[28/11/2013 09:54:43.10][201.248.68.101][1405] SELECT c_asigna FROM dace004 WHERE exp_e='12-23730016' AND c_asigna='340327' AND status IN ('0','3','B') [1][0] OK
C:[28/11/2013 09:54:43.10][201.248.68.101][1392] SELECT pre_cod_asig1,pre_cod_asig2,pre_cod_asig3,pre_cod_asig4,pre_cod_asig5,pre_cod_asig6,pre_cod_asig7 FROM tblaca009 WHERE pensum='5' AND c_uni_ca='6' AND c_asigna='300207' [1][0] OK
C:[28/11/2013 09:54:43.10][201.248.68.101][1405] SELECT c_asigna FROM dace004 WHERE exp_e='12-23730016' AND c_asigna='300101' AND status IN ('0','3','B') [1][0] OK
C:[28/11/2013 09:54:43.10][201.248.68.101][1392] SELECT pre_cod_asig1,pre_cod_asig2,pre_cod_asig3,pre_cod_asig4,pre_cod_asig5,pre_cod_asig6,pre_cod_asig7 FROM tblaca009 WHERE pensum='5' AND c_uni_ca='6' AND c_asigna='300209' [1][0] OK
C:[28/11/2013 09:54:43.10][201.248.68.101][1405] SELECT c_asigna FROM dace004 WHERE exp_e='12-23730016' AND c_asigna='300101' AND status IN ('0','3','B') [1][0] OK
C:[28/11/2013 09:54:43.10][201.248.68.101][1392] SELECT pre_cod_asig1,pre_cod_asig2,pre_cod_asig3,pre_cod_asig4,pre_cod_asig5,pre_cod_asig6,pre_cod_asig7 FROM tblaca009 WHERE pensum='5' AND c_uni_ca='6' AND c_asigna='300213' [1][0] OK
C:[28/11/2013 09:54:43.10][201.248.68.101][1405] SELECT c_asigna FROM dace004 WHERE exp_e='12-23730016' AND c_asigna='300101' AND status IN ('0','3','B') [1][0] OK
C:[28/11/2013 09:54:43.10][201.248.68.101][1392] SELECT pre_cod_asig1,pre_cod_asig2,pre_cod_asig3,pre_cod_asig4,pre_cod_asig5,pre_cod_asig6,pre_cod_asig7 FROM tblaca009 WHERE pensum='5' AND c_uni_ca='6' AND c_asigna='300218' [1][0] OK
C:[28/11/2013 09:54:43.10][201.248.68.101][1405] SELECT c_asigna FROM dace004 WHERE exp_e='12-23730016' AND c_asigna='300101' AND status IN ('0','3','B') [1][0] OK
C:[28/11/2013 09:54:43.10][201.248.68.101][1392] SELECT pre_cod_asig1,pre_cod_asig2,pre_cod_asig3,pre_cod_asig4,pre_cod_asig5,pre_cod_asig6,pre_cod_asig7 FROM tblaca009 WHERE pensum='5' AND c_uni_ca='6' AND c_asigna='300228' [1][0] OK
C:[28/11/2013 09:54:43.10][201.248.68.101][1405] SELECT c_asigna FROM dace004 WHERE exp_e='12-23730016' AND c_asigna='300101' AND status IN ('0','3','B') [1][0] OK
C:[28/11/2013 09:54:44.16][201.248.68.101][1436] SELECT par_cod_asig1,par_cod_asig2,par_cod_asig3 FROM tblaca009 WHERE pensum='5' AND c_uni_ca='6' AND c_asigna='343568' [1][0] OK
C:[28/11/2013 09:54:44.16][201.248.68.101][1436] SELECT par_cod_asig1,par_cod_asig2,par_cod_asig3 FROM tblaca009 WHERE pensum='5' AND c_uni_ca='6' AND c_asigna='300207' [1][0] OK
C:[28/11/2013 09:54:44.16][201.248.68.101][1436] SELECT par_cod_asig1,par_cod_asig2,par_cod_asig3 FROM tblaca009 WHERE pensum='5' AND c_uni_ca='6' AND c_asigna='300209' [1][0] OK
C:[28/11/2013 09:54:44.16][201.248.68.101][1436] SELECT par_cod_asig1,par_cod_asig2,par_cod_asig3 FROM tblaca009 WHERE pensum='5' AND c_uni_ca='6' AND c_asigna='300213' [1][0] OK
C:[28/11/2013 09:54:44.16][201.248.68.101][1450] SELECT c_asigna FROM dace004 WHERE exp_e='12-23730016' AND c_asigna='300209' AND status IN ('0','3','B','C') [0][0] OK
C:[28/11/2013 09:54:44.16][201.248.68.101][1436] SELECT par_cod_asig1,par_cod_asig2,par_cod_asig3 FROM tblaca009 WHERE pensum='5' AND c_uni_ca='6' AND c_asigna='300218' [1][0] OK
C:[28/11/2013 09:54:44.16][201.248.68.101][1450] SELECT c_asigna FROM dace004 WHERE exp_e='12-23730016' AND c_asigna='300228' AND status IN ('0','3','B','C') [0][0] OK
C:[28/11/2013 09:54:44.16][201.248.68.101][1436] SELECT par_cod_asig1,par_cod_asig2,par_cod_asig3 FROM tblaca009 WHERE pensum='5' AND c_uni_ca='6' AND c_asigna='300228' [1][0] OK
C:[28/11/2013 09:54:44.17][201.248.68.101][1566] SELECT horas_lab FROM tblaca008 WHERE c_asigna='343568' AND horas_teoricas > 0 [1][0] OK
C:[28/11/2013 09:54:44.29][201.248.68.101][1600] SELECT sum(u_creditos*1) FROM dace006 a, tblaca009 b WHERE a.exp_e='12-23730016' AND a.lapso='2013-2' AND b.pensum='5' AND b.c_uni_ca='6' AND status IN ('7','A','2') AND a.c_asigna=b.c_asigna  [1][0] OK
C:[28/11/2013 09:54:44.23][201.248.68.101][1619] SELECT sum(u_creditos*1) FROM dace006 a, tblaca009 b WHERE a.exp_e='12-23730016' AND a.lapso='2013-2' AND b.pensum='5' AND b.c_uni_ca='6' AND status IN ('7','A','2') AND a.c_asigna=b.c_asigna AND a.c_asigna IN ('300207','300209','300213','300218','300228') [1][0] OK
C:[28/11/2013 09:54:44.75][201.248.68.101][1635] SELECT MAX(semestre) FROM dace006 a, tblaca009 b WHERE a.exp_e='12-23730016' AND a.lapso='2013-2' AND b.pensum='5' AND b.c_uni_ca='6' AND status IN ('7','A','2') AND a.c_asigna=b.c_asigna  [1][0] OK
C:[28/11/2013 09:54:44.23][201.248.68.101][1655] SELECT MIN(semestre) FROM dace006 a, tblaca009 b WHERE a.exp_e='12-23730016' AND a.lapso='2013-2' AND b.pensum='5' AND b.c_uni_ca='6' AND status IN ('7','A','2') AND a.c_asigna=b.c_asigna AND a.c_asigna IN ('343568') [1][0] OK
C:[28/11/2013 13:47:20.43][190.200.48.110][1392] SELECT pre_cod_asig1,pre_cod_asig2,pre_cod_asig3,pre_cod_asig4,pre_cod_asig5,pre_cod_asig6,pre_cod_asig7 FROM tblaca009 WHERE pensum='5' AND c_uni_ca='3' AND c_asigna='310548' [1][0] OK
C:[28/11/2013 13:47:20.43][190.200.48.110][1405] SELECT c_asigna FROM dace004 WHERE exp_e='09-20286788' AND c_asigna='300428' AND status IN ('0','3','B') [1][0] OK
C:[28/11/2013 13:47:20.43][190.200.48.110][1405] SELECT c_asigna FROM dace004 WHERE exp_e='09-20286788' AND c_asigna='300313' AND status IN ('0','3','B') [1][0] OK
C:[28/11/2013 13:47:20.43][190.200.48.110][1405] SELECT c_asigna FROM dace004 WHERE exp_e='09-20286788' AND c_asigna='300222' AND status IN ('0','3','B') [1][0] OK
C:[28/11/2013 13:47:20.43][190.200.48.110][1405] SELECT c_asigna FROM dace004 WHERE exp_e='09-20286788' AND c_asigna='300226' AND status IN ('0','3','B') [1][0] OK
C:[28/11/2013 13:47:20.43][190.200.48.110][1405] SELECT c_asigna FROM dace004 WHERE exp_e='09-20286788' AND c_asigna='300209' AND status IN ('0','3','B') [1][0] OK
C:[28/11/2013 13:47:20.43][190.200.48.110][1392] SELECT pre_cod_asig1,pre_cod_asig2,pre_cod_asig3,pre_cod_asig4,pre_cod_asig5,pre_cod_asig6,pre_cod_asig7 FROM tblaca009 WHERE pensum='5' AND c_uni_ca='3' AND c_asigna='311430' [1][0] OK
C:[28/11/2013 13:47:20.43][190.200.48.110][1405] SELECT c_asigna FROM dace004 WHERE exp_e='09-20286788' AND c_asigna='300317' AND status IN ('0','3','B') [1][0] OK
C:[28/11/2013 13:47:20.43][190.200.48.110][1405] SELECT c_asigna FROM dace004 WHERE exp_e='09-20286788' AND c_asigna='300318' AND status IN ('0','3','B') [1][0] OK
C:[28/11/2013 13:47:20.43][190.200.48.110][1405] SELECT c_asigna FROM dace004 WHERE exp_e='09-20286788' AND c_asigna='300313' AND status IN ('0','3','B') [1][0] OK
C:[28/11/2013 13:47:20.43][190.200.48.110][1405] SELECT c_asigna FROM dace004 WHERE exp_e='09-20286788' AND c_asigna='300222' AND status IN ('0','3','B') [1][0] OK
C:[28/11/2013 13:47:20.43][190.200.48.110][1405] SELECT c_asigna FROM dace004 WHERE exp_e='09-20286788' AND c_asigna='300226' AND status IN ('0','3','B') [1][0] OK
C:[28/11/2013 13:47:20.43][190.200.48.110][1405] SELECT c_asigna FROM dace004 WHERE exp_e='09-20286788' AND c_asigna='300209' AND status IN ('0','3','B') [1][0] OK
C:[28/11/2013 13:47:20.43][190.200.48.110][1392] SELECT pre_cod_asig1,pre_cod_asig2,pre_cod_asig3,pre_cod_asig4,pre_cod_asig5,pre_cod_asig6,pre_cod_asig7 FROM tblaca009 WHERE pensum='5' AND c_uni_ca='3' AND c_asigna='311431' [1][0] OK
C:[28/11/2013 13:47:20.43][190.200.48.110][1405] SELECT c_asigna FROM dace004 WHERE exp_e='09-20286788' AND c_asigna='311320' AND status IN ('0','3','B') [1][0] OK
C:[28/11/2013 13:47:20.43][190.200.48.110][1405] SELECT c_asigna FROM dace004 WHERE exp_e='09-20286788' AND c_asigna='300013' AND status IN ('0','3','B') [1][0] OK
C:[28/11/2013 13:47:20.43][190.200.48.110][1405] SELECT c_asigna FROM dace004 WHERE exp_e='09-20286788' AND c_asigna='300113' AND status IN ('0','3','B') [1][0] OK
C:[28/11/2013 13:47:20.43][190.200.48.110][1405] SELECT c_asigna FROM dace004 WHERE exp_e='09-20286788' AND c_asigna='300222' AND status IN ('0','3','B') [1][0] OK
C:[28/11/2013 13:47:20.43][190.200.48.110][1405] SELECT c_asigna FROM dace004 WHERE exp_e='09-20286788' AND c_asigna='300226' AND status IN ('0','3','B') [1][0] OK
C:[28/11/2013 13:47:20.43][190.200.48.110][1405] SELECT c_asigna FROM dace004 WHERE exp_e='09-20286788' AND c_asigna='300209' AND status IN ('0','3','B') [1][0] OK
C:[28/11/2013 13:47:20.43][190.200.48.110][1392] SELECT pre_cod_asig1,pre_cod_asig2,pre_cod_asig3,pre_cod_asig4,pre_cod_asig5,pre_cod_asig6,pre_cod_asig7 FROM tblaca009 WHERE pensum='5' AND c_uni_ca='3' AND c_asigna='311434' [1][0] OK
C:[28/11/2013 13:47:20.43][190.200.48.110][1405] SELECT c_asigna FROM dace004 WHERE exp_e='09-20286788' AND c_asigna='300222' AND status IN ('0','3','B') [1][0] OK
C:[28/11/2013 13:47:20.43][190.200.48.110][1405] SELECT c_asigna FROM dace004 WHERE exp_e='09-20286788' AND c_asigna='300226' AND status IN ('0','3','B') [1][0] OK
C:[28/11/2013 13:47:20.43][190.200.48.110][1405] SELECT c_asigna FROM dace004 WHERE exp_e='09-20286788' AND c_asigna='300209' AND status IN ('0','3','B') [1][0] OK
C:[28/11/2013 13:47:20.43][190.200.48.110][1392] SELECT pre_cod_asig1,pre_cod_asig2,pre_cod_asig3,pre_cod_asig4,pre_cod_asig5,pre_cod_asig6,pre_cod_asig7 FROM tblaca009 WHERE pensum='5' AND c_uni_ca='3' AND c_asigna='314787' [1][0] OK
C:[28/11/2013 13:47:20.43][190.200.48.110][1405] SELECT c_asigna FROM dace004 WHERE exp_e='09-20286788' AND c_asigna='314662' AND status IN ('0','3','B') [1][0] OK
C:[28/11/2013 13:47:20.94][190.200.48.110][1436] SELECT par_cod_asig1,par_cod_asig2,par_cod_asig3 FROM tblaca009 WHERE pensum='5' AND c_uni_ca='3' AND c_asigna='310548' [1][0] OK
C:[28/11/2013 13:47:20.94][190.200.48.110][1436] SELECT par_cod_asig1,par_cod_asig2,par_cod_asig3 FROM tblaca009 WHERE pensum='5' AND c_uni_ca='3' AND c_asigna='311430' [1][0] OK
C:[28/11/2013 13:47:20.94][190.200.48.110][1436] SELECT par_cod_asig1,par_cod_asig2,par_cod_asig3 FROM tblaca009 WHERE pensum='5' AND c_uni_ca='3' AND c_asigna='311431' [1][0] OK
C:[28/11/2013 13:47:20.94][190.200.48.110][1450] SELECT c_asigna FROM dace004 WHERE exp_e='09-20286788' AND c_asigna='311430' AND status IN ('0','3','B','C') [0][0] OK
C:[28/11/2013 13:47:20.94][190.200.48.110][1436] SELECT par_cod_asig1,par_cod_asig2,par_cod_asig3 FROM tblaca009 WHERE pensum='5' AND c_uni_ca='3' AND c_asigna='311434' [1][0] OK
C:[28/11/2013 13:47:20.94][190.200.48.110][1450] SELECT c_asigna FROM dace004 WHERE exp_e='09-20286788' AND c_asigna='311431' AND status IN ('0','3','B','C') [0][0] OK
C:[28/11/2013 13:47:20.94][190.200.48.110][1436] SELECT par_cod_asig1,par_cod_asig2,par_cod_asig3 FROM tblaca009 WHERE pensum='5' AND c_uni_ca='3' AND c_asigna='314787' [1][0] OK
C:[28/11/2013 13:47:21.82][190.200.48.110][1566] SELECT horas_lab FROM tblaca008 WHERE c_asigna='310548' AND horas_teoricas > 0 [1][0] OK
C:[28/11/2013 13:47:21.93][190.200.48.110][1600] SELECT sum(u_creditos*1) FROM dace006 a, tblaca009 b WHERE a.exp_e='09-20286788' AND a.lapso='2013-2' AND b.pensum='5' AND b.c_uni_ca='3' AND status IN ('7','A','2') AND a.c_asigna=b.c_asigna  [1][0] OK
C:[28/11/2013 13:47:21.87][190.200.48.110][1619] SELECT sum(u_creditos*1) FROM dace006 a, tblaca009 b WHERE a.exp_e='09-20286788' AND a.lapso='2013-2' AND b.pensum='5' AND b.c_uni_ca='3' AND status IN ('7','A','2') AND a.c_asigna=b.c_asigna AND a.c_asigna IN ('311430','311431','311434','314787') [1][0] OK
C:[28/11/2013 13:47:21.81][190.200.48.110][1635] SELECT MAX(semestre) FROM dace006 a, tblaca009 b WHERE a.exp_e='09-20286788' AND a.lapso='2013-2' AND b.pensum='5' AND b.c_uni_ca='3' AND status IN ('7','A','2') AND a.c_asigna=b.c_asigna  [1][0] OK
C:[28/11/2013 13:47:21.75][190.200.48.110][1655] SELECT MIN(semestre) FROM dace006 a, tblaca009 b WHERE a.exp_e='09-20286788' AND a.lapso='2013-2' AND b.pensum='5' AND b.c_uni_ca='3' AND status IN ('7','A','2') AND a.c_asigna=b.c_asigna AND a.c_asigna IN ('310548') [1][0] OK
C:[28/11/2013 22:24:34.59][181.185.205.105][1392] SELECT pre_cod_asig1,pre_cod_asig2,pre_cod_asig3,pre_cod_asig4,pre_cod_asig5,pre_cod_asig6,pre_cod_asig7 FROM tblaca009 WHERE pensum='5' AND c_uni_ca='3' AND c_asigna='300677' [1][0] OK
C:[28/11/2013 22:24:34.59][181.185.205.105][1392] SELECT pre_cod_asig1,pre_cod_asig2,pre_cod_asig3,pre_cod_asig4,pre_cod_asig5,pre_cod_asig6,pre_cod_asig7 FROM tblaca009 WHERE pensum='5' AND c_uni_ca='3' AND c_asigna='300314' [1][0] OK
C:[28/11/2013 22:24:34.59][181.185.205.105][1405] SELECT c_asigna FROM dace004 WHERE exp_e='09-18686840' AND c_asigna='300106' AND status IN ('0','3','B') [1][0] OK
C:[28/11/2013 22:24:34.59][181.185.205.105][1392] SELECT pre_cod_asig1,pre_cod_asig2,pre_cod_asig3,pre_cod_asig4,pre_cod_asig5,pre_cod_asig6,pre_cod_asig7 FROM tblaca009 WHERE pensum='5' AND c_uni_ca='3' AND c_asigna='311434' [1][0] OK
C:[28/11/2013 22:24:34.59][181.185.205.105][1405] SELECT c_asigna FROM dace004 WHERE exp_e='09-18686840' AND c_asigna='300222' AND status IN ('0','3','B') [1][0] OK
C:[28/11/2013 22:24:34.59][181.185.205.105][1405] SELECT c_asigna FROM dace004 WHERE exp_e='09-18686840' AND c_asigna='300226' AND status IN ('0','3','B') [1][0] OK
C:[28/11/2013 22:24:34.59][181.185.205.105][1405] SELECT c_asigna FROM dace004 WHERE exp_e='09-18686840' AND c_asigna='300209' AND status IN ('0','3','B') [1][0] OK
C:[28/11/2013 22:24:34.59][181.185.205.105][1392] SELECT pre_cod_asig1,pre_cod_asig2,pre_cod_asig3,pre_cod_asig4,pre_cod_asig5,pre_cod_asig6,pre_cod_asig7 FROM tblaca009 WHERE pensum='5' AND c_uni_ca='3' AND c_asigna='310548' [1][0] OK
C:[28/11/2013 22:24:34.59][181.185.205.105][1405] SELECT c_asigna FROM dace004 WHERE exp_e='09-18686840' AND c_asigna='300428' AND status IN ('0','3','B') [1][0] OK
C:[28/11/2013 22:24:34.59][181.185.205.105][1405] SELECT c_asigna FROM dace004 WHERE exp_e='09-18686840' AND c_asigna='300313' AND status IN ('0','3','B') [1][0] OK
C:[28/11/2013 22:24:34.59][181.185.205.105][1405] SELECT c_asigna FROM dace004 WHERE exp_e='09-18686840' AND c_asigna='300222' AND status IN ('0','3','B') [1][0] OK
C:[28/11/2013 22:24:34.59][181.185.205.105][1405] SELECT c_asigna FROM dace004 WHERE exp_e='09-18686840' AND c_asigna='300226' AND status IN ('0','3','B') [1][0] OK
C:[28/11/2013 22:24:34.59][181.185.205.105][1405] SELECT c_asigna FROM dace004 WHERE exp_e='09-18686840' AND c_asigna='300209' AND status IN ('0','3','B') [1][0] OK
C:[28/11/2013 22:24:34.59][181.185.205.105][1392] SELECT pre_cod_asig1,pre_cod_asig2,pre_cod_asig3,pre_cod_asig4,pre_cod_asig5,pre_cod_asig6,pre_cod_asig7 FROM tblaca009 WHERE pensum='5' AND c_uni_ca='3' AND c_asigna='311673' [1][0] OK
C:[28/11/2013 22:24:34.59][181.185.205.105][1405] SELECT c_asigna FROM dace004 WHERE exp_e='09-18686840' AND c_asigna='311551' AND status IN ('0','3','B') [1][0] OK
C:[28/11/2013 22:24:34.59][181.185.205.105][1405] SELECT c_asigna FROM dace004 WHERE exp_e='09-18686840' AND c_asigna='311554' AND status IN ('0','3','B') [1][0] OK
C:[28/11/2013 22:24:34.59][181.185.205.105][1405] SELECT c_asigna FROM dace004 WHERE exp_e='09-18686840' AND c_asigna='311320' AND status IN ('0','3','B') [1][0] OK
C:[28/11/2013 22:24:34.59][181.185.205.105][1392] SELECT pre_cod_asig1,pre_cod_asig2,pre_cod_asig3,pre_cod_asig4,pre_cod_asig5,pre_cod_asig6,pre_cod_asig7 FROM tblaca009 WHERE pensum='5' AND c_uni_ca='3' AND c_asigna='315671' [1][0] OK
C:[28/11/2013 22:24:34.59][181.185.205.105][1405] SELECT c_asigna FROM dace004 WHERE exp_e='09-18686840' AND c_asigna='315552' AND status IN ('0','3','B') [1][0] OK
C:[28/11/2013 22:24:34.97][181.185.205.105][1436] SELECT par_cod_asig1,par_cod_asig2,par_cod_asig3 FROM tblaca009 WHERE pensum='5' AND c_uni_ca='3' AND c_asigna='300677' [1][0] OK
C:[28/11/2013 22:24:34.97][181.185.205.105][1436] SELECT par_cod_asig1,par_cod_asig2,par_cod_asig3 FROM tblaca009 WHERE pensum='5' AND c_uni_ca='3' AND c_asigna='300314' [1][0] OK
C:[28/11/2013 22:24:34.97][181.185.205.105][1436] SELECT par_cod_asig1,par_cod_asig2,par_cod_asig3 FROM tblaca009 WHERE pensum='5' AND c_uni_ca='3' AND c_asigna='311434' [1][0] OK
C:[28/11/2013 22:24:34.97][181.185.205.105][1450] SELECT c_asigna FROM dace004 WHERE exp_e='09-18686840' AND c_asigna='311431' AND status IN ('0','3','B','C') [1][0] OK
C:[28/11/2013 22:24:34.97][181.185.205.105][1436] SELECT par_cod_asig1,par_cod_asig2,par_cod_asig3 FROM tblaca009 WHERE pensum='5' AND c_uni_ca='3' AND c_asigna='310548' [1][0] OK
C:[28/11/2013 22:24:34.97][181.185.205.105][1436] SELECT par_cod_asig1,par_cod_asig2,par_cod_asig3 FROM tblaca009 WHERE pensum='5' AND c_uni_ca='3' AND c_asigna='311673' [1][0] OK
C:[28/11/2013 22:24:34.97][181.185.205.105][1436] SELECT par_cod_asig1,par_cod_asig2,par_cod_asig3 FROM tblaca009 WHERE pensum='5' AND c_uni_ca='3' AND c_asigna='315671' [1][0] OK
C:[28/11/2013 22:24:35.85][181.185.205.105][1566] SELECT horas_lab FROM tblaca008 WHERE c_asigna='300677' AND horas_teoricas > 0 [1][0] OK
C:[28/11/2013 22:24:35.97][181.185.205.105][1600] SELECT sum(u_creditos*1) FROM dace006 a, tblaca009 b WHERE a.exp_e='09-18686840' AND a.lapso='2013-2' AND b.pensum='5' AND b.c_uni_ca='3' AND status IN ('7','A','2') AND a.c_asigna=b.c_asigna  [1][0] OK
C:[28/11/2013 22:24:35.90][181.185.205.105][1619] SELECT sum(u_creditos*1) FROM dace006 a, tblaca009 b WHERE a.exp_e='09-18686840' AND a.lapso='2013-2' AND b.pensum='5' AND b.c_uni_ca='3' AND status IN ('7','A','2') AND a.c_asigna=b.c_asigna AND a.c_asigna IN ('300314','311434','310548','311673','315671') [1][0] OK
C:[28/11/2013 22:24:35.84][181.185.205.105][1635] SELECT MAX(semestre) FROM dace006 a, tblaca009 b WHERE a.exp_e='09-18686840' AND a.lapso='2013-2' AND b.pensum='5' AND b.c_uni_ca='3' AND status IN ('7','A','2') AND a.c_asigna=b.c_asigna  [1][0] OK
C:[28/11/2013 22:24:35.78][181.185.205.105][1655] SELECT MIN(semestre) FROM dace006 a, tblaca009 b WHERE a.exp_e='09-18686840' AND a.lapso='2013-2' AND b.pensum='5' AND b.c_uni_ca='3' AND status IN ('7','A','2') AND a.c_asigna=b.c_asigna AND a.c_asigna IN ('300677') [1][0] OK
C:[29/11/2013 13:56:38.01][200.109.198.198][1392] SELECT pre_cod_asig1,pre_cod_asig2,pre_cod_asig3,pre_cod_asig4,pre_cod_asig5,pre_cod_asig6,pre_cod_asig7 FROM tblaca009 WHERE pensum='5' AND c_uni_ca='5' AND c_asigna='355350' [1][0] OK
C:[29/11/2013 13:56:38.01][200.109.198.198][1405] SELECT c_asigna FROM dace004 WHERE exp_e='11-24847691' AND c_asigna='300207' AND status IN ('0','3','B') [1][0] OK
C:[29/11/2013 13:56:38.01][200.109.198.198][1405] SELECT c_asigna FROM dace004 WHERE exp_e='11-24847691' AND c_asigna='300228' AND status IN ('0','3','B') [1][0] OK
C:[29/11/2013 13:56:38.01][200.109.198.198][1392] SELECT pre_cod_asig1,pre_cod_asig2,pre_cod_asig3,pre_cod_asig4,pre_cod_asig5,pre_cod_asig6,pre_cod_asig7 FROM tblaca009 WHERE pensum='5' AND c_uni_ca='5' AND c_asigna='300317' [1][0] OK
C:[29/11/2013 13:56:38.01][200.109.198.198][1405] SELECT c_asigna FROM dace004 WHERE exp_e='11-24847691' AND c_asigna='300207' AND status IN ('0','3','B') [1][0] OK
C:[29/11/2013 13:56:38.01][200.109.198.198][1405] SELECT c_asigna FROM dace004 WHERE exp_e='11-24847691' AND c_asigna='300209' AND status IN ('0','3','B') [1][0] OK
C:[29/11/2013 13:56:38.01][200.109.198.198][1392] SELECT pre_cod_asig1,pre_cod_asig2,pre_cod_asig3,pre_cod_asig4,pre_cod_asig5,pre_cod_asig6,pre_cod_asig7 FROM tblaca009 WHERE pensum='5' AND c_uni_ca='5' AND c_asigna='300314' [1][0] OK
C:[29/11/2013 13:56:38.01][200.109.198.198][1405] SELECT c_asigna FROM dace004 WHERE exp_e='11-24847691' AND c_asigna='300106' AND status IN ('0','3','B') [1][0] OK
C:[29/11/2013 13:56:38.01][200.109.198.198][1392] SELECT pre_cod_asig1,pre_cod_asig2,pre_cod_asig3,pre_cod_asig4,pre_cod_asig5,pre_cod_asig6,pre_cod_asig7 FROM tblaca009 WHERE pensum='5' AND c_uni_ca='5' AND c_asigna='355448' [1][0] OK
C:[29/11/2013 13:56:38.01][200.109.198.198][1405] SELECT c_asigna FROM dace004 WHERE exp_e='11-24847691' AND c_asigna='300313' AND status IN ('0','3','B') [1][0] OK
C:[29/11/2013 13:56:38.01][200.109.198.198][1405] SELECT c_asigna FROM dace004 WHERE exp_e='11-24847691' AND c_asigna='300209' AND status IN ('0','3','B') [1][0] OK
C:[29/11/2013 13:56:38.01][200.109.198.198][1405] SELECT c_asigna FROM dace004 WHERE exp_e='11-24847691' AND c_asigna='300226' AND status IN ('0','3','B') [1][0] OK
C:[29/11/2013 13:56:38.01][200.109.198.198][1405] SELECT c_asigna FROM dace004 WHERE exp_e='11-24847691' AND c_asigna='300222' AND status IN ('0','3','B') [1][0] OK
C:[29/11/2013 13:56:38.01][200.109.198.198][1392] SELECT pre_cod_asig1,pre_cod_asig2,pre_cod_asig3,pre_cod_asig4,pre_cod_asig5,pre_cod_asig6,pre_cod_asig7 FROM tblaca009 WHERE pensum='5' AND c_uni_ca='5' AND c_asigna='300318' [1][0] OK
C:[29/11/2013 13:56:38.01][200.109.198.198][1405] SELECT c_asigna FROM dace004 WHERE exp_e='11-24847691' AND c_asigna='300228' AND status IN ('0','3','B') [1][0] OK
C:[29/11/2013 13:56:38.01][200.109.198.198][1405] SELECT c_asigna FROM dace004 WHERE exp_e='11-24847691' AND c_asigna='300207' AND status IN ('0','3','B') [1][0] OK
C:[29/11/2013 13:56:38.01][200.109.198.198][1405] SELECT c_asigna FROM dace004 WHERE exp_e='11-24847691' AND c_asigna='300218' AND status IN ('0','3','B') [1][0] OK
C:[29/11/2013 13:56:38.01][200.109.198.198][1392] SELECT pre_cod_asig1,pre_cod_asig2,pre_cod_asig3,pre_cod_asig4,pre_cod_asig5,pre_cod_asig6,pre_cod_asig7 FROM tblaca009 WHERE pensum='5' AND c_uni_ca='5' AND c_asigna='351330' [1][0] OK
C:[29/11/2013 13:56:38.01][200.109.198.198][1405] SELECT c_asigna FROM dace004 WHERE exp_e='11-24847691' AND c_asigna='300218' AND status IN ('0','3','B') [1][0] OK
C:[29/11/2013 13:56:39.95][200.109.198.198][1436] SELECT par_cod_asig1,par_cod_asig2,par_cod_asig3 FROM tblaca009 WHERE pensum='5' AND c_uni_ca='5' AND c_asigna='355350' [1][0] OK
C:[29/11/2013 13:56:39.95][200.109.198.198][1436] SELECT par_cod_asig1,par_cod_asig2,par_cod_asig3 FROM tblaca009 WHERE pensum='5' AND c_uni_ca='5' AND c_asigna='300317' [1][0] OK
C:[29/11/2013 13:56:39.95][200.109.198.198][1436] SELECT par_cod_asig1,par_cod_asig2,par_cod_asig3 FROM tblaca009 WHERE pensum='5' AND c_uni_ca='5' AND c_asigna='300314' [1][0] OK
C:[29/11/2013 13:56:39.95][200.109.198.198][1436] SELECT par_cod_asig1,par_cod_asig2,par_cod_asig3 FROM tblaca009 WHERE pensum='5' AND c_uni_ca='5' AND c_asigna='355448' [1][0] OK
C:[29/11/2013 13:56:39.95][200.109.198.198][1436] SELECT par_cod_asig1,par_cod_asig2,par_cod_asig3 FROM tblaca009 WHERE pensum='5' AND c_uni_ca='5' AND c_asigna='300318' [1][0] OK
C:[29/11/2013 13:56:39.95][200.109.198.198][1436] SELECT par_cod_asig1,par_cod_asig2,par_cod_asig3 FROM tblaca009 WHERE pensum='5' AND c_uni_ca='5' AND c_asigna='351330' [1][0] OK
C:[29/11/2013 13:56:39.95][200.109.198.198][1450] SELECT c_asigna FROM dace004 WHERE exp_e='11-24847691' AND c_asigna='300318' AND status IN ('0','3','B','C') [0][0] OK
C:[29/11/2013 13:56:39.95][200.109.198.198][1450] SELECT c_asigna FROM dace004 WHERE exp_e='11-24847691' AND c_asigna='300317' AND status IN ('0','3','B','C') [0][0] OK
C:[29/11/2013 13:56:39.96][200.109.198.198][1566] SELECT horas_lab FROM tblaca008 WHERE c_asigna='355350' AND horas_teoricas > 0 [1][0] OK
C:[29/11/2013 13:56:39.07][200.109.198.198][1600] SELECT sum(u_creditos*1) FROM dace006 a, tblaca009 b WHERE a.exp_e='11-24847691' AND a.lapso='2013-2' AND b.pensum='5' AND b.c_uni_ca='5' AND status IN ('7','A','2') AND a.c_asigna=b.c_asigna  [1][0] OK
C:[29/11/2013 13:56:39.01][200.109.198.198][1619] SELECT sum(u_creditos*1) FROM dace006 a, tblaca009 b WHERE a.exp_e='11-24847691' AND a.lapso='2013-2' AND b.pensum='5' AND b.c_uni_ca='5' AND status IN ('7','A','2') AND a.c_asigna=b.c_asigna AND a.c_asigna IN ('300317','300314','355448','300318','351330') [1][0] OK
C:[29/11/2013 13:56:39.95][200.109.198.198][1635] SELECT MAX(semestre) FROM dace006 a, tblaca009 b WHERE a.exp_e='11-24847691' AND a.lapso='2013-2' AND b.pensum='5' AND b.c_uni_ca='5' AND status IN ('7','A','2') AND a.c_asigna=b.c_asigna  [1][0] OK
C:[29/11/2013 13:56:40.89][200.109.198.198][1655] SELECT MIN(semestre) FROM dace006 a, tblaca009 b WHERE a.exp_e='11-24847691' AND a.lapso='2013-2' AND b.pensum='5' AND b.c_uni_ca='5' AND status IN ('7','A','2') AND a.c_asigna=b.c_asigna AND a.c_asigna IN ('355350') [1][0] OK
C:[29/11/2013 14:48:44.45][190.78.117.139][1392] SELECT pre_cod_asig1,pre_cod_asig2,pre_cod_asig3,pre_cod_asig4,pre_cod_asig5,pre_cod_asig6,pre_cod_asig7 FROM tblaca009 WHERE pensum='5' AND c_uni_ca='6' AND c_asigna='300213' [1][0] OK
C:[29/11/2013 14:48:44.45][190.78.117.139][1405] SELECT c_asigna FROM dace004 WHERE exp_e='13-25511976' AND c_asigna='300101' AND status IN ('0','3','B') [1][0] OK
C:[29/11/2013 14:48:44.45][190.78.117.139][1392] SELECT pre_cod_asig1,pre_cod_asig2,pre_cod_asig3,pre_cod_asig4,pre_cod_asig5,pre_cod_asig6,pre_cod_asig7 FROM tblaca009 WHERE pensum='5' AND c_uni_ca='6' AND c_asigna='300222' [1][0] OK
C:[29/11/2013 14:48:44.45][190.78.117.139][1405] SELECT c_asigna FROM dace004 WHERE exp_e='13-25511976' AND c_asigna='300112' AND status IN ('0','3','B') [1][0] OK
C:[29/11/2013 14:48:44.45][190.78.117.139][1392] SELECT pre_cod_asig1,pre_cod_asig2,pre_cod_asig3,pre_cod_asig4,pre_cod_asig5,pre_cod_asig6,pre_cod_asig7 FROM tblaca009 WHERE pensum='5' AND c_uni_ca='6' AND c_asigna='300207' [1][0] OK
C:[29/11/2013 14:48:44.45][190.78.117.139][1405] SELECT c_asigna FROM dace004 WHERE exp_e='13-25511976' AND c_asigna='300101' AND status IN ('0','3','B') [1][0] OK
C:[29/11/2013 14:48:44.45][190.78.117.139][1392] SELECT pre_cod_asig1,pre_cod_asig2,pre_cod_asig3,pre_cod_asig4,pre_cod_asig5,pre_cod_asig6,pre_cod_asig7 FROM tblaca009 WHERE pensum='5' AND c_uni_ca='6' AND c_asigna='300209' [1][0] OK
C:[29/11/2013 14:48:44.45][190.78.117.139][1405] SELECT c_asigna FROM dace004 WHERE exp_e='13-25511976' AND c_asigna='300101' AND status IN ('0','3','B') [1][0] OK
C:[29/11/2013 14:48:44.45][190.78.117.139][1392] SELECT pre_cod_asig1,pre_cod_asig2,pre_cod_asig3,pre_cod_asig4,pre_cod_asig5,pre_cod_asig6,pre_cod_asig7 FROM tblaca009 WHERE pensum='5' AND c_uni_ca='6' AND c_asigna='300218' [1][0] OK
C:[29/11/2013 14:48:44.45][190.78.117.139][1405] SELECT c_asigna FROM dace004 WHERE exp_e='13-25511976' AND c_asigna='300101' AND status IN ('0','3','B') [1][0] OK
C:[29/11/2013 14:48:44.45][190.78.117.139][1392] SELECT pre_cod_asig1,pre_cod_asig2,pre_cod_asig3,pre_cod_asig4,pre_cod_asig5,pre_cod_asig6,pre_cod_asig7 FROM tblaca009 WHERE pensum='5' AND c_uni_ca='6' AND c_asigna='300226' [1][0] OK
C:[29/11/2013 14:48:44.45][190.78.117.139][1405] SELECT c_asigna FROM dace004 WHERE exp_e='13-25511976' AND c_asigna='300116' AND status IN ('0','3','B') [1][0] OK
C:[29/11/2013 14:48:44.45][190.78.117.139][1392] SELECT pre_cod_asig1,pre_cod_asig2,pre_cod_asig3,pre_cod_asig4,pre_cod_asig5,pre_cod_asig6,pre_cod_asig7 FROM tblaca009 WHERE pensum='5' AND c_uni_ca='6' AND c_asigna='300228' [1][0] OK
C:[29/11/2013 14:48:44.45][190.78.117.139][1405] SELECT c_asigna FROM dace004 WHERE exp_e='13-25511976' AND c_asigna='300101' AND status IN ('0','3','B') [1][0] OK
C:[29/11/2013 14:48:45.70][190.78.117.139][1436] SELECT par_cod_asig1,par_cod_asig2,par_cod_asig3 FROM tblaca009 WHERE pensum='5' AND c_uni_ca='6' AND c_asigna='300213' [1][0] OK
C:[29/11/2013 14:48:45.70][190.78.117.139][1450] SELECT c_asigna FROM dace004 WHERE exp_e='13-25511976' AND c_asigna='300209' AND status IN ('0','3','B','C') [0][0] OK
C:[29/11/2013 14:48:45.70][190.78.117.139][1436] SELECT par_cod_asig1,par_cod_asig2,par_cod_asig3 FROM tblaca009 WHERE pensum='5' AND c_uni_ca='6' AND c_asigna='300222' [1][0] OK
C:[29/11/2013 14:48:45.70][190.78.117.139][1436] SELECT par_cod_asig1,par_cod_asig2,par_cod_asig3 FROM tblaca009 WHERE pensum='5' AND c_uni_ca='6' AND c_asigna='300207' [1][0] OK
C:[29/11/2013 14:48:45.70][190.78.117.139][1436] SELECT par_cod_asig1,par_cod_asig2,par_cod_asig3 FROM tblaca009 WHERE pensum='5' AND c_uni_ca='6' AND c_asigna='300209' [1][0] OK
C:[29/11/2013 14:48:45.70][190.78.117.139][1436] SELECT par_cod_asig1,par_cod_asig2,par_cod_asig3 FROM tblaca009 WHERE pensum='5' AND c_uni_ca='6' AND c_asigna='300218' [1][0] OK
C:[29/11/2013 14:48:45.70][190.78.117.139][1450] SELECT c_asigna FROM dace004 WHERE exp_e='13-25511976' AND c_asigna='300228' AND status IN ('0','3','B','C') [0][0] OK
C:[29/11/2013 14:48:45.70][190.78.117.139][1436] SELECT par_cod_asig1,par_cod_asig2,par_cod_asig3 FROM tblaca009 WHERE pensum='5' AND c_uni_ca='6' AND c_asigna='300226' [1][0] OK
C:[29/11/2013 14:48:45.70][190.78.117.139][1436] SELECT par_cod_asig1,par_cod_asig2,par_cod_asig3 FROM tblaca009 WHERE pensum='5' AND c_uni_ca='6' AND c_asigna='300228' [1][0] OK
C:[29/11/2013 14:48:45.84][190.78.117.139][1566] SELECT horas_lab FROM tblaca008 WHERE c_asigna='300213' AND horas_teoricas > 0 [1][0] OK
C:[29/11/2013 14:48:45.84][190.78.117.139][1566] SELECT horas_lab FROM tblaca008 WHERE c_asigna='300222' AND horas_teoricas > 0 [1][0] OK
C:[29/11/2013 14:48:45.09][190.78.117.139][1600] SELECT sum(u_creditos*1) FROM dace006 a, tblaca009 b WHERE a.exp_e='13-25511976' AND a.lapso='2013-2' AND b.pensum='5' AND b.c_uni_ca='6' AND status IN ('7','A','2') AND a.c_asigna=b.c_asigna  [1][0] OK
C:[29/11/2013 14:48:45.02][190.78.117.139][1619] SELECT sum(u_creditos*1) FROM dace006 a, tblaca009 b WHERE a.exp_e='13-25511976' AND a.lapso='2013-2' AND b.pensum='5' AND b.c_uni_ca='6' AND status IN ('7','A','2') AND a.c_asigna=b.c_asigna AND a.c_asigna IN ('300207','300209','300218','300226','300228') [1][0] OK
C:[29/11/2013 14:48:45.51][190.78.117.139][1635] SELECT MAX(semestre) FROM dace006 a, tblaca009 b WHERE a.exp_e='13-25511976' AND a.lapso='2013-2' AND b.pensum='5' AND b.c_uni_ca='6' AND status IN ('7','A','2') AND a.c_asigna=b.c_asigna  [1][0] OK
C:[29/11/2013 14:48:45.46][190.78.117.139][1655] SELECT MIN(semestre) FROM dace006 a, tblaca009 b WHERE a.exp_e='13-25511976' AND a.lapso='2013-2' AND b.pensum='5' AND b.c_uni_ca='6' AND status IN ('7','A','2') AND a.c_asigna=b.c_asigna AND a.c_asigna IN ('300213','300222') [1][0] OK
C:[29/11/2013 18:14:44.72][201.248.68.101][1392] SELECT pre_cod_asig1,pre_cod_asig2,pre_cod_asig3,pre_cod_asig4,pre_cod_asig5,pre_cod_asig6,pre_cod_asig7 FROM tblaca009 WHERE pensum='5' AND c_uni_ca='2' AND c_asigna='333059' [1][0] OK
C:[29/11/2013 18:14:44.72][201.248.68.101][1392] SELECT pre_cod_asig1,pre_cod_asig2,pre_cod_asig3,pre_cod_asig4,pre_cod_asig5,pre_cod_asig6,pre_cod_asig7 FROM tblaca009 WHERE pensum='5' AND c_uni_ca='2' AND c_asigna='322780' [1][0] OK
C:[29/11/2013 18:14:44.72][201.248.68.101][1405] SELECT c_asigna FROM dace004 WHERE exp_e='07-18981018' AND c_asigna='322678' AND status IN ('0','3','B') [1][0] OK
C:[29/11/2013 18:14:44.72][201.248.68.101][1392] SELECT pre_cod_asig1,pre_cod_asig2,pre_cod_asig3,pre_cod_asig4,pre_cod_asig5,pre_cod_asig6,pre_cod_asig7 FROM tblaca009 WHERE pensum='5' AND c_uni_ca='2' AND c_asigna='322827' [1][0] OK
C:[29/11/2013 18:14:44.72][201.248.68.101][1405] SELECT c_asigna FROM dace004 WHERE exp_e='07-18981018' AND c_asigna='322703' AND status IN ('0','3','B') [1][0] OK
C:[29/11/2013 18:14:44.72][201.248.68.101][1405] SELECT c_asigna FROM dace004 WHERE exp_e='07-18981018' AND c_asigna='322782' AND status IN ('0','3','B') [1][0] OK
C:[29/11/2013 18:14:44.72][201.248.68.101][1405] SELECT c_asigna FROM dace004 WHERE exp_e='07-18981018' AND c_asigna='322449' AND status IN ('0','3','B') [1][0] OK
C:[29/11/2013 18:14:44.72][201.248.68.101][1392] SELECT pre_cod_asig1,pre_cod_asig2,pre_cod_asig3,pre_cod_asig4,pre_cod_asig5,pre_cod_asig6,pre_cod_asig7 FROM tblaca009 WHERE pensum='5' AND c_uni_ca='2' AND c_asigna='300890' [1][0] OK
C:[29/11/2013 18:14:44.72][201.248.68.101][1392] SELECT pre_cod_asig1,pre_cod_asig2,pre_cod_asig3,pre_cod_asig4,pre_cod_asig5,pre_cod_asig6,pre_cod_asig7 FROM tblaca009 WHERE pensum='5' AND c_uni_ca='2' AND c_asigna='322033' [1][0] OK
C:[29/11/2013 18:14:44.72][201.248.68.101][1392] SELECT pre_cod_asig1,pre_cod_asig2,pre_cod_asig3,pre_cod_asig4,pre_cod_asig5,pre_cod_asig6,pre_cod_asig7 FROM tblaca009 WHERE pensum='5' AND c_uni_ca='2' AND c_asigna='322055' [1][0] OK
C:[29/11/2013 18:14:44.72][201.248.68.101][1392] SELECT pre_cod_asig1,pre_cod_asig2,pre_cod_asig3,pre_cod_asig4,pre_cod_asig5,pre_cod_asig6,pre_cod_asig7 FROM tblaca009 WHERE pensum='5' AND c_uni_ca='2' AND c_asigna='322070' [1][0] OK
C:[29/11/2013 18:14:44.78][201.248.68.101][1436] SELECT par_cod_asig1,par_cod_asig2,par_cod_asig3 FROM tblaca009 WHERE pensum='5' AND c_uni_ca='2' AND c_asigna='333059' [1][0] OK
C:[29/11/2013 18:14:44.78][201.248.68.101][1436] SELECT par_cod_asig1,par_cod_asig2,par_cod_asig3 FROM tblaca009 WHERE pensum='5' AND c_uni_ca='2' AND c_asigna='322780' [1][0] OK
C:[29/11/2013 18:14:44.78][201.248.68.101][1436] SELECT par_cod_asig1,par_cod_asig2,par_cod_asig3 FROM tblaca009 WHERE pensum='5' AND c_uni_ca='2' AND c_asigna='322827' [1][0] OK
C:[29/11/2013 18:14:44.78][201.248.68.101][1436] SELECT par_cod_asig1,par_cod_asig2,par_cod_asig3 FROM tblaca009 WHERE pensum='5' AND c_uni_ca='2' AND c_asigna='300890' [1][0] OK
C:[29/11/2013 18:14:44.78][201.248.68.101][1436] SELECT par_cod_asig1,par_cod_asig2,par_cod_asig3 FROM tblaca009 WHERE pensum='5' AND c_uni_ca='2' AND c_asigna='322033' [1][0] OK
C:[29/11/2013 18:14:44.78][201.248.68.101][1436] SELECT par_cod_asig1,par_cod_asig2,par_cod_asig3 FROM tblaca009 WHERE pensum='5' AND c_uni_ca='2' AND c_asigna='322055' [1][0] OK
C:[29/11/2013 18:14:44.78][201.248.68.101][1436] SELECT par_cod_asig1,par_cod_asig2,par_cod_asig3 FROM tblaca009 WHERE pensum='5' AND c_uni_ca='2' AND c_asigna='322070' [1][0] OK
C:[29/11/2013 18:14:44.67][201.248.68.101][1566] SELECT horas_lab FROM tblaca008 WHERE c_asigna='333059' AND horas_teoricas > 0 [1][0] OK
C:[29/11/2013 18:14:44.78][201.248.68.101][1600] SELECT sum(u_creditos*1) FROM dace006 a, tblaca009 b WHERE a.exp_e='07-18981018' AND a.lapso='2013-2' AND b.pensum='5' AND b.c_uni_ca='2' AND status IN ('7','A','2') AND a.c_asigna=b.c_asigna  [1][0] OK
C:[29/11/2013 18:14:44.29][201.248.68.101][1619] SELECT sum(u_creditos*1) FROM dace006 a, tblaca009 b WHERE a.exp_e='07-18981018' AND a.lapso='2013-2' AND b.pensum='5' AND b.c_uni_ca='2' AND status IN ('7','A','2') AND a.c_asigna=b.c_asigna AND a.c_asigna IN ('322780','322827','300890','322033','322055','322070') [1][0] OK
C:[29/11/2013 18:14:45.78][201.248.68.101][1635] SELECT MAX(semestre) FROM dace006 a, tblaca009 b WHERE a.exp_e='07-18981018' AND a.lapso='2013-2' AND b.pensum='5' AND b.c_uni_ca='2' AND status IN ('7','A','2') AND a.c_asigna=b.c_asigna  [1][0] OK
C:[29/11/2013 18:14:45.28][201.248.68.101][1655] SELECT MIN(semestre) FROM dace006 a, tblaca009 b WHERE a.exp_e='07-18981018' AND a.lapso='2013-2' AND b.pensum='5' AND b.c_uni_ca='2' AND status IN ('7','A','2') AND a.c_asigna=b.c_asigna AND a.c_asigna IN ('333059') [1][0] OK
C:[29/11/2013 18:22:11.68][190.78.117.139][1392] SELECT pre_cod_asig1,pre_cod_asig2,pre_cod_asig3,pre_cod_asig4,pre_cod_asig5,pre_cod_asig6,pre_cod_asig7 FROM tblaca009 WHERE pensum='5' AND c_uni_ca='6' AND c_asigna='300207' [1][0] OK
C:[29/11/2013 18:22:11.68][190.78.117.139][1405] SELECT c_asigna FROM dace004 WHERE exp_e='13-25511976' AND c_asigna='300101' AND status IN ('0','3','B') [1][0] OK
C:[29/11/2013 18:22:11.68][190.78.117.139][1392] SELECT pre_cod_asig1,pre_cod_asig2,pre_cod_asig3,pre_cod_asig4,pre_cod_asig5,pre_cod_asig6,pre_cod_asig7 FROM tblaca009 WHERE pensum='5' AND c_uni_ca='6' AND c_asigna='300209' [1][0] OK
C:[29/11/2013 18:22:11.68][190.78.117.139][1405] SELECT c_asigna FROM dace004 WHERE exp_e='13-25511976' AND c_asigna='300101' AND status IN ('0','3','B') [1][0] OK
C:[29/11/2013 18:22:11.68][190.78.117.139][1392] SELECT pre_cod_asig1,pre_cod_asig2,pre_cod_asig3,pre_cod_asig4,pre_cod_asig5,pre_cod_asig6,pre_cod_asig7 FROM tblaca009 WHERE pensum='5' AND c_uni_ca='6' AND c_asigna='300218' [1][0] OK
C:[29/11/2013 18:22:11.68][190.78.117.139][1405] SELECT c_asigna FROM dace004 WHERE exp_e='13-25511976' AND c_asigna='300101' AND status IN ('0','3','B') [1][0] OK
C:[29/11/2013 18:22:11.68][190.78.117.139][1392] SELECT pre_cod_asig1,pre_cod_asig2,pre_cod_asig3,pre_cod_asig4,pre_cod_asig5,pre_cod_asig6,pre_cod_asig7 FROM tblaca009 WHERE pensum='5' AND c_uni_ca='6' AND c_asigna='300226' [1][0] OK
C:[29/11/2013 18:22:11.68][190.78.117.139][1405] SELECT c_asigna FROM dace004 WHERE exp_e='13-25511976' AND c_asigna='300116' AND status IN ('0','3','B') [1][0] OK
C:[29/11/2013 18:22:11.68][190.78.117.139][1392] SELECT pre_cod_asig1,pre_cod_asig2,pre_cod_asig3,pre_cod_asig4,pre_cod_asig5,pre_cod_asig6,pre_cod_asig7 FROM tblaca009 WHERE pensum='5' AND c_uni_ca='6' AND c_asigna='300228' [1][0] OK
C:[29/11/2013 18:22:11.68][190.78.117.139][1405] SELECT c_asigna FROM dace004 WHERE exp_e='13-25511976' AND c_asigna='300101' AND status IN ('0','3','B') [1][0] OK
C:[29/11/2013 18:22:11.49][190.78.117.139][1436] SELECT par_cod_asig1,par_cod_asig2,par_cod_asig3 FROM tblaca009 WHERE pensum='5' AND c_uni_ca='6' AND c_asigna='300207' [1][0] OK
C:[29/11/2013 18:22:11.49][190.78.117.139][1436] SELECT par_cod_asig1,par_cod_asig2,par_cod_asig3 FROM tblaca009 WHERE pensum='5' AND c_uni_ca='6' AND c_asigna='300209' [1][0] OK
C:[29/11/2013 18:22:11.49][190.78.117.139][1436] SELECT par_cod_asig1,par_cod_asig2,par_cod_asig3 FROM tblaca009 WHERE pensum='5' AND c_uni_ca='6' AND c_asigna='300218' [1][0] OK
C:[29/11/2013 18:22:11.49][190.78.117.139][1450] SELECT c_asigna FROM dace004 WHERE exp_e='13-25511976' AND c_asigna='300228' AND status IN ('0','3','B','C') [0][0] OK
C:[29/11/2013 18:22:11.49][190.78.117.139][1436] SELECT par_cod_asig1,par_cod_asig2,par_cod_asig3 FROM tblaca009 WHERE pensum='5' AND c_uni_ca='6' AND c_asigna='300226' [1][0] OK
C:[29/11/2013 18:22:11.49][190.78.117.139][1436] SELECT par_cod_asig1,par_cod_asig2,par_cod_asig3 FROM tblaca009 WHERE pensum='5' AND c_uni_ca='6' AND c_asigna='300228' [1][0] OK
C:[29/11/2013 18:22:11.26][190.78.117.139][1600] SELECT sum(u_creditos*1) FROM dace006 a, tblaca009 b WHERE a.exp_e='13-25511976' AND a.lapso='2013-2' AND b.pensum='5' AND b.c_uni_ca='6' AND status IN ('7','A','2') AND a.c_asigna=b.c_asigna  [1][0] OK
C:[29/11/2013 18:22:12.31][190.78.117.139][1619] SELECT sum(u_creditos*1) FROM dace006 a, tblaca009 b WHERE a.exp_e='13-25511976' AND a.lapso='2013-2' AND b.pensum='5' AND b.c_uni_ca='6' AND status IN ('7','A','2') AND a.c_asigna=b.c_asigna AND a.c_asigna IN ('300207','300209','300218','300226','300228') [1][0] OK
C:[29/11/2013 18:22:12.81][190.78.117.139][1635] SELECT MAX(semestre) FROM dace006 a, tblaca009 b WHERE a.exp_e='13-25511976' AND a.lapso='2013-2' AND b.pensum='5' AND b.c_uni_ca='6' AND status IN ('7','A','2') AND a.c_asigna=b.c_asigna  [1][0] OK
C:[29/11/2013 20:43:01.10][190.205.151.125][1392] SELECT pre_cod_asig1,pre_cod_asig2,pre_cod_asig3,pre_cod_asig4,pre_cod_asig5,pre_cod_asig6,pre_cod_asig7 FROM tblaca009 WHERE pensum='5' AND c_uni_ca='5' AND c_asigna='300213' [1][0] OK
C:[29/11/2013 20:43:01.10][190.205.151.125][1405] SELECT c_asigna FROM dace004 WHERE exp_e='11-21247544' AND c_asigna='300101' AND status IN ('0','3','B') [1][0] OK
C:[29/11/2013 20:43:01.10][190.205.151.125][1392] SELECT pre_cod_asig1,pre_cod_asig2,pre_cod_asig3,pre_cod_asig4,pre_cod_asig5,pre_cod_asig6,pre_cod_asig7 FROM tblaca009 WHERE pensum='5' AND c_uni_ca='5' AND c_asigna='300218' [1][0] OK
C:[29/11/2013 20:43:01.10][190.205.151.125][1405] SELECT c_asigna FROM dace004 WHERE exp_e='11-21247544' AND c_asigna='300101' AND status IN ('0','3','B') [1][0] OK
C:[29/11/2013 20:43:01.10][190.205.151.125][1392] SELECT pre_cod_asig1,pre_cod_asig2,pre_cod_asig3,pre_cod_asig4,pre_cod_asig5,pre_cod_asig6,pre_cod_asig7 FROM tblaca009 WHERE pensum='5' AND c_uni_ca='5' AND c_asigna='300226' [1][0] OK
C:[29/11/2013 20:43:01.10][190.205.151.125][1405] SELECT c_asigna FROM dace004 WHERE exp_e='11-21247544' AND c_asigna='300116' AND status IN ('0','3','B') [1][0] OK
C:[29/11/2013 20:43:01.10][190.205.151.125][1392] SELECT pre_cod_asig1,pre_cod_asig2,pre_cod_asig3,pre_cod_asig4,pre_cod_asig5,pre_cod_asig6,pre_cod_asig7 FROM tblaca009 WHERE pensum='5' AND c_uni_ca='5' AND c_asigna='300228' [1][0] OK
C:[29/11/2013 20:43:01.10][190.205.151.125][1405] SELECT c_asigna FROM dace004 WHERE exp_e='11-21247544' AND c_asigna='300101' AND status IN ('0','3','B') [1][0] OK
C:[29/11/2013 20:43:02.67][190.205.151.125][1436] SELECT par_cod_asig1,par_cod_asig2,par_cod_asig3 FROM tblaca009 WHERE pensum='5' AND c_uni_ca='5' AND c_asigna='300213' [1][0] OK
C:[29/11/2013 20:43:02.67][190.205.151.125][1450] SELECT c_asigna FROM dace004 WHERE exp_e='11-21247544' AND c_asigna='300209' AND status IN ('0','3','B','C') [1][0] OK
C:[29/11/2013 20:43:02.67][190.205.151.125][1436] SELECT par_cod_asig1,par_cod_asig2,par_cod_asig3 FROM tblaca009 WHERE pensum='5' AND c_uni_ca='5' AND c_asigna='300218' [1][0] OK
C:[29/11/2013 20:43:02.67][190.205.151.125][1450] SELECT c_asigna FROM dace004 WHERE exp_e='11-21247544' AND c_asigna='300228' AND status IN ('0','3','B','C') [0][0] OK
C:[29/11/2013 20:43:02.67][190.205.151.125][1436] SELECT par_cod_asig1,par_cod_asig2,par_cod_asig3 FROM tblaca009 WHERE pensum='5' AND c_uni_ca='5' AND c_asigna='300226' [1][0] OK
C:[29/11/2013 20:43:02.67][190.205.151.125][1436] SELECT par_cod_asig1,par_cod_asig2,par_cod_asig3 FROM tblaca009 WHERE pensum='5' AND c_uni_ca='5' AND c_asigna='300228' [1][0] OK
C:[29/11/2013 20:43:02.44][190.205.151.125][1600] SELECT sum(u_creditos*1) FROM dace006 a, tblaca009 b WHERE a.exp_e='11-21247544' AND a.lapso='2013-2' AND b.pensum='5' AND b.c_uni_ca='5' AND status IN ('7','A','2') AND a.c_asigna=b.c_asigna  [1][0] OK
C:[29/11/2013 20:43:02.35][190.205.151.125][1619] SELECT sum(u_creditos*1) FROM dace006 a, tblaca009 b WHERE a.exp_e='11-21247544' AND a.lapso='2013-2' AND b.pensum='5' AND b.c_uni_ca='5' AND status IN ('7','A','2') AND a.c_asigna=b.c_asigna AND a.c_asigna IN ('300213','300218','300226','300228') [1][0] OK
C:[29/11/2013 20:43:02.29][190.205.151.125][1635] SELECT MAX(semestre) FROM dace006 a, tblaca009 b WHERE a.exp_e='11-21247544' AND a.lapso='2013-2' AND b.pensum='5' AND b.c_uni_ca='5' AND status IN ('7','A','2') AND a.c_asigna=b.c_asigna  [1][0] OK
C:[29/11/2013 20:44:57.70][190.205.151.125][1392] SELECT pre_cod_asig1,pre_cod_asig2,pre_cod_asig3,pre_cod_asig4,pre_cod_asig5,pre_cod_asig6,pre_cod_asig7 FROM tblaca009 WHERE pensum='5' AND c_uni_ca='5' AND c_asigna='300226' [1][0] OK
C:[29/11/2013 20:44:57.70][190.205.151.125][1405] SELECT c_asigna FROM dace004 WHERE exp_e='11-21247544' AND c_asigna='300116' AND status IN ('0','3','B') [1][0] OK
C:[29/11/2013 20:44:57.70][190.205.151.125][1392] SELECT pre_cod_asig1,pre_cod_asig2,pre_cod_asig3,pre_cod_asig4,pre_cod_asig5,pre_cod_asig6,pre_cod_asig7 FROM tblaca009 WHERE pensum='5' AND c_uni_ca='5' AND c_asigna='300213' [1][0] OK
C:[29/11/2013 20:44:57.70][190.205.151.125][1405] SELECT c_asigna FROM dace004 WHERE exp_e='11-21247544' AND c_asigna='300101' AND status IN ('0','3','B') [1][0] OK
C:[29/11/2013 20:44:57.70][190.205.151.125][1392] SELECT pre_cod_asig1,pre_cod_asig2,pre_cod_asig3,pre_cod_asig4,pre_cod_asig5,pre_cod_asig6,pre_cod_asig7 FROM tblaca009 WHERE pensum='5' AND c_uni_ca='5' AND c_asigna='300218' [1][0] OK
C:[29/11/2013 20:44:57.70][190.205.151.125][1405] SELECT c_asigna FROM dace004 WHERE exp_e='11-21247544' AND c_asigna='300101' AND status IN ('0','3','B') [1][0] OK
C:[29/11/2013 20:44:57.70][190.205.151.125][1392] SELECT pre_cod_asig1,pre_cod_asig2,pre_cod_asig3,pre_cod_asig4,pre_cod_asig5,pre_cod_asig6,pre_cod_asig7 FROM tblaca009 WHERE pensum='5' AND c_uni_ca='5' AND c_asigna='300228' [1][0] OK
C:[29/11/2013 20:44:57.70][190.205.151.125][1405] SELECT c_asigna FROM dace004 WHERE exp_e='11-21247544' AND c_asigna='300101' AND status IN ('0','3','B') [1][0] OK
C:[29/11/2013 20:44:57.26][190.205.151.125][1436] SELECT par_cod_asig1,par_cod_asig2,par_cod_asig3 FROM tblaca009 WHERE pensum='5' AND c_uni_ca='5' AND c_asigna='300226' [1][0] OK
C:[29/11/2013 20:44:57.26][190.205.151.125][1436] SELECT par_cod_asig1,par_cod_asig2,par_cod_asig3 FROM tblaca009 WHERE pensum='5' AND c_uni_ca='5' AND c_asigna='300213' [1][0] OK
C:[29/11/2013 20:44:57.26][190.205.151.125][1450] SELECT c_asigna FROM dace004 WHERE exp_e='11-21247544' AND c_asigna='300209' AND status IN ('0','3','B','C') [1][0] OK
C:[29/11/2013 20:44:57.26][190.205.151.125][1436] SELECT par_cod_asig1,par_cod_asig2,par_cod_asig3 FROM tblaca009 WHERE pensum='5' AND c_uni_ca='5' AND c_asigna='300218' [1][0] OK
C:[29/11/2013 20:44:57.26][190.205.151.125][1450] SELECT c_asigna FROM dace004 WHERE exp_e='11-21247544' AND c_asigna='300228' AND status IN ('0','3','B','C') [0][0] OK
C:[29/11/2013 20:44:57.26][190.205.151.125][1436] SELECT par_cod_asig1,par_cod_asig2,par_cod_asig3 FROM tblaca009 WHERE pensum='5' AND c_uni_ca='5' AND c_asigna='300228' [1][0] OK
C:[29/11/2013 20:44:57.03][190.205.151.125][1566] SELECT horas_lab FROM tblaca008 WHERE c_asigna='300226' AND horas_teoricas > 0 [1][0] OK
C:[29/11/2013 20:44:57.14][190.205.151.125][1600] SELECT sum(u_creditos*1) FROM dace006 a, tblaca009 b WHERE a.exp_e='11-21247544' AND a.lapso='2013-2' AND b.pensum='5' AND b.c_uni_ca='5' AND status IN ('7','A','2') AND a.c_asigna=b.c_asigna  [1][0] OK
C:[29/11/2013 20:44:57.07][190.205.151.125][1619] SELECT sum(u_creditos*1) FROM dace006 a, tblaca009 b WHERE a.exp_e='11-21247544' AND a.lapso='2013-2' AND b.pensum='5' AND b.c_uni_ca='5' AND status IN ('7','A','2') AND a.c_asigna=b.c_asigna AND a.c_asigna IN ('300213','300218','300228') [1][0] OK
C:[29/11/2013 20:44:57.01][190.205.151.125][1635] SELECT MAX(semestre) FROM dace006 a, tblaca009 b WHERE a.exp_e='11-21247544' AND a.lapso='2013-2' AND b.pensum='5' AND b.c_uni_ca='5' AND status IN ('7','A','2') AND a.c_asigna=b.c_asigna  [1][0] OK
C:[29/11/2013 20:44:58.95][190.205.151.125][1655] SELECT MIN(semestre) FROM dace006 a, tblaca009 b WHERE a.exp_e='11-21247544' AND a.lapso='2013-2' AND b.pensum='5' AND b.c_uni_ca='5' AND status IN ('7','A','2') AND a.c_asigna=b.c_asigna AND a.c_asigna IN ('300226') [1][0] OK
C:[30/11/2013 08:41:20.33][190.94.251.171][1392] SELECT pre_cod_asig1,pre_cod_asig2,pre_cod_asig3,pre_cod_asig4,pre_cod_asig5,pre_cod_asig6,pre_cod_asig7 FROM tblaca009 WHERE pensum='5' AND c_uni_ca='5' AND c_asigna='300676' [1][0] OK
C:[30/11/2013 08:41:20.33][190.94.251.171][1392] SELECT pre_cod_asig1,pre_cod_asig2,pre_cod_asig3,pre_cod_asig4,pre_cod_asig5,pre_cod_asig6,pre_cod_asig7 FROM tblaca009 WHERE pensum='5' AND c_uni_ca='5' AND c_asigna='355692' [1][0] OK
C:[30/11/2013 08:41:20.33][190.94.251.171][1405] SELECT c_asigna FROM dace004 WHERE exp_e='10-24847543' AND c_asigna='355448' AND status IN ('0','3','B') [1][0] OK
C:[30/11/2013 08:41:20.33][190.94.251.171][1405] SELECT c_asigna FROM dace004 WHERE exp_e='10-24847543' AND c_asigna='355570' AND status IN ('0','3','B') [1][0] OK
C:[30/11/2013 08:41:20.33][190.94.251.171][1392] SELECT pre_cod_asig1,pre_cod_asig2,pre_cod_asig3,pre_cod_asig4,pre_cod_asig5,pre_cod_asig6,pre_cod_asig7 FROM tblaca009 WHERE pensum='5' AND c_uni_ca='5' AND c_asigna='355693' [1][0] OK
C:[30/11/2013 08:41:20.33][190.94.251.171][1405] SELECT c_asigna FROM dace004 WHERE exp_e='10-24847543' AND c_asigna='355572' AND status IN ('0','3','B') [1][0] OK
C:[30/11/2013 08:41:20.33][190.94.251.171][1405] SELECT c_asigna FROM dace004 WHERE exp_e='10-24847543' AND c_asigna='352440' AND status IN ('0','3','B') [1][0] OK
C:[30/11/2013 08:41:20.33][190.94.251.171][1405] SELECT c_asigna FROM dace004 WHERE exp_e='10-24847543' AND c_asigna='355573' AND status IN ('0','3','B') [1][0] OK
C:[30/11/2013 08:41:20.33][190.94.251.171][1405] SELECT c_asigna FROM dace004 WHERE exp_e='10-24847543' AND c_asigna='300226' AND status IN ('0','3','B') [1][0] OK
C:[30/11/2013 08:41:20.33][190.94.251.171][1405] SELECT c_asigna FROM dace004 WHERE exp_e='10-24847543' AND c_asigna='300222' AND status IN ('0','3','B') [1][0] OK
C:[30/11/2013 08:41:20.33][190.94.251.171][1405] SELECT c_asigna FROM dace004 WHERE exp_e='10-24847543' AND c_asigna='300013' AND status IN ('0','3','B') [1][0] OK
C:[30/11/2013 08:41:20.33][190.94.251.171][1405] SELECT c_asigna FROM dace004 WHERE exp_e='10-24847543' AND c_asigna='300113' AND status IN ('0','3','B') [1][0] OK
C:[30/11/2013 08:41:20.33][190.94.251.171][1392] SELECT pre_cod_asig1,pre_cod_asig2,pre_cod_asig3,pre_cod_asig4,pre_cod_asig5,pre_cod_asig6,pre_cod_asig7 FROM tblaca009 WHERE pensum='5' AND c_uni_ca='5' AND c_asigna='355571' [1][0] OK
C:[30/11/2013 08:41:20.33][190.94.251.171][1405] SELECT c_asigna FROM dace004 WHERE exp_e='10-24847543' AND c_asigna='355447' AND status IN ('0','3','B') [1][0] OK
C:[30/11/2013 08:41:20.63][190.94.251.171][1436] SELECT par_cod_asig1,par_cod_asig2,par_cod_asig3 FROM tblaca009 WHERE pensum='5' AND c_uni_ca='5' AND c_asigna='300676' [1][0] OK
C:[30/11/2013 08:41:20.63][190.94.251.171][1436] SELECT par_cod_asig1,par_cod_asig2,par_cod_asig3 FROM tblaca009 WHERE pensum='5' AND c_uni_ca='5' AND c_asigna='355692' [1][0] OK
C:[30/11/2013 08:41:20.63][190.94.251.171][1436] SELECT par_cod_asig1,par_cod_asig2,par_cod_asig3 FROM tblaca009 WHERE pensum='5' AND c_uni_ca='5' AND c_asigna='355693' [1][0] OK
C:[30/11/2013 08:41:20.63][190.94.251.171][1436] SELECT par_cod_asig1,par_cod_asig2,par_cod_asig3 FROM tblaca009 WHERE pensum='5' AND c_uni_ca='5' AND c_asigna='355571' [1][0] OK
C:[30/11/2013 08:41:20.14][190.94.251.171][1566] SELECT horas_lab FROM tblaca008 WHERE c_asigna='300676' AND horas_teoricas > 0 [1][0] OK
C:[30/11/2013 08:41:20.25][190.94.251.171][1600] SELECT sum(u_creditos*1) FROM dace006 a, tblaca009 b WHERE a.exp_e='10-24847543' AND a.lapso='2013-2' AND b.pensum='5' AND b.c_uni_ca='5' AND status IN ('7','A','2') AND a.c_asigna=b.c_asigna  [1][0] OK
C:[30/11/2013 08:41:21.19][190.94.251.171][1619] SELECT sum(u_creditos*1) FROM dace006 a, tblaca009 b WHERE a.exp_e='10-24847543' AND a.lapso='2013-2' AND b.pensum='5' AND b.c_uni_ca='5' AND status IN ('7','A','2') AND a.c_asigna=b.c_asigna AND a.c_asigna IN ('355692','355693','355571') [1][0] OK
C:[30/11/2013 08:41:21.57][190.94.251.171][1635] SELECT MAX(semestre) FROM dace006 a, tblaca009 b WHERE a.exp_e='10-24847543' AND a.lapso='2013-2' AND b.pensum='5' AND b.c_uni_ca='5' AND status IN ('7','A','2') AND a.c_asigna=b.c_asigna  [1][0] OK
C:[30/11/2013 08:41:21.51][190.94.251.171][1655] SELECT MIN(semestre) FROM dace006 a, tblaca009 b WHERE a.exp_e='10-24847543' AND a.lapso='2013-2' AND b.pensum='5' AND b.c_uni_ca='5' AND status IN ('7','A','2') AND a.c_asigna=b.c_asigna AND a.c_asigna IN ('300676') [1][0] OK
C:[30/11/2013 15:21:09.47][179.44.193.243][1392] SELECT pre_cod_asig1,pre_cod_asig2,pre_cod_asig3,pre_cod_asig4,pre_cod_asig5,pre_cod_asig6,pre_cod_asig7 FROM tblaca009 WHERE pensum='5' AND c_uni_ca='3' AND c_asigna='300213' [1][0] OK
C:[30/11/2013 15:21:09.47][179.44.193.243][1405] SELECT c_asigna FROM dace004 WHERE exp_e='11-16164754' AND c_asigna='300101' AND status IN ('0','3','B') [1][0] OK
C:[30/11/2013 15:21:09.47][179.44.193.243][1392] SELECT pre_cod_asig1,pre_cod_asig2,pre_cod_asig3,pre_cod_asig4,pre_cod_asig5,pre_cod_asig6,pre_cod_asig7 FROM tblaca009 WHERE pensum='5' AND c_uni_ca='3' AND c_asigna='300209' [1][0] OK
C:[30/11/2013 15:21:09.47][179.44.193.243][1405] SELECT c_asigna FROM dace004 WHERE exp_e='11-16164754' AND c_asigna='300101' AND status IN ('0','3','B') [1][0] OK
C:[30/11/2013 15:21:09.47][179.44.193.243][1392] SELECT pre_cod_asig1,pre_cod_asig2,pre_cod_asig3,pre_cod_asig4,pre_cod_asig5,pre_cod_asig6,pre_cod_asig7 FROM tblaca009 WHERE pensum='5' AND c_uni_ca='3' AND c_asigna='300112' [1][0] OK
C:[30/11/2013 15:21:09.47][179.44.193.243][1392] SELECT pre_cod_asig1,pre_cod_asig2,pre_cod_asig3,pre_cod_asig4,pre_cod_asig5,pre_cod_asig6,pre_cod_asig7 FROM tblaca009 WHERE pensum='5' AND c_uni_ca='3' AND c_asigna='300207' [1][0] OK
C:[30/11/2013 15:21:09.47][179.44.193.243][1405] SELECT c_asigna FROM dace004 WHERE exp_e='11-16164754' AND c_asigna='300101' AND status IN ('0','3','B') [1][0] OK
C:[30/11/2013 15:21:10.34][179.44.193.243][1436] SELECT par_cod_asig1,par_cod_asig2,par_cod_asig3 FROM tblaca009 WHERE pensum='5' AND c_uni_ca='3' AND c_asigna='300213' [1][0] OK
C:[30/11/2013 15:21:10.34][179.44.193.243][1450] SELECT c_asigna FROM dace004 WHERE exp_e='11-16164754' AND c_asigna='300209' AND status IN ('0','3','B','C') [0][0] OK
C:[30/11/2013 15:21:10.34][179.44.193.243][1436] SELECT par_cod_asig1,par_cod_asig2,par_cod_asig3 FROM tblaca009 WHERE pensum='5' AND c_uni_ca='3' AND c_asigna='300209' [1][0] OK
C:[30/11/2013 15:21:10.34][179.44.193.243][1436] SELECT par_cod_asig1,par_cod_asig2,par_cod_asig3 FROM tblaca009 WHERE pensum='5' AND c_uni_ca='3' AND c_asigna='300112' [1][0] OK
C:[30/11/2013 15:21:10.34][179.44.193.243][1436] SELECT par_cod_asig1,par_cod_asig2,par_cod_asig3 FROM tblaca009 WHERE pensum='5' AND c_uni_ca='3' AND c_asigna='300207' [1][0] OK
C:[30/11/2013 15:21:10.98][179.44.193.243][1566] SELECT horas_lab FROM tblaca008 WHERE c_asigna='300213' AND horas_teoricas > 0 [1][0] OK
C:[30/11/2013 15:21:10.09][179.44.193.243][1600] SELECT sum(u_creditos*1) FROM dace006 a, tblaca009 b WHERE a.exp_e='11-16164754' AND a.lapso='2013-2' AND b.pensum='5' AND b.c_uni_ca='3' AND status IN ('7','A','2') AND a.c_asigna=b.c_asigna  [1][0] OK
C:[30/11/2013 15:21:10.03][179.44.193.243][1619] SELECT sum(u_creditos*1) FROM dace006 a, tblaca009 b WHERE a.exp_e='11-16164754' AND a.lapso='2013-2' AND b.pensum='5' AND b.c_uni_ca='3' AND status IN ('7','A','2') AND a.c_asigna=b.c_asigna AND a.c_asigna IN ('300209','300112','300207') [1][0] OK
C:[30/11/2013 15:21:10.97][179.44.193.243][1635] SELECT MAX(semestre) FROM dace006 a, tblaca009 b WHERE a.exp_e='11-16164754' AND a.lapso='2013-2' AND b.pensum='5' AND b.c_uni_ca='3' AND status IN ('7','A','2') AND a.c_asigna=b.c_asigna  [1][0] OK
C:[30/11/2013 15:21:10.91][179.44.193.243][1655] SELECT MIN(semestre) FROM dace006 a, tblaca009 b WHERE a.exp_e='11-16164754' AND a.lapso='2013-2' AND b.pensum='5' AND b.c_uni_ca='3' AND status IN ('7','A','2') AND a.c_asigna=b.c_asigna AND a.c_asigna IN ('300213') [1][0] OK
C:[30/11/2013 23:33:49.72][201.243.108.238][1392] SELECT pre_cod_asig1,pre_cod_asig2,pre_cod_asig3,pre_cod_asig4,pre_cod_asig5,pre_cod_asig6,pre_cod_asig7 FROM tblaca009 WHERE pensum='5' AND c_uni_ca='6' AND c_asigna='300113' [1][0] OK
C:[30/11/2013 23:33:49.72][201.243.108.238][1392] SELECT pre_cod_asig1,pre_cod_asig2,pre_cod_asig3,pre_cod_asig4,pre_cod_asig5,pre_cod_asig6,pre_cod_asig7 FROM tblaca009 WHERE pensum='5' AND c_uni_ca='6' AND c_asigna='300105' [1][0] OK
C:[30/11/2013 23:33:49.72][201.243.108.238][1392] SELECT pre_cod_asig1,pre_cod_asig2,pre_cod_asig3,pre_cod_asig4,pre_cod_asig5,pre_cod_asig6,pre_cod_asig7 FROM tblaca009 WHERE pensum='5' AND c_uni_ca='6' AND c_asigna='300013' [1][0] OK
C:[30/11/2013 23:33:49.72][201.243.108.238][1392] SELECT pre_cod_asig1,pre_cod_asig2,pre_cod_asig3,pre_cod_asig4,pre_cod_asig5,pre_cod_asig6,pre_cod_asig7 FROM tblaca009 WHERE pensum='5' AND c_uni_ca='6' AND c_asigna='300116' [1][0] OK
C:[30/11/2013 23:33:49.78][201.243.108.238][1436] SELECT par_cod_asig1,par_cod_asig2,par_cod_asig3 FROM tblaca009 WHERE pensum='5' AND c_uni_ca='6' AND c_asigna='300113' [1][0] OK
C:[30/11/2013 23:33:49.78][201.243.108.238][1450] SELECT c_asigna FROM dace004 WHERE exp_e='13-25086030' AND c_asigna='300013' AND status IN ('0','3','B','C') [0][0] OK
C:[30/11/2013 23:33:49.78][201.243.108.238][1436] SELECT par_cod_asig1,par_cod_asig2,par_cod_asig3 FROM tblaca009 WHERE pensum='5' AND c_uni_ca='6' AND c_asigna='300105' [1][0] OK
C:[30/11/2013 23:33:49.78][201.243.108.238][1436] SELECT par_cod_asig1,par_cod_asig2,par_cod_asig3 FROM tblaca009 WHERE pensum='5' AND c_uni_ca='6' AND c_asigna='300013' [1][0] OK
C:[30/11/2013 23:33:49.78][201.243.108.238][1436] SELECT par_cod_asig1,par_cod_asig2,par_cod_asig3 FROM tblaca009 WHERE pensum='5' AND c_uni_ca='6' AND c_asigna='300116' [1][0] OK
C:[30/11/2013 23:33:50.42][201.243.108.238][1566] SELECT horas_lab FROM tblaca008 WHERE c_asigna='300113' AND horas_teoricas > 0 [0][0] OK
C:[30/11/2013 23:33:50.53][201.243.108.238][1600] SELECT sum(u_creditos*1) FROM dace006 a, tblaca009 b WHERE a.exp_e='13-25086030' AND a.lapso='2013-2' AND b.pensum='5' AND b.c_uni_ca='6' AND status IN ('7','A','2') AND a.c_asigna=b.c_asigna  [1][0] OK
C:[30/11/2013 23:33:50.47][201.243.108.238][1619] SELECT sum(u_creditos*1) FROM dace006 a, tblaca009 b WHERE a.exp_e='13-25086030' AND a.lapso='2013-2' AND b.pensum='5' AND b.c_uni_ca='6' AND status IN ('7','A','2') AND a.c_asigna=b.c_asigna AND a.c_asigna IN ('300105','300013','300116') [1][0] OK
C:[30/11/2013 23:33:50.41][201.243.108.238][1635] SELECT MAX(semestre) FROM dace006 a, tblaca009 b WHERE a.exp_e='13-25086030' AND a.lapso='2013-2' AND b.pensum='5' AND b.c_uni_ca='6' AND status IN ('7','A','2') AND a.c_asigna=b.c_asigna  [1][0] OK
C:[30/11/2013 23:33:50.34][201.243.108.238][1655] SELECT MIN(semestre) FROM dace006 a, tblaca009 b WHERE a.exp_e='13-25086030' AND a.lapso='2013-2' AND b.pensum='5' AND b.c_uni_ca='6' AND status IN ('7','A','2') AND a.c_asigna=b.c_asigna AND a.c_asigna IN ('300113') [1][0] OK
C:[02/12/2013 11:04:25.22][190.38.118.41][1392] SELECT pre_cod_asig1,pre_cod_asig2,pre_cod_asig3,pre_cod_asig4,pre_cod_asig5,pre_cod_asig6,pre_cod_asig7 FROM tblaca009 WHERE pensum='5' AND c_uni_ca='4' AND c_asigna='300013' [1][0] OK
C:[02/12/2013 11:04:25.22][190.38.118.41][1392] SELECT pre_cod_asig1,pre_cod_asig2,pre_cod_asig3,pre_cod_asig4,pre_cod_asig5,pre_cod_asig6,pre_cod_asig7 FROM tblaca009 WHERE pensum='5' AND c_uni_ca='4' AND c_asigna='300105' [1][0] OK
C:[02/12/2013 11:04:25.22][190.38.118.41][1392] SELECT pre_cod_asig1,pre_cod_asig2,pre_cod_asig3,pre_cod_asig4,pre_cod_asig5,pre_cod_asig6,pre_cod_asig7 FROM tblaca009 WHERE pensum='5' AND c_uni_ca='4' AND c_asigna='300113' [1][0] OK
C:[02/12/2013 11:04:25.22][190.38.118.41][1392] SELECT pre_cod_asig1,pre_cod_asig2,pre_cod_asig3,pre_cod_asig4,pre_cod_asig5,pre_cod_asig6,pre_cod_asig7 FROM tblaca009 WHERE pensum='5' AND c_uni_ca='4' AND c_asigna='300116' [1][0] OK
C:[02/12/2013 11:04:25.22][190.38.118.41][1392] SELECT pre_cod_asig1,pre_cod_asig2,pre_cod_asig3,pre_cod_asig4,pre_cod_asig5,pre_cod_asig6,pre_cod_asig7 FROM tblaca009 WHERE pensum='5' AND c_uni_ca='4' AND c_asigna='333326' [1][0] OK
C:[02/12/2013 11:04:25.85][190.38.118.41][1436] SELECT par_cod_asig1,par_cod_asig2,par_cod_asig3 FROM tblaca009 WHERE pensum='5' AND c_uni_ca='4' AND c_asigna='300013' [1][0] OK
C:[02/12/2013 11:04:25.85][190.38.118.41][1436] SELECT par_cod_asig1,par_cod_asig2,par_cod_asig3 FROM tblaca009 WHERE pensum='5' AND c_uni_ca='4' AND c_asigna='300105' [1][0] OK
C:[02/12/2013 11:04:25.85][190.38.118.41][1436] SELECT par_cod_asig1,par_cod_asig2,par_cod_asig3 FROM tblaca009 WHERE pensum='5' AND c_uni_ca='4' AND c_asigna='300113' [1][0] OK
C:[02/12/2013 11:04:25.85][190.38.118.41][1450] SELECT c_asigna FROM dace004 WHERE exp_e='11-23500252' AND c_asigna='300013' AND status IN ('0','3','B','C') [0][0] OK
C:[02/12/2013 11:04:25.85][190.38.118.41][1436] SELECT par_cod_asig1,par_cod_asig2,par_cod_asig3 FROM tblaca009 WHERE pensum='5' AND c_uni_ca='4' AND c_asigna='300116' [1][0] OK
C:[02/12/2013 11:04:25.85][190.38.118.41][1436] SELECT par_cod_asig1,par_cod_asig2,par_cod_asig3 FROM tblaca009 WHERE pensum='5' AND c_uni_ca='4' AND c_asigna='333326' [1][0] OK
C:[02/12/2013 11:04:25.61][190.38.118.41][1566] SELECT horas_lab FROM tblaca008 WHERE c_asigna='300013' AND horas_teoricas > 0 [1][0] OK
C:[02/12/2013 11:04:25.61][190.38.118.41][1566] SELECT horas_lab FROM tblaca008 WHERE c_asigna='300105' AND horas_teoricas > 0 [1][0] OK
C:[02/12/2013 11:04:25.61][190.38.118.41][1566] SELECT horas_lab FROM tblaca008 WHERE c_asigna='300113' AND horas_teoricas > 0 [0][0] OK
C:[02/12/2013 11:04:25.61][190.38.118.41][1566] SELECT horas_lab FROM tblaca008 WHERE c_asigna='300116' AND horas_teoricas > 0 [1][0] OK
C:[02/12/2013 11:04:25.61][190.38.118.41][1566] SELECT horas_lab FROM tblaca008 WHERE c_asigna='333326' AND horas_teoricas > 0 [1][0] OK
C:[02/12/2013 11:04:26.23][190.38.118.41][1600] SELECT sum(u_creditos*1) FROM dace006 a, tblaca009 b WHERE a.exp_e='11-23500252' AND a.lapso='2013-2' AND b.pensum='5' AND b.c_uni_ca='4' AND status IN ('7','A','2') AND a.c_asigna=b.c_asigna  [1][0] OK
C:[02/12/2013 11:04:26.17][190.38.118.41][1619] SELECT sum(u_creditos*1) FROM dace006 a, tblaca009 b WHERE a.exp_e='11-23500252' AND a.lapso='2013-2' AND b.pensum='5' AND b.c_uni_ca='4' AND status IN ('7','A','2') AND a.c_asigna=b.c_asigna AND a.c_asigna IN () [0][0]  {[MERANT][ODBC SQLBase driver][SQLBase]00915 PRS IVC Invalid constant}
C:[02/12/2013 11:04:26.46][190.38.118.41][1635] SELECT MAX(semestre) FROM dace006 a, tblaca009 b WHERE a.exp_e='11-23500252' AND a.lapso='2013-2' AND b.pensum='5' AND b.c_uni_ca='4' AND status IN ('7','A','2') AND a.c_asigna=b.c_asigna  [1][0] [MERANT][ODBC SQLBase driver][SQLBase]00915 PRS IVC Invalid constant
C:[02/12/2013 11:04:26.10][190.38.118.41][1655] SELECT MIN(semestre) FROM dace006 a, tblaca009 b WHERE a.exp_e='11-23500252' AND a.lapso='2013-2' AND b.pensum='5' AND b.c_uni_ca='4' AND status IN ('7','A','2') AND a.c_asigna=b.c_asigna AND a.c_asigna IN ('300013','300105','300113','300116','333326') [1][0] [MERANT][ODBC SQLBase driver][SQLBase]00915 PRS IVC Invalid constant
C:[02/12/2013 15:41:56.59][190.77.241.37][1392] SELECT pre_cod_asig1,pre_cod_asig2,pre_cod_asig3,pre_cod_asig4,pre_cod_asig5,pre_cod_asig6,pre_cod_asig7 FROM tblaca009 WHERE pensum='5' AND c_uni_ca='3' AND c_asigna='300676' [1][0] OK
C:[02/12/2013 15:41:56.59][190.77.241.37][1392] SELECT pre_cod_asig1,pre_cod_asig2,pre_cod_asig3,pre_cod_asig4,pre_cod_asig5,pre_cod_asig6,pre_cod_asig7 FROM tblaca009 WHERE pensum='5' AND c_uni_ca='3' AND c_asigna='311431' [1][0] OK
C:[02/12/2013 15:41:56.59][190.77.241.37][1405] SELECT c_asigna FROM dace004 WHERE exp_e='09-20505786' AND c_asigna='311320' AND status IN ('0','3','B') [1][0] OK
C:[02/12/2013 15:41:56.59][190.77.241.37][1405] SELECT c_asigna FROM dace004 WHERE exp_e='09-20505786' AND c_asigna='300013' AND status IN ('0','3','B') [1][0] OK
C:[02/12/2013 15:41:56.59][190.77.241.37][1405] SELECT c_asigna FROM dace004 WHERE exp_e='09-20505786' AND c_asigna='300113' AND status IN ('0','3','B') [1][0] OK
C:[02/12/2013 15:41:56.59][190.77.241.37][1405] SELECT c_asigna FROM dace004 WHERE exp_e='09-20505786' AND c_asigna='300222' AND status IN ('0','3','B') [1][0] OK
C:[02/12/2013 15:41:56.59][190.77.241.37][1405] SELECT c_asigna FROM dace004 WHERE exp_e='09-20505786' AND c_asigna='300226' AND status IN ('0','3','B') [1][0] OK
C:[02/12/2013 15:41:56.59][190.77.241.37][1405] SELECT c_asigna FROM dace004 WHERE exp_e='09-20505786' AND c_asigna='300209' AND status IN ('0','3','B') [1][0] OK
C:[02/12/2013 15:41:56.59][190.77.241.37][1392] SELECT pre_cod_asig1,pre_cod_asig2,pre_cod_asig3,pre_cod_asig4,pre_cod_asig5,pre_cod_asig6,pre_cod_asig7 FROM tblaca009 WHERE pensum='5' AND c_uni_ca='3' AND c_asigna='311434' [1][0] OK
C:[02/12/2013 15:41:56.59][190.77.241.37][1405] SELECT c_asigna FROM dace004 WHERE exp_e='09-20505786' AND c_asigna='300222' AND status IN ('0','3','B') [1][0] OK
C:[02/12/2013 15:41:56.59][190.77.241.37][1405] SELECT c_asigna FROM dace004 WHERE exp_e='09-20505786' AND c_asigna='300226' AND status IN ('0','3','B') [1][0] OK
C:[02/12/2013 15:41:56.59][190.77.241.37][1405] SELECT c_asigna FROM dace004 WHERE exp_e='09-20505786' AND c_asigna='300209' AND status IN ('0','3','B') [1][0] OK
C:[02/12/2013 15:41:56.59][190.77.241.37][1392] SELECT pre_cod_asig1,pre_cod_asig2,pre_cod_asig3,pre_cod_asig4,pre_cod_asig5,pre_cod_asig6,pre_cod_asig7 FROM tblaca009 WHERE pensum='5' AND c_uni_ca='3' AND c_asigna='310548' [1][0] OK
C:[02/12/2013 15:41:56.59][190.77.241.37][1405] SELECT c_asigna FROM dace004 WHERE exp_e='09-20505786' AND c_asigna='300428' AND status IN ('0','3','B') [1][0] OK
C:[02/12/2013 15:41:56.59][190.77.241.37][1405] SELECT c_asigna FROM dace004 WHERE exp_e='09-20505786' AND c_asigna='300313' AND status IN ('0','3','B') [1][0] OK
C:[02/12/2013 15:41:56.59][190.77.241.37][1405] SELECT c_asigna FROM dace004 WHERE exp_e='09-20505786' AND c_asigna='300222' AND status IN ('0','3','B') [1][0] OK
C:[02/12/2013 15:41:56.59][190.77.241.37][1405] SELECT c_asigna FROM dace004 WHERE exp_e='09-20505786' AND c_asigna='300226' AND status IN ('0','3','B') [1][0] OK
C:[02/12/2013 15:41:56.59][190.77.241.37][1405] SELECT c_asigna FROM dace004 WHERE exp_e='09-20505786' AND c_asigna='300209' AND status IN ('0','3','B') [1][0] OK
C:[02/12/2013 15:41:56.59][190.77.241.37][1392] SELECT pre_cod_asig1,pre_cod_asig2,pre_cod_asig3,pre_cod_asig4,pre_cod_asig5,pre_cod_asig6,pre_cod_asig7 FROM tblaca009 WHERE pensum='5' AND c_uni_ca='3' AND c_asigna='315552' [1][0] OK
C:[02/12/2013 15:41:56.59][190.77.241.37][1405] SELECT c_asigna FROM dace004 WHERE exp_e='09-20505786' AND c_asigna='311430' AND status IN ('0','3','B') [1][0] OK
C:[02/12/2013 15:41:56.59][190.77.241.37][1405] SELECT c_asigna FROM dace004 WHERE exp_e='09-20505786' AND c_asigna='300222' AND status IN ('0','3','B') [1][0] OK
C:[02/12/2013 15:41:56.59][190.77.241.37][1405] SELECT c_asigna FROM dace004 WHERE exp_e='09-20505786' AND c_asigna='300226' AND status IN ('0','3','B') [1][0] OK
C:[02/12/2013 15:41:56.59][190.77.241.37][1405] SELECT c_asigna FROM dace004 WHERE exp_e='09-20505786' AND c_asigna='300209' AND status IN ('0','3','B') [1][0] OK
C:[02/12/2013 15:41:56.59][190.77.241.37][1392] SELECT pre_cod_asig1,pre_cod_asig2,pre_cod_asig3,pre_cod_asig4,pre_cod_asig5,pre_cod_asig6,pre_cod_asig7 FROM tblaca009 WHERE pensum='5' AND c_uni_ca='3' AND c_asigna='314787' [1][0] OK
C:[02/12/2013 15:41:56.59][190.77.241.37][1405] SELECT c_asigna FROM dace004 WHERE exp_e='09-20505786' AND c_asigna='314662' AND status IN ('0','3','B') [1][0] OK
C:[02/12/2013 15:41:57.27][190.77.241.37][1436] SELECT par_cod_asig1,par_cod_asig2,par_cod_asig3 FROM tblaca009 WHERE pensum='5' AND c_uni_ca='3' AND c_asigna='300676' [1][0] OK
C:[02/12/2013 15:41:57.27][190.77.241.37][1436] SELECT par_cod_asig1,par_cod_asig2,par_cod_asig3 FROM tblaca009 WHERE pensum='5' AND c_uni_ca='3' AND c_asigna='311431' [1][0] OK
C:[02/12/2013 15:41:57.27][190.77.241.37][1450] SELECT c_asigna FROM dace004 WHERE exp_e='09-20505786' AND c_asigna='311430' AND status IN ('0','3','B','C') [1][0] OK
C:[02/12/2013 15:41:57.27][190.77.241.37][1436] SELECT par_cod_asig1,par_cod_asig2,par_cod_asig3 FROM tblaca009 WHERE pensum='5' AND c_uni_ca='3' AND c_asigna='311434' [1][0] OK
C:[02/12/2013 15:41:57.27][190.77.241.37][1450] SELECT c_asigna FROM dace004 WHERE exp_e='09-20505786' AND c_asigna='311431' AND status IN ('0','3','B','C') [0][0] OK
C:[02/12/2013 15:41:57.27][190.77.241.37][1436] SELECT par_cod_asig1,par_cod_asig2,par_cod_asig3 FROM tblaca009 WHERE pensum='5' AND c_uni_ca='3' AND c_asigna='310548' [1][0] OK
C:[02/12/2013 15:41:57.27][190.77.241.37][1436] SELECT par_cod_asig1,par_cod_asig2,par_cod_asig3 FROM tblaca009 WHERE pensum='5' AND c_uni_ca='3' AND c_asigna='315552' [1][0] OK
C:[02/12/2013 15:41:57.27][190.77.241.37][1436] SELECT par_cod_asig1,par_cod_asig2,par_cod_asig3 FROM tblaca009 WHERE pensum='5' AND c_uni_ca='3' AND c_asigna='314787' [1][0] OK
C:[02/12/2013 15:41:57.30][190.77.241.37][1566] SELECT horas_lab FROM tblaca008 WHERE c_asigna='300676' AND horas_teoricas > 0 [1][0] OK
C:[02/12/2013 15:41:57.41][190.77.241.37][1600] SELECT sum(u_creditos*1) FROM dace006 a, tblaca009 b WHERE a.exp_e='09-20505786' AND a.lapso='2013-2' AND b.pensum='5' AND b.c_uni_ca='3' AND status IN ('7','A','2') AND a.c_asigna=b.c_asigna  [1][0] OK
C:[02/12/2013 15:41:57.90][190.77.241.37][1619] SELECT sum(u_creditos*1) FROM dace006 a, tblaca009 b WHERE a.exp_e='09-20505786' AND a.lapso='2013-2' AND b.pensum='5' AND b.c_uni_ca='3' AND status IN ('7','A','2') AND a.c_asigna=b.c_asigna AND a.c_asigna IN ('311431','311434','310548','315552','314787') [1][0] OK
C:[02/12/2013 15:41:57.40][190.77.241.37][1635] SELECT MAX(semestre) FROM dace006 a, tblaca009 b WHERE a.exp_e='09-20505786' AND a.lapso='2013-2' AND b.pensum='5' AND b.c_uni_ca='3' AND status IN ('7','A','2') AND a.c_asigna=b.c_asigna  [1][0] OK
C:[02/12/2013 15:41:57.90][190.77.241.37][1655] SELECT MIN(semestre) FROM dace006 a, tblaca009 b WHERE a.exp_e='09-20505786' AND a.lapso='2013-2' AND b.pensum='5' AND b.c_uni_ca='3' AND status IN ('7','A','2') AND a.c_asigna=b.c_asigna AND a.c_asigna IN ('300676') [1][0] OK
C:[02/12/2013 15:45:54.11][190.77.241.37][1392] SELECT pre_cod_asig1,pre_cod_asig2,pre_cod_asig3,pre_cod_asig4,pre_cod_asig5,pre_cod_asig6,pre_cod_asig7 FROM tblaca009 WHERE pensum='5' AND c_uni_ca='3' AND c_asigna='300676' [1][0] OK
C:[02/12/2013 15:45:54.11][190.77.241.37][1392] SELECT pre_cod_asig1,pre_cod_asig2,pre_cod_asig3,pre_cod_asig4,pre_cod_asig5,pre_cod_asig6,pre_cod_asig7 FROM tblaca009 WHERE pensum='5' AND c_uni_ca='3' AND c_asigna='315552' [1][0] OK
C:[02/12/2013 15:45:54.11][190.77.241.37][1405] SELECT c_asigna FROM dace004 WHERE exp_e='09-19302520' AND c_asigna='311430' AND status IN ('0','3','B') [1][0] OK
C:[02/12/2013 15:45:54.11][190.77.241.37][1405] SELECT c_asigna FROM dace004 WHERE exp_e='09-19302520' AND c_asigna='300222' AND status IN ('0','3','B') [1][0] OK
C:[02/12/2013 15:45:54.11][190.77.241.37][1405] SELECT c_asigna FROM dace004 WHERE exp_e='09-19302520' AND c_asigna='300226' AND status IN ('0','3','B') [1][0] OK
C:[02/12/2013 15:45:54.11][190.77.241.37][1405] SELECT c_asigna FROM dace004 WHERE exp_e='09-19302520' AND c_asigna='300209' AND status IN ('0','3','B') [1][0] OK
C:[02/12/2013 15:45:54.11][190.77.241.37][1392] SELECT pre_cod_asig1,pre_cod_asig2,pre_cod_asig3,pre_cod_asig4,pre_cod_asig5,pre_cod_asig6,pre_cod_asig7 FROM tblaca009 WHERE pensum='5' AND c_uni_ca='3' AND c_asigna='311551' [1][0] OK
C:[02/12/2013 15:45:54.11][190.77.241.37][1405] SELECT c_asigna FROM dace004 WHERE exp_e='09-19302520' AND c_asigna='311430' AND status IN ('0','3','B') [1][0] OK
C:[02/12/2013 15:45:54.11][190.77.241.37][1405] SELECT c_asigna FROM dace004 WHERE exp_e='09-19302520' AND c_asigna='311431' AND status IN ('0','3','B') [1][0] OK
C:[02/12/2013 15:45:54.11][190.77.241.37][1405] SELECT c_asigna FROM dace004 WHERE exp_e='09-19302520' AND c_asigna='300222' AND status IN ('0','3','B') [1][0] OK
C:[02/12/2013 15:45:54.11][190.77.241.37][1405] SELECT c_asigna FROM dace004 WHERE exp_e='09-19302520' AND c_asigna='300226' AND status IN ('0','3','B') [1][0] OK
C:[02/12/2013 15:45:54.11][190.77.241.37][1405] SELECT c_asigna FROM dace004 WHERE exp_e='09-19302520' AND c_asigna='300209' AND status IN ('0','3','B') [1][0] OK
C:[02/12/2013 15:45:54.11][190.77.241.37][1405] SELECT c_asigna FROM dace004 WHERE exp_e='09-19302520' AND c_asigna='311320' AND status IN ('0','3','B') [1][0] OK
C:[02/12/2013 15:45:54.11][190.77.241.37][1392] SELECT pre_cod_asig1,pre_cod_asig2,pre_cod_asig3,pre_cod_asig4,pre_cod_asig5,pre_cod_asig6,pre_cod_asig7 FROM tblaca009 WHERE pensum='5' AND c_uni_ca='3' AND c_asigna='311556' [1][0] OK
C:[02/12/2013 15:45:54.11][190.77.241.37][1405] SELECT c_asigna FROM dace004 WHERE exp_e='09-19302520' AND c_asigna='311434' AND status IN ('0','3','B') [1][0] OK
C:[02/12/2013 15:45:54.11][190.77.241.37][1405] SELECT c_asigna FROM dace004 WHERE exp_e='09-19302520' AND c_asigna='311430' AND status IN ('0','3','B') [1][0] OK
C:[02/12/2013 15:45:54.11][190.77.241.37][1405] SELECT c_asigna FROM dace004 WHERE exp_e='09-19302520' AND c_asigna='300222' AND status IN ('0','3','B') [1][0] OK
C:[02/12/2013 15:45:54.11][190.77.241.37][1405] SELECT c_asigna FROM dace004 WHERE exp_e='09-19302520' AND c_asigna='300226' AND status IN ('0','3','B') [1][0] OK
C:[02/12/2013 15:45:54.11][190.77.241.37][1405] SELECT c_asigna FROM dace004 WHERE exp_e='09-19302520' AND c_asigna='300209' AND status IN ('0','3','B') [1][0] OK
C:[02/12/2013 15:45:54.04][190.77.241.37][1436] SELECT par_cod_asig1,par_cod_asig2,par_cod_asig3 FROM tblaca009 WHERE pensum='5' AND c_uni_ca='3' AND c_asigna='300676' [1][0] OK
C:[02/12/2013 15:45:54.04][190.77.241.37][1436] SELECT par_cod_asig1,par_cod_asig2,par_cod_asig3 FROM tblaca009 WHERE pensum='5' AND c_uni_ca='3' AND c_asigna='315552' [1][0] OK
C:[02/12/2013 15:45:54.04][190.77.241.37][1436] SELECT par_cod_asig1,par_cod_asig2,par_cod_asig3 FROM tblaca009 WHERE pensum='5' AND c_uni_ca='3' AND c_asigna='311551' [1][0] OK
C:[02/12/2013 15:45:54.04][190.77.241.37][1436] SELECT par_cod_asig1,par_cod_asig2,par_cod_asig3 FROM tblaca009 WHERE pensum='5' AND c_uni_ca='3' AND c_asigna='311556' [1][0] OK
C:[02/12/2013 15:45:54.04][190.77.241.37][1450] SELECT c_asigna FROM dace004 WHERE exp_e='09-19302520' AND c_asigna='311551' AND status IN ('0','3','B','C') [0][0] OK
C:[02/12/2013 15:45:54.69][190.77.241.37][1566] SELECT horas_lab FROM tblaca008 WHERE c_asigna='300676' AND horas_teoricas > 0 [1][0] OK
C:[02/12/2013 15:45:54.79][190.77.241.37][1600] SELECT sum(u_creditos*1) FROM dace006 a, tblaca009 b WHERE a.exp_e='09-19302520' AND a.lapso='2013-2' AND b.pensum='5' AND b.c_uni_ca='3' AND status IN ('7','A','2') AND a.c_asigna=b.c_asigna  [1][0] OK
C:[02/12/2013 15:45:55.29][190.77.241.37][1619] SELECT sum(u_creditos*1) FROM dace006 a, tblaca009 b WHERE a.exp_e='09-19302520' AND a.lapso='2013-2' AND b.pensum='5' AND b.c_uni_ca='3' AND status IN ('7','A','2') AND a.c_asigna=b.c_asigna AND a.c_asigna IN ('315552','311551','311556') [1][0] OK
C:[02/12/2013 15:45:55.79][190.77.241.37][1635] SELECT MAX(semestre) FROM dace006 a, tblaca009 b WHERE a.exp_e='09-19302520' AND a.lapso='2013-2' AND b.pensum='5' AND b.c_uni_ca='3' AND status IN ('7','A','2') AND a.c_asigna=b.c_asigna  [1][0] OK
C:[02/12/2013 15:45:55.29][190.77.241.37][1655] SELECT MIN(semestre) FROM dace006 a, tblaca009 b WHERE a.exp_e='09-19302520' AND a.lapso='2013-2' AND b.pensum='5' AND b.c_uni_ca='3' AND status IN ('7','A','2') AND a.c_asigna=b.c_asigna AND a.c_asigna IN ('300676') [1][0] OK
C:[02/12/2013 16:24:27.01][190.204.68.135][1392] SELECT pre_cod_asig1,pre_cod_asig2,pre_cod_asig3,pre_cod_asig4,pre_cod_asig5,pre_cod_asig6,pre_cod_asig7 FROM tblaca009 WHERE pensum='5' AND c_uni_ca='3' AND c_asigna='311988' [1][0] OK
C:[02/12/2013 16:24:27.01][190.204.68.135][1405] SELECT c_asigna FROM dace004 WHERE exp_e='05-19095539' AND c_asigna='311822' AND status IN ('0','3','B') [1][0] OK
C:[02/12/2013 16:24:27.01][190.204.68.135][1392] SELECT pre_cod_asig1,pre_cod_asig2,pre_cod_asig3,pre_cod_asig4,pre_cod_asig5,pre_cod_asig6,pre_cod_asig7 FROM tblaca009 WHERE pensum='5' AND c_uni_ca='3' AND c_asigna='300956' [1][0] OK
C:[02/12/2013 16:24:27.01][190.204.68.135][1405] SELECT c_asigna FROM dace004 WHERE exp_e='05-19095539' AND c_asigna='300422' AND status IN ('0','3','B') [1][0] OK
C:[02/12/2013 16:24:27.01][190.204.68.135][1405] SELECT c_asigna FROM dace004 WHERE exp_e='05-19095539' AND c_asigna='300105' AND status IN ('0','3','B') [1][0] OK
C:[02/12/2013 16:24:27.01][190.204.68.135][1405] SELECT c_asigna FROM dace004 WHERE exp_e='05-19095539' AND c_asigna='300314' AND status IN ('0','3','B') [1][0] OK
C:[02/12/2013 16:24:27.01][190.204.68.135][1392] SELECT pre_cod_asig1,pre_cod_asig2,pre_cod_asig3,pre_cod_asig4,pre_cod_asig5,pre_cod_asig6,pre_cod_asig7 FROM tblaca009 WHERE pensum='5' AND c_uni_ca='3' AND c_asigna='300890' [1][0] OK
C:[02/12/2013 16:24:27.01][190.204.68.135][1392] SELECT pre_cod_asig1,pre_cod_asig2,pre_cod_asig3,pre_cod_asig4,pre_cod_asig5,pre_cod_asig6,pre_cod_asig7 FROM tblaca009 WHERE pensum='5' AND c_uni_ca='3' AND c_asigna='311046' [1][0] OK
C:[02/12/2013 16:24:27.01][190.204.68.135][1405] SELECT c_asigna FROM dace004 WHERE exp_e='05-19095539' AND c_asigna='311822' AND status IN ('0','3','B') [1][0] OK
C:[02/12/2013 16:24:27.01][190.204.68.135][1392] SELECT pre_cod_asig1,pre_cod_asig2,pre_cod_asig3,pre_cod_asig4,pre_cod_asig5,pre_cod_asig6,pre_cod_asig7 FROM tblaca009 WHERE pensum='5' AND c_uni_ca='3' AND c_asigna='311095' [1][0] OK
C:[02/12/2013 16:24:27.01][190.204.68.135][1405] SELECT c_asigna FROM dace004 WHERE exp_e='05-19095539' AND c_asigna='311822' AND status IN ('0','3','B') [1][0] OK
C:[02/12/2013 16:24:27.01][190.204.68.135][1392] SELECT pre_cod_asig1,pre_cod_asig2,pre_cod_asig3,pre_cod_asig4,pre_cod_asig5,pre_cod_asig6,pre_cod_asig7 FROM tblaca009 WHERE pensum='5' AND c_uni_ca='3' AND c_asigna='311098' [1][0] OK
C:[02/12/2013 16:24:27.01][190.204.68.135][1405] SELECT c_asigna FROM dace004 WHERE exp_e='05-19095539' AND c_asigna='311822' AND status IN ('0','3','B') [1][0] OK
C:[02/12/2013 16:24:27.01][190.204.68.135][1392] SELECT pre_cod_asig1,pre_cod_asig2,pre_cod_asig3,pre_cod_asig4,pre_cod_asig5,pre_cod_asig6,pre_cod_asig7 FROM tblaca009 WHERE pensum='5' AND c_uni_ca='3' AND c_asigna='311099' [1][0] OK
C:[02/12/2013 16:24:27.01][190.204.68.135][1405] SELECT c_asigna FROM dace004 WHERE exp_e='05-19095539' AND c_asigna='311795' AND status IN ('0','3','B') [1][0] OK
C:[02/12/2013 16:24:27.01][190.204.68.135][1405] SELECT c_asigna FROM dace004 WHERE exp_e='05-19095539' AND c_asigna='311825' AND status IN ('0','3','B') [1][0] OK
C:[02/12/2013 16:24:27.57][190.204.68.135][1436] SELECT par_cod_asig1,par_cod_asig2,par_cod_asig3 FROM tblaca009 WHERE pensum='5' AND c_uni_ca='3' AND c_asigna='311988' [1][0] OK
C:[02/12/2013 16:24:27.57][190.204.68.135][1436] SELECT par_cod_asig1,par_cod_asig2,par_cod_asig3 FROM tblaca009 WHERE pensum='5' AND c_uni_ca='3' AND c_asigna='300956' [1][0] OK
C:[02/12/2013 16:24:27.57][190.204.68.135][1436] SELECT par_cod_asig1,par_cod_asig2,par_cod_asig3 FROM tblaca009 WHERE pensum='5' AND c_uni_ca='3' AND c_asigna='300890' [1][0] OK
C:[02/12/2013 16:24:27.57][190.204.68.135][1436] SELECT par_cod_asig1,par_cod_asig2,par_cod_asig3 FROM tblaca009 WHERE pensum='5' AND c_uni_ca='3' AND c_asigna='311046' [1][0] OK
C:[02/12/2013 16:24:27.57][190.204.68.135][1436] SELECT par_cod_asig1,par_cod_asig2,par_cod_asig3 FROM tblaca009 WHERE pensum='5' AND c_uni_ca='3' AND c_asigna='311095' [1][0] OK
C:[02/12/2013 16:24:27.57][190.204.68.135][1436] SELECT par_cod_asig1,par_cod_asig2,par_cod_asig3 FROM tblaca009 WHERE pensum='5' AND c_uni_ca='3' AND c_asigna='311098' [1][0] OK
C:[02/12/2013 16:24:27.57][190.204.68.135][1436] SELECT par_cod_asig1,par_cod_asig2,par_cod_asig3 FROM tblaca009 WHERE pensum='5' AND c_uni_ca='3' AND c_asigna='311099' [1][0] OK
C:[02/12/2013 16:24:28.46][190.204.68.135][1566] SELECT horas_lab FROM tblaca008 WHERE c_asigna='311988' AND horas_teoricas > 0 [1][0] OK
C:[02/12/2013 16:24:28.57][190.204.68.135][1600] SELECT sum(u_creditos*1) FROM dace006 a, tblaca009 b WHERE a.exp_e='05-19095539' AND a.lapso='2013-2' AND b.pensum='5' AND b.c_uni_ca='3' AND status IN ('7','A','2') AND a.c_asigna=b.c_asigna  [1][0] OK
C:[02/12/2013 16:24:28.51][190.204.68.135][1619] SELECT sum(u_creditos*1) FROM dace006 a, tblaca009 b WHERE a.exp_e='05-19095539' AND a.lapso='2013-2' AND b.pensum='5' AND b.c_uni_ca='3' AND status IN ('7','A','2') AND a.c_asigna=b.c_asigna AND a.c_asigna IN ('300956','300890','311046','311095','311098','311099') [1][0] OK
C:[02/12/2013 16:24:28.57][190.204.68.135][1635] SELECT MAX(semestre) FROM dace006 a, tblaca009 b WHERE a.exp_e='05-19095539' AND a.lapso='2013-2' AND b.pensum='5' AND b.c_uni_ca='3' AND status IN ('7','A','2') AND a.c_asigna=b.c_asigna  [1][0] OK
C:[02/12/2013 16:24:28.07][190.204.68.135][1655] SELECT MIN(semestre) FROM dace006 a, tblaca009 b WHERE a.exp_e='05-19095539' AND a.lapso='2013-2' AND b.pensum='5' AND b.c_uni_ca='3' AND status IN ('7','A','2') AND a.c_asigna=b.c_asigna AND a.c_asigna IN ('311988') [1][0] OK
C:[02/12/2013 16:42:28.70][172.16.4.247][1392] SELECT pre_cod_asig1,pre_cod_asig2,pre_cod_asig3,pre_cod_asig4,pre_cod_asig5,pre_cod_asig6,pre_cod_asig7 FROM tblaca009 WHERE pensum='5' AND c_uni_ca='3' AND c_asigna='300676' [1][0] OK
C:[02/12/2013 16:42:28.70][172.16.4.247][1392] SELECT pre_cod_asig1,pre_cod_asig2,pre_cod_asig3,pre_cod_asig4,pre_cod_asig5,pre_cod_asig6,pre_cod_asig7 FROM tblaca009 WHERE pensum='5' AND c_uni_ca='3' AND c_asigna='312444' [1][0] OK
C:[02/12/2013 16:42:28.70][172.16.4.247][1405] SELECT c_asigna FROM dace004 WHERE exp_e='10-20887568' AND c_asigna='312333' AND status IN ('0','3','B') [1][0] OK
C:[02/12/2013 16:42:28.70][172.16.4.247][1392] SELECT pre_cod_asig1,pre_cod_asig2,pre_cod_asig3,pre_cod_asig4,pre_cod_asig5,pre_cod_asig6,pre_cod_asig7 FROM tblaca009 WHERE pensum='5' AND c_uni_ca='3' AND c_asigna='311551' [1][0] OK
C:[02/12/2013 16:42:28.70][172.16.4.247][1405] SELECT c_asigna FROM dace004 WHERE exp_e='10-20887568' AND c_asigna='311430' AND status IN ('0','3','B') [1][0] OK
C:[02/12/2013 16:42:28.70][172.16.4.247][1405] SELECT c_asigna FROM dace004 WHERE exp_e='10-20887568' AND c_asigna='311431' AND status IN ('0','3','B') [1][0] OK
C:[02/12/2013 16:42:28.70][172.16.4.247][1405] SELECT c_asigna FROM dace004 WHERE exp_e='10-20887568' AND c_asigna='300222' AND status IN ('0','3','B') [1][0] OK
C:[02/12/2013 16:42:28.70][172.16.4.247][1405] SELECT c_asigna FROM dace004 WHERE exp_e='10-20887568' AND c_asigna='300226' AND status IN ('0','3','B') [1][0] OK
C:[02/12/2013 16:42:28.70][172.16.4.247][1405] SELECT c_asigna FROM dace004 WHERE exp_e='10-20887568' AND c_asigna='300209' AND status IN ('0','3','B') [1][0] OK
C:[02/12/2013 16:42:28.70][172.16.4.247][1405] SELECT c_asigna FROM dace004 WHERE exp_e='10-20887568' AND c_asigna='311320' AND status IN ('0','3','B') [1][0] OK
C:[02/12/2013 16:42:28.70][172.16.4.247][1392] SELECT pre_cod_asig1,pre_cod_asig2,pre_cod_asig3,pre_cod_asig4,pre_cod_asig5,pre_cod_asig6,pre_cod_asig7 FROM tblaca009 WHERE pensum='5' AND c_uni_ca='3' AND c_asigna='311556' [1][0] OK
C:[02/12/2013 16:42:28.70][172.16.4.247][1405] SELECT c_asigna FROM dace004 WHERE exp_e='10-20887568' AND c_asigna='311434' AND status IN ('0','3','B') [1][0] OK
C:[02/12/2013 16:42:28.70][172.16.4.247][1405] SELECT c_asigna FROM dace004 WHERE exp_e='10-20887568' AND c_asigna='311430' AND status IN ('0','3','B') [1][0] OK
C:[02/12/2013 16:42:28.70][172.16.4.247][1405] SELECT c_asigna FROM dace004 WHERE exp_e='10-20887568' AND c_asigna='300222' AND status IN ('0','3','B') [1][0] OK
C:[02/12/2013 16:42:28.70][172.16.4.247][1405] SELECT c_asigna FROM dace004 WHERE exp_e='10-20887568' AND c_asigna='300226' AND status IN ('0','3','B') [1][0] OK
C:[02/12/2013 16:42:28.70][172.16.4.247][1405] SELECT c_asigna FROM dace004 WHERE exp_e='10-20887568' AND c_asigna='300209' AND status IN ('0','3','B') [1][0] OK
C:[02/12/2013 16:42:28.70][172.16.4.247][1392] SELECT pre_cod_asig1,pre_cod_asig2,pre_cod_asig3,pre_cod_asig4,pre_cod_asig5,pre_cod_asig6,pre_cod_asig7 FROM tblaca009 WHERE pensum='5' AND c_uni_ca='3' AND c_asigna='314662' [1][0] OK
C:[02/12/2013 16:42:28.70][172.16.4.247][1405] SELECT c_asigna FROM dace004 WHERE exp_e='10-20887568' AND c_asigna='311552' AND status IN ('0','3','B') [1][0] OK
C:[02/12/2013 16:42:28.70][172.16.4.247][1392] SELECT pre_cod_asig1,pre_cod_asig2,pre_cod_asig3,pre_cod_asig4,pre_cod_asig5,pre_cod_asig6,pre_cod_asig7 FROM tblaca009 WHERE pensum='5' AND c_uni_ca='3' AND c_asigna='315552' [1][0] OK
C:[02/12/2013 16:42:28.70][172.16.4.247][1405] SELECT c_asigna FROM dace004 WHERE exp_e='10-20887568' AND c_asigna='311430' AND status IN ('0','3','B') [1][0] OK
C:[02/12/2013 16:42:28.70][172.16.4.247][1405] SELECT c_asigna FROM dace004 WHERE exp_e='10-20887568' AND c_asigna='300222' AND status IN ('0','3','B') [1][0] OK
C:[02/12/2013 16:42:28.70][172.16.4.247][1405] SELECT c_asigna FROM dace004 WHERE exp_e='10-20887568' AND c_asigna='300226' AND status IN ('0','3','B') [1][0] OK
C:[02/12/2013 16:42:28.70][172.16.4.247][1405] SELECT c_asigna FROM dace004 WHERE exp_e='10-20887568' AND c_asigna='300209' AND status IN ('0','3','B') [1][0] OK
C:[02/12/2013 16:42:29.14][172.16.4.247][1436] SELECT par_cod_asig1,par_cod_asig2,par_cod_asig3 FROM tblaca009 WHERE pensum='5' AND c_uni_ca='3' AND c_asigna='300676' [1][0] OK
C:[02/12/2013 16:42:29.14][172.16.4.247][1436] SELECT par_cod_asig1,par_cod_asig2,par_cod_asig3 FROM tblaca009 WHERE pensum='5' AND c_uni_ca='3' AND c_asigna='312444' [1][0] OK
C:[02/12/2013 16:42:29.14][172.16.4.247][1436] SELECT par_cod_asig1,par_cod_asig2,par_cod_asig3 FROM tblaca009 WHERE pensum='5' AND c_uni_ca='3' AND c_asigna='311551' [1][0] OK
C:[02/12/2013 16:42:29.14][172.16.4.247][1436] SELECT par_cod_asig1,par_cod_asig2,par_cod_asig3 FROM tblaca009 WHERE pensum='5' AND c_uni_ca='3' AND c_asigna='311556' [1][0] OK
C:[02/12/2013 16:42:29.14][172.16.4.247][1450] SELECT c_asigna FROM dace004 WHERE exp_e='10-20887568' AND c_asigna='311551' AND status IN ('0','3','B','C') [0][0] OK
C:[02/12/2013 16:42:29.14][172.16.4.247][1436] SELECT par_cod_asig1,par_cod_asig2,par_cod_asig3 FROM tblaca009 WHERE pensum='5' AND c_uni_ca='3' AND c_asigna='314662' [1][0] OK
C:[02/12/2013 16:42:29.14][172.16.4.247][1436] SELECT par_cod_asig1,par_cod_asig2,par_cod_asig3 FROM tblaca009 WHERE pensum='5' AND c_uni_ca='3' AND c_asigna='315552' [1][0] OK
C:[02/12/2013 16:42:29.03][172.16.4.247][1566] SELECT horas_lab FROM tblaca008 WHERE c_asigna='300676' AND horas_teoricas > 0 [1][0] OK
C:[02/12/2013 16:42:29.15][172.16.4.247][1600] SELECT sum(u_creditos*1) FROM dace006 a, tblaca009 b WHERE a.exp_e='10-20887568' AND a.lapso='2013-2' AND b.pensum='5' AND b.c_uni_ca='3' AND status IN ('7','A','2') AND a.c_asigna=b.c_asigna  [1][0] OK
C:[02/12/2013 16:42:29.08][172.16.4.247][1619] SELECT sum(u_creditos*1) FROM dace006 a, tblaca009 b WHERE a.exp_e='10-20887568' AND a.lapso='2013-2' AND b.pensum='5' AND b.c_uni_ca='3' AND status IN ('7','A','2') AND a.c_asigna=b.c_asigna AND a.c_asigna IN ('312444','311551','311556','314662','315552') [1][0] OK
C:[02/12/2013 16:42:29.07][172.16.4.247][1635] SELECT MAX(semestre) FROM dace006 a, tblaca009 b WHERE a.exp_e='10-20887568' AND a.lapso='2013-2' AND b.pensum='5' AND b.c_uni_ca='3' AND status IN ('7','A','2') AND a.c_asigna=b.c_asigna  [1][0] OK
C:[02/12/2013 16:42:29.95][172.16.4.247][1655] SELECT MIN(semestre) FROM dace006 a, tblaca009 b WHERE a.exp_e='10-20887568' AND a.lapso='2013-2' AND b.pensum='5' AND b.c_uni_ca='3' AND status IN ('7','A','2') AND a.c_asigna=b.c_asigna AND a.c_asigna IN ('300676') [1][0] OK
C:[02/12/2013 16:43:18.26][172.16.4.247][1392] SELECT pre_cod_asig1,pre_cod_asig2,pre_cod_asig3,pre_cod_asig4,pre_cod_asig5,pre_cod_asig6,pre_cod_asig7 FROM tblaca009 WHERE pensum='5' AND c_uni_ca='3' AND c_asigna='300676' [1][0] OK
C:[02/12/2013 16:43:18.26][172.16.4.247][1392] SELECT pre_cod_asig1,pre_cod_asig2,pre_cod_asig3,pre_cod_asig4,pre_cod_asig5,pre_cod_asig6,pre_cod_asig7 FROM tblaca009 WHERE pensum='5' AND c_uni_ca='3' AND c_asigna='311551' [1][0] OK
C:[02/12/2013 16:43:18.26][172.16.4.247][1405] SELECT c_asigna FROM dace004 WHERE exp_e='10-22813080' AND c_asigna='311430' AND status IN ('0','3','B') [1][0] OK
C:[02/12/2013 16:43:18.26][172.16.4.247][1405] SELECT c_asigna FROM dace004 WHERE exp_e='10-22813080' AND c_asigna='311431' AND status IN ('0','3','B') [1][0] OK
C:[02/12/2013 16:43:18.26][172.16.4.247][1405] SELECT c_asigna FROM dace004 WHERE exp_e='10-22813080' AND c_asigna='300222' AND status IN ('0','3','B') [1][0] OK
C:[02/12/2013 16:43:18.26][172.16.4.247][1405] SELECT c_asigna FROM dace004 WHERE exp_e='10-22813080' AND c_asigna='300226' AND status IN ('0','3','B') [1][0] OK
C:[02/12/2013 16:43:18.26][172.16.4.247][1405] SELECT c_asigna FROM dace004 WHERE exp_e='10-22813080' AND c_asigna='300209' AND status IN ('0','3','B') [1][0] OK
C:[02/12/2013 16:43:18.26][172.16.4.247][1405] SELECT c_asigna FROM dace004 WHERE exp_e='10-22813080' AND c_asigna='311320' AND status IN ('0','3','B') [1][0] OK
C:[02/12/2013 16:43:18.26][172.16.4.247][1392] SELECT pre_cod_asig1,pre_cod_asig2,pre_cod_asig3,pre_cod_asig4,pre_cod_asig5,pre_cod_asig6,pre_cod_asig7 FROM tblaca009 WHERE pensum='5' AND c_uni_ca='3' AND c_asigna='311556' [1][0] OK
C:[02/12/2013 16:43:18.26][172.16.4.247][1405] SELECT c_asigna FROM dace004 WHERE exp_e='10-22813080' AND c_asigna='311434' AND status IN ('0','3','B') [1][0] OK
C:[02/12/2013 16:43:18.26][172.16.4.247][1405] SELECT c_asigna FROM dace004 WHERE exp_e='10-22813080' AND c_asigna='311430' AND status IN ('0','3','B') [1][0] OK
C:[02/12/2013 16:43:18.26][172.16.4.247][1405] SELECT c_asigna FROM dace004 WHERE exp_e='10-22813080' AND c_asigna='300222' AND status IN ('0','3','B') [1][0] OK
C:[02/12/2013 16:43:18.26][172.16.4.247][1405] SELECT c_asigna FROM dace004 WHERE exp_e='10-22813080' AND c_asigna='300226' AND status IN ('0','3','B') [1][0] OK
C:[02/12/2013 16:43:18.26][172.16.4.247][1405] SELECT c_asigna FROM dace004 WHERE exp_e='10-22813080' AND c_asigna='300209' AND status IN ('0','3','B') [1][0] OK
C:[02/12/2013 16:43:18.26][172.16.4.247][1392] SELECT pre_cod_asig1,pre_cod_asig2,pre_cod_asig3,pre_cod_asig4,pre_cod_asig5,pre_cod_asig6,pre_cod_asig7 FROM tblaca009 WHERE pensum='5' AND c_uni_ca='3' AND c_asigna='315552' [1][0] OK
C:[02/12/2013 16:43:18.26][172.16.4.247][1405] SELECT c_asigna FROM dace004 WHERE exp_e='10-22813080' AND c_asigna='311430' AND status IN ('0','3','B') [1][0] OK
C:[02/12/2013 16:43:18.26][172.16.4.247][1405] SELECT c_asigna FROM dace004 WHERE exp_e='10-22813080' AND c_asigna='300222' AND status IN ('0','3','B') [1][0] OK
C:[02/12/2013 16:43:18.26][172.16.4.247][1405] SELECT c_asigna FROM dace004 WHERE exp_e='10-22813080' AND c_asigna='300226' AND status IN ('0','3','B') [1][0] OK
C:[02/12/2013 16:43:18.26][172.16.4.247][1405] SELECT c_asigna FROM dace004 WHERE exp_e='10-22813080' AND c_asigna='300209' AND status IN ('0','3','B') [1][0] OK
C:[02/12/2013 16:43:18.26][172.16.4.247][1392] SELECT pre_cod_asig1,pre_cod_asig2,pre_cod_asig3,pre_cod_asig4,pre_cod_asig5,pre_cod_asig6,pre_cod_asig7 FROM tblaca009 WHERE pensum='5' AND c_uni_ca='3' AND c_asigna='314662' [1][0] OK
C:[02/12/2013 16:43:18.26][172.16.4.247][1405] SELECT c_asigna FROM dace004 WHERE exp_e='10-22813080' AND c_asigna='311552' AND status IN ('0','3','B') [1][0] OK
C:[02/12/2013 16:43:18.46][172.16.4.247][1436] SELECT par_cod_asig1,par_cod_asig2,par_cod_asig3 FROM tblaca009 WHERE pensum='5' AND c_uni_ca='3' AND c_asigna='300676' [1][0] OK
C:[02/12/2013 16:43:18.46][172.16.4.247][1436] SELECT par_cod_asig1,par_cod_asig2,par_cod_asig3 FROM tblaca009 WHERE pensum='5' AND c_uni_ca='3' AND c_asigna='311551' [1][0] OK
C:[02/12/2013 16:43:18.46][172.16.4.247][1436] SELECT par_cod_asig1,par_cod_asig2,par_cod_asig3 FROM tblaca009 WHERE pensum='5' AND c_uni_ca='3' AND c_asigna='311556' [1][0] OK
C:[02/12/2013 16:43:18.46][172.16.4.247][1450] SELECT c_asigna FROM dace004 WHERE exp_e='10-22813080' AND c_asigna='311551' AND status IN ('0','3','B','C') [0][0] OK
C:[02/12/2013 16:43:18.46][172.16.4.247][1436] SELECT par_cod_asig1,par_cod_asig2,par_cod_asig3 FROM tblaca009 WHERE pensum='5' AND c_uni_ca='3' AND c_asigna='315552' [1][0] OK
C:[02/12/2013 16:43:18.46][172.16.4.247][1436] SELECT par_cod_asig1,par_cod_asig2,par_cod_asig3 FROM tblaca009 WHERE pensum='5' AND c_uni_ca='3' AND c_asigna='314662' [1][0] OK
C:[02/12/2013 16:43:19.22][172.16.4.247][1566] SELECT horas_lab FROM tblaca008 WHERE c_asigna='300676' AND horas_teoricas > 0 [1][0] OK
C:[02/12/2013 16:43:19.33][172.16.4.247][1600] SELECT sum(u_creditos*1) FROM dace006 a, tblaca009 b WHERE a.exp_e='10-22813080' AND a.lapso='2013-2' AND b.pensum='5' AND b.c_uni_ca='3' AND status IN ('7','A','2') AND a.c_asigna=b.c_asigna  [1][0] OK
C:[02/12/2013 16:43:19.27][172.16.4.247][1619] SELECT sum(u_creditos*1) FROM dace006 a, tblaca009 b WHERE a.exp_e='10-22813080' AND a.lapso='2013-2' AND b.pensum='5' AND b.c_uni_ca='3' AND status IN ('7','A','2') AND a.c_asigna=b.c_asigna AND a.c_asigna IN ('311551','311556','315552','314662') [1][0] OK
C:[02/12/2013 16:43:19.21][172.16.4.247][1635] SELECT MAX(semestre) FROM dace006 a, tblaca009 b WHERE a.exp_e='10-22813080' AND a.lapso='2013-2' AND b.pensum='5' AND b.c_uni_ca='3' AND status IN ('7','A','2') AND a.c_asigna=b.c_asigna  [1][0] OK
C:[02/12/2013 16:43:19.14][172.16.4.247][1655] SELECT MIN(semestre) FROM dace006 a, tblaca009 b WHERE a.exp_e='10-22813080' AND a.lapso='2013-2' AND b.pensum='5' AND b.c_uni_ca='3' AND status IN ('7','A','2') AND a.c_asigna=b.c_asigna AND a.c_asigna IN ('300676') [1][0] OK
C:[02/12/2013 17:09:33.73][190.77.241.37][1392] SELECT pre_cod_asig1,pre_cod_asig2,pre_cod_asig3,pre_cod_asig4,pre_cod_asig5,pre_cod_asig6,pre_cod_asig7 FROM tblaca009 WHERE pensum='5' AND c_uni_ca='4' AND c_asigna='300116' [1][0] OK
C:[02/12/2013 17:09:33.73][190.77.241.37][1392] SELECT pre_cod_asig1,pre_cod_asig2,pre_cod_asig3,pre_cod_asig4,pre_cod_asig5,pre_cod_asig6,pre_cod_asig7 FROM tblaca009 WHERE pensum='5' AND c_uni_ca='4' AND c_asigna='300013' [1][0] OK
C:[02/12/2013 17:09:33.73][190.77.241.37][1392] SELECT pre_cod_asig1,pre_cod_asig2,pre_cod_asig3,pre_cod_asig4,pre_cod_asig5,pre_cod_asig6,pre_cod_asig7 FROM tblaca009 WHERE pensum='5' AND c_uni_ca='4' AND c_asigna='300105' [1][0] OK
C:[02/12/2013 17:09:33.73][190.77.241.37][1392] SELECT pre_cod_asig1,pre_cod_asig2,pre_cod_asig3,pre_cod_asig4,pre_cod_asig5,pre_cod_asig6,pre_cod_asig7 FROM tblaca009 WHERE pensum='5' AND c_uni_ca='4' AND c_asigna='300112' [1][0] OK
C:[02/12/2013 17:09:33.73][190.77.241.37][1392] SELECT pre_cod_asig1,pre_cod_asig2,pre_cod_asig3,pre_cod_asig4,pre_cod_asig5,pre_cod_asig6,pre_cod_asig7 FROM tblaca009 WHERE pensum='5' AND c_uni_ca='4' AND c_asigna='300113' [1][0] OK
C:[02/12/2013 17:09:33.48][190.77.241.37][1436] SELECT par_cod_asig1,par_cod_asig2,par_cod_asig3 FROM tblaca009 WHERE pensum='5' AND c_uni_ca='4' AND c_asigna='300116' [1][0] OK
C:[02/12/2013 17:09:33.48][190.77.241.37][1436] SELECT par_cod_asig1,par_cod_asig2,par_cod_asig3 FROM tblaca009 WHERE pensum='5' AND c_uni_ca='4' AND c_asigna='300013' [1][0] OK
C:[02/12/2013 17:09:33.48][190.77.241.37][1436] SELECT par_cod_asig1,par_cod_asig2,par_cod_asig3 FROM tblaca009 WHERE pensum='5' AND c_uni_ca='4' AND c_asigna='300105' [1][0] OK
C:[02/12/2013 17:09:33.48][190.77.241.37][1436] SELECT par_cod_asig1,par_cod_asig2,par_cod_asig3 FROM tblaca009 WHERE pensum='5' AND c_uni_ca='4' AND c_asigna='300112' [1][0] OK
C:[02/12/2013 17:09:33.48][190.77.241.37][1436] SELECT par_cod_asig1,par_cod_asig2,par_cod_asig3 FROM tblaca009 WHERE pensum='5' AND c_uni_ca='4' AND c_asigna='300113' [1][0] OK
C:[02/12/2013 17:09:33.48][190.77.241.37][1450] SELECT c_asigna FROM dace004 WHERE exp_e='13-25277861' AND c_asigna='300013' AND status IN ('0','3','B','C') [0][0] OK
C:[02/12/2013 17:09:33.24][190.77.241.37][1566] SELECT horas_lab FROM tblaca008 WHERE c_asigna='300116' AND horas_teoricas > 0 [1][0] OK
C:[02/12/2013 17:09:33.35][190.77.241.37][1600] SELECT sum(u_creditos*1) FROM dace006 a, tblaca009 b WHERE a.exp_e='13-25277861' AND a.lapso='2013-2' AND b.pensum='5' AND b.c_uni_ca='4' AND status IN ('7','A','2') AND a.c_asigna=b.c_asigna  [1][0] OK
C:[02/12/2013 17:09:33.42][190.77.241.37][1619] SELECT sum(u_creditos*1) FROM dace006 a, tblaca009 b WHERE a.exp_e='13-25277861' AND a.lapso='2013-2' AND b.pensum='5' AND b.c_uni_ca='4' AND status IN ('7','A','2') AND a.c_asigna=b.c_asigna AND a.c_asigna IN ('300013','300105','300112','300113') [1][0] OK
C:[02/12/2013 17:09:34.92][190.77.241.37][1635] SELECT MAX(semestre) FROM dace006 a, tblaca009 b WHERE a.exp_e='13-25277861' AND a.lapso='2013-2' AND b.pensum='5' AND b.c_uni_ca='4' AND status IN ('7','A','2') AND a.c_asigna=b.c_asigna  [1][0] OK
C:[02/12/2013 17:09:34.98][190.77.241.37][1655] SELECT MIN(semestre) FROM dace006 a, tblaca009 b WHERE a.exp_e='13-25277861' AND a.lapso='2013-2' AND b.pensum='5' AND b.c_uni_ca='4' AND status IN ('7','A','2') AND a.c_asigna=b.c_asigna AND a.c_asigna IN ('300116') [1][0] OK
C:[02/12/2013 18:41:46.69][190.204.107.98][1392] SELECT pre_cod_asig1,pre_cod_asig2,pre_cod_asig3,pre_cod_asig4,pre_cod_asig5,pre_cod_asig6,pre_cod_asig7 FROM tblaca009 WHERE pensum='5' AND c_uni_ca='3' AND c_asigna='300676' [1][0] OK
C:[02/12/2013 18:41:46.69][190.204.107.98][1392] SELECT pre_cod_asig1,pre_cod_asig2,pre_cod_asig3,pre_cod_asig4,pre_cod_asig5,pre_cod_asig6,pre_cod_asig7 FROM tblaca009 WHERE pensum='5' AND c_uni_ca='3' AND c_asigna='315552' [1][0] OK
C:[02/12/2013 18:41:46.69][190.204.107.98][1405] SELECT c_asigna FROM dace004 WHERE exp_e='10-20224365' AND c_asigna='311430' AND status IN ('0','3','B') [1][0] OK
C:[02/12/2013 18:41:46.69][190.204.107.98][1405] SELECT c_asigna FROM dace004 WHERE exp_e='10-20224365' AND c_asigna='300222' AND status IN ('0','3','B') [1][0] OK
C:[02/12/2013 18:41:46.69][190.204.107.98][1405] SELECT c_asigna FROM dace004 WHERE exp_e='10-20224365' AND c_asigna='300226' AND status IN ('0','3','B') [1][0] OK
C:[02/12/2013 18:41:46.69][190.204.107.98][1405] SELECT c_asigna FROM dace004 WHERE exp_e='10-20224365' AND c_asigna='300209' AND status IN ('0','3','B') [1][0] OK
C:[02/12/2013 18:41:46.69][190.204.107.98][1392] SELECT pre_cod_asig1,pre_cod_asig2,pre_cod_asig3,pre_cod_asig4,pre_cod_asig5,pre_cod_asig6,pre_cod_asig7 FROM tblaca009 WHERE pensum='5' AND c_uni_ca='3' AND c_asigna='311551' [1][0] OK
C:[02/12/2013 18:41:46.69][190.204.107.98][1405] SELECT c_asigna FROM dace004 WHERE exp_e='10-20224365' AND c_asigna='311430' AND status IN ('0','3','B') [1][0] OK
C:[02/12/2013 18:41:46.69][190.204.107.98][1405] SELECT c_asigna FROM dace004 WHERE exp_e='10-20224365' AND c_asigna='311431' AND status IN ('0','3','B') [1][0] OK
C:[02/12/2013 18:41:46.69][190.204.107.98][1405] SELECT c_asigna FROM dace004 WHERE exp_e='10-20224365' AND c_asigna='300222' AND status IN ('0','3','B') [1][0] OK
C:[02/12/2013 18:41:46.69][190.204.107.98][1405] SELECT c_asigna FROM dace004 WHERE exp_e='10-20224365' AND c_asigna='300226' AND status IN ('0','3','B') [1][0] OK
C:[02/12/2013 18:41:46.69][190.204.107.98][1405] SELECT c_asigna FROM dace004 WHERE exp_e='10-20224365' AND c_asigna='300209' AND status IN ('0','3','B') [1][0] OK
C:[02/12/2013 18:41:46.69][190.204.107.98][1405] SELECT c_asigna FROM dace004 WHERE exp_e='10-20224365' AND c_asigna='311320' AND status IN ('0','3','B') [1][0] OK
C:[02/12/2013 18:41:46.69][190.204.107.98][1392] SELECT pre_cod_asig1,pre_cod_asig2,pre_cod_asig3,pre_cod_asig4,pre_cod_asig5,pre_cod_asig6,pre_cod_asig7 FROM tblaca009 WHERE pensum='5' AND c_uni_ca='3' AND c_asigna='311556' [1][0] OK
C:[02/12/2013 18:41:46.69][190.204.107.98][1405] SELECT c_asigna FROM dace004 WHERE exp_e='10-20224365' AND c_asigna='311434' AND status IN ('0','3','B') [1][0] OK
C:[02/12/2013 18:41:46.69][190.204.107.98][1405] SELECT c_asigna FROM dace004 WHERE exp_e='10-20224365' AND c_asigna='311430' AND status IN ('0','3','B') [1][0] OK
C:[02/12/2013 18:41:46.69][190.204.107.98][1405] SELECT c_asigna FROM dace004 WHERE exp_e='10-20224365' AND c_asigna='300222' AND status IN ('0','3','B') [1][0] OK
C:[02/12/2013 18:41:46.69][190.204.107.98][1405] SELECT c_asigna FROM dace004 WHERE exp_e='10-20224365' AND c_asigna='300226' AND status IN ('0','3','B') [1][0] OK
C:[02/12/2013 18:41:46.69][190.204.107.98][1405] SELECT c_asigna FROM dace004 WHERE exp_e='10-20224365' AND c_asigna='300209' AND status IN ('0','3','B') [1][0] OK
C:[02/12/2013 18:41:46.69][190.204.107.98][1392] SELECT pre_cod_asig1,pre_cod_asig2,pre_cod_asig3,pre_cod_asig4,pre_cod_asig5,pre_cod_asig6,pre_cod_asig7 FROM tblaca009 WHERE pensum='5' AND c_uni_ca='3' AND c_asigna='314787' [1][0] OK
C:[02/12/2013 18:41:46.69][190.204.107.98][1405] SELECT c_asigna FROM dace004 WHERE exp_e='10-20224365' AND c_asigna='314662' AND status IN ('0','3','B') [1][0] OK
C:[02/12/2013 18:41:47.88][190.204.107.98][1436] SELECT par_cod_asig1,par_cod_asig2,par_cod_asig3 FROM tblaca009 WHERE pensum='5' AND c_uni_ca='3' AND c_asigna='300676' [1][0] OK
C:[02/12/2013 18:41:47.88][190.204.107.98][1436] SELECT par_cod_asig1,par_cod_asig2,par_cod_asig3 FROM tblaca009 WHERE pensum='5' AND c_uni_ca='3' AND c_asigna='315552' [1][0] OK
C:[02/12/2013 18:41:47.88][190.204.107.98][1436] SELECT par_cod_asig1,par_cod_asig2,par_cod_asig3 FROM tblaca009 WHERE pensum='5' AND c_uni_ca='3' AND c_asigna='311551' [1][0] OK
C:[02/12/2013 18:41:47.88][190.204.107.98][1436] SELECT par_cod_asig1,par_cod_asig2,par_cod_asig3 FROM tblaca009 WHERE pensum='5' AND c_uni_ca='3' AND c_asigna='311556' [1][0] OK
C:[02/12/2013 18:41:47.88][190.204.107.98][1450] SELECT c_asigna FROM dace004 WHERE exp_e='10-20224365' AND c_asigna='311551' AND status IN ('0','3','B','C') [0][0] OK
C:[02/12/2013 18:41:47.88][190.204.107.98][1436] SELECT par_cod_asig1,par_cod_asig2,par_cod_asig3 FROM tblaca009 WHERE pensum='5' AND c_uni_ca='3' AND c_asigna='314787' [1][0] OK
C:[02/12/2013 18:41:47.65][190.204.107.98][1566] SELECT horas_lab FROM tblaca008 WHERE c_asigna='300676' AND horas_teoricas > 0 [1][0] OK
C:[02/12/2013 18:41:47.76][190.204.107.98][1600] SELECT sum(u_creditos*1) FROM dace006 a, tblaca009 b WHERE a.exp_e='10-20224365' AND a.lapso='2013-2' AND b.pensum='5' AND b.c_uni_ca='3' AND status IN ('7','A','2') AND a.c_asigna=b.c_asigna  [1][0] OK
C:[02/12/2013 18:41:47.70][190.204.107.98][1619] SELECT sum(u_creditos*1) FROM dace006 a, tblaca009 b WHERE a.exp_e='10-20224365' AND a.lapso='2013-2' AND b.pensum='5' AND b.c_uni_ca='3' AND status IN ('7','A','2') AND a.c_asigna=b.c_asigna AND a.c_asigna IN ('315552','311551','311556','314787') [1][0] OK
C:[02/12/2013 18:41:47.63][190.204.107.98][1635] SELECT MAX(semestre) FROM dace006 a, tblaca009 b WHERE a.exp_e='10-20224365' AND a.lapso='2013-2' AND b.pensum='5' AND b.c_uni_ca='3' AND status IN ('7','A','2') AND a.c_asigna=b.c_asigna  [1][0] OK
C:[02/12/2013 18:41:47.57][190.204.107.98][1655] SELECT MIN(semestre) FROM dace006 a, tblaca009 b WHERE a.exp_e='10-20224365' AND a.lapso='2013-2' AND b.pensum='5' AND b.c_uni_ca='3' AND status IN ('7','A','2') AND a.c_asigna=b.c_asigna AND a.c_asigna IN ('300676') [1][0] OK
C:[02/12/2013 20:22:44.48][200.84.67.196][1392] SELECT pre_cod_asig1,pre_cod_asig2,pre_cod_asig3,pre_cod_asig4,pre_cod_asig5,pre_cod_asig6,pre_cod_asig7 FROM tblaca009 WHERE pensum='5' AND c_uni_ca='3' AND c_asigna='300676' [1][0] OK
C:[02/12/2013 20:22:44.48][200.84.67.196][1392] SELECT pre_cod_asig1,pre_cod_asig2,pre_cod_asig3,pre_cod_asig4,pre_cod_asig5,pre_cod_asig6,pre_cod_asig7 FROM tblaca009 WHERE pensum='5' AND c_uni_ca='3' AND c_asigna='300422' [1][0] OK
C:[02/12/2013 20:22:44.48][200.84.67.196][1405] SELECT c_asigna FROM dace004 WHERE exp_e='10-25552694' AND c_asigna='300105' AND status IN ('0','3','B') [1][0] OK
C:[02/12/2013 20:22:44.48][200.84.67.196][1405] SELECT c_asigna FROM dace004 WHERE exp_e='10-25552694' AND c_asigna='300314' AND status IN ('0','3','B') [1][0] OK
C:[02/12/2013 20:22:44.48][200.84.67.196][1392] SELECT pre_cod_asig1,pre_cod_asig2,pre_cod_asig3,pre_cod_asig4,pre_cod_asig5,pre_cod_asig6,pre_cod_asig7 FROM tblaca009 WHERE pensum='5' AND c_uni_ca='3' AND c_asigna='311431' [1][0] OK
C:[02/12/2013 20:22:44.48][200.84.67.196][1405] SELECT c_asigna FROM dace004 WHERE exp_e='10-25552694' AND c_asigna='311320' AND status IN ('0','3','B') [1][0] OK
C:[02/12/2013 20:22:44.48][200.84.67.196][1405] SELECT c_asigna FROM dace004 WHERE exp_e='10-25552694' AND c_asigna='300013' AND status IN ('0','3','B') [1][0] OK
C:[02/12/2013 20:22:44.48][200.84.67.196][1405] SELECT c_asigna FROM dace004 WHERE exp_e='10-25552694' AND c_asigna='300113' AND status IN ('0','3','B') [1][0] OK
C:[02/12/2013 20:22:44.48][200.84.67.196][1405] SELECT c_asigna FROM dace004 WHERE exp_e='10-25552694' AND c_asigna='300222' AND status IN ('0','3','B') [1][0] OK
C:[02/12/2013 20:22:44.48][200.84.67.196][1405] SELECT c_asigna FROM dace004 WHERE exp_e='10-25552694' AND c_asigna='300226' AND status IN ('0','3','B') [1][0] OK
C:[02/12/2013 20:22:44.48][200.84.67.196][1405] SELECT c_asigna FROM dace004 WHERE exp_e='10-25552694' AND c_asigna='300209' AND status IN ('0','3','B') [1][0] OK
C:[02/12/2013 20:22:44.48][200.84.67.196][1392] SELECT pre_cod_asig1,pre_cod_asig2,pre_cod_asig3,pre_cod_asig4,pre_cod_asig5,pre_cod_asig6,pre_cod_asig7 FROM tblaca009 WHERE pensum='5' AND c_uni_ca='3' AND c_asigna='311434' [1][0] OK
C:[02/12/2013 20:22:44.48][200.84.67.196][1405] SELECT c_asigna FROM dace004 WHERE exp_e='10-25552694' AND c_asigna='300222' AND status IN ('0','3','B') [1][0] OK
C:[02/12/2013 20:22:44.48][200.84.67.196][1405] SELECT c_asigna FROM dace004 WHERE exp_e='10-25552694' AND c_asigna='300226' AND status IN ('0','3','B') [1][0] OK
C:[02/12/2013 20:22:44.48][200.84.67.196][1405] SELECT c_asigna FROM dace004 WHERE exp_e='10-25552694' AND c_asigna='300209' AND status IN ('0','3','B') [1][0] OK
C:[02/12/2013 20:22:44.48][200.84.67.196][1392] SELECT pre_cod_asig1,pre_cod_asig2,pre_cod_asig3,pre_cod_asig4,pre_cod_asig5,pre_cod_asig6,pre_cod_asig7 FROM tblaca009 WHERE pensum='5' AND c_uni_ca='3' AND c_asigna='315552' [1][0] OK
C:[02/12/2013 20:22:44.48][200.84.67.196][1405] SELECT c_asigna FROM dace004 WHERE exp_e='10-25552694' AND c_asigna='311430' AND status IN ('0','3','B') [1][0] OK
C:[02/12/2013 20:22:44.48][200.84.67.196][1405] SELECT c_asigna FROM dace004 WHERE exp_e='10-25552694' AND c_asigna='300222' AND status IN ('0','3','B') [1][0] OK
C:[02/12/2013 20:22:44.48][200.84.67.196][1405] SELECT c_asigna FROM dace004 WHERE exp_e='10-25552694' AND c_asigna='300226' AND status IN ('0','3','B') [1][0] OK
C:[02/12/2013 20:22:44.48][200.84.67.196][1405] SELECT c_asigna FROM dace004 WHERE exp_e='10-25552694' AND c_asigna='300209' AND status IN ('0','3','B') [1][0] OK
C:[02/12/2013 20:22:44.48][200.84.67.196][1392] SELECT pre_cod_asig1,pre_cod_asig2,pre_cod_asig3,pre_cod_asig4,pre_cod_asig5,pre_cod_asig6,pre_cod_asig7 FROM tblaca009 WHERE pensum='5' AND c_uni_ca='3' AND c_asigna='314662' [1][0] OK
C:[02/12/2013 20:22:44.48][200.84.67.196][1405] SELECT c_asigna FROM dace004 WHERE exp_e='10-25552694' AND c_asigna='311552' AND status IN ('0','3','B') [1][0] OK
C:[02/12/2013 20:22:45.92][200.84.67.196][1436] SELECT par_cod_asig1,par_cod_asig2,par_cod_asig3 FROM tblaca009 WHERE pensum='5' AND c_uni_ca='3' AND c_asigna='300676' [1][0] OK
C:[02/12/2013 20:22:45.92][200.84.67.196][1436] SELECT par_cod_asig1,par_cod_asig2,par_cod_asig3 FROM tblaca009 WHERE pensum='5' AND c_uni_ca='3' AND c_asigna='300422' [1][0] OK
C:[02/12/2013 20:22:45.92][200.84.67.196][1436] SELECT par_cod_asig1,par_cod_asig2,par_cod_asig3 FROM tblaca009 WHERE pensum='5' AND c_uni_ca='3' AND c_asigna='311431' [1][0] OK
C:[02/12/2013 20:22:45.92][200.84.67.196][1450] SELECT c_asigna FROM dace004 WHERE exp_e='10-25552694' AND c_asigna='311430' AND status IN ('0','3','B','C') [1][0] OK
C:[02/12/2013 20:22:45.92][200.84.67.196][1436] SELECT par_cod_asig1,par_cod_asig2,par_cod_asig3 FROM tblaca009 WHERE pensum='5' AND c_uni_ca='3' AND c_asigna='311434' [1][0] OK
C:[02/12/2013 20:22:45.92][200.84.67.196][1450] SELECT c_asigna FROM dace004 WHERE exp_e='10-25552694' AND c_asigna='311431' AND status IN ('0','3','B','C') [0][0] OK
C:[02/12/2013 20:22:45.92][200.84.67.196][1436] SELECT par_cod_asig1,par_cod_asig2,par_cod_asig3 FROM tblaca009 WHERE pensum='5' AND c_uni_ca='3' AND c_asigna='315552' [1][0] OK
C:[02/12/2013 20:22:45.92][200.84.67.196][1436] SELECT par_cod_asig1,par_cod_asig2,par_cod_asig3 FROM tblaca009 WHERE pensum='5' AND c_uni_ca='3' AND c_asigna='314662' [1][0] OK
C:[02/12/2013 20:22:45.93][200.84.67.196][1566] SELECT horas_lab FROM tblaca008 WHERE c_asigna='300676' AND horas_teoricas > 0 [1][0] OK
C:[02/12/2013 20:22:45.04][200.84.67.196][1600] SELECT sum(u_creditos*1) FROM dace006 a, tblaca009 b WHERE a.exp_e='10-25552694' AND a.lapso='2013-2' AND b.pensum='5' AND b.c_uni_ca='3' AND status IN ('7','A','2') AND a.c_asigna=b.c_asigna  [1][0] OK
C:[02/12/2013 20:22:45.98][200.84.67.196][1619] SELECT sum(u_creditos*1) FROM dace006 a, tblaca009 b WHERE a.exp_e='10-25552694' AND a.lapso='2013-2' AND b.pensum='5' AND b.c_uni_ca='3' AND status IN ('7','A','2') AND a.c_asigna=b.c_asigna AND a.c_asigna IN ('300422','311431','311434','315552','314662') [1][0] OK
C:[02/12/2013 20:22:46.92][200.84.67.196][1635] SELECT MAX(semestre) FROM dace006 a, tblaca009 b WHERE a.exp_e='10-25552694' AND a.lapso='2013-2' AND b.pensum='5' AND b.c_uni_ca='3' AND status IN ('7','A','2') AND a.c_asigna=b.c_asigna  [1][0] OK
C:[02/12/2013 20:22:46.42][200.84.67.196][1655] SELECT MIN(semestre) FROM dace006 a, tblaca009 b WHERE a.exp_e='10-25552694' AND a.lapso='2013-2' AND b.pensum='5' AND b.c_uni_ca='3' AND status IN ('7','A','2') AND a.c_asigna=b.c_asigna AND a.c_asigna IN ('300676') [1][0] OK
C:[03/12/2013 08:41:26.19][181.185.243.193][1392] SELECT pre_cod_asig1,pre_cod_asig2,pre_cod_asig3,pre_cod_asig4,pre_cod_asig5,pre_cod_asig6,pre_cod_asig7 FROM tblaca009 WHERE pensum='5' AND c_uni_ca='5' AND c_asigna='355692' [1][0] OK
C:[03/12/2013 08:41:26.19][181.185.243.193][1405] SELECT c_asigna FROM dace004 WHERE exp_e='10-23502733' AND c_asigna='355448' AND status IN ('0','3','B') [1][0] OK
C:[03/12/2013 08:41:26.19][181.185.243.193][1405] SELECT c_asigna FROM dace004 WHERE exp_e='10-23502733' AND c_asigna='355570' AND status IN ('0','3','B') [1][0] OK
C:[03/12/2013 08:41:26.19][181.185.243.193][1392] SELECT pre_cod_asig1,pre_cod_asig2,pre_cod_asig3,pre_cod_asig4,pre_cod_asig5,pre_cod_asig6,pre_cod_asig7 FROM tblaca009 WHERE pensum='5' AND c_uni_ca='5' AND c_asigna='355595' [1][0] OK
C:[03/12/2013 08:41:26.19][181.185.243.193][1405] SELECT c_asigna FROM dace004 WHERE exp_e='10-23502733' AND c_asigna='351451' AND status IN ('0','3','B') [1][0] OK
C:[03/12/2013 08:41:26.19][181.185.243.193][1405] SELECT c_asigna FROM dace004 WHERE exp_e='10-23502733' AND c_asigna='355350' AND status IN ('0','3','B') [1][0] OK
C:[03/12/2013 08:41:26.19][181.185.243.193][1405] SELECT c_asigna FROM dace004 WHERE exp_e='10-23502733' AND c_asigna='300318' AND status IN ('0','3','B') [1][0] OK
C:[03/12/2013 08:41:26.19][181.185.243.193][1392] SELECT pre_cod_asig1,pre_cod_asig2,pre_cod_asig3,pre_cod_asig4,pre_cod_asig5,pre_cod_asig6,pre_cod_asig7 FROM tblaca009 WHERE pensum='5' AND c_uni_ca='5' AND c_asigna='355693' [1][0] OK
C:[03/12/2013 08:41:26.19][181.185.243.193][1405] SELECT c_asigna FROM dace004 WHERE exp_e='10-23502733' AND c_asigna='355572' AND status IN ('0','3','B') [1][0] OK
C:[03/12/2013 08:41:26.19][181.185.243.193][1405] SELECT c_asigna FROM dace004 WHERE exp_e='10-23502733' AND c_asigna='352440' AND status IN ('0','3','B') [1][0] OK
C:[03/12/2013 08:41:26.19][181.185.243.193][1405] SELECT c_asigna FROM dace004 WHERE exp_e='10-23502733' AND c_asigna='355573' AND status IN ('0','3','B') [1][0] OK
C:[03/12/2013 08:41:26.19][181.185.243.193][1405] SELECT c_asigna FROM dace004 WHERE exp_e='10-23502733' AND c_asigna='300226' AND status IN ('0','3','B') [1][0] OK
C:[03/12/2013 08:41:26.19][181.185.243.193][1405] SELECT c_asigna FROM dace004 WHERE exp_e='10-23502733' AND c_asigna='300222' AND status IN ('0','3','B') [1][0] OK
C:[03/12/2013 08:41:26.19][181.185.243.193][1405] SELECT c_asigna FROM dace004 WHERE exp_e='10-23502733' AND c_asigna='300013' AND status IN ('0','3','B') [1][0] OK
C:[03/12/2013 08:41:26.19][181.185.243.193][1405] SELECT c_asigna FROM dace004 WHERE exp_e='10-23502733' AND c_asigna='300113' AND status IN ('0','3','B') [1][0] OK
C:[03/12/2013 08:41:26.19][181.185.243.193][1392] SELECT pre_cod_asig1,pre_cod_asig2,pre_cod_asig3,pre_cod_asig4,pre_cod_asig5,pre_cod_asig6,pre_cod_asig7 FROM tblaca009 WHERE pensum='5' AND c_uni_ca='5' AND c_asigna='355691' [1][0] OK
C:[03/12/2013 08:41:26.19][181.185.243.193][1405] SELECT c_asigna FROM dace004 WHERE exp_e='10-23502733' AND c_asigna='355571' AND status IN ('0','3','B') [1][0] OK
C:[03/12/2013 08:41:26.19][181.185.243.193][1392] SELECT pre_cod_asig1,pre_cod_asig2,pre_cod_asig3,pre_cod_asig4,pre_cod_asig5,pre_cod_asig6,pre_cod_asig7 FROM tblaca009 WHERE pensum='5' AND c_uni_ca='5' AND c_asigna='355696' [1][0] OK
C:[03/12/2013 08:41:26.19][181.185.243.193][1405] SELECT c_asigna FROM dace004 WHERE exp_e='10-23502733' AND c_asigna='355570' AND status IN ('0','3','B') [1][0] OK
C:[03/12/2013 08:41:26.19][181.185.243.193][1405] SELECT c_asigna FROM dace004 WHERE exp_e='10-23502733' AND c_asigna='355571' AND status IN ('0','3','B') [1][0] OK
C:[03/12/2013 08:41:27.38][181.185.243.193][1436] SELECT par_cod_asig1,par_cod_asig2,par_cod_asig3 FROM tblaca009 WHERE pensum='5' AND c_uni_ca='5' AND c_asigna='355692' [1][0] OK
C:[03/12/2013 08:41:27.38][181.185.243.193][1436] SELECT par_cod_asig1,par_cod_asig2,par_cod_asig3 FROM tblaca009 WHERE pensum='5' AND c_uni_ca='5' AND c_asigna='355595' [1][0] OK
C:[03/12/2013 08:41:27.38][181.185.243.193][1436] SELECT par_cod_asig1,par_cod_asig2,par_cod_asig3 FROM tblaca009 WHERE pensum='5' AND c_uni_ca='5' AND c_asigna='355693' [1][0] OK
C:[03/12/2013 08:41:27.38][181.185.243.193][1436] SELECT par_cod_asig1,par_cod_asig2,par_cod_asig3 FROM tblaca009 WHERE pensum='5' AND c_uni_ca='5' AND c_asigna='355691' [1][0] OK
C:[03/12/2013 08:41:27.38][181.185.243.193][1436] SELECT par_cod_asig1,par_cod_asig2,par_cod_asig3 FROM tblaca009 WHERE pensum='5' AND c_uni_ca='5' AND c_asigna='355696' [1][0] OK
C:[03/12/2013 08:41:27.01][181.185.243.193][1566] SELECT horas_lab FROM tblaca008 WHERE c_asigna='355692' AND horas_teoricas > 0 [1][0] OK
C:[03/12/2013 08:41:27.13][181.185.243.193][1600] SELECT sum(u_creditos*1) FROM dace006 a, tblaca009 b WHERE a.exp_e='10-23502733' AND a.lapso='2013-2' AND b.pensum='5' AND b.c_uni_ca='5' AND status IN ('7','A','2') AND a.c_asigna=b.c_asigna  [1][0] OK
C:[03/12/2013 08:41:27.06][181.185.243.193][1619] SELECT sum(u_creditos*1) FROM dace006 a, tblaca009 b WHERE a.exp_e='10-23502733' AND a.lapso='2013-2' AND b.pensum='5' AND b.c_uni_ca='5' AND status IN ('7','A','2') AND a.c_asigna=b.c_asigna AND a.c_asigna IN ('355595','355693','355691','355696') [1][0] OK
C:[03/12/2013 08:41:27.00][181.185.243.193][1635] SELECT MAX(semestre) FROM dace006 a, tblaca009 b WHERE a.exp_e='10-23502733' AND a.lapso='2013-2' AND b.pensum='5' AND b.c_uni_ca='5' AND status IN ('7','A','2') AND a.c_asigna=b.c_asigna  [1][0] OK
C:[03/12/2013 08:41:27.96][181.185.243.193][1655] SELECT MIN(semestre) FROM dace006 a, tblaca009 b WHERE a.exp_e='10-23502733' AND a.lapso='2013-2' AND b.pensum='5' AND b.c_uni_ca='5' AND status IN ('7','A','2') AND a.c_asigna=b.c_asigna AND a.c_asigna IN ('355692') [1][0] OK
C:[03/12/2013 14:36:20.32][201.248.68.101][1392] SELECT pre_cod_asig1,pre_cod_asig2,pre_cod_asig3,pre_cod_asig4,pre_cod_asig5,pre_cod_asig6,pre_cod_asig7 FROM tblaca009 WHERE pensum='5' AND c_uni_ca='3' AND c_asigna='300676' [1][0] OK
C:[03/12/2013 14:36:20.32][201.248.68.101][1392] SELECT pre_cod_asig1,pre_cod_asig2,pre_cod_asig3,pre_cod_asig4,pre_cod_asig5,pre_cod_asig6,pre_cod_asig7 FROM tblaca009 WHERE pensum='5' AND c_uni_ca='3' AND c_asigna='311551' [1][0] OK
C:[03/12/2013 14:36:20.32][201.248.68.101][1405] SELECT c_asigna FROM dace004 WHERE exp_e='10-20507917' AND c_asigna='311430' AND status IN ('0','3','B') [1][0] OK
C:[03/12/2013 14:36:20.32][201.248.68.101][1405] SELECT c_asigna FROM dace004 WHERE exp_e='10-20507917' AND c_asigna='311431' AND status IN ('0','3','B') [1][0] OK
C:[03/12/2013 14:36:20.32][201.248.68.101][1405] SELECT c_asigna FROM dace004 WHERE exp_e='10-20507917' AND c_asigna='300222' AND status IN ('0','3','B') [1][0] OK
C:[03/12/2013 14:36:20.32][201.248.68.101][1405] SELECT c_asigna FROM dace004 WHERE exp_e='10-20507917' AND c_asigna='300226' AND status IN ('0','3','B') [1][0] OK
C:[03/12/2013 14:36:20.32][201.248.68.101][1405] SELECT c_asigna FROM dace004 WHERE exp_e='10-20507917' AND c_asigna='300209' AND status IN ('0','3','B') [1][0] OK
C:[03/12/2013 14:36:20.32][201.248.68.101][1405] SELECT c_asigna FROM dace004 WHERE exp_e='10-20507917' AND c_asigna='311320' AND status IN ('0','3','B') [1][0] OK
C:[03/12/2013 14:36:20.32][201.248.68.101][1392] SELECT pre_cod_asig1,pre_cod_asig2,pre_cod_asig3,pre_cod_asig4,pre_cod_asig5,pre_cod_asig6,pre_cod_asig7 FROM tblaca009 WHERE pensum='5' AND c_uni_ca='3' AND c_asigna='311556' [1][0] OK
C:[03/12/2013 14:36:20.32][201.248.68.101][1405] SELECT c_asigna FROM dace004 WHERE exp_e='10-20507917' AND c_asigna='311434' AND status IN ('0','3','B') [1][0] OK
C:[03/12/2013 14:36:20.32][201.248.68.101][1405] SELECT c_asigna FROM dace004 WHERE exp_e='10-20507917' AND c_asigna='311430' AND status IN ('0','3','B') [1][0] OK
C:[03/12/2013 14:36:20.32][201.248.68.101][1405] SELECT c_asigna FROM dace004 WHERE exp_e='10-20507917' AND c_asigna='300222' AND status IN ('0','3','B') [1][0] OK
C:[03/12/2013 14:36:20.32][201.248.68.101][1405] SELECT c_asigna FROM dace004 WHERE exp_e='10-20507917' AND c_asigna='300226' AND status IN ('0','3','B') [1][0] OK
C:[03/12/2013 14:36:20.32][201.248.68.101][1405] SELECT c_asigna FROM dace004 WHERE exp_e='10-20507917' AND c_asigna='300209' AND status IN ('0','3','B') [1][0] OK
C:[03/12/2013 14:36:20.32][201.248.68.101][1392] SELECT pre_cod_asig1,pre_cod_asig2,pre_cod_asig3,pre_cod_asig4,pre_cod_asig5,pre_cod_asig6,pre_cod_asig7 FROM tblaca009 WHERE pensum='5' AND c_uni_ca='3' AND c_asigna='314662' [1][0] OK
C:[03/12/2013 14:36:20.32][201.248.68.101][1405] SELECT c_asigna FROM dace004 WHERE exp_e='10-20507917' AND c_asigna='311552' AND status IN ('0','3','B') [1][0] OK
C:[03/12/2013 14:36:20.32][201.248.68.101][1392] SELECT pre_cod_asig1,pre_cod_asig2,pre_cod_asig3,pre_cod_asig4,pre_cod_asig5,pre_cod_asig6,pre_cod_asig7 FROM tblaca009 WHERE pensum='5' AND c_uni_ca='3' AND c_asigna='315552' [1][0] OK
C:[03/12/2013 14:36:20.32][201.248.68.101][1405] SELECT c_asigna FROM dace004 WHERE exp_e='10-20507917' AND c_asigna='311430' AND status IN ('0','3','B') [1][0] OK
C:[03/12/2013 14:36:20.32][201.248.68.101][1405] SELECT c_asigna FROM dace004 WHERE exp_e='10-20507917' AND c_asigna='300222' AND status IN ('0','3','B') [1][0] OK
C:[03/12/2013 14:36:20.32][201.248.68.101][1405] SELECT c_asigna FROM dace004 WHERE exp_e='10-20507917' AND c_asigna='300226' AND status IN ('0','3','B') [1][0] OK
C:[03/12/2013 14:36:20.32][201.248.68.101][1405] SELECT c_asigna FROM dace004 WHERE exp_e='10-20507917' AND c_asigna='300209' AND status IN ('0','3','B') [1][0] OK
C:[03/12/2013 14:36:20.32][201.248.68.101][1392] SELECT pre_cod_asig1,pre_cod_asig2,pre_cod_asig3,pre_cod_asig4,pre_cod_asig5,pre_cod_asig6,pre_cod_asig7 FROM tblaca009 WHERE pensum='5' AND c_uni_ca='3' AND c_asigna='312444' [1][0] OK
C:[03/12/2013 14:36:20.32][201.248.68.101][1405] SELECT c_asigna FROM dace004 WHERE exp_e='10-20507917' AND c_asigna='312333' AND status IN ('0','3','B') [1][0] OK
C:[03/12/2013 14:36:21.78][201.248.68.101][1436] SELECT par_cod_asig1,par_cod_asig2,par_cod_asig3 FROM tblaca009 WHERE pensum='5' AND c_uni_ca='3' AND c_asigna='300676' [1][0] OK
C:[03/12/2013 14:36:21.78][201.248.68.101][1436] SELECT par_cod_asig1,par_cod_asig2,par_cod_asig3 FROM tblaca009 WHERE pensum='5' AND c_uni_ca='3' AND c_asigna='311551' [1][0] OK
C:[03/12/2013 14:36:21.78][201.248.68.101][1436] SELECT par_cod_asig1,par_cod_asig2,par_cod_asig3 FROM tblaca009 WHERE pensum='5' AND c_uni_ca='3' AND c_asigna='311556' [1][0] OK
C:[03/12/2013 14:36:21.78][201.248.68.101][1450] SELECT c_asigna FROM dace004 WHERE exp_e='10-20507917' AND c_asigna='311551' AND status IN ('0','3','B','C') [0][0] OK
C:[03/12/2013 14:36:21.78][201.248.68.101][1436] SELECT par_cod_asig1,par_cod_asig2,par_cod_asig3 FROM tblaca009 WHERE pensum='5' AND c_uni_ca='3' AND c_asigna='314662' [1][0] OK
C:[03/12/2013 14:36:21.78][201.248.68.101][1436] SELECT par_cod_asig1,par_cod_asig2,par_cod_asig3 FROM tblaca009 WHERE pensum='5' AND c_uni_ca='3' AND c_asigna='315552' [1][0] OK
C:[03/12/2013 14:36:21.78][201.248.68.101][1436] SELECT par_cod_asig1,par_cod_asig2,par_cod_asig3 FROM tblaca009 WHERE pensum='5' AND c_uni_ca='3' AND c_asigna='312444' [1][0] OK
C:[03/12/2013 14:36:21.65][201.248.68.101][1566] SELECT horas_lab FROM tblaca008 WHERE c_asigna='300676' AND horas_teoricas > 0 [1][0] OK
C:[03/12/2013 14:36:21.76][201.248.68.101][1600] SELECT sum(u_creditos*1) FROM dace006 a, tblaca009 b WHERE a.exp_e='10-20507917' AND a.lapso='2013-2' AND b.pensum='5' AND b.c_uni_ca='3' AND status IN ('7','A','2') AND a.c_asigna=b.c_asigna  [1][0] OK
C:[03/12/2013 14:36:21.70][201.248.68.101][1619] SELECT sum(u_creditos*1) FROM dace006 a, tblaca009 b WHERE a.exp_e='10-20507917' AND a.lapso='2013-2' AND b.pensum='5' AND b.c_uni_ca='3' AND status IN ('7','A','2') AND a.c_asigna=b.c_asigna AND a.c_asigna IN ('311551','311556','314662','315552','312444') [1][0] OK
C:[03/12/2013 14:36:21.63][201.248.68.101][1635] SELECT MAX(semestre) FROM dace006 a, tblaca009 b WHERE a.exp_e='10-20507917' AND a.lapso='2013-2' AND b.pensum='5' AND b.c_uni_ca='3' AND status IN ('7','A','2') AND a.c_asigna=b.c_asigna  [1][0] OK
C:[03/12/2013 14:36:21.57][201.248.68.101][1655] SELECT MIN(semestre) FROM dace006 a, tblaca009 b WHERE a.exp_e='10-20507917' AND a.lapso='2013-2' AND b.pensum='5' AND b.c_uni_ca='3' AND status IN ('7','A','2') AND a.c_asigna=b.c_asigna AND a.c_asigna IN ('300676') [1][0] OK
C:[03/12/2013 16:49:29.67][172.16.4.247][1392] SELECT pre_cod_asig1,pre_cod_asig2,pre_cod_asig3,pre_cod_asig4,pre_cod_asig5,pre_cod_asig6,pre_cod_asig7 FROM tblaca009 WHERE pensum='5' AND c_uni_ca='2' AND c_asigna='320323' [1][0] OK
C:[03/12/2013 16:49:29.67][172.16.4.247][1405] SELECT c_asigna FROM dace004 WHERE exp_e='10-21338475' AND c_asigna='300228' AND status IN ('0','3','B') [1][0] OK
C:[03/12/2013 16:49:29.67][172.16.4.247][1405] SELECT c_asigna FROM dace004 WHERE exp_e='10-21338475' AND c_asigna='300218' AND status IN ('0','3','B') [1][0] OK
C:[03/12/2013 16:49:29.67][172.16.4.247][1392] SELECT pre_cod_asig1,pre_cod_asig2,pre_cod_asig3,pre_cod_asig4,pre_cod_asig5,pre_cod_asig6,pre_cod_asig7 FROM tblaca009 WHERE pensum='5' AND c_uni_ca='2' AND c_asigna='322449' [1][0] OK
C:[03/12/2013 16:49:29.67][172.16.4.247][1405] SELECT c_asigna FROM dace004 WHERE exp_e='10-21338475' AND c_asigna='300222' AND status IN ('0','3','B') [1][0] OK
C:[03/12/2013 16:49:29.67][172.16.4.247][1392] SELECT pre_cod_asig1,pre_cod_asig2,pre_cod_asig3,pre_cod_asig4,pre_cod_asig5,pre_cod_asig6,pre_cod_asig7 FROM tblaca009 WHERE pensum='5' AND c_uni_ca='2' AND c_asigna='300313' [1][0] OK
C:[03/12/2013 16:49:29.67][172.16.4.247][1405] SELECT c_asigna FROM dace004 WHERE exp_e='10-21338475' AND c_asigna='300213' AND status IN ('0','3','B') [1][0] OK
C:[03/12/2013 16:49:29.67][172.16.4.247][1405] SELECT c_asigna FROM dace004 WHERE exp_e='10-21338475' AND c_asigna='300226' AND status IN ('0','3','B') [1][0] OK
C:[03/12/2013 16:49:29.67][172.16.4.247][1405] SELECT c_asigna FROM dace004 WHERE exp_e='10-21338475' AND c_asigna='300209' AND status IN ('0','3','B') [1][0] OK
C:[03/12/2013 16:49:29.67][172.16.4.247][1392] SELECT pre_cod_asig1,pre_cod_asig2,pre_cod_asig3,pre_cod_asig4,pre_cod_asig5,pre_cod_asig6,pre_cod_asig7 FROM tblaca009 WHERE pensum='5' AND c_uni_ca='2' AND c_asigna='322436' [1][0] OK
C:[03/12/2013 16:49:29.67][172.16.4.247][1405] SELECT c_asigna FROM dace004 WHERE exp_e='10-21338475' AND c_asigna='300317' AND status IN ('0','3','B') [1][0] OK
C:[03/12/2013 16:49:29.67][172.16.4.247][1405] SELECT c_asigna FROM dace004 WHERE exp_e='10-21338475' AND c_asigna='320311' AND status IN ('0','3','B') [1][0] OK
C:[03/12/2013 16:49:29.67][172.16.4.247][1392] SELECT pre_cod_asig1,pre_cod_asig2,pre_cod_asig3,pre_cod_asig4,pre_cod_asig5,pre_cod_asig6,pre_cod_asig7 FROM tblaca009 WHERE pensum='5' AND c_uni_ca='2' AND c_asigna='300318' [1][0] OK
C:[03/12/2013 16:49:29.67][172.16.4.247][1405] SELECT c_asigna FROM dace004 WHERE exp_e='10-21338475' AND c_asigna='300228' AND status IN ('0','3','B') [1][0] OK
C:[03/12/2013 16:49:29.67][172.16.4.247][1405] SELECT c_asigna FROM dace004 WHERE exp_e='10-21338475' AND c_asigna='300207' AND status IN ('0','3','B') [1][0] OK
C:[03/12/2013 16:49:29.67][172.16.4.247][1405] SELECT c_asigna FROM dace004 WHERE exp_e='10-21338475' AND c_asigna='300218' AND status IN ('0','3','B') [1][0] OK
C:[03/12/2013 16:49:29.23][172.16.4.247][1436] SELECT par_cod_asig1,par_cod_asig2,par_cod_asig3 FROM tblaca009 WHERE pensum='5' AND c_uni_ca='2' AND c_asigna='320323' [1][0] OK
C:[03/12/2013 16:49:29.23][172.16.4.247][1436] SELECT par_cod_asig1,par_cod_asig2,par_cod_asig3 FROM tblaca009 WHERE pensum='5' AND c_uni_ca='2' AND c_asigna='322449' [1][0] OK
C:[03/12/2013 16:49:29.23][172.16.4.247][1436] SELECT par_cod_asig1,par_cod_asig2,par_cod_asig3 FROM tblaca009 WHERE pensum='5' AND c_uni_ca='2' AND c_asigna='300313' [1][0] OK
C:[03/12/2013 16:49:29.23][172.16.4.247][1436] SELECT par_cod_asig1,par_cod_asig2,par_cod_asig3 FROM tblaca009 WHERE pensum='5' AND c_uni_ca='2' AND c_asigna='322436' [1][0] OK
C:[03/12/2013 16:49:29.23][172.16.4.247][1436] SELECT par_cod_asig1,par_cod_asig2,par_cod_asig3 FROM tblaca009 WHERE pensum='5' AND c_uni_ca='2' AND c_asigna='300318' [1][0] OK
C:[03/12/2013 16:49:29.88][172.16.4.247][1566] SELECT horas_lab FROM tblaca008 WHERE c_asigna='320323' AND horas_teoricas > 0 [1][0] OK
C:[03/12/2013 16:49:29.98][172.16.4.247][1600] SELECT sum(u_creditos*1) FROM dace006 a, tblaca009 b WHERE a.exp_e='10-21338475' AND a.lapso='2013-2' AND b.pensum='5' AND b.c_uni_ca='2' AND status IN ('7','A','2') AND a.c_asigna=b.c_asigna  [1][0] OK
C:[03/12/2013 16:49:29.49][172.16.4.247][1619] SELECT sum(u_creditos*1) FROM dace006 a, tblaca009 b WHERE a.exp_e='10-21338475' AND a.lapso='2013-2' AND b.pensum='5' AND b.c_uni_ca='2' AND status IN ('7','A','2') AND a.c_asigna=b.c_asigna AND a.c_asigna IN ('322449','300313','322436','300318') [1][0] OK
C:[03/12/2013 16:49:30.98][172.16.4.247][1635] SELECT MAX(semestre) FROM dace006 a, tblaca009 b WHERE a.exp_e='10-21338475' AND a.lapso='2013-2' AND b.pensum='5' AND b.c_uni_ca='2' AND status IN ('7','A','2') AND a.c_asigna=b.c_asigna  [1][0] OK
C:[03/12/2013 16:49:30.48][172.16.4.247][1655] SELECT MIN(semestre) FROM dace006 a, tblaca009 b WHERE a.exp_e='10-21338475' AND a.lapso='2013-2' AND b.pensum='5' AND b.c_uni_ca='2' AND status IN ('7','A','2') AND a.c_asigna=b.c_asigna AND a.c_asigna IN ('320323') [1][0] OK
C:[03/12/2013 17:37:07.07][190.77.255.172][1392] SELECT pre_cod_asig1,pre_cod_asig2,pre_cod_asig3,pre_cod_asig4,pre_cod_asig5,pre_cod_asig6,pre_cod_asig7 FROM tblaca009 WHERE pensum='5' AND c_uni_ca='2' AND c_asigna='311561' [1][0] OK
C:[03/12/2013 17:37:07.07][190.77.255.172][1405] SELECT c_asigna FROM dace004 WHERE exp_e='08-19730104' AND c_asigna='300318' AND status IN ('0','3','B') [1][0] OK
C:[03/12/2013 17:37:07.07][190.77.255.172][1392] SELECT pre_cod_asig1,pre_cod_asig2,pre_cod_asig3,pre_cod_asig4,pre_cod_asig5,pre_cod_asig6,pre_cod_asig7 FROM tblaca009 WHERE pensum='5' AND c_uni_ca='2' AND c_asigna='300422' [1][0] OK
C:[03/12/2013 17:37:07.07][190.77.255.172][1405] SELECT c_asigna FROM dace004 WHERE exp_e='08-19730104' AND c_asigna='300105' AND status IN ('0','3','B') [1][0] OK
C:[03/12/2013 17:37:07.07][190.77.255.172][1405] SELECT c_asigna FROM dace004 WHERE exp_e='08-19730104' AND c_asigna='300314' AND status IN ('0','3','B') [1][0] OK
C:[03/12/2013 17:37:07.07][190.77.255.172][1392] SELECT pre_cod_asig1,pre_cod_asig2,pre_cod_asig3,pre_cod_asig4,pre_cod_asig5,pre_cod_asig6,pre_cod_asig7 FROM tblaca009 WHERE pensum='5' AND c_uni_ca='2' AND c_asigna='320437' [1][0] OK
C:[03/12/2013 17:37:07.07][190.77.255.172][1405] SELECT c_asigna FROM dace004 WHERE exp_e='08-19730104' AND c_asigna='300317' AND status IN ('0','3','B') [1][0] OK
C:[03/12/2013 17:37:07.07][190.77.255.172][1405] SELECT c_asigna FROM dace004 WHERE exp_e='08-19730104' AND c_asigna='300313' AND status IN ('0','3','B') [1][0] OK
C:[03/12/2013 17:37:07.07][190.77.255.172][1405] SELECT c_asigna FROM dace004 WHERE exp_e='08-19730104' AND c_asigna='300209' AND status IN ('0','3','B') [1][0] OK
C:[03/12/2013 17:37:07.07][190.77.255.172][1405] SELECT c_asigna FROM dace004 WHERE exp_e='08-19730104' AND c_asigna='300226' AND status IN ('0','3','B') [1][0] OK
C:[03/12/2013 17:37:07.07][190.77.255.172][1392] SELECT pre_cod_asig1,pre_cod_asig2,pre_cod_asig3,pre_cod_asig4,pre_cod_asig5,pre_cod_asig6,pre_cod_asig7 FROM tblaca009 WHERE pensum='5' AND c_uni_ca='2' AND c_asigna='300428' [1][0] OK
C:[03/12/2013 17:37:07.07][190.77.255.172][1405] SELECT c_asigna FROM dace004 WHERE exp_e='08-19730104' AND c_asigna='300317' AND status IN ('0','3','B') [1][0] OK
C:[03/12/2013 17:37:07.07][190.77.255.172][1405] SELECT c_asigna FROM dace004 WHERE exp_e='08-19730104' AND c_asigna='300209' AND status IN ('0','3','B') [1][0] OK
C:[03/12/2013 17:37:07.07][190.77.255.172][1392] SELECT pre_cod_asig1,pre_cod_asig2,pre_cod_asig3,pre_cod_asig4,pre_cod_asig5,pre_cod_asig6,pre_cod_asig7 FROM tblaca009 WHERE pensum='5' AND c_uni_ca='2' AND c_asigna='322436' [1][0] OK
C:[03/12/2013 17:37:07.07][190.77.255.172][1405] SELECT c_asigna FROM dace004 WHERE exp_e='08-19730104' AND c_asigna='300317' AND status IN ('0','3','B') [1][0] OK
C:[03/12/2013 17:37:07.07][190.77.255.172][1405] SELECT c_asigna FROM dace004 WHERE exp_e='08-19730104' AND c_asigna='320311' AND status IN ('0','3','B') [1][0] OK
C:[03/12/2013 17:37:07.63][190.77.255.172][1436] SELECT par_cod_asig1,par_cod_asig2,par_cod_asig3 FROM tblaca009 WHERE pensum='5' AND c_uni_ca='2' AND c_asigna='311561' [1][0] OK
C:[03/12/2013 17:37:07.63][190.77.255.172][1436] SELECT par_cod_asig1,par_cod_asig2,par_cod_asig3 FROM tblaca009 WHERE pensum='5' AND c_uni_ca='2' AND c_asigna='300422' [1][0] OK
C:[03/12/2013 17:37:07.63][190.77.255.172][1436] SELECT par_cod_asig1,par_cod_asig2,par_cod_asig3 FROM tblaca009 WHERE pensum='5' AND c_uni_ca='2' AND c_asigna='320437' [1][0] OK
C:[03/12/2013 17:37:07.63][190.77.255.172][1436] SELECT par_cod_asig1,par_cod_asig2,par_cod_asig3 FROM tblaca009 WHERE pensum='5' AND c_uni_ca='2' AND c_asigna='300428' [1][0] OK
C:[03/12/2013 17:37:07.63][190.77.255.172][1436] SELECT par_cod_asig1,par_cod_asig2,par_cod_asig3 FROM tblaca009 WHERE pensum='5' AND c_uni_ca='2' AND c_asigna='322436' [1][0] OK
C:[03/12/2013 17:37:08.27][190.77.255.172][1566] SELECT horas_lab FROM tblaca008 WHERE c_asigna='311561' AND horas_teoricas > 0 [1][0] OK
C:[03/12/2013 17:37:08.38][190.77.255.172][1600] SELECT sum(u_creditos*1) FROM dace006 a, tblaca009 b WHERE a.exp_e='08-19730104' AND a.lapso='2013-2' AND b.pensum='5' AND b.c_uni_ca='2' AND status IN ('7','A','2') AND a.c_asigna=b.c_asigna  [1][0] OK
C:[03/12/2013 17:37:08.33][190.77.255.172][1619] SELECT sum(u_creditos*1) FROM dace006 a, tblaca009 b WHERE a.exp_e='08-19730104' AND a.lapso='2013-2' AND b.pensum='5' AND b.c_uni_ca='2' AND status IN ('7','A','2') AND a.c_asigna=b.c_asigna AND a.c_asigna IN ('300422','320437','300428','322436') [1][0] OK
C:[03/12/2013 17:37:08.26][190.77.255.172][1635] SELECT MAX(semestre) FROM dace006 a, tblaca009 b WHERE a.exp_e='08-19730104' AND a.lapso='2013-2' AND b.pensum='5' AND b.c_uni_ca='2' AND status IN ('7','A','2') AND a.c_asigna=b.c_asigna  [1][0] OK
C:[03/12/2013 17:37:08.20][190.77.255.172][1655] SELECT MIN(semestre) FROM dace006 a, tblaca009 b WHERE a.exp_e='08-19730104' AND a.lapso='2013-2' AND b.pensum='5' AND b.c_uni_ca='2' AND status IN ('7','A','2') AND a.c_asigna=b.c_asigna AND a.c_asigna IN ('311561') [1][0] OK
C:[03/12/2013 17:38:39.98][190.73.128.113][1392] SELECT pre_cod_asig1,pre_cod_asig2,pre_cod_asig3,pre_cod_asig4,pre_cod_asig5,pre_cod_asig6,pre_cod_asig7 FROM tblaca009 WHERE pensum='5' AND c_uni_ca='3' AND c_asigna='300676' [1][0] OK
C:[03/12/2013 17:38:39.98][190.73.128.113][1392] SELECT pre_cod_asig1,pre_cod_asig2,pre_cod_asig3,pre_cod_asig4,pre_cod_asig5,pre_cod_asig6,pre_cod_asig7 FROM tblaca009 WHERE pensum='5' AND c_uni_ca='3' AND c_asigna='311673' [1][0] OK
C:[03/12/2013 17:38:39.98][190.73.128.113][1405] SELECT c_asigna FROM dace004 WHERE exp_e='10-22817787' AND c_asigna='311551' AND status IN ('0','3','B') [1][0] OK
C:[03/12/2013 17:38:39.98][190.73.128.113][1405] SELECT c_asigna FROM dace004 WHERE exp_e='10-22817787' AND c_asigna='311554' AND status IN ('0','3','B') [1][0] OK
C:[03/12/2013 17:38:39.98][190.73.128.113][1405] SELECT c_asigna FROM dace004 WHERE exp_e='10-22817787' AND c_asigna='311320' AND status IN ('0','3','B') [1][0] OK
C:[03/12/2013 17:38:39.98][190.73.128.113][1392] SELECT pre_cod_asig1,pre_cod_asig2,pre_cod_asig3,pre_cod_asig4,pre_cod_asig5,pre_cod_asig6,pre_cod_asig7 FROM tblaca009 WHERE pensum='5' AND c_uni_ca='3' AND c_asigna='311655' [1][0] OK
C:[03/12/2013 17:38:39.98][190.73.128.113][1405] SELECT c_asigna FROM dace004 WHERE exp_e='10-22817787' AND c_asigna='311556' AND status IN ('0','3','B') [1][0] OK
C:[03/12/2013 17:38:39.98][190.73.128.113][1392] SELECT pre_cod_asig1,pre_cod_asig2,pre_cod_asig3,pre_cod_asig4,pre_cod_asig5,pre_cod_asig6,pre_cod_asig7 FROM tblaca009 WHERE pensum='5' AND c_uni_ca='3' AND c_asigna='300422' [1][0] OK
C:[03/12/2013 17:38:39.98][190.73.128.113][1405] SELECT c_asigna FROM dace004 WHERE exp_e='10-22817787' AND c_asigna='300105' AND status IN ('0','3','B') [1][0] OK
C:[03/12/2013 17:38:39.98][190.73.128.113][1405] SELECT c_asigna FROM dace004 WHERE exp_e='10-22817787' AND c_asigna='300314' AND status IN ('0','3','B') [1][0] OK
C:[03/12/2013 17:38:39.98][190.73.128.113][1392] SELECT pre_cod_asig1,pre_cod_asig2,pre_cod_asig3,pre_cod_asig4,pre_cod_asig5,pre_cod_asig6,pre_cod_asig7 FROM tblaca009 WHERE pensum='5' AND c_uni_ca='3' AND c_asigna='312444' [1][0] OK
C:[03/12/2013 17:38:39.98][190.73.128.113][1405] SELECT c_asigna FROM dace004 WHERE exp_e='10-22817787' AND c_asigna='312333' AND status IN ('0','3','B') [1][0] OK
C:[03/12/2013 17:38:39.98][190.73.128.113][1392] SELECT pre_cod_asig1,pre_cod_asig2,pre_cod_asig3,pre_cod_asig4,pre_cod_asig5,pre_cod_asig6,pre_cod_asig7 FROM tblaca009 WHERE pensum='5' AND c_uni_ca='3' AND c_asigna='315552' [1][0] OK
C:[03/12/2013 17:38:39.98][190.73.128.113][1405] SELECT c_asigna FROM dace004 WHERE exp_e='10-22817787' AND c_asigna='311430' AND status IN ('0','3','B') [1][0] OK
C:[03/12/2013 17:38:39.98][190.73.128.113][1405] SELECT c_asigna FROM dace004 WHERE exp_e='10-22817787' AND c_asigna='300222' AND status IN ('0','3','B') [1][0] OK
C:[03/12/2013 17:38:39.98][190.73.128.113][1405] SELECT c_asigna FROM dace004 WHERE exp_e='10-22817787' AND c_asigna='300226' AND status IN ('0','3','B') [1][0] OK
C:[03/12/2013 17:38:39.98][190.73.128.113][1405] SELECT c_asigna FROM dace004 WHERE exp_e='10-22817787' AND c_asigna='300209' AND status IN ('0','3','B') [1][0] OK
C:[03/12/2013 17:38:39.98][190.73.128.113][1392] SELECT pre_cod_asig1,pre_cod_asig2,pre_cod_asig3,pre_cod_asig4,pre_cod_asig5,pre_cod_asig6,pre_cod_asig7 FROM tblaca009 WHERE pensum='5' AND c_uni_ca='3' AND c_asigna='311674' [1][0] OK
C:[03/12/2013 17:38:39.98][190.73.128.113][1405] SELECT c_asigna FROM dace004 WHERE exp_e='10-22817787' AND c_asigna='310548' AND status IN ('0','3','B') [1][0] OK
C:[03/12/2013 17:38:39.98][190.73.128.113][1405] SELECT c_asigna FROM dace004 WHERE exp_e='10-22817787' AND c_asigna='311551' AND status IN ('0','3','B') [1][0] OK
C:[03/12/2013 17:38:39.98][190.73.128.113][1405] SELECT c_asigna FROM dace004 WHERE exp_e='10-22817787' AND c_asigna='311320' AND status IN ('0','3','B') [1][0] OK
C:[03/12/2013 17:38:39.98][190.73.128.113][1392] SELECT pre_cod_asig1,pre_cod_asig2,pre_cod_asig3,pre_cod_asig4,pre_cod_asig5,pre_cod_asig6,pre_cod_asig7 FROM tblaca009 WHERE pensum='5' AND c_uni_ca='3' AND c_asigna='314787' [1][0] OK
C:[03/12/2013 17:38:39.98][190.73.128.113][1405] SELECT c_asigna FROM dace004 WHERE exp_e='10-22817787' AND c_asigna='314662' AND status IN ('0','3','B') [1][0] OK
C:[03/12/2013 17:38:40.42][190.73.128.113][1436] SELECT par_cod_asig1,par_cod_asig2,par_cod_asig3 FROM tblaca009 WHERE pensum='5' AND c_uni_ca='3' AND c_asigna='300676' [1][0] OK
C:[03/12/2013 17:38:40.42][190.73.128.113][1436] SELECT par_cod_asig1,par_cod_asig2,par_cod_asig3 FROM tblaca009 WHERE pensum='5' AND c_uni_ca='3' AND c_asigna='311673' [1][0] OK
C:[03/12/2013 17:38:40.42][190.73.128.113][1436] SELECT par_cod_asig1,par_cod_asig2,par_cod_asig3 FROM tblaca009 WHERE pensum='5' AND c_uni_ca='3' AND c_asigna='311655' [1][0] OK
C:[03/12/2013 17:38:40.42][190.73.128.113][1436] SELECT par_cod_asig1,par_cod_asig2,par_cod_asig3 FROM tblaca009 WHERE pensum='5' AND c_uni_ca='3' AND c_asigna='300422' [1][0] OK
C:[03/12/2013 17:38:40.42][190.73.128.113][1436] SELECT par_cod_asig1,par_cod_asig2,par_cod_asig3 FROM tblaca009 WHERE pensum='5' AND c_uni_ca='3' AND c_asigna='312444' [1][0] OK
C:[03/12/2013 17:38:40.42][190.73.128.113][1436] SELECT par_cod_asig1,par_cod_asig2,par_cod_asig3 FROM tblaca009 WHERE pensum='5' AND c_uni_ca='3' AND c_asigna='315552' [1][0] OK
C:[03/12/2013 17:38:40.42][190.73.128.113][1436] SELECT par_cod_asig1,par_cod_asig2,par_cod_asig3 FROM tblaca009 WHERE pensum='5' AND c_uni_ca='3' AND c_asigna='311674' [1][0] OK
C:[03/12/2013 17:38:40.42][190.73.128.113][1436] SELECT par_cod_asig1,par_cod_asig2,par_cod_asig3 FROM tblaca009 WHERE pensum='5' AND c_uni_ca='3' AND c_asigna='314787' [1][0] OK
C:[03/12/2013 17:38:40.44][190.73.128.113][1566] SELECT horas_lab FROM tblaca008 WHERE c_asigna='300676' AND horas_teoricas > 0 [1][0] OK
C:[03/12/2013 17:38:40.55][190.73.128.113][1600] SELECT sum(u_creditos*1) FROM dace006 a, tblaca009 b WHERE a.exp_e='10-22817787' AND a.lapso='2013-2' AND b.pensum='5' AND b.c_uni_ca='3' AND status IN ('7','A','2') AND a.c_asigna=b.c_asigna  [1][0] OK
C:[03/12/2013 17:38:40.49][190.73.128.113][1619] SELECT sum(u_creditos*1) FROM dace006 a, tblaca009 b WHERE a.exp_e='10-22817787' AND a.lapso='2013-2' AND b.pensum='5' AND b.c_uni_ca='3' AND status IN ('7','A','2') AND a.c_asigna=b.c_asigna AND a.c_asigna IN ('311673','311655','300422','312444','315552','311674','314787') [1][0] OK
C:[03/12/2013 17:38:41.98][190.73.128.113][1635] SELECT MAX(semestre) FROM dace006 a, tblaca009 b WHERE a.exp_e='10-22817787' AND a.lapso='2013-2' AND b.pensum='5' AND b.c_uni_ca='3' AND status IN ('7','A','2') AND a.c_asigna=b.c_asigna  [1][0] OK
C:[03/12/2013 17:38:41.74][190.73.128.113][1655] SELECT MIN(semestre) FROM dace006 a, tblaca009 b WHERE a.exp_e='10-22817787' AND a.lapso='2013-2' AND b.pensum='5' AND b.c_uni_ca='3' AND status IN ('7','A','2') AND a.c_asigna=b.c_asigna AND a.c_asigna IN ('300676') [1][0] OK
C:[03/12/2013 19:14:51.10][190.206.230.169][1392] SELECT pre_cod_asig1,pre_cod_asig2,pre_cod_asig3,pre_cod_asig4,pre_cod_asig5,pre_cod_asig6,pre_cod_asig7 FROM tblaca009 WHERE pensum='5' AND c_uni_ca='5' AND c_asigna='355722' [1][0] OK
C:[03/12/2013 19:14:51.10][190.206.230.169][1405] SELECT c_asigna FROM dace004 WHERE exp_e='09-20080095' AND c_asigna='355691' AND status IN ('0','3','B') [1][0] OK
C:[03/12/2013 19:14:51.10][190.206.230.169][1405] SELECT c_asigna FROM dace004 WHERE exp_e='09-20080095' AND c_asigna='355595' AND status IN ('0','3','B') [1][0] OK
C:[03/12/2013 19:14:51.10][190.206.230.169][1392] SELECT pre_cod_asig1,pre_cod_asig2,pre_cod_asig3,pre_cod_asig4,pre_cod_asig5,pre_cod_asig6,pre_cod_asig7 FROM tblaca009 WHERE pensum='5' AND c_uni_ca='5' AND c_asigna='355723' [1][0] OK
C:[03/12/2013 19:14:51.10][190.206.230.169][1405] SELECT c_asigna FROM dace004 WHERE exp_e='09-20080095' AND c_asigna='355694' AND status IN ('0','3','B') [1][0] OK
C:[03/12/2013 19:14:51.10][190.206.230.169][1392] SELECT pre_cod_asig1,pre_cod_asig2,pre_cod_asig3,pre_cod_asig4,pre_cod_asig5,pre_cod_asig6,pre_cod_asig7 FROM tblaca009 WHERE pensum='5' AND c_uni_ca='5' AND c_asigna='355692' [1][0] OK
C:[03/12/2013 19:14:51.10][190.206.230.169][1405] SELECT c_asigna FROM dace004 WHERE exp_e='09-20080095' AND c_asigna='355448' AND status IN ('0','3','B') [1][0] OK
C:[03/12/2013 19:14:51.10][190.206.230.169][1405] SELECT c_asigna FROM dace004 WHERE exp_e='09-20080095' AND c_asigna='355570' AND status IN ('0','3','B') [1][0] OK
C:[03/12/2013 19:14:51.10][190.206.230.169][1392] SELECT pre_cod_asig1,pre_cod_asig2,pre_cod_asig3,pre_cod_asig4,pre_cod_asig5,pre_cod_asig6,pre_cod_asig7 FROM tblaca009 WHERE pensum='5' AND c_uni_ca='5' AND c_asigna='355696' [1][0] OK
C:[03/12/2013 19:14:51.10][190.206.230.169][1405] SELECT c_asigna FROM dace004 WHERE exp_e='09-20080095' AND c_asigna='355570' AND status IN ('0','3','B') [1][0] OK
C:[03/12/2013 19:14:51.10][190.206.230.169][1405] SELECT c_asigna FROM dace004 WHERE exp_e='09-20080095' AND c_asigna='355571' AND status IN ('0','3','B') [1][0] OK
C:[03/12/2013 19:14:52.03][190.206.230.169][1436] SELECT par_cod_asig1,par_cod_asig2,par_cod_asig3 FROM tblaca009 WHERE pensum='5' AND c_uni_ca='5' AND c_asigna='355722' [1][0] OK
C:[03/12/2013 19:14:52.03][190.206.230.169][1436] SELECT par_cod_asig1,par_cod_asig2,par_cod_asig3 FROM tblaca009 WHERE pensum='5' AND c_uni_ca='5' AND c_asigna='355723' [1][0] OK
C:[03/12/2013 19:14:52.03][190.206.230.169][1436] SELECT par_cod_asig1,par_cod_asig2,par_cod_asig3 FROM tblaca009 WHERE pensum='5' AND c_uni_ca='5' AND c_asigna='355692' [1][0] OK
C:[03/12/2013 19:14:52.03][190.206.230.169][1436] SELECT par_cod_asig1,par_cod_asig2,par_cod_asig3 FROM tblaca009 WHERE pensum='5' AND c_uni_ca='5' AND c_asigna='355696' [1][0] OK
C:[03/12/2013 19:14:52.54][190.206.230.169][1566] SELECT horas_lab FROM tblaca008 WHERE c_asigna='355722' AND horas_teoricas > 0 [1][0] OK
C:[03/12/2013 19:14:52.67][190.206.230.169][1600] SELECT sum(u_creditos*1) FROM dace006 a, tblaca009 b WHERE a.exp_e='09-20080095' AND a.lapso='2013-2' AND b.pensum='5' AND b.c_uni_ca='5' AND status IN ('7','A','2') AND a.c_asigna=b.c_asigna  [1][0] OK
C:[03/12/2013 19:14:52.72][190.206.230.169][1619] SELECT sum(u_creditos*1) FROM dace006 a, tblaca009 b WHERE a.exp_e='09-20080095' AND a.lapso='2013-2' AND b.pensum='5' AND b.c_uni_ca='5' AND status IN ('7','A','2') AND a.c_asigna=b.c_asigna AND a.c_asigna IN ('355723','355692','355696') [1][0] OK
C:[03/12/2013 19:14:52.65][190.206.230.169][1635] SELECT MAX(semestre) FROM dace006 a, tblaca009 b WHERE a.exp_e='09-20080095' AND a.lapso='2013-2' AND b.pensum='5' AND b.c_uni_ca='5' AND status IN ('7','A','2') AND a.c_asigna=b.c_asigna  [1][0] OK
C:[03/12/2013 19:14:52.59][190.206.230.169][1655] SELECT MIN(semestre) FROM dace006 a, tblaca009 b WHERE a.exp_e='09-20080095' AND a.lapso='2013-2' AND b.pensum='5' AND b.c_uni_ca='5' AND status IN ('7','A','2') AND a.c_asigna=b.c_asigna AND a.c_asigna IN ('355722') [1][0] OK
C:[03/12/2013 19:44:47.59][190.206.230.169][1392] SELECT pre_cod_asig1,pre_cod_asig2,pre_cod_asig3,pre_cod_asig4,pre_cod_asig5,pre_cod_asig6,pre_cod_asig7 FROM tblaca009 WHERE pensum='5' AND c_uni_ca='5' AND c_asigna='355722' [1][0] OK
C:[03/12/2013 19:44:47.59][190.206.230.169][1405] SELECT c_asigna FROM dace004 WHERE exp_e='07-18886348' AND c_asigna='355691' AND status IN ('0','3','B') [1][0] OK
C:[03/12/2013 19:44:47.59][190.206.230.169][1405] SELECT c_asigna FROM dace004 WHERE exp_e='07-18886348' AND c_asigna='355595' AND status IN ('0','3','B') [1][0] OK
C:[03/12/2013 19:44:47.59][190.206.230.169][1392] SELECT pre_cod_asig1,pre_cod_asig2,pre_cod_asig3,pre_cod_asig4,pre_cod_asig5,pre_cod_asig6,pre_cod_asig7 FROM tblaca009 WHERE pensum='5' AND c_uni_ca='5' AND c_asigna='355692' [1][0] OK
C:[03/12/2013 19:44:47.59][190.206.230.169][1405] SELECT c_asigna FROM dace004 WHERE exp_e='07-18886348' AND c_asigna='355448' AND status IN ('0','3','B') [1][0] OK
C:[03/12/2013 19:44:47.59][190.206.230.169][1405] SELECT c_asigna FROM dace004 WHERE exp_e='07-18886348' AND c_asigna='355570' AND status IN ('0','3','B') [1][0] OK
C:[03/12/2013 19:44:47.59][190.206.230.169][1392] SELECT pre_cod_asig1,pre_cod_asig2,pre_cod_asig3,pre_cod_asig4,pre_cod_asig5,pre_cod_asig6,pre_cod_asig7 FROM tblaca009 WHERE pensum='5' AND c_uni_ca='5' AND c_asigna='355696' [1][0] OK
C:[03/12/2013 19:44:47.59][190.206.230.169][1405] SELECT c_asigna FROM dace004 WHERE exp_e='07-18886348' AND c_asigna='355570' AND status IN ('0','3','B') [1][0] OK
C:[03/12/2013 19:44:47.59][190.206.230.169][1405] SELECT c_asigna FROM dace004 WHERE exp_e='07-18886348' AND c_asigna='355571' AND status IN ('0','3','B') [1][0] OK
C:[03/12/2013 19:44:47.59][190.206.230.169][1392] SELECT pre_cod_asig1,pre_cod_asig2,pre_cod_asig3,pre_cod_asig4,pre_cod_asig5,pre_cod_asig6,pre_cod_asig7 FROM tblaca009 WHERE pensum='5' AND c_uni_ca='5' AND c_asigna='355723' [1][0] OK
C:[03/12/2013 19:44:47.59][190.206.230.169][1405] SELECT c_asigna FROM dace004 WHERE exp_e='07-18886348' AND c_asigna='355694' AND status IN ('0','3','B') [1][0] OK
C:[03/12/2013 19:44:47.96][190.206.230.169][1436] SELECT par_cod_asig1,par_cod_asig2,par_cod_asig3 FROM tblaca009 WHERE pensum='5' AND c_uni_ca='5' AND c_asigna='355722' [1][0] OK
C:[03/12/2013 19:44:47.96][190.206.230.169][1436] SELECT par_cod_asig1,par_cod_asig2,par_cod_asig3 FROM tblaca009 WHERE pensum='5' AND c_uni_ca='5' AND c_asigna='355692' [1][0] OK
C:[03/12/2013 19:44:47.96][190.206.230.169][1436] SELECT par_cod_asig1,par_cod_asig2,par_cod_asig3 FROM tblaca009 WHERE pensum='5' AND c_uni_ca='5' AND c_asigna='355696' [1][0] OK
C:[03/12/2013 19:44:47.96][190.206.230.169][1436] SELECT par_cod_asig1,par_cod_asig2,par_cod_asig3 FROM tblaca009 WHERE pensum='5' AND c_uni_ca='5' AND c_asigna='355723' [1][0] OK
C:[03/12/2013 19:44:47.48][190.206.230.169][1566] SELECT horas_lab FROM tblaca008 WHERE c_asigna='355722' AND horas_teoricas > 0 [1][0] OK
C:[03/12/2013 19:44:47.60][190.206.230.169][1600] SELECT sum(u_creditos*1) FROM dace006 a, tblaca009 b WHERE a.exp_e='07-18886348' AND a.lapso='2013-2' AND b.pensum='5' AND b.c_uni_ca='5' AND status IN ('7','A','2') AND a.c_asigna=b.c_asigna  [1][0] OK
C:[03/12/2013 19:44:47.54][190.206.230.169][1619] SELECT sum(u_creditos*1) FROM dace006 a, tblaca009 b WHERE a.exp_e='07-18886348' AND a.lapso='2013-2' AND b.pensum='5' AND b.c_uni_ca='5' AND status IN ('7','A','2') AND a.c_asigna=b.c_asigna AND a.c_asigna IN ('355692','355696','355723') [1][0] OK
C:[03/12/2013 19:44:48.47][190.206.230.169][1635] SELECT MAX(semestre) FROM dace006 a, tblaca009 b WHERE a.exp_e='07-18886348' AND a.lapso='2013-2' AND b.pensum='5' AND b.c_uni_ca='5' AND status IN ('7','A','2') AND a.c_asigna=b.c_asigna  [1][0] OK
C:[03/12/2013 19:44:48.41][190.206.230.169][1655] SELECT MIN(semestre) FROM dace006 a, tblaca009 b WHERE a.exp_e='07-18886348' AND a.lapso='2013-2' AND b.pensum='5' AND b.c_uni_ca='5' AND status IN ('7','A','2') AND a.c_asigna=b.c_asigna AND a.c_asigna IN ('355722') [1][0] OK
C:[04/12/2013 06:49:14.61][190.73.226.124][1392] SELECT pre_cod_asig1,pre_cod_asig2,pre_cod_asig3,pre_cod_asig4,pre_cod_asig5,pre_cod_asig6,pre_cod_asig7 FROM tblaca009 WHERE pensum='5' AND c_uni_ca='5' AND c_asigna='355951' [1][0] OK
C:[04/12/2013 06:49:14.61][190.73.226.124][1405] SELECT c_asigna FROM dace004 WHERE exp_e='10-20506559' AND c_asigna='355691' AND status IN ('0','3','B') [1][0] OK
C:[04/12/2013 06:49:14.61][190.73.226.124][1392] SELECT pre_cod_asig1,pre_cod_asig2,pre_cod_asig3,pre_cod_asig4,pre_cod_asig5,pre_cod_asig6,pre_cod_asig7 FROM tblaca009 WHERE pensum='5' AND c_uni_ca='5' AND c_asigna='300422' [1][0] OK
C:[04/12/2013 06:49:14.61][190.73.226.124][1405] SELECT c_asigna FROM dace004 WHERE exp_e='10-20506559' AND c_asigna='300105' AND status IN ('0','3','B') [1][0] OK
C:[04/12/2013 06:49:14.61][190.73.226.124][1405] SELECT c_asigna FROM dace004 WHERE exp_e='10-20506559' AND c_asigna='300314' AND status IN ('0','3','B') [1][0] OK
C:[04/12/2013 06:49:14.61][190.73.226.124][1392] SELECT pre_cod_asig1,pre_cod_asig2,pre_cod_asig3,pre_cod_asig4,pre_cod_asig5,pre_cod_asig6,pre_cod_asig7 FROM tblaca009 WHERE pensum='5' AND c_uni_ca='5' AND c_asigna='355692' [1][0] OK
C:[04/12/2013 06:49:14.61][190.73.226.124][1405] SELECT c_asigna FROM dace004 WHERE exp_e='10-20506559' AND c_asigna='355448' AND status IN ('0','3','B') [1][0] OK
C:[04/12/2013 06:49:14.61][190.73.226.124][1405] SELECT c_asigna FROM dace004 WHERE exp_e='10-20506559' AND c_asigna='355570' AND status IN ('0','3','B') [1][0] OK
C:[04/12/2013 06:49:14.61][190.73.226.124][1392] SELECT pre_cod_asig1,pre_cod_asig2,pre_cod_asig3,pre_cod_asig4,pre_cod_asig5,pre_cod_asig6,pre_cod_asig7 FROM tblaca009 WHERE pensum='5' AND c_uni_ca='5' AND c_asigna='355721' [1][0] OK
C:[04/12/2013 06:49:14.61][190.73.226.124][1405] SELECT c_asigna FROM dace004 WHERE exp_e='10-20506559' AND c_asigna='355693' AND status IN ('0','3','B') [1][0] OK
C:[04/12/2013 06:49:14.61][190.73.226.124][1405] SELECT c_asigna FROM dace004 WHERE exp_e='10-20506559' AND c_asigna='355696' AND status IN ('0','3','B') [1][0] OK
C:[04/12/2013 06:49:14.61][190.73.226.124][1392] SELECT pre_cod_asig1,pre_cod_asig2,pre_cod_asig3,pre_cod_asig4,pre_cod_asig5,pre_cod_asig6,pre_cod_asig7 FROM tblaca009 WHERE pensum='5' AND c_uni_ca='5' AND c_asigna='355722' [1][0] OK
C:[04/12/2013 06:49:14.61][190.73.226.124][1405] SELECT c_asigna FROM dace004 WHERE exp_e='10-20506559' AND c_asigna='355691' AND status IN ('0','3','B') [1][0] OK
C:[04/12/2013 06:49:14.61][190.73.226.124][1405] SELECT c_asigna FROM dace004 WHERE exp_e='10-20506559' AND c_asigna='355595' AND status IN ('0','3','B') [1][0] OK
C:[04/12/2013 06:49:14.61][190.73.226.124][1392] SELECT pre_cod_asig1,pre_cod_asig2,pre_cod_asig3,pre_cod_asig4,pre_cod_asig5,pre_cod_asig6,pre_cod_asig7 FROM tblaca009 WHERE pensum='5' AND c_uni_ca='5' AND c_asigna='355723' [1][0] OK
C:[04/12/2013 06:49:14.61][190.73.226.124][1405] SELECT c_asigna FROM dace004 WHERE exp_e='10-20506559' AND c_asigna='355694' AND status IN ('0','3','B') [1][0] OK
C:[04/12/2013 06:49:14.61][190.73.226.124][1392] SELECT pre_cod_asig1,pre_cod_asig2,pre_cod_asig3,pre_cod_asig4,pre_cod_asig5,pre_cod_asig6,pre_cod_asig7 FROM tblaca009 WHERE pensum='5' AND c_uni_ca='5' AND c_asigna='355874' [1][0] OK
C:[04/12/2013 06:49:14.61][190.73.226.124][1405] SELECT c_asigna FROM dace004 WHERE exp_e='10-20506559' AND c_asigna='355448' AND status IN ('0','3','B') [1][0] OK
C:[04/12/2013 06:49:14.86][190.73.226.124][1436] SELECT par_cod_asig1,par_cod_asig2,par_cod_asig3 FROM tblaca009 WHERE pensum='5' AND c_uni_ca='5' AND c_asigna='355951' [1][0] OK
C:[04/12/2013 06:49:14.86][190.73.226.124][1436] SELECT par_cod_asig1,par_cod_asig2,par_cod_asig3 FROM tblaca009 WHERE pensum='5' AND c_uni_ca='5' AND c_asigna='300422' [1][0] OK
C:[04/12/2013 06:49:14.86][190.73.226.124][1436] SELECT par_cod_asig1,par_cod_asig2,par_cod_asig3 FROM tblaca009 WHERE pensum='5' AND c_uni_ca='5' AND c_asigna='355692' [1][0] OK
C:[04/12/2013 06:49:14.86][190.73.226.124][1436] SELECT par_cod_asig1,par_cod_asig2,par_cod_asig3 FROM tblaca009 WHERE pensum='5' AND c_uni_ca='5' AND c_asigna='355721' [1][0] OK
C:[04/12/2013 06:49:14.86][190.73.226.124][1436] SELECT par_cod_asig1,par_cod_asig2,par_cod_asig3 FROM tblaca009 WHERE pensum='5' AND c_uni_ca='5' AND c_asigna='355722' [1][0] OK
C:[04/12/2013 06:49:14.86][190.73.226.124][1436] SELECT par_cod_asig1,par_cod_asig2,par_cod_asig3 FROM tblaca009 WHERE pensum='5' AND c_uni_ca='5' AND c_asigna='355723' [1][0] OK
C:[04/12/2013 06:49:14.86][190.73.226.124][1436] SELECT par_cod_asig1,par_cod_asig2,par_cod_asig3 FROM tblaca009 WHERE pensum='5' AND c_uni_ca='5' AND c_asigna='355874' [1][0] OK
C:[04/12/2013 06:49:14.75][190.73.226.124][1566] SELECT horas_lab FROM tblaca008 WHERE c_asigna='355951' AND horas_teoricas > 0 [1][0] OK
C:[04/12/2013 06:49:14.87][190.73.226.124][1600] SELECT sum(u_creditos*1) FROM dace006 a, tblaca009 b WHERE a.exp_e='10-20506559' AND a.lapso='2013-2' AND b.pensum='5' AND b.c_uni_ca='5' AND status IN ('7','A','2') AND a.c_asigna=b.c_asigna  [1][0] OK
C:[04/12/2013 06:49:15.80][190.73.226.124][1619] SELECT sum(u_creditos*1) FROM dace006 a, tblaca009 b WHERE a.exp_e='10-20506559' AND a.lapso='2013-2' AND b.pensum='5' AND b.c_uni_ca='5' AND status IN ('7','A','2') AND a.c_asigna=b.c_asigna AND a.c_asigna IN ('300422','355692','355721','355722','355723','355874') [1][0] OK
C:[04/12/2013 06:49:15.74][190.73.226.124][1635] SELECT MAX(semestre) FROM dace006 a, tblaca009 b WHERE a.exp_e='10-20506559' AND a.lapso='2013-2' AND b.pensum='5' AND b.c_uni_ca='5' AND status IN ('7','A','2') AND a.c_asigna=b.c_asigna  [1][0] OK
C:[04/12/2013 06:49:15.67][190.73.226.124][1655] SELECT MIN(semestre) FROM dace006 a, tblaca009 b WHERE a.exp_e='10-20506559' AND a.lapso='2013-2' AND b.pensum='5' AND b.c_uni_ca='5' AND status IN ('7','A','2') AND a.c_asigna=b.c_asigna AND a.c_asigna IN ('355951') [1][0] OK
C:[04/12/2013 08:02:40.26][200.109.223.164][1392] SELECT pre_cod_asig1,pre_cod_asig2,pre_cod_asig3,pre_cod_asig4,pre_cod_asig5,pre_cod_asig6,pre_cod_asig7 FROM tblaca009 WHERE pensum='5' AND c_uni_ca='6' AND c_asigna='344689' [1][0] OK
C:[04/12/2013 08:02:40.26][200.109.223.164][1405] SELECT c_asigna FROM dace004 WHERE exp_e='11-18452135' AND c_asigna='344566' AND status IN ('0','3','B') [1][0] OK
C:[04/12/2013 08:02:40.26][200.109.223.164][1405] SELECT c_asigna FROM dace004 WHERE exp_e='11-18452135' AND c_asigna='300313' AND status IN ('0','3','B') [1][0] OK
C:[04/12/2013 08:02:40.26][200.109.223.164][1392] SELECT pre_cod_asig1,pre_cod_asig2,pre_cod_asig3,pre_cod_asig4,pre_cod_asig5,pre_cod_asig6,pre_cod_asig7 FROM tblaca009 WHERE pensum='5' AND c_uni_ca='6' AND c_asigna='342679' [1][0] OK
C:[04/12/2013 08:02:40.26][200.109.223.164][1405] SELECT c_asigna FROM dace004 WHERE exp_e='11-18452135' AND c_asigna='342567' AND status IN ('0','3','B') [1][0] OK
C:[04/12/2013 08:02:40.26][200.109.223.164][1392] SELECT pre_cod_asig1,pre_cod_asig2,pre_cod_asig3,pre_cod_asig4,pre_cod_asig5,pre_cod_asig6,pre_cod_asig7 FROM tblaca009 WHERE pensum='5' AND c_uni_ca='6' AND c_asigna='344715' [1][0] OK
C:[04/12/2013 08:02:40.26][200.109.223.164][1405] SELECT c_asigna FROM dace004 WHERE exp_e='11-18452135' AND c_asigna='344688' AND status IN ('0','3','B') [1][0] OK
C:[04/12/2013 08:02:40.26][200.109.223.164][1405] SELECT c_asigna FROM dace004 WHERE exp_e='11-18452135' AND c_asigna='344613' AND status IN ('0','3','B') [1][0] OK
C:[04/12/2013 08:02:40.26][200.109.223.164][1392] SELECT pre_cod_asig1,pre_cod_asig2,pre_cod_asig3,pre_cod_asig4,pre_cod_asig5,pre_cod_asig6,pre_cod_asig7 FROM tblaca009 WHERE pensum='5' AND c_uni_ca='6' AND c_asigna='344716' [1][0] OK
C:[04/12/2013 08:02:40.26][200.109.223.164][1405] SELECT c_asigna FROM dace004 WHERE exp_e='11-18452135' AND c_asigna='344688' AND status IN ('0','3','B') [1][0] OK
C:[04/12/2013 08:02:40.26][200.109.223.164][1405] SELECT c_asigna FROM dace004 WHERE exp_e='11-18452135' AND c_asigna='342559' AND status IN ('0','3','B') [1][0] OK
C:[04/12/2013 08:02:40.26][200.109.223.164][1392] SELECT pre_cod_asig1,pre_cod_asig2,pre_cod_asig3,pre_cod_asig4,pre_cod_asig5,pre_cod_asig6,pre_cod_asig7 FROM tblaca009 WHERE pensum='5' AND c_uni_ca='6' AND c_asigna='344732' [1][0] OK
C:[04/12/2013 08:02:40.26][200.109.223.164][1405] SELECT c_asigna FROM dace004 WHERE exp_e='11-18452135' AND c_asigna='344687' AND status IN ('0','3','B') [1][0] OK
C:[04/12/2013 08:02:40.26][200.109.223.164][1392] SELECT pre_cod_asig1,pre_cod_asig2,pre_cod_asig3,pre_cod_asig4,pre_cod_asig5,pre_cod_asig6,pre_cod_asig7 FROM tblaca009 WHERE pensum='5' AND c_uni_ca='6' AND c_asigna='344733' [1][0] OK
C:[04/12/2013 08:02:40.57][200.109.223.164][1436] SELECT par_cod_asig1,par_cod_asig2,par_cod_asig3 FROM tblaca009 WHERE pensum='5' AND c_uni_ca='6' AND c_asigna='344689' [1][0] OK
C:[04/12/2013 08:02:40.57][200.109.223.164][1436] SELECT par_cod_asig1,par_cod_asig2,par_cod_asig3 FROM tblaca009 WHERE pensum='5' AND c_uni_ca='6' AND c_asigna='342679' [1][0] OK
C:[04/12/2013 08:02:40.57][200.109.223.164][1436] SELECT par_cod_asig1,par_cod_asig2,par_cod_asig3 FROM tblaca009 WHERE pensum='5' AND c_uni_ca='6' AND c_asigna='344715' [1][0] OK
C:[04/12/2013 08:02:40.57][200.109.223.164][1436] SELECT par_cod_asig1,par_cod_asig2,par_cod_asig3 FROM tblaca009 WHERE pensum='5' AND c_uni_ca='6' AND c_asigna='344716' [1][0] OK
C:[04/12/2013 08:02:40.57][200.109.223.164][1436] SELECT par_cod_asig1,par_cod_asig2,par_cod_asig3 FROM tblaca009 WHERE pensum='5' AND c_uni_ca='6' AND c_asigna='344732' [1][0] OK
C:[04/12/2013 08:02:40.57][200.109.223.164][1436] SELECT par_cod_asig1,par_cod_asig2,par_cod_asig3 FROM tblaca009 WHERE pensum='5' AND c_uni_ca='6' AND c_asigna='344733' [1][0] OK
C:[04/12/2013 08:02:41.34][200.109.223.164][1566] SELECT horas_lab FROM tblaca008 WHERE c_asigna='344689' AND horas_teoricas > 0 [1][0] OK
C:[04/12/2013 08:02:41.45][200.109.223.164][1600] SELECT sum(u_creditos*1) FROM dace006 a, tblaca009 b WHERE a.exp_e='11-18452135' AND a.lapso='2013-2' AND b.pensum='5' AND b.c_uni_ca='6' AND status IN ('7','A','2') AND a.c_asigna=b.c_asigna  [1][0] OK
C:[04/12/2013 08:02:41.96][200.109.223.164][1619] SELECT sum(u_creditos*1) FROM dace006 a, tblaca009 b WHERE a.exp_e='11-18452135' AND a.lapso='2013-2' AND b.pensum='5' AND b.c_uni_ca='6' AND status IN ('7','A','2') AND a.c_asigna=b.c_asigna AND a.c_asigna IN ('342679','344715','344716','344732','344733') [1][0] OK
C:[04/12/2013 08:02:41.45][200.109.223.164][1635] SELECT MAX(semestre) FROM dace006 a, tblaca009 b WHERE a.exp_e='11-18452135' AND a.lapso='2013-2' AND b.pensum='5' AND b.c_uni_ca='6' AND status IN ('7','A','2') AND a.c_asigna=b.c_asigna  [1][0] OK
C:[04/12/2013 08:02:41.95][200.109.223.164][1655] SELECT MIN(semestre) FROM dace006 a, tblaca009 b WHERE a.exp_e='11-18452135' AND a.lapso='2013-2' AND b.pensum='5' AND b.c_uni_ca='6' AND status IN ('7','A','2') AND a.c_asigna=b.c_asigna AND a.c_asigna IN ('344689') [1][0] OK
C:[04/12/2013 09:41:20.79][190.37.33.163][1392] SELECT pre_cod_asig1,pre_cod_asig2,pre_cod_asig3,pre_cod_asig4,pre_cod_asig5,pre_cod_asig6,pre_cod_asig7 FROM tblaca009 WHERE pensum='5' AND c_uni_ca='4' AND c_asigna='333831' [1][0] OK
C:[04/12/2013 09:41:20.79][190.37.33.163][1405] SELECT c_asigna FROM dace004 WHERE exp_e='10-25324971' AND c_asigna='333611' AND status IN ('0','3','B') [1][0] OK
C:[04/12/2013 09:41:20.79][190.37.33.163][1392] SELECT pre_cod_asig1,pre_cod_asig2,pre_cod_asig3,pre_cod_asig4,pre_cod_asig5,pre_cod_asig6,pre_cod_asig7 FROM tblaca009 WHERE pensum='5' AND c_uni_ca='4' AND c_asigna='333707' [1][0] OK
C:[04/12/2013 09:41:20.79][190.37.33.163][1405] SELECT c_asigna FROM dace004 WHERE exp_e='10-25324971' AND c_asigna='333584' AND status IN ('0','3','B') [1][0] OK
C:[04/12/2013 09:41:20.79][190.37.33.163][1392] SELECT pre_cod_asig1,pre_cod_asig2,pre_cod_asig3,pre_cod_asig4,pre_cod_asig5,pre_cod_asig6,pre_cod_asig7 FROM tblaca009 WHERE pensum='5' AND c_uni_ca='4' AND c_asigna='333710' [1][0] OK
C:[04/12/2013 09:41:20.79][190.37.33.163][1405] SELECT c_asigna FROM dace004 WHERE exp_e='10-25324971' AND c_asigna='333683' AND status IN ('0','3','B') [1][0] OK
C:[04/12/2013 09:41:20.79][190.37.33.163][1405] SELECT c_asigna FROM dace004 WHERE exp_e='10-25324971' AND c_asigna='333606' AND status IN ('0','3','B') [1][0] OK
C:[04/12/2013 09:41:20.79][190.37.33.163][1392] SELECT pre_cod_asig1,pre_cod_asig2,pre_cod_asig3,pre_cod_asig4,pre_cod_asig5,pre_cod_asig6,pre_cod_asig7 FROM tblaca009 WHERE pensum='5' AND c_uni_ca='4' AND c_asigna='333737' [1][0] OK
C:[04/12/2013 09:41:20.79][190.37.33.163][1405] SELECT c_asigna FROM dace004 WHERE exp_e='10-25324971' AND c_asigna='333683' AND status IN ('0','3','B') [1][0] OK
C:[04/12/2013 09:41:20.79][190.37.33.163][1392] SELECT pre_cod_asig1,pre_cod_asig2,pre_cod_asig3,pre_cod_asig4,pre_cod_asig5,pre_cod_asig6,pre_cod_asig7 FROM tblaca009 WHERE pensum='5' AND c_uni_ca='4' AND c_asigna='333782' [1][0] OK
C:[04/12/2013 09:41:20.79][190.37.33.163][1405] SELECT c_asigna FROM dace004 WHERE exp_e='10-25324971' AND c_asigna='333606' AND status IN ('0','3','B') [1][0] OK
C:[04/12/2013 09:41:20.73][190.37.33.163][1436] SELECT par_cod_asig1,par_cod_asig2,par_cod_asig3 FROM tblaca009 WHERE pensum='5' AND c_uni_ca='4' AND c_asigna='333831' [1][0] OK
C:[04/12/2013 09:41:20.73][190.37.33.163][1436] SELECT par_cod_asig1,par_cod_asig2,par_cod_asig3 FROM tblaca009 WHERE pensum='5' AND c_uni_ca='4' AND c_asigna='333707' [1][0] OK
C:[04/12/2013 09:41:20.73][190.37.33.163][1450] SELECT c_asigna FROM dace004 WHERE exp_e='10-25324971' AND c_asigna='333782' AND status IN ('0','3','B','C') [0][0] OK
C:[04/12/2013 09:41:20.73][190.37.33.163][1436] SELECT par_cod_asig1,par_cod_asig2,par_cod_asig3 FROM tblaca009 WHERE pensum='5' AND c_uni_ca='4' AND c_asigna='333710' [1][0] OK
C:[04/12/2013 09:41:20.73][190.37.33.163][1450] SELECT c_asigna FROM dace004 WHERE exp_e='10-25324971' AND c_asigna='333782' AND status IN ('0','3','B','C') [0][0] OK
C:[04/12/2013 09:41:20.73][190.37.33.163][1436] SELECT par_cod_asig1,par_cod_asig2,par_cod_asig3 FROM tblaca009 WHERE pensum='5' AND c_uni_ca='4' AND c_asigna='333737' [1][0] OK
C:[04/12/2013 09:41:20.73][190.37.33.163][1436] SELECT par_cod_asig1,par_cod_asig2,par_cod_asig3 FROM tblaca009 WHERE pensum='5' AND c_uni_ca='4' AND c_asigna='333782' [1][0] OK
C:[04/12/2013 09:41:21.62][190.37.33.163][1566] SELECT horas_lab FROM tblaca008 WHERE c_asigna='333831' AND horas_teoricas > 0 [1][0] OK
C:[04/12/2013 09:41:21.73][190.37.33.163][1600] SELECT sum(u_creditos*1) FROM dace006 a, tblaca009 b WHERE a.exp_e='10-25324971' AND a.lapso='2013-2' AND b.pensum='5' AND b.c_uni_ca='4' AND status IN ('7','A','2') AND a.c_asigna=b.c_asigna  [1][0] OK
C:[04/12/2013 09:41:21.67][190.37.33.163][1619] SELECT sum(u_creditos*1) FROM dace006 a, tblaca009 b WHERE a.exp_e='10-25324971' AND a.lapso='2013-2' AND b.pensum='5' AND b.c_uni_ca='4' AND status IN ('7','A','2') AND a.c_asigna=b.c_asigna AND a.c_asigna IN ('333707','333710','333737','333782') [1][0] OK
C:[04/12/2013 09:41:21.61][190.37.33.163][1635] SELECT MAX(semestre) FROM dace006 a, tblaca009 b WHERE a.exp_e='10-25324971' AND a.lapso='2013-2' AND b.pensum='5' AND b.c_uni_ca='4' AND status IN ('7','A','2') AND a.c_asigna=b.c_asigna  [1][0] OK
C:[04/12/2013 09:41:21.55][190.37.33.163][1655] SELECT MIN(semestre) FROM dace006 a, tblaca009 b WHERE a.exp_e='10-25324971' AND a.lapso='2013-2' AND b.pensum='5' AND b.c_uni_ca='4' AND status IN ('7','A','2') AND a.c_asigna=b.c_asigna AND a.c_asigna IN ('333831') [1][0] OK
C:[04/12/2013 11:29:52.18][190.202.117.118][1392] SELECT pre_cod_asig1,pre_cod_asig2,pre_cod_asig3,pre_cod_asig4,pre_cod_asig5,pre_cod_asig6,pre_cod_asig7 FROM tblaca009 WHERE pensum='5' AND c_uni_ca='6' AND c_asigna='300105' [1][0] OK
C:[04/12/2013 11:29:52.32][190.202.117.118][1436] SELECT par_cod_asig1,par_cod_asig2,par_cod_asig3 FROM tblaca009 WHERE pensum='5' AND c_uni_ca='6' AND c_asigna='300105' [1][0] OK
C:[04/12/2013 11:29:52.45][190.202.117.118][1600] SELECT sum(u_creditos*1) FROM dace006 a, tblaca009 b WHERE a.exp_e='10-20298827' AND a.lapso='2013-2' AND b.pensum='5' AND b.c_uni_ca='6' AND status IN ('7','A','2') AND a.c_asigna=b.c_asigna  [1][0] OK
C:[04/12/2013 11:29:52.94][190.202.117.118][1619] SELECT sum(u_creditos*1) FROM dace006 a, tblaca009 b WHERE a.exp_e='10-20298827' AND a.lapso='2013-2' AND b.pensum='5' AND b.c_uni_ca='6' AND status IN ('7','A','2') AND a.c_asigna=b.c_asigna AND a.c_asigna IN ('300105') [1][0] OK
C:[04/12/2013 11:29:52.31][190.202.117.118][1635] SELECT MAX(semestre) FROM dace006 a, tblaca009 b WHERE a.exp_e='10-20298827' AND a.lapso='2013-2' AND b.pensum='5' AND b.c_uni_ca='6' AND status IN ('7','A','2') AND a.c_asigna=b.c_asigna  [1][0] OK
C:[04/12/2013 11:43:29.27][190.204.199.83][1392] SELECT pre_cod_asig1,pre_cod_asig2,pre_cod_asig3,pre_cod_asig4,pre_cod_asig5,pre_cod_asig6,pre_cod_asig7 FROM tblaca009 WHERE pensum='5' AND c_uni_ca='4' AND c_asigna='300318' [1][0] OK
C:[04/12/2013 11:43:29.27][190.204.199.83][1405] SELECT c_asigna FROM dace004 WHERE exp_e='12-22813044' AND c_asigna='300228' AND status IN ('0','3','B') [1][0] OK
C:[04/12/2013 11:43:29.27][190.204.199.83][1405] SELECT c_asigna FROM dace004 WHERE exp_e='12-22813044' AND c_asigna='300207' AND status IN ('0','3','B') [1][0] OK
C:[04/12/2013 11:43:29.27][190.204.199.83][1405] SELECT c_asigna FROM dace004 WHERE exp_e='12-22813044' AND c_asigna='300218' AND status IN ('0','3','B') [1][0] OK
C:[04/12/2013 11:43:29.27][190.204.199.83][1392] SELECT pre_cod_asig1,pre_cod_asig2,pre_cod_asig3,pre_cod_asig4,pre_cod_asig5,pre_cod_asig6,pre_cod_asig7 FROM tblaca009 WHERE pensum='5' AND c_uni_ca='4' AND c_asigna='300314' [1][0] OK
C:[04/12/2013 11:43:29.27][190.204.199.83][1405] SELECT c_asigna FROM dace004 WHERE exp_e='12-22813044' AND c_asigna='300106' AND status IN ('0','3','B') [1][0] OK
C:[04/12/2013 11:43:29.27][190.204.199.83][1392] SELECT pre_cod_asig1,pre_cod_asig2,pre_cod_asig3,pre_cod_asig4,pre_cod_asig5,pre_cod_asig6,pre_cod_asig7 FROM tblaca009 WHERE pensum='5' AND c_uni_ca='4' AND c_asigna='300317' [1][0] OK
C:[04/12/2013 11:43:29.27][190.204.199.83][1405] SELECT c_asigna FROM dace004 WHERE exp_e='12-22813044' AND c_asigna='300207' AND status IN ('0','3','B') [1][0] OK
C:[04/12/2013 11:43:29.27][190.204.199.83][1405] SELECT c_asigna FROM dace004 WHERE exp_e='12-22813044' AND c_asigna='300209' AND status IN ('0','3','B') [1][0] OK
C:[04/12/2013 11:43:29.27][190.204.199.83][1392] SELECT pre_cod_asig1,pre_cod_asig2,pre_cod_asig3,pre_cod_asig4,pre_cod_asig5,pre_cod_asig6,pre_cod_asig7 FROM tblaca009 WHERE pensum='5' AND c_uni_ca='4' AND c_asigna='333326' [1][0] OK
C:[04/12/2013 11:43:29.27][190.204.199.83][1392] SELECT pre_cod_asig1,pre_cod_asig2,pre_cod_asig3,pre_cod_asig4,pre_cod_asig5,pre_cod_asig6,pre_cod_asig7 FROM tblaca009 WHERE pensum='5' AND c_uni_ca='4' AND c_asigna='300222' [1][0] OK
C:[04/12/2013 11:43:29.27][190.204.199.83][1405] SELECT c_asigna FROM dace004 WHERE exp_e='12-22813044' AND c_asigna='300112' AND status IN ('0','3','B') [1][0] OK
C:[04/12/2013 11:43:29.33][190.204.199.83][1436] SELECT par_cod_asig1,par_cod_asig2,par_cod_asig3 FROM tblaca009 WHERE pensum='5' AND c_uni_ca='4' AND c_asigna='300318' [1][0] OK
C:[04/12/2013 11:43:29.33][190.204.199.83][1436] SELECT par_cod_asig1,par_cod_asig2,par_cod_asig3 FROM tblaca009 WHERE pensum='5' AND c_uni_ca='4' AND c_asigna='300314' [1][0] OK
C:[04/12/2013 11:43:29.33][190.204.199.83][1436] SELECT par_cod_asig1,par_cod_asig2,par_cod_asig3 FROM tblaca009 WHERE pensum='5' AND c_uni_ca='4' AND c_asigna='300317' [1][0] OK
C:[04/12/2013 11:43:29.33][190.204.199.83][1436] SELECT par_cod_asig1,par_cod_asig2,par_cod_asig3 FROM tblaca009 WHERE pensum='5' AND c_uni_ca='4' AND c_asigna='333326' [1][0] OK
C:[04/12/2013 11:43:29.33][190.204.199.83][1436] SELECT par_cod_asig1,par_cod_asig2,par_cod_asig3 FROM tblaca009 WHERE pensum='5' AND c_uni_ca='4' AND c_asigna='300222' [1][0] OK
C:[04/12/2013 11:43:30.97][190.204.199.83][1566] SELECT horas_lab FROM tblaca008 WHERE c_asigna='300318' AND horas_teoricas > 0 [1][0] OK
C:[04/12/2013 11:43:30.08][190.204.199.83][1600] SELECT sum(u_creditos*1) FROM dace006 a, tblaca009 b WHERE a.exp_e='12-22813044' AND a.lapso='2013-2' AND b.pensum='5' AND b.c_uni_ca='4' AND status IN ('7','A','2') AND a.c_asigna=b.c_asigna  [1][0] OK
C:[04/12/2013 11:43:30.03][190.204.199.83][1619] SELECT sum(u_creditos*1) FROM dace006 a, tblaca009 b WHERE a.exp_e='12-22813044' AND a.lapso='2013-2' AND b.pensum='5' AND b.c_uni_ca='4' AND status IN ('7','A','2') AND a.c_asigna=b.c_asigna AND a.c_asigna IN ('300314','300317','333326','300222') [1][0] OK
C:[04/12/2013 11:43:30.95][190.204.199.83][1635] SELECT MAX(semestre) FROM dace006 a, tblaca009 b WHERE a.exp_e='12-22813044' AND a.lapso='2013-2' AND b.pensum='5' AND b.c_uni_ca='4' AND status IN ('7','A','2') AND a.c_asigna=b.c_asigna  [1][0] OK
C:[04/12/2013 11:43:30.90][190.204.199.83][1655] SELECT MIN(semestre) FROM dace006 a, tblaca009 b WHERE a.exp_e='12-22813044' AND a.lapso='2013-2' AND b.pensum='5' AND b.c_uni_ca='4' AND status IN ('7','A','2') AND a.c_asigna=b.c_asigna AND a.c_asigna IN ('300318') [1][0] OK
C:[04/12/2013 12:05:09.40][190.199.82.252][1392] SELECT pre_cod_asig1,pre_cod_asig2,pre_cod_asig3,pre_cod_asig4,pre_cod_asig5,pre_cod_asig6,pre_cod_asig7 FROM tblaca009 WHERE pensum='5' AND c_uni_ca='4' AND c_asigna='300318' [1][0] OK
C:[04/12/2013 12:05:09.40][190.199.82.252][1405] SELECT c_asigna FROM dace004 WHERE exp_e='10-20805593' AND c_asigna='300228' AND status IN ('0','3','B') [1][0] OK
C:[04/12/2013 12:05:09.40][190.199.82.252][1405] SELECT c_asigna FROM dace004 WHERE exp_e='10-20805593' AND c_asigna='300207' AND status IN ('0','3','B') [1][0] OK
C:[04/12/2013 12:05:09.40][190.199.82.252][1405] SELECT c_asigna FROM dace004 WHERE exp_e='10-20805593' AND c_asigna='300218' AND status IN ('0','3','B') [1][0] OK
C:[04/12/2013 12:05:09.40][190.199.82.252][1392] SELECT pre_cod_asig1,pre_cod_asig2,pre_cod_asig3,pre_cod_asig4,pre_cod_asig5,pre_cod_asig6,pre_cod_asig7 FROM tblaca009 WHERE pensum='5' AND c_uni_ca='4' AND c_asigna='300213' [1][0] OK
C:[04/12/2013 12:05:09.40][190.199.82.252][1405] SELECT c_asigna FROM dace004 WHERE exp_e='10-20805593' AND c_asigna='300101' AND status IN ('0','3','B') [1][0] OK
C:[04/12/2013 12:05:09.40][190.199.82.252][1392] SELECT pre_cod_asig1,pre_cod_asig2,pre_cod_asig3,pre_cod_asig4,pre_cod_asig5,pre_cod_asig6,pre_cod_asig7 FROM tblaca009 WHERE pensum='5' AND c_uni_ca='4' AND c_asigna='300222' [1][0] OK
C:[04/12/2013 12:05:09.40][190.199.82.252][1405] SELECT c_asigna FROM dace004 WHERE exp_e='10-20805593' AND c_asigna='300112' AND status IN ('0','3','B') [1][0] OK
C:[04/12/2013 12:05:09.40][190.199.82.252][1392] SELECT pre_cod_asig1,pre_cod_asig2,pre_cod_asig3,pre_cod_asig4,pre_cod_asig5,pre_cod_asig6,pre_cod_asig7 FROM tblaca009 WHERE pensum='5' AND c_uni_ca='4' AND c_asigna='300428' [1][0] OK
C:[04/12/2013 12:05:09.40][190.199.82.252][1405] SELECT c_asigna FROM dace004 WHERE exp_e='10-20805593' AND c_asigna='300317' AND status IN ('0','3','B') [1][0] OK
C:[04/12/2013 12:05:09.40][190.199.82.252][1405] SELECT c_asigna FROM dace004 WHERE exp_e='10-20805593' AND c_asigna='300209' AND status IN ('0','3','B') [1][0] OK
C:[04/12/2013 12:05:09.40][190.199.82.252][1392] SELECT pre_cod_asig1,pre_cod_asig2,pre_cod_asig3,pre_cod_asig4,pre_cod_asig5,pre_cod_asig6,pre_cod_asig7 FROM tblaca009 WHERE pensum='5' AND c_uni_ca='4' AND c_asigna='333441' [1][0] OK
C:[04/12/2013 12:05:09.40][190.199.82.252][1405] SELECT c_asigna FROM dace004 WHERE exp_e='10-20805593' AND c_asigna='333326' AND status IN ('0','3','B') [1][0] OK
C:[04/12/2013 12:05:09.40][190.199.82.252][1405] SELECT c_asigna FROM dace004 WHERE exp_e='10-20805593' AND c_asigna='300317' AND status IN ('0','3','B') [1][0] OK
C:[04/12/2013 12:05:09.40][190.199.82.252][1405] SELECT c_asigna FROM dace004 WHERE exp_e='10-20805593' AND c_asigna='300209' AND status IN ('0','3','B') [1][0] OK
C:[04/12/2013 12:05:10.53][190.199.82.252][1436] SELECT par_cod_asig1,par_cod_asig2,par_cod_asig3 FROM tblaca009 WHERE pensum='5' AND c_uni_ca='4' AND c_asigna='300318' [1][0] OK
C:[04/12/2013 12:05:10.53][190.199.82.252][1436] SELECT par_cod_asig1,par_cod_asig2,par_cod_asig3 FROM tblaca009 WHERE pensum='5' AND c_uni_ca='4' AND c_asigna='300213' [1][0] OK
C:[04/12/2013 12:05:10.53][190.199.82.252][1450] SELECT c_asigna FROM dace004 WHERE exp_e='10-20805593' AND c_asigna='300209' AND status IN ('0','3','B','C') [1][0] OK
C:[04/12/2013 12:05:10.53][190.199.82.252][1436] SELECT par_cod_asig1,par_cod_asig2,par_cod_asig3 FROM tblaca009 WHERE pensum='5' AND c_uni_ca='4' AND c_asigna='300222' [1][0] OK
C:[04/12/2013 12:05:10.53][190.199.82.252][1436] SELECT par_cod_asig1,par_cod_asig2,par_cod_asig3 FROM tblaca009 WHERE pensum='5' AND c_uni_ca='4' AND c_asigna='300428' [1][0] OK
C:[04/12/2013 12:05:10.53][190.199.82.252][1436] SELECT par_cod_asig1,par_cod_asig2,par_cod_asig3 FROM tblaca009 WHERE pensum='5' AND c_uni_ca='4' AND c_asigna='333441' [1][0] OK
C:[04/12/2013 12:05:10.30][190.199.82.252][1566] SELECT horas_lab FROM tblaca008 WHERE c_asigna='300318' AND horas_teoricas > 0 [1][0] OK
C:[04/12/2013 12:05:10.40][190.199.82.252][1600] SELECT sum(u_creditos*1) FROM dace006 a, tblaca009 b WHERE a.exp_e='10-20805593' AND a.lapso='2013-2' AND b.pensum='5' AND b.c_uni_ca='4' AND status IN ('7','A','2') AND a.c_asigna=b.c_asigna  [1][0] OK
C:[04/12/2013 12:05:10.34][190.199.82.252][1619] SELECT sum(u_creditos*1) FROM dace006 a, tblaca009 b WHERE a.exp_e='10-20805593' AND a.lapso='2013-2' AND b.pensum='5' AND b.c_uni_ca='4' AND status IN ('7','A','2') AND a.c_asigna=b.c_asigna AND a.c_asigna IN ('300213','300222','300428','333441') [1][0] OK
C:[04/12/2013 12:05:10.27][190.199.82.252][1635] SELECT MAX(semestre) FROM dace006 a, tblaca009 b WHERE a.exp_e='10-20805593' AND a.lapso='2013-2' AND b.pensum='5' AND b.c_uni_ca='4' AND status IN ('7','A','2') AND a.c_asigna=b.c_asigna  [1][0] OK
C:[04/12/2013 12:05:10.21][190.199.82.252][1655] SELECT MIN(semestre) FROM dace006 a, tblaca009 b WHERE a.exp_e='10-20805593' AND a.lapso='2013-2' AND b.pensum='5' AND b.c_uni_ca='4' AND status IN ('7','A','2') AND a.c_asigna=b.c_asigna AND a.c_asigna IN ('300318') [1][0] OK
C:[04/12/2013 12:05:35.64][74.82.68.145][1392] SELECT pre_cod_asig1,pre_cod_asig2,pre_cod_asig3,pre_cod_asig4,pre_cod_asig5,pre_cod_asig6,pre_cod_asig7 FROM tblaca009 WHERE pensum='5' AND c_uni_ca='5' AND c_asigna='355722' [1][0] OK
C:[04/12/2013 12:05:35.64][74.82.68.145][1405] SELECT c_asigna FROM dace004 WHERE exp_e='10-21248246' AND c_asigna='355691' AND status IN ('0','3','B') [1][0] OK
C:[04/12/2013 12:05:35.64][74.82.68.145][1405] SELECT c_asigna FROM dace004 WHERE exp_e='10-21248246' AND c_asigna='355595' AND status IN ('0','3','B') [1][0] OK
C:[04/12/2013 12:05:35.64][74.82.68.145][1392] SELECT pre_cod_asig1,pre_cod_asig2,pre_cod_asig3,pre_cod_asig4,pre_cod_asig5,pre_cod_asig6,pre_cod_asig7 FROM tblaca009 WHERE pensum='5' AND c_uni_ca='5' AND c_asigna='355696' [1][0] OK
C:[04/12/2013 12:05:35.64][74.82.68.145][1405] SELECT c_asigna FROM dace004 WHERE exp_e='10-21248246' AND c_asigna='355570' AND status IN ('0','3','B') [1][0] OK
C:[04/12/2013 12:05:35.64][74.82.68.145][1405] SELECT c_asigna FROM dace004 WHERE exp_e='10-21248246' AND c_asigna='355571' AND status IN ('0','3','B') [1][0] OK
C:[04/12/2013 12:05:35.64][74.82.68.145][1392] SELECT pre_cod_asig1,pre_cod_asig2,pre_cod_asig3,pre_cod_asig4,pre_cod_asig5,pre_cod_asig6,pre_cod_asig7 FROM tblaca009 WHERE pensum='5' AND c_uni_ca='5' AND c_asigna='355694' [1][0] OK
C:[04/12/2013 12:05:35.64][74.82.68.145][1405] SELECT c_asigna FROM dace004 WHERE exp_e='10-21248246' AND c_asigna='355572' AND status IN ('0','3','B') [1][0] OK
C:[04/12/2013 12:05:35.64][74.82.68.145][1405] SELECT c_asigna FROM dace004 WHERE exp_e='10-21248246' AND c_asigna='355571' AND status IN ('0','3','B') [1][0] OK
C:[04/12/2013 12:05:35.64][74.82.68.145][1392] SELECT pre_cod_asig1,pre_cod_asig2,pre_cod_asig3,pre_cod_asig4,pre_cod_asig5,pre_cod_asig6,pre_cod_asig7 FROM tblaca009 WHERE pensum='5' AND c_uni_ca='5' AND c_asigna='355693' [1][0] OK
C:[04/12/2013 12:05:35.64][74.82.68.145][1405] SELECT c_asigna FROM dace004 WHERE exp_e='10-21248246' AND c_asigna='355572' AND status IN ('0','3','B') [1][0] OK
C:[04/12/2013 12:05:35.64][74.82.68.145][1405] SELECT c_asigna FROM dace004 WHERE exp_e='10-21248246' AND c_asigna='352440' AND status IN ('0','3','B') [1][0] OK
C:[04/12/2013 12:05:35.64][74.82.68.145][1405] SELECT c_asigna FROM dace004 WHERE exp_e='10-21248246' AND c_asigna='355573' AND status IN ('0','3','B') [1][0] OK
C:[04/12/2013 12:05:35.64][74.82.68.145][1405] SELECT c_asigna FROM dace004 WHERE exp_e='10-21248246' AND c_asigna='300226' AND status IN ('0','3','B') [1][0] OK
C:[04/12/2013 12:05:35.64][74.82.68.145][1405] SELECT c_asigna FROM dace004 WHERE exp_e='10-21248246' AND c_asigna='300222' AND status IN ('0','3','B') [1][0] OK
C:[04/12/2013 12:05:35.64][74.82.68.145][1405] SELECT c_asigna FROM dace004 WHERE exp_e='10-21248246' AND c_asigna='300013' AND status IN ('0','3','B') [1][0] OK
C:[04/12/2013 12:05:35.64][74.82.68.145][1405] SELECT c_asigna FROM dace004 WHERE exp_e='10-21248246' AND c_asigna='300113' AND status IN ('0','3','B') [1][0] OK
C:[04/12/2013 12:05:35.64][74.82.68.145][1392] SELECT pre_cod_asig1,pre_cod_asig2,pre_cod_asig3,pre_cod_asig4,pre_cod_asig5,pre_cod_asig6,pre_cod_asig7 FROM tblaca009 WHERE pensum='5' AND c_uni_ca='5' AND c_asigna='355874' [1][0] OK
C:[04/12/2013 12:05:35.64][74.82.68.145][1405] SELECT c_asigna FROM dace004 WHERE exp_e='10-21248246' AND c_asigna='355448' AND status IN ('0','3','B') [1][0] OK
C:[04/12/2013 12:05:36.27][74.82.68.145][1436] SELECT par_cod_asig1,par_cod_asig2,par_cod_asig3 FROM tblaca009 WHERE pensum='5' AND c_uni_ca='5' AND c_asigna='355722' [1][0] OK
C:[04/12/2013 12:05:36.27][74.82.68.145][1436] SELECT par_cod_asig1,par_cod_asig2,par_cod_asig3 FROM tblaca009 WHERE pensum='5' AND c_uni_ca='5' AND c_asigna='355696' [1][0] OK
C:[04/12/2013 12:05:36.27][74.82.68.145][1436] SELECT par_cod_asig1,par_cod_asig2,par_cod_asig3 FROM tblaca009 WHERE pensum='5' AND c_uni_ca='5' AND c_asigna='355694' [1][0] OK
C:[04/12/2013 12:05:36.27][74.82.68.145][1436] SELECT par_cod_asig1,par_cod_asig2,par_cod_asig3 FROM tblaca009 WHERE pensum='5' AND c_uni_ca='5' AND c_asigna='355693' [1][0] OK
C:[04/12/2013 12:05:36.27][74.82.68.145][1436] SELECT par_cod_asig1,par_cod_asig2,par_cod_asig3 FROM tblaca009 WHERE pensum='5' AND c_uni_ca='5' AND c_asigna='355874' [1][0] OK
C:[04/12/2013 12:05:36.92][74.82.68.145][1566] SELECT horas_lab FROM tblaca008 WHERE c_asigna='355722' AND horas_teoricas > 0 [1][0] OK
C:[04/12/2013 12:05:36.03][74.82.68.145][1600] SELECT sum(u_creditos*1) FROM dace006 a, tblaca009 b WHERE a.exp_e='10-21248246' AND a.lapso='2013-2' AND b.pensum='5' AND b.c_uni_ca='5' AND status IN ('7','A','2') AND a.c_asigna=b.c_asigna  [1][0] OK
C:[04/12/2013 12:05:36.98][74.82.68.145][1619] SELECT sum(u_creditos*1) FROM dace006 a, tblaca009 b WHERE a.exp_e='10-21248246' AND a.lapso='2013-2' AND b.pensum='5' AND b.c_uni_ca='5' AND status IN ('7','A','2') AND a.c_asigna=b.c_asigna AND a.c_asigna IN ('355696','355694','355693','355874') [1][0] OK
C:[04/12/2013 12:05:36.90][74.82.68.145][1635] SELECT MAX(semestre) FROM dace006 a, tblaca009 b WHERE a.exp_e='10-21248246' AND a.lapso='2013-2' AND b.pensum='5' AND b.c_uni_ca='5' AND status IN ('7','A','2') AND a.c_asigna=b.c_asigna  [1][0] OK
C:[04/12/2013 12:05:37.85][74.82.68.145][1655] SELECT MIN(semestre) FROM dace006 a, tblaca009 b WHERE a.exp_e='10-21248246' AND a.lapso='2013-2' AND b.pensum='5' AND b.c_uni_ca='5' AND status IN ('7','A','2') AND a.c_asigna=b.c_asigna AND a.c_asigna IN ('355722') [1][0] OK
C:[04/12/2013 14:14:15.81][190.201.5.28][1392] SELECT pre_cod_asig1,pre_cod_asig2,pre_cod_asig3,pre_cod_asig4,pre_cod_asig5,pre_cod_asig6,pre_cod_asig7 FROM tblaca009 WHERE pensum='5' AND c_uni_ca='6' AND c_asigna='300113' [1][0] OK
C:[04/12/2013 14:14:15.81][190.201.5.28][1392] SELECT pre_cod_asig1,pre_cod_asig2,pre_cod_asig3,pre_cod_asig4,pre_cod_asig5,pre_cod_asig6,pre_cod_asig7 FROM tblaca009 WHERE pensum='5' AND c_uni_ca='6' AND c_asigna='300013' [1][0] OK
C:[04/12/2013 14:14:15.81][190.201.5.28][1392] SELECT pre_cod_asig1,pre_cod_asig2,pre_cod_asig3,pre_cod_asig4,pre_cod_asig5,pre_cod_asig6,pre_cod_asig7 FROM tblaca009 WHERE pensum='5' AND c_uni_ca='6' AND c_asigna='300105' [1][0] OK
C:[04/12/2013 14:14:15.81][190.201.5.28][1392] SELECT pre_cod_asig1,pre_cod_asig2,pre_cod_asig3,pre_cod_asig4,pre_cod_asig5,pre_cod_asig6,pre_cod_asig7 FROM tblaca009 WHERE pensum='5' AND c_uni_ca='6' AND c_asigna='300116' [1][0] OK
C:[04/12/2013 14:14:15.88][190.201.5.28][1436] SELECT par_cod_asig1,par_cod_asig2,par_cod_asig3 FROM tblaca009 WHERE pensum='5' AND c_uni_ca='6' AND c_asigna='300113' [1][0] OK
C:[04/12/2013 14:14:15.88][190.201.5.28][1450] SELECT c_asigna FROM dace004 WHERE exp_e='12-22587484' AND c_asigna='300013' AND status IN ('0','3','B','C') [0][0] OK
C:[04/12/2013 14:14:15.88][190.201.5.28][1436] SELECT par_cod_asig1,par_cod_asig2,par_cod_asig3 FROM tblaca009 WHERE pensum='5' AND c_uni_ca='6' AND c_asigna='300013' [1][0] OK
C:[04/12/2013 14:14:15.88][190.201.5.28][1436] SELECT par_cod_asig1,par_cod_asig2,par_cod_asig3 FROM tblaca009 WHERE pensum='5' AND c_uni_ca='6' AND c_asigna='300105' [1][0] OK
C:[04/12/2013 14:14:15.88][190.201.5.28][1436] SELECT par_cod_asig1,par_cod_asig2,par_cod_asig3 FROM tblaca009 WHERE pensum='5' AND c_uni_ca='6' AND c_asigna='300116' [1][0] OK
C:[04/12/2013 14:14:15.51][190.201.5.28][1566] SELECT horas_lab FROM tblaca008 WHERE c_asigna='300113' AND horas_teoricas > 0 [0][0] OK
C:[04/12/2013 14:14:15.63][190.201.5.28][1600] SELECT sum(u_creditos*1) FROM dace006 a, tblaca009 b WHERE a.exp_e='12-22587484' AND a.lapso='2013-2' AND b.pensum='5' AND b.c_uni_ca='6' AND status IN ('7','A','2') AND a.c_asigna=b.c_asigna  [1][0] OK
C:[04/12/2013 14:14:16.13][190.201.5.28][1619] SELECT sum(u_creditos*1) FROM dace006 a, tblaca009 b WHERE a.exp_e='12-22587484' AND a.lapso='2013-2' AND b.pensum='5' AND b.c_uni_ca='6' AND status IN ('7','A','2') AND a.c_asigna=b.c_asigna AND a.c_asigna IN ('300013','300105','300116') [1][0] OK
C:[04/12/2013 14:14:16.63][190.201.5.28][1635] SELECT MAX(semestre) FROM dace006 a, tblaca009 b WHERE a.exp_e='12-22587484' AND a.lapso='2013-2' AND b.pensum='5' AND b.c_uni_ca='6' AND status IN ('7','A','2') AND a.c_asigna=b.c_asigna  [1][0] OK
C:[04/12/2013 14:14:16.69][190.201.5.28][1655] SELECT MIN(semestre) FROM dace006 a, tblaca009 b WHERE a.exp_e='12-22587484' AND a.lapso='2013-2' AND b.pensum='5' AND b.c_uni_ca='6' AND status IN ('7','A','2') AND a.c_asigna=b.c_asigna AND a.c_asigna IN ('300113') [1][0] OK
C:[04/12/2013 16:58:14.08][172.16.4.247][1392] SELECT pre_cod_asig1,pre_cod_asig2,pre_cod_asig3,pre_cod_asig4,pre_cod_asig5,pre_cod_asig6,pre_cod_asig7 FROM tblaca009 WHERE pensum='5' AND c_uni_ca='3' AND c_asigna='311046' [1][0] OK
C:[04/12/2013 16:58:14.08][172.16.4.247][1405] SELECT c_asigna FROM dace004 WHERE exp_e='09-24035167' AND c_asigna='311822' AND status IN ('0','3','B') [1][0] OK
C:[04/12/2013 16:58:14.08][172.16.4.247][1392] SELECT pre_cod_asig1,pre_cod_asig2,pre_cod_asig3,pre_cod_asig4,pre_cod_asig5,pre_cod_asig6,pre_cod_asig7 FROM tblaca009 WHERE pensum='5' AND c_uni_ca='3' AND c_asigna='311825' [1][0] OK
C:[04/12/2013 16:58:14.08][172.16.4.247][1405] SELECT c_asigna FROM dace004 WHERE exp_e='09-24035167' AND c_asigna='311775' AND status IN ('0','3','B') [1][0] OK
C:[04/12/2013 16:58:14.08][172.16.4.247][1405] SELECT c_asigna FROM dace004 WHERE exp_e='09-24035167' AND c_asigna='311795' AND status IN ('0','3','B') [1][0] OK
C:[04/12/2013 16:58:14.08][172.16.4.247][1392] SELECT pre_cod_asig1,pre_cod_asig2,pre_cod_asig3,pre_cod_asig4,pre_cod_asig5,pre_cod_asig6,pre_cod_asig7 FROM tblaca009 WHERE pensum='5' AND c_uni_ca='3' AND c_asigna='311827' [1][0] OK
C:[04/12/2013 16:58:14.08][172.16.4.247][1405] SELECT c_asigna FROM dace004 WHERE exp_e='09-24035167' AND c_asigna='311704' AND status IN ('0','3','B') [1][0] OK
C:[04/12/2013 16:58:14.08][172.16.4.247][1392] SELECT pre_cod_asig1,pre_cod_asig2,pre_cod_asig3,pre_cod_asig4,pre_cod_asig5,pre_cod_asig6,pre_cod_asig7 FROM tblaca009 WHERE pensum='5' AND c_uni_ca='3' AND c_asigna='311094' [1][0] OK
C:[04/12/2013 16:58:14.08][172.16.4.247][1405] SELECT c_asigna FROM dace004 WHERE exp_e='09-24035167' AND c_asigna='311822' AND status IN ('0','3','B') [1][0] OK
C:[04/12/2013 16:58:14.08][172.16.4.247][1405] SELECT c_asigna FROM dace004 WHERE exp_e='09-24035167' AND c_asigna='311823' AND status IN ('0','3','B') [1][0] OK
C:[04/12/2013 16:58:14.08][172.16.4.247][1392] SELECT pre_cod_asig1,pre_cod_asig2,pre_cod_asig3,pre_cod_asig4,pre_cod_asig5,pre_cod_asig6,pre_cod_asig7 FROM tblaca009 WHERE pensum='5' AND c_uni_ca='3' AND c_asigna='311098' [1][0] OK
C:[04/12/2013 16:58:14.08][172.16.4.247][1405] SELECT c_asigna FROM dace004 WHERE exp_e='09-24035167' AND c_asigna='311822' AND status IN ('0','3','B') [1][0] OK
C:[04/12/2013 16:58:14.08][172.16.4.247][1392] SELECT pre_cod_asig1,pre_cod_asig2,pre_cod_asig3,pre_cod_asig4,pre_cod_asig5,pre_cod_asig6,pre_cod_asig7 FROM tblaca009 WHERE pensum='5' AND c_uni_ca='3' AND c_asigna='311824' [1][0] OK
C:[04/12/2013 16:58:14.08][172.16.4.247][1405] SELECT c_asigna FROM dace004 WHERE exp_e='09-24035167' AND c_asigna='311796' AND status IN ('0','3','B') [1][0] OK
C:[04/12/2013 16:58:14.08][172.16.4.247][1405] SELECT c_asigna FROM dace004 WHERE exp_e='09-24035167' AND c_asigna='315671' AND status IN ('0','3','B') [1][0] OK
C:[04/12/2013 16:58:14.08][172.16.4.247][1405] SELECT c_asigna FROM dace004 WHERE exp_e='09-24035167' AND c_asigna='311552' AND status IN ('0','3','B') [1][0] OK
C:[04/12/2013 16:58:14.08][172.16.4.247][1405] SELECT c_asigna FROM dace004 WHERE exp_e='09-24035167' AND c_asigna='311430' AND status IN ('0','3','B') [1][0] OK
C:[04/12/2013 16:58:14.08][172.16.4.247][1405] SELECT c_asigna FROM dace004 WHERE exp_e='09-24035167' AND c_asigna='300317' AND status IN ('0','3','B') [1][0] OK
C:[04/12/2013 16:58:14.08][172.16.4.247][1405] SELECT c_asigna FROM dace004 WHERE exp_e='09-24035167' AND c_asigna='300318' AND status IN ('0','3','B') [1][0] OK
C:[04/12/2013 16:58:14.08][172.16.4.247][1405] SELECT c_asigna FROM dace004 WHERE exp_e='09-24035167' AND c_asigna='300313' AND status IN ('0','3','B') [1][0] OK
C:[04/12/2013 16:58:14.08][172.16.4.247][1392] SELECT pre_cod_asig1,pre_cod_asig2,pre_cod_asig3,pre_cod_asig4,pre_cod_asig5,pre_cod_asig6,pre_cod_asig7 FROM tblaca009 WHERE pensum='5' AND c_uni_ca='3' AND c_asigna='311826' [1][0] OK
C:[04/12/2013 16:58:14.08][172.16.4.247][1405] SELECT c_asigna FROM dace004 WHERE exp_e='09-24035167' AND c_asigna='311799' AND status IN ('0','3','B') [1][0] OK
C:[04/12/2013 16:58:15.83][172.16.4.247][1436] SELECT par_cod_asig1,par_cod_asig2,par_cod_asig3 FROM tblaca009 WHERE pensum='5' AND c_uni_ca='3' AND c_asigna='311046' [1][0] OK
C:[04/12/2013 16:58:15.83][172.16.4.247][1436] SELECT par_cod_asig1,par_cod_asig2,par_cod_asig3 FROM tblaca009 WHERE pensum='5' AND c_uni_ca='3' AND c_asigna='311825' [1][0] OK
C:[04/12/2013 16:58:15.83][172.16.4.247][1436] SELECT par_cod_asig1,par_cod_asig2,par_cod_asig3 FROM tblaca009 WHERE pensum='5' AND c_uni_ca='3' AND c_asigna='311827' [1][0] OK
C:[04/12/2013 16:58:15.83][172.16.4.247][1436] SELECT par_cod_asig1,par_cod_asig2,par_cod_asig3 FROM tblaca009 WHERE pensum='5' AND c_uni_ca='3' AND c_asigna='311094' [1][0] OK
C:[04/12/2013 16:58:15.83][172.16.4.247][1436] SELECT par_cod_asig1,par_cod_asig2,par_cod_asig3 FROM tblaca009 WHERE pensum='5' AND c_uni_ca='3' AND c_asigna='311098' [1][0] OK
C:[04/12/2013 16:58:15.83][172.16.4.247][1436] SELECT par_cod_asig1,par_cod_asig2,par_cod_asig3 FROM tblaca009 WHERE pensum='5' AND c_uni_ca='3' AND c_asigna='311824' [1][0] OK
C:[04/12/2013 16:58:15.83][172.16.4.247][1436] SELECT par_cod_asig1,par_cod_asig2,par_cod_asig3 FROM tblaca009 WHERE pensum='5' AND c_uni_ca='3' AND c_asigna='311826' [1][0] OK
C:[04/12/2013 16:58:15.73][172.16.4.247][1566] SELECT horas_lab FROM tblaca008 WHERE c_asigna='311046' AND horas_teoricas > 0 [1][0] OK
C:[04/12/2013 16:58:15.83][172.16.4.247][1600] SELECT sum(u_creditos*1) FROM dace006 a, tblaca009 b WHERE a.exp_e='09-24035167' AND a.lapso='2013-2' AND b.pensum='5' AND b.c_uni_ca='3' AND status IN ('7','A','2') AND a.c_asigna=b.c_asigna  [1][0] OK
C:[04/12/2013 16:58:16.77][172.16.4.247][1619] SELECT sum(u_creditos*1) FROM dace006 a, tblaca009 b WHERE a.exp_e='09-24035167' AND a.lapso='2013-2' AND b.pensum='5' AND b.c_uni_ca='3' AND status IN ('7','A','2') AND a.c_asigna=b.c_asigna AND a.c_asigna IN ('311825','311827','311094','311098','311824','311826') [1][0] OK
C:[04/12/2013 16:58:16.71][172.16.4.247][1635] SELECT MAX(semestre) FROM dace006 a, tblaca009 b WHERE a.exp_e='09-24035167' AND a.lapso='2013-2' AND b.pensum='5' AND b.c_uni_ca='3' AND status IN ('7','A','2') AND a.c_asigna=b.c_asigna  [1][0] OK
C:[04/12/2013 16:58:16.65][172.16.4.247][1655] SELECT MIN(semestre) FROM dace006 a, tblaca009 b WHERE a.exp_e='09-24035167' AND a.lapso='2013-2' AND b.pensum='5' AND b.c_uni_ca='3' AND status IN ('7','A','2') AND a.c_asigna=b.c_asigna AND a.c_asigna IN ('311046') [1][0] OK
C:[04/12/2013 16:59:38.41][172.16.4.247][1392] SELECT pre_cod_asig1,pre_cod_asig2,pre_cod_asig3,pre_cod_asig4,pre_cod_asig5,pre_cod_asig6,pre_cod_asig7 FROM tblaca009 WHERE pensum='5' AND c_uni_ca='3' AND c_asigna='311046' [1][0] OK
C:[04/12/2013 16:59:38.41][172.16.4.247][1405] SELECT c_asigna FROM dace004 WHERE exp_e='09-20137971' AND c_asigna='311822' AND status IN ('0','3','B') [1][0] OK
C:[04/12/2013 16:59:38.41][172.16.4.247][1392] SELECT pre_cod_asig1,pre_cod_asig2,pre_cod_asig3,pre_cod_asig4,pre_cod_asig5,pre_cod_asig6,pre_cod_asig7 FROM tblaca009 WHERE pensum='5' AND c_uni_ca='3' AND c_asigna='311824' [1][0] OK
C:[04/12/2013 16:59:38.41][172.16.4.247][1405] SELECT c_asigna FROM dace004 WHERE exp_e='09-20137971' AND c_asigna='311796' AND status IN ('0','3','B') [1][0] OK
C:[04/12/2013 16:59:38.41][172.16.4.247][1405] SELECT c_asigna FROM dace004 WHERE exp_e='09-20137971' AND c_asigna='315671' AND status IN ('0','3','B') [1][0] OK
C:[04/12/2013 16:59:38.41][172.16.4.247][1405] SELECT c_asigna FROM dace004 WHERE exp_e='09-20137971' AND c_asigna='311552' AND status IN ('0','3','B') [1][0] OK
C:[04/12/2013 16:59:38.41][172.16.4.247][1405] SELECT c_asigna FROM dace004 WHERE exp_e='09-20137971' AND c_asigna='311430' AND status IN ('0','3','B') [1][0] OK
C:[04/12/2013 16:59:38.41][172.16.4.247][1405] SELECT c_asigna FROM dace004 WHERE exp_e='09-20137971' AND c_asigna='300317' AND status IN ('0','3','B') [1][0] OK
C:[04/12/2013 16:59:38.41][172.16.4.247][1405] SELECT c_asigna FROM dace004 WHERE exp_e='09-20137971' AND c_asigna='300318' AND status IN ('0','3','B') [1][0] OK
C:[04/12/2013 16:59:38.41][172.16.4.247][1405] SELECT c_asigna FROM dace004 WHERE exp_e='09-20137971' AND c_asigna='300313' AND status IN ('0','3','B') [1][0] OK
C:[04/12/2013 16:59:38.41][172.16.4.247][1392] SELECT pre_cod_asig1,pre_cod_asig2,pre_cod_asig3,pre_cod_asig4,pre_cod_asig5,pre_cod_asig6,pre_cod_asig7 FROM tblaca009 WHERE pensum='5' AND c_uni_ca='3' AND c_asigna='311825' [1][0] OK
C:[04/12/2013 16:59:38.41][172.16.4.247][1405] SELECT c_asigna FROM dace004 WHERE exp_e='09-20137971' AND c_asigna='311775' AND status IN ('0','3','B') [1][0] OK
C:[04/12/2013 16:59:38.41][172.16.4.247][1405] SELECT c_asigna FROM dace004 WHERE exp_e='09-20137971' AND c_asigna='311795' AND status IN ('0','3','B') [1][0] OK
C:[04/12/2013 16:59:38.41][172.16.4.247][1392] SELECT pre_cod_asig1,pre_cod_asig2,pre_cod_asig3,pre_cod_asig4,pre_cod_asig5,pre_cod_asig6,pre_cod_asig7 FROM tblaca009 WHERE pensum='5' AND c_uni_ca='3' AND c_asigna='311826' [1][0] OK
C:[04/12/2013 16:59:38.41][172.16.4.247][1405] SELECT c_asigna FROM dace004 WHERE exp_e='09-20137971' AND c_asigna='311799' AND status IN ('0','3','B') [1][0] OK
C:[04/12/2013 16:59:38.41][172.16.4.247][1392] SELECT pre_cod_asig1,pre_cod_asig2,pre_cod_asig3,pre_cod_asig4,pre_cod_asig5,pre_cod_asig6,pre_cod_asig7 FROM tblaca009 WHERE pensum='5' AND c_uni_ca='3' AND c_asigna='311827' [1][0] OK
C:[04/12/2013 16:59:38.41][172.16.4.247][1405] SELECT c_asigna FROM dace004 WHERE exp_e='09-20137971' AND c_asigna='311704' AND status IN ('0','3','B') [1][0] OK
C:[04/12/2013 16:59:38.41][172.16.4.247][1392] SELECT pre_cod_asig1,pre_cod_asig2,pre_cod_asig3,pre_cod_asig4,pre_cod_asig5,pre_cod_asig6,pre_cod_asig7 FROM tblaca009 WHERE pensum='5' AND c_uni_ca='3' AND c_asigna='311094' [1][0] OK
C:[04/12/2013 16:59:38.41][172.16.4.247][1405] SELECT c_asigna FROM dace004 WHERE exp_e='09-20137971' AND c_asigna='311822' AND status IN ('0','3','B') [1][0] OK
C:[04/12/2013 16:59:38.41][172.16.4.247][1405] SELECT c_asigna FROM dace004 WHERE exp_e='09-20137971' AND c_asigna='311823' AND status IN ('0','3','B') [1][0] OK
C:[04/12/2013 16:59:38.41][172.16.4.247][1392] SELECT pre_cod_asig1,pre_cod_asig2,pre_cod_asig3,pre_cod_asig4,pre_cod_asig5,pre_cod_asig6,pre_cod_asig7 FROM tblaca009 WHERE pensum='5' AND c_uni_ca='3' AND c_asigna='311098' [1][0] OK
C:[04/12/2013 16:59:38.41][172.16.4.247][1405] SELECT c_asigna FROM dace004 WHERE exp_e='09-20137971' AND c_asigna='311822' AND status IN ('0','3','B') [1][0] OK
C:[04/12/2013 16:59:38.16][172.16.4.247][1436] SELECT par_cod_asig1,par_cod_asig2,par_cod_asig3 FROM tblaca009 WHERE pensum='5' AND c_uni_ca='3' AND c_asigna='311046' [1][0] OK
C:[04/12/2013 16:59:38.16][172.16.4.247][1436] SELECT par_cod_asig1,par_cod_asig2,par_cod_asig3 FROM tblaca009 WHERE pensum='5' AND c_uni_ca='3' AND c_asigna='311824' [1][0] OK
C:[04/12/2013 16:59:38.16][172.16.4.247][1436] SELECT par_cod_asig1,par_cod_asig2,par_cod_asig3 FROM tblaca009 WHERE pensum='5' AND c_uni_ca='3' AND c_asigna='311825' [1][0] OK
C:[04/12/2013 16:59:38.16][172.16.4.247][1436] SELECT par_cod_asig1,par_cod_asig2,par_cod_asig3 FROM tblaca009 WHERE pensum='5' AND c_uni_ca='3' AND c_asigna='311826' [1][0] OK
C:[04/12/2013 16:59:38.16][172.16.4.247][1436] SELECT par_cod_asig1,par_cod_asig2,par_cod_asig3 FROM tblaca009 WHERE pensum='5' AND c_uni_ca='3' AND c_asigna='311827' [1][0] OK
C:[04/12/2013 16:59:38.16][172.16.4.247][1436] SELECT par_cod_asig1,par_cod_asig2,par_cod_asig3 FROM tblaca009 WHERE pensum='5' AND c_uni_ca='3' AND c_asigna='311094' [1][0] OK
C:[04/12/2013 16:59:38.16][172.16.4.247][1436] SELECT par_cod_asig1,par_cod_asig2,par_cod_asig3 FROM tblaca009 WHERE pensum='5' AND c_uni_ca='3' AND c_asigna='311098' [1][0] OK
C:[04/12/2013 16:59:39.05][172.16.4.247][1566] SELECT horas_lab FROM tblaca008 WHERE c_asigna='311046' AND horas_teoricas > 0 [1][0] OK
C:[04/12/2013 16:59:39.16][172.16.4.247][1600] SELECT sum(u_creditos*1) FROM dace006 a, tblaca009 b WHERE a.exp_e='09-20137971' AND a.lapso='2013-2' AND b.pensum='5' AND b.c_uni_ca='3' AND status IN ('7','A','2') AND a.c_asigna=b.c_asigna  [1][0] OK
C:[04/12/2013 16:59:39.09][172.16.4.247][1619] SELECT sum(u_creditos*1) FROM dace006 a, tblaca009 b WHERE a.exp_e='09-20137971' AND a.lapso='2013-2' AND b.pensum='5' AND b.c_uni_ca='3' AND status IN ('7','A','2') AND a.c_asigna=b.c_asigna AND a.c_asigna IN ('311824','311825','311826','311827','311094','311098') [1][0] OK
C:[04/12/2013 16:59:39.03][172.16.4.247][1635] SELECT MAX(semestre) FROM dace006 a, tblaca009 b WHERE a.exp_e='09-20137971' AND a.lapso='2013-2' AND b.pensum='5' AND b.c_uni_ca='3' AND status IN ('7','A','2') AND a.c_asigna=b.c_asigna  [1][0] OK
C:[04/12/2013 16:59:39.97][172.16.4.247][1655] SELECT MIN(semestre) FROM dace006 a, tblaca009 b WHERE a.exp_e='09-20137971' AND a.lapso='2013-2' AND b.pensum='5' AND b.c_uni_ca='3' AND status IN ('7','A','2') AND a.c_asigna=b.c_asigna AND a.c_asigna IN ('311046') [1][0] OK
C:[04/12/2013 17:00:29.24][172.16.4.247][1392] SELECT pre_cod_asig1,pre_cod_asig2,pre_cod_asig3,pre_cod_asig4,pre_cod_asig5,pre_cod_asig6,pre_cod_asig7 FROM tblaca009 WHERE pensum='5' AND c_uni_ca='3' AND c_asigna='311046' [1][0] OK
C:[04/12/2013 17:00:29.24][172.16.4.247][1405] SELECT c_asigna FROM dace004 WHERE exp_e='06-18077698' AND c_asigna='311822' AND status IN ('0','3','B') [1][0] OK
C:[04/12/2013 17:00:29.24][172.16.4.247][1392] SELECT pre_cod_asig1,pre_cod_asig2,pre_cod_asig3,pre_cod_asig4,pre_cod_asig5,pre_cod_asig6,pre_cod_asig7 FROM tblaca009 WHERE pensum='5' AND c_uni_ca='3' AND c_asigna='311825' [1][0] OK
C:[04/12/2013 17:00:29.24][172.16.4.247][1405] SELECT c_asigna FROM dace004 WHERE exp_e='06-18077698' AND c_asigna='311775' AND status IN ('0','3','B') [1][0] OK
C:[04/12/2013 17:00:29.24][172.16.4.247][1405] SELECT c_asigna FROM dace004 WHERE exp_e='06-18077698' AND c_asigna='311795' AND status IN ('0','3','B') [1][0] OK
C:[04/12/2013 17:00:29.24][172.16.4.247][1392] SELECT pre_cod_asig1,pre_cod_asig2,pre_cod_asig3,pre_cod_asig4,pre_cod_asig5,pre_cod_asig6,pre_cod_asig7 FROM tblaca009 WHERE pensum='5' AND c_uni_ca='3' AND c_asigna='311827' [1][0] OK
C:[04/12/2013 17:00:29.24][172.16.4.247][1405] SELECT c_asigna FROM dace004 WHERE exp_e='06-18077698' AND c_asigna='311704' AND status IN ('0','3','B') [1][0] OK
C:[04/12/2013 17:00:29.24][172.16.4.247][1392] SELECT pre_cod_asig1,pre_cod_asig2,pre_cod_asig3,pre_cod_asig4,pre_cod_asig5,pre_cod_asig6,pre_cod_asig7 FROM tblaca009 WHERE pensum='5' AND c_uni_ca='3' AND c_asigna='311826' [1][0] OK
C:[04/12/2013 17:00:29.24][172.16.4.247][1405] SELECT c_asigna FROM dace004 WHERE exp_e='06-18077698' AND c_asigna='311799' AND status IN ('0','3','B') [1][0] OK
C:[04/12/2013 17:00:29.24][172.16.4.247][1392] SELECT pre_cod_asig1,pre_cod_asig2,pre_cod_asig3,pre_cod_asig4,pre_cod_asig5,pre_cod_asig6,pre_cod_asig7 FROM tblaca009 WHERE pensum='5' AND c_uni_ca='3' AND c_asigna='311094' [1][0] OK
C:[04/12/2013 17:00:29.24][172.16.4.247][1405] SELECT c_asigna FROM dace004 WHERE exp_e='06-18077698' AND c_asigna='311822' AND status IN ('0','3','B') [1][0] OK
C:[04/12/2013 17:00:29.24][172.16.4.247][1405] SELECT c_asigna FROM dace004 WHERE exp_e='06-18077698' AND c_asigna='311823' AND status IN ('0','3','B') [1][0] OK
C:[04/12/2013 17:00:29.24][172.16.4.247][1392] SELECT pre_cod_asig1,pre_cod_asig2,pre_cod_asig3,pre_cod_asig4,pre_cod_asig5,pre_cod_asig6,pre_cod_asig7 FROM tblaca009 WHERE pensum='5' AND c_uni_ca='3' AND c_asigna='311098' [1][0] OK
C:[04/12/2013 17:00:29.24][172.16.4.247][1405] SELECT c_asigna FROM dace004 WHERE exp_e='06-18077698' AND c_asigna='311822' AND status IN ('0','3','B') [1][0] OK
C:[04/12/2013 17:00:29.24][172.16.4.247][1392] SELECT pre_cod_asig1,pre_cod_asig2,pre_cod_asig3,pre_cod_asig4,pre_cod_asig5,pre_cod_asig6,pre_cod_asig7 FROM tblaca009 WHERE pensum='5' AND c_uni_ca='3' AND c_asigna='311988' [1][0] OK
C:[04/12/2013 17:00:29.24][172.16.4.247][1405] SELECT c_asigna FROM dace004 WHERE exp_e='06-18077698' AND c_asigna='311822' AND status IN ('0','3','B') [1][0] OK
C:[04/12/2013 17:00:29.24][172.16.4.247][1436] SELECT par_cod_asig1,par_cod_asig2,par_cod_asig3 FROM tblaca009 WHERE pensum='5' AND c_uni_ca='3' AND c_asigna='311046' [1][0] OK
C:[04/12/2013 17:00:29.24][172.16.4.247][1436] SELECT par_cod_asig1,par_cod_asig2,par_cod_asig3 FROM tblaca009 WHERE pensum='5' AND c_uni_ca='3' AND c_asigna='311825' [1][0] OK
C:[04/12/2013 17:00:29.24][172.16.4.247][1436] SELECT par_cod_asig1,par_cod_asig2,par_cod_asig3 FROM tblaca009 WHERE pensum='5' AND c_uni_ca='3' AND c_asigna='311827' [1][0] OK
C:[04/12/2013 17:00:29.24][172.16.4.247][1436] SELECT par_cod_asig1,par_cod_asig2,par_cod_asig3 FROM tblaca009 WHERE pensum='5' AND c_uni_ca='3' AND c_asigna='311826' [1][0] OK
C:[04/12/2013 17:00:29.24][172.16.4.247][1436] SELECT par_cod_asig1,par_cod_asig2,par_cod_asig3 FROM tblaca009 WHERE pensum='5' AND c_uni_ca='3' AND c_asigna='311094' [1][0] OK
C:[04/12/2013 17:00:29.24][172.16.4.247][1436] SELECT par_cod_asig1,par_cod_asig2,par_cod_asig3 FROM tblaca009 WHERE pensum='5' AND c_uni_ca='3' AND c_asigna='311098' [1][0] OK
C:[04/12/2013 17:00:29.24][172.16.4.247][1436] SELECT par_cod_asig1,par_cod_asig2,par_cod_asig3 FROM tblaca009 WHERE pensum='5' AND c_uni_ca='3' AND c_asigna='311988' [1][0] OK
C:[04/12/2013 17:00:30.39][172.16.4.247][1566] SELECT horas_lab FROM tblaca008 WHERE c_asigna='311046' AND horas_teoricas > 0 [1][0] OK
C:[04/12/2013 17:00:30.49][172.16.4.247][1600] SELECT sum(u_creditos*1) FROM dace006 a, tblaca009 b WHERE a.exp_e='06-18077698' AND a.lapso='2013-2' AND b.pensum='5' AND b.c_uni_ca='3' AND status IN ('7','A','2') AND a.c_asigna=b.c_asigna  [1][0] OK
C:[04/12/2013 17:00:30.44][172.16.4.247][1619] SELECT sum(u_creditos*1) FROM dace006 a, tblaca009 b WHERE a.exp_e='06-18077698' AND a.lapso='2013-2' AND b.pensum='5' AND b.c_uni_ca='3' AND status IN ('7','A','2') AND a.c_asigna=b.c_asigna AND a.c_asigna IN ('311825','311827','311826','311094','311098','311988') [1][0] OK
C:[04/12/2013 17:00:30.93][172.16.4.247][1635] SELECT MAX(semestre) FROM dace006 a, tblaca009 b WHERE a.exp_e='06-18077698' AND a.lapso='2013-2' AND b.pensum='5' AND b.c_uni_ca='3' AND status IN ('7','A','2') AND a.c_asigna=b.c_asigna  [1][0] OK
C:[04/12/2013 17:00:30.87][172.16.4.247][1655] SELECT MIN(semestre) FROM dace006 a, tblaca009 b WHERE a.exp_e='06-18077698' AND a.lapso='2013-2' AND b.pensum='5' AND b.c_uni_ca='3' AND status IN ('7','A','2') AND a.c_asigna=b.c_asigna AND a.c_asigna IN ('311046') [1][0] OK
C:[04/12/2013 21:11:53.20][190.198.251.127][1392] SELECT pre_cod_asig1,pre_cod_asig2,pre_cod_asig3,pre_cod_asig4,pre_cod_asig5,pre_cod_asig6,pre_cod_asig7 FROM tblaca009 WHERE pensum='5' AND c_uni_ca='3' AND c_asigna='300676' [1][0] OK
C:[04/12/2013 21:11:53.20][190.198.251.127][1392] SELECT pre_cod_asig1,pre_cod_asig2,pre_cod_asig3,pre_cod_asig4,pre_cod_asig5,pre_cod_asig6,pre_cod_asig7 FROM tblaca009 WHERE pensum='5' AND c_uni_ca='3' AND c_asigna='311551' [1][0] OK
C:[04/12/2013 21:11:53.20][190.198.251.127][1405] SELECT c_asigna FROM dace004 WHERE exp_e='09-19157181' AND c_asigna='311430' AND status IN ('0','3','B') [1][0] OK
C:[04/12/2013 21:11:53.20][190.198.251.127][1405] SELECT c_asigna FROM dace004 WHERE exp_e='09-19157181' AND c_asigna='311431' AND status IN ('0','3','B') [1][0] OK
C:[04/12/2013 21:11:53.20][190.198.251.127][1405] SELECT c_asigna FROM dace004 WHERE exp_e='09-19157181' AND c_asigna='300222' AND status IN ('0','3','B') [1][0] OK
C:[04/12/2013 21:11:53.20][190.198.251.127][1405] SELECT c_asigna FROM dace004 WHERE exp_e='09-19157181' AND c_asigna='300226' AND status IN ('0','3','B') [1][0] OK
C:[04/12/2013 21:11:53.20][190.198.251.127][1405] SELECT c_asigna FROM dace004 WHERE exp_e='09-19157181' AND c_asigna='300209' AND status IN ('0','3','B') [1][0] OK
C:[04/12/2013 21:11:53.20][190.198.251.127][1405] SELECT c_asigna FROM dace004 WHERE exp_e='09-19157181' AND c_asigna='311320' AND status IN ('0','3','B') [1][0] OK
C:[04/12/2013 21:11:53.20][190.198.251.127][1392] SELECT pre_cod_asig1,pre_cod_asig2,pre_cod_asig3,pre_cod_asig4,pre_cod_asig5,pre_cod_asig6,pre_cod_asig7 FROM tblaca009 WHERE pensum='5' AND c_uni_ca='3' AND c_asigna='311704' [1][0] OK
C:[04/12/2013 21:11:53.20][190.198.251.127][1405] SELECT c_asigna FROM dace004 WHERE exp_e='09-19157181' AND c_asigna='315671' AND status IN ('0','3','B') [1][0] OK
C:[04/12/2013 21:11:53.20][190.198.251.127][1392] SELECT pre_cod_asig1,pre_cod_asig2,pre_cod_asig3,pre_cod_asig4,pre_cod_asig5,pre_cod_asig6,pre_cod_asig7 FROM tblaca009 WHERE pensum='5' AND c_uni_ca='3' AND c_asigna='311796' [1][0] OK
C:[04/12/2013 21:11:53.20][190.198.251.127][1405] SELECT c_asigna FROM dace004 WHERE exp_e='09-19157181' AND c_asigna='315671' AND status IN ('0','3','B') [1][0] OK
C:[04/12/2013 21:11:53.20][190.198.251.127][1392] SELECT pre_cod_asig1,pre_cod_asig2,pre_cod_asig3,pre_cod_asig4,pre_cod_asig5,pre_cod_asig6,pre_cod_asig7 FROM tblaca009 WHERE pensum='5' AND c_uni_ca='3' AND c_asigna='311655' [1][0] OK
C:[04/12/2013 21:11:53.20][190.198.251.127][1405] SELECT c_asigna FROM dace004 WHERE exp_e='09-19157181' AND c_asigna='311556' AND status IN ('0','3','B') [1][0] OK
C:[04/12/2013 21:11:54.52][190.198.251.127][1436] SELECT par_cod_asig1,par_cod_asig2,par_cod_asig3 FROM tblaca009 WHERE pensum='5' AND c_uni_ca='3' AND c_asigna='300676' [1][0] OK
C:[04/12/2013 21:11:54.52][190.198.251.127][1436] SELECT par_cod_asig1,par_cod_asig2,par_cod_asig3 FROM tblaca009 WHERE pensum='5' AND c_uni_ca='3' AND c_asigna='311551' [1][0] OK
C:[04/12/2013 21:11:54.52][190.198.251.127][1436] SELECT par_cod_asig1,par_cod_asig2,par_cod_asig3 FROM tblaca009 WHERE pensum='5' AND c_uni_ca='3' AND c_asigna='311704' [1][0] OK
C:[04/12/2013 21:11:54.52][190.198.251.127][1436] SELECT par_cod_asig1,par_cod_asig2,par_cod_asig3 FROM tblaca009 WHERE pensum='5' AND c_uni_ca='3' AND c_asigna='311796' [1][0] OK
C:[04/12/2013 21:11:54.52][190.198.251.127][1436] SELECT par_cod_asig1,par_cod_asig2,par_cod_asig3 FROM tblaca009 WHERE pensum='5' AND c_uni_ca='3' AND c_asigna='311655' [1][0] OK
C:[04/12/2013 21:11:54.16][190.198.251.127][1566] SELECT horas_lab FROM tblaca008 WHERE c_asigna='300676' AND horas_teoricas > 0 [1][0] OK
C:[04/12/2013 21:11:54.27][190.198.251.127][1600] SELECT sum(u_creditos*1) FROM dace006 a, tblaca009 b WHERE a.exp_e='09-19157181' AND a.lapso='2013-2' AND b.pensum='5' AND b.c_uni_ca='3' AND status IN ('7','A','2') AND a.c_asigna=b.c_asigna  [1][0] OK
C:[04/12/2013 21:11:54.21][190.198.251.127][1619] SELECT sum(u_creditos*1) FROM dace006 a, tblaca009 b WHERE a.exp_e='09-19157181' AND a.lapso='2013-2' AND b.pensum='5' AND b.c_uni_ca='3' AND status IN ('7','A','2') AND a.c_asigna=b.c_asigna AND a.c_asigna IN ('311551','311704','311796','311655') [1][0] OK
C:[04/12/2013 21:11:54.15][190.198.251.127][1635] SELECT MAX(semestre) FROM dace006 a, tblaca009 b WHERE a.exp_e='09-19157181' AND a.lapso='2013-2' AND b.pensum='5' AND b.c_uni_ca='3' AND status IN ('7','A','2') AND a.c_asigna=b.c_asigna  [1][0] OK
C:[04/12/2013 21:11:54.08][190.198.251.127][1655] SELECT MIN(semestre) FROM dace006 a, tblaca009 b WHERE a.exp_e='09-19157181' AND a.lapso='2013-2' AND b.pensum='5' AND b.c_uni_ca='3' AND status IN ('7','A','2') AND a.c_asigna=b.c_asigna AND a.c_asigna IN ('300676') [1][0] OK
C:[04/12/2013 23:21:49.73][190.198.228.231][1392] SELECT pre_cod_asig1,pre_cod_asig2,pre_cod_asig3,pre_cod_asig4,pre_cod_asig5,pre_cod_asig6,pre_cod_asig7 FROM tblaca009 WHERE pensum='5' AND c_uni_ca='3' AND c_asigna='300676' [1][0] OK
C:[04/12/2013 23:21:49.73][190.198.228.231][1392] SELECT pre_cod_asig1,pre_cod_asig2,pre_cod_asig3,pre_cod_asig4,pre_cod_asig5,pre_cod_asig6,pre_cod_asig7 FROM tblaca009 WHERE pensum='5' AND c_uni_ca='3' AND c_asigna='311551' [1][0] OK
C:[04/12/2013 23:21:49.73][190.198.228.231][1405] SELECT c_asigna FROM dace004 WHERE exp_e='10-20037392' AND c_asigna='311430' AND status IN ('0','3','B') [1][0] OK
C:[04/12/2013 23:21:49.73][190.198.228.231][1405] SELECT c_asigna FROM dace004 WHERE exp_e='10-20037392' AND c_asigna='311431' AND status IN ('0','3','B') [1][0] OK
C:[04/12/2013 23:21:49.73][190.198.228.231][1405] SELECT c_asigna FROM dace004 WHERE exp_e='10-20037392' AND c_asigna='300222' AND status IN ('0','3','B') [1][0] OK
C:[04/12/2013 23:21:49.73][190.198.228.231][1405] SELECT c_asigna FROM dace004 WHERE exp_e='10-20037392' AND c_asigna='300226' AND status IN ('0','3','B') [1][0] OK
C:[04/12/2013 23:21:49.73][190.198.228.231][1405] SELECT c_asigna FROM dace004 WHERE exp_e='10-20037392' AND c_asigna='300209' AND status IN ('0','3','B') [1][0] OK
C:[04/12/2013 23:21:49.73][190.198.228.231][1405] SELECT c_asigna FROM dace004 WHERE exp_e='10-20037392' AND c_asigna='311320' AND status IN ('0','3','B') [1][0] OK
C:[04/12/2013 23:21:49.73][190.198.228.231][1392] SELECT pre_cod_asig1,pre_cod_asig2,pre_cod_asig3,pre_cod_asig4,pre_cod_asig5,pre_cod_asig6,pre_cod_asig7 FROM tblaca009 WHERE pensum='5' AND c_uni_ca='3' AND c_asigna='311556' [1][0] OK
C:[04/12/2013 23:21:49.73][190.198.228.231][1405] SELECT c_asigna FROM dace004 WHERE exp_e='10-20037392' AND c_asigna='311434' AND status IN ('0','3','B') [1][0] OK
C:[04/12/2013 23:21:49.73][190.198.228.231][1405] SELECT c_asigna FROM dace004 WHERE exp_e='10-20037392' AND c_asigna='311430' AND status IN ('0','3','B') [1][0] OK
C:[04/12/2013 23:21:49.73][190.198.228.231][1405] SELECT c_asigna FROM dace004 WHERE exp_e='10-20037392' AND c_asigna='300222' AND status IN ('0','3','B') [1][0] OK
C:[04/12/2013 23:21:49.73][190.198.228.231][1405] SELECT c_asigna FROM dace004 WHERE exp_e='10-20037392' AND c_asigna='300226' AND status IN ('0','3','B') [1][0] OK
C:[04/12/2013 23:21:49.73][190.198.228.231][1405] SELECT c_asigna FROM dace004 WHERE exp_e='10-20037392' AND c_asigna='300209' AND status IN ('0','3','B') [1][0] OK
C:[04/12/2013 23:21:49.73][190.198.228.231][1392] SELECT pre_cod_asig1,pre_cod_asig2,pre_cod_asig3,pre_cod_asig4,pre_cod_asig5,pre_cod_asig6,pre_cod_asig7 FROM tblaca009 WHERE pensum='5' AND c_uni_ca='3' AND c_asigna='315552' [1][0] OK
C:[04/12/2013 23:21:49.73][190.198.228.231][1405] SELECT c_asigna FROM dace004 WHERE exp_e='10-20037392' AND c_asigna='311430' AND status IN ('0','3','B') [1][0] OK
C:[04/12/2013 23:21:49.73][190.198.228.231][1405] SELECT c_asigna FROM dace004 WHERE exp_e='10-20037392' AND c_asigna='300222' AND status IN ('0','3','B') [1][0] OK
C:[04/12/2013 23:21:49.73][190.198.228.231][1405] SELECT c_asigna FROM dace004 WHERE exp_e='10-20037392' AND c_asigna='300226' AND status IN ('0','3','B') [1][0] OK
C:[04/12/2013 23:21:49.73][190.198.228.231][1405] SELECT c_asigna FROM dace004 WHERE exp_e='10-20037392' AND c_asigna='300209' AND status IN ('0','3','B') [1][0] OK
C:[04/12/2013 23:21:49.73][190.198.228.231][1392] SELECT pre_cod_asig1,pre_cod_asig2,pre_cod_asig3,pre_cod_asig4,pre_cod_asig5,pre_cod_asig6,pre_cod_asig7 FROM tblaca009 WHERE pensum='5' AND c_uni_ca='3' AND c_asigna='312444' [1][0] OK
C:[04/12/2013 23:21:49.73][190.198.228.231][1405] SELECT c_asigna FROM dace004 WHERE exp_e='10-20037392' AND c_asigna='312333' AND status IN ('0','3','B') [1][0] OK
C:[04/12/2013 23:21:49.73][190.198.228.231][1392] SELECT pre_cod_asig1,pre_cod_asig2,pre_cod_asig3,pre_cod_asig4,pre_cod_asig5,pre_cod_asig6,pre_cod_asig7 FROM tblaca009 WHERE pensum='5' AND c_uni_ca='3' AND c_asigna='314662' [1][0] OK
C:[04/12/2013 23:21:49.73][190.198.228.231][1405] SELECT c_asigna FROM dace004 WHERE exp_e='10-20037392' AND c_asigna='311552' AND status IN ('0','3','B') [1][0] OK
C:[04/12/2013 23:21:49.86][190.198.228.231][1436] SELECT par_cod_asig1,par_cod_asig2,par_cod_asig3 FROM tblaca009 WHERE pensum='5' AND c_uni_ca='3' AND c_asigna='300676' [1][0] OK
C:[04/12/2013 23:21:49.86][190.198.228.231][1436] SELECT par_cod_asig1,par_cod_asig2,par_cod_asig3 FROM tblaca009 WHERE pensum='5' AND c_uni_ca='3' AND c_asigna='311551' [1][0] OK
C:[04/12/2013 23:21:49.86][190.198.228.231][1436] SELECT par_cod_asig1,par_cod_asig2,par_cod_asig3 FROM tblaca009 WHERE pensum='5' AND c_uni_ca='3' AND c_asigna='311556' [1][0] OK
C:[04/12/2013 23:21:49.86][190.198.228.231][1450] SELECT c_asigna FROM dace004 WHERE exp_e='10-20037392' AND c_asigna='311551' AND status IN ('0','3','B','C') [0][0] OK
C:[04/12/2013 23:21:49.86][190.198.228.231][1436] SELECT par_cod_asig1,par_cod_asig2,par_cod_asig3 FROM tblaca009 WHERE pensum='5' AND c_uni_ca='3' AND c_asigna='315552' [1][0] OK
C:[04/12/2013 23:21:49.86][190.198.228.231][1436] SELECT par_cod_asig1,par_cod_asig2,par_cod_asig3 FROM tblaca009 WHERE pensum='5' AND c_uni_ca='3' AND c_asigna='312444' [1][0] OK
C:[04/12/2013 23:21:49.86][190.198.228.231][1436] SELECT par_cod_asig1,par_cod_asig2,par_cod_asig3 FROM tblaca009 WHERE pensum='5' AND c_uni_ca='3' AND c_asigna='314662' [1][0] OK
C:[04/12/2013 23:21:50.74][190.198.228.231][1566] SELECT horas_lab FROM tblaca008 WHERE c_asigna='300676' AND horas_teoricas > 0 [1][0] OK
C:[04/12/2013 23:21:50.86][190.198.228.231][1600] SELECT sum(u_creditos*1) FROM dace006 a, tblaca009 b WHERE a.exp_e='10-20037392' AND a.lapso='2013-2' AND b.pensum='5' AND b.c_uni_ca='3' AND status IN ('7','A','2') AND a.c_asigna=b.c_asigna  [1][0] OK
C:[04/12/2013 23:21:50.80][190.198.228.231][1619] SELECT sum(u_creditos*1) FROM dace006 a, tblaca009 b WHERE a.exp_e='10-20037392' AND a.lapso='2013-2' AND b.pensum='5' AND b.c_uni_ca='3' AND status IN ('7','A','2') AND a.c_asigna=b.c_asigna AND a.c_asigna IN ('311551','311556','315552','312444','314662') [1][0] OK
C:[04/12/2013 23:21:50.73][190.198.228.231][1635] SELECT MAX(semestre) FROM dace006 a, tblaca009 b WHERE a.exp_e='10-20037392' AND a.lapso='2013-2' AND b.pensum='5' AND b.c_uni_ca='3' AND status IN ('7','A','2') AND a.c_asigna=b.c_asigna  [1][0] OK
C:[04/12/2013 23:21:50.67][190.198.228.231][1655] SELECT MIN(semestre) FROM dace006 a, tblaca009 b WHERE a.exp_e='10-20037392' AND a.lapso='2013-2' AND b.pensum='5' AND b.c_uni_ca='3' AND status IN ('7','A','2') AND a.c_asigna=b.c_asigna AND a.c_asigna IN ('300676') [1][0] OK
C:[04/12/2013 23:27:34.52][190.198.228.231][1392] SELECT pre_cod_asig1,pre_cod_asig2,pre_cod_asig3,pre_cod_asig4,pre_cod_asig5,pre_cod_asig6,pre_cod_asig7 FROM tblaca009 WHERE pensum='5' AND c_uni_ca='3' AND c_asigna='300676' [1][0] OK
C:[04/12/2013 23:27:34.52][190.198.228.231][1392] SELECT pre_cod_asig1,pre_cod_asig2,pre_cod_asig3,pre_cod_asig4,pre_cod_asig5,pre_cod_asig6,pre_cod_asig7 FROM tblaca009 WHERE pensum='5' AND c_uni_ca='3' AND c_asigna='311551' [1][0] OK
C:[04/12/2013 23:27:34.52][190.198.228.231][1405] SELECT c_asigna FROM dace004 WHERE exp_e='09-20035188' AND c_asigna='311430' AND status IN ('0','3','B') [1][0] OK
C:[04/12/2013 23:27:34.52][190.198.228.231][1405] SELECT c_asigna FROM dace004 WHERE exp_e='09-20035188' AND c_asigna='311431' AND status IN ('0','3','B') [1][0] OK
C:[04/12/2013 23:27:34.52][190.198.228.231][1405] SELECT c_asigna FROM dace004 WHERE exp_e='09-20035188' AND c_asigna='300222' AND status IN ('0','3','B') [1][0] OK
C:[04/12/2013 23:27:34.52][190.198.228.231][1405] SELECT c_asigna FROM dace004 WHERE exp_e='09-20035188' AND c_asigna='300226' AND status IN ('0','3','B') [1][0] OK
C:[04/12/2013 23:27:34.52][190.198.228.231][1405] SELECT c_asigna FROM dace004 WHERE exp_e='09-20035188' AND c_asigna='300209' AND status IN ('0','3','B') [1][0] OK
C:[04/12/2013 23:27:34.52][190.198.228.231][1405] SELECT c_asigna FROM dace004 WHERE exp_e='09-20035188' AND c_asigna='311320' AND status IN ('0','3','B') [1][0] OK
C:[04/12/2013 23:27:34.52][190.198.228.231][1392] SELECT pre_cod_asig1,pre_cod_asig2,pre_cod_asig3,pre_cod_asig4,pre_cod_asig5,pre_cod_asig6,pre_cod_asig7 FROM tblaca009 WHERE pensum='5' AND c_uni_ca='3' AND c_asigna='311556' [1][0] OK
C:[04/12/2013 23:27:34.52][190.198.228.231][1405] SELECT c_asigna FROM dace004 WHERE exp_e='09-20035188' AND c_asigna='311434' AND status IN ('0','3','B') [1][0] OK
C:[04/12/2013 23:27:34.52][190.198.228.231][1405] SELECT c_asigna FROM dace004 WHERE exp_e='09-20035188' AND c_asigna='311430' AND status IN ('0','3','B') [1][0] OK
C:[04/12/2013 23:27:34.52][190.198.228.231][1405] SELECT c_asigna FROM dace004 WHERE exp_e='09-20035188' AND c_asigna='300222' AND status IN ('0','3','B') [1][0] OK
C:[04/12/2013 23:27:34.52][190.198.228.231][1405] SELECT c_asigna FROM dace004 WHERE exp_e='09-20035188' AND c_asigna='300226' AND status IN ('0','3','B') [1][0] OK
C:[04/12/2013 23:27:34.52][190.198.228.231][1405] SELECT c_asigna FROM dace004 WHERE exp_e='09-20035188' AND c_asigna='300209' AND status IN ('0','3','B') [1][0] OK
C:[04/12/2013 23:27:34.52][190.198.228.231][1392] SELECT pre_cod_asig1,pre_cod_asig2,pre_cod_asig3,pre_cod_asig4,pre_cod_asig5,pre_cod_asig6,pre_cod_asig7 FROM tblaca009 WHERE pensum='5' AND c_uni_ca='3' AND c_asigna='314787' [1][0] OK
C:[04/12/2013 23:27:34.52][190.198.228.231][1405] SELECT c_asigna FROM dace004 WHERE exp_e='09-20035188' AND c_asigna='314662' AND status IN ('0','3','B') [1][0] OK
C:[04/12/2013 23:27:34.52][190.198.228.231][1392] SELECT pre_cod_asig1,pre_cod_asig2,pre_cod_asig3,pre_cod_asig4,pre_cod_asig5,pre_cod_asig6,pre_cod_asig7 FROM tblaca009 WHERE pensum='5' AND c_uni_ca='3' AND c_asigna='315552' [1][0] OK
C:[04/12/2013 23:27:34.52][190.198.228.231][1405] SELECT c_asigna FROM dace004 WHERE exp_e='09-20035188' AND c_asigna='311430' AND status IN ('0','3','B') [1][0] OK
C:[04/12/2013 23:27:34.52][190.198.228.231][1405] SELECT c_asigna FROM dace004 WHERE exp_e='09-20035188' AND c_asigna='300222' AND status IN ('0','3','B') [1][0] OK
C:[04/12/2013 23:27:34.52][190.198.228.231][1405] SELECT c_asigna FROM dace004 WHERE exp_e='09-20035188' AND c_asigna='300226' AND status IN ('0','3','B') [1][0] OK
C:[04/12/2013 23:27:34.52][190.198.228.231][1405] SELECT c_asigna FROM dace004 WHERE exp_e='09-20035188' AND c_asigna='300209' AND status IN ('0','3','B') [1][0] OK
C:[04/12/2013 23:27:35.71][190.198.228.231][1436] SELECT par_cod_asig1,par_cod_asig2,par_cod_asig3 FROM tblaca009 WHERE pensum='5' AND c_uni_ca='3' AND c_asigna='300676' [1][0] OK
C:[04/12/2013 23:27:35.71][190.198.228.231][1436] SELECT par_cod_asig1,par_cod_asig2,par_cod_asig3 FROM tblaca009 WHERE pensum='5' AND c_uni_ca='3' AND c_asigna='311551' [1][0] OK
C:[04/12/2013 23:27:35.71][190.198.228.231][1436] SELECT par_cod_asig1,par_cod_asig2,par_cod_asig3 FROM tblaca009 WHERE pensum='5' AND c_uni_ca='3' AND c_asigna='311556' [1][0] OK
C:[04/12/2013 23:27:35.71][190.198.228.231][1450] SELECT c_asigna FROM dace004 WHERE exp_e='09-20035188' AND c_asigna='311551' AND status IN ('0','3','B','C') [0][0] OK
C:[04/12/2013 23:27:35.71][190.198.228.231][1436] SELECT par_cod_asig1,par_cod_asig2,par_cod_asig3 FROM tblaca009 WHERE pensum='5' AND c_uni_ca='3' AND c_asigna='314787' [1][0] OK
C:[04/12/2013 23:27:35.71][190.198.228.231][1436] SELECT par_cod_asig1,par_cod_asig2,par_cod_asig3 FROM tblaca009 WHERE pensum='5' AND c_uni_ca='3' AND c_asigna='315552' [1][0] OK
C:[04/12/2013 23:27:35.47][190.198.228.231][1566] SELECT horas_lab FROM tblaca008 WHERE c_asigna='300676' AND horas_teoricas > 0 [1][0] OK
C:[04/12/2013 23:27:35.59][190.198.228.231][1600] SELECT sum(u_creditos*1) FROM dace006 a, tblaca009 b WHERE a.exp_e='09-20035188' AND a.lapso='2013-2' AND b.pensum='5' AND b.c_uni_ca='3' AND status IN ('7','A','2') AND a.c_asigna=b.c_asigna  [1][0] OK
C:[04/12/2013 23:27:35.65][190.198.228.231][1619] SELECT sum(u_creditos*1) FROM dace006 a, tblaca009 b WHERE a.exp_e='09-20035188' AND a.lapso='2013-2' AND b.pensum='5' AND b.c_uni_ca='3' AND status IN ('7','A','2') AND a.c_asigna=b.c_asigna AND a.c_asigna IN ('311551','311556','314787','315552') [1][0] OK
C:[04/12/2013 23:27:35.71][190.198.228.231][1635] SELECT MAX(semestre) FROM dace006 a, tblaca009 b WHERE a.exp_e='09-20035188' AND a.lapso='2013-2' AND b.pensum='5' AND b.c_uni_ca='3' AND status IN ('7','A','2') AND a.c_asigna=b.c_asigna  [1][0] OK
C:[04/12/2013 23:27:36.65][190.198.228.231][1655] SELECT MIN(semestre) FROM dace006 a, tblaca009 b WHERE a.exp_e='09-20035188' AND a.lapso='2013-2' AND b.pensum='5' AND b.c_uni_ca='3' AND status IN ('7','A','2') AND a.c_asigna=b.c_asigna AND a.c_asigna IN ('300676') [1][0] OK
C:[05/12/2013 07:06:11.89][74.82.64.145][1392] SELECT pre_cod_asig1,pre_cod_asig2,pre_cod_asig3,pre_cod_asig4,pre_cod_asig5,pre_cod_asig6,pre_cod_asig7 FROM tblaca009 WHERE pensum='5' AND c_uni_ca='6' AND c_asigna='300318' [1][0] OK
C:[05/12/2013 07:06:11.89][74.82.64.145][1405] SELECT c_asigna FROM dace004 WHERE exp_e='11-22588644' AND c_asigna='300228' AND status IN ('0','3','B') [1][0] OK
C:[05/12/2013 07:06:11.89][74.82.64.145][1405] SELECT c_asigna FROM dace004 WHERE exp_e='11-22588644' AND c_asigna='300207' AND status IN ('0','3','B') [1][0] OK
C:[05/12/2013 07:06:11.89][74.82.64.145][1405] SELECT c_asigna FROM dace004 WHERE exp_e='11-22588644' AND c_asigna='300218' AND status IN ('0','3','B') [1][0] OK
C:[05/12/2013 07:06:11.89][74.82.64.145][1392] SELECT pre_cod_asig1,pre_cod_asig2,pre_cod_asig3,pre_cod_asig4,pre_cod_asig5,pre_cod_asig6,pre_cod_asig7 FROM tblaca009 WHERE pensum='5' AND c_uni_ca='6' AND c_asigna='300213' [1][0] OK
C:[05/12/2013 07:06:11.89][74.82.64.145][1405] SELECT c_asigna FROM dace004 WHERE exp_e='11-22588644' AND c_asigna='300101' AND status IN ('0','3','B') [1][0] OK
C:[05/12/2013 07:06:11.89][74.82.64.145][1392] SELECT pre_cod_asig1,pre_cod_asig2,pre_cod_asig3,pre_cod_asig4,pre_cod_asig5,pre_cod_asig6,pre_cod_asig7 FROM tblaca009 WHERE pensum='5' AND c_uni_ca='6' AND c_asigna='300317' [1][0] OK
C:[05/12/2013 07:06:11.89][74.82.64.145][1405] SELECT c_asigna FROM dace004 WHERE exp_e='11-22588644' AND c_asigna='300207' AND status IN ('0','3','B') [1][0] OK
C:[05/12/2013 07:06:11.89][74.82.64.145][1405] SELECT c_asigna FROM dace004 WHERE exp_e='11-22588644' AND c_asigna='300209' AND status IN ('0','3','B') [1][0] OK
C:[05/12/2013 07:06:11.89][74.82.64.145][1392] SELECT pre_cod_asig1,pre_cod_asig2,pre_cod_asig3,pre_cod_asig4,pre_cod_asig5,pre_cod_asig6,pre_cod_asig7 FROM tblaca009 WHERE pensum='5' AND c_uni_ca='6' AND c_asigna='340323' [1][0] OK
C:[05/12/2013 07:06:11.89][74.82.64.145][1405] SELECT c_asigna FROM dace004 WHERE exp_e='11-22588644' AND c_asigna='300228' AND status IN ('0','3','B') [1][0] OK
C:[05/12/2013 07:06:11.89][74.82.64.145][1405] SELECT c_asigna FROM dace004 WHERE exp_e='11-22588644' AND c_asigna='300207' AND status IN ('0','3','B') [1][0] OK
C:[05/12/2013 07:06:11.89][74.82.64.145][1392] SELECT pre_cod_asig1,pre_cod_asig2,pre_cod_asig3,pre_cod_asig4,pre_cod_asig5,pre_cod_asig6,pre_cod_asig7 FROM tblaca009 WHERE pensum='5' AND c_uni_ca='6' AND c_asigna='340327' [1][0] OK
C:[05/12/2013 07:06:11.89][74.82.64.145][1405] SELECT c_asigna FROM dace004 WHERE exp_e='11-22588644' AND c_asigna='300013' AND status IN ('0','3','B') [1][0] OK
C:[05/12/2013 07:06:11.89][74.82.64.145][1405] SELECT c_asigna FROM dace004 WHERE exp_e='11-22588644' AND c_asigna='300113' AND status IN ('0','3','B') [1][0] OK
C:[05/12/2013 07:06:12.33][74.82.64.145][1436] SELECT par_cod_asig1,par_cod_asig2,par_cod_asig3 FROM tblaca009 WHERE pensum='5' AND c_uni_ca='6' AND c_asigna='300318' [1][0] OK
C:[05/12/2013 07:06:12.33][74.82.64.145][1436] SELECT par_cod_asig1,par_cod_asig2,par_cod_asig3 FROM tblaca009 WHERE pensum='5' AND c_uni_ca='6' AND c_asigna='300213' [1][0] OK
C:[05/12/2013 07:06:12.33][74.82.64.145][1450] SELECT c_asigna FROM dace004 WHERE exp_e='11-22588644' AND c_asigna='300209' AND status IN ('0','3','B','C') [1][0] OK
C:[05/12/2013 07:06:12.33][74.82.64.145][1436] SELECT par_cod_asig1,par_cod_asig2,par_cod_asig3 FROM tblaca009 WHERE pensum='5' AND c_uni_ca='6' AND c_asigna='300317' [1][0] OK
C:[05/12/2013 07:06:12.33][74.82.64.145][1436] SELECT par_cod_asig1,par_cod_asig2,par_cod_asig3 FROM tblaca009 WHERE pensum='5' AND c_uni_ca='6' AND c_asigna='340323' [1][0] OK
C:[05/12/2013 07:06:12.33][74.82.64.145][1436] SELECT par_cod_asig1,par_cod_asig2,par_cod_asig3 FROM tblaca009 WHERE pensum='5' AND c_uni_ca='6' AND c_asigna='340327' [1][0] OK
C:[05/12/2013 07:06:12.10][74.82.64.145][1566] SELECT horas_lab FROM tblaca008 WHERE c_asigna='300318' AND horas_teoricas > 0 [1][0] OK
C:[05/12/2013 07:06:12.21][74.82.64.145][1600] SELECT sum(u_creditos*1) FROM dace006 a, tblaca009 b WHERE a.exp_e='11-22588644' AND a.lapso='2013-2' AND b.pensum='5' AND b.c_uni_ca='6' AND status IN ('7','A','2') AND a.c_asigna=b.c_asigna  [1][0] OK
C:[05/12/2013 07:06:12.15][74.82.64.145][1619] SELECT sum(u_creditos*1) FROM dace006 a, tblaca009 b WHERE a.exp_e='11-22588644' AND a.lapso='2013-2' AND b.pensum='5' AND b.c_uni_ca='6' AND status IN ('7','A','2') AND a.c_asigna=b.c_asigna AND a.c_asigna IN ('300213','300317','340323','340327') [1][0] OK
C:[05/12/2013 07:06:12.08][74.82.64.145][1635] SELECT MAX(semestre) FROM dace006 a, tblaca009 b WHERE a.exp_e='11-22588644' AND a.lapso='2013-2' AND b.pensum='5' AND b.c_uni_ca='6' AND status IN ('7','A','2') AND a.c_asigna=b.c_asigna  [1][0] OK
C:[05/12/2013 07:06:12.02][74.82.64.145][1655] SELECT MIN(semestre) FROM dace006 a, tblaca009 b WHERE a.exp_e='11-22588644' AND a.lapso='2013-2' AND b.pensum='5' AND b.c_uni_ca='6' AND status IN ('7','A','2') AND a.c_asigna=b.c_asigna AND a.c_asigna IN ('300318') [1][0] OK
C:[05/12/2013 09:06:17.47][186.94.87.83][1392] SELECT pre_cod_asig1,pre_cod_asig2,pre_cod_asig3,pre_cod_asig4,pre_cod_asig5,pre_cod_asig6,pre_cod_asig7 FROM tblaca009 WHERE pensum='5' AND c_uni_ca='6' AND c_asigna='300428' [1][0] OK
C:[05/12/2013 09:06:17.47][186.94.87.83][1405] SELECT c_asigna FROM dace004 WHERE exp_e='11-24037113' AND c_asigna='300317' AND status IN ('0','3','B') [1][0] OK
C:[05/12/2013 09:06:17.47][186.94.87.83][1405] SELECT c_asigna FROM dace004 WHERE exp_e='11-24037113' AND c_asigna='300209' AND status IN ('0','3','B') [1][0] OK
C:[05/12/2013 09:06:17.47][186.94.87.83][1392] SELECT pre_cod_asig1,pre_cod_asig2,pre_cod_asig3,pre_cod_asig4,pre_cod_asig5,pre_cod_asig6,pre_cod_asig7 FROM tblaca009 WHERE pensum='5' AND c_uni_ca='6' AND c_asigna='311561' [1][0] OK
C:[05/12/2013 09:06:17.47][186.94.87.83][1405] SELECT c_asigna FROM dace004 WHERE exp_e='11-24037113' AND c_asigna='300318' AND status IN ('0','3','B') [1][0] OK
C:[05/12/2013 09:06:17.47][186.94.87.83][1392] SELECT pre_cod_asig1,pre_cod_asig2,pre_cod_asig3,pre_cod_asig4,pre_cod_asig5,pre_cod_asig6,pre_cod_asig7 FROM tblaca009 WHERE pensum='5' AND c_uni_ca='6' AND c_asigna='300422' [1][0] OK
C:[05/12/2013 09:06:17.47][186.94.87.83][1405] SELECT c_asigna FROM dace004 WHERE exp_e='11-24037113' AND c_asigna='300105' AND status IN ('0','3','B') [1][0] OK
C:[05/12/2013 09:06:17.47][186.94.87.83][1405] SELECT c_asigna FROM dace004 WHERE exp_e='11-24037113' AND c_asigna='300314' AND status IN ('0','3','B') [1][0] OK
C:[05/12/2013 09:06:17.47][186.94.87.83][1392] SELECT pre_cod_asig1,pre_cod_asig2,pre_cod_asig3,pre_cod_asig4,pre_cod_asig5,pre_cod_asig6,pre_cod_asig7 FROM tblaca009 WHERE pensum='5' AND c_uni_ca='6' AND c_asigna='342436' [1][0] OK
C:[05/12/2013 09:06:17.47][186.94.87.83][1405] SELECT c_asigna FROM dace004 WHERE exp_e='11-24037113' AND c_asigna='300318' AND status IN ('0','3','B') [1][0] OK
C:[05/12/2013 09:06:17.47][186.94.87.83][1405] SELECT c_asigna FROM dace004 WHERE exp_e='11-24037113' AND c_asigna='300317' AND status IN ('0','3','B') [1][0] OK
C:[05/12/2013 09:06:17.47][186.94.87.83][1392] SELECT pre_cod_asig1,pre_cod_asig2,pre_cod_asig3,pre_cod_asig4,pre_cod_asig5,pre_cod_asig6,pre_cod_asig7 FROM tblaca009 WHERE pensum='5' AND c_uni_ca='6' AND c_asigna='342444' [1][0] OK
C:[05/12/2013 09:06:17.47][186.94.87.83][1405] SELECT c_asigna FROM dace004 WHERE exp_e='11-24037113' AND c_asigna='340323' AND status IN ('0','3','B') [1][0] OK
C:[05/12/2013 09:06:17.47][186.94.87.83][1392] SELECT pre_cod_asig1,pre_cod_asig2,pre_cod_asig3,pre_cod_asig4,pre_cod_asig5,pre_cod_asig6,pre_cod_asig7 FROM tblaca009 WHERE pensum='5' AND c_uni_ca='6' AND c_asigna='344445' [1][0] OK
C:[05/12/2013 09:06:17.47][186.94.87.83][1392] SELECT pre_cod_asig1,pre_cod_asig2,pre_cod_asig3,pre_cod_asig4,pre_cod_asig5,pre_cod_asig6,pre_cod_asig7 FROM tblaca009 WHERE pensum='5' AND c_uni_ca='6' AND c_asigna='300313' [1][0] OK
C:[05/12/2013 09:06:17.47][186.94.87.83][1405] SELECT c_asigna FROM dace004 WHERE exp_e='11-24037113' AND c_asigna='300213' AND status IN ('0','3','B') [1][0] OK
C:[05/12/2013 09:06:17.47][186.94.87.83][1405] SELECT c_asigna FROM dace004 WHERE exp_e='11-24037113' AND c_asigna='300226' AND status IN ('0','3','B') [1][0] OK
C:[05/12/2013 09:06:17.47][186.94.87.83][1405] SELECT c_asigna FROM dace004 WHERE exp_e='11-24037113' AND c_asigna='300222' AND status IN ('0','3','B') [1][0] OK
C:[05/12/2013 09:06:17.47][186.94.87.83][1405] SELECT c_asigna FROM dace004 WHERE exp_e='11-24037113' AND c_asigna='300209' AND status IN ('0','3','B') [1][0] OK
C:[05/12/2013 09:06:18.56][186.94.87.83][1436] SELECT par_cod_asig1,par_cod_asig2,par_cod_asig3 FROM tblaca009 WHERE pensum='5' AND c_uni_ca='6' AND c_asigna='300428' [1][0] OK
C:[05/12/2013 09:06:18.56][186.94.87.83][1436] SELECT par_cod_asig1,par_cod_asig2,par_cod_asig3 FROM tblaca009 WHERE pensum='5' AND c_uni_ca='6' AND c_asigna='311561' [1][0] OK
C:[05/12/2013 09:06:18.56][186.94.87.83][1436] SELECT par_cod_asig1,par_cod_asig2,par_cod_asig3 FROM tblaca009 WHERE pensum='5' AND c_uni_ca='6' AND c_asigna='300422' [1][0] OK
C:[05/12/2013 09:06:18.56][186.94.87.83][1436] SELECT par_cod_asig1,par_cod_asig2,par_cod_asig3 FROM tblaca009 WHERE pensum='5' AND c_uni_ca='6' AND c_asigna='342436' [1][0] OK
C:[05/12/2013 09:06:18.56][186.94.87.83][1436] SELECT par_cod_asig1,par_cod_asig2,par_cod_asig3 FROM tblaca009 WHERE pensum='5' AND c_uni_ca='6' AND c_asigna='342444' [1][0] OK
C:[05/12/2013 09:06:18.56][186.94.87.83][1436] SELECT par_cod_asig1,par_cod_asig2,par_cod_asig3 FROM tblaca009 WHERE pensum='5' AND c_uni_ca='6' AND c_asigna='344445' [1][0] OK
C:[05/12/2013 09:06:18.56][186.94.87.83][1436] SELECT par_cod_asig1,par_cod_asig2,par_cod_asig3 FROM tblaca009 WHERE pensum='5' AND c_uni_ca='6' AND c_asigna='300313' [1][0] OK
C:[05/12/2013 09:06:18.43][186.94.87.83][1566] SELECT horas_lab FROM tblaca008 WHERE c_asigna='300428' AND horas_teoricas > 0 [1][0] OK
C:[05/12/2013 09:06:18.54][186.94.87.83][1600] SELECT sum(u_creditos*1) FROM dace006 a, tblaca009 b WHERE a.exp_e='11-24037113' AND a.lapso='2013-2' AND b.pensum='5' AND b.c_uni_ca='6' AND status IN ('7','A','2') AND a.c_asigna=b.c_asigna  [1][0] OK
C:[05/12/2013 09:06:18.47][186.94.87.83][1619] SELECT sum(u_creditos*1) FROM dace006 a, tblaca009 b WHERE a.exp_e='11-24037113' AND a.lapso='2013-2' AND b.pensum='5' AND b.c_uni_ca='6' AND status IN ('7','A','2') AND a.c_asigna=b.c_asigna AND a.c_asigna IN ('311561','300422','342436','342444','344445','300313') [1][0] OK
C:[05/12/2013 09:06:18.41][186.94.87.83][1635] SELECT MAX(semestre) FROM dace006 a, tblaca009 b WHERE a.exp_e='11-24037113' AND a.lapso='2013-2' AND b.pensum='5' AND b.c_uni_ca='6' AND status IN ('7','A','2') AND a.c_asigna=b.c_asigna  [1][0] OK
C:[05/12/2013 09:06:19.35][186.94.87.83][1655] SELECT MIN(semestre) FROM dace006 a, tblaca009 b WHERE a.exp_e='11-24037113' AND a.lapso='2013-2' AND b.pensum='5' AND b.c_uni_ca='6' AND status IN ('7','A','2') AND a.c_asigna=b.c_asigna AND a.c_asigna IN ('300428') [1][0] OK
C:[05/12/2013 09:12:11.14][186.90.58.185][1392] SELECT pre_cod_asig1,pre_cod_asig2,pre_cod_asig3,pre_cod_asig4,pre_cod_asig5,pre_cod_asig6,pre_cod_asig7 FROM tblaca009 WHERE pensum='5' AND c_uni_ca='4' AND c_asigna='300106' [1][0] OK
C:[05/12/2013 09:12:11.14][186.90.58.185][1392] SELECT pre_cod_asig1,pre_cod_asig2,pre_cod_asig3,pre_cod_asig4,pre_cod_asig5,pre_cod_asig6,pre_cod_asig7 FROM tblaca009 WHERE pensum='5' AND c_uni_ca='4' AND c_asigna='300013' [1][0] OK
C:[05/12/2013 09:12:11.14][186.90.58.185][1392] SELECT pre_cod_asig1,pre_cod_asig2,pre_cod_asig3,pre_cod_asig4,pre_cod_asig5,pre_cod_asig6,pre_cod_asig7 FROM tblaca009 WHERE pensum='5' AND c_uni_ca='4' AND c_asigna='300101' [1][0] OK
C:[05/12/2013 09:12:11.14][186.90.58.185][1392] SELECT pre_cod_asig1,pre_cod_asig2,pre_cod_asig3,pre_cod_asig4,pre_cod_asig5,pre_cod_asig6,pre_cod_asig7 FROM tblaca009 WHERE pensum='5' AND c_uni_ca='4' AND c_asigna='333326' [1][0] OK
C:[05/12/2013 09:12:11.14][186.90.58.185][1392] SELECT pre_cod_asig1,pre_cod_asig2,pre_cod_asig3,pre_cod_asig4,pre_cod_asig5,pre_cod_asig6,pre_cod_asig7 FROM tblaca009 WHERE pensum='5' AND c_uni_ca='4' AND c_asigna='300112' [1][0] OK
C:[05/12/2013 09:12:11.14][186.90.58.185][1392] SELECT pre_cod_asig1,pre_cod_asig2,pre_cod_asig3,pre_cod_asig4,pre_cod_asig5,pre_cod_asig6,pre_cod_asig7 FROM tblaca009 WHERE pensum='5' AND c_uni_ca='4' AND c_asigna='300113' [1][0] OK
C:[05/12/2013 09:12:11.14][186.90.58.185][1392] SELECT pre_cod_asig1,pre_cod_asig2,pre_cod_asig3,pre_cod_asig4,pre_cod_asig5,pre_cod_asig6,pre_cod_asig7 FROM tblaca009 WHERE pensum='5' AND c_uni_ca='4' AND c_asigna='300116' [1][0] OK
C:[05/12/2013 09:12:11.58][186.90.58.185][1436] SELECT par_cod_asig1,par_cod_asig2,par_cod_asig3 FROM tblaca009 WHERE pensum='5' AND c_uni_ca='4' AND c_asigna='300106' [1][0] OK
C:[05/12/2013 09:12:11.58][186.90.58.185][1436] SELECT par_cod_asig1,par_cod_asig2,par_cod_asig3 FROM tblaca009 WHERE pensum='5' AND c_uni_ca='4' AND c_asigna='300013' [1][0] OK
C:[05/12/2013 09:12:11.58][186.90.58.185][1436] SELECT par_cod_asig1,par_cod_asig2,par_cod_asig3 FROM tblaca009 WHERE pensum='5' AND c_uni_ca='4' AND c_asigna='300101' [1][0] OK
C:[05/12/2013 09:12:11.58][186.90.58.185][1436] SELECT par_cod_asig1,par_cod_asig2,par_cod_asig3 FROM tblaca009 WHERE pensum='5' AND c_uni_ca='4' AND c_asigna='333326' [1][0] OK
C:[05/12/2013 09:12:11.58][186.90.58.185][1436] SELECT par_cod_asig1,par_cod_asig2,par_cod_asig3 FROM tblaca009 WHERE pensum='5' AND c_uni_ca='4' AND c_asigna='300112' [1][0] OK
C:[05/12/2013 09:12:11.58][186.90.58.185][1436] SELECT par_cod_asig1,par_cod_asig2,par_cod_asig3 FROM tblaca009 WHERE pensum='5' AND c_uni_ca='4' AND c_asigna='300113' [1][0] OK
C:[05/12/2013 09:12:11.58][186.90.58.185][1450] SELECT c_asigna FROM dace004 WHERE exp_e='13-25397846' AND c_asigna='300013' AND status IN ('0','3','B','C') [0][0] OK
C:[05/12/2013 09:12:11.58][186.90.58.185][1436] SELECT par_cod_asig1,par_cod_asig2,par_cod_asig3 FROM tblaca009 WHERE pensum='5' AND c_uni_ca='4' AND c_asigna='300116' [1][0] OK
C:[05/12/2013 09:12:11.59][186.90.58.185][1566] SELECT horas_lab FROM tblaca008 WHERE c_asigna='300106' AND horas_teoricas > 0 [0][0] OK
C:[05/12/2013 09:12:11.71][186.90.58.185][1600] SELECT sum(u_creditos*1) FROM dace006 a, tblaca009 b WHERE a.exp_e='13-25397846' AND a.lapso='2013-2' AND b.pensum='5' AND b.c_uni_ca='4' AND status IN ('7','A','2') AND a.c_asigna=b.c_asigna  [1][0] OK
C:[05/12/2013 09:12:12.77][186.90.58.185][1619] SELECT sum(u_creditos*1) FROM dace006 a, tblaca009 b WHERE a.exp_e='13-25397846' AND a.lapso='2013-2' AND b.pensum='5' AND b.c_uni_ca='4' AND status IN ('7','A','2') AND a.c_asigna=b.c_asigna AND a.c_asigna IN ('300013','300101','333326','300112','300113','300116') [1][0] OK
C:[05/12/2013 09:12:12.40][186.90.58.185][1635] SELECT MAX(semestre) FROM dace006 a, tblaca009 b WHERE a.exp_e='13-25397846' AND a.lapso='2013-2' AND b.pensum='5' AND b.c_uni_ca='4' AND status IN ('7','A','2') AND a.c_asigna=b.c_asigna  [1][0] OK
C:[05/12/2013 09:12:12.46][186.90.58.185][1655] SELECT MIN(semestre) FROM dace006 a, tblaca009 b WHERE a.exp_e='13-25397846' AND a.lapso='2013-2' AND b.pensum='5' AND b.c_uni_ca='4' AND status IN ('7','A','2') AND a.c_asigna=b.c_asigna AND a.c_asigna IN ('300106') [1][0] OK
C:[05/12/2013 09:18:29.80][190.198.228.231][1392] SELECT pre_cod_asig1,pre_cod_asig2,pre_cod_asig3,pre_cod_asig4,pre_cod_asig5,pre_cod_asig6,pre_cod_asig7 FROM tblaca009 WHERE pensum='5' AND c_uni_ca='3' AND c_asigna='300676' [1][0] OK
C:[05/12/2013 09:18:29.80][190.198.228.231][1392] SELECT pre_cod_asig1,pre_cod_asig2,pre_cod_asig3,pre_cod_asig4,pre_cod_asig5,pre_cod_asig6,pre_cod_asig7 FROM tblaca009 WHERE pensum='5' AND c_uni_ca='3' AND c_asigna='311556' [1][0] OK
C:[05/12/2013 09:18:29.80][190.198.228.231][1405] SELECT c_asigna FROM dace004 WHERE exp_e='10-21410950' AND c_asigna='311434' AND status IN ('0','3','B') [1][0] OK
C:[05/12/2013 09:18:29.80][190.198.228.231][1405] SELECT c_asigna FROM dace004 WHERE exp_e='10-21410950' AND c_asigna='311430' AND status IN ('0','3','B') [1][0] OK
C:[05/12/2013 09:18:29.80][190.198.228.231][1405] SELECT c_asigna FROM dace004 WHERE exp_e='10-21410950' AND c_asigna='300222' AND status IN ('0','3','B') [1][0] OK
C:[05/12/2013 09:18:29.80][190.198.228.231][1405] SELECT c_asigna FROM dace004 WHERE exp_e='10-21410950' AND c_asigna='300226' AND status IN ('0','3','B') [1][0] OK
C:[05/12/2013 09:18:29.80][190.198.228.231][1405] SELECT c_asigna FROM dace004 WHERE exp_e='10-21410950' AND c_asigna='300209' AND status IN ('0','3','B') [1][0] OK
C:[05/12/2013 09:18:29.80][190.198.228.231][1392] SELECT pre_cod_asig1,pre_cod_asig2,pre_cod_asig3,pre_cod_asig4,pre_cod_asig5,pre_cod_asig6,pre_cod_asig7 FROM tblaca009 WHERE pensum='5' AND c_uni_ca='3' AND c_asigna='311551' [1][0] OK
C:[05/12/2013 09:18:29.80][190.198.228.231][1405] SELECT c_asigna FROM dace004 WHERE exp_e='10-21410950' AND c_asigna='311430' AND status IN ('0','3','B') [1][0] OK
C:[05/12/2013 09:18:29.80][190.198.228.231][1405] SELECT c_asigna FROM dace004 WHERE exp_e='10-21410950' AND c_asigna='311431' AND status IN ('0','3','B') [1][0] OK
C:[05/12/2013 09:18:29.80][190.198.228.231][1405] SELECT c_asigna FROM dace004 WHERE exp_e='10-21410950' AND c_asigna='300222' AND status IN ('0','3','B') [1][0] OK
C:[05/12/2013 09:18:29.80][190.198.228.231][1405] SELECT c_asigna FROM dace004 WHERE exp_e='10-21410950' AND c_asigna='300226' AND status IN ('0','3','B') [1][0] OK
C:[05/12/2013 09:18:29.80][190.198.228.231][1405] SELECT c_asigna FROM dace004 WHERE exp_e='10-21410950' AND c_asigna='300209' AND status IN ('0','3','B') [1][0] OK
C:[05/12/2013 09:18:29.80][190.198.228.231][1405] SELECT c_asigna FROM dace004 WHERE exp_e='10-21410950' AND c_asigna='311320' AND status IN ('0','3','B') [1][0] OK
C:[05/12/2013 09:18:29.80][190.198.228.231][1392] SELECT pre_cod_asig1,pre_cod_asig2,pre_cod_asig3,pre_cod_asig4,pre_cod_asig5,pre_cod_asig6,pre_cod_asig7 FROM tblaca009 WHERE pensum='5' AND c_uni_ca='3' AND c_asigna='315552' [1][0] OK
C:[05/12/2013 09:18:29.80][190.198.228.231][1405] SELECT c_asigna FROM dace004 WHERE exp_e='10-21410950' AND c_asigna='311430' AND status IN ('0','3','B') [1][0] OK
C:[05/12/2013 09:18:29.80][190.198.228.231][1405] SELECT c_asigna FROM dace004 WHERE exp_e='10-21410950' AND c_asigna='300222' AND status IN ('0','3','B') [1][0] OK
C:[05/12/2013 09:18:29.80][190.198.228.231][1405] SELECT c_asigna FROM dace004 WHERE exp_e='10-21410950' AND c_asigna='300226' AND status IN ('0','3','B') [1][0] OK
C:[05/12/2013 09:18:29.80][190.198.228.231][1405] SELECT c_asigna FROM dace004 WHERE exp_e='10-21410950' AND c_asigna='300209' AND status IN ('0','3','B') [1][0] OK
C:[05/12/2013 09:18:29.80][190.198.228.231][1392] SELECT pre_cod_asig1,pre_cod_asig2,pre_cod_asig3,pre_cod_asig4,pre_cod_asig5,pre_cod_asig6,pre_cod_asig7 FROM tblaca009 WHERE pensum='5' AND c_uni_ca='3' AND c_asigna='314787' [1][0] OK
C:[05/12/2013 09:18:29.80][190.198.228.231][1405] SELECT c_asigna FROM dace004 WHERE exp_e='10-21410950' AND c_asigna='314662' AND status IN ('0','3','B') [1][0] OK
C:[05/12/2013 09:18:30.99][190.198.228.231][1436] SELECT par_cod_asig1,par_cod_asig2,par_cod_asig3 FROM tblaca009 WHERE pensum='5' AND c_uni_ca='3' AND c_asigna='300676' [1][0] OK
C:[05/12/2013 09:18:30.99][190.198.228.231][1436] SELECT par_cod_asig1,par_cod_asig2,par_cod_asig3 FROM tblaca009 WHERE pensum='5' AND c_uni_ca='3' AND c_asigna='311556' [1][0] OK
C:[05/12/2013 09:18:30.99][190.198.228.231][1450] SELECT c_asigna FROM dace004 WHERE exp_e='10-21410950' AND c_asigna='311551' AND status IN ('0','3','B','C') [0][0] OK
C:[05/12/2013 09:18:30.99][190.198.228.231][1436] SELECT par_cod_asig1,par_cod_asig2,par_cod_asig3 FROM tblaca009 WHERE pensum='5' AND c_uni_ca='3' AND c_asigna='311551' [1][0] OK
C:[05/12/2013 09:18:30.99][190.198.228.231][1436] SELECT par_cod_asig1,par_cod_asig2,par_cod_asig3 FROM tblaca009 WHERE pensum='5' AND c_uni_ca='3' AND c_asigna='315552' [1][0] OK
C:[05/12/2013 09:18:30.99][190.198.228.231][1436] SELECT par_cod_asig1,par_cod_asig2,par_cod_asig3 FROM tblaca009 WHERE pensum='5' AND c_uni_ca='3' AND c_asigna='314787' [1][0] OK
C:[05/12/2013 09:18:30.77][190.198.228.231][1566] SELECT horas_lab FROM tblaca008 WHERE c_asigna='300676' AND horas_teoricas > 0 [1][0] OK
C:[05/12/2013 09:18:30.99][190.198.228.231][1600] SELECT sum(u_creditos*1) FROM dace006 a, tblaca009 b WHERE a.exp_e='10-21410950' AND a.lapso='2013-2' AND b.pensum='5' AND b.c_uni_ca='3' AND status IN ('7','A','2') AND a.c_asigna=b.c_asigna  [1][0] OK
C:[05/12/2013 09:18:30.93][190.198.228.231][1619] SELECT sum(u_creditos*1) FROM dace006 a, tblaca009 b WHERE a.exp_e='10-21410950' AND a.lapso='2013-2' AND b.pensum='5' AND b.c_uni_ca='3' AND status IN ('7','A','2') AND a.c_asigna=b.c_asigna AND a.c_asigna IN ('311556','311551','315552','314787') [1][0] OK
C:[05/12/2013 09:18:30.86][190.198.228.231][1635] SELECT MAX(semestre) FROM dace006 a, tblaca009 b WHERE a.exp_e='10-21410950' AND a.lapso='2013-2' AND b.pensum='5' AND b.c_uni_ca='3' AND status IN ('7','A','2') AND a.c_asigna=b.c_asigna  [1][0] OK
C:[05/12/2013 09:18:30.81][190.198.228.231][1655] SELECT MIN(semestre) FROM dace006 a, tblaca009 b WHERE a.exp_e='10-21410950' AND a.lapso='2013-2' AND b.pensum='5' AND b.c_uni_ca='3' AND status IN ('7','A','2') AND a.c_asigna=b.c_asigna AND a.c_asigna IN ('300676') [1][0] OK
C:[05/12/2013 10:18:28.34][186.90.58.185][1392] SELECT pre_cod_asig1,pre_cod_asig2,pre_cod_asig3,pre_cod_asig4,pre_cod_asig5,pre_cod_asig6,pre_cod_asig7 FROM tblaca009 WHERE pensum='5' AND c_uni_ca='6' AND c_asigna='300116' [1][0] OK
C:[05/12/2013 10:18:28.34][186.90.58.185][1392] SELECT pre_cod_asig1,pre_cod_asig2,pre_cod_asig3,pre_cod_asig4,pre_cod_asig5,pre_cod_asig6,pre_cod_asig7 FROM tblaca009 WHERE pensum='5' AND c_uni_ca='6' AND c_asigna='300013' [1][0] OK
C:[05/12/2013 10:18:28.34][186.90.58.185][1392] SELECT pre_cod_asig1,pre_cod_asig2,pre_cod_asig3,pre_cod_asig4,pre_cod_asig5,pre_cod_asig6,pre_cod_asig7 FROM tblaca009 WHERE pensum='5' AND c_uni_ca='6' AND c_asigna='300101' [1][0] OK
C:[05/12/2013 10:18:28.34][186.90.58.185][1392] SELECT pre_cod_asig1,pre_cod_asig2,pre_cod_asig3,pre_cod_asig4,pre_cod_asig5,pre_cod_asig6,pre_cod_asig7 FROM tblaca009 WHERE pensum='5' AND c_uni_ca='6' AND c_asigna='300105' [1][0] OK
C:[05/12/2013 10:18:28.34][186.90.58.185][1392] SELECT pre_cod_asig1,pre_cod_asig2,pre_cod_asig3,pre_cod_asig4,pre_cod_asig5,pre_cod_asig6,pre_cod_asig7 FROM tblaca009 WHERE pensum='5' AND c_uni_ca='6' AND c_asigna='300106' [1][0] OK
C:[05/12/2013 10:18:29.53][186.90.58.185][1436] SELECT par_cod_asig1,par_cod_asig2,par_cod_asig3 FROM tblaca009 WHERE pensum='5' AND c_uni_ca='6' AND c_asigna='300116' [1][0] OK
C:[05/12/2013 10:18:29.53][186.90.58.185][1436] SELECT par_cod_asig1,par_cod_asig2,par_cod_asig3 FROM tblaca009 WHERE pensum='5' AND c_uni_ca='6' AND c_asigna='300013' [1][0] OK
C:[05/12/2013 10:18:29.53][186.90.58.185][1436] SELECT par_cod_asig1,par_cod_asig2,par_cod_asig3 FROM tblaca009 WHERE pensum='5' AND c_uni_ca='6' AND c_asigna='300101' [1][0] OK
C:[05/12/2013 10:18:29.53][186.90.58.185][1436] SELECT par_cod_asig1,par_cod_asig2,par_cod_asig3 FROM tblaca009 WHERE pensum='5' AND c_uni_ca='6' AND c_asigna='300105' [1][0] OK
C:[05/12/2013 10:18:29.53][186.90.58.185][1436] SELECT par_cod_asig1,par_cod_asig2,par_cod_asig3 FROM tblaca009 WHERE pensum='5' AND c_uni_ca='6' AND c_asigna='300106' [1][0] OK
C:[05/12/2013 10:18:29.16][186.90.58.185][1566] SELECT horas_lab FROM tblaca008 WHERE c_asigna='300116' AND horas_teoricas > 0 [1][0] OK
C:[05/12/2013 10:18:29.27][186.90.58.185][1600] SELECT sum(u_creditos*1) FROM dace006 a, tblaca009 b WHERE a.exp_e='13-23503771' AND a.lapso='2013-2' AND b.pensum='5' AND b.c_uni_ca='6' AND status IN ('7','A','2') AND a.c_asigna=b.c_asigna  [1][0] OK
C:[05/12/2013 10:18:29.15][186.90.58.185][1619] SELECT sum(u_creditos*1) FROM dace006 a, tblaca009 b WHERE a.exp_e='13-23503771' AND a.lapso='2013-2' AND b.pensum='5' AND b.c_uni_ca='6' AND status IN ('7','A','2') AND a.c_asigna=b.c_asigna AND a.c_asigna IN ('300013','300101','300105','300106') [1][0] OK
C:[05/12/2013 10:18:29.65][186.90.58.185][1635] SELECT MAX(semestre) FROM dace006 a, tblaca009 b WHERE a.exp_e='13-23503771' AND a.lapso='2013-2' AND b.pensum='5' AND b.c_uni_ca='6' AND status IN ('7','A','2') AND a.c_asigna=b.c_asigna  [1][0] OK
C:[05/12/2013 10:18:29.96][186.90.58.185][1655] SELECT MIN(semestre) FROM dace006 a, tblaca009 b WHERE a.exp_e='13-23503771' AND a.lapso='2013-2' AND b.pensum='5' AND b.c_uni_ca='6' AND status IN ('7','A','2') AND a.c_asigna=b.c_asigna AND a.c_asigna IN ('300116') [1][0] OK
C:[05/12/2013 10:24:12.22][186.90.58.185][1392] SELECT pre_cod_asig1,pre_cod_asig2,pre_cod_asig3,pre_cod_asig4,pre_cod_asig5,pre_cod_asig6,pre_cod_asig7 FROM tblaca009 WHERE pensum='5' AND c_uni_ca='6' AND c_asigna='300013' [1][0] OK
C:[05/12/2013 10:24:12.22][186.90.58.185][1392] SELECT pre_cod_asig1,pre_cod_asig2,pre_cod_asig3,pre_cod_asig4,pre_cod_asig5,pre_cod_asig6,pre_cod_asig7 FROM tblaca009 WHERE pensum='5' AND c_uni_ca='6' AND c_asigna='300101' [1][0] OK
C:[05/12/2013 10:24:12.22][186.90.58.185][1392] SELECT pre_cod_asig1,pre_cod_asig2,pre_cod_asig3,pre_cod_asig4,pre_cod_asig5,pre_cod_asig6,pre_cod_asig7 FROM tblaca009 WHERE pensum='5' AND c_uni_ca='6' AND c_asigna='300105' [1][0] OK
C:[05/12/2013 10:24:12.22][186.90.58.185][1392] SELECT pre_cod_asig1,pre_cod_asig2,pre_cod_asig3,pre_cod_asig4,pre_cod_asig5,pre_cod_asig6,pre_cod_asig7 FROM tblaca009 WHERE pensum='5' AND c_uni_ca='6' AND c_asigna='300106' [1][0] OK
C:[05/12/2013 10:24:12.28][186.90.58.185][1436] SELECT par_cod_asig1,par_cod_asig2,par_cod_asig3 FROM tblaca009 WHERE pensum='5' AND c_uni_ca='6' AND c_asigna='300013' [1][0] OK
C:[05/12/2013 10:24:12.28][186.90.58.185][1436] SELECT par_cod_asig1,par_cod_asig2,par_cod_asig3 FROM tblaca009 WHERE pensum='5' AND c_uni_ca='6' AND c_asigna='300101' [1][0] OK
C:[05/12/2013 10:24:12.28][186.90.58.185][1436] SELECT par_cod_asig1,par_cod_asig2,par_cod_asig3 FROM tblaca009 WHERE pensum='5' AND c_uni_ca='6' AND c_asigna='300105' [1][0] OK
C:[05/12/2013 10:24:12.28][186.90.58.185][1436] SELECT par_cod_asig1,par_cod_asig2,par_cod_asig3 FROM tblaca009 WHERE pensum='5' AND c_uni_ca='6' AND c_asigna='300106' [1][0] OK
C:[05/12/2013 10:24:12.80][186.90.58.185][1600] SELECT sum(u_creditos*1) FROM dace006 a, tblaca009 b WHERE a.exp_e='13-23503771' AND a.lapso='2013-2' AND b.pensum='5' AND b.c_uni_ca='6' AND status IN ('7','A','2') AND a.c_asigna=b.c_asigna  [1][0] OK
C:[05/12/2013 10:24:12.84][186.90.58.185][1619] SELECT sum(u_creditos*1) FROM dace006 a, tblaca009 b WHERE a.exp_e='13-23503771' AND a.lapso='2013-2' AND b.pensum='5' AND b.c_uni_ca='6' AND status IN ('7','A','2') AND a.c_asigna=b.c_asigna AND a.c_asigna IN ('300013','300101','300105','300106') [1][0] OK
C:[05/12/2013 10:24:12.22][186.90.58.185][1635] SELECT MAX(semestre) FROM dace006 a, tblaca009 b WHERE a.exp_e='13-23503771' AND a.lapso='2013-2' AND b.pensum='5' AND b.c_uni_ca='6' AND status IN ('7','A','2') AND a.c_asigna=b.c_asigna  [1][0] OK
C:[05/12/2013 10:25:57.65][186.90.58.185][1392] SELECT pre_cod_asig1,pre_cod_asig2,pre_cod_asig3,pre_cod_asig4,pre_cod_asig5,pre_cod_asig6,pre_cod_asig7 FROM tblaca009 WHERE pensum='5' AND c_uni_ca='6' AND c_asigna='300013' [1][0] OK
C:[05/12/2013 10:25:57.65][186.90.58.185][1392] SELECT pre_cod_asig1,pre_cod_asig2,pre_cod_asig3,pre_cod_asig4,pre_cod_asig5,pre_cod_asig6,pre_cod_asig7 FROM tblaca009 WHERE pensum='5' AND c_uni_ca='6' AND c_asigna='300101' [1][0] OK
C:[05/12/2013 10:25:57.65][186.90.58.185][1392] SELECT pre_cod_asig1,pre_cod_asig2,pre_cod_asig3,pre_cod_asig4,pre_cod_asig5,pre_cod_asig6,pre_cod_asig7 FROM tblaca009 WHERE pensum='5' AND c_uni_ca='6' AND c_asigna='300105' [1][0] OK
C:[05/12/2013 10:25:57.65][186.90.58.185][1392] SELECT pre_cod_asig1,pre_cod_asig2,pre_cod_asig3,pre_cod_asig4,pre_cod_asig5,pre_cod_asig6,pre_cod_asig7 FROM tblaca009 WHERE pensum='5' AND c_uni_ca='6' AND c_asigna='300106' [1][0] OK
C:[05/12/2013 10:25:57.15][186.90.58.185][1436] SELECT par_cod_asig1,par_cod_asig2,par_cod_asig3 FROM tblaca009 WHERE pensum='5' AND c_uni_ca='6' AND c_asigna='300013' [1][0] OK
C:[05/12/2013 10:25:57.15][186.90.58.185][1436] SELECT par_cod_asig1,par_cod_asig2,par_cod_asig3 FROM tblaca009 WHERE pensum='5' AND c_uni_ca='6' AND c_asigna='300101' [1][0] OK
C:[05/12/2013 10:25:57.15][186.90.58.185][1436] SELECT par_cod_asig1,par_cod_asig2,par_cod_asig3 FROM tblaca009 WHERE pensum='5' AND c_uni_ca='6' AND c_asigna='300105' [1][0] OK
C:[05/12/2013 10:25:57.15][186.90.58.185][1436] SELECT par_cod_asig1,par_cod_asig2,par_cod_asig3 FROM tblaca009 WHERE pensum='5' AND c_uni_ca='6' AND c_asigna='300106' [1][0] OK
C:[05/12/2013 10:25:57.67][186.90.58.185][1600] SELECT sum(u_creditos*1) FROM dace006 a, tblaca009 b WHERE a.exp_e='13-23503771' AND a.lapso='2013-2' AND b.pensum='5' AND b.c_uni_ca='6' AND status IN ('7','A','2') AND a.c_asigna=b.c_asigna  [1][0] OK
C:[05/12/2013 10:25:57.27][186.90.58.185][1619] SELECT sum(u_creditos*1) FROM dace006 a, tblaca009 b WHERE a.exp_e='13-23503771' AND a.lapso='2013-2' AND b.pensum='5' AND b.c_uni_ca='6' AND status IN ('7','A','2') AND a.c_asigna=b.c_asigna AND a.c_asigna IN ('300013','300101','300105','300106') [1][0] OK
C:[05/12/2013 10:25:57.90][186.90.58.185][1635] SELECT MAX(semestre) FROM dace006 a, tblaca009 b WHERE a.exp_e='13-23503771' AND a.lapso='2013-2' AND b.pensum='5' AND b.c_uni_ca='6' AND status IN ('7','A','2') AND a.c_asigna=b.c_asigna  [1][0] OK
C:[05/12/2013 10:45:01.42][172.16.4.247][1392] SELECT pre_cod_asig1,pre_cod_asig2,pre_cod_asig3,pre_cod_asig4,pre_cod_asig5,pre_cod_asig6,pre_cod_asig7 FROM tblaca009 WHERE pensum='5' AND c_uni_ca='6' AND c_asigna='300013' [1][0] OK
C:[05/12/2013 10:45:01.42][172.16.4.247][1392] SELECT pre_cod_asig1,pre_cod_asig2,pre_cod_asig3,pre_cod_asig4,pre_cod_asig5,pre_cod_asig6,pre_cod_asig7 FROM tblaca009 WHERE pensum='5' AND c_uni_ca='6' AND c_asigna='300101' [1][0] OK
C:[05/12/2013 10:45:01.42][172.16.4.247][1392] SELECT pre_cod_asig1,pre_cod_asig2,pre_cod_asig3,pre_cod_asig4,pre_cod_asig5,pre_cod_asig6,pre_cod_asig7 FROM tblaca009 WHERE pensum='5' AND c_uni_ca='6' AND c_asigna='300105' [1][0] OK
C:[05/12/2013 10:45:01.42][172.16.4.247][1392] SELECT pre_cod_asig1,pre_cod_asig2,pre_cod_asig3,pre_cod_asig4,pre_cod_asig5,pre_cod_asig6,pre_cod_asig7 FROM tblaca009 WHERE pensum='5' AND c_uni_ca='6' AND c_asigna='300106' [1][0] OK
C:[05/12/2013 10:45:01.48][172.16.4.247][1436] SELECT par_cod_asig1,par_cod_asig2,par_cod_asig3 FROM tblaca009 WHERE pensum='5' AND c_uni_ca='6' AND c_asigna='300013' [1][0] OK
C:[05/12/2013 10:45:01.48][172.16.4.247][1436] SELECT par_cod_asig1,par_cod_asig2,par_cod_asig3 FROM tblaca009 WHERE pensum='5' AND c_uni_ca='6' AND c_asigna='300101' [1][0] OK
C:[05/12/2013 10:45:01.48][172.16.4.247][1436] SELECT par_cod_asig1,par_cod_asig2,par_cod_asig3 FROM tblaca009 WHERE pensum='5' AND c_uni_ca='6' AND c_asigna='300105' [1][0] OK
C:[05/12/2013 10:45:01.48][172.16.4.247][1436] SELECT par_cod_asig1,par_cod_asig2,par_cod_asig3 FROM tblaca009 WHERE pensum='5' AND c_uni_ca='6' AND c_asigna='300106' [1][0] OK
C:[05/12/2013 10:45:01.00][172.16.4.247][1600] SELECT sum(u_creditos*1) FROM dace006 a, tblaca009 b WHERE a.exp_e='13-23503771' AND a.lapso='2013-2' AND b.pensum='5' AND b.c_uni_ca='6' AND status IN ('7','A','2') AND a.c_asigna=b.c_asigna  [1][0] OK
C:[05/12/2013 10:45:02.48][172.16.4.247][1619] SELECT sum(u_creditos*1) FROM dace006 a, tblaca009 b WHERE a.exp_e='13-23503771' AND a.lapso='2013-2' AND b.pensum='5' AND b.c_uni_ca='6' AND status IN ('7','A','2') AND a.c_asigna=b.c_asigna AND a.c_asigna IN ('300013','300101','300105','300106') [1][0] OK
C:[05/12/2013 10:45:02.54][172.16.4.247][1635] SELECT MAX(semestre) FROM dace006 a, tblaca009 b WHERE a.exp_e='13-23503771' AND a.lapso='2013-2' AND b.pensum='5' AND b.c_uni_ca='6' AND status IN ('7','A','2') AND a.c_asigna=b.c_asigna  [1][0] OK
C:[05/12/2013 11:00:39.38][190.94.237.207][1392] SELECT pre_cod_asig1,pre_cod_asig2,pre_cod_asig3,pre_cod_asig4,pre_cod_asig5,pre_cod_asig6,pre_cod_asig7 FROM tblaca009 WHERE pensum='5' AND c_uni_ca='3' AND c_asigna='300113' [1][0] OK
C:[05/12/2013 11:00:39.38][190.94.237.207][1392] SELECT pre_cod_asig1,pre_cod_asig2,pre_cod_asig3,pre_cod_asig4,pre_cod_asig5,pre_cod_asig6,pre_cod_asig7 FROM tblaca009 WHERE pensum='5' AND c_uni_ca='3' AND c_asigna='300222' [1][0] OK
C:[05/12/2013 11:00:39.38][190.94.237.207][1405] SELECT c_asigna FROM dace004 WHERE exp_e='12-27596909' AND c_asigna='300112' AND status IN ('0','3','B') [1][0] OK
C:[05/12/2013 11:00:40.31][190.94.237.207][1436] SELECT par_cod_asig1,par_cod_asig2,par_cod_asig3 FROM tblaca009 WHERE pensum='5' AND c_uni_ca='3' AND c_asigna='300113' [1][0] OK
C:[05/12/2013 11:00:40.31][190.94.237.207][1450] SELECT c_asigna FROM dace004 WHERE exp_e='12-27596909' AND c_asigna='300013' AND status IN ('0','3','B','C') [1][0] OK
C:[05/12/2013 11:00:40.31][190.94.237.207][1436] SELECT par_cod_asig1,par_cod_asig2,par_cod_asig3 FROM tblaca009 WHERE pensum='5' AND c_uni_ca='3' AND c_asigna='300222' [1][0] OK
C:[05/12/2013 11:00:40.70][190.94.237.207][1566] SELECT horas_lab FROM tblaca008 WHERE c_asigna='300113' AND horas_teoricas > 0 [0][0] OK
C:[05/12/2013 11:00:40.82][190.94.237.207][1600] SELECT sum(u_creditos*1) FROM dace006 a, tblaca009 b WHERE a.exp_e='12-27596909' AND a.lapso='2013-2' AND b.pensum='5' AND b.c_uni_ca='3' AND status IN ('7','A','2') AND a.c_asigna=b.c_asigna  [1][0] OK
C:[05/12/2013 11:00:40.32][190.94.237.207][1619] SELECT sum(u_creditos*1) FROM dace006 a, tblaca009 b WHERE a.exp_e='12-27596909' AND a.lapso='2013-2' AND b.pensum='5' AND b.c_uni_ca='3' AND status IN ('7','A','2') AND a.c_asigna=b.c_asigna AND a.c_asigna IN ('300222') [1][0] OK
C:[05/12/2013 11:00:40.25][190.94.237.207][1635] SELECT MAX(semestre) FROM dace006 a, tblaca009 b WHERE a.exp_e='12-27596909' AND a.lapso='2013-2' AND b.pensum='5' AND b.c_uni_ca='3' AND status IN ('7','A','2') AND a.c_asigna=b.c_asigna  [1][0] OK
C:[05/12/2013 11:00:40.76][190.94.237.207][1655] SELECT MIN(semestre) FROM dace006 a, tblaca009 b WHERE a.exp_e='12-27596909' AND a.lapso='2013-2' AND b.pensum='5' AND b.c_uni_ca='3' AND status IN ('7','A','2') AND a.c_asigna=b.c_asigna AND a.c_asigna IN ('300113') [1][0] OK
C:[05/12/2013 11:45:36.86][190.207.43.96][1392] SELECT pre_cod_asig1,pre_cod_asig2,pre_cod_asig3,pre_cod_asig4,pre_cod_asig5,pre_cod_asig6,pre_cod_asig7 FROM tblaca009 WHERE pensum='5' AND c_uni_ca='2' AND c_asigna='300013' [1][0] OK
C:[05/12/2013 11:45:36.86][190.207.43.96][1392] SELECT pre_cod_asig1,pre_cod_asig2,pre_cod_asig3,pre_cod_asig4,pre_cod_asig5,pre_cod_asig6,pre_cod_asig7 FROM tblaca009 WHERE pensum='5' AND c_uni_ca='2' AND c_asigna='300112' [1][0] OK
C:[05/12/2013 11:45:36.67][190.207.43.96][1436] SELECT par_cod_asig1,par_cod_asig2,par_cod_asig3 FROM tblaca009 WHERE pensum='5' AND c_uni_ca='2' AND c_asigna='300013' [1][0] OK
C:[05/12/2013 11:45:36.67][190.207.43.96][1436] SELECT par_cod_asig1,par_cod_asig2,par_cod_asig3 FROM tblaca009 WHERE pensum='5' AND c_uni_ca='2' AND c_asigna='300112' [1][0] OK
C:[05/12/2013 11:45:36.93][190.207.43.96][1600] SELECT sum(u_creditos*1) FROM dace006 a, tblaca009 b WHERE a.exp_e='12-25511808' AND a.lapso='2013-2' AND b.pensum='5' AND b.c_uni_ca='2' AND status IN ('7','A','2') AND a.c_asigna=b.c_asigna  [1][0] OK
C:[05/12/2013 11:45:36.85][190.207.43.96][1619] SELECT sum(u_creditos*1) FROM dace006 a, tblaca009 b WHERE a.exp_e='12-25511808' AND a.lapso='2013-2' AND b.pensum='5' AND b.c_uni_ca='2' AND status IN ('7','A','2') AND a.c_asigna=b.c_asigna AND a.c_asigna IN ('300013','300112') [1][0] OK
C:[05/12/2013 11:45:36.79][190.207.43.96][1635] SELECT MAX(semestre) FROM dace006 a, tblaca009 b WHERE a.exp_e='12-25511808' AND a.lapso='2013-2' AND b.pensum='5' AND b.c_uni_ca='2' AND status IN ('7','A','2') AND a.c_asigna=b.c_asigna  [1][0] OK
C:[05/12/2013 11:59:34.14][186.89.157.21][1392] SELECT pre_cod_asig1,pre_cod_asig2,pre_cod_asig3,pre_cod_asig4,pre_cod_asig5,pre_cod_asig6,pre_cod_asig7 FROM tblaca009 WHERE pensum='5' AND c_uni_ca='3' AND c_asigna='300676' [1][0] OK
C:[05/12/2013 11:59:34.14][186.89.157.21][1392] SELECT pre_cod_asig1,pre_cod_asig2,pre_cod_asig3,pre_cod_asig4,pre_cod_asig5,pre_cod_asig6,pre_cod_asig7 FROM tblaca009 WHERE pensum='5' AND c_uni_ca='3' AND c_asigna='312444' [1][0] OK
C:[05/12/2013 11:59:34.14][186.89.157.21][1405] SELECT c_asigna FROM dace004 WHERE exp_e='09-20805362' AND c_asigna='312333' AND status IN ('0','3','B') [1][0] OK
C:[05/12/2013 11:59:34.14][186.89.157.21][1392] SELECT pre_cod_asig1,pre_cod_asig2,pre_cod_asig3,pre_cod_asig4,pre_cod_asig5,pre_cod_asig6,pre_cod_asig7 FROM tblaca009 WHERE pensum='5' AND c_uni_ca='3' AND c_asigna='311551' [1][0] OK
C:[05/12/2013 11:59:34.14][186.89.157.21][1405] SELECT c_asigna FROM dace004 WHERE exp_e='09-20805362' AND c_asigna='311430' AND status IN ('0','3','B') [1][0] OK
C:[05/12/2013 11:59:34.14][186.89.157.21][1405] SELECT c_asigna FROM dace004 WHERE exp_e='09-20805362' AND c_asigna='311431' AND status IN ('0','3','B') [1][0] OK
C:[05/12/2013 11:59:34.14][186.89.157.21][1405] SELECT c_asigna FROM dace004 WHERE exp_e='09-20805362' AND c_asigna='300222' AND status IN ('0','3','B') [1][0] OK
C:[05/12/2013 11:59:34.14][186.89.157.21][1405] SELECT c_asigna FROM dace004 WHERE exp_e='09-20805362' AND c_asigna='300226' AND status IN ('0','3','B') [1][0] OK
C:[05/12/2013 11:59:34.14][186.89.157.21][1405] SELECT c_asigna FROM dace004 WHERE exp_e='09-20805362' AND c_asigna='300209' AND status IN ('0','3','B') [1][0] OK
C:[05/12/2013 11:59:34.14][186.89.157.21][1405] SELECT c_asigna FROM dace004 WHERE exp_e='09-20805362' AND c_asigna='311320' AND status IN ('0','3','B') [1][0] OK
C:[05/12/2013 11:59:34.14][186.89.157.21][1392] SELECT pre_cod_asig1,pre_cod_asig2,pre_cod_asig3,pre_cod_asig4,pre_cod_asig5,pre_cod_asig6,pre_cod_asig7 FROM tblaca009 WHERE pensum='5' AND c_uni_ca='3' AND c_asigna='311556' [1][0] OK
C:[05/12/2013 11:59:34.14][186.89.157.21][1405] SELECT c_asigna FROM dace004 WHERE exp_e='09-20805362' AND c_asigna='311434' AND status IN ('0','3','B') [1][0] OK
C:[05/12/2013 11:59:34.14][186.89.157.21][1405] SELECT c_asigna FROM dace004 WHERE exp_e='09-20805362' AND c_asigna='311430' AND status IN ('0','3','B') [1][0] OK
C:[05/12/2013 11:59:34.14][186.89.157.21][1405] SELECT c_asigna FROM dace004 WHERE exp_e='09-20805362' AND c_asigna='300222' AND status IN ('0','3','B') [1][0] OK
C:[05/12/2013 11:59:34.14][186.89.157.21][1405] SELECT c_asigna FROM dace004 WHERE exp_e='09-20805362' AND c_asigna='300226' AND status IN ('0','3','B') [1][0] OK
C:[05/12/2013 11:59:34.14][186.89.157.21][1405] SELECT c_asigna FROM dace004 WHERE exp_e='09-20805362' AND c_asigna='300209' AND status IN ('0','3','B') [1][0] OK
C:[05/12/2013 11:59:34.14][186.89.157.21][1392] SELECT pre_cod_asig1,pre_cod_asig2,pre_cod_asig3,pre_cod_asig4,pre_cod_asig5,pre_cod_asig6,pre_cod_asig7 FROM tblaca009 WHERE pensum='5' AND c_uni_ca='3' AND c_asigna='315552' [1][0] OK
C:[05/12/2013 11:59:34.14][186.89.157.21][1405] SELECT c_asigna FROM dace004 WHERE exp_e='09-20805362' AND c_asigna='311430' AND status IN ('0','3','B') [1][0] OK
C:[05/12/2013 11:59:34.14][186.89.157.21][1405] SELECT c_asigna FROM dace004 WHERE exp_e='09-20805362' AND c_asigna='300222' AND status IN ('0','3','B') [1][0] OK
C:[05/12/2013 11:59:34.14][186.89.157.21][1405] SELECT c_asigna FROM dace004 WHERE exp_e='09-20805362' AND c_asigna='300226' AND status IN ('0','3','B') [1][0] OK
C:[05/12/2013 11:59:34.14][186.89.157.21][1405] SELECT c_asigna FROM dace004 WHERE exp_e='09-20805362' AND c_asigna='300209' AND status IN ('0','3','B') [1][0] OK
C:[05/12/2013 11:59:35.33][186.89.157.21][1436] SELECT par_cod_asig1,par_cod_asig2,par_cod_asig3 FROM tblaca009 WHERE pensum='5' AND c_uni_ca='3' AND c_asigna='300676' [1][0] OK
C:[05/12/2013 11:59:35.33][186.89.157.21][1436] SELECT par_cod_asig1,par_cod_asig2,par_cod_asig3 FROM tblaca009 WHERE pensum='5' AND c_uni_ca='3' AND c_asigna='312444' [1][0] OK
C:[05/12/2013 11:59:35.33][186.89.157.21][1436] SELECT par_cod_asig1,par_cod_asig2,par_cod_asig3 FROM tblaca009 WHERE pensum='5' AND c_uni_ca='3' AND c_asigna='311551' [1][0] OK
C:[05/12/2013 11:59:35.33][186.89.157.21][1436] SELECT par_cod_asig1,par_cod_asig2,par_cod_asig3 FROM tblaca009 WHERE pensum='5' AND c_uni_ca='3' AND c_asigna='311556' [1][0] OK
C:[05/12/2013 11:59:35.33][186.89.157.21][1450] SELECT c_asigna FROM dace004 WHERE exp_e='09-20805362' AND c_asigna='311551' AND status IN ('0','3','B','C') [0][0] OK
C:[05/12/2013 11:59:35.33][186.89.157.21][1436] SELECT par_cod_asig1,par_cod_asig2,par_cod_asig3 FROM tblaca009 WHERE pensum='5' AND c_uni_ca='3' AND c_asigna='315552' [1][0] OK
C:[05/12/2013 11:59:35.09][186.89.157.21][1566] SELECT horas_lab FROM tblaca008 WHERE c_asigna='300676' AND horas_teoricas > 0 [1][0] OK
C:[05/12/2013 11:59:35.21][186.89.157.21][1600] SELECT sum(u_creditos*1) FROM dace006 a, tblaca009 b WHERE a.exp_e='09-20805362' AND a.lapso='2013-2' AND b.pensum='5' AND b.c_uni_ca='3' AND status IN ('7','A','2') AND a.c_asigna=b.c_asigna  [1][0] OK
C:[05/12/2013 11:59:35.29][186.89.157.21][1619] SELECT sum(u_creditos*1) FROM dace006 a, tblaca009 b WHERE a.exp_e='09-20805362' AND a.lapso='2013-2' AND b.pensum='5' AND b.c_uni_ca='3' AND status IN ('7','A','2') AND a.c_asigna=b.c_asigna AND a.c_asigna IN ('312444','311551','311556','315552') [1][0] OK
C:[05/12/2013 11:59:35.20][186.89.157.21][1635] SELECT MAX(semestre) FROM dace006 a, tblaca009 b WHERE a.exp_e='09-20805362' AND a.lapso='2013-2' AND b.pensum='5' AND b.c_uni_ca='3' AND status IN ('7','A','2') AND a.c_asigna=b.c_asigna  [1][0] OK
C:[05/12/2013 11:59:35.14][186.89.157.21][1655] SELECT MIN(semestre) FROM dace006 a, tblaca009 b WHERE a.exp_e='09-20805362' AND a.lapso='2013-2' AND b.pensum='5' AND b.c_uni_ca='3' AND status IN ('7','A','2') AND a.c_asigna=b.c_asigna AND a.c_asigna IN ('300676') [1][0] OK
C:[05/12/2013 14:35:34.08][201.248.68.101][1392] SELECT pre_cod_asig1,pre_cod_asig2,pre_cod_asig3,pre_cod_asig4,pre_cod_asig5,pre_cod_asig6,pre_cod_asig7 FROM tblaca009 WHERE pensum='5' AND c_uni_ca='4' AND c_asigna='333056' [1][0] OK
C:[05/12/2013 14:35:34.08][201.248.68.101][1392] SELECT pre_cod_asig1,pre_cod_asig2,pre_cod_asig3,pre_cod_asig4,pre_cod_asig5,pre_cod_asig6,pre_cod_asig7 FROM tblaca009 WHERE pensum='5' AND c_uni_ca='4' AND c_asigna='333830' [1][0] OK
C:[05/12/2013 14:35:34.08][201.248.68.101][1405] SELECT c_asigna FROM dace004 WHERE exp_e='07-19332209' AND c_asigna='333710' AND status IN ('0','3','B') [1][0] OK
C:[05/12/2013 14:35:34.08][201.248.68.101][1405] SELECT c_asigna FROM dace004 WHERE exp_e='07-19332209' AND c_asigna='333782' AND status IN ('0','3','B') [1][0] OK
C:[05/12/2013 14:35:34.08][201.248.68.101][1392] SELECT pre_cod_asig1,pre_cod_asig2,pre_cod_asig3,pre_cod_asig4,pre_cod_asig5,pre_cod_asig6,pre_cod_asig7 FROM tblaca009 WHERE pensum='5' AND c_uni_ca='4' AND c_asigna='333831' [1][0] OK
C:[05/12/2013 14:35:34.08][201.248.68.101][1405] SELECT c_asigna FROM dace004 WHERE exp_e='07-19332209' AND c_asigna='333611' AND status IN ('0','3','B') [1][0] OK
C:[05/12/2013 14:35:34.08][201.248.68.101][1392] SELECT pre_cod_asig1,pre_cod_asig2,pre_cod_asig3,pre_cod_asig4,pre_cod_asig5,pre_cod_asig6,pre_cod_asig7 FROM tblaca009 WHERE pensum='5' AND c_uni_ca='4' AND c_asigna='333838' [1][0] OK
C:[05/12/2013 14:35:34.08][201.248.68.101][1405] SELECT c_asigna FROM dace004 WHERE exp_e='07-19332209' AND c_asigna='333563' AND status IN ('0','3','B') [1][0] OK
C:[05/12/2013 14:35:34.08][201.248.68.101][1405] SELECT c_asigna FROM dace004 WHERE exp_e='07-19332209' AND c_asigna='333683' AND status IN ('0','3','B') [1][0] OK
C:[05/12/2013 14:35:34.08][201.248.68.101][1392] SELECT pre_cod_asig1,pre_cod_asig2,pre_cod_asig3,pre_cod_asig4,pre_cod_asig5,pre_cod_asig6,pre_cod_asig7 FROM tblaca009 WHERE pensum='5' AND c_uni_ca='4' AND c_asigna='300870' [1][0] OK
C:[05/12/2013 14:35:34.08][201.248.68.101][1392] SELECT pre_cod_asig1,pre_cod_asig2,pre_cod_asig3,pre_cod_asig4,pre_cod_asig5,pre_cod_asig6,pre_cod_asig7 FROM tblaca009 WHERE pensum='5' AND c_uni_ca='4' AND c_asigna='333042' [1][0] OK
C:[05/12/2013 14:35:34.08][201.248.68.101][1405] SELECT c_asigna FROM dace004 WHERE exp_e='07-19332209' AND c_asigna='333707' AND status IN ('0','3','B') [1][0] OK
C:[05/12/2013 14:35:34.08][201.248.68.101][1392] SELECT pre_cod_asig1,pre_cod_asig2,pre_cod_asig3,pre_cod_asig4,pre_cod_asig5,pre_cod_asig6,pre_cod_asig7 FROM tblaca009 WHERE pensum='5' AND c_uni_ca='4' AND c_asigna='333053' [1][0] OK
C:[05/12/2013 14:35:35.27][201.248.68.101][1436] SELECT par_cod_asig1,par_cod_asig2,par_cod_asig3 FROM tblaca009 WHERE pensum='5' AND c_uni_ca='4' AND c_asigna='333056' [1][0] OK
C:[05/12/2013 14:35:35.27][201.248.68.101][1436] SELECT par_cod_asig1,par_cod_asig2,par_cod_asig3 FROM tblaca009 WHERE pensum='5' AND c_uni_ca='4' AND c_asigna='333830' [1][0] OK
C:[05/12/2013 14:35:35.27][201.248.68.101][1436] SELECT par_cod_asig1,par_cod_asig2,par_cod_asig3 FROM tblaca009 WHERE pensum='5' AND c_uni_ca='4' AND c_asigna='333831' [1][0] OK
C:[05/12/2013 14:35:35.27][201.248.68.101][1436] SELECT par_cod_asig1,par_cod_asig2,par_cod_asig3 FROM tblaca009 WHERE pensum='5' AND c_uni_ca='4' AND c_asigna='333838' [1][0] OK
C:[05/12/2013 14:35:35.27][201.248.68.101][1436] SELECT par_cod_asig1,par_cod_asig2,par_cod_asig3 FROM tblaca009 WHERE pensum='5' AND c_uni_ca='4' AND c_asigna='300870' [1][0] OK
C:[05/12/2013 14:35:35.27][201.248.68.101][1436] SELECT par_cod_asig1,par_cod_asig2,par_cod_asig3 FROM tblaca009 WHERE pensum='5' AND c_uni_ca='4' AND c_asigna='333042' [1][0] OK
C:[05/12/2013 14:35:35.27][201.248.68.101][1436] SELECT par_cod_asig1,par_cod_asig2,par_cod_asig3 FROM tblaca009 WHERE pensum='5' AND c_uni_ca='4' AND c_asigna='333053' [1][0] OK
C:[05/12/2013 14:35:35.17][201.248.68.101][1566] SELECT horas_lab FROM tblaca008 WHERE c_asigna='333056' AND horas_teoricas > 0 [1][0] OK
C:[05/12/2013 14:35:35.28][201.248.68.101][1600] SELECT sum(u_creditos*1) FROM dace006 a, tblaca009 b WHERE a.exp_e='07-19332209' AND a.lapso='2013-2' AND b.pensum='5' AND b.c_uni_ca='4' AND status IN ('7','A','2') AND a.c_asigna=b.c_asigna  [1][0] OK
C:[05/12/2013 14:35:35.23][201.248.68.101][1619] SELECT sum(u_creditos*1) FROM dace006 a, tblaca009 b WHERE a.exp_e='07-19332209' AND a.lapso='2013-2' AND b.pensum='5' AND b.c_uni_ca='4' AND status IN ('7','A','2') AND a.c_asigna=b.c_asigna AND a.c_asigna IN ('333830','333831','333838','300870','333042','333053') [1][0] OK
C:[05/12/2013 14:35:35.96][201.248.68.101][1635] SELECT MAX(semestre) FROM dace006 a, tblaca009 b WHERE a.exp_e='07-19332209' AND a.lapso='2013-2' AND b.pensum='5' AND b.c_uni_ca='4' AND status IN ('7','A','2') AND a.c_asigna=b.c_asigna  [1][0] OK
C:[05/12/2013 14:35:35.46][201.248.68.101][1655] SELECT MIN(semestre) FROM dace006 a, tblaca009 b WHERE a.exp_e='07-19332209' AND a.lapso='2013-2' AND b.pensum='5' AND b.c_uni_ca='4' AND status IN ('7','A','2') AND a.c_asigna=b.c_asigna AND a.c_asigna IN ('333056') [1][0] OK
C:[05/12/2013 16:13:10.56][186.90.58.185][1392] SELECT pre_cod_asig1,pre_cod_asig2,pre_cod_asig3,pre_cod_asig4,pre_cod_asig5,pre_cod_asig6,pre_cod_asig7 FROM tblaca009 WHERE pensum='5' AND c_uni_ca='3' AND c_asigna='300890' [1][0] OK
C:[05/12/2013 16:13:10.56][186.90.58.185][1392] SELECT pre_cod_asig1,pre_cod_asig2,pre_cod_asig3,pre_cod_asig4,pre_cod_asig5,pre_cod_asig6,pre_cod_asig7 FROM tblaca009 WHERE pensum='5' AND c_uni_ca='3' AND c_asigna='300870' [1][0] OK
C:[05/12/2013 16:13:10.56][186.90.58.185][1392] SELECT pre_cod_asig1,pre_cod_asig2,pre_cod_asig3,pre_cod_asig4,pre_cod_asig5,pre_cod_asig6,pre_cod_asig7 FROM tblaca009 WHERE pensum='5' AND c_uni_ca='3' AND c_asigna='311046' [1][0] OK
C:[05/12/2013 16:13:10.56][186.90.58.185][1405] SELECT c_asigna FROM dace004 WHERE exp_e='04-10394942' AND c_asigna='311822' AND status IN ('0','3','B') [1][0] OK
C:[05/12/2013 16:13:10.56][186.90.58.185][1392] SELECT pre_cod_asig1,pre_cod_asig2,pre_cod_asig3,pre_cod_asig4,pre_cod_asig5,pre_cod_asig6,pre_cod_asig7 FROM tblaca009 WHERE pensum='5' AND c_uni_ca='3' AND c_asigna='311095' [1][0] OK
C:[05/12/2013 16:13:10.56][186.90.58.185][1405] SELECT c_asigna FROM dace004 WHERE exp_e='04-10394942' AND c_asigna='311822' AND status IN ('0','3','B') [1][0] OK
C:[05/12/2013 16:13:10.56][186.90.58.185][1392] SELECT pre_cod_asig1,pre_cod_asig2,pre_cod_asig3,pre_cod_asig4,pre_cod_asig5,pre_cod_asig6,pre_cod_asig7 FROM tblaca009 WHERE pensum='5' AND c_uni_ca='3' AND c_asigna='311098' [1][0] OK
C:[05/12/2013 16:13:10.56][186.90.58.185][1405] SELECT c_asigna FROM dace004 WHERE exp_e='04-10394942' AND c_asigna='311822' AND status IN ('0','3','B') [1][0] OK
C:[05/12/2013 16:13:10.56][186.90.58.185][1392] SELECT pre_cod_asig1,pre_cod_asig2,pre_cod_asig3,pre_cod_asig4,pre_cod_asig5,pre_cod_asig6,pre_cod_asig7 FROM tblaca009 WHERE pensum='5' AND c_uni_ca='3' AND c_asigna='300956' [1][0] OK
C:[05/12/2013 16:13:10.56][186.90.58.185][1405] SELECT c_asigna FROM dace004 WHERE exp_e='04-10394942' AND c_asigna='300422' AND status IN ('0','3','B') [1][0] OK
C:[05/12/2013 16:13:10.56][186.90.58.185][1405] SELECT c_asigna FROM dace004 WHERE exp_e='04-10394942' AND c_asigna='300105' AND status IN ('0','3','B') [1][0] OK
C:[05/12/2013 16:13:10.56][186.90.58.185][1405] SELECT c_asigna FROM dace004 WHERE exp_e='04-10394942' AND c_asigna='300314' AND status IN ('0','3','B') [1][0] OK
C:[05/12/2013 16:13:10.56][186.90.58.185][1392] SELECT pre_cod_asig1,pre_cod_asig2,pre_cod_asig3,pre_cod_asig4,pre_cod_asig5,pre_cod_asig6,pre_cod_asig7 FROM tblaca009 WHERE pensum='5' AND c_uni_ca='3' AND c_asigna='311100' [1][0] OK
C:[05/12/2013 16:13:11.18][186.90.58.185][1436] SELECT par_cod_asig1,par_cod_asig2,par_cod_asig3 FROM tblaca009 WHERE pensum='5' AND c_uni_ca='3' AND c_asigna='300890' [1][0] OK
C:[05/12/2013 16:13:11.18][186.90.58.185][1436] SELECT par_cod_asig1,par_cod_asig2,par_cod_asig3 FROM tblaca009 WHERE pensum='5' AND c_uni_ca='3' AND c_asigna='300870' [1][0] OK
C:[05/12/2013 16:13:11.18][186.90.58.185][1436] SELECT par_cod_asig1,par_cod_asig2,par_cod_asig3 FROM tblaca009 WHERE pensum='5' AND c_uni_ca='3' AND c_asigna='311046' [1][0] OK
C:[05/12/2013 16:13:11.18][186.90.58.185][1436] SELECT par_cod_asig1,par_cod_asig2,par_cod_asig3 FROM tblaca009 WHERE pensum='5' AND c_uni_ca='3' AND c_asigna='311095' [1][0] OK
C:[05/12/2013 16:13:11.18][186.90.58.185][1436] SELECT par_cod_asig1,par_cod_asig2,par_cod_asig3 FROM tblaca009 WHERE pensum='5' AND c_uni_ca='3' AND c_asigna='311098' [1][0] OK
C:[05/12/2013 16:13:11.18][186.90.58.185][1436] SELECT par_cod_asig1,par_cod_asig2,par_cod_asig3 FROM tblaca009 WHERE pensum='5' AND c_uni_ca='3' AND c_asigna='300956' [1][0] OK
C:[05/12/2013 16:13:11.18][186.90.58.185][1436] SELECT par_cod_asig1,par_cod_asig2,par_cod_asig3 FROM tblaca009 WHERE pensum='5' AND c_uni_ca='3' AND c_asigna='311100' [1][0] OK
C:[05/12/2013 16:13:11.08][186.90.58.185][1566] SELECT horas_lab FROM tblaca008 WHERE c_asigna='300890' AND horas_teoricas > 0 [1][0] OK
C:[05/12/2013 16:13:11.18][186.90.58.185][1600] SELECT sum(u_creditos*1) FROM dace006 a, tblaca009 b WHERE a.exp_e='04-10394942' AND a.lapso='2013-2' AND b.pensum='5' AND b.c_uni_ca='3' AND status IN ('7','A','2') AND a.c_asigna=b.c_asigna  [1][0] OK
C:[05/12/2013 16:13:11.25][186.90.58.185][1619] SELECT sum(u_creditos*1) FROM dace006 a, tblaca009 b WHERE a.exp_e='04-10394942' AND a.lapso='2013-2' AND b.pensum='5' AND b.c_uni_ca='3' AND status IN ('7','A','2') AND a.c_asigna=b.c_asigna AND a.c_asigna IN ('300870','311046','311095','311098','300956','311100') [1][0] OK
C:[05/12/2013 16:13:11.30][186.90.58.185][1635] SELECT MAX(semestre) FROM dace006 a, tblaca009 b WHERE a.exp_e='04-10394942' AND a.lapso='2013-2' AND b.pensum='5' AND b.c_uni_ca='3' AND status IN ('7','A','2') AND a.c_asigna=b.c_asigna  [1][0] OK
C:[05/12/2013 16:13:11.36][186.90.58.185][1655] SELECT MIN(semestre) FROM dace006 a, tblaca009 b WHERE a.exp_e='04-10394942' AND a.lapso='2013-2' AND b.pensum='5' AND b.c_uni_ca='3' AND status IN ('7','A','2') AND a.c_asigna=b.c_asigna AND a.c_asigna IN ('300890') [1][0] OK
C:[06/12/2013 00:22:03.09][190.207.55.143][1392] SELECT pre_cod_asig1,pre_cod_asig2,pre_cod_asig3,pre_cod_asig4,pre_cod_asig5,pre_cod_asig6,pre_cod_asig7 FROM tblaca009 WHERE pensum='5' AND c_uni_ca='5' AND c_asigna='300676' [1][0] OK
C:[06/12/2013 00:22:03.09][190.207.55.143][1392] SELECT pre_cod_asig1,pre_cod_asig2,pre_cod_asig3,pre_cod_asig4,pre_cod_asig5,pre_cod_asig6,pre_cod_asig7 FROM tblaca009 WHERE pensum='5' AND c_uni_ca='5' AND c_asigna='355570' [1][0] OK
C:[06/12/2013 00:22:03.09][190.207.55.143][1405] SELECT c_asigna FROM dace004 WHERE exp_e='11-24890040' AND c_asigna='355447' AND status IN ('0','3','B') [1][0] OK
C:[06/12/2013 00:22:03.09][190.207.55.143][1392] SELECT pre_cod_asig1,pre_cod_asig2,pre_cod_asig3,pre_cod_asig4,pre_cod_asig5,pre_cod_asig6,pre_cod_asig7 FROM tblaca009 WHERE pensum='5' AND c_uni_ca='5' AND c_asigna='355572' [1][0] OK
C:[06/12/2013 00:22:03.09][190.207.55.143][1405] SELECT c_asigna FROM dace004 WHERE exp_e='11-24890040' AND c_asigna='300428' AND status IN ('0','3','B') [1][0] OK
C:[06/12/2013 00:22:03.09][190.207.55.143][1392] SELECT pre_cod_asig1,pre_cod_asig2,pre_cod_asig3,pre_cod_asig4,pre_cod_asig5,pre_cod_asig6,pre_cod_asig7 FROM tblaca009 WHERE pensum='5' AND c_uni_ca='5' AND c_asigna='355595' [1][0] OK
C:[06/12/2013 00:22:03.09][190.207.55.143][1405] SELECT c_asigna FROM dace004 WHERE exp_e='11-24890040' AND c_asigna='351451' AND status IN ('0','3','B') [1][0] OK
C:[06/12/2013 00:22:03.09][190.207.55.143][1405] SELECT c_asigna FROM dace004 WHERE exp_e='11-24890040' AND c_asigna='355350' AND status IN ('0','3','B') [1][0] OK
C:[06/12/2013 00:22:03.09][190.207.55.143][1405] SELECT c_asigna FROM dace004 WHERE exp_e='11-24890040' AND c_asigna='300318' AND status IN ('0','3','B') [1][0] OK
C:[06/12/2013 00:22:03.09][190.207.55.143][1392] SELECT pre_cod_asig1,pre_cod_asig2,pre_cod_asig3,pre_cod_asig4,pre_cod_asig5,pre_cod_asig6,pre_cod_asig7 FROM tblaca009 WHERE pensum='5' AND c_uni_ca='5' AND c_asigna='355571' [1][0] OK
C:[06/12/2013 00:22:03.09][190.207.55.143][1405] SELECT c_asigna FROM dace004 WHERE exp_e='11-24890040' AND c_asigna='355447' AND status IN ('0','3','B') [1][0] OK
C:[06/12/2013 00:22:03.03][190.207.55.143][1436] SELECT par_cod_asig1,par_cod_asig2,par_cod_asig3 FROM tblaca009 WHERE pensum='5' AND c_uni_ca='5' AND c_asigna='300676' [1][0] OK
C:[06/12/2013 00:22:03.03][190.207.55.143][1436] SELECT par_cod_asig1,par_cod_asig2,par_cod_asig3 FROM tblaca009 WHERE pensum='5' AND c_uni_ca='5' AND c_asigna='355570' [1][0] OK
C:[06/12/2013 00:22:03.03][190.207.55.143][1436] SELECT par_cod_asig1,par_cod_asig2,par_cod_asig3 FROM tblaca009 WHERE pensum='5' AND c_uni_ca='5' AND c_asigna='355572' [1][0] OK
C:[06/12/2013 00:22:03.03][190.207.55.143][1436] SELECT par_cod_asig1,par_cod_asig2,par_cod_asig3 FROM tblaca009 WHERE pensum='5' AND c_uni_ca='5' AND c_asigna='355595' [1][0] OK
C:[06/12/2013 00:22:03.03][190.207.55.143][1436] SELECT par_cod_asig1,par_cod_asig2,par_cod_asig3 FROM tblaca009 WHERE pensum='5' AND c_uni_ca='5' AND c_asigna='355571' [1][0] OK
C:[06/12/2013 00:22:03.23][190.207.55.143][1566] SELECT horas_lab FROM tblaca008 WHERE c_asigna='300676' AND horas_teoricas > 0 [1][0] OK
C:[06/12/2013 00:22:03.34][190.207.55.143][1600] SELECT sum(u_creditos*1) FROM dace006 a, tblaca009 b WHERE a.exp_e='11-24890040' AND a.lapso='2013-2' AND b.pensum='5' AND b.c_uni_ca='5' AND status IN ('7','A','2') AND a.c_asigna=b.c_asigna  [1][0] OK
C:[06/12/2013 00:22:03.28][190.207.55.143][1619] SELECT sum(u_creditos*1) FROM dace006 a, tblaca009 b WHERE a.exp_e='11-24890040' AND a.lapso='2013-2' AND b.pensum='5' AND b.c_uni_ca='5' AND status IN ('7','A','2') AND a.c_asigna=b.c_asigna AND a.c_asigna IN ('355570','355572','355595','355571') [1][0] OK
C:[06/12/2013 00:22:04.21][190.207.55.143][1635] SELECT MAX(semestre) FROM dace006 a, tblaca009 b WHERE a.exp_e='11-24890040' AND a.lapso='2013-2' AND b.pensum='5' AND b.c_uni_ca='5' AND status IN ('7','A','2') AND a.c_asigna=b.c_asigna  [1][0] OK
C:[06/12/2013 00:22:04.15][190.207.55.143][1655] SELECT MIN(semestre) FROM dace006 a, tblaca009 b WHERE a.exp_e='11-24890040' AND a.lapso='2013-2' AND b.pensum='5' AND b.c_uni_ca='5' AND status IN ('7','A','2') AND a.c_asigna=b.c_asigna AND a.c_asigna IN ('300676') [1][0] OK
C:[06/12/2013 11:34:37.65][190.198.29.171][1392] SELECT pre_cod_asig1,pre_cod_asig2,pre_cod_asig3,pre_cod_asig4,pre_cod_asig5,pre_cod_asig6,pre_cod_asig7 FROM tblaca009 WHERE pensum='5' AND c_uni_ca='5' AND c_asigna='300113' [1][0] OK
C:[06/12/2013 11:34:37.65][190.198.29.171][1392] SELECT pre_cod_asig1,pre_cod_asig2,pre_cod_asig3,pre_cod_asig4,pre_cod_asig5,pre_cod_asig6,pre_cod_asig7 FROM tblaca009 WHERE pensum='5' AND c_uni_ca='5' AND c_asigna='300226' [1][0] OK
C:[06/12/2013 11:34:37.65][190.198.29.171][1405] SELECT c_asigna FROM dace004 WHERE exp_e='13-25083441' AND c_asigna='300116' AND status IN ('0','3','B') [1][0] OK
C:[06/12/2013 11:34:37.65][190.198.29.171][1392] SELECT pre_cod_asig1,pre_cod_asig2,pre_cod_asig3,pre_cod_asig4,pre_cod_asig5,pre_cod_asig6,pre_cod_asig7 FROM tblaca009 WHERE pensum='5' AND c_uni_ca='5' AND c_asigna='300013' [1][0] OK
C:[06/12/2013 11:34:37.65][190.198.29.171][1392] SELECT pre_cod_asig1,pre_cod_asig2,pre_cod_asig3,pre_cod_asig4,pre_cod_asig5,pre_cod_asig6,pre_cod_asig7 FROM tblaca009 WHERE pensum='5' AND c_uni_ca='5' AND c_asigna='300101' [1][0] OK
C:[06/12/2013 11:34:37.65][190.198.29.171][1392] SELECT pre_cod_asig1,pre_cod_asig2,pre_cod_asig3,pre_cod_asig4,pre_cod_asig5,pre_cod_asig6,pre_cod_asig7 FROM tblaca009 WHERE pensum='5' AND c_uni_ca='5' AND c_asigna='300105' [1][0] OK
C:[06/12/2013 11:34:37.65][190.198.29.171][1392] SELECT pre_cod_asig1,pre_cod_asig2,pre_cod_asig3,pre_cod_asig4,pre_cod_asig5,pre_cod_asig6,pre_cod_asig7 FROM tblaca009 WHERE pensum='5' AND c_uni_ca='5' AND c_asigna='300222' [1][0] OK
C:[06/12/2013 11:34:37.65][190.198.29.171][1405] SELECT c_asigna FROM dace004 WHERE exp_e='13-25083441' AND c_asigna='300112' AND status IN ('0','3','B') [1][0] OK
C:[06/12/2013 11:34:38.21][190.198.29.171][1436] SELECT par_cod_asig1,par_cod_asig2,par_cod_asig3 FROM tblaca009 WHERE pensum='5' AND c_uni_ca='5' AND c_asigna='300113' [1][0] OK
C:[06/12/2013 11:34:38.21][190.198.29.171][1450] SELECT c_asigna FROM dace004 WHERE exp_e='13-25083441' AND c_asigna='300013' AND status IN ('0','3','B','C') [0][0] OK
C:[06/12/2013 11:34:38.21][190.198.29.171][1436] SELECT par_cod_asig1,par_cod_asig2,par_cod_asig3 FROM tblaca009 WHERE pensum='5' AND c_uni_ca='5' AND c_asigna='300226' [1][0] OK
C:[06/12/2013 11:34:38.21][190.198.29.171][1436] SELECT par_cod_asig1,par_cod_asig2,par_cod_asig3 FROM tblaca009 WHERE pensum='5' AND c_uni_ca='5' AND c_asigna='300013' [1][0] OK
C:[06/12/2013 11:34:38.21][190.198.29.171][1436] SELECT par_cod_asig1,par_cod_asig2,par_cod_asig3 FROM tblaca009 WHERE pensum='5' AND c_uni_ca='5' AND c_asigna='300101' [1][0] OK
C:[06/12/2013 11:34:38.21][190.198.29.171][1436] SELECT par_cod_asig1,par_cod_asig2,par_cod_asig3 FROM tblaca009 WHERE pensum='5' AND c_uni_ca='5' AND c_asigna='300105' [1][0] OK
C:[06/12/2013 11:34:38.21][190.198.29.171][1436] SELECT par_cod_asig1,par_cod_asig2,par_cod_asig3 FROM tblaca009 WHERE pensum='5' AND c_uni_ca='5' AND c_asigna='300222' [1][0] OK
C:[06/12/2013 11:34:38.10][190.198.29.171][1566] SELECT horas_lab FROM tblaca008 WHERE c_asigna='300113' AND horas_teoricas > 0 [0][0] OK
C:[06/12/2013 11:34:38.10][190.198.29.171][1566] SELECT horas_lab FROM tblaca008 WHERE c_asigna='300226' AND horas_teoricas > 0 [1][0] OK
C:[06/12/2013 11:34:38.34][190.198.29.171][1600] SELECT sum(u_creditos*1) FROM dace006 a, tblaca009 b WHERE a.exp_e='13-25083441' AND a.lapso='2013-2' AND b.pensum='5' AND b.c_uni_ca='5' AND status IN ('7','A','2') AND a.c_asigna=b.c_asigna  [1][0] OK
C:[06/12/2013 11:34:38.84][190.198.29.171][1619] SELECT sum(u_creditos*1) FROM dace006 a, tblaca009 b WHERE a.exp_e='13-25083441' AND a.lapso='2013-2' AND b.pensum='5' AND b.c_uni_ca='5' AND status IN ('7','A','2') AND a.c_asigna=b.c_asigna AND a.c_asigna IN ('300013','300101','300105','300222') [1][0] OK
C:[06/12/2013 11:34:38.90][190.198.29.171][1635] SELECT MAX(semestre) FROM dace006 a, tblaca009 b WHERE a.exp_e='13-25083441' AND a.lapso='2013-2' AND b.pensum='5' AND b.c_uni_ca='5' AND status IN ('7','A','2') AND a.c_asigna=b.c_asigna  [1][0] OK
C:[06/12/2013 11:34:38.41][190.198.29.171][1655] SELECT MIN(semestre) FROM dace006 a, tblaca009 b WHERE a.exp_e='13-25083441' AND a.lapso='2013-2' AND b.pensum='5' AND b.c_uni_ca='5' AND status IN ('7','A','2') AND a.c_asigna=b.c_asigna AND a.c_asigna IN ('300113','300226') [1][0] OK
C:[06/12/2013 13:29:35.98][200.84.64.244][1392] SELECT pre_cod_asig1,pre_cod_asig2,pre_cod_asig3,pre_cod_asig4,pre_cod_asig5,pre_cod_asig6,pre_cod_asig7 FROM tblaca009 WHERE pensum='5' AND c_uni_ca='3' AND c_asigna='311824' [1][0] OK
C:[06/12/2013 13:29:35.98][200.84.64.244][1405] SELECT c_asigna FROM dace004 WHERE exp_e='06-19094261' AND c_asigna='311796' AND status IN ('0','3','B') [1][0] OK
C:[06/12/2013 13:29:35.98][200.84.64.244][1405] SELECT c_asigna FROM dace004 WHERE exp_e='06-19094261' AND c_asigna='315671' AND status IN ('0','3','B') [1][0] OK
C:[06/12/2013 13:29:35.98][200.84.64.244][1405] SELECT c_asigna FROM dace004 WHERE exp_e='06-19094261' AND c_asigna='311552' AND status IN ('0','3','B') [1][0] OK
C:[06/12/2013 13:29:35.98][200.84.64.244][1405] SELECT c_asigna FROM dace004 WHERE exp_e='06-19094261' AND c_asigna='311430' AND status IN ('0','3','B') [1][0] OK
C:[06/12/2013 13:29:35.98][200.84.64.244][1405] SELECT c_asigna FROM dace004 WHERE exp_e='06-19094261' AND c_asigna='300317' AND status IN ('0','3','B') [1][0] OK
C:[06/12/2013 13:29:35.98][200.84.64.244][1405] SELECT c_asigna FROM dace004 WHERE exp_e='06-19094261' AND c_asigna='300318' AND status IN ('0','3','B') [1][0] OK
C:[06/12/2013 13:29:35.98][200.84.64.244][1405] SELECT c_asigna FROM dace004 WHERE exp_e='06-19094261' AND c_asigna='300313' AND status IN ('0','3','B') [1][0] OK
C:[06/12/2013 13:29:35.98][200.84.64.244][1392] SELECT pre_cod_asig1,pre_cod_asig2,pre_cod_asig3,pre_cod_asig4,pre_cod_asig5,pre_cod_asig6,pre_cod_asig7 FROM tblaca009 WHERE pensum='5' AND c_uni_ca='3' AND c_asigna='311827' [1][0] OK
C:[06/12/2013 13:29:35.98][200.84.64.244][1405] SELECT c_asigna FROM dace004 WHERE exp_e='06-19094261' AND c_asigna='311704' AND status IN ('0','3','B') [1][0] OK
C:[06/12/2013 13:29:35.98][200.84.64.244][1392] SELECT pre_cod_asig1,pre_cod_asig2,pre_cod_asig3,pre_cod_asig4,pre_cod_asig5,pre_cod_asig6,pre_cod_asig7 FROM tblaca009 WHERE pensum='5' AND c_uni_ca='3' AND c_asigna='311825' [1][0] OK
C:[06/12/2013 13:29:35.98][200.84.64.244][1405] SELECT c_asigna FROM dace004 WHERE exp_e='06-19094261' AND c_asigna='311775' AND status IN ('0','3','B') [1][0] OK
C:[06/12/2013 13:29:35.98][200.84.64.244][1405] SELECT c_asigna FROM dace004 WHERE exp_e='06-19094261' AND c_asigna='311795' AND status IN ('0','3','B') [1][0] OK
C:[06/12/2013 13:29:35.98][200.84.64.244][1392] SELECT pre_cod_asig1,pre_cod_asig2,pre_cod_asig3,pre_cod_asig4,pre_cod_asig5,pre_cod_asig6,pre_cod_asig7 FROM tblaca009 WHERE pensum='5' AND c_uni_ca='3' AND c_asigna='311094' [1][0] OK
C:[06/12/2013 13:29:35.98][200.84.64.244][1405] SELECT c_asigna FROM dace004 WHERE exp_e='06-19094261' AND c_asigna='311822' AND status IN ('0','3','B') [1][0] OK
C:[06/12/2013 13:29:35.98][200.84.64.244][1405] SELECT c_asigna FROM dace004 WHERE exp_e='06-19094261' AND c_asigna='311823' AND status IN ('0','3','B') [1][0] OK
C:[06/12/2013 13:29:35.98][200.84.64.244][1436] SELECT par_cod_asig1,par_cod_asig2,par_cod_asig3 FROM tblaca009 WHERE pensum='5' AND c_uni_ca='3' AND c_asigna='311824' [1][0] OK
C:[06/12/2013 13:29:35.98][200.84.64.244][1436] SELECT par_cod_asig1,par_cod_asig2,par_cod_asig3 FROM tblaca009 WHERE pensum='5' AND c_uni_ca='3' AND c_asigna='311827' [1][0] OK
C:[06/12/2013 13:29:35.98][200.84.64.244][1436] SELECT par_cod_asig1,par_cod_asig2,par_cod_asig3 FROM tblaca009 WHERE pensum='5' AND c_uni_ca='3' AND c_asigna='311825' [1][0] OK
C:[06/12/2013 13:29:35.98][200.84.64.244][1436] SELECT par_cod_asig1,par_cod_asig2,par_cod_asig3 FROM tblaca009 WHERE pensum='5' AND c_uni_ca='3' AND c_asigna='311094' [1][0] OK
C:[06/12/2013 13:29:35.51][200.84.64.244][1566] SELECT horas_lab FROM tblaca008 WHERE c_asigna='311824' AND horas_teoricas > 0 [1][0] OK
C:[06/12/2013 13:29:35.61][200.84.64.244][1600] SELECT sum(u_creditos*1) FROM dace006 a, tblaca009 b WHERE a.exp_e='06-19094261' AND a.lapso='2013-2' AND b.pensum='5' AND b.c_uni_ca='3' AND status IN ('7','A','2') AND a.c_asigna=b.c_asigna  [1][0] OK
C:[06/12/2013 13:29:35.55][200.84.64.244][1619] SELECT sum(u_creditos*1) FROM dace006 a, tblaca009 b WHERE a.exp_e='06-19094261' AND a.lapso='2013-2' AND b.pensum='5' AND b.c_uni_ca='3' AND status IN ('7','A','2') AND a.c_asigna=b.c_asigna AND a.c_asigna IN ('311827','311825','311094') [1][0] OK
C:[06/12/2013 13:29:35.49][200.84.64.244][1635] SELECT MAX(semestre) FROM dace006 a, tblaca009 b WHERE a.exp_e='06-19094261' AND a.lapso='2013-2' AND b.pensum='5' AND b.c_uni_ca='3' AND status IN ('7','A','2') AND a.c_asigna=b.c_asigna  [1][0] OK
C:[06/12/2013 13:29:36.49][200.84.64.244][1655] SELECT MIN(semestre) FROM dace006 a, tblaca009 b WHERE a.exp_e='06-19094261' AND a.lapso='2013-2' AND b.pensum='5' AND b.c_uni_ca='3' AND status IN ('7','A','2') AND a.c_asigna=b.c_asigna AND a.c_asigna IN ('311824') [1][0] OK
C:[06/12/2013 14:26:56.17][190.206.68.17][1392] SELECT pre_cod_asig1,pre_cod_asig2,pre_cod_asig3,pre_cod_asig4,pre_cod_asig5,pre_cod_asig6,pre_cod_asig7 FROM tblaca009 WHERE pensum='5' AND c_uni_ca='5' AND c_asigna='300318' [1][0] OK
C:[06/12/2013 14:26:56.17][190.206.68.17][1405] SELECT c_asigna FROM dace004 WHERE exp_e='11-24239877' AND c_asigna='300228' AND status IN ('0','3','B') [1][0] OK
C:[06/12/2013 14:26:56.17][190.206.68.17][1405] SELECT c_asigna FROM dace004 WHERE exp_e='11-24239877' AND c_asigna='300207' AND status IN ('0','3','B') [1][0] OK
C:[06/12/2013 14:26:56.17][190.206.68.17][1405] SELECT c_asigna FROM dace004 WHERE exp_e='11-24239877' AND c_asigna='300218' AND status IN ('0','3','B') [1][0] OK
C:[06/12/2013 14:26:56.17][190.206.68.17][1392] SELECT pre_cod_asig1,pre_cod_asig2,pre_cod_asig3,pre_cod_asig4,pre_cod_asig5,pre_cod_asig6,pre_cod_asig7 FROM tblaca009 WHERE pensum='5' AND c_uni_ca='5' AND c_asigna='300313' [1][0] OK
C:[06/12/2013 14:26:56.17][190.206.68.17][1405] SELECT c_asigna FROM dace004 WHERE exp_e='11-24239877' AND c_asigna='300213' AND status IN ('0','3','B') [1][0] OK
C:[06/12/2013 14:26:56.17][190.206.68.17][1405] SELECT c_asigna FROM dace004 WHERE exp_e='11-24239877' AND c_asigna='300226' AND status IN ('0','3','B') [1][0] OK
C:[06/12/2013 14:26:56.17][190.206.68.17][1405] SELECT c_asigna FROM dace004 WHERE exp_e='11-24239877' AND c_asigna='300222' AND status IN ('0','3','B') [1][0] OK
C:[06/12/2013 14:26:56.17][190.206.68.17][1405] SELECT c_asigna FROM dace004 WHERE exp_e='11-24239877' AND c_asigna='300209' AND status IN ('0','3','B') [1][0] OK
C:[06/12/2013 14:26:56.17][190.206.68.17][1392] SELECT pre_cod_asig1,pre_cod_asig2,pre_cod_asig3,pre_cod_asig4,pre_cod_asig5,pre_cod_asig6,pre_cod_asig7 FROM tblaca009 WHERE pensum='5' AND c_uni_ca='5' AND c_asigna='300314' [1][0] OK
C:[06/12/2013 14:26:56.17][190.206.68.17][1405] SELECT c_asigna FROM dace004 WHERE exp_e='11-24239877' AND c_asigna='300106' AND status IN ('0','3','B') [1][0] OK
C:[06/12/2013 14:26:56.17][190.206.68.17][1392] SELECT pre_cod_asig1,pre_cod_asig2,pre_cod_asig3,pre_cod_asig4,pre_cod_asig5,pre_cod_asig6,pre_cod_asig7 FROM tblaca009 WHERE pensum='5' AND c_uni_ca='5' AND c_asigna='300317' [1][0] OK
C:[06/12/2013 14:26:56.17][190.206.68.17][1405] SELECT c_asigna FROM dace004 WHERE exp_e='11-24239877' AND c_asigna='300207' AND status IN ('0','3','B') [1][0] OK
C:[06/12/2013 14:26:56.17][190.206.68.17][1405] SELECT c_asigna FROM dace004 WHERE exp_e='11-24239877' AND c_asigna='300209' AND status IN ('0','3','B') [1][0] OK
C:[06/12/2013 14:26:56.17][190.206.68.17][1392] SELECT pre_cod_asig1,pre_cod_asig2,pre_cod_asig3,pre_cod_asig4,pre_cod_asig5,pre_cod_asig6,pre_cod_asig7 FROM tblaca009 WHERE pensum='5' AND c_uni_ca='5' AND c_asigna='355350' [1][0] OK
C:[06/12/2013 14:26:56.17][190.206.68.17][1405] SELECT c_asigna FROM dace004 WHERE exp_e='11-24239877' AND c_asigna='300207' AND status IN ('0','3','B') [1][0] OK
C:[06/12/2013 14:26:56.17][190.206.68.17][1405] SELECT c_asigna FROM dace004 WHERE exp_e='11-24239877' AND c_asigna='300228' AND status IN ('0','3','B') [1][0] OK
C:[06/12/2013 14:26:56.17][190.206.68.17][1392] SELECT pre_cod_asig1,pre_cod_asig2,pre_cod_asig3,pre_cod_asig4,pre_cod_asig5,pre_cod_asig6,pre_cod_asig7 FROM tblaca009 WHERE pensum='5' AND c_uni_ca='5' AND c_asigna='351330' [1][0] OK
C:[06/12/2013 14:26:56.17][190.206.68.17][1405] SELECT c_asigna FROM dace004 WHERE exp_e='11-24239877' AND c_asigna='300218' AND status IN ('0','3','B') [1][0] OK
C:[06/12/2013 14:26:57.54][190.206.68.17][1436] SELECT par_cod_asig1,par_cod_asig2,par_cod_asig3 FROM tblaca009 WHERE pensum='5' AND c_uni_ca='5' AND c_asigna='300318' [1][0] OK
C:[06/12/2013 14:26:57.54][190.206.68.17][1436] SELECT par_cod_asig1,par_cod_asig2,par_cod_asig3 FROM tblaca009 WHERE pensum='5' AND c_uni_ca='5' AND c_asigna='300313' [1][0] OK
C:[06/12/2013 14:26:57.54][190.206.68.17][1436] SELECT par_cod_asig1,par_cod_asig2,par_cod_asig3 FROM tblaca009 WHERE pensum='5' AND c_uni_ca='5' AND c_asigna='300314' [1][0] OK
C:[06/12/2013 14:26:57.54][190.206.68.17][1436] SELECT par_cod_asig1,par_cod_asig2,par_cod_asig3 FROM tblaca009 WHERE pensum='5' AND c_uni_ca='5' AND c_asigna='300317' [1][0] OK
C:[06/12/2013 14:26:57.54][190.206.68.17][1436] SELECT par_cod_asig1,par_cod_asig2,par_cod_asig3 FROM tblaca009 WHERE pensum='5' AND c_uni_ca='5' AND c_asigna='355350' [1][0] OK
C:[06/12/2013 14:26:57.54][190.206.68.17][1436] SELECT par_cod_asig1,par_cod_asig2,par_cod_asig3 FROM tblaca009 WHERE pensum='5' AND c_uni_ca='5' AND c_asigna='351330' [1][0] OK
C:[06/12/2013 14:26:57.54][190.206.68.17][1450] SELECT c_asigna FROM dace004 WHERE exp_e='11-24239877' AND c_asigna='300318' AND status IN ('0','3','B','C') [0][0] OK
C:[06/12/2013 14:26:57.54][190.206.68.17][1450] SELECT c_asigna FROM dace004 WHERE exp_e='11-24239877' AND c_asigna='300317' AND status IN ('0','3','B','C') [0][0] OK
C:[06/12/2013 14:26:57.56][190.206.68.17][1566] SELECT horas_lab FROM tblaca008 WHERE c_asigna='300318' AND horas_teoricas > 0 [1][0] OK
C:[06/12/2013 14:26:57.67][190.206.68.17][1600] SELECT sum(u_creditos*1) FROM dace006 a, tblaca009 b WHERE a.exp_e='11-24239877' AND a.lapso='2013-2' AND b.pensum='5' AND b.c_uni_ca='5' AND status IN ('7','A','2') AND a.c_asigna=b.c_asigna  [1][0] OK
C:[06/12/2013 14:26:57.61][190.206.68.17][1619] SELECT sum(u_creditos*1) FROM dace006 a, tblaca009 b WHERE a.exp_e='11-24239877' AND a.lapso='2013-2' AND b.pensum='5' AND b.c_uni_ca='5' AND status IN ('7','A','2') AND a.c_asigna=b.c_asigna AND a.c_asigna IN ('300313','300314','300317','355350','351330') [1][0] OK
C:[06/12/2013 14:26:57.54][190.206.68.17][1635] SELECT MAX(semestre) FROM dace006 a, tblaca009 b WHERE a.exp_e='11-24239877' AND a.lapso='2013-2' AND b.pensum='5' AND b.c_uni_ca='5' AND status IN ('7','A','2') AND a.c_asigna=b.c_asigna  [1][0] OK
C:[06/12/2013 14:26:57.48][190.206.68.17][1655] SELECT MIN(semestre) FROM dace006 a, tblaca009 b WHERE a.exp_e='11-24239877' AND a.lapso='2013-2' AND b.pensum='5' AND b.c_uni_ca='5' AND status IN ('7','A','2') AND a.c_asigna=b.c_asigna AND a.c_asigna IN ('300318') [1][0] OK
C:[06/12/2013 16:39:06.07][190.38.112.93][1392] SELECT pre_cod_asig1,pre_cod_asig2,pre_cod_asig3,pre_cod_asig4,pre_cod_asig5,pre_cod_asig6,pre_cod_asig7 FROM tblaca009 WHERE pensum='5' AND c_uni_ca='4' AND c_asigna='300105' [1][0] OK
C:[06/12/2013 16:39:06.07][190.38.112.93][1392] SELECT pre_cod_asig1,pre_cod_asig2,pre_cod_asig3,pre_cod_asig4,pre_cod_asig5,pre_cod_asig6,pre_cod_asig7 FROM tblaca009 WHERE pensum='5' AND c_uni_ca='4' AND c_asigna='300113' [1][0] OK
C:[06/12/2013 16:39:06.07][190.38.112.93][1392] SELECT pre_cod_asig1,pre_cod_asig2,pre_cod_asig3,pre_cod_asig4,pre_cod_asig5,pre_cod_asig6,pre_cod_asig7 FROM tblaca009 WHERE pensum='5' AND c_uni_ca='4' AND c_asigna='300013' [1][0] OK
C:[06/12/2013 16:39:06.07][190.38.112.93][1392] SELECT pre_cod_asig1,pre_cod_asig2,pre_cod_asig3,pre_cod_asig4,pre_cod_asig5,pre_cod_asig6,pre_cod_asig7 FROM tblaca009 WHERE pensum='5' AND c_uni_ca='4' AND c_asigna='300116' [1][0] OK
C:[06/12/2013 16:39:06.07][190.38.112.93][1392] SELECT pre_cod_asig1,pre_cod_asig2,pre_cod_asig3,pre_cod_asig4,pre_cod_asig5,pre_cod_asig6,pre_cod_asig7 FROM tblaca009 WHERE pensum='5' AND c_uni_ca='4' AND c_asigna='333326' [1][0] OK
C:[06/12/2013 16:39:06.82][190.38.112.93][1436] SELECT par_cod_asig1,par_cod_asig2,par_cod_asig3 FROM tblaca009 WHERE pensum='5' AND c_uni_ca='4' AND c_asigna='300105' [1][0] OK
C:[06/12/2013 16:39:06.82][190.38.112.93][1436] SELECT par_cod_asig1,par_cod_asig2,par_cod_asig3 FROM tblaca009 WHERE pensum='5' AND c_uni_ca='4' AND c_asigna='300113' [1][0] OK
C:[06/12/2013 16:39:06.82][190.38.112.93][1450] SELECT c_asigna FROM dace004 WHERE exp_e='11-23500252' AND c_asigna='300013' AND status IN ('0','3','B','C') [0][0] OK
C:[06/12/2013 16:39:06.82][190.38.112.93][1436] SELECT par_cod_asig1,par_cod_asig2,par_cod_asig3 FROM tblaca009 WHERE pensum='5' AND c_uni_ca='4' AND c_asigna='300013' [1][0] OK
C:[06/12/2013 16:39:06.82][190.38.112.93][1436] SELECT par_cod_asig1,par_cod_asig2,par_cod_asig3 FROM tblaca009 WHERE pensum='5' AND c_uni_ca='4' AND c_asigna='300116' [1][0] OK
C:[06/12/2013 16:39:06.82][190.38.112.93][1436] SELECT par_cod_asig1,par_cod_asig2,par_cod_asig3 FROM tblaca009 WHERE pensum='5' AND c_uni_ca='4' AND c_asigna='333326' [1][0] OK
C:[06/12/2013 16:39:07.59][190.38.112.93][1566] SELECT horas_lab FROM tblaca008 WHERE c_asigna='300105' AND horas_teoricas > 0 [1][0] OK
C:[06/12/2013 16:39:07.59][190.38.112.93][1566] SELECT horas_lab FROM tblaca008 WHERE c_asigna='300113' AND horas_teoricas > 0 [0][0] OK
C:[06/12/2013 16:39:07.82][190.38.112.93][1600] SELECT sum(u_creditos*1) FROM dace006 a, tblaca009 b WHERE a.exp_e='11-23500252' AND a.lapso='2013-2' AND b.pensum='5' AND b.c_uni_ca='4' AND status IN ('7','A','2') AND a.c_asigna=b.c_asigna  [1][0] OK
C:[06/12/2013 16:39:07.33][190.38.112.93][1619] SELECT sum(u_creditos*1) FROM dace006 a, tblaca009 b WHERE a.exp_e='11-23500252' AND a.lapso='2013-2' AND b.pensum='5' AND b.c_uni_ca='4' AND status IN ('7','A','2') AND a.c_asigna=b.c_asigna AND a.c_asigna IN ('300013','300116','333326') [1][0] OK
C:[06/12/2013 16:39:07.39][190.38.112.93][1635] SELECT MAX(semestre) FROM dace006 a, tblaca009 b WHERE a.exp_e='11-23500252' AND a.lapso='2013-2' AND b.pensum='5' AND b.c_uni_ca='4' AND status IN ('7','A','2') AND a.c_asigna=b.c_asigna  [1][0] OK
C:[06/12/2013 16:39:07.45][190.38.112.93][1655] SELECT MIN(semestre) FROM dace006 a, tblaca009 b WHERE a.exp_e='11-23500252' AND a.lapso='2013-2' AND b.pensum='5' AND b.c_uni_ca='4' AND status IN ('7','A','2') AND a.c_asigna=b.c_asigna AND a.c_asigna IN ('300105','300113') [1][0] OK
C:[07/12/2013 14:42:36.96][190.94.243.188][1392] SELECT pre_cod_asig1,pre_cod_asig2,pre_cod_asig3,pre_cod_asig4,pre_cod_asig5,pre_cod_asig6,pre_cod_asig7 FROM tblaca009 WHERE pensum='5' AND c_uni_ca='4' AND c_asigna='332558' [1][0] OK
C:[07/12/2013 14:42:36.96][190.94.243.188][1405] SELECT c_asigna FROM dace004 WHERE exp_e='09-21124910' AND c_asigna='330435' AND status IN ('0','3','B') [1][0] OK
C:[07/12/2013 14:42:36.96][190.94.243.188][1392] SELECT pre_cod_asig1,pre_cod_asig2,pre_cod_asig3,pre_cod_asig4,pre_cod_asig5,pre_cod_asig6,pre_cod_asig7 FROM tblaca009 WHERE pensum='5' AND c_uni_ca='4' AND c_asigna='300422' [1][0] OK
C:[07/12/2013 14:42:36.96][190.94.243.188][1405] SELECT c_asigna FROM dace004 WHERE exp_e='09-21124910' AND c_asigna='300105' AND status IN ('0','3','B') [1][0] OK
C:[07/12/2013 14:42:36.96][190.94.243.188][1405] SELECT c_asigna FROM dace004 WHERE exp_e='09-21124910' AND c_asigna='300314' AND status IN ('0','3','B') [1][0] OK
C:[07/12/2013 14:42:36.96][190.94.243.188][1392] SELECT pre_cod_asig1,pre_cod_asig2,pre_cod_asig3,pre_cod_asig4,pre_cod_asig5,pre_cod_asig6,pre_cod_asig7 FROM tblaca009 WHERE pensum='5' AND c_uni_ca='4' AND c_asigna='333440' [1][0] OK
C:[07/12/2013 14:42:36.96][190.94.243.188][1405] SELECT c_asigna FROM dace004 WHERE exp_e='09-21124910' AND c_asigna='300317' AND status IN ('0','3','B') [1][0] OK
C:[07/12/2013 14:42:36.96][190.94.243.188][1405] SELECT c_asigna FROM dace004 WHERE exp_e='09-21124910' AND c_asigna='330310' AND status IN ('0','3','B') [1][0] OK
C:[07/12/2013 14:42:36.96][190.94.243.188][1405] SELECT c_asigna FROM dace004 WHERE exp_e='09-21124910' AND c_asigna='300209' AND status IN ('0','3','B') [1][0] OK
C:[07/12/2013 14:42:36.96][190.94.243.188][1392] SELECT pre_cod_asig1,pre_cod_asig2,pre_cod_asig3,pre_cod_asig4,pre_cod_asig5,pre_cod_asig6,pre_cod_asig7 FROM tblaca009 WHERE pensum='5' AND c_uni_ca='4' AND c_asigna='333441' [1][0] OK
C:[07/12/2013 14:42:36.96][190.94.243.188][1405] SELECT c_asigna FROM dace004 WHERE exp_e='09-21124910' AND c_asigna='333326' AND status IN ('0','3','B') [1][0] OK
C:[07/12/2013 14:42:36.96][190.94.243.188][1405] SELECT c_asigna FROM dace004 WHERE exp_e='09-21124910' AND c_asigna='300317' AND status IN ('0','3','B') [1][0] OK
C:[07/12/2013 14:42:36.96][190.94.243.188][1405] SELECT c_asigna FROM dace004 WHERE exp_e='09-21124910' AND c_asigna='300209' AND status IN ('0','3','B') [1][0] OK
C:[07/12/2013 14:42:36.96][190.94.243.188][1392] SELECT pre_cod_asig1,pre_cod_asig2,pre_cod_asig3,pre_cod_asig4,pre_cod_asig5,pre_cod_asig6,pre_cod_asig7 FROM tblaca009 WHERE pensum='5' AND c_uni_ca='4' AND c_asigna='333444' [1][0] OK
C:[07/12/2013 14:42:36.96][190.94.243.188][1405] SELECT c_asigna FROM dace004 WHERE exp_e='09-21124910' AND c_asigna='300317' AND status IN ('0','3','B') [1][0] OK
C:[07/12/2013 14:42:36.96][190.94.243.188][1405] SELECT c_asigna FROM dace004 WHERE exp_e='09-21124910' AND c_asigna='300313' AND status IN ('0','3','B') [1][0] OK
C:[07/12/2013 14:42:36.96][190.94.243.188][1405] SELECT c_asigna FROM dace004 WHERE exp_e='09-21124910' AND c_asigna='300209' AND status IN ('0','3','B') [1][0] OK
C:[07/12/2013 14:42:36.96][190.94.243.188][1405] SELECT c_asigna FROM dace004 WHERE exp_e='09-21124910' AND c_asigna='300222' AND status IN ('0','3','B') [1][0] OK
C:[07/12/2013 14:42:36.96][190.94.243.188][1405] SELECT c_asigna FROM dace004 WHERE exp_e='09-21124910' AND c_asigna='300226' AND status IN ('0','3','B') [1][0] OK
C:[07/12/2013 14:42:36.46][190.94.243.188][1436] SELECT par_cod_asig1,par_cod_asig2,par_cod_asig3 FROM tblaca009 WHERE pensum='5' AND c_uni_ca='4' AND c_asigna='332558' [1][0] OK
C:[07/12/2013 14:42:36.46][190.94.243.188][1436] SELECT par_cod_asig1,par_cod_asig2,par_cod_asig3 FROM tblaca009 WHERE pensum='5' AND c_uni_ca='4' AND c_asigna='300422' [1][0] OK
C:[07/12/2013 14:42:36.46][190.94.243.188][1436] SELECT par_cod_asig1,par_cod_asig2,par_cod_asig3 FROM tblaca009 WHERE pensum='5' AND c_uni_ca='4' AND c_asigna='333440' [1][0] OK
C:[07/12/2013 14:42:36.46][190.94.243.188][1450] SELECT c_asigna FROM dace004 WHERE exp_e='09-21124910' AND c_asigna='333441' AND status IN ('0','3','B','C') [0][0] OK
C:[07/12/2013 14:42:36.46][190.94.243.188][1436] SELECT par_cod_asig1,par_cod_asig2,par_cod_asig3 FROM tblaca009 WHERE pensum='5' AND c_uni_ca='4' AND c_asigna='333441' [1][0] OK
C:[07/12/2013 14:42:36.46][190.94.243.188][1436] SELECT par_cod_asig1,par_cod_asig2,par_cod_asig3 FROM tblaca009 WHERE pensum='5' AND c_uni_ca='4' AND c_asigna='333444' [1][0] OK
C:[07/12/2013 14:42:37.22][190.94.243.188][1566] SELECT horas_lab FROM tblaca008 WHERE c_asigna='332558' AND horas_teoricas > 0 [1][0] OK
C:[07/12/2013 14:42:37.33][190.94.243.188][1600] SELECT sum(u_creditos*1) FROM dace006 a, tblaca009 b WHERE a.exp_e='09-21124910' AND a.lapso='2013-2' AND b.pensum='5' AND b.c_uni_ca='4' AND status IN ('7','A','2') AND a.c_asigna=b.c_asigna  [1][0] OK
C:[07/12/2013 14:42:37.27][190.94.243.188][1619] SELECT sum(u_creditos*1) FROM dace006 a, tblaca009 b WHERE a.exp_e='09-21124910' AND a.lapso='2013-2' AND b.pensum='5' AND b.c_uni_ca='4' AND status IN ('7','A','2') AND a.c_asigna=b.c_asigna AND a.c_asigna IN ('300422','333440','333441','333444') [1][0] OK
C:[07/12/2013 14:42:37.21][190.94.243.188][1635] SELECT MAX(semestre) FROM dace006 a, tblaca009 b WHERE a.exp_e='09-21124910' AND a.lapso='2013-2' AND b.pensum='5' AND b.c_uni_ca='4' AND status IN ('7','A','2') AND a.c_asigna=b.c_asigna  [1][0] OK
C:[07/12/2013 14:42:37.15][190.94.243.188][1655] SELECT MIN(semestre) FROM dace006 a, tblaca009 b WHERE a.exp_e='09-21124910' AND a.lapso='2013-2' AND b.pensum='5' AND b.c_uni_ca='4' AND status IN ('7','A','2') AND a.c_asigna=b.c_asigna AND a.c_asigna IN ('332558') [1][0] OK
C:[07/12/2013 15:02:02.84][186.90.61.247][1392] SELECT pre_cod_asig1,pre_cod_asig2,pre_cod_asig3,pre_cod_asig4,pre_cod_asig5,pre_cod_asig6,pre_cod_asig7 FROM tblaca009 WHERE pensum='5' AND c_uni_ca='4' AND c_asigna='300317' [1][0] OK
C:[07/12/2013 15:02:02.84][186.90.61.247][1405] SELECT c_asigna FROM dace004 WHERE exp_e='06-19301699' AND c_asigna='300207' AND status IN ('0','3','B') [1][0] OK
C:[07/12/2013 15:02:02.84][186.90.61.247][1405] SELECT c_asigna FROM dace004 WHERE exp_e='06-19301699' AND c_asigna='300209' AND status IN ('0','3','B') [1][0] OK
C:[07/12/2013 15:02:02.84][186.90.61.247][1392] SELECT pre_cod_asig1,pre_cod_asig2,pre_cod_asig3,pre_cod_asig4,pre_cod_asig5,pre_cod_asig6,pre_cod_asig7 FROM tblaca009 WHERE pensum='5' AND c_uni_ca='4' AND c_asigna='300228' [1][0] OK
C:[07/12/2013 15:02:02.84][186.90.61.247][1405] SELECT c_asigna FROM dace004 WHERE exp_e='06-19301699' AND c_asigna='300101' AND status IN ('0','3','B') [1][0] OK
C:[07/12/2013 15:02:02.00][186.90.61.247][1436] SELECT par_cod_asig1,par_cod_asig2,par_cod_asig3 FROM tblaca009 WHERE pensum='5' AND c_uni_ca='4' AND c_asigna='300317' [1][0] OK
C:[07/12/2013 15:02:02.00][186.90.61.247][1436] SELECT par_cod_asig1,par_cod_asig2,par_cod_asig3 FROM tblaca009 WHERE pensum='5' AND c_uni_ca='4' AND c_asigna='300228' [1][0] OK
C:[07/12/2013 15:02:02.27][186.90.61.247][1566] SELECT horas_lab FROM tblaca008 WHERE c_asigna='300317' AND horas_teoricas > 0 [1][0] OK
C:[07/12/2013 15:02:02.38][186.90.61.247][1600] SELECT sum(u_creditos*1) FROM dace006 a, tblaca009 b WHERE a.exp_e='06-19301699' AND a.lapso='2013-2' AND b.pensum='5' AND b.c_uni_ca='4' AND status IN ('7','A','2') AND a.c_asigna=b.c_asigna  [1][0] OK
C:[07/12/2013 15:02:02.88][186.90.61.247][1619] SELECT sum(u_creditos*1) FROM dace006 a, tblaca009 b WHERE a.exp_e='06-19301699' AND a.lapso='2013-2' AND b.pensum='5' AND b.c_uni_ca='4' AND status IN ('7','A','2') AND a.c_asigna=b.c_asigna AND a.c_asigna IN ('300228') [1][0] OK
C:[07/12/2013 15:02:02.82][186.90.61.247][1635] SELECT MAX(semestre) FROM dace006 a, tblaca009 b WHERE a.exp_e='06-19301699' AND a.lapso='2013-2' AND b.pensum='5' AND b.c_uni_ca='4' AND status IN ('7','A','2') AND a.c_asigna=b.c_asigna  [1][0] OK
C:[07/12/2013 15:02:03.76][186.90.61.247][1655] SELECT MIN(semestre) FROM dace006 a, tblaca009 b WHERE a.exp_e='06-19301699' AND a.lapso='2013-2' AND b.pensum='5' AND b.c_uni_ca='4' AND status IN ('7','A','2') AND a.c_asigna=b.c_asigna AND a.c_asigna IN ('300317') [1][0] OK
C:[07/12/2013 15:03:28.00][186.90.61.247][1392] SELECT pre_cod_asig1,pre_cod_asig2,pre_cod_asig3,pre_cod_asig4,pre_cod_asig5,pre_cod_asig6,pre_cod_asig7 FROM tblaca009 WHERE pensum='5' AND c_uni_ca='4' AND c_asigna='300317' [1][0] OK
C:[07/12/2013 15:03:28.00][186.90.61.247][1405] SELECT c_asigna FROM dace004 WHERE exp_e='06-19301699' AND c_asigna='300207' AND status IN ('0','3','B') [1][0] OK
C:[07/12/2013 15:03:28.00][186.90.61.247][1405] SELECT c_asigna FROM dace004 WHERE exp_e='06-19301699' AND c_asigna='300209' AND status IN ('0','3','B') [1][0] OK
C:[07/12/2013 15:03:28.00][186.90.61.247][1392] SELECT pre_cod_asig1,pre_cod_asig2,pre_cod_asig3,pre_cod_asig4,pre_cod_asig5,pre_cod_asig6,pre_cod_asig7 FROM tblaca009 WHERE pensum='5' AND c_uni_ca='4' AND c_asigna='300228' [1][0] OK
C:[07/12/2013 15:03:28.00][186.90.61.247][1405] SELECT c_asigna FROM dace004 WHERE exp_e='06-19301699' AND c_asigna='300101' AND status IN ('0','3','B') [1][0] OK
C:[07/12/2013 15:03:29.19][186.90.61.247][1436] SELECT par_cod_asig1,par_cod_asig2,par_cod_asig3 FROM tblaca009 WHERE pensum='5' AND c_uni_ca='4' AND c_asigna='300317' [1][0] OK
C:[07/12/2013 15:03:29.19][186.90.61.247][1436] SELECT par_cod_asig1,par_cod_asig2,par_cod_asig3 FROM tblaca009 WHERE pensum='5' AND c_uni_ca='4' AND c_asigna='300228' [1][0] OK
C:[07/12/2013 15:03:29.46][186.90.61.247][1600] SELECT sum(u_creditos*1) FROM dace006 a, tblaca009 b WHERE a.exp_e='06-19301699' AND a.lapso='2013-2' AND b.pensum='5' AND b.c_uni_ca='4' AND status IN ('7','A','2') AND a.c_asigna=b.c_asigna  [1][0] OK
C:[07/12/2013 15:03:29.50][186.90.61.247][1619] SELECT sum(u_creditos*1) FROM dace006 a, tblaca009 b WHERE a.exp_e='06-19301699' AND a.lapso='2013-2' AND b.pensum='5' AND b.c_uni_ca='4' AND status IN ('7','A','2') AND a.c_asigna=b.c_asigna AND a.c_asigna IN ('300317','300228') [1][0] OK
C:[07/12/2013 15:03:29.44][186.90.61.247][1635] SELECT MAX(semestre) FROM dace006 a, tblaca009 b WHERE a.exp_e='06-19301699' AND a.lapso='2013-2' AND b.pensum='5' AND b.c_uni_ca='4' AND status IN ('7','A','2') AND a.c_asigna=b.c_asigna  [1][0] OK
C:[09/12/2013 06:28:48.51][190.36.10.240][1392] SELECT pre_cod_asig1,pre_cod_asig2,pre_cod_asig3,pre_cod_asig4,pre_cod_asig5,pre_cod_asig6,pre_cod_asig7 FROM tblaca009 WHERE pensum='5' AND c_uni_ca='5' AND c_asigna='355448' [1][0] OK
C:[09/12/2013 06:28:48.51][190.36.10.240][1405] SELECT c_asigna FROM dace004 WHERE exp_e='11-22824707' AND c_asigna='300313' AND status IN ('0','3','B') [1][0] OK
C:[09/12/2013 06:28:48.51][190.36.10.240][1405] SELECT c_asigna FROM dace004 WHERE exp_e='11-22824707' AND c_asigna='300209' AND status IN ('0','3','B') [1][0] OK
C:[09/12/2013 06:28:48.51][190.36.10.240][1405] SELECT c_asigna FROM dace004 WHERE exp_e='11-22824707' AND c_asigna='300226' AND status IN ('0','3','B') [1][0] OK
C:[09/12/2013 06:28:48.51][190.36.10.240][1405] SELECT c_asigna FROM dace004 WHERE exp_e='11-22824707' AND c_asigna='300222' AND status IN ('0','3','B') [1][0] OK
C:[09/12/2013 06:28:48.51][190.36.10.240][1392] SELECT pre_cod_asig1,pre_cod_asig2,pre_cod_asig3,pre_cod_asig4,pre_cod_asig5,pre_cod_asig6,pre_cod_asig7 FROM tblaca009 WHERE pensum='5' AND c_uni_ca='5' AND c_asigna='300318' [1][0] OK
C:[09/12/2013 06:28:48.51][190.36.10.240][1405] SELECT c_asigna FROM dace004 WHERE exp_e='11-22824707' AND c_asigna='300228' AND status IN ('0','3','B') [1][0] OK
C:[09/12/2013 06:28:48.51][190.36.10.240][1405] SELECT c_asigna FROM dace004 WHERE exp_e='11-22824707' AND c_asigna='300207' AND status IN ('0','3','B') [1][0] OK
C:[09/12/2013 06:28:48.51][190.36.10.240][1405] SELECT c_asigna FROM dace004 WHERE exp_e='11-22824707' AND c_asigna='300218' AND status IN ('0','3','B') [1][0] OK
C:[09/12/2013 06:28:48.51][190.36.10.240][1392] SELECT pre_cod_asig1,pre_cod_asig2,pre_cod_asig3,pre_cod_asig4,pre_cod_asig5,pre_cod_asig6,pre_cod_asig7 FROM tblaca009 WHERE pensum='5' AND c_uni_ca='5' AND c_asigna='355350' [1][0] OK
C:[09/12/2013 06:28:48.51][190.36.10.240][1405] SELECT c_asigna FROM dace004 WHERE exp_e='11-22824707' AND c_asigna='300207' AND status IN ('0','3','B') [1][0] OK
C:[09/12/2013 06:28:48.51][190.36.10.240][1405] SELECT c_asigna FROM dace004 WHERE exp_e='11-22824707' AND c_asigna='300228' AND status IN ('0','3','B') [1][0] OK
C:[09/12/2013 06:28:48.51][190.36.10.240][1392] SELECT pre_cod_asig1,pre_cod_asig2,pre_cod_asig3,pre_cod_asig4,pre_cod_asig5,pre_cod_asig6,pre_cod_asig7 FROM tblaca009 WHERE pensum='5' AND c_uni_ca='5' AND c_asigna='300428' [1][0] OK
C:[09/12/2013 06:28:48.51][190.36.10.240][1405] SELECT c_asigna FROM dace004 WHERE exp_e='11-22824707' AND c_asigna='300317' AND status IN ('0','3','B') [1][0] OK
C:[09/12/2013 06:28:48.51][190.36.10.240][1405] SELECT c_asigna FROM dace004 WHERE exp_e='11-22824707' AND c_asigna='300209' AND status IN ('0','3','B') [1][0] OK
C:[09/12/2013 06:28:48.51][190.36.10.240][1392] SELECT pre_cod_asig1,pre_cod_asig2,pre_cod_asig3,pre_cod_asig4,pre_cod_asig5,pre_cod_asig6,pre_cod_asig7 FROM tblaca009 WHERE pensum='5' AND c_uni_ca='5' AND c_asigna='355447' [1][0] OK
C:[09/12/2013 06:28:48.51][190.36.10.240][1405] SELECT c_asigna FROM dace004 WHERE exp_e='11-22824707' AND c_asigna='351330' AND status IN ('0','3','B') [1][0] OK
C:[09/12/2013 06:28:48.76][190.36.10.240][1436] SELECT par_cod_asig1,par_cod_asig2,par_cod_asig3 FROM tblaca009 WHERE pensum='5' AND c_uni_ca='5' AND c_asigna='355448' [1][0] OK
C:[09/12/2013 06:28:48.76][190.36.10.240][1436] SELECT par_cod_asig1,par_cod_asig2,par_cod_asig3 FROM tblaca009 WHERE pensum='5' AND c_uni_ca='5' AND c_asigna='300318' [1][0] OK
C:[09/12/2013 06:28:48.76][190.36.10.240][1436] SELECT par_cod_asig1,par_cod_asig2,par_cod_asig3 FROM tblaca009 WHERE pensum='5' AND c_uni_ca='5' AND c_asigna='355350' [1][0] OK
C:[09/12/2013 06:28:48.76][190.36.10.240][1436] SELECT par_cod_asig1,par_cod_asig2,par_cod_asig3 FROM tblaca009 WHERE pensum='5' AND c_uni_ca='5' AND c_asigna='300428' [1][0] OK
C:[09/12/2013 06:28:48.76][190.36.10.240][1436] SELECT par_cod_asig1,par_cod_asig2,par_cod_asig3 FROM tblaca009 WHERE pensum='5' AND c_uni_ca='5' AND c_asigna='355447' [1][0] OK
C:[09/12/2013 06:28:49.40][190.36.10.240][1566] SELECT horas_lab FROM tblaca008 WHERE c_asigna='355448' AND horas_teoricas > 0 [1][0] OK
C:[09/12/2013 06:28:49.52][190.36.10.240][1600] SELECT sum(u_creditos*1) FROM dace006 a, tblaca009 b WHERE a.exp_e='11-22824707' AND a.lapso='2013-2' AND b.pensum='5' AND b.c_uni_ca='5' AND status IN ('7','A','2') AND a.c_asigna=b.c_asigna  [1][0] OK
C:[09/12/2013 06:28:49.45][190.36.10.240][1619] SELECT sum(u_creditos*1) FROM dace006 a, tblaca009 b WHERE a.exp_e='11-22824707' AND a.lapso='2013-2' AND b.pensum='5' AND b.c_uni_ca='5' AND status IN ('7','A','2') AND a.c_asigna=b.c_asigna AND a.c_asigna IN ('300318','355350','300428','355447') [1][0] OK
C:[09/12/2013 06:28:49.39][190.36.10.240][1635] SELECT MAX(semestre) FROM dace006 a, tblaca009 b WHERE a.exp_e='11-22824707' AND a.lapso='2013-2' AND b.pensum='5' AND b.c_uni_ca='5' AND status IN ('7','A','2') AND a.c_asigna=b.c_asigna  [1][0] OK
C:[09/12/2013 06:28:49.33][190.36.10.240][1655] SELECT MIN(semestre) FROM dace006 a, tblaca009 b WHERE a.exp_e='11-22824707' AND a.lapso='2013-2' AND b.pensum='5' AND b.c_uni_ca='5' AND status IN ('7','A','2') AND a.c_asigna=b.c_asigna AND a.c_asigna IN ('355448') [1][0] OK
C:[09/12/2013 11:35:07.46][190.204.67.126][1392] SELECT pre_cod_asig1,pre_cod_asig2,pre_cod_asig3,pre_cod_asig4,pre_cod_asig5,pre_cod_asig6,pre_cod_asig7 FROM tblaca009 WHERE pensum='5' AND c_uni_ca='4' AND c_asigna='300677' [1][0] OK
C:[09/12/2013 11:35:07.46][190.204.67.126][1392] SELECT pre_cod_asig1,pre_cod_asig2,pre_cod_asig3,pre_cod_asig4,pre_cod_asig5,pre_cod_asig6,pre_cod_asig7 FROM tblaca009 WHERE pensum='5' AND c_uni_ca='4' AND c_asigna='333608' [1][0] OK
C:[09/12/2013 11:35:07.46][190.204.67.126][1405] SELECT c_asigna FROM dace004 WHERE exp_e='08-20264898' AND c_asigna='311561' AND status IN ('0','3','B') [1][0] OK
C:[09/12/2013 11:35:07.46][190.204.67.126][1405] SELECT c_asigna FROM dace004 WHERE exp_e='08-20264898' AND c_asigna='333564' AND status IN ('0','3','B') [1][0] OK
C:[09/12/2013 11:35:07.46][190.204.67.126][1392] SELECT pre_cod_asig1,pre_cod_asig2,pre_cod_asig3,pre_cod_asig4,pre_cod_asig5,pre_cod_asig6,pre_cod_asig7 FROM tblaca009 WHERE pensum='5' AND c_uni_ca='4' AND c_asigna='333563' [1][0] OK
C:[09/12/2013 11:35:07.46][190.204.67.126][1405] SELECT c_asigna FROM dace004 WHERE exp_e='08-20264898' AND c_asigna='333440' AND status IN ('0','3','B') [1][0] OK
C:[09/12/2013 11:35:07.46][190.204.67.126][1405] SELECT c_asigna FROM dace004 WHERE exp_e='08-20264898' AND c_asigna='333442' AND status IN ('0','3','B') [1][0] OK
C:[09/12/2013 11:35:07.46][190.204.67.126][1405] SELECT c_asigna FROM dace004 WHERE exp_e='08-20264898' AND c_asigna='300209' AND status IN ('0','3','B') [1][0] OK
C:[09/12/2013 11:35:07.46][190.204.67.126][1392] SELECT pre_cod_asig1,pre_cod_asig2,pre_cod_asig3,pre_cod_asig4,pre_cod_asig5,pre_cod_asig6,pre_cod_asig7 FROM tblaca009 WHERE pensum='5' AND c_uni_ca='4' AND c_asigna='333585' [1][0] OK
C:[09/12/2013 11:35:07.46][190.204.67.126][1405] SELECT c_asigna FROM dace004 WHERE exp_e='08-20264898' AND c_asigna='333440' AND status IN ('0','3','B') [1][0] OK
C:[09/12/2013 11:35:07.46][190.204.67.126][1405] SELECT c_asigna FROM dace004 WHERE exp_e='08-20264898' AND c_asigna='333441' AND status IN ('0','3','B') [1][0] OK
C:[09/12/2013 11:35:07.46][190.204.67.126][1405] SELECT c_asigna FROM dace004 WHERE exp_e='08-20264898' AND c_asigna='300209' AND status IN ('0','3','B') [1][0] OK
C:[09/12/2013 11:35:07.46][190.204.67.126][1392] SELECT pre_cod_asig1,pre_cod_asig2,pre_cod_asig3,pre_cod_asig4,pre_cod_asig5,pre_cod_asig6,pre_cod_asig7 FROM tblaca009 WHERE pensum='5' AND c_uni_ca='4' AND c_asigna='332604' [1][0] OK
C:[09/12/2013 11:35:07.46][190.204.67.126][1405] SELECT c_asigna FROM dace004 WHERE exp_e='08-20264898' AND c_asigna='332558' AND status IN ('0','3','B') [1][0] OK
C:[09/12/2013 11:35:07.46][190.204.67.126][1392] SELECT pre_cod_asig1,pre_cod_asig2,pre_cod_asig3,pre_cod_asig4,pre_cod_asig5,pre_cod_asig6,pre_cod_asig7 FROM tblaca009 WHERE pensum='5' AND c_uni_ca='4' AND c_asigna='333584' [1][0] OK
C:[09/12/2013 11:35:07.46][190.204.67.126][1405] SELECT c_asigna FROM dace004 WHERE exp_e='08-20264898' AND c_asigna='300428' AND status IN ('0','3','B') [1][0] OK
C:[09/12/2013 11:35:07.46][190.204.67.126][1405] SELECT c_asigna FROM dace004 WHERE exp_e='08-20264898' AND c_asigna='333440' AND status IN ('0','3','B') [1][0] OK
C:[09/12/2013 11:35:07.46][190.204.67.126][1405] SELECT c_asigna FROM dace004 WHERE exp_e='08-20264898' AND c_asigna='300209' AND status IN ('0','3','B') [1][0] OK
C:[09/12/2013 11:35:07.27][190.204.67.126][1436] SELECT par_cod_asig1,par_cod_asig2,par_cod_asig3 FROM tblaca009 WHERE pensum='5' AND c_uni_ca='4' AND c_asigna='300677' [1][0] OK
C:[09/12/2013 11:35:07.27][190.204.67.126][1436] SELECT par_cod_asig1,par_cod_asig2,par_cod_asig3 FROM tblaca009 WHERE pensum='5' AND c_uni_ca='4' AND c_asigna='333608' [1][0] OK
C:[09/12/2013 11:35:07.27][190.204.67.126][1436] SELECT par_cod_asig1,par_cod_asig2,par_cod_asig3 FROM tblaca009 WHERE pensum='5' AND c_uni_ca='4' AND c_asigna='333563' [1][0] OK
C:[09/12/2013 11:35:07.27][190.204.67.126][1436] SELECT par_cod_asig1,par_cod_asig2,par_cod_asig3 FROM tblaca009 WHERE pensum='5' AND c_uni_ca='4' AND c_asigna='333585' [1][0] OK
C:[09/12/2013 11:35:07.27][190.204.67.126][1436] SELECT par_cod_asig1,par_cod_asig2,par_cod_asig3 FROM tblaca009 WHERE pensum='5' AND c_uni_ca='4' AND c_asigna='332604' [1][0] OK
C:[09/12/2013 11:35:07.27][190.204.67.126][1436] SELECT par_cod_asig1,par_cod_asig2,par_cod_asig3 FROM tblaca009 WHERE pensum='5' AND c_uni_ca='4' AND c_asigna='333584' [1][0] OK
C:[09/12/2013 11:35:07.27][190.204.67.126][1450] SELECT c_asigna FROM dace004 WHERE exp_e='08-20264898' AND c_asigna='333563' AND status IN ('0','3','B','C') [0][0] OK
C:[09/12/2013 11:35:08.15][190.204.67.126][1566] SELECT horas_lab FROM tblaca008 WHERE c_asigna='300677' AND horas_teoricas > 0 [1][0] OK
C:[09/12/2013 11:35:08.28][190.204.67.126][1600] SELECT sum(u_creditos*1) FROM dace006 a, tblaca009 b WHERE a.exp_e='08-20264898' AND a.lapso='2013-2' AND b.pensum='5' AND b.c_uni_ca='4' AND status IN ('7','A','2') AND a.c_asigna=b.c_asigna  [1][0] OK
C:[09/12/2013 11:35:08.34][190.204.67.126][1619] SELECT sum(u_creditos*1) FROM dace006 a, tblaca009 b WHERE a.exp_e='08-20264898' AND a.lapso='2013-2' AND b.pensum='5' AND b.c_uni_ca='4' AND status IN ('7','A','2') AND a.c_asigna=b.c_asigna AND a.c_asigna IN ('333608','333563','333585','332604','333584') [1][0] OK
C:[09/12/2013 11:35:25.44][190.204.67.126][1635] SELECT MAX(semestre) FROM dace006 a, tblaca009 b WHERE a.exp_e='08-20264898' AND a.lapso='2013-2' AND b.pensum='5' AND b.c_uni_ca='4' AND status IN ('7','A','2') AND a.c_asigna=b.c_asigna  [1][0] OK
C:[09/12/2013 11:35:25.59][190.204.67.126][1655] SELECT MIN(semestre) FROM dace006 a, tblaca009 b WHERE a.exp_e='08-20264898' AND a.lapso='2013-2' AND b.pensum='5' AND b.c_uni_ca='4' AND status IN ('7','A','2') AND a.c_asigna=b.c_asigna AND a.c_asigna IN ('300677') [1][0] OK
C:[09/12/2013 19:36:15.05][190.200.27.220][1392] SELECT pre_cod_asig1,pre_cod_asig2,pre_cod_asig3,pre_cod_asig4,pre_cod_asig5,pre_cod_asig6,pre_cod_asig7 FROM tblaca009 WHERE pensum='5' AND c_uni_ca='3' AND c_asigna='312333' [1][0] OK
C:[09/12/2013 19:36:15.05][190.200.27.220][1405] SELECT c_asigna FROM dace004 WHERE exp_e='11-20975034' AND c_asigna='300228' AND status IN ('0','3','B') [1][0] OK
C:[09/12/2013 19:36:15.05][190.200.27.220][1392] SELECT pre_cod_asig1,pre_cod_asig2,pre_cod_asig3,pre_cod_asig4,pre_cod_asig5,pre_cod_asig6,pre_cod_asig7 FROM tblaca009 WHERE pensum='5' AND c_uni_ca='3' AND c_asigna='300213' [1][0] OK
C:[09/12/2013 19:36:15.05][190.200.27.220][1405] SELECT c_asigna FROM dace004 WHERE exp_e='11-20975034' AND c_asigna='300101' AND status IN ('0','3','B') [1][0] OK
C:[09/12/2013 19:36:15.05][190.200.27.220][1392] SELECT pre_cod_asig1,pre_cod_asig2,pre_cod_asig3,pre_cod_asig4,pre_cod_asig5,pre_cod_asig6,pre_cod_asig7 FROM tblaca009 WHERE pensum='5' AND c_uni_ca='3' AND c_asigna='300226' [1][0] OK
C:[09/12/2013 19:36:15.05][190.200.27.220][1405] SELECT c_asigna FROM dace004 WHERE exp_e='11-20975034' AND c_asigna='300116' AND status IN ('0','3','B') [1][0] OK
C:[09/12/2013 19:36:15.05][190.200.27.220][1392] SELECT pre_cod_asig1,pre_cod_asig2,pre_cod_asig3,pre_cod_asig4,pre_cod_asig5,pre_cod_asig6,pre_cod_asig7 FROM tblaca009 WHERE pensum='5' AND c_uni_ca='3' AND c_asigna='300318' [1][0] OK
C:[09/12/2013 19:36:15.05][190.200.27.220][1405] SELECT c_asigna FROM dace004 WHERE exp_e='11-20975034' AND c_asigna='300228' AND status IN ('0','3','B') [1][0] OK
C:[09/12/2013 19:36:15.05][190.200.27.220][1405] SELECT c_asigna FROM dace004 WHERE exp_e='11-20975034' AND c_asigna='300207' AND status IN ('0','3','B') [1][0] OK
C:[09/12/2013 19:36:15.05][190.200.27.220][1405] SELECT c_asigna FROM dace004 WHERE exp_e='11-20975034' AND c_asigna='300218' AND status IN ('0','3','B') [1][0] OK
C:[09/12/2013 19:36:16.86][190.200.27.220][1436] SELECT par_cod_asig1,par_cod_asig2,par_cod_asig3 FROM tblaca009 WHERE pensum='5' AND c_uni_ca='3' AND c_asigna='312333' [1][0] OK
C:[09/12/2013 19:36:16.86][190.200.27.220][1436] SELECT par_cod_asig1,par_cod_asig2,par_cod_asig3 FROM tblaca009 WHERE pensum='5' AND c_uni_ca='3' AND c_asigna='300213' [1][0] OK
C:[09/12/2013 19:36:16.86][190.200.27.220][1450] SELECT c_asigna FROM dace004 WHERE exp_e='11-20975034' AND c_asigna='300209' AND status IN ('0','3','B','C') [1][0] OK
C:[09/12/2013 19:36:16.86][190.200.27.220][1436] SELECT par_cod_asig1,par_cod_asig2,par_cod_asig3 FROM tblaca009 WHERE pensum='5' AND c_uni_ca='3' AND c_asigna='300226' [1][0] OK
C:[09/12/2013 19:36:16.86][190.200.27.220][1436] SELECT par_cod_asig1,par_cod_asig2,par_cod_asig3 FROM tblaca009 WHERE pensum='5' AND c_uni_ca='3' AND c_asigna='300318' [1][0] OK
C:[09/12/2013 19:36:16.51][190.200.27.220][1566] SELECT horas_lab FROM tblaca008 WHERE c_asigna='312333' AND horas_teoricas > 0 [1][0] OK
C:[09/12/2013 19:36:16.62][190.200.27.220][1600] SELECT sum(u_creditos*1) FROM dace006 a, tblaca009 b WHERE a.exp_e='11-20975034' AND a.lapso='2013-2' AND b.pensum='5' AND b.c_uni_ca='3' AND status IN ('7','A','2') AND a.c_asigna=b.c_asigna  [1][0] OK
C:[09/12/2013 19:36:16.56][190.200.27.220][1619] SELECT sum(u_creditos*1) FROM dace006 a, tblaca009 b WHERE a.exp_e='11-20975034' AND a.lapso='2013-2' AND b.pensum='5' AND b.c_uni_ca='3' AND status IN ('7','A','2') AND a.c_asigna=b.c_asigna AND a.c_asigna IN ('300213','300226','300318') [1][0] OK
C:[09/12/2013 19:36:16.49][190.200.27.220][1635] SELECT MAX(semestre) FROM dace006 a, tblaca009 b WHERE a.exp_e='11-20975034' AND a.lapso='2013-2' AND b.pensum='5' AND b.c_uni_ca='3' AND status IN ('7','A','2') AND a.c_asigna=b.c_asigna  [1][0] OK
C:[09/12/2013 19:36:16.43][190.200.27.220][1655] SELECT MIN(semestre) FROM dace006 a, tblaca009 b WHERE a.exp_e='11-20975034' AND a.lapso='2013-2' AND b.pensum='5' AND b.c_uni_ca='3' AND status IN ('7','A','2') AND a.c_asigna=b.c_asigna AND a.c_asigna IN ('312333') [1][0] OK
C:[09/12/2013 20:19:03.18][190.206.92.154][1392] SELECT pre_cod_asig1,pre_cod_asig2,pre_cod_asig3,pre_cod_asig4,pre_cod_asig5,pre_cod_asig6,pre_cod_asig7 FROM tblaca009 WHERE pensum='5' AND c_uni_ca='5' AND c_asigna='355724' [1][0] OK
C:[09/12/2013 20:19:03.18][190.206.92.154][1405] SELECT c_asigna FROM dace004 WHERE exp_e='10-22820935' AND c_asigna='355692' AND status IN ('0','3','B') [1][0] OK
C:[09/12/2013 20:19:03.18][190.206.92.154][1392] SELECT pre_cod_asig1,pre_cod_asig2,pre_cod_asig3,pre_cod_asig4,pre_cod_asig5,pre_cod_asig6,pre_cod_asig7 FROM tblaca009 WHERE pensum='5' AND c_uni_ca='5' AND c_asigna='355691' [1][0] OK
C:[09/12/2013 20:19:03.18][190.206.92.154][1405] SELECT c_asigna FROM dace004 WHERE exp_e='10-22820935' AND c_asigna='355571' AND status IN ('0','3','B') [1][0] OK
C:[09/12/2013 20:19:03.18][190.206.92.154][1392] SELECT pre_cod_asig1,pre_cod_asig2,pre_cod_asig3,pre_cod_asig4,pre_cod_asig5,pre_cod_asig6,pre_cod_asig7 FROM tblaca009 WHERE pensum='5' AND c_uni_ca='5' AND c_asigna='355694' [1][0] OK
C:[09/12/2013 20:19:03.18][190.206.92.154][1405] SELECT c_asigna FROM dace004 WHERE exp_e='10-22820935' AND c_asigna='355572' AND status IN ('0','3','B') [1][0] OK
C:[09/12/2013 20:19:03.18][190.206.92.154][1405] SELECT c_asigna FROM dace004 WHERE exp_e='10-22820935' AND c_asigna='355571' AND status IN ('0','3','B') [1][0] OK
C:[09/12/2013 20:19:03.18][190.206.92.154][1392] SELECT pre_cod_asig1,pre_cod_asig2,pre_cod_asig3,pre_cod_asig4,pre_cod_asig5,pre_cod_asig6,pre_cod_asig7 FROM tblaca009 WHERE pensum='5' AND c_uni_ca='5' AND c_asigna='355720' [1][0] OK
C:[09/12/2013 20:19:03.18][190.206.92.154][1405] SELECT c_asigna FROM dace004 WHERE exp_e='10-22820935' AND c_asigna='355692' AND status IN ('0','3','B') [1][0] OK
C:[09/12/2013 20:19:03.18][190.206.92.154][1405] SELECT c_asigna FROM dace004 WHERE exp_e='10-22820935' AND c_asigna='355696' AND status IN ('0','3','B') [1][0] OK
C:[09/12/2013 20:19:03.18][190.206.92.154][1392] SELECT pre_cod_asig1,pre_cod_asig2,pre_cod_asig3,pre_cod_asig4,pre_cod_asig5,pre_cod_asig6,pre_cod_asig7 FROM tblaca009 WHERE pensum='5' AND c_uni_ca='5' AND c_asigna='355721' [1][0] OK
C:[09/12/2013 20:19:03.18][190.206.92.154][1405] SELECT c_asigna FROM dace004 WHERE exp_e='10-22820935' AND c_asigna='355693' AND status IN ('0','3','B') [1][0] OK
C:[09/12/2013 20:19:03.18][190.206.92.154][1405] SELECT c_asigna FROM dace004 WHERE exp_e='10-22820935' AND c_asigna='355696' AND status IN ('0','3','B') [1][0] OK
C:[09/12/2013 20:19:03.18][190.206.92.154][1392] SELECT pre_cod_asig1,pre_cod_asig2,pre_cod_asig3,pre_cod_asig4,pre_cod_asig5,pre_cod_asig6,pre_cod_asig7 FROM tblaca009 WHERE pensum='5' AND c_uni_ca='5' AND c_asigna='355725' [1][0] OK
C:[09/12/2013 20:19:03.18][190.206.92.154][1405] SELECT c_asigna FROM dace004 WHERE exp_e='10-22820935' AND c_asigna='355693' AND status IN ('0','3','B') [1][0] OK
C:[09/12/2013 20:19:03.18][190.206.92.154][1405] SELECT c_asigna FROM dace004 WHERE exp_e='10-22820935' AND c_asigna='355692' AND status IN ('0','3','B') [1][0] OK
C:[09/12/2013 20:19:04.75][190.206.92.154][1436] SELECT par_cod_asig1,par_cod_asig2,par_cod_asig3 FROM tblaca009 WHERE pensum='5' AND c_uni_ca='5' AND c_asigna='355724' [1][0] OK
C:[09/12/2013 20:19:04.75][190.206.92.154][1436] SELECT par_cod_asig1,par_cod_asig2,par_cod_asig3 FROM tblaca009 WHERE pensum='5' AND c_uni_ca='5' AND c_asigna='355691' [1][0] OK
C:[09/12/2013 20:19:04.75][190.206.92.154][1436] SELECT par_cod_asig1,par_cod_asig2,par_cod_asig3 FROM tblaca009 WHERE pensum='5' AND c_uni_ca='5' AND c_asigna='355694' [1][0] OK
C:[09/12/2013 20:19:04.75][190.206.92.154][1436] SELECT par_cod_asig1,par_cod_asig2,par_cod_asig3 FROM tblaca009 WHERE pensum='5' AND c_uni_ca='5' AND c_asigna='355720' [1][0] OK
C:[09/12/2013 20:19:04.75][190.206.92.154][1436] SELECT par_cod_asig1,par_cod_asig2,par_cod_asig3 FROM tblaca009 WHERE pensum='5' AND c_uni_ca='5' AND c_asigna='355721' [1][0] OK
C:[09/12/2013 20:19:04.75][190.206.92.154][1436] SELECT par_cod_asig1,par_cod_asig2,par_cod_asig3 FROM tblaca009 WHERE pensum='5' AND c_uni_ca='5' AND c_asigna='355725' [1][0] OK
C:[09/12/2013 20:19:04.51][190.206.92.154][1566] SELECT horas_lab FROM tblaca008 WHERE c_asigna='355724' AND horas_teoricas > 0 [1][0] OK
C:[09/12/2013 20:19:04.65][190.206.92.154][1600] SELECT sum(u_creditos*1) FROM dace006 a, tblaca009 b WHERE a.exp_e='10-22820935' AND a.lapso='2013-2' AND b.pensum='5' AND b.c_uni_ca='5' AND status IN ('7','A','2') AND a.c_asigna=b.c_asigna  [1][0] OK
C:[09/12/2013 20:19:04.57][190.206.92.154][1619] SELECT sum(u_creditos*1) FROM dace006 a, tblaca009 b WHERE a.exp_e='10-22820935' AND a.lapso='2013-2' AND b.pensum='5' AND b.c_uni_ca='5' AND status IN ('7','A','2') AND a.c_asigna=b.c_asigna AND a.c_asigna IN ('355691','355694','355720','355721','355725') [1][0] OK
C:[09/12/2013 20:19:04.06][190.206.92.154][1635] SELECT MAX(semestre) FROM dace006 a, tblaca009 b WHERE a.exp_e='10-22820935' AND a.lapso='2013-2' AND b.pensum='5' AND b.c_uni_ca='5' AND status IN ('7','A','2') AND a.c_asigna=b.c_asigna  [1][0] OK
C:[09/12/2013 20:19:04.00][190.206.92.154][1655] SELECT MIN(semestre) FROM dace006 a, tblaca009 b WHERE a.exp_e='10-22820935' AND a.lapso='2013-2' AND b.pensum='5' AND b.c_uni_ca='5' AND status IN ('7','A','2') AND a.c_asigna=b.c_asigna AND a.c_asigna IN ('355724') [1][0] OK
C:[10/12/2013 08:48:50.81][201.249.146.61][1392] SELECT pre_cod_asig1,pre_cod_asig2,pre_cod_asig3,pre_cod_asig4,pre_cod_asig5,pre_cod_asig6,pre_cod_asig7 FROM tblaca009 WHERE pensum='5' AND c_uni_ca='5' AND c_asigna='355840' [1][0] OK
C:[10/12/2013 08:48:50.81][201.249.146.61][1405] SELECT c_asigna FROM dace004 WHERE exp_e='08-20807470' AND c_asigna='355721' AND status IN ('0','3','B') [1][0] OK
C:[10/12/2013 08:48:50.81][201.249.146.61][1405] SELECT c_asigna FROM dace004 WHERE exp_e='08-20807470' AND c_asigna='355725' AND status IN ('0','3','B') [1][0] OK
C:[10/12/2013 08:48:50.81][201.249.146.61][1392] SELECT pre_cod_asig1,pre_cod_asig2,pre_cod_asig3,pre_cod_asig4,pre_cod_asig5,pre_cod_asig6,pre_cod_asig7 FROM tblaca009 WHERE pensum='5' AND c_uni_ca='5' AND c_asigna='355573' [1][0] OK
C:[10/12/2013 08:48:50.81][201.249.146.61][1405] SELECT c_asigna FROM dace004 WHERE exp_e='08-20807470' AND c_asigna='355448' AND status IN ('0','3','B') [1][0] OK
C:[10/12/2013 08:48:50.81][201.249.146.61][1392] SELECT pre_cod_asig1,pre_cod_asig2,pre_cod_asig3,pre_cod_asig4,pre_cod_asig5,pre_cod_asig6,pre_cod_asig7 FROM tblaca009 WHERE pensum='5' AND c_uni_ca='5' AND c_asigna='355722' [1][0] OK
C:[10/12/2013 08:48:50.81][201.249.146.61][1405] SELECT c_asigna FROM dace004 WHERE exp_e='08-20807470' AND c_asigna='355691' AND status IN ('0','3','B') [1][0] OK
C:[10/12/2013 08:48:50.81][201.249.146.61][1405] SELECT c_asigna FROM dace004 WHERE exp_e='08-20807470' AND c_asigna='355595' AND status IN ('0','3','B') [1][0] OK
C:[10/12/2013 08:48:50.81][201.249.146.61][1392] SELECT pre_cod_asig1,pre_cod_asig2,pre_cod_asig3,pre_cod_asig4,pre_cod_asig5,pre_cod_asig6,pre_cod_asig7 FROM tblaca009 WHERE pensum='5' AND c_uni_ca='5' AND c_asigna='355839' [1][0] OK
C:[10/12/2013 08:48:50.81][201.249.146.61][1405] SELECT c_asigna FROM dace004 WHERE exp_e='08-20807470' AND c_asigna='355725' AND status IN ('0','3','B') [1][0] OK
C:[10/12/2013 08:48:50.81][201.249.146.61][1405] SELECT c_asigna FROM dace004 WHERE exp_e='08-20807470' AND c_asigna='355692' AND status IN ('0','3','B') [1][0] OK
C:[10/12/2013 08:48:50.81][201.249.146.61][1392] SELECT pre_cod_asig1,pre_cod_asig2,pre_cod_asig3,pre_cod_asig4,pre_cod_asig5,pre_cod_asig6,pre_cod_asig7 FROM tblaca009 WHERE pensum='5' AND c_uni_ca='5' AND c_asigna='355874' [1][0] OK
C:[10/12/2013 08:48:50.81][201.249.146.61][1405] SELECT c_asigna FROM dace004 WHERE exp_e='08-20807470' AND c_asigna='355448' AND status IN ('0','3','B') [1][0] OK
C:[10/12/2013 08:48:50.81][201.249.146.61][1392] SELECT pre_cod_asig1,pre_cod_asig2,pre_cod_asig3,pre_cod_asig4,pre_cod_asig5,pre_cod_asig6,pre_cod_asig7 FROM tblaca009 WHERE pensum='5' AND c_uni_ca='5' AND c_asigna='354852' [1][0] OK
C:[10/12/2013 08:48:51.25][201.249.146.61][1436] SELECT par_cod_asig1,par_cod_asig2,par_cod_asig3 FROM tblaca009 WHERE pensum='5' AND c_uni_ca='5' AND c_asigna='355840' [1][0] OK
C:[10/12/2013 08:48:51.25][201.249.146.61][1436] SELECT par_cod_asig1,par_cod_asig2,par_cod_asig3 FROM tblaca009 WHERE pensum='5' AND c_uni_ca='5' AND c_asigna='355573' [1][0] OK
C:[10/12/2013 08:48:51.25][201.249.146.61][1436] SELECT par_cod_asig1,par_cod_asig2,par_cod_asig3 FROM tblaca009 WHERE pensum='5' AND c_uni_ca='5' AND c_asigna='355722' [1][0] OK
C:[10/12/2013 08:48:51.25][201.249.146.61][1436] SELECT par_cod_asig1,par_cod_asig2,par_cod_asig3 FROM tblaca009 WHERE pensum='5' AND c_uni_ca='5' AND c_asigna='355839' [1][0] OK
C:[10/12/2013 08:48:51.25][201.249.146.61][1436] SELECT par_cod_asig1,par_cod_asig2,par_cod_asig3 FROM tblaca009 WHERE pensum='5' AND c_uni_ca='5' AND c_asigna='355874' [1][0] OK
C:[10/12/2013 08:48:51.25][201.249.146.61][1436] SELECT par_cod_asig1,par_cod_asig2,par_cod_asig3 FROM tblaca009 WHERE pensum='5' AND c_uni_ca='5' AND c_asigna='354852' [1][0] OK
C:[10/12/2013 08:48:51.01][201.249.146.61][1566] SELECT horas_lab FROM tblaca008 WHERE c_asigna='355840' AND horas_teoricas > 0 [1][0] OK
C:[10/12/2013 08:48:51.12][201.249.146.61][1600] SELECT sum(u_creditos*1) FROM dace006 a, tblaca009 b WHERE a.exp_e='08-20807470' AND a.lapso='2013-2' AND b.pensum='5' AND b.c_uni_ca='5' AND status IN ('7','A','2') AND a.c_asigna=b.c_asigna  [1][0] OK
C:[10/12/2013 08:48:51.06][201.249.146.61][1619] SELECT sum(u_creditos*1) FROM dace006 a, tblaca009 b WHERE a.exp_e='08-20807470' AND a.lapso='2013-2' AND b.pensum='5' AND b.c_uni_ca='5' AND status IN ('7','A','2') AND a.c_asigna=b.c_asigna AND a.c_asigna IN ('355573','355722','355839','355874','354852') [1][0] OK
C:[10/12/2013 08:48:51.00][201.249.146.61][1635] SELECT MAX(semestre) FROM dace006 a, tblaca009 b WHERE a.exp_e='08-20807470' AND a.lapso='2013-2' AND b.pensum='5' AND b.c_uni_ca='5' AND status IN ('7','A','2') AND a.c_asigna=b.c_asigna  [1][0] OK
C:[10/12/2013 08:48:51.93][201.249.146.61][1655] SELECT MIN(semestre) FROM dace006 a, tblaca009 b WHERE a.exp_e='08-20807470' AND a.lapso='2013-2' AND b.pensum='5' AND b.c_uni_ca='5' AND status IN ('7','A','2') AND a.c_asigna=b.c_asigna AND a.c_asigna IN ('355840') [1][0] OK
C:[10/12/2013 10:08:25.19][190.94.236.153][1392] SELECT pre_cod_asig1,pre_cod_asig2,pre_cod_asig3,pre_cod_asig4,pre_cod_asig5,pre_cod_asig6,pre_cod_asig7 FROM tblaca009 WHERE pensum='5' AND c_uni_ca='5' AND c_asigna='355722' [1][0] OK
C:[10/12/2013 10:08:25.19][190.94.236.153][1405] SELECT c_asigna FROM dace004 WHERE exp_e='06-18886610' AND c_asigna='355691' AND status IN ('0','3','B') [1][0] OK
C:[10/12/2013 10:08:25.19][190.94.236.153][1405] SELECT c_asigna FROM dace004 WHERE exp_e='06-18886610' AND c_asigna='355595' AND status IN ('0','3','B') [1][0] OK
C:[10/12/2013 10:08:25.19][190.94.236.153][1392] SELECT pre_cod_asig1,pre_cod_asig2,pre_cod_asig3,pre_cod_asig4,pre_cod_asig5,pre_cod_asig6,pre_cod_asig7 FROM tblaca009 WHERE pensum='5' AND c_uni_ca='5' AND c_asigna='355692' [1][0] OK
C:[10/12/2013 10:08:25.19][190.94.236.153][1405] SELECT c_asigna FROM dace004 WHERE exp_e='06-18886610' AND c_asigna='355448' AND status IN ('0','3','B') [1][0] OK
C:[10/12/2013 10:08:25.19][190.94.236.153][1405] SELECT c_asigna FROM dace004 WHERE exp_e='06-18886610' AND c_asigna='355570' AND status IN ('0','3','B') [1][0] OK
C:[10/12/2013 10:08:25.19][190.94.236.153][1392] SELECT pre_cod_asig1,pre_cod_asig2,pre_cod_asig3,pre_cod_asig4,pre_cod_asig5,pre_cod_asig6,pre_cod_asig7 FROM tblaca009 WHERE pensum='5' AND c_uni_ca='5' AND c_asigna='355696' [1][0] OK
C:[10/12/2013 10:08:25.19][190.94.236.153][1405] SELECT c_asigna FROM dace004 WHERE exp_e='06-18886610' AND c_asigna='355570' AND status IN ('0','3','B') [1][0] OK
C:[10/12/2013 10:08:25.19][190.94.236.153][1405] SELECT c_asigna FROM dace004 WHERE exp_e='06-18886610' AND c_asigna='355571' AND status IN ('0','3','B') [1][0] OK
C:[10/12/2013 10:08:25.19][190.94.236.153][1392] SELECT pre_cod_asig1,pre_cod_asig2,pre_cod_asig3,pre_cod_asig4,pre_cod_asig5,pre_cod_asig6,pre_cod_asig7 FROM tblaca009 WHERE pensum='5' AND c_uni_ca='5' AND c_asigna='355693' [1][0] OK
C:[10/12/2013 10:08:25.19][190.94.236.153][1405] SELECT c_asigna FROM dace004 WHERE exp_e='06-18886610' AND c_asigna='355572' AND status IN ('0','3','B') [1][0] OK
C:[10/12/2013 10:08:25.19][190.94.236.153][1405] SELECT c_asigna FROM dace004 WHERE exp_e='06-18886610' AND c_asigna='352440' AND status IN ('0','3','B') [1][0] OK
C:[10/12/2013 10:08:25.19][190.94.236.153][1405] SELECT c_asigna FROM dace004 WHERE exp_e='06-18886610' AND c_asigna='355573' AND status IN ('0','3','B') [1][0] OK
C:[10/12/2013 10:08:25.19][190.94.236.153][1405] SELECT c_asigna FROM dace004 WHERE exp_e='06-18886610' AND c_asigna='300226' AND status IN ('0','3','B') [1][0] OK
C:[10/12/2013 10:08:25.19][190.94.236.153][1405] SELECT c_asigna FROM dace004 WHERE exp_e='06-18886610' AND c_asigna='300222' AND status IN ('0','3','B') [1][0] OK
C:[10/12/2013 10:08:25.19][190.94.236.153][1405] SELECT c_asigna FROM dace004 WHERE exp_e='06-18886610' AND c_asigna='300013' AND status IN ('0','3','B') [1][0] OK
C:[10/12/2013 10:08:25.19][190.94.236.153][1405] SELECT c_asigna FROM dace004 WHERE exp_e='06-18886610' AND c_asigna='300113' AND status IN ('0','3','B') [1][0] OK
C:[10/12/2013 10:08:25.19][190.94.236.153][1392] SELECT pre_cod_asig1,pre_cod_asig2,pre_cod_asig3,pre_cod_asig4,pre_cod_asig5,pre_cod_asig6,pre_cod_asig7 FROM tblaca009 WHERE pensum='5' AND c_uni_ca='5' AND c_asigna='355694' [1][0] OK
C:[10/12/2013 10:08:25.19][190.94.236.153][1405] SELECT c_asigna FROM dace004 WHERE exp_e='06-18886610' AND c_asigna='355572' AND status IN ('0','3','B') [1][0] OK
C:[10/12/2013 10:08:25.19][190.94.236.153][1405] SELECT c_asigna FROM dace004 WHERE exp_e='06-18886610' AND c_asigna='355571' AND status IN ('0','3','B') [1][0] OK
C:[10/12/2013 10:08:25.25][190.94.236.153][1436] SELECT par_cod_asig1,par_cod_asig2,par_cod_asig3 FROM tblaca009 WHERE pensum='5' AND c_uni_ca='5' AND c_asigna='355722' [1][0] OK
C:[10/12/2013 10:08:25.25][190.94.236.153][1436] SELECT par_cod_asig1,par_cod_asig2,par_cod_asig3 FROM tblaca009 WHERE pensum='5' AND c_uni_ca='5' AND c_asigna='355692' [1][0] OK
C:[10/12/2013 10:08:25.25][190.94.236.153][1436] SELECT par_cod_asig1,par_cod_asig2,par_cod_asig3 FROM tblaca009 WHERE pensum='5' AND c_uni_ca='5' AND c_asigna='355696' [1][0] OK
C:[10/12/2013 10:08:25.25][190.94.236.153][1436] SELECT par_cod_asig1,par_cod_asig2,par_cod_asig3 FROM tblaca009 WHERE pensum='5' AND c_uni_ca='5' AND c_asigna='355693' [1][0] OK
C:[10/12/2013 10:08:25.25][190.94.236.153][1436] SELECT par_cod_asig1,par_cod_asig2,par_cod_asig3 FROM tblaca009 WHERE pensum='5' AND c_uni_ca='5' AND c_asigna='355694' [1][0] OK
C:[10/12/2013 10:08:25.90][190.94.236.153][1566] SELECT horas_lab FROM tblaca008 WHERE c_asigna='355722' AND horas_teoricas > 0 [1][0] OK
C:[10/12/2013 10:08:25.13][190.94.236.153][1600] SELECT sum(u_creditos*1) FROM dace006 a, tblaca009 b WHERE a.exp_e='06-18886610' AND a.lapso='2013-2' AND b.pensum='5' AND b.c_uni_ca='5' AND status IN ('7','A','2') AND a.c_asigna=b.c_asigna  [1][0] OK
C:[10/12/2013 10:08:26.62][190.94.236.153][1619] SELECT sum(u_creditos*1) FROM dace006 a, tblaca009 b WHERE a.exp_e='06-18886610' AND a.lapso='2013-2' AND b.pensum='5' AND b.c_uni_ca='5' AND status IN ('7','A','2') AND a.c_asigna=b.c_asigna AND a.c_asigna IN ('355692','355696','355693','355694') [1][0] OK
C:[10/12/2013 10:08:26.12][190.94.236.153][1635] SELECT MAX(semestre) FROM dace006 a, tblaca009 b WHERE a.exp_e='06-18886610' AND a.lapso='2013-2' AND b.pensum='5' AND b.c_uni_ca='5' AND status IN ('7','A','2') AND a.c_asigna=b.c_asigna  [1][0] OK
C:[10/12/2013 10:08:26.65][190.94.236.153][1655] SELECT MIN(semestre) FROM dace006 a, tblaca009 b WHERE a.exp_e='06-18886610' AND a.lapso='2013-2' AND b.pensum='5' AND b.c_uni_ca='5' AND status IN ('7','A','2') AND a.c_asigna=b.c_asigna AND a.c_asigna IN ('355722') [1][0] OK
C:[10/12/2013 11:34:26.94][190.37.38.108][1392] SELECT pre_cod_asig1,pre_cod_asig2,pre_cod_asig3,pre_cod_asig4,pre_cod_asig5,pre_cod_asig6,pre_cod_asig7 FROM tblaca009 WHERE pensum='5' AND c_uni_ca='6' AND c_asigna='300318' [1][0] OK
C:[10/12/2013 11:34:26.94][190.37.38.108][1405] SELECT c_asigna FROM dace004 WHERE exp_e='10-21248260' AND c_asigna='300228' AND status IN ('0','3','B') [1][0] OK
C:[10/12/2013 11:34:26.94][190.37.38.108][1405] SELECT c_asigna FROM dace004 WHERE exp_e='10-21248260' AND c_asigna='300207' AND status IN ('0','3','B') [1][0] OK
C:[10/12/2013 11:34:26.94][190.37.38.108][1405] SELECT c_asigna FROM dace004 WHERE exp_e='10-21248260' AND c_asigna='300218' AND status IN ('0','3','B') [1][0] OK
C:[10/12/2013 11:34:26.94][190.37.38.108][1392] SELECT pre_cod_asig1,pre_cod_asig2,pre_cod_asig3,pre_cod_asig4,pre_cod_asig5,pre_cod_asig6,pre_cod_asig7 FROM tblaca009 WHERE pensum='5' AND c_uni_ca='6' AND c_asigna='300313' [1][0] OK
C:[10/12/2013 11:34:26.94][190.37.38.108][1405] SELECT c_asigna FROM dace004 WHERE exp_e='10-21248260' AND c_asigna='300213' AND status IN ('0','3','B') [1][0] OK
C:[10/12/2013 11:34:26.94][190.37.38.108][1405] SELECT c_asigna FROM dace004 WHERE exp_e='10-21248260' AND c_asigna='300226' AND status IN ('0','3','B') [1][0] OK
C:[10/12/2013 11:34:26.94][190.37.38.108][1405] SELECT c_asigna FROM dace004 WHERE exp_e='10-21248260' AND c_asigna='300222' AND status IN ('0','3','B') [1][0] OK
C:[10/12/2013 11:34:26.94][190.37.38.108][1405] SELECT c_asigna FROM dace004 WHERE exp_e='10-21248260' AND c_asigna='300209' AND status IN ('0','3','B') [1][0] OK
C:[10/12/2013 11:34:26.94][190.37.38.108][1392] SELECT pre_cod_asig1,pre_cod_asig2,pre_cod_asig3,pre_cod_asig4,pre_cod_asig5,pre_cod_asig6,pre_cod_asig7 FROM tblaca009 WHERE pensum='5' AND c_uni_ca='6' AND c_asigna='300317' [1][0] OK
C:[10/12/2013 11:34:26.94][190.37.38.108][1405] SELECT c_asigna FROM dace004 WHERE exp_e='10-21248260' AND c_asigna='300207' AND status IN ('0','3','B') [1][0] OK
C:[10/12/2013 11:34:26.94][190.37.38.108][1405] SELECT c_asigna FROM dace004 WHERE exp_e='10-21248260' AND c_asigna='300209' AND status IN ('0','3','B') [1][0] OK
C:[10/12/2013 11:34:26.94][190.37.38.108][1392] SELECT pre_cod_asig1,pre_cod_asig2,pre_cod_asig3,pre_cod_asig4,pre_cod_asig5,pre_cod_asig6,pre_cod_asig7 FROM tblaca009 WHERE pensum='5' AND c_uni_ca='6' AND c_asigna='340323' [1][0] OK
C:[10/12/2013 11:34:26.94][190.37.38.108][1405] SELECT c_asigna FROM dace004 WHERE exp_e='10-21248260' AND c_asigna='300228' AND status IN ('0','3','B') [1][0] OK
C:[10/12/2013 11:34:26.94][190.37.38.108][1405] SELECT c_asigna FROM dace004 WHERE exp_e='10-21248260' AND c_asigna='300207' AND status IN ('0','3','B') [1][0] OK
C:[10/12/2013 11:34:26.94][190.37.38.108][1392] SELECT pre_cod_asig1,pre_cod_asig2,pre_cod_asig3,pre_cod_asig4,pre_cod_asig5,pre_cod_asig6,pre_cod_asig7 FROM tblaca009 WHERE pensum='5' AND c_uni_ca='6' AND c_asigna='340327' [1][0] OK
C:[10/12/2013 11:34:26.94][190.37.38.108][1405] SELECT c_asigna FROM dace004 WHERE exp_e='10-21248260' AND c_asigna='300013' AND status IN ('0','3','B') [1][0] OK
C:[10/12/2013 11:34:26.94][190.37.38.108][1405] SELECT c_asigna FROM dace004 WHERE exp_e='10-21248260' AND c_asigna='300113' AND status IN ('0','3','B') [1][0] OK
C:[10/12/2013 11:34:27.76][190.37.38.108][1436] SELECT par_cod_asig1,par_cod_asig2,par_cod_asig3 FROM tblaca009 WHERE pensum='5' AND c_uni_ca='6' AND c_asigna='300318' [1][0] OK
C:[10/12/2013 11:34:27.76][190.37.38.108][1436] SELECT par_cod_asig1,par_cod_asig2,par_cod_asig3 FROM tblaca009 WHERE pensum='5' AND c_uni_ca='6' AND c_asigna='300313' [1][0] OK
C:[10/12/2013 11:34:27.76][190.37.38.108][1436] SELECT par_cod_asig1,par_cod_asig2,par_cod_asig3 FROM tblaca009 WHERE pensum='5' AND c_uni_ca='6' AND c_asigna='300317' [1][0] OK
C:[10/12/2013 11:34:27.76][190.37.38.108][1436] SELECT par_cod_asig1,par_cod_asig2,par_cod_asig3 FROM tblaca009 WHERE pensum='5' AND c_uni_ca='6' AND c_asigna='340323' [1][0] OK
C:[10/12/2013 11:34:27.76][190.37.38.108][1436] SELECT par_cod_asig1,par_cod_asig2,par_cod_asig3 FROM tblaca009 WHERE pensum='5' AND c_uni_ca='6' AND c_asigna='340327' [1][0] OK
C:[10/12/2013 11:34:27.40][190.37.38.108][1566] SELECT horas_lab FROM tblaca008 WHERE c_asigna='300318' AND horas_teoricas > 0 [1][0] OK
C:[10/12/2013 11:34:27.51][190.37.38.108][1600] SELECT sum(u_creditos*1) FROM dace006 a, tblaca009 b WHERE a.exp_e='10-21248260' AND a.lapso='2013-2' AND b.pensum='5' AND b.c_uni_ca='6' AND status IN ('7','A','2') AND a.c_asigna=b.c_asigna  [1][0] OK
C:[10/12/2013 11:34:27.45][190.37.38.108][1619] SELECT sum(u_creditos*1) FROM dace006 a, tblaca009 b WHERE a.exp_e='10-21248260' AND a.lapso='2013-2' AND b.pensum='5' AND b.c_uni_ca='6' AND status IN ('7','A','2') AND a.c_asigna=b.c_asigna AND a.c_asigna IN ('300313','300317','340323','340327') [1][0] OK
C:[10/12/2013 11:34:27.38][190.37.38.108][1635] SELECT MAX(semestre) FROM dace006 a, tblaca009 b WHERE a.exp_e='10-21248260' AND a.lapso='2013-2' AND b.pensum='5' AND b.c_uni_ca='6' AND status IN ('7','A','2') AND a.c_asigna=b.c_asigna  [1][0] OK
C:[10/12/2013 11:34:27.32][190.37.38.108][1655] SELECT MIN(semestre) FROM dace006 a, tblaca009 b WHERE a.exp_e='10-21248260' AND a.lapso='2013-2' AND b.pensum='5' AND b.c_uni_ca='6' AND status IN ('7','A','2') AND a.c_asigna=b.c_asigna AND a.c_asigna IN ('300318') [1][0] OK
C:[10/12/2013 14:39:29.84][190.201.10.114][1392] SELECT pre_cod_asig1,pre_cod_asig2,pre_cod_asig3,pre_cod_asig4,pre_cod_asig5,pre_cod_asig6,pre_cod_asig7 FROM tblaca009 WHERE pensum='5' AND c_uni_ca='5' AND c_asigna='300218' [1][0] OK
C:[10/12/2013 14:39:29.84][190.201.10.114][1405] SELECT c_asigna FROM dace004 WHERE exp_e='12-25936817' AND c_asigna='300101' AND status IN ('0','3','B') [1][0] OK
C:[10/12/2013 14:39:29.84][190.201.10.114][1392] SELECT pre_cod_asig1,pre_cod_asig2,pre_cod_asig3,pre_cod_asig4,pre_cod_asig5,pre_cod_asig6,pre_cod_asig7 FROM tblaca009 WHERE pensum='5' AND c_uni_ca='5' AND c_asigna='300209' [1][0] OK
C:[10/12/2013 14:39:29.84][190.201.10.114][1405] SELECT c_asigna FROM dace004 WHERE exp_e='12-25936817' AND c_asigna='300101' AND status IN ('0','3','B') [1][0] OK
C:[10/12/2013 14:39:29.84][190.201.10.114][1392] SELECT pre_cod_asig1,pre_cod_asig2,pre_cod_asig3,pre_cod_asig4,pre_cod_asig5,pre_cod_asig6,pre_cod_asig7 FROM tblaca009 WHERE pensum='5' AND c_uni_ca='5' AND c_asigna='300228' [1][0] OK
C:[10/12/2013 14:39:29.84][190.201.10.114][1405] SELECT c_asigna FROM dace004 WHERE exp_e='12-25936817' AND c_asigna='300101' AND status IN ('0','3','B') [1][0] OK
C:[10/12/2013 14:39:29.84][190.201.10.114][1392] SELECT pre_cod_asig1,pre_cod_asig2,pre_cod_asig3,pre_cod_asig4,pre_cod_asig5,pre_cod_asig6,pre_cod_asig7 FROM tblaca009 WHERE pensum='5' AND c_uni_ca='5' AND c_asigna='300226' [1][0] OK
C:[10/12/2013 14:39:29.84][190.201.10.114][1405] SELECT c_asigna FROM dace004 WHERE exp_e='12-25936817' AND c_asigna='300116' AND status IN ('0','3','B') [1][0] OK
C:[10/12/2013 14:39:29.40][190.201.10.114][1436] SELECT par_cod_asig1,par_cod_asig2,par_cod_asig3 FROM tblaca009 WHERE pensum='5' AND c_uni_ca='5' AND c_asigna='300218' [1][0] OK
C:[10/12/2013 14:39:29.40][190.201.10.114][1450] SELECT c_asigna FROM dace004 WHERE exp_e='12-25936817' AND c_asigna='300228' AND status IN ('0','3','B','C') [0][0] OK
C:[10/12/2013 14:39:29.40][190.201.10.114][1436] SELECT par_cod_asig1,par_cod_asig2,par_cod_asig3 FROM tblaca009 WHERE pensum='5' AND c_uni_ca='5' AND c_asigna='300209' [1][0] OK
C:[10/12/2013 14:39:29.40][190.201.10.114][1436] SELECT par_cod_asig1,par_cod_asig2,par_cod_asig3 FROM tblaca009 WHERE pensum='5' AND c_uni_ca='5' AND c_asigna='300228' [1][0] OK
C:[10/12/2013 14:39:29.40][190.201.10.114][1436] SELECT par_cod_asig1,par_cod_asig2,par_cod_asig3 FROM tblaca009 WHERE pensum='5' AND c_uni_ca='5' AND c_asigna='300226' [1][0] OK
C:[10/12/2013 14:39:30.04][190.201.10.114][1566] SELECT horas_lab FROM tblaca008 WHERE c_asigna='300218' AND horas_teoricas > 0 [0][0] OK
C:[10/12/2013 14:39:30.15][190.201.10.114][1600] SELECT sum(u_creditos*1) FROM dace006 a, tblaca009 b WHERE a.exp_e='12-25936817' AND a.lapso='2013-2' AND b.pensum='5' AND b.c_uni_ca='5' AND status IN ('7','A','2') AND a.c_asigna=b.c_asigna  [1][0] OK
C:[10/12/2013 14:39:30.09][190.201.10.114][1619] SELECT sum(u_creditos*1) FROM dace006 a, tblaca009 b WHERE a.exp_e='12-25936817' AND a.lapso='2013-2' AND b.pensum='5' AND b.c_uni_ca='5' AND status IN ('7','A','2') AND a.c_asigna=b.c_asigna AND a.c_asigna IN ('300209','300228','300226') [1][0] OK
C:[10/12/2013 14:39:30.03][190.201.10.114][1635] SELECT MAX(semestre) FROM dace006 a, tblaca009 b WHERE a.exp_e='12-25936817' AND a.lapso='2013-2' AND b.pensum='5' AND b.c_uni_ca='5' AND status IN ('7','A','2') AND a.c_asigna=b.c_asigna  [1][0] OK
C:[10/12/2013 14:39:30.66][190.201.10.114][1655] SELECT MIN(semestre) FROM dace006 a, tblaca009 b WHERE a.exp_e='12-25936817' AND a.lapso='2013-2' AND b.pensum='5' AND b.c_uni_ca='5' AND status IN ('7','A','2') AND a.c_asigna=b.c_asigna AND a.c_asigna IN ('300218') [1][0] OK
C:[10/12/2013 14:50:39.25][190.206.61.90][1392] SELECT pre_cod_asig1,pre_cod_asig2,pre_cod_asig3,pre_cod_asig4,pre_cod_asig5,pre_cod_asig6,pre_cod_asig7 FROM tblaca009 WHERE pensum='5' AND c_uni_ca='5' AND c_asigna='355595' [1][0] OK
C:[10/12/2013 14:50:39.25][190.206.61.90][1405] SELECT c_asigna FROM dace004 WHERE exp_e='11-13709291' AND c_asigna='351451' AND status IN ('0','3','B') [1][0] OK
C:[10/12/2013 14:50:39.25][190.206.61.90][1405] SELECT c_asigna FROM dace004 WHERE exp_e='11-13709291' AND c_asigna='355350' AND status IN ('0','3','B') [1][0] OK
C:[10/12/2013 14:50:39.25][190.206.61.90][1405] SELECT c_asigna FROM dace004 WHERE exp_e='11-13709291' AND c_asigna='300318' AND status IN ('0','3','B') [1][0] OK
C:[10/12/2013 14:50:39.32][190.206.61.90][1436] SELECT par_cod_asig1,par_cod_asig2,par_cod_asig3 FROM tblaca009 WHERE pensum='5' AND c_uni_ca='5' AND c_asigna='355595' [1][0] OK
C:[10/12/2013 14:50:39.46][190.206.61.90][1600] SELECT sum(u_creditos*1) FROM dace006 a, tblaca009 b WHERE a.exp_e='11-13709291' AND a.lapso='2013-2' AND b.pensum='5' AND b.c_uni_ca='5' AND status IN ('7','A','2') AND a.c_asigna=b.c_asigna  [1][0] OK
C:[10/12/2013 14:50:39.38][190.206.61.90][1619] SELECT sum(u_creditos*1) FROM dace006 a, tblaca009 b WHERE a.exp_e='11-13709291' AND a.lapso='2013-2' AND b.pensum='5' AND b.c_uni_ca='5' AND status IN ('7','A','2') AND a.c_asigna=b.c_asigna AND a.c_asigna IN ('355595') [1][0] OK
C:[10/12/2013 14:50:39.76][190.206.61.90][1635] SELECT MAX(semestre) FROM dace006 a, tblaca009 b WHERE a.exp_e='11-13709291' AND a.lapso='2013-2' AND b.pensum='5' AND b.c_uni_ca='5' AND status IN ('7','A','2') AND a.c_asigna=b.c_asigna  [1][0] OK
C:[10/12/2013 15:36:11.49][186.88.164.250][1392] SELECT pre_cod_asig1,pre_cod_asig2,pre_cod_asig3,pre_cod_asig4,pre_cod_asig5,pre_cod_asig6,pre_cod_asig7 FROM tblaca009 WHERE pensum='5' AND c_uni_ca='4' AND c_asigna='333707' [1][0] OK
C:[10/12/2013 15:36:11.49][186.88.164.250][1405] SELECT c_asigna FROM dace004 WHERE exp_e='06-17040368' AND c_asigna='333584' AND status IN ('0','3','B') [1][0] OK
C:[10/12/2013 15:36:11.49][186.88.164.250][1392] SELECT pre_cod_asig1,pre_cod_asig2,pre_cod_asig3,pre_cod_asig4,pre_cod_asig5,pre_cod_asig6,pre_cod_asig7 FROM tblaca009 WHERE pensum='5' AND c_uni_ca='4' AND c_asigna='333830' [1][0] OK
C:[10/12/2013 15:36:11.49][186.88.164.250][1405] SELECT c_asigna FROM dace004 WHERE exp_e='06-17040368' AND c_asigna='333710' AND status IN ('0','3','B') [1][0] OK
C:[10/12/2013 15:36:11.49][186.88.164.250][1405] SELECT c_asigna FROM dace004 WHERE exp_e='06-17040368' AND c_asigna='333782' AND status IN ('0','3','B') [1][0] OK
C:[10/12/2013 15:36:11.49][186.88.164.250][1392] SELECT pre_cod_asig1,pre_cod_asig2,pre_cod_asig3,pre_cod_asig4,pre_cod_asig5,pre_cod_asig6,pre_cod_asig7 FROM tblaca009 WHERE pensum='5' AND c_uni_ca='4' AND c_asigna='333043' [1][0] OK
C:[10/12/2013 15:36:11.49][186.88.164.250][1392] SELECT pre_cod_asig1,pre_cod_asig2,pre_cod_asig3,pre_cod_asig4,pre_cod_asig5,pre_cod_asig6,pre_cod_asig7 FROM tblaca009 WHERE pensum='5' AND c_uni_ca='4' AND c_asigna='333053' [1][0] OK
C:[10/12/2013 15:36:11.49][186.88.164.250][1392] SELECT pre_cod_asig1,pre_cod_asig2,pre_cod_asig3,pre_cod_asig4,pre_cod_asig5,pre_cod_asig6,pre_cod_asig7 FROM tblaca009 WHERE pensum='5' AND c_uni_ca='4' AND c_asigna='333056' [1][0] OK
C:[10/12/2013 15:36:11.49][186.88.164.250][1392] SELECT pre_cod_asig1,pre_cod_asig2,pre_cod_asig3,pre_cod_asig4,pre_cod_asig5,pre_cod_asig6,pre_cod_asig7 FROM tblaca009 WHERE pensum='5' AND c_uni_ca='4' AND c_asigna='300956' [1][0] OK
C:[10/12/2013 15:36:11.49][186.88.164.250][1405] SELECT c_asigna FROM dace004 WHERE exp_e='06-17040368' AND c_asigna='300422' AND status IN ('0','3','B') [1][0] OK
C:[10/12/2013 15:36:11.49][186.88.164.250][1405] SELECT c_asigna FROM dace004 WHERE exp_e='06-17040368' AND c_asigna='300105' AND status IN ('0','3','B') [1][0] OK
C:[10/12/2013 15:36:11.49][186.88.164.250][1405] SELECT c_asigna FROM dace004 WHERE exp_e='06-17040368' AND c_asigna='300314' AND status IN ('0','3','B') [1][0] OK
C:[10/12/2013 15:36:11.67][186.88.164.250][1436] SELECT par_cod_asig1,par_cod_asig2,par_cod_asig3 FROM tblaca009 WHERE pensum='5' AND c_uni_ca='4' AND c_asigna='333707' [1][0] OK
C:[10/12/2013 15:36:11.67][186.88.164.250][1450] SELECT c_asigna FROM dace004 WHERE exp_e='06-17040368' AND c_asigna='333782' AND status IN ('0','3','B','C') [1][0] OK
C:[10/12/2013 15:36:11.67][186.88.164.250][1436] SELECT par_cod_asig1,par_cod_asig2,par_cod_asig3 FROM tblaca009 WHERE pensum='5' AND c_uni_ca='4' AND c_asigna='333830' [1][0] OK
C:[10/12/2013 15:36:11.67][186.88.164.250][1436] SELECT par_cod_asig1,par_cod_asig2,par_cod_asig3 FROM tblaca009 WHERE pensum='5' AND c_uni_ca='4' AND c_asigna='333043' [1][0] OK
C:[10/12/2013 15:36:11.67][186.88.164.250][1436] SELECT par_cod_asig1,par_cod_asig2,par_cod_asig3 FROM tblaca009 WHERE pensum='5' AND c_uni_ca='4' AND c_asigna='333053' [1][0] OK
C:[10/12/2013 15:36:11.67][186.88.164.250][1436] SELECT par_cod_asig1,par_cod_asig2,par_cod_asig3 FROM tblaca009 WHERE pensum='5' AND c_uni_ca='4' AND c_asigna='333056' [1][0] OK
C:[10/12/2013 15:36:11.67][186.88.164.250][1436] SELECT par_cod_asig1,par_cod_asig2,par_cod_asig3 FROM tblaca009 WHERE pensum='5' AND c_uni_ca='4' AND c_asigna='300956' [1][0] OK
C:[10/12/2013 15:36:11.56][186.88.164.250][1566] SELECT horas_lab FROM tblaca008 WHERE c_asigna='333707' AND horas_teoricas > 0 [1][0] OK
C:[10/12/2013 15:36:11.67][186.88.164.250][1600] SELECT sum(u_creditos*1) FROM dace006 a, tblaca009 b WHERE a.exp_e='06-17040368' AND a.lapso='2013-2' AND b.pensum='5' AND b.c_uni_ca='4' AND status IN ('7','A','2') AND a.c_asigna=b.c_asigna  [1][0] OK
C:[10/12/2013 15:36:11.87][186.88.164.250][1619] SELECT sum(u_creditos*1) FROM dace006 a, tblaca009 b WHERE a.exp_e='06-17040368' AND a.lapso='2013-2' AND b.pensum='5' AND b.c_uni_ca='4' AND status IN ('7','A','2') AND a.c_asigna=b.c_asigna AND a.c_asigna IN ('333830','333043','333053','333056','300956') [1][0] OK
C:[10/12/2013 15:36:11.36][186.88.164.250][1635] SELECT MAX(semestre) FROM dace006 a, tblaca009 b WHERE a.exp_e='06-17040368' AND a.lapso='2013-2' AND b.pensum='5' AND b.c_uni_ca='4' AND status IN ('7','A','2') AND a.c_asigna=b.c_asigna  [1][0] OK
C:[10/12/2013 15:36:12.55][186.88.164.250][1655] SELECT MIN(semestre) FROM dace006 a, tblaca009 b WHERE a.exp_e='06-17040368' AND a.lapso='2013-2' AND b.pensum='5' AND b.c_uni_ca='4' AND status IN ('7','A','2') AND a.c_asigna=b.c_asigna AND a.c_asigna IN ('333707') [1][0] OK
C:[10/12/2013 16:02:48.64][190.201.10.114][1392] SELECT pre_cod_asig1,pre_cod_asig2,pre_cod_asig3,pre_cod_asig4,pre_cod_asig5,pre_cod_asig6,pre_cod_asig7 FROM tblaca009 WHERE pensum='5' AND c_uni_ca='6' AND c_asigna='300226' [1][0] OK
C:[10/12/2013 16:02:48.64][190.201.10.114][1405] SELECT c_asigna FROM dace004 WHERE exp_e='13-25081356' AND c_asigna='300116' AND status IN ('0','3','B') [1][0] OK
C:[10/12/2013 16:02:48.64][190.201.10.114][1392] SELECT pre_cod_asig1,pre_cod_asig2,pre_cod_asig3,pre_cod_asig4,pre_cod_asig5,pre_cod_asig6,pre_cod_asig7 FROM tblaca009 WHERE pensum='5' AND c_uni_ca='6' AND c_asigna='300013' [1][0] OK
C:[10/12/2013 16:02:48.64][190.201.10.114][1392] SELECT pre_cod_asig1,pre_cod_asig2,pre_cod_asig3,pre_cod_asig4,pre_cod_asig5,pre_cod_asig6,pre_cod_asig7 FROM tblaca009 WHERE pensum='5' AND c_uni_ca='6' AND c_asigna='300101' [1][0] OK
C:[10/12/2013 16:02:48.64][190.201.10.114][1392] SELECT pre_cod_asig1,pre_cod_asig2,pre_cod_asig3,pre_cod_asig4,pre_cod_asig5,pre_cod_asig6,pre_cod_asig7 FROM tblaca009 WHERE pensum='5' AND c_uni_ca='6' AND c_asigna='300105' [1][0] OK
C:[10/12/2013 16:02:48.64][190.201.10.114][1392] SELECT pre_cod_asig1,pre_cod_asig2,pre_cod_asig3,pre_cod_asig4,pre_cod_asig5,pre_cod_asig6,pre_cod_asig7 FROM tblaca009 WHERE pensum='5' AND c_uni_ca='6' AND c_asigna='300113' [1][0] OK
C:[10/12/2013 16:02:48.64][190.201.10.114][1392] SELECT pre_cod_asig1,pre_cod_asig2,pre_cod_asig3,pre_cod_asig4,pre_cod_asig5,pre_cod_asig6,pre_cod_asig7 FROM tblaca009 WHERE pensum='5' AND c_uni_ca='6' AND c_asigna='300222' [1][0] OK
C:[10/12/2013 16:02:48.64][190.201.10.114][1405] SELECT c_asigna FROM dace004 WHERE exp_e='13-25081356' AND c_asigna='300112' AND status IN ('0','3','B') [1][0] OK
C:[10/12/2013 16:02:48.21][190.201.10.114][1436] SELECT par_cod_asig1,par_cod_asig2,par_cod_asig3 FROM tblaca009 WHERE pensum='5' AND c_uni_ca='6' AND c_asigna='300226' [1][0] OK
C:[10/12/2013 16:02:48.21][190.201.10.114][1436] SELECT par_cod_asig1,par_cod_asig2,par_cod_asig3 FROM tblaca009 WHERE pensum='5' AND c_uni_ca='6' AND c_asigna='300013' [1][0] OK
C:[10/12/2013 16:02:48.21][190.201.10.114][1436] SELECT par_cod_asig1,par_cod_asig2,par_cod_asig3 FROM tblaca009 WHERE pensum='5' AND c_uni_ca='6' AND c_asigna='300101' [1][0] OK
C:[10/12/2013 16:02:48.21][190.201.10.114][1436] SELECT par_cod_asig1,par_cod_asig2,par_cod_asig3 FROM tblaca009 WHERE pensum='5' AND c_uni_ca='6' AND c_asigna='300105' [1][0] OK
C:[10/12/2013 16:02:48.21][190.201.10.114][1436] SELECT par_cod_asig1,par_cod_asig2,par_cod_asig3 FROM tblaca009 WHERE pensum='5' AND c_uni_ca='6' AND c_asigna='300113' [1][0] OK
C:[10/12/2013 16:02:48.21][190.201.10.114][1450] SELECT c_asigna FROM dace004 WHERE exp_e='13-25081356' AND c_asigna='300013' AND status IN ('0','3','B','C') [0][0] OK
C:[10/12/2013 16:02:48.21][190.201.10.114][1436] SELECT par_cod_asig1,par_cod_asig2,par_cod_asig3 FROM tblaca009 WHERE pensum='5' AND c_uni_ca='6' AND c_asigna='300222' [1][0] OK
C:[10/12/2013 16:02:48.10][190.201.10.114][1566] SELECT horas_lab FROM tblaca008 WHERE c_asigna='300226' AND horas_teoricas > 0 [1][0] OK
C:[10/12/2013 16:02:48.21][190.201.10.114][1600] SELECT sum(u_creditos*1) FROM dace006 a, tblaca009 b WHERE a.exp_e='13-25081356' AND a.lapso='2013-2' AND b.pensum='5' AND b.c_uni_ca='6' AND status IN ('7','A','2') AND a.c_asigna=b.c_asigna  [1][0] OK
C:[10/12/2013 16:02:48.15][190.201.10.114][1619] SELECT sum(u_creditos*1) FROM dace006 a, tblaca009 b WHERE a.exp_e='13-25081356' AND a.lapso='2013-2' AND b.pensum='5' AND b.c_uni_ca='6' AND status IN ('7','A','2') AND a.c_asigna=b.c_asigna AND a.c_asigna IN ('300013','300101','300105','300113','300222') [1][0] OK
C:[10/12/2013 16:02:48.08][190.201.10.114][1635] SELECT MAX(semestre) FROM dace006 a, tblaca009 b WHERE a.exp_e='13-25081356' AND a.lapso='2013-2' AND b.pensum='5' AND b.c_uni_ca='6' AND status IN ('7','A','2') AND a.c_asigna=b.c_asigna  [1][0] OK
C:[10/12/2013 16:02:49.02][190.201.10.114][1655] SELECT MIN(semestre) FROM dace006 a, tblaca009 b WHERE a.exp_e='13-25081356' AND a.lapso='2013-2' AND b.pensum='5' AND b.c_uni_ca='6' AND status IN ('7','A','2') AND a.c_asigna=b.c_asigna AND a.c_asigna IN ('300226') [1][0] OK
C:[11/12/2013 12:23:39.39][190.37.225.29][1392] SELECT pre_cod_asig1,pre_cod_asig2,pre_cod_asig3,pre_cod_asig4,pre_cod_asig5,pre_cod_asig6,pre_cod_asig7 FROM tblaca009 WHERE pensum='5' AND c_uni_ca='4' AND c_asigna='300222' [1][0] OK
C:[11/12/2013 12:23:39.39][190.37.225.29][1405] SELECT c_asigna FROM dace004 WHERE exp_e='11-21339778' AND c_asigna='300112' AND status IN ('0','3','B') [1][0] OK
C:[11/12/2013 12:23:39.39][190.37.225.29][1392] SELECT pre_cod_asig1,pre_cod_asig2,pre_cod_asig3,pre_cod_asig4,pre_cod_asig5,pre_cod_asig6,pre_cod_asig7 FROM tblaca009 WHERE pensum='5' AND c_uni_ca='4' AND c_asigna='300101' [1][0] OK
C:[11/12/2013 12:23:39.33][190.37.225.29][1436] SELECT par_cod_asig1,par_cod_asig2,par_cod_asig3 FROM tblaca009 WHERE pensum='5' AND c_uni_ca='4' AND c_asigna='300222' [1][0] OK
C:[11/12/2013 12:23:39.33][190.37.225.29][1436] SELECT par_cod_asig1,par_cod_asig2,par_cod_asig3 FROM tblaca009 WHERE pensum='5' AND c_uni_ca='4' AND c_asigna='300101' [1][0] OK
C:[11/12/2013 12:23:39.59][190.37.225.29][1566] SELECT horas_lab FROM tblaca008 WHERE c_asigna='300222' AND horas_teoricas > 0 [1][0] OK
C:[11/12/2013 12:23:39.70][190.37.225.29][1600] SELECT sum(u_creditos*1) FROM dace006 a, tblaca009 b WHERE a.exp_e='11-21339778' AND a.lapso='2013-2' AND b.pensum='5' AND b.c_uni_ca='4' AND status IN ('7','A','2') AND a.c_asigna=b.c_asigna  [1][0] OK
C:[11/12/2013 12:23:39.64][190.37.225.29][1619] SELECT sum(u_creditos*1) FROM dace006 a, tblaca009 b WHERE a.exp_e='11-21339778' AND a.lapso='2013-2' AND b.pensum='5' AND b.c_uni_ca='4' AND status IN ('7','A','2') AND a.c_asigna=b.c_asigna AND a.c_asigna IN ('300101') [1][0] OK
C:[11/12/2013 12:23:39.57][190.37.225.29][1635] SELECT MAX(semestre) FROM dace006 a, tblaca009 b WHERE a.exp_e='11-21339778' AND a.lapso='2013-2' AND b.pensum='5' AND b.c_uni_ca='4' AND status IN ('7','A','2') AND a.c_asigna=b.c_asigna  [1][0] OK
C:[11/12/2013 12:23:40.51][190.37.225.29][1655] SELECT MIN(semestre) FROM dace006 a, tblaca009 b WHERE a.exp_e='11-21339778' AND a.lapso='2013-2' AND b.pensum='5' AND b.c_uni_ca='4' AND status IN ('7','A','2') AND a.c_asigna=b.c_asigna AND a.c_asigna IN ('300222') [1][0] OK
C:[11/12/2013 12:24:45.34][190.37.225.29][1392] SELECT pre_cod_asig1,pre_cod_asig2,pre_cod_asig3,pre_cod_asig4,pre_cod_asig5,pre_cod_asig6,pre_cod_asig7 FROM tblaca009 WHERE pensum='5' AND c_uni_ca='4' AND c_asigna='300101' [1][0] OK
C:[11/12/2013 12:24:45.34][190.37.225.29][1392] SELECT pre_cod_asig1,pre_cod_asig2,pre_cod_asig3,pre_cod_asig4,pre_cod_asig5,pre_cod_asig6,pre_cod_asig7 FROM tblaca009 WHERE pensum='5' AND c_uni_ca='4' AND c_asigna='300222' [1][0] OK
C:[11/12/2013 12:24:45.34][190.37.225.29][1405] SELECT c_asigna FROM dace004 WHERE exp_e='11-21339778' AND c_asigna='300112' AND status IN ('0','3','B') [1][0] OK
C:[11/12/2013 12:24:45.29][190.37.225.29][1436] SELECT par_cod_asig1,par_cod_asig2,par_cod_asig3 FROM tblaca009 WHERE pensum='5' AND c_uni_ca='4' AND c_asigna='300101' [1][0] OK
C:[11/12/2013 12:24:45.29][190.37.225.29][1436] SELECT par_cod_asig1,par_cod_asig2,par_cod_asig3 FROM tblaca009 WHERE pensum='5' AND c_uni_ca='4' AND c_asigna='300222' [1][0] OK
C:[11/12/2013 12:24:45.55][190.37.225.29][1600] SELECT sum(u_creditos*1) FROM dace006 a, tblaca009 b WHERE a.exp_e='11-21339778' AND a.lapso='2013-2' AND b.pensum='5' AND b.c_uni_ca='4' AND status IN ('7','A','2') AND a.c_asigna=b.c_asigna  [1][0] OK
C:[11/12/2013 12:24:45.47][190.37.225.29][1619] SELECT sum(u_creditos*1) FROM dace006 a, tblaca009 b WHERE a.exp_e='11-21339778' AND a.lapso='2013-2' AND b.pensum='5' AND b.c_uni_ca='4' AND status IN ('7','A','2') AND a.c_asigna=b.c_asigna AND a.c_asigna IN ('300101','300222') [1][0] OK
C:[11/12/2013 12:24:45.41][190.37.225.29][1635] SELECT MAX(semestre) FROM dace006 a, tblaca009 b WHERE a.exp_e='11-21339778' AND a.lapso='2013-2' AND b.pensum='5' AND b.c_uni_ca='4' AND status IN ('7','A','2') AND a.c_asigna=b.c_asigna  [1][0] OK
C:[11/12/2013 19:34:18.95][190.207.63.86][1392] SELECT pre_cod_asig1,pre_cod_asig2,pre_cod_asig3,pre_cod_asig4,pre_cod_asig5,pre_cod_asig6,pre_cod_asig7 FROM tblaca009 WHERE pensum='5' AND c_uni_ca='5' AND c_asigna='354852' [1][0] OK
C:[11/12/2013 19:34:18.95][190.207.63.86][1392] SELECT pre_cod_asig1,pre_cod_asig2,pre_cod_asig3,pre_cod_asig4,pre_cod_asig5,pre_cod_asig6,pre_cod_asig7 FROM tblaca009 WHERE pensum='5' AND c_uni_ca='5' AND c_asigna='355839' [1][0] OK
C:[11/12/2013 19:34:18.95][190.207.63.86][1405] SELECT c_asigna FROM dace004 WHERE exp_e='06-18665038' AND c_asigna='355725' AND status IN ('0','3','B') [1][0] OK
C:[11/12/2013 19:34:18.95][190.207.63.86][1405] SELECT c_asigna FROM dace004 WHERE exp_e='06-18665038' AND c_asigna='355692' AND status IN ('0','3','B') [1][0] OK
C:[11/12/2013 19:34:18.95][190.207.63.86][1392] SELECT pre_cod_asig1,pre_cod_asig2,pre_cod_asig3,pre_cod_asig4,pre_cod_asig5,pre_cod_asig6,pre_cod_asig7 FROM tblaca009 WHERE pensum='5' AND c_uni_ca='5' AND c_asigna='355834' [1][0] OK
C:[11/12/2013 19:34:18.95][190.207.63.86][1405] SELECT c_asigna FROM dace004 WHERE exp_e='06-18665038' AND c_asigna='355694' AND status IN ('0','3','B') [1][0] OK
C:[11/12/2013 19:34:18.95][190.207.63.86][1392] SELECT pre_cod_asig1,pre_cod_asig2,pre_cod_asig3,pre_cod_asig4,pre_cod_asig5,pre_cod_asig6,pre_cod_asig7 FROM tblaca009 WHERE pensum='5' AND c_uni_ca='5' AND c_asigna='355840' [1][0] OK
C:[11/12/2013 19:34:18.95][190.207.63.86][1405] SELECT c_asigna FROM dace004 WHERE exp_e='06-18665038' AND c_asigna='355721' AND status IN ('0','3','B') [1][0] OK
C:[11/12/2013 19:34:18.95][190.207.63.86][1405] SELECT c_asigna FROM dace004 WHERE exp_e='06-18665038' AND c_asigna='355725' AND status IN ('0','3','B') [1][0] OK
C:[11/12/2013 19:34:18.95][190.207.63.86][1392] SELECT pre_cod_asig1,pre_cod_asig2,pre_cod_asig3,pre_cod_asig4,pre_cod_asig5,pre_cod_asig6,pre_cod_asig7 FROM tblaca009 WHERE pensum='5' AND c_uni_ca='5' AND c_asigna='355832' [1][0] OK
C:[11/12/2013 19:34:18.95][190.207.63.86][1405] SELECT c_asigna FROM dace004 WHERE exp_e='06-18665038' AND c_asigna='355694' AND status IN ('0','3','B') [1][0] OK
C:[11/12/2013 19:34:18.88][190.207.63.86][1436] SELECT par_cod_asig1,par_cod_asig2,par_cod_asig3 FROM tblaca009 WHERE pensum='5' AND c_uni_ca='5' AND c_asigna='354852' [1][0] OK
C:[11/12/2013 19:34:18.88][190.207.63.86][1436] SELECT par_cod_asig1,par_cod_asig2,par_cod_asig3 FROM tblaca009 WHERE pensum='5' AND c_uni_ca='5' AND c_asigna='355839' [1][0] OK
C:[11/12/2013 19:34:18.88][190.207.63.86][1436] SELECT par_cod_asig1,par_cod_asig2,par_cod_asig3 FROM tblaca009 WHERE pensum='5' AND c_uni_ca='5' AND c_asigna='355834' [1][0] OK
C:[11/12/2013 19:34:18.88][190.207.63.86][1436] SELECT par_cod_asig1,par_cod_asig2,par_cod_asig3 FROM tblaca009 WHERE pensum='5' AND c_uni_ca='5' AND c_asigna='355840' [1][0] OK
C:[11/12/2013 19:34:18.88][190.207.63.86][1436] SELECT par_cod_asig1,par_cod_asig2,par_cod_asig3 FROM tblaca009 WHERE pensum='5' AND c_uni_ca='5' AND c_asigna='355832' [1][0] OK
C:[11/12/2013 19:34:19.53][190.207.63.86][1566] SELECT horas_lab FROM tblaca008 WHERE c_asigna='354852' AND horas_teoricas > 0 [1][0] OK
C:[11/12/2013 19:34:19.63][190.207.63.86][1600] SELECT sum(u_creditos*1) FROM dace006 a, tblaca009 b WHERE a.exp_e='06-18665038' AND a.lapso='2013-2' AND b.pensum='5' AND b.c_uni_ca='5' AND status IN ('7','A','2') AND a.c_asigna=b.c_asigna  [1][0] OK
C:[11/12/2013 19:34:19.57][190.207.63.86][1619] SELECT sum(u_creditos*1) FROM dace006 a, tblaca009 b WHERE a.exp_e='06-18665038' AND a.lapso='2013-2' AND b.pensum='5' AND b.c_uni_ca='5' AND status IN ('7','A','2') AND a.c_asigna=b.c_asigna AND a.c_asigna IN ('355839','355834','355840','355832') [1][0] OK
C:[11/12/2013 19:34:19.51][190.207.63.86][1635] SELECT MAX(semestre) FROM dace006 a, tblaca009 b WHERE a.exp_e='06-18665038' AND a.lapso='2013-2' AND b.pensum='5' AND b.c_uni_ca='5' AND status IN ('7','A','2') AND a.c_asigna=b.c_asigna  [1][0] OK
C:[11/12/2013 19:34:19.45][190.207.63.86][1655] SELECT MIN(semestre) FROM dace006 a, tblaca009 b WHERE a.exp_e='06-18665038' AND a.lapso='2013-2' AND b.pensum='5' AND b.c_uni_ca='5' AND status IN ('7','A','2') AND a.c_asigna=b.c_asigna AND a.c_asigna IN ('354852') [1][0] OK
C:[11/12/2013 20:57:58.07][190.37.99.251][1392] SELECT pre_cod_asig1,pre_cod_asig2,pre_cod_asig3,pre_cod_asig4,pre_cod_asig5,pre_cod_asig6,pre_cod_asig7 FROM tblaca009 WHERE pensum='5' AND c_uni_ca='2' AND c_asigna='322605' [1][0] OK
C:[11/12/2013 20:57:58.07][190.37.99.251][1405] SELECT c_asigna FROM dace004 WHERE exp_e='07-18665362' AND c_asigna='322436' AND status IN ('0','3','B') [1][0] OK
C:[11/12/2013 20:57:58.07][190.37.99.251][1392] SELECT pre_cod_asig1,pre_cod_asig2,pre_cod_asig3,pre_cod_asig4,pre_cod_asig5,pre_cod_asig6,pre_cod_asig7 FROM tblaca009 WHERE pensum='5' AND c_uni_ca='2' AND c_asigna='322559' [1][0] OK
C:[11/12/2013 20:57:58.07][190.37.99.251][1405] SELECT c_asigna FROM dace004 WHERE exp_e='07-18665362' AND c_asigna='300428' AND status IN ('0','3','B') [1][0] OK
C:[11/12/2013 20:57:58.07][190.37.99.251][1405] SELECT c_asigna FROM dace004 WHERE exp_e='07-18665362' AND c_asigna='322436' AND status IN ('0','3','B') [1][0] OK
C:[11/12/2013 20:57:58.07][190.37.99.251][1392] SELECT pre_cod_asig1,pre_cod_asig2,pre_cod_asig3,pre_cod_asig4,pre_cod_asig5,pre_cod_asig6,pre_cod_asig7 FROM tblaca009 WHERE pensum='5' AND c_uni_ca='2' AND c_asigna='300677' [1][0] OK
C:[11/12/2013 20:57:58.07][190.37.99.251][1392] SELECT pre_cod_asig1,pre_cod_asig2,pre_cod_asig3,pre_cod_asig4,pre_cod_asig5,pre_cod_asig6,pre_cod_asig7 FROM tblaca009 WHERE pensum='5' AND c_uni_ca='2' AND c_asigna='322669' [1][0] OK
C:[11/12/2013 20:57:58.07][190.37.99.251][1405] SELECT c_asigna FROM dace004 WHERE exp_e='07-18665362' AND c_asigna='322558' AND status IN ('0','3','B') [1][0] OK
C:[11/12/2013 20:57:58.07][190.37.99.251][1405] SELECT c_asigna FROM dace004 WHERE exp_e='07-18665362' AND c_asigna='323528' AND status IN ('0','3','B') [1][0] OK
C:[11/12/2013 20:57:58.07][190.37.99.251][1392] SELECT pre_cod_asig1,pre_cod_asig2,pre_cod_asig3,pre_cod_asig4,pre_cod_asig5,pre_cod_asig6,pre_cod_asig7 FROM tblaca009 WHERE pensum='5' AND c_uni_ca='2' AND c_asigna='322550' [1][0] OK
C:[11/12/2013 20:57:58.07][190.37.99.251][1405] SELECT c_asigna FROM dace004 WHERE exp_e='07-18665362' AND c_asigna='322433' AND status IN ('0','3','B') [1][0] OK
C:[11/12/2013 20:57:59.00][190.37.99.251][1436] SELECT par_cod_asig1,par_cod_asig2,par_cod_asig3 FROM tblaca009 WHERE pensum='5' AND c_uni_ca='2' AND c_asigna='322605' [1][0] OK
C:[11/12/2013 20:57:59.00][190.37.99.251][1436] SELECT par_cod_asig1,par_cod_asig2,par_cod_asig3 FROM tblaca009 WHERE pensum='5' AND c_uni_ca='2' AND c_asigna='322559' [1][0] OK
C:[11/12/2013 20:57:59.00][190.37.99.251][1436] SELECT par_cod_asig1,par_cod_asig2,par_cod_asig3 FROM tblaca009 WHERE pensum='5' AND c_uni_ca='2' AND c_asigna='300677' [1][0] OK
C:[11/12/2013 20:57:59.00][190.37.99.251][1436] SELECT par_cod_asig1,par_cod_asig2,par_cod_asig3 FROM tblaca009 WHERE pensum='5' AND c_uni_ca='2' AND c_asigna='322669' [1][0] OK
C:[11/12/2013 20:57:59.00][190.37.99.251][1436] SELECT par_cod_asig1,par_cod_asig2,par_cod_asig3 FROM tblaca009 WHERE pensum='5' AND c_uni_ca='2' AND c_asigna='322550' [1][0] OK
C:[11/12/2013 20:57:59.64][190.37.99.251][1566] SELECT horas_lab FROM tblaca008 WHERE c_asigna='322605' AND horas_teoricas > 0 [1][0] OK
C:[11/12/2013 20:57:59.76][190.37.99.251][1600] SELECT sum(u_creditos*1) FROM dace006 a, tblaca009 b WHERE a.exp_e='07-18665362' AND a.lapso='2013-2' AND b.pensum='5' AND b.c_uni_ca='2' AND status IN ('7','A','2') AND a.c_asigna=b.c_asigna  [1][0] OK
C:[11/12/2013 20:57:59.38][190.37.99.251][1619] SELECT sum(u_creditos*1) FROM dace006 a, tblaca009 b WHERE a.exp_e='07-18665362' AND a.lapso='2013-2' AND b.pensum='5' AND b.c_uni_ca='2' AND status IN ('7','A','2') AND a.c_asigna=b.c_asigna AND a.c_asigna IN ('322559','300677','322669','322550') [1][0] OK
C:[11/12/2013 20:57:59.02][190.37.99.251][1635] SELECT MAX(semestre) FROM dace006 a, tblaca009 b WHERE a.exp_e='07-18665362' AND a.lapso='2013-2' AND b.pensum='5' AND b.c_uni_ca='2' AND status IN ('7','A','2') AND a.c_asigna=b.c_asigna  [1][0] OK
C:[11/12/2013 20:57:59.32][190.37.99.251][1655] SELECT MIN(semestre) FROM dace006 a, tblaca009 b WHERE a.exp_e='07-18665362' AND a.lapso='2013-2' AND b.pensum='5' AND b.c_uni_ca='2' AND status IN ('7','A','2') AND a.c_asigna=b.c_asigna AND a.c_asigna IN ('322605') [1][0] OK
C:[12/12/2013 07:47:03.45][190.206.80.222][1392] SELECT pre_cod_asig1,pre_cod_asig2,pre_cod_asig3,pre_cod_asig4,pre_cod_asig5,pre_cod_asig6,pre_cod_asig7 FROM tblaca009 WHERE pensum='5' AND c_uni_ca='3' AND c_asigna='314787' [1][0] OK
C:[12/12/2013 07:47:03.45][190.206.80.222][1405] SELECT c_asigna FROM dace004 WHERE exp_e='05-19093293' AND c_asigna='314662' AND status IN ('0','3','B') [1][0] OK
C:[12/12/2013 07:47:03.45][190.206.80.222][1392] SELECT pre_cod_asig1,pre_cod_asig2,pre_cod_asig3,pre_cod_asig4,pre_cod_asig5,pre_cod_asig6,pre_cod_asig7 FROM tblaca009 WHERE pensum='5' AND c_uni_ca='3' AND c_asigna='300213' [1][0] OK
C:[12/12/2013 07:47:03.45][190.206.80.222][1405] SELECT c_asigna FROM dace004 WHERE exp_e='05-19093293' AND c_asigna='300101' AND status IN ('0','3','B') [1][0] OK
C:[12/12/2013 07:47:03.45][190.206.80.222][1392] SELECT pre_cod_asig1,pre_cod_asig2,pre_cod_asig3,pre_cod_asig4,pre_cod_asig5,pre_cod_asig6,pre_cod_asig7 FROM tblaca009 WHERE pensum='5' AND c_uni_ca='3' AND c_asigna='311554' [1][0] OK
C:[12/12/2013 07:47:03.45][190.206.80.222][1405] SELECT c_asigna FROM dace004 WHERE exp_e='05-19093293' AND c_asigna='300318' AND status IN ('0','3','B') [1][0] OK
C:[12/12/2013 07:47:03.45][190.206.80.222][1405] SELECT c_asigna FROM dace004 WHERE exp_e='05-19093293' AND c_asigna='300428' AND status IN ('0','3','B') [1][0] OK
C:[12/12/2013 07:47:04.45][190.206.80.222][1436] SELECT par_cod_asig1,par_cod_asig2,par_cod_asig3 FROM tblaca009 WHERE pensum='5' AND c_uni_ca='3' AND c_asigna='314787' [1][0] OK
C:[12/12/2013 07:47:04.45][190.206.80.222][1436] SELECT par_cod_asig1,par_cod_asig2,par_cod_asig3 FROM tblaca009 WHERE pensum='5' AND c_uni_ca='3' AND c_asigna='300213' [1][0] OK
C:[12/12/2013 07:47:04.45][190.206.80.222][1450] SELECT c_asigna FROM dace004 WHERE exp_e='05-19093293' AND c_asigna='300209' AND status IN ('0','3','B','C') [1][0] OK
C:[12/12/2013 07:47:04.45][190.206.80.222][1436] SELECT par_cod_asig1,par_cod_asig2,par_cod_asig3 FROM tblaca009 WHERE pensum='5' AND c_uni_ca='3' AND c_asigna='311554' [1][0] OK
C:[12/12/2013 07:47:04.97][190.206.80.222][1600] SELECT sum(u_creditos*1) FROM dace006 a, tblaca009 b WHERE a.exp_e='05-19093293' AND a.lapso='2013-2' AND b.pensum='5' AND b.c_uni_ca='3' AND status IN ('7','A','2') AND a.c_asigna=b.c_asigna  [1][0] OK
C:[12/12/2013 07:47:04.89][190.206.80.222][1619] SELECT sum(u_creditos*1) FROM dace006 a, tblaca009 b WHERE a.exp_e='05-19093293' AND a.lapso='2013-2' AND b.pensum='5' AND b.c_uni_ca='3' AND status IN ('7','A','2') AND a.c_asigna=b.c_asigna AND a.c_asigna IN ('314787','300213','311554') [1][0] OK
C:[12/12/2013 07:47:04.82][190.206.80.222][1635] SELECT MAX(semestre) FROM dace006 a, tblaca009 b WHERE a.exp_e='05-19093293' AND a.lapso='2013-2' AND b.pensum='5' AND b.c_uni_ca='3' AND status IN ('7','A','2') AND a.c_asigna=b.c_asigna  [1][0] OK
C:[12/12/2013 08:44:22.50][201.248.68.101][1392] SELECT pre_cod_asig1,pre_cod_asig2,pre_cod_asig3,pre_cod_asig4,pre_cod_asig5,pre_cod_asig6,pre_cod_asig7 FROM tblaca009 WHERE pensum='5' AND c_uni_ca='5' AND c_asigna='355835' [1][0] OK
C:[12/12/2013 08:44:22.50][201.248.68.101][1405] SELECT c_asigna FROM dace004 WHERE exp_e='06-18515354' AND c_asigna='355691' AND status IN ('0','3','B') [1][0] OK
C:[12/12/2013 08:44:22.50][201.248.68.101][1392] SELECT pre_cod_asig1,pre_cod_asig2,pre_cod_asig3,pre_cod_asig4,pre_cod_asig5,pre_cod_asig6,pre_cod_asig7 FROM tblaca009 WHERE pensum='5' AND c_uni_ca='5' AND c_asigna='355722' [1][0] OK
C:[12/12/2013 08:44:22.50][201.248.68.101][1405] SELECT c_asigna FROM dace004 WHERE exp_e='06-18515354' AND c_asigna='355691' AND status IN ('0','3','B') [1][0] OK
C:[12/12/2013 08:44:22.50][201.248.68.101][1405] SELECT c_asigna FROM dace004 WHERE exp_e='06-18515354' AND c_asigna='355595' AND status IN ('0','3','B') [1][0] OK
C:[12/12/2013 08:44:22.50][201.248.68.101][1392] SELECT pre_cod_asig1,pre_cod_asig2,pre_cod_asig3,pre_cod_asig4,pre_cod_asig5,pre_cod_asig6,pre_cod_asig7 FROM tblaca009 WHERE pensum='5' AND c_uni_ca='5' AND c_asigna='355692' [1][0] OK
C:[12/12/2013 08:44:22.50][201.248.68.101][1405] SELECT c_asigna FROM dace004 WHERE exp_e='06-18515354' AND c_asigna='355448' AND status IN ('0','3','B') [1][0] OK
C:[12/12/2013 08:44:22.50][201.248.68.101][1405] SELECT c_asigna FROM dace004 WHERE exp_e='06-18515354' AND c_asigna='355570' AND status IN ('0','3','B') [1][0] OK
C:[12/12/2013 08:44:22.50][201.248.68.101][1392] SELECT pre_cod_asig1,pre_cod_asig2,pre_cod_asig3,pre_cod_asig4,pre_cod_asig5,pre_cod_asig6,pre_cod_asig7 FROM tblaca009 WHERE pensum='5' AND c_uni_ca='5' AND c_asigna='300677' [1][0] OK
C:[12/12/2013 08:44:22.50][201.248.68.101][1392] SELECT pre_cod_asig1,pre_cod_asig2,pre_cod_asig3,pre_cod_asig4,pre_cod_asig5,pre_cod_asig6,pre_cod_asig7 FROM tblaca009 WHERE pensum='5' AND c_uni_ca='5' AND c_asigna='355834' [1][0] OK
C:[12/12/2013 08:44:22.50][201.248.68.101][1405] SELECT c_asigna FROM dace004 WHERE exp_e='06-18515354' AND c_asigna='355694' AND status IN ('0','3','B') [1][0] OK
C:[12/12/2013 08:44:22.44][201.248.68.101][1436] SELECT par_cod_asig1,par_cod_asig2,par_cod_asig3 FROM tblaca009 WHERE pensum='5' AND c_uni_ca='5' AND c_asigna='355835' [1][0] OK
C:[12/12/2013 08:44:22.44][201.248.68.101][1436] SELECT par_cod_asig1,par_cod_asig2,par_cod_asig3 FROM tblaca009 WHERE pensum='5' AND c_uni_ca='5' AND c_asigna='355722' [1][0] OK
C:[12/12/2013 08:44:22.44][201.248.68.101][1436] SELECT par_cod_asig1,par_cod_asig2,par_cod_asig3 FROM tblaca009 WHERE pensum='5' AND c_uni_ca='5' AND c_asigna='355692' [1][0] OK
C:[12/12/2013 08:44:22.44][201.248.68.101][1436] SELECT par_cod_asig1,par_cod_asig2,par_cod_asig3 FROM tblaca009 WHERE pensum='5' AND c_uni_ca='5' AND c_asigna='300677' [1][0] OK
C:[12/12/2013 08:44:22.44][201.248.68.101][1436] SELECT par_cod_asig1,par_cod_asig2,par_cod_asig3 FROM tblaca009 WHERE pensum='5' AND c_uni_ca='5' AND c_asigna='355834' [1][0] OK
C:[12/12/2013 08:44:23.08][201.248.68.101][1566] SELECT horas_lab FROM tblaca008 WHERE c_asigna='355835' AND horas_teoricas > 0 [1][0] OK
C:[12/12/2013 08:44:23.19][201.248.68.101][1600] SELECT sum(u_creditos*1) FROM dace006 a, tblaca009 b WHERE a.exp_e='06-18515354' AND a.lapso='2013-2' AND b.pensum='5' AND b.c_uni_ca='5' AND status IN ('7','A','2') AND a.c_asigna=b.c_asigna  [1][0] OK
C:[12/12/2013 08:44:23.69][201.248.68.101][1619] SELECT sum(u_creditos*1) FROM dace006 a, tblaca009 b WHERE a.exp_e='06-18515354' AND a.lapso='2013-2' AND b.pensum='5' AND b.c_uni_ca='5' AND status IN ('7','A','2') AND a.c_asigna=b.c_asigna AND a.c_asigna IN ('355722','355692','300677','355834') [1][0] OK
C:[12/12/2013 08:44:23.19][201.248.68.101][1635] SELECT MAX(semestre) FROM dace006 a, tblaca009 b WHERE a.exp_e='06-18515354' AND a.lapso='2013-2' AND b.pensum='5' AND b.c_uni_ca='5' AND status IN ('7','A','2') AND a.c_asigna=b.c_asigna  [1][0] OK
C:[12/12/2013 08:44:23.69][201.248.68.101][1655] SELECT MIN(semestre) FROM dace006 a, tblaca009 b WHERE a.exp_e='06-18515354' AND a.lapso='2013-2' AND b.pensum='5' AND b.c_uni_ca='5' AND status IN ('7','A','2') AND a.c_asigna=b.c_asigna AND a.c_asigna IN ('355835') [1][0] OK
C:[12/12/2013 10:59:10.04][190.201.9.12][1392] SELECT pre_cod_asig1,pre_cod_asig2,pre_cod_asig3,pre_cod_asig4,pre_cod_asig5,pre_cod_asig6,pre_cod_asig7 FROM tblaca009 WHERE pensum='5' AND c_uni_ca='6' AND c_asigna='300113' [1][0] OK
C:[12/12/2013 10:59:10.04][190.201.9.12][1392] SELECT pre_cod_asig1,pre_cod_asig2,pre_cod_asig3,pre_cod_asig4,pre_cod_asig5,pre_cod_asig6,pre_cod_asig7 FROM tblaca009 WHERE pensum='5' AND c_uni_ca='6' AND c_asigna='300226' [1][0] OK
C:[12/12/2013 10:59:10.04][190.201.9.12][1405] SELECT c_asigna FROM dace004 WHERE exp_e='13-24031029' AND c_asigna='300116' AND status IN ('0','3','B') [1][0] OK
C:[12/12/2013 10:59:10.04][190.201.9.12][1392] SELECT pre_cod_asig1,pre_cod_asig2,pre_cod_asig3,pre_cod_asig4,pre_cod_asig5,pre_cod_asig6,pre_cod_asig7 FROM tblaca009 WHERE pensum='5' AND c_uni_ca='6' AND c_asigna='300013' [1][0] OK
C:[12/12/2013 10:59:10.04][190.201.9.12][1392] SELECT pre_cod_asig1,pre_cod_asig2,pre_cod_asig3,pre_cod_asig4,pre_cod_asig5,pre_cod_asig6,pre_cod_asig7 FROM tblaca009 WHERE pensum='5' AND c_uni_ca='6' AND c_asigna='300112' [1][0] OK
C:[12/12/2013 10:59:10.04][190.201.9.12][1392] SELECT pre_cod_asig1,pre_cod_asig2,pre_cod_asig3,pre_cod_asig4,pre_cod_asig5,pre_cod_asig6,pre_cod_asig7 FROM tblaca009 WHERE pensum='5' AND c_uni_ca='6' AND c_asigna='300207' [1][0] OK
C:[12/12/2013 10:59:10.04][190.201.9.12][1405] SELECT c_asigna FROM dace004 WHERE exp_e='13-24031029' AND c_asigna='300101' AND status IN ('0','3','B') [1][0] OK
C:[12/12/2013 10:59:10.04][190.201.9.12][1392] SELECT pre_cod_asig1,pre_cod_asig2,pre_cod_asig3,pre_cod_asig4,pre_cod_asig5,pre_cod_asig6,pre_cod_asig7 FROM tblaca009 WHERE pensum='5' AND c_uni_ca='6' AND c_asigna='300209' [1][0] OK
C:[12/12/2013 10:59:10.04][190.201.9.12][1405] SELECT c_asigna FROM dace004 WHERE exp_e='13-24031029' AND c_asigna='300101' AND status IN ('0','3','B') [1][0] OK
C:[12/12/2013 10:59:10.04][190.201.9.12][1392] SELECT pre_cod_asig1,pre_cod_asig2,pre_cod_asig3,pre_cod_asig4,pre_cod_asig5,pre_cod_asig6,pre_cod_asig7 FROM tblaca009 WHERE pensum='5' AND c_uni_ca='6' AND c_asigna='300228' [1][0] OK
C:[12/12/2013 10:59:10.04][190.201.9.12][1405] SELECT c_asigna FROM dace004 WHERE exp_e='13-24031029' AND c_asigna='300101' AND status IN ('0','3','B') [1][0] OK
C:[12/12/2013 10:59:10.98][190.201.9.12][1436] SELECT par_cod_asig1,par_cod_asig2,par_cod_asig3 FROM tblaca009 WHERE pensum='5' AND c_uni_ca='6' AND c_asigna='300113' [1][0] OK
C:[12/12/2013 10:59:10.98][190.201.9.12][1450] SELECT c_asigna FROM dace004 WHERE exp_e='13-24031029' AND c_asigna='300013' AND status IN ('0','3','B','C') [0][0] OK
C:[12/12/2013 10:59:10.98][190.201.9.12][1436] SELECT par_cod_asig1,par_cod_asig2,par_cod_asig3 FROM tblaca009 WHERE pensum='5' AND c_uni_ca='6' AND c_asigna='300226' [1][0] OK
C:[12/12/2013 10:59:10.98][190.201.9.12][1436] SELECT par_cod_asig1,par_cod_asig2,par_cod_asig3 FROM tblaca009 WHERE pensum='5' AND c_uni_ca='6' AND c_asigna='300013' [1][0] OK
C:[12/12/2013 10:59:10.98][190.201.9.12][1436] SELECT par_cod_asig1,par_cod_asig2,par_cod_asig3 FROM tblaca009 WHERE pensum='5' AND c_uni_ca='6' AND c_asigna='300112' [1][0] OK
C:[12/12/2013 10:59:10.98][190.201.9.12][1436] SELECT par_cod_asig1,par_cod_asig2,par_cod_asig3 FROM tblaca009 WHERE pensum='5' AND c_uni_ca='6' AND c_asigna='300207' [1][0] OK
C:[12/12/2013 10:59:10.98][190.201.9.12][1436] SELECT par_cod_asig1,par_cod_asig2,par_cod_asig3 FROM tblaca009 WHERE pensum='5' AND c_uni_ca='6' AND c_asigna='300209' [1][0] OK
C:[12/12/2013 10:59:10.98][190.201.9.12][1436] SELECT par_cod_asig1,par_cod_asig2,par_cod_asig3 FROM tblaca009 WHERE pensum='5' AND c_uni_ca='6' AND c_asigna='300228' [1][0] OK
C:[12/12/2013 10:59:11.99][190.201.9.12][1566] SELECT horas_lab FROM tblaca008 WHERE c_asigna='300113' AND horas_teoricas > 0 [0][0] OK
C:[12/12/2013 10:59:11.99][190.201.9.12][1566] SELECT horas_lab FROM tblaca008 WHERE c_asigna='300226' AND horas_teoricas > 0 [1][0] OK
C:[12/12/2013 10:59:11.23][190.201.9.12][1600] SELECT sum(u_creditos*1) FROM dace006 a, tblaca009 b WHERE a.exp_e='13-24031029' AND a.lapso='2013-2' AND b.pensum='5' AND b.c_uni_ca='6' AND status IN ('7','A','2') AND a.c_asigna=b.c_asigna  [1][0] OK
C:[12/12/2013 10:59:11.17][190.201.9.12][1619] SELECT sum(u_creditos*1) FROM dace006 a, tblaca009 b WHERE a.exp_e='13-24031029' AND a.lapso='2013-2' AND b.pensum='5' AND b.c_uni_ca='6' AND status IN ('7','A','2') AND a.c_asigna=b.c_asigna AND a.c_asigna IN ('300013','300112','300207','300209','300228') [1][0] OK
C:[12/12/2013 10:59:11.10][190.201.9.12][1635] SELECT MAX(semestre) FROM dace006 a, tblaca009 b WHERE a.exp_e='13-24031029' AND a.lapso='2013-2' AND b.pensum='5' AND b.c_uni_ca='6' AND status IN ('7','A','2') AND a.c_asigna=b.c_asigna  [1][0] OK
C:[12/12/2013 10:59:11.04][190.201.9.12][1655] SELECT MIN(semestre) FROM dace006 a, tblaca009 b WHERE a.exp_e='13-24031029' AND a.lapso='2013-2' AND b.pensum='5' AND b.c_uni_ca='6' AND status IN ('7','A','2') AND a.c_asigna=b.c_asigna AND a.c_asigna IN ('300113','300226') [1][0] OK
C:[13/12/2013 08:40:53.80][172.16.4.247][1392] SELECT pre_cod_asig1,pre_cod_asig2,pre_cod_asig3,pre_cod_asig4,pre_cod_asig5,pre_cod_asig6,pre_cod_asig7 FROM tblaca009 WHERE pensum='5' AND c_uni_ca='5' AND c_asigna='355692' [1][0] OK
C:[13/12/2013 08:40:53.80][172.16.4.247][1405] SELECT c_asigna FROM dace004 WHERE exp_e='01-15970614' AND c_asigna='355448' AND status IN ('0','3','B') [1][0] OK
C:[13/12/2013 08:40:53.80][172.16.4.247][1405] SELECT c_asigna FROM dace004 WHERE exp_e='01-15970614' AND c_asigna='355570' AND status IN ('0','3','B') [1][0] OK
C:[13/12/2013 08:40:53.80][172.16.4.247][1392] SELECT pre_cod_asig1,pre_cod_asig2,pre_cod_asig3,pre_cod_asig4,pre_cod_asig5,pre_cod_asig6,pre_cod_asig7 FROM tblaca009 WHERE pensum='5' AND c_uni_ca='5' AND c_asigna='355595' [1][0] OK
C:[13/12/2013 08:40:53.80][172.16.4.247][1405] SELECT c_asigna FROM dace004 WHERE exp_e='01-15970614' AND c_asigna='351451' AND status IN ('0','3','B') [1][0] OK
C:[13/12/2013 08:40:53.80][172.16.4.247][1405] SELECT c_asigna FROM dace004 WHERE exp_e='01-15970614' AND c_asigna='355350' AND status IN ('0','3','B') [1][0] OK
C:[13/12/2013 08:40:53.80][172.16.4.247][1405] SELECT c_asigna FROM dace004 WHERE exp_e='01-15970614' AND c_asigna='300318' AND status IN ('0','3','B') [1][0] OK
C:[13/12/2013 08:40:53.80][172.16.4.247][1392] SELECT pre_cod_asig1,pre_cod_asig2,pre_cod_asig3,pre_cod_asig4,pre_cod_asig5,pre_cod_asig6,pre_cod_asig7 FROM tblaca009 WHERE pensum='5' AND c_uni_ca='5' AND c_asigna='354852' [1][0] OK
C:[13/12/2013 08:40:53.80][172.16.4.247][1392] SELECT pre_cod_asig1,pre_cod_asig2,pre_cod_asig3,pre_cod_asig4,pre_cod_asig5,pre_cod_asig6,pre_cod_asig7 FROM tblaca009 WHERE pensum='5' AND c_uni_ca='5' AND c_asigna='355721' [1][0] OK
C:[13/12/2013 08:40:53.80][172.16.4.247][1405] SELECT c_asigna FROM dace004 WHERE exp_e='01-15970614' AND c_asigna='355693' AND status IN ('0','3','B') [1][0] OK
C:[13/12/2013 08:40:53.80][172.16.4.247][1405] SELECT c_asigna FROM dace004 WHERE exp_e='01-15970614' AND c_asigna='355696' AND status IN ('0','3','B') [1][0] OK
C:[13/12/2013 08:40:54.74][172.16.4.247][1436] SELECT par_cod_asig1,par_cod_asig2,par_cod_asig3 FROM tblaca009 WHERE pensum='5' AND c_uni_ca='5' AND c_asigna='355692' [1][0] OK
C:[13/12/2013 08:40:54.74][172.16.4.247][1436] SELECT par_cod_asig1,par_cod_asig2,par_cod_asig3 FROM tblaca009 WHERE pensum='5' AND c_uni_ca='5' AND c_asigna='355595' [1][0] OK
C:[13/12/2013 08:40:54.74][172.16.4.247][1436] SELECT par_cod_asig1,par_cod_asig2,par_cod_asig3 FROM tblaca009 WHERE pensum='5' AND c_uni_ca='5' AND c_asigna='354852' [1][0] OK
C:[13/12/2013 08:40:54.74][172.16.4.247][1436] SELECT par_cod_asig1,par_cod_asig2,par_cod_asig3 FROM tblaca009 WHERE pensum='5' AND c_uni_ca='5' AND c_asigna='355721' [1][0] OK
C:[13/12/2013 08:40:54.25][172.16.4.247][1566] SELECT horas_lab FROM tblaca008 WHERE c_asigna='355692' AND horas_teoricas > 0 [1][0] OK
C:[13/12/2013 08:40:54.36][172.16.4.247][1600] SELECT sum(u_creditos*1) FROM dace006 a, tblaca009 b WHERE a.exp_e='01-15970614' AND a.lapso='2013-2' AND b.pensum='5' AND b.c_uni_ca='5' AND status IN ('7','A','2') AND a.c_asigna=b.c_asigna  [1][0] OK
C:[13/12/2013 08:40:54.30][172.16.4.247][1619] SELECT sum(u_creditos*1) FROM dace006 a, tblaca009 b WHERE a.exp_e='01-15970614' AND a.lapso='2013-2' AND b.pensum='5' AND b.c_uni_ca='5' AND status IN ('7','A','2') AND a.c_asigna=b.c_asigna AND a.c_asigna IN ('355595','354852','355721') [1][0] OK
C:[13/12/2013 08:40:54.24][172.16.4.247][1635] SELECT MAX(semestre) FROM dace006 a, tblaca009 b WHERE a.exp_e='01-15970614' AND a.lapso='2013-2' AND b.pensum='5' AND b.c_uni_ca='5' AND status IN ('7','A','2') AND a.c_asigna=b.c_asigna  [1][0] OK
C:[13/12/2013 08:40:54.17][172.16.4.247][1655] SELECT MIN(semestre) FROM dace006 a, tblaca009 b WHERE a.exp_e='01-15970614' AND a.lapso='2013-2' AND b.pensum='5' AND b.c_uni_ca='5' AND status IN ('7','A','2') AND a.c_asigna=b.c_asigna AND a.c_asigna IN ('355692') [1][0] OK
C:[16/10/2014 13:17:35.17][172.16.4.254][1402] SELECT pre_cod_asig1,pre_cod_asig2,pre_cod_asig3,pre_cod_asig4,pre_cod_asig5,pre_cod_asig6,pre_cod_asig7 FROM tblaca009 WHERE pensum='5' AND c_uni_ca='6' AND c_asigna='340327' [1][0] OK
C:[16/10/2014 13:17:35.17][172.16.4.254][1415] SELECT c_asigna FROM dace004 WHERE exp_e='11-25083204' AND c_asigna='300013' AND status IN ('0','3','B') [1][0] OK
C:[16/10/2014 13:17:35.17][172.16.4.254][1415] SELECT c_asigna FROM dace004 WHERE exp_e='11-25083204' AND c_asigna='300113' AND status IN ('0','3','B') [1][0] OK
C:[16/10/2014 13:17:35.17][172.16.4.254][1402] SELECT pre_cod_asig1,pre_cod_asig2,pre_cod_asig3,pre_cod_asig4,pre_cod_asig5,pre_cod_asig6,pre_cod_asig7 FROM tblaca009 WHERE pensum='5' AND c_uni_ca='6' AND c_asigna='300228' [1][0] OK
C:[16/10/2014 13:17:35.17][172.16.4.254][1415] SELECT c_asigna FROM dace004 WHERE exp_e='11-25083204' AND c_asigna='300101' AND status IN ('0','3','B') [1][0] OK
C:[16/10/2014 13:17:35.17][172.16.4.254][1402] SELECT pre_cod_asig1,pre_cod_asig2,pre_cod_asig3,pre_cod_asig4,pre_cod_asig5,pre_cod_asig6,pre_cod_asig7 FROM tblaca009 WHERE pensum='5' AND c_uni_ca='6' AND c_asigna='300213' [1][0] OK
C:[16/10/2014 13:17:35.17][172.16.4.254][1415] SELECT c_asigna FROM dace004 WHERE exp_e='11-25083204' AND c_asigna='300101' AND status IN ('0','3','B') [1][0] OK
C:[16/10/2014 13:17:35.17][172.16.4.254][1402] SELECT pre_cod_asig1,pre_cod_asig2,pre_cod_asig3,pre_cod_asig4,pre_cod_asig5,pre_cod_asig6,pre_cod_asig7 FROM tblaca009 WHERE pensum='5' AND c_uni_ca='6' AND c_asigna='300112' [1][0] OK
C:[16/10/2014 13:17:35.17][172.16.4.254][1402] SELECT pre_cod_asig1,pre_cod_asig2,pre_cod_asig3,pre_cod_asig4,pre_cod_asig5,pre_cod_asig6,pre_cod_asig7 FROM tblaca009 WHERE pensum='5' AND c_uni_ca='6' AND c_asigna='300209' [1][0] OK
C:[16/10/2014 13:17:35.17][172.16.4.254][1415] SELECT c_asigna FROM dace004 WHERE exp_e='11-25083204' AND c_asigna='300101' AND status IN ('0','3','B') [1][0] OK
C:[16/10/2014 13:17:35.17][172.16.4.254][1402] SELECT pre_cod_asig1,pre_cod_asig2,pre_cod_asig3,pre_cod_asig4,pre_cod_asig5,pre_cod_asig6,pre_cod_asig7 FROM tblaca009 WHERE pensum='5' AND c_uni_ca='6' AND c_asigna='300314' [1][0] OK
C:[16/10/2014 13:17:35.17][172.16.4.254][1415] SELECT c_asigna FROM dace004 WHERE exp_e='11-25083204' AND c_asigna='300106' AND status IN ('0','3','B') [1][0] OK
C:[16/10/2014 13:17:36.92][172.16.4.254][1446] SELECT par_cod_asig1,par_cod_asig2,par_cod_asig3 FROM tblaca009 WHERE pensum='5' AND c_uni_ca='6' AND c_asigna='340327' [1][0] OK
C:[16/10/2014 13:17:36.92][172.16.4.254][1446] SELECT par_cod_asig1,par_cod_asig2,par_cod_asig3 FROM tblaca009 WHERE pensum='5' AND c_uni_ca='6' AND c_asigna='300228' [1][0] OK
C:[16/10/2014 13:17:36.92][172.16.4.254][1446] SELECT par_cod_asig1,par_cod_asig2,par_cod_asig3 FROM tblaca009 WHERE pensum='5' AND c_uni_ca='6' AND c_asigna='300213' [1][0] OK
C:[16/10/2014 13:17:36.92][172.16.4.254][1460] SELECT c_asigna FROM dace004 WHERE exp_e='11-25083204' AND c_asigna='300209' AND status IN ('0','3','B','C') [0][0] OK
C:[16/10/2014 13:17:36.92][172.16.4.254][1446] SELECT par_cod_asig1,par_cod_asig2,par_cod_asig3 FROM tblaca009 WHERE pensum='5' AND c_uni_ca='6' AND c_asigna='300112' [1][0] OK
C:[16/10/2014 13:17:36.92][172.16.4.254][1446] SELECT par_cod_asig1,par_cod_asig2,par_cod_asig3 FROM tblaca009 WHERE pensum='5' AND c_uni_ca='6' AND c_asigna='300209' [1][0] OK
C:[16/10/2014 13:17:36.92][172.16.4.254][1446] SELECT par_cod_asig1,par_cod_asig2,par_cod_asig3 FROM tblaca009 WHERE pensum='5' AND c_uni_ca='6' AND c_asigna='300314' [1][0] OK
C:[16/10/2014 13:17:36.81][172.16.4.254][1576] SELECT horas_lab FROM tblaca008 WHERE c_asigna='340327' AND horas_teoricas > 0 [1][0] OK
C:[16/10/2014 13:17:36.93][172.16.4.254][1610] SELECT sum(u_creditos*1) FROM dace006 a, tblaca009 b WHERE a.exp_e='11-25083204' AND a.lapso='2014-U' AND b.pensum='5' AND b.c_uni_ca='6' AND status IN ('7','A','2') AND a.c_asigna=b.c_asigna  [1][0] OK
C:[16/10/2014 13:17:36.42][172.16.4.254][1629] SELECT sum(u_creditos*1) FROM dace006 a, tblaca009 b WHERE a.exp_e='11-25083204' AND a.lapso='2014-U' AND b.pensum='5' AND b.c_uni_ca='6' AND status IN ('7','A','2') AND a.c_asigna=b.c_asigna AND a.c_asigna IN ('300228','300213','300112','300209','300314') [1][0] OK
C:[16/10/2014 13:17:36.92][172.16.4.254][1645] SELECT MAX(semestre) FROM dace006 a, tblaca009 b WHERE a.exp_e='11-25083204' AND a.lapso='2014-U' AND b.pensum='5' AND b.c_uni_ca='6' AND status IN ('7','A','2') AND a.c_asigna=b.c_asigna  [1][0] OK
C:[16/10/2014 13:17:36.42][172.16.4.254][1665] SELECT MIN(semestre) FROM dace006 a, tblaca009 b WHERE a.exp_e='11-25083204' AND a.lapso='2014-U' AND b.pensum='5' AND b.c_uni_ca='6' AND status IN ('7','A','2') AND a.c_asigna=b.c_asigna AND a.c_asigna IN ('340327') [1][0] OK
C:[20/10/2014 11:17:54.25][172.16.4.246][1402] SELECT pre_cod_asig1,pre_cod_asig2,pre_cod_asig3,pre_cod_asig4,pre_cod_asig5,pre_cod_asig6,pre_cod_asig7 FROM tblaca009 WHERE pensum='5' AND c_uni_ca='6' AND c_asigna='300956' [1][0] OK
C:[20/10/2014 11:17:54.25][172.16.4.246][1415] SELECT c_asigna FROM dace004 WHERE exp_e='06-18666807' AND c_asigna='300422' AND status IN ('0','3','B') [1][0] OK
C:[20/10/2014 11:17:54.25][172.16.4.246][1415] SELECT c_asigna FROM dace004 WHERE exp_e='06-18666807' AND c_asigna='300105' AND status IN ('0','3','B') [1][0] OK
C:[20/10/2014 11:17:54.25][172.16.4.246][1415] SELECT c_asigna FROM dace004 WHERE exp_e='06-18666807' AND c_asigna='300314' AND status IN ('0','3','B') [1][0] OK
C:[20/10/2014 11:17:54.25][172.16.4.246][1402] SELECT pre_cod_asig1,pre_cod_asig2,pre_cod_asig3,pre_cod_asig4,pre_cod_asig5,pre_cod_asig6,pre_cod_asig7 FROM tblaca009 WHERE pensum='5' AND c_uni_ca='6' AND c_asigna='344812' [1][0] OK
C:[20/10/2014 11:17:54.25][172.16.4.246][1415] SELECT c_asigna FROM dace004 WHERE exp_e='06-18666807' AND c_asigna='344715' AND status IN ('0','3','B') [1][0] OK
C:[20/10/2014 11:17:54.25][172.16.4.246][1415] SELECT c_asigna FROM dace004 WHERE exp_e='06-18666807' AND c_asigna='344742' AND status IN ('0','3','B') [1][0] OK
C:[20/10/2014 11:17:54.25][172.16.4.246][1402] SELECT pre_cod_asig1,pre_cod_asig2,pre_cod_asig3,pre_cod_asig4,pre_cod_asig5,pre_cod_asig6,pre_cod_asig7 FROM tblaca009 WHERE pensum='5' AND c_uni_ca='6' AND c_asigna='344834' [1][0] OK
C:[20/10/2014 11:17:54.25][172.16.4.246][1415] SELECT c_asigna FROM dace004 WHERE exp_e='06-18666807' AND c_asigna='344715' AND status IN ('0','3','B') [1][0] OK
C:[20/10/2014 11:17:54.25][172.16.4.246][1415] SELECT c_asigna FROM dace004 WHERE exp_e='06-18666807' AND c_asigna='344716' AND status IN ('0','3','B') [1][0] OK
C:[20/10/2014 11:17:54.25][172.16.4.246][1402] SELECT pre_cod_asig1,pre_cod_asig2,pre_cod_asig3,pre_cod_asig4,pre_cod_asig5,pre_cod_asig6,pre_cod_asig7 FROM tblaca009 WHERE pensum='5' AND c_uni_ca='6' AND c_asigna='344843' [1][0] OK
C:[20/10/2014 11:17:54.25][172.16.4.246][1415] SELECT c_asigna FROM dace004 WHERE exp_e='06-18666807' AND c_asigna='344714' AND status IN ('0','3','B') [1][0] OK
C:[20/10/2014 11:17:54.25][172.16.4.246][1415] SELECT c_asigna FROM dace004 WHERE exp_e='06-18666807' AND c_asigna='344715' AND status IN ('0','3','B') [1][0] OK
C:[20/10/2014 11:17:54.25][172.16.4.246][1415] SELECT c_asigna FROM dace004 WHERE exp_e='06-18666807' AND c_asigna='300313' AND status IN ('0','3','B') [1][0] OK
C:[20/10/2014 11:17:54.25][172.16.4.246][1402] SELECT pre_cod_asig1,pre_cod_asig2,pre_cod_asig3,pre_cod_asig4,pre_cod_asig5,pre_cod_asig6,pre_cod_asig7 FROM tblaca009 WHERE pensum='5' AND c_uni_ca='6' AND c_asigna='344948' [1][0] OK
C:[20/10/2014 11:17:54.25][172.16.4.246][1402] SELECT pre_cod_asig1,pre_cod_asig2,pre_cod_asig3,pre_cod_asig4,pre_cod_asig5,pre_cod_asig6,pre_cod_asig7 FROM tblaca009 WHERE pensum='5' AND c_uni_ca='6' AND c_asigna='344953' [1][0] OK
C:[20/10/2014 11:17:54.25][172.16.4.246][1402] SELECT pre_cod_asig1,pre_cod_asig2,pre_cod_asig3,pre_cod_asig4,pre_cod_asig5,pre_cod_asig6,pre_cod_asig7 FROM tblaca009 WHERE pensum='5' AND c_uni_ca='6' AND c_asigna='344965' [1][0] OK
C:[20/10/2014 11:17:54.25][172.16.4.246][1415] SELECT c_asigna FROM dace004 WHERE exp_e='06-18666807' AND c_asigna='344714' AND status IN ('0','3','B') [1][0] OK
C:[20/10/2014 11:17:55.19][172.16.4.246][1446] SELECT par_cod_asig1,par_cod_asig2,par_cod_asig3 FROM tblaca009 WHERE pensum='5' AND c_uni_ca='6' AND c_asigna='300956' [1][0] OK
C:[20/10/2014 11:17:55.19][172.16.4.246][1446] SELECT par_cod_asig1,par_cod_asig2,par_cod_asig3 FROM tblaca009 WHERE pensum='5' AND c_uni_ca='6' AND c_asigna='344812' [1][0] OK
C:[20/10/2014 11:17:55.19][172.16.4.246][1446] SELECT par_cod_asig1,par_cod_asig2,par_cod_asig3 FROM tblaca009 WHERE pensum='5' AND c_uni_ca='6' AND c_asigna='344834' [1][0] OK
C:[20/10/2014 11:17:55.19][172.16.4.246][1446] SELECT par_cod_asig1,par_cod_asig2,par_cod_asig3 FROM tblaca009 WHERE pensum='5' AND c_uni_ca='6' AND c_asigna='344843' [1][0] OK
C:[20/10/2014 11:17:55.19][172.16.4.246][1446] SELECT par_cod_asig1,par_cod_asig2,par_cod_asig3 FROM tblaca009 WHERE pensum='5' AND c_uni_ca='6' AND c_asigna='344948' [1][0] OK
C:[20/10/2014 11:17:55.19][172.16.4.246][1446] SELECT par_cod_asig1,par_cod_asig2,par_cod_asig3 FROM tblaca009 WHERE pensum='5' AND c_uni_ca='6' AND c_asigna='344953' [1][0] OK
C:[20/10/2014 11:17:55.19][172.16.4.246][1446] SELECT par_cod_asig1,par_cod_asig2,par_cod_asig3 FROM tblaca009 WHERE pensum='5' AND c_uni_ca='6' AND c_asigna='344965' [1][0] OK
C:[20/10/2014 11:17:55.09][172.16.4.246][1576] SELECT horas_lab FROM tblaca008 WHERE c_asigna='300956' AND horas_teoricas > 0 [1][0] OK
C:[20/10/2014 11:17:55.20][172.16.4.246][1610] SELECT sum(u_creditos*1) FROM dace006 a, tblaca009 b WHERE a.exp_e='06-18666807' AND a.lapso='2014-U' AND b.pensum='5' AND b.c_uni_ca='6' AND status IN ('7','A','2') AND a.c_asigna=b.c_asigna  [1][0] OK
C:[20/10/2014 11:17:55.70][172.16.4.246][1629] SELECT sum(u_creditos*1) FROM dace006 a, tblaca009 b WHERE a.exp_e='06-18666807' AND a.lapso='2014-U' AND b.pensum='5' AND b.c_uni_ca='6' AND status IN ('7','A','2') AND a.c_asigna=b.c_asigna AND a.c_asigna IN ('344812','344834','344843','344948','344953','344965') [1][0] OK
C:[20/10/2014 11:17:55.19][172.16.4.246][1645] SELECT MAX(semestre) FROM dace006 a, tblaca009 b WHERE a.exp_e='06-18666807' AND a.lapso='2014-U' AND b.pensum='5' AND b.c_uni_ca='6' AND status IN ('7','A','2') AND a.c_asigna=b.c_asigna  [1][0] OK
C:[20/10/2014 11:17:55.13][172.16.4.246][1665] SELECT MIN(semestre) FROM dace006 a, tblaca009 b WHERE a.exp_e='06-18666807' AND a.lapso='2014-U' AND b.pensum='5' AND b.c_uni_ca='6' AND status IN ('7','A','2') AND a.c_asigna=b.c_asigna AND a.c_asigna IN ('300956') [1][0] OK
C:[20/10/2014 13:29:40.98][172.16.4.254][1402] SELECT pre_cod_asig1,pre_cod_asig2,pre_cod_asig3,pre_cod_asig4,pre_cod_asig5,pre_cod_asig6,pre_cod_asig7 FROM tblaca009 WHERE pensum='5' AND c_uni_ca='2' AND c_asigna='311561' [1][0] OK
C:[20/10/2014 13:29:40.98][172.16.4.254][1415] SELECT c_asigna FROM dace004 WHERE exp_e='11-22595113' AND c_asigna='300318' AND status IN ('0','3','B') [1][0] OK
C:[20/10/2014 13:29:40.98][172.16.4.254][1402] SELECT pre_cod_asig1,pre_cod_asig2,pre_cod_asig3,pre_cod_asig4,pre_cod_asig5,pre_cod_asig6,pre_cod_asig7 FROM tblaca009 WHERE pensum='5' AND c_uni_ca='2' AND c_asigna='300422' [1][0] OK
C:[20/10/2014 13:29:40.98][172.16.4.254][1415] SELECT c_asigna FROM dace004 WHERE exp_e='11-22595113' AND c_asigna='300105' AND status IN ('0','3','B') [1][0] OK
C:[20/10/2014 13:29:40.98][172.16.4.254][1415] SELECT c_asigna FROM dace004 WHERE exp_e='11-22595113' AND c_asigna='300314' AND status IN ('0','3','B') [1][0] OK
C:[20/10/2014 13:29:40.98][172.16.4.254][1402] SELECT pre_cod_asig1,pre_cod_asig2,pre_cod_asig3,pre_cod_asig4,pre_cod_asig5,pre_cod_asig6,pre_cod_asig7 FROM tblaca009 WHERE pensum='5' AND c_uni_ca='2' AND c_asigna='320437' [1][0] OK
C:[20/10/2014 13:29:40.98][172.16.4.254][1415] SELECT c_asigna FROM dace004 WHERE exp_e='11-22595113' AND c_asigna='300317' AND status IN ('0','3','B') [1][0] OK
C:[20/10/2014 13:29:40.98][172.16.4.254][1415] SELECT c_asigna FROM dace004 WHERE exp_e='11-22595113' AND c_asigna='300313' AND status IN ('0','3','B') [1][0] OK
C:[20/10/2014 13:29:40.98][172.16.4.254][1415] SELECT c_asigna FROM dace004 WHERE exp_e='11-22595113' AND c_asigna='300209' AND status IN ('0','3','B') [1][0] OK
C:[20/10/2014 13:29:40.98][172.16.4.254][1415] SELECT c_asigna FROM dace004 WHERE exp_e='11-22595113' AND c_asigna='300226' AND status IN ('0','3','B') [1][0] OK
C:[20/10/2014 13:29:40.98][172.16.4.254][1402] SELECT pre_cod_asig1,pre_cod_asig2,pre_cod_asig3,pre_cod_asig4,pre_cod_asig5,pre_cod_asig6,pre_cod_asig7 FROM tblaca009 WHERE pensum='5' AND c_uni_ca='2' AND c_asigna='322433' [1][0] OK
C:[20/10/2014 13:29:40.98][172.16.4.254][1415] SELECT c_asigna FROM dace004 WHERE exp_e='11-22595113' AND c_asigna='320323' AND status IN ('0','3','B') [1][0] OK
C:[20/10/2014 13:29:40.98][172.16.4.254][1415] SELECT c_asigna FROM dace004 WHERE exp_e='11-22595113' AND c_asigna='300209' AND status IN ('0','3','B') [1][0] OK
C:[20/10/2014 13:29:40.98][172.16.4.254][1402] SELECT pre_cod_asig1,pre_cod_asig2,pre_cod_asig3,pre_cod_asig4,pre_cod_asig5,pre_cod_asig6,pre_cod_asig7 FROM tblaca009 WHERE pensum='5' AND c_uni_ca='2' AND c_asigna='322449' [1][0] OK
C:[20/10/2014 13:29:40.98][172.16.4.254][1415] SELECT c_asigna FROM dace004 WHERE exp_e='11-22595113' AND c_asigna='300222' AND status IN ('0','3','B') [1][0] OK
C:[20/10/2014 13:29:40.98][172.16.4.254][1402] SELECT pre_cod_asig1,pre_cod_asig2,pre_cod_asig3,pre_cod_asig4,pre_cod_asig5,pre_cod_asig6,pre_cod_asig7 FROM tblaca009 WHERE pensum='5' AND c_uni_ca='2' AND c_asigna='322559' [1][0] OK
C:[20/10/2014 13:29:40.98][172.16.4.254][1415] SELECT c_asigna FROM dace004 WHERE exp_e='11-22595113' AND c_asigna='300428' AND status IN ('0','3','B') [1][0] OK
C:[20/10/2014 13:29:40.98][172.16.4.254][1415] SELECT c_asigna FROM dace004 WHERE exp_e='11-22595113' AND c_asigna='322436' AND status IN ('0','3','B') [1][0] OK
C:[20/10/2014 13:29:40.98][172.16.4.254][1402] SELECT pre_cod_asig1,pre_cod_asig2,pre_cod_asig3,pre_cod_asig4,pre_cod_asig5,pre_cod_asig6,pre_cod_asig7 FROM tblaca009 WHERE pensum='5' AND c_uni_ca='2' AND c_asigna='323528' [1][0] OK
C:[20/10/2014 13:29:40.98][172.16.4.254][1402] SELECT pre_cod_asig1,pre_cod_asig2,pre_cod_asig3,pre_cod_asig4,pre_cod_asig5,pre_cod_asig6,pre_cod_asig7 FROM tblaca009 WHERE pensum='5' AND c_uni_ca='2' AND c_asigna='322560' [1][0] OK
C:[20/10/2014 13:29:41.61][172.16.4.254][1446] SELECT par_cod_asig1,par_cod_asig2,par_cod_asig3 FROM tblaca009 WHERE pensum='5' AND c_uni_ca='2' AND c_asigna='311561' [1][0] OK
C:[20/10/2014 13:29:41.61][172.16.4.254][1446] SELECT par_cod_asig1,par_cod_asig2,par_cod_asig3 FROM tblaca009 WHERE pensum='5' AND c_uni_ca='2' AND c_asigna='300422' [1][0] OK
C:[20/10/2014 13:29:41.61][172.16.4.254][1446] SELECT par_cod_asig1,par_cod_asig2,par_cod_asig3 FROM tblaca009 WHERE pensum='5' AND c_uni_ca='2' AND c_asigna='320437' [1][0] OK
C:[20/10/2014 13:29:41.61][172.16.4.254][1446] SELECT par_cod_asig1,par_cod_asig2,par_cod_asig3 FROM tblaca009 WHERE pensum='5' AND c_uni_ca='2' AND c_asigna='322433' [1][0] OK
C:[20/10/2014 13:29:41.61][172.16.4.254][1446] SELECT par_cod_asig1,par_cod_asig2,par_cod_asig3 FROM tblaca009 WHERE pensum='5' AND c_uni_ca='2' AND c_asigna='322449' [1][0] OK
C:[20/10/2014 13:29:41.61][172.16.4.254][1446] SELECT par_cod_asig1,par_cod_asig2,par_cod_asig3 FROM tblaca009 WHERE pensum='5' AND c_uni_ca='2' AND c_asigna='322559' [1][0] OK
C:[20/10/2014 13:29:41.61][172.16.4.254][1446] SELECT par_cod_asig1,par_cod_asig2,par_cod_asig3 FROM tblaca009 WHERE pensum='5' AND c_uni_ca='2' AND c_asigna='323528' [1][0] OK
C:[20/10/2014 13:29:41.61][172.16.4.254][1446] SELECT par_cod_asig1,par_cod_asig2,par_cod_asig3 FROM tblaca009 WHERE pensum='5' AND c_uni_ca='2' AND c_asigna='322560' [1][0] OK
C:[20/10/2014 13:29:41.61][172.16.4.254][1460] SELECT c_asigna FROM dace004 WHERE exp_e='11-22595113' AND c_asigna='323528' AND status IN ('0','3','B','C') [0][0] OK
C:[20/10/2014 13:29:41.75][172.16.4.254][1576] SELECT horas_lab FROM tblaca008 WHERE c_asigna='311561' AND horas_teoricas > 0 [1][0] OK
C:[20/10/2014 13:29:41.98][172.16.4.254][1610] SELECT sum(u_creditos*1) FROM dace006 a, tblaca009 b WHERE a.exp_e='11-22595113' AND a.lapso='2014-U' AND b.pensum='5' AND b.c_uni_ca='2' AND status IN ('7','A','2') AND a.c_asigna=b.c_asigna  [1][0] OK
C:[20/10/2014 13:29:41.04][172.16.4.254][1629] SELECT sum(u_creditos*1) FROM dace006 a, tblaca009 b WHERE a.exp_e='11-22595113' AND a.lapso='2014-U' AND b.pensum='5' AND b.c_uni_ca='2' AND status IN ('7','A','2') AND a.c_asigna=b.c_asigna AND a.c_asigna IN ('300422','320437','322433','322449','322559','323528','322560') [1][0] OK
C:[20/10/2014 13:29:41.10][172.16.4.254][1645] SELECT MAX(semestre) FROM dace006 a, tblaca009 b WHERE a.exp_e='11-22595113' AND a.lapso='2014-U' AND b.pensum='5' AND b.c_uni_ca='2' AND status IN ('7','A','2') AND a.c_asigna=b.c_asigna  [1][0] OK
C:[20/10/2014 13:29:42.61][172.16.4.254][1665] SELECT MIN(semestre) FROM dace006 a, tblaca009 b WHERE a.exp_e='11-22595113' AND a.lapso='2014-U' AND b.pensum='5' AND b.c_uni_ca='2' AND status IN ('7','A','2') AND a.c_asigna=b.c_asigna AND a.c_asigna IN ('311561') [1][0] OK
C:[22/10/2014 11:27:06.22][172.16.4.254][1402] SELECT pre_cod_asig1,pre_cod_asig2,pre_cod_asig3,pre_cod_asig4,pre_cod_asig5,pre_cod_asig6,pre_cod_asig7 FROM tblaca009 WHERE pensum='5' AND c_uni_ca='6' AND c_asigna='300676' [1][0] OK
C:[22/10/2014 11:27:06.22][172.16.4.254][1402] SELECT pre_cod_asig1,pre_cod_asig2,pre_cod_asig3,pre_cod_asig4,pre_cod_asig5,pre_cod_asig6,pre_cod_asig7 FROM tblaca009 WHERE pensum='5' AND c_uni_ca='6' AND c_asigna='344715' [1][0] OK
C:[22/10/2014 11:27:06.22][172.16.4.254][1415] SELECT c_asigna FROM dace004 WHERE exp_e='09-22831015' AND c_asigna='344688' AND status IN ('0','3','B') [1][0] OK
C:[22/10/2014 11:27:06.22][172.16.4.254][1415] SELECT c_asigna FROM dace004 WHERE exp_e='09-22831015' AND c_asigna='344613' AND status IN ('0','3','B') [1][0] OK
C:[22/10/2014 11:27:06.22][172.16.4.254][1402] SELECT pre_cod_asig1,pre_cod_asig2,pre_cod_asig3,pre_cod_asig4,pre_cod_asig5,pre_cod_asig6,pre_cod_asig7 FROM tblaca009 WHERE pensum='5' AND c_uni_ca='6' AND c_asigna='344716' [1][0] OK
C:[22/10/2014 11:27:06.22][172.16.4.254][1415] SELECT c_asigna FROM dace004 WHERE exp_e='09-22831015' AND c_asigna='344688' AND status IN ('0','3','B') [1][0] OK
C:[22/10/2014 11:27:06.22][172.16.4.254][1415] SELECT c_asigna FROM dace004 WHERE exp_e='09-22831015' AND c_asigna='342559' AND status IN ('0','3','B') [1][0] OK
C:[22/10/2014 11:27:06.22][172.16.4.254][1402] SELECT pre_cod_asig1,pre_cod_asig2,pre_cod_asig3,pre_cod_asig4,pre_cod_asig5,pre_cod_asig6,pre_cod_asig7 FROM tblaca009 WHERE pensum='5' AND c_uni_ca='6' AND c_asigna='344732' [1][0] OK
C:[22/10/2014 11:27:06.22][172.16.4.254][1415] SELECT c_asigna FROM dace004 WHERE exp_e='09-22831015' AND c_asigna='344687' AND status IN ('0','3','B') [1][0] OK
C:[22/10/2014 11:27:06.22][172.16.4.254][1402] SELECT pre_cod_asig1,pre_cod_asig2,pre_cod_asig3,pre_cod_asig4,pre_cod_asig5,pre_cod_asig6,pre_cod_asig7 FROM tblaca009 WHERE pensum='5' AND c_uni_ca='6' AND c_asigna='344733' [1][0] OK
C:[22/10/2014 11:27:06.22][172.16.4.254][1402] SELECT pre_cod_asig1,pre_cod_asig2,pre_cod_asig3,pre_cod_asig4,pre_cod_asig5,pre_cod_asig6,pre_cod_asig7 FROM tblaca009 WHERE pensum='5' AND c_uni_ca='6' AND c_asigna='344742' [1][0] OK
C:[22/10/2014 11:27:06.22][172.16.4.254][1415] SELECT c_asigna FROM dace004 WHERE exp_e='09-22831015' AND c_asigna='344688' AND status IN ('0','3','B') [1][0] OK
C:[22/10/2014 11:27:06.22][172.16.4.254][1415] SELECT c_asigna FROM dace004 WHERE exp_e='09-22831015' AND c_asigna='342679' AND status IN ('0','3','B') [1][0] OK
C:[22/10/2014 11:27:06.22][172.16.4.254][1402] SELECT pre_cod_asig1,pre_cod_asig2,pre_cod_asig3,pre_cod_asig4,pre_cod_asig5,pre_cod_asig6,pre_cod_asig7 FROM tblaca009 WHERE pensum='5' AND c_uni_ca='6' AND c_asigna='344951' [1][0] OK
C:[22/10/2014 11:27:06.22][172.16.4.254][1415] SELECT c_asigna FROM dace004 WHERE exp_e='09-22831015' AND c_asigna='344689' AND status IN ('0','3','B') [1][0] OK
C:[22/10/2014 11:27:06.22][172.16.4.254][1415] SELECT c_asigna FROM dace004 WHERE exp_e='09-22831015' AND c_asigna='344687' AND status IN ('0','3','B') [1][0] OK
C:[22/10/2014 11:27:07.90][172.16.4.254][1446] SELECT par_cod_asig1,par_cod_asig2,par_cod_asig3 FROM tblaca009 WHERE pensum='5' AND c_uni_ca='6' AND c_asigna='300676' [1][0] OK
C:[22/10/2014 11:27:07.90][172.16.4.254][1446] SELECT par_cod_asig1,par_cod_asig2,par_cod_asig3 FROM tblaca009 WHERE pensum='5' AND c_uni_ca='6' AND c_asigna='344715' [1][0] OK
C:[22/10/2014 11:27:07.90][172.16.4.254][1446] SELECT par_cod_asig1,par_cod_asig2,par_cod_asig3 FROM tblaca009 WHERE pensum='5' AND c_uni_ca='6' AND c_asigna='344716' [1][0] OK
C:[22/10/2014 11:27:07.90][172.16.4.254][1446] SELECT par_cod_asig1,par_cod_asig2,par_cod_asig3 FROM tblaca009 WHERE pensum='5' AND c_uni_ca='6' AND c_asigna='344732' [1][0] OK
C:[22/10/2014 11:27:07.90][172.16.4.254][1446] SELECT par_cod_asig1,par_cod_asig2,par_cod_asig3 FROM tblaca009 WHERE pensum='5' AND c_uni_ca='6' AND c_asigna='344733' [1][0] OK
C:[22/10/2014 11:27:07.90][172.16.4.254][1446] SELECT par_cod_asig1,par_cod_asig2,par_cod_asig3 FROM tblaca009 WHERE pensum='5' AND c_uni_ca='6' AND c_asigna='344742' [1][0] OK
C:[22/10/2014 11:27:07.90][172.16.4.254][1446] SELECT par_cod_asig1,par_cod_asig2,par_cod_asig3 FROM tblaca009 WHERE pensum='5' AND c_uni_ca='6' AND c_asigna='344951' [1][0] OK
C:[22/10/2014 11:27:07.79][172.16.4.254][1576] SELECT horas_lab FROM tblaca008 WHERE c_asigna='300676' AND horas_teoricas > 0 [1][0] OK
C:[22/10/2014 11:27:07.90][172.16.4.254][1610] SELECT sum(u_creditos*1) FROM dace006 a, tblaca009 b WHERE a.exp_e='09-22831015' AND a.lapso='2014-U' AND b.pensum='5' AND b.c_uni_ca='6' AND status IN ('7','A','2') AND a.c_asigna=b.c_asigna  [1][0] OK
C:[22/10/2014 11:27:07.84][172.16.4.254][1629] SELECT sum(u_creditos*1) FROM dace006 a, tblaca009 b WHERE a.exp_e='09-22831015' AND a.lapso='2014-U' AND b.pensum='5' AND b.c_uni_ca='6' AND status IN ('7','A','2') AND a.c_asigna=b.c_asigna AND a.c_asigna IN ('344715','344716','344732','344733','344742','344951') [1][0] OK
C:[22/10/2014 11:27:07.34][172.16.4.254][1645] SELECT MAX(semestre) FROM dace006 a, tblaca009 b WHERE a.exp_e='09-22831015' AND a.lapso='2014-U' AND b.pensum='5' AND b.c_uni_ca='6' AND status IN ('7','A','2') AND a.c_asigna=b.c_asigna  [1][0] OK
C:[22/10/2014 11:27:07.28][172.16.4.254][1665] SELECT MIN(semestre) FROM dace006 a, tblaca009 b WHERE a.exp_e='09-22831015' AND a.lapso='2014-U' AND b.pensum='5' AND b.c_uni_ca='6' AND status IN ('7','A','2') AND a.c_asigna=b.c_asigna AND a.c_asigna IN ('300676') [1][0] OK
C:[22/10/2014 12:01:48.43][172.16.4.254][1402] SELECT pre_cod_asig1,pre_cod_asig2,pre_cod_asig3,pre_cod_asig4,pre_cod_asig5,pre_cod_asig6,pre_cod_asig7 FROM tblaca009 WHERE pensum='5' AND c_uni_ca='2' AND c_asigna='300313' [1][0] OK
C:[22/10/2014 12:01:48.43][172.16.4.254][1415] SELECT c_asigna FROM dace004 WHERE exp_e='11-24412340' AND c_asigna='300213' AND status IN ('0','3','B') [1][0] OK
C:[22/10/2014 12:01:48.43][172.16.4.254][1415] SELECT c_asigna FROM dace004 WHERE exp_e='11-24412340' AND c_asigna='300226' AND status IN ('0','3','B') [1][0] OK
C:[22/10/2014 12:01:48.43][172.16.4.254][1415] SELECT c_asigna FROM dace004 WHERE exp_e='11-24412340' AND c_asigna='300209' AND status IN ('0','3','B') [1][0] OK
C:[22/10/2014 12:01:48.43][172.16.4.254][1402] SELECT pre_cod_asig1,pre_cod_asig2,pre_cod_asig3,pre_cod_asig4,pre_cod_asig5,pre_cod_asig6,pre_cod_asig7 FROM tblaca009 WHERE pensum='5' AND c_uni_ca='2' AND c_asigna='322449' [1][0] OK
C:[22/10/2014 12:01:48.43][172.16.4.254][1415] SELECT c_asigna FROM dace004 WHERE exp_e='11-24412340' AND c_asigna='300222' AND status IN ('0','3','B') [1][0] OK
C:[22/10/2014 12:01:48.43][172.16.4.254][1402] SELECT pre_cod_asig1,pre_cod_asig2,pre_cod_asig3,pre_cod_asig4,pre_cod_asig5,pre_cod_asig6,pre_cod_asig7 FROM tblaca009 WHERE pensum='5' AND c_uni_ca='2' AND c_asigna='320323' [1][0] OK
C:[22/10/2014 12:01:48.43][172.16.4.254][1415] SELECT c_asigna FROM dace004 WHERE exp_e='11-24412340' AND c_asigna='300228' AND status IN ('0','3','B') [1][0] OK
C:[22/10/2014 12:01:48.43][172.16.4.254][1415] SELECT c_asigna FROM dace004 WHERE exp_e='11-24412340' AND c_asigna='300218' AND status IN ('0','3','B') [1][0] OK
C:[22/10/2014 12:01:48.43][172.16.4.254][1402] SELECT pre_cod_asig1,pre_cod_asig2,pre_cod_asig3,pre_cod_asig4,pre_cod_asig5,pre_cod_asig6,pre_cod_asig7 FROM tblaca009 WHERE pensum='5' AND c_uni_ca='2' AND c_asigna='300428' [1][0] OK
C:[22/10/2014 12:01:48.43][172.16.4.254][1415] SELECT c_asigna FROM dace004 WHERE exp_e='11-24412340' AND c_asigna='300317' AND status IN ('0','3','B') [1][0] OK
C:[22/10/2014 12:01:48.43][172.16.4.254][1415] SELECT c_asigna FROM dace004 WHERE exp_e='11-24412340' AND c_asigna='300209' AND status IN ('0','3','B') [1][0] OK
C:[22/10/2014 12:01:48.62][172.16.4.254][1446] SELECT par_cod_asig1,par_cod_asig2,par_cod_asig3 FROM tblaca009 WHERE pensum='5' AND c_uni_ca='2' AND c_asigna='300313' [1][0] OK
C:[22/10/2014 12:01:48.62][172.16.4.254][1446] SELECT par_cod_asig1,par_cod_asig2,par_cod_asig3 FROM tblaca009 WHERE pensum='5' AND c_uni_ca='2' AND c_asigna='322449' [1][0] OK
C:[22/10/2014 12:01:48.62][172.16.4.254][1446] SELECT par_cod_asig1,par_cod_asig2,par_cod_asig3 FROM tblaca009 WHERE pensum='5' AND c_uni_ca='2' AND c_asigna='320323' [1][0] OK
C:[22/10/2014 12:01:48.62][172.16.4.254][1446] SELECT par_cod_asig1,par_cod_asig2,par_cod_asig3 FROM tblaca009 WHERE pensum='5' AND c_uni_ca='2' AND c_asigna='300428' [1][0] OK
C:[22/10/2014 12:01:48.13][172.16.4.254][1576] SELECT horas_lab FROM tblaca008 WHERE c_asigna='300313' AND horas_teoricas > 0 [1][0] OK
C:[22/10/2014 12:01:48.24][172.16.4.254][1610] SELECT sum(u_creditos*1) FROM dace006 a, tblaca009 b WHERE a.exp_e='11-24412340' AND a.lapso='2014-U' AND b.pensum='5' AND b.c_uni_ca='2' AND status IN ('7','A','2') AND a.c_asigna=b.c_asigna  [1][0] OK
C:[22/10/2014 12:01:48.87][172.16.4.254][1629] SELECT sum(u_creditos*1) FROM dace006 a, tblaca009 b WHERE a.exp_e='11-24412340' AND a.lapso='2014-U' AND b.pensum='5' AND b.c_uni_ca='2' AND status IN ('7','A','2') AND a.c_asigna=b.c_asigna AND a.c_asigna IN ('322449','320323','300428') [1][0] OK
C:[22/10/2014 12:01:49.81][172.16.4.254][1645] SELECT MAX(semestre) FROM dace006 a, tblaca009 b WHERE a.exp_e='11-24412340' AND a.lapso='2014-U' AND b.pensum='5' AND b.c_uni_ca='2' AND status IN ('7','A','2') AND a.c_asigna=b.c_asigna  [1][0] OK
C:[22/10/2014 12:01:49.57][172.16.4.254][1665] SELECT MIN(semestre) FROM dace006 a, tblaca009 b WHERE a.exp_e='11-24412340' AND a.lapso='2014-U' AND b.pensum='5' AND b.c_uni_ca='2' AND status IN ('7','A','2') AND a.c_asigna=b.c_asigna AND a.c_asigna IN ('300313') [1][0] OK
C:[22/10/2014 12:03:00.39][172.16.4.254][1402] SELECT pre_cod_asig1,pre_cod_asig2,pre_cod_asig3,pre_cod_asig4,pre_cod_asig5,pre_cod_asig6,pre_cod_asig7 FROM tblaca009 WHERE pensum='5' AND c_uni_ca='2' AND c_asigna='300313' [1][0] OK
C:[22/10/2014 12:03:00.39][172.16.4.254][1415] SELECT c_asigna FROM dace004 WHERE exp_e='11-24412340' AND c_asigna='300213' AND status IN ('0','3','B') [1][0] OK
C:[22/10/2014 12:03:00.39][172.16.4.254][1415] SELECT c_asigna FROM dace004 WHERE exp_e='11-24412340' AND c_asigna='300226' AND status IN ('0','3','B') [1][0] OK
C:[22/10/2014 12:03:00.39][172.16.4.254][1415] SELECT c_asigna FROM dace004 WHERE exp_e='11-24412340' AND c_asigna='300209' AND status IN ('0','3','B') [1][0] OK
C:[22/10/2014 12:03:00.39][172.16.4.254][1402] SELECT pre_cod_asig1,pre_cod_asig2,pre_cod_asig3,pre_cod_asig4,pre_cod_asig5,pre_cod_asig6,pre_cod_asig7 FROM tblaca009 WHERE pensum='5' AND c_uni_ca='2' AND c_asigna='322449' [1][0] OK
C:[22/10/2014 12:03:00.39][172.16.4.254][1415] SELECT c_asigna FROM dace004 WHERE exp_e='11-24412340' AND c_asigna='300222' AND status IN ('0','3','B') [1][0] OK
C:[22/10/2014 12:03:00.39][172.16.4.254][1402] SELECT pre_cod_asig1,pre_cod_asig2,pre_cod_asig3,pre_cod_asig4,pre_cod_asig5,pre_cod_asig6,pre_cod_asig7 FROM tblaca009 WHERE pensum='5' AND c_uni_ca='2' AND c_asigna='320323' [1][0] OK
C:[22/10/2014 12:03:00.39][172.16.4.254][1415] SELECT c_asigna FROM dace004 WHERE exp_e='11-24412340' AND c_asigna='300228' AND status IN ('0','3','B') [1][0] OK
C:[22/10/2014 12:03:00.39][172.16.4.254][1415] SELECT c_asigna FROM dace004 WHERE exp_e='11-24412340' AND c_asigna='300218' AND status IN ('0','3','B') [1][0] OK
C:[22/10/2014 12:03:00.39][172.16.4.254][1402] SELECT pre_cod_asig1,pre_cod_asig2,pre_cod_asig3,pre_cod_asig4,pre_cod_asig5,pre_cod_asig6,pre_cod_asig7 FROM tblaca009 WHERE pensum='5' AND c_uni_ca='2' AND c_asigna='300428' [1][0] OK
C:[22/10/2014 12:03:00.39][172.16.4.254][1415] SELECT c_asigna FROM dace004 WHERE exp_e='11-24412340' AND c_asigna='300317' AND status IN ('0','3','B') [1][0] OK
C:[22/10/2014 12:03:00.39][172.16.4.254][1415] SELECT c_asigna FROM dace004 WHERE exp_e='11-24412340' AND c_asigna='300209' AND status IN ('0','3','B') [1][0] OK
C:[22/10/2014 12:03:00.01][172.16.4.254][1446] SELECT par_cod_asig1,par_cod_asig2,par_cod_asig3 FROM tblaca009 WHERE pensum='5' AND c_uni_ca='2' AND c_asigna='300313' [1][0] OK
C:[22/10/2014 12:03:00.01][172.16.4.254][1446] SELECT par_cod_asig1,par_cod_asig2,par_cod_asig3 FROM tblaca009 WHERE pensum='5' AND c_uni_ca='2' AND c_asigna='322449' [1][0] OK
C:[22/10/2014 12:03:00.01][172.16.4.254][1446] SELECT par_cod_asig1,par_cod_asig2,par_cod_asig3 FROM tblaca009 WHERE pensum='5' AND c_uni_ca='2' AND c_asigna='320323' [1][0] OK
C:[22/10/2014 12:03:00.01][172.16.4.254][1446] SELECT par_cod_asig1,par_cod_asig2,par_cod_asig3 FROM tblaca009 WHERE pensum='5' AND c_uni_ca='2' AND c_asigna='300428' [1][0] OK
C:[22/10/2014 12:03:01.52][172.16.4.254][1576] SELECT horas_lab FROM tblaca008 WHERE c_asigna='300313' AND horas_teoricas > 0 [1][0] OK
C:[22/10/2014 12:03:01.63][172.16.4.254][1610] SELECT sum(u_creditos*1) FROM dace006 a, tblaca009 b WHERE a.exp_e='11-24412340' AND a.lapso='2014-U' AND b.pensum='5' AND b.c_uni_ca='2' AND status IN ('7','A','2') AND a.c_asigna=b.c_asigna  [1][0] OK
C:[22/10/2014 12:03:01.95][172.16.4.254][1629] SELECT sum(u_creditos*1) FROM dace006 a, tblaca009 b WHERE a.exp_e='11-24412340' AND a.lapso='2014-U' AND b.pensum='5' AND b.c_uni_ca='2' AND status IN ('7','A','2') AND a.c_asigna=b.c_asigna AND a.c_asigna IN ('322449','320323','300428') [1][0] OK
C:[22/10/2014 12:03:01.45][172.16.4.254][1645] SELECT MAX(semestre) FROM dace006 a, tblaca009 b WHERE a.exp_e='11-24412340' AND a.lapso='2014-U' AND b.pensum='5' AND b.c_uni_ca='2' AND status IN ('7','A','2') AND a.c_asigna=b.c_asigna  [1][0] OK
C:[22/10/2014 12:03:01.07][172.16.4.254][1665] SELECT MIN(semestre) FROM dace006 a, tblaca009 b WHERE a.exp_e='11-24412340' AND a.lapso='2014-U' AND b.pensum='5' AND b.c_uni_ca='2' AND status IN ('7','A','2') AND a.c_asigna=b.c_asigna AND a.c_asigna IN ('300313') [1][0] OK
C:[22/10/2014 12:06:59.31][172.16.4.254][1402] SELECT pre_cod_asig1,pre_cod_asig2,pre_cod_asig3,pre_cod_asig4,pre_cod_asig5,pre_cod_asig6,pre_cod_asig7 FROM tblaca009 WHERE pensum='5' AND c_uni_ca='2' AND c_asigna='300313' [1][0] OK
C:[22/10/2014 12:06:59.31][172.16.4.254][1415] SELECT c_asigna FROM dace004 WHERE exp_e='11-24412340' AND c_asigna='300213' AND status IN ('0','3','B') [1][0] OK
C:[22/10/2014 12:06:59.31][172.16.4.254][1415] SELECT c_asigna FROM dace004 WHERE exp_e='11-24412340' AND c_asigna='300226' AND status IN ('0','3','B') [1][0] OK
C:[22/10/2014 12:06:59.31][172.16.4.254][1415] SELECT c_asigna FROM dace004 WHERE exp_e='11-24412340' AND c_asigna='300209' AND status IN ('0','3','B') [1][0] OK
C:[22/10/2014 12:06:59.31][172.16.4.254][1402] SELECT pre_cod_asig1,pre_cod_asig2,pre_cod_asig3,pre_cod_asig4,pre_cod_asig5,pre_cod_asig6,pre_cod_asig7 FROM tblaca009 WHERE pensum='5' AND c_uni_ca='2' AND c_asigna='322449' [1][0] OK
C:[22/10/2014 12:06:59.31][172.16.4.254][1415] SELECT c_asigna FROM dace004 WHERE exp_e='11-24412340' AND c_asigna='300222' AND status IN ('0','3','B') [1][0] OK
C:[22/10/2014 12:06:59.31][172.16.4.254][1402] SELECT pre_cod_asig1,pre_cod_asig2,pre_cod_asig3,pre_cod_asig4,pre_cod_asig5,pre_cod_asig6,pre_cod_asig7 FROM tblaca009 WHERE pensum='5' AND c_uni_ca='2' AND c_asigna='320323' [1][0] OK
C:[22/10/2014 12:06:59.31][172.16.4.254][1415] SELECT c_asigna FROM dace004 WHERE exp_e='11-24412340' AND c_asigna='300228' AND status IN ('0','3','B') [1][0] OK
C:[22/10/2014 12:06:59.31][172.16.4.254][1415] SELECT c_asigna FROM dace004 WHERE exp_e='11-24412340' AND c_asigna='300218' AND status IN ('0','3','B') [1][0] OK
C:[22/10/2014 12:06:59.31][172.16.4.254][1402] SELECT pre_cod_asig1,pre_cod_asig2,pre_cod_asig3,pre_cod_asig4,pre_cod_asig5,pre_cod_asig6,pre_cod_asig7 FROM tblaca009 WHERE pensum='5' AND c_uni_ca='2' AND c_asigna='300428' [1][0] OK
C:[22/10/2014 12:06:59.31][172.16.4.254][1415] SELECT c_asigna FROM dace004 WHERE exp_e='11-24412340' AND c_asigna='300317' AND status IN ('0','3','B') [1][0] OK
C:[22/10/2014 12:06:59.31][172.16.4.254][1415] SELECT c_asigna FROM dace004 WHERE exp_e='11-24412340' AND c_asigna='300209' AND status IN ('0','3','B') [1][0] OK
C:[22/10/2014 12:07:00.91][172.16.4.254][1446] SELECT par_cod_asig1,par_cod_asig2,par_cod_asig3 FROM tblaca009 WHERE pensum='5' AND c_uni_ca='2' AND c_asigna='300313' [1][0] OK
C:[22/10/2014 12:07:00.91][172.16.4.254][1446] SELECT par_cod_asig1,par_cod_asig2,par_cod_asig3 FROM tblaca009 WHERE pensum='5' AND c_uni_ca='2' AND c_asigna='322449' [1][0] OK
C:[22/10/2014 12:07:00.91][172.16.4.254][1446] SELECT par_cod_asig1,par_cod_asig2,par_cod_asig3 FROM tblaca009 WHERE pensum='5' AND c_uni_ca='2' AND c_asigna='320323' [1][0] OK
C:[22/10/2014 12:07:00.91][172.16.4.254][1446] SELECT par_cod_asig1,par_cod_asig2,par_cod_asig3 FROM tblaca009 WHERE pensum='5' AND c_uni_ca='2' AND c_asigna='300428' [1][0] OK
C:[22/10/2014 12:07:00.43][172.16.4.254][1576] SELECT horas_lab FROM tblaca008 WHERE c_asigna='300313' AND horas_teoricas > 0 [1][0] OK
C:[22/10/2014 12:07:00.54][172.16.4.254][1610] SELECT sum(u_creditos*1) FROM dace006 a, tblaca009 b WHERE a.exp_e='11-24412340' AND a.lapso='2014-U' AND b.pensum='5' AND b.c_uni_ca='2' AND status IN ('7','A','2') AND a.c_asigna=b.c_asigna  [1][0] OK
C:[22/10/2014 12:07:00.04][172.16.4.254][1629] SELECT sum(u_creditos*1) FROM dace006 a, tblaca009 b WHERE a.exp_e='11-24412340' AND a.lapso='2014-U' AND b.pensum='5' AND b.c_uni_ca='2' AND status IN ('7','A','2') AND a.c_asigna=b.c_asigna AND a.c_asigna IN ('322449','320323','300428') [1][0] OK
C:[22/10/2014 12:07:00.98][172.16.4.254][1645] SELECT MAX(semestre) FROM dace006 a, tblaca009 b WHERE a.exp_e='11-24412340' AND a.lapso='2014-U' AND b.pensum='5' AND b.c_uni_ca='2' AND status IN ('7','A','2') AND a.c_asigna=b.c_asigna  [1][0] OK
C:[22/10/2014 12:07:00.92][172.16.4.254][1665] SELECT MIN(semestre) FROM dace006 a, tblaca009 b WHERE a.exp_e='11-24412340' AND a.lapso='2014-U' AND b.pensum='5' AND b.c_uni_ca='2' AND status IN ('7','A','2') AND a.c_asigna=b.c_asigna AND a.c_asigna IN ('300313') [1][0] OK
C:[23/10/2014 15:14:43.61][172.17.113.112][1402] SELECT pre_cod_asig1,pre_cod_asig2,pre_cod_asig3,pre_cod_asig4,pre_cod_asig5,pre_cod_asig6,pre_cod_asig7 FROM tblaca009 WHERE pensum='5' AND c_uni_ca='5' AND c_asigna='355723' [1][0] OK
C:[23/10/2014 15:14:43.61][172.17.113.112][1415] SELECT c_asigna FROM dace004 WHERE exp_e='10-19910041' AND c_asigna='355694' AND status IN ('0','3','B') [1][0] OK
C:[23/10/2014 15:14:43.61][172.17.113.112][1402] SELECT pre_cod_asig1,pre_cod_asig2,pre_cod_asig3,pre_cod_asig4,pre_cod_asig5,pre_cod_asig6,pre_cod_asig7 FROM tblaca009 WHERE pensum='5' AND c_uni_ca='5' AND c_asigna='355720' [1][0] OK
C:[23/10/2014 15:14:43.61][172.17.113.112][1415] SELECT c_asigna FROM dace004 WHERE exp_e='10-19910041' AND c_asigna='355692' AND status IN ('0','3','B') [1][0] OK
C:[23/10/2014 15:14:43.61][172.17.113.112][1415] SELECT c_asigna FROM dace004 WHERE exp_e='10-19910041' AND c_asigna='355696' AND status IN ('0','3','B') [1][0] OK
C:[23/10/2014 15:14:43.61][172.17.113.112][1402] SELECT pre_cod_asig1,pre_cod_asig2,pre_cod_asig3,pre_cod_asig4,pre_cod_asig5,pre_cod_asig6,pre_cod_asig7 FROM tblaca009 WHERE pensum='5' AND c_uni_ca='5' AND c_asigna='355721' [1][0] OK
C:[23/10/2014 15:14:43.61][172.17.113.112][1415] SELECT c_asigna FROM dace004 WHERE exp_e='10-19910041' AND c_asigna='355693' AND status IN ('0','3','B') [1][0] OK
C:[23/10/2014 15:14:43.61][172.17.113.112][1415] SELECT c_asigna FROM dace004 WHERE exp_e='10-19910041' AND c_asigna='355696' AND status IN ('0','3','B') [1][0] OK
C:[23/10/2014 15:14:43.61][172.17.113.112][1402] SELECT pre_cod_asig1,pre_cod_asig2,pre_cod_asig3,pre_cod_asig4,pre_cod_asig5,pre_cod_asig6,pre_cod_asig7 FROM tblaca009 WHERE pensum='5' AND c_uni_ca='5' AND c_asigna='355722' [1][0] OK
C:[23/10/2014 15:14:43.61][172.17.113.112][1415] SELECT c_asigna FROM dace004 WHERE exp_e='10-19910041' AND c_asigna='355691' AND status IN ('0','3','B') [1][0] OK
C:[23/10/2014 15:14:43.61][172.17.113.112][1415] SELECT c_asigna FROM dace004 WHERE exp_e='10-19910041' AND c_asigna='355595' AND status IN ('0','3','B') [1][0] OK
C:[23/10/2014 15:14:43.61][172.17.113.112][1402] SELECT pre_cod_asig1,pre_cod_asig2,pre_cod_asig3,pre_cod_asig4,pre_cod_asig5,pre_cod_asig6,pre_cod_asig7 FROM tblaca009 WHERE pensum='5' AND c_uni_ca='5' AND c_asigna='355724' [1][0] OK
C:[23/10/2014 15:14:43.61][172.17.113.112][1415] SELECT c_asigna FROM dace004 WHERE exp_e='10-19910041' AND c_asigna='355692' AND status IN ('0','3','B') [1][0] OK
C:[23/10/2014 15:14:43.61][172.17.113.112][1402] SELECT pre_cod_asig1,pre_cod_asig2,pre_cod_asig3,pre_cod_asig4,pre_cod_asig5,pre_cod_asig6,pre_cod_asig7 FROM tblaca009 WHERE pensum='5' AND c_uni_ca='5' AND c_asigna='355725' [1][0] OK
C:[23/10/2014 15:14:43.61][172.17.113.112][1415] SELECT c_asigna FROM dace004 WHERE exp_e='10-19910041' AND c_asigna='355693' AND status IN ('0','3','B') [1][0] OK
C:[23/10/2014 15:14:43.61][172.17.113.112][1415] SELECT c_asigna FROM dace004 WHERE exp_e='10-19910041' AND c_asigna='355692' AND status IN ('0','3','B') [1][0] OK
C:[23/10/2014 15:14:43.61][172.17.113.112][1402] SELECT pre_cod_asig1,pre_cod_asig2,pre_cod_asig3,pre_cod_asig4,pre_cod_asig5,pre_cod_asig6,pre_cod_asig7 FROM tblaca009 WHERE pensum='5' AND c_uni_ca='5' AND c_asigna='355835' [1][0] OK
C:[23/10/2014 15:14:43.61][172.17.113.112][1415] SELECT c_asigna FROM dace004 WHERE exp_e='10-19910041' AND c_asigna='355691' AND status IN ('0','3','B') [1][0] OK
C:[23/10/2014 15:14:43.11][172.17.113.112][1446] SELECT par_cod_asig1,par_cod_asig2,par_cod_asig3 FROM tblaca009 WHERE pensum='5' AND c_uni_ca='5' AND c_asigna='355723' [1][0] OK
C:[23/10/2014 15:14:43.11][172.17.113.112][1446] SELECT par_cod_asig1,par_cod_asig2,par_cod_asig3 FROM tblaca009 WHERE pensum='5' AND c_uni_ca='5' AND c_asigna='355720' [1][0] OK
C:[23/10/2014 15:14:43.11][172.17.113.112][1446] SELECT par_cod_asig1,par_cod_asig2,par_cod_asig3 FROM tblaca009 WHERE pensum='5' AND c_uni_ca='5' AND c_asigna='355721' [1][0] OK
C:[23/10/2014 15:14:43.11][172.17.113.112][1446] SELECT par_cod_asig1,par_cod_asig2,par_cod_asig3 FROM tblaca009 WHERE pensum='5' AND c_uni_ca='5' AND c_asigna='355722' [1][0] OK
C:[23/10/2014 15:14:43.11][172.17.113.112][1446] SELECT par_cod_asig1,par_cod_asig2,par_cod_asig3 FROM tblaca009 WHERE pensum='5' AND c_uni_ca='5' AND c_asigna='355724' [1][0] OK
C:[23/10/2014 15:14:43.11][172.17.113.112][1446] SELECT par_cod_asig1,par_cod_asig2,par_cod_asig3 FROM tblaca009 WHERE pensum='5' AND c_uni_ca='5' AND c_asigna='355725' [1][0] OK
C:[23/10/2014 15:14:43.11][172.17.113.112][1446] SELECT par_cod_asig1,par_cod_asig2,par_cod_asig3 FROM tblaca009 WHERE pensum='5' AND c_uni_ca='5' AND c_asigna='355835' [1][0] OK
C:[23/10/2014 15:14:43.00][172.17.113.112][1576] SELECT horas_lab FROM tblaca008 WHERE c_asigna='355723' AND horas_teoricas > 0 [1][0] OK
C:[23/10/2014 15:14:43.11][172.17.113.112][1610] SELECT sum(u_creditos*1) FROM dace006 a, tblaca009 b WHERE a.exp_e='10-19910041' AND a.lapso='2014-U' AND b.pensum='5' AND b.c_uni_ca='5' AND status IN ('7','A','2') AND a.c_asigna=b.c_asigna  [1][0] OK
C:[23/10/2014 15:14:44.61][172.17.113.112][1629] SELECT sum(u_creditos*1) FROM dace006 a, tblaca009 b WHERE a.exp_e='10-19910041' AND a.lapso='2014-U' AND b.pensum='5' AND b.c_uni_ca='5' AND status IN ('7','A','2') AND a.c_asigna=b.c_asigna AND a.c_asigna IN ('355720','355721','355722','355724','355725','355835') [1][0] OK
C:[23/10/2014 15:14:44.11][172.17.113.112][1645] SELECT MAX(semestre) FROM dace006 a, tblaca009 b WHERE a.exp_e='10-19910041' AND a.lapso='2014-U' AND b.pensum='5' AND b.c_uni_ca='5' AND status IN ('7','A','2') AND a.c_asigna=b.c_asigna  [1][0] OK
C:[23/10/2014 15:14:44.05][172.17.113.112][1665] SELECT MIN(semestre) FROM dace006 a, tblaca009 b WHERE a.exp_e='10-19910041' AND a.lapso='2014-U' AND b.pensum='5' AND b.c_uni_ca='5' AND status IN ('7','A','2') AND a.c_asigna=b.c_asigna AND a.c_asigna IN ('355723') [1][0] OK
C:[30/10/2014 18:23:33.89][172.16.4.254][1402] SELECT pre_cod_asig1,pre_cod_asig2,pre_cod_asig3,pre_cod_asig4,pre_cod_asig5,pre_cod_asig6,pre_cod_asig7 FROM tblaca009 WHERE pensum='5' AND c_uni_ca='5' AND c_asigna='355722' [1][0] OK
C:[30/10/2014 18:23:33.89][172.16.4.254][1415] SELECT c_asigna FROM dace004 WHERE exp_e='10-19910041' AND c_asigna='355691' AND status IN ('0','3','B') [1][0] OK
C:[30/10/2014 18:23:33.89][172.16.4.254][1415] SELECT c_asigna FROM dace004 WHERE exp_e='10-19910041' AND c_asigna='355595' AND status IN ('0','3','B') [1][0] OK
C:[30/10/2014 18:23:33.89][172.16.4.254][1402] SELECT pre_cod_asig1,pre_cod_asig2,pre_cod_asig3,pre_cod_asig4,pre_cod_asig5,pre_cod_asig6,pre_cod_asig7 FROM tblaca009 WHERE pensum='5' AND c_uni_ca='5' AND c_asigna='355833' [1][0] OK
C:[30/10/2014 18:23:33.89][172.16.4.254][1415] SELECT c_asigna FROM dace004 WHERE exp_e='10-19910041' AND c_asigna='355694' AND status IN ('0','3','B') [1][0] OK
C:[30/10/2014 18:23:33.89][172.16.4.254][1402] SELECT pre_cod_asig1,pre_cod_asig2,pre_cod_asig3,pre_cod_asig4,pre_cod_asig5,pre_cod_asig6,pre_cod_asig7 FROM tblaca009 WHERE pensum='5' AND c_uni_ca='5' AND c_asigna='355720' [1][0] OK
C:[30/10/2014 18:23:33.89][172.16.4.254][1415] SELECT c_asigna FROM dace004 WHERE exp_e='10-19910041' AND c_asigna='355692' AND status IN ('0','3','B') [1][0] OK
C:[30/10/2014 18:23:33.89][172.16.4.254][1415] SELECT c_asigna FROM dace004 WHERE exp_e='10-19910041' AND c_asigna='355696' AND status IN ('0','3','B') [1][0] OK
C:[30/10/2014 18:23:33.89][172.16.4.254][1402] SELECT pre_cod_asig1,pre_cod_asig2,pre_cod_asig3,pre_cod_asig4,pre_cod_asig5,pre_cod_asig6,pre_cod_asig7 FROM tblaca009 WHERE pensum='5' AND c_uni_ca='5' AND c_asigna='355721' [1][0] OK
C:[30/10/2014 18:23:33.89][172.16.4.254][1415] SELECT c_asigna FROM dace004 WHERE exp_e='10-19910041' AND c_asigna='355693' AND status IN ('0','3','B') [1][0] OK
C:[30/10/2014 18:23:33.89][172.16.4.254][1415] SELECT c_asigna FROM dace004 WHERE exp_e='10-19910041' AND c_asigna='355696' AND status IN ('0','3','B') [1][0] OK
C:[30/10/2014 18:23:33.89][172.16.4.254][1402] SELECT pre_cod_asig1,pre_cod_asig2,pre_cod_asig3,pre_cod_asig4,pre_cod_asig5,pre_cod_asig6,pre_cod_asig7 FROM tblaca009 WHERE pensum='5' AND c_uni_ca='5' AND c_asigna='355724' [1][0] OK
C:[30/10/2014 18:23:33.89][172.16.4.254][1415] SELECT c_asigna FROM dace004 WHERE exp_e='10-19910041' AND c_asigna='355692' AND status IN ('0','3','B') [1][0] OK
C:[30/10/2014 18:23:33.89][172.16.4.254][1402] SELECT pre_cod_asig1,pre_cod_asig2,pre_cod_asig3,pre_cod_asig4,pre_cod_asig5,pre_cod_asig6,pre_cod_asig7 FROM tblaca009 WHERE pensum='5' AND c_uni_ca='5' AND c_asigna='355725' [1][0] OK
C:[30/10/2014 18:23:33.89][172.16.4.254][1415] SELECT c_asigna FROM dace004 WHERE exp_e='10-19910041' AND c_asigna='355693' AND status IN ('0','3','B') [1][0] OK
C:[30/10/2014 18:23:33.89][172.16.4.254][1415] SELECT c_asigna FROM dace004 WHERE exp_e='10-19910041' AND c_asigna='355692' AND status IN ('0','3','B') [1][0] OK
C:[30/10/2014 18:23:33.89][172.16.4.254][1402] SELECT pre_cod_asig1,pre_cod_asig2,pre_cod_asig3,pre_cod_asig4,pre_cod_asig5,pre_cod_asig6,pre_cod_asig7 FROM tblaca009 WHERE pensum='5' AND c_uni_ca='5' AND c_asigna='355835' [1][0] OK
C:[30/10/2014 18:23:33.89][172.16.4.254][1415] SELECT c_asigna FROM dace004 WHERE exp_e='10-19910041' AND c_asigna='355691' AND status IN ('0','3','B') [1][0] OK
C:[30/10/2014 18:23:34.39][172.16.4.254][1446] SELECT par_cod_asig1,par_cod_asig2,par_cod_asig3 FROM tblaca009 WHERE pensum='5' AND c_uni_ca='5' AND c_asigna='355722' [1][0] OK
C:[30/10/2014 18:23:34.39][172.16.4.254][1446] SELECT par_cod_asig1,par_cod_asig2,par_cod_asig3 FROM tblaca009 WHERE pensum='5' AND c_uni_ca='5' AND c_asigna='355833' [1][0] OK
C:[30/10/2014 18:23:34.39][172.16.4.254][1446] SELECT par_cod_asig1,par_cod_asig2,par_cod_asig3 FROM tblaca009 WHERE pensum='5' AND c_uni_ca='5' AND c_asigna='355720' [1][0] OK
C:[30/10/2014 18:23:34.39][172.16.4.254][1446] SELECT par_cod_asig1,par_cod_asig2,par_cod_asig3 FROM tblaca009 WHERE pensum='5' AND c_uni_ca='5' AND c_asigna='355721' [1][0] OK
C:[30/10/2014 18:23:34.39][172.16.4.254][1446] SELECT par_cod_asig1,par_cod_asig2,par_cod_asig3 FROM tblaca009 WHERE pensum='5' AND c_uni_ca='5' AND c_asigna='355724' [1][0] OK
C:[30/10/2014 18:23:34.39][172.16.4.254][1446] SELECT par_cod_asig1,par_cod_asig2,par_cod_asig3 FROM tblaca009 WHERE pensum='5' AND c_uni_ca='5' AND c_asigna='355725' [1][0] OK
C:[30/10/2014 18:23:34.39][172.16.4.254][1446] SELECT par_cod_asig1,par_cod_asig2,par_cod_asig3 FROM tblaca009 WHERE pensum='5' AND c_uni_ca='5' AND c_asigna='355835' [1][0] OK
C:[30/10/2014 18:23:34.28][172.16.4.254][1576] SELECT horas_lab FROM tblaca008 WHERE c_asigna='355722' AND horas_teoricas > 0 [1][0] OK
C:[30/10/2014 18:23:34.39][172.16.4.254][1610] SELECT sum(u_creditos*1) FROM dace006 a, tblaca009 b WHERE a.exp_e='10-19910041' AND a.lapso='2014-U' AND b.pensum='5' AND b.c_uni_ca='5' AND status IN ('7','A','2') AND a.c_asigna=b.c_asigna  [1][0] OK
C:[30/10/2014 18:23:34.33][172.16.4.254][1629] SELECT sum(u_creditos*1) FROM dace006 a, tblaca009 b WHERE a.exp_e='10-19910041' AND a.lapso='2014-U' AND b.pensum='5' AND b.c_uni_ca='5' AND status IN ('7','A','2') AND a.c_asigna=b.c_asigna AND a.c_asigna IN ('355833','355720','355721','355724','355725','355835') [1][0] OK
C:[30/10/2014 18:23:34.84][172.16.4.254][1645] SELECT MAX(semestre) FROM dace006 a, tblaca009 b WHERE a.exp_e='10-19910041' AND a.lapso='2014-U' AND b.pensum='5' AND b.c_uni_ca='5' AND status IN ('7','A','2') AND a.c_asigna=b.c_asigna  [1][0] OK
C:[30/10/2014 18:23:35.78][172.16.4.254][1665] SELECT MIN(semestre) FROM dace006 a, tblaca009 b WHERE a.exp_e='10-19910041' AND a.lapso='2014-U' AND b.pensum='5' AND b.c_uni_ca='5' AND status IN ('7','A','2') AND a.c_asigna=b.c_asigna AND a.c_asigna IN ('355722') [1][0] OK
C:[03/11/2014 10:27:23.15][172.16.4.254][1402] SELECT pre_cod_asig1,pre_cod_asig2,pre_cod_asig3,pre_cod_asig4,pre_cod_asig5,pre_cod_asig6,pre_cod_asig7 FROM tblaca009 WHERE pensum='5' AND c_uni_ca='5' AND c_asigna='355723' [1][0] OK
C:[03/11/2014 10:27:23.15][172.16.4.254][1415] SELECT c_asigna FROM dace004 WHERE exp_e='07-19303263' AND c_asigna='355694' AND status IN ('0','3','B') [1][0] OK
C:[03/11/2014 10:27:23.15][172.16.4.254][1402] SELECT pre_cod_asig1,pre_cod_asig2,pre_cod_asig3,pre_cod_asig4,pre_cod_asig5,pre_cod_asig6,pre_cod_asig7 FROM tblaca009 WHERE pensum='5' AND c_uni_ca='5' AND c_asigna='355721' [1][0] OK
C:[03/11/2014 10:27:23.15][172.16.4.254][1415] SELECT c_asigna FROM dace004 WHERE exp_e='07-19303263' AND c_asigna='355693' AND status IN ('0','3','B') [1][0] OK
C:[03/11/2014 10:27:23.15][172.16.4.254][1415] SELECT c_asigna FROM dace004 WHERE exp_e='07-19303263' AND c_asigna='355696' AND status IN ('0','3','B') [1][0] OK
C:[03/11/2014 10:27:23.15][172.16.4.254][1402] SELECT pre_cod_asig1,pre_cod_asig2,pre_cod_asig3,pre_cod_asig4,pre_cod_asig5,pre_cod_asig6,pre_cod_asig7 FROM tblaca009 WHERE pensum='5' AND c_uni_ca='5' AND c_asigna='354852' [1][0] OK
C:[03/11/2014 10:27:23.15][172.16.4.254][1402] SELECT pre_cod_asig1,pre_cod_asig2,pre_cod_asig3,pre_cod_asig4,pre_cod_asig5,pre_cod_asig6,pre_cod_asig7 FROM tblaca009 WHERE pensum='5' AND c_uni_ca='5' AND c_asigna='355720' [1][0] OK
C:[03/11/2014 10:27:23.15][172.16.4.254][1415] SELECT c_asigna FROM dace004 WHERE exp_e='07-19303263' AND c_asigna='355692' AND status IN ('0','3','B') [1][0] OK
C:[03/11/2014 10:27:23.15][172.16.4.254][1415] SELECT c_asigna FROM dace004 WHERE exp_e='07-19303263' AND c_asigna='355696' AND status IN ('0','3','B') [1][0] OK
C:[03/11/2014 10:27:23.15][172.16.4.254][1402] SELECT pre_cod_asig1,pre_cod_asig2,pre_cod_asig3,pre_cod_asig4,pre_cod_asig5,pre_cod_asig6,pre_cod_asig7 FROM tblaca009 WHERE pensum='5' AND c_uni_ca='5' AND c_asigna='355724' [1][0] OK
C:[03/11/2014 10:27:23.15][172.16.4.254][1415] SELECT c_asigna FROM dace004 WHERE exp_e='07-19303263' AND c_asigna='355692' AND status IN ('0','3','B') [1][0] OK
C:[03/11/2014 10:27:23.15][172.16.4.254][1402] SELECT pre_cod_asig1,pre_cod_asig2,pre_cod_asig3,pre_cod_asig4,pre_cod_asig5,pre_cod_asig6,pre_cod_asig7 FROM tblaca009 WHERE pensum='5' AND c_uni_ca='5' AND c_asigna='355725' [1][0] OK
C:[03/11/2014 10:27:23.15][172.16.4.254][1415] SELECT c_asigna FROM dace004 WHERE exp_e='07-19303263' AND c_asigna='355693' AND status IN ('0','3','B') [1][0] OK
C:[03/11/2014 10:27:23.15][172.16.4.254][1415] SELECT c_asigna FROM dace004 WHERE exp_e='07-19303263' AND c_asigna='355692' AND status IN ('0','3','B') [1][0] OK
C:[03/11/2014 10:27:24.14][172.16.4.254][1446] SELECT par_cod_asig1,par_cod_asig2,par_cod_asig3 FROM tblaca009 WHERE pensum='5' AND c_uni_ca='5' AND c_asigna='355723' [1][0] OK
C:[03/11/2014 10:27:24.14][172.16.4.254][1446] SELECT par_cod_asig1,par_cod_asig2,par_cod_asig3 FROM tblaca009 WHERE pensum='5' AND c_uni_ca='5' AND c_asigna='355721' [1][0] OK
C:[03/11/2014 10:27:24.14][172.16.4.254][1446] SELECT par_cod_asig1,par_cod_asig2,par_cod_asig3 FROM tblaca009 WHERE pensum='5' AND c_uni_ca='5' AND c_asigna='354852' [1][0] OK
C:[03/11/2014 10:27:24.14][172.16.4.254][1446] SELECT par_cod_asig1,par_cod_asig2,par_cod_asig3 FROM tblaca009 WHERE pensum='5' AND c_uni_ca='5' AND c_asigna='355720' [1][0] OK
C:[03/11/2014 10:27:24.14][172.16.4.254][1446] SELECT par_cod_asig1,par_cod_asig2,par_cod_asig3 FROM tblaca009 WHERE pensum='5' AND c_uni_ca='5' AND c_asigna='355724' [1][0] OK
C:[03/11/2014 10:27:24.14][172.16.4.254][1446] SELECT par_cod_asig1,par_cod_asig2,par_cod_asig3 FROM tblaca009 WHERE pensum='5' AND c_uni_ca='5' AND c_asigna='355725' [1][0] OK
C:[03/11/2014 10:27:24.91][172.16.4.254][1576] SELECT horas_lab FROM tblaca008 WHERE c_asigna='355723' AND horas_teoricas > 0 [1][0] OK
C:[03/11/2014 10:27:24.02][172.16.4.254][1610] SELECT sum(u_creditos*1) FROM dace006 a, tblaca009 b WHERE a.exp_e='07-19303263' AND a.lapso='2014-U' AND b.pensum='5' AND b.c_uni_ca='5' AND status IN ('7','A','2') AND a.c_asigna=b.c_asigna  [1][0] OK
C:[03/11/2014 10:27:24.52][172.16.4.254][1629] SELECT sum(u_creditos*1) FROM dace006 a, tblaca009 b WHERE a.exp_e='07-19303263' AND a.lapso='2014-U' AND b.pensum='5' AND b.c_uni_ca='5' AND status IN ('7','A','2') AND a.c_asigna=b.c_asigna AND a.c_asigna IN ('355721','354852','355720','355724','355725') [1][0] OK
C:[03/11/2014 10:27:24.46][172.16.4.254][1645] SELECT MAX(semestre) FROM dace006 a, tblaca009 b WHERE a.exp_e='07-19303263' AND a.lapso='2014-U' AND b.pensum='5' AND b.c_uni_ca='5' AND status IN ('7','A','2') AND a.c_asigna=b.c_asigna  [1][0] OK
C:[03/11/2014 10:27:24.09][172.16.4.254][1665] SELECT MIN(semestre) FROM dace006 a, tblaca009 b WHERE a.exp_e='07-19303263' AND a.lapso='2014-U' AND b.pensum='5' AND b.c_uni_ca='5' AND status IN ('7','A','2') AND a.c_asigna=b.c_asigna AND a.c_asigna IN ('355723') [1][0] OK
C:[06/11/2014 10:09:59.13][172.16.4.240][1402] SELECT pre_cod_asig1,pre_cod_asig2,pre_cod_asig3,pre_cod_asig4,pre_cod_asig5,pre_cod_asig6,pre_cod_asig7 FROM tblaca009 WHERE pensum='5' AND c_uni_ca='5' AND c_asigna='355849' [1][0] OK
C:[06/11/2014 10:09:59.13][172.16.4.240][1415] SELECT c_asigna FROM dace004 WHERE exp_e='10-21248134' AND c_asigna='355724' AND status IN ('0','3','B') [1][0] OK
C:[06/11/2014 10:09:59.13][172.16.4.240][1402] SELECT pre_cod_asig1,pre_cod_asig2,pre_cod_asig3,pre_cod_asig4,pre_cod_asig5,pre_cod_asig6,pre_cod_asig7 FROM tblaca009 WHERE pensum='5' AND c_uni_ca='5' AND c_asigna='355720' [1][0] OK
C:[06/11/2014 10:09:59.13][172.16.4.240][1415] SELECT c_asigna FROM dace004 WHERE exp_e='10-21248134' AND c_asigna='355692' AND status IN ('0','3','B') [1][0] OK
C:[06/11/2014 10:09:59.13][172.16.4.240][1415] SELECT c_asigna FROM dace004 WHERE exp_e='10-21248134' AND c_asigna='355696' AND status IN ('0','3','B') [1][0] OK
C:[06/11/2014 10:09:59.13][172.16.4.240][1402] SELECT pre_cod_asig1,pre_cod_asig2,pre_cod_asig3,pre_cod_asig4,pre_cod_asig5,pre_cod_asig6,pre_cod_asig7 FROM tblaca009 WHERE pensum='5' AND c_uni_ca='5' AND c_asigna='355838' [1][0] OK
C:[06/11/2014 10:09:59.13][172.16.4.240][1415] SELECT c_asigna FROM dace004 WHERE exp_e='10-21248134' AND c_asigna='355721' AND status IN ('0','3','B') [1][0] OK
C:[06/11/2014 10:09:59.13][172.16.4.240][1402] SELECT pre_cod_asig1,pre_cod_asig2,pre_cod_asig3,pre_cod_asig4,pre_cod_asig5,pre_cod_asig6,pre_cod_asig7 FROM tblaca009 WHERE pensum='5' AND c_uni_ca='5' AND c_asigna='355839' [1][0] OK
C:[06/11/2014 10:09:59.13][172.16.4.240][1415] SELECT c_asigna FROM dace004 WHERE exp_e='10-21248134' AND c_asigna='355725' AND status IN ('0','3','B') [1][0] OK
C:[06/11/2014 10:09:59.13][172.16.4.240][1415] SELECT c_asigna FROM dace004 WHERE exp_e='10-21248134' AND c_asigna='355692' AND status IN ('0','3','B') [1][0] OK
C:[06/11/2014 10:09:59.13][172.16.4.240][1402] SELECT pre_cod_asig1,pre_cod_asig2,pre_cod_asig3,pre_cod_asig4,pre_cod_asig5,pre_cod_asig6,pre_cod_asig7 FROM tblaca009 WHERE pensum='5' AND c_uni_ca='5' AND c_asigna='355953' [1][0] OK
C:[06/11/2014 10:09:59.13][172.16.4.240][1415] SELECT c_asigna FROM dace004 WHERE exp_e='10-21248134' AND c_asigna='355691' AND status IN ('0','3','B') [1][0] OK
C:[06/11/2014 10:09:59.13][172.16.4.240][1402] SELECT pre_cod_asig1,pre_cod_asig2,pre_cod_asig3,pre_cod_asig4,pre_cod_asig5,pre_cod_asig6,pre_cod_asig7 FROM tblaca009 WHERE pensum='5' AND c_uni_ca='5' AND c_asigna='355832' [1][0] OK
C:[06/11/2014 10:09:59.13][172.16.4.240][1415] SELECT c_asigna FROM dace004 WHERE exp_e='10-21248134' AND c_asigna='355694' AND status IN ('0','3','B') [1][0] OK
C:[06/11/2014 10:09:59.56][172.16.4.240][1446] SELECT par_cod_asig1,par_cod_asig2,par_cod_asig3 FROM tblaca009 WHERE pensum='5' AND c_uni_ca='5' AND c_asigna='355849' [1][0] OK
C:[06/11/2014 10:09:59.56][172.16.4.240][1446] SELECT par_cod_asig1,par_cod_asig2,par_cod_asig3 FROM tblaca009 WHERE pensum='5' AND c_uni_ca='5' AND c_asigna='355720' [1][0] OK
C:[06/11/2014 10:09:59.56][172.16.4.240][1446] SELECT par_cod_asig1,par_cod_asig2,par_cod_asig3 FROM tblaca009 WHERE pensum='5' AND c_uni_ca='5' AND c_asigna='355838' [1][0] OK
C:[06/11/2014 10:09:59.56][172.16.4.240][1446] SELECT par_cod_asig1,par_cod_asig2,par_cod_asig3 FROM tblaca009 WHERE pensum='5' AND c_uni_ca='5' AND c_asigna='355839' [1][0] OK
C:[06/11/2014 10:09:59.56][172.16.4.240][1446] SELECT par_cod_asig1,par_cod_asig2,par_cod_asig3 FROM tblaca009 WHERE pensum='5' AND c_uni_ca='5' AND c_asigna='355953' [1][0] OK
C:[06/11/2014 10:09:59.56][172.16.4.240][1446] SELECT par_cod_asig1,par_cod_asig2,par_cod_asig3 FROM tblaca009 WHERE pensum='5' AND c_uni_ca='5' AND c_asigna='355832' [1][0] OK
C:[06/11/2014 10:09:59.33][172.16.4.240][1576] SELECT horas_lab FROM tblaca008 WHERE c_asigna='355849' AND horas_teoricas > 0 [1][0] OK
C:[06/11/2014 10:09:59.44][172.16.4.240][1610] SELECT sum(u_creditos*1) FROM dace006 a, tblaca009 b WHERE a.exp_e='10-21248134' AND a.lapso='2014-U' AND b.pensum='5' AND b.c_uni_ca='5' AND status IN ('7','A','2') AND a.c_asigna=b.c_asigna  [1][0] OK
C:[06/11/2014 10:09:59.38][172.16.4.240][1629] SELECT sum(u_creditos*1) FROM dace006 a, tblaca009 b WHERE a.exp_e='10-21248134' AND a.lapso='2014-U' AND b.pensum='5' AND b.c_uni_ca='5' AND status IN ('7','A','2') AND a.c_asigna=b.c_asigna AND a.c_asigna IN ('355720','355838','355839','355953','355832') [1][0] OK
C:[06/11/2014 10:10:00.88][172.16.4.240][1645] SELECT MAX(semestre) FROM dace006 a, tblaca009 b WHERE a.exp_e='10-21248134' AND a.lapso='2014-U' AND b.pensum='5' AND b.c_uni_ca='5' AND status IN ('7','A','2') AND a.c_asigna=b.c_asigna  [1][0] OK
C:[06/11/2014 10:10:00.82][172.16.4.240][1665] SELECT MIN(semestre) FROM dace006 a, tblaca009 b WHERE a.exp_e='10-21248134' AND a.lapso='2014-U' AND b.pensum='5' AND b.c_uni_ca='5' AND status IN ('7','A','2') AND a.c_asigna=b.c_asigna AND a.c_asigna IN ('355849') [1][0] OK
C:[16/04/2015 16:36:24.14][172.16.4.254][1400] SELECT pre_cod_asig1,pre_cod_asig2,pre_cod_asig3,pre_cod_asig4,pre_cod_asig5,pre_cod_asig6,pre_cod_asig7 FROM tblaca009 WHERE pensum='5' AND c_uni_ca='6' AND c_asigna='344733' [1][0] OK
C:[16/04/2015 16:36:24.14][172.16.4.254][1400] SELECT pre_cod_asig1,pre_cod_asig2,pre_cod_asig3,pre_cod_asig4,pre_cod_asig5,pre_cod_asig6,pre_cod_asig7 FROM tblaca009 WHERE pensum='5' AND c_uni_ca='6' AND c_asigna='344716' [1][0] OK
C:[16/04/2015 16:36:24.14][172.16.4.254][1413] SELECT c_asigna FROM dace004 WHERE exp_e='06-14611248' AND c_asigna='344688' AND status IN ('0','3','B') [1][0] OK
C:[16/04/2015 16:36:24.14][172.16.4.254][1413] SELECT c_asigna FROM dace004 WHERE exp_e='06-14611248' AND c_asigna='342559' AND status IN ('0','3','B') [1][0] OK
C:[16/04/2015 16:36:24.14][172.16.4.254][1400] SELECT pre_cod_asig1,pre_cod_asig2,pre_cod_asig3,pre_cod_asig4,pre_cod_asig5,pre_cod_asig6,pre_cod_asig7 FROM tblaca009 WHERE pensum='5' AND c_uni_ca='6' AND c_asigna='343568' [1][0] OK
C:[16/04/2015 16:36:24.14][172.16.4.254][1413] SELECT c_asigna FROM dace004 WHERE exp_e='06-14611248' AND c_asigna='340327' AND status IN ('0','3','B') [1][0] OK
C:[16/04/2015 16:36:24.14][172.16.4.254][1400] SELECT pre_cod_asig1,pre_cod_asig2,pre_cod_asig3,pre_cod_asig4,pre_cod_asig5,pre_cod_asig6,pre_cod_asig7 FROM tblaca009 WHERE pensum='5' AND c_uni_ca='6' AND c_asigna='344812' [1][0] OK
C:[16/04/2015 16:36:24.14][172.16.4.254][1413] SELECT c_asigna FROM dace004 WHERE exp_e='06-14611248' AND c_asigna='344715' AND status IN ('0','3','B') [1][0] OK
C:[16/04/2015 16:36:24.14][172.16.4.254][1413] SELECT c_asigna FROM dace004 WHERE exp_e='06-14611248' AND c_asigna='344742' AND status IN ('0','3','B') [1][0] OK
C:[16/04/2015 16:36:24.14][172.16.4.254][1400] SELECT pre_cod_asig1,pre_cod_asig2,pre_cod_asig3,pre_cod_asig4,pre_cod_asig5,pre_cod_asig6,pre_cod_asig7 FROM tblaca009 WHERE pensum='5' AND c_uni_ca='6' AND c_asigna='344843' [1][0] OK
C:[16/04/2015 16:36:24.14][172.16.4.254][1413] SELECT c_asigna FROM dace004 WHERE exp_e='06-14611248' AND c_asigna='344714' AND status IN ('0','3','B') [1][0] OK
C:[16/04/2015 16:36:24.14][172.16.4.254][1413] SELECT c_asigna FROM dace004 WHERE exp_e='06-14611248' AND c_asigna='344715' AND status IN ('0','3','B') [1][0] OK
C:[16/04/2015 16:36:24.14][172.16.4.254][1413] SELECT c_asigna FROM dace004 WHERE exp_e='06-14611248' AND c_asigna='300313' AND status IN ('0','3','B') [1][0] OK
C:[16/04/2015 16:36:24.14][172.16.4.254][1400] SELECT pre_cod_asig1,pre_cod_asig2,pre_cod_asig3,pre_cod_asig4,pre_cod_asig5,pre_cod_asig6,pre_cod_asig7 FROM tblaca009 WHERE pensum='5' AND c_uni_ca='6' AND c_asigna='344965' [1][0] OK
C:[16/04/2015 16:36:24.14][172.16.4.254][1413] SELECT c_asigna FROM dace004 WHERE exp_e='06-14611248' AND c_asigna='344714' AND status IN ('0','3','B') [1][0] OK
C:[16/04/2015 16:36:25.21][172.16.4.254][1444] SELECT par_cod_asig1,par_cod_asig2,par_cod_asig3 FROM tblaca009 WHERE pensum='5' AND c_uni_ca='6' AND c_asigna='344733' [1][0] OK
C:[16/04/2015 16:36:25.21][172.16.4.254][1444] SELECT par_cod_asig1,par_cod_asig2,par_cod_asig3 FROM tblaca009 WHERE pensum='5' AND c_uni_ca='6' AND c_asigna='344716' [1][0] OK
C:[16/04/2015 16:36:25.21][172.16.4.254][1444] SELECT par_cod_asig1,par_cod_asig2,par_cod_asig3 FROM tblaca009 WHERE pensum='5' AND c_uni_ca='6' AND c_asigna='343568' [1][0] OK
C:[16/04/2015 16:36:25.21][172.16.4.254][1444] SELECT par_cod_asig1,par_cod_asig2,par_cod_asig3 FROM tblaca009 WHERE pensum='5' AND c_uni_ca='6' AND c_asigna='344812' [1][0] OK
C:[16/04/2015 16:36:25.21][172.16.4.254][1444] SELECT par_cod_asig1,par_cod_asig2,par_cod_asig3 FROM tblaca009 WHERE pensum='5' AND c_uni_ca='6' AND c_asigna='344843' [1][0] OK
C:[16/04/2015 16:36:25.21][172.16.4.254][1444] SELECT par_cod_asig1,par_cod_asig2,par_cod_asig3 FROM tblaca009 WHERE pensum='5' AND c_uni_ca='6' AND c_asigna='344965' [1][0] OK
C:[16/04/2015 16:36:25.93][172.16.4.254][1574] SELECT horas_lab FROM tblaca008 WHERE c_asigna='344733' AND horas_teoricas > 0 [1][0] OK
C:[16/04/2015 17:19:08.61][172.16.4.254][1400] SELECT pre_cod_asig1,pre_cod_asig2,pre_cod_asig3,pre_cod_asig4,pre_cod_asig5,pre_cod_asig6,pre_cod_asig7 FROM tblaca009 WHERE pensum='5' AND c_uni_ca='6' AND c_asigna='344733' [1][0] OK
C:[16/04/2015 17:19:08.61][172.16.4.254][1400] SELECT pre_cod_asig1,pre_cod_asig2,pre_cod_asig3,pre_cod_asig4,pre_cod_asig5,pre_cod_asig6,pre_cod_asig7 FROM tblaca009 WHERE pensum='5' AND c_uni_ca='6' AND c_asigna='344716' [1][0] OK
C:[16/04/2015 17:19:08.61][172.16.4.254][1413] SELECT c_asigna FROM dace004 WHERE exp_e='06-14611248' AND c_asigna='344688' AND status IN ('0','3','B') [1][0] OK
C:[16/04/2015 17:19:08.61][172.16.4.254][1413] SELECT c_asigna FROM dace004 WHERE exp_e='06-14611248' AND c_asigna='342559' AND status IN ('0','3','B') [1][0] OK
C:[16/04/2015 17:19:08.61][172.16.4.254][1400] SELECT pre_cod_asig1,pre_cod_asig2,pre_cod_asig3,pre_cod_asig4,pre_cod_asig5,pre_cod_asig6,pre_cod_asig7 FROM tblaca009 WHERE pensum='5' AND c_uni_ca='6' AND c_asigna='343568' [1][0] OK
C:[16/04/2015 17:19:08.61][172.16.4.254][1413] SELECT c_asigna FROM dace004 WHERE exp_e='06-14611248' AND c_asigna='340327' AND status IN ('0','3','B') [1][0] OK
C:[16/04/2015 17:19:08.61][172.16.4.254][1400] SELECT pre_cod_asig1,pre_cod_asig2,pre_cod_asig3,pre_cod_asig4,pre_cod_asig5,pre_cod_asig6,pre_cod_asig7 FROM tblaca009 WHERE pensum='5' AND c_uni_ca='6' AND c_asigna='344812' [1][0] OK
C:[16/04/2015 17:19:08.61][172.16.4.254][1413] SELECT c_asigna FROM dace004 WHERE exp_e='06-14611248' AND c_asigna='344715' AND status IN ('0','3','B') [1][0] OK
C:[16/04/2015 17:19:08.61][172.16.4.254][1413] SELECT c_asigna FROM dace004 WHERE exp_e='06-14611248' AND c_asigna='344742' AND status IN ('0','3','B') [1][0] OK
C:[16/04/2015 17:19:08.61][172.16.4.254][1400] SELECT pre_cod_asig1,pre_cod_asig2,pre_cod_asig3,pre_cod_asig4,pre_cod_asig5,pre_cod_asig6,pre_cod_asig7 FROM tblaca009 WHERE pensum='5' AND c_uni_ca='6' AND c_asigna='344843' [1][0] OK
C:[16/04/2015 17:19:08.61][172.16.4.254][1413] SELECT c_asigna FROM dace004 WHERE exp_e='06-14611248' AND c_asigna='344714' AND status IN ('0','3','B') [1][0] OK
C:[16/04/2015 17:19:08.61][172.16.4.254][1413] SELECT c_asigna FROM dace004 WHERE exp_e='06-14611248' AND c_asigna='344715' AND status IN ('0','3','B') [1][0] OK
C:[16/04/2015 17:19:08.61][172.16.4.254][1413] SELECT c_asigna FROM dace004 WHERE exp_e='06-14611248' AND c_asigna='300313' AND status IN ('0','3','B') [1][0] OK
C:[16/04/2015 17:19:08.61][172.16.4.254][1400] SELECT pre_cod_asig1,pre_cod_asig2,pre_cod_asig3,pre_cod_asig4,pre_cod_asig5,pre_cod_asig6,pre_cod_asig7 FROM tblaca009 WHERE pensum='5' AND c_uni_ca='6' AND c_asigna='344965' [1][0] OK
C:[16/04/2015 17:19:08.61][172.16.4.254][1413] SELECT c_asigna FROM dace004 WHERE exp_e='06-14611248' AND c_asigna='344714' AND status IN ('0','3','B') [1][0] OK
C:[16/04/2015 17:19:08.49][172.16.4.254][1444] SELECT par_cod_asig1,par_cod_asig2,par_cod_asig3 FROM tblaca009 WHERE pensum='5' AND c_uni_ca='6' AND c_asigna='344733' [1][0] OK
C:[16/04/2015 17:19:08.49][172.16.4.254][1444] SELECT par_cod_asig1,par_cod_asig2,par_cod_asig3 FROM tblaca009 WHERE pensum='5' AND c_uni_ca='6' AND c_asigna='344716' [1][0] OK
C:[16/04/2015 17:19:08.49][172.16.4.254][1444] SELECT par_cod_asig1,par_cod_asig2,par_cod_asig3 FROM tblaca009 WHERE pensum='5' AND c_uni_ca='6' AND c_asigna='343568' [1][0] OK
C:[16/04/2015 17:19:08.49][172.16.4.254][1444] SELECT par_cod_asig1,par_cod_asig2,par_cod_asig3 FROM tblaca009 WHERE pensum='5' AND c_uni_ca='6' AND c_asigna='344812' [1][0] OK
C:[16/04/2015 17:19:08.49][172.16.4.254][1444] SELECT par_cod_asig1,par_cod_asig2,par_cod_asig3 FROM tblaca009 WHERE pensum='5' AND c_uni_ca='6' AND c_asigna='344843' [1][0] OK
C:[16/04/2015 17:19:08.49][172.16.4.254][1444] SELECT par_cod_asig1,par_cod_asig2,par_cod_asig3 FROM tblaca009 WHERE pensum='5' AND c_uni_ca='6' AND c_asigna='344965' [1][0] OK
C:[16/04/2015 17:19:09.27][172.16.4.254][1574] SELECT horas_lab FROM tblaca008 WHERE c_asigna='344733' AND horas_teoricas > 0 [1][0] OK
C:[20/04/2015 10:03:07.38][172.16.4.254][1400] SELECT pre_cod_asig1,pre_cod_asig2,pre_cod_asig3,pre_cod_asig4,pre_cod_asig5,pre_cod_asig6,pre_cod_asig7 FROM tblaca009 WHERE pensum='5' AND c_uni_ca='6' AND c_asigna='344965' [1][0] OK
C:[20/04/2015 10:03:07.38][172.16.4.254][1413] SELECT c_asigna FROM dace004 WHERE exp_e='08-20702007' AND c_asigna='344714' AND status IN ('0','3','B') [1][0] OK
C:[20/04/2015 10:03:07.38][172.16.4.254][1400] SELECT pre_cod_asig1,pre_cod_asig2,pre_cod_asig3,pre_cod_asig4,pre_cod_asig5,pre_cod_asig6,pre_cod_asig7 FROM tblaca009 WHERE pensum='5' AND c_uni_ca='6' AND c_asigna='344951' [1][0] OK
C:[20/04/2015 10:03:07.38][172.16.4.254][1413] SELECT c_asigna FROM dace004 WHERE exp_e='08-20702007' AND c_asigna='344689' AND status IN ('0','3','B') [1][0] OK
C:[20/04/2015 10:03:07.38][172.16.4.254][1413] SELECT c_asigna FROM dace004 WHERE exp_e='08-20702007' AND c_asigna='344687' AND status IN ('0','3','B') [1][0] OK
C:[20/04/2015 10:03:07.38][172.16.4.254][1400] SELECT pre_cod_asig1,pre_cod_asig2,pre_cod_asig3,pre_cod_asig4,pre_cod_asig5,pre_cod_asig6,pre_cod_asig7 FROM tblaca009 WHERE pensum='5' AND c_uni_ca='6' AND c_asigna='300676' [1][0] OK
C:[20/04/2015 10:03:07.38][172.16.4.254][1400] SELECT pre_cod_asig1,pre_cod_asig2,pre_cod_asig3,pre_cod_asig4,pre_cod_asig5,pre_cod_asig6,pre_cod_asig7 FROM tblaca009 WHERE pensum='5' AND c_uni_ca='6' AND c_asigna='344733' [1][0] OK
C:[20/04/2015 10:03:07.38][172.16.4.254][1400] SELECT pre_cod_asig1,pre_cod_asig2,pre_cod_asig3,pre_cod_asig4,pre_cod_asig5,pre_cod_asig6,pre_cod_asig7 FROM tblaca009 WHERE pensum='5' AND c_uni_ca='6' AND c_asigna='344812' [1][0] OK
C:[20/04/2015 10:03:07.38][172.16.4.254][1413] SELECT c_asigna FROM dace004 WHERE exp_e='08-20702007' AND c_asigna='344715' AND status IN ('0','3','B') [1][0] OK
C:[20/04/2015 10:03:07.38][172.16.4.254][1413] SELECT c_asigna FROM dace004 WHERE exp_e='08-20702007' AND c_asigna='344742' AND status IN ('0','3','B') [1][0] OK
C:[20/04/2015 10:03:07.38][172.16.4.254][1400] SELECT pre_cod_asig1,pre_cod_asig2,pre_cod_asig3,pre_cod_asig4,pre_cod_asig5,pre_cod_asig6,pre_cod_asig7 FROM tblaca009 WHERE pensum='5' AND c_uni_ca='6' AND c_asigna='344834' [1][0] OK
C:[20/04/2015 10:03:07.38][172.16.4.254][1413] SELECT c_asigna FROM dace004 WHERE exp_e='08-20702007' AND c_asigna='344715' AND status IN ('0','3','B') [1][0] OK
C:[20/04/2015 10:03:07.38][172.16.4.254][1413] SELECT c_asigna FROM dace004 WHERE exp_e='08-20702007' AND c_asigna='344716' AND status IN ('0','3','B') [1][0] OK
C:[20/04/2015 10:03:07.38][172.16.4.254][1400] SELECT pre_cod_asig1,pre_cod_asig2,pre_cod_asig3,pre_cod_asig4,pre_cod_asig5,pre_cod_asig6,pre_cod_asig7 FROM tblaca009 WHERE pensum='5' AND c_uni_ca='6' AND c_asigna='344843' [1][0] OK
C:[20/04/2015 10:03:07.38][172.16.4.254][1413] SELECT c_asigna FROM dace004 WHERE exp_e='08-20702007' AND c_asigna='344714' AND status IN ('0','3','B') [1][0] OK
C:[20/04/2015 10:03:07.38][172.16.4.254][1413] SELECT c_asigna FROM dace004 WHERE exp_e='08-20702007' AND c_asigna='344715' AND status IN ('0','3','B') [1][0] OK
C:[20/04/2015 10:03:07.38][172.16.4.254][1413] SELECT c_asigna FROM dace004 WHERE exp_e='08-20702007' AND c_asigna='300313' AND status IN ('0','3','B') [1][0] OK
C:[20/04/2015 10:03:08.07][172.16.4.254][1444] SELECT par_cod_asig1,par_cod_asig2,par_cod_asig3 FROM tblaca009 WHERE pensum='5' AND c_uni_ca='6' AND c_asigna='344965' [1][0] OK
C:[20/04/2015 10:03:08.07][172.16.4.254][1444] SELECT par_cod_asig1,par_cod_asig2,par_cod_asig3 FROM tblaca009 WHERE pensum='5' AND c_uni_ca='6' AND c_asigna='344951' [1][0] OK
C:[20/04/2015 10:03:08.07][172.16.4.254][1444] SELECT par_cod_asig1,par_cod_asig2,par_cod_asig3 FROM tblaca009 WHERE pensum='5' AND c_uni_ca='6' AND c_asigna='300676' [1][0] OK
C:[20/04/2015 10:03:08.07][172.16.4.254][1444] SELECT par_cod_asig1,par_cod_asig2,par_cod_asig3 FROM tblaca009 WHERE pensum='5' AND c_uni_ca='6' AND c_asigna='344733' [1][0] OK
C:[20/04/2015 10:03:08.07][172.16.4.254][1444] SELECT par_cod_asig1,par_cod_asig2,par_cod_asig3 FROM tblaca009 WHERE pensum='5' AND c_uni_ca='6' AND c_asigna='344812' [1][0] OK
C:[20/04/2015 10:03:08.07][172.16.4.254][1444] SELECT par_cod_asig1,par_cod_asig2,par_cod_asig3 FROM tblaca009 WHERE pensum='5' AND c_uni_ca='6' AND c_asigna='344834' [1][0] OK
C:[20/04/2015 10:03:08.07][172.16.4.254][1444] SELECT par_cod_asig1,par_cod_asig2,par_cod_asig3 FROM tblaca009 WHERE pensum='5' AND c_uni_ca='6' AND c_asigna='344843' [1][0] OK
C:[20/04/2015 10:03:08.97][172.16.4.254][1574] SELECT horas_lab FROM tblaca008 WHERE c_asigna='344965' AND horas_teoricas > 0 [1][0] OK
C:[29/04/2015 09:09:52.91][172.16.4.254][1400] SELECT pre_cod_asig1,pre_cod_asig2,pre_cod_asig3,pre_cod_asig4,pre_cod_asig5,pre_cod_asig6,pre_cod_asig7 FROM tblaca009 WHERE pensum='5' AND c_uni_ca='6' AND c_asigna='344733' [1][0] OK
C:[29/04/2015 09:09:52.91][172.16.4.254][1400] SELECT pre_cod_asig1,pre_cod_asig2,pre_cod_asig3,pre_cod_asig4,pre_cod_asig5,pre_cod_asig6,pre_cod_asig7 FROM tblaca009 WHERE pensum='5' AND c_uni_ca='6' AND c_asigna='342567' [1][0] OK
C:[29/04/2015 09:09:52.91][172.16.4.254][1413] SELECT c_asigna FROM dace004 WHERE exp_e='07-19157780' AND c_asigna='342444' AND status IN ('0','3','B') [1][0] OK
C:[29/04/2015 09:09:52.91][172.16.4.254][1400] SELECT pre_cod_asig1,pre_cod_asig2,pre_cod_asig3,pre_cod_asig4,pre_cod_asig5,pre_cod_asig6,pre_cod_asig7 FROM tblaca009 WHERE pensum='5' AND c_uni_ca='6' AND c_asigna='343568' [1][0] OK
C:[29/04/2015 09:09:52.91][172.16.4.254][1413] SELECT c_asigna FROM dace004 WHERE exp_e='07-19157780' AND c_asigna='340327' AND status IN ('0','3','B') [1][0] OK
C:[29/04/2015 09:09:52.91][172.16.4.254][1400] SELECT pre_cod_asig1,pre_cod_asig2,pre_cod_asig3,pre_cod_asig4,pre_cod_asig5,pre_cod_asig6,pre_cod_asig7 FROM tblaca009 WHERE pensum='5' AND c_uni_ca='6' AND c_asigna='300677' [1][0] OK
C:[29/04/2015 09:09:52.91][172.16.4.254][1400] SELECT pre_cod_asig1,pre_cod_asig2,pre_cod_asig3,pre_cod_asig4,pre_cod_asig5,pre_cod_asig6,pre_cod_asig7 FROM tblaca009 WHERE pensum='5' AND c_uni_ca='6' AND c_asigna='344714' [1][0] OK
C:[29/04/2015 09:09:52.91][172.16.4.254][1413] SELECT c_asigna FROM dace004 WHERE exp_e='07-19157780' AND c_asigna='344689' AND status IN ('0','3','B') [1][0] OK
C:[29/04/2015 09:09:52.91][172.16.4.254][1413] SELECT c_asigna FROM dace004 WHERE exp_e='07-19157780' AND c_asigna='300313' AND status IN ('0','3','B') [1][0] OK
C:[29/04/2015 09:09:52.16][172.16.4.254][1444] SELECT par_cod_asig1,par_cod_asig2,par_cod_asig3 FROM tblaca009 WHERE pensum='5' AND c_uni_ca='6' AND c_asigna='344733' [1][0] OK
C:[29/04/2015 09:09:52.16][172.16.4.254][1444] SELECT par_cod_asig1,par_cod_asig2,par_cod_asig3 FROM tblaca009 WHERE pensum='5' AND c_uni_ca='6' AND c_asigna='342567' [1][0] OK
C:[29/04/2015 09:09:52.16][172.16.4.254][1444] SELECT par_cod_asig1,par_cod_asig2,par_cod_asig3 FROM tblaca009 WHERE pensum='5' AND c_uni_ca='6' AND c_asigna='343568' [1][0] OK
C:[29/04/2015 09:09:52.16][172.16.4.254][1444] SELECT par_cod_asig1,par_cod_asig2,par_cod_asig3 FROM tblaca009 WHERE pensum='5' AND c_uni_ca='6' AND c_asigna='300677' [1][0] OK
C:[29/04/2015 09:09:52.16][172.16.4.254][1444] SELECT par_cod_asig1,par_cod_asig2,par_cod_asig3 FROM tblaca009 WHERE pensum='5' AND c_uni_ca='6' AND c_asigna='344714' [1][0] OK
C:[29/04/2015 09:09:52.82][172.16.4.254][1574] SELECT horas_lab FROM tblaca008 WHERE c_asigna='344733' AND horas_teoricas > 0 [1][0] OK
C:[29/04/2015 09:10:40.76][172.16.4.254][1400] SELECT pre_cod_asig1,pre_cod_asig2,pre_cod_asig3,pre_cod_asig4,pre_cod_asig5,pre_cod_asig6,pre_cod_asig7 FROM tblaca009 WHERE pensum='5' AND c_uni_ca='6' AND c_asigna='344733' [1][0] OK
C:[29/04/2015 09:10:40.76][172.16.4.254][1400] SELECT pre_cod_asig1,pre_cod_asig2,pre_cod_asig3,pre_cod_asig4,pre_cod_asig5,pre_cod_asig6,pre_cod_asig7 FROM tblaca009 WHERE pensum='5' AND c_uni_ca='6' AND c_asigna='342567' [1][0] OK
C:[29/04/2015 09:10:40.76][172.16.4.254][1413] SELECT c_asigna FROM dace004 WHERE exp_e='07-19157780' AND c_asigna='342444' AND status IN ('0','3','B') [1][0] OK
C:[29/04/2015 09:10:40.76][172.16.4.254][1400] SELECT pre_cod_asig1,pre_cod_asig2,pre_cod_asig3,pre_cod_asig4,pre_cod_asig5,pre_cod_asig6,pre_cod_asig7 FROM tblaca009 WHERE pensum='5' AND c_uni_ca='6' AND c_asigna='343568' [1][0] OK
C:[29/04/2015 09:10:40.76][172.16.4.254][1413] SELECT c_asigna FROM dace004 WHERE exp_e='07-19157780' AND c_asigna='340327' AND status IN ('0','3','B') [1][0] OK
C:[29/04/2015 09:10:40.76][172.16.4.254][1400] SELECT pre_cod_asig1,pre_cod_asig2,pre_cod_asig3,pre_cod_asig4,pre_cod_asig5,pre_cod_asig6,pre_cod_asig7 FROM tblaca009 WHERE pensum='5' AND c_uni_ca='6' AND c_asigna='300677' [1][0] OK
C:[29/04/2015 09:10:40.76][172.16.4.254][1400] SELECT pre_cod_asig1,pre_cod_asig2,pre_cod_asig3,pre_cod_asig4,pre_cod_asig5,pre_cod_asig6,pre_cod_asig7 FROM tblaca009 WHERE pensum='5' AND c_uni_ca='6' AND c_asigna='344714' [1][0] OK
C:[29/04/2015 09:10:40.76][172.16.4.254][1413] SELECT c_asigna FROM dace004 WHERE exp_e='07-19157780' AND c_asigna='344689' AND status IN ('0','3','B') [1][0] OK
C:[29/04/2015 09:10:40.76][172.16.4.254][1413] SELECT c_asigna FROM dace004 WHERE exp_e='07-19157780' AND c_asigna='300313' AND status IN ('0','3','B') [1][0] OK
C:[29/04/2015 09:10:40.89][172.16.4.254][1444] SELECT par_cod_asig1,par_cod_asig2,par_cod_asig3 FROM tblaca009 WHERE pensum='5' AND c_uni_ca='6' AND c_asigna='344733' [1][0] OK
C:[29/04/2015 09:10:40.89][172.16.4.254][1444] SELECT par_cod_asig1,par_cod_asig2,par_cod_asig3 FROM tblaca009 WHERE pensum='5' AND c_uni_ca='6' AND c_asigna='342567' [1][0] OK
C:[29/04/2015 09:10:40.89][172.16.4.254][1444] SELECT par_cod_asig1,par_cod_asig2,par_cod_asig3 FROM tblaca009 WHERE pensum='5' AND c_uni_ca='6' AND c_asigna='343568' [1][0] OK
C:[29/04/2015 09:10:40.89][172.16.4.254][1444] SELECT par_cod_asig1,par_cod_asig2,par_cod_asig3 FROM tblaca009 WHERE pensum='5' AND c_uni_ca='6' AND c_asigna='300677' [1][0] OK
C:[29/04/2015 09:10:40.89][172.16.4.254][1444] SELECT par_cod_asig1,par_cod_asig2,par_cod_asig3 FROM tblaca009 WHERE pensum='5' AND c_uni_ca='6' AND c_asigna='344714' [1][0] OK
C:[29/04/2015 09:10:40.54][172.16.4.254][1574] SELECT horas_lab FROM tblaca008 WHERE c_asigna='344733' AND horas_teoricas > 0 [1][0] OK
C:[29/04/2015 16:04:18.49][172.16.4.254][1400] SELECT pre_cod_asig1,pre_cod_asig2,pre_cod_asig3,pre_cod_asig4,pre_cod_asig5,pre_cod_asig6,pre_cod_asig7 FROM tblaca009 WHERE pensum='5' AND c_uni_ca='3' AND c_asigna='300676' [1][0] OK
C:[29/04/2015 16:04:18.49][172.16.4.254][1400] SELECT pre_cod_asig1,pre_cod_asig2,pre_cod_asig3,pre_cod_asig4,pre_cod_asig5,pre_cod_asig6,pre_cod_asig7 FROM tblaca009 WHERE pensum='5' AND c_uni_ca='3' AND c_asigna='311551' [1][0] OK
C:[29/04/2015 16:04:18.49][172.16.4.254][1413] SELECT c_asigna FROM dace004 WHERE exp_e='11-20860851' AND c_asigna='311430' AND status IN ('0','3','B') [1][0] OK
C:[29/04/2015 16:04:18.49][172.16.4.254][1413] SELECT c_asigna FROM dace004 WHERE exp_e='11-20860851' AND c_asigna='311431' AND status IN ('0','3','B') [1][0] OK
C:[29/04/2015 16:04:18.49][172.16.4.254][1413] SELECT c_asigna FROM dace004 WHERE exp_e='11-20860851' AND c_asigna='300222' AND status IN ('0','3','B') [1][0] OK
C:[29/04/2015 16:04:18.49][172.16.4.254][1413] SELECT c_asigna FROM dace004 WHERE exp_e='11-20860851' AND c_asigna='300226' AND status IN ('0','3','B') [1][0] OK
C:[29/04/2015 16:04:18.49][172.16.4.254][1413] SELECT c_asigna FROM dace004 WHERE exp_e='11-20860851' AND c_asigna='300209' AND status IN ('0','3','B') [1][0] OK
C:[29/04/2015 16:04:18.49][172.16.4.254][1413] SELECT c_asigna FROM dace004 WHERE exp_e='11-20860851' AND c_asigna='311320' AND status IN ('0','3','B') [1][0] OK
C:[29/04/2015 16:04:18.49][172.16.4.254][1400] SELECT pre_cod_asig1,pre_cod_asig2,pre_cod_asig3,pre_cod_asig4,pre_cod_asig5,pre_cod_asig6,pre_cod_asig7 FROM tblaca009 WHERE pensum='5' AND c_uni_ca='3' AND c_asigna='311556' [1][0] OK
C:[29/04/2015 16:04:18.49][172.16.4.254][1413] SELECT c_asigna FROM dace004 WHERE exp_e='11-20860851' AND c_asigna='311434' AND status IN ('0','3','B') [1][0] OK
C:[29/04/2015 16:04:18.49][172.16.4.254][1413] SELECT c_asigna FROM dace004 WHERE exp_e='11-20860851' AND c_asigna='311430' AND status IN ('0','3','B') [1][0] OK
C:[29/04/2015 16:04:18.49][172.16.4.254][1413] SELECT c_asigna FROM dace004 WHERE exp_e='11-20860851' AND c_asigna='300222' AND status IN ('0','3','B') [1][0] OK
C:[29/04/2015 16:04:18.49][172.16.4.254][1413] SELECT c_asigna FROM dace004 WHERE exp_e='11-20860851' AND c_asigna='300226' AND status IN ('0','3','B') [1][0] OK
C:[29/04/2015 16:04:18.49][172.16.4.254][1413] SELECT c_asigna FROM dace004 WHERE exp_e='11-20860851' AND c_asigna='300209' AND status IN ('0','3','B') [1][0] OK
C:[29/04/2015 16:04:18.49][172.16.4.254][1400] SELECT pre_cod_asig1,pre_cod_asig2,pre_cod_asig3,pre_cod_asig4,pre_cod_asig5,pre_cod_asig6,pre_cod_asig7 FROM tblaca009 WHERE pensum='5' AND c_uni_ca='3' AND c_asigna='315552' [1][0] OK
C:[29/04/2015 16:04:18.49][172.16.4.254][1413] SELECT c_asigna FROM dace004 WHERE exp_e='11-20860851' AND c_asigna='311430' AND status IN ('0','3','B') [1][0] OK
C:[29/04/2015 16:04:18.49][172.16.4.254][1413] SELECT c_asigna FROM dace004 WHERE exp_e='11-20860851' AND c_asigna='300222' AND status IN ('0','3','B') [1][0] OK
C:[29/04/2015 16:04:18.49][172.16.4.254][1413] SELECT c_asigna FROM dace004 WHERE exp_e='11-20860851' AND c_asigna='300226' AND status IN ('0','3','B') [1][0] OK
C:[29/04/2015 16:04:18.49][172.16.4.254][1413] SELECT c_asigna FROM dace004 WHERE exp_e='11-20860851' AND c_asigna='300209' AND status IN ('0','3','B') [1][0] OK
C:[29/04/2015 16:04:18.49][172.16.4.254][1400] SELECT pre_cod_asig1,pre_cod_asig2,pre_cod_asig3,pre_cod_asig4,pre_cod_asig5,pre_cod_asig6,pre_cod_asig7 FROM tblaca009 WHERE pensum='5' AND c_uni_ca='3' AND c_asigna='314662' [1][0] OK
C:[29/04/2015 16:04:18.49][172.16.4.254][1413] SELECT c_asigna FROM dace004 WHERE exp_e='11-20860851' AND c_asigna='311552' AND status IN ('0','3','B') [1][0] OK
C:[29/04/2015 16:04:19.12][172.16.4.254][1444] SELECT par_cod_asig1,par_cod_asig2,par_cod_asig3 FROM tblaca009 WHERE pensum='5' AND c_uni_ca='3' AND c_asigna='300676' [1][0] OK
C:[29/04/2015 16:04:19.12][172.16.4.254][1444] SELECT par_cod_asig1,par_cod_asig2,par_cod_asig3 FROM tblaca009 WHERE pensum='5' AND c_uni_ca='3' AND c_asigna='311551' [1][0] OK
C:[29/04/2015 16:04:19.12][172.16.4.254][1444] SELECT par_cod_asig1,par_cod_asig2,par_cod_asig3 FROM tblaca009 WHERE pensum='5' AND c_uni_ca='3' AND c_asigna='311556' [1][0] OK
C:[29/04/2015 16:04:19.12][172.16.4.254][1458] SELECT c_asigna FROM dace004 WHERE exp_e='11-20860851' AND c_asigna='311551' AND status IN ('0','3','B','C') [0][0] OK
C:[29/04/2015 16:04:19.12][172.16.4.254][1444] SELECT par_cod_asig1,par_cod_asig2,par_cod_asig3 FROM tblaca009 WHERE pensum='5' AND c_uni_ca='3' AND c_asigna='315552' [1][0] OK
C:[29/04/2015 16:04:19.12][172.16.4.254][1444] SELECT par_cod_asig1,par_cod_asig2,par_cod_asig3 FROM tblaca009 WHERE pensum='5' AND c_uni_ca='3' AND c_asigna='314662' [1][0] OK
C:[29/04/2015 16:04:19.90][172.16.4.254][1574] SELECT horas_lab FROM tblaca008 WHERE c_asigna='300676' AND horas_teoricas > 0 [1][0] OK
C:[30/04/2015 15:08:34.49][172.16.3.68][1400] SELECT pre_cod_asig1,pre_cod_asig2,pre_cod_asig3,pre_cod_asig4,pre_cod_asig5,pre_cod_asig6,pre_cod_asig7 FROM tblaca009 WHERE pensum='5' AND c_uni_ca='4' AND c_asigna='300226' [1][0] OK
C:[30/04/2015 15:08:34.49][172.16.3.68][1413] SELECT c_asigna FROM dace004 WHERE exp_e='14-26292280' AND c_asigna='300116' AND status IN ('0','3','B') [1][0] OK
C:[30/04/2015 15:08:34.49][172.16.3.68][1400] SELECT pre_cod_asig1,pre_cod_asig2,pre_cod_asig3,pre_cod_asig4,pre_cod_asig5,pre_cod_asig6,pre_cod_asig7 FROM tblaca009 WHERE pensum='5' AND c_uni_ca='4' AND c_asigna='300013' [1][0] OK
C:[30/04/2015 15:08:34.49][172.16.3.68][1400] SELECT pre_cod_asig1,pre_cod_asig2,pre_cod_asig3,pre_cod_asig4,pre_cod_asig5,pre_cod_asig6,pre_cod_asig7 FROM tblaca009 WHERE pensum='5' AND c_uni_ca='4' AND c_asigna='300101' [1][0] OK
C:[30/04/2015 15:08:34.49][172.16.3.68][1400] SELECT pre_cod_asig1,pre_cod_asig2,pre_cod_asig3,pre_cod_asig4,pre_cod_asig5,pre_cod_asig6,pre_cod_asig7 FROM tblaca009 WHERE pensum='5' AND c_uni_ca='4' AND c_asigna='300113' [1][0] OK
C:[30/04/2015 15:08:34.49][172.16.3.68][1400] SELECT pre_cod_asig1,pre_cod_asig2,pre_cod_asig3,pre_cod_asig4,pre_cod_asig5,pre_cod_asig6,pre_cod_asig7 FROM tblaca009 WHERE pensum='5' AND c_uni_ca='4' AND c_asigna='300222' [1][0] OK
C:[30/04/2015 15:08:34.49][172.16.3.68][1413] SELECT c_asigna FROM dace004 WHERE exp_e='14-26292280' AND c_asigna='300112' AND status IN ('0','3','B') [1][0] OK
C:[30/04/2015 15:08:34.49][172.16.3.68][1400] SELECT pre_cod_asig1,pre_cod_asig2,pre_cod_asig3,pre_cod_asig4,pre_cod_asig5,pre_cod_asig6,pre_cod_asig7 FROM tblaca009 WHERE pensum='5' AND c_uni_ca='4' AND c_asigna='300314' [1][0] OK
C:[30/04/2015 15:08:34.49][172.16.3.68][1413] SELECT c_asigna FROM dace004 WHERE exp_e='14-26292280' AND c_asigna='300106' AND status IN ('0','3','B') [1][0] OK
C:[30/04/2015 15:08:34.63][172.16.3.68][1444] SELECT par_cod_asig1,par_cod_asig2,par_cod_asig3 FROM tblaca009 WHERE pensum='5' AND c_uni_ca='4' AND c_asigna='300226' [1][0] OK
C:[30/04/2015 15:08:34.63][172.16.3.68][1444] SELECT par_cod_asig1,par_cod_asig2,par_cod_asig3 FROM tblaca009 WHERE pensum='5' AND c_uni_ca='4' AND c_asigna='300013' [1][0] OK
C:[30/04/2015 15:08:34.63][172.16.3.68][1444] SELECT par_cod_asig1,par_cod_asig2,par_cod_asig3 FROM tblaca009 WHERE pensum='5' AND c_uni_ca='4' AND c_asigna='300101' [1][0] OK
C:[30/04/2015 15:08:34.63][172.16.3.68][1444] SELECT par_cod_asig1,par_cod_asig2,par_cod_asig3 FROM tblaca009 WHERE pensum='5' AND c_uni_ca='4' AND c_asigna='300113' [1][0] OK
C:[30/04/2015 15:08:34.63][172.16.3.68][1458] SELECT c_asigna FROM dace004 WHERE exp_e='14-26292280' AND c_asigna='300013' AND status IN ('0','3','B','C') [0][0] OK
C:[30/04/2015 15:08:34.63][172.16.3.68][1444] SELECT par_cod_asig1,par_cod_asig2,par_cod_asig3 FROM tblaca009 WHERE pensum='5' AND c_uni_ca='4' AND c_asigna='300222' [1][0] OK
C:[30/04/2015 15:08:34.63][172.16.3.68][1444] SELECT par_cod_asig1,par_cod_asig2,par_cod_asig3 FROM tblaca009 WHERE pensum='5' AND c_uni_ca='4' AND c_asigna='300314' [1][0] OK
C:[30/04/2015 15:08:34.51][172.16.3.68][1574] SELECT horas_lab FROM tblaca008 WHERE c_asigna='300226' AND horas_teoricas > 0 [1][0] OK
C:[30/04/2015 15:11:40.81][172.16.3.68][1400] SELECT pre_cod_asig1,pre_cod_asig2,pre_cod_asig3,pre_cod_asig4,pre_cod_asig5,pre_cod_asig6,pre_cod_asig7 FROM tblaca009 WHERE pensum='5' AND c_uni_ca='4' AND c_asigna='300226' [1][0] OK
C:[30/04/2015 15:11:40.81][172.16.3.68][1413] SELECT c_asigna FROM dace004 WHERE exp_e='14-26262316' AND c_asigna='300116' AND status IN ('0','3','B') [1][0] OK
C:[30/04/2015 15:11:40.81][172.16.3.68][1400] SELECT pre_cod_asig1,pre_cod_asig2,pre_cod_asig3,pre_cod_asig4,pre_cod_asig5,pre_cod_asig6,pre_cod_asig7 FROM tblaca009 WHERE pensum='5' AND c_uni_ca='4' AND c_asigna='300113' [1][0] OK
C:[30/04/2015 15:11:40.81][172.16.3.68][1400] SELECT pre_cod_asig1,pre_cod_asig2,pre_cod_asig3,pre_cod_asig4,pre_cod_asig5,pre_cod_asig6,pre_cod_asig7 FROM tblaca009 WHERE pensum='5' AND c_uni_ca='4' AND c_asigna='300222' [1][0] OK
C:[30/04/2015 15:11:40.81][172.16.3.68][1413] SELECT c_asigna FROM dace004 WHERE exp_e='14-26262316' AND c_asigna='300112' AND status IN ('0','3','B') [1][0] OK
C:[30/04/2015 15:11:40.81][172.16.3.68][1400] SELECT pre_cod_asig1,pre_cod_asig2,pre_cod_asig3,pre_cod_asig4,pre_cod_asig5,pre_cod_asig6,pre_cod_asig7 FROM tblaca009 WHERE pensum='5' AND c_uni_ca='4' AND c_asigna='300013' [1][0] OK
C:[30/04/2015 15:11:40.81][172.16.3.68][1400] SELECT pre_cod_asig1,pre_cod_asig2,pre_cod_asig3,pre_cod_asig4,pre_cod_asig5,pre_cod_asig6,pre_cod_asig7 FROM tblaca009 WHERE pensum='5' AND c_uni_ca='4' AND c_asigna='300101' [1][0] OK
C:[30/04/2015 15:11:40.81][172.16.3.68][1400] SELECT pre_cod_asig1,pre_cod_asig2,pre_cod_asig3,pre_cod_asig4,pre_cod_asig5,pre_cod_asig6,pre_cod_asig7 FROM tblaca009 WHERE pensum='5' AND c_uni_ca='4' AND c_asigna='300314' [1][0] OK
C:[30/04/2015 15:11:40.81][172.16.3.68][1413] SELECT c_asigna FROM dace004 WHERE exp_e='14-26262316' AND c_asigna='300106' AND status IN ('0','3','B') [1][0] OK
C:[30/04/2015 15:11:40.92][172.16.3.68][1444] SELECT par_cod_asig1,par_cod_asig2,par_cod_asig3 FROM tblaca009 WHERE pensum='5' AND c_uni_ca='4' AND c_asigna='300226' [1][0] OK
C:[30/04/2015 15:11:40.92][172.16.3.68][1444] SELECT par_cod_asig1,par_cod_asig2,par_cod_asig3 FROM tblaca009 WHERE pensum='5' AND c_uni_ca='4' AND c_asigna='300113' [1][0] OK
C:[30/04/2015 15:11:40.92][172.16.3.68][1458] SELECT c_asigna FROM dace004 WHERE exp_e='14-26262316' AND c_asigna='300013' AND status IN ('0','3','B','C') [0][0] OK
C:[30/04/2015 15:11:40.92][172.16.3.68][1444] SELECT par_cod_asig1,par_cod_asig2,par_cod_asig3 FROM tblaca009 WHERE pensum='5' AND c_uni_ca='4' AND c_asigna='300222' [1][0] OK
C:[30/04/2015 15:11:40.92][172.16.3.68][1444] SELECT par_cod_asig1,par_cod_asig2,par_cod_asig3 FROM tblaca009 WHERE pensum='5' AND c_uni_ca='4' AND c_asigna='300013' [1][0] OK
C:[30/04/2015 15:11:40.92][172.16.3.68][1444] SELECT par_cod_asig1,par_cod_asig2,par_cod_asig3 FROM tblaca009 WHERE pensum='5' AND c_uni_ca='4' AND c_asigna='300101' [1][0] OK
C:[30/04/2015 15:11:40.92][172.16.3.68][1444] SELECT par_cod_asig1,par_cod_asig2,par_cod_asig3 FROM tblaca009 WHERE pensum='5' AND c_uni_ca='4' AND c_asigna='300314' [1][0] OK
C:[30/04/2015 15:11:40.83][172.16.3.68][1574] SELECT horas_lab FROM tblaca008 WHERE c_asigna='300226' AND horas_teoricas > 0 [1][0] OK
C:[30/04/2015 15:16:53.83][172.16.3.68][1400] SELECT pre_cod_asig1,pre_cod_asig2,pre_cod_asig3,pre_cod_asig4,pre_cod_asig5,pre_cod_asig6,pre_cod_asig7 FROM tblaca009 WHERE pensum='5' AND c_uni_ca='5' AND c_asigna='300226' [1][0] OK
C:[30/04/2015 15:16:53.83][172.16.3.68][1413] SELECT c_asigna FROM dace004 WHERE exp_e='14-23827851' AND c_asigna='300116' AND status IN ('0','3','B') [1][0] OK
C:[30/04/2015 15:16:53.83][172.16.3.68][1400] SELECT pre_cod_asig1,pre_cod_asig2,pre_cod_asig3,pre_cod_asig4,pre_cod_asig5,pre_cod_asig6,pre_cod_asig7 FROM tblaca009 WHERE pensum='5' AND c_uni_ca='5' AND c_asigna='300013' [1][0] OK
C:[30/04/2015 15:16:53.83][172.16.3.68][1400] SELECT pre_cod_asig1,pre_cod_asig2,pre_cod_asig3,pre_cod_asig4,pre_cod_asig5,pre_cod_asig6,pre_cod_asig7 FROM tblaca009 WHERE pensum='5' AND c_uni_ca='5' AND c_asigna='300314' [1][0] OK
C:[30/04/2015 15:16:53.83][172.16.3.68][1413] SELECT c_asigna FROM dace004 WHERE exp_e='14-23827851' AND c_asigna='300106' AND status IN ('0','3','B') [1][0] OK
C:[30/04/2015 15:16:53.83][172.16.3.68][1400] SELECT pre_cod_asig1,pre_cod_asig2,pre_cod_asig3,pre_cod_asig4,pre_cod_asig5,pre_cod_asig6,pre_cod_asig7 FROM tblaca009 WHERE pensum='5' AND c_uni_ca='5' AND c_asigna='300101' [1][0] OK
C:[30/04/2015 15:16:53.83][172.16.3.68][1400] SELECT pre_cod_asig1,pre_cod_asig2,pre_cod_asig3,pre_cod_asig4,pre_cod_asig5,pre_cod_asig6,pre_cod_asig7 FROM tblaca009 WHERE pensum='5' AND c_uni_ca='5' AND c_asigna='300222' [1][0] OK
C:[30/04/2015 15:16:53.83][172.16.3.68][1413] SELECT c_asigna FROM dace004 WHERE exp_e='14-23827851' AND c_asigna='300112' AND status IN ('0','3','B') [1][0] OK
C:[30/04/2015 15:16:53.84][172.16.3.68][1444] SELECT par_cod_asig1,par_cod_asig2,par_cod_asig3 FROM tblaca009 WHERE pensum='5' AND c_uni_ca='5' AND c_asigna='300226' [1][0] OK
C:[30/04/2015 15:16:53.84][172.16.3.68][1444] SELECT par_cod_asig1,par_cod_asig2,par_cod_asig3 FROM tblaca009 WHERE pensum='5' AND c_uni_ca='5' AND c_asigna='300013' [1][0] OK
C:[30/04/2015 15:16:53.84][172.16.3.68][1444] SELECT par_cod_asig1,par_cod_asig2,par_cod_asig3 FROM tblaca009 WHERE pensum='5' AND c_uni_ca='5' AND c_asigna='300314' [1][0] OK
C:[30/04/2015 15:16:53.84][172.16.3.68][1444] SELECT par_cod_asig1,par_cod_asig2,par_cod_asig3 FROM tblaca009 WHERE pensum='5' AND c_uni_ca='5' AND c_asigna='300101' [1][0] OK
C:[30/04/2015 15:16:53.84][172.16.3.68][1444] SELECT par_cod_asig1,par_cod_asig2,par_cod_asig3 FROM tblaca009 WHERE pensum='5' AND c_uni_ca='5' AND c_asigna='300222' [1][0] OK
C:[30/04/2015 15:16:53.48][172.16.3.68][1574] SELECT horas_lab FROM tblaca008 WHERE c_asigna='300226' AND horas_teoricas > 0 [1][0] OK
C:[11/11/2015 10:24:05.16][172.16.4.254][1400] SELECT pre_cod_asig1,pre_cod_asig2,pre_cod_asig3,pre_cod_asig4,pre_cod_asig5,pre_cod_asig6,pre_cod_asig7 FROM tblaca009 WHERE pensum='5' AND c_uni_ca='5' AND c_asigna='300677' [1][0] OK
C:[11/11/2015 10:24:05.16][172.16.4.254][1400] SELECT pre_cod_asig1,pre_cod_asig2,pre_cod_asig3,pre_cod_asig4,pre_cod_asig5,pre_cod_asig6,pre_cod_asig7 FROM tblaca009 WHERE pensum='5' AND c_uni_ca='5' AND c_asigna='355724' [1][0] OK
C:[11/11/2015 10:24:05.16][172.16.4.254][1413] SELECT c_asigna FROM dace004 WHERE exp_e='10-21248612' AND c_asigna='355692' AND status IN ('0','3','B') [1][0] OK
C:[11/11/2015 10:24:05.16][172.16.4.254][1400] SELECT pre_cod_asig1,pre_cod_asig2,pre_cod_asig3,pre_cod_asig4,pre_cod_asig5,pre_cod_asig6,pre_cod_asig7 FROM tblaca009 WHERE pensum='5' AND c_uni_ca='5' AND c_asigna='355725' [1][0] OK
C:[11/11/2015 10:24:05.16][172.16.4.254][1413] SELECT c_asigna FROM dace004 WHERE exp_e='10-21248612' AND c_asigna='355693' AND status IN ('0','3','B') [1][0] OK
C:[11/11/2015 10:24:05.16][172.16.4.254][1413] SELECT c_asigna FROM dace004 WHERE exp_e='10-21248612' AND c_asigna='355692' AND status IN ('0','3','B') [1][0] OK
C:[11/11/2015 10:24:05.16][172.16.4.254][1400] SELECT pre_cod_asig1,pre_cod_asig2,pre_cod_asig3,pre_cod_asig4,pre_cod_asig5,pre_cod_asig6,pre_cod_asig7 FROM tblaca009 WHERE pensum='5' AND c_uni_ca='5' AND c_asigna='355953' [1][0] OK
C:[11/11/2015 10:24:05.16][172.16.4.254][1413] SELECT c_asigna FROM dace004 WHERE exp_e='10-21248612' AND c_asigna='355691' AND status IN ('0','3','B') [1][0] OK
C:[11/11/2015 10:24:05.16][172.16.4.254][1400] SELECT pre_cod_asig1,pre_cod_asig2,pre_cod_asig3,pre_cod_asig4,pre_cod_asig5,pre_cod_asig6,pre_cod_asig7 FROM tblaca009 WHERE pensum='5' AND c_uni_ca='5' AND c_asigna='355696' [1][0] OK
C:[11/11/2015 10:24:05.16][172.16.4.254][1413] SELECT c_asigna FROM dace004 WHERE exp_e='10-21248612' AND c_asigna='355570' AND status IN ('0','3','B') [1][0] OK
C:[11/11/2015 10:24:05.16][172.16.4.254][1413] SELECT c_asigna FROM dace004 WHERE exp_e='10-21248612' AND c_asigna='355571' AND status IN ('0','3','B') [1][0] OK
C:[11/11/2015 10:24:05.16][172.16.4.254][1400] SELECT pre_cod_asig1,pre_cod_asig2,pre_cod_asig3,pre_cod_asig4,pre_cod_asig5,pre_cod_asig6,pre_cod_asig7 FROM tblaca009 WHERE pensum='5' AND c_uni_ca='5' AND c_asigna='355951' [1][0] OK
C:[11/11/2015 10:24:05.16][172.16.4.254][1413] SELECT c_asigna FROM dace004 WHERE exp_e='10-21248612' AND c_asigna='355691' AND status IN ('0','3','B') [1][0] OK
C:[11/11/2015 10:24:06.35][172.16.4.254][1444] SELECT par_cod_asig1,par_cod_asig2,par_cod_asig3 FROM tblaca009 WHERE pensum='5' AND c_uni_ca='5' AND c_asigna='300677' [1][0] OK
C:[11/11/2015 10:24:06.35][172.16.4.254][1444] SELECT par_cod_asig1,par_cod_asig2,par_cod_asig3 FROM tblaca009 WHERE pensum='5' AND c_uni_ca='5' AND c_asigna='355724' [1][0] OK
C:[11/11/2015 10:24:06.35][172.16.4.254][1444] SELECT par_cod_asig1,par_cod_asig2,par_cod_asig3 FROM tblaca009 WHERE pensum='5' AND c_uni_ca='5' AND c_asigna='355725' [1][0] OK
C:[11/11/2015 10:24:06.35][172.16.4.254][1444] SELECT par_cod_asig1,par_cod_asig2,par_cod_asig3 FROM tblaca009 WHERE pensum='5' AND c_uni_ca='5' AND c_asigna='355953' [1][0] OK
C:[11/11/2015 10:24:06.35][172.16.4.254][1444] SELECT par_cod_asig1,par_cod_asig2,par_cod_asig3 FROM tblaca009 WHERE pensum='5' AND c_uni_ca='5' AND c_asigna='355696' [1][0] OK
C:[11/11/2015 10:24:06.35][172.16.4.254][1444] SELECT par_cod_asig1,par_cod_asig2,par_cod_asig3 FROM tblaca009 WHERE pensum='5' AND c_uni_ca='5' AND c_asigna='355951' [1][0] OK
C:[11/11/2015 10:24:06.77][172.16.4.254][1574] SELECT horas_lab FROM tblaca008 WHERE c_asigna='300677' AND horas_teoricas > 0 [1][0] OK
C:[11/11/2015 16:00:28.03][172.16.4.254][1400] SELECT pre_cod_asig1,pre_cod_asig2,pre_cod_asig3,pre_cod_asig4,pre_cod_asig5,pre_cod_asig6,pre_cod_asig7 FROM tblaca009 WHERE pensum='5' AND c_uni_ca='4' AND c_asigna='333055' [1][0] OK
C:[11/11/2015 16:00:28.03][172.16.4.254][1400] SELECT pre_cod_asig1,pre_cod_asig2,pre_cod_asig3,pre_cod_asig4,pre_cod_asig5,pre_cod_asig6,pre_cod_asig7 FROM tblaca009 WHERE pensum='5' AND c_uni_ca='4' AND c_asigna='333838' [1][0] OK
C:[11/11/2015 16:00:28.03][172.16.4.254][1413] SELECT c_asigna FROM dace004 WHERE exp_e='09-20887244' AND c_asigna='333563' AND status IN ('0','3','B') [1][0] OK
C:[11/11/2015 16:00:28.03][172.16.4.254][1413] SELECT c_asigna FROM dace004 WHERE exp_e='09-20887244' AND c_asigna='333683' AND status IN ('0','3','B') [1][0] OK
C:[11/11/2015 16:00:28.03][172.16.4.254][1400] SELECT pre_cod_asig1,pre_cod_asig2,pre_cod_asig3,pre_cod_asig4,pre_cod_asig5,pre_cod_asig6,pre_cod_asig7 FROM tblaca009 WHERE pensum='5' AND c_uni_ca='4' AND c_asigna='300956' [1][0] OK
C:[11/11/2015 16:00:28.03][172.16.4.254][1413] SELECT c_asigna FROM dace004 WHERE exp_e='09-20887244' AND c_asigna='300422' AND status IN ('0','3','B') [1][0] OK
C:[11/11/2015 16:00:28.03][172.16.4.254][1413] SELECT c_asigna FROM dace004 WHERE exp_e='09-20887244' AND c_asigna='300105' AND status IN ('0','3','B') [1][0] OK
C:[11/11/2015 16:00:28.03][172.16.4.254][1413] SELECT c_asigna FROM dace004 WHERE exp_e='09-20887244' AND c_asigna='300314' AND status IN ('0','3','B') [1][0] OK
C:[11/11/2015 16:00:28.03][172.16.4.254][1400] SELECT pre_cod_asig1,pre_cod_asig2,pre_cod_asig3,pre_cod_asig4,pre_cod_asig5,pre_cod_asig6,pre_cod_asig7 FROM tblaca009 WHERE pensum='5' AND c_uni_ca='4' AND c_asigna='333939' [1][0] OK
C:[11/11/2015 16:00:28.03][172.16.4.254][1400] SELECT pre_cod_asig1,pre_cod_asig2,pre_cod_asig3,pre_cod_asig4,pre_cod_asig5,pre_cod_asig6,pre_cod_asig7 FROM tblaca009 WHERE pensum='5' AND c_uni_ca='4' AND c_asigna='333830' [1][0] OK
C:[11/11/2015 16:00:28.03][172.16.4.254][1413] SELECT c_asigna FROM dace004 WHERE exp_e='09-20887244' AND c_asigna='333710' AND status IN ('0','3','B') [1][0] OK
C:[11/11/2015 16:00:28.03][172.16.4.254][1413] SELECT c_asigna FROM dace004 WHERE exp_e='09-20887244' AND c_asigna='333782' AND status IN ('0','3','B') [1][0] OK
C:[11/11/2015 16:00:28.55][172.16.4.254][1444] SELECT par_cod_asig1,par_cod_asig2,par_cod_asig3 FROM tblaca009 WHERE pensum='5' AND c_uni_ca='4' AND c_asigna='333055' [1][0] OK
C:[11/11/2015 16:00:28.55][172.16.4.254][1444] SELECT par_cod_asig1,par_cod_asig2,par_cod_asig3 FROM tblaca009 WHERE pensum='5' AND c_uni_ca='4' AND c_asigna='333838' [1][0] OK
C:[11/11/2015 16:00:28.55][172.16.4.254][1444] SELECT par_cod_asig1,par_cod_asig2,par_cod_asig3 FROM tblaca009 WHERE pensum='5' AND c_uni_ca='4' AND c_asigna='300956' [1][0] OK
C:[11/11/2015 16:00:28.55][172.16.4.254][1444] SELECT par_cod_asig1,par_cod_asig2,par_cod_asig3 FROM tblaca009 WHERE pensum='5' AND c_uni_ca='4' AND c_asigna='333939' [1][0] OK
C:[11/11/2015 16:00:28.55][172.16.4.254][1458] SELECT c_asigna FROM dace004 WHERE exp_e='09-20887244' AND c_asigna='300956' AND status IN ('0','3','B','C') [0][0] OK
C:[11/11/2015 16:00:28.55][172.16.4.254][1444] SELECT par_cod_asig1,par_cod_asig2,par_cod_asig3 FROM tblaca009 WHERE pensum='5' AND c_uni_ca='4' AND c_asigna='333830' [1][0] OK
C:[11/11/2015 16:00:29.30][172.16.4.254][1574] SELECT horas_lab FROM tblaca008 WHERE c_asigna='333055' AND horas_teoricas > 0 [1][0] OK
C:[12/11/2015 08:19:25.88][172.16.4.241][1400] SELECT pre_cod_asig1,pre_cod_asig2,pre_cod_asig3,pre_cod_asig4,pre_cod_asig5,pre_cod_asig6,pre_cod_asig7 FROM tblaca009 WHERE pensum='5' AND c_uni_ca='6' AND c_asigna='333059' [1][0] OK
C:[12/11/2015 08:19:25.88][172.16.4.241][1400] SELECT pre_cod_asig1,pre_cod_asig2,pre_cod_asig3,pre_cod_asig4,pre_cod_asig5,pre_cod_asig6,pre_cod_asig7 FROM tblaca009 WHERE pensum='5' AND c_uni_ca='6' AND c_asigna='344812' [1][0] OK
C:[12/11/2015 08:19:25.88][172.16.4.241][1413] SELECT c_asigna FROM dace004 WHERE exp_e='07-20036308' AND c_asigna='344715' AND status IN ('0','3','B') [1][0] OK
C:[12/11/2015 08:19:25.88][172.16.4.241][1413] SELECT c_asigna FROM dace004 WHERE exp_e='07-20036308' AND c_asigna='344742' AND status IN ('0','3','B') [1][0] OK
C:[12/11/2015 08:19:25.88][172.16.4.241][1400] SELECT pre_cod_asig1,pre_cod_asig2,pre_cod_asig3,pre_cod_asig4,pre_cod_asig5,pre_cod_asig6,pre_cod_asig7 FROM tblaca009 WHERE pensum='5' AND c_uni_ca='6' AND c_asigna='344834' [1][0] OK
C:[12/11/2015 08:19:25.88][172.16.4.241][1413] SELECT c_asigna FROM dace004 WHERE exp_e='07-20036308' AND c_asigna='344715' AND status IN ('0','3','B') [1][0] OK
C:[12/11/2015 08:19:25.88][172.16.4.241][1413] SELECT c_asigna FROM dace004 WHERE exp_e='07-20036308' AND c_asigna='344716' AND status IN ('0','3','B') [1][0] OK
C:[12/11/2015 08:19:25.88][172.16.4.241][1400] SELECT pre_cod_asig1,pre_cod_asig2,pre_cod_asig3,pre_cod_asig4,pre_cod_asig5,pre_cod_asig6,pre_cod_asig7 FROM tblaca009 WHERE pensum='5' AND c_uni_ca='6' AND c_asigna='344843' [1][0] OK
C:[12/11/2015 08:19:25.88][172.16.4.241][1413] SELECT c_asigna FROM dace004 WHERE exp_e='07-20036308' AND c_asigna='344714' AND status IN ('0','3','B') [1][0] OK
C:[12/11/2015 08:19:25.88][172.16.4.241][1413] SELECT c_asigna FROM dace004 WHERE exp_e='07-20036308' AND c_asigna='344715' AND status IN ('0','3','B') [1][0] OK
C:[12/11/2015 08:19:25.88][172.16.4.241][1413] SELECT c_asigna FROM dace004 WHERE exp_e='07-20036308' AND c_asigna='300313' AND status IN ('0','3','B') [1][0] OK
C:[12/11/2015 08:19:25.88][172.16.4.241][1400] SELECT pre_cod_asig1,pre_cod_asig2,pre_cod_asig3,pre_cod_asig4,pre_cod_asig5,pre_cod_asig6,pre_cod_asig7 FROM tblaca009 WHERE pensum='5' AND c_uni_ca='6' AND c_asigna='300956' [1][0] OK
C:[12/11/2015 08:19:25.88][172.16.4.241][1413] SELECT c_asigna FROM dace004 WHERE exp_e='07-20036308' AND c_asigna='300422' AND status IN ('0','3','B') [1][0] OK
C:[12/11/2015 08:19:25.88][172.16.4.241][1413] SELECT c_asigna FROM dace004 WHERE exp_e='07-20036308' AND c_asigna='300105' AND status IN ('0','3','B') [1][0] OK
C:[12/11/2015 08:19:25.88][172.16.4.241][1413] SELECT c_asigna FROM dace004 WHERE exp_e='07-20036308' AND c_asigna='300314' AND status IN ('0','3','B') [1][0] OK
C:[12/11/2015 08:19:25.88][172.16.4.241][1400] SELECT pre_cod_asig1,pre_cod_asig2,pre_cod_asig3,pre_cod_asig4,pre_cod_asig5,pre_cod_asig6,pre_cod_asig7 FROM tblaca009 WHERE pensum='5' AND c_uni_ca='6' AND c_asigna='344948' [1][0] OK
C:[12/11/2015 08:19:25.88][172.16.4.241][1400] SELECT pre_cod_asig1,pre_cod_asig2,pre_cod_asig3,pre_cod_asig4,pre_cod_asig5,pre_cod_asig6,pre_cod_asig7 FROM tblaca009 WHERE pensum='5' AND c_uni_ca='6' AND c_asigna='344965' [1][0] OK
C:[12/11/2015 08:19:25.88][172.16.4.241][1413] SELECT c_asigna FROM dace004 WHERE exp_e='07-20036308' AND c_asigna='344714' AND status IN ('0','3','B') [1][0] OK
C:[12/11/2015 08:19:25.12][172.16.4.241][1444] SELECT par_cod_asig1,par_cod_asig2,par_cod_asig3 FROM tblaca009 WHERE pensum='5' AND c_uni_ca='6' AND c_asigna='333059' [1][0] OK
C:[12/11/2015 08:19:25.12][172.16.4.241][1444] SELECT par_cod_asig1,par_cod_asig2,par_cod_asig3 FROM tblaca009 WHERE pensum='5' AND c_uni_ca='6' AND c_asigna='344812' [1][0] OK
C:[12/11/2015 08:19:25.12][172.16.4.241][1444] SELECT par_cod_asig1,par_cod_asig2,par_cod_asig3 FROM tblaca009 WHERE pensum='5' AND c_uni_ca='6' AND c_asigna='344834' [1][0] OK
C:[12/11/2015 08:19:25.12][172.16.4.241][1444] SELECT par_cod_asig1,par_cod_asig2,par_cod_asig3 FROM tblaca009 WHERE pensum='5' AND c_uni_ca='6' AND c_asigna='344843' [1][0] OK
C:[12/11/2015 08:19:25.12][172.16.4.241][1444] SELECT par_cod_asig1,par_cod_asig2,par_cod_asig3 FROM tblaca009 WHERE pensum='5' AND c_uni_ca='6' AND c_asigna='300956' [1][0] OK
C:[12/11/2015 08:19:25.12][172.16.4.241][1444] SELECT par_cod_asig1,par_cod_asig2,par_cod_asig3 FROM tblaca009 WHERE pensum='5' AND c_uni_ca='6' AND c_asigna='344948' [1][0] OK
C:[12/11/2015 08:19:25.12][172.16.4.241][1444] SELECT par_cod_asig1,par_cod_asig2,par_cod_asig3 FROM tblaca009 WHERE pensum='5' AND c_uni_ca='6' AND c_asigna='344965' [1][0] OK
C:[12/11/2015 08:19:26.03][172.16.4.241][1574] SELECT horas_lab FROM tblaca008 WHERE c_asigna='333059' AND horas_teoricas > 0 [1][0] OK
C:[19/11/2015 10:11:49.30][172.16.4.247][1400] SELECT pre_cod_asig1,pre_cod_asig2,pre_cod_asig3,pre_cod_asig4,pre_cod_asig5,pre_cod_asig6,pre_cod_asig7 FROM tblaca009 WHERE pensum='5' AND c_uni_ca='5' AND c_asigna='300676' [1][0] OK
C:[19/11/2015 10:11:49.30][172.16.4.247][1400] SELECT pre_cod_asig1,pre_cod_asig2,pre_cod_asig3,pre_cod_asig4,pre_cod_asig5,pre_cod_asig6,pre_cod_asig7 FROM tblaca009 WHERE pensum='5' AND c_uni_ca='5' AND c_asigna='355570' [1][0] OK
C:[19/11/2015 10:11:49.30][172.16.4.247][1413] SELECT c_asigna FROM dace004 WHERE exp_e='11-22587489' AND c_asigna='355447' AND status IN ('0','3','B') [1][0] OK
C:[19/11/2015 10:11:49.30][172.16.4.247][1400] SELECT pre_cod_asig1,pre_cod_asig2,pre_cod_asig3,pre_cod_asig4,pre_cod_asig5,pre_cod_asig6,pre_cod_asig7 FROM tblaca009 WHERE pensum='5' AND c_uni_ca='5' AND c_asigna='355571' [1][0] OK
C:[19/11/2015 10:11:49.30][172.16.4.247][1413] SELECT c_asigna FROM dace004 WHERE exp_e='11-22587489' AND c_asigna='355447' AND status IN ('0','3','B') [1][0] OK
C:[19/11/2015 10:11:49.30][172.16.4.247][1400] SELECT pre_cod_asig1,pre_cod_asig2,pre_cod_asig3,pre_cod_asig4,pre_cod_asig5,pre_cod_asig6,pre_cod_asig7 FROM tblaca009 WHERE pensum='5' AND c_uni_ca='5' AND c_asigna='355693' [1][0] OK
C:[19/11/2015 10:11:49.30][172.16.4.247][1413] SELECT c_asigna FROM dace004 WHERE exp_e='11-22587489' AND c_asigna='355572' AND status IN ('0','3','B') [1][0] OK
C:[19/11/2015 10:11:49.30][172.16.4.247][1413] SELECT c_asigna FROM dace004 WHERE exp_e='11-22587489' AND c_asigna='352440' AND status IN ('0','3','B') [1][0] OK
C:[19/11/2015 10:11:49.30][172.16.4.247][1413] SELECT c_asigna FROM dace004 WHERE exp_e='11-22587489' AND c_asigna='355573' AND status IN ('0','3','B') [1][0] OK
C:[19/11/2015 10:11:49.30][172.16.4.247][1413] SELECT c_asigna FROM dace004 WHERE exp_e='11-22587489' AND c_asigna='300226' AND status IN ('0','3','B') [1][0] OK
C:[19/11/2015 10:11:49.30][172.16.4.247][1413] SELECT c_asigna FROM dace004 WHERE exp_e='11-22587489' AND c_asigna='300222' AND status IN ('0','3','B') [1][0] OK
C:[19/11/2015 10:11:49.30][172.16.4.247][1413] SELECT c_asigna FROM dace004 WHERE exp_e='11-22587489' AND c_asigna='300013' AND status IN ('0','3','B') [1][0] OK
C:[19/11/2015 10:11:49.30][172.16.4.247][1413] SELECT c_asigna FROM dace004 WHERE exp_e='11-22587489' AND c_asigna='300113' AND status IN ('0','3','B') [1][0] OK
C:[19/11/2015 10:11:50.92][172.16.4.247][1444] SELECT par_cod_asig1,par_cod_asig2,par_cod_asig3 FROM tblaca009 WHERE pensum='5' AND c_uni_ca='5' AND c_asigna='300676' [1][0] OK
C:[19/11/2015 10:11:50.92][172.16.4.247][1444] SELECT par_cod_asig1,par_cod_asig2,par_cod_asig3 FROM tblaca009 WHERE pensum='5' AND c_uni_ca='5' AND c_asigna='355570' [1][0] OK
C:[19/11/2015 10:11:50.92][172.16.4.247][1444] SELECT par_cod_asig1,par_cod_asig2,par_cod_asig3 FROM tblaca009 WHERE pensum='5' AND c_uni_ca='5' AND c_asigna='355571' [1][0] OK
C:[19/11/2015 10:11:50.92][172.16.4.247][1444] SELECT par_cod_asig1,par_cod_asig2,par_cod_asig3 FROM tblaca009 WHERE pensum='5' AND c_uni_ca='5' AND c_asigna='355693' [1][0] OK
C:[19/11/2015 10:11:50.45][172.16.4.247][1574] SELECT horas_lab FROM tblaca008 WHERE c_asigna='300676' AND horas_teoricas > 0 [1][0] OK
C:[23/11/2015 11:41:14.20][172.16.4.254][1400] SELECT pre_cod_asig1,pre_cod_asig2,pre_cod_asig3,pre_cod_asig4,pre_cod_asig5,pre_cod_asig6,pre_cod_asig7 FROM tblaca009 WHERE pensum='5' AND c_uni_ca='2' AND c_asigna='300218' [1][0] OK
C:[23/11/2015 11:41:14.20][172.16.4.254][1413] SELECT c_asigna FROM dace004 WHERE exp_e='15-25637816' AND c_asigna='300101' AND status IN ('0','3','B') [1][0] OK
C:[23/11/2015 11:41:14.20][172.16.4.254][1400] SELECT pre_cod_asig1,pre_cod_asig2,pre_cod_asig3,pre_cod_asig4,pre_cod_asig5,pre_cod_asig6,pre_cod_asig7 FROM tblaca009 WHERE pensum='5' AND c_uni_ca='2' AND c_asigna='300228' [1][0] OK
C:[23/11/2015 11:41:14.20][172.16.4.254][1413] SELECT c_asigna FROM dace004 WHERE exp_e='15-25637816' AND c_asigna='300101' AND status IN ('0','3','B') [1][0] OK
C:[23/11/2015 11:41:14.20][172.16.4.254][1400] SELECT pre_cod_asig1,pre_cod_asig2,pre_cod_asig3,pre_cod_asig4,pre_cod_asig5,pre_cod_asig6,pre_cod_asig7 FROM tblaca009 WHERE pensum='5' AND c_uni_ca='2' AND c_asigna='300207' [1][0] OK
C:[23/11/2015 11:41:14.20][172.16.4.254][1413] SELECT c_asigna FROM dace004 WHERE exp_e='15-25637816' AND c_asigna='300101' AND status IN ('0','3','B') [1][0] OK
C:[23/11/2015 11:41:14.20][172.16.4.254][1400] SELECT pre_cod_asig1,pre_cod_asig2,pre_cod_asig3,pre_cod_asig4,pre_cod_asig5,pre_cod_asig6,pre_cod_asig7 FROM tblaca009 WHERE pensum='5' AND c_uni_ca='2' AND c_asigna='300222' [1][0] OK
C:[23/11/2015 11:41:14.20][172.16.4.254][1413] SELECT c_asigna FROM dace004 WHERE exp_e='15-25637816' AND c_asigna='300112' AND status IN ('0','3','B') [1][0] OK
C:[23/11/2015 11:41:14.20][172.16.4.254][1400] SELECT pre_cod_asig1,pre_cod_asig2,pre_cod_asig3,pre_cod_asig4,pre_cod_asig5,pre_cod_asig6,pre_cod_asig7 FROM tblaca009 WHERE pensum='5' AND c_uni_ca='2' AND c_asigna='300226' [1][0] OK
C:[23/11/2015 11:41:14.20][172.16.4.254][1413] SELECT c_asigna FROM dace004 WHERE exp_e='15-25637816' AND c_asigna='300116' AND status IN ('0','3','B') [1][0] OK
C:[23/11/2015 11:41:14.20][172.16.4.254][1400] SELECT pre_cod_asig1,pre_cod_asig2,pre_cod_asig3,pre_cod_asig4,pre_cod_asig5,pre_cod_asig6,pre_cod_asig7 FROM tblaca009 WHERE pensum='5' AND c_uni_ca='2' AND c_asigna='300314' [1][0] OK
C:[23/11/2015 11:41:14.20][172.16.4.254][1413] SELECT c_asigna FROM dace004 WHERE exp_e='15-25637816' AND c_asigna='300106' AND status IN ('0','3','B') [1][0] OK
C:[23/11/2015 11:41:14.20][172.16.4.254][1400] SELECT pre_cod_asig1,pre_cod_asig2,pre_cod_asig3,pre_cod_asig4,pre_cod_asig5,pre_cod_asig6,pre_cod_asig7 FROM tblaca009 WHERE pensum='5' AND c_uni_ca='2' AND c_asigna='300209' [1][0] OK
C:[23/11/2015 11:41:14.20][172.16.4.254][1413] SELECT c_asigna FROM dace004 WHERE exp_e='15-25637816' AND c_asigna='300101' AND status IN ('0','3','B') [1][0] OK
C:[23/11/2015 11:41:15.52][172.16.4.254][1444] SELECT par_cod_asig1,par_cod_asig2,par_cod_asig3 FROM tblaca009 WHERE pensum='5' AND c_uni_ca='2' AND c_asigna='300218' [1][0] OK
C:[23/11/2015 11:41:15.52][172.16.4.254][1458] SELECT c_asigna FROM dace004 WHERE exp_e='15-25637816' AND c_asigna='300228' AND status IN ('0','3','B','C') [0][0] OK
C:[23/11/2015 11:41:15.52][172.16.4.254][1444] SELECT par_cod_asig1,par_cod_asig2,par_cod_asig3 FROM tblaca009 WHERE pensum='5' AND c_uni_ca='2' AND c_asigna='300228' [1][0] OK
C:[23/11/2015 11:41:15.52][172.16.4.254][1444] SELECT par_cod_asig1,par_cod_asig2,par_cod_asig3 FROM tblaca009 WHERE pensum='5' AND c_uni_ca='2' AND c_asigna='300207' [1][0] OK
C:[23/11/2015 11:41:15.52][172.16.4.254][1444] SELECT par_cod_asig1,par_cod_asig2,par_cod_asig3 FROM tblaca009 WHERE pensum='5' AND c_uni_ca='2' AND c_asigna='300222' [1][0] OK
C:[23/11/2015 11:41:15.52][172.16.4.254][1444] SELECT par_cod_asig1,par_cod_asig2,par_cod_asig3 FROM tblaca009 WHERE pensum='5' AND c_uni_ca='2' AND c_asigna='300226' [1][0] OK
C:[23/11/2015 11:41:15.52][172.16.4.254][1444] SELECT par_cod_asig1,par_cod_asig2,par_cod_asig3 FROM tblaca009 WHERE pensum='5' AND c_uni_ca='2' AND c_asigna='300314' [1][0] OK
C:[23/11/2015 11:41:15.52][172.16.4.254][1444] SELECT par_cod_asig1,par_cod_asig2,par_cod_asig3 FROM tblaca009 WHERE pensum='5' AND c_uni_ca='2' AND c_asigna='300209' [1][0] OK
C:[23/11/2015 11:41:15.55][172.16.4.254][1574] SELECT horas_lab FROM tblaca008 WHERE c_asigna='300218' AND horas_teoricas > 0 [0][0] OK
C:[23/11/2015 11:41:15.55][172.16.4.254][1574] SELECT horas_lab FROM tblaca008 WHERE c_asigna='300228' AND horas_teoricas > 0 [1][0] OK
C:[31/10/2016 13:55:25.72][172.16.4.234][1400] SELECT pre_cod_asig1,pre_cod_asig2,pre_cod_asig3,pre_cod_asig4,pre_cod_asig5,pre_cod_asig6,pre_cod_asig7 FROM tblaca009 WHERE pensum='5' AND c_uni_ca='4' AND c_asigna='300218' [1][0] OK
C:[31/10/2016 13:55:25.72][172.16.4.234][1413] SELECT c_asigna FROM dace004 WHERE exp_e='13-25672961' AND c_asigna='300101' AND status IN ('0','3','B') [1][0] OK
C:[31/10/2016 13:55:25.72][172.16.4.234][1400] SELECT pre_cod_asig1,pre_cod_asig2,pre_cod_asig3,pre_cod_asig4,pre_cod_asig5,pre_cod_asig6,pre_cod_asig7 FROM tblaca009 WHERE pensum='5' AND c_uni_ca='4' AND c_asigna='300228' [1][0] OK
C:[31/10/2016 13:55:25.72][172.16.4.234][1413] SELECT c_asigna FROM dace004 WHERE exp_e='13-25672961' AND c_asigna='300101' AND status IN ('0','3','B') [1][0] OK
C:[31/10/2016 13:55:25.72][172.16.4.234][1400] SELECT pre_cod_asig1,pre_cod_asig2,pre_cod_asig3,pre_cod_asig4,pre_cod_asig5,pre_cod_asig6,pre_cod_asig7 FROM tblaca009 WHERE pensum='5' AND c_uni_ca='4' AND c_asigna='300222' [1][0] OK
C:[31/10/2016 13:55:25.72][172.16.4.234][1413] SELECT c_asigna FROM dace004 WHERE exp_e='13-25672961' AND c_asigna='300112' AND status IN ('0','3','B') [1][0] OK
C:[31/10/2016 13:55:25.72][172.16.4.234][1400] SELECT pre_cod_asig1,pre_cod_asig2,pre_cod_asig3,pre_cod_asig4,pre_cod_asig5,pre_cod_asig6,pre_cod_asig7 FROM tblaca009 WHERE pensum='5' AND c_uni_ca='4' AND c_asigna='300317' [1][0] OK
C:[31/10/2016 13:55:25.72][172.16.4.234][1413] SELECT c_asigna FROM dace004 WHERE exp_e='13-25672961' AND c_asigna='300207' AND status IN ('0','3','B') [1][0] OK
C:[31/10/2016 13:55:25.72][172.16.4.234][1413] SELECT c_asigna FROM dace004 WHERE exp_e='13-25672961' AND c_asigna='300209' AND status IN ('0','3','B') [1][0] OK
C:[31/10/2016 13:55:25.72][172.16.4.234][1400] SELECT pre_cod_asig1,pre_cod_asig2,pre_cod_asig3,pre_cod_asig4,pre_cod_asig5,pre_cod_asig6,pre_cod_asig7 FROM tblaca009 WHERE pensum='5' AND c_uni_ca='4' AND c_asigna='333442' [1][0] OK
C:[31/10/2016 13:55:25.72][172.16.4.234][1413] SELECT c_asigna FROM dace004 WHERE exp_e='13-25672961' AND c_asigna='330310' AND status IN ('0','3','B') [1][0] OK
C:[31/10/2016 13:55:25.72][172.16.4.234][1413] SELECT c_asigna FROM dace004 WHERE exp_e='13-25672961' AND c_asigna='333326' AND status IN ('0','3','B') [1][0] OK
C:[31/10/2016 13:55:25.23][172.16.4.234][1444] SELECT par_cod_asig1,par_cod_asig2,par_cod_asig3 FROM tblaca009 WHERE pensum='5' AND c_uni_ca='4' AND c_asigna='300218' [1][0] OK
C:[31/10/2016 13:55:25.23][172.16.4.234][1458] SELECT c_asigna FROM dace004 WHERE exp_e='13-25672961' AND c_asigna='300228' AND status IN ('0','3','B','C') [0][0] OK
C:[31/10/2016 13:55:25.23][172.16.4.234][1444] SELECT par_cod_asig1,par_cod_asig2,par_cod_asig3 FROM tblaca009 WHERE pensum='5' AND c_uni_ca='4' AND c_asigna='300228' [1][0] OK
C:[31/10/2016 13:55:25.23][172.16.4.234][1444] SELECT par_cod_asig1,par_cod_asig2,par_cod_asig3 FROM tblaca009 WHERE pensum='5' AND c_uni_ca='4' AND c_asigna='300222' [1][0] OK
C:[31/10/2016 13:55:25.23][172.16.4.234][1444] SELECT par_cod_asig1,par_cod_asig2,par_cod_asig3 FROM tblaca009 WHERE pensum='5' AND c_uni_ca='4' AND c_asigna='300317' [1][0] OK
C:[31/10/2016 13:55:25.23][172.16.4.234][1444] SELECT par_cod_asig1,par_cod_asig2,par_cod_asig3 FROM tblaca009 WHERE pensum='5' AND c_uni_ca='4' AND c_asigna='333442' [1][0] OK
C:[31/10/2016 13:55:25.00][172.16.4.234][1574] SELECT horas_lab FROM tblaca008 WHERE c_asigna='300218' AND horas_teoricas > 0 [0][0] OK
C:[31/10/2016 13:55:25.00][172.16.4.234][1574] SELECT horas_lab FROM tblaca008 WHERE c_asigna='300228' AND horas_teoricas > 0 [1][0] OK
C:[03/11/2016 15:02:58.79][172.16.5.187][1400] SELECT pre_cod_asig1,pre_cod_asig2,pre_cod_asig3,pre_cod_asig4,pre_cod_asig5,pre_cod_asig6,pre_cod_asig7 FROM tblaca009 WHERE pensum='5' AND c_uni_ca='6' AND c_asigna='300209' [1][0] OK
C:[03/11/2016 15:02:58.79][172.16.5.187][1413] SELECT c_asigna FROM dace004 WHERE exp_e='13-24702015' AND c_asigna='300101' AND status IN ('0','3','B') [1][0] OK
C:[03/11/2016 15:02:58.79][172.16.5.187][1400] SELECT pre_cod_asig1,pre_cod_asig2,pre_cod_asig3,pre_cod_asig4,pre_cod_asig5,pre_cod_asig6,pre_cod_asig7 FROM tblaca009 WHERE pensum='5' AND c_uni_ca='6' AND c_asigna='300207' [1][0] OK
C:[03/11/2016 15:02:58.79][172.16.5.187][1413] SELECT c_asigna FROM dace004 WHERE exp_e='13-24702015' AND c_asigna='300101' AND status IN ('0','3','B') [1][0] OK
C:[03/11/2016 15:02:58.79][172.16.5.187][1400] SELECT pre_cod_asig1,pre_cod_asig2,pre_cod_asig3,pre_cod_asig4,pre_cod_asig5,pre_cod_asig6,pre_cod_asig7 FROM tblaca009 WHERE pensum='5' AND c_uni_ca='6' AND c_asigna='300213' [1][0] OK
C:[03/11/2016 15:02:58.79][172.16.5.187][1413] SELECT c_asigna FROM dace004 WHERE exp_e='13-24702015' AND c_asigna='300101' AND status IN ('0','3','B') [1][0] OK
C:[03/11/2016 15:02:58.79][172.16.5.187][1400] SELECT pre_cod_asig1,pre_cod_asig2,pre_cod_asig3,pre_cod_asig4,pre_cod_asig5,pre_cod_asig6,pre_cod_asig7 FROM tblaca009 WHERE pensum='5' AND c_uni_ca='6' AND c_asigna='300218' [1][0] OK
C:[03/11/2016 15:02:58.79][172.16.5.187][1413] SELECT c_asigna FROM dace004 WHERE exp_e='13-24702015' AND c_asigna='300101' AND status IN ('0','3','B') [1][0] OK
C:[03/11/2016 15:02:58.79][172.16.5.187][1400] SELECT pre_cod_asig1,pre_cod_asig2,pre_cod_asig3,pre_cod_asig4,pre_cod_asig5,pre_cod_asig6,pre_cod_asig7 FROM tblaca009 WHERE pensum='5' AND c_uni_ca='6' AND c_asigna='300228' [1][0] OK
C:[03/11/2016 15:02:58.79][172.16.5.187][1413] SELECT c_asigna FROM dace004 WHERE exp_e='13-24702015' AND c_asigna='300101' AND status IN ('0','3','B') [1][0] OK
C:[03/11/2016 15:02:58.04][172.16.5.187][1444] SELECT par_cod_asig1,par_cod_asig2,par_cod_asig3 FROM tblaca009 WHERE pensum='5' AND c_uni_ca='6' AND c_asigna='300209' [1][0] OK
C:[03/11/2016 15:02:58.04][172.16.5.187][1444] SELECT par_cod_asig1,par_cod_asig2,par_cod_asig3 FROM tblaca009 WHERE pensum='5' AND c_uni_ca='6' AND c_asigna='300207' [1][0] OK
C:[03/11/2016 15:02:58.04][172.16.5.187][1444] SELECT par_cod_asig1,par_cod_asig2,par_cod_asig3 FROM tblaca009 WHERE pensum='5' AND c_uni_ca='6' AND c_asigna='300213' [1][0] OK
C:[03/11/2016 15:02:58.04][172.16.5.187][1458] SELECT c_asigna FROM dace004 WHERE exp_e='13-24702015' AND c_asigna='300209' AND status IN ('0','3','B','C') [0][0] OK
C:[03/11/2016 15:02:58.04][172.16.5.187][1444] SELECT par_cod_asig1,par_cod_asig2,par_cod_asig3 FROM tblaca009 WHERE pensum='5' AND c_uni_ca='6' AND c_asigna='300218' [1][0] OK
C:[03/11/2016 15:02:58.04][172.16.5.187][1458] SELECT c_asigna FROM dace004 WHERE exp_e='13-24702015' AND c_asigna='300228' AND status IN ('0','3','B','C') [0][0] OK
C:[03/11/2016 15:02:58.04][172.16.5.187][1444] SELECT par_cod_asig1,par_cod_asig2,par_cod_asig3 FROM tblaca009 WHERE pensum='5' AND c_uni_ca='6' AND c_asigna='300228' [1][0] OK
C:[03/11/2016 15:02:59.95][172.16.5.187][1574] SELECT horas_lab FROM tblaca008 WHERE c_asigna='300209' AND horas_teoricas > 0 [1][0] OK
C:[07/11/2016 09:51:03.36][172.16.4.254][1400] SELECT pre_cod_asig1,pre_cod_asig2,pre_cod_asig3,pre_cod_asig4,pre_cod_asig5,pre_cod_asig6,pre_cod_asig7 FROM tblaca009 WHERE pensum='5' AND c_uni_ca='6' AND c_asigna='300101' [1][0] OK
C:[07/11/2016 09:51:03.36][172.16.4.254][1400] SELECT pre_cod_asig1,pre_cod_asig2,pre_cod_asig3,pre_cod_asig4,pre_cod_asig5,pre_cod_asig6,pre_cod_asig7 FROM tblaca009 WHERE pensum='5' AND c_uni_ca='6' AND c_asigna='300013' [1][0] OK
C:[07/11/2016 09:51:03.36][172.16.4.254][1400] SELECT pre_cod_asig1,pre_cod_asig2,pre_cod_asig3,pre_cod_asig4,pre_cod_asig5,pre_cod_asig6,pre_cod_asig7 FROM tblaca009 WHERE pensum='5' AND c_uni_ca='6' AND c_asigna='300105' [1][0] OK
C:[07/11/2016 09:51:03.36][172.16.4.254][1400] SELECT pre_cod_asig1,pre_cod_asig2,pre_cod_asig3,pre_cod_asig4,pre_cod_asig5,pre_cod_asig6,pre_cod_asig7 FROM tblaca009 WHERE pensum='5' AND c_uni_ca='6' AND c_asigna='300106' [1][0] OK
C:[07/11/2016 09:51:03.36][172.16.4.254][1400] SELECT pre_cod_asig1,pre_cod_asig2,pre_cod_asig3,pre_cod_asig4,pre_cod_asig5,pre_cod_asig6,pre_cod_asig7 FROM tblaca009 WHERE pensum='5' AND c_uni_ca='6' AND c_asigna='300112' [1][0] OK
C:[07/11/2016 09:51:03.36][172.16.4.254][1400] SELECT pre_cod_asig1,pre_cod_asig2,pre_cod_asig3,pre_cod_asig4,pre_cod_asig5,pre_cod_asig6,pre_cod_asig7 FROM tblaca009 WHERE pensum='5' AND c_uni_ca='6' AND c_asigna='300116' [1][0] OK
C:[07/11/2016 09:51:03.11][172.16.4.254][1444] SELECT par_cod_asig1,par_cod_asig2,par_cod_asig3 FROM tblaca009 WHERE pensum='5' AND c_uni_ca='6' AND c_asigna='300101' [1][0] OK
C:[07/11/2016 09:51:03.11][172.16.4.254][1444] SELECT par_cod_asig1,par_cod_asig2,par_cod_asig3 FROM tblaca009 WHERE pensum='5' AND c_uni_ca='6' AND c_asigna='300013' [1][0] OK
C:[07/11/2016 09:51:03.11][172.16.4.254][1444] SELECT par_cod_asig1,par_cod_asig2,par_cod_asig3 FROM tblaca009 WHERE pensum='5' AND c_uni_ca='6' AND c_asigna='300105' [1][0] OK
C:[07/11/2016 09:51:03.11][172.16.4.254][1444] SELECT par_cod_asig1,par_cod_asig2,par_cod_asig3 FROM tblaca009 WHERE pensum='5' AND c_uni_ca='6' AND c_asigna='300106' [1][0] OK
C:[07/11/2016 09:51:03.11][172.16.4.254][1444] SELECT par_cod_asig1,par_cod_asig2,par_cod_asig3 FROM tblaca009 WHERE pensum='5' AND c_uni_ca='6' AND c_asigna='300112' [1][0] OK
C:[07/11/2016 09:51:03.11][172.16.4.254][1444] SELECT par_cod_asig1,par_cod_asig2,par_cod_asig3 FROM tblaca009 WHERE pensum='5' AND c_uni_ca='6' AND c_asigna='300116' [1][0] OK
C:[07/11/2016 09:51:03.89][172.16.4.254][1574] SELECT horas_lab FROM tblaca008 WHERE c_asigna='300101' AND horas_teoricas > 0 [1][0] OK
C:[08/11/2016 12:47:22.36][172.16.4.234][1400] SELECT pre_cod_asig1,pre_cod_asig2,pre_cod_asig3,pre_cod_asig4,pre_cod_asig5,pre_cod_asig6,pre_cod_asig7 FROM tblaca009 WHERE pensum='5' AND c_uni_ca='5' AND c_asigna='355834' [1][0] OK
C:[08/11/2016 12:47:22.36][172.16.4.234][1413] SELECT c_asigna FROM dace004 WHERE exp_e='11-21251227' AND c_asigna='355694' AND status IN ('0','3','B') [1][0] OK
C:[08/11/2016 12:47:22.36][172.16.4.234][1400] SELECT pre_cod_asig1,pre_cod_asig2,pre_cod_asig3,pre_cod_asig4,pre_cod_asig5,pre_cod_asig6,pre_cod_asig7 FROM tblaca009 WHERE pensum='5' AND c_uni_ca='5' AND c_asigna='355833' [1][0] OK
C:[08/11/2016 12:47:22.36][172.16.4.234][1413] SELECT c_asigna FROM dace004 WHERE exp_e='11-21251227' AND c_asigna='355694' AND status IN ('0','3','B') [1][0] OK
C:[08/11/2016 12:47:22.36][172.16.4.234][1400] SELECT pre_cod_asig1,pre_cod_asig2,pre_cod_asig3,pre_cod_asig4,pre_cod_asig5,pre_cod_asig6,pre_cod_asig7 FROM tblaca009 WHERE pensum='5' AND c_uni_ca='5' AND c_asigna='355835' [1][0] OK
C:[08/11/2016 12:47:22.36][172.16.4.234][1413] SELECT c_asigna FROM dace004 WHERE exp_e='11-21251227' AND c_asigna='355691' AND status IN ('0','3','B') [1][0] OK
C:[08/11/2016 12:47:22.36][172.16.4.234][1400] SELECT pre_cod_asig1,pre_cod_asig2,pre_cod_asig3,pre_cod_asig4,pre_cod_asig5,pre_cod_asig6,pre_cod_asig7 FROM tblaca009 WHERE pensum='5' AND c_uni_ca='5' AND c_asigna='355838' [1][0] OK
C:[08/11/2016 12:47:22.36][172.16.4.234][1413] SELECT c_asigna FROM dace004 WHERE exp_e='11-21251227' AND c_asigna='355721' AND status IN ('0','3','B') [1][0] OK
C:[08/11/2016 12:47:22.36][172.16.4.234][1400] SELECT pre_cod_asig1,pre_cod_asig2,pre_cod_asig3,pre_cod_asig4,pre_cod_asig5,pre_cod_asig6,pre_cod_asig7 FROM tblaca009 WHERE pensum='5' AND c_uni_ca='5' AND c_asigna='355839' [1][0] OK
C:[08/11/2016 12:47:22.36][172.16.4.234][1413] SELECT c_asigna FROM dace004 WHERE exp_e='11-21251227' AND c_asigna='355725' AND status IN ('0','3','B') [1][0] OK
C:[08/11/2016 12:47:22.36][172.16.4.234][1413] SELECT c_asigna FROM dace004 WHERE exp_e='11-21251227' AND c_asigna='355692' AND status IN ('0','3','B') [1][0] OK
C:[08/11/2016 12:47:22.36][172.16.4.234][1400] SELECT pre_cod_asig1,pre_cod_asig2,pre_cod_asig3,pre_cod_asig4,pre_cod_asig5,pre_cod_asig6,pre_cod_asig7 FROM tblaca009 WHERE pensum='5' AND c_uni_ca='5' AND c_asigna='355840' [1][0] OK
C:[08/11/2016 12:47:22.36][172.16.4.234][1413] SELECT c_asigna FROM dace004 WHERE exp_e='11-21251227' AND c_asigna='355721' AND status IN ('0','3','B') [1][0] OK
C:[08/11/2016 12:47:22.36][172.16.4.234][1413] SELECT c_asigna FROM dace004 WHERE exp_e='11-21251227' AND c_asigna='355725' AND status IN ('0','3','B') [1][0] OK
C:[08/11/2016 12:47:22.36][172.16.4.234][1400] SELECT pre_cod_asig1,pre_cod_asig2,pre_cod_asig3,pre_cod_asig4,pre_cod_asig5,pre_cod_asig6,pre_cod_asig7 FROM tblaca009 WHERE pensum='5' AND c_uni_ca='5' AND c_asigna='355953' [1][0] OK
C:[08/11/2016 12:47:22.36][172.16.4.234][1413] SELECT c_asigna FROM dace004 WHERE exp_e='11-21251227' AND c_asigna='355691' AND status IN ('0','3','B') [1][0] OK
C:[08/11/2016 12:47:23.48][172.16.4.234][1444] SELECT par_cod_asig1,par_cod_asig2,par_cod_asig3 FROM tblaca009 WHERE pensum='5' AND c_uni_ca='5' AND c_asigna='355834' [1][0] OK
C:[08/11/2016 12:47:23.48][172.16.4.234][1444] SELECT par_cod_asig1,par_cod_asig2,par_cod_asig3 FROM tblaca009 WHERE pensum='5' AND c_uni_ca='5' AND c_asigna='355833' [1][0] OK
C:[08/11/2016 12:47:23.48][172.16.4.234][1444] SELECT par_cod_asig1,par_cod_asig2,par_cod_asig3 FROM tblaca009 WHERE pensum='5' AND c_uni_ca='5' AND c_asigna='355835' [1][0] OK
C:[08/11/2016 12:47:23.48][172.16.4.234][1444] SELECT par_cod_asig1,par_cod_asig2,par_cod_asig3 FROM tblaca009 WHERE pensum='5' AND c_uni_ca='5' AND c_asigna='355838' [1][0] OK
C:[08/11/2016 12:47:23.48][172.16.4.234][1444] SELECT par_cod_asig1,par_cod_asig2,par_cod_asig3 FROM tblaca009 WHERE pensum='5' AND c_uni_ca='5' AND c_asigna='355839' [1][0] OK
C:[08/11/2016 12:47:23.48][172.16.4.234][1444] SELECT par_cod_asig1,par_cod_asig2,par_cod_asig3 FROM tblaca009 WHERE pensum='5' AND c_uni_ca='5' AND c_asigna='355840' [1][0] OK
C:[08/11/2016 12:47:23.48][172.16.4.234][1444] SELECT par_cod_asig1,par_cod_asig2,par_cod_asig3 FROM tblaca009 WHERE pensum='5' AND c_uni_ca='5' AND c_asigna='355953' [1][0] OK
C:[08/11/2016 12:47:23.36][172.16.4.234][1574] SELECT horas_lab FROM tblaca008 WHERE c_asigna='355834' AND horas_teoricas > 0 [1][0] OK
C:[11/11/2016 09:31:29.00][172.16.4.254][1400] SELECT pre_cod_asig1,pre_cod_asig2,pre_cod_asig3,pre_cod_asig4,pre_cod_asig5,pre_cod_asig6,pre_cod_asig7 FROM tblaca009 WHERE pensum='5' AND c_uni_ca='4' AND c_asigna='300314' [1][0] OK
C:[11/11/2016 09:31:29.00][172.16.4.254][1413] SELECT c_asigna FROM dace004 WHERE exp_e='15-28086183' AND c_asigna='300106' AND status IN ('0','3','B') [1][0] OK
C:[11/11/2016 09:31:29.00][172.16.4.254][1400] SELECT pre_cod_asig1,pre_cod_asig2,pre_cod_asig3,pre_cod_asig4,pre_cod_asig5,pre_cod_asig6,pre_cod_asig7 FROM tblaca009 WHERE pensum='5' AND c_uni_ca='4' AND c_asigna='300013' [1][0] OK
C:[11/11/2016 09:31:29.00][172.16.4.254][1400] SELECT pre_cod_asig1,pre_cod_asig2,pre_cod_asig3,pre_cod_asig4,pre_cod_asig5,pre_cod_asig6,pre_cod_asig7 FROM tblaca009 WHERE pensum='5' AND c_uni_ca='4' AND c_asigna='300101' [1][0] OK
C:[11/11/2016 09:31:29.00][172.16.4.254][1400] SELECT pre_cod_asig1,pre_cod_asig2,pre_cod_asig3,pre_cod_asig4,pre_cod_asig5,pre_cod_asig6,pre_cod_asig7 FROM tblaca009 WHERE pensum='5' AND c_uni_ca='4' AND c_asigna='300112' [1][0] OK
C:[11/11/2016 09:31:29.00][172.16.4.254][1400] SELECT pre_cod_asig1,pre_cod_asig2,pre_cod_asig3,pre_cod_asig4,pre_cod_asig5,pre_cod_asig6,pre_cod_asig7 FROM tblaca009 WHERE pensum='5' AND c_uni_ca='4' AND c_asigna='300113' [1][0] OK
C:[11/11/2016 09:31:29.00][172.16.4.254][1400] SELECT pre_cod_asig1,pre_cod_asig2,pre_cod_asig3,pre_cod_asig4,pre_cod_asig5,pre_cod_asig6,pre_cod_asig7 FROM tblaca009 WHERE pensum='5' AND c_uni_ca='4' AND c_asigna='300226' [1][0] OK
C:[11/11/2016 09:31:29.00][172.16.4.254][1413] SELECT c_asigna FROM dace004 WHERE exp_e='15-28086183' AND c_asigna='300116' AND status IN ('0','3','B') [1][0] OK
C:[11/11/2016 09:31:29.00][172.16.4.254][1444] SELECT par_cod_asig1,par_cod_asig2,par_cod_asig3 FROM tblaca009 WHERE pensum='5' AND c_uni_ca='4' AND c_asigna='300314' [1][0] OK
C:[11/11/2016 09:31:29.00][172.16.4.254][1444] SELECT par_cod_asig1,par_cod_asig2,par_cod_asig3 FROM tblaca009 WHERE pensum='5' AND c_uni_ca='4' AND c_asigna='300013' [1][0] OK
C:[11/11/2016 09:31:29.00][172.16.4.254][1444] SELECT par_cod_asig1,par_cod_asig2,par_cod_asig3 FROM tblaca009 WHERE pensum='5' AND c_uni_ca='4' AND c_asigna='300101' [1][0] OK
C:[11/11/2016 09:31:29.00][172.16.4.254][1444] SELECT par_cod_asig1,par_cod_asig2,par_cod_asig3 FROM tblaca009 WHERE pensum='5' AND c_uni_ca='4' AND c_asigna='300112' [1][0] OK
C:[11/11/2016 09:31:29.00][172.16.4.254][1444] SELECT par_cod_asig1,par_cod_asig2,par_cod_asig3 FROM tblaca009 WHERE pensum='5' AND c_uni_ca='4' AND c_asigna='300113' [1][0] OK
C:[11/11/2016 09:31:29.00][172.16.4.254][1458] SELECT c_asigna FROM dace004 WHERE exp_e='15-28086183' AND c_asigna='300013' AND status IN ('0','3','B','C') [0][0] OK
C:[11/11/2016 09:31:29.00][172.16.4.254][1444] SELECT par_cod_asig1,par_cod_asig2,par_cod_asig3 FROM tblaca009 WHERE pensum='5' AND c_uni_ca='4' AND c_asigna='300226' [1][0] OK
C:[11/11/2016 09:31:29.90][172.16.4.254][1574] SELECT horas_lab FROM tblaca008 WHERE c_asigna='300314' AND horas_teoricas > 0 [0][0] OK
C:[15/11/2016 08:12:59.73][172.16.4.254][1400] SELECT pre_cod_asig1,pre_cod_asig2,pre_cod_asig3,pre_cod_asig4,pre_cod_asig5,pre_cod_asig6,pre_cod_asig7 FROM tblaca009 WHERE pensum='5' AND c_uni_ca='6' AND c_asigna='300313' [1][0] OK
C:[15/11/2016 08:12:59.73][172.16.4.254][1413] SELECT c_asigna FROM dace004 WHERE exp_e='13-25081892' AND c_asigna='300213' AND status IN ('0','3','B') [1][0] OK
C:[15/11/2016 08:12:59.73][172.16.4.254][1413] SELECT c_asigna FROM dace004 WHERE exp_e='13-25081892' AND c_asigna='300226' AND status IN ('0','3','B') [1][0] OK
C:[15/11/2016 08:12:59.73][172.16.4.254][1413] SELECT c_asigna FROM dace004 WHERE exp_e='13-25081892' AND c_asigna='300222' AND status IN ('0','3','B') [1][0] OK
C:[15/11/2016 08:12:59.73][172.16.4.254][1413] SELECT c_asigna FROM dace004 WHERE exp_e='13-25081892' AND c_asigna='300209' AND status IN ('0','3','B') [1][0] OK
C:[15/11/2016 08:12:59.73][172.16.4.254][1400] SELECT pre_cod_asig1,pre_cod_asig2,pre_cod_asig3,pre_cod_asig4,pre_cod_asig5,pre_cod_asig6,pre_cod_asig7 FROM tblaca009 WHERE pensum='5' AND c_uni_ca='6' AND c_asigna='300317' [1][0] OK
C:[15/11/2016 08:12:59.73][172.16.4.254][1413] SELECT c_asigna FROM dace004 WHERE exp_e='13-25081892' AND c_asigna='300207' AND status IN ('0','3','B') [1][0] OK
C:[15/11/2016 08:12:59.73][172.16.4.254][1413] SELECT c_asigna FROM dace004 WHERE exp_e='13-25081892' AND c_asigna='300209' AND status IN ('0','3','B') [1][0] OK
C:[15/11/2016 08:12:59.73][172.16.4.254][1400] SELECT pre_cod_asig1,pre_cod_asig2,pre_cod_asig3,pre_cod_asig4,pre_cod_asig5,pre_cod_asig6,pre_cod_asig7 FROM tblaca009 WHERE pensum='5' AND c_uni_ca='6' AND c_asigna='300318' [1][0] OK
C:[15/11/2016 08:12:59.73][172.16.4.254][1413] SELECT c_asigna FROM dace004 WHERE exp_e='13-25081892' AND c_asigna='300228' AND status IN ('0','3','B') [1][0] OK
C:[15/11/2016 08:12:59.73][172.16.4.254][1413] SELECT c_asigna FROM dace004 WHERE exp_e='13-25081892' AND c_asigna='300207' AND status IN ('0','3','B') [1][0] OK
C:[15/11/2016 08:12:59.73][172.16.4.254][1413] SELECT c_asigna FROM dace004 WHERE exp_e='13-25081892' AND c_asigna='300218' AND status IN ('0','3','B') [1][0] OK
C:[15/11/2016 08:12:59.73][172.16.4.254][1400] SELECT pre_cod_asig1,pre_cod_asig2,pre_cod_asig3,pre_cod_asig4,pre_cod_asig5,pre_cod_asig6,pre_cod_asig7 FROM tblaca009 WHERE pensum='5' AND c_uni_ca='6' AND c_asigna='340323' [1][0] OK
C:[15/11/2016 08:12:59.73][172.16.4.254][1413] SELECT c_asigna FROM dace004 WHERE exp_e='13-25081892' AND c_asigna='300228' AND status IN ('0','3','B') [1][0] OK
C:[15/11/2016 08:12:59.73][172.16.4.254][1413] SELECT c_asigna FROM dace004 WHERE exp_e='13-25081892' AND c_asigna='300207' AND status IN ('0','3','B') [1][0] OK
C:[15/11/2016 08:12:59.73][172.16.4.254][1400] SELECT pre_cod_asig1,pre_cod_asig2,pre_cod_asig3,pre_cod_asig4,pre_cod_asig5,pre_cod_asig6,pre_cod_asig7 FROM tblaca009 WHERE pensum='5' AND c_uni_ca='6' AND c_asigna='340327' [1][0] OK
C:[15/11/2016 08:12:59.73][172.16.4.254][1413] SELECT c_asigna FROM dace004 WHERE exp_e='13-25081892' AND c_asigna='300013' AND status IN ('0','3','B') [1][0] OK
C:[15/11/2016 08:12:59.73][172.16.4.254][1413] SELECT c_asigna FROM dace004 WHERE exp_e='13-25081892' AND c_asigna='300113' AND status IN ('0','3','B') [1][0] OK
C:[15/11/2016 08:13:00.86][172.16.4.254][1444] SELECT par_cod_asig1,par_cod_asig2,par_cod_asig3 FROM tblaca009 WHERE pensum='5' AND c_uni_ca='6' AND c_asigna='300313' [1][0] OK
C:[15/11/2016 08:13:00.86][172.16.4.254][1444] SELECT par_cod_asig1,par_cod_asig2,par_cod_asig3 FROM tblaca009 WHERE pensum='5' AND c_uni_ca='6' AND c_asigna='300317' [1][0] OK
C:[15/11/2016 08:13:00.86][172.16.4.254][1444] SELECT par_cod_asig1,par_cod_asig2,par_cod_asig3 FROM tblaca009 WHERE pensum='5' AND c_uni_ca='6' AND c_asigna='300318' [1][0] OK
C:[15/11/2016 08:13:00.86][172.16.4.254][1444] SELECT par_cod_asig1,par_cod_asig2,par_cod_asig3 FROM tblaca009 WHERE pensum='5' AND c_uni_ca='6' AND c_asigna='340323' [1][0] OK
C:[15/11/2016 08:13:00.86][172.16.4.254][1444] SELECT par_cod_asig1,par_cod_asig2,par_cod_asig3 FROM tblaca009 WHERE pensum='5' AND c_uni_ca='6' AND c_asigna='340327' [1][0] OK
C:[15/11/2016 08:13:00.07][172.16.4.254][1574] SELECT horas_lab FROM tblaca008 WHERE c_asigna='300313' AND horas_teoricas > 0 [1][0] OK
C:[15/11/2016 14:38:03.41][172.16.4.254][1400] SELECT pre_cod_asig1,pre_cod_asig2,pre_cod_asig3,pre_cod_asig4,pre_cod_asig5,pre_cod_asig6,pre_cod_asig7 FROM tblaca009 WHERE pensum='5' AND c_uni_ca='2' AND c_asigna='324862' [1][0] OK
C:[15/11/2016 14:38:03.41][172.16.4.254][1400] SELECT pre_cod_asig1,pre_cod_asig2,pre_cod_asig3,pre_cod_asig4,pre_cod_asig5,pre_cod_asig6,pre_cod_asig7 FROM tblaca009 WHERE pensum='5' AND c_uni_ca='2' AND c_asigna='322669' [1][0] OK
C:[15/11/2016 14:38:03.41][172.16.4.254][1413] SELECT c_asigna FROM dace004 WHERE exp_e='09-20223282' AND c_asigna='322558' AND status IN ('0','3','B') [1][0] OK
C:[15/11/2016 14:38:03.41][172.16.4.254][1413] SELECT c_asigna FROM dace004 WHERE exp_e='09-20223282' AND c_asigna='323528' AND status IN ('0','3','B') [1][0] OK
C:[15/11/2016 14:38:03.41][172.16.4.254][1400] SELECT pre_cod_asig1,pre_cod_asig2,pre_cod_asig3,pre_cod_asig4,pre_cod_asig5,pre_cod_asig6,pre_cod_asig7 FROM tblaca009 WHERE pensum='5' AND c_uni_ca='2' AND c_asigna='322681' [1][0] OK
C:[15/11/2016 14:38:03.41][172.16.4.254][1413] SELECT c_asigna FROM dace004 WHERE exp_e='09-20223282' AND c_asigna='320437' AND status IN ('0','3','B') [1][0] OK
C:[15/11/2016 14:38:03.41][172.16.4.254][1413] SELECT c_asigna FROM dace004 WHERE exp_e='09-20223282' AND c_asigna='322449' AND status IN ('0','3','B') [1][0] OK
C:[15/11/2016 14:38:03.41][172.16.4.254][1413] SELECT c_asigna FROM dace004 WHERE exp_e='09-20223282' AND c_asigna='300313' AND status IN ('0','3','B') [1][0] OK
C:[15/11/2016 14:38:03.41][172.16.4.254][1413] SELECT c_asigna FROM dace004 WHERE exp_e='09-20223282' AND c_asigna='300209' AND status IN ('0','3','B') [1][0] OK
C:[15/11/2016 14:38:03.41][172.16.4.254][1413] SELECT c_asigna FROM dace004 WHERE exp_e='09-20223282' AND c_asigna='300226' AND status IN ('0','3','B') [1][0] OK
C:[15/11/2016 14:38:03.41][172.16.4.254][1400] SELECT pre_cod_asig1,pre_cod_asig2,pre_cod_asig3,pre_cod_asig4,pre_cod_asig5,pre_cod_asig6,pre_cod_asig7 FROM tblaca009 WHERE pensum='5' AND c_uni_ca='2' AND c_asigna='322683' [1][0] OK
C:[15/11/2016 14:38:03.41][172.16.4.254][1413] SELECT c_asigna FROM dace004 WHERE exp_e='09-20223282' AND c_asigna='322560' AND status IN ('0','3','B') [1][0] OK
C:[15/11/2016 14:38:03.41][172.16.4.254][1400] SELECT pre_cod_asig1,pre_cod_asig2,pre_cod_asig3,pre_cod_asig4,pre_cod_asig5,pre_cod_asig6,pre_cod_asig7 FROM tblaca009 WHERE pensum='5' AND c_uni_ca='2' AND c_asigna='322801' [1][0] OK
C:[15/11/2016 14:38:03.41][172.16.4.254][1413] SELECT c_asigna FROM dace004 WHERE exp_e='09-20223282' AND c_asigna='322780' AND status IN ('0','3','B') [1][0] OK
C:[15/11/2016 14:38:03.41][172.16.4.254][1413] SELECT c_asigna FROM dace004 WHERE exp_e='09-20223282' AND c_asigna='322605' AND status IN ('0','3','B') [1][0] OK
C:[15/11/2016 14:38:04.94][172.16.4.254][1444] SELECT par_cod_asig1,par_cod_asig2,par_cod_asig3 FROM tblaca009 WHERE pensum='5' AND c_uni_ca='2' AND c_asigna='324862' [1][0] OK
C:[15/11/2016 14:38:04.94][172.16.4.254][1444] SELECT par_cod_asig1,par_cod_asig2,par_cod_asig3 FROM tblaca009 WHERE pensum='5' AND c_uni_ca='2' AND c_asigna='322669' [1][0] OK
C:[15/11/2016 14:38:04.94][172.16.4.254][1444] SELECT par_cod_asig1,par_cod_asig2,par_cod_asig3 FROM tblaca009 WHERE pensum='5' AND c_uni_ca='2' AND c_asigna='322681' [1][0] OK
C:[15/11/2016 14:38:04.94][172.16.4.254][1444] SELECT par_cod_asig1,par_cod_asig2,par_cod_asig3 FROM tblaca009 WHERE pensum='5' AND c_uni_ca='2' AND c_asigna='322683' [1][0] OK
C:[15/11/2016 14:38:04.94][172.16.4.254][1458] SELECT c_asigna FROM dace004 WHERE exp_e='09-20223282' AND c_asigna='322681' AND status IN ('0','3','B','C') [0][0] OK
C:[15/11/2016 14:38:04.94][172.16.4.254][1444] SELECT par_cod_asig1,par_cod_asig2,par_cod_asig3 FROM tblaca009 WHERE pensum='5' AND c_uni_ca='2' AND c_asigna='322801' [1][0] OK
C:[15/11/2016 14:38:04.82][172.16.4.254][1574] SELECT horas_lab FROM tblaca008 WHERE c_asigna='324862' AND horas_teoricas > 0 [1][0] OK
C:[16/11/2016 15:16:05.14][172.16.4.254][1400] SELECT pre_cod_asig1,pre_cod_asig2,pre_cod_asig3,pre_cod_asig4,pre_cod_asig5,pre_cod_asig6,pre_cod_asig7 FROM tblaca009 WHERE pensum='5' AND c_uni_ca='3' AND c_asigna='311824' [1][0] OK
C:[16/11/2016 15:16:05.14][172.16.4.254][1413] SELECT c_asigna FROM dace004 WHERE exp_e='09-21082433' AND c_asigna='311796' AND status IN ('0','3','B') [1][0] OK
C:[16/11/2016 15:16:05.14][172.16.4.254][1413] SELECT c_asigna FROM dace004 WHERE exp_e='09-21082433' AND c_asigna='315671' AND status IN ('0','3','B') [1][0] OK
C:[16/11/2016 15:16:05.14][172.16.4.254][1413] SELECT c_asigna FROM dace004 WHERE exp_e='09-21082433' AND c_asigna='311552' AND status IN ('0','3','B') [1][0] OK
C:[16/11/2016 15:16:05.14][172.16.4.254][1413] SELECT c_asigna FROM dace004 WHERE exp_e='09-21082433' AND c_asigna='311430' AND status IN ('0','3','B') [1][0] OK
C:[16/11/2016 15:16:05.14][172.16.4.254][1413] SELECT c_asigna FROM dace004 WHERE exp_e='09-21082433' AND c_asigna='300317' AND status IN ('0','3','B') [1][0] OK
C:[16/11/2016 15:16:05.14][172.16.4.254][1413] SELECT c_asigna FROM dace004 WHERE exp_e='09-21082433' AND c_asigna='300318' AND status IN ('0','3','B') [1][0] OK
C:[16/11/2016 15:16:05.14][172.16.4.254][1413] SELECT c_asigna FROM dace004 WHERE exp_e='09-21082433' AND c_asigna='300313' AND status IN ('0','3','B') [1][0] OK
C:[16/11/2016 15:16:05.14][172.16.4.254][1400] SELECT pre_cod_asig1,pre_cod_asig2,pre_cod_asig3,pre_cod_asig4,pre_cod_asig5,pre_cod_asig6,pre_cod_asig7 FROM tblaca009 WHERE pensum='5' AND c_uni_ca='3' AND c_asigna='311827' [1][0] OK
C:[16/11/2016 15:16:05.14][172.16.4.254][1413] SELECT c_asigna FROM dace004 WHERE exp_e='09-21082433' AND c_asigna='311704' AND status IN ('0','3','B') [1][0] OK
C:[16/11/2016 15:16:05.14][172.16.4.254][1400] SELECT pre_cod_asig1,pre_cod_asig2,pre_cod_asig3,pre_cod_asig4,pre_cod_asig5,pre_cod_asig6,pre_cod_asig7 FROM tblaca009 WHERE pensum='5' AND c_uni_ca='3' AND c_asigna='311775' [1][0] OK
C:[16/11/2016 15:16:05.14][172.16.4.254][1413] SELECT c_asigna FROM dace004 WHERE exp_e='09-21082433' AND c_asigna='311655' AND status IN ('0','3','B') [1][0] OK
C:[16/11/2016 15:16:05.14][172.16.4.254][1400] SELECT pre_cod_asig1,pre_cod_asig2,pre_cod_asig3,pre_cod_asig4,pre_cod_asig5,pre_cod_asig6,pre_cod_asig7 FROM tblaca009 WHERE pensum='5' AND c_uni_ca='3' AND c_asigna='311795' [1][0] OK
C:[16/11/2016 15:16:05.14][172.16.4.254][1413] SELECT c_asigna FROM dace004 WHERE exp_e='09-21082433' AND c_asigna='311674' AND status IN ('0','3','B') [1][0] OK
C:[16/11/2016 15:16:05.14][172.16.4.254][1413] SELECT c_asigna FROM dace004 WHERE exp_e='09-21082433' AND c_asigna='311673' AND status IN ('0','3','B') [1][0] OK
C:[16/11/2016 15:16:05.14][172.16.4.254][1400] SELECT pre_cod_asig1,pre_cod_asig2,pre_cod_asig3,pre_cod_asig4,pre_cod_asig5,pre_cod_asig6,pre_cod_asig7 FROM tblaca009 WHERE pensum='5' AND c_uni_ca='3' AND c_asigna='311799' [1][0] OK
C:[16/11/2016 15:16:05.14][172.16.4.254][1413] SELECT c_asigna FROM dace004 WHERE exp_e='09-21082433' AND c_asigna='311673' AND status IN ('0','3','B') [1][0] OK
C:[16/11/2016 15:16:05.14][172.16.4.254][1400] SELECT pre_cod_asig1,pre_cod_asig2,pre_cod_asig3,pre_cod_asig4,pre_cod_asig5,pre_cod_asig6,pre_cod_asig7 FROM tblaca009 WHERE pensum='5' AND c_uni_ca='3' AND c_asigna='314662' [1][0] OK
C:[16/11/2016 15:16:05.14][172.16.4.254][1413] SELECT c_asigna FROM dace004 WHERE exp_e='09-21082433' AND c_asigna='311552' AND status IN ('0','3','B') [1][0] OK
C:[16/11/2016 15:16:06.31][172.16.4.254][1444] SELECT par_cod_asig1,par_cod_asig2,par_cod_asig3 FROM tblaca009 WHERE pensum='5' AND c_uni_ca='3' AND c_asigna='311824' [1][0] OK
C:[16/11/2016 15:16:06.31][172.16.4.254][1444] SELECT par_cod_asig1,par_cod_asig2,par_cod_asig3 FROM tblaca009 WHERE pensum='5' AND c_uni_ca='3' AND c_asigna='311827' [1][0] OK
C:[16/11/2016 15:16:06.31][172.16.4.254][1444] SELECT par_cod_asig1,par_cod_asig2,par_cod_asig3 FROM tblaca009 WHERE pensum='5' AND c_uni_ca='3' AND c_asigna='311775' [1][0] OK
C:[16/11/2016 15:16:06.31][172.16.4.254][1444] SELECT par_cod_asig1,par_cod_asig2,par_cod_asig3 FROM tblaca009 WHERE pensum='5' AND c_uni_ca='3' AND c_asigna='311795' [1][0] OK
C:[16/11/2016 15:16:06.31][172.16.4.254][1444] SELECT par_cod_asig1,par_cod_asig2,par_cod_asig3 FROM tblaca009 WHERE pensum='5' AND c_uni_ca='3' AND c_asigna='311799' [1][0] OK
C:[16/11/2016 15:16:06.31][172.16.4.254][1444] SELECT par_cod_asig1,par_cod_asig2,par_cod_asig3 FROM tblaca009 WHERE pensum='5' AND c_uni_ca='3' AND c_asigna='314662' [1][0] OK
C:[16/11/2016 15:16:06.11][172.16.4.254][1574] SELECT horas_lab FROM tblaca008 WHERE c_asigna='311824' AND horas_teoricas > 0 [1][0] OK
C:[17/04/2017 15:07:48.06][172.16.4.254][1386] SELECT pre_cod_asig1,pre_cod_asig2,pre_cod_asig3,pre_cod_asig4,pre_cod_asig5,pre_cod_asig6,pre_cod_asig7 FROM tblaca009 WHERE pensum='5' AND c_uni_ca='6' AND c_asigna='300218' [1][0] OK
C:[17/04/2017 15:07:48.06][172.16.4.254][1399] SELECT c_asigna FROM dace004 WHERE exp_e='13-24963765' AND c_asigna='300101' AND status IN ('0','3','B') [1][0] OK
C:[17/04/2017 15:07:48.06][172.16.4.254][1386] SELECT pre_cod_asig1,pre_cod_asig2,pre_cod_asig3,pre_cod_asig4,pre_cod_asig5,pre_cod_asig6,pre_cod_asig7 FROM tblaca009 WHERE pensum='5' AND c_uni_ca='6' AND c_asigna='300228' [1][0] OK
C:[17/04/2017 15:07:48.06][172.16.4.254][1399] SELECT c_asigna FROM dace004 WHERE exp_e='13-24963765' AND c_asigna='300101' AND status IN ('0','3','B') [1][0] OK
C:[17/04/2017 15:07:48.26][172.16.4.254][1430] SELECT par_cod_asig1,par_cod_asig2,par_cod_asig3 FROM tblaca009 WHERE pensum='5' AND c_uni_ca='6' AND c_asigna='300218' [1][0] OK
C:[17/04/2017 15:07:48.26][172.16.4.254][1444] SELECT c_asigna FROM dace004 WHERE exp_e='13-24963765' AND c_asigna='300228' AND status IN ('0','3','B','C') [0][0] OK
C:[17/04/2017 15:07:48.26][172.16.4.254][1430] SELECT par_cod_asig1,par_cod_asig2,par_cod_asig3 FROM tblaca009 WHERE pensum='5' AND c_uni_ca='6' AND c_asigna='300228' [1][0] OK
C:[17/04/2017 15:07:48.66][172.16.4.254][1560] SELECT horas_lab FROM tblaca008 WHERE c_asigna='300218' AND horas_teoricas > 0 [0][0] OK
C:[26/04/2017 10:33:28.90][172.16.4.254][1386] SELECT pre_cod_asig1,pre_cod_asig2,pre_cod_asig3,pre_cod_asig4,pre_cod_asig5,pre_cod_asig6,pre_cod_asig7 FROM tblaca009 WHERE pensum='5' AND c_uni_ca='3' AND c_asigna='311093' [1][0] OK
C:[26/04/2017 10:33:28.90][172.16.4.254][1399] SELECT c_asigna FROM dace004 WHERE exp_e='09-21082433' AND c_asigna='311827' AND status IN ('0','3','B') [1][0] OK
C:[26/04/2017 10:33:28.90][172.16.4.254][1386] SELECT pre_cod_asig1,pre_cod_asig2,pre_cod_asig3,pre_cod_asig4,pre_cod_asig5,pre_cod_asig6,pre_cod_asig7 FROM tblaca009 WHERE pensum='5' AND c_uni_ca='3' AND c_asigna='311824' [1][0] OK
C:[26/04/2017 10:33:28.90][172.16.4.254][1399] SELECT c_asigna FROM dace004 WHERE exp_e='09-21082433' AND c_asigna='311796' AND status IN ('0','3','B') [1][0] OK
C:[26/04/2017 10:33:28.90][172.16.4.254][1399] SELECT c_asigna FROM dace004 WHERE exp_e='09-21082433' AND c_asigna='315671' AND status IN ('0','3','B') [1][0] OK
C:[26/04/2017 10:33:28.90][172.16.4.254][1399] SELECT c_asigna FROM dace004 WHERE exp_e='09-21082433' AND c_asigna='311552' AND status IN ('0','3','B') [1][0] OK
C:[26/04/2017 10:33:28.90][172.16.4.254][1399] SELECT c_asigna FROM dace004 WHERE exp_e='09-21082433' AND c_asigna='311430' AND status IN ('0','3','B') [1][0] OK
C:[26/04/2017 10:33:28.90][172.16.4.254][1399] SELECT c_asigna FROM dace004 WHERE exp_e='09-21082433' AND c_asigna='300317' AND status IN ('0','3','B') [1][0] OK
C:[26/04/2017 10:33:28.90][172.16.4.254][1399] SELECT c_asigna FROM dace004 WHERE exp_e='09-21082433' AND c_asigna='300318' AND status IN ('0','3','B') [1][0] OK
C:[26/04/2017 10:33:28.90][172.16.4.254][1399] SELECT c_asigna FROM dace004 WHERE exp_e='09-21082433' AND c_asigna='300313' AND status IN ('0','3','B') [1][0] OK
C:[26/04/2017 10:33:28.90][172.16.4.254][1386] SELECT pre_cod_asig1,pre_cod_asig2,pre_cod_asig3,pre_cod_asig4,pre_cod_asig5,pre_cod_asig6,pre_cod_asig7 FROM tblaca009 WHERE pensum='5' AND c_uni_ca='3' AND c_asigna='311775' [1][0] OK
C:[26/04/2017 10:33:28.90][172.16.4.254][1399] SELECT c_asigna FROM dace004 WHERE exp_e='09-21082433' AND c_asigna='311655' AND status IN ('0','3','B') [1][0] OK
C:[26/04/2017 10:33:28.90][172.16.4.254][1386] SELECT pre_cod_asig1,pre_cod_asig2,pre_cod_asig3,pre_cod_asig4,pre_cod_asig5,pre_cod_asig6,pre_cod_asig7 FROM tblaca009 WHERE pensum='5' AND c_uni_ca='3' AND c_asigna='311795' [1][0] OK
C:[26/04/2017 10:33:28.90][172.16.4.254][1399] SELECT c_asigna FROM dace004 WHERE exp_e='09-21082433' AND c_asigna='311674' AND status IN ('0','3','B') [1][0] OK
C:[26/04/2017 10:33:28.90][172.16.4.254][1399] SELECT c_asigna FROM dace004 WHERE exp_e='09-21082433' AND c_asigna='311673' AND status IN ('0','3','B') [1][0] OK
C:[26/04/2017 10:33:28.90][172.16.4.254][1386] SELECT pre_cod_asig1,pre_cod_asig2,pre_cod_asig3,pre_cod_asig4,pre_cod_asig5,pre_cod_asig6,pre_cod_asig7 FROM tblaca009 WHERE pensum='5' AND c_uni_ca='3' AND c_asigna='311826' [1][0] OK
C:[26/04/2017 10:33:28.90][172.16.4.254][1399] SELECT c_asigna FROM dace004 WHERE exp_e='09-21082433' AND c_asigna='311799' AND status IN ('0','3','B') [1][0] OK
C:[26/04/2017 10:33:28.90][172.16.4.254][1386] SELECT pre_cod_asig1,pre_cod_asig2,pre_cod_asig3,pre_cod_asig4,pre_cod_asig5,pre_cod_asig6,pre_cod_asig7 FROM tblaca009 WHERE pensum='5' AND c_uni_ca='3' AND c_asigna='311092' [1][0] OK
C:[26/04/2017 10:33:28.90][172.16.4.254][1399] SELECT c_asigna FROM dace004 WHERE exp_e='09-21082433' AND c_asigna='311704' AND status IN ('0','3','B') [1][0] OK
C:[26/04/2017 10:33:29.40][172.16.4.254][1430] SELECT par_cod_asig1,par_cod_asig2,par_cod_asig3 FROM tblaca009 WHERE pensum='5' AND c_uni_ca='3' AND c_asigna='311093' [1][0] OK
C:[26/04/2017 10:33:29.40][172.16.4.254][1430] SELECT par_cod_asig1,par_cod_asig2,par_cod_asig3 FROM tblaca009 WHERE pensum='5' AND c_uni_ca='3' AND c_asigna='311824' [1][0] OK
C:[26/04/2017 10:33:29.40][172.16.4.254][1430] SELECT par_cod_asig1,par_cod_asig2,par_cod_asig3 FROM tblaca009 WHERE pensum='5' AND c_uni_ca='3' AND c_asigna='311775' [1][0] OK
C:[26/04/2017 10:33:29.40][172.16.4.254][1430] SELECT par_cod_asig1,par_cod_asig2,par_cod_asig3 FROM tblaca009 WHERE pensum='5' AND c_uni_ca='3' AND c_asigna='311795' [1][0] OK
C:[26/04/2017 10:33:29.40][172.16.4.254][1430] SELECT par_cod_asig1,par_cod_asig2,par_cod_asig3 FROM tblaca009 WHERE pensum='5' AND c_uni_ca='3' AND c_asigna='311826' [1][0] OK
C:[26/04/2017 10:33:29.40][172.16.4.254][1430] SELECT par_cod_asig1,par_cod_asig2,par_cod_asig3 FROM tblaca009 WHERE pensum='5' AND c_uni_ca='3' AND c_asigna='311092' [1][0] OK
C:[26/04/2017 10:33:29.20][172.16.4.254][1560] SELECT horas_lab FROM tblaca008 WHERE c_asigna='311093' AND horas_teoricas > 0 [1][0] OK
C:[26/04/2017 14:54:25.61][172.16.4.254][1386] SELECT pre_cod_asig1,pre_cod_asig2,pre_cod_asig3,pre_cod_asig4,pre_cod_asig5,pre_cod_asig6,pre_cod_asig7 FROM tblaca009 WHERE pensum='5' AND c_uni_ca='4' AND c_asigna='300013' [1][0] OK
C:[26/04/2017 14:54:25.61][172.16.4.254][1386] SELECT pre_cod_asig1,pre_cod_asig2,pre_cod_asig3,pre_cod_asig4,pre_cod_asig5,pre_cod_asig6,pre_cod_asig7 FROM tblaca009 WHERE pensum='5' AND c_uni_ca='4' AND c_asigna='300101' [1][0] OK
C:[26/04/2017 14:54:25.61][172.16.4.254][1386] SELECT pre_cod_asig1,pre_cod_asig2,pre_cod_asig3,pre_cod_asig4,pre_cod_asig5,pre_cod_asig6,pre_cod_asig7 FROM tblaca009 WHERE pensum='5' AND c_uni_ca='4' AND c_asigna='300112' [1][0] OK
C:[26/04/2017 14:54:25.61][172.16.4.254][1386] SELECT pre_cod_asig1,pre_cod_asig2,pre_cod_asig3,pre_cod_asig4,pre_cod_asig5,pre_cod_asig6,pre_cod_asig7 FROM tblaca009 WHERE pensum='5' AND c_uni_ca='4' AND c_asigna='333326' [1][0] OK
C:[26/04/2017 14:54:25.61][172.16.4.254][1386] SELECT pre_cod_asig1,pre_cod_asig2,pre_cod_asig3,pre_cod_asig4,pre_cod_asig5,pre_cod_asig6,pre_cod_asig7 FROM tblaca009 WHERE pensum='5' AND c_uni_ca='4' AND c_asigna='300314' [1][0] OK
C:[26/04/2017 14:54:25.61][172.16.4.254][1399] SELECT c_asigna FROM dace004 WHERE exp_e='16-26531243' AND c_asigna='300106' AND status IN ('0','3','B') [1][0] OK
C:[26/04/2017 14:54:25.36][172.16.4.254][1430] SELECT par_cod_asig1,par_cod_asig2,par_cod_asig3 FROM tblaca009 WHERE pensum='5' AND c_uni_ca='4' AND c_asigna='300013' [1][0] OK
C:[26/04/2017 14:54:25.36][172.16.4.254][1430] SELECT par_cod_asig1,par_cod_asig2,par_cod_asig3 FROM tblaca009 WHERE pensum='5' AND c_uni_ca='4' AND c_asigna='300101' [1][0] OK
C:[26/04/2017 14:54:25.36][172.16.4.254][1430] SELECT par_cod_asig1,par_cod_asig2,par_cod_asig3 FROM tblaca009 WHERE pensum='5' AND c_uni_ca='4' AND c_asigna='300112' [1][0] OK
C:[26/04/2017 14:54:25.36][172.16.4.254][1430] SELECT par_cod_asig1,par_cod_asig2,par_cod_asig3 FROM tblaca009 WHERE pensum='5' AND c_uni_ca='4' AND c_asigna='333326' [1][0] OK
C:[26/04/2017 14:54:25.36][172.16.4.254][1430] SELECT par_cod_asig1,par_cod_asig2,par_cod_asig3 FROM tblaca009 WHERE pensum='5' AND c_uni_ca='4' AND c_asigna='300314' [1][0] OK
C:[26/04/2017 14:54:25.00][172.16.4.254][1560] SELECT horas_lab FROM tblaca008 WHERE c_asigna='300013' AND horas_teoricas > 0 [1][0] OK
C:[02/05/2017 15:02:51.52][172.16.4.254][1386] SELECT pre_cod_asig1,pre_cod_asig2,pre_cod_asig3,pre_cod_asig4,pre_cod_asig5,pre_cod_asig6,pre_cod_asig7 FROM tblaca009 WHERE pensum='5' AND c_uni_ca='2' AND c_asigna='322070' [1][0] OK
C:[02/05/2017 15:02:51.52][172.16.4.254][1386] SELECT pre_cod_asig1,pre_cod_asig2,pre_cod_asig3,pre_cod_asig4,pre_cod_asig5,pre_cod_asig6,pre_cod_asig7 FROM tblaca009 WHERE pensum='5' AND c_uni_ca='2' AND c_asigna='322681' [1][0] OK
C:[02/05/2017 15:02:51.52][172.16.4.254][1399] SELECT c_asigna FROM dace004 WHERE exp_e='09-21249396' AND c_asigna='320437' AND status IN ('0','3','B') [1][0] OK
C:[02/05/2017 15:02:51.52][172.16.4.254][1399] SELECT c_asigna FROM dace004 WHERE exp_e='09-21249396' AND c_asigna='322449' AND status IN ('0','3','B') [1][0] OK
C:[02/05/2017 15:02:51.52][172.16.4.254][1399] SELECT c_asigna FROM dace004 WHERE exp_e='09-21249396' AND c_asigna='300313' AND status IN ('0','3','B') [1][0] OK
C:[02/05/2017 15:02:51.52][172.16.4.254][1399] SELECT c_asigna FROM dace004 WHERE exp_e='09-21249396' AND c_asigna='300209' AND status IN ('0','3','B') [1][0] OK
C:[02/05/2017 15:02:51.52][172.16.4.254][1399] SELECT c_asigna FROM dace004 WHERE exp_e='09-21249396' AND c_asigna='300226' AND status IN ('0','3','B') [1][0] OK
C:[02/05/2017 15:02:51.52][172.16.4.254][1386] SELECT pre_cod_asig1,pre_cod_asig2,pre_cod_asig3,pre_cod_asig4,pre_cod_asig5,pre_cod_asig6,pre_cod_asig7 FROM tblaca009 WHERE pensum='5' AND c_uni_ca='2' AND c_asigna='322826' [1][0] OK
C:[02/05/2017 15:02:51.52][172.16.4.254][1399] SELECT c_asigna FROM dace004 WHERE exp_e='09-21249396' AND c_asigna='322702' AND status IN ('0','3','B') [1][0] OK
C:[02/05/2017 15:02:51.52][172.16.4.254][1386] SELECT pre_cod_asig1,pre_cod_asig2,pre_cod_asig3,pre_cod_asig4,pre_cod_asig5,pre_cod_asig6,pre_cod_asig7 FROM tblaca009 WHERE pensum='5' AND c_uni_ca='2' AND c_asigna='322827' [1][0] OK
C:[02/05/2017 15:02:51.52][172.16.4.254][1399] SELECT c_asigna FROM dace004 WHERE exp_e='09-21249396' AND c_asigna='322703' AND status IN ('0','3','B') [1][0] OK
C:[02/05/2017 15:02:51.52][172.16.4.254][1399] SELECT c_asigna FROM dace004 WHERE exp_e='09-21249396' AND c_asigna='322782' AND status IN ('0','3','B') [1][0] OK
C:[02/05/2017 15:02:51.52][172.16.4.254][1399] SELECT c_asigna FROM dace004 WHERE exp_e='09-21249396' AND c_asigna='322449' AND status IN ('0','3','B') [1][0] OK
C:[02/05/2017 15:02:51.52][172.16.4.254][1386] SELECT pre_cod_asig1,pre_cod_asig2,pre_cod_asig3,pre_cod_asig4,pre_cod_asig5,pre_cod_asig6,pre_cod_asig7 FROM tblaca009 WHERE pensum='5' AND c_uni_ca='2' AND c_asigna='322904' [1][0] OK
C:[02/05/2017 15:02:51.52][172.16.4.254][1399] SELECT c_asigna FROM dace004 WHERE exp_e='09-21249396' AND c_asigna='322782' AND status IN ('0','3','B') [1][0] OK
C:[02/05/2017 15:02:51.52][172.16.4.254][1399] SELECT c_asigna FROM dace004 WHERE exp_e='09-21249396' AND c_asigna='322801' AND status IN ('0','3','B') [1][0] OK
C:[02/05/2017 15:02:51.52][172.16.4.254][1386] SELECT pre_cod_asig1,pre_cod_asig2,pre_cod_asig3,pre_cod_asig4,pre_cod_asig5,pre_cod_asig6,pre_cod_asig7 FROM tblaca009 WHERE pensum='5' AND c_uni_ca='2' AND c_asigna='322936' [1][0] OK
C:[02/05/2017 15:02:51.52][172.16.4.254][1399] SELECT c_asigna FROM dace004 WHERE exp_e='09-21249396' AND c_asigna='322801' AND status IN ('0','3','B') [1][0] OK
C:[02/05/2017 15:02:52.89][172.16.4.254][1430] SELECT par_cod_asig1,par_cod_asig2,par_cod_asig3 FROM tblaca009 WHERE pensum='5' AND c_uni_ca='2' AND c_asigna='322070' [1][0] OK
C:[02/05/2017 15:02:52.89][172.16.4.254][1430] SELECT par_cod_asig1,par_cod_asig2,par_cod_asig3 FROM tblaca009 WHERE pensum='5' AND c_uni_ca='2' AND c_asigna='322681' [1][0] OK
C:[02/05/2017 15:02:52.89][172.16.4.254][1430] SELECT par_cod_asig1,par_cod_asig2,par_cod_asig3 FROM tblaca009 WHERE pensum='5' AND c_uni_ca='2' AND c_asigna='322826' [1][0] OK
C:[02/05/2017 15:02:52.89][172.16.4.254][1430] SELECT par_cod_asig1,par_cod_asig2,par_cod_asig3 FROM tblaca009 WHERE pensum='5' AND c_uni_ca='2' AND c_asigna='322827' [1][0] OK
C:[02/05/2017 15:02:52.89][172.16.4.254][1430] SELECT par_cod_asig1,par_cod_asig2,par_cod_asig3 FROM tblaca009 WHERE pensum='5' AND c_uni_ca='2' AND c_asigna='322904' [1][0] OK
C:[02/05/2017 15:02:52.89][172.16.4.254][1430] SELECT par_cod_asig1,par_cod_asig2,par_cod_asig3 FROM tblaca009 WHERE pensum='5' AND c_uni_ca='2' AND c_asigna='322936' [1][0] OK
C:[02/05/2017 15:02:52.68][172.16.4.254][1560] SELECT horas_lab FROM tblaca008 WHERE c_asigna='322070' AND horas_teoricas > 0 [1][0] OK
C:[02/05/2017 15:24:20.66][172.16.4.254][1386] SELECT pre_cod_asig1,pre_cod_asig2,pre_cod_asig3,pre_cod_asig4,pre_cod_asig5,pre_cod_asig6,pre_cod_asig7 FROM tblaca009 WHERE pensum='5' AND c_uni_ca='2' AND c_asigna='322070' [1][0] OK
C:[02/05/2017 15:24:20.66][172.16.4.254][1386] SELECT pre_cod_asig1,pre_cod_asig2,pre_cod_asig3,pre_cod_asig4,pre_cod_asig5,pre_cod_asig6,pre_cod_asig7 FROM tblaca009 WHERE pensum='5' AND c_uni_ca='2' AND c_asigna='322827' [1][0] OK
C:[02/05/2017 15:24:20.66][172.16.4.254][1399] SELECT c_asigna FROM dace004 WHERE exp_e='11-21249937' AND c_asigna='322703' AND status IN ('0','3','B') [1][0] OK
C:[02/05/2017 15:24:20.66][172.16.4.254][1399] SELECT c_asigna FROM dace004 WHERE exp_e='11-21249937' AND c_asigna='322782' AND status IN ('0','3','B') [1][0] OK
C:[02/05/2017 15:24:20.66][172.16.4.254][1399] SELECT c_asigna FROM dace004 WHERE exp_e='11-21249937' AND c_asigna='322449' AND status IN ('0','3','B') [1][0] OK
C:[02/05/2017 15:24:20.66][172.16.4.254][1386] SELECT pre_cod_asig1,pre_cod_asig2,pre_cod_asig3,pre_cod_asig4,pre_cod_asig5,pre_cod_asig6,pre_cod_asig7 FROM tblaca009 WHERE pensum='5' AND c_uni_ca='2' AND c_asigna='322904' [1][0] OK
C:[02/05/2017 15:24:20.66][172.16.4.254][1399] SELECT c_asigna FROM dace004 WHERE exp_e='11-21249937' AND c_asigna='322782' AND status IN ('0','3','B') [1][0] OK
C:[02/05/2017 15:24:20.66][172.16.4.254][1399] SELECT c_asigna FROM dace004 WHERE exp_e='11-21249937' AND c_asigna='322801' AND status IN ('0','3','B') [1][0] OK
C:[02/05/2017 15:24:20.66][172.16.4.254][1386] SELECT pre_cod_asig1,pre_cod_asig2,pre_cod_asig3,pre_cod_asig4,pre_cod_asig5,pre_cod_asig6,pre_cod_asig7 FROM tblaca009 WHERE pensum='5' AND c_uni_ca='2' AND c_asigna='300890' [1][0] OK
C:[02/05/2017 15:24:20.66][172.16.4.254][1386] SELECT pre_cod_asig1,pre_cod_asig2,pre_cod_asig3,pre_cod_asig4,pre_cod_asig5,pre_cod_asig6,pre_cod_asig7 FROM tblaca009 WHERE pensum='5' AND c_uni_ca='2' AND c_asigna='322936' [1][0] OK
C:[02/05/2017 15:24:20.66][172.16.4.254][1399] SELECT c_asigna FROM dace004 WHERE exp_e='11-21249937' AND c_asigna='322801' AND status IN ('0','3','B') [1][0] OK
C:[02/05/2017 15:24:20.66][172.16.4.254][1386] SELECT pre_cod_asig1,pre_cod_asig2,pre_cod_asig3,pre_cod_asig4,pre_cod_asig5,pre_cod_asig6,pre_cod_asig7 FROM tblaca009 WHERE pensum='5' AND c_uni_ca='2' AND c_asigna='322041' [1][0] OK
C:[02/05/2017 15:24:20.17][172.16.4.254][1430] SELECT par_cod_asig1,par_cod_asig2,par_cod_asig3 FROM tblaca009 WHERE pensum='5' AND c_uni_ca='2' AND c_asigna='322070' [1][0] OK
C:[02/05/2017 15:24:20.17][172.16.4.254][1430] SELECT par_cod_asig1,par_cod_asig2,par_cod_asig3 FROM tblaca009 WHERE pensum='5' AND c_uni_ca='2' AND c_asigna='322827' [1][0] OK
C:[02/05/2017 15:24:20.17][172.16.4.254][1430] SELECT par_cod_asig1,par_cod_asig2,par_cod_asig3 FROM tblaca009 WHERE pensum='5' AND c_uni_ca='2' AND c_asigna='322904' [1][0] OK
C:[02/05/2017 15:24:20.17][172.16.4.254][1430] SELECT par_cod_asig1,par_cod_asig2,par_cod_asig3 FROM tblaca009 WHERE pensum='5' AND c_uni_ca='2' AND c_asigna='300890' [1][0] OK
C:[02/05/2017 15:24:20.17][172.16.4.254][1430] SELECT par_cod_asig1,par_cod_asig2,par_cod_asig3 FROM tblaca009 WHERE pensum='5' AND c_uni_ca='2' AND c_asigna='322936' [1][0] OK
C:[02/05/2017 15:24:20.17][172.16.4.254][1430] SELECT par_cod_asig1,par_cod_asig2,par_cod_asig3 FROM tblaca009 WHERE pensum='5' AND c_uni_ca='2' AND c_asigna='322041' [1][0] OK
C:[02/05/2017 15:24:20.94][172.16.4.254][1560] SELECT horas_lab FROM tblaca008 WHERE c_asigna='322070' AND horas_teoricas > 0 [1][0] OK
C:[10/05/2017 14:46:25.01][172.16.4.254][1386] SELECT pre_cod_asig1,pre_cod_asig2,pre_cod_asig3,pre_cod_asig4,pre_cod_asig5,pre_cod_asig6,pre_cod_asig7 FROM tblaca009 WHERE pensum='5' AND c_uni_ca='3' AND c_asigna='311092' [1][0] OK
C:[10/05/2017 14:46:25.01][172.16.4.254][1399] SELECT c_asigna FROM dace004 WHERE exp_e='11-23730931' AND c_asigna='311704' AND status IN ('0','3','B') [1][0] OK
C:[10/05/2017 14:46:25.01][172.16.4.254][1386] SELECT pre_cod_asig1,pre_cod_asig2,pre_cod_asig3,pre_cod_asig4,pre_cod_asig5,pre_cod_asig6,pre_cod_asig7 FROM tblaca009 WHERE pensum='5' AND c_uni_ca='3' AND c_asigna='311775' [1][0] OK
C:[10/05/2017 14:46:25.01][172.16.4.254][1399] SELECT c_asigna FROM dace004 WHERE exp_e='11-23730931' AND c_asigna='311655' AND status IN ('0','3','B') [1][0] OK
C:[10/05/2017 14:46:25.01][172.16.4.254][1386] SELECT pre_cod_asig1,pre_cod_asig2,pre_cod_asig3,pre_cod_asig4,pre_cod_asig5,pre_cod_asig6,pre_cod_asig7 FROM tblaca009 WHERE pensum='5' AND c_uni_ca='3' AND c_asigna='311795' [1][0] OK
C:[10/05/2017 14:46:25.01][172.16.4.254][1399] SELECT c_asigna FROM dace004 WHERE exp_e='11-23730931' AND c_asigna='311674' AND status IN ('0','3','B') [1][0] OK
C:[10/05/2017 14:46:25.01][172.16.4.254][1399] SELECT c_asigna FROM dace004 WHERE exp_e='11-23730931' AND c_asigna='311673' AND status IN ('0','3','B') [1][0] OK
C:[10/05/2017 14:46:25.01][172.16.4.254][1386] SELECT pre_cod_asig1,pre_cod_asig2,pre_cod_asig3,pre_cod_asig4,pre_cod_asig5,pre_cod_asig6,pre_cod_asig7 FROM tblaca009 WHERE pensum='5' AND c_uni_ca='3' AND c_asigna='311824' [1][0] OK
C:[10/05/2017 14:46:25.01][172.16.4.254][1399] SELECT c_asigna FROM dace004 WHERE exp_e='11-23730931' AND c_asigna='311796' AND status IN ('0','3','B') [1][0] OK
C:[10/05/2017 14:46:25.01][172.16.4.254][1399] SELECT c_asigna FROM dace004 WHERE exp_e='11-23730931' AND c_asigna='315671' AND status IN ('0','3','B') [1][0] OK
C:[10/05/2017 14:46:25.01][172.16.4.254][1399] SELECT c_asigna FROM dace004 WHERE exp_e='11-23730931' AND c_asigna='311552' AND status IN ('0','3','B') [1][0] OK
C:[10/05/2017 14:46:25.01][172.16.4.254][1399] SELECT c_asigna FROM dace004 WHERE exp_e='11-23730931' AND c_asigna='311430' AND status IN ('0','3','B') [1][0] OK
C:[10/05/2017 14:46:25.01][172.16.4.254][1399] SELECT c_asigna FROM dace004 WHERE exp_e='11-23730931' AND c_asigna='300317' AND status IN ('0','3','B') [1][0] OK
C:[10/05/2017 14:46:25.01][172.16.4.254][1399] SELECT c_asigna FROM dace004 WHERE exp_e='11-23730931' AND c_asigna='300318' AND status IN ('0','3','B') [1][0] OK
C:[10/05/2017 14:46:25.01][172.16.4.254][1399] SELECT c_asigna FROM dace004 WHERE exp_e='11-23730931' AND c_asigna='300313' AND status IN ('0','3','B') [1][0] OK
C:[10/05/2017 14:46:25.01][172.16.4.254][1386] SELECT pre_cod_asig1,pre_cod_asig2,pre_cod_asig3,pre_cod_asig4,pre_cod_asig5,pre_cod_asig6,pre_cod_asig7 FROM tblaca009 WHERE pensum='5' AND c_uni_ca='3' AND c_asigna='311826' [1][0] OK
C:[10/05/2017 14:46:25.01][172.16.4.254][1399] SELECT c_asigna FROM dace004 WHERE exp_e='11-23730931' AND c_asigna='311799' AND status IN ('0','3','B') [1][0] OK
C:[10/05/2017 14:46:25.01][172.16.4.254][1386] SELECT pre_cod_asig1,pre_cod_asig2,pre_cod_asig3,pre_cod_asig4,pre_cod_asig5,pre_cod_asig6,pre_cod_asig7 FROM tblaca009 WHERE pensum='5' AND c_uni_ca='3' AND c_asigna='311827' [1][0] OK
C:[10/05/2017 14:46:25.01][172.16.4.254][1399] SELECT c_asigna FROM dace004 WHERE exp_e='11-23730931' AND c_asigna='311704' AND status IN ('0','3','B') [1][0] OK
C:[10/05/2017 14:46:25.52][172.16.4.254][1430] SELECT par_cod_asig1,par_cod_asig2,par_cod_asig3 FROM tblaca009 WHERE pensum='5' AND c_uni_ca='3' AND c_asigna='311092' [1][0] OK
C:[10/05/2017 14:46:25.52][172.16.4.254][1430] SELECT par_cod_asig1,par_cod_asig2,par_cod_asig3 FROM tblaca009 WHERE pensum='5' AND c_uni_ca='3' AND c_asigna='311775' [1][0] OK
C:[10/05/2017 14:46:25.52][172.16.4.254][1430] SELECT par_cod_asig1,par_cod_asig2,par_cod_asig3 FROM tblaca009 WHERE pensum='5' AND c_uni_ca='3' AND c_asigna='311795' [1][0] OK
C:[10/05/2017 14:46:25.52][172.16.4.254][1430] SELECT par_cod_asig1,par_cod_asig2,par_cod_asig3 FROM tblaca009 WHERE pensum='5' AND c_uni_ca='3' AND c_asigna='311824' [1][0] OK
C:[10/05/2017 14:46:25.52][172.16.4.254][1430] SELECT par_cod_asig1,par_cod_asig2,par_cod_asig3 FROM tblaca009 WHERE pensum='5' AND c_uni_ca='3' AND c_asigna='311826' [1][0] OK
C:[10/05/2017 14:46:25.52][172.16.4.254][1430] SELECT par_cod_asig1,par_cod_asig2,par_cod_asig3 FROM tblaca009 WHERE pensum='5' AND c_uni_ca='3' AND c_asigna='311827' [1][0] OK
C:[10/05/2017 14:46:25.31][172.16.4.254][1560] SELECT horas_lab FROM tblaca008 WHERE c_asigna='311092' AND horas_teoricas > 0 [1][0] OK
C:[10/05/2017 15:27:21.52][172.16.4.254][1386] SELECT pre_cod_asig1,pre_cod_asig2,pre_cod_asig3,pre_cod_asig4,pre_cod_asig5,pre_cod_asig6,pre_cod_asig7 FROM tblaca009 WHERE pensum='5' AND c_uni_ca='2' AND c_asigna='322559' [1][0] OK
C:[10/05/2017 15:27:21.52][172.16.4.254][1399] SELECT c_asigna FROM dace004 WHERE exp_e='09-22594454' AND c_asigna='300428' AND status IN ('0','3','B') [1][0] OK
C:[10/05/2017 15:27:21.52][172.16.4.254][1399] SELECT c_asigna FROM dace004 WHERE exp_e='09-22594454' AND c_asigna='322436' AND status IN ('0','3','B') [1][0] OK
C:[10/05/2017 15:27:21.52][172.16.4.254][1386] SELECT pre_cod_asig1,pre_cod_asig2,pre_cod_asig3,pre_cod_asig4,pre_cod_asig5,pre_cod_asig6,pre_cod_asig7 FROM tblaca009 WHERE pensum='5' AND c_uni_ca='2' AND c_asigna='322550' [1][0] OK
C:[10/05/2017 15:27:21.52][172.16.4.254][1399] SELECT c_asigna FROM dace004 WHERE exp_e='09-22594454' AND c_asigna='322433' AND status IN ('0','3','B') [1][0] OK
C:[10/05/2017 15:27:21.14][172.16.4.254][1430] SELECT par_cod_asig1,par_cod_asig2,par_cod_asig3 FROM tblaca009 WHERE pensum='5' AND c_uni_ca='2' AND c_asigna='322559' [1][0] OK
C:[10/05/2017 15:27:21.14][172.16.4.254][1430] SELECT par_cod_asig1,par_cod_asig2,par_cod_asig3 FROM tblaca009 WHERE pensum='5' AND c_uni_ca='2' AND c_asigna='322550' [1][0] OK
C:[10/05/2017 15:27:21.40][172.16.4.254][1560] SELECT horas_lab FROM tblaca008 WHERE c_asigna='322559' AND horas_teoricas > 0 [1][0] OK
C:[10/05/2017 15:28:48.92][172.16.4.254][1386] SELECT pre_cod_asig1,pre_cod_asig2,pre_cod_asig3,pre_cod_asig4,pre_cod_asig5,pre_cod_asig6,pre_cod_asig7 FROM tblaca009 WHERE pensum='5' AND c_uni_ca='2' AND c_asigna='322559' [1][0] OK
C:[10/05/2017 15:28:48.92][172.16.4.254][1399] SELECT c_asigna FROM dace004 WHERE exp_e='09-22594454' AND c_asigna='300428' AND status IN ('0','3','B') [1][0] OK
C:[10/05/2017 15:28:48.92][172.16.4.254][1399] SELECT c_asigna FROM dace004 WHERE exp_e='09-22594454' AND c_asigna='322436' AND status IN ('0','3','B') [1][0] OK
C:[10/05/2017 15:28:48.92][172.16.4.254][1386] SELECT pre_cod_asig1,pre_cod_asig2,pre_cod_asig3,pre_cod_asig4,pre_cod_asig5,pre_cod_asig6,pre_cod_asig7 FROM tblaca009 WHERE pensum='5' AND c_uni_ca='2' AND c_asigna='322550' [1][0] OK
C:[10/05/2017 15:28:48.92][172.16.4.254][1399] SELECT c_asigna FROM dace004 WHERE exp_e='09-22594454' AND c_asigna='322433' AND status IN ('0','3','B') [1][0] OK
C:[10/05/2017 15:28:48.55][172.16.4.254][1430] SELECT par_cod_asig1,par_cod_asig2,par_cod_asig3 FROM tblaca009 WHERE pensum='5' AND c_uni_ca='2' AND c_asigna='322559' [1][0] OK
C:[10/05/2017 15:28:48.55][172.16.4.254][1430] SELECT par_cod_asig1,par_cod_asig2,par_cod_asig3 FROM tblaca009 WHERE pensum='5' AND c_uni_ca='2' AND c_asigna='322550' [1][0] OK
C:[10/05/2017 15:28:48.80][172.16.4.254][1560] SELECT horas_lab FROM tblaca008 WHERE c_asigna='322559' AND horas_teoricas > 0 [1][0] OK
C:[10/05/2017 15:32:52.77][172.16.4.254][1386] SELECT pre_cod_asig1,pre_cod_asig2,pre_cod_asig3,pre_cod_asig4,pre_cod_asig5,pre_cod_asig6,pre_cod_asig7 FROM tblaca009 WHERE pensum='5' AND c_uni_ca='2' AND c_asigna='322559' [1][0] OK
C:[10/05/2017 15:32:52.77][172.16.4.254][1399] SELECT c_asigna FROM dace004 WHERE exp_e='09-22594454' AND c_asigna='300428' AND status IN ('0','3','B') [1][0] OK
C:[10/05/2017 15:32:52.77][172.16.4.254][1399] SELECT c_asigna FROM dace004 WHERE exp_e='09-22594454' AND c_asigna='322436' AND status IN ('0','3','B') [1][0] OK
C:[10/05/2017 15:32:52.77][172.16.4.254][1386] SELECT pre_cod_asig1,pre_cod_asig2,pre_cod_asig3,pre_cod_asig4,pre_cod_asig5,pre_cod_asig6,pre_cod_asig7 FROM tblaca009 WHERE pensum='5' AND c_uni_ca='2' AND c_asigna='322550' [1][0] OK
C:[10/05/2017 15:32:52.77][172.16.4.254][1399] SELECT c_asigna FROM dace004 WHERE exp_e='09-22594454' AND c_asigna='322433' AND status IN ('0','3','B') [1][0] OK
C:[10/05/2017 15:32:52.40][172.16.4.254][1430] SELECT par_cod_asig1,par_cod_asig2,par_cod_asig3 FROM tblaca009 WHERE pensum='5' AND c_uni_ca='2' AND c_asigna='322559' [1][0] OK
C:[10/05/2017 15:32:52.40][172.16.4.254][1430] SELECT par_cod_asig1,par_cod_asig2,par_cod_asig3 FROM tblaca009 WHERE pensum='5' AND c_uni_ca='2' AND c_asigna='322550' [1][0] OK
C:[10/05/2017 15:32:52.67][172.16.4.254][1560] SELECT horas_lab FROM tblaca008 WHERE c_asigna='322559' AND horas_teoricas > 0 [1][0] OK
C:[10/05/2017 15:41:41.38][172.16.4.254][1386] SELECT pre_cod_asig1,pre_cod_asig2,pre_cod_asig3,pre_cod_asig4,pre_cod_asig5,pre_cod_asig6,pre_cod_asig7 FROM tblaca009 WHERE pensum='5' AND c_uni_ca='2' AND c_asigna='322559' [1][0] OK
C:[10/05/2017 15:41:41.38][172.16.4.254][1399] SELECT c_asigna FROM dace004 WHERE exp_e='09-22594454' AND c_asigna='300428' AND status IN ('0','3','B') [1][0] OK
C:[10/05/2017 15:41:41.38][172.16.4.254][1399] SELECT c_asigna FROM dace004 WHERE exp_e='09-22594454' AND c_asigna='322436' AND status IN ('0','3','B') [1][0] OK
C:[10/05/2017 15:41:41.38][172.16.4.254][1386] SELECT pre_cod_asig1,pre_cod_asig2,pre_cod_asig3,pre_cod_asig4,pre_cod_asig5,pre_cod_asig6,pre_cod_asig7 FROM tblaca009 WHERE pensum='5' AND c_uni_ca='2' AND c_asigna='322550' [1][0] OK
C:[10/05/2017 15:41:41.38][172.16.4.254][1399] SELECT c_asigna FROM dace004 WHERE exp_e='09-22594454' AND c_asigna='322433' AND status IN ('0','3','B') [1][0] OK
C:[10/05/2017 15:41:41.00][172.16.4.254][1430] SELECT par_cod_asig1,par_cod_asig2,par_cod_asig3 FROM tblaca009 WHERE pensum='5' AND c_uni_ca='2' AND c_asigna='322559' [1][0] OK
C:[10/05/2017 15:41:41.00][172.16.4.254][1430] SELECT par_cod_asig1,par_cod_asig2,par_cod_asig3 FROM tblaca009 WHERE pensum='5' AND c_uni_ca='2' AND c_asigna='322550' [1][0] OK
C:[10/05/2017 15:41:41.27][172.16.4.254][1560] SELECT horas_lab FROM tblaca008 WHERE c_asigna='322559' AND horas_teoricas > 0 [1][0] OK
C:[11/05/2017 13:51:54.71][172.16.4.254][1386] SELECT pre_cod_asig1,pre_cod_asig2,pre_cod_asig3,pre_cod_asig4,pre_cod_asig5,pre_cod_asig6,pre_cod_asig7 FROM tblaca009 WHERE pensum='5' AND c_uni_ca='3' AND c_asigna='300314' [1][0] OK
C:[11/05/2017 13:51:54.71][172.16.4.254][1399] SELECT c_asigna FROM dace004 WHERE exp_e='16-27975012' AND c_asigna='300106' AND status IN ('0','3','B') [1][0] OK
C:[11/05/2017 13:51:54.71][172.16.4.254][1386] SELECT pre_cod_asig1,pre_cod_asig2,pre_cod_asig3,pre_cod_asig4,pre_cod_asig5,pre_cod_asig6,pre_cod_asig7 FROM tblaca009 WHERE pensum='5' AND c_uni_ca='3' AND c_asigna='300013' [1][0] OK
C:[11/05/2017 13:51:54.71][172.16.4.254][1386] SELECT pre_cod_asig1,pre_cod_asig2,pre_cod_asig3,pre_cod_asig4,pre_cod_asig5,pre_cod_asig6,pre_cod_asig7 FROM tblaca009 WHERE pensum='5' AND c_uni_ca='3' AND c_asigna='300101' [1][0] OK
C:[11/05/2017 13:51:54.71][172.16.4.254][1386] SELECT pre_cod_asig1,pre_cod_asig2,pre_cod_asig3,pre_cod_asig4,pre_cod_asig5,pre_cod_asig6,pre_cod_asig7 FROM tblaca009 WHERE pensum='5' AND c_uni_ca='3' AND c_asigna='300105' [1][0] OK
C:[11/05/2017 13:51:54.71][172.16.4.254][1386] SELECT pre_cod_asig1,pre_cod_asig2,pre_cod_asig3,pre_cod_asig4,pre_cod_asig5,pre_cod_asig6,pre_cod_asig7 FROM tblaca009 WHERE pensum='5' AND c_uni_ca='3' AND c_asigna='300222' [1][0] OK
C:[11/05/2017 13:51:54.71][172.16.4.254][1399] SELECT c_asigna FROM dace004 WHERE exp_e='16-27975012' AND c_asigna='300112' AND status IN ('0','3','B') [1][0] OK
C:[11/05/2017 13:51:54.71][172.16.4.254][1386] SELECT pre_cod_asig1,pre_cod_asig2,pre_cod_asig3,pre_cod_asig4,pre_cod_asig5,pre_cod_asig6,pre_cod_asig7 FROM tblaca009 WHERE pensum='5' AND c_uni_ca='3' AND c_asigna='300226' [1][0] OK
C:[11/05/2017 13:51:54.71][172.16.4.254][1399] SELECT c_asigna FROM dace004 WHERE exp_e='16-27975012' AND c_asigna='300116' AND status IN ('0','3','B') [1][0] OK
C:[11/05/2017 13:51:54.83][172.16.4.254][1430] SELECT par_cod_asig1,par_cod_asig2,par_cod_asig3 FROM tblaca009 WHERE pensum='5' AND c_uni_ca='3' AND c_asigna='300314' [1][0] OK
C:[11/05/2017 13:51:54.83][172.16.4.254][1430] SELECT par_cod_asig1,par_cod_asig2,par_cod_asig3 FROM tblaca009 WHERE pensum='5' AND c_uni_ca='3' AND c_asigna='300013' [1][0] OK
C:[11/05/2017 13:51:54.83][172.16.4.254][1430] SELECT par_cod_asig1,par_cod_asig2,par_cod_asig3 FROM tblaca009 WHERE pensum='5' AND c_uni_ca='3' AND c_asigna='300101' [1][0] OK
C:[11/05/2017 13:51:54.83][172.16.4.254][1430] SELECT par_cod_asig1,par_cod_asig2,par_cod_asig3 FROM tblaca009 WHERE pensum='5' AND c_uni_ca='3' AND c_asigna='300105' [1][0] OK
C:[11/05/2017 13:51:54.83][172.16.4.254][1430] SELECT par_cod_asig1,par_cod_asig2,par_cod_asig3 FROM tblaca009 WHERE pensum='5' AND c_uni_ca='3' AND c_asigna='300222' [1][0] OK
C:[11/05/2017 13:51:54.83][172.16.4.254][1430] SELECT par_cod_asig1,par_cod_asig2,par_cod_asig3 FROM tblaca009 WHERE pensum='5' AND c_uni_ca='3' AND c_asigna='300226' [1][0] OK
C:[11/05/2017 13:51:54.59][172.16.4.254][1560] SELECT horas_lab FROM tblaca008 WHERE c_asigna='300314' AND horas_teoricas > 0 [0][0] OK
C:[12/05/2017 10:08:57.99][172.16.4.109][1386] SELECT pre_cod_asig1,pre_cod_asig2,pre_cod_asig3,pre_cod_asig4,pre_cod_asig5,pre_cod_asig6,pre_cod_asig7 FROM tblaca009 WHERE pensum='5' AND c_uni_ca='4' AND c_asigna='300112' [1][0] OK
C:[12/05/2017 10:08:57.99][172.16.4.109][1386] SELECT pre_cod_asig1,pre_cod_asig2,pre_cod_asig3,pre_cod_asig4,pre_cod_asig5,pre_cod_asig6,pre_cod_asig7 FROM tblaca009 WHERE pensum='5' AND c_uni_ca='4' AND c_asigna='300101' [1][0] OK
C:[12/05/2017 10:08:57.99][172.16.4.109][1386] SELECT pre_cod_asig1,pre_cod_asig2,pre_cod_asig3,pre_cod_asig4,pre_cod_asig5,pre_cod_asig6,pre_cod_asig7 FROM tblaca009 WHERE pensum='5' AND c_uni_ca='4' AND c_asigna='300105' [1][0] OK
C:[12/05/2017 10:08:57.99][172.16.4.109][1386] SELECT pre_cod_asig1,pre_cod_asig2,pre_cod_asig3,pre_cod_asig4,pre_cod_asig5,pre_cod_asig6,pre_cod_asig7 FROM tblaca009 WHERE pensum='5' AND c_uni_ca='4' AND c_asigna='300116' [1][0] OK
C:[12/05/2017 10:08:57.45][172.16.4.109][1430] SELECT par_cod_asig1,par_cod_asig2,par_cod_asig3 FROM tblaca009 WHERE pensum='5' AND c_uni_ca='4' AND c_asigna='300112' [1][0] OK
C:[12/05/2017 10:08:57.45][172.16.4.109][1430] SELECT par_cod_asig1,par_cod_asig2,par_cod_asig3 FROM tblaca009 WHERE pensum='5' AND c_uni_ca='4' AND c_asigna='300101' [1][0] OK
C:[12/05/2017 10:08:57.45][172.16.4.109][1430] SELECT par_cod_asig1,par_cod_asig2,par_cod_asig3 FROM tblaca009 WHERE pensum='5' AND c_uni_ca='4' AND c_asigna='300105' [1][0] OK
C:[12/05/2017 10:08:57.45][172.16.4.109][1430] SELECT par_cod_asig1,par_cod_asig2,par_cod_asig3 FROM tblaca009 WHERE pensum='5' AND c_uni_ca='4' AND c_asigna='300116' [1][0] OK
C:[12/05/2017 10:08:57.99][172.16.4.109][1560] SELECT horas_lab FROM tblaca008 WHERE c_asigna='300112' AND horas_teoricas > 0 [1][0] OK
C:[20/06/2017 14:29:01.99][172.16.4.223][1386] SELECT pre_cod_asig1,pre_cod_asig2,pre_cod_asig3,pre_cod_asig4,pre_cod_asig5,pre_cod_asig6,pre_cod_asig7 FROM tblaca009 WHERE pensum='5' AND c_uni_ca='5' AND c_asigna='300013' [1][0] OK
C:[20/06/2017 14:29:01.68][172.16.4.223][1430] SELECT par_cod_asig1,par_cod_asig2,par_cod_asig3 FROM tblaca009 WHERE pensum='5' AND c_uni_ca='5' AND c_asigna='300013' [1][0] OK
C:[20/06/2017 14:30:42.86][172.16.4.223][1386] SELECT pre_cod_asig1,pre_cod_asig2,pre_cod_asig3,pre_cod_asig4,pre_cod_asig5,pre_cod_asig6,pre_cod_asig7 FROM tblaca009 WHERE pensum='5' AND c_uni_ca='5' AND c_asigna='300013' [1][0] OK
C:[20/06/2017 14:30:42.99][172.16.4.223][1430] SELECT par_cod_asig1,par_cod_asig2,par_cod_asig3 FROM tblaca009 WHERE pensum='5' AND c_uni_ca='5' AND c_asigna='300013' [1][0] OK
C:[20/06/2017 14:32:12.33][172.16.4.223][1386] SELECT pre_cod_asig1,pre_cod_asig2,pre_cod_asig3,pre_cod_asig4,pre_cod_asig5,pre_cod_asig6,pre_cod_asig7 FROM tblaca009 WHERE pensum='5' AND c_uni_ca='5' AND c_asigna='300013' [1][0] OK
C:[20/06/2017 14:32:12.46][172.16.4.223][1430] SELECT par_cod_asig1,par_cod_asig2,par_cod_asig3 FROM tblaca009 WHERE pensum='5' AND c_uni_ca='5' AND c_asigna='300013' [1][0] OK
C:[21/02/2018 10:18:08.28][172.16.1.191][1386] SELECT pre_cod_asig1,pre_cod_asig2,pre_cod_asig3,pre_cod_asig4,pre_cod_asig5,pre_cod_asig6,pre_cod_asig7 FROM tblaca009 WHERE pensum='5' AND c_uni_ca='4' AND c_asigna='333056' [1][0] OK
C:[21/02/2018 10:18:08.28][172.16.1.191][1386] SELECT pre_cod_asig1,pre_cod_asig2,pre_cod_asig3,pre_cod_asig4,pre_cod_asig5,pre_cod_asig6,pre_cod_asig7 FROM tblaca009 WHERE pensum='5' AND c_uni_ca='4' AND c_asigna='333809' [1][0] OK
C:[21/02/2018 10:18:08.28][172.16.1.191][1399] SELECT c_asigna FROM dace004 WHERE exp_e='12-22813044' AND c_asigna='333683' AND status IN ('0','3','B') [1][0] OK
C:[21/02/2018 10:18:08.28][172.16.1.191][1399] SELECT c_asigna FROM dace004 WHERE exp_e='12-22813044' AND c_asigna='333710' AND status IN ('0','3','B') [1][0] OK
C:[21/02/2018 10:18:08.28][172.16.1.191][1386] SELECT pre_cod_asig1,pre_cod_asig2,pre_cod_asig3,pre_cod_asig4,pre_cod_asig5,pre_cod_asig6,pre_cod_asig7 FROM tblaca009 WHERE pensum='5' AND c_uni_ca='4' AND c_asigna='333830' [1][0] OK
C:[21/02/2018 10:18:08.28][172.16.1.191][1399] SELECT c_asigna FROM dace004 WHERE exp_e='12-22813044' AND c_asigna='333710' AND status IN ('0','3','B') [1][0] OK
C:[21/02/2018 10:18:08.28][172.16.1.191][1399] SELECT c_asigna FROM dace004 WHERE exp_e='12-22813044' AND c_asigna='333782' AND status IN ('0','3','B') [1][0] OK
C:[21/02/2018 10:18:08.28][172.16.1.191][1386] SELECT pre_cod_asig1,pre_cod_asig2,pre_cod_asig3,pre_cod_asig4,pre_cod_asig5,pre_cod_asig6,pre_cod_asig7 FROM tblaca009 WHERE pensum='5' AND c_uni_ca='4' AND c_asigna='300956' [1][0] OK
C:[21/02/2018 10:18:08.28][172.16.1.191][1399] SELECT c_asigna FROM dace004 WHERE exp_e='12-22813044' AND c_asigna='300422' AND status IN ('0','3','B') [1][0] OK
C:[21/02/2018 10:18:08.28][172.16.1.191][1399] SELECT c_asigna FROM dace004 WHERE exp_e='12-22813044' AND c_asigna='300105' AND status IN ('0','3','B') [1][0] OK
C:[21/02/2018 10:18:08.28][172.16.1.191][1399] SELECT c_asigna FROM dace004 WHERE exp_e='12-22813044' AND c_asigna='300314' AND status IN ('0','3','B') [1][0] OK
C:[21/02/2018 10:18:08.28][172.16.1.191][1386] SELECT pre_cod_asig1,pre_cod_asig2,pre_cod_asig3,pre_cod_asig4,pre_cod_asig5,pre_cod_asig6,pre_cod_asig7 FROM tblaca009 WHERE pensum='5' AND c_uni_ca='4' AND c_asigna='300890' [1][0] OK
C:[21/02/2018 10:18:08.28][172.16.1.191][1386] SELECT pre_cod_asig1,pre_cod_asig2,pre_cod_asig3,pre_cod_asig4,pre_cod_asig5,pre_cod_asig6,pre_cod_asig7 FROM tblaca009 WHERE pensum='5' AND c_uni_ca='4' AND c_asigna='333048' [1][0] OK
C:[21/02/2018 10:18:08.28][172.16.1.191][1386] SELECT pre_cod_asig1,pre_cod_asig2,pre_cod_asig3,pre_cod_asig4,pre_cod_asig5,pre_cod_asig6,pre_cod_asig7 FROM tblaca009 WHERE pensum='5' AND c_uni_ca='4' AND c_asigna='333053' [1][0] OK
C:[21/02/2018 10:18:08.16][172.16.1.191][1430] SELECT par_cod_asig1,par_cod_asig2,par_cod_asig3 FROM tblaca009 WHERE pensum='5' AND c_uni_ca='4' AND c_asigna='333056' [1][0] OK
C:[21/02/2018 10:18:08.16][172.16.1.191][1430] SELECT par_cod_asig1,par_cod_asig2,par_cod_asig3 FROM tblaca009 WHERE pensum='5' AND c_uni_ca='4' AND c_asigna='333809' [1][0] OK
C:[21/02/2018 10:18:08.16][172.16.1.191][1430] SELECT par_cod_asig1,par_cod_asig2,par_cod_asig3 FROM tblaca009 WHERE pensum='5' AND c_uni_ca='4' AND c_asigna='333830' [1][0] OK
C:[21/02/2018 10:18:08.16][172.16.1.191][1430] SELECT par_cod_asig1,par_cod_asig2,par_cod_asig3 FROM tblaca009 WHERE pensum='5' AND c_uni_ca='4' AND c_asigna='300956' [1][0] OK
C:[21/02/2018 10:18:08.16][172.16.1.191][1430] SELECT par_cod_asig1,par_cod_asig2,par_cod_asig3 FROM tblaca009 WHERE pensum='5' AND c_uni_ca='4' AND c_asigna='300890' [1][0] OK
C:[21/02/2018 10:18:08.16][172.16.1.191][1430] SELECT par_cod_asig1,par_cod_asig2,par_cod_asig3 FROM tblaca009 WHERE pensum='5' AND c_uni_ca='4' AND c_asigna='333048' [1][0] OK
C:[21/02/2018 10:18:08.16][172.16.1.191][1430] SELECT par_cod_asig1,par_cod_asig2,par_cod_asig3 FROM tblaca009 WHERE pensum='5' AND c_uni_ca='4' AND c_asigna='333053' [1][0] OK
C:[21/02/2018 10:18:08.06][172.16.1.191][1560] SELECT horas_lab FROM tblaca008 WHERE c_asigna='333056' AND horas_teoricas > 0 [1][0] OK
C:[23/02/2018 09:20:25.27][172.16.4.254][1386] SELECT pre_cod_asig1,pre_cod_asig2,pre_cod_asig3,pre_cod_asig4,pre_cod_asig5,pre_cod_asig6,pre_cod_asig7 FROM tblaca009 WHERE pensum='5' AND c_uni_ca='5' AND c_asigna='355835' [1][0] OK
C:[23/02/2018 09:20:25.27][172.16.4.254][1399] SELECT c_asigna FROM dace004 WHERE exp_e='12-24037667' AND c_asigna='355691' AND status IN ('0','3','B') [1][0] OK
C:[23/02/2018 09:20:25.27][172.16.4.254][1386] SELECT pre_cod_asig1,pre_cod_asig2,pre_cod_asig3,pre_cod_asig4,pre_cod_asig5,pre_cod_asig6,pre_cod_asig7 FROM tblaca009 WHERE pensum='5' AND c_uni_ca='5' AND c_asigna='355595' [1][0] OK
C:[23/02/2018 09:20:25.27][172.16.4.254][1399] SELECT c_asigna FROM dace004 WHERE exp_e='12-24037667' AND c_asigna='351451' AND status IN ('0','3','B') [1][0] OK
C:[23/02/2018 09:20:25.27][172.16.4.254][1399] SELECT c_asigna FROM dace004 WHERE exp_e='12-24037667' AND c_asigna='355350' AND status IN ('0','3','B') [1][0] OK
C:[23/02/2018 09:20:25.27][172.16.4.254][1399] SELECT c_asigna FROM dace004 WHERE exp_e='12-24037667' AND c_asigna='300318' AND status IN ('0','3','B') [1][0] OK
C:[23/02/2018 09:20:25.27][172.16.4.254][1386] SELECT pre_cod_asig1,pre_cod_asig2,pre_cod_asig3,pre_cod_asig4,pre_cod_asig5,pre_cod_asig6,pre_cod_asig7 FROM tblaca009 WHERE pensum='5' AND c_uni_ca='5' AND c_asigna='355693' [1][0] OK
C:[23/02/2018 09:20:25.27][172.16.4.254][1399] SELECT c_asigna FROM dace004 WHERE exp_e='12-24037667' AND c_asigna='355572' AND status IN ('0','3','B') [1][0] OK
C:[23/02/2018 09:20:25.27][172.16.4.254][1399] SELECT c_asigna FROM dace004 WHERE exp_e='12-24037667' AND c_asigna='352440' AND status IN ('0','3','B') [1][0] OK
C:[23/02/2018 09:20:25.27][172.16.4.254][1399] SELECT c_asigna FROM dace004 WHERE exp_e='12-24037667' AND c_asigna='355573' AND status IN ('0','3','B') [1][0] OK
C:[23/02/2018 09:20:25.27][172.16.4.254][1399] SELECT c_asigna FROM dace004 WHERE exp_e='12-24037667' AND c_asigna='300226' AND status IN ('0','3','B') [1][0] OK
C:[23/02/2018 09:20:25.27][172.16.4.254][1399] SELECT c_asigna FROM dace004 WHERE exp_e='12-24037667' AND c_asigna='300222' AND status IN ('0','3','B') [1][0] OK
C:[23/02/2018 09:20:25.27][172.16.4.254][1399] SELECT c_asigna FROM dace004 WHERE exp_e='12-24037667' AND c_asigna='300013' AND status IN ('0','3','B') [1][0] OK
C:[23/02/2018 09:20:25.27][172.16.4.254][1399] SELECT c_asigna FROM dace004 WHERE exp_e='12-24037667' AND c_asigna='300113' AND status IN ('0','3','B') [1][0] OK
C:[23/02/2018 09:20:25.27][172.16.4.254][1386] SELECT pre_cod_asig1,pre_cod_asig2,pre_cod_asig3,pre_cod_asig4,pre_cod_asig5,pre_cod_asig6,pre_cod_asig7 FROM tblaca009 WHERE pensum='5' AND c_uni_ca='5' AND c_asigna='355694' [1][0] OK
C:[23/02/2018 09:20:25.27][172.16.4.254][1399] SELECT c_asigna FROM dace004 WHERE exp_e='12-24037667' AND c_asigna='355572' AND status IN ('0','3','B') [1][0] OK
C:[23/02/2018 09:20:25.27][172.16.4.254][1399] SELECT c_asigna FROM dace004 WHERE exp_e='12-24037667' AND c_asigna='355571' AND status IN ('0','3','B') [1][0] OK
C:[23/02/2018 09:20:25.58][172.16.4.254][1430] SELECT par_cod_asig1,par_cod_asig2,par_cod_asig3 FROM tblaca009 WHERE pensum='5' AND c_uni_ca='5' AND c_asigna='355835' [1][0] OK
C:[23/02/2018 09:20:25.58][172.16.4.254][1430] SELECT par_cod_asig1,par_cod_asig2,par_cod_asig3 FROM tblaca009 WHERE pensum='5' AND c_uni_ca='5' AND c_asigna='355595' [1][0] OK
C:[23/02/2018 09:20:25.58][172.16.4.254][1430] SELECT par_cod_asig1,par_cod_asig2,par_cod_asig3 FROM tblaca009 WHERE pensum='5' AND c_uni_ca='5' AND c_asigna='355693' [1][0] OK
C:[23/02/2018 09:20:25.58][172.16.4.254][1430] SELECT par_cod_asig1,par_cod_asig2,par_cod_asig3 FROM tblaca009 WHERE pensum='5' AND c_uni_ca='5' AND c_asigna='355694' [1][0] OK
C:[23/02/2018 09:20:25.06][172.16.4.254][1560] SELECT horas_lab FROM tblaca008 WHERE c_asigna='355835' AND horas_teoricas > 0 [1][0] OK
C:[26/02/2018 13:10:47.50][172.16.4.254][1386] SELECT pre_cod_asig1,pre_cod_asig2,pre_cod_asig3,pre_cod_asig4,pre_cod_asig5,pre_cod_asig6,pre_cod_asig7 FROM tblaca009 WHERE pensum='5' AND c_uni_ca='5' AND c_asigna='355951' [1][0] OK
C:[26/02/2018 13:10:47.50][172.16.4.254][1399] SELECT c_asigna FROM dace004 WHERE exp_e='13-23729208' AND c_asigna='355691' AND status IN ('0','3','B') [1][0] OK
C:[26/02/2018 13:10:47.50][172.16.4.254][1386] SELECT pre_cod_asig1,pre_cod_asig2,pre_cod_asig3,pre_cod_asig4,pre_cod_asig5,pre_cod_asig6,pre_cod_asig7 FROM tblaca009 WHERE pensum='5' AND c_uni_ca='5' AND c_asigna='355693' [1][0] OK
C:[26/02/2018 13:10:47.50][172.16.4.254][1399] SELECT c_asigna FROM dace004 WHERE exp_e='13-23729208' AND c_asigna='355572' AND status IN ('0','3','B') [1][0] OK
C:[26/02/2018 13:10:47.50][172.16.4.254][1399] SELECT c_asigna FROM dace004 WHERE exp_e='13-23729208' AND c_asigna='352440' AND status IN ('0','3','B') [1][0] OK
C:[26/02/2018 13:10:47.50][172.16.4.254][1399] SELECT c_asigna FROM dace004 WHERE exp_e='13-23729208' AND c_asigna='355573' AND status IN ('0','3','B') [1][0] OK
C:[26/02/2018 13:10:47.50][172.16.4.254][1399] SELECT c_asigna FROM dace004 WHERE exp_e='13-23729208' AND c_asigna='300226' AND status IN ('0','3','B') [1][0] OK
C:[26/02/2018 13:10:47.50][172.16.4.254][1399] SELECT c_asigna FROM dace004 WHERE exp_e='13-23729208' AND c_asigna='300222' AND status IN ('0','3','B') [1][0] OK
C:[26/02/2018 13:10:47.50][172.16.4.254][1399] SELECT c_asigna FROM dace004 WHERE exp_e='13-23729208' AND c_asigna='300013' AND status IN ('0','3','B') [1][0] OK
C:[26/02/2018 13:10:47.50][172.16.4.254][1399] SELECT c_asigna FROM dace004 WHERE exp_e='13-23729208' AND c_asigna='300113' AND status IN ('0','3','B') [1][0] OK
C:[26/02/2018 13:10:47.50][172.16.4.254][1386] SELECT pre_cod_asig1,pre_cod_asig2,pre_cod_asig3,pre_cod_asig4,pre_cod_asig5,pre_cod_asig6,pre_cod_asig7 FROM tblaca009 WHERE pensum='5' AND c_uni_ca='5' AND c_asigna='355696' [1][0] OK
C:[26/02/2018 13:10:47.50][172.16.4.254][1399] SELECT c_asigna FROM dace004 WHERE exp_e='13-23729208' AND c_asigna='355570' AND status IN ('0','3','B') [1][0] OK
C:[26/02/2018 13:10:47.50][172.16.4.254][1399] SELECT c_asigna FROM dace004 WHERE exp_e='13-23729208' AND c_asigna='355571' AND status IN ('0','3','B') [1][0] OK
C:[26/02/2018 13:10:47.50][172.16.4.254][1386] SELECT pre_cod_asig1,pre_cod_asig2,pre_cod_asig3,pre_cod_asig4,pre_cod_asig5,pre_cod_asig6,pre_cod_asig7 FROM tblaca009 WHERE pensum='5' AND c_uni_ca='5' AND c_asigna='355723' [1][0] OK
C:[26/02/2018 13:10:47.50][172.16.4.254][1399] SELECT c_asigna FROM dace004 WHERE exp_e='13-23729208' AND c_asigna='355694' AND status IN ('0','3','B') [1][0] OK
C:[26/02/2018 13:10:47.50][172.16.4.254][1386] SELECT pre_cod_asig1,pre_cod_asig2,pre_cod_asig3,pre_cod_asig4,pre_cod_asig5,pre_cod_asig6,pre_cod_asig7 FROM tblaca009 WHERE pensum='5' AND c_uni_ca='5' AND c_asigna='355835' [1][0] OK
C:[26/02/2018 13:10:47.50][172.16.4.254][1399] SELECT c_asigna FROM dace004 WHERE exp_e='13-23729208' AND c_asigna='355691' AND status IN ('0','3','B') [1][0] OK
C:[26/02/2018 13:10:47.61][172.16.4.254][1430] SELECT par_cod_asig1,par_cod_asig2,par_cod_asig3 FROM tblaca009 WHERE pensum='5' AND c_uni_ca='5' AND c_asigna='355951' [1][0] OK
C:[26/02/2018 13:10:47.61][172.16.4.254][1430] SELECT par_cod_asig1,par_cod_asig2,par_cod_asig3 FROM tblaca009 WHERE pensum='5' AND c_uni_ca='5' AND c_asigna='355693' [1][0] OK
C:[26/02/2018 13:10:47.61][172.16.4.254][1430] SELECT par_cod_asig1,par_cod_asig2,par_cod_asig3 FROM tblaca009 WHERE pensum='5' AND c_uni_ca='5' AND c_asigna='355696' [1][0] OK
C:[26/02/2018 13:10:47.61][172.16.4.254][1430] SELECT par_cod_asig1,par_cod_asig2,par_cod_asig3 FROM tblaca009 WHERE pensum='5' AND c_uni_ca='5' AND c_asigna='355723' [1][0] OK
C:[26/02/2018 13:10:47.61][172.16.4.254][1430] SELECT par_cod_asig1,par_cod_asig2,par_cod_asig3 FROM tblaca009 WHERE pensum='5' AND c_uni_ca='5' AND c_asigna='355835' [1][0] OK
C:[26/02/2018 13:10:47.28][172.16.4.254][1560] SELECT horas_lab FROM tblaca008 WHERE c_asigna='355951' AND horas_teoricas > 0 [1][0] OK
C:[02/03/2018 11:59:57.02][172.16.4.168][1386] SELECT pre_cod_asig1,pre_cod_asig2,pre_cod_asig3,pre_cod_asig4,pre_cod_asig5,pre_cod_asig6,pre_cod_asig7 FROM tblaca009 WHERE pensum='5' AND c_uni_ca='3' AND c_asigna='300218' [1][0] OK
C:[02/03/2018 11:59:57.02][172.16.4.168][1399] SELECT c_asigna FROM dace004 WHERE exp_e='15-26513552' AND c_asigna='300101' AND status IN ('0','3','B') [1][0] OK
C:[02/03/2018 11:59:57.02][172.16.4.168][1386] SELECT pre_cod_asig1,pre_cod_asig2,pre_cod_asig3,pre_cod_asig4,pre_cod_asig5,pre_cod_asig6,pre_cod_asig7 FROM tblaca009 WHERE pensum='5' AND c_uni_ca='3' AND c_asigna='300207' [1][0] OK
C:[02/03/2018 11:59:57.02][172.16.4.168][1399] SELECT c_asigna FROM dace004 WHERE exp_e='15-26513552' AND c_asigna='300101' AND status IN ('0','3','B') [1][0] OK
C:[02/03/2018 11:59:57.02][172.16.4.168][1386] SELECT pre_cod_asig1,pre_cod_asig2,pre_cod_asig3,pre_cod_asig4,pre_cod_asig5,pre_cod_asig6,pre_cod_asig7 FROM tblaca009 WHERE pensum='5' AND c_uni_ca='3' AND c_asigna='300213' [1][0] OK
C:[02/03/2018 11:59:57.02][172.16.4.168][1399] SELECT c_asigna FROM dace004 WHERE exp_e='15-26513552' AND c_asigna='300101' AND status IN ('0','3','B') [1][0] OK
C:[02/03/2018 11:59:57.02][172.16.4.168][1386] SELECT pre_cod_asig1,pre_cod_asig2,pre_cod_asig3,pre_cod_asig4,pre_cod_asig5,pre_cod_asig6,pre_cod_asig7 FROM tblaca009 WHERE pensum='5' AND c_uni_ca='3' AND c_asigna='300228' [1][0] OK
C:[02/03/2018 11:59:57.02][172.16.4.168][1399] SELECT c_asigna FROM dace004 WHERE exp_e='15-26513552' AND c_asigna='300101' AND status IN ('0','3','B') [1][0] OK
C:[02/03/2018 11:59:57.02][172.16.4.168][1430] SELECT par_cod_asig1,par_cod_asig2,par_cod_asig3 FROM tblaca009 WHERE pensum='5' AND c_uni_ca='3' AND c_asigna='300218' [1][0] OK
C:[02/03/2018 11:59:57.02][172.16.4.168][1444] SELECT c_asigna FROM dace004 WHERE exp_e='15-26513552' AND c_asigna='300228' AND status IN ('0','3','B','C') [0][0] OK
C:[02/03/2018 11:59:57.02][172.16.4.168][1430] SELECT par_cod_asig1,par_cod_asig2,par_cod_asig3 FROM tblaca009 WHERE pensum='5' AND c_uni_ca='3' AND c_asigna='300207' [1][0] OK
C:[02/03/2018 11:59:57.02][172.16.4.168][1430] SELECT par_cod_asig1,par_cod_asig2,par_cod_asig3 FROM tblaca009 WHERE pensum='5' AND c_uni_ca='3' AND c_asigna='300213' [1][0] OK
C:[02/03/2018 11:59:57.02][172.16.4.168][1444] SELECT c_asigna FROM dace004 WHERE exp_e='15-26513552' AND c_asigna='300209' AND status IN ('0','3','B','C') [1][0] OK
C:[02/03/2018 11:59:57.02][172.16.4.168][1430] SELECT par_cod_asig1,par_cod_asig2,par_cod_asig3 FROM tblaca009 WHERE pensum='5' AND c_uni_ca='3' AND c_asigna='300228' [1][0] OK
C:[02/03/2018 11:59:57.80][172.16.4.168][1560] SELECT horas_lab FROM tblaca008 WHERE c_asigna='300218' AND horas_teoricas > 0 [0][0] OK
C:[08/03/2018 09:14:45.20][172.16.4.254][1386] SELECT pre_cod_asig1,pre_cod_asig2,pre_cod_asig3,pre_cod_asig4,pre_cod_asig5,pre_cod_asig6,pre_cod_asig7 FROM tblaca009 WHERE pensum='5' AND c_uni_ca='4' AND c_asigna='300676' [1][0] OK
C:[08/03/2018 09:14:45.20][172.16.4.254][1386] SELECT pre_cod_asig1,pre_cod_asig2,pre_cod_asig3,pre_cod_asig4,pre_cod_asig5,pre_cod_asig6,pre_cod_asig7 FROM tblaca009 WHERE pensum='5' AND c_uni_ca='4' AND c_asigna='333707' [1][0] OK
C:[08/03/2018 09:14:45.20][172.16.4.254][1399] SELECT c_asigna FROM dace004 WHERE exp_e='12-24033150' AND c_asigna='333584' AND status IN ('0','3','B') [1][0] OK
C:[08/03/2018 09:14:45.20][172.16.4.254][1399] SELECT c_asigna FROM dace004 WHERE exp_e='12-24033150' AND c_asigna='333606' AND status IN ('0','3','B') [1][0] OK
C:[08/03/2018 09:14:45.20][172.16.4.254][1386] SELECT pre_cod_asig1,pre_cod_asig2,pre_cod_asig3,pre_cod_asig4,pre_cod_asig5,pre_cod_asig6,pre_cod_asig7 FROM tblaca009 WHERE pensum='5' AND c_uni_ca='4' AND c_asigna='333737' [1][0] OK
C:[08/03/2018 09:14:45.20][172.16.4.254][1399] SELECT c_asigna FROM dace004 WHERE exp_e='12-24033150' AND c_asigna='333683' AND status IN ('0','3','B') [1][0] OK
C:[08/03/2018 09:14:45.20][172.16.4.254][1386] SELECT pre_cod_asig1,pre_cod_asig2,pre_cod_asig3,pre_cod_asig4,pre_cod_asig5,pre_cod_asig6,pre_cod_asig7 FROM tblaca009 WHERE pensum='5' AND c_uni_ca='4' AND c_asigna='333710' [1][0] OK
C:[08/03/2018 09:14:45.20][172.16.4.254][1399] SELECT c_asigna FROM dace004 WHERE exp_e='12-24033150' AND c_asigna='333683' AND status IN ('0','3','B') [1][0] OK
C:[08/03/2018 09:14:45.20][172.16.4.254][1399] SELECT c_asigna FROM dace004 WHERE exp_e='12-24033150' AND c_asigna='333606' AND status IN ('0','3','B') [1][0] OK
C:[08/03/2018 09:14:45.20][172.16.4.254][1386] SELECT pre_cod_asig1,pre_cod_asig2,pre_cod_asig3,pre_cod_asig4,pre_cod_asig5,pre_cod_asig6,pre_cod_asig7 FROM tblaca009 WHERE pensum='5' AND c_uni_ca='4' AND c_asigna='334781' [1][0] OK
C:[08/03/2018 09:14:45.20][172.16.4.254][1399] SELECT c_asigna FROM dace004 WHERE exp_e='12-24033150' AND c_asigna='333444' AND status IN ('0','3','B') [1][0] OK
C:[08/03/2018 09:14:45.20][172.16.4.254][1399] SELECT c_asigna FROM dace004 WHERE exp_e='12-24033150' AND c_asigna='300209' AND status IN ('0','3','B') [1][0] OK
C:[08/03/2018 09:14:45.20][172.16.4.254][1399] SELECT c_asigna FROM dace004 WHERE exp_e='12-24033150' AND c_asigna='300313' AND status IN ('0','3','B') [1][0] OK
C:[08/03/2018 09:14:45.20][172.16.4.254][1399] SELECT c_asigna FROM dace004 WHERE exp_e='12-24033150' AND c_asigna='300222' AND status IN ('0','3','B') [1][0] OK
C:[08/03/2018 09:14:45.20][172.16.4.254][1399] SELECT c_asigna FROM dace004 WHERE exp_e='12-24033150' AND c_asigna='300226' AND status IN ('0','3','B') [1][0] OK
C:[08/03/2018 09:14:45.20][172.16.4.254][1399] SELECT c_asigna FROM dace004 WHERE exp_e='12-24033150' AND c_asigna='300317' AND status IN ('0','3','B') [1][0] OK
C:[08/03/2018 09:14:45.20][172.16.4.254][1386] SELECT pre_cod_asig1,pre_cod_asig2,pre_cod_asig3,pre_cod_asig4,pre_cod_asig5,pre_cod_asig6,pre_cod_asig7 FROM tblaca009 WHERE pensum='5' AND c_uni_ca='4' AND c_asigna='333782' [1][0] OK
C:[08/03/2018 09:14:45.20][172.16.4.254][1399] SELECT c_asigna FROM dace004 WHERE exp_e='12-24033150' AND c_asigna='333606' AND status IN ('0','3','B') [1][0] OK
C:[08/03/2018 09:14:46.03][172.16.4.254][1430] SELECT par_cod_asig1,par_cod_asig2,par_cod_asig3 FROM tblaca009 WHERE pensum='5' AND c_uni_ca='4' AND c_asigna='300676' [1][0] OK
C:[08/03/2018 09:14:46.03][172.16.4.254][1430] SELECT par_cod_asig1,par_cod_asig2,par_cod_asig3 FROM tblaca009 WHERE pensum='5' AND c_uni_ca='4' AND c_asigna='333707' [1][0] OK
C:[08/03/2018 09:14:46.03][172.16.4.254][1444] SELECT c_asigna FROM dace004 WHERE exp_e='12-24033150' AND c_asigna='333782' AND status IN ('0','3','B','C') [0][0] OK
C:[08/03/2018 09:14:46.03][172.16.4.254][1430] SELECT par_cod_asig1,par_cod_asig2,par_cod_asig3 FROM tblaca009 WHERE pensum='5' AND c_uni_ca='4' AND c_asigna='333737' [1][0] OK
C:[08/03/2018 09:14:46.03][172.16.4.254][1430] SELECT par_cod_asig1,par_cod_asig2,par_cod_asig3 FROM tblaca009 WHERE pensum='5' AND c_uni_ca='4' AND c_asigna='333710' [1][0] OK
C:[08/03/2018 09:14:46.03][172.16.4.254][1444] SELECT c_asigna FROM dace004 WHERE exp_e='12-24033150' AND c_asigna='333782' AND status IN ('0','3','B','C') [0][0] OK
C:[08/03/2018 09:14:46.03][172.16.4.254][1430] SELECT par_cod_asig1,par_cod_asig2,par_cod_asig3 FROM tblaca009 WHERE pensum='5' AND c_uni_ca='4' AND c_asigna='334781' [1][0] OK
C:[08/03/2018 09:14:46.03][172.16.4.254][1430] SELECT par_cod_asig1,par_cod_asig2,par_cod_asig3 FROM tblaca009 WHERE pensum='5' AND c_uni_ca='4' AND c_asigna='333782' [1][0] OK
C:[08/03/2018 09:14:46.07][172.16.4.254][1560] SELECT horas_lab FROM tblaca008 WHERE c_asigna='300676' AND horas_teoricas > 0 [1][0] OK
C:[09/03/2018 10:47:19.07][172.16.4.223][1386] SELECT pre_cod_asig1,pre_cod_asig2,pre_cod_asig3,pre_cod_asig4,pre_cod_asig5,pre_cod_asig6,pre_cod_asig7 FROM tblaca009 WHERE pensum='5' AND c_uni_ca='3' AND c_asigna='300013' [1][0] OK
C:[09/03/2018 10:47:19.07][172.16.4.223][1386] SELECT pre_cod_asig1,pre_cod_asig2,pre_cod_asig3,pre_cod_asig4,pre_cod_asig5,pre_cod_asig6,pre_cod_asig7 FROM tblaca009 WHERE pensum='5' AND c_uni_ca='3' AND c_asigna='300222' [1][0] OK
C:[09/03/2018 10:47:19.07][172.16.4.223][1399] SELECT c_asigna FROM dace004 WHERE exp_e='16-26562318' AND c_asigna='300112' AND status IN ('0','3','B') [1][0] OK
C:[09/03/2018 10:47:19.07][172.16.4.223][1386] SELECT pre_cod_asig1,pre_cod_asig2,pre_cod_asig3,pre_cod_asig4,pre_cod_asig5,pre_cod_asig6,pre_cod_asig7 FROM tblaca009 WHERE pensum='5' AND c_uni_ca='3' AND c_asigna='300228' [1][0] OK
C:[09/03/2018 10:47:19.07][172.16.4.223][1399] SELECT c_asigna FROM dace004 WHERE exp_e='16-26562318' AND c_asigna='300101' AND status IN ('0','3','B') [1][0] OK
C:[09/03/2018 10:47:19.07][172.16.4.223][1386] SELECT pre_cod_asig1,pre_cod_asig2,pre_cod_asig3,pre_cod_asig4,pre_cod_asig5,pre_cod_asig6,pre_cod_asig7 FROM tblaca009 WHERE pensum='5' AND c_uni_ca='3' AND c_asigna='300213' [1][0] OK
C:[09/03/2018 10:47:19.07][172.16.4.223][1399] SELECT c_asigna FROM dace004 WHERE exp_e='16-26562318' AND c_asigna='300101' AND status IN ('0','3','B') [1][0] OK
C:[09/03/2018 10:47:19.07][172.16.4.223][1386] SELECT pre_cod_asig1,pre_cod_asig2,pre_cod_asig3,pre_cod_asig4,pre_cod_asig5,pre_cod_asig6,pre_cod_asig7 FROM tblaca009 WHERE pensum='5' AND c_uni_ca='3' AND c_asigna='300218' [1][0] OK
C:[09/03/2018 10:47:19.07][172.16.4.223][1399] SELECT c_asigna FROM dace004 WHERE exp_e='16-26562318' AND c_asigna='300101' AND status IN ('0','3','B') [1][0] OK
C:[09/03/2018 10:47:19.20][172.16.4.223][1430] SELECT par_cod_asig1,par_cod_asig2,par_cod_asig3 FROM tblaca009 WHERE pensum='5' AND c_uni_ca='3' AND c_asigna='300013' [1][0] OK
C:[09/03/2018 10:47:19.20][172.16.4.223][1430] SELECT par_cod_asig1,par_cod_asig2,par_cod_asig3 FROM tblaca009 WHERE pensum='5' AND c_uni_ca='3' AND c_asigna='300222' [1][0] OK
C:[09/03/2018 10:47:19.20][172.16.4.223][1430] SELECT par_cod_asig1,par_cod_asig2,par_cod_asig3 FROM tblaca009 WHERE pensum='5' AND c_uni_ca='3' AND c_asigna='300228' [1][0] OK
C:[09/03/2018 10:47:19.20][172.16.4.223][1430] SELECT par_cod_asig1,par_cod_asig2,par_cod_asig3 FROM tblaca009 WHERE pensum='5' AND c_uni_ca='3' AND c_asigna='300213' [1][0] OK
C:[09/03/2018 10:47:19.20][172.16.4.223][1444] SELECT c_asigna FROM dace004 WHERE exp_e='16-26562318' AND c_asigna='300209' AND status IN ('0','3','B','C') [1][0] OK
C:[09/03/2018 10:47:19.20][172.16.4.223][1430] SELECT par_cod_asig1,par_cod_asig2,par_cod_asig3 FROM tblaca009 WHERE pensum='5' AND c_uni_ca='3' AND c_asigna='300218' [1][0] OK
C:[09/03/2018 10:47:19.20][172.16.4.223][1444] SELECT c_asigna FROM dace004 WHERE exp_e='16-26562318' AND c_asigna='300228' AND status IN ('0','3','B','C') [0][0] OK
C:[09/03/2018 10:47:19.10][172.16.4.223][1560] SELECT horas_lab FROM tblaca008 WHERE c_asigna='300013' AND horas_teoricas > 0 [1][0] OK
C:[09/03/2018 11:54:14.31][172.16.4.57][1386] SELECT pre_cod_asig1,pre_cod_asig2,pre_cod_asig3,pre_cod_asig4,pre_cod_asig5,pre_cod_asig6,pre_cod_asig7 FROM tblaca009 WHERE pensum='5' AND c_uni_ca='2' AND c_asigna='300422' [1][0] OK
C:[09/03/2018 11:54:14.31][172.16.4.57][1399] SELECT c_asigna FROM dace004 WHERE exp_e='14-25937794' AND c_asigna='300105' AND status IN ('0','3','B') [1][0] OK
C:[09/03/2018 11:54:14.31][172.16.4.57][1399] SELECT c_asigna FROM dace004 WHERE exp_e='14-25937794' AND c_asigna='300314' AND status IN ('0','3','B') [1][0] OK
C:[09/03/2018 11:54:14.31][172.16.4.57][1386] SELECT pre_cod_asig1,pre_cod_asig2,pre_cod_asig3,pre_cod_asig4,pre_cod_asig5,pre_cod_asig6,pre_cod_asig7 FROM tblaca009 WHERE pensum='5' AND c_uni_ca='2' AND c_asigna='322433' [1][0] OK
C:[09/03/2018 11:54:14.31][172.16.4.57][1399] SELECT c_asigna FROM dace004 WHERE exp_e='14-25937794' AND c_asigna='320323' AND status IN ('0','3','B') [1][0] OK
C:[09/03/2018 11:54:14.31][172.16.4.57][1399] SELECT c_asigna FROM dace004 WHERE exp_e='14-25937794' AND c_asigna='300209' AND status IN ('0','3','B') [1][0] OK
C:[09/03/2018 11:54:14.31][172.16.4.57][1386] SELECT pre_cod_asig1,pre_cod_asig2,pre_cod_asig3,pre_cod_asig4,pre_cod_asig5,pre_cod_asig6,pre_cod_asig7 FROM tblaca009 WHERE pensum='5' AND c_uni_ca='2' AND c_asigna='300313' [1][0] OK
C:[09/03/2018 11:54:14.31][172.16.4.57][1399] SELECT c_asigna FROM dace004 WHERE exp_e='14-25937794' AND c_asigna='300213' AND status IN ('0','3','B') [1][0] OK
C:[09/03/2018 11:54:14.31][172.16.4.57][1399] SELECT c_asigna FROM dace004 WHERE exp_e='14-25937794' AND c_asigna='300226' AND status IN ('0','3','B') [1][0] OK
C:[09/03/2018 11:54:14.31][172.16.4.57][1399] SELECT c_asigna FROM dace004 WHERE exp_e='14-25937794' AND c_asigna='300209' AND status IN ('0','3','B') [1][0] OK
C:[09/03/2018 11:54:14.31][172.16.4.57][1386] SELECT pre_cod_asig1,pre_cod_asig2,pre_cod_asig3,pre_cod_asig4,pre_cod_asig5,pre_cod_asig6,pre_cod_asig7 FROM tblaca009 WHERE pensum='5' AND c_uni_ca='2' AND c_asigna='322449' [1][0] OK
C:[09/03/2018 11:54:14.31][172.16.4.57][1399] SELECT c_asigna FROM dace004 WHERE exp_e='14-25937794' AND c_asigna='300222' AND status IN ('0','3','B') [1][0] OK
C:[09/03/2018 11:54:14.31][172.16.4.57][1386] SELECT pre_cod_asig1,pre_cod_asig2,pre_cod_asig3,pre_cod_asig4,pre_cod_asig5,pre_cod_asig6,pre_cod_asig7 FROM tblaca009 WHERE pensum='5' AND c_uni_ca='2' AND c_asigna='311561' [1][0] OK
C:[09/03/2018 11:54:14.31][172.16.4.57][1399] SELECT c_asigna FROM dace004 WHERE exp_e='14-25937794' AND c_asigna='300318' AND status IN ('0','3','B') [1][0] OK
C:[09/03/2018 11:54:15.07][172.16.4.57][1430] SELECT par_cod_asig1,par_cod_asig2,par_cod_asig3 FROM tblaca009 WHERE pensum='5' AND c_uni_ca='2' AND c_asigna='300422' [1][0] OK
C:[09/03/2018 11:54:15.07][172.16.4.57][1430] SELECT par_cod_asig1,par_cod_asig2,par_cod_asig3 FROM tblaca009 WHERE pensum='5' AND c_uni_ca='2' AND c_asigna='322433' [1][0] OK
C:[09/03/2018 11:54:15.07][172.16.4.57][1430] SELECT par_cod_asig1,par_cod_asig2,par_cod_asig3 FROM tblaca009 WHERE pensum='5' AND c_uni_ca='2' AND c_asigna='300313' [1][0] OK
C:[09/03/2018 11:54:15.07][172.16.4.57][1430] SELECT par_cod_asig1,par_cod_asig2,par_cod_asig3 FROM tblaca009 WHERE pensum='5' AND c_uni_ca='2' AND c_asigna='322449' [1][0] OK
C:[09/03/2018 11:54:15.07][172.16.4.57][1430] SELECT par_cod_asig1,par_cod_asig2,par_cod_asig3 FROM tblaca009 WHERE pensum='5' AND c_uni_ca='2' AND c_asigna='311561' [1][0] OK
C:[18/06/2018 09:36:39.21][172.16.4.254][1386] SELECT pre_cod_asig1,pre_cod_asig2,pre_cod_asig3,pre_cod_asig4,pre_cod_asig5,pre_cod_asig6,pre_cod_asig7 FROM tblaca009 WHERE pensum='5' AND c_uni_ca='5' AND c_asigna='300112' [1][0] OK
C:[18/06/2018 09:36:39.21][172.16.4.254][1386] SELECT pre_cod_asig1,pre_cod_asig2,pre_cod_asig3,pre_cod_asig4,pre_cod_asig5,pre_cod_asig6,pre_cod_asig7 FROM tblaca009 WHERE pensum='5' AND c_uni_ca='5' AND c_asigna='300101' [1][0] OK
C:[18/06/2018 09:36:39.21][172.16.4.254][1386] SELECT pre_cod_asig1,pre_cod_asig2,pre_cod_asig3,pre_cod_asig4,pre_cod_asig5,pre_cod_asig6,pre_cod_asig7 FROM tblaca009 WHERE pensum='5' AND c_uni_ca='5' AND c_asigna='300226' [1][0] OK
C:[18/06/2018 09:36:39.21][172.16.4.254][1399] SELECT c_asigna FROM dace004 WHERE exp_e='18-27602772' AND c_asigna='300116' AND status IN ('0','3','B') [1][0] OK
C:[18/06/2018 09:36:40.26][172.16.4.254][1430] SELECT par_cod_asig1,par_cod_asig2,par_cod_asig3 FROM tblaca009 WHERE pensum='5' AND c_uni_ca='5' AND c_asigna='300112' [1][0] OK
C:[18/06/2018 09:36:40.26][172.16.4.254][1430] SELECT par_cod_asig1,par_cod_asig2,par_cod_asig3 FROM tblaca009 WHERE pensum='5' AND c_uni_ca='5' AND c_asigna='300101' [1][0] OK
C:[18/06/2018 09:36:40.26][172.16.4.254][1430] SELECT par_cod_asig1,par_cod_asig2,par_cod_asig3 FROM tblaca009 WHERE pensum='5' AND c_uni_ca='5' AND c_asigna='300226' [1][0] OK
C:[18/06/2018 09:36:40.67][172.16.4.254][1560] SELECT horas_lab FROM tblaca008 WHERE c_asigna='300112' AND horas_teoricas > 0 [1][0] OK
C:[18/06/2018 09:45:54.97][172.16.4.254][1386] SELECT pre_cod_asig1,pre_cod_asig2,pre_cod_asig3,pre_cod_asig4,pre_cod_asig5,pre_cod_asig6,pre_cod_asig7 FROM tblaca009 WHERE pensum='5' AND c_uni_ca='6' AND c_asigna='342559' [1][0] OK
C:[18/06/2018 09:45:54.97][172.16.4.254][1399] SELECT c_asigna FROM dace004 WHERE exp_e='10-21248335' AND c_asigna='342436' AND status IN ('0','3','B') [1][0] OK
C:[18/06/2018 09:45:54.97][172.16.4.254][1386] SELECT pre_cod_asig1,pre_cod_asig2,pre_cod_asig3,pre_cod_asig4,pre_cod_asig5,pre_cod_asig6,pre_cod_asig7 FROM tblaca009 WHERE pensum='5' AND c_uni_ca='6' AND c_asigna='344565' [1][0] OK
C:[18/06/2018 09:45:54.97][172.16.4.254][1399] SELECT c_asigna FROM dace004 WHERE exp_e='10-21248335' AND c_asigna='344445' AND status IN ('0','3','B') [1][0] OK
C:[18/06/2018 09:45:54.97][172.16.4.254][1386] SELECT pre_cod_asig1,pre_cod_asig2,pre_cod_asig3,pre_cod_asig4,pre_cod_asig5,pre_cod_asig6,pre_cod_asig7 FROM tblaca009 WHERE pensum='5' AND c_uni_ca='6' AND c_asigna='344566' [1][0] OK
C:[18/06/2018 09:45:54.97][172.16.4.254][1399] SELECT c_asigna FROM dace004 WHERE exp_e='10-21248335' AND c_asigna='344446' AND status IN ('0','3','B') [1][0] OK
C:[18/06/2018 09:45:54.97][172.16.4.254][1399] SELECT c_asigna FROM dace004 WHERE exp_e='10-21248335' AND c_asigna='300428' AND status IN ('0','3','B') [1][0] OK
C:[18/06/2018 09:45:54.97][172.16.4.254][1399] SELECT c_asigna FROM dace004 WHERE exp_e='10-21248335' AND c_asigna='300209' AND status IN ('0','3','B') [1][0] OK
C:[18/06/2018 09:45:54.97][172.16.4.254][1399] SELECT c_asigna FROM dace004 WHERE exp_e='10-21248335' AND c_asigna='300222' AND status IN ('0','3','B') [1][0] OK
C:[18/06/2018 09:45:54.97][172.16.4.254][1399] SELECT c_asigna FROM dace004 WHERE exp_e='10-21248335' AND c_asigna='300226' AND status IN ('0','3','B') [1][0] OK
C:[18/06/2018 09:45:54.97][172.16.4.254][1399] SELECT c_asigna FROM dace004 WHERE exp_e='10-21248335' AND c_asigna='300317' AND status IN ('0','3','B') [1][0] OK
C:[18/06/2018 09:45:54.97][172.16.4.254][1399] SELECT c_asigna FROM dace004 WHERE exp_e='10-21248335' AND c_asigna='300313' AND status IN ('0','3','B') [1][0] OK
C:[18/06/2018 09:45:54.45][172.16.4.254][1430] SELECT par_cod_asig1,par_cod_asig2,par_cod_asig3 FROM tblaca009 WHERE pensum='5' AND c_uni_ca='6' AND c_asigna='342559' [1][0] OK
C:[18/06/2018 09:45:54.45][172.16.4.254][1430] SELECT par_cod_asig1,par_cod_asig2,par_cod_asig3 FROM tblaca009 WHERE pensum='5' AND c_uni_ca='6' AND c_asigna='344565' [1][0] OK
C:[18/06/2018 09:45:54.45][172.16.4.254][1430] SELECT par_cod_asig1,par_cod_asig2,par_cod_asig3 FROM tblaca009 WHERE pensum='5' AND c_uni_ca='6' AND c_asigna='344566' [1][0] OK
C:[18/06/2018 09:45:54.85][172.16.4.254][1560] SELECT horas_lab FROM tblaca008 WHERE c_asigna='342559' AND horas_teoricas > 0 [1][0] OK
C:[18/06/2018 11:00:07.97][172.16.4.254][1386] SELECT pre_cod_asig1,pre_cod_asig2,pre_cod_asig3,pre_cod_asig4,pre_cod_asig5,pre_cod_asig6,pre_cod_asig7 FROM tblaca009 WHERE pensum='5' AND c_uni_ca='4' AND c_asigna='300112' [1][0] OK
C:[18/06/2018 11:00:07.97][172.16.4.254][1386] SELECT pre_cod_asig1,pre_cod_asig2,pre_cod_asig3,pre_cod_asig4,pre_cod_asig5,pre_cod_asig6,pre_cod_asig7 FROM tblaca009 WHERE pensum='5' AND c_uni_ca='4' AND c_asigna='300209' [1][0] OK
C:[18/06/2018 11:00:07.97][172.16.4.254][1399] SELECT c_asigna FROM dace004 WHERE exp_e='18-29589504' AND c_asigna='300101' AND status IN ('0','3','B') [1][0] OK
C:[18/06/2018 11:00:07.97][172.16.4.254][1386] SELECT pre_cod_asig1,pre_cod_asig2,pre_cod_asig3,pre_cod_asig4,pre_cod_asig5,pre_cod_asig6,pre_cod_asig7 FROM tblaca009 WHERE pensum='5' AND c_uni_ca='4' AND c_asigna='300213' [1][0] OK
C:[18/06/2018 11:00:07.97][172.16.4.254][1399] SELECT c_asigna FROM dace004 WHERE exp_e='18-29589504' AND c_asigna='300101' AND status IN ('0','3','B') [1][0] OK
C:[18/06/2018 11:00:07.58][172.16.4.254][1430] SELECT par_cod_asig1,par_cod_asig2,par_cod_asig3 FROM tblaca009 WHERE pensum='5' AND c_uni_ca='4' AND c_asigna='300112' [1][0] OK
C:[18/06/2018 11:00:07.58][172.16.4.254][1430] SELECT par_cod_asig1,par_cod_asig2,par_cod_asig3 FROM tblaca009 WHERE pensum='5' AND c_uni_ca='4' AND c_asigna='300209' [1][0] OK
C:[18/06/2018 11:00:07.58][172.16.4.254][1430] SELECT par_cod_asig1,par_cod_asig2,par_cod_asig3 FROM tblaca009 WHERE pensum='5' AND c_uni_ca='4' AND c_asigna='300213' [1][0] OK
C:[18/06/2018 11:00:07.58][172.16.4.254][1444] SELECT c_asigna FROM dace004 WHERE exp_e='18-29589504' AND c_asigna='300209' AND status IN ('0','3','B','C') [0][0] OK
C:[18/06/2018 11:00:07.12][172.16.4.254][1560] SELECT horas_lab FROM tblaca008 WHERE c_asigna='300112' AND horas_teoricas > 0 [1][0] OK
C:[18/06/2018 13:25:14.39][172.16.4.254][1386] SELECT pre_cod_asig1,pre_cod_asig2,pre_cod_asig3,pre_cod_asig4,pre_cod_asig5,pre_cod_asig6,pre_cod_asig7 FROM tblaca009 WHERE pensum='5' AND c_uni_ca='4' AND c_asigna='334762' [1][0] OK
C:[18/06/2018 13:25:14.39][172.16.4.254][1386] SELECT pre_cod_asig1,pre_cod_asig2,pre_cod_asig3,pre_cod_asig4,pre_cod_asig5,pre_cod_asig6,pre_cod_asig7 FROM tblaca009 WHERE pensum='5' AND c_uni_ca='4' AND c_asigna='333608' [1][0] OK
C:[18/06/2018 13:25:14.39][172.16.4.254][1399] SELECT c_asigna FROM dace004 WHERE exp_e='14-25984391' AND c_asigna='311561' AND status IN ('0','3','B') [1][0] OK
C:[18/06/2018 13:25:14.39][172.16.4.254][1399] SELECT c_asigna FROM dace004 WHERE exp_e='14-25984391' AND c_asigna='333564' AND status IN ('0','3','B') [1][0] OK
C:[18/06/2018 13:25:14.39][172.16.4.254][1386] SELECT pre_cod_asig1,pre_cod_asig2,pre_cod_asig3,pre_cod_asig4,pre_cod_asig5,pre_cod_asig6,pre_cod_asig7 FROM tblaca009 WHERE pensum='5' AND c_uni_ca='4' AND c_asigna='333611' [1][0] OK
C:[18/06/2018 13:25:14.39][172.16.4.254][1399] SELECT c_asigna FROM dace004 WHERE exp_e='14-25984391' AND c_asigna='333584' AND status IN ('0','3','B') [1][0] OK
C:[18/06/2018 13:25:14.14][172.16.4.254][1430] SELECT par_cod_asig1,par_cod_asig2,par_cod_asig3 FROM tblaca009 WHERE pensum='5' AND c_uni_ca='4' AND c_asigna='334762' [1][0] OK
C:[18/06/2018 13:25:14.14][172.16.4.254][1430] SELECT par_cod_asig1,par_cod_asig2,par_cod_asig3 FROM tblaca009 WHERE pensum='5' AND c_uni_ca='4' AND c_asigna='333608' [1][0] OK
C:[18/06/2018 13:25:14.14][172.16.4.254][1430] SELECT par_cod_asig1,par_cod_asig2,par_cod_asig3 FROM tblaca009 WHERE pensum='5' AND c_uni_ca='4' AND c_asigna='333611' [1][0] OK
C:[18/06/2018 13:25:14.54][172.16.4.254][1560] SELECT horas_lab FROM tblaca008 WHERE c_asigna='334762' AND horas_teoricas > 0 [1][0] OK
C:[18/06/2018 13:52:44.21][172.16.4.254][1386] SELECT pre_cod_asig1,pre_cod_asig2,pre_cod_asig3,pre_cod_asig4,pre_cod_asig5,pre_cod_asig6,pre_cod_asig7 FROM tblaca009 WHERE pensum='5' AND c_uni_ca='3' AND c_asigna='300314' [1][0] OK
C:[18/06/2018 13:52:44.21][172.16.4.254][1399] SELECT c_asigna FROM dace004 WHERE exp_e='18-28215386' AND c_asigna='300106' AND status IN ('0','3','B') [1][0] OK
C:[18/06/2018 13:52:44.21][172.16.4.254][1386] SELECT pre_cod_asig1,pre_cod_asig2,pre_cod_asig3,pre_cod_asig4,pre_cod_asig5,pre_cod_asig6,pre_cod_asig7 FROM tblaca009 WHERE pensum='5' AND c_uni_ca='3' AND c_asigna='300112' [1][0] OK
C:[18/06/2018 13:52:44.21][172.16.4.254][1386] SELECT pre_cod_asig1,pre_cod_asig2,pre_cod_asig3,pre_cod_asig4,pre_cod_asig5,pre_cod_asig6,pre_cod_asig7 FROM tblaca009 WHERE pensum='5' AND c_uni_ca='3' AND c_asigna='300113' [1][0] OK
C:[18/06/2018 13:52:44.70][172.16.4.254][1430] SELECT par_cod_asig1,par_cod_asig2,par_cod_asig3 FROM tblaca009 WHERE pensum='5' AND c_uni_ca='3' AND c_asigna='300314' [1][0] OK
C:[18/06/2018 13:52:44.70][172.16.4.254][1430] SELECT par_cod_asig1,par_cod_asig2,par_cod_asig3 FROM tblaca009 WHERE pensum='5' AND c_uni_ca='3' AND c_asigna='300112' [1][0] OK
C:[18/06/2018 13:52:44.70][172.16.4.254][1430] SELECT par_cod_asig1,par_cod_asig2,par_cod_asig3 FROM tblaca009 WHERE pensum='5' AND c_uni_ca='3' AND c_asigna='300113' [1][0] OK
C:[18/06/2018 13:52:44.70][172.16.4.254][1444] SELECT c_asigna FROM dace004 WHERE exp_e='18-28215386' AND c_asigna='300013' AND status IN ('0','3','B','C') [1][0] OK
C:[18/06/2018 13:52:44.21][172.16.4.254][1560] SELECT horas_lab FROM tblaca008 WHERE c_asigna='300314' AND horas_teoricas > 0 [0][0] OK
C:[18/06/2018 14:01:59.66][172.16.4.223][1386] SELECT pre_cod_asig1,pre_cod_asig2,pre_cod_asig3,pre_cod_asig4,pre_cod_asig5,pre_cod_asig6,pre_cod_asig7 FROM tblaca009 WHERE pensum='5' AND c_uni_ca='2' AND c_asigna='300113' [1][0] OK
C:[18/06/2018 14:01:59.66][172.16.4.223][1386] SELECT pre_cod_asig1,pre_cod_asig2,pre_cod_asig3,pre_cod_asig4,pre_cod_asig5,pre_cod_asig6,pre_cod_asig7 FROM tblaca009 WHERE pensum='5' AND c_uni_ca='2' AND c_asigna='300314' [1][0] OK
C:[18/06/2018 14:01:59.66][172.16.4.223][1399] SELECT c_asigna FROM dace004 WHERE exp_e='18-27110196' AND c_asigna='300106' AND status IN ('0','3','B') [1][0] OK
C:[18/06/2018 14:01:59.03][172.16.4.223][1430] SELECT par_cod_asig1,par_cod_asig2,par_cod_asig3 FROM tblaca009 WHERE pensum='5' AND c_uni_ca='2' AND c_asigna='300113' [1][0] OK
C:[18/06/2018 14:01:59.03][172.16.4.223][1444] SELECT c_asigna FROM dace004 WHERE exp_e='18-27110196' AND c_asigna='300013' AND status IN ('0','3','B','C') [1][0] OK
C:[18/06/2018 14:01:59.03][172.16.4.223][1430] SELECT par_cod_asig1,par_cod_asig2,par_cod_asig3 FROM tblaca009 WHERE pensum='5' AND c_uni_ca='2' AND c_asigna='300314' [1][0] OK
C:[18/06/2018 14:01:59.44][172.16.4.223][1560] SELECT horas_lab FROM tblaca008 WHERE c_asigna='300113' AND horas_teoricas > 0 [0][0] OK
C:[18/06/2018 14:07:24.34][172.16.4.254][1386] SELECT pre_cod_asig1,pre_cod_asig2,pre_cod_asig3,pre_cod_asig4,pre_cod_asig5,pre_cod_asig6,pre_cod_asig7 FROM tblaca009 WHERE pensum='5' AND c_uni_ca='6' AND c_asigna='342559' [1][0] OK
C:[18/06/2018 14:07:24.34][172.16.4.254][1399] SELECT c_asigna FROM dace004 WHERE exp_e='15-26500049' AND c_asigna='342436' AND status IN ('0','3','B') [1][0] OK
C:[18/06/2018 14:07:24.34][172.16.4.254][1386] SELECT pre_cod_asig1,pre_cod_asig2,pre_cod_asig3,pre_cod_asig4,pre_cod_asig5,pre_cod_asig6,pre_cod_asig7 FROM tblaca009 WHERE pensum='5' AND c_uni_ca='6' AND c_asigna='344565' [1][0] OK
C:[18/06/2018 14:07:24.34][172.16.4.254][1399] SELECT c_asigna FROM dace004 WHERE exp_e='15-26500049' AND c_asigna='344445' AND status IN ('0','3','B') [1][0] OK
C:[18/06/2018 14:07:24.34][172.16.4.254][1386] SELECT pre_cod_asig1,pre_cod_asig2,pre_cod_asig3,pre_cod_asig4,pre_cod_asig5,pre_cod_asig6,pre_cod_asig7 FROM tblaca009 WHERE pensum='5' AND c_uni_ca='6' AND c_asigna='344566' [1][0] OK
C:[18/06/2018 14:07:24.34][172.16.4.254][1399] SELECT c_asigna FROM dace004 WHERE exp_e='15-26500049' AND c_asigna='344446' AND status IN ('0','3','B') [1][0] OK
C:[18/06/2018 14:07:24.34][172.16.4.254][1399] SELECT c_asigna FROM dace004 WHERE exp_e='15-26500049' AND c_asigna='300428' AND status IN ('0','3','B') [1][0] OK
C:[18/06/2018 14:07:24.34][172.16.4.254][1399] SELECT c_asigna FROM dace004 WHERE exp_e='15-26500049' AND c_asigna='300209' AND status IN ('0','3','B') [1][0] OK
C:[18/06/2018 14:07:24.34][172.16.4.254][1399] SELECT c_asigna FROM dace004 WHERE exp_e='15-26500049' AND c_asigna='300222' AND status IN ('0','3','B') [1][0] OK
C:[18/06/2018 14:07:24.34][172.16.4.254][1399] SELECT c_asigna FROM dace004 WHERE exp_e='15-26500049' AND c_asigna='300226' AND status IN ('0','3','B') [1][0] OK
C:[18/06/2018 14:07:24.34][172.16.4.254][1399] SELECT c_asigna FROM dace004 WHERE exp_e='15-26500049' AND c_asigna='300317' AND status IN ('0','3','B') [1][0] OK
C:[18/06/2018 14:07:24.34][172.16.4.254][1399] SELECT c_asigna FROM dace004 WHERE exp_e='15-26500049' AND c_asigna='300313' AND status IN ('0','3','B') [1][0] OK
C:[18/06/2018 14:07:25.82][172.16.4.254][1430] SELECT par_cod_asig1,par_cod_asig2,par_cod_asig3 FROM tblaca009 WHERE pensum='5' AND c_uni_ca='6' AND c_asigna='342559' [1][0] OK
C:[18/06/2018 14:07:25.82][172.16.4.254][1430] SELECT par_cod_asig1,par_cod_asig2,par_cod_asig3 FROM tblaca009 WHERE pensum='5' AND c_uni_ca='6' AND c_asigna='344565' [1][0] OK
C:[18/06/2018 14:07:25.82][172.16.4.254][1430] SELECT par_cod_asig1,par_cod_asig2,par_cod_asig3 FROM tblaca009 WHERE pensum='5' AND c_uni_ca='6' AND c_asigna='344566' [1][0] OK
C:[18/06/2018 14:07:25.24][172.16.4.254][1560] SELECT horas_lab FROM tblaca008 WHERE c_asigna='342559' AND horas_teoricas > 0 [1][0] OK
C:[18/06/2018 14:51:25.31][172.16.4.254][1386] SELECT pre_cod_asig1,pre_cod_asig2,pre_cod_asig3,pre_cod_asig4,pre_cod_asig5,pre_cod_asig6,pre_cod_asig7 FROM tblaca009 WHERE pensum='5' AND c_uni_ca='6' AND c_asigna='342559' [1][0] OK
C:[18/06/2018 14:51:25.31][172.16.4.254][1399] SELECT c_asigna FROM dace004 WHERE exp_e='15-25324298' AND c_asigna='342436' AND status IN ('0','3','B') [1][0] OK
C:[18/06/2018 14:51:25.31][172.16.4.254][1386] SELECT pre_cod_asig1,pre_cod_asig2,pre_cod_asig3,pre_cod_asig4,pre_cod_asig5,pre_cod_asig6,pre_cod_asig7 FROM tblaca009 WHERE pensum='5' AND c_uni_ca='6' AND c_asigna='344565' [1][0] OK
C:[18/06/2018 14:51:25.31][172.16.4.254][1399] SELECT c_asigna FROM dace004 WHERE exp_e='15-25324298' AND c_asigna='344445' AND status IN ('0','3','B') [1][0] OK
C:[18/06/2018 14:51:25.31][172.16.4.254][1386] SELECT pre_cod_asig1,pre_cod_asig2,pre_cod_asig3,pre_cod_asig4,pre_cod_asig5,pre_cod_asig6,pre_cod_asig7 FROM tblaca009 WHERE pensum='5' AND c_uni_ca='6' AND c_asigna='344566' [1][0] OK
C:[18/06/2018 14:51:25.31][172.16.4.254][1399] SELECT c_asigna FROM dace004 WHERE exp_e='15-25324298' AND c_asigna='344446' AND status IN ('0','3','B') [1][0] OK
C:[18/06/2018 14:51:25.31][172.16.4.254][1399] SELECT c_asigna FROM dace004 WHERE exp_e='15-25324298' AND c_asigna='300428' AND status IN ('0','3','B') [1][0] OK
C:[18/06/2018 14:51:25.31][172.16.4.254][1399] SELECT c_asigna FROM dace004 WHERE exp_e='15-25324298' AND c_asigna='300209' AND status IN ('0','3','B') [1][0] OK
C:[18/06/2018 14:51:25.31][172.16.4.254][1399] SELECT c_asigna FROM dace004 WHERE exp_e='15-25324298' AND c_asigna='300222' AND status IN ('0','3','B') [1][0] OK
C:[18/06/2018 14:51:25.31][172.16.4.254][1399] SELECT c_asigna FROM dace004 WHERE exp_e='15-25324298' AND c_asigna='300226' AND status IN ('0','3','B') [1][0] OK
C:[18/06/2018 14:51:25.31][172.16.4.254][1399] SELECT c_asigna FROM dace004 WHERE exp_e='15-25324298' AND c_asigna='300317' AND status IN ('0','3','B') [1][0] OK
C:[18/06/2018 14:51:25.31][172.16.4.254][1399] SELECT c_asigna FROM dace004 WHERE exp_e='15-25324298' AND c_asigna='300313' AND status IN ('0','3','B') [1][0] OK
C:[18/06/2018 14:51:26.80][172.16.4.254][1430] SELECT par_cod_asig1,par_cod_asig2,par_cod_asig3 FROM tblaca009 WHERE pensum='5' AND c_uni_ca='6' AND c_asigna='342559' [1][0] OK
C:[18/06/2018 14:51:26.80][172.16.4.254][1430] SELECT par_cod_asig1,par_cod_asig2,par_cod_asig3 FROM tblaca009 WHERE pensum='5' AND c_uni_ca='6' AND c_asigna='344565' [1][0] OK
C:[18/06/2018 14:51:26.80][172.16.4.254][1430] SELECT par_cod_asig1,par_cod_asig2,par_cod_asig3 FROM tblaca009 WHERE pensum='5' AND c_uni_ca='6' AND c_asigna='344566' [1][0] OK
C:[18/06/2018 14:51:26.19][172.16.4.254][1560] SELECT horas_lab FROM tblaca008 WHERE c_asigna='342559' AND horas_teoricas > 0 [1][0] OK
C:[18/06/2018 15:12:06.97][172.16.4.254][1386] SELECT pre_cod_asig1,pre_cod_asig2,pre_cod_asig3,pre_cod_asig4,pre_cod_asig5,pre_cod_asig6,pre_cod_asig7 FROM tblaca009 WHERE pensum='5' AND c_uni_ca='4' AND c_asigna='300112' [1][0] OK
C:[18/06/2018 15:12:06.97][172.16.4.254][1386] SELECT pre_cod_asig1,pre_cod_asig2,pre_cod_asig3,pre_cod_asig4,pre_cod_asig5,pre_cod_asig6,pre_cod_asig7 FROM tblaca009 WHERE pensum='5' AND c_uni_ca='4' AND c_asigna='300213' [1][0] OK
C:[18/06/2018 15:12:06.97][172.16.4.254][1399] SELECT c_asigna FROM dace004 WHERE exp_e='18-27527312' AND c_asigna='300101' AND status IN ('0','3','B') [1][0] OK
C:[18/06/2018 15:12:06.97][172.16.4.254][1386] SELECT pre_cod_asig1,pre_cod_asig2,pre_cod_asig3,pre_cod_asig4,pre_cod_asig5,pre_cod_asig6,pre_cod_asig7 FROM tblaca009 WHERE pensum='5' AND c_uni_ca='4' AND c_asigna='300209' [1][0] OK
C:[18/06/2018 15:12:06.97][172.16.4.254][1399] SELECT c_asigna FROM dace004 WHERE exp_e='18-27527312' AND c_asigna='300101' AND status IN ('0','3','B') [1][0] OK
C:[18/06/2018 15:12:06.59][172.16.4.254][1430] SELECT par_cod_asig1,par_cod_asig2,par_cod_asig3 FROM tblaca009 WHERE pensum='5' AND c_uni_ca='4' AND c_asigna='300112' [1][0] OK
C:[18/06/2018 15:12:06.59][172.16.4.254][1430] SELECT par_cod_asig1,par_cod_asig2,par_cod_asig3 FROM tblaca009 WHERE pensum='5' AND c_uni_ca='4' AND c_asigna='300213' [1][0] OK
C:[18/06/2018 15:12:06.59][172.16.4.254][1444] SELECT c_asigna FROM dace004 WHERE exp_e='18-27527312' AND c_asigna='300209' AND status IN ('0','3','B','C') [0][0] OK
C:[18/06/2018 15:12:06.59][172.16.4.254][1430] SELECT par_cod_asig1,par_cod_asig2,par_cod_asig3 FROM tblaca009 WHERE pensum='5' AND c_uni_ca='4' AND c_asigna='300209' [1][0] OK
C:[18/06/2018 15:12:06.09][172.16.4.254][1560] SELECT horas_lab FROM tblaca008 WHERE c_asigna='300112' AND horas_teoricas > 0 [1][0] OK
C:[19/06/2018 08:15:31.57][172.16.0.179][1386] SELECT pre_cod_asig1,pre_cod_asig2,pre_cod_asig3,pre_cod_asig4,pre_cod_asig5,pre_cod_asig6,pre_cod_asig7 FROM tblaca009 WHERE pensum='5' AND c_uni_ca='3' AND c_asigna='300112' [1][0] OK
C:[19/06/2018 08:15:31.57][172.16.0.179][1386] SELECT pre_cod_asig1,pre_cod_asig2,pre_cod_asig3,pre_cod_asig4,pre_cod_asig5,pre_cod_asig6,pre_cod_asig7 FROM tblaca009 WHERE pensum='5' AND c_uni_ca='3' AND c_asigna='300101' [1][0] OK
C:[19/06/2018 08:15:31.57][172.16.0.179][1386] SELECT pre_cod_asig1,pre_cod_asig2,pre_cod_asig3,pre_cod_asig4,pre_cod_asig5,pre_cod_asig6,pre_cod_asig7 FROM tblaca009 WHERE pensum='5' AND c_uni_ca='3' AND c_asigna='300113' [1][0] OK
C:[19/06/2018 08:15:31.95][172.16.0.179][1430] SELECT par_cod_asig1,par_cod_asig2,par_cod_asig3 FROM tblaca009 WHERE pensum='5' AND c_uni_ca='3' AND c_asigna='300112' [1][0] OK
C:[19/06/2018 08:15:31.95][172.16.0.179][1430] SELECT par_cod_asig1,par_cod_asig2,par_cod_asig3 FROM tblaca009 WHERE pensum='5' AND c_uni_ca='3' AND c_asigna='300101' [1][0] OK
C:[19/06/2018 08:15:31.95][172.16.0.179][1430] SELECT par_cod_asig1,par_cod_asig2,par_cod_asig3 FROM tblaca009 WHERE pensum='5' AND c_uni_ca='3' AND c_asigna='300113' [1][0] OK
C:[19/06/2018 08:15:31.95][172.16.0.179][1444] SELECT c_asigna FROM dace004 WHERE exp_e='18-27729388' AND c_asigna='300013' AND status IN ('0','3','B','C') [1][0] OK
C:[19/06/2018 08:15:31.47][172.16.0.179][1560] SELECT horas_lab FROM tblaca008 WHERE c_asigna='300112' AND horas_teoricas > 0 [1][0] OK
C:[19/06/2018 10:29:20.53][172.16.4.254][1386] SELECT pre_cod_asig1,pre_cod_asig2,pre_cod_asig3,pre_cod_asig4,pre_cod_asig5,pre_cod_asig6,pre_cod_asig7 FROM tblaca009 WHERE pensum='5' AND c_uni_ca='4' AND c_asigna='300112' [1][0] OK
C:[19/06/2018 10:29:20.53][172.16.4.254][1386] SELECT pre_cod_asig1,pre_cod_asig2,pre_cod_asig3,pre_cod_asig4,pre_cod_asig5,pre_cod_asig6,pre_cod_asig7 FROM tblaca009 WHERE pensum='5' AND c_uni_ca='4' AND c_asigna='300013' [1][0] OK
C:[19/06/2018 10:29:20.53][172.16.4.254][1386] SELECT pre_cod_asig1,pre_cod_asig2,pre_cod_asig3,pre_cod_asig4,pre_cod_asig5,pre_cod_asig6,pre_cod_asig7 FROM tblaca009 WHERE pensum='5' AND c_uni_ca='4' AND c_asigna='300101' [1][0] OK
C:[19/06/2018 10:29:20.91][172.16.4.254][1430] SELECT par_cod_asig1,par_cod_asig2,par_cod_asig3 FROM tblaca009 WHERE pensum='5' AND c_uni_ca='4' AND c_asigna='300112' [1][0] OK
C:[19/06/2018 10:29:20.91][172.16.4.254][1430] SELECT par_cod_asig1,par_cod_asig2,par_cod_asig3 FROM tblaca009 WHERE pensum='5' AND c_uni_ca='4' AND c_asigna='300013' [1][0] OK
C:[19/06/2018 10:29:20.91][172.16.4.254][1430] SELECT par_cod_asig1,par_cod_asig2,par_cod_asig3 FROM tblaca009 WHERE pensum='5' AND c_uni_ca='4' AND c_asigna='300101' [1][0] OK
C:[19/06/2018 10:29:20.31][172.16.4.254][1560] SELECT horas_lab FROM tblaca008 WHERE c_asigna='300112' AND horas_teoricas > 0 [1][0] OK
C:[19/06/2018 11:03:55.33][172.16.4.223][1386] SELECT pre_cod_asig1,pre_cod_asig2,pre_cod_asig3,pre_cod_asig4,pre_cod_asig5,pre_cod_asig6,pre_cod_asig7 FROM tblaca009 WHERE pensum='5' AND c_uni_ca='6' AND c_asigna='300113' [1][0] OK
C:[19/06/2018 11:03:55.33][172.16.4.223][1386] SELECT pre_cod_asig1,pre_cod_asig2,pre_cod_asig3,pre_cod_asig4,pre_cod_asig5,pre_cod_asig6,pre_cod_asig7 FROM tblaca009 WHERE pensum='5' AND c_uni_ca='6' AND c_asigna='300013' [1][0] OK
C:[19/06/2018 11:03:55.33][172.16.4.223][1386] SELECT pre_cod_asig1,pre_cod_asig2,pre_cod_asig3,pre_cod_asig4,pre_cod_asig5,pre_cod_asig6,pre_cod_asig7 FROM tblaca009 WHERE pensum='5' AND c_uni_ca='6' AND c_asigna='300112' [1][0] OK
C:[19/06/2018 11:03:56.71][172.16.4.223][1430] SELECT par_cod_asig1,par_cod_asig2,par_cod_asig3 FROM tblaca009 WHERE pensum='5' AND c_uni_ca='6' AND c_asigna='300113' [1][0] OK
C:[19/06/2018 11:03:56.71][172.16.4.223][1444] SELECT c_asigna FROM dace004 WHERE exp_e='18-27506421' AND c_asigna='300013' AND status IN ('0','3','B','C') [0][0] OK
C:[19/06/2018 11:03:56.71][172.16.4.223][1430] SELECT par_cod_asig1,par_cod_asig2,par_cod_asig3 FROM tblaca009 WHERE pensum='5' AND c_uni_ca='6' AND c_asigna='300013' [1][0] OK
C:[19/06/2018 11:03:56.71][172.16.4.223][1430] SELECT par_cod_asig1,par_cod_asig2,par_cod_asig3 FROM tblaca009 WHERE pensum='5' AND c_uni_ca='6' AND c_asigna='300112' [1][0] OK
C:[19/06/2018 11:03:56.23][172.16.4.223][1560] SELECT horas_lab FROM tblaca008 WHERE c_asigna='300113' AND horas_teoricas > 0 [0][0] OK
C:[19/06/2018 11:06:34.70][172.16.4.223][1386] SELECT pre_cod_asig1,pre_cod_asig2,pre_cod_asig3,pre_cod_asig4,pre_cod_asig5,pre_cod_asig6,pre_cod_asig7 FROM tblaca009 WHERE pensum='5' AND c_uni_ca='4' AND c_asigna='300314' [1][0] OK
C:[19/06/2018 11:06:34.70][172.16.4.223][1399] SELECT c_asigna FROM dace004 WHERE exp_e='18-27390844' AND c_asigna='300106' AND status IN ('0','3','B') [1][0] OK
C:[19/06/2018 11:06:34.70][172.16.4.223][1386] SELECT pre_cod_asig1,pre_cod_asig2,pre_cod_asig3,pre_cod_asig4,pre_cod_asig5,pre_cod_asig6,pre_cod_asig7 FROM tblaca009 WHERE pensum='5' AND c_uni_ca='4' AND c_asigna='300013' [1][0] OK
C:[19/06/2018 11:06:34.70][172.16.4.223][1386] SELECT pre_cod_asig1,pre_cod_asig2,pre_cod_asig3,pre_cod_asig4,pre_cod_asig5,pre_cod_asig6,pre_cod_asig7 FROM tblaca009 WHERE pensum='5' AND c_uni_ca='4' AND c_asigna='300105' [1][0] OK
C:[19/06/2018 11:06:34.21][172.16.4.223][1430] SELECT par_cod_asig1,par_cod_asig2,par_cod_asig3 FROM tblaca009 WHERE pensum='5' AND c_uni_ca='4' AND c_asigna='300314' [1][0] OK
C:[19/06/2018 11:06:34.21][172.16.4.223][1430] SELECT par_cod_asig1,par_cod_asig2,par_cod_asig3 FROM tblaca009 WHERE pensum='5' AND c_uni_ca='4' AND c_asigna='300013' [1][0] OK
C:[19/06/2018 11:06:34.21][172.16.4.223][1430] SELECT par_cod_asig1,par_cod_asig2,par_cod_asig3 FROM tblaca009 WHERE pensum='5' AND c_uni_ca='4' AND c_asigna='300105' [1][0] OK
C:[19/06/2018 11:06:35.61][172.16.4.223][1560] SELECT horas_lab FROM tblaca008 WHERE c_asigna='300314' AND horas_teoricas > 0 [0][0] OK
C:[19/06/2018 13:14:43.00][172.16.4.254][1386] SELECT pre_cod_asig1,pre_cod_asig2,pre_cod_asig3,pre_cod_asig4,pre_cod_asig5,pre_cod_asig6,pre_cod_asig7 FROM tblaca009 WHERE pensum='5' AND c_uni_ca='2' AND c_asigna='300112' [1][0] OK
C:[19/06/2018 13:14:43.00][172.16.4.254][1386] SELECT pre_cod_asig1,pre_cod_asig2,pre_cod_asig3,pre_cod_asig4,pre_cod_asig5,pre_cod_asig6,pre_cod_asig7 FROM tblaca009 WHERE pensum='5' AND c_uni_ca='2' AND c_asigna='300101' [1][0] OK
C:[19/06/2018 13:14:43.24][172.16.4.254][1430] SELECT par_cod_asig1,par_cod_asig2,par_cod_asig3 FROM tblaca009 WHERE pensum='5' AND c_uni_ca='2' AND c_asigna='300112' [1][0] OK
C:[19/06/2018 13:14:43.24][172.16.4.254][1430] SELECT par_cod_asig1,par_cod_asig2,par_cod_asig3 FROM tblaca009 WHERE pensum='5' AND c_uni_ca='2' AND c_asigna='300101' [1][0] OK
C:[19/06/2018 13:14:43.51][172.16.4.254][1560] SELECT horas_lab FROM tblaca008 WHERE c_asigna='300112' AND horas_teoricas > 0 [1][0] OK
C:[20/06/2018 11:55:24.23][172.16.4.254][1386] SELECT pre_cod_asig1,pre_cod_asig2,pre_cod_asig3,pre_cod_asig4,pre_cod_asig5,pre_cod_asig6,pre_cod_asig7 FROM tblaca009 WHERE pensum='5' AND c_uni_ca='4' AND c_asigna='300314' [1][0] OK
C:[20/06/2018 11:55:24.23][172.16.4.254][1399] SELECT c_asigna FROM dace004 WHERE exp_e='18-27935140' AND c_asigna='300106' AND status IN ('0','3','B') [1][0] OK
C:[20/06/2018 11:55:24.23][172.16.4.254][1386] SELECT pre_cod_asig1,pre_cod_asig2,pre_cod_asig3,pre_cod_asig4,pre_cod_asig5,pre_cod_asig6,pre_cod_asig7 FROM tblaca009 WHERE pensum='5' AND c_uni_ca='4' AND c_asigna='300101' [1][0] OK
C:[20/06/2018 11:55:24.23][172.16.4.254][1386] SELECT pre_cod_asig1,pre_cod_asig2,pre_cod_asig3,pre_cod_asig4,pre_cod_asig5,pre_cod_asig6,pre_cod_asig7 FROM tblaca009 WHERE pensum='5' AND c_uni_ca='4' AND c_asigna='300113' [1][0] OK
C:[20/06/2018 11:55:24.73][172.16.4.254][1430] SELECT par_cod_asig1,par_cod_asig2,par_cod_asig3 FROM tblaca009 WHERE pensum='5' AND c_uni_ca='4' AND c_asigna='300314' [1][0] OK
C:[20/06/2018 11:55:24.73][172.16.4.254][1430] SELECT par_cod_asig1,par_cod_asig2,par_cod_asig3 FROM tblaca009 WHERE pensum='5' AND c_uni_ca='4' AND c_asigna='300101' [1][0] OK
C:[20/06/2018 11:55:24.73][172.16.4.254][1430] SELECT par_cod_asig1,par_cod_asig2,par_cod_asig3 FROM tblaca009 WHERE pensum='5' AND c_uni_ca='4' AND c_asigna='300113' [1][0] OK
C:[20/06/2018 11:55:24.73][172.16.4.254][1444] SELECT c_asigna FROM dace004 WHERE exp_e='18-27935140' AND c_asigna='300013' AND status IN ('0','3','B','C') [1][0] OK
C:[20/06/2018 11:55:25.26][172.16.4.254][1560] SELECT horas_lab FROM tblaca008 WHERE c_asigna='300314' AND horas_teoricas > 0 [0][0] OK
C:[21/06/2018 08:00:42.65][172.16.4.254][1386] SELECT pre_cod_asig1,pre_cod_asig2,pre_cod_asig3,pre_cod_asig4,pre_cod_asig5,pre_cod_asig6,pre_cod_asig7 FROM tblaca009 WHERE pensum='5' AND c_uni_ca='3' AND c_asigna='300213' [1][0] OK
C:[21/06/2018 08:00:42.65][172.16.4.254][1399] SELECT c_asigna FROM dace004 WHERE exp_e='16-26444176' AND c_asigna='300101' AND status IN ('0','3','B') [1][0] OK
C:[21/06/2018 08:00:42.65][172.16.4.254][1386] SELECT pre_cod_asig1,pre_cod_asig2,pre_cod_asig3,pre_cod_asig4,pre_cod_asig5,pre_cod_asig6,pre_cod_asig7 FROM tblaca009 WHERE pensum='5' AND c_uni_ca='3' AND c_asigna='300207' [1][0] OK
C:[21/06/2018 08:00:42.65][172.16.4.254][1399] SELECT c_asigna FROM dace004 WHERE exp_e='16-26444176' AND c_asigna='300101' AND status IN ('0','3','B') [1][0] OK
C:[21/06/2018 08:00:42.65][172.16.4.254][1386] SELECT pre_cod_asig1,pre_cod_asig2,pre_cod_asig3,pre_cod_asig4,pre_cod_asig5,pre_cod_asig6,pre_cod_asig7 FROM tblaca009 WHERE pensum='5' AND c_uni_ca='3' AND c_asigna='300209' [1][0] OK
C:[21/06/2018 08:00:42.65][172.16.4.254][1399] SELECT c_asigna FROM dace004 WHERE exp_e='16-26444176' AND c_asigna='300101' AND status IN ('0','3','B') [1][0] OK
C:[21/06/2018 08:00:42.40][172.16.4.254][1430] SELECT par_cod_asig1,par_cod_asig2,par_cod_asig3 FROM tblaca009 WHERE pensum='5' AND c_uni_ca='3' AND c_asigna='300213' [1][0] OK
C:[21/06/2018 08:00:42.40][172.16.4.254][1444] SELECT c_asigna FROM dace004 WHERE exp_e='16-26444176' AND c_asigna='300209' AND status IN ('0','3','B','C') [0][0] OK
C:[21/06/2018 08:00:42.40][172.16.4.254][1430] SELECT par_cod_asig1,par_cod_asig2,par_cod_asig3 FROM tblaca009 WHERE pensum='5' AND c_uni_ca='3' AND c_asigna='300207' [1][0] OK
C:[21/06/2018 08:00:42.40][172.16.4.254][1430] SELECT par_cod_asig1,par_cod_asig2,par_cod_asig3 FROM tblaca009 WHERE pensum='5' AND c_uni_ca='3' AND c_asigna='300209' [1][0] OK
C:[21/06/2018 08:00:42.93][172.16.4.254][1560] SELECT horas_lab FROM tblaca008 WHERE c_asigna='300213' AND horas_teoricas > 0 [1][0] OK
C:[29/06/2018 08:50:11.94][172.16.4.254][1386] SELECT pre_cod_asig1,pre_cod_asig2,pre_cod_asig3,pre_cod_asig4,pre_cod_asig5,pre_cod_asig6,pre_cod_asig7 FROM tblaca009 WHERE pensum='5' AND c_uni_ca='5' AND c_asigna='300112' [1][0] OK
C:[29/06/2018 08:50:11.94][172.16.4.254][1386] SELECT pre_cod_asig1,pre_cod_asig2,pre_cod_asig3,pre_cod_asig4,pre_cod_asig5,pre_cod_asig6,pre_cod_asig7 FROM tblaca009 WHERE pensum='5' AND c_uni_ca='5' AND c_asigna='300101' [1][0] OK
C:[29/06/2018 08:50:11.94][172.16.4.254][1386] SELECT pre_cod_asig1,pre_cod_asig2,pre_cod_asig3,pre_cod_asig4,pre_cod_asig5,pre_cod_asig6,pre_cod_asig7 FROM tblaca009 WHERE pensum='5' AND c_uni_ca='5' AND c_asigna='300113' [1][0] OK
C:[29/06/2018 08:50:11.31][172.16.4.254][1430] SELECT par_cod_asig1,par_cod_asig2,par_cod_asig3 FROM tblaca009 WHERE pensum='5' AND c_uni_ca='5' AND c_asigna='300112' [1][0] OK
C:[29/06/2018 08:50:11.31][172.16.4.254][1430] SELECT par_cod_asig1,par_cod_asig2,par_cod_asig3 FROM tblaca009 WHERE pensum='5' AND c_uni_ca='5' AND c_asigna='300101' [1][0] OK
C:[29/06/2018 08:50:11.31][172.16.4.254][1430] SELECT par_cod_asig1,par_cod_asig2,par_cod_asig3 FROM tblaca009 WHERE pensum='5' AND c_uni_ca='5' AND c_asigna='300113' [1][0] OK
C:[29/06/2018 08:50:11.31][172.16.4.254][1444] SELECT c_asigna FROM dace004 WHERE exp_e='18-27922458' AND c_asigna='300013' AND status IN ('0','3','B','C') [1][0] OK
C:[29/06/2018 08:50:11.82][172.16.4.254][1560] SELECT horas_lab FROM tblaca008 WHERE c_asigna='300112' AND horas_teoricas > 0 [1][0] OK
C:[02/07/2018 10:29:35.61][172.16.4.254][1386] SELECT pre_cod_asig1,pre_cod_asig2,pre_cod_asig3,pre_cod_asig4,pre_cod_asig5,pre_cod_asig6,pre_cod_asig7 FROM tblaca009 WHERE pensum='5' AND c_uni_ca='6' AND c_asigna='300209' [1][0] OK
C:[02/07/2018 10:29:35.61][172.16.4.254][1399] SELECT c_asigna FROM dace004 WHERE exp_e='18-27308381' AND c_asigna='300101' AND status IN ('0','3','B') [1][0] OK
C:[02/07/2018 10:29:35.61][172.16.4.254][1386] SELECT pre_cod_asig1,pre_cod_asig2,pre_cod_asig3,pre_cod_asig4,pre_cod_asig5,pre_cod_asig6,pre_cod_asig7 FROM tblaca009 WHERE pensum='5' AND c_uni_ca='6' AND c_asigna='300013' [1][0] OK
C:[02/07/2018 10:29:35.61][172.16.4.254][1386] SELECT pre_cod_asig1,pre_cod_asig2,pre_cod_asig3,pre_cod_asig4,pre_cod_asig5,pre_cod_asig6,pre_cod_asig7 FROM tblaca009 WHERE pensum='5' AND c_uni_ca='6' AND c_asigna='300105' [1][0] OK
C:[02/07/2018 10:29:35.10][172.16.4.254][1430] SELECT par_cod_asig1,par_cod_asig2,par_cod_asig3 FROM tblaca009 WHERE pensum='5' AND c_uni_ca='6' AND c_asigna='300209' [1][0] OK
C:[02/07/2018 10:29:35.10][172.16.4.254][1430] SELECT par_cod_asig1,par_cod_asig2,par_cod_asig3 FROM tblaca009 WHERE pensum='5' AND c_uni_ca='6' AND c_asigna='300013' [1][0] OK
C:[02/07/2018 10:29:35.10][172.16.4.254][1430] SELECT par_cod_asig1,par_cod_asig2,par_cod_asig3 FROM tblaca009 WHERE pensum='5' AND c_uni_ca='6' AND c_asigna='300105' [1][0] OK
C:[02/07/2018 10:29:36.49][172.16.4.254][1560] SELECT horas_lab FROM tblaca008 WHERE c_asigna='300209' AND horas_teoricas > 0 [1][0] OK
C:[06/11/2018 10:19:22.29][172.17.119.113][1386] SELECT pre_cod_asig1,pre_cod_asig2,pre_cod_asig3,pre_cod_asig4,pre_cod_asig5,pre_cod_asig6,pre_cod_asig7 FROM tblaca009 WHERE pensum='5' AND c_uni_ca='2' AND c_asigna='300314' [1][0] OK
C:[06/11/2018 10:19:22.29][172.17.119.113][1399] SELECT c_asigna FROM dace004 WHERE exp_e='18-27923487' AND c_asigna='300106' AND status IN ('0','3','B') [1][0] OK
C:[06/11/2018 10:19:22.29][172.17.119.113][1386] SELECT pre_cod_asig1,pre_cod_asig2,pre_cod_asig3,pre_cod_asig4,pre_cod_asig5,pre_cod_asig6,pre_cod_asig7 FROM tblaca009 WHERE pensum='5' AND c_uni_ca='2' AND c_asigna='300101' [1][0] OK
C:[06/11/2018 10:19:22.29][172.17.119.113][1386] SELECT pre_cod_asig1,pre_cod_asig2,pre_cod_asig3,pre_cod_asig4,pre_cod_asig5,pre_cod_asig6,pre_cod_asig7 FROM tblaca009 WHERE pensum='5' AND c_uni_ca='2' AND c_asigna='300113' [1][0] OK
C:[06/11/2018 10:19:22.29][172.17.119.113][1386] SELECT pre_cod_asig1,pre_cod_asig2,pre_cod_asig3,pre_cod_asig4,pre_cod_asig5,pre_cod_asig6,pre_cod_asig7 FROM tblaca009 WHERE pensum='5' AND c_uni_ca='2' AND c_asigna='300116' [1][0] OK
C:[06/11/2018 10:19:22.29][172.17.119.113][1386] SELECT pre_cod_asig1,pre_cod_asig2,pre_cod_asig3,pre_cod_asig4,pre_cod_asig5,pre_cod_asig6,pre_cod_asig7 FROM tblaca009 WHERE pensum='5' AND c_uni_ca='2' AND c_asigna='300013' [1][0] OK
C:[06/11/2018 10:19:22.29][172.17.119.113][1386] SELECT pre_cod_asig1,pre_cod_asig2,pre_cod_asig3,pre_cod_asig4,pre_cod_asig5,pre_cod_asig6,pre_cod_asig7 FROM tblaca009 WHERE pensum='5' AND c_uni_ca='2' AND c_asigna='300112' [1][0] OK
C:[06/11/2018 10:19:22.17][172.17.119.113][1430] SELECT par_cod_asig1,par_cod_asig2,par_cod_asig3 FROM tblaca009 WHERE pensum='5' AND c_uni_ca='2' AND c_asigna='300314' [1][0] OK
C:[06/11/2018 10:19:22.17][172.17.119.113][1430] SELECT par_cod_asig1,par_cod_asig2,par_cod_asig3 FROM tblaca009 WHERE pensum='5' AND c_uni_ca='2' AND c_asigna='300101' [1][0] OK
C:[06/11/2018 10:19:22.17][172.17.119.113][1430] SELECT par_cod_asig1,par_cod_asig2,par_cod_asig3 FROM tblaca009 WHERE pensum='5' AND c_uni_ca='2' AND c_asigna='300113' [1][0] OK
C:[06/11/2018 10:19:22.17][172.17.119.113][1444] SELECT c_asigna FROM dace004 WHERE exp_e='18-27923487' AND c_asigna='300013' AND status IN ('0','3','B','C') [0][0] OK
C:[06/11/2018 10:19:22.17][172.17.119.113][1430] SELECT par_cod_asig1,par_cod_asig2,par_cod_asig3 FROM tblaca009 WHERE pensum='5' AND c_uni_ca='2' AND c_asigna='300116' [1][0] OK
C:[06/11/2018 10:19:22.17][172.17.119.113][1430] SELECT par_cod_asig1,par_cod_asig2,par_cod_asig3 FROM tblaca009 WHERE pensum='5' AND c_uni_ca='2' AND c_asigna='300013' [1][0] OK
C:[06/11/2018 10:19:22.17][172.17.119.113][1430] SELECT par_cod_asig1,par_cod_asig2,par_cod_asig3 FROM tblaca009 WHERE pensum='5' AND c_uni_ca='2' AND c_asigna='300112' [1][0] OK
C:[06/11/2018 10:19:22.07][172.17.119.113][1560] SELECT horas_lab FROM tblaca008 WHERE c_asigna='300314' AND horas_teoricas > 0 [0][0] OK
C:[06/11/2018 11:02:07.46][172.16.4.210][1386] SELECT pre_cod_asig1,pre_cod_asig2,pre_cod_asig3,pre_cod_asig4,pre_cod_asig5,pre_cod_asig6,pre_cod_asig7 FROM tblaca009 WHERE pensum='5' AND c_uni_ca='3' AND c_asigna='300213' [1][0] OK
C:[06/11/2018 11:02:07.46][172.16.4.210][1399] SELECT c_asigna FROM dace004 WHERE exp_e='17-26500176' AND c_asigna='300101' AND status IN ('0','3','B') [1][0] OK
C:[06/11/2018 11:02:07.46][172.16.4.210][1386] SELECT pre_cod_asig1,pre_cod_asig2,pre_cod_asig3,pre_cod_asig4,pre_cod_asig5,pre_cod_asig6,pre_cod_asig7 FROM tblaca009 WHERE pensum='5' AND c_uni_ca='3' AND c_asigna='300314' [1][0] OK
C:[06/11/2018 11:02:07.46][172.16.4.210][1399] SELECT c_asigna FROM dace004 WHERE exp_e='17-26500176' AND c_asigna='300106' AND status IN ('0','3','B') [1][0] OK
C:[06/11/2018 11:02:07.46][172.16.4.210][1386] SELECT pre_cod_asig1,pre_cod_asig2,pre_cod_asig3,pre_cod_asig4,pre_cod_asig5,pre_cod_asig6,pre_cod_asig7 FROM tblaca009 WHERE pensum='5' AND c_uni_ca='3' AND c_asigna='300218' [1][0] OK
C:[06/11/2018 11:02:07.46][172.16.4.210][1399] SELECT c_asigna FROM dace004 WHERE exp_e='17-26500176' AND c_asigna='300101' AND status IN ('0','3','B') [1][0] OK
C:[06/11/2018 11:02:07.46][172.16.4.210][1386] SELECT pre_cod_asig1,pre_cod_asig2,pre_cod_asig3,pre_cod_asig4,pre_cod_asig5,pre_cod_asig6,pre_cod_asig7 FROM tblaca009 WHERE pensum='5' AND c_uni_ca='3' AND c_asigna='300209' [1][0] OK
C:[06/11/2018 11:02:07.46][172.16.4.210][1399] SELECT c_asigna FROM dace004 WHERE exp_e='17-26500176' AND c_asigna='300101' AND status IN ('0','3','B') [1][0] OK
C:[06/11/2018 11:02:07.46][172.16.4.210][1386] SELECT pre_cod_asig1,pre_cod_asig2,pre_cod_asig3,pre_cod_asig4,pre_cod_asig5,pre_cod_asig6,pre_cod_asig7 FROM tblaca009 WHERE pensum='5' AND c_uni_ca='3' AND c_asigna='300222' [1][0] OK
C:[06/11/2018 11:02:07.46][172.16.4.210][1399] SELECT c_asigna FROM dace004 WHERE exp_e='17-26500176' AND c_asigna='300112' AND status IN ('0','3','B') [1][0] OK
C:[06/11/2018 11:02:07.46][172.16.4.210][1386] SELECT pre_cod_asig1,pre_cod_asig2,pre_cod_asig3,pre_cod_asig4,pre_cod_asig5,pre_cod_asig6,pre_cod_asig7 FROM tblaca009 WHERE pensum='5' AND c_uni_ca='3' AND c_asigna='300226' [1][0] OK
C:[06/11/2018 11:02:07.46][172.16.4.210][1399] SELECT c_asigna FROM dace004 WHERE exp_e='17-26500176' AND c_asigna='300116' AND status IN ('0','3','B') [1][0] OK
C:[06/11/2018 11:02:07.46][172.16.4.210][1386] SELECT pre_cod_asig1,pre_cod_asig2,pre_cod_asig3,pre_cod_asig4,pre_cod_asig5,pre_cod_asig6,pre_cod_asig7 FROM tblaca009 WHERE pensum='5' AND c_uni_ca='3' AND c_asigna='300228' [1][0] OK
C:[06/11/2018 11:02:07.46][172.16.4.210][1399] SELECT c_asigna FROM dace004 WHERE exp_e='17-26500176' AND c_asigna='300101' AND status IN ('0','3','B') [1][0] OK
C:[06/11/2018 11:02:07.21][172.16.4.210][1430] SELECT par_cod_asig1,par_cod_asig2,par_cod_asig3 FROM tblaca009 WHERE pensum='5' AND c_uni_ca='3' AND c_asigna='300213' [1][0] OK
C:[06/11/2018 11:02:07.21][172.16.4.210][1444] SELECT c_asigna FROM dace004 WHERE exp_e='17-26500176' AND c_asigna='300209' AND status IN ('0','3','B','C') [0][0] OK
C:[06/11/2018 11:02:07.21][172.16.4.210][1430] SELECT par_cod_asig1,par_cod_asig2,par_cod_asig3 FROM tblaca009 WHERE pensum='5' AND c_uni_ca='3' AND c_asigna='300314' [1][0] OK
C:[06/11/2018 11:02:07.21][172.16.4.210][1430] SELECT par_cod_asig1,par_cod_asig2,par_cod_asig3 FROM tblaca009 WHERE pensum='5' AND c_uni_ca='3' AND c_asigna='300218' [1][0] OK
C:[06/11/2018 11:02:07.21][172.16.4.210][1444] SELECT c_asigna FROM dace004 WHERE exp_e='17-26500176' AND c_asigna='300228' AND status IN ('0','3','B','C') [0][0] OK
C:[06/11/2018 11:02:07.21][172.16.4.210][1430] SELECT par_cod_asig1,par_cod_asig2,par_cod_asig3 FROM tblaca009 WHERE pensum='5' AND c_uni_ca='3' AND c_asigna='300209' [1][0] OK
C:[06/11/2018 11:02:07.21][172.16.4.210][1430] SELECT par_cod_asig1,par_cod_asig2,par_cod_asig3 FROM tblaca009 WHERE pensum='5' AND c_uni_ca='3' AND c_asigna='300222' [1][0] OK
C:[06/11/2018 11:02:07.21][172.16.4.210][1430] SELECT par_cod_asig1,par_cod_asig2,par_cod_asig3 FROM tblaca009 WHERE pensum='5' AND c_uni_ca='3' AND c_asigna='300226' [1][0] OK
C:[06/11/2018 11:02:07.21][172.16.4.210][1430] SELECT par_cod_asig1,par_cod_asig2,par_cod_asig3 FROM tblaca009 WHERE pensum='5' AND c_uni_ca='3' AND c_asigna='300228' [1][0] OK
C:[06/11/2018 11:02:07.38][172.16.4.210][1560] SELECT horas_lab FROM tblaca008 WHERE c_asigna='300213' AND horas_teoricas > 0 [1][0] OK
C:[06/11/2018 13:48:45.63][172.17.138.177][1386] SELECT pre_cod_asig1,pre_cod_asig2,pre_cod_asig3,pre_cod_asig4,pre_cod_asig5,pre_cod_asig6,pre_cod_asig7 FROM tblaca009 WHERE pensum='5' AND c_uni_ca='2' AND c_asigna='322930' [1][0] OK
C:[06/11/2018 13:48:45.63][172.17.138.177][1386] SELECT pre_cod_asig1,pre_cod_asig2,pre_cod_asig3,pre_cod_asig4,pre_cod_asig5,pre_cod_asig6,pre_cod_asig7 FROM tblaca009 WHERE pensum='5' AND c_uni_ca='2' AND c_asigna='322801' [1][0] OK
C:[06/11/2018 13:48:45.63][172.17.138.177][1399] SELECT c_asigna FROM dace004 WHERE exp_e='11-21248976' AND c_asigna='322780' AND status IN ('0','3','B') [1][0] OK
C:[06/11/2018 13:48:45.63][172.17.138.177][1399] SELECT c_asigna FROM dace004 WHERE exp_e='11-21248976' AND c_asigna='322605' AND status IN ('0','3','B') [1][0] OK
C:[06/11/2018 13:48:45.63][172.17.138.177][1386] SELECT pre_cod_asig1,pre_cod_asig2,pre_cod_asig3,pre_cod_asig4,pre_cod_asig5,pre_cod_asig6,pre_cod_asig7 FROM tblaca009 WHERE pensum='5' AND c_uni_ca='2' AND c_asigna='322827' [1][0] OK
C:[06/11/2018 13:48:45.63][172.17.138.177][1399] SELECT c_asigna FROM dace004 WHERE exp_e='11-21248976' AND c_asigna='322703' AND status IN ('0','3','B') [1][0] OK
C:[06/11/2018 13:48:45.63][172.17.138.177][1399] SELECT c_asigna FROM dace004 WHERE exp_e='11-21248976' AND c_asigna='322782' AND status IN ('0','3','B') [1][0] OK
C:[06/11/2018 13:48:45.63][172.17.138.177][1399] SELECT c_asigna FROM dace004 WHERE exp_e='11-21248976' AND c_asigna='322449' AND status IN ('0','3','B') [1][0] OK
C:[06/11/2018 13:48:45.63][172.17.138.177][1386] SELECT pre_cod_asig1,pre_cod_asig2,pre_cod_asig3,pre_cod_asig4,pre_cod_asig5,pre_cod_asig6,pre_cod_asig7 FROM tblaca009 WHERE pensum='5' AND c_uni_ca='2' AND c_asigna='324862' [1][0] OK
C:[06/11/2018 13:48:45.63][172.17.138.177][1386] SELECT pre_cod_asig1,pre_cod_asig2,pre_cod_asig3,pre_cod_asig4,pre_cod_asig5,pre_cod_asig6,pre_cod_asig7 FROM tblaca009 WHERE pensum='5' AND c_uni_ca='2' AND c_asigna='322070' [1][0] OK
C:[06/11/2018 13:48:45.89][172.17.138.177][1430] SELECT par_cod_asig1,par_cod_asig2,par_cod_asig3 FROM tblaca009 WHERE pensum='5' AND c_uni_ca='2' AND c_asigna='322930' [1][0] OK
C:[06/11/2018 13:48:45.89][172.17.138.177][1430] SELECT par_cod_asig1,par_cod_asig2,par_cod_asig3 FROM tblaca009 WHERE pensum='5' AND c_uni_ca='2' AND c_asigna='322801' [1][0] OK
C:[06/11/2018 13:48:45.89][172.17.138.177][1430] SELECT par_cod_asig1,par_cod_asig2,par_cod_asig3 FROM tblaca009 WHERE pensum='5' AND c_uni_ca='2' AND c_asigna='322827' [1][0] OK
C:[06/11/2018 13:48:45.89][172.17.138.177][1430] SELECT par_cod_asig1,par_cod_asig2,par_cod_asig3 FROM tblaca009 WHERE pensum='5' AND c_uni_ca='2' AND c_asigna='324862' [1][0] OK
C:[06/11/2018 13:48:45.89][172.17.138.177][1430] SELECT par_cod_asig1,par_cod_asig2,par_cod_asig3 FROM tblaca009 WHERE pensum='5' AND c_uni_ca='2' AND c_asigna='322070' [1][0] OK
C:[06/11/2018 13:48:45.54][172.17.138.177][1560] SELECT horas_lab FROM tblaca008 WHERE c_asigna='322930' AND horas_teoricas > 0 [1][0] OK
C:[06/11/2018 17:16:50.93][172.16.4.210][1386] SELECT pre_cod_asig1,pre_cod_asig2,pre_cod_asig3,pre_cod_asig4,pre_cod_asig5,pre_cod_asig6,pre_cod_asig7 FROM tblaca009 WHERE pensum='5' AND c_uni_ca='2' AND c_asigna='300870' [1][0] OK
C:[06/11/2018 17:16:50.93][172.16.4.210][1386] SELECT pre_cod_asig1,pre_cod_asig2,pre_cod_asig3,pre_cod_asig4,pre_cod_asig5,pre_cod_asig6,pre_cod_asig7 FROM tblaca009 WHERE pensum='5' AND c_uni_ca='2' AND c_asigna='322041' [1][0] OK
C:[06/11/2018 17:16:50.93][172.16.4.210][1386] SELECT pre_cod_asig1,pre_cod_asig2,pre_cod_asig3,pre_cod_asig4,pre_cod_asig5,pre_cod_asig6,pre_cod_asig7 FROM tblaca009 WHERE pensum='5' AND c_uni_ca='2' AND c_asigna='324862' [1][0] OK
C:[06/11/2018 17:16:50.93][172.16.4.210][1386] SELECT pre_cod_asig1,pre_cod_asig2,pre_cod_asig3,pre_cod_asig4,pre_cod_asig5,pre_cod_asig6,pre_cod_asig7 FROM tblaca009 WHERE pensum='5' AND c_uni_ca='2' AND c_asigna='322936' [1][0] OK
C:[06/11/2018 17:16:50.93][172.16.4.210][1399] SELECT c_asigna FROM dace004 WHERE exp_e='14-25203416' AND c_asigna='322801' AND status IN ('0','3','B') [1][0] OK
C:[06/11/2018 17:16:50.93][172.16.4.210][1386] SELECT pre_cod_asig1,pre_cod_asig2,pre_cod_asig3,pre_cod_asig4,pre_cod_asig5,pre_cod_asig6,pre_cod_asig7 FROM tblaca009 WHERE pensum='5' AND c_uni_ca='2' AND c_asigna='322070' [1][0] OK
C:[06/11/2018 17:16:50.93][172.16.4.210][1386] SELECT pre_cod_asig1,pre_cod_asig2,pre_cod_asig3,pre_cod_asig4,pre_cod_asig5,pre_cod_asig6,pre_cod_asig7 FROM tblaca009 WHERE pensum='5' AND c_uni_ca='2' AND c_asigna='322827' [1][0] OK
C:[06/11/2018 17:16:50.93][172.16.4.210][1399] SELECT c_asigna FROM dace004 WHERE exp_e='14-25203416' AND c_asigna='322703' AND status IN ('0','3','B') [1][0] OK
C:[06/11/2018 17:16:50.93][172.16.4.210][1399] SELECT c_asigna FROM dace004 WHERE exp_e='14-25203416' AND c_asigna='322782' AND status IN ('0','3','B') [1][0] OK
C:[06/11/2018 17:16:50.93][172.16.4.210][1399] SELECT c_asigna FROM dace004 WHERE exp_e='14-25203416' AND c_asigna='322449' AND status IN ('0','3','B') [1][0] OK
C:[06/11/2018 17:16:50.93][172.16.4.210][1386] SELECT pre_cod_asig1,pre_cod_asig2,pre_cod_asig3,pre_cod_asig4,pre_cod_asig5,pre_cod_asig6,pre_cod_asig7 FROM tblaca009 WHERE pensum='5' AND c_uni_ca='2' AND c_asigna='322904' [1][0] OK
C:[06/11/2018 17:16:50.93][172.16.4.210][1399] SELECT c_asigna FROM dace004 WHERE exp_e='14-25203416' AND c_asigna='322782' AND status IN ('0','3','B') [1][0] OK
C:[06/11/2018 17:16:50.93][172.16.4.210][1399] SELECT c_asigna FROM dace004 WHERE exp_e='14-25203416' AND c_asigna='322801' AND status IN ('0','3','B') [1][0] OK
C:[06/11/2018 17:16:51.80][172.16.4.210][1430] SELECT par_cod_asig1,par_cod_asig2,par_cod_asig3 FROM tblaca009 WHERE pensum='5' AND c_uni_ca='2' AND c_asigna='300870' [1][0] OK
C:[06/11/2018 17:16:51.80][172.16.4.210][1430] SELECT par_cod_asig1,par_cod_asig2,par_cod_asig3 FROM tblaca009 WHERE pensum='5' AND c_uni_ca='2' AND c_asigna='322041' [1][0] OK
C:[06/11/2018 17:16:51.80][172.16.4.210][1430] SELECT par_cod_asig1,par_cod_asig2,par_cod_asig3 FROM tblaca009 WHERE pensum='5' AND c_uni_ca='2' AND c_asigna='324862' [1][0] OK
C:[06/11/2018 17:16:51.80][172.16.4.210][1430] SELECT par_cod_asig1,par_cod_asig2,par_cod_asig3 FROM tblaca009 WHERE pensum='5' AND c_uni_ca='2' AND c_asigna='322936' [1][0] OK
C:[06/11/2018 17:16:51.80][172.16.4.210][1430] SELECT par_cod_asig1,par_cod_asig2,par_cod_asig3 FROM tblaca009 WHERE pensum='5' AND c_uni_ca='2' AND c_asigna='322070' [1][0] OK
C:[06/11/2018 17:16:51.80][172.16.4.210][1430] SELECT par_cod_asig1,par_cod_asig2,par_cod_asig3 FROM tblaca009 WHERE pensum='5' AND c_uni_ca='2' AND c_asigna='322827' [1][0] OK
C:[06/11/2018 17:16:51.80][172.16.4.210][1430] SELECT par_cod_asig1,par_cod_asig2,par_cod_asig3 FROM tblaca009 WHERE pensum='5' AND c_uni_ca='2' AND c_asigna='322904' [1][0] OK
C:[06/11/2018 17:16:51.75][172.16.4.210][1560] SELECT horas_lab FROM tblaca008 WHERE c_asigna='300870' AND horas_teoricas > 0 [1][0] OK
C:[06/11/2018 18:02:25.58][172.16.4.210][1386] SELECT pre_cod_asig1,pre_cod_asig2,pre_cod_asig3,pre_cod_asig4,pre_cod_asig5,pre_cod_asig6,pre_cod_asig7 FROM tblaca009 WHERE pensum='5' AND c_uni_ca='2' AND c_asigna='300870' [1][0] OK
C:[06/11/2018 18:02:25.58][172.16.4.210][1386] SELECT pre_cod_asig1,pre_cod_asig2,pre_cod_asig3,pre_cod_asig4,pre_cod_asig5,pre_cod_asig6,pre_cod_asig7 FROM tblaca009 WHERE pensum='5' AND c_uni_ca='2' AND c_asigna='322041' [1][0] OK
C:[06/11/2018 18:02:25.58][172.16.4.210][1386] SELECT pre_cod_asig1,pre_cod_asig2,pre_cod_asig3,pre_cod_asig4,pre_cod_asig5,pre_cod_asig6,pre_cod_asig7 FROM tblaca009 WHERE pensum='5' AND c_uni_ca='2' AND c_asigna='322827' [1][0] OK
C:[06/11/2018 18:02:25.58][172.16.4.210][1399] SELECT c_asigna FROM dace004 WHERE exp_e='14-26154787' AND c_asigna='322703' AND status IN ('0','3','B') [1][0] OK
C:[06/11/2018 18:02:25.58][172.16.4.210][1399] SELECT c_asigna FROM dace004 WHERE exp_e='14-26154787' AND c_asigna='322782' AND status IN ('0','3','B') [1][0] OK
C:[06/11/2018 18:02:25.58][172.16.4.210][1399] SELECT c_asigna FROM dace004 WHERE exp_e='14-26154787' AND c_asigna='322449' AND status IN ('0','3','B') [1][0] OK
C:[06/11/2018 18:02:25.58][172.16.4.210][1386] SELECT pre_cod_asig1,pre_cod_asig2,pre_cod_asig3,pre_cod_asig4,pre_cod_asig5,pre_cod_asig6,pre_cod_asig7 FROM tblaca009 WHERE pensum='5' AND c_uni_ca='2' AND c_asigna='324862' [1][0] OK
C:[06/11/2018 18:02:25.58][172.16.4.210][1386] SELECT pre_cod_asig1,pre_cod_asig2,pre_cod_asig3,pre_cod_asig4,pre_cod_asig5,pre_cod_asig6,pre_cod_asig7 FROM tblaca009 WHERE pensum='5' AND c_uni_ca='2' AND c_asigna='322904' [1][0] OK
C:[06/11/2018 18:02:25.58][172.16.4.210][1399] SELECT c_asigna FROM dace004 WHERE exp_e='14-26154787' AND c_asigna='322782' AND status IN ('0','3','B') [1][0] OK
C:[06/11/2018 18:02:25.58][172.16.4.210][1399] SELECT c_asigna FROM dace004 WHERE exp_e='14-26154787' AND c_asigna='322801' AND status IN ('0','3','B') [1][0] OK
C:[06/11/2018 18:02:25.58][172.16.4.210][1386] SELECT pre_cod_asig1,pre_cod_asig2,pre_cod_asig3,pre_cod_asig4,pre_cod_asig5,pre_cod_asig6,pre_cod_asig7 FROM tblaca009 WHERE pensum='5' AND c_uni_ca='2' AND c_asigna='322936' [1][0] OK
C:[06/11/2018 18:02:25.58][172.16.4.210][1399] SELECT c_asigna FROM dace004 WHERE exp_e='14-26154787' AND c_asigna='322801' AND status IN ('0','3','B') [1][0] OK
C:[06/11/2018 18:02:25.58][172.16.4.210][1386] SELECT pre_cod_asig1,pre_cod_asig2,pre_cod_asig3,pre_cod_asig4,pre_cod_asig5,pre_cod_asig6,pre_cod_asig7 FROM tblaca009 WHERE pensum='5' AND c_uni_ca='2' AND c_asigna='322070' [1][0] OK
C:[06/11/2018 18:02:25.20][172.16.4.210][1430] SELECT par_cod_asig1,par_cod_asig2,par_cod_asig3 FROM tblaca009 WHERE pensum='5' AND c_uni_ca='2' AND c_asigna='300870' [1][0] OK
C:[06/11/2018 18:02:25.20][172.16.4.210][1430] SELECT par_cod_asig1,par_cod_asig2,par_cod_asig3 FROM tblaca009 WHERE pensum='5' AND c_uni_ca='2' AND c_asigna='322041' [1][0] OK
C:[06/11/2018 18:02:25.20][172.16.4.210][1430] SELECT par_cod_asig1,par_cod_asig2,par_cod_asig3 FROM tblaca009 WHERE pensum='5' AND c_uni_ca='2' AND c_asigna='322827' [1][0] OK
C:[06/11/2018 18:02:25.20][172.16.4.210][1430] SELECT par_cod_asig1,par_cod_asig2,par_cod_asig3 FROM tblaca009 WHERE pensum='5' AND c_uni_ca='2' AND c_asigna='324862' [1][0] OK
C:[06/11/2018 18:02:25.20][172.16.4.210][1430] SELECT par_cod_asig1,par_cod_asig2,par_cod_asig3 FROM tblaca009 WHERE pensum='5' AND c_uni_ca='2' AND c_asigna='322904' [1][0] OK
C:[06/11/2018 18:02:25.20][172.16.4.210][1430] SELECT par_cod_asig1,par_cod_asig2,par_cod_asig3 FROM tblaca009 WHERE pensum='5' AND c_uni_ca='2' AND c_asigna='322936' [1][0] OK
C:[06/11/2018 18:02:25.20][172.16.4.210][1430] SELECT par_cod_asig1,par_cod_asig2,par_cod_asig3 FROM tblaca009 WHERE pensum='5' AND c_uni_ca='2' AND c_asigna='322070' [1][0] OK
C:[06/11/2018 18:02:26.11][172.16.4.210][1560] SELECT horas_lab FROM tblaca008 WHERE c_asigna='300870' AND horas_teoricas > 0 [1][0] OK
C:[07/11/2018 08:53:36.07][172.16.4.222][1386] SELECT pre_cod_asig1,pre_cod_asig2,pre_cod_asig3,pre_cod_asig4,pre_cod_asig5,pre_cod_asig6,pre_cod_asig7 FROM tblaca009 WHERE pensum='5' AND c_uni_ca='5' AND c_asigna='354852' [1][0] OK
C:[07/11/2018 08:53:36.07][172.16.4.222][1386] SELECT pre_cod_asig1,pre_cod_asig2,pre_cod_asig3,pre_cod_asig4,pre_cod_asig5,pre_cod_asig6,pre_cod_asig7 FROM tblaca009 WHERE pensum='5' AND c_uni_ca='5' AND c_asigna='300956' [1][0] OK
C:[07/11/2018 08:53:36.07][172.16.4.222][1399] SELECT c_asigna FROM dace004 WHERE exp_e='14-24847480' AND c_asigna='300422' AND status IN ('0','3','B') [1][0] OK
C:[07/11/2018 08:53:36.07][172.16.4.222][1399] SELECT c_asigna FROM dace004 WHERE exp_e='14-24847480' AND c_asigna='300105' AND status IN ('0','3','B') [1][0] OK
C:[07/11/2018 08:53:36.07][172.16.4.222][1399] SELECT c_asigna FROM dace004 WHERE exp_e='14-24847480' AND c_asigna='300314' AND status IN ('0','3','B') [1][0] OK
C:[07/11/2018 08:53:36.07][172.16.4.222][1386] SELECT pre_cod_asig1,pre_cod_asig2,pre_cod_asig3,pre_cod_asig4,pre_cod_asig5,pre_cod_asig6,pre_cod_asig7 FROM tblaca009 WHERE pensum='5' AND c_uni_ca='5' AND c_asigna='300890' [1][0] OK
C:[07/11/2018 08:53:36.07][172.16.4.222][1386] SELECT pre_cod_asig1,pre_cod_asig2,pre_cod_asig3,pre_cod_asig4,pre_cod_asig5,pre_cod_asig6,pre_cod_asig7 FROM tblaca009 WHERE pensum='5' AND c_uni_ca='5' AND c_asigna='355834' [1][0] OK
C:[07/11/2018 08:53:36.07][172.16.4.222][1399] SELECT c_asigna FROM dace004 WHERE exp_e='14-24847480' AND c_asigna='355694' AND status IN ('0','3','B') [1][0] OK
C:[07/11/2018 08:53:36.06][172.16.4.222][1430] SELECT par_cod_asig1,par_cod_asig2,par_cod_asig3 FROM tblaca009 WHERE pensum='5' AND c_uni_ca='5' AND c_asigna='354852' [1][0] OK
C:[07/11/2018 08:53:36.06][172.16.4.222][1430] SELECT par_cod_asig1,par_cod_asig2,par_cod_asig3 FROM tblaca009 WHERE pensum='5' AND c_uni_ca='5' AND c_asigna='300956' [1][0] OK
C:[07/11/2018 08:53:36.06][172.16.4.222][1430] SELECT par_cod_asig1,par_cod_asig2,par_cod_asig3 FROM tblaca009 WHERE pensum='5' AND c_uni_ca='5' AND c_asigna='300890' [1][0] OK
C:[07/11/2018 08:53:36.06][172.16.4.222][1430] SELECT par_cod_asig1,par_cod_asig2,par_cod_asig3 FROM tblaca009 WHERE pensum='5' AND c_uni_ca='5' AND c_asigna='355834' [1][0] OK
C:[07/11/2018 08:53:36.60][172.16.4.222][1560] SELECT horas_lab FROM tblaca008 WHERE c_asigna='354852' AND horas_teoricas > 0 [1][0] OK
C:[07/11/2018 09:21:10.24][172.16.4.222][1386] SELECT pre_cod_asig1,pre_cod_asig2,pre_cod_asig3,pre_cod_asig4,pre_cod_asig5,pre_cod_asig6,pre_cod_asig7 FROM tblaca009 WHERE pensum='5' AND c_uni_ca='5' AND c_asigna='355832' [1][0] OK
C:[07/11/2018 09:21:10.24][172.16.4.222][1399] SELECT c_asigna FROM dace004 WHERE exp_e='14-27296699' AND c_asigna='355694' AND status IN ('0','3','B') [1][0] OK
C:[07/11/2018 09:21:10.24][172.16.4.222][1386] SELECT pre_cod_asig1,pre_cod_asig2,pre_cod_asig3,pre_cod_asig4,pre_cod_asig5,pre_cod_asig6,pre_cod_asig7 FROM tblaca009 WHERE pensum='5' AND c_uni_ca='5' AND c_asigna='300956' [1][0] OK
C:[07/11/2018 09:21:10.24][172.16.4.222][1399] SELECT c_asigna FROM dace004 WHERE exp_e='14-27296699' AND c_asigna='300422' AND status IN ('0','3','B') [1][0] OK
C:[07/11/2018 09:21:10.24][172.16.4.222][1399] SELECT c_asigna FROM dace004 WHERE exp_e='14-27296699' AND c_asigna='300105' AND status IN ('0','3','B') [1][0] OK
C:[07/11/2018 09:21:10.24][172.16.4.222][1399] SELECT c_asigna FROM dace004 WHERE exp_e='14-27296699' AND c_asigna='300314' AND status IN ('0','3','B') [1][0] OK
C:[07/11/2018 09:21:10.24][172.16.4.222][1386] SELECT pre_cod_asig1,pre_cod_asig2,pre_cod_asig3,pre_cod_asig4,pre_cod_asig5,pre_cod_asig6,pre_cod_asig7 FROM tblaca009 WHERE pensum='5' AND c_uni_ca='5' AND c_asigna='300890' [1][0] OK
C:[07/11/2018 09:21:10.24][172.16.4.222][1386] SELECT pre_cod_asig1,pre_cod_asig2,pre_cod_asig3,pre_cod_asig4,pre_cod_asig5,pre_cod_asig6,pre_cod_asig7 FROM tblaca009 WHERE pensum='5' AND c_uni_ca='5' AND c_asigna='355838' [1][0] OK
C:[07/11/2018 09:21:10.24][172.16.4.222][1399] SELECT c_asigna FROM dace004 WHERE exp_e='14-27296699' AND c_asigna='355721' AND status IN ('0','3','B') [1][0] OK
C:[07/11/2018 09:21:11.36][172.16.4.222][1430] SELECT par_cod_asig1,par_cod_asig2,par_cod_asig3 FROM tblaca009 WHERE pensum='5' AND c_uni_ca='5' AND c_asigna='355832' [1][0] OK
C:[07/11/2018 09:21:11.36][172.16.4.222][1430] SELECT par_cod_asig1,par_cod_asig2,par_cod_asig3 FROM tblaca009 WHERE pensum='5' AND c_uni_ca='5' AND c_asigna='300956' [1][0] OK
C:[07/11/2018 09:21:11.36][172.16.4.222][1430] SELECT par_cod_asig1,par_cod_asig2,par_cod_asig3 FROM tblaca009 WHERE pensum='5' AND c_uni_ca='5' AND c_asigna='300890' [1][0] OK
C:[07/11/2018 09:21:11.36][172.16.4.222][1430] SELECT par_cod_asig1,par_cod_asig2,par_cod_asig3 FROM tblaca009 WHERE pensum='5' AND c_uni_ca='5' AND c_asigna='355838' [1][0] OK
C:[07/11/2018 09:21:11.90][172.16.4.222][1560] SELECT horas_lab FROM tblaca008 WHERE c_asigna='355832' AND horas_teoricas > 0 [1][0] OK
C:[07/11/2018 09:23:51.72][172.16.4.222][1386] SELECT pre_cod_asig1,pre_cod_asig2,pre_cod_asig3,pre_cod_asig4,pre_cod_asig5,pre_cod_asig6,pre_cod_asig7 FROM tblaca009 WHERE pensum='5' AND c_uni_ca='5' AND c_asigna='355832' [1][0] OK
C:[07/11/2018 09:23:51.72][172.16.4.222][1399] SELECT c_asigna FROM dace004 WHERE exp_e='14-26444599' AND c_asigna='355694' AND status IN ('0','3','B') [1][0] OK
C:[07/11/2018 09:23:51.72][172.16.4.222][1386] SELECT pre_cod_asig1,pre_cod_asig2,pre_cod_asig3,pre_cod_asig4,pre_cod_asig5,pre_cod_asig6,pre_cod_asig7 FROM tblaca009 WHERE pensum='5' AND c_uni_ca='5' AND c_asigna='300956' [1][0] OK
C:[07/11/2018 09:23:51.72][172.16.4.222][1399] SELECT c_asigna FROM dace004 WHERE exp_e='14-26444599' AND c_asigna='300422' AND status IN ('0','3','B') [1][0] OK
C:[07/11/2018 09:23:51.72][172.16.4.222][1399] SELECT c_asigna FROM dace004 WHERE exp_e='14-26444599' AND c_asigna='300105' AND status IN ('0','3','B') [1][0] OK
C:[07/11/2018 09:23:51.72][172.16.4.222][1399] SELECT c_asigna FROM dace004 WHERE exp_e='14-26444599' AND c_asigna='300314' AND status IN ('0','3','B') [1][0] OK
C:[07/11/2018 09:23:51.72][172.16.4.222][1386] SELECT pre_cod_asig1,pre_cod_asig2,pre_cod_asig3,pre_cod_asig4,pre_cod_asig5,pre_cod_asig6,pre_cod_asig7 FROM tblaca009 WHERE pensum='5' AND c_uni_ca='5' AND c_asigna='300890' [1][0] OK
C:[07/11/2018 09:23:51.72][172.16.4.222][1386] SELECT pre_cod_asig1,pre_cod_asig2,pre_cod_asig3,pre_cod_asig4,pre_cod_asig5,pre_cod_asig6,pre_cod_asig7 FROM tblaca009 WHERE pensum='5' AND c_uni_ca='5' AND c_asigna='355838' [1][0] OK
C:[07/11/2018 09:23:51.72][172.16.4.222][1399] SELECT c_asigna FROM dace004 WHERE exp_e='14-26444599' AND c_asigna='355721' AND status IN ('0','3','B') [1][0] OK
C:[07/11/2018 09:23:51.85][172.16.4.222][1430] SELECT par_cod_asig1,par_cod_asig2,par_cod_asig3 FROM tblaca009 WHERE pensum='5' AND c_uni_ca='5' AND c_asigna='355832' [1][0] OK
C:[07/11/2018 09:23:51.85][172.16.4.222][1430] SELECT par_cod_asig1,par_cod_asig2,par_cod_asig3 FROM tblaca009 WHERE pensum='5' AND c_uni_ca='5' AND c_asigna='300956' [1][0] OK
C:[07/11/2018 09:23:51.85][172.16.4.222][1430] SELECT par_cod_asig1,par_cod_asig2,par_cod_asig3 FROM tblaca009 WHERE pensum='5' AND c_uni_ca='5' AND c_asigna='300890' [1][0] OK
C:[07/11/2018 09:23:51.85][172.16.4.222][1430] SELECT par_cod_asig1,par_cod_asig2,par_cod_asig3 FROM tblaca009 WHERE pensum='5' AND c_uni_ca='5' AND c_asigna='355838' [1][0] OK
C:[07/11/2018 09:23:51.38][172.16.4.222][1560] SELECT horas_lab FROM tblaca008 WHERE c_asigna='355832' AND horas_teoricas > 0 [1][0] OK
C:[07/11/2018 10:36:46.75][172.17.138.177][1386] SELECT pre_cod_asig1,pre_cod_asig2,pre_cod_asig3,pre_cod_asig4,pre_cod_asig5,pre_cod_asig6,pre_cod_asig7 FROM tblaca009 WHERE pensum='5' AND c_uni_ca='2' AND c_asigna='300870' [1][0] OK
C:[07/11/2018 10:36:46.75][172.17.138.177][1386] SELECT pre_cod_asig1,pre_cod_asig2,pre_cod_asig3,pre_cod_asig4,pre_cod_asig5,pre_cod_asig6,pre_cod_asig7 FROM tblaca009 WHERE pensum='5' AND c_uni_ca='2' AND c_asigna='300676' [1][0] OK
C:[07/11/2018 10:36:46.75][172.17.138.177][1386] SELECT pre_cod_asig1,pre_cod_asig2,pre_cod_asig3,pre_cod_asig4,pre_cod_asig5,pre_cod_asig6,pre_cod_asig7 FROM tblaca009 WHERE pensum='5' AND c_uni_ca='2' AND c_asigna='322801' [1][0] OK
C:[07/11/2018 10:36:46.75][172.17.138.177][1399] SELECT c_asigna FROM dace004 WHERE exp_e='12-24848419' AND c_asigna='322780' AND status IN ('0','3','B') [1][0] OK
C:[07/11/2018 10:36:46.75][172.17.138.177][1399] SELECT c_asigna FROM dace004 WHERE exp_e='12-24848419' AND c_asigna='322605' AND status IN ('0','3','B') [1][0] OK
C:[07/11/2018 10:36:46.75][172.17.138.177][1386] SELECT pre_cod_asig1,pre_cod_asig2,pre_cod_asig3,pre_cod_asig4,pre_cod_asig5,pre_cod_asig6,pre_cod_asig7 FROM tblaca009 WHERE pensum='5' AND c_uni_ca='2' AND c_asigna='322827' [1][0] OK
C:[07/11/2018 10:36:46.75][172.17.138.177][1399] SELECT c_asigna FROM dace004 WHERE exp_e='12-24848419' AND c_asigna='322703' AND status IN ('0','3','B') [1][0] OK
C:[07/11/2018 10:36:46.75][172.17.138.177][1399] SELECT c_asigna FROM dace004 WHERE exp_e='12-24848419' AND c_asigna='322782' AND status IN ('0','3','B') [1][0] OK
C:[07/11/2018 10:36:46.75][172.17.138.177][1399] SELECT c_asigna FROM dace004 WHERE exp_e='12-24848419' AND c_asigna='322449' AND status IN ('0','3','B') [1][0] OK
C:[07/11/2018 10:36:46.75][172.17.138.177][1386] SELECT pre_cod_asig1,pre_cod_asig2,pre_cod_asig3,pre_cod_asig4,pre_cod_asig5,pre_cod_asig6,pre_cod_asig7 FROM tblaca009 WHERE pensum='5' AND c_uni_ca='2' AND c_asigna='324862' [1][0] OK
C:[07/11/2018 10:36:46.75][172.17.138.177][1386] SELECT pre_cod_asig1,pre_cod_asig2,pre_cod_asig3,pre_cod_asig4,pre_cod_asig5,pre_cod_asig6,pre_cod_asig7 FROM tblaca009 WHERE pensum='5' AND c_uni_ca='2' AND c_asigna='300890' [1][0] OK
C:[07/11/2018 10:36:46.75][172.17.138.177][1386] SELECT pre_cod_asig1,pre_cod_asig2,pre_cod_asig3,pre_cod_asig4,pre_cod_asig5,pre_cod_asig6,pre_cod_asig7 FROM tblaca009 WHERE pensum='5' AND c_uni_ca='2' AND c_asigna='322070' [1][0] OK
C:[07/11/2018 10:36:46.25][172.17.138.177][1430] SELECT par_cod_asig1,par_cod_asig2,par_cod_asig3 FROM tblaca009 WHERE pensum='5' AND c_uni_ca='2' AND c_asigna='300870' [1][0] OK
C:[07/11/2018 10:36:46.25][172.17.138.177][1430] SELECT par_cod_asig1,par_cod_asig2,par_cod_asig3 FROM tblaca009 WHERE pensum='5' AND c_uni_ca='2' AND c_asigna='300676' [1][0] OK
C:[07/11/2018 10:36:46.25][172.17.138.177][1430] SELECT par_cod_asig1,par_cod_asig2,par_cod_asig3 FROM tblaca009 WHERE pensum='5' AND c_uni_ca='2' AND c_asigna='322801' [1][0] OK
C:[07/11/2018 10:36:46.25][172.17.138.177][1430] SELECT par_cod_asig1,par_cod_asig2,par_cod_asig3 FROM tblaca009 WHERE pensum='5' AND c_uni_ca='2' AND c_asigna='322827' [1][0] OK
C:[07/11/2018 10:36:46.25][172.17.138.177][1430] SELECT par_cod_asig1,par_cod_asig2,par_cod_asig3 FROM tblaca009 WHERE pensum='5' AND c_uni_ca='2' AND c_asigna='324862' [1][0] OK
C:[07/11/2018 10:36:46.25][172.17.138.177][1430] SELECT par_cod_asig1,par_cod_asig2,par_cod_asig3 FROM tblaca009 WHERE pensum='5' AND c_uni_ca='2' AND c_asigna='300890' [1][0] OK
C:[07/11/2018 10:36:46.25][172.17.138.177][1430] SELECT par_cod_asig1,par_cod_asig2,par_cod_asig3 FROM tblaca009 WHERE pensum='5' AND c_uni_ca='2' AND c_asigna='322070' [1][0] OK
C:[07/11/2018 10:36:46.21][172.17.138.177][1560] SELECT horas_lab FROM tblaca008 WHERE c_asigna='300870' AND horas_teoricas > 0 [1][0] OK
C:[07/11/2018 11:20:23.10][172.17.138.177][1386] SELECT pre_cod_asig1,pre_cod_asig2,pre_cod_asig3,pre_cod_asig4,pre_cod_asig5,pre_cod_asig6,pre_cod_asig7 FROM tblaca009 WHERE pensum='5' AND c_uni_ca='3' AND c_asigna='300226' [1][0] OK
C:[07/11/2018 11:20:23.10][172.17.138.177][1399] SELECT c_asigna FROM dace004 WHERE exp_e='17-27957018' AND c_asigna='300116' AND status IN ('0','3','B') [1][0] OK
C:[07/11/2018 11:20:23.10][172.17.138.177][1386] SELECT pre_cod_asig1,pre_cod_asig2,pre_cod_asig3,pre_cod_asig4,pre_cod_asig5,pre_cod_asig6,pre_cod_asig7 FROM tblaca009 WHERE pensum='5' AND c_uni_ca='3' AND c_asigna='300207' [1][0] OK
C:[07/11/2018 11:20:23.10][172.17.138.177][1399] SELECT c_asigna FROM dace004 WHERE exp_e='17-27957018' AND c_asigna='300101' AND status IN ('0','3','B') [1][0] OK
C:[07/11/2018 11:20:23.10][172.17.138.177][1386] SELECT pre_cod_asig1,pre_cod_asig2,pre_cod_asig3,pre_cod_asig4,pre_cod_asig5,pre_cod_asig6,pre_cod_asig7 FROM tblaca009 WHERE pensum='5' AND c_uni_ca='3' AND c_asigna='300209' [1][0] OK
C:[07/11/2018 11:20:23.10][172.17.138.177][1399] SELECT c_asigna FROM dace004 WHERE exp_e='17-27957018' AND c_asigna='300101' AND status IN ('0','3','B') [1][0] OK
C:[07/11/2018 11:20:23.81][172.17.138.177][1430] SELECT par_cod_asig1,par_cod_asig2,par_cod_asig3 FROM tblaca009 WHERE pensum='5' AND c_uni_ca='3' AND c_asigna='300226' [1][0] OK
C:[07/11/2018 11:20:23.81][172.17.138.177][1430] SELECT par_cod_asig1,par_cod_asig2,par_cod_asig3 FROM tblaca009 WHERE pensum='5' AND c_uni_ca='3' AND c_asigna='300207' [1][0] OK
C:[07/11/2018 11:20:23.81][172.17.138.177][1430] SELECT par_cod_asig1,par_cod_asig2,par_cod_asig3 FROM tblaca009 WHERE pensum='5' AND c_uni_ca='3' AND c_asigna='300209' [1][0] OK
C:[07/11/2018 11:20:23.34][172.17.138.177][1560] SELECT horas_lab FROM tblaca008 WHERE c_asigna='300226' AND horas_teoricas > 0 [1][0] OK
C:[08/11/2018 11:53:29.14][172.16.4.222][1386] SELECT pre_cod_asig1,pre_cod_asig2,pre_cod_asig3,pre_cod_asig4,pre_cod_asig5,pre_cod_asig6,pre_cod_asig7 FROM tblaca009 WHERE pensum='5' AND c_uni_ca='5' AND c_asigna='300956' [1][0] OK
C:[08/11/2018 11:53:29.14][172.16.4.222][1399] SELECT c_asigna FROM dace004 WHERE exp_e='13-25445827' AND c_asigna='300422' AND status IN ('0','3','B') [1][0] OK
C:[08/11/2018 11:53:29.14][172.16.4.222][1399] SELECT c_asigna FROM dace004 WHERE exp_e='13-25445827' AND c_asigna='300105' AND status IN ('0','3','B') [1][0] OK
C:[08/11/2018 11:53:29.14][172.16.4.222][1399] SELECT c_asigna FROM dace004 WHERE exp_e='13-25445827' AND c_asigna='300314' AND status IN ('0','3','B') [1][0] OK
C:[08/11/2018 11:53:29.14][172.16.4.222][1386] SELECT pre_cod_asig1,pre_cod_asig2,pre_cod_asig3,pre_cod_asig4,pre_cod_asig5,pre_cod_asig6,pre_cod_asig7 FROM tblaca009 WHERE pensum='5' AND c_uni_ca='5' AND c_asigna='300870' [1][0] OK
C:[08/11/2018 11:53:29.14][172.16.4.222][1386] SELECT pre_cod_asig1,pre_cod_asig2,pre_cod_asig3,pre_cod_asig4,pre_cod_asig5,pre_cod_asig6,pre_cod_asig7 FROM tblaca009 WHERE pensum='5' AND c_uni_ca='5' AND c_asigna='355959' [1][0] OK
C:[08/11/2018 11:53:29.14][172.16.4.222][1386] SELECT pre_cod_asig1,pre_cod_asig2,pre_cod_asig3,pre_cod_asig4,pre_cod_asig5,pre_cod_asig6,pre_cod_asig7 FROM tblaca009 WHERE pensum='5' AND c_uni_ca='5' AND c_asigna='355839' [1][0] OK
C:[08/11/2018 11:53:29.14][172.16.4.222][1399] SELECT c_asigna FROM dace004 WHERE exp_e='13-25445827' AND c_asigna='355725' AND status IN ('0','3','B') [1][0] OK
C:[08/11/2018 11:53:29.14][172.16.4.222][1399] SELECT c_asigna FROM dace004 WHERE exp_e='13-25445827' AND c_asigna='355692' AND status IN ('0','3','B') [1][0] OK
C:[08/11/2018 11:53:30.27][172.16.4.222][1430] SELECT par_cod_asig1,par_cod_asig2,par_cod_asig3 FROM tblaca009 WHERE pensum='5' AND c_uni_ca='5' AND c_asigna='300956' [1][0] OK
C:[08/11/2018 11:53:30.27][172.16.4.222][1430] SELECT par_cod_asig1,par_cod_asig2,par_cod_asig3 FROM tblaca009 WHERE pensum='5' AND c_uni_ca='5' AND c_asigna='300870' [1][0] OK
C:[08/11/2018 11:53:30.27][172.16.4.222][1430] SELECT par_cod_asig1,par_cod_asig2,par_cod_asig3 FROM tblaca009 WHERE pensum='5' AND c_uni_ca='5' AND c_asigna='355959' [1][0] OK
C:[08/11/2018 11:53:30.27][172.16.4.222][1444] SELECT c_asigna FROM dace004 WHERE exp_e='13-25445827' AND c_asigna='300956' AND status IN ('0','3','B','C') [0][0] OK
C:[08/11/2018 11:53:30.27][172.16.4.222][1430] SELECT par_cod_asig1,par_cod_asig2,par_cod_asig3 FROM tblaca009 WHERE pensum='5' AND c_uni_ca='5' AND c_asigna='355839' [1][0] OK
C:[08/11/2018 11:56:43.60][172.16.4.222][1386] SELECT pre_cod_asig1,pre_cod_asig2,pre_cod_asig3,pre_cod_asig4,pre_cod_asig5,pre_cod_asig6,pre_cod_asig7 FROM tblaca009 WHERE pensum='5' AND c_uni_ca='5' AND c_asigna='300956' [1][0] OK
C:[08/11/2018 11:56:43.60][172.16.4.222][1399] SELECT c_asigna FROM dace004 WHERE exp_e='13-25445827' AND c_asigna='300422' AND status IN ('0','3','B') [1][0] OK
C:[08/11/2018 11:56:43.60][172.16.4.222][1399] SELECT c_asigna FROM dace004 WHERE exp_e='13-25445827' AND c_asigna='300105' AND status IN ('0','3','B') [1][0] OK
C:[08/11/2018 11:56:43.60][172.16.4.222][1399] SELECT c_asigna FROM dace004 WHERE exp_e='13-25445827' AND c_asigna='300314' AND status IN ('0','3','B') [1][0] OK
C:[08/11/2018 11:56:43.60][172.16.4.222][1386] SELECT pre_cod_asig1,pre_cod_asig2,pre_cod_asig3,pre_cod_asig4,pre_cod_asig5,pre_cod_asig6,pre_cod_asig7 FROM tblaca009 WHERE pensum='5' AND c_uni_ca='5' AND c_asigna='300870' [1][0] OK
C:[08/11/2018 11:56:43.60][172.16.4.222][1386] SELECT pre_cod_asig1,pre_cod_asig2,pre_cod_asig3,pre_cod_asig4,pre_cod_asig5,pre_cod_asig6,pre_cod_asig7 FROM tblaca009 WHERE pensum='5' AND c_uni_ca='5' AND c_asigna='355959' [1][0] OK
C:[08/11/2018 11:56:43.60][172.16.4.222][1386] SELECT pre_cod_asig1,pre_cod_asig2,pre_cod_asig3,pre_cod_asig4,pre_cod_asig5,pre_cod_asig6,pre_cod_asig7 FROM tblaca009 WHERE pensum='5' AND c_uni_ca='5' AND c_asigna='355839' [1][0] OK
C:[08/11/2018 11:56:43.60][172.16.4.222][1399] SELECT c_asigna FROM dace004 WHERE exp_e='13-25445827' AND c_asigna='355725' AND status IN ('0','3','B') [1][0] OK
C:[08/11/2018 11:56:43.60][172.16.4.222][1399] SELECT c_asigna FROM dace004 WHERE exp_e='13-25445827' AND c_asigna='355692' AND status IN ('0','3','B') [1][0] OK
C:[08/11/2018 11:56:43.72][172.16.4.222][1430] SELECT par_cod_asig1,par_cod_asig2,par_cod_asig3 FROM tblaca009 WHERE pensum='5' AND c_uni_ca='5' AND c_asigna='300956' [1][0] OK
C:[08/11/2018 11:56:43.72][172.16.4.222][1430] SELECT par_cod_asig1,par_cod_asig2,par_cod_asig3 FROM tblaca009 WHERE pensum='5' AND c_uni_ca='5' AND c_asigna='300870' [1][0] OK
C:[08/11/2018 11:56:43.72][172.16.4.222][1430] SELECT par_cod_asig1,par_cod_asig2,par_cod_asig3 FROM tblaca009 WHERE pensum='5' AND c_uni_ca='5' AND c_asigna='355959' [1][0] OK
C:[08/11/2018 11:56:43.72][172.16.4.222][1444] SELECT c_asigna FROM dace004 WHERE exp_e='13-25445827' AND c_asigna='300956' AND status IN ('0','3','B','C') [0][0] OK
C:[08/11/2018 11:56:43.72][172.16.4.222][1430] SELECT par_cod_asig1,par_cod_asig2,par_cod_asig3 FROM tblaca009 WHERE pensum='5' AND c_uni_ca='5' AND c_asigna='355839' [1][0] OK
C:[12/11/2018 07:44:05.56][172.17.137.57][1386] SELECT pre_cod_asig1,pre_cod_asig2,pre_cod_asig3,pre_cod_asig4,pre_cod_asig5,pre_cod_asig6,pre_cod_asig7 FROM tblaca009 WHERE pensum='5' AND c_uni_ca='4' AND c_asigna='330310' [1][0] OK
C:[12/11/2018 07:44:05.56][172.17.137.57][1399] SELECT c_asigna FROM dace004 WHERE exp_e='17-26549646' AND c_asigna='300013' AND status IN ('0','3','B') [1][0] OK
C:[12/11/2018 07:44:05.56][172.17.137.57][1399] SELECT c_asigna FROM dace004 WHERE exp_e='17-26549646' AND c_asigna='300113' AND status IN ('0','3','B') [1][0] OK
C:[12/11/2018 07:44:05.56][172.17.137.57][1386] SELECT pre_cod_asig1,pre_cod_asig2,pre_cod_asig3,pre_cod_asig4,pre_cod_asig5,pre_cod_asig6,pre_cod_asig7 FROM tblaca009 WHERE pensum='5' AND c_uni_ca='4' AND c_asigna='333326' [1][0] OK
C:[12/11/2018 07:44:05.56][172.17.137.57][1386] SELECT pre_cod_asig1,pre_cod_asig2,pre_cod_asig3,pre_cod_asig4,pre_cod_asig5,pre_cod_asig6,pre_cod_asig7 FROM tblaca009 WHERE pensum='5' AND c_uni_ca='4' AND c_asigna='300207' [1][0] OK
C:[12/11/2018 07:44:05.56][172.17.137.57][1399] SELECT c_asigna FROM dace004 WHERE exp_e='17-26549646' AND c_asigna='300101' AND status IN ('0','3','B') [1][0] OK
C:[12/11/2018 07:44:05.56][172.17.137.57][1386] SELECT pre_cod_asig1,pre_cod_asig2,pre_cod_asig3,pre_cod_asig4,pre_cod_asig5,pre_cod_asig6,pre_cod_asig7 FROM tblaca009 WHERE pensum='5' AND c_uni_ca='4' AND c_asigna='300222' [1][0] OK
C:[12/11/2018 07:44:05.56][172.17.137.57][1399] SELECT c_asigna FROM dace004 WHERE exp_e='17-26549646' AND c_asigna='300112' AND status IN ('0','3','B') [1][0] OK
C:[12/11/2018 07:44:06.56][172.17.137.57][1430] SELECT par_cod_asig1,par_cod_asig2,par_cod_asig3 FROM tblaca009 WHERE pensum='5' AND c_uni_ca='4' AND c_asigna='330310' [1][0] OK
C:[12/11/2018 07:44:06.56][172.17.137.57][1430] SELECT par_cod_asig1,par_cod_asig2,par_cod_asig3 FROM tblaca009 WHERE pensum='5' AND c_uni_ca='4' AND c_asigna='333326' [1][0] OK
C:[12/11/2018 07:44:06.56][172.17.137.57][1430] SELECT par_cod_asig1,par_cod_asig2,par_cod_asig3 FROM tblaca009 WHERE pensum='5' AND c_uni_ca='4' AND c_asigna='300207' [1][0] OK
C:[12/11/2018 07:44:06.56][172.17.137.57][1430] SELECT par_cod_asig1,par_cod_asig2,par_cod_asig3 FROM tblaca009 WHERE pensum='5' AND c_uni_ca='4' AND c_asigna='300222' [1][0] OK
C:[12/11/2018 07:44:06.08][172.17.137.57][1560] SELECT horas_lab FROM tblaca008 WHERE c_asigna='330310' AND horas_teoricas > 0 [1][0] OK
C:[12/11/2018 10:41:09.11][172.16.1.139][1386] SELECT pre_cod_asig1,pre_cod_asig2,pre_cod_asig3,pre_cod_asig4,pre_cod_asig5,pre_cod_asig6,pre_cod_asig7 FROM tblaca009 WHERE pensum='5' AND c_uni_ca='6' AND c_asigna='300209' [1][0] OK
C:[12/11/2018 10:41:09.11][172.16.1.139][1399] SELECT c_asigna FROM dace004 WHERE exp_e='13-25559972' AND c_asigna='300101' AND status IN ('0','3','B') [1][0] OK
C:[12/11/2018 10:41:09.11][172.16.1.139][1386] SELECT pre_cod_asig1,pre_cod_asig2,pre_cod_asig3,pre_cod_asig4,pre_cod_asig5,pre_cod_asig6,pre_cod_asig7 FROM tblaca009 WHERE pensum='5' AND c_uni_ca='6' AND c_asigna='300226' [1][0] OK
C:[12/11/2018 10:41:09.11][172.16.1.139][1399] SELECT c_asigna FROM dace004 WHERE exp_e='13-25559972' AND c_asigna='300116' AND status IN ('0','3','B') [1][0] OK
C:[12/11/2018 10:41:09.11][172.16.1.139][1386] SELECT pre_cod_asig1,pre_cod_asig2,pre_cod_asig3,pre_cod_asig4,pre_cod_asig5,pre_cod_asig6,pre_cod_asig7 FROM tblaca009 WHERE pensum='5' AND c_uni_ca='6' AND c_asigna='300218' [1][0] OK
C:[12/11/2018 10:41:09.11][172.16.1.139][1399] SELECT c_asigna FROM dace004 WHERE exp_e='13-25559972' AND c_asigna='300101' AND status IN ('0','3','B') [1][0] OK
C:[12/11/2018 10:41:09.11][172.16.1.139][1386] SELECT pre_cod_asig1,pre_cod_asig2,pre_cod_asig3,pre_cod_asig4,pre_cod_asig5,pre_cod_asig6,pre_cod_asig7 FROM tblaca009 WHERE pensum='5' AND c_uni_ca='6' AND c_asigna='300228' [1][0] OK
C:[12/11/2018 10:41:09.11][172.16.1.139][1399] SELECT c_asigna FROM dace004 WHERE exp_e='13-25559972' AND c_asigna='300101' AND status IN ('0','3','B') [1][0] OK
C:[12/11/2018 10:41:09.12][172.16.1.139][1430] SELECT par_cod_asig1,par_cod_asig2,par_cod_asig3 FROM tblaca009 WHERE pensum='5' AND c_uni_ca='6' AND c_asigna='300209' [1][0] OK
C:[12/11/2018 10:41:09.12][172.16.1.139][1430] SELECT par_cod_asig1,par_cod_asig2,par_cod_asig3 FROM tblaca009 WHERE pensum='5' AND c_uni_ca='6' AND c_asigna='300226' [1][0] OK
C:[12/11/2018 10:41:09.12][172.16.1.139][1430] SELECT par_cod_asig1,par_cod_asig2,par_cod_asig3 FROM tblaca009 WHERE pensum='5' AND c_uni_ca='6' AND c_asigna='300218' [1][0] OK
C:[12/11/2018 10:41:09.12][172.16.1.139][1444] SELECT c_asigna FROM dace004 WHERE exp_e='13-25559972' AND c_asigna='300228' AND status IN ('0','3','B','C') [0][0] OK
C:[12/11/2018 10:41:09.12][172.16.1.139][1430] SELECT par_cod_asig1,par_cod_asig2,par_cod_asig3 FROM tblaca009 WHERE pensum='5' AND c_uni_ca='6' AND c_asigna='300228' [1][0] OK
C:[12/11/2018 10:41:09.78][172.16.1.139][1560] SELECT horas_lab FROM tblaca008 WHERE c_asigna='300209' AND horas_teoricas > 0 [1][0] OK
C:[12/11/2018 11:23:42.27][172.16.4.210][1386] SELECT pre_cod_asig1,pre_cod_asig2,pre_cod_asig3,pre_cod_asig4,pre_cod_asig5,pre_cod_asig6,pre_cod_asig7 FROM tblaca009 WHERE pensum='5' AND c_uni_ca='2' AND c_asigna='300207' [1][0] OK
C:[12/11/2018 11:23:42.27][172.16.4.210][1399] SELECT c_asigna FROM dace004 WHERE exp_e='18-27602503' AND c_asigna='300101' AND status IN ('0','3','B') [1][0] OK
C:[12/11/2018 11:23:42.27][172.16.4.210][1386] SELECT pre_cod_asig1,pre_cod_asig2,pre_cod_asig3,pre_cod_asig4,pre_cod_asig5,pre_cod_asig6,pre_cod_asig7 FROM tblaca009 WHERE pensum='5' AND c_uni_ca='2' AND c_asigna='300209' [1][0] OK
C:[12/11/2018 11:23:42.27][172.16.4.210][1399] SELECT c_asigna FROM dace004 WHERE exp_e='18-27602503' AND c_asigna='300101' AND status IN ('0','3','B') [1][0] OK
C:[12/11/2018 11:23:42.27][172.16.4.210][1386] SELECT pre_cod_asig1,pre_cod_asig2,pre_cod_asig3,pre_cod_asig4,pre_cod_asig5,pre_cod_asig6,pre_cod_asig7 FROM tblaca009 WHERE pensum='5' AND c_uni_ca='2' AND c_asigna='300213' [1][0] OK
C:[12/11/2018 11:23:42.27][172.16.4.210][1399] SELECT c_asigna FROM dace004 WHERE exp_e='18-27602503' AND c_asigna='300101' AND status IN ('0','3','B') [1][0] OK
C:[12/11/2018 11:23:42.27][172.16.4.210][1386] SELECT pre_cod_asig1,pre_cod_asig2,pre_cod_asig3,pre_cod_asig4,pre_cod_asig5,pre_cod_asig6,pre_cod_asig7 FROM tblaca009 WHERE pensum='5' AND c_uni_ca='2' AND c_asigna='300218' [1][0] OK
C:[12/11/2018 11:23:42.27][172.16.4.210][1399] SELECT c_asigna FROM dace004 WHERE exp_e='18-27602503' AND c_asigna='300101' AND status IN ('0','3','B') [1][0] OK
C:[12/11/2018 11:23:42.27][172.16.4.210][1386] SELECT pre_cod_asig1,pre_cod_asig2,pre_cod_asig3,pre_cod_asig4,pre_cod_asig5,pre_cod_asig6,pre_cod_asig7 FROM tblaca009 WHERE pensum='5' AND c_uni_ca='2' AND c_asigna='300228' [1][0] OK
C:[12/11/2018 11:23:42.27][172.16.4.210][1399] SELECT c_asigna FROM dace004 WHERE exp_e='18-27602503' AND c_asigna='300101' AND status IN ('0','3','B') [1][0] OK
C:[12/11/2018 11:23:43.21][172.16.4.210][1430] SELECT par_cod_asig1,par_cod_asig2,par_cod_asig3 FROM tblaca009 WHERE pensum='5' AND c_uni_ca='2' AND c_asigna='300207' [1][0] OK
C:[12/11/2018 11:23:43.21][172.16.4.210][1430] SELECT par_cod_asig1,par_cod_asig2,par_cod_asig3 FROM tblaca009 WHERE pensum='5' AND c_uni_ca='2' AND c_asigna='300209' [1][0] OK
C:[12/11/2018 11:23:43.21][172.16.4.210][1430] SELECT par_cod_asig1,par_cod_asig2,par_cod_asig3 FROM tblaca009 WHERE pensum='5' AND c_uni_ca='2' AND c_asigna='300213' [1][0] OK
C:[12/11/2018 11:23:43.21][172.16.4.210][1444] SELECT c_asigna FROM dace004 WHERE exp_e='18-27602503' AND c_asigna='300209' AND status IN ('0','3','B','C') [0][0] OK
C:[12/11/2018 11:23:43.21][172.16.4.210][1430] SELECT par_cod_asig1,par_cod_asig2,par_cod_asig3 FROM tblaca009 WHERE pensum='5' AND c_uni_ca='2' AND c_asigna='300218' [1][0] OK
C:[12/11/2018 11:23:43.21][172.16.4.210][1444] SELECT c_asigna FROM dace004 WHERE exp_e='18-27602503' AND c_asigna='300228' AND status IN ('0','3','B','C') [0][0] OK
C:[12/11/2018 11:23:43.21][172.16.4.210][1430] SELECT par_cod_asig1,par_cod_asig2,par_cod_asig3 FROM tblaca009 WHERE pensum='5' AND c_uni_ca='2' AND c_asigna='300228' [1][0] OK
C:[12/11/2018 11:23:43.11][172.16.4.210][1560] SELECT horas_lab FROM tblaca008 WHERE c_asigna='300207' AND horas_teoricas > 0 [1][0] OK
C:[13/11/2018 13:52:02.52][172.16.5.122][1386] SELECT pre_cod_asig1,pre_cod_asig2,pre_cod_asig3,pre_cod_asig4,pre_cod_asig5,pre_cod_asig6,pre_cod_asig7 FROM tblaca009 WHERE pensum='5' AND c_uni_ca='2' AND c_asigna='300207' [1][0] OK
C:[13/11/2018 13:52:02.52][172.16.5.122][1399] SELECT c_asigna FROM dace004 WHERE exp_e='18-28518346' AND c_asigna='300101' AND status IN ('0','3','B') [1][0] OK
C:[13/11/2018 13:52:02.52][172.16.5.122][1386] SELECT pre_cod_asig1,pre_cod_asig2,pre_cod_asig3,pre_cod_asig4,pre_cod_asig5,pre_cod_asig6,pre_cod_asig7 FROM tblaca009 WHERE pensum='5' AND c_uni_ca='2' AND c_asigna='300218' [1][0] OK
C:[13/11/2018 13:52:02.52][172.16.5.122][1399] SELECT c_asigna FROM dace004 WHERE exp_e='18-28518346' AND c_asigna='300101' AND status IN ('0','3','B') [1][0] OK
C:[13/11/2018 13:52:02.52][172.16.5.122][1386] SELECT pre_cod_asig1,pre_cod_asig2,pre_cod_asig3,pre_cod_asig4,pre_cod_asig5,pre_cod_asig6,pre_cod_asig7 FROM tblaca009 WHERE pensum='5' AND c_uni_ca='2' AND c_asigna='300228' [1][0] OK
C:[13/11/2018 13:52:02.52][172.16.5.122][1399] SELECT c_asigna FROM dace004 WHERE exp_e='18-28518346' AND c_asigna='300101' AND status IN ('0','3','B') [1][0] OK
C:[13/11/2018 13:52:02.52][172.16.5.122][1386] SELECT pre_cod_asig1,pre_cod_asig2,pre_cod_asig3,pre_cod_asig4,pre_cod_asig5,pre_cod_asig6,pre_cod_asig7 FROM tblaca009 WHERE pensum='5' AND c_uni_ca='2' AND c_asigna='300209' [1][0] OK
C:[13/11/2018 13:52:02.52][172.16.5.122][1399] SELECT c_asigna FROM dace004 WHERE exp_e='18-28518346' AND c_asigna='300101' AND status IN ('0','3','B') [1][0] OK
C:[13/11/2018 13:52:02.52][172.16.5.122][1386] SELECT pre_cod_asig1,pre_cod_asig2,pre_cod_asig3,pre_cod_asig4,pre_cod_asig5,pre_cod_asig6,pre_cod_asig7 FROM tblaca009 WHERE pensum='5' AND c_uni_ca='2' AND c_asigna='300222' [1][0] OK
C:[13/11/2018 13:52:02.52][172.16.5.122][1399] SELECT c_asigna FROM dace004 WHERE exp_e='18-28518346' AND c_asigna='300112' AND status IN ('0','3','B') [1][0] OK
C:[13/11/2018 13:52:02.52][172.16.5.122][1386] SELECT pre_cod_asig1,pre_cod_asig2,pre_cod_asig3,pre_cod_asig4,pre_cod_asig5,pre_cod_asig6,pre_cod_asig7 FROM tblaca009 WHERE pensum='5' AND c_uni_ca='2' AND c_asigna='300314' [1][0] OK
C:[13/11/2018 13:52:02.52][172.16.5.122][1399] SELECT c_asigna FROM dace004 WHERE exp_e='18-28518346' AND c_asigna='300106' AND status IN ('0','3','B') [1][0] OK
C:[13/11/2018 13:52:02.59][172.16.5.122][1430] SELECT par_cod_asig1,par_cod_asig2,par_cod_asig3 FROM tblaca009 WHERE pensum='5' AND c_uni_ca='2' AND c_asigna='300207' [1][0] OK
C:[13/11/2018 13:52:02.59][172.16.5.122][1430] SELECT par_cod_asig1,par_cod_asig2,par_cod_asig3 FROM tblaca009 WHERE pensum='5' AND c_uni_ca='2' AND c_asigna='300218' [1][0] OK
C:[13/11/2018 13:52:02.59][172.16.5.122][1444] SELECT c_asigna FROM dace004 WHERE exp_e='18-28518346' AND c_asigna='300228' AND status IN ('0','3','B','C') [0][0] OK
C:[13/11/2018 13:52:02.59][172.16.5.122][1430] SELECT par_cod_asig1,par_cod_asig2,par_cod_asig3 FROM tblaca009 WHERE pensum='5' AND c_uni_ca='2' AND c_asigna='300228' [1][0] OK
C:[13/11/2018 13:52:02.59][172.16.5.122][1430] SELECT par_cod_asig1,par_cod_asig2,par_cod_asig3 FROM tblaca009 WHERE pensum='5' AND c_uni_ca='2' AND c_asigna='300209' [1][0] OK
C:[13/11/2018 13:52:02.59][172.16.5.122][1430] SELECT par_cod_asig1,par_cod_asig2,par_cod_asig3 FROM tblaca009 WHERE pensum='5' AND c_uni_ca='2' AND c_asigna='300222' [1][0] OK
C:[13/11/2018 13:52:02.59][172.16.5.122][1430] SELECT par_cod_asig1,par_cod_asig2,par_cod_asig3 FROM tblaca009 WHERE pensum='5' AND c_uni_ca='2' AND c_asigna='300314' [1][0] OK
C:[13/11/2018 13:52:02.50][172.16.5.122][1560] SELECT horas_lab FROM tblaca008 WHERE c_asigna='300207' AND horas_teoricas > 0 [1][0] OK
C:[14/11/2018 12:30:13.09][172.17.126.13][1386] SELECT pre_cod_asig1,pre_cod_asig2,pre_cod_asig3,pre_cod_asig4,pre_cod_asig5,pre_cod_asig6,pre_cod_asig7 FROM tblaca009 WHERE pensum='5' AND c_uni_ca='4' AND c_asigna='333737' [1][0] OK
C:[14/11/2018 12:30:13.09][172.17.126.13][1399] SELECT c_asigna FROM dace004 WHERE exp_e='11-21235000' AND c_asigna='333683' AND status IN ('0','3','B') [1][0] OK
C:[14/11/2018 12:30:13.09][172.17.126.13][1386] SELECT pre_cod_asig1,pre_cod_asig2,pre_cod_asig3,pre_cod_asig4,pre_cod_asig5,pre_cod_asig6,pre_cod_asig7 FROM tblaca009 WHERE pensum='5' AND c_uni_ca='4' AND c_asigna='333563' [1][0] OK
C:[14/11/2018 12:30:13.09][172.17.126.13][1399] SELECT c_asigna FROM dace004 WHERE exp_e='11-21235000' AND c_asigna='333440' AND status IN ('0','3','B') [1][0] OK
C:[14/11/2018 12:30:13.09][172.17.126.13][1399] SELECT c_asigna FROM dace004 WHERE exp_e='11-21235000' AND c_asigna='333442' AND status IN ('0','3','B') [1][0] OK
C:[14/11/2018 12:30:13.09][172.17.126.13][1399] SELECT c_asigna FROM dace004 WHERE exp_e='11-21235000' AND c_asigna='300209' AND status IN ('0','3','B') [1][0] OK
C:[14/11/2018 12:30:13.09][172.17.126.13][1399] SELECT c_asigna FROM dace004 WHERE exp_e='11-21235000' AND c_asigna='330310' AND status IN ('0','3','B') [1][0] OK
C:[14/11/2018 12:30:13.09][172.17.126.13][1399] SELECT c_asigna FROM dace004 WHERE exp_e='11-21235000' AND c_asigna='300317' AND status IN ('0','3','B') [1][0] OK
C:[14/11/2018 12:30:13.09][172.17.126.13][1399] SELECT c_asigna FROM dace004 WHERE exp_e='11-21235000' AND c_asigna='333326' AND status IN ('0','3','B') [1][0] OK
C:[14/11/2018 12:30:13.09][172.17.126.13][1386] SELECT pre_cod_asig1,pre_cod_asig2,pre_cod_asig3,pre_cod_asig4,pre_cod_asig5,pre_cod_asig6,pre_cod_asig7 FROM tblaca009 WHERE pensum='5' AND c_uni_ca='4' AND c_asigna='332604' [1][0] OK
C:[14/11/2018 12:30:13.09][172.17.126.13][1399] SELECT c_asigna FROM dace004 WHERE exp_e='11-21235000' AND c_asigna='332558' AND status IN ('0','3','B') [1][0] OK
C:[14/11/2018 12:30:13.09][172.17.126.13][1386] SELECT pre_cod_asig1,pre_cod_asig2,pre_cod_asig3,pre_cod_asig4,pre_cod_asig5,pre_cod_asig6,pre_cod_asig7 FROM tblaca009 WHERE pensum='5' AND c_uni_ca='4' AND c_asigna='333606' [1][0] OK
C:[14/11/2018 12:30:13.09][172.17.126.13][1399] SELECT c_asigna FROM dace004 WHERE exp_e='11-21235000' AND c_asigna='333584' AND status IN ('0','3','B') [1][0] OK
C:[14/11/2018 12:30:13.09][172.17.126.13][1386] SELECT pre_cod_asig1,pre_cod_asig2,pre_cod_asig3,pre_cod_asig4,pre_cod_asig5,pre_cod_asig6,pre_cod_asig7 FROM tblaca009 WHERE pensum='5' AND c_uni_ca='4' AND c_asigna='333608' [1][0] OK
C:[14/11/2018 12:30:13.09][172.17.126.13][1399] SELECT c_asigna FROM dace004 WHERE exp_e='11-21235000' AND c_asigna='311561' AND status IN ('0','3','B') [1][0] OK
C:[14/11/2018 12:30:13.09][172.17.126.13][1399] SELECT c_asigna FROM dace004 WHERE exp_e='11-21235000' AND c_asigna='333564' AND status IN ('0','3','B') [1][0] OK
C:[14/11/2018 12:30:13.09][172.17.126.13][1386] SELECT pre_cod_asig1,pre_cod_asig2,pre_cod_asig3,pre_cod_asig4,pre_cod_asig5,pre_cod_asig6,pre_cod_asig7 FROM tblaca009 WHERE pensum='5' AND c_uni_ca='4' AND c_asigna='333639' [1][0] OK
C:[14/11/2018 12:30:13.09][172.17.126.13][1399] SELECT c_asigna FROM dace004 WHERE exp_e='11-21235000' AND c_asigna='333585' AND status IN ('0','3','B') [1][0] OK
C:[14/11/2018 12:30:13.28][172.17.126.13][1430] SELECT par_cod_asig1,par_cod_asig2,par_cod_asig3 FROM tblaca009 WHERE pensum='5' AND c_uni_ca='4' AND c_asigna='333737' [1][0] OK
C:[14/11/2018 12:30:13.28][172.17.126.13][1430] SELECT par_cod_asig1,par_cod_asig2,par_cod_asig3 FROM tblaca009 WHERE pensum='5' AND c_uni_ca='4' AND c_asigna='333563' [1][0] OK
C:[14/11/2018 12:30:13.28][172.17.126.13][1430] SELECT par_cod_asig1,par_cod_asig2,par_cod_asig3 FROM tblaca009 WHERE pensum='5' AND c_uni_ca='4' AND c_asigna='332604' [1][0] OK
C:[14/11/2018 12:30:13.28][172.17.126.13][1430] SELECT par_cod_asig1,par_cod_asig2,par_cod_asig3 FROM tblaca009 WHERE pensum='5' AND c_uni_ca='4' AND c_asigna='333606' [1][0] OK
C:[14/11/2018 12:30:13.28][172.17.126.13][1430] SELECT par_cod_asig1,par_cod_asig2,par_cod_asig3 FROM tblaca009 WHERE pensum='5' AND c_uni_ca='4' AND c_asigna='333608' [1][0] OK
C:[14/11/2018 12:30:13.28][172.17.126.13][1430] SELECT par_cod_asig1,par_cod_asig2,par_cod_asig3 FROM tblaca009 WHERE pensum='5' AND c_uni_ca='4' AND c_asigna='333639' [1][0] OK
C:[14/11/2018 12:30:14.05][172.17.126.13][1560] SELECT horas_lab FROM tblaca008 WHERE c_asigna='333737' AND horas_teoricas > 0 [1][0] OK
C:[15/11/2018 09:58:56.07][172.17.138.177][1386] SELECT pre_cod_asig1,pre_cod_asig2,pre_cod_asig3,pre_cod_asig4,pre_cod_asig5,pre_cod_asig6,pre_cod_asig7 FROM tblaca009 WHERE pensum='5' AND c_uni_ca='3' AND c_asigna='311091' [1][0] OK
C:[15/11/2018 09:58:56.07][172.17.138.177][1399] SELECT c_asigna FROM dace004 WHERE exp_e='12-25277880' AND c_asigna='311825' AND status IN ('0','3','B') [1][0] OK
C:[15/11/2018 09:58:56.07][172.17.138.177][1386] SELECT pre_cod_asig1,pre_cod_asig2,pre_cod_asig3,pre_cod_asig4,pre_cod_asig5,pre_cod_asig6,pre_cod_asig7 FROM tblaca009 WHERE pensum='5' AND c_uni_ca='3' AND c_asigna='300956' [1][0] OK
C:[15/11/2018 09:58:56.07][172.17.138.177][1399] SELECT c_asigna FROM dace004 WHERE exp_e='12-25277880' AND c_asigna='300422' AND status IN ('0','3','B') [1][0] OK
C:[15/11/2018 09:58:56.07][172.17.138.177][1399] SELECT c_asigna FROM dace004 WHERE exp_e='12-25277880' AND c_asigna='300105' AND status IN ('0','3','B') [1][0] OK
C:[15/11/2018 09:58:56.07][172.17.138.177][1399] SELECT c_asigna FROM dace004 WHERE exp_e='12-25277880' AND c_asigna='300314' AND status IN ('0','3','B') [1][0] OK
C:[15/11/2018 09:58:56.07][172.17.138.177][1386] SELECT pre_cod_asig1,pre_cod_asig2,pre_cod_asig3,pre_cod_asig4,pre_cod_asig5,pre_cod_asig6,pre_cod_asig7 FROM tblaca009 WHERE pensum='5' AND c_uni_ca='3' AND c_asigna='311826' [1][0] OK
C:[15/11/2018 09:58:56.07][172.17.138.177][1399] SELECT c_asigna FROM dace004 WHERE exp_e='12-25277880' AND c_asigna='311799' AND status IN ('0','3','B') [1][0] OK
C:[15/11/2018 09:58:56.07][172.17.138.177][1386] SELECT pre_cod_asig1,pre_cod_asig2,pre_cod_asig3,pre_cod_asig4,pre_cod_asig5,pre_cod_asig6,pre_cod_asig7 FROM tblaca009 WHERE pensum='5' AND c_uni_ca='3' AND c_asigna='311939' [1][0] OK
C:[15/11/2018 09:58:56.07][172.17.138.177][1386] SELECT pre_cod_asig1,pre_cod_asig2,pre_cod_asig3,pre_cod_asig4,pre_cod_asig5,pre_cod_asig6,pre_cod_asig7 FROM tblaca009 WHERE pensum='5' AND c_uni_ca='3' AND c_asigna='311933' [1][0] OK
C:[15/11/2018 09:58:56.14][172.17.138.177][1430] SELECT par_cod_asig1,par_cod_asig2,par_cod_asig3 FROM tblaca009 WHERE pensum='5' AND c_uni_ca='3' AND c_asigna='311091' [1][0] OK
C:[15/11/2018 09:58:56.14][172.17.138.177][1430] SELECT par_cod_asig1,par_cod_asig2,par_cod_asig3 FROM tblaca009 WHERE pensum='5' AND c_uni_ca='3' AND c_asigna='300956' [1][0] OK
C:[15/11/2018 09:58:56.14][172.17.138.177][1430] SELECT par_cod_asig1,par_cod_asig2,par_cod_asig3 FROM tblaca009 WHERE pensum='5' AND c_uni_ca='3' AND c_asigna='311826' [1][0] OK
C:[15/11/2018 09:58:56.14][172.17.138.177][1430] SELECT par_cod_asig1,par_cod_asig2,par_cod_asig3 FROM tblaca009 WHERE pensum='5' AND c_uni_ca='3' AND c_asigna='311939' [1][0] OK
C:[15/11/2018 09:58:56.14][172.17.138.177][1444] SELECT c_asigna FROM dace004 WHERE exp_e='12-25277880' AND c_asigna='300956' AND status IN ('0','3','B','C') [0][0] OK
C:[15/11/2018 09:58:56.14][172.17.138.177][1430] SELECT par_cod_asig1,par_cod_asig2,par_cod_asig3 FROM tblaca009 WHERE pensum='5' AND c_uni_ca='3' AND c_asigna='311933' [1][0] OK
C:[15/11/2018 09:58:56.91][172.17.138.177][1560] SELECT horas_lab FROM tblaca008 WHERE c_asigna='311091' AND horas_teoricas > 0 [1][0] OK
C:[15/11/2018 10:02:19.62][172.17.138.177][1386] SELECT pre_cod_asig1,pre_cod_asig2,pre_cod_asig3,pre_cod_asig4,pre_cod_asig5,pre_cod_asig6,pre_cod_asig7 FROM tblaca009 WHERE pensum='5' AND c_uni_ca='3' AND c_asigna='311091' [1][0] OK
C:[15/11/2018 10:02:19.62][172.17.138.177][1399] SELECT c_asigna FROM dace004 WHERE exp_e='13-25678810' AND c_asigna='311825' AND status IN ('0','3','B') [1][0] OK
C:[15/11/2018 10:02:19.62][172.17.138.177][1386] SELECT pre_cod_asig1,pre_cod_asig2,pre_cod_asig3,pre_cod_asig4,pre_cod_asig5,pre_cod_asig6,pre_cod_asig7 FROM tblaca009 WHERE pensum='5' AND c_uni_ca='3' AND c_asigna='300956' [1][0] OK
C:[15/11/2018 10:02:19.62][172.17.138.177][1399] SELECT c_asigna FROM dace004 WHERE exp_e='13-25678810' AND c_asigna='300422' AND status IN ('0','3','B') [1][0] OK
C:[15/11/2018 10:02:19.62][172.17.138.177][1399] SELECT c_asigna FROM dace004 WHERE exp_e='13-25678810' AND c_asigna='300105' AND status IN ('0','3','B') [1][0] OK
C:[15/11/2018 10:02:19.62][172.17.138.177][1399] SELECT c_asigna FROM dace004 WHERE exp_e='13-25678810' AND c_asigna='300314' AND status IN ('0','3','B') [1][0] OK
C:[15/11/2018 10:02:19.62][172.17.138.177][1386] SELECT pre_cod_asig1,pre_cod_asig2,pre_cod_asig3,pre_cod_asig4,pre_cod_asig5,pre_cod_asig6,pre_cod_asig7 FROM tblaca009 WHERE pensum='5' AND c_uni_ca='3' AND c_asigna='311939' [1][0] OK
C:[15/11/2018 10:02:19.62][172.17.138.177][1386] SELECT pre_cod_asig1,pre_cod_asig2,pre_cod_asig3,pre_cod_asig4,pre_cod_asig5,pre_cod_asig6,pre_cod_asig7 FROM tblaca009 WHERE pensum='5' AND c_uni_ca='3' AND c_asigna='311826' [1][0] OK
C:[15/11/2018 10:02:19.62][172.17.138.177][1399] SELECT c_asigna FROM dace004 WHERE exp_e='13-25678810' AND c_asigna='311799' AND status IN ('0','3','B') [1][0] OK
C:[15/11/2018 10:02:19.75][172.17.138.177][1430] SELECT par_cod_asig1,par_cod_asig2,par_cod_asig3 FROM tblaca009 WHERE pensum='5' AND c_uni_ca='3' AND c_asigna='311091' [1][0] OK
C:[15/11/2018 10:02:19.75][172.17.138.177][1430] SELECT par_cod_asig1,par_cod_asig2,par_cod_asig3 FROM tblaca009 WHERE pensum='5' AND c_uni_ca='3' AND c_asigna='300956' [1][0] OK
C:[15/11/2018 10:02:19.75][172.17.138.177][1430] SELECT par_cod_asig1,par_cod_asig2,par_cod_asig3 FROM tblaca009 WHERE pensum='5' AND c_uni_ca='3' AND c_asigna='311939' [1][0] OK
C:[15/11/2018 10:02:19.75][172.17.138.177][1444] SELECT c_asigna FROM dace004 WHERE exp_e='13-25678810' AND c_asigna='300956' AND status IN ('0','3','B','C') [0][0] OK
C:[15/11/2018 10:02:19.75][172.17.138.177][1430] SELECT par_cod_asig1,par_cod_asig2,par_cod_asig3 FROM tblaca009 WHERE pensum='5' AND c_uni_ca='3' AND c_asigna='311826' [1][0] OK
C:[15/11/2018 10:02:20.40][172.17.138.177][1560] SELECT horas_lab FROM tblaca008 WHERE c_asigna='311091' AND horas_teoricas > 0 [1][0] OK
C:[15/11/2018 10:14:58.63][172.17.138.177][1386] SELECT pre_cod_asig1,pre_cod_asig2,pre_cod_asig3,pre_cod_asig4,pre_cod_asig5,pre_cod_asig6,pre_cod_asig7 FROM tblaca009 WHERE pensum='5' AND c_uni_ca='3' AND c_asigna='311091' [1][0] OK
C:[15/11/2018 10:14:58.63][172.17.138.177][1399] SELECT c_asigna FROM dace004 WHERE exp_e='12-24963882' AND c_asigna='311825' AND status IN ('0','3','B') [1][0] OK
C:[15/11/2018 10:14:58.63][172.17.138.177][1386] SELECT pre_cod_asig1,pre_cod_asig2,pre_cod_asig3,pre_cod_asig4,pre_cod_asig5,pre_cod_asig6,pre_cod_asig7 FROM tblaca009 WHERE pensum='5' AND c_uni_ca='3' AND c_asigna='311824' [1][0] OK
C:[15/11/2018 10:14:58.63][172.17.138.177][1399] SELECT c_asigna FROM dace004 WHERE exp_e='12-24963882' AND c_asigna='311796' AND status IN ('0','3','B') [1][0] OK
C:[15/11/2018 10:14:58.63][172.17.138.177][1399] SELECT c_asigna FROM dace004 WHERE exp_e='12-24963882' AND c_asigna='315671' AND status IN ('0','3','B') [1][0] OK
C:[15/11/2018 10:14:58.63][172.17.138.177][1399] SELECT c_asigna FROM dace004 WHERE exp_e='12-24963882' AND c_asigna='311552' AND status IN ('0','3','B') [1][0] OK
C:[15/11/2018 10:14:58.63][172.17.138.177][1399] SELECT c_asigna FROM dace004 WHERE exp_e='12-24963882' AND c_asigna='311430' AND status IN ('0','3','B') [1][0] OK
C:[15/11/2018 10:14:58.63][172.17.138.177][1399] SELECT c_asigna FROM dace004 WHERE exp_e='12-24963882' AND c_asigna='300317' AND status IN ('0','3','B') [1][0] OK
C:[15/11/2018 10:14:58.63][172.17.138.177][1399] SELECT c_asigna FROM dace004 WHERE exp_e='12-24963882' AND c_asigna='300318' AND status IN ('0','3','B') [1][0] OK
C:[15/11/2018 10:14:58.63][172.17.138.177][1399] SELECT c_asigna FROM dace004 WHERE exp_e='12-24963882' AND c_asigna='300313' AND status IN ('0','3','B') [1][0] OK
C:[15/11/2018 10:14:58.63][172.17.138.177][1386] SELECT pre_cod_asig1,pre_cod_asig2,pre_cod_asig3,pre_cod_asig4,pre_cod_asig5,pre_cod_asig6,pre_cod_asig7 FROM tblaca009 WHERE pensum='5' AND c_uni_ca='3' AND c_asigna='311826' [1][0] OK
C:[15/11/2018 10:14:58.63][172.17.138.177][1399] SELECT c_asigna FROM dace004 WHERE exp_e='12-24963882' AND c_asigna='311799' AND status IN ('0','3','B') [1][0] OK
C:[15/11/2018 10:14:58.63][172.17.138.177][1386] SELECT pre_cod_asig1,pre_cod_asig2,pre_cod_asig3,pre_cod_asig4,pre_cod_asig5,pre_cod_asig6,pre_cod_asig7 FROM tblaca009 WHERE pensum='5' AND c_uni_ca='3' AND c_asigna='300956' [1][0] OK
C:[15/11/2018 10:14:58.63][172.17.138.177][1399] SELECT c_asigna FROM dace004 WHERE exp_e='12-24963882' AND c_asigna='300422' AND status IN ('0','3','B') [1][0] OK
C:[15/11/2018 10:14:58.63][172.17.138.177][1399] SELECT c_asigna FROM dace004 WHERE exp_e='12-24963882' AND c_asigna='300105' AND status IN ('0','3','B') [1][0] OK
C:[15/11/2018 10:14:58.63][172.17.138.177][1399] SELECT c_asigna FROM dace004 WHERE exp_e='12-24963882' AND c_asigna='300314' AND status IN ('0','3','B') [1][0] OK
C:[15/11/2018 10:14:59.18][172.17.138.177][1430] SELECT par_cod_asig1,par_cod_asig2,par_cod_asig3 FROM tblaca009 WHERE pensum='5' AND c_uni_ca='3' AND c_asigna='311091' [1][0] OK
C:[15/11/2018 10:14:59.18][172.17.138.177][1430] SELECT par_cod_asig1,par_cod_asig2,par_cod_asig3 FROM tblaca009 WHERE pensum='5' AND c_uni_ca='3' AND c_asigna='311824' [1][0] OK
C:[15/11/2018 10:14:59.18][172.17.138.177][1430] SELECT par_cod_asig1,par_cod_asig2,par_cod_asig3 FROM tblaca009 WHERE pensum='5' AND c_uni_ca='3' AND c_asigna='311826' [1][0] OK
C:[15/11/2018 10:14:59.18][172.17.138.177][1430] SELECT par_cod_asig1,par_cod_asig2,par_cod_asig3 FROM tblaca009 WHERE pensum='5' AND c_uni_ca='3' AND c_asigna='300956' [1][0] OK
C:[15/11/2018 10:14:59.21][172.17.138.177][1560] SELECT horas_lab FROM tblaca008 WHERE c_asigna='311091' AND horas_teoricas > 0 [1][0] OK
C:[15/11/2018 10:40:30.08][172.17.138.177][1386] SELECT pre_cod_asig1,pre_cod_asig2,pre_cod_asig3,pre_cod_asig4,pre_cod_asig5,pre_cod_asig6,pre_cod_asig7 FROM tblaca009 WHERE pensum='5' AND c_uni_ca='4' AND c_asigna='300112' [1][0] OK
C:[15/11/2018 10:40:30.08][172.17.138.177][1386] SELECT pre_cod_asig1,pre_cod_asig2,pre_cod_asig3,pre_cod_asig4,pre_cod_asig5,pre_cod_asig6,pre_cod_asig7 FROM tblaca009 WHERE pensum='5' AND c_uni_ca='4' AND c_asigna='300013' [1][0] OK
C:[15/11/2018 10:40:30.08][172.17.138.177][1386] SELECT pre_cod_asig1,pre_cod_asig2,pre_cod_asig3,pre_cod_asig4,pre_cod_asig5,pre_cod_asig6,pre_cod_asig7 FROM tblaca009 WHERE pensum='5' AND c_uni_ca='4' AND c_asigna='300101' [1][0] OK
C:[15/11/2018 10:40:30.08][172.17.138.177][1386] SELECT pre_cod_asig1,pre_cod_asig2,pre_cod_asig3,pre_cod_asig4,pre_cod_asig5,pre_cod_asig6,pre_cod_asig7 FROM tblaca009 WHERE pensum='5' AND c_uni_ca='4' AND c_asigna='300113' [1][0] OK
C:[15/11/2018 10:40:30.08][172.17.138.177][1386] SELECT pre_cod_asig1,pre_cod_asig2,pre_cod_asig3,pre_cod_asig4,pre_cod_asig5,pre_cod_asig6,pre_cod_asig7 FROM tblaca009 WHERE pensum='5' AND c_uni_ca='4' AND c_asigna='300116' [1][0] OK
C:[15/11/2018 10:40:30.08][172.17.138.177][1386] SELECT pre_cod_asig1,pre_cod_asig2,pre_cod_asig3,pre_cod_asig4,pre_cod_asig5,pre_cod_asig6,pre_cod_asig7 FROM tblaca009 WHERE pensum='5' AND c_uni_ca='4' AND c_asigna='300314' [1][0] OK
C:[15/11/2018 10:40:30.08][172.17.138.177][1399] SELECT c_asigna FROM dace004 WHERE exp_e='18-27946780' AND c_asigna='300106' AND status IN ('0','3','B') [1][0] OK
C:[15/11/2018 10:40:30.08][172.17.138.177][1386] SELECT pre_cod_asig1,pre_cod_asig2,pre_cod_asig3,pre_cod_asig4,pre_cod_asig5,pre_cod_asig6,pre_cod_asig7 FROM tblaca009 WHERE pensum='5' AND c_uni_ca='4' AND c_asigna='333326' [1][0] OK
C:[15/11/2018 10:40:31.08][172.17.138.177][1430] SELECT par_cod_asig1,par_cod_asig2,par_cod_asig3 FROM tblaca009 WHERE pensum='5' AND c_uni_ca='4' AND c_asigna='300112' [1][0] OK
C:[15/11/2018 10:40:31.08][172.17.138.177][1430] SELECT par_cod_asig1,par_cod_asig2,par_cod_asig3 FROM tblaca009 WHERE pensum='5' AND c_uni_ca='4' AND c_asigna='300013' [1][0] OK
C:[15/11/2018 10:40:31.08][172.17.138.177][1430] SELECT par_cod_asig1,par_cod_asig2,par_cod_asig3 FROM tblaca009 WHERE pensum='5' AND c_uni_ca='4' AND c_asigna='300101' [1][0] OK
C:[15/11/2018 10:40:31.08][172.17.138.177][1430] SELECT par_cod_asig1,par_cod_asig2,par_cod_asig3 FROM tblaca009 WHERE pensum='5' AND c_uni_ca='4' AND c_asigna='300113' [1][0] OK
C:[15/11/2018 10:40:31.08][172.17.138.177][1444] SELECT c_asigna FROM dace004 WHERE exp_e='18-27946780' AND c_asigna='300013' AND status IN ('0','3','B','C') [0][0] OK
C:[15/11/2018 10:40:31.08][172.17.138.177][1430] SELECT par_cod_asig1,par_cod_asig2,par_cod_asig3 FROM tblaca009 WHERE pensum='5' AND c_uni_ca='4' AND c_asigna='300116' [1][0] OK
C:[15/11/2018 10:40:31.08][172.17.138.177][1430] SELECT par_cod_asig1,par_cod_asig2,par_cod_asig3 FROM tblaca009 WHERE pensum='5' AND c_uni_ca='4' AND c_asigna='300314' [1][0] OK
C:[15/11/2018 10:40:31.08][172.17.138.177][1430] SELECT par_cod_asig1,par_cod_asig2,par_cod_asig3 FROM tblaca009 WHERE pensum='5' AND c_uni_ca='4' AND c_asigna='333326' [1][0] OK
C:[15/11/2018 10:40:31.11][172.17.138.177][1560] SELECT horas_lab FROM tblaca008 WHERE c_asigna='300112' AND horas_teoricas > 0 [1][0] OK
C:[15/11/2018 13:47:56.92][172.17.123.65][1386] SELECT pre_cod_asig1,pre_cod_asig2,pre_cod_asig3,pre_cod_asig4,pre_cod_asig5,pre_cod_asig6,pre_cod_asig7 FROM tblaca009 WHERE pensum='5' AND c_uni_ca='5' AND c_asigna='300870' [1][0] OK
C:[15/11/2018 13:47:56.92][172.17.123.65][1386] SELECT pre_cod_asig1,pre_cod_asig2,pre_cod_asig3,pre_cod_asig4,pre_cod_asig5,pre_cod_asig6,pre_cod_asig7 FROM tblaca009 WHERE pensum='5' AND c_uni_ca='5' AND c_asigna='355720' [1][0] OK
C:[15/11/2018 13:47:56.92][172.17.123.65][1399] SELECT c_asigna FROM dace004 WHERE exp_e='10-20503956' AND c_asigna='355692' AND status IN ('0','3','B') [1][0] OK
C:[15/11/2018 13:47:56.92][172.17.123.65][1399] SELECT c_asigna FROM dace004 WHERE exp_e='10-20503956' AND c_asigna='355696' AND status IN ('0','3','B') [1][0] OK
C:[15/11/2018 13:47:56.92][172.17.123.65][1386] SELECT pre_cod_asig1,pre_cod_asig2,pre_cod_asig3,pre_cod_asig4,pre_cod_asig5,pre_cod_asig6,pre_cod_asig7 FROM tblaca009 WHERE pensum='5' AND c_uni_ca='5' AND c_asigna='355724' [1][0] OK
C:[15/11/2018 13:47:56.92][172.17.123.65][1399] SELECT c_asigna FROM dace004 WHERE exp_e='10-20503956' AND c_asigna='355692' AND status IN ('0','3','B') [1][0] OK
C:[15/11/2018 13:47:56.92][172.17.123.65][1386] SELECT pre_cod_asig1,pre_cod_asig2,pre_cod_asig3,pre_cod_asig4,pre_cod_asig5,pre_cod_asig6,pre_cod_asig7 FROM tblaca009 WHERE pensum='5' AND c_uni_ca='5' AND c_asigna='300956' [1][0] OK
C:[15/11/2018 13:47:56.92][172.17.123.65][1399] SELECT c_asigna FROM dace004 WHERE exp_e='10-20503956' AND c_asigna='300422' AND status IN ('0','3','B') [1][0] OK
C:[15/11/2018 13:47:56.92][172.17.123.65][1399] SELECT c_asigna FROM dace004 WHERE exp_e='10-20503956' AND c_asigna='300105' AND status IN ('0','3','B') [1][0] OK
C:[15/11/2018 13:47:56.92][172.17.123.65][1399] SELECT c_asigna FROM dace004 WHERE exp_e='10-20503956' AND c_asigna='300314' AND status IN ('0','3','B') [1][0] OK
C:[15/11/2018 13:47:56.92][172.17.123.65][1386] SELECT pre_cod_asig1,pre_cod_asig2,pre_cod_asig3,pre_cod_asig4,pre_cod_asig5,pre_cod_asig6,pre_cod_asig7 FROM tblaca009 WHERE pensum='5' AND c_uni_ca='5' AND c_asigna='355951' [1][0] OK
C:[15/11/2018 13:47:56.92][172.17.123.65][1399] SELECT c_asigna FROM dace004 WHERE exp_e='10-20503956' AND c_asigna='355691' AND status IN ('0','3','B') [1][0] OK
C:[15/11/2018 13:47:57.42][172.17.123.65][1430] SELECT par_cod_asig1,par_cod_asig2,par_cod_asig3 FROM tblaca009 WHERE pensum='5' AND c_uni_ca='5' AND c_asigna='300870' [1][0] OK
C:[15/11/2018 13:47:57.42][172.17.123.65][1430] SELECT par_cod_asig1,par_cod_asig2,par_cod_asig3 FROM tblaca009 WHERE pensum='5' AND c_uni_ca='5' AND c_asigna='355720' [1][0] OK
C:[15/11/2018 13:47:57.42][172.17.123.65][1430] SELECT par_cod_asig1,par_cod_asig2,par_cod_asig3 FROM tblaca009 WHERE pensum='5' AND c_uni_ca='5' AND c_asigna='355724' [1][0] OK
C:[15/11/2018 13:47:57.42][172.17.123.65][1430] SELECT par_cod_asig1,par_cod_asig2,par_cod_asig3 FROM tblaca009 WHERE pensum='5' AND c_uni_ca='5' AND c_asigna='300956' [1][0] OK
C:[15/11/2018 13:47:57.42][172.17.123.65][1430] SELECT par_cod_asig1,par_cod_asig2,par_cod_asig3 FROM tblaca009 WHERE pensum='5' AND c_uni_ca='5' AND c_asigna='355951' [1][0] OK
C:[15/11/2018 13:47:57.12][172.17.123.65][1560] SELECT horas_lab FROM tblaca008 WHERE c_asigna='300870' AND horas_teoricas > 0 [1][0] OK
C:[16/11/2018 10:58:14.90][172.16.5.236][1386] SELECT pre_cod_asig1,pre_cod_asig2,pre_cod_asig3,pre_cod_asig4,pre_cod_asig5,pre_cod_asig6,pre_cod_asig7 FROM tblaca009 WHERE pensum='5' AND c_uni_ca='5' AND c_asigna='355832' [1][0] OK
C:[16/11/2018 10:58:14.90][172.16.5.236][1399] SELECT c_asigna FROM dace004 WHERE exp_e='14-24848699' AND c_asigna='355694' AND status IN ('0','3','B') [1][0] OK
C:[16/11/2018 10:58:14.90][172.16.5.236][1386] SELECT pre_cod_asig1,pre_cod_asig2,pre_cod_asig3,pre_cod_asig4,pre_cod_asig5,pre_cod_asig6,pre_cod_asig7 FROM tblaca009 WHERE pensum='5' AND c_uni_ca='5' AND c_asigna='355696' [1][0] OK
C:[16/11/2018 10:58:14.90][172.16.5.236][1399] SELECT c_asigna FROM dace004 WHERE exp_e='14-24848699' AND c_asigna='355570' AND status IN ('0','3','B') [1][0] OK
C:[16/11/2018 10:58:14.90][172.16.5.236][1399] SELECT c_asigna FROM dace004 WHERE exp_e='14-24848699' AND c_asigna='355571' AND status IN ('0','3','B') [1][0] OK
C:[16/11/2018 10:58:14.90][172.16.5.236][1386] SELECT pre_cod_asig1,pre_cod_asig2,pre_cod_asig3,pre_cod_asig4,pre_cod_asig5,pre_cod_asig6,pre_cod_asig7 FROM tblaca009 WHERE pensum='5' AND c_uni_ca='5' AND c_asigna='355724' [1][0] OK
C:[16/11/2018 10:58:14.90][172.16.5.236][1399] SELECT c_asigna FROM dace004 WHERE exp_e='14-24848699' AND c_asigna='355692' AND status IN ('0','3','B') [1][0] OK
C:[16/11/2018 10:58:14.90][172.16.5.236][1386] SELECT pre_cod_asig1,pre_cod_asig2,pre_cod_asig3,pre_cod_asig4,pre_cod_asig5,pre_cod_asig6,pre_cod_asig7 FROM tblaca009 WHERE pensum='5' AND c_uni_ca='5' AND c_asigna='355725' [1][0] OK
C:[16/11/2018 10:58:14.90][172.16.5.236][1399] SELECT c_asigna FROM dace004 WHERE exp_e='14-24848699' AND c_asigna='355693' AND status IN ('0','3','B') [1][0] OK
C:[16/11/2018 10:58:14.90][172.16.5.236][1399] SELECT c_asigna FROM dace004 WHERE exp_e='14-24848699' AND c_asigna='355692' AND status IN ('0','3','B') [1][0] OK
C:[16/11/2018 10:58:14.90][172.16.5.236][1386] SELECT pre_cod_asig1,pre_cod_asig2,pre_cod_asig3,pre_cod_asig4,pre_cod_asig5,pre_cod_asig6,pre_cod_asig7 FROM tblaca009 WHERE pensum='5' AND c_uni_ca='5' AND c_asigna='355833' [1][0] OK
C:[16/11/2018 10:58:14.90][172.16.5.236][1399] SELECT c_asigna FROM dace004 WHERE exp_e='14-24848699' AND c_asigna='355694' AND status IN ('0','3','B') [1][0] OK
C:[16/11/2018 10:58:14.90][172.16.5.236][1386] SELECT pre_cod_asig1,pre_cod_asig2,pre_cod_asig3,pre_cod_asig4,pre_cod_asig5,pre_cod_asig6,pre_cod_asig7 FROM tblaca009 WHERE pensum='5' AND c_uni_ca='5' AND c_asigna='355834' [1][0] OK
C:[16/11/2018 10:58:14.90][172.16.5.236][1399] SELECT c_asigna FROM dace004 WHERE exp_e='14-24848699' AND c_asigna='355694' AND status IN ('0','3','B') [1][0] OK
C:[16/11/2018 10:58:14.90][172.16.5.236][1386] SELECT pre_cod_asig1,pre_cod_asig2,pre_cod_asig3,pre_cod_asig4,pre_cod_asig5,pre_cod_asig6,pre_cod_asig7 FROM tblaca009 WHERE pensum='5' AND c_uni_ca='5' AND c_asigna='355835' [1][0] OK
C:[16/11/2018 10:58:14.90][172.16.5.236][1399] SELECT c_asigna FROM dace004 WHERE exp_e='14-24848699' AND c_asigna='355691' AND status IN ('0','3','B') [1][0] OK
C:[16/11/2018 10:58:15.90][172.16.5.236][1430] SELECT par_cod_asig1,par_cod_asig2,par_cod_asig3 FROM tblaca009 WHERE pensum='5' AND c_uni_ca='5' AND c_asigna='355832' [1][0] OK
C:[16/11/2018 10:58:15.90][172.16.5.236][1430] SELECT par_cod_asig1,par_cod_asig2,par_cod_asig3 FROM tblaca009 WHERE pensum='5' AND c_uni_ca='5' AND c_asigna='355696' [1][0] OK
C:[16/11/2018 10:58:15.90][172.16.5.236][1430] SELECT par_cod_asig1,par_cod_asig2,par_cod_asig3 FROM tblaca009 WHERE pensum='5' AND c_uni_ca='5' AND c_asigna='355724' [1][0] OK
C:[16/11/2018 10:58:15.90][172.16.5.236][1430] SELECT par_cod_asig1,par_cod_asig2,par_cod_asig3 FROM tblaca009 WHERE pensum='5' AND c_uni_ca='5' AND c_asigna='355725' [1][0] OK
C:[16/11/2018 10:58:15.90][172.16.5.236][1430] SELECT par_cod_asig1,par_cod_asig2,par_cod_asig3 FROM tblaca009 WHERE pensum='5' AND c_uni_ca='5' AND c_asigna='355833' [1][0] OK
C:[16/11/2018 10:58:15.90][172.16.5.236][1430] SELECT par_cod_asig1,par_cod_asig2,par_cod_asig3 FROM tblaca009 WHERE pensum='5' AND c_uni_ca='5' AND c_asigna='355834' [1][0] OK
C:[16/11/2018 10:58:15.90][172.16.5.236][1430] SELECT par_cod_asig1,par_cod_asig2,par_cod_asig3 FROM tblaca009 WHERE pensum='5' AND c_uni_ca='5' AND c_asigna='355835' [1][0] OK
C:[16/11/2018 10:58:15.80][172.16.5.236][1560] SELECT horas_lab FROM tblaca008 WHERE c_asigna='355832' AND horas_teoricas > 0 [1][0] OK
C:[20/11/2018 15:26:10.52][172.16.4.209][1386] SELECT pre_cod_asig1,pre_cod_asig2,pre_cod_asig3,pre_cod_asig4,pre_cod_asig5,pre_cod_asig6,pre_cod_asig7 FROM tblaca009 WHERE pensum='5' AND c_uni_ca='2' AND c_asigna='322904' [1][0] OK
C:[20/11/2018 15:26:10.52][172.16.4.209][1399] SELECT c_asigna FROM dace004 WHERE exp_e='14-25612335' AND c_asigna='322782' AND status IN ('0','3','B') [1][0] OK
C:[20/11/2018 15:26:10.52][172.16.4.209][1399] SELECT c_asigna FROM dace004 WHERE exp_e='14-25612335' AND c_asigna='322801' AND status IN ('0','3','B') [1][0] OK
C:[20/11/2018 15:26:10.52][172.16.4.209][1386] SELECT pre_cod_asig1,pre_cod_asig2,pre_cod_asig3,pre_cod_asig4,pre_cod_asig5,pre_cod_asig6,pre_cod_asig7 FROM tblaca009 WHERE pensum='5' AND c_uni_ca='2' AND c_asigna='322041' [1][0] OK
C:[20/11/2018 15:26:10.52][172.16.4.209][1386] SELECT pre_cod_asig1,pre_cod_asig2,pre_cod_asig3,pre_cod_asig4,pre_cod_asig5,pre_cod_asig6,pre_cod_asig7 FROM tblaca009 WHERE pensum='5' AND c_uni_ca='2' AND c_asigna='322827' [1][0] OK
C:[20/11/2018 15:26:10.52][172.16.4.209][1399] SELECT c_asigna FROM dace004 WHERE exp_e='14-25612335' AND c_asigna='322703' AND status IN ('0','3','B') [1][0] OK
C:[20/11/2018 15:26:10.52][172.16.4.209][1399] SELECT c_asigna FROM dace004 WHERE exp_e='14-25612335' AND c_asigna='322782' AND status IN ('0','3','B') [1][0] OK
C:[20/11/2018 15:26:10.52][172.16.4.209][1399] SELECT c_asigna FROM dace004 WHERE exp_e='14-25612335' AND c_asigna='322449' AND status IN ('0','3','B') [1][0] OK
C:[20/11/2018 15:26:10.52][172.16.4.209][1386] SELECT pre_cod_asig1,pre_cod_asig2,pre_cod_asig3,pre_cod_asig4,pre_cod_asig5,pre_cod_asig6,pre_cod_asig7 FROM tblaca009 WHERE pensum='5' AND c_uni_ca='2' AND c_asigna='324862' [1][0] OK
C:[20/11/2018 15:26:10.52][172.16.4.209][1386] SELECT pre_cod_asig1,pre_cod_asig2,pre_cod_asig3,pre_cod_asig4,pre_cod_asig5,pre_cod_asig6,pre_cod_asig7 FROM tblaca009 WHERE pensum='5' AND c_uni_ca='2' AND c_asigna='300890' [1][0] OK
C:[20/11/2018 15:26:10.52][172.16.4.209][1386] SELECT pre_cod_asig1,pre_cod_asig2,pre_cod_asig3,pre_cod_asig4,pre_cod_asig5,pre_cod_asig6,pre_cod_asig7 FROM tblaca009 WHERE pensum='5' AND c_uni_ca='2' AND c_asigna='322070' [1][0] OK
C:[20/11/2018 15:26:10.52][172.16.4.209][1386] SELECT pre_cod_asig1,pre_cod_asig2,pre_cod_asig3,pre_cod_asig4,pre_cod_asig5,pre_cod_asig6,pre_cod_asig7 FROM tblaca009 WHERE pensum='5' AND c_uni_ca='2' AND c_asigna='322936' [1][0] OK
C:[20/11/2018 15:26:10.52][172.16.4.209][1399] SELECT c_asigna FROM dace004 WHERE exp_e='14-25612335' AND c_asigna='322801' AND status IN ('0','3','B') [1][0] OK
C:[20/11/2018 15:26:10.14][172.16.4.209][1430] SELECT par_cod_asig1,par_cod_asig2,par_cod_asig3 FROM tblaca009 WHERE pensum='5' AND c_uni_ca='2' AND c_asigna='322904' [1][0] OK
C:[20/11/2018 15:26:10.14][172.16.4.209][1430] SELECT par_cod_asig1,par_cod_asig2,par_cod_asig3 FROM tblaca009 WHERE pensum='5' AND c_uni_ca='2' AND c_asigna='322041' [1][0] OK
C:[20/11/2018 15:26:10.14][172.16.4.209][1430] SELECT par_cod_asig1,par_cod_asig2,par_cod_asig3 FROM tblaca009 WHERE pensum='5' AND c_uni_ca='2' AND c_asigna='322827' [1][0] OK
C:[20/11/2018 15:26:10.14][172.16.4.209][1430] SELECT par_cod_asig1,par_cod_asig2,par_cod_asig3 FROM tblaca009 WHERE pensum='5' AND c_uni_ca='2' AND c_asigna='324862' [1][0] OK
C:[20/11/2018 15:26:10.14][172.16.4.209][1430] SELECT par_cod_asig1,par_cod_asig2,par_cod_asig3 FROM tblaca009 WHERE pensum='5' AND c_uni_ca='2' AND c_asigna='300890' [1][0] OK
C:[20/11/2018 15:26:10.14][172.16.4.209][1430] SELECT par_cod_asig1,par_cod_asig2,par_cod_asig3 FROM tblaca009 WHERE pensum='5' AND c_uni_ca='2' AND c_asigna='322070' [1][0] OK
C:[20/11/2018 15:26:10.14][172.16.4.209][1430] SELECT par_cod_asig1,par_cod_asig2,par_cod_asig3 FROM tblaca009 WHERE pensum='5' AND c_uni_ca='2' AND c_asigna='322936' [1][0] OK
C:[20/11/2018 15:26:11.06][172.16.4.209][1560] SELECT horas_lab FROM tblaca008 WHERE c_asigna='322904' AND horas_teoricas > 0 [1][0] OK
C:[20/11/2018 15:29:39.41][172.16.4.209][1386] SELECT pre_cod_asig1,pre_cod_asig2,pre_cod_asig3,pre_cod_asig4,pre_cod_asig5,pre_cod_asig6,pre_cod_asig7 FROM tblaca009 WHERE pensum='5' AND c_uni_ca='2' AND c_asigna='322904' [1][0] OK
C:[20/11/2018 15:29:39.41][172.16.4.209][1399] SELECT c_asigna FROM dace004 WHERE exp_e='14-26154787' AND c_asigna='322782' AND status IN ('0','3','B') [1][0] OK
C:[20/11/2018 15:29:39.41][172.16.4.209][1399] SELECT c_asigna FROM dace004 WHERE exp_e='14-26154787' AND c_asigna='322801' AND status IN ('0','3','B') [1][0] OK
C:[20/11/2018 15:29:39.41][172.16.4.209][1386] SELECT pre_cod_asig1,pre_cod_asig2,pre_cod_asig3,pre_cod_asig4,pre_cod_asig5,pre_cod_asig6,pre_cod_asig7 FROM tblaca009 WHERE pensum='5' AND c_uni_ca='2' AND c_asigna='322041' [1][0] OK
C:[20/11/2018 15:29:39.41][172.16.4.209][1386] SELECT pre_cod_asig1,pre_cod_asig2,pre_cod_asig3,pre_cod_asig4,pre_cod_asig5,pre_cod_asig6,pre_cod_asig7 FROM tblaca009 WHERE pensum='5' AND c_uni_ca='2' AND c_asigna='300890' [1][0] OK
C:[20/11/2018 15:29:39.41][172.16.4.209][1386] SELECT pre_cod_asig1,pre_cod_asig2,pre_cod_asig3,pre_cod_asig4,pre_cod_asig5,pre_cod_asig6,pre_cod_asig7 FROM tblaca009 WHERE pensum='5' AND c_uni_ca='2' AND c_asigna='322827' [1][0] OK
C:[20/11/2018 15:29:39.41][172.16.4.209][1399] SELECT c_asigna FROM dace004 WHERE exp_e='14-26154787' AND c_asigna='322703' AND status IN ('0','3','B') [1][0] OK
C:[20/11/2018 15:29:39.41][172.16.4.209][1399] SELECT c_asigna FROM dace004 WHERE exp_e='14-26154787' AND c_asigna='322782' AND status IN ('0','3','B') [1][0] OK
C:[20/11/2018 15:29:39.41][172.16.4.209][1399] SELECT c_asigna FROM dace004 WHERE exp_e='14-26154787' AND c_asigna='322449' AND status IN ('0','3','B') [1][0] OK
C:[20/11/2018 15:29:39.41][172.16.4.209][1386] SELECT pre_cod_asig1,pre_cod_asig2,pre_cod_asig3,pre_cod_asig4,pre_cod_asig5,pre_cod_asig6,pre_cod_asig7 FROM tblaca009 WHERE pensum='5' AND c_uni_ca='2' AND c_asigna='324862' [1][0] OK
C:[20/11/2018 15:29:39.41][172.16.4.209][1386] SELECT pre_cod_asig1,pre_cod_asig2,pre_cod_asig3,pre_cod_asig4,pre_cod_asig5,pre_cod_asig6,pre_cod_asig7 FROM tblaca009 WHERE pensum='5' AND c_uni_ca='2' AND c_asigna='322936' [1][0] OK
C:[20/11/2018 15:29:39.41][172.16.4.209][1399] SELECT c_asigna FROM dace004 WHERE exp_e='14-26154787' AND c_asigna='322801' AND status IN ('0','3','B') [1][0] OK
C:[20/11/2018 15:29:39.41][172.16.4.209][1386] SELECT pre_cod_asig1,pre_cod_asig2,pre_cod_asig3,pre_cod_asig4,pre_cod_asig5,pre_cod_asig6,pre_cod_asig7 FROM tblaca009 WHERE pensum='5' AND c_uni_ca='2' AND c_asigna='322070' [1][0] OK
C:[20/11/2018 15:29:39.04][172.16.4.209][1430] SELECT par_cod_asig1,par_cod_asig2,par_cod_asig3 FROM tblaca009 WHERE pensum='5' AND c_uni_ca='2' AND c_asigna='322904' [1][0] OK
C:[20/11/2018 15:29:39.04][172.16.4.209][1430] SELECT par_cod_asig1,par_cod_asig2,par_cod_asig3 FROM tblaca009 WHERE pensum='5' AND c_uni_ca='2' AND c_asigna='322041' [1][0] OK
C:[20/11/2018 15:29:39.04][172.16.4.209][1430] SELECT par_cod_asig1,par_cod_asig2,par_cod_asig3 FROM tblaca009 WHERE pensum='5' AND c_uni_ca='2' AND c_asigna='300890' [1][0] OK
C:[20/11/2018 15:29:39.04][172.16.4.209][1430] SELECT par_cod_asig1,par_cod_asig2,par_cod_asig3 FROM tblaca009 WHERE pensum='5' AND c_uni_ca='2' AND c_asigna='322827' [1][0] OK
C:[20/11/2018 15:29:39.04][172.16.4.209][1430] SELECT par_cod_asig1,par_cod_asig2,par_cod_asig3 FROM tblaca009 WHERE pensum='5' AND c_uni_ca='2' AND c_asigna='324862' [1][0] OK
C:[20/11/2018 15:29:39.04][172.16.4.209][1430] SELECT par_cod_asig1,par_cod_asig2,par_cod_asig3 FROM tblaca009 WHERE pensum='5' AND c_uni_ca='2' AND c_asigna='322936' [1][0] OK
C:[20/11/2018 15:29:39.04][172.16.4.209][1430] SELECT par_cod_asig1,par_cod_asig2,par_cod_asig3 FROM tblaca009 WHERE pensum='5' AND c_uni_ca='2' AND c_asigna='322070' [1][0] OK
C:[20/11/2018 15:29:40.96][172.16.4.209][1560] SELECT horas_lab FROM tblaca008 WHERE c_asigna='322904' AND horas_teoricas > 0 [1][0] OK
C:[21/11/2018 10:15:29.14][172.17.138.177][1386] SELECT pre_cod_asig1,pre_cod_asig2,pre_cod_asig3,pre_cod_asig4,pre_cod_asig5,pre_cod_asig6,pre_cod_asig7 FROM tblaca009 WHERE pensum='5' AND c_uni_ca='4' AND c_asigna='333441' [1][0] OK
C:[21/11/2018 10:15:29.14][172.17.138.177][1399] SELECT c_asigna FROM dace004 WHERE exp_e='16-26958868' AND c_asigna='333326' AND status IN ('0','3','B') [1][0] OK
C:[21/11/2018 10:15:29.14][172.17.138.177][1399] SELECT c_asigna FROM dace004 WHERE exp_e='16-26958868' AND c_asigna='300317' AND status IN ('0','3','B') [1][0] OK
C:[21/11/2018 10:15:29.14][172.17.138.177][1399] SELECT c_asigna FROM dace004 WHERE exp_e='16-26958868' AND c_asigna='300209' AND status IN ('0','3','B') [1][0] OK
C:[21/11/2018 10:15:29.14][172.17.138.177][1386] SELECT pre_cod_asig1,pre_cod_asig2,pre_cod_asig3,pre_cod_asig4,pre_cod_asig5,pre_cod_asig6,pre_cod_asig7 FROM tblaca009 WHERE pensum='5' AND c_uni_ca='4' AND c_asigna='300318' [1][0] OK
C:[21/11/2018 10:15:29.14][172.17.138.177][1399] SELECT c_asigna FROM dace004 WHERE exp_e='16-26958868' AND c_asigna='300228' AND status IN ('0','3','B') [1][0] OK
C:[21/11/2018 10:15:29.14][172.17.138.177][1399] SELECT c_asigna FROM dace004 WHERE exp_e='16-26958868' AND c_asigna='300207' AND status IN ('0','3','B') [1][0] OK
C:[21/11/2018 10:15:29.14][172.17.138.177][1399] SELECT c_asigna FROM dace004 WHERE exp_e='16-26958868' AND c_asigna='300218' AND status IN ('0','3','B') [1][0] OK
C:[21/11/2018 10:15:29.14][172.17.138.177][1386] SELECT pre_cod_asig1,pre_cod_asig2,pre_cod_asig3,pre_cod_asig4,pre_cod_asig5,pre_cod_asig6,pre_cod_asig7 FROM tblaca009 WHERE pensum='5' AND c_uni_ca='4' AND c_asigna='300222' [1][0] OK
C:[21/11/2018 10:15:29.14][172.17.138.177][1399] SELECT c_asigna FROM dace004 WHERE exp_e='16-26958868' AND c_asigna='300112' AND status IN ('0','3','B') [1][0] OK
C:[21/11/2018 10:15:29.14][172.17.138.177][1386] SELECT pre_cod_asig1,pre_cod_asig2,pre_cod_asig3,pre_cod_asig4,pre_cod_asig5,pre_cod_asig6,pre_cod_asig7 FROM tblaca009 WHERE pensum='5' AND c_uni_ca='4' AND c_asigna='330310' [1][0] OK
C:[21/11/2018 10:15:29.14][172.17.138.177][1399] SELECT c_asigna FROM dace004 WHERE exp_e='16-26958868' AND c_asigna='300013' AND status IN ('0','3','B') [1][0] OK
C:[21/11/2018 10:15:29.14][172.17.138.177][1399] SELECT c_asigna FROM dace004 WHERE exp_e='16-26958868' AND c_asigna='300113' AND status IN ('0','3','B') [1][0] OK
C:[21/11/2018 10:15:29.14][172.17.138.177][1386] SELECT pre_cod_asig1,pre_cod_asig2,pre_cod_asig3,pre_cod_asig4,pre_cod_asig5,pre_cod_asig6,pre_cod_asig7 FROM tblaca009 WHERE pensum='5' AND c_uni_ca='4' AND c_asigna='300428' [1][0] OK
C:[21/11/2018 10:15:29.14][172.17.138.177][1399] SELECT c_asigna FROM dace004 WHERE exp_e='16-26958868' AND c_asigna='300317' AND status IN ('0','3','B') [1][0] OK
C:[21/11/2018 10:15:29.14][172.17.138.177][1399] SELECT c_asigna FROM dace004 WHERE exp_e='16-26958868' AND c_asigna='300209' AND status IN ('0','3','B') [1][0] OK
C:[21/11/2018 10:15:30.39][172.17.138.177][1430] SELECT par_cod_asig1,par_cod_asig2,par_cod_asig3 FROM tblaca009 WHERE pensum='5' AND c_uni_ca='4' AND c_asigna='333441' [1][0] OK
C:[21/11/2018 10:15:30.39][172.17.138.177][1430] SELECT par_cod_asig1,par_cod_asig2,par_cod_asig3 FROM tblaca009 WHERE pensum='5' AND c_uni_ca='4' AND c_asigna='300318' [1][0] OK
C:[21/11/2018 10:15:30.39][172.17.138.177][1430] SELECT par_cod_asig1,par_cod_asig2,par_cod_asig3 FROM tblaca009 WHERE pensum='5' AND c_uni_ca='4' AND c_asigna='300222' [1][0] OK
C:[21/11/2018 10:15:30.39][172.17.138.177][1430] SELECT par_cod_asig1,par_cod_asig2,par_cod_asig3 FROM tblaca009 WHERE pensum='5' AND c_uni_ca='4' AND c_asigna='330310' [1][0] OK
C:[21/11/2018 10:15:30.39][172.17.138.177][1430] SELECT par_cod_asig1,par_cod_asig2,par_cod_asig3 FROM tblaca009 WHERE pensum='5' AND c_uni_ca='4' AND c_asigna='300428' [1][0] OK
C:[21/11/2018 10:15:30.04][172.17.138.177][1560] SELECT horas_lab FROM tblaca008 WHERE c_asigna='333441' AND horas_teoricas > 0 [1][0] OK
C:[22/11/2018 09:14:21.86][172.16.4.209][1386] SELECT pre_cod_asig1,pre_cod_asig2,pre_cod_asig3,pre_cod_asig4,pre_cod_asig5,pre_cod_asig6,pre_cod_asig7 FROM tblaca009 WHERE pensum='5' AND c_uni_ca='3' AND c_asigna='310548' [1][0] OK
C:[22/11/2018 09:14:21.86][172.16.4.209][1399] SELECT c_asigna FROM dace004 WHERE exp_e='15-27514390' AND c_asigna='300428' AND status IN ('0','3','B') [1][0] OK
C:[22/11/2018 09:14:21.86][172.16.4.209][1399] SELECT c_asigna FROM dace004 WHERE exp_e='15-27514390' AND c_asigna='300313' AND status IN ('0','3','B') [1][0] OK
C:[22/11/2018 09:14:21.86][172.16.4.209][1399] SELECT c_asigna FROM dace004 WHERE exp_e='15-27514390' AND c_asigna='300222' AND status IN ('0','3','B') [1][0] OK
C:[22/11/2018 09:14:21.86][172.16.4.209][1399] SELECT c_asigna FROM dace004 WHERE exp_e='15-27514390' AND c_asigna='300226' AND status IN ('0','3','B') [1][0] OK
C:[22/11/2018 09:14:21.86][172.16.4.209][1399] SELECT c_asigna FROM dace004 WHERE exp_e='15-27514390' AND c_asigna='300209' AND status IN ('0','3','B') [1][0] OK
C:[22/11/2018 09:14:21.86][172.16.4.209][1386] SELECT pre_cod_asig1,pre_cod_asig2,pre_cod_asig3,pre_cod_asig4,pre_cod_asig5,pre_cod_asig6,pre_cod_asig7 FROM tblaca009 WHERE pensum='5' AND c_uni_ca='3' AND c_asigna='311430' [1][0] OK
C:[22/11/2018 09:14:21.86][172.16.4.209][1399] SELECT c_asigna FROM dace004 WHERE exp_e='15-27514390' AND c_asigna='300317' AND status IN ('0','3','B') [1][0] OK
C:[22/11/2018 09:14:21.86][172.16.4.209][1399] SELECT c_asigna FROM dace004 WHERE exp_e='15-27514390' AND c_asigna='300318' AND status IN ('0','3','B') [1][0] OK
C:[22/11/2018 09:14:21.86][172.16.4.209][1399] SELECT c_asigna FROM dace004 WHERE exp_e='15-27514390' AND c_asigna='300313' AND status IN ('0','3','B') [1][0] OK
C:[22/11/2018 09:14:21.86][172.16.4.209][1399] SELECT c_asigna FROM dace004 WHERE exp_e='15-27514390' AND c_asigna='300222' AND status IN ('0','3','B') [1][0] OK
C:[22/11/2018 09:14:21.86][172.16.4.209][1399] SELECT c_asigna FROM dace004 WHERE exp_e='15-27514390' AND c_asigna='300226' AND status IN ('0','3','B') [1][0] OK
C:[22/11/2018 09:14:21.86][172.16.4.209][1399] SELECT c_asigna FROM dace004 WHERE exp_e='15-27514390' AND c_asigna='300209' AND status IN ('0','3','B') [1][0] OK
C:[22/11/2018 09:14:21.86][172.16.4.209][1386] SELECT pre_cod_asig1,pre_cod_asig2,pre_cod_asig3,pre_cod_asig4,pre_cod_asig5,pre_cod_asig6,pre_cod_asig7 FROM tblaca009 WHERE pensum='5' AND c_uni_ca='3' AND c_asigna='311431' [1][0] OK
C:[22/11/2018 09:14:21.86][172.16.4.209][1399] SELECT c_asigna FROM dace004 WHERE exp_e='15-27514390' AND c_asigna='311320' AND status IN ('0','3','B') [1][0] OK
C:[22/11/2018 09:14:21.86][172.16.4.209][1399] SELECT c_asigna FROM dace004 WHERE exp_e='15-27514390' AND c_asigna='300013' AND status IN ('0','3','B') [1][0] OK
C:[22/11/2018 09:14:21.86][172.16.4.209][1399] SELECT c_asigna FROM dace004 WHERE exp_e='15-27514390' AND c_asigna='300113' AND status IN ('0','3','B') [1][0] OK
C:[22/11/2018 09:14:21.86][172.16.4.209][1399] SELECT c_asigna FROM dace004 WHERE exp_e='15-27514390' AND c_asigna='300222' AND status IN ('0','3','B') [1][0] OK
C:[22/11/2018 09:14:21.86][172.16.4.209][1399] SELECT c_asigna FROM dace004 WHERE exp_e='15-27514390' AND c_asigna='300226' AND status IN ('0','3','B') [1][0] OK
C:[22/11/2018 09:14:21.86][172.16.4.209][1399] SELECT c_asigna FROM dace004 WHERE exp_e='15-27514390' AND c_asigna='300317' AND status IN ('0','3','B') [1][0] OK
C:[22/11/2018 09:14:21.86][172.16.4.209][1399] SELECT c_asigna FROM dace004 WHERE exp_e='15-27514390' AND c_asigna='300318' AND status IN ('0','3','B') [1][0] OK
C:[22/11/2018 09:14:21.86][172.16.4.209][1386] SELECT pre_cod_asig1,pre_cod_asig2,pre_cod_asig3,pre_cod_asig4,pre_cod_asig5,pre_cod_asig6,pre_cod_asig7 FROM tblaca009 WHERE pensum='5' AND c_uni_ca='3' AND c_asigna='311434' [1][0] OK
C:[22/11/2018 09:14:21.86][172.16.4.209][1399] SELECT c_asigna FROM dace004 WHERE exp_e='15-27514390' AND c_asigna='311320' AND status IN ('0','3','B') [1][0] OK
C:[22/11/2018 09:14:21.86][172.16.4.209][1399] SELECT c_asigna FROM dace004 WHERE exp_e='15-27514390' AND c_asigna='300013' AND status IN ('0','3','B') [1][0] OK
C:[22/11/2018 09:14:21.86][172.16.4.209][1399] SELECT c_asigna FROM dace004 WHERE exp_e='15-27514390' AND c_asigna='300113' AND status IN ('0','3','B') [1][0] OK
C:[22/11/2018 09:14:21.86][172.16.4.209][1399] SELECT c_asigna FROM dace004 WHERE exp_e='15-27514390' AND c_asigna='300222' AND status IN ('0','3','B') [1][0] OK
C:[22/11/2018 09:14:21.86][172.16.4.209][1399] SELECT c_asigna FROM dace004 WHERE exp_e='15-27514390' AND c_asigna='300226' AND status IN ('0','3','B') [1][0] OK
C:[22/11/2018 09:14:21.86][172.16.4.209][1399] SELECT c_asigna FROM dace004 WHERE exp_e='15-27514390' AND c_asigna='300317' AND status IN ('0','3','B') [1][0] OK
C:[22/11/2018 09:14:21.86][172.16.4.209][1399] SELECT c_asigna FROM dace004 WHERE exp_e='15-27514390' AND c_asigna='300318' AND status IN ('0','3','B') [1][0] OK
C:[22/11/2018 09:14:21.86][172.16.4.209][1386] SELECT pre_cod_asig1,pre_cod_asig2,pre_cod_asig3,pre_cod_asig4,pre_cod_asig5,pre_cod_asig6,pre_cod_asig7 FROM tblaca009 WHERE pensum='5' AND c_uni_ca='3' AND c_asigna='312444' [1][0] OK
C:[22/11/2018 09:14:21.86][172.16.4.209][1399] SELECT c_asigna FROM dace004 WHERE exp_e='15-27514390' AND c_asigna='312333' AND status IN ('0','3','B') [1][0] OK
C:[22/11/2018 09:14:21.86][172.16.4.209][1386] SELECT pre_cod_asig1,pre_cod_asig2,pre_cod_asig3,pre_cod_asig4,pre_cod_asig5,pre_cod_asig6,pre_cod_asig7 FROM tblaca009 WHERE pensum='5' AND c_uni_ca='3' AND c_asigna='314662' [1][0] OK
C:[22/11/2018 09:14:21.86][172.16.4.209][1399] SELECT c_asigna FROM dace004 WHERE exp_e='15-27514390' AND c_asigna='311552' AND status IN ('0','3','B') [1][0] OK
C:[22/11/2018 09:14:22.65][172.16.4.209][1430] SELECT par_cod_asig1,par_cod_asig2,par_cod_asig3 FROM tblaca009 WHERE pensum='5' AND c_uni_ca='3' AND c_asigna='310548' [1][0] OK
C:[22/11/2018 09:14:22.65][172.16.4.209][1430] SELECT par_cod_asig1,par_cod_asig2,par_cod_asig3 FROM tblaca009 WHERE pensum='5' AND c_uni_ca='3' AND c_asigna='311430' [1][0] OK
C:[22/11/2018 09:14:22.65][172.16.4.209][1430] SELECT par_cod_asig1,par_cod_asig2,par_cod_asig3 FROM tblaca009 WHERE pensum='5' AND c_uni_ca='3' AND c_asigna='311431' [1][0] OK
C:[22/11/2018 09:14:22.65][172.16.4.209][1444] SELECT c_asigna FROM dace004 WHERE exp_e='15-27514390' AND c_asigna='311430' AND status IN ('0','3','B','C') [0][0] OK
C:[22/11/2018 09:14:22.65][172.16.4.209][1430] SELECT par_cod_asig1,par_cod_asig2,par_cod_asig3 FROM tblaca009 WHERE pensum='5' AND c_uni_ca='3' AND c_asigna='311434' [1][0] OK
C:[22/11/2018 09:14:22.65][172.16.4.209][1444] SELECT c_asigna FROM dace004 WHERE exp_e='15-27514390' AND c_asigna='311431' AND status IN ('0','3','B','C') [0][0] OK
C:[22/11/2018 09:14:22.65][172.16.4.209][1430] SELECT par_cod_asig1,par_cod_asig2,par_cod_asig3 FROM tblaca009 WHERE pensum='5' AND c_uni_ca='3' AND c_asigna='312444' [1][0] OK
C:[22/11/2018 09:14:22.65][172.16.4.209][1430] SELECT par_cod_asig1,par_cod_asig2,par_cod_asig3 FROM tblaca009 WHERE pensum='5' AND c_uni_ca='3' AND c_asigna='314662' [1][0] OK
C:[22/11/2018 09:14:22.26][172.16.4.209][1560] SELECT horas_lab FROM tblaca008 WHERE c_asigna='310548' AND horas_teoricas > 0 [1][0] OK
C:[22/11/2018 09:26:32.34][172.17.138.177][1386] SELECT pre_cod_asig1,pre_cod_asig2,pre_cod_asig3,pre_cod_asig4,pre_cod_asig5,pre_cod_asig6,pre_cod_asig7 FROM tblaca009 WHERE pensum='5' AND c_uni_ca='2' AND c_asigna='300112' [1][0] OK
C:[22/11/2018 09:26:32.34][172.17.138.177][1386] SELECT pre_cod_asig1,pre_cod_asig2,pre_cod_asig3,pre_cod_asig4,pre_cod_asig5,pre_cod_asig6,pre_cod_asig7 FROM tblaca009 WHERE pensum='5' AND c_uni_ca='2' AND c_asigna='300013' [1][0] OK
C:[22/11/2018 09:26:32.34][172.17.138.177][1386] SELECT pre_cod_asig1,pre_cod_asig2,pre_cod_asig3,pre_cod_asig4,pre_cod_asig5,pre_cod_asig6,pre_cod_asig7 FROM tblaca009 WHERE pensum='5' AND c_uni_ca='2' AND c_asigna='300101' [1][0] OK
C:[22/11/2018 09:26:32.34][172.17.138.177][1386] SELECT pre_cod_asig1,pre_cod_asig2,pre_cod_asig3,pre_cod_asig4,pre_cod_asig5,pre_cod_asig6,pre_cod_asig7 FROM tblaca009 WHERE pensum='5' AND c_uni_ca='2' AND c_asigna='300113' [1][0] OK
C:[22/11/2018 09:26:32.34][172.17.138.177][1386] SELECT pre_cod_asig1,pre_cod_asig2,pre_cod_asig3,pre_cod_asig4,pre_cod_asig5,pre_cod_asig6,pre_cod_asig7 FROM tblaca009 WHERE pensum='5' AND c_uni_ca='2' AND c_asigna='300116' [1][0] OK
C:[22/11/2018 09:26:32.34][172.17.138.177][1386] SELECT pre_cod_asig1,pre_cod_asig2,pre_cod_asig3,pre_cod_asig4,pre_cod_asig5,pre_cod_asig6,pre_cod_asig7 FROM tblaca009 WHERE pensum='5' AND c_uni_ca='2' AND c_asigna='300314' [1][0] OK
C:[22/11/2018 09:26:32.34][172.17.138.177][1399] SELECT c_asigna FROM dace004 WHERE exp_e='18-27626233' AND c_asigna='300106' AND status IN ('0','3','B') [1][0] OK
C:[22/11/2018 09:26:32.21][172.17.138.177][1430] SELECT par_cod_asig1,par_cod_asig2,par_cod_asig3 FROM tblaca009 WHERE pensum='5' AND c_uni_ca='2' AND c_asigna='300112' [1][0] OK
C:[22/11/2018 09:26:32.21][172.17.138.177][1430] SELECT par_cod_asig1,par_cod_asig2,par_cod_asig3 FROM tblaca009 WHERE pensum='5' AND c_uni_ca='2' AND c_asigna='300013' [1][0] OK
C:[22/11/2018 09:26:32.21][172.17.138.177][1430] SELECT par_cod_asig1,par_cod_asig2,par_cod_asig3 FROM tblaca009 WHERE pensum='5' AND c_uni_ca='2' AND c_asigna='300101' [1][0] OK
C:[22/11/2018 09:26:32.21][172.17.138.177][1430] SELECT par_cod_asig1,par_cod_asig2,par_cod_asig3 FROM tblaca009 WHERE pensum='5' AND c_uni_ca='2' AND c_asigna='300113' [1][0] OK
C:[22/11/2018 09:26:32.21][172.17.138.177][1444] SELECT c_asigna FROM dace004 WHERE exp_e='18-27626233' AND c_asigna='300013' AND status IN ('0','3','B','C') [0][0] OK
C:[22/11/2018 09:26:32.21][172.17.138.177][1430] SELECT par_cod_asig1,par_cod_asig2,par_cod_asig3 FROM tblaca009 WHERE pensum='5' AND c_uni_ca='2' AND c_asigna='300116' [1][0] OK
C:[22/11/2018 09:26:32.21][172.17.138.177][1430] SELECT par_cod_asig1,par_cod_asig2,par_cod_asig3 FROM tblaca009 WHERE pensum='5' AND c_uni_ca='2' AND c_asigna='300314' [1][0] OK
C:[22/11/2018 09:26:32.65][172.17.138.177][1560] SELECT horas_lab FROM tblaca008 WHERE c_asigna='300112' AND horas_teoricas > 0 [1][0] OK
C:[22/11/2018 09:28:28.23][172.17.138.177][1386] SELECT pre_cod_asig1,pre_cod_asig2,pre_cod_asig3,pre_cod_asig4,pre_cod_asig5,pre_cod_asig6,pre_cod_asig7 FROM tblaca009 WHERE pensum='5' AND c_uni_ca='3' AND c_asigna='300112' [1][0] OK
C:[22/11/2018 09:28:28.23][172.17.138.177][1386] SELECT pre_cod_asig1,pre_cod_asig2,pre_cod_asig3,pre_cod_asig4,pre_cod_asig5,pre_cod_asig6,pre_cod_asig7 FROM tblaca009 WHERE pensum='5' AND c_uni_ca='3' AND c_asigna='300013' [1][0] OK
C:[22/11/2018 09:28:28.23][172.17.138.177][1386] SELECT pre_cod_asig1,pre_cod_asig2,pre_cod_asig3,pre_cod_asig4,pre_cod_asig5,pre_cod_asig6,pre_cod_asig7 FROM tblaca009 WHERE pensum='5' AND c_uni_ca='3' AND c_asigna='300101' [1][0] OK
C:[22/11/2018 09:28:28.23][172.17.138.177][1386] SELECT pre_cod_asig1,pre_cod_asig2,pre_cod_asig3,pre_cod_asig4,pre_cod_asig5,pre_cod_asig6,pre_cod_asig7 FROM tblaca009 WHERE pensum='5' AND c_uni_ca='3' AND c_asigna='300113' [1][0] OK
C:[22/11/2018 09:28:28.23][172.17.138.177][1386] SELECT pre_cod_asig1,pre_cod_asig2,pre_cod_asig3,pre_cod_asig4,pre_cod_asig5,pre_cod_asig6,pre_cod_asig7 FROM tblaca009 WHERE pensum='5' AND c_uni_ca='3' AND c_asigna='300116' [1][0] OK
C:[22/11/2018 09:28:28.23][172.17.138.177][1386] SELECT pre_cod_asig1,pre_cod_asig2,pre_cod_asig3,pre_cod_asig4,pre_cod_asig5,pre_cod_asig6,pre_cod_asig7 FROM tblaca009 WHERE pensum='5' AND c_uni_ca='3' AND c_asigna='300314' [1][0] OK
C:[22/11/2018 09:28:28.23][172.17.138.177][1399] SELECT c_asigna FROM dace004 WHERE exp_e='18-27288591' AND c_asigna='300106' AND status IN ('0','3','B') [1][0] OK
C:[22/11/2018 09:28:28.04][172.17.138.177][1430] SELECT par_cod_asig1,par_cod_asig2,par_cod_asig3 FROM tblaca009 WHERE pensum='5' AND c_uni_ca='3' AND c_asigna='300112' [1][0] OK
C:[22/11/2018 09:28:28.04][172.17.138.177][1430] SELECT par_cod_asig1,par_cod_asig2,par_cod_asig3 FROM tblaca009 WHERE pensum='5' AND c_uni_ca='3' AND c_asigna='300013' [1][0] OK
C:[22/11/2018 09:28:28.04][172.17.138.177][1430] SELECT par_cod_asig1,par_cod_asig2,par_cod_asig3 FROM tblaca009 WHERE pensum='5' AND c_uni_ca='3' AND c_asigna='300101' [1][0] OK
C:[22/11/2018 09:28:28.04][172.17.138.177][1430] SELECT par_cod_asig1,par_cod_asig2,par_cod_asig3 FROM tblaca009 WHERE pensum='5' AND c_uni_ca='3' AND c_asigna='300113' [1][0] OK
C:[22/11/2018 09:28:28.04][172.17.138.177][1444] SELECT c_asigna FROM dace004 WHERE exp_e='18-27288591' AND c_asigna='300013' AND status IN ('0','3','B','C') [0][0] OK
C:[22/11/2018 09:28:28.04][172.17.138.177][1430] SELECT par_cod_asig1,par_cod_asig2,par_cod_asig3 FROM tblaca009 WHERE pensum='5' AND c_uni_ca='3' AND c_asigna='300116' [1][0] OK
C:[22/11/2018 09:28:28.04][172.17.138.177][1430] SELECT par_cod_asig1,par_cod_asig2,par_cod_asig3 FROM tblaca009 WHERE pensum='5' AND c_uni_ca='3' AND c_asigna='300314' [1][0] OK
C:[22/11/2018 09:28:29.96][172.17.138.177][1560] SELECT horas_lab FROM tblaca008 WHERE c_asigna='300112' AND horas_teoricas > 0 [1][0] OK
C:[23/11/2018 09:21:35.12][172.16.1.127][1386] SELECT pre_cod_asig1,pre_cod_asig2,pre_cod_asig3,pre_cod_asig4,pre_cod_asig5,pre_cod_asig6,pre_cod_asig7 FROM tblaca009 WHERE pensum='5' AND c_uni_ca='4' AND c_asigna='332558' [1][0] OK
C:[23/11/2018 09:21:35.12][172.16.1.127][1399] SELECT c_asigna FROM dace004 WHERE exp_e='11-24186685' AND c_asigna='330435' AND status IN ('0','3','B') [1][0] OK
C:[23/11/2018 09:21:35.12][172.16.1.127][1386] SELECT pre_cod_asig1,pre_cod_asig2,pre_cod_asig3,pre_cod_asig4,pre_cod_asig5,pre_cod_asig6,pre_cod_asig7 FROM tblaca009 WHERE pensum='5' AND c_uni_ca='4' AND c_asigna='300314' [1][0] OK
C:[23/11/2018 09:21:35.12][172.16.1.127][1399] SELECT c_asigna FROM dace004 WHERE exp_e='11-24186685' AND c_asigna='300106' AND status IN ('0','3','B') [1][0] OK
C:[23/11/2018 09:21:35.12][172.16.1.127][1386] SELECT pre_cod_asig1,pre_cod_asig2,pre_cod_asig3,pre_cod_asig4,pre_cod_asig5,pre_cod_asig6,pre_cod_asig7 FROM tblaca009 WHERE pensum='5' AND c_uni_ca='4' AND c_asigna='311561' [1][0] OK
C:[23/11/2018 09:21:35.12][172.16.1.127][1399] SELECT c_asigna FROM dace004 WHERE exp_e='11-24186685' AND c_asigna='300318' AND status IN ('0','3','B') [1][0] OK
C:[23/11/2018 09:21:35.12][172.16.1.127][1386] SELECT pre_cod_asig1,pre_cod_asig2,pre_cod_asig3,pre_cod_asig4,pre_cod_asig5,pre_cod_asig6,pre_cod_asig7 FROM tblaca009 WHERE pensum='5' AND c_uni_ca='4' AND c_asigna='333564' [1][0] OK
C:[23/11/2018 09:21:35.12][172.16.1.127][1399] SELECT c_asigna FROM dace004 WHERE exp_e='11-24186685' AND c_asigna='333441' AND status IN ('0','3','B') [1][0] OK
C:[23/11/2018 09:21:35.12][172.16.1.127][1386] SELECT pre_cod_asig1,pre_cod_asig2,pre_cod_asig3,pre_cod_asig4,pre_cod_asig5,pre_cod_asig6,pre_cod_asig7 FROM tblaca009 WHERE pensum='5' AND c_uni_ca='4' AND c_asigna='333639' [1][0] OK
C:[23/11/2018 09:21:35.12][172.16.1.127][1399] SELECT c_asigna FROM dace004 WHERE exp_e='11-24186685' AND c_asigna='333585' AND status IN ('0','3','B') [1][0] OK
C:[23/11/2018 09:21:35.12][172.16.1.127][1386] SELECT pre_cod_asig1,pre_cod_asig2,pre_cod_asig3,pre_cod_asig4,pre_cod_asig5,pre_cod_asig6,pre_cod_asig7 FROM tblaca009 WHERE pensum='5' AND c_uni_ca='4' AND c_asigna='333563' [1][0] OK
C:[23/11/2018 09:21:35.12][172.16.1.127][1399] SELECT c_asigna FROM dace004 WHERE exp_e='11-24186685' AND c_asigna='333440' AND status IN ('0','3','B') [1][0] OK
C:[23/11/2018 09:21:35.12][172.16.1.127][1399] SELECT c_asigna FROM dace004 WHERE exp_e='11-24186685' AND c_asigna='333442' AND status IN ('0','3','B') [1][0] OK
C:[23/11/2018 09:21:35.12][172.16.1.127][1399] SELECT c_asigna FROM dace004 WHERE exp_e='11-24186685' AND c_asigna='300209' AND status IN ('0','3','B') [1][0] OK
C:[23/11/2018 09:21:35.12][172.16.1.127][1399] SELECT c_asigna FROM dace004 WHERE exp_e='11-24186685' AND c_asigna='330310' AND status IN ('0','3','B') [1][0] OK
C:[23/11/2018 09:21:35.12][172.16.1.127][1399] SELECT c_asigna FROM dace004 WHERE exp_e='11-24186685' AND c_asigna='300317' AND status IN ('0','3','B') [1][0] OK
C:[23/11/2018 09:21:35.12][172.16.1.127][1399] SELECT c_asigna FROM dace004 WHERE exp_e='11-24186685' AND c_asigna='333326' AND status IN ('0','3','B') [1][0] OK
C:[23/11/2018 09:21:35.26][172.16.1.127][1430] SELECT par_cod_asig1,par_cod_asig2,par_cod_asig3 FROM tblaca009 WHERE pensum='5' AND c_uni_ca='4' AND c_asigna='332558' [1][0] OK
C:[23/11/2018 09:21:35.26][172.16.1.127][1430] SELECT par_cod_asig1,par_cod_asig2,par_cod_asig3 FROM tblaca009 WHERE pensum='5' AND c_uni_ca='4' AND c_asigna='300314' [1][0] OK
C:[23/11/2018 09:21:35.26][172.16.1.127][1430] SELECT par_cod_asig1,par_cod_asig2,par_cod_asig3 FROM tblaca009 WHERE pensum='5' AND c_uni_ca='4' AND c_asigna='311561' [1][0] OK
C:[23/11/2018 09:21:35.26][172.16.1.127][1430] SELECT par_cod_asig1,par_cod_asig2,par_cod_asig3 FROM tblaca009 WHERE pensum='5' AND c_uni_ca='4' AND c_asigna='333564' [1][0] OK
C:[23/11/2018 09:21:35.26][172.16.1.127][1430] SELECT par_cod_asig1,par_cod_asig2,par_cod_asig3 FROM tblaca009 WHERE pensum='5' AND c_uni_ca='4' AND c_asigna='333639' [1][0] OK
C:[23/11/2018 09:21:35.26][172.16.1.127][1430] SELECT par_cod_asig1,par_cod_asig2,par_cod_asig3 FROM tblaca009 WHERE pensum='5' AND c_uni_ca='4' AND c_asigna='333563' [1][0] OK
C:[23/11/2018 09:21:35.04][172.16.1.127][1560] SELECT horas_lab FROM tblaca008 WHERE c_asigna='332558' AND horas_teoricas > 0 [1][0] OK
C:[23/11/2018 13:49:21.97][172.17.123.101][1386] SELECT pre_cod_asig1,pre_cod_asig2,pre_cod_asig3,pre_cod_asig4,pre_cod_asig5,pre_cod_asig6,pre_cod_asig7 FROM tblaca009 WHERE pensum='5' AND c_uni_ca='4' AND c_asigna='333326' [1][0] OK
C:[23/11/2018 13:49:21.97][172.17.123.101][1386] SELECT pre_cod_asig1,pre_cod_asig2,pre_cod_asig3,pre_cod_asig4,pre_cod_asig5,pre_cod_asig6,pre_cod_asig7 FROM tblaca009 WHERE pensum='5' AND c_uni_ca='4' AND c_asigna='300116' [1][0] OK
C:[23/11/2018 13:49:21.97][172.17.123.101][1386] SELECT pre_cod_asig1,pre_cod_asig2,pre_cod_asig3,pre_cod_asig4,pre_cod_asig5,pre_cod_asig6,pre_cod_asig7 FROM tblaca009 WHERE pensum='5' AND c_uni_ca='4' AND c_asigna='300101' [1][0] OK
C:[23/11/2018 13:49:21.97][172.17.123.101][1386] SELECT pre_cod_asig1,pre_cod_asig2,pre_cod_asig3,pre_cod_asig4,pre_cod_asig5,pre_cod_asig6,pre_cod_asig7 FROM tblaca009 WHERE pensum='5' AND c_uni_ca='4' AND c_asigna='300013' [1][0] OK
C:[23/11/2018 13:49:21.97][172.17.123.101][1386] SELECT pre_cod_asig1,pre_cod_asig2,pre_cod_asig3,pre_cod_asig4,pre_cod_asig5,pre_cod_asig6,pre_cod_asig7 FROM tblaca009 WHERE pensum='5' AND c_uni_ca='4' AND c_asigna='300112' [1][0] OK
C:[23/11/2018 13:49:21.97][172.17.123.101][1386] SELECT pre_cod_asig1,pre_cod_asig2,pre_cod_asig3,pre_cod_asig4,pre_cod_asig5,pre_cod_asig6,pre_cod_asig7 FROM tblaca009 WHERE pensum='5' AND c_uni_ca='4' AND c_asigna='300113' [1][0] OK
C:[23/11/2018 13:49:21.73][172.17.123.101][1430] SELECT par_cod_asig1,par_cod_asig2,par_cod_asig3 FROM tblaca009 WHERE pensum='5' AND c_uni_ca='4' AND c_asigna='333326' [1][0] OK
C:[23/11/2018 13:49:21.73][172.17.123.101][1430] SELECT par_cod_asig1,par_cod_asig2,par_cod_asig3 FROM tblaca009 WHERE pensum='5' AND c_uni_ca='4' AND c_asigna='300116' [1][0] OK
C:[23/11/2018 13:49:21.73][172.17.123.101][1430] SELECT par_cod_asig1,par_cod_asig2,par_cod_asig3 FROM tblaca009 WHERE pensum='5' AND c_uni_ca='4' AND c_asigna='300101' [1][0] OK
C:[23/11/2018 13:49:21.73][172.17.123.101][1430] SELECT par_cod_asig1,par_cod_asig2,par_cod_asig3 FROM tblaca009 WHERE pensum='5' AND c_uni_ca='4' AND c_asigna='300013' [1][0] OK
C:[23/11/2018 13:49:21.73][172.17.123.101][1430] SELECT par_cod_asig1,par_cod_asig2,par_cod_asig3 FROM tblaca009 WHERE pensum='5' AND c_uni_ca='4' AND c_asigna='300112' [1][0] OK
C:[23/11/2018 13:49:21.73][172.17.123.101][1430] SELECT par_cod_asig1,par_cod_asig2,par_cod_asig3 FROM tblaca009 WHERE pensum='5' AND c_uni_ca='4' AND c_asigna='300113' [1][0] OK
C:[23/11/2018 13:49:21.73][172.17.123.101][1444] SELECT c_asigna FROM dace004 WHERE exp_e='18-27825333' AND c_asigna='300013' AND status IN ('0','3','B','C') [0][0] OK
C:[23/11/2018 13:49:22.64][172.17.123.101][1560] SELECT horas_lab FROM tblaca008 WHERE c_asigna='333326' AND horas_teoricas > 0 [1][0] OK
C:[26/11/2018 10:10:17.55][172.17.138.177][1386] SELECT pre_cod_asig1,pre_cod_asig2,pre_cod_asig3,pre_cod_asig4,pre_cod_asig5,pre_cod_asig6,pre_cod_asig7 FROM tblaca009 WHERE pensum='5' AND c_uni_ca='2' AND c_asigna='322827' [1][0] OK
C:[26/11/2018 10:10:17.55][172.17.138.177][1399] SELECT c_asigna FROM dace004 WHERE exp_e='11-24411683' AND c_asigna='322703' AND status IN ('0','3','B') [1][0] OK
C:[26/11/2018 10:10:17.55][172.17.138.177][1399] SELECT c_asigna FROM dace004 WHERE exp_e='11-24411683' AND c_asigna='322782' AND status IN ('0','3','B') [1][0] OK
C:[26/11/2018 10:10:17.55][172.17.138.177][1399] SELECT c_asigna FROM dace004 WHERE exp_e='11-24411683' AND c_asigna='322449' AND status IN ('0','3','B') [1][0] OK
C:[26/11/2018 10:10:17.55][172.17.138.177][1386] SELECT pre_cod_asig1,pre_cod_asig2,pre_cod_asig3,pre_cod_asig4,pre_cod_asig5,pre_cod_asig6,pre_cod_asig7 FROM tblaca009 WHERE pensum='5' AND c_uni_ca='2' AND c_asigna='300956' [1][0] OK
C:[26/11/2018 10:10:17.55][172.17.138.177][1399] SELECT c_asigna FROM dace004 WHERE exp_e='11-24411683' AND c_asigna='300422' AND status IN ('0','3','B') [1][0] OK
C:[26/11/2018 10:10:17.55][172.17.138.177][1399] SELECT c_asigna FROM dace004 WHERE exp_e='11-24411683' AND c_asigna='300105' AND status IN ('0','3','B') [1][0] OK
C:[26/11/2018 10:10:17.55][172.17.138.177][1399] SELECT c_asigna FROM dace004 WHERE exp_e='11-24411683' AND c_asigna='300314' AND status IN ('0','3','B') [1][0] OK
C:[26/11/2018 10:10:17.55][172.17.138.177][1386] SELECT pre_cod_asig1,pre_cod_asig2,pre_cod_asig3,pre_cod_asig4,pre_cod_asig5,pre_cod_asig6,pre_cod_asig7 FROM tblaca009 WHERE pensum='5' AND c_uni_ca='2' AND c_asigna='322936' [1][0] OK
C:[26/11/2018 10:10:17.55][172.17.138.177][1399] SELECT c_asigna FROM dace004 WHERE exp_e='11-24411683' AND c_asigna='322801' AND status IN ('0','3','B') [1][0] OK
C:[26/11/2018 10:10:17.55][172.17.138.177][1386] SELECT pre_cod_asig1,pre_cod_asig2,pre_cod_asig3,pre_cod_asig4,pre_cod_asig5,pre_cod_asig6,pre_cod_asig7 FROM tblaca009 WHERE pensum='5' AND c_uni_ca='2' AND c_asigna='300890' [1][0] OK
C:[26/11/2018 10:10:17.55][172.17.138.177][1386] SELECT pre_cod_asig1,pre_cod_asig2,pre_cod_asig3,pre_cod_asig4,pre_cod_asig5,pre_cod_asig6,pre_cod_asig7 FROM tblaca009 WHERE pensum='5' AND c_uni_ca='2' AND c_asigna='322904' [1][0] OK
C:[26/11/2018 10:10:17.55][172.17.138.177][1399] SELECT c_asigna FROM dace004 WHERE exp_e='11-24411683' AND c_asigna='322782' AND status IN ('0','3','B') [1][0] OK
C:[26/11/2018 10:10:17.55][172.17.138.177][1399] SELECT c_asigna FROM dace004 WHERE exp_e='11-24411683' AND c_asigna='322801' AND status IN ('0','3','B') [1][0] OK
C:[26/11/2018 10:10:18.43][172.17.138.177][1430] SELECT par_cod_asig1,par_cod_asig2,par_cod_asig3 FROM tblaca009 WHERE pensum='5' AND c_uni_ca='2' AND c_asigna='322827' [1][0] OK
C:[26/11/2018 10:10:18.43][172.17.138.177][1430] SELECT par_cod_asig1,par_cod_asig2,par_cod_asig3 FROM tblaca009 WHERE pensum='5' AND c_uni_ca='2' AND c_asigna='300956' [1][0] OK
C:[26/11/2018 10:10:18.43][172.17.138.177][1430] SELECT par_cod_asig1,par_cod_asig2,par_cod_asig3 FROM tblaca009 WHERE pensum='5' AND c_uni_ca='2' AND c_asigna='322936' [1][0] OK
C:[26/11/2018 10:10:18.43][172.17.138.177][1430] SELECT par_cod_asig1,par_cod_asig2,par_cod_asig3 FROM tblaca009 WHERE pensum='5' AND c_uni_ca='2' AND c_asigna='300890' [1][0] OK
C:[26/11/2018 10:10:18.43][172.17.138.177][1430] SELECT par_cod_asig1,par_cod_asig2,par_cod_asig3 FROM tblaca009 WHERE pensum='5' AND c_uni_ca='2' AND c_asigna='322904' [1][0] OK
C:[26/11/2018 10:10:18.08][172.17.138.177][1560] SELECT horas_lab FROM tblaca008 WHERE c_asigna='322827' AND horas_teoricas > 0 [1][0] OK
C:[26/11/2018 10:40:24.20][172.17.141.164][1386] SELECT pre_cod_asig1,pre_cod_asig2,pre_cod_asig3,pre_cod_asig4,pre_cod_asig5,pre_cod_asig6,pre_cod_asig7 FROM tblaca009 WHERE pensum='5' AND c_uni_ca='5' AND c_asigna='351330' [1][0] OK
C:[26/11/2018 10:40:24.20][172.17.141.164][1399] SELECT c_asigna FROM dace004 WHERE exp_e='16-27190941' AND c_asigna='300218' AND status IN ('0','3','B') [1][0] OK
C:[26/11/2018 10:40:24.20][172.17.141.164][1386] SELECT pre_cod_asig1,pre_cod_asig2,pre_cod_asig3,pre_cod_asig4,pre_cod_asig5,pre_cod_asig6,pre_cod_asig7 FROM tblaca009 WHERE pensum='5' AND c_uni_ca='5' AND c_asigna='300318' [1][0] OK
C:[26/11/2018 10:40:24.20][172.17.141.164][1399] SELECT c_asigna FROM dace004 WHERE exp_e='16-27190941' AND c_asigna='300228' AND status IN ('0','3','B') [1][0] OK
C:[26/11/2018 10:40:24.20][172.17.141.164][1399] SELECT c_asigna FROM dace004 WHERE exp_e='16-27190941' AND c_asigna='300207' AND status IN ('0','3','B') [1][0] OK
C:[26/11/2018 10:40:24.20][172.17.141.164][1399] SELECT c_asigna FROM dace004 WHERE exp_e='16-27190941' AND c_asigna='300218' AND status IN ('0','3','B') [1][0] OK
C:[26/11/2018 10:40:24.20][172.17.141.164][1386] SELECT pre_cod_asig1,pre_cod_asig2,pre_cod_asig3,pre_cod_asig4,pre_cod_asig5,pre_cod_asig6,pre_cod_asig7 FROM tblaca009 WHERE pensum='5' AND c_uni_ca='5' AND c_asigna='300428' [1][0] OK
C:[26/11/2018 10:40:24.20][172.17.141.164][1399] SELECT c_asigna FROM dace004 WHERE exp_e='16-27190941' AND c_asigna='300317' AND status IN ('0','3','B') [1][0] OK
C:[26/11/2018 10:40:24.20][172.17.141.164][1399] SELECT c_asigna FROM dace004 WHERE exp_e='16-27190941' AND c_asigna='300209' AND status IN ('0','3','B') [1][0] OK
C:[26/11/2018 10:40:24.20][172.17.141.164][1386] SELECT pre_cod_asig1,pre_cod_asig2,pre_cod_asig3,pre_cod_asig4,pre_cod_asig5,pre_cod_asig6,pre_cod_asig7 FROM tblaca009 WHERE pensum='5' AND c_uni_ca='5' AND c_asigna='300313' [1][0] OK
C:[26/11/2018 10:40:24.20][172.17.141.164][1399] SELECT c_asigna FROM dace004 WHERE exp_e='16-27190941' AND c_asigna='300213' AND status IN ('0','3','B') [1][0] OK
C:[26/11/2018 10:40:24.20][172.17.141.164][1399] SELECT c_asigna FROM dace004 WHERE exp_e='16-27190941' AND c_asigna='300226' AND status IN ('0','3','B') [1][0] OK
C:[26/11/2018 10:40:24.20][172.17.141.164][1399] SELECT c_asigna FROM dace004 WHERE exp_e='16-27190941' AND c_asigna='300222' AND status IN ('0','3','B') [1][0] OK
C:[26/11/2018 10:40:24.20][172.17.141.164][1399] SELECT c_asigna FROM dace004 WHERE exp_e='16-27190941' AND c_asigna='300209' AND status IN ('0','3','B') [1][0] OK
C:[26/11/2018 10:40:24.20][172.17.141.164][1386] SELECT pre_cod_asig1,pre_cod_asig2,pre_cod_asig3,pre_cod_asig4,pre_cod_asig5,pre_cod_asig6,pre_cod_asig7 FROM tblaca009 WHERE pensum='5' AND c_uni_ca='5' AND c_asigna='352440' [1][0] OK
C:[26/11/2018 10:40:24.20][172.17.141.164][1399] SELECT c_asigna FROM dace004 WHERE exp_e='16-27190941' AND c_asigna='300317' AND status IN ('0','3','B') [1][0] OK
C:[26/11/2018 10:40:24.20][172.17.141.164][1399] SELECT c_asigna FROM dace004 WHERE exp_e='16-27190941' AND c_asigna='300013' AND status IN ('0','3','B') [1][0] OK
C:[26/11/2018 10:40:24.20][172.17.141.164][1399] SELECT c_asigna FROM dace004 WHERE exp_e='16-27190941' AND c_asigna='300113' AND status IN ('0','3','B') [1][0] OK
C:[26/11/2018 10:40:24.45][172.17.141.164][1430] SELECT par_cod_asig1,par_cod_asig2,par_cod_asig3 FROM tblaca009 WHERE pensum='5' AND c_uni_ca='5' AND c_asigna='351330' [1][0] OK
C:[26/11/2018 10:40:24.45][172.17.141.164][1444] SELECT c_asigna FROM dace004 WHERE exp_e='16-27190941' AND c_asigna='300318' AND status IN ('0','3','B','C') [0][0] OK
C:[26/11/2018 10:40:24.45][172.17.141.164][1444] SELECT c_asigna FROM dace004 WHERE exp_e='16-27190941' AND c_asigna='300317' AND status IN ('0','3','B','C') [1][0] OK
C:[26/11/2018 10:40:24.45][172.17.141.164][1430] SELECT par_cod_asig1,par_cod_asig2,par_cod_asig3 FROM tblaca009 WHERE pensum='5' AND c_uni_ca='5' AND c_asigna='300318' [1][0] OK
C:[26/11/2018 10:40:24.45][172.17.141.164][1430] SELECT par_cod_asig1,par_cod_asig2,par_cod_asig3 FROM tblaca009 WHERE pensum='5' AND c_uni_ca='5' AND c_asigna='300428' [1][0] OK
C:[26/11/2018 10:40:24.45][172.17.141.164][1430] SELECT par_cod_asig1,par_cod_asig2,par_cod_asig3 FROM tblaca009 WHERE pensum='5' AND c_uni_ca='5' AND c_asigna='300313' [1][0] OK
C:[26/11/2018 10:40:24.45][172.17.141.164][1430] SELECT par_cod_asig1,par_cod_asig2,par_cod_asig3 FROM tblaca009 WHERE pensum='5' AND c_uni_ca='5' AND c_asigna='352440' [1][0] OK
C:[26/11/2018 10:40:25.36][172.17.141.164][1560] SELECT horas_lab FROM tblaca008 WHERE c_asigna='351330' AND horas_teoricas > 0 [1][0] OK
C:[26/11/2018 11:01:12.65][172.17.138.177][1386] SELECT pre_cod_asig1,pre_cod_asig2,pre_cod_asig3,pre_cod_asig4,pre_cod_asig5,pre_cod_asig6,pre_cod_asig7 FROM tblaca009 WHERE pensum='5' AND c_uni_ca='5' AND c_asigna='352440' [1][0] OK
C:[26/11/2018 11:01:12.65][172.17.138.177][1399] SELECT c_asigna FROM dace004 WHERE exp_e='13-15467323' AND c_asigna='300317' AND status IN ('0','3','B') [1][0] OK
C:[26/11/2018 11:01:12.65][172.17.138.177][1399] SELECT c_asigna FROM dace004 WHERE exp_e='13-15467323' AND c_asigna='300013' AND status IN ('0','3','B') [1][0] OK
C:[26/11/2018 11:01:12.65][172.17.138.177][1399] SELECT c_asigna FROM dace004 WHERE exp_e='13-15467323' AND c_asigna='300113' AND status IN ('0','3','B') [1][0] OK
C:[26/11/2018 11:01:12.65][172.17.138.177][1386] SELECT pre_cod_asig1,pre_cod_asig2,pre_cod_asig3,pre_cod_asig4,pre_cod_asig5,pre_cod_asig6,pre_cod_asig7 FROM tblaca009 WHERE pensum='5' AND c_uni_ca='5' AND c_asigna='300313' [1][0] OK
C:[26/11/2018 11:01:12.65][172.17.138.177][1399] SELECT c_asigna FROM dace004 WHERE exp_e='13-15467323' AND c_asigna='300213' AND status IN ('0','3','B') [1][0] OK
C:[26/11/2018 11:01:12.65][172.17.138.177][1399] SELECT c_asigna FROM dace004 WHERE exp_e='13-15467323' AND c_asigna='300226' AND status IN ('0','3','B') [1][0] OK
C:[26/11/2018 11:01:12.65][172.17.138.177][1399] SELECT c_asigna FROM dace004 WHERE exp_e='13-15467323' AND c_asigna='300222' AND status IN ('0','3','B') [1][0] OK
C:[26/11/2018 11:01:12.65][172.17.138.177][1399] SELECT c_asigna FROM dace004 WHERE exp_e='13-15467323' AND c_asigna='300209' AND status IN ('0','3','B') [1][0] OK
C:[26/11/2018 11:01:12.65][172.17.138.177][1386] SELECT pre_cod_asig1,pre_cod_asig2,pre_cod_asig3,pre_cod_asig4,pre_cod_asig5,pre_cod_asig6,pre_cod_asig7 FROM tblaca009 WHERE pensum='5' AND c_uni_ca='5' AND c_asigna='355350' [1][0] OK
C:[26/11/2018 11:01:12.65][172.17.138.177][1399] SELECT c_asigna FROM dace004 WHERE exp_e='13-15467323' AND c_asigna='300207' AND status IN ('0','3','B') [1][0] OK
C:[26/11/2018 11:01:12.65][172.17.138.177][1399] SELECT c_asigna FROM dace004 WHERE exp_e='13-15467323' AND c_asigna='300228' AND status IN ('0','3','B') [1][0] OK
C:[26/11/2018 11:01:12.65][172.17.138.177][1386] SELECT pre_cod_asig1,pre_cod_asig2,pre_cod_asig3,pre_cod_asig4,pre_cod_asig5,pre_cod_asig6,pre_cod_asig7 FROM tblaca009 WHERE pensum='5' AND c_uni_ca='5' AND c_asigna='300318' [1][0] OK
C:[26/11/2018 11:01:12.65][172.17.138.177][1399] SELECT c_asigna FROM dace004 WHERE exp_e='13-15467323' AND c_asigna='300228' AND status IN ('0','3','B') [1][0] OK
C:[26/11/2018 11:01:12.65][172.17.138.177][1399] SELECT c_asigna FROM dace004 WHERE exp_e='13-15467323' AND c_asigna='300207' AND status IN ('0','3','B') [1][0] OK
C:[26/11/2018 11:01:12.65][172.17.138.177][1399] SELECT c_asigna FROM dace004 WHERE exp_e='13-15467323' AND c_asigna='300218' AND status IN ('0','3','B') [1][0] OK
C:[26/11/2018 11:01:12.65][172.17.138.177][1386] SELECT pre_cod_asig1,pre_cod_asig2,pre_cod_asig3,pre_cod_asig4,pre_cod_asig5,pre_cod_asig6,pre_cod_asig7 FROM tblaca009 WHERE pensum='5' AND c_uni_ca='5' AND c_asigna='351330' [1][0] OK
C:[26/11/2018 11:01:12.65][172.17.138.177][1399] SELECT c_asigna FROM dace004 WHERE exp_e='13-15467323' AND c_asigna='300218' AND status IN ('0','3','B') [1][0] OK
C:[26/11/2018 11:01:12.90][172.17.138.177][1430] SELECT par_cod_asig1,par_cod_asig2,par_cod_asig3 FROM tblaca009 WHERE pensum='5' AND c_uni_ca='5' AND c_asigna='352440' [1][0] OK
C:[26/11/2018 11:01:12.90][172.17.138.177][1430] SELECT par_cod_asig1,par_cod_asig2,par_cod_asig3 FROM tblaca009 WHERE pensum='5' AND c_uni_ca='5' AND c_asigna='300313' [1][0] OK
C:[26/11/2018 11:01:12.90][172.17.138.177][1430] SELECT par_cod_asig1,par_cod_asig2,par_cod_asig3 FROM tblaca009 WHERE pensum='5' AND c_uni_ca='5' AND c_asigna='355350' [1][0] OK
C:[26/11/2018 11:01:12.90][172.17.138.177][1430] SELECT par_cod_asig1,par_cod_asig2,par_cod_asig3 FROM tblaca009 WHERE pensum='5' AND c_uni_ca='5' AND c_asigna='300318' [1][0] OK
C:[26/11/2018 11:01:12.90][172.17.138.177][1430] SELECT par_cod_asig1,par_cod_asig2,par_cod_asig3 FROM tblaca009 WHERE pensum='5' AND c_uni_ca='5' AND c_asigna='351330' [1][0] OK
C:[26/11/2018 11:01:12.90][172.17.138.177][1444] SELECT c_asigna FROM dace004 WHERE exp_e='13-15467323' AND c_asigna='300318' AND status IN ('0','3','B','C') [0][0] OK
C:[26/11/2018 11:01:12.90][172.17.138.177][1444] SELECT c_asigna FROM dace004 WHERE exp_e='13-15467323' AND c_asigna='300317' AND status IN ('0','3','B','C') [1][0] OK
C:[26/11/2018 11:01:12.80][172.17.138.177][1560] SELECT horas_lab FROM tblaca008 WHERE c_asigna='352440' AND horas_teoricas > 0 [1][0] OK
C:[27/11/2018 10:04:54.74][172.16.4.40][1386] SELECT pre_cod_asig1,pre_cod_asig2,pre_cod_asig3,pre_cod_asig4,pre_cod_asig5,pre_cod_asig6,pre_cod_asig7 FROM tblaca009 WHERE pensum='5' AND c_uni_ca='3' AND c_asigna='300209' [1][0] OK
C:[27/11/2018 10:04:54.74][172.16.4.40][1399] SELECT c_asigna FROM dace004 WHERE exp_e='18-27158768' AND c_asigna='300101' AND status IN ('0','3','B') [1][0] OK
C:[27/11/2018 10:04:54.74][172.16.4.40][1386] SELECT pre_cod_asig1,pre_cod_asig2,pre_cod_asig3,pre_cod_asig4,pre_cod_asig5,pre_cod_asig6,pre_cod_asig7 FROM tblaca009 WHERE pensum='5' AND c_uni_ca='3' AND c_asigna='300213' [1][0] OK
C:[27/11/2018 10:04:54.74][172.16.4.40][1399] SELECT c_asigna FROM dace004 WHERE exp_e='18-27158768' AND c_asigna='300101' AND status IN ('0','3','B') [1][0] OK
C:[27/11/2018 10:04:54.74][172.16.4.40][1386] SELECT pre_cod_asig1,pre_cod_asig2,pre_cod_asig3,pre_cod_asig4,pre_cod_asig5,pre_cod_asig6,pre_cod_asig7 FROM tblaca009 WHERE pensum='5' AND c_uni_ca='3' AND c_asigna='300013' [1][0] OK
C:[27/11/2018 10:04:54.74][172.16.4.40][1386] SELECT pre_cod_asig1,pre_cod_asig2,pre_cod_asig3,pre_cod_asig4,pre_cod_asig5,pre_cod_asig6,pre_cod_asig7 FROM tblaca009 WHERE pensum='5' AND c_uni_ca='3' AND c_asigna='300112' [1][0] OK
C:[27/11/2018 10:04:54.74][172.16.4.40][1386] SELECT pre_cod_asig1,pre_cod_asig2,pre_cod_asig3,pre_cod_asig4,pre_cod_asig5,pre_cod_asig6,pre_cod_asig7 FROM tblaca009 WHERE pensum='5' AND c_uni_ca='3' AND c_asigna='300113' [1][0] OK
C:[27/11/2018 10:04:54.74][172.16.4.40][1386] SELECT pre_cod_asig1,pre_cod_asig2,pre_cod_asig3,pre_cod_asig4,pre_cod_asig5,pre_cod_asig6,pre_cod_asig7 FROM tblaca009 WHERE pensum='5' AND c_uni_ca='3' AND c_asigna='300116' [1][0] OK
C:[27/11/2018 10:04:54.74][172.16.4.40][1386] SELECT pre_cod_asig1,pre_cod_asig2,pre_cod_asig3,pre_cod_asig4,pre_cod_asig5,pre_cod_asig6,pre_cod_asig7 FROM tblaca009 WHERE pensum='5' AND c_uni_ca='3' AND c_asigna='300207' [1][0] OK
C:[27/11/2018 10:04:54.74][172.16.4.40][1399] SELECT c_asigna FROM dace004 WHERE exp_e='18-27158768' AND c_asigna='300101' AND status IN ('0','3','B') [1][0] OK
C:[27/11/2018 10:04:54.99][172.16.4.40][1430] SELECT par_cod_asig1,par_cod_asig2,par_cod_asig3 FROM tblaca009 WHERE pensum='5' AND c_uni_ca='3' AND c_asigna='300209' [1][0] OK
C:[27/11/2018 10:04:54.99][172.16.4.40][1430] SELECT par_cod_asig1,par_cod_asig2,par_cod_asig3 FROM tblaca009 WHERE pensum='5' AND c_uni_ca='3' AND c_asigna='300213' [1][0] OK
C:[27/11/2018 10:04:54.99][172.16.4.40][1444] SELECT c_asigna FROM dace004 WHERE exp_e='18-27158768' AND c_asigna='300209' AND status IN ('0','3','B','C') [0][0] OK
C:[27/11/2018 10:04:54.99][172.16.4.40][1430] SELECT par_cod_asig1,par_cod_asig2,par_cod_asig3 FROM tblaca009 WHERE pensum='5' AND c_uni_ca='3' AND c_asigna='300013' [1][0] OK
C:[27/11/2018 10:04:54.99][172.16.4.40][1430] SELECT par_cod_asig1,par_cod_asig2,par_cod_asig3 FROM tblaca009 WHERE pensum='5' AND c_uni_ca='3' AND c_asigna='300112' [1][0] OK
C:[27/11/2018 10:04:54.99][172.16.4.40][1430] SELECT par_cod_asig1,par_cod_asig2,par_cod_asig3 FROM tblaca009 WHERE pensum='5' AND c_uni_ca='3' AND c_asigna='300113' [1][0] OK
C:[27/11/2018 10:04:54.99][172.16.4.40][1444] SELECT c_asigna FROM dace004 WHERE exp_e='18-27158768' AND c_asigna='300013' AND status IN ('0','3','B','C') [0][0] OK
C:[27/11/2018 10:04:54.99][172.16.4.40][1430] SELECT par_cod_asig1,par_cod_asig2,par_cod_asig3 FROM tblaca009 WHERE pensum='5' AND c_uni_ca='3' AND c_asigna='300116' [1][0] OK
C:[27/11/2018 10:04:54.99][172.16.4.40][1430] SELECT par_cod_asig1,par_cod_asig2,par_cod_asig3 FROM tblaca009 WHERE pensum='5' AND c_uni_ca='3' AND c_asigna='300207' [1][0] OK
C:[27/11/2018 10:04:54.15][172.16.4.40][1560] SELECT horas_lab FROM tblaca008 WHERE c_asigna='300209' AND horas_teoricas > 0 [1][0] OK
C:[27/11/2018 10:04:54.15][172.16.4.40][1560] SELECT horas_lab FROM tblaca008 WHERE c_asigna='300213' AND horas_teoricas > 0 [1][0] OK
C:[27/11/2018 11:45:46.31][172.17.138.177][1386] SELECT pre_cod_asig1,pre_cod_asig2,pre_cod_asig3,pre_cod_asig4,pre_cod_asig5,pre_cod_asig6,pre_cod_asig7 FROM tblaca009 WHERE pensum='5' AND c_uni_ca='6' AND c_asigna='300218' [1][0] OK
C:[27/11/2018 11:45:46.31][172.17.138.177][1399] SELECT c_asigna FROM dace004 WHERE exp_e='18-27838459' AND c_asigna='300101' AND status IN ('0','3','B') [1][0] OK
C:[27/11/2018 11:45:46.31][172.17.138.177][1386] SELECT pre_cod_asig1,pre_cod_asig2,pre_cod_asig3,pre_cod_asig4,pre_cod_asig5,pre_cod_asig6,pre_cod_asig7 FROM tblaca009 WHERE pensum='5' AND c_uni_ca='6' AND c_asigna='300207' [1][0] OK
C:[27/11/2018 11:45:46.31][172.17.138.177][1399] SELECT c_asigna FROM dace004 WHERE exp_e='18-27838459' AND c_asigna='300101' AND status IN ('0','3','B') [1][0] OK
C:[27/11/2018 11:45:46.31][172.17.138.177][1386] SELECT pre_cod_asig1,pre_cod_asig2,pre_cod_asig3,pre_cod_asig4,pre_cod_asig5,pre_cod_asig6,pre_cod_asig7 FROM tblaca009 WHERE pensum='5' AND c_uni_ca='6' AND c_asigna='300209' [1][0] OK
C:[27/11/2018 11:45:46.31][172.17.138.177][1399] SELECT c_asigna FROM dace004 WHERE exp_e='18-27838459' AND c_asigna='300101' AND status IN ('0','3','B') [1][0] OK
C:[27/11/2018 11:45:46.31][172.17.138.177][1386] SELECT pre_cod_asig1,pre_cod_asig2,pre_cod_asig3,pre_cod_asig4,pre_cod_asig5,pre_cod_asig6,pre_cod_asig7 FROM tblaca009 WHERE pensum='5' AND c_uni_ca='6' AND c_asigna='300213' [1][0] OK
C:[27/11/2018 11:45:46.31][172.17.138.177][1399] SELECT c_asigna FROM dace004 WHERE exp_e='18-27838459' AND c_asigna='300101' AND status IN ('0','3','B') [1][0] OK
C:[27/11/2018 11:45:46.31][172.17.138.177][1386] SELECT pre_cod_asig1,pre_cod_asig2,pre_cod_asig3,pre_cod_asig4,pre_cod_asig5,pre_cod_asig6,pre_cod_asig7 FROM tblaca009 WHERE pensum='5' AND c_uni_ca='6' AND c_asigna='300222' [1][0] OK
C:[27/11/2018 11:45:46.31][172.17.138.177][1399] SELECT c_asigna FROM dace004 WHERE exp_e='18-27838459' AND c_asigna='300112' AND status IN ('0','3','B') [1][0] OK
C:[27/11/2018 11:45:46.31][172.17.138.177][1386] SELECT pre_cod_asig1,pre_cod_asig2,pre_cod_asig3,pre_cod_asig4,pre_cod_asig5,pre_cod_asig6,pre_cod_asig7 FROM tblaca009 WHERE pensum='5' AND c_uni_ca='6' AND c_asigna='300226' [1][0] OK
C:[27/11/2018 11:45:46.31][172.17.138.177][1399] SELECT c_asigna FROM dace004 WHERE exp_e='18-27838459' AND c_asigna='300116' AND status IN ('0','3','B') [1][0] OK
C:[27/11/2018 11:45:46.31][172.17.138.177][1386] SELECT pre_cod_asig1,pre_cod_asig2,pre_cod_asig3,pre_cod_asig4,pre_cod_asig5,pre_cod_asig6,pre_cod_asig7 FROM tblaca009 WHERE pensum='5' AND c_uni_ca='6' AND c_asigna='300228' [1][0] OK
C:[27/11/2018 11:45:46.31][172.17.138.177][1399] SELECT c_asigna FROM dace004 WHERE exp_e='18-27838459' AND c_asigna='300101' AND status IN ('0','3','B') [1][0] OK
C:[27/11/2018 11:45:47.05][172.17.138.177][1430] SELECT par_cod_asig1,par_cod_asig2,par_cod_asig3 FROM tblaca009 WHERE pensum='5' AND c_uni_ca='6' AND c_asigna='300218' [1][0] OK
C:[27/11/2018 11:45:47.05][172.17.138.177][1444] SELECT c_asigna FROM dace004 WHERE exp_e='18-27838459' AND c_asigna='300228' AND status IN ('0','3','B','C') [0][0] OK
C:[27/11/2018 11:45:47.05][172.17.138.177][1430] SELECT par_cod_asig1,par_cod_asig2,par_cod_asig3 FROM tblaca009 WHERE pensum='5' AND c_uni_ca='6' AND c_asigna='300207' [1][0] OK
C:[27/11/2018 11:45:47.05][172.17.138.177][1430] SELECT par_cod_asig1,par_cod_asig2,par_cod_asig3 FROM tblaca009 WHERE pensum='5' AND c_uni_ca='6' AND c_asigna='300209' [1][0] OK
C:[27/11/2018 11:45:47.05][172.17.138.177][1430] SELECT par_cod_asig1,par_cod_asig2,par_cod_asig3 FROM tblaca009 WHERE pensum='5' AND c_uni_ca='6' AND c_asigna='300213' [1][0] OK
C:[27/11/2018 11:45:47.05][172.17.138.177][1444] SELECT c_asigna FROM dace004 WHERE exp_e='18-27838459' AND c_asigna='300209' AND status IN ('0','3','B','C') [0][0] OK
C:[27/11/2018 11:45:47.05][172.17.138.177][1430] SELECT par_cod_asig1,par_cod_asig2,par_cod_asig3 FROM tblaca009 WHERE pensum='5' AND c_uni_ca='6' AND c_asigna='300222' [1][0] OK
C:[27/11/2018 11:45:47.05][172.17.138.177][1430] SELECT par_cod_asig1,par_cod_asig2,par_cod_asig3 FROM tblaca009 WHERE pensum='5' AND c_uni_ca='6' AND c_asigna='300226' [1][0] OK
C:[27/11/2018 11:45:47.05][172.17.138.177][1430] SELECT par_cod_asig1,par_cod_asig2,par_cod_asig3 FROM tblaca009 WHERE pensum='5' AND c_uni_ca='6' AND c_asigna='300228' [1][0] OK
C:[27/11/2018 11:45:47.23][172.17.138.177][1560] SELECT horas_lab FROM tblaca008 WHERE c_asigna='300218' AND horas_teoricas > 0 [0][0] OK
C:[27/11/2018 11:59:52.81][172.16.5.214][1386] SELECT pre_cod_asig1,pre_cod_asig2,pre_cod_asig3,pre_cod_asig4,pre_cod_asig5,pre_cod_asig6,pre_cod_asig7 FROM tblaca009 WHERE pensum='5' AND c_uni_ca='4' AND c_asigna='300314' [1][0] OK
C:[27/11/2018 11:59:52.81][172.16.5.214][1399] SELECT c_asigna FROM dace004 WHERE exp_e='18-28375757' AND c_asigna='300106' AND status IN ('0','3','B') [1][0] OK
C:[27/11/2018 11:59:52.81][172.16.5.214][1386] SELECT pre_cod_asig1,pre_cod_asig2,pre_cod_asig3,pre_cod_asig4,pre_cod_asig5,pre_cod_asig6,pre_cod_asig7 FROM tblaca009 WHERE pensum='5' AND c_uni_ca='4' AND c_asigna='300209' [1][0] OK
C:[27/11/2018 11:59:52.81][172.16.5.214][1399] SELECT c_asigna FROM dace004 WHERE exp_e='18-28375757' AND c_asigna='300101' AND status IN ('0','3','B') [1][0] OK
C:[27/11/2018 11:59:52.81][172.16.5.214][1386] SELECT pre_cod_asig1,pre_cod_asig2,pre_cod_asig3,pre_cod_asig4,pre_cod_asig5,pre_cod_asig6,pre_cod_asig7 FROM tblaca009 WHERE pensum='5' AND c_uni_ca='4' AND c_asigna='300218' [1][0] OK
C:[27/11/2018 11:59:52.81][172.16.5.214][1399] SELECT c_asigna FROM dace004 WHERE exp_e='18-28375757' AND c_asigna='300101' AND status IN ('0','3','B') [1][0] OK
C:[27/11/2018 11:59:52.81][172.16.5.214][1386] SELECT pre_cod_asig1,pre_cod_asig2,pre_cod_asig3,pre_cod_asig4,pre_cod_asig5,pre_cod_asig6,pre_cod_asig7 FROM tblaca009 WHERE pensum='5' AND c_uni_ca='4' AND c_asigna='300228' [1][0] OK
C:[27/11/2018 11:59:52.81][172.16.5.214][1399] SELECT c_asigna FROM dace004 WHERE exp_e='18-28375757' AND c_asigna='300101' AND status IN ('0','3','B') [1][0] OK
C:[27/11/2018 11:59:52.81][172.16.5.214][1386] SELECT pre_cod_asig1,pre_cod_asig2,pre_cod_asig3,pre_cod_asig4,pre_cod_asig5,pre_cod_asig6,pre_cod_asig7 FROM tblaca009 WHERE pensum='5' AND c_uni_ca='4' AND c_asigna='300213' [1][0] OK
C:[27/11/2018 11:59:52.81][172.16.5.214][1399] SELECT c_asigna FROM dace004 WHERE exp_e='18-28375757' AND c_asigna='300101' AND status IN ('0','3','B') [1][0] OK
C:[27/11/2018 11:59:52.81][172.16.5.214][1386] SELECT pre_cod_asig1,pre_cod_asig2,pre_cod_asig3,pre_cod_asig4,pre_cod_asig5,pre_cod_asig6,pre_cod_asig7 FROM tblaca009 WHERE pensum='5' AND c_uni_ca='4' AND c_asigna='330310' [1][0] OK
C:[27/11/2018 11:59:52.81][172.16.5.214][1399] SELECT c_asigna FROM dace004 WHERE exp_e='18-28375757' AND c_asigna='300013' AND status IN ('0','3','B') [1][0] OK
C:[27/11/2018 11:59:52.81][172.16.5.214][1399] SELECT c_asigna FROM dace004 WHERE exp_e='18-28375757' AND c_asigna='300113' AND status IN ('0','3','B') [1][0] OK
C:[27/11/2018 11:59:52.81][172.16.5.214][1386] SELECT pre_cod_asig1,pre_cod_asig2,pre_cod_asig3,pre_cod_asig4,pre_cod_asig5,pre_cod_asig6,pre_cod_asig7 FROM tblaca009 WHERE pensum='5' AND c_uni_ca='4' AND c_asigna='333326' [1][0] OK
C:[27/11/2018 11:59:52.43][172.16.5.214][1430] SELECT par_cod_asig1,par_cod_asig2,par_cod_asig3 FROM tblaca009 WHERE pensum='5' AND c_uni_ca='4' AND c_asigna='300314' [1][0] OK
C:[27/11/2018 11:59:52.43][172.16.5.214][1430] SELECT par_cod_asig1,par_cod_asig2,par_cod_asig3 FROM tblaca009 WHERE pensum='5' AND c_uni_ca='4' AND c_asigna='300209' [1][0] OK
C:[27/11/2018 11:59:52.43][172.16.5.214][1430] SELECT par_cod_asig1,par_cod_asig2,par_cod_asig3 FROM tblaca009 WHERE pensum='5' AND c_uni_ca='4' AND c_asigna='300218' [1][0] OK
C:[27/11/2018 11:59:52.43][172.16.5.214][1444] SELECT c_asigna FROM dace004 WHERE exp_e='18-28375757' AND c_asigna='300228' AND status IN ('0','3','B','C') [0][0] OK
C:[27/11/2018 11:59:52.43][172.16.5.214][1430] SELECT par_cod_asig1,par_cod_asig2,par_cod_asig3 FROM tblaca009 WHERE pensum='5' AND c_uni_ca='4' AND c_asigna='300228' [1][0] OK
C:[27/11/2018 11:59:52.43][172.16.5.214][1430] SELECT par_cod_asig1,par_cod_asig2,par_cod_asig3 FROM tblaca009 WHERE pensum='5' AND c_uni_ca='4' AND c_asigna='300213' [1][0] OK
C:[27/11/2018 11:59:52.43][172.16.5.214][1444] SELECT c_asigna FROM dace004 WHERE exp_e='18-28375757' AND c_asigna='300209' AND status IN ('0','3','B','C') [0][0] OK
C:[27/11/2018 11:59:52.43][172.16.5.214][1430] SELECT par_cod_asig1,par_cod_asig2,par_cod_asig3 FROM tblaca009 WHERE pensum='5' AND c_uni_ca='4' AND c_asigna='330310' [1][0] OK
C:[27/11/2018 11:59:52.43][172.16.5.214][1430] SELECT par_cod_asig1,par_cod_asig2,par_cod_asig3 FROM tblaca009 WHERE pensum='5' AND c_uni_ca='4' AND c_asigna='333326' [1][0] OK
C:[27/11/2018 11:59:53.09][172.16.5.214][1560] SELECT horas_lab FROM tblaca008 WHERE c_asigna='300314' AND horas_teoricas > 0 [0][0] OK
C:[28/11/2018 12:17:17.03][172.16.5.95][1386] SELECT pre_cod_asig1,pre_cod_asig2,pre_cod_asig3,pre_cod_asig4,pre_cod_asig5,pre_cod_asig6,pre_cod_asig7 FROM tblaca009 WHERE pensum='5' AND c_uni_ca='3' AND c_asigna='311775' [1][0] OK
C:[28/11/2018 12:17:17.03][172.16.5.95][1399] SELECT c_asigna FROM dace004 WHERE exp_e='12-24795608' AND c_asigna='311655' AND status IN ('0','3','B') [1][0] OK
C:[28/11/2018 12:17:17.03][172.16.5.95][1386] SELECT pre_cod_asig1,pre_cod_asig2,pre_cod_asig3,pre_cod_asig4,pre_cod_asig5,pre_cod_asig6,pre_cod_asig7 FROM tblaca009 WHERE pensum='5' AND c_uni_ca='3' AND c_asigna='300677' [1][0] OK
C:[28/11/2018 12:17:17.03][172.16.5.95][1386] SELECT pre_cod_asig1,pre_cod_asig2,pre_cod_asig3,pre_cod_asig4,pre_cod_asig5,pre_cod_asig6,pre_cod_asig7 FROM tblaca009 WHERE pensum='5' AND c_uni_ca='3' AND c_asigna='311796' [1][0] OK
C:[28/11/2018 12:17:17.03][172.16.5.95][1399] SELECT c_asigna FROM dace004 WHERE exp_e='12-24795608' AND c_asigna='315671' AND status IN ('0','3','B') [1][0] OK
C:[28/11/2018 12:17:17.03][172.16.5.95][1386] SELECT pre_cod_asig1,pre_cod_asig2,pre_cod_asig3,pre_cod_asig4,pre_cod_asig5,pre_cod_asig6,pre_cod_asig7 FROM tblaca009 WHERE pensum='5' AND c_uni_ca='3' AND c_asigna='311799' [1][0] OK
C:[28/11/2018 12:17:17.03][172.16.5.95][1399] SELECT c_asigna FROM dace004 WHERE exp_e='12-24795608' AND c_asigna='311673' AND status IN ('0','3','B') [1][0] OK
C:[28/11/2018 12:17:17.03][172.16.5.95][1386] SELECT pre_cod_asig1,pre_cod_asig2,pre_cod_asig3,pre_cod_asig4,pre_cod_asig5,pre_cod_asig6,pre_cod_asig7 FROM tblaca009 WHERE pensum='5' AND c_uni_ca='3' AND c_asigna='311823' [1][0] OK
C:[28/11/2018 12:17:17.03][172.16.5.95][1399] SELECT c_asigna FROM dace004 WHERE exp_e='12-24795608' AND c_asigna='311795' AND status IN ('0','3','B') [1][0] OK
C:[28/11/2018 12:17:17.03][172.16.5.95][1386] SELECT pre_cod_asig1,pre_cod_asig2,pre_cod_asig3,pre_cod_asig4,pre_cod_asig5,pre_cod_asig6,pre_cod_asig7 FROM tblaca009 WHERE pensum='5' AND c_uni_ca='3' AND c_asigna='311827' [1][0] OK
C:[28/11/2018 12:17:17.03][172.16.5.95][1399] SELECT c_asigna FROM dace004 WHERE exp_e='12-24795608' AND c_asigna='311704' AND status IN ('0','3','B') [1][0] OK
C:[28/11/2018 12:17:17.41][172.16.5.95][1430] SELECT par_cod_asig1,par_cod_asig2,par_cod_asig3 FROM tblaca009 WHERE pensum='5' AND c_uni_ca='3' AND c_asigna='311775' [1][0] OK
C:[28/11/2018 12:17:17.41][172.16.5.95][1430] SELECT par_cod_asig1,par_cod_asig2,par_cod_asig3 FROM tblaca009 WHERE pensum='5' AND c_uni_ca='3' AND c_asigna='300677' [1][0] OK
C:[28/11/2018 12:17:17.41][172.16.5.95][1430] SELECT par_cod_asig1,par_cod_asig2,par_cod_asig3 FROM tblaca009 WHERE pensum='5' AND c_uni_ca='3' AND c_asigna='311796' [1][0] OK
C:[28/11/2018 12:17:17.41][172.16.5.95][1430] SELECT par_cod_asig1,par_cod_asig2,par_cod_asig3 FROM tblaca009 WHERE pensum='5' AND c_uni_ca='3' AND c_asigna='311799' [1][0] OK
C:[28/11/2018 12:17:17.41][172.16.5.95][1430] SELECT par_cod_asig1,par_cod_asig2,par_cod_asig3 FROM tblaca009 WHERE pensum='5' AND c_uni_ca='3' AND c_asigna='311823' [1][0] OK
C:[28/11/2018 12:17:17.41][172.16.5.95][1430] SELECT par_cod_asig1,par_cod_asig2,par_cod_asig3 FROM tblaca009 WHERE pensum='5' AND c_uni_ca='3' AND c_asigna='311827' [1][0] OK
C:[28/11/2018 12:17:17.19][172.16.5.95][1560] SELECT horas_lab FROM tblaca008 WHERE c_asigna='311775' AND horas_teoricas > 0 [1][0] OK
C:[28/11/2018 12:44:37.41][172.17.138.177][1386] SELECT pre_cod_asig1,pre_cod_asig2,pre_cod_asig3,pre_cod_asig4,pre_cod_asig5,pre_cod_asig6,pre_cod_asig7 FROM tblaca009 WHERE pensum='5' AND c_uni_ca='2' AND c_asigna='322827' [1][0] OK
C:[28/11/2018 12:44:37.41][172.17.138.177][1399] SELECT c_asigna FROM dace004 WHERE exp_e='11-24848460' AND c_asigna='322703' AND status IN ('0','3','B') [1][0] OK
C:[28/11/2018 12:44:37.41][172.17.138.177][1399] SELECT c_asigna FROM dace004 WHERE exp_e='11-24848460' AND c_asigna='322782' AND status IN ('0','3','B') [1][0] OK
C:[28/11/2018 12:44:37.41][172.17.138.177][1399] SELECT c_asigna FROM dace004 WHERE exp_e='11-24848460' AND c_asigna='322449' AND status IN ('0','3','B') [1][0] OK
C:[28/11/2018 12:44:37.41][172.17.138.177][1386] SELECT pre_cod_asig1,pre_cod_asig2,pre_cod_asig3,pre_cod_asig4,pre_cod_asig5,pre_cod_asig6,pre_cod_asig7 FROM tblaca009 WHERE pensum='5' AND c_uni_ca='2' AND c_asigna='322939' [1][0] OK
C:[28/11/2018 12:44:37.41][172.17.138.177][1399] SELECT c_asigna FROM dace004 WHERE exp_e='11-24848460' AND c_asigna='322728' AND status IN ('0','3','B') [1][0] OK
C:[28/11/2018 12:44:37.41][172.17.138.177][1399] SELECT c_asigna FROM dace004 WHERE exp_e='11-24848460' AND c_asigna='324862' AND status IN ('0','3','B') [1][0] OK
C:[28/11/2018 12:44:37.17][172.17.138.177][1430] SELECT par_cod_asig1,par_cod_asig2,par_cod_asig3 FROM tblaca009 WHERE pensum='5' AND c_uni_ca='2' AND c_asigna='322827' [1][0] OK
C:[28/11/2018 12:44:37.17][172.17.138.177][1430] SELECT par_cod_asig1,par_cod_asig2,par_cod_asig3 FROM tblaca009 WHERE pensum='5' AND c_uni_ca='2' AND c_asigna='322939' [1][0] OK
C:[28/11/2018 12:44:37.17][172.17.138.177][1444] SELECT c_asigna FROM dace004 WHERE exp_e='11-24848460' AND c_asigna='300956' AND status IN ('0','3','B','C') [1][0] OK
C:[28/11/2018 12:44:37.56][172.17.138.177][1560] SELECT horas_lab FROM tblaca008 WHERE c_asigna='322827' AND horas_teoricas > 0 [1][0] OK
C:[28/11/2018 12:47:08.74][172.17.125.98][1386] SELECT pre_cod_asig1,pre_cod_asig2,pre_cod_asig3,pre_cod_asig4,pre_cod_asig5,pre_cod_asig6,pre_cod_asig7 FROM tblaca009 WHERE pensum='5' AND c_uni_ca='6' AND c_asigna='342436' [1][0] OK
C:[28/11/2018 12:47:08.74][172.17.125.98][1399] SELECT c_asigna FROM dace004 WHERE exp_e='10-20885530' AND c_asigna='300318' AND status IN ('0','3','B') [1][0] OK
C:[28/11/2018 12:47:08.74][172.17.125.98][1399] SELECT c_asigna FROM dace004 WHERE exp_e='10-20885530' AND c_asigna='300317' AND status IN ('0','3','B') [1][0] OK
C:[28/11/2018 12:47:08.74][172.17.125.98][1386] SELECT pre_cod_asig1,pre_cod_asig2,pre_cod_asig3,pre_cod_asig4,pre_cod_asig5,pre_cod_asig6,pre_cod_asig7 FROM tblaca009 WHERE pensum='5' AND c_uni_ca='6' AND c_asigna='300422' [1][0] OK
C:[28/11/2018 12:47:08.74][172.17.125.98][1399] SELECT c_asigna FROM dace004 WHERE exp_e='10-20885530' AND c_asigna='300105' AND status IN ('0','3','B') [1][0] OK
C:[28/11/2018 12:47:08.74][172.17.125.98][1399] SELECT c_asigna FROM dace004 WHERE exp_e='10-20885530' AND c_asigna='300314' AND status IN ('0','3','B') [1][0] OK
C:[28/11/2018 12:47:08.74][172.17.125.98][1386] SELECT pre_cod_asig1,pre_cod_asig2,pre_cod_asig3,pre_cod_asig4,pre_cod_asig5,pre_cod_asig6,pre_cod_asig7 FROM tblaca009 WHERE pensum='5' AND c_uni_ca='6' AND c_asigna='300428' [1][0] OK
C:[28/11/2018 12:47:08.74][172.17.125.98][1399] SELECT c_asigna FROM dace004 WHERE exp_e='10-20885530' AND c_asigna='300317' AND status IN ('0','3','B') [1][0] OK
C:[28/11/2018 12:47:08.74][172.17.125.98][1399] SELECT c_asigna FROM dace004 WHERE exp_e='10-20885530' AND c_asigna='300209' AND status IN ('0','3','B') [1][0] OK
C:[28/11/2018 12:47:08.74][172.17.125.98][1386] SELECT pre_cod_asig1,pre_cod_asig2,pre_cod_asig3,pre_cod_asig4,pre_cod_asig5,pre_cod_asig6,pre_cod_asig7 FROM tblaca009 WHERE pensum='5' AND c_uni_ca='6' AND c_asigna='344446' [1][0] OK
C:[28/11/2018 12:47:08.74][172.17.125.98][1399] SELECT c_asigna FROM dace004 WHERE exp_e='10-20885530' AND c_asigna='300317' AND status IN ('0','3','B') [1][0] OK
C:[28/11/2018 12:47:08.74][172.17.125.98][1399] SELECT c_asigna FROM dace004 WHERE exp_e='10-20885530' AND c_asigna='300313' AND status IN ('0','3','B') [1][0] OK
C:[28/11/2018 12:47:08.74][172.17.125.98][1399] SELECT c_asigna FROM dace004 WHERE exp_e='10-20885530' AND c_asigna='300209' AND status IN ('0','3','B') [1][0] OK
C:[28/11/2018 12:47:08.74][172.17.125.98][1399] SELECT c_asigna FROM dace004 WHERE exp_e='10-20885530' AND c_asigna='300222' AND status IN ('0','3','B') [1][0] OK
C:[28/11/2018 12:47:08.74][172.17.125.98][1399] SELECT c_asigna FROM dace004 WHERE exp_e='10-20885530' AND c_asigna='300226' AND status IN ('0','3','B') [1][0] OK
C:[28/11/2018 12:47:08.74][172.17.125.98][1386] SELECT pre_cod_asig1,pre_cod_asig2,pre_cod_asig3,pre_cod_asig4,pre_cod_asig5,pre_cod_asig6,pre_cod_asig7 FROM tblaca009 WHERE pensum='5' AND c_uni_ca='6' AND c_asigna='344445' [1][0] OK
C:[28/11/2018 12:47:09.27][172.17.125.98][1430] SELECT par_cod_asig1,par_cod_asig2,par_cod_asig3 FROM tblaca009 WHERE pensum='5' AND c_uni_ca='6' AND c_asigna='342436' [1][0] OK
C:[28/11/2018 12:47:09.27][172.17.125.98][1430] SELECT par_cod_asig1,par_cod_asig2,par_cod_asig3 FROM tblaca009 WHERE pensum='5' AND c_uni_ca='6' AND c_asigna='300422' [1][0] OK
C:[28/11/2018 12:47:09.27][172.17.125.98][1430] SELECT par_cod_asig1,par_cod_asig2,par_cod_asig3 FROM tblaca009 WHERE pensum='5' AND c_uni_ca='6' AND c_asigna='300428' [1][0] OK
C:[28/11/2018 12:47:09.27][172.17.125.98][1430] SELECT par_cod_asig1,par_cod_asig2,par_cod_asig3 FROM tblaca009 WHERE pensum='5' AND c_uni_ca='6' AND c_asigna='344446' [1][0] OK
C:[28/11/2018 12:47:09.27][172.17.125.98][1430] SELECT par_cod_asig1,par_cod_asig2,par_cod_asig3 FROM tblaca009 WHERE pensum='5' AND c_uni_ca='6' AND c_asigna='344445' [1][0] OK
C:[28/11/2018 12:47:09.08][172.17.125.98][1560] SELECT horas_lab FROM tblaca008 WHERE c_asigna='342436' AND horas_teoricas > 0 [1][0] OK
